### solver=cuopt-base
### instance=/home/scratch.cmaes_sw/hans_lps/stp3d.original.mps
### n_gpus=1
### CUDA_VISIBLE_DEVICES=0
### started=2026-07-31T16:57:17.324911
### argv=/home/scratch.vmostovoi_gpu/mostovoi_cuopt/cpp/build/cuopt_cli --method 1 --mps-reader experimental-fast --time-limit 3600 --iteration-limit 1000000000 --relative-primal-tolerance 1e-6 --relative-dual-tolerance 1e-6 --relative-gap-tolerance 1e-6 --log-to-console true /home/scratch.cmaes_sw/hans_lps/stp3d.original.mps
### --- solver output ---
Setting parameter iteration_limit to 1000000000
Setting parameter log_to_console to true
Setting parameter method to 1
Setting parameter relative_dual_tolerance to 1.000000e-06
Setting parameter relative_gap_tolerance to 1.000000e-06
Setting parameter relative_primal_tolerance to 1.000000e-06
Setting parameter time_limit to 3.600000e+03
Reading file stp3d.original.mps
Using experimental fast MPS parser for '/home/scratch.cmaes_sw/hans_lps/stp3d.original.mps'
Read file stp3d.original.mps in 0.05 seconds
cuOpt version: 26.8.0, git hash: 7116ead1, host arch: x86_64, device archs: 100a-real
CPU: INTEL(R) XEON(R) PLATINUM 8570, threads (physical/logical): 112/224, RAM: 1720.97 GiB
CUDA 13.3, device: NVIDIA B200 (ID 0), VRAM: 178.34 GiB
CUDA device UUID: 9cf5855e-0d9f-8a57-2857-ca9eac5a3446
Solving a problem with 159488 constraints, 204880 variables (204880 integers), and 662128 nonzeros
Problem scaling:
Objective coefficents range:          [1e+00, 1e+00]
Constraint matrix coefficients range: [1e+00, 1e+00]
Constraint rhs / bounds range:        [1e+00, 1e+00]
Variable bounds range:                [0e+00, 1e+00]

MIP row scaling completed

Running Papilo presolve (git hash 0cfea20c)
Presolve status: reduced the problem
Presolve removed: 28282 constraints, 36355 variables, 111835 nonzeros
Presolved problem: 131206 constraints, 168525 variables (168525 integer), 550293 nonzeros
Papilo presolve time: 60.72
Objective offset 40.063960 scaling_factor 1.000000
Model fingerprint: 0xd0f762e1

Running cuOpt presolve
Running probing cache with 27 tasks
After cuOpt presolve: 131206 constraints, 168525 variables, objective offset 40.063960.
cuOpt presolve time: 60.22

Running symmetry detection...
Graph construction time 0.043330
Automorphism group size 1*10^0, 0 dejavu generators (0 move variables)
Dejavu time 0.100311
Projected 0 generators onto 168525 binary variables (0 skipped non-binary), 0 stored
Total symmetry detection time 0.144044
No exploitable symmetry found (0 generators, 0 non-trivial orbits, max orbit size 0)

Probing implied bounds: 86668 zero entries, 13407892 one entries
Computing variable bounds...
550293 variable upper bounds in 0.02s
212514 variable lower bounds in 0.02s


Solving LP root relaxation in concurrent mode
Skipping column scaling
Dual Simplex Phase 1
Dual feasible solution found.
Dual Simplex Phase 2
 Iter     Objective           Num Inf.  Sum Inf.     Perturb  Time
    0 +3.9061950000000010e+01     148 1.51000000e+02 0.00e+00 122.18
    1 +4.1064270000000008e+01     147 1.50000000e+02 0.00e+00 122.18
 1000 +1.1317981000000005e+02     215 2.15000000e+02 0.00e+00 122.18
 2000 +1.5921295000000001e+02     363 4.50000000e+02 0.00e+00 122.22
 3000 +1.7827528999999967e+02     351 3.96000000e+02 0.00e+00 122.25
 4000 +2.0827996999999965e+02     346 4.67000000e+02 0.00e+00 122.29
 5000 +2.2279966166666597e+02     377 7.80000000e+02 0.00e+00 122.32
 6000 +2.3433096166666559e+02     529 6.51000000e+02 0.00e+00 122.37
 7000 +2.4337018666666560e+02     500 5.95000000e+02 0.00e+00 122.42
 8000 +2.5039694916666528e+02     805 1.01275000e+03 0.00e+00 122.50
 9000 +2.6065484999999740e+02     794 1.07925000e+03 0.00e+00 122.63
10000 +2.7264065499999589e+02    1205 6.30975000e+03 0.00e+00 122.73
11000 +2.7650377583332943e+02    1082 1.65577000e+03 0.00e+00 122.88
12000 +2.8650660972334362e+02    1223 7.54265625e+03 0.00e+00 123.00
13000 +2.9748977079477146e+02    1412 7.17319444e+03 0.00e+00 123.16
14000 +3.0027676190588488e+02    1678 8.35016506e+03 0.00e+00 123.38
15000 +3.0446015225310725e+02    2016 1.07352553e+04 0.00e+00 123.68
16000 +3.0853750678421943e+02    2458 2.32316030e+04 0.00e+00 124.02
17000 +3.1084924155465563e+02    2696 9.06174026e+04 0.00e+00 124.53
18000 +3.1389245604601535e+02    2968 1.42249785e+06 0.00e+00 124.98
19000 +3.1992455427518115e+02    3147 1.95834360e+06 0.00e+00 125.28
20000 +3.2209928828559703e+02    3392 2.28578064e+06 0.00e+00 125.58
21000 +3.3021950349260686e+02    3208 9.07976917e+05 0.00e+00 125.88
22000 +3.3459201774066219e+02    3821 1.51956300e+08 0.00e+00 126.33
23000 +3.4251131414614241e+02    3439 8.70143173e+05 0.00e+00 126.72
24000 +3.4882945266510768e+02    3649 9.51473651e+06 0.00e+00 127.06
25000 +3.5318511970263160e+02    3457 1.59379295e+06 0.00e+00 127.52
26000 +3.5550814657565104e+02    4162 3.90366799e+09 0.00e+00 128.21
27000 +3.5844644517634242e+02    4695 1.86160559e+07 0.00e+00 128.91
28000 +3.6257429496926994e+02    3894 7.98762317e+04 0.00e+00 129.52
29000 +3.6473624124923077e+02    4052 1.09519558e+04 1.00e-07 130.25
30000 +3.7228707753435162e+02    5298 1.56092293e+08 0.00e+00 130.75
31000 +3.7503799947930383e+02    4740 1.24594854e+05 0.00e+00 131.35
32000 +3.7851096158209077e+02    4694 6.31165890e+04 1.00e-07 132.11
33000 +3.8078960820872379e+02    4939 5.20816074e+05 1.00e-07 132.81
34000 +3.8716096129205971e+02    5479 5.44990376e+05 0.00e+00 133.40
35000 +3.8861097888070344e+02    5415 1.60687312e+06 0.00e+00 134.18
36000 +3.9449632636438105e+02    5113 1.07505781e+05 0.00e+00 134.83
37000 +3.9626205224146855e+02    5407 9.46784959e+05 1.00e-07 135.46
38000 +4.0179525428883466e+02    6152 2.13735345e+07 0.00e+00 136.19
39000 +4.0604901617508705e+02    4847 7.65052131e+05 0.00e+00 137.01
40000 +4.1402432953464694e+02    4578 2.21041142e+04 0.00e+00 137.71
41000 +4.1750751341673970e+02    4953 2.73217821e+04 0.00e+00 138.50
42000 +4.2120708467852097e+02    6908 2.52402562e+05 0.00e+00 139.64
43000 +4.2504662263923382e+02    6997 7.01014379e+05 0.00e+00 140.91
44000 +4.2683904718365812e+02    7210 2.36935729e+07 3.00e-07 142.07
45000 +4.2810066792950659e+02    6767 1.10110047e+06 0.00e+00 143.32
46000 +4.3100348296990006e+02    6867 4.73831901e+05 0.00e+00 144.79
47000 +4.3249995867788840e+02    8072 6.28583323e+07 0.00e+00 146.25
48000 +4.3513978564106202e+02    7373 2.82160258e+06 0.00e+00 147.56
49000 +4.3552860815310709e+02    7067 5.25909959e+07 0.00e+00 149.24
50000 +4.3654285321489959e+02    7099 9.18577288e+07 0.00e+00 151.02
51000 +4.3695022002573501e+02    6892 9.97327347e+05 1.00e-07 152.91
52000 +4.3806858242601641e+02    6695 4.98968786e+05 0.00e+00 153.99
53000 +4.3854721981465036e+02    7299 3.73590715e+06 0.00e+00 155.81
54000 +4.3885747137782022e+02    7067 2.82860711e+06 1.00e-07 157.58
55000 +4.3916179988201520e+02    7228 7.99086418e+06 0.00e+00 159.47
56000 +4.3980635987489990e+02    8285 1.04630983e+07 0.00e+00 161.40
57000 +4.4082246795865478e+02    8885 1.72313010e+08 1.00e-07 163.46
58000 +4.4157942443316961e+02    8870 5.85225888e+08 0.00e+00 165.59
59000 +4.4221931205951603e+02    8029 3.34018513e+07 0.00e+00 167.98
60000 +4.4280185007821694e+02    8602 4.20819252e+09 0.00e+00 170.23
61000 +4.4314743268359484e+02    7578 7.53434685e+07 0.00e+00 172.52
62000 +4.4333296416825277e+02    7706 9.40876783e+07 2.00e-07 175.14
63000 +4.4370116781955147e+02    8271 1.07484194e+08 0.00e+00 177.53
64000 +4.4377127438180599e+02    6044 3.69064536e+04 0.00e+00 180.23
65000 +4.4395071760196265e+02    6093 6.97012087e+04 0.00e+00 183.17
66000 +4.4400699725994923e+02    8910 6.25453412e+07 0.00e+00 185.70
67000 +4.4402648167877936e+02    6702 1.00023613e+06 0.00e+00 188.80
68000 +4.4421304276031253e+02    6990 6.60118871e+04 0.00e+00 191.38
69000 +4.4425880956669994e+02    6202 1.67348131e+04 0.00e+00 194.64
70000 +4.4438325381291924e+02    8297 3.46995664e+05 0.00e+00 197.47
71000 +4.4448608427142841e+02    8800 2.28666527e+06 1.00e-07 200.44
72000 +4.4452119356256839e+02    7183 1.90441892e+04 0.00e+00 203.50
73000 +4.4456141813042024e+02    8118 3.58558200e+05 0.00e+00 206.55
74000 +4.4459865325316883e+02    8003 4.60524918e+06 0.00e+00 209.79
75000 +4.4466709215192327e+02    8286 1.76668071e+07 0.00e+00 213.08
76000 +4.4473613104149206e+02    8847 1.18965694e+06 0.00e+00 216.06
77000 +4.4476127454443764e+02    6493 3.39555379e+04 1.00e-07 219.51
78000 +4.4479324537569784e+02    8795 7.39689551e+05 0.00e+00 222.43
79000 +4.4486441132888729e+02    9454 8.68792421e+06 0.00e+00 225.08
80000 +4.4520986559467667e+02    9640 9.64568106e+08 1.00e-07 227.46
81000 +4.4535853285050865e+02    7311 2.05012639e+05 0.00e+00 230.73
82000 +4.4538970985401346e+02    7577 1.58602941e+05 0.00e+00 234.27
83000 +4.4541531551629112e+02    9272 2.29565154e+07 0.00e+00 238.14
84000 +4.4545221206686432e+02    7311 8.01135918e+04 0.00e+00 241.64
85000 +4.4549867612085393e+02    7481 1.58996828e+05 0.00e+00 245.19
86000 +4.4553492293648765e+02   10286 6.09796430e+06 1.00e-07 248.89
87000 +4.4556375449112375e+02    9833 2.58546683e+06 0.00e+00 252.64
88000 +4.4559318053032081e+02    7655 7.58471007e+04 2.00e-07 256.47
89000 +4.4561138209906306e+02    7868 4.47780665e+05 1.00e-07 260.39
90000 +4.4562860255946947e+02    7450 5.47773991e+04 1.00e-07 264.32
91000 +4.4565890296414688e+02    6312 4.52296607e+04 0.00e+00 268.06
92000 +4.4567826253890360e+02    6843 4.27946565e+03 0.00e+00 271.96
93000 +4.4570527800637996e+02    5438 1.70856732e+02 0.00e+00 275.78
94000 +4.4574867431516145e+02    8118 8.40710622e+06 0.00e+00 279.60
95000 +4.4581469417268829e+02    6884 8.28275111e+03 1.00e-07 283.45
96000 +4.4584565088178420e+02    6430 7.59768009e+02 3.00e-07 287.52
97000 +4.4587143573320066e+02    9313 1.13054033e+05 0.00e+00 291.57
98000 +4.4588992680562978e+02    5347 1.71881769e+02 0.00e+00 295.72
99000 +4.4590472474274691e+02    7064 5.46786477e+03 0.00e+00 300.09
100000 +4.4591062180993936e+02    5466 3.29065764e+02 0.00e+00 304.30
101000 +4.4591703270578779e+02    3953 1.64903523e+01 1.00e-07 308.56
102000 +4.4592555857277148e+02    2607 6.33381384e+00 1.00e-07 312.89
103000 +4.4592943363651813e+02    5514 1.00153909e+02 1.00e-07 317.35
104000 +4.4593294653369554e+02    4757 1.25806634e+00 6.00e-07 321.81
105000 +4.4593378419421612e+02    5447 1.21647627e+01 0.00e+00 326.20
Removed perturbation of 3.58e-03.


Root relaxation solution found in 105306 iterations and 205.55s by Dual Simplex
Root relaxation objective +4.81878089e+02

 |  Explored  | Unexplored |     Objective     |     Bound     | IntInf | Depth | Iter/Node |    Gap    |  Time  |


Strong branching using 27 threads and 3276 fractional variables
H                              +6.069076e+02     +4.818781e+02                                  20.6%      352.55
H                              +5.107630e+02     +4.818781e+02                                   5.7%      353.15
H                              +5.087605e+02     +4.818781e+02                                   5.3%      353.20
H                              +5.077597e+02     +4.818781e+02                                   5.1%      354.80
H                              +5.077582e+02     +4.818781e+02                                   5.1%      583.18
Strong branching completed in 411.63s
Exploring the B&B tree using 27 threads

 |  Explored  | Unexplored |     Objective     |     Bound     | IntInf | Depth | Iter/Node |    Gap    |  Time  |
             1            3    +5.077582e+02     +4.818781e+02      3381       2   1.1e+05       5.1%      818.93
S                              +5.077495e+02     +4.818781e+02                                   5.1%      819.68
H                              +5.057445e+02     +4.818781e+02                                   4.7%      904.89
S                              +5.057427e+02     +4.819138e+02                                   4.7%      928.81
             4            4    +5.057427e+02     +4.819138e+02      3182       3   4.1e+04       4.7%      932.15
S                              +5.057423e+02     +4.825118e+02                                   4.6%      947.09
             5            7    +5.057423e+02     +4.825118e+02      3368       4   3.4e+04       4.6%      964.93
H                              +5.047403e+02     +4.825118e+02                                   4.4%      979.71
S                              +5.047380e+02     +4.825699e+02                                   4.4%      996.04
S                              +5.047378e+02     +4.825699e+02                                   4.4%     1008.26
            11           13    +5.047378e+02     +4.825699e+02      2867       5   2.1e+04       4.4%     1014.21
            17           19    +5.047378e+02     +4.825699e+02      3214       6   1.7e+04       4.4%     1057.11
            28           30    +5.047378e+02     +4.827287e+02      3327       7   1.3e+04       4.4%     1093.45
S                              +5.037365e+02     +4.829270e+02                                   4.1%     1162.20
            46           38    +5.037365e+02     +4.829270e+02      3365       8   1.4e+04       4.1%     1394.79
            52           52    +5.037365e+02     +4.829270e+02      3125       9   1.3e+04       4.1%     1448.77
            64           66    +5.037365e+02     +4.829270e+02      3281      10   1.3e+04       4.1%     1551.20
            70           72    +5.037365e+02     +4.829270e+02      2732      11   1.3e+04       4.1%     1597.10
            85           87    +5.037365e+02     +4.829270e+02      2766      12   1.3e+04       4.1%     1705.33
            95           97    +5.037365e+02     +4.829270e+02      3192      14   1.3e+04       4.1%     1800.36
           100          102    +5.037365e+02     +4.829270e+02      2237      15   1.3e+04       4.1%     1838.17
           112          114    +5.037365e+02     +4.829270e+02      2378      16   1.3e+04       4.1%     1976.00
           126          120    +5.037365e+02     +4.829270e+02      2399      17   1.4e+04       4.1%     2480.41
           144          146    +5.037365e+02     +4.829270e+02      3147      18   1.4e+04       4.1%     2778.46
           169          171    +5.037365e+02     +4.829270e+02      3103      19   1.4e+04       4.1%     3139.03
           179          181    +5.037365e+02     +4.829270e+02      3049      20   1.4e+04       4.1%     3263.10


Time limit reached. Stopping the solver...
Explored 194 nodes (2876467 simplex iterations) in 3600.01s.
Best objective 5.037365e+02, best bound 4.829270e+02, gap 4.13%.


### exit_code=0
### finished=2026-07-31T17:57:19.055454
### gpu_peak_mb=7962.4
### gpu_peak2_mb=0.0
### per_gpu_peak_mb=[7962.375]
