### solver=dpdlp
### instance=/home/scratch.vmostovoi_gpu/datasets/big_lp/google/qap-wil-100.mps
### n_gpus=1
### CUDA_VISIBLE_DEVICES=0
### started=2026-06-20T13:39:19.411261
### argv=/home/scratch.vmostovoi_gpu/.conda/envs/dpdlp/bin/mpirun -n 1 /home/scratch.vmostovoi_gpu/D-PDLP/build/cupdlpx-dist /home/scratch.vmostovoi_gpu/datasets/big_lp/google/qap-wil-100.mps /home/scratch.vmostovoi_gpu/scaling_bench/runs/dpdlp/qap-wil-100__N1 --iter_limit 5000 --time_limit 1e9 --eps_opt 1e-30 --eps_feas 1e-30 --eps_infeas_detect 1e-30 --verbose --no_presolve
### --- solver output ---
Rank 0: Loading MPS file '/home/scratch.vmostovoi_gpu/datasets/big_lp/google/qap-wil-100.mps'...
[Auto-Grid] Decided grid shape: 1 x 1 for 1 processes.
[Timer] Permuting LP Problem took 4.524 seconds.
---------------------------------------------------------------------------------------
                                     D-PDLP                                                
             A First-Order LP Solver Powered by Multiple GPU System                        
                              (c) Hongpei Li, 2026                                           
                          Contact: ishongpeili@gmail.com                                      
                                                                                           
   Based on cuPDLPx by Haihao Lu, MIT (2025): https://github.com/MIT-Lu-Lab/cuPDLPx  
---------------------------------------------------------------------------------------
problem: 1980200 rows, 49015000 columns, 198020000 nonzeros
settings:
  iter_limit         : 5000
  time_limit         : 1000000000.00 sec
  eps_opt            : 1.0e-30
  eps_feas           : 1.0e-30
  eps_infeas_detect  : 1.0e-30
------------------------------ Distributed Configuration ------------------------------
   Grid Size         : 1 x 1 (Rows x Cols)
  Partition Method   : NNZ Balance
  Permute Method     : Block Random (Block-wise Random shuffle)
---------------------------------------------------------------------------------------

[Timer] Data Distribution (Bcast -> Partition) took 8.478 seconds.
---------------------------------------------------------------------------------------
   runtime     |     objective      |   absolute residuals    |   relative residuals    
  iter   time  |  pr obj    du obj  |  pr res  du res   gap   |  pr res  du res   gap   
---------------------------------------------------------------------------------------
     0 3.6e-03 |  0.0e+00   0.0e+00 | 1.4e+01 6.6e+03 0.0e+00 | 9.3e-01 1.0e+00 0.0e+00 
    10 4.1e-02 |  1.5e+04   1.6e+06 | 9.6e+00 1.4e+06 1.6e+06 | 6.3e-01 2.1e+02 9.8e-01 
    20 7.8e-02 |  2.2e+05   1.4e+06 | 9.4e-01 1.1e+06 1.2e+06 | 6.2e-02 1.7e+02 7.3e-01 
    30 1.2e-01 |  2.3e+05   3.6e+05 | 1.3e+00 1.2e+05 1.2e+05 | 8.6e-02 1.8e+01 2.1e-01 
    40 1.5e-01 |  1.9e+05   4.5e+05 | 2.0e+00 2.1e+05 2.6e+05 | 1.3e-01 3.2e+01 4.2e-01 
    50 1.9e-01 |  2.1e+05   7.0e+05 | 4.5e-01 4.6e+05 4.9e+05 | 2.9e-02 6.9e+01 5.3e-01 
    60 2.3e-01 |  2.3e+05   3.5e+05 | 8.4e-01 1.1e+05 1.1e+05 | 5.6e-02 1.7e+01 1.9e-01 
    70 2.6e-01 |  2.1e+05   3.0e+05 | 9.1e-01 7.0e+04 9.5e+04 | 6.0e-02 1.1e+01 1.9e-01 
    80 3.0e-01 |  2.1e+05   5.1e+05 | 5.3e-01 2.8e+05 3.0e+05 | 3.5e-02 4.2e+01 4.2e-01 
    90 3.4e-01 |  2.3e+05   3.5e+05 | 6.1e-01 1.2e+05 1.2e+05 | 4.0e-02 1.8e+01 2.1e-01 
   100 3.8e-01 |  2.1e+05   2.5e+05 | 4.3e-01 2.4e+04 3.7e+04 | 2.8e-02 3.7e+00 7.9e-02 
   110 4.1e-01 |  2.1e+05   4.2e+05 | 5.7e-01 1.8e+05 2.0e+05 | 3.8e-02 2.7e+01 3.2e-01 
   120 4.5e-01 |  2.3e+05   3.5e+05 | 4.2e-01 1.2e+05 1.3e+05 | 2.7e-02 1.8e+01 2.2e-01 
   130 4.9e-01 |  2.2e+05   2.4e+05 | 1.6e-01 1.1e+04 1.6e+04 | 1.1e-02 1.7e+00 3.5e-02 
   140 5.3e-01 |  2.1e+05   3.5e+05 | 5.5e-01 1.2e+05 1.4e+05 | 3.6e-02 1.8e+01 2.4e-01 
   150 5.6e-01 |  2.3e+05   3.5e+05 | 2.4e-01 1.2e+05 1.3e+05 | 1.6e-02 1.8e+01 2.2e-01 
   160 6.0e-01 |  2.2e+05   2.4e+05 | 1.2e-01 1.1e+04 1.3e+04 | 7.7e-03 1.7e+00 2.8e-02 
   170 6.4e-01 |  2.1e+05   3.0e+05 | 4.8e-01 7.5e+04 9.0e+04 | 3.2e-02 1.1e+01 1.7e-01 
   180 6.7e-01 |  2.2e+05   3.5e+05 | 9.9e-02 1.2e+05 1.2e+05 | 6.5e-03 1.8e+01 2.2e-01 
   190 7.1e-01 |  2.3e+05   2.5e+05 | 1.9e-01 2.0e+04 2.0e+04 | 1.3e-02 3.0e+00 4.3e-02 
   200 7.6e-01 |  2.2e+05   2.8e+05 | 4.0e-01 5.2e+04 6.4e+04 | 2.6e-02 7.9e+00 1.3e-01 
   210 8.0e-01 |  2.4e+05   2.6e+05 | 7.3e-01 3.6e+04 2.7e+04 | 4.8e-02 5.4e+00 5.3e-02 
   220 8.3e-01 |  2.4e+05   2.2e+05 | 7.6e-01 6.5e+03 1.4e+04 | 5.0e-02 9.8e-01 3.1e-02 
   230 8.7e-01 |  2.3e+05   2.2e+05 | 1.0e-01 7.5e+03 5.5e+03 | 6.7e-03 1.1e+00 1.2e-02 
   240 9.1e-01 |  2.3e+05   2.3e+05 | 1.0e-01 9.3e+03 7.5e+03 | 6.7e-03 1.4e+00 1.6e-02 
   250 9.5e-01 |  2.3e+05   2.3e+05 | 3.0e-01 5.5e+03 2.7e+03 | 2.0e-02 8.3e-01 6.0e-03 
   260 9.8e-01 |  2.3e+05   2.2e+05 | 1.0e-01 6.3e+03 4.2e+03 | 6.6e-03 9.4e-01 9.4e-03 
   270 1.0e+00 |  2.2e+05   2.3e+05 | 3.7e-02 6.1e+03 4.1e+03 | 2.5e-03 9.1e-01 9.2e-03 
   280 1.1e+00 |  2.3e+05   2.3e+05 | 1.7e-01 5.5e+03 5.1e+02 | 1.1e-02 8.3e-01 1.1e-03 
   290 1.1e+00 |  2.3e+05   2.2e+05 | 1.0e-01 5.6e+03 3.1e+03 | 6.8e-03 8.4e-01 6.9e-03 
   300 1.1e+00 |  2.2e+05   2.3e+05 | 2.7e-02 5.1e+03 2.4e+03 | 1.8e-03 7.6e-01 5.3e-03 
   310 1.2e+00 |  2.3e+05   2.3e+05 | 1.0e-01 5.4e+03 2.0e+03 | 6.9e-03 8.1e-01 4.4e-03 
   320 1.2e+00 |  2.3e+05   2.2e+05 | 1.0e-01 5.0e+03 2.0e+03 | 6.7e-03 7.5e-01 4.5e-03 
   330 1.2e+00 |  2.2e+05   2.2e+05 | 2.5e-02 4.7e+03 1.2e+03 | 1.7e-03 7.1e-01 2.6e-03 
   340 1.3e+00 |  2.2e+05   2.3e+05 | 6.2e-02 5.1e+03 2.6e+03 | 4.1e-03 7.7e-01 5.8e-03 
   350 1.3e+00 |  2.2e+05   2.2e+05 | 9.5e-02 4.6e+03 8.9e+02 | 6.3e-03 7.0e-01 2.0e-03 
   360 1.4e+00 |  2.2e+05   2.2e+05 | 2.7e-02 4.6e+03 3.2e+02 | 1.8e-03 6.9e-01 7.2e-04 
   370 1.4e+00 |  2.2e+05   2.3e+05 | 3.6e-02 4.8e+03 2.7e+03 | 2.3e-03 7.2e-01 6.0e-03 
   380 1.4e+00 |  2.2e+05   2.2e+05 | 8.3e-02 4.5e+03 1.5e+02 | 5.5e-03 6.7e-01 3.4e-04 
   390 1.5e+00 |  2.2e+05   2.2e+05 | 3.5e-02 4.5e+03 1.4e+02 | 2.3e-03 6.7e-01 3.2e-04 
   400 1.5e+00 |  2.2e+05   2.3e+05 | 2.6e-02 4.4e+03 2.4e+03 | 1.7e-03 6.7e-01 5.4e-03 
   410 1.6e+00 |  2.2e+05   2.2e+05 | 7.8e-02 4.1e+03 5.6e+02 | 5.2e-03 6.2e-01 1.2e-03 
   420 1.6e+00 |  2.2e+05   2.2e+05 | 6.1e-02 3.9e+03 7.1e+01 | 4.0e-03 5.9e-01 1.6e-04 
   430 1.6e+00 |  2.2e+05   2.2e+05 | 4.2e-02 3.8e+03 8.4e+02 | 2.8e-03 5.7e-01 1.9e-03 
   440 1.7e+00 |  2.2e+05   2.2e+05 | 4.3e-02 3.7e+03 1.1e+03 | 2.9e-03 5.6e-01 2.5e-03 
   450 1.7e+00 |  2.2e+05   2.2e+05 | 4.7e-02 3.6e+03 7.3e+02 | 3.1e-03 5.4e-01 1.6e-03 
   460 1.7e+00 |  2.2e+05   2.2e+05 | 4.3e-02 3.5e+03 8.7e+02 | 2.9e-03 5.2e-01 2.0e-03 
   470 1.8e+00 |  2.2e+05   2.2e+05 | 4.2e-02 3.4e+03 1.1e+03 | 2.8e-03 5.1e-01 2.5e-03 
   480 1.8e+00 |  2.2e+05   2.2e+05 | 4.3e-02 3.3e+03 9.4e+02 | 2.8e-03 4.9e-01 2.1e-03 
   490 1.8e+00 |  2.2e+05   2.2e+05 | 4.1e-02 3.2e+03 9.5e+02 | 2.7e-03 4.8e-01 2.1e-03 
   500 1.9e+00 |  2.2e+05   2.2e+05 | 3.9e-02 3.1e+03 1.1e+03 | 2.6e-03 4.7e-01 2.5e-03 
   510 1.9e+00 |  2.2e+05   2.2e+05 | 3.9e-02 3.0e+03 1.1e+03 | 2.6e-03 4.6e-01 2.4e-03 
   520 2.0e+00 |  2.2e+05   2.2e+05 | 3.8e-02 3.0e+03 1.0e+03 | 2.5e-03 4.5e-01 2.3e-03 
   530 2.0e+00 |  2.2e+05   2.2e+05 | 3.6e-02 2.9e+03 1.2e+03 | 2.4e-03 4.4e-01 2.7e-03 
   540 2.0e+00 |  2.2e+05   2.2e+05 | 3.6e-02 2.8e+03 1.2e+03 | 2.4e-03 4.3e-01 2.6e-03 
   550 2.1e+00 |  2.2e+05   2.2e+05 | 3.5e-02 2.8e+03 1.1e+03 | 2.3e-03 4.2e-01 2.4e-03 
   560 2.1e+00 |  2.2e+05   2.2e+05 | 3.4e-02 2.7e+03 1.1e+03 | 2.3e-03 4.0e-01 2.6e-03 
   570 2.1e+00 |  2.2e+05   2.2e+05 | 3.4e-02 2.6e+03 1.2e+03 | 2.2e-03 3.9e-01 2.7e-03 
   580 2.2e+00 |  2.2e+05   2.2e+05 | 3.3e-02 2.6e+03 1.1e+03 | 2.2e-03 3.8e-01 2.5e-03 
   590 2.2e+00 |  2.2e+05   2.2e+05 | 3.2e-02 2.5e+03 1.1e+03 | 2.1e-03 3.8e-01 2.5e-03 
   600 2.3e+00 |  2.2e+05   2.2e+05 | 3.1e-02 2.5e+03 1.2e+03 | 2.1e-03 3.7e-01 2.7e-03 
   610 2.3e+00 |  2.2e+05   2.2e+05 | 3.1e-02 2.4e+03 1.1e+03 | 2.1e-03 3.6e-01 2.6e-03 
   620 2.3e+00 |  2.2e+05   2.2e+05 | 3.1e-02 2.4e+03 1.1e+03 | 2.0e-03 3.5e-01 2.5e-03 
   630 2.4e+00 |  2.2e+05   2.2e+05 | 3.0e-02 2.3e+03 1.2e+03 | 2.0e-03 3.5e-01 2.6e-03 
   640 2.4e+00 |  2.2e+05   2.2e+05 | 2.9e-02 2.3e+03 1.1e+03 | 1.9e-03 3.4e-01 2.6e-03 
   650 2.4e+00 |  2.2e+05   2.2e+05 | 2.9e-02 2.2e+03 1.1e+03 | 1.9e-03 3.4e-01 2.5e-03 
   660 2.5e+00 |  2.2e+05   2.2e+05 | 2.9e-02 2.2e+03 1.1e+03 | 1.9e-03 3.3e-01 2.5e-03 
   670 2.5e+00 |  2.2e+05   2.2e+05 | 2.8e-02 2.1e+03 1.1e+03 | 1.9e-03 3.2e-01 2.6e-03 
   680 2.6e+00 |  2.2e+05   2.2e+05 | 2.8e-02 2.1e+03 1.1e+03 | 1.8e-03 3.2e-01 2.5e-03 
   690 2.6e+00 |  2.2e+05   2.2e+05 | 2.8e-02 2.1e+03 1.1e+03 | 1.8e-03 3.1e-01 2.5e-03 
   700 2.6e+00 |  2.2e+05   2.2e+05 | 2.7e-02 2.0e+03 1.1e+03 | 1.8e-03 3.1e-01 2.5e-03 
   710 2.7e+00 |  2.2e+05   2.2e+05 | 2.7e-02 2.0e+03 1.1e+03 | 1.8e-03 3.0e-01 2.4e-03 
   720 2.7e+00 |  2.2e+05   2.2e+05 | 2.6e-02 2.0e+03 1.1e+03 | 1.7e-03 2.9e-01 2.4e-03 
   730 2.7e+00 |  2.2e+05   2.2e+05 | 2.6e-02 1.9e+03 1.1e+03 | 1.7e-03 2.9e-01 2.5e-03 
   740 2.8e+00 |  2.2e+05   2.2e+05 | 2.6e-02 1.9e+03 1.1e+03 | 1.7e-03 2.9e-01 2.4e-03 
   750 2.8e+00 |  2.2e+05   2.2e+05 | 2.6e-02 1.9e+03 1.1e+03 | 1.7e-03 2.8e-01 2.4e-03 
   760 2.9e+00 |  2.2e+05   2.2e+05 | 2.5e-02 1.8e+03 1.1e+03 | 1.7e-03 2.8e-01 2.4e-03 
   770 2.9e+00 |  2.2e+05   2.2e+05 | 2.5e-02 1.8e+03 1.1e+03 | 1.6e-03 2.7e-01 2.4e-03 
   780 2.9e+00 |  2.2e+05   2.2e+05 | 2.5e-02 1.8e+03 1.0e+03 | 1.6e-03 2.7e-01 2.3e-03 
   790 3.0e+00 |  2.2e+05   2.2e+05 | 2.4e-02 1.8e+03 1.1e+03 | 1.6e-03 2.6e-01 2.4e-03 
   800 3.0e+00 |  2.2e+05   2.2e+05 | 2.4e-02 1.7e+03 1.1e+03 | 1.6e-03 2.6e-01 2.4e-03 
   810 3.0e+00 |  2.2e+05   2.2e+05 | 1.8e-01 1.5e+03 7.6e+02 | 1.2e-02 2.3e-01 1.7e-03 
   820 3.1e+00 |  2.2e+05   2.2e+05 | 2.3e-01 1.4e+03 1.7e+03 | 1.5e-02 2.0e-01 3.8e-03 
   830 3.1e+00 |  2.2e+05   2.2e+05 | 2.2e-01 1.2e+03 1.4e+03 | 1.5e-02 1.8e-01 3.2e-03 
   840 3.2e+00 |  2.2e+05   2.2e+05 | 2.0e-01 1.1e+03 7.3e+02 | 1.3e-02 1.7e-01 1.6e-03 
   850 3.2e+00 |  2.2e+05   2.2e+05 | 1.9e-01 1.0e+03 4.4e+02 | 1.3e-02 1.5e-01 9.9e-04 
   860 3.2e+00 |  2.2e+05   2.2e+05 | 1.9e-01 9.4e+02 4.6e+02 | 1.3e-02 1.4e-01 1.0e-03 
   870 3.3e+00 |  2.2e+05   2.2e+05 | 2.0e-01 8.7e+02 5.6e+02 | 1.3e-02 1.3e-01 1.3e-03 
   880 3.3e+00 |  2.2e+05   2.2e+05 | 2.0e-01 8.0e+02 5.9e+02 | 1.3e-02 1.2e-01 1.3e-03 
   890 3.3e+00 |  2.2e+05   2.2e+05 | 1.9e-01 7.5e+02 4.8e+02 | 1.2e-02 1.1e-01 1.1e-03 
   900 3.4e+00 |  2.2e+05   2.2e+05 | 1.8e-01 7.0e+02 3.1e+02 | 1.2e-02 1.1e-01 7.0e-04 
   910 3.4e+00 |  2.2e+05   2.2e+05 | 1.8e-01 6.6e+02 2.9e+02 | 1.2e-02 1.0e-01 6.5e-04 
   920 3.5e+00 |  2.2e+05   2.2e+05 | 1.8e-01 6.2e+02 3.5e+02 | 1.2e-02 9.4e-02 7.8e-04 
   930 3.5e+00 |  2.2e+05   2.2e+05 | 1.7e-01 5.9e+02 3.5e+02 | 1.1e-02 8.8e-02 8.0e-04 
   940 3.5e+00 |  2.2e+05   2.2e+05 | 1.7e-01 5.5e+02 3.0e+02 | 1.1e-02 8.3e-02 6.8e-04 
   950 3.6e+00 |  2.2e+05   2.2e+05 | 1.6e-01 5.3e+02 2.6e+02 | 1.1e-02 7.9e-02 5.9e-04 
   960 3.6e+00 |  2.2e+05   2.2e+05 | 1.6e-01 5.0e+02 2.2e+02 | 1.0e-02 7.5e-02 5.0e-04 
   970 3.6e+00 |  2.2e+05   2.2e+05 | 1.5e-01 4.8e+02 1.9e+02 | 1.0e-02 7.2e-02 4.4e-04 
   980 3.7e+00 |  2.2e+05   2.2e+05 | 1.5e-01 4.6e+02 2.0e+02 | 9.9e-03 6.9e-02 4.5e-04 
   990 3.7e+00 |  2.2e+05   2.2e+05 | 1.5e-01 4.4e+02 2.1e+02 | 9.6e-03 6.6e-02 4.6e-04 
  1000 3.8e+00 |  2.2e+05   2.2e+05 | 1.4e-01 4.2e+02 1.8e+02 | 9.3e-03 6.3e-02 4.0e-04 
  1100 4.1e+00 |  2.2e+05   2.2e+05 | 1.1e-01 3.0e+02 9.3e+01 | 6.9e-03 4.4e-02 2.1e-04 
  1200 4.4e+00 |  2.2e+05   2.2e+05 | 8.1e-02 2.3e+02 5.4e+01 | 5.4e-03 3.4e-02 1.2e-04 
  1300 4.8e+00 |  2.2e+05   2.2e+05 | 1.0e-01 1.0e+02 2.9e+02 | 6.8e-03 1.5e-02 6.5e-04 
  1400 5.1e+00 |  2.2e+05   2.2e+05 | 8.5e-02 6.5e+01 1.6e+02 | 5.6e-03 9.8e-03 3.7e-04 
  1500 5.5e+00 |  2.2e+05   2.2e+05 | 6.9e-02 4.6e+01 1.1e+02 | 4.6e-03 7.0e-03 2.4e-04 
  1600 5.8e+00 |  2.2e+05   2.2e+05 | 5.7e-02 3.5e+01 8.1e+01 | 3.8e-03 5.3e-03 1.8e-04 
  1700 6.1e+00 |  2.2e+05   2.2e+05 | 4.8e-02 2.9e+01 6.0e+01 | 3.2e-03 4.3e-03 1.4e-04 
  1800 6.5e+00 |  2.2e+05   2.2e+05 | 4.2e-02 2.4e+01 5.2e+01 | 2.7e-03 3.6e-03 1.2e-04 
  1900 6.8e+00 |  2.2e+05   2.2e+05 | 3.6e-02 2.0e+01 4.4e+01 | 2.4e-03 3.1e-03 1.0e-04 
  2000 7.2e+00 |  2.2e+05   2.2e+05 | 3.2e-02 1.8e+01 3.8e+01 | 2.1e-03 2.7e-03 8.7e-05 
  2100 7.5e+00 |  2.2e+05   2.2e+05 | 2.9e-02 9.6e+00 3.3e+01 | 1.9e-03 1.4e-03 7.4e-05 
  2200 7.8e+00 |  2.2e+05   2.2e+05 | 2.5e-02 7.1e+00 2.0e+01 | 1.7e-03 1.1e-03 4.4e-05 
  2300 8.2e+00 |  2.2e+05   2.2e+05 | 2.2e-02 5.9e+00 1.3e+01 | 1.5e-03 8.9e-04 3.0e-05 
  2400 8.5e+00 |  2.2e+05   2.2e+05 | 1.9e-02 5.1e+00 9.4e+00 | 1.3e-03 7.6e-04 2.1e-05 
  2500 8.9e+00 |  2.2e+05   2.2e+05 | 1.7e-02 4.4e+00 8.4e+00 | 1.1e-03 6.6e-04 1.9e-05 
  2600 9.2e+00 |  2.2e+05   2.2e+05 | 1.5e-02 3.8e+00 7.4e+00 | 1.0e-03 5.8e-04 1.7e-05 
  2700 9.5e+00 |  2.2e+05   2.2e+05 | 1.4e-02 3.4e+00 5.7e+00 | 9.2e-04 5.2e-04 1.3e-05 
  2800 9.9e+00 |  2.2e+05   2.2e+05 | 1.3e-02 3.1e+00 4.8e+00 | 8.4e-04 4.6e-04 1.1e-05 
  2900 1.0e+01 |  2.2e+05   2.2e+05 | 1.2e-02 2.8e+00 4.1e+00 | 7.7e-04 4.2e-04 9.4e-06 
  3000 1.1e+01 |  2.2e+05   2.2e+05 | 1.1e-02 2.6e+00 3.5e+00 | 7.1e-04 3.8e-04 7.9e-06 
  3100 1.1e+01 |  2.2e+05   2.2e+05 | 9.9e-03 2.3e+00 2.9e+00 | 6.6e-04 3.5e-04 6.7e-06 
  3200 1.1e+01 |  2.2e+05   2.2e+05 | 9.2e-03 2.1e+00 2.3e+00 | 6.1e-04 3.2e-04 5.2e-06 
  3300 1.2e+01 |  2.2e+05   2.2e+05 | 8.6e-03 1.7e+00 2.0e+00 | 5.7e-04 2.5e-04 4.4e-06 
  3400 1.2e+01 |  2.2e+05   2.2e+05 | 8.0e-03 1.5e+00 9.5e-01 | 5.3e-04 2.2e-04 2.2e-06 
  3500 1.2e+01 |  2.2e+05   2.2e+05 | 7.4e-03 1.3e+00 6.9e-01 | 4.9e-04 2.0e-04 1.6e-06 
  3600 1.3e+01 |  2.2e+05   2.2e+05 | 6.8e-03 1.2e+00 1.0e+00 | 4.5e-04 1.8e-04 2.3e-06 
  3700 1.3e+01 |  2.2e+05   2.2e+05 | 6.3e-03 1.1e+00 1.2e+00 | 4.2e-04 1.7e-04 2.7e-06 
  3800 1.3e+01 |  2.2e+05   2.2e+05 | 5.9e-03 1.1e+00 9.0e-01 | 3.9e-04 1.6e-04 2.0e-06 
  3900 1.4e+01 |  2.2e+05   2.2e+05 | 5.4e-03 1.0e+00 7.6e-01 | 3.6e-04 1.5e-04 1.7e-06 
  4000 1.4e+01 |  2.2e+05   2.2e+05 | 5.1e-03 9.3e-01 6.6e-01 | 3.3e-04 1.4e-04 1.5e-06 
  4100 1.4e+01 |  2.2e+05   2.2e+05 | 4.7e-03 8.6e-01 6.9e-01 | 3.1e-04 1.3e-04 1.6e-06 
  4200 1.5e+01 |  2.2e+05   2.2e+05 | 4.4e-03 8.1e-01 2.9e-01 | 2.9e-04 1.2e-04 6.6e-07 
  4300 1.5e+01 |  2.2e+05   2.2e+05 | 4.2e-03 7.5e-01 1.1e-01 | 2.8e-04 1.1e-04 2.4e-07 
  4400 1.5e+01 |  2.2e+05   2.2e+05 | 3.9e-03 6.9e-01 1.5e-01 | 2.6e-04 1.0e-04 3.4e-07 
  4500 1.6e+01 |  2.2e+05   2.2e+05 | 3.7e-03 6.5e-01 1.9e-01 | 2.4e-04 9.8e-05 4.4e-07 
  4600 1.6e+01 |  2.2e+05   2.2e+05 | 3.5e-03 6.3e-01 1.7e-01 | 2.3e-04 9.4e-05 3.8e-07 
  4700 1.6e+01 |  2.2e+05   2.2e+05 | 3.3e-03 5.9e-01 3.7e-02 | 2.2e-04 8.9e-05 8.4e-08 
  4800 1.7e+01 |  2.2e+05   2.2e+05 | 3.2e-03 5.6e-01 1.0e-01 | 2.1e-04 8.4e-05 2.3e-07 
  4900 1.7e+01 |  2.2e+05   2.2e+05 | 3.0e-03 5.3e-01 1.9e-01 | 2.0e-04 8.0e-05 4.4e-07 
  5000 1.7e+01 |  2.2e+05   2.2e+05 | 2.9e-03 5.1e-01 1.0e-01 | 1.9e-04 7.6e-05 2.3e-07 
---------------------------------------------------------------------------------------
Solution Summary
  Status             : ITERATION_LIMIT
  Solve time         : 17 sec
  Iterations         : 5000
  Primal objective   : 220804.0079
  Dual objective     : 220804.1116
  Objective gap      : 2.348e-07
  Primal infeas      : 1.913e-04
  Dual infeas        : 7.605e-05

### exit_code=0
### finished=2026-06-20T13:42:22.000063
### gpu_peak_mb=13407.1
### gpu_peak2_mb=0.0
### per_gpu_peak_mb=[13407.0625]
