### solver=cuopt-base
### instance=/home/scratch.cmaes_sw/hans_lps/16_n14.mps
### n_gpus=1
### CUDA_VISIBLE_DEVICES=0
### started=2026-07-31T15:30:42.241470
### argv=/home/scratch.vmostovoi_gpu/mostovoi_cuopt/cpp/build/cuopt_cli --method 1 --mps-reader experimental-fast --time-limit 3600 --iteration-limit 1000000000 --relative-primal-tolerance 1e-4 --relative-dual-tolerance 1e-4 --relative-gap-tolerance 1e-4 --log-to-console true /home/scratch.cmaes_sw/hans_lps/16_n14.mps
### --- solver output ---
Setting parameter iteration_limit to 1000000000
Setting parameter log_to_console to true
Setting parameter method to 1
Setting parameter relative_dual_tolerance to 1.000000e-04
Setting parameter relative_gap_tolerance to 1.000000e-04
Setting parameter relative_primal_tolerance to 1.000000e-04
Setting parameter time_limit to 3.600000e+03
Reading file 16_n14.mps
Using experimental fast MPS parser for '/home/scratch.cmaes_sw/hans_lps/16_n14.mps'
Read file 16_n14.mps in 0.40 seconds
cuOpt version: 26.8.0, git hash: 7116ead1, host arch: x86_64, device archs: 100a-real
CPU: INTEL(R) XEON(R) PLATINUM 8570, threads (physical/logical): 112/224, RAM: 1698.18 GiB
CUDA 13.3, device: NVIDIA B200 (ID 0), VRAM: 178.34 GiB
CUDA device UUID: 9cf5855e-0d9f-8a57-2857-ca9eac5a3446
Solving a problem with 16384 constraints, 262144 variables (0 integers), and 524288 nonzeros
Problem scaling:
Objective coefficents range:          [1e+00, 4e+03]
Constraint matrix coefficients range: [1e+00, 1e+00]
Constraint rhs / bounds range:        [6e+05, 6e+05]
Variable bounds range:                [0e+00, 6e+05]

Using PSLP presolver
PSLP Presolved problem: 16383 constraints, 261884 variables, 523768 non-zeros
PSLP presolve time: 0.22s
Objective offset 0.000000 scaling_factor 1.000000
   Iter    Primal Obj.      Dual Obj.    Gap        Primal Res.  Dual Res.   Time
      0 +0.00000000e+00 +0.00000000e+00  0.00e+00   8.98e+05     9.11e+05   0.691s
   1000 +1.49702265e+11 +6.77695840e+11  5.28e+11   1.81e+04     3.69e+05   0.760s
   2000 +2.92703584e+11 +9.79917940e+11  6.87e+11   1.17e+04     4.60e+05   0.787s
   3000 +3.69874969e+11 +9.77456965e+11  6.08e+11   7.14e+03     4.25e+05   0.815s
   4000 +4.08477483e+11 +7.81082038e+11  3.73e+11   4.63e+03     2.69e+05   0.842s
   5000 +4.26362754e+11 +7.03269964e+11  2.77e+11   2.09e+03     2.04e+05   0.870s
   6000 +4.39411796e+11 +6.05599426e+11  1.66e+11   8.77e+02     1.52e+05   0.897s
   7000 +4.52902378e+11 +5.39077779e+11  8.62e+10   1.22e+03     1.16e+05   0.924s
   8000 +4.58172041e+11 +4.94216103e+11  3.60e+10   1.47e+03     9.71e+04   0.951s
   9000 +4.60572709e+11 +4.60520858e+11  5.19e+07   1.60e+03     8.35e+04   0.977s
  10000 +4.67522674e+11 +3.61378763e+11  1.06e+11   2.19e+03     6.04e+04   1.004s
  11000 +4.74373764e+11 +3.16708919e+11  1.58e+11   2.49e+03     4.91e+04   1.030s
  12000 +4.80058271e+11 +2.86946622e+11  1.93e+11   2.65e+03     4.20e+04   1.056s
  13000 +4.85107445e+11 +2.65618908e+11  2.19e+11   2.76e+03     3.68e+04   1.082s
  14000 +4.89934217e+11 +2.50392236e+11  2.40e+11   2.84e+03     3.29e+04   1.108s
  15000 +4.99339774e+11 +1.98681786e+11  3.01e+11   3.16e+03     2.67e+04   1.134s
  16000 +5.11252666e+11 +1.82757435e+11  3.28e+11   3.26e+03     2.37e+04   1.160s
  17000 +5.22649921e+11 +1.72604155e+11  3.50e+11   3.42e+03     2.17e+04   1.186s
  18000 +5.33436032e+11 +1.66042326e+11  3.67e+11   3.53e+03     2.02e+04   1.212s
  19000 +5.43547838e+11 +1.61524959e+11  3.82e+11   3.63e+03     1.90e+04   1.238s
  20000 +5.53219954e+11 +1.59694681e+11  3.94e+11   3.72e+03     1.80e+04   1.264s
  21000 +5.62543794e+11 +1.59250225e+11  4.03e+11   3.82e+03     1.73e+04   1.290s
  22000 +5.71463971e+11 +1.59992603e+11  4.11e+11   3.92e+03     1.66e+04   1.316s
  23000 +5.82151156e+11 +1.52460157e+11  4.30e+11   4.03e+03     1.56e+04   1.342s
  24000 +5.95586907e+11 +1.52907565e+11  4.43e+11   4.20e+03     1.52e+04   1.368s
  25000 +6.08443743e+11 +1.54028773e+11  4.54e+11   4.34e+03     1.47e+04   1.394s
  26000 +6.20808223e+11 +1.55814275e+11  4.65e+11   4.49e+03     1.43e+04   1.420s
  27000 +6.32707055e+11 +1.57932890e+11  4.75e+11   4.64e+03     1.39e+04   1.446s
  28000 +6.44151788e+11 +1.60145724e+11  4.84e+11   4.78e+03     1.35e+04   1.472s
  29000 +6.55189918e+11 +1.62842486e+11  4.92e+11   4.92e+03     1.31e+04   1.498s
  30000 +6.65770207e+11 +1.65446519e+11  5.00e+11   5.06e+03     1.26e+04   1.524s
  31000 +6.75895195e+11 +1.68330048e+11  5.08e+11   5.20e+03     1.21e+04   1.550s
  32000 +6.85519251e+11 +1.71259845e+11  5.14e+11   5.30e+03     1.16e+04   1.576s
  33000 +6.94730419e+11 +1.74442495e+11  5.20e+11   5.45e+03     1.11e+04   1.602s
  34000 +7.03391318e+11 +1.77669554e+11  5.26e+11   5.54e+03     1.06e+04   1.628s
  35000 +7.11500620e+11 +1.80871357e+11  5.31e+11   5.65e+03     1.01e+04   1.654s
  36000 +7.19500143e+11 +1.83432744e+11  5.36e+11   5.76e+03     9.58e+03   1.680s
  37000 +7.27347513e+11 +1.87033829e+11  5.40e+11   5.85e+03     9.07e+03   1.706s
  38000 +7.34739553e+11 +1.90548028e+11  5.44e+11   5.94e+03     8.56e+03   1.732s
  39000 +7.41658267e+11 +1.94240604e+11  5.47e+11   6.03e+03     8.05e+03   1.758s
  40000 +7.48021075e+11 +1.98028421e+11  5.50e+11   6.11e+03     7.54e+03   1.784s
  41000 +7.53864649e+11 +2.01854739e+11  5.52e+11   6.17e+03     7.04e+03   1.809s
  42000 +7.59108194e+11 +2.05851844e+11  5.53e+11   6.24e+03     6.56e+03   1.835s
  43000 +7.63778365e+11 +2.09848242e+11  5.54e+11   6.28e+03     6.08e+03   1.861s
  44000 +7.67847416e+11 +2.13980717e+11  5.54e+11   6.33e+03     5.63e+03   1.887s
  45000 +7.71333754e+11 +2.18187644e+11  5.53e+11   6.36e+03     5.20e+03   1.913s
  46000 +7.74258883e+11 +2.22503822e+11  5.52e+11   6.40e+03     4.80e+03   1.939s
  47000 +7.76517524e+11 +2.26828905e+11  5.50e+11   6.41e+03     4.43e+03   1.965s
  48000 +7.78129838e+11 +2.31242921e+11  5.47e+11   6.43e+03     4.08e+03   1.991s
  49000 +7.79054230e+11 +2.35624981e+11  5.43e+11   6.44e+03     3.77e+03   2.017s
  50000 +7.79292350e+11 +2.40194512e+11  5.39e+11   6.42e+03     3.51e+03   2.043s
  51000 +7.78794425e+11 +2.44845634e+11  5.34e+11   6.43e+03     3.32e+03   2.069s
  52000 +7.76858587e+11 +2.49377328e+11  5.27e+11   6.40e+03     3.25e+03   2.095s
  53000 +7.72806853e+11 +2.53879439e+11  5.19e+11   6.36e+03     3.29e+03   2.121s
  54000 +7.66849186e+11 +2.58211166e+11  5.09e+11   6.28e+03     3.41e+03   2.147s
  55000 +7.59328859e+11 +2.62596907e+11  4.97e+11   6.21e+03     3.57e+03   2.173s
  56000 +7.53719128e+11 +2.77668289e+11  4.76e+11   6.13e+03     1.77e+04   2.199s
  57000 +7.29771417e+11 +2.87701904e+11  4.42e+11   5.83e+03     2.91e+04   2.225s
  58000 +6.79933973e+11 +2.87526869e+11  3.92e+11   5.21e+03     3.55e+04   2.251s
  59000 +6.24617654e+11 +2.81846079e+11  3.43e+11   3.96e+03     3.40e+04   2.277s
  60000 +5.82837492e+11 +2.75560039e+11  3.07e+11   2.97e+03     2.90e+04   2.302s
  61000 +5.56562158e+11 +2.73573587e+11  2.83e+11   2.25e+03     2.43e+04   2.328s
  62000 +5.40871208e+11 +2.71630508e+11  2.69e+11   1.83e+03     2.11e+04   2.354s
  63000 +5.31040491e+11 +2.70810261e+11  2.60e+11   1.56e+03     1.90e+04   2.380s
  64000 +5.24110255e+11 +2.70329600e+11  2.54e+11   1.38e+03     1.76e+04   2.406s
  65000 +5.18522789e+11 +2.69619742e+11  2.49e+11   1.24e+03     1.67e+04   2.432s
  66000 +5.13707846e+11 +2.68800229e+11  2.45e+11   1.12e+03     1.60e+04   2.458s
  67000 +5.09514383e+11 +2.68516326e+11  2.41e+11   1.03e+03     1.54e+04   2.484s
  68000 +5.05756562e+11 +2.68182285e+11  2.38e+11   9.39e+02     1.50e+04   2.510s
  69000 +5.02252284e+11 +2.67787127e+11  2.34e+11   8.65e+02     1.46e+04   2.536s
  70000 +4.97322814e+11 +2.56328409e+11  2.41e+11   7.27e+02     1.69e+04   2.563s
  71000 +4.87692392e+11 +2.50194570e+11  2.37e+11   3.67e+02     1.81e+04   2.589s
  72000 +4.80909877e+11 +2.51183387e+11  2.30e+11   1.41e+02     1.61e+04   2.615s
  73000 +4.78184210e+11 +2.55140683e+11  2.23e+11   8.86e+01     1.48e+04   2.641s
  74000 +4.77134576e+11 +2.57304297e+11  2.20e+11   8.50e+01     1.41e+04   2.667s
  75000 +4.76456563e+11 +2.58590366e+11  2.18e+11   8.95e+01     1.37e+04   2.693s
  76000 +4.75581134e+11 +2.59066697e+11  2.17e+11   8.80e+01     1.35e+04   2.719s
  77000 +4.74561799e+11 +2.59344392e+11  2.15e+11   8.38e+01     1.34e+04   2.745s
  78000 +4.73527940e+11 +2.59763578e+11  2.14e+11   7.98e+01     1.32e+04   2.771s
  79000 +4.72515742e+11 +2.60264030e+11  2.12e+11   7.76e+01     1.31e+04   2.796s
  80000 +4.71575667e+11 +2.60835151e+11  2.11e+11   7.67e+01     1.30e+04   2.822s
  81000 +4.70714050e+11 +2.61354318e+11  2.09e+11   7.62e+01     1.29e+04   2.848s
  82000 +4.69924121e+11 +2.61879939e+11  2.08e+11   7.62e+01     1.28e+04   2.874s
  83000 +4.69167362e+11 +2.62302576e+11  2.07e+11   7.60e+01     1.28e+04   2.900s
  84000 +4.68414449e+11 +2.62675643e+11  2.06e+11   7.61e+01     1.27e+04   2.926s
  85000 +4.67642134e+11 +2.62898904e+11  2.05e+11   7.61e+01     1.26e+04   2.952s
  86000 +4.66854354e+11 +2.63179707e+11  2.04e+11   7.57e+01     1.26e+04   2.978s
  87000 +4.66068808e+11 +2.63526014e+11  2.03e+11   7.57e+01     1.25e+04   3.004s
  88000 +4.65300867e+11 +2.63799003e+11  2.02e+11   7.55e+01     1.25e+04   3.030s
  89000 +4.64535075e+11 +2.64036939e+11  2.00e+11   7.57e+01     1.25e+04   3.056s
  90000 +4.63771607e+11 +2.64378400e+11  1.99e+11   7.56e+01     1.24e+04   3.082s
  91000 +4.63022780e+11 +2.64688059e+11  1.98e+11   7.57e+01     1.24e+04   3.108s
  92000 +4.62287875e+11 +2.64968150e+11  1.97e+11   7.58e+01     1.23e+04   3.134s
  93000 +4.61560507e+11 +2.65227172e+11  1.96e+11   7.56e+01     1.23e+04   3.160s
  94000 +4.60843333e+11 +2.65537785e+11  1.95e+11   7.58e+01     1.23e+04   3.186s
  95000 +4.60123190e+11 +2.65786112e+11  1.94e+11   7.57e+01     1.22e+04   3.212s
  96000 +4.59402678e+11 +2.66144389e+11  1.93e+11   7.58e+01     1.22e+04   3.237s
  97000 +4.58683709e+11 +2.66352712e+11  1.92e+11   7.58e+01     1.22e+04   3.263s
  98000 +4.57983115e+11 +2.66654361e+11  1.91e+11   7.57e+01     1.21e+04   3.289s
  99000 +4.57299862e+11 +2.66966512e+11  1.90e+11   7.57e+01     1.21e+04   3.315s
 100000 +4.56626360e+11 +2.67225575e+11  1.89e+11   7.57e+01     1.21e+04   3.341s
 101000 +4.55953195e+11 +2.67494555e+11  1.88e+11   7.55e+01     1.20e+04   3.367s
 102000 +4.55277625e+11 +2.67732433e+11  1.88e+11   7.55e+01     1.20e+04   3.393s
 103000 +4.54590419e+11 +2.67906585e+11  1.87e+11   7.56e+01     1.20e+04   3.419s
 104000 +4.53893814e+11 +2.68102839e+11  1.86e+11   7.57e+01     1.20e+04   3.445s
 105000 +4.53190423e+11 +2.68321168e+11  1.85e+11   7.57e+01     1.19e+04   3.471s
 106000 +4.52501155e+11 +2.68577483e+11  1.84e+11   7.57e+01     1.19e+04   3.497s
 107000 +4.51818751e+11 +2.68837170e+11  1.83e+11   7.61e+01     1.19e+04   3.523s
 108000 +4.51150377e+11 +2.69117292e+11  1.82e+11   7.61e+01     1.19e+04   3.549s
 109000 +3.94463181e+11 +2.70791017e+11  1.24e+11   1.32e+03     1.13e+04   3.575s
 110000 +3.41965862e+11 +2.73231543e+11  6.87e+10   1.94e+03     1.08e+04   3.601s
 111000 +2.95969427e+11 +2.76542326e+11  1.94e+10   2.60e+03     1.01e+04   3.627s
 112000 +2.60226944e+11 +2.80967698e+11  2.07e+10   3.13e+03     8.85e+03   3.653s
 113000 +2.37987155e+11 +2.86069995e+11  4.81e+10   3.38e+03     6.93e+03   3.679s
 114000 +2.28436352e+11 +2.90325453e+11  6.19e+10   3.27e+03     5.05e+03   3.705s
 115000 +2.25379224e+11 +2.93079076e+11  6.77e+10   3.09e+03     3.95e+03   3.731s
 116000 +2.24449685e+11 +2.94820380e+11  7.04e+10   2.98e+03     3.35e+03   3.756s
 117000 +2.24145972e+11 +2.96195330e+11  7.20e+10   2.91e+03     2.94e+03   3.782s
 118000 +2.24364568e+11 +2.97316346e+11  7.30e+10   2.84e+03     2.64e+03   3.808s
 119000 +2.24974727e+11 +2.98299710e+11  7.33e+10   2.80e+03     2.39e+03   3.834s
 120000 +2.25511617e+11 +2.99156475e+11  7.36e+10   2.76e+03     2.18e+03   3.860s
 121000 +2.26195509e+11 +2.99922957e+11  7.37e+10   2.72e+03     2.02e+03   3.886s
 122000 +2.25066110e+11 +3.02364143e+11  7.73e+10   2.85e+03     4.14e+02   3.912s
 123000 +2.24646734e+11 +3.02887695e+11  7.82e+10   2.77e+03     2.11e+02   3.938s
 124000 +2.24837622e+11 +3.03189435e+11  7.84e+10   2.75e+03     1.45e+02   3.964s
 125000 +2.25101306e+11 +3.03417834e+11  7.83e+10   2.74e+03     1.21e+02   3.990s
 126000 +2.25448049e+11 +3.03630986e+11  7.82e+10   2.72e+03     1.08e+02   4.016s
 127000 +2.25761811e+11 +3.03830956e+11  7.81e+10   2.71e+03     1.01e+02   4.042s
 128000 +2.26048875e+11 +3.04022991e+11  7.80e+10   2.70e+03     9.51e+01   4.068s
 129000 +2.26322629e+11 +3.04210095e+11  7.79e+10   2.69e+03     9.00e+01   4.094s
 130000 +2.26681969e+11 +3.04385326e+11  7.77e+10   2.66e+03     8.86e+01   4.120s
 131000 +2.26989633e+11 +3.04561465e+11  7.76e+10   2.65e+03     8.67e+01   4.146s
 132000 +2.27354393e+11 +3.04733975e+11  7.74e+10   2.64e+03     8.53e+01   4.172s
 133000 +2.27665917e+11 +3.04899916e+11  7.72e+10   2.63e+03     8.33e+01   4.198s
 134000 +2.27945703e+11 +3.05064877e+11  7.71e+10   2.61e+03     8.27e+01   4.223s
 135000 +2.28306874e+11 +3.05232753e+11  7.69e+10   2.60e+03     8.26e+01   4.249s
 136000 +2.28673116e+11 +3.05390155e+11  7.67e+10   2.59e+03     8.09e+01   4.275s
 137000 +2.28939315e+11 +3.05548790e+11  7.66e+10   2.58e+03     7.98e+01   4.301s
 138000 +2.29303282e+11 +3.05705031e+11  7.64e+10   2.56e+03     8.01e+01   4.327s
 139000 +2.29681126e+11 +3.05854263e+11  7.62e+10   2.55e+03     8.00e+01   4.353s
 140000 +2.30044232e+11 +3.06005923e+11  7.60e+10   2.54e+03     7.87e+01   4.379s
 141000 +2.30465242e+11 +3.06151559e+11  7.57e+10   2.52e+03     7.91e+01   4.405s
 142000 +2.30826101e+11 +3.06300247e+11  7.55e+10   2.52e+03     7.76e+01   4.431s
 143000 +2.31150044e+11 +3.06444430e+11  7.53e+10   2.51e+03     7.73e+01   4.457s
 144000 +2.31524983e+11 +3.06580766e+11  7.51e+10   2.49e+03     7.69e+01   4.483s
 145000 +2.31821764e+11 +3.06720241e+11  7.49e+10   2.48e+03     7.56e+01   4.509s
 146000 +2.32173976e+11 +3.06859713e+11  7.47e+10   2.47e+03     7.55e+01   4.535s
 147000 +2.32537843e+11 +3.06995891e+11  7.45e+10   2.46e+03     7.47e+01   4.561s
 148000 +2.32809484e+11 +3.07127936e+11  7.43e+10   2.46e+03     7.36e+01   4.587s
 149000 +2.33050846e+11 +3.07263180e+11  7.42e+10   2.44e+03     7.28e+01   4.612s
 150000 +2.33389358e+11 +3.07398633e+11  7.40e+10   2.44e+03     7.30e+01   4.638s
 151000 +2.33800748e+11 +3.07530974e+11  7.37e+10   2.43e+03     7.36e+01   4.664s
 152000 +2.34202909e+11 +3.07657956e+11  7.35e+10   2.42e+03     7.47e+01   4.690s
 153000 +2.34565581e+11 +3.07780604e+11  7.32e+10   2.40e+03     7.41e+01   4.716s
 154000 +2.34889667e+11 +3.07907856e+11  7.30e+10   2.39e+03     7.25e+01   4.742s
 155000 +2.35126491e+11 +3.08032354e+11  7.29e+10   2.39e+03     7.18e+01   4.768s
 156000 +2.35395462e+11 +3.08153064e+11  7.28e+10   2.37e+03     7.17e+01   4.794s
 157000 +2.35633953e+11 +3.08276192e+11  7.26e+10   2.36e+03     7.09e+01   4.820s
 158000 +2.35999795e+11 +3.08395866e+11  7.24e+10   2.35e+03     7.22e+01   4.846s
 159000 +2.36248796e+11 +3.08514287e+11  7.23e+10   2.34e+03     7.03e+01   4.872s
 160000 +2.36525681e+11 +3.08634119e+11  7.21e+10   2.34e+03     7.01e+01   4.898s
 161000 +2.36867285e+11 +3.08753971e+11  7.19e+10   2.33e+03     7.12e+01   4.924s
 162000 +2.37191894e+11 +3.08865770e+11  7.17e+10   2.32e+03     7.06e+01   4.950s
 163000 +2.37522626e+11 +3.08980875e+11  7.15e+10   2.31e+03     7.04e+01   4.976s
 164000 +2.37840086e+11 +3.09092390e+11  7.13e+10   2.30e+03     6.99e+01   5.002s
 165000 +2.38167820e+11 +3.09206090e+11  7.10e+10   2.29e+03     7.02e+01   5.028s
 166000 +2.38442036e+11 +3.09312128e+11  7.09e+10   2.29e+03     6.91e+01   5.054s
 167000 +2.38700539e+11 +3.09427133e+11  7.07e+10   2.27e+03     6.84e+01   5.080s
 168000 +2.38980283e+11 +3.09529293e+11  7.05e+10   2.27e+03     6.79e+01   5.105s
 169000 +2.39207699e+11 +3.09639261e+11  7.04e+10   2.26e+03     6.72e+01   5.131s
 170000 +2.39505700e+11 +3.09747481e+11  7.02e+10   2.25e+03     6.76e+01   5.157s
 171000 +2.39756112e+11 +3.09852088e+11  7.01e+10   2.24e+03     6.70e+01   5.183s
 172000 +2.40020920e+11 +3.09954712e+11  6.99e+10   2.24e+03     6.75e+01   5.209s
 173000 +2.40371335e+11 +3.10065635e+11  6.97e+10   2.22e+03     6.86e+01   5.235s
 174000 +2.40751003e+11 +3.10164762e+11  6.94e+10   2.20e+03     6.85e+01   5.261s
 175000 +2.40968908e+11 +3.10258568e+11  6.93e+10   2.20e+03     6.71e+01   5.287s
 176000 +2.41230861e+11 +3.10363833e+11  6.91e+10   2.19e+03     6.73e+01   5.313s
 177000 +2.41520568e+11 +3.10459955e+11  6.89e+10   2.18e+03     6.64e+01   5.339s
 178000 +2.41827350e+11 +3.10564819e+11  6.87e+10   2.17e+03     6.73e+01   5.365s
 179000 +2.42207573e+11 +3.10657535e+11  6.84e+10   2.17e+03     6.70e+01   5.391s
 180000 +2.42604657e+11 +3.10750021e+11  6.81e+10   2.15e+03     6.74e+01   5.417s
 181000 +2.42879255e+11 +3.10845164e+11  6.80e+10   2.14e+03     6.62e+01   5.443s
 182000 +2.43068078e+11 +3.10937324e+11  6.79e+10   2.14e+03     6.53e+01   5.468s
 183000 +2.43281998e+11 +3.11028202e+11  6.77e+10   2.13e+03     6.48e+01   5.494s
 184000 +2.43522243e+11 +3.11122132e+11  6.76e+10   2.13e+03     6.44e+01   5.520s
 185000 +2.43739902e+11 +3.11210431e+11  6.75e+10   2.11e+03     6.42e+01   5.546s
 186000 +2.43937009e+11 +3.11302148e+11  6.74e+10   2.12e+03     6.40e+01   5.572s
 187000 +2.44171394e+11 +3.11394378e+11  6.72e+10   2.11e+03     6.40e+01   5.598s
 188000 +2.44494754e+11 +3.11484754e+11  6.70e+10   2.09e+03     6.48e+01   5.624s
 189000 +2.44831144e+11 +3.11572028e+11  6.67e+10   2.09e+03     6.43e+01   5.650s
 190000 +2.45069230e+11 +3.12625025e+11  6.76e+10   2.07e+03     2.21e+03   5.676s
 191000 +2.47167632e+11 +3.17363382e+11  7.02e+10   2.02e+03     3.48e+03   5.702s
 192000 +2.53395338e+11 +3.21452906e+11  6.81e+10   1.87e+03     4.72e+03   5.728s
 193000 +2.61300171e+11 +3.24587381e+11  6.33e+10   1.67e+03     4.99e+03   5.754s
 194000 +2.68832527e+11 +3.26507456e+11  5.77e+10   1.42e+03     4.96e+03   5.780s
 195000 +2.75317061e+11 +3.27725470e+11  5.24e+10   1.24e+03     4.61e+03   5.806s
 196000 +2.80656196e+11 +3.28448681e+11  4.78e+10   1.08e+03     4.33e+03   5.832s
 197000 +2.85093154e+11 +3.28907901e+11  4.38e+10   9.77e+02     4.03e+03   5.858s
 198000 +2.88911800e+11 +3.29146587e+11  4.02e+10   8.61e+02     3.79e+03   5.884s
 199000 +2.92156546e+11 +3.29206828e+11  3.71e+10   7.92e+02     3.53e+03   5.910s
 200000 +2.95033059e+11 +3.29227516e+11  3.42e+10   6.98e+02     3.33e+03   5.936s
 201000 +2.97531727e+11 +3.29201663e+11  3.17e+10   6.44e+02     3.13e+03   5.962s
 202000 +2.99670528e+11 +3.29017564e+11  2.93e+10   5.85e+02     2.92e+03   5.987s
 203000 +3.01451498e+11 +3.28845196e+11  2.74e+10   5.49e+02     2.74e+03   6.013s
 204000 +3.03066540e+11 +3.28713347e+11  2.56e+10   5.04e+02     2.59e+03   6.039s
 205000 +3.04448656e+11 +3.28569530e+11  2.41e+10   4.70e+02     2.45e+03   6.065s
 206000 +3.05686878e+11 +3.28402174e+11  2.27e+10   4.36e+02     2.33e+03   6.091s
 207000 +3.06804085e+11 +3.28202180e+11  2.14e+10   4.09e+02     2.20e+03   6.117s
 208000 +3.07744289e+11 +3.28072204e+11  2.03e+10   3.87e+02     2.10e+03   6.143s
 209000 +3.08584707e+11 +3.27852626e+11  1.93e+10   3.76e+02     1.98e+03   6.169s
 210000 +3.09310855e+11 +3.27659151e+11  1.83e+10   3.50e+02     1.88e+03   6.195s
 211000 +3.09901742e+11 +3.26743587e+11  1.68e+10   3.33e+02     1.59e+03   6.221s
 212000 +3.10413667e+11 +3.27252403e+11  1.68e+10   3.22e+02     1.83e+03   6.247s
 213000 +3.11207614e+11 +3.27680377e+11  1.65e+10   3.04e+02     2.10e+03   6.273s
 214000 +3.12244892e+11 +3.27997263e+11  1.58e+10   2.81e+02     2.33e+03   6.299s
 215000 +3.13466467e+11 +3.28275385e+11  1.48e+10   2.57e+02     2.49e+03   6.325s
 216000 +3.14751782e+11 +3.28396259e+11  1.36e+10   2.27e+02     2.55e+03   6.351s
 217000 +3.16032924e+11 +3.28454998e+11  1.24e+10   1.99e+02     2.56e+03   6.377s
 218000 +3.17231740e+11 +3.28357273e+11  1.11e+10   1.73e+02     2.48e+03   6.403s
 219000 +3.18298893e+11 +3.28255675e+11  9.96e+09   1.55e+02     2.39e+03   6.429s
 220000 +3.19259364e+11 +3.28146845e+11  8.89e+09   1.34e+02     2.29e+03   6.455s
 221000 +3.20089868e+11 +3.27967839e+11  7.88e+09   1.19e+02     2.17e+03   6.481s
 222000 +3.20794728e+11 +3.27826359e+11  7.03e+09   1.08e+02     2.06e+03   6.506s
 223000 +3.21392024e+11 +3.27659178e+11  6.27e+09   9.68e+01     1.94e+03   6.532s
 224000 +3.21869860e+11 +3.27492259e+11  5.62e+09   9.01e+01     1.82e+03   6.558s
 225000 +3.22237530e+11 +3.27270535e+11  5.03e+09   8.68e+01     1.72e+03   6.584s
 226000 +3.22542669e+11 +3.27125236e+11  4.58e+09   8.27e+01     1.62e+03   6.610s
 227000 +3.22782717e+11 +3.26965464e+11  4.18e+09   8.09e+01     1.54e+03   6.636s
 228000 +3.22991799e+11 +3.26814853e+11  3.82e+09   7.85e+01     1.46e+03   6.662s
 229000 +3.23153302e+11 +3.26656425e+11  3.50e+09   7.83e+01     1.38e+03   6.688s
 230000 +3.23280363e+11 +3.26560696e+11  3.28e+09   7.71e+01     1.32e+03   6.714s
 231000 +3.23369542e+11 +3.26435535e+11  3.07e+09   7.63e+01     1.27e+03   6.740s
 232000 +3.23439479e+11 +3.26325284e+11  2.89e+09   7.62e+01     1.21e+03   6.766s
 233000 +3.23488279e+11 +3.26204591e+11  2.72e+09   7.56e+01     1.16e+03   6.792s
 234000 +3.23516341e+11 +3.26115374e+11  2.60e+09   7.55e+01     1.11e+03   6.818s
 235000 +3.23528715e+11 +3.26033881e+11  2.51e+09   7.53e+01     1.07e+03   6.844s
 236000 +3.23531661e+11 +3.25922384e+11  2.39e+09   7.52e+01     1.03e+03   6.869s
 237000 +3.23525980e+11 +3.25842570e+11  2.32e+09   7.51e+01     9.99e+02   6.895s
 238000 +3.23516195e+11 +3.25780778e+11  2.26e+09   7.52e+01     9.69e+02   6.921s
 239000 +3.23501557e+11 +3.25719563e+11  2.22e+09   7.51e+01     9.43e+02   6.947s
 240000 +3.23477611e+11 +3.25675491e+11  2.20e+09   7.51e+01     9.19e+02   6.973s
 241000 +3.23455367e+11 +3.25605150e+11  2.15e+09   7.52e+01     8.91e+02   6.999s
 242000 +3.23434285e+11 +3.25539963e+11  2.11e+09   7.53e+01     8.67e+02   7.025s
 243000 +3.23536866e+11 +3.25099176e+11  1.56e+09   7.56e+01     7.41e+02   7.051s
 244000 +3.23793744e+11 +3.24985041e+11  1.19e+09   7.58e+01     6.91e+02   7.077s
 245000 +3.24040734e+11 +3.24886268e+11  8.46e+08   7.63e+01     6.52e+02   7.103s
 246000 +3.24259423e+11 +3.24788577e+11  5.29e+08   7.71e+01     6.13e+02   7.129s
 247000 +3.24454110e+11 +3.24699929e+11  2.46e+08   7.78e+01     5.76e+02   7.155s
 248000 +3.24614560e+11 +3.24605522e+11  9.04e+06   7.86e+01     5.42e+02   7.181s
 249000 +3.24750873e+11 +3.24504763e+11  2.46e+08   7.93e+01     5.01e+02   7.207s
 250000 +3.24859165e+11 +3.24440826e+11  4.18e+08   7.98e+01     4.72e+02   7.233s
 251000 +3.24932658e+11 +3.24372019e+11  5.61e+08   7.98e+01     4.44e+02   7.259s
 252000 +3.24993422e+11 +3.24327898e+11  6.66e+08   8.01e+01     4.22e+02   7.285s
 253000 +3.25039651e+11 +3.24275275e+11  7.64e+08   8.00e+01     4.03e+02   7.311s
 254000 +3.25071940e+11 +3.24234415e+11  8.38e+08   8.06e+01     3.83e+02   7.337s
 255000 +3.25091676e+11 +3.24198727e+11  8.93e+08   8.00e+01     3.68e+02   7.363s
 256000 +3.25106938e+11 +3.24164567e+11  9.42e+08   8.03e+01     3.53e+02   7.388s
 257000 +3.25110880e+11 +3.24135356e+11  9.76e+08   8.06e+01     3.39e+02   7.414s
 258000 +3.25104594e+11 +3.24089528e+11  1.02e+09   8.05e+01     3.21e+02   7.440s
 259000 +3.25093465e+11 +3.24052808e+11  1.04e+09   8.03e+01     3.04e+02   7.466s
 260000 +3.25081589e+11 +3.24022180e+11  1.06e+09   8.02e+01     2.87e+02   7.492s
 261000 +3.25067398e+11 +3.23991021e+11  1.08e+09   8.00e+01     2.73e+02   7.518s
 262000 +3.25049058e+11 +3.23964917e+11  1.08e+09   7.98e+01     2.62e+02   7.544s
 263000 +3.25023254e+11 +3.23946754e+11  1.08e+09   7.97e+01     2.54e+02   7.570s
 264000 +3.24990748e+11 +3.23929483e+11  1.06e+09   7.93e+01     2.43e+02   7.596s
 265000 +3.24984703e+11 +3.23773759e+11  1.21e+09   8.10e+01     1.96e+02   7.622s
 266000 +3.25016974e+11 +3.23745123e+11  1.27e+09   8.02e+01     1.79e+02   7.648s
 267000 +3.25039033e+11 +3.23717266e+11  1.32e+09   8.03e+01     1.66e+02   7.674s
 268000 +3.25047975e+11 +3.23695950e+11  1.35e+09   8.01e+01     1.56e+02   7.700s
 269000 +3.25054139e+11 +3.23675094e+11  1.38e+09   8.07e+01     1.44e+02   7.726s
 270000 +3.25061131e+11 +3.23652255e+11  1.41e+09   8.08e+01     1.32e+02   7.752s
 271000 +3.25062993e+11 +3.23643716e+11  1.42e+09   8.03e+01     1.26e+02   7.778s
 272000 +3.25063912e+11 +3.23627191e+11  1.44e+09   8.05e+01     1.19e+02   7.804s
 273000 +3.25059604e+11 +3.23614857e+11  1.44e+09   8.08e+01     1.12e+02   7.830s
 274000 +3.25047101e+11 +3.23609216e+11  1.44e+09   8.02e+01     1.06e+02   7.855s
 275000 +3.25027400e+11 +3.23594968e+11  1.43e+09   7.97e+01     1.00e+02   7.881s
 276000 +3.25008321e+11 +3.23588219e+11  1.42e+09   7.98e+01     9.54e+01   7.907s
 277000 +3.24986265e+11 +3.23583614e+11  1.40e+09   7.97e+01     9.21e+01   7.933s
 278000 +3.24987958e+11 +3.23532534e+11  1.46e+09   7.99e+01     6.63e+01   7.960s
 279000 +3.24979739e+11 +3.23527301e+11  1.45e+09   7.95e+01     6.03e+01   7.986s
 280000 +3.24973102e+11 +3.23520468e+11  1.45e+09   7.96e+01     5.41e+01   8.012s
 281000 +3.24965090e+11 +3.23513253e+11  1.45e+09   7.95e+01     5.02e+01   8.037s
 282000 +3.24955219e+11 +3.23512782e+11  1.44e+09   7.96e+01     4.69e+01   8.063s
 283000 +3.24939691e+11 +3.23505883e+11  1.43e+09   7.99e+01     4.22e+01   8.089s
 284000 +3.24920210e+11 +3.23505207e+11  1.42e+09   7.90e+01     3.99e+01   8.115s
 285000 +3.24905523e+11 +3.23503781e+11  1.40e+09   7.91e+01     3.73e+01   8.141s
 286000 +3.24891485e+11 +3.23502586e+11  1.39e+09   7.88e+01     3.59e+01   8.167s
 287000 +3.24875998e+11 +3.23499490e+11  1.38e+09   7.88e+01     3.19e+01   8.193s
 288000 +3.24852104e+11 +3.23488537e+11  1.36e+09   7.87e+01     2.30e+01   8.219s
 289000 +3.24834097e+11 +3.23487473e+11  1.35e+09   7.84e+01     2.08e+01   8.245s
 290000 +3.24820754e+11 +3.23486336e+11  1.33e+09   7.82e+01     1.86e+01   8.271s
 291000 +3.24805018e+11 +3.23485275e+11  1.32e+09   7.82e+01     1.71e+01   8.297s
 292000 +3.24789794e+11 +3.23484209e+11  1.31e+09   7.80e+01     1.59e+01   8.323s
 293000 +3.24777289e+11 +3.23483902e+11  1.29e+09   7.80e+01     1.48e+01   8.349s
 294000 +3.24768548e+11 +3.23482897e+11  1.29e+09   7.80e+01     1.31e+01   8.375s
 295000 +3.24761409e+11 +3.23483049e+11  1.28e+09   7.81e+01     1.23e+01   8.401s
 296000 +3.24755858e+11 +3.23482897e+11  1.27e+09   7.79e+01     1.17e+01   8.427s
 297000 +3.24747231e+11 +3.23480879e+11  1.27e+09   7.75e+01     8.65e+00   8.453s
 298000 +3.24737912e+11 +3.23480676e+11  1.26e+09   7.75e+01     7.95e+00   8.479s
 299000 +3.24733270e+11 +3.23480371e+11  1.25e+09   7.75e+01     7.28e+00   8.505s
 300000 +3.24732686e+11 +3.23480297e+11  1.25e+09   7.75e+01     6.69e+00   8.531s
 301000 +3.24734133e+11 +3.23480526e+11  1.25e+09   7.74e+01     6.23e+00   8.557s
 302000 +3.24738263e+11 +3.23480406e+11  1.26e+09   7.75e+01     5.77e+00   8.583s
 303000 +3.24742689e+11 +3.23480248e+11  1.26e+09   7.75e+01     5.31e+00   8.608s
 304000 +3.24745464e+11 +3.23480166e+11  1.27e+09   7.74e+01     5.06e+00   8.634s
 305000 +3.24746130e+11 +3.23479888e+11  1.27e+09   7.72e+01     3.93e+00   8.661s
 306000 +3.24745463e+11 +3.23479704e+11  1.27e+09   7.73e+01     3.42e+00   8.687s
 307000 +3.24745730e+11 +3.23479694e+11  1.27e+09   7.73e+01     3.19e+00   8.712s
 308000 +3.24747673e+11 +3.23479692e+11  1.27e+09   7.73e+01     2.94e+00   8.738s
 309000 +3.24748921e+11 +3.23479536e+11  1.27e+09   7.73e+01     2.72e+00   8.764s
 310000 +3.24747375e+11 +3.23479472e+11  1.27e+09   7.73e+01     2.55e+00   8.790s
 311000 +3.24747680e+11 +3.23479510e+11  1.27e+09   7.72e+01     2.27e+00   8.817s
 312000 +3.24747872e+11 +3.23479505e+11  1.27e+09   7.71e+01     2.24e+00   8.842s
 313000 +3.24746671e+11 +3.23479473e+11  1.27e+09   7.72e+01     2.18e+00   8.868s
 314000 +3.24744856e+11 +3.23479469e+11  1.27e+09   7.72e+01     2.09e+00   8.894s
 315000 +3.24743713e+11 +3.23479147e+11  1.26e+09   7.71e+01     1.07e+00   8.921s
 316000 +3.24742079e+11 +3.23479115e+11  1.26e+09   7.71e+01     1.03e+00   8.947s
 317000 +3.24738176e+11 +3.23479011e+11  1.26e+09   7.71e+01     8.71e-01   8.972s
 318000 +3.24733620e+11 +3.23478992e+11  1.25e+09   7.71e+01     1.11e+00   8.999s
 319000 +3.24730761e+11 +3.23478949e+11  1.25e+09   7.70e+01     1.12e+00   9.025s
 320000 +3.24726995e+11 +3.23478879e+11  1.25e+09   7.70e+01     1.01e+00   9.051s
 321000 +3.24721231e+11 +3.23478890e+11  1.24e+09   7.69e+01     1.00e+00   9.076s
 322000 +3.24715781e+11 +3.23478897e+11  1.24e+09   7.68e+01     1.00e+00   9.102s
 323000 +3.24711122e+11 +3.23478911e+11  1.23e+09   7.68e+01     1.01e+00   9.128s
 324000 +3.24706593e+11 +3.23478921e+11  1.23e+09   7.67e+01     9.98e-01   9.154s
 325000 +3.24702240e+11 +3.23478964e+11  1.22e+09   7.67e+01     9.75e-01   9.180s
 326000 +3.24700522e+11 +3.23479041e+11  1.22e+09   7.67e+01     9.39e-01   9.206s
 327000 +3.24700292e+11 +3.23478993e+11  1.22e+09   7.67e+01     9.24e-01   9.232s
 328000 +3.24698287e+11 +3.23478944e+11  1.22e+09   7.66e+01     9.45e-01   9.258s
 329000 +3.24695679e+11 +3.23479002e+11  1.22e+09   7.67e+01     9.35e-01   9.284s
 330000 +3.24694387e+11 +3.23479050e+11  1.22e+09   7.67e+01     9.14e-01   9.310s
 331000 +3.24693609e+11 +3.23479082e+11  1.21e+09   7.67e+01     9.14e-01   9.336s
 332000 +3.24693726e+11 +3.23479143e+11  1.21e+09   7.66e+01     9.14e-01   9.362s
 333000 +3.24694986e+11 +3.23479137e+11  1.22e+09   7.67e+01     9.05e-01   9.388s
 334000 +3.24695503e+11 +3.23479122e+11  1.22e+09   7.67e+01     9.01e-01   9.414s
 335000 +3.24694840e+11 +3.23479077e+11  1.22e+09   7.66e+01     9.01e-01   9.440s
 336000 +3.24692569e+11 +3.23479068e+11  1.21e+09   7.66e+01     9.10e-01   9.465s
 337000 +3.24689025e+11 +3.23479051e+11  1.21e+09   7.66e+01     9.20e-01   9.491s
 338000 +3.24684559e+11 +3.23479036e+11  1.21e+09   7.66e+01     9.26e-01   9.517s
 339000 +3.24680384e+11 +3.23479078e+11  1.20e+09   7.66e+01     9.05e-01   9.543s
 340000 +3.24677617e+11 +3.23479107e+11  1.20e+09   7.66e+01     8.93e-01   9.569s
 341000 +3.24676775e+11 +3.23479143e+11  1.20e+09   7.66e+01     8.90e-01   9.595s
 342000 +3.24676834e+11 +3.23479158e+11  1.20e+09   7.65e+01     8.88e-01   9.621s
 343000 +3.24676636e+11 +3.23479182e+11  1.20e+09   7.65e+01     8.92e-01   9.647s
 344000 +3.24675818e+11 +3.23479175e+11  1.20e+09   7.66e+01     8.87e-01   9.673s
 345000 +3.24675071e+11 +3.23479161e+11  1.20e+09   7.66e+01     8.80e-01   9.699s
 346000 +3.24673560e+11 +3.23479159e+11  1.19e+09   7.66e+01     8.84e-01   9.725s
 347000 +3.24672438e+11 +3.23479200e+11  1.19e+09   7.66e+01     8.90e-01   9.751s
 348000 +3.24671803e+11 +3.23479208e+11  1.19e+09   7.66e+01     8.92e-01   9.777s
 349000 +3.24671479e+11 +3.23479221e+11  1.19e+09   7.66e+01     8.79e-01   9.803s
 350000 +3.24669983e+11 +3.23479213e+11  1.19e+09   7.65e+01     8.81e-01   9.829s
 351000 +3.24668430e+11 +3.23479215e+11  1.19e+09   7.65e+01     8.88e-01   9.855s
 352000 +3.24666848e+11 +3.23479231e+11  1.19e+09   7.65e+01     8.97e-01   9.880s
 353000 +3.24663919e+11 +3.23479229e+11  1.18e+09   7.65e+01     9.04e-01   9.906s
 354000 +3.24661069e+11 +3.23479238e+11  1.18e+09   7.65e+01     8.99e-01   9.932s
 355000 +3.24659512e+11 +3.23479265e+11  1.18e+09   7.65e+01     9.00e-01   9.958s
 356000 +3.24658004e+11 +3.23479249e+11  1.18e+09   7.65e+01     9.32e-01   9.984s
 357000 +3.24654051e+11 +3.23479178e+11  1.17e+09   7.64e+01     9.53e-01   10.010s
 358000 +3.24646903e+11 +3.23479092e+11  1.17e+09   7.64e+01     9.75e-01   10.036s
 359000 +3.24637850e+11 +3.23479144e+11  1.16e+09   7.64e+01     9.61e-01   10.062s
 360000 +3.24631466e+11 +3.23479207e+11  1.15e+09   7.64e+01     9.62e-01   10.088s
 361000 +3.24629898e+11 +3.23479276e+11  1.15e+09   7.64e+01     9.37e-01   10.114s
 362000 +3.24629561e+11 +3.23479329e+11  1.15e+09   7.64e+01     9.33e-01   10.140s
 363000 +3.24633554e+11 +3.23479458e+11  1.15e+09   7.63e+01     9.34e-01   10.166s
 364000 +3.24635171e+11 +3.23479296e+11  1.16e+09   7.63e+01     9.20e-01   10.192s
 365000 +3.24633535e+11 +3.23479299e+11  1.15e+09   7.62e+01     9.28e-01   10.218s
 366000 +3.24631125e+11 +3.23479322e+11  1.15e+09   7.63e+01     9.32e-01   10.243s
 367000 +3.24630077e+11 +3.23479302e+11  1.15e+09   7.63e+01     9.28e-01   10.269s
 368000 +3.24630107e+11 +3.23479380e+11  1.15e+09   7.63e+01     9.19e-01   10.295s
 369000 +3.24630444e+11 +3.23479389e+11  1.15e+09   7.63e+01     9.06e-01   10.321s
 370000 +3.24632791e+11 +3.23479473e+11  1.15e+09   7.63e+01     9.22e-01   10.347s
 371000 +3.24636403e+11 +3.23479425e+11  1.16e+09   7.63e+01     9.13e-01   10.373s
 372000 +3.24636642e+11 +3.23479391e+11  1.16e+09   7.64e+01     9.10e-01   10.399s
 373000 +3.24635129e+11 +3.23479399e+11  1.16e+09   7.63e+01     9.12e-01   10.425s
 374000 +3.24632890e+11 +3.23479313e+11  1.15e+09   7.63e+01     9.12e-01   10.451s
 375000 +3.24630106e+11 +3.23479376e+11  1.15e+09   7.63e+01     9.09e-01   10.477s
 376000 +3.24628450e+11 +3.23479436e+11  1.15e+09   7.63e+01     9.06e-01   10.503s
 377000 +3.24630405e+11 +3.23479519e+11  1.15e+09   7.63e+01     8.99e-01   10.529s
 378000 +3.24632808e+11 +3.23479449e+11  1.15e+09   7.63e+01     8.94e-01   10.555s
 379000 +3.24632177e+11 +3.23479420e+11  1.15e+09   7.63e+01     8.97e-01   10.581s
 380000 +3.24631829e+11 +3.23479445e+11  1.15e+09   7.63e+01     8.95e-01   10.607s
 381000 +3.24631788e+11 +3.23479467e+11  1.15e+09   7.63e+01     8.94e-01   10.633s
 382000 +3.24632183e+11 +3.23479497e+11  1.15e+09   7.63e+01     8.95e-01   10.659s
 383000 +3.24632593e+11 +3.23479510e+11  1.15e+09   7.63e+01     8.93e-01   10.684s
 384000 +3.24633525e+11 +3.23479471e+11  1.15e+09   7.63e+01     8.90e-01   10.710s
 385000 +3.24633634e+11 +3.23479452e+11  1.15e+09   7.63e+01     8.87e-01   10.736s
 386000 +3.24632063e+11 +3.23479487e+11  1.15e+09   7.63e+01     8.86e-01   10.762s
 387000 +3.24631403e+11 +3.23479539e+11  1.15e+09   7.63e+01     8.84e-01   10.788s
 388000 +3.24631399e+11 +3.23479505e+11  1.15e+09   7.63e+01     8.84e-01   10.814s
 389000 +3.24630671e+11 +3.23479525e+11  1.15e+09   7.63e+01     8.83e-01   10.840s
 390000 +3.24630311e+11 +3.23479488e+11  1.15e+09   7.63e+01     8.83e-01   10.866s
 391000 +3.24630972e+11 +3.23479528e+11  1.15e+09   7.63e+01     8.83e-01   10.892s
 392000 +3.24631656e+11 +3.23479552e+11  1.15e+09   7.63e+01     8.78e-01   10.918s
 393000 +3.24631439e+11 +3.23479559e+11  1.15e+09   7.63e+01     8.80e-01   10.944s
 394000 +3.24631642e+11 +3.23479573e+11  1.15e+09   7.64e+01     8.76e-01   10.970s
 395000 +3.24632808e+11 +3.23479566e+11  1.15e+09   7.63e+01     8.73e-01   10.996s
 396000 +3.24632506e+11 +3.23479554e+11  1.15e+09   7.63e+01     8.80e-01   11.022s
 397000 +3.24631523e+11 +3.23479561e+11  1.15e+09   7.63e+01     8.80e-01   11.048s
 398000 +3.24628725e+11 +3.23479521e+11  1.15e+09   7.63e+01     8.82e-01   11.074s
 399000 +3.24625923e+11 +3.23479516e+11  1.15e+09   7.63e+01     8.82e-01   11.100s
 400000 +3.24624499e+11 +3.23479613e+11  1.14e+09   7.63e+01     8.86e-01   11.125s
 401000 +3.24623307e+11 +3.23479602e+11  1.14e+09   7.63e+01     8.93e-01   11.151s
 402000 +3.24622235e+11 +3.23479587e+11  1.14e+09   7.62e+01     8.86e-01   11.177s
 403000 +3.24620193e+11 +3.23479588e+11  1.14e+09   7.63e+01     8.90e-01   11.203s
 404000 +3.24618751e+11 +3.23479595e+11  1.14e+09   7.62e+01     8.87e-01   11.229s
 405000 +3.24618431e+11 +3.23479632e+11  1.14e+09   7.62e+01     8.90e-01   11.255s
 406000 +3.24617984e+11 +3.23479663e+11  1.14e+09   7.62e+01     9.03e-01   11.281s
 407000 +3.24615129e+11 +3.23479568e+11  1.14e+09   7.62e+01     9.16e-01   11.307s
 408000 +3.24608591e+11 +3.23479546e+11  1.13e+09   7.62e+01     9.20e-01   11.333s
 409000 +3.24601941e+11 +3.23479544e+11  1.12e+09   7.62e+01     9.12e-01   11.359s
 410000 +3.24596965e+11 +3.23479543e+11  1.12e+09   7.62e+01     9.09e-01   11.385s
 411000 +3.24592849e+11 +3.23479537e+11  1.11e+09   7.61e+01     9.16e-01   11.411s
 412000 +3.24591120e+11 +3.23479669e+11  1.11e+09   7.61e+01     9.30e-01   11.437s
 413000 +3.24592692e+11 +3.23479743e+11  1.11e+09   7.61e+01     9.10e-01   11.463s
 414000 +3.24594843e+11 +3.23479681e+11  1.12e+09   7.61e+01     8.94e-01   11.489s
 415000 +3.24594876e+11 +3.23479722e+11  1.12e+09   7.61e+01     9.12e-01   11.515s
 416000 +3.24593753e+11 +3.23479682e+11  1.11e+09   7.62e+01     9.21e-01   11.541s
 417000 +3.24591800e+11 +3.23479654e+11  1.11e+09   7.60e+01     9.04e-01   11.567s
 418000 +3.24589980e+11 +3.23479701e+11  1.11e+09   7.61e+01     9.03e-01   11.592s
 419000 +3.24590414e+11 +3.23479758e+11  1.11e+09   7.61e+01     9.06e-01   11.618s
 420000 +3.24592457e+11 +3.23479717e+11  1.11e+09   7.61e+01     9.03e-01   11.644s
 421000 +3.24594157e+11 +3.23479780e+11  1.11e+09   7.61e+01     8.98e-01   11.670s
 422000 +3.24595774e+11 +3.23479782e+11  1.12e+09   7.61e+01     8.97e-01   11.696s
 423000 +3.24595768e+11 +3.23479736e+11  1.12e+09   7.61e+01     9.13e-01   11.722s
 424000 +3.24593240e+11 +3.23479771e+11  1.11e+09   7.60e+01     9.07e-01   11.748s
 425000 +3.24590585e+11 +3.23479707e+11  1.11e+09   7.62e+01     9.06e-01   11.774s
 426000 +3.24586781e+11 +3.23479676e+11  1.11e+09   7.61e+01     9.04e-01   11.800s
 427000 +3.24583662e+11 +3.23479706e+11  1.10e+09   7.60e+01     8.90e-01   11.826s
 428000 +3.24582928e+11 +3.23479775e+11  1.10e+09   7.61e+01     8.96e-01   11.852s
 429000 +3.24585786e+11 +3.23479871e+11  1.11e+09   7.61e+01     9.05e-01   11.878s
 430000 +3.24590035e+11 +3.23479845e+11  1.11e+09   7.60e+01     8.98e-01   11.904s
 431000 +3.24591569e+11 +3.23479812e+11  1.11e+09   7.60e+01     9.03e-01   11.930s
 432000 +3.24590810e+11 +3.23479696e+11  1.11e+09   7.61e+01     9.05e-01   11.956s
 433000 +3.24583947e+11 +3.23479618e+11  1.10e+09   7.61e+01     9.22e-01   11.982s
 434000 +3.24574766e+11 +3.23479606e+11  1.10e+09   7.59e+01     9.51e-01   12.008s
 435000 +3.24565035e+11 +3.23479659e+11  1.09e+09   7.60e+01     9.61e-01   12.034s
 436000 +3.24561505e+11 +3.23479900e+11  1.08e+09   7.60e+01     9.09e-01   12.059s
 437000 +3.24564232e+11 +3.23479919e+11  1.08e+09   7.60e+01     9.23e-01   12.085s
 438000 +3.24568018e+11 +3.23479913e+11  1.09e+09   7.60e+01     9.17e-01   12.111s
 439000 +3.24570907e+11 +3.23479843e+11  1.09e+09   7.61e+01     9.15e-01   12.137s
 440000 +3.24571323e+11 +3.23479780e+11  1.09e+09   7.60e+01     9.20e-01   12.163s
 441000 +3.24566943e+11 +3.23479771e+11  1.09e+09   7.60e+01     9.29e-01   12.189s
 442000 +3.24566014e+11 +3.23479843e+11  1.09e+09   7.60e+01     9.27e-01   12.215s
 443000 +3.24564172e+11 +3.23479834e+11  1.08e+09   7.61e+01     9.34e-01   12.241s
 444000 +3.24560792e+11 +3.23479835e+11  1.08e+09   7.60e+01     9.31e-01   12.267s
 445000 +3.24557638e+11 +3.23479823e+11  1.08e+09   7.60e+01     9.41e-01   12.293s
 446000 +3.24552409e+11 +3.23479690e+11  1.07e+09   7.59e+01     9.31e-01   12.319s
 447000 +3.24546559e+11 +3.23479824e+11  1.07e+09   7.59e+01     9.41e-01   12.345s
 448000 +3.24546971e+11 +3.23479969e+11  1.07e+09   7.59e+01     9.29e-01   12.371s
 449000 +3.24551040e+11 +3.23479964e+11  1.07e+09   7.59e+01     9.30e-01   12.397s
 450000 +3.24552656e+11 +3.23479899e+11  1.07e+09   7.60e+01     9.34e-01   12.423s
 451000 +3.24551743e+11 +3.23479855e+11  1.07e+09   7.60e+01     9.21e-01   12.449s
 452000 +3.24550131e+11 +3.23479867e+11  1.07e+09   7.59e+01     9.43e-01   12.474s
 453000 +3.24547517e+11 +3.23479901e+11  1.07e+09   7.59e+01     9.31e-01   12.500s
 454000 +3.24545267e+11 +3.23480007e+11  1.07e+09   7.60e+01     9.37e-01   12.526s
 455000 +3.24547316e+11 +3.23479972e+11  1.07e+09   7.60e+01     9.41e-01   12.552s
 456000 +3.24552325e+11 +3.23480073e+11  1.07e+09   7.60e+01     9.16e-01   12.578s
 457000 +3.24553006e+11 +3.23479923e+11  1.07e+09   7.60e+01     9.25e-01   12.604s
 458000 +3.24550405e+11 +3.23479874e+11  1.07e+09   7.59e+01     9.29e-01   12.630s
 459000 +3.24548805e+11 +3.23479922e+11  1.07e+09   7.59e+01     9.24e-01   12.656s
 460000 +3.24549312e+11 +3.23480033e+11  1.07e+09   7.59e+01     9.18e-01   12.682s
 461000 +3.24549506e+11 +3.23479979e+11  1.07e+09   7.59e+01     9.24e-01   12.708s
 462000 +3.24548392e+11 +3.23479949e+11  1.07e+09   7.59e+01     9.20e-01   12.734s
 463000 +3.24545764e+11 +3.23479887e+11  1.07e+09   7.59e+01     9.40e-01   12.760s
 464000 +3.24539956e+11 +3.23479855e+11  1.06e+09   7.58e+01     9.58e-01   12.786s
 465000 +3.24532545e+11 +3.23479928e+11  1.05e+09   7.59e+01     9.54e-01   12.812s
 466000 +3.24529178e+11 +3.23480012e+11  1.05e+09   7.58e+01     9.24e-01   12.838s
 467000 +3.24529199e+11 +3.23479604e+11  1.05e+09   7.57e+01     2.86e+01   12.864s
 468000 +3.24526708e+11 +3.23476214e+11  1.05e+09   7.57e+01     2.85e+01   12.890s
 469000 +3.24520563e+11 +3.23472944e+11  1.05e+09   7.57e+01     2.91e+01   12.916s
 470000 +3.24511049e+11 +3.23469265e+11  1.04e+09   7.57e+01     3.03e+01   12.942s
 471000 +3.24498697e+11 +3.23467327e+11  1.03e+09   7.56e+01     3.17e+01   12.968s
 472000 +3.24485550e+11 +3.23466071e+11  1.02e+09   7.56e+01     3.23e+01   12.994s
 473000 +3.24471958e+11 +3.23464390e+11  1.01e+09   7.55e+01     3.34e+01   13.020s
 474000 +3.24455410e+11 +3.23463280e+11  9.92e+08   7.54e+01     3.48e+01   13.046s
 475000 +3.24438906e+11 +3.23462978e+11  9.76e+08   7.54e+01     3.47e+01   13.072s
 476000 +3.24420993e+11 +3.23459011e+11  9.62e+08   7.53e+01     3.66e+01   13.097s
 477000 +3.24399863e+11 +3.23458224e+11  9.42e+08   7.52e+01     3.83e+01   13.123s
 478000 +3.24376688e+11 +3.23455761e+11  9.21e+08   7.51e+01     3.97e+01   13.149s
 479000 +3.24350764e+11 +3.23454021e+11  8.97e+08   7.50e+01     4.12e+01   13.175s
 480000 +3.24323817e+11 +3.23454347e+11  8.69e+08   7.49e+01     4.20e+01   13.201s
 481000 +3.24296745e+11 +3.23453727e+11  8.43e+08   7.48e+01     4.27e+01   13.227s
 482000 +3.24271697e+11 +3.23456683e+11  8.15e+08   7.48e+01     4.20e+01   13.253s
 483000 +3.24250713e+11 +3.23459181e+11  7.92e+08   7.47e+01     4.11e+01   13.279s
 484000 +3.24232201e+11 +3.23457699e+11  7.75e+08   7.46e+01     4.05e+01   13.305s
 485000 +3.24213034e+11 +3.23456100e+11  7.57e+08   7.46e+01     4.11e+01   13.331s
 486000 +3.24193400e+11 +3.23458310e+11  7.35e+08   7.45e+01     4.17e+01   13.357s
 487000 +3.24173719e+11 +3.23458636e+11  7.15e+08   7.45e+01     4.14e+01   13.383s
 488000 +3.24155543e+11 +3.23458637e+11  6.97e+08   7.45e+01     4.10e+01   13.409s
 489000 +3.24139591e+11 +3.23462189e+11  6.77e+08   7.45e+01     3.99e+01   13.435s
 490000 +3.24123144e+11 +3.23458641e+11  6.65e+08   7.44e+01     3.87e+01   13.461s
 491000 +3.24109052e+11 +3.23459825e+11  6.49e+08   7.43e+01     3.80e+01   13.487s
 492000 +3.24097937e+11 +3.23466107e+11  6.32e+08   7.43e+01     3.72e+01   13.513s
 493000 +3.24088342e+11 +3.23463422e+11  6.25e+08   7.43e+01     3.66e+01   13.539s
 494000 +3.24076471e+11 +3.23462821e+11  6.14e+08   7.43e+01     3.69e+01   13.565s
 495000 +3.24065256e+11 +3.23466016e+11  5.99e+08   7.43e+01     3.60e+01   13.591s
 496000 +3.24056268e+11 +3.23465049e+11  5.91e+08   7.43e+01     3.58e+01   13.616s
 497000 +3.24047496e+11 +3.23465834e+11  5.82e+08   7.42e+01     3.49e+01   13.642s
 498000 +3.24039653e+11 +3.23468277e+11  5.71e+08   7.42e+01     3.47e+01   13.668s
 499000 +3.24033536e+11 +3.23465090e+11  5.68e+08   7.42e+01     5.79e+01   13.695s
 500000 +3.24026406e+11 +3.23461743e+11  5.65e+08   7.42e+01     5.85e+01   13.721s
 501000 +3.24018100e+11 +3.23459480e+11  5.59e+08   7.41e+01     5.95e+01   13.746s
 502000 +3.24008901e+11 +3.23457046e+11  5.52e+08   7.41e+01     6.05e+01   13.772s
 503000 +3.23998801e+11 +3.23454267e+11  5.45e+08   7.41e+01     6.17e+01   13.798s
 504000 +3.23988095e+11 +3.23453061e+11  5.35e+08   7.41e+01     6.25e+01   13.824s
 505000 +3.23976928e+11 +3.23452043e+11  5.25e+08   7.40e+01     6.33e+01   13.850s
 506000 +3.23965603e+11 +3.23451704e+11  5.14e+08   7.40e+01     6.40e+01   13.876s
 507000 +3.23954026e+11 +3.23450733e+11  5.03e+08   7.40e+01     6.45e+01   13.902s
 508000 +3.23942793e+11 +3.23451620e+11  4.91e+08   7.40e+01     6.44e+01   13.928s
 509000 +3.23930722e+11 +3.23447890e+11  4.83e+08   7.40e+01     6.49e+01   13.954s
 510000 +3.23918945e+11 +3.23449663e+11  4.69e+08   7.40e+01     6.44e+01   13.980s
 511000 +3.23908147e+11 +3.23451946e+11  4.56e+08   7.40e+01     6.39e+01   14.006s
 512000 +3.23897975e+11 +3.23453624e+11  4.44e+08   7.40e+01     6.37e+01   14.032s
 513000 +3.23888250e+11 +3.23453994e+11  4.34e+08   7.40e+01     6.36e+01   14.058s
 514000 +3.23878123e+11 +3.23451232e+11  4.27e+08   7.40e+01     6.36e+01   14.084s
 515000 +3.23867777e+11 +3.23450822e+11  4.17e+08   7.39e+01     6.35e+01   14.110s
 516000 +3.23857371e+11 +3.23451698e+11  4.06e+08   7.39e+01     6.34e+01   14.136s
 517000 +3.23846858e+11 +3.23451997e+11  3.95e+08   7.39e+01     6.35e+01   14.161s
 518000 +3.23836671e+11 +3.23453964e+11  3.83e+08   7.39e+01     6.24e+01   14.187s
 519000 +3.23828770e+11 +3.23458195e+11  3.71e+08   7.39e+01     6.10e+01   14.213s
 520000 +3.23821981e+11 +3.23457729e+11  3.64e+08   7.39e+01     6.05e+01   14.239s
 521000 +3.23815014e+11 +3.23458817e+11  3.56e+08   7.39e+01     6.01e+01   14.265s
 522000 +3.23809034e+11 +3.23460991e+11  3.48e+08   7.39e+01     5.90e+01   14.291s
 523000 +3.23804149e+11 +3.23463163e+11  3.41e+08   7.39e+01     5.86e+01   14.317s
 524000 +3.23801048e+11 +3.23466675e+11  3.34e+08   7.39e+01     5.79e+01   14.343s
 525000 +3.23798699e+11 +3.23465433e+11  3.33e+08   7.39e+01     5.75e+01   14.369s
 526000 +3.23796289e+11 +3.23466412e+11  3.30e+08   7.39e+01     5.73e+01   14.395s
 527000 +3.23794090e+11 +3.23468483e+11  3.26e+08   7.39e+01     1.19e+02   14.421s
 528000 +3.23791853e+11 +3.23468010e+11  3.24e+08   7.39e+01     1.19e+02   14.447s
 529000 +3.23789603e+11 +3.23468339e+11  3.21e+08   7.39e+01     1.19e+02   14.473s
 530000 +3.23787301e+11 +3.23468410e+11  3.19e+08   7.39e+01     1.19e+02   14.499s
 531000 +3.23785011e+11 +3.23468171e+11  3.17e+08   7.39e+01     1.19e+02   14.525s
 532000 +3.23782748e+11 +3.23468372e+11  3.14e+08   7.39e+01     1.19e+02   14.551s
 533000 +3.23780494e+11 +3.23468483e+11  3.12e+08   7.39e+01     1.19e+02   14.577s
 534000 +3.23778372e+11 +3.23470249e+11  3.08e+08   7.39e+01     1.19e+02   14.603s
 535000 +3.23776496e+11 +3.23470557e+11  3.06e+08   7.39e+01     1.18e+02   14.629s
 536000 +3.23774671e+11 +3.23470775e+11  3.04e+08   7.39e+01     1.18e+02   14.655s
 537000 +3.23772823e+11 +3.23471130e+11  3.02e+08   7.39e+01     1.18e+02   14.680s
 538000 +3.23771079e+11 +3.23471900e+11  2.99e+08   7.39e+01     1.18e+02   14.706s
 539000 +3.23769408e+11 +3.23472146e+11  2.97e+08   7.39e+01     1.18e+02   14.732s
 540000 +3.23767864e+11 +3.23473073e+11  2.95e+08   7.39e+01     1.18e+02   14.758s
 541000 +3.23766442e+11 +3.23473928e+11  2.93e+08   7.39e+01     1.18e+02   14.784s
 542000 +3.23765128e+11 +3.23473810e+11  2.91e+08   7.39e+01     1.18e+02   14.810s
 543000 +3.23763928e+11 +3.23474974e+11  2.89e+08   7.39e+01     1.18e+02   14.836s
 544000 +3.23762895e+11 +3.23476090e+11  2.87e+08   7.39e+01     1.18e+02   14.862s
 545000 +3.23762016e+11 +3.23476647e+11  2.85e+08   7.39e+01     1.18e+02   14.888s
 546000 +3.23761289e+11 +3.23477670e+11  2.84e+08   7.39e+01     1.18e+02   14.914s
 547000 +3.23760741e+11 +3.23478804e+11  2.82e+08   7.39e+01     1.18e+02   14.940s
 548000 +3.23760360e+11 +3.23479635e+11  2.81e+08   7.39e+01     1.18e+02   14.966s
 549000 +3.23760122e+11 +3.23480319e+11  2.80e+08   7.39e+01     1.18e+02   14.992s
 550000 +3.23760022e+11 +3.23481211e+11  2.79e+08   7.39e+01     1.18e+02   15.018s
 551000 +3.23760079e+11 +3.23482058e+11  2.78e+08   7.39e+01     1.18e+02   15.043s
 552000 +3.23760277e+11 +3.23482810e+11  2.77e+08   7.39e+01     1.17e+02   15.069s
 553000 +3.23760578e+11 +3.23483055e+11  2.78e+08   7.39e+01     1.17e+02   15.095s
 554000 +3.23760963e+11 +3.23484036e+11  2.77e+08   7.39e+01     1.17e+02   15.121s
 555000 +3.23761470e+11 +3.23484805e+11  2.77e+08   7.39e+01     1.17e+02   15.147s
 556000 +3.23762070e+11 +3.23485375e+11  2.77e+08   7.39e+01     1.17e+02   15.173s
 557000 +3.23762739e+11 +3.23485913e+11  2.77e+08   7.39e+01     1.17e+02   15.199s
 558000 +3.23763483e+11 +3.23486646e+11  2.77e+08   7.39e+01     1.17e+02   15.225s
 559000 +3.23764295e+11 +3.23487096e+11  2.77e+08   7.39e+01     1.17e+02   15.251s
 560000 +3.23765191e+11 +3.23487854e+11  2.77e+08   7.39e+01     1.17e+02   15.277s
 561000 +3.23766148e+11 +3.23488283e+11  2.78e+08   7.39e+01     1.17e+02   15.303s
 562000 +3.23767151e+11 +3.23488554e+11  2.79e+08   7.39e+01     1.17e+02   15.329s
 563000 +3.23768185e+11 +3.23488856e+11  2.79e+08   7.39e+01     1.17e+02   15.355s
 564000 +3.23769256e+11 +3.23489325e+11  2.80e+08   7.39e+01     1.17e+02   15.381s
 565000 +3.23770301e+11 +3.23489527e+11  2.81e+08   7.39e+01     1.17e+02   15.407s
 566000 +3.23771327e+11 +3.23489642e+11  2.82e+08   7.39e+01     1.17e+02   15.433s
 567000 +3.23772343e+11 +3.23489754e+11  2.83e+08   7.39e+01     1.17e+02   15.459s
 568000 +3.23773354e+11 +3.23490256e+11  2.83e+08   7.39e+01     1.17e+02   15.485s
 569000 +3.23774342e+11 +3.23490359e+11  2.84e+08   7.39e+01     1.17e+02   15.510s
 570000 +3.23775285e+11 +3.23490260e+11  2.85e+08   7.39e+01     1.17e+02   15.536s
 571000 +3.23776178e+11 +3.23490412e+11  2.86e+08   7.39e+01     1.17e+02   15.562s
 572000 +3.23777009e+11 +3.23490495e+11  2.87e+08   7.39e+01     1.17e+02   15.588s
 573000 +3.23777775e+11 +3.23490500e+11  2.87e+08   7.39e+01     1.17e+02   15.614s
 574000 +3.23778463e+11 +3.23490297e+11  2.88e+08   7.39e+01     1.17e+02   15.640s
 575000 +3.23779056e+11 +3.23489994e+11  2.89e+08   7.39e+01     1.17e+02   15.666s
 576000 +3.23779489e+11 +3.23489541e+11  2.90e+08   7.39e+01     1.17e+02   15.692s
 577000 +3.23779766e+11 +3.23489206e+11  2.91e+08   7.39e+01     1.17e+02   15.718s
 578000 +3.23779933e+11 +3.23489186e+11  2.91e+08   7.39e+01     1.17e+02   15.744s
 579000 +3.23780030e+11 +3.23489066e+11  2.91e+08   7.39e+01     1.17e+02   15.770s
 580000 +3.23780057e+11 +3.23489080e+11  2.91e+08   7.39e+01     1.17e+02   15.796s
 581000 +3.23780010e+11 +3.23488923e+11  2.91e+08   7.39e+01     1.17e+02   15.822s
 582000 +3.23779893e+11 +3.23489167e+11  2.91e+08   7.39e+01     1.17e+02   15.848s
 583000 +3.23779708e+11 +3.23489053e+11  2.91e+08   7.39e+01     1.17e+02   15.874s
 584000 +3.23779445e+11 +3.23488793e+11  2.91e+08   7.39e+01     1.17e+02   15.900s
 585000 +3.23779128e+11 +3.23488545e+11  2.91e+08   7.39e+01     1.17e+02   15.926s
 586000 +3.23778789e+11 +3.23488547e+11  2.90e+08   7.39e+01     1.17e+02   15.951s
 587000 +3.23778444e+11 +3.23488814e+11  2.90e+08   7.39e+01     1.17e+02   15.977s
 588000 +3.23778113e+11 +3.23488921e+11  2.89e+08   7.39e+01     1.17e+02   16.003s
 589000 +3.23777799e+11 +3.23489223e+11  2.89e+08   7.39e+01     1.17e+02   16.029s
 590000 +3.23777512e+11 +3.23489408e+11  2.88e+08   7.39e+01     1.17e+02   16.055s
 591000 +3.23777288e+11 +3.23489988e+11  2.87e+08   7.39e+01     1.17e+02   16.081s
 592000 +3.23777144e+11 +3.23490228e+11  2.87e+08   7.39e+01     1.17e+02   16.107s
 593000 +3.23777021e+11 +3.23490490e+11  2.87e+08   7.39e+01     1.17e+02   16.133s
 594000 +3.23776906e+11 +3.23490551e+11  2.86e+08   7.39e+01     1.17e+02   16.159s
 595000 +3.23776781e+11 +3.23490774e+11  2.86e+08   7.39e+01     1.17e+02   16.185s
 596000 +3.23776671e+11 +3.23490853e+11  2.86e+08   7.39e+01     1.17e+02   16.211s
 597000 +3.23776592e+11 +3.23491013e+11  2.86e+08   7.39e+01     1.17e+02   16.237s
 598000 +3.23776526e+11 +3.23490899e+11  2.86e+08   7.39e+01     1.17e+02   16.263s
 599000 +3.23776486e+11 +3.23491340e+11  2.85e+08   7.39e+01     1.17e+02   16.289s
 600000 +3.23776446e+11 +3.23491481e+11  2.85e+08   7.39e+01     1.17e+02   16.314s
 601000 +3.23776411e+11 +3.23491596e+11  2.85e+08   7.39e+01     1.17e+02   16.340s
 602000 +3.23776364e+11 +3.23491731e+11  2.85e+08   7.39e+01     1.17e+02   16.366s
 603000 +3.23776313e+11 +3.23491711e+11  2.85e+08   7.39e+01     1.17e+02   16.392s
 604000 +3.23776276e+11 +3.23492071e+11  2.84e+08   7.39e+01     1.17e+02   16.418s
 605000 +3.23776255e+11 +3.23492271e+11  2.84e+08   7.39e+01     1.17e+02   16.444s
 606000 +3.23776257e+11 +3.23492582e+11  2.84e+08   7.39e+01     1.17e+02   16.470s
 607000 +3.23776269e+11 +3.23492554e+11  2.84e+08   7.39e+01     1.17e+02   16.496s
 608000 +3.23776309e+11 +3.23492920e+11  2.83e+08   7.39e+01     1.17e+02   16.522s
 609000 +3.23776379e+11 +3.23492971e+11  2.83e+08   7.39e+01     1.17e+02   16.548s
 610000 +3.23776469e+11 +3.23493370e+11  2.83e+08   7.39e+01     1.17e+02   16.574s
 611000 +3.23776591e+11 +3.23493803e+11  2.83e+08   7.39e+01     1.17e+02   16.600s
 612000 +3.23776740e+11 +3.23493819e+11  2.83e+08   7.39e+01     1.17e+02   16.626s
 613000 +3.23776903e+11 +3.23494027e+11  2.83e+08   7.39e+01     1.17e+02   16.652s
 614000 +3.23777093e+11 +3.23494296e+11  2.83e+08   7.39e+01     1.17e+02   16.678s
 615000 +3.23777286e+11 +3.23494533e+11  2.83e+08   7.39e+01     1.17e+02   16.704s
 616000 +3.23777496e+11 +3.23494727e+11  2.83e+08   7.39e+01     1.17e+02   16.729s
 617000 +3.23777706e+11 +3.23494798e+11  2.83e+08   7.39e+01     1.17e+02   16.755s
 618000 +3.23777888e+11 +3.23494718e+11  2.83e+08   7.39e+01     1.17e+02   16.781s
 619000 +3.23778055e+11 +3.23494939e+11  2.83e+08   7.39e+01     1.17e+02   16.807s
 620000 +3.23778199e+11 +3.23495141e+11  2.83e+08   7.39e+01     1.17e+02   16.833s
 621000 +3.23778344e+11 +3.23495235e+11  2.83e+08   7.39e+01     1.17e+02   16.859s
 622000 +3.23778489e+11 +3.23495150e+11  2.83e+08   7.39e+01     1.17e+02   16.885s
 623000 +3.23778625e+11 +3.23495209e+11  2.83e+08   7.39e+01     1.17e+02   16.911s
 624000 +3.23778727e+11 +3.23494915e+11  2.84e+08   7.39e+01     1.17e+02   16.937s
 625000 +3.23778785e+11 +3.23495041e+11  2.84e+08   7.39e+01     1.17e+02   16.963s
 626000 +3.23778785e+11 +3.23494973e+11  2.84e+08   7.39e+01     1.17e+02   16.989s
 627000 +3.23778748e+11 +3.23495229e+11  2.84e+08   7.39e+01     1.17e+02   17.015s
 628000 +3.23778713e+11 +3.23495492e+11  2.83e+08   7.39e+01     1.17e+02   17.041s
 629000 +3.23778706e+11 +3.23495598e+11  2.83e+08   7.39e+01     1.17e+02   17.066s
 630000 +3.23778713e+11 +3.23495897e+11  2.83e+08   7.39e+01     1.17e+02   17.092s
 631000 +3.23778707e+11 +3.23495921e+11  2.83e+08   7.39e+01     1.17e+02   17.118s
 632000 +3.23778667e+11 +3.23496033e+11  2.83e+08   7.39e+01     1.17e+02   17.144s
 633000 +3.23778614e+11 +3.23496183e+11  2.82e+08   7.39e+01     1.17e+02   17.170s
 634000 +3.23778553e+11 +3.23496125e+11  2.82e+08   7.39e+01     1.17e+02   17.196s
 635000 +3.23778487e+11 +3.23495952e+11  2.83e+08   7.39e+01     1.17e+02   17.222s
 636000 +3.23778429e+11 +3.23496214e+11  2.82e+08   7.39e+01     1.17e+02   17.248s
 637000 +3.23778379e+11 +3.23496430e+11  2.82e+08   7.39e+01     1.17e+02   17.274s
 638000 +3.23778335e+11 +3.23496802e+11  2.82e+08   7.39e+01     1.17e+02   17.300s
 639000 +3.23778312e+11 +3.23497135e+11  2.81e+08   7.39e+01     1.17e+02   17.326s
 640000 +3.23778307e+11 +3.23497173e+11  2.81e+08   7.39e+01     1.17e+02   17.352s
 641000 +3.23778325e+11 +3.23497313e+11  2.81e+08   7.39e+01     1.17e+02   17.378s
 642000 +3.23778366e+11 +3.23497627e+11  2.81e+08   7.39e+01     1.17e+02   17.404s
 643000 +3.23778397e+11 +3.23497550e+11  2.81e+08   7.39e+01     1.17e+02   17.430s
 644000 +3.23778402e+11 +3.23497671e+11  2.81e+08   7.39e+01     1.17e+02   17.455s
 645000 +3.23778389e+11 +3.23497729e+11  2.81e+08   7.39e+01     1.17e+02   17.481s
 646000 +3.23778374e+11 +3.23497697e+11  2.81e+08   7.39e+01     1.17e+02   17.507s
 647000 +3.23778367e+11 +3.23497968e+11  2.80e+08   7.39e+01     1.17e+02   17.533s
 648000 +3.23778363e+11 +3.23498126e+11  2.80e+08   7.39e+01     1.17e+02   17.559s
 649000 +3.23778341e+11 +3.23498248e+11  2.80e+08   7.39e+01     1.17e+02   17.585s
 650000 +3.23778327e+11 +3.23498527e+11  2.80e+08   7.39e+01     1.17e+02   17.611s
 651000 +3.23778333e+11 +3.23498878e+11  2.79e+08   7.39e+01     1.17e+02   17.637s
 652000 +3.23778366e+11 +3.23498902e+11  2.79e+08   7.39e+01     1.17e+02   17.663s
 653000 +3.23778415e+11 +3.23499113e+11  2.79e+08   7.39e+01     1.17e+02   17.689s
 654000 +3.23778452e+11 +3.23499093e+11  2.79e+08   7.39e+01     1.17e+02   17.715s
 655000 +3.23778477e+11 +3.23499049e+11  2.79e+08   7.39e+01     1.17e+02   17.741s
 656000 +3.23778498e+11 +3.23499297e+11  2.79e+08   7.39e+01     1.17e+02   17.767s
 657000 +3.23778511e+11 +3.23499313e+11  2.79e+08   7.39e+01     1.17e+02   17.793s
 658000 +3.23778536e+11 +3.23499544e+11  2.79e+08   7.39e+01     1.17e+02   17.819s
 659000 +3.23778587e+11 +3.23499812e+11  2.79e+08   7.39e+01     1.17e+02   17.845s
 660000 +3.23778668e+11 +3.23499969e+11  2.79e+08   7.39e+01     1.17e+02   17.870s
 661000 +3.23778753e+11 +3.23500494e+11  2.78e+08   7.39e+01     1.17e+02   17.896s
 662000 +3.23778825e+11 +3.23500370e+11  2.78e+08   7.39e+01     1.17e+02   17.922s
 663000 +3.23778870e+11 +3.23500432e+11  2.78e+08   7.39e+01     1.17e+02   17.948s
 664000 +3.23778902e+11 +3.23500502e+11  2.78e+08   7.39e+01     1.17e+02   17.974s
 665000 +3.23778922e+11 +3.23500413e+11  2.79e+08   7.39e+01     1.17e+02   18.000s
 666000 +3.23778911e+11 +3.23500397e+11  2.79e+08   7.39e+01     1.17e+02   18.026s
 667000 +3.23778876e+11 +3.23500452e+11  2.78e+08   7.39e+01     1.17e+02   18.052s
 668000 +3.23778825e+11 +3.23500534e+11  2.78e+08   7.39e+01     1.17e+02   18.078s
 669000 +3.23778767e+11 +3.23500742e+11  2.78e+08   7.39e+01     1.17e+02   18.104s
 670000 +3.23778709e+11 +3.23500832e+11  2.78e+08   7.39e+01     1.17e+02   18.130s
 671000 +3.23778660e+11 +3.23501116e+11  2.78e+08   7.39e+01     1.17e+02   18.156s
 672000 +3.23778617e+11 +3.23501292e+11  2.77e+08   7.39e+01     1.17e+02   18.182s
 673000 +3.23778593e+11 +3.23501499e+11  2.77e+08   7.39e+01     1.17e+02   18.208s
 674000 +3.23778575e+11 +3.23501557e+11  2.77e+08   7.39e+01     1.17e+02   18.234s
 675000 +3.23778565e+11 +3.23501702e+11  2.77e+08   7.39e+01     1.17e+02   18.259s
 676000 +3.23778573e+11 +3.23501928e+11  2.77e+08   7.39e+01     1.17e+02   18.285s
 677000 +3.23778597e+11 +3.23501967e+11  2.77e+08   7.39e+01     1.17e+02   18.311s
 678000 +3.23778648e+11 +3.23502357e+11  2.76e+08   7.39e+01     1.17e+02   18.337s
 679000 +3.23778717e+11 +3.23502331e+11  2.76e+08   7.39e+01     1.17e+02   18.363s
 680000 +3.23778792e+11 +3.23502474e+11  2.76e+08   7.39e+01     1.17e+02   18.389s
 681000 +3.23778872e+11 +3.23502838e+11  2.76e+08   7.39e+01     1.17e+02   18.415s
 682000 +3.23778949e+11 +3.23502837e+11  2.76e+08   7.39e+01     1.17e+02   18.441s
 683000 +3.23779031e+11 +3.23502996e+11  2.76e+08   7.39e+01     1.17e+02   18.467s
 684000 +3.23779111e+11 +3.23503100e+11  2.76e+08   7.39e+01     1.17e+02   18.493s
 685000 +3.23779176e+11 +3.23503088e+11  2.76e+08   7.39e+01     1.17e+02   18.519s
 686000 +3.23779220e+11 +3.23503234e+11  2.76e+08   7.39e+01     1.17e+02   18.545s
 687000 +3.23779248e+11 +3.23503294e+11  2.76e+08   7.39e+01     1.17e+02   18.571s
 688000 +3.23779270e+11 +3.23503469e+11  2.76e+08   7.39e+01     1.17e+02   18.597s
 689000 +3.23779294e+11 +3.23503617e+11  2.76e+08   7.39e+01     1.17e+02   18.623s
 690000 +3.23779320e+11 +3.23503737e+11  2.76e+08   7.39e+01     1.17e+02   18.649s
 691000 +3.23779354e+11 +3.23503830e+11  2.76e+08   7.39e+01     1.17e+02   18.674s
 692000 +3.23779397e+11 +3.23504056e+11  2.75e+08   7.39e+01     1.17e+02   18.700s
 693000 +3.23779448e+11 +3.23504119e+11  2.75e+08   7.39e+01     1.17e+02   18.726s
 694000 +3.23779510e+11 +3.23504277e+11  2.75e+08   7.39e+01     1.17e+02   18.752s
 695000 +3.23779577e+11 +3.23504340e+11  2.75e+08   7.39e+01     1.17e+02   18.778s
 696000 +3.23779652e+11 +3.23504491e+11  2.75e+08   7.39e+01     1.17e+02   18.804s
 697000 +3.23779718e+11 +3.23504633e+11  2.75e+08   7.39e+01     1.17e+02   18.830s
 698000 +3.23779773e+11 +3.23504714e+11  2.75e+08   7.39e+01     1.17e+02   18.856s
 699000 +3.23779817e+11 +3.23504899e+11  2.75e+08   7.39e+01     1.17e+02   18.882s
 700000 +3.23779846e+11 +3.23504973e+11  2.75e+08   7.39e+01     1.17e+02   18.908s
 701000 +3.23779874e+11 +3.23505116e+11  2.75e+08   7.39e+01     1.17e+02   18.934s
 702000 +3.23779901e+11 +3.23505135e+11  2.75e+08   7.39e+01     1.17e+02   18.960s
 703000 +3.23779921e+11 +3.23505257e+11  2.75e+08   7.39e+01     1.17e+02   18.986s
 704000 +3.23779930e+11 +3.23505254e+11  2.75e+08   7.39e+01     1.17e+02   19.012s
 705000 +3.23779913e+11 +3.23505290e+11  2.75e+08   7.39e+01     1.17e+02   19.038s
 706000 +3.23779883e+11 +3.23505335e+11  2.75e+08   7.39e+01     1.17e+02   19.063s
 707000 +3.23779848e+11 +3.23505463e+11  2.74e+08   7.39e+01     1.17e+02   19.089s
 708000 +3.23779805e+11 +3.23505509e+11  2.74e+08   7.39e+01     1.17e+02   19.115s
 709000 +3.23779756e+11 +3.23505716e+11  2.74e+08   7.39e+01     1.17e+02   19.141s
 710000 +3.23779703e+11 +3.23505864e+11  2.74e+08   7.39e+01     1.17e+02   19.167s
 711000 +3.23779660e+11 +3.23506095e+11  2.74e+08   7.39e+01     1.17e+02   19.193s
 712000 +3.23779637e+11 +3.23506236e+11  2.73e+08   7.39e+01     1.17e+02   19.219s
 713000 +3.23779629e+11 +3.23506421e+11  2.73e+08   7.39e+01     1.17e+02   19.245s
 714000 +3.23779636e+11 +3.23506585e+11  2.73e+08   7.39e+01     1.17e+02   19.271s
 715000 +3.23779645e+11 +3.23506786e+11  2.73e+08   7.39e+01     1.17e+02   19.297s
 716000 +3.23779646e+11 +3.23506836e+11  2.73e+08   7.39e+01     1.17e+02   19.323s
 717000 +3.23779634e+11 +3.23506931e+11  2.73e+08   7.39e+01     1.17e+02   19.349s
 718000 +3.23779613e+11 +3.23506941e+11  2.73e+08   7.39e+01     1.17e+02   19.375s
 719000 +3.23779596e+11 +3.23507075e+11  2.73e+08   7.39e+01     1.17e+02   19.401s
 720000 +3.23779571e+11 +3.23507149e+11  2.72e+08   7.39e+01     1.17e+02   19.426s
 721000 +3.23779543e+11 +3.23507322e+11  2.72e+08   7.39e+01     1.17e+02   19.452s
 722000 +3.23779507e+11 +3.23507334e+11  2.72e+08   7.39e+01     1.17e+02   19.478s
 723000 +3.23779468e+11 +3.23507469e+11  2.72e+08   7.39e+01     1.17e+02   19.504s
 724000 +3.23779433e+11 +3.23507745e+11  2.72e+08   7.39e+01     1.17e+02   19.530s
 725000 +3.23779404e+11 +3.23507801e+11  2.72e+08   7.39e+01     1.17e+02   19.556s
 726000 +3.23779373e+11 +3.23508041e+11  2.71e+08   7.39e+01     1.17e+02   19.582s
 727000 +3.23779352e+11 +3.23508134e+11  2.71e+08   7.39e+01     1.17e+02   19.608s
 728000 +3.23779330e+11 +3.23508318e+11  2.71e+08   7.39e+01     1.17e+02   19.634s
 729000 +3.23779316e+11 +3.23508328e+11  2.71e+08   7.39e+01     1.17e+02   19.660s
 730000 +3.23779312e+11 +3.23508611e+11  2.71e+08   7.39e+01     1.17e+02   19.686s
 731000 +3.23779325e+11 +3.23508711e+11  2.71e+08   7.39e+01     1.17e+02   19.712s
 732000 +3.23779360e+11 +3.23508905e+11  2.70e+08   7.39e+01     1.17e+02   19.738s
 733000 +3.23779401e+11 +3.23509069e+11  2.70e+08   7.39e+01     1.17e+02   19.764s
 734000 +3.23779447e+11 +3.23509079e+11  2.70e+08   7.39e+01     1.17e+02   19.790s
 735000 +3.23779494e+11 +3.23509349e+11  2.70e+08   7.39e+01     1.17e+02   19.815s
 736000 +3.23779545e+11 +3.23509387e+11  2.70e+08   7.39e+01     1.17e+02   19.841s
 737000 +3.23779595e+11 +3.23509555e+11  2.70e+08   7.39e+01     1.17e+02   19.867s
 738000 +3.23779644e+11 +3.23509718e+11  2.70e+08   7.39e+01     1.17e+02   19.893s
 739000 +3.23779679e+11 +3.23509749e+11  2.70e+08   7.39e+01     1.17e+02   19.919s
 740000 +3.23779704e+11 +3.23509908e+11  2.70e+08   7.39e+01     1.17e+02   19.945s
 741000 +3.23779725e+11 +3.23510051e+11  2.70e+08   7.39e+01     1.17e+02   19.971s
 742000 +3.23779743e+11 +3.23510219e+11  2.70e+08   7.39e+01     1.17e+02   19.997s
 743000 +3.23779762e+11 +3.23510260e+11  2.70e+08   7.39e+01     1.17e+02   20.023s
 744000 +3.23779784e+11 +3.23510525e+11  2.69e+08   7.39e+01     1.17e+02   20.049s
 745000 +3.23779811e+11 +3.23510553e+11  2.69e+08   7.39e+01     1.17e+02   20.075s
 746000 +3.23779841e+11 +3.23510741e+11  2.69e+08   7.39e+01     1.17e+02   20.101s
 747000 +3.23779881e+11 +3.23510851e+11  2.69e+08   7.39e+01     1.17e+02   20.127s
 748000 +3.23779923e+11 +3.23510948e+11  2.69e+08   7.39e+01     1.17e+02   20.153s
 749000 +3.23779973e+11 +3.23511118e+11  2.69e+08   7.39e+01     1.17e+02   20.178s
 750000 +3.23780030e+11 +3.23511207e+11  2.69e+08   7.39e+01     1.17e+02   20.204s
 751000 +3.23780080e+11 +3.23511308e+11  2.69e+08   7.39e+01     1.17e+02   20.230s
 752000 +3.23780119e+11 +3.23511462e+11  2.69e+08   7.39e+01     1.17e+02   20.256s
 753000 +3.23780149e+11 +3.23511540e+11  2.69e+08   7.39e+01     1.17e+02   20.282s
 754000 +3.23780176e+11 +3.23511629e+11  2.69e+08   7.39e+01     1.17e+02   20.308s
 755000 +3.23780207e+11 +3.23511860e+11  2.68e+08   7.39e+01     1.17e+02   20.334s
 756000 +3.23780234e+11 +3.23511824e+11  2.68e+08   7.39e+01     1.17e+02   20.360s
 757000 +3.23780249e+11 +3.23511859e+11  2.68e+08   7.39e+01     1.17e+02   20.386s
 758000 +3.23780251e+11 +3.23512001e+11  2.68e+08   7.39e+01     1.17e+02   20.412s
 759000 +3.23780240e+11 +3.23512088e+11  2.68e+08   7.39e+01     1.17e+02   20.438s
 760000 +3.23780220e+11 +3.23512216e+11  2.68e+08   7.39e+01     1.17e+02   20.464s
 761000 +3.23780193e+11 +3.23512264e+11  2.68e+08   7.39e+01     1.17e+02   20.490s
 762000 +3.23780159e+11 +3.23512301e+11  2.68e+08   7.39e+01     1.17e+02   20.516s
 763000 +3.23780123e+11 +3.23512484e+11  2.68e+08   7.39e+01     1.17e+02   20.542s
 764000 +3.23780085e+11 +3.23512758e+11  2.67e+08   7.39e+01     1.17e+02   20.567s
 765000 +3.23780056e+11 +3.23512792e+11  2.67e+08   7.39e+01     1.17e+02   20.593s
 766000 +3.23780037e+11 +3.23513027e+11  2.67e+08   7.39e+01     1.17e+02   20.619s
 767000 +3.23780034e+11 +3.23513142e+11  2.67e+08   7.39e+01     1.17e+02   20.645s
 768000 +3.23780035e+11 +3.23513207e+11  2.67e+08   7.39e+01     1.17e+02   20.671s
 769000 +3.23780036e+11 +3.23513419e+11  2.67e+08   7.39e+01     1.17e+02   20.697s
 770000 +3.23780032e+11 +3.23513512e+11  2.67e+08   7.39e+01     1.17e+02   20.723s
 771000 +3.23780017e+11 +3.23513563e+11  2.66e+08   7.39e+01     1.17e+02   20.749s
 772000 +3.23779999e+11 +3.23513731e+11  2.66e+08   7.39e+01     1.17e+02   20.775s
 773000 +3.23779981e+11 +3.23513685e+11  2.66e+08   7.39e+01     1.17e+02   20.801s
 774000 +3.23779960e+11 +3.23513954e+11  2.66e+08   7.39e+01     1.17e+02   20.827s
 775000 +3.23779935e+11 +3.23514003e+11  2.66e+08   7.39e+01     1.17e+02   20.853s
 776000 +3.23779905e+11 +3.23514093e+11  2.66e+08   7.39e+01     1.17e+02   20.879s
 777000 +3.23779869e+11 +3.23514315e+11  2.66e+08   7.39e+01     1.17e+02   20.905s
 778000 +3.23779842e+11 +3.23514416e+11  2.65e+08   7.39e+01     1.17e+02   20.930s
 779000 +3.23779817e+11 +3.23514503e+11  2.65e+08   7.39e+01     1.17e+02   20.956s
 780000 +3.23779794e+11 +3.23514697e+11  2.65e+08   7.39e+01     1.17e+02   20.982s
 781000 +3.23779769e+11 +3.23514808e+11  2.65e+08   7.39e+01     1.17e+02   21.008s
 782000 +3.23779747e+11 +3.23514926e+11  2.65e+08   7.39e+01     1.17e+02   21.034s
 783000 +3.23779731e+11 +3.23515102e+11  2.65e+08   7.39e+01     1.17e+02   21.060s
 784000 +3.23779726e+11 +3.23515159e+11  2.65e+08   7.39e+01     1.17e+02   21.086s
 785000 +3.23779736e+11 +3.23515336e+11  2.64e+08   7.39e+01     1.17e+02   21.112s
 786000 +3.23779760e+11 +3.23515481e+11  2.64e+08   7.39e+01     1.17e+02   21.138s
 787000 +3.23779792e+11 +3.23515607e+11  2.64e+08   7.39e+01     1.17e+02   21.164s
 788000 +3.23779828e+11 +3.23515722e+11  2.64e+08   7.39e+01     1.17e+02   21.190s
 789000 +3.23779865e+11 +3.23515964e+11  2.64e+08   7.39e+01     1.17e+02   21.216s
 790000 +3.23779905e+11 +3.23516006e+11  2.64e+08   7.39e+01     1.17e+02   21.242s
 791000 +3.23779943e+11 +3.23516221e+11  2.64e+08   7.39e+01     1.17e+02   21.268s
 792000 +3.23779976e+11 +3.23516284e+11  2.64e+08   7.39e+01     1.17e+02   21.294s
 793000 +3.23780001e+11 +3.23516435e+11  2.64e+08   7.39e+01     1.17e+02   21.319s
 794000 +3.23780020e+11 +3.23516624e+11  2.63e+08   7.39e+01     1.17e+02   21.345s
 795000 +3.23780037e+11 +3.23516629e+11  2.63e+08   7.39e+01     1.17e+02   21.371s
 796000 +3.23780050e+11 +3.23516704e+11  2.63e+08   7.39e+01     1.17e+02   21.397s
 797000 +3.23780063e+11 +3.23516863e+11  2.63e+08   7.39e+01     1.17e+02   21.423s
 798000 +3.23780081e+11 +3.23517044e+11  2.63e+08   7.39e+01     1.17e+02   21.449s
 799000 +3.23780102e+11 +3.23517145e+11  2.63e+08   7.39e+01     1.17e+02   21.475s
 800000 +3.23780124e+11 +3.23517322e+11  2.63e+08   7.39e+01     1.17e+02   21.501s
 801000 +3.23780150e+11 +3.23517378e+11  2.63e+08   7.39e+01     1.17e+02   21.527s
 802000 +3.23780180e+11 +3.23517535e+11  2.63e+08   7.39e+01     1.17e+02   21.553s
 803000 +3.23780219e+11 +3.23517650e+11  2.63e+08   7.39e+01     1.17e+02   21.579s
 804000 +3.23780262e+11 +3.23517888e+11  2.62e+08   7.39e+01     1.17e+02   21.605s
 805000 +3.23780297e+11 +3.23517940e+11  2.62e+08   7.39e+01     1.17e+02   21.631s
 806000 +3.23780329e+11 +3.23518135e+11  2.62e+08   7.39e+01     1.17e+02   21.657s
 807000 +3.23780355e+11 +3.23518218e+11  2.62e+08   7.39e+01     1.17e+02   21.683s
 808000 +3.23780381e+11 +3.23518324e+11  2.62e+08   7.39e+01     1.17e+02   21.708s
 809000 +3.23780408e+11 +3.23518442e+11  2.62e+08   7.39e+01     1.17e+02   21.734s
 810000 +3.23780431e+11 +3.23518501e+11  2.62e+08   7.39e+01     1.17e+02   21.760s
 811000 +3.23780445e+11 +3.23518569e+11  2.62e+08   7.39e+01     1.17e+02   21.786s
 812000 +3.23780445e+11 +3.23518657e+11  2.62e+08   7.39e+01     1.17e+02   21.812s
 813000 +3.23780437e+11 +3.23518774e+11  2.62e+08   7.39e+01     1.17e+02   21.838s
 814000 +3.23780421e+11 +3.23518824e+11  2.62e+08   7.39e+01     1.17e+02   21.864s
 815000 +3.23780398e+11 +3.23518949e+11  2.61e+08   7.39e+01     1.17e+02   21.890s
 816000 +3.23780372e+11 +3.23519046e+11  2.61e+08   7.39e+01     1.17e+02   21.916s
 817000 +3.23780343e+11 +3.23519203e+11  2.61e+08   7.39e+01     1.17e+02   21.942s
 818000 +3.23780312e+11 +3.23519380e+11  2.61e+08   7.39e+01     1.17e+02   21.968s
 819000 +3.23780288e+11 +3.23519554e+11  2.61e+08   7.39e+01     1.17e+02   21.994s
 820000 +3.23780268e+11 +3.23519663e+11  2.61e+08   7.39e+01     1.17e+02   22.020s
 821000 +3.23780262e+11 +3.23519838e+11  2.60e+08   7.39e+01     1.17e+02   22.046s
 822000 +3.23780260e+11 +3.23519954e+11  2.60e+08   7.39e+01     1.17e+02   22.072s
 823000 +3.23780261e+11 +3.23528801e+11  2.51e+08   7.39e+01     8.25e+03   22.098s
 824000 +3.23780266e+11 +3.23538600e+11  2.42e+08   7.39e+01     8.25e+03   22.124s
 825000 +3.23780275e+11 +3.23548638e+11  2.32e+08   7.39e+01     8.25e+03   22.150s
 826000 +3.23780290e+11 +3.23558928e+11  2.21e+08   7.39e+01     8.25e+03   22.176s
 827000 +3.23780311e+11 +3.23569395e+11  2.11e+08   7.39e+01     8.25e+03   22.202s
 828000 +3.23780336e+11 +3.23579766e+11  2.01e+08   7.39e+01     8.25e+03   22.228s
 829000 +3.23780366e+11 +3.23590174e+11  1.90e+08   7.39e+01     8.25e+03   22.253s
 830000 +3.23780400e+11 +3.23600364e+11  1.80e+08   7.39e+01     8.25e+03   22.279s
 831000 +3.23780437e+11 +3.23610384e+11  1.70e+08   7.39e+01     8.25e+03   22.305s
 832000 +3.23780477e+11 +3.23620340e+11  1.60e+08   7.39e+01     8.25e+03   22.331s
 833000 +3.23780520e+11 +3.23630129e+11  1.50e+08   7.39e+01     8.25e+03   22.357s
 834000 +3.23780566e+11 +3.23639675e+11  1.41e+08   7.39e+01     8.25e+03   22.383s
 835000 +3.23780613e+11 +3.23649104e+11  1.32e+08   7.39e+01     8.25e+03   22.409s
 836000 +3.23780661e+11 +3.23658332e+11  1.22e+08   7.39e+01     8.25e+03   22.435s
 837000 +3.23780710e+11 +3.23667412e+11  1.13e+08   7.39e+01     8.25e+03   22.461s
 838000 +3.23780761e+11 +3.23676392e+11  1.04e+08   7.39e+01     8.25e+03   22.487s
 839000 +3.23780813e+11 +3.23685337e+11  9.55e+07   7.39e+01     8.25e+03   22.513s
 840000 +3.23780865e+11 +3.23694246e+11  8.66e+07   7.39e+01     8.25e+03   22.539s
 841000 +3.23780918e+11 +3.23702990e+11  7.79e+07   7.39e+01     8.25e+03   22.565s
 842000 +3.23780970e+11 +3.23711699e+11  6.93e+07   7.39e+01     8.25e+03   22.591s
 843000 +3.23775946e+11 +3.23093647e+11  6.82e+08   4.22e+01     5.21e+03   22.617s
 844000 +3.23769060e+11 +3.22933230e+11  8.36e+08   3.52e+01     4.36e+03   22.642s
 845000 +3.23761191e+11 +3.05731253e+11  1.80e+10   6.85e+00     4.59e+04   22.669s
 846000 +3.23741533e+11 +2.88763898e+11  3.50e+10   2.48e+00     4.36e+04   22.695s
 847000 +3.23724168e+11 +2.88183006e+11  3.55e+10   1.25e+00     3.62e+04   22.721s
 848000 +3.23709138e+11 +2.89630741e+11  3.41e+10   1.53e-01     3.29e+04   22.747s
 849000 +3.23695006e+11 +2.95002708e+11  2.87e+10   7.64e-01     2.87e+04   22.773s
 850000 +3.23690349e+11 +3.06536904e+11  1.72e+10   9.66e-01     2.07e+04   22.799s
 851000 +3.23693318e+11 +3.13135794e+11  1.06e+10   6.77e-01     1.68e+04   22.825s
 852000 +3.23696875e+11 +3.14340694e+11  9.36e+09   3.61e-01     1.49e+04   22.851s
 853000 +3.23697835e+11 +3.13427093e+11  1.03e+10   2.72e-01     1.38e+04   22.876s
 854000 +3.23696970e+11 +3.13313087e+11  1.04e+10   2.81e-01     1.32e+04   22.902s
 855000 +3.23695991e+11 +3.14094729e+11  9.60e+09   3.09e-01     1.24e+04   22.928s
 856000 +3.23695718e+11 +3.15392792e+11  8.30e+09   3.02e-01     1.14e+04   22.954s
 857000 +3.23696127e+11 +3.16358176e+11  7.34e+09   2.69e-01     1.06e+04   22.980s
 858000 +3.23696708e+11 +3.16600982e+11  7.10e+09   2.00e-01     1.00e+04   23.006s
 859000 +3.23696988e+11 +3.16555050e+11  7.14e+09   1.96e-01     9.68e+03   23.032s
 860000 +3.23696845e+11 +3.16395620e+11  7.30e+09   1.61e-01     9.43e+03   23.058s
 861000 +3.23696487e+11 +3.16378588e+11  7.32e+09   1.76e-01     9.14e+03   23.084s
 862000 +3.23696146e+11 +3.16763178e+11  6.93e+09   1.65e-01     8.76e+03   23.110s
 863000 +3.23695972e+11 +3.17214636e+11  6.48e+09   1.75e-01     8.36e+03   23.136s
 864000 +3.23696003e+11 +3.17657758e+11  6.04e+09   1.58e-01     7.98e+03   23.162s
 865000 +3.23696163e+11 +3.17817747e+11  5.88e+09   1.67e-01     7.68e+03   23.188s
 866000 +3.23696334e+11 +3.17945535e+11  5.75e+09   1.27e-01     7.43e+03   23.214s
 867000 +3.23696410e+11 +3.18034238e+11  5.66e+09   1.05e-01     7.28e+03   23.240s
 868000 +3.23696345e+11 +3.17864279e+11  5.83e+09   1.19e-01     7.17e+03   23.266s
 869000 +3.23696154e+11 +3.17949819e+11  5.75e+09   1.17e-01     7.02e+03   23.292s
 870000 +3.23695956e+11 +3.18067523e+11  5.63e+09   1.20e-01     6.86e+03   23.317s
 871000 +3.23695824e+11 +3.18247716e+11  5.45e+09   1.14e-01     6.67e+03   23.343s
 872000 +3.23695234e+11 +3.17810545e+11  5.88e+09   2.52e-01     6.19e+03   23.370s
 873000 +3.23692870e+11 +3.18192266e+11  5.50e+09   4.14e-01     5.86e+03   23.396s
 874000 +3.23691280e+11 +3.18770600e+11  4.92e+09   4.69e-01     5.47e+03   23.421s
 875000 +3.23690568e+11 +3.19327938e+11  4.36e+09   4.65e-01     5.10e+03   23.447s
 876000 +3.23690539e+11 +3.19865231e+11  3.83e+09   4.08e-01     4.77e+03   23.473s
 877000 +3.23690988e+11 +3.20339195e+11  3.35e+09   3.81e-01     4.52e+03   23.499s
 878000 +3.23691673e+11 +3.20672382e+11  3.02e+09   3.41e-01     4.28e+03   23.525s
 879000 +3.23692385e+11 +3.20840541e+11  2.85e+09   2.58e-01     4.08e+03   23.551s
 880000 +3.23692991e+11 +3.20923932e+11  2.77e+09   2.21e-01     3.89e+03   23.577s
 881000 +3.23693429e+11 +3.20986739e+11  2.71e+09   1.63e-01     3.74e+03   23.603s
 882000 +3.23693654e+11 +3.20949731e+11  2.74e+09   1.60e-01     3.61e+03   23.629s
 883000 +3.23693697e+11 +3.20917575e+11  2.78e+09   1.52e-01     3.51e+03   23.655s
 884000 +3.23693621e+11 +3.20960407e+11  2.73e+09   1.58e-01     3.41e+03   23.681s
 885000 +3.23693480e+11 +3.20978509e+11  2.71e+09   1.36e-01     3.31e+03   23.707s
 886000 +3.23693322e+11 +3.21068575e+11  2.62e+09   1.70e-01     3.22e+03   23.733s
 887000 +3.23693211e+11 +3.21132797e+11  2.56e+09   1.76e-01     3.12e+03   23.759s
 888000 +3.23693139e+11 +3.21220172e+11  2.47e+09   1.56e-01     3.01e+03   23.785s
 889000 +3.23693128e+11 +3.21300423e+11  2.39e+09   1.52e-01     2.93e+03   23.810s
 890000 +3.23693174e+11 +3.21424121e+11  2.27e+09   1.55e-01     2.84e+03   23.836s
 891000 +3.23693266e+11 +3.21496645e+11  2.20e+09   1.55e-01     2.76e+03   23.862s
 892000 +3.23693377e+11 +3.21553811e+11  2.14e+09   1.28e-01     2.69e+03   23.888s
 893000 +3.23693497e+11 +3.21569898e+11  2.12e+09   1.05e-01     2.63e+03   23.914s
 894000 +3.23693604e+11 +3.21636607e+11  2.06e+09   9.30e-02     2.58e+03   23.940s
 895000 +3.23693674e+11 +3.21621023e+11  2.07e+09   8.79e-02     2.53e+03   23.966s
 896000 +3.23693710e+11 +3.21635082e+11  2.06e+09   9.23e-02     2.48e+03   23.992s
 897000 +3.23693700e+11 +3.21664371e+11  2.03e+09   8.88e-02     2.44e+03   24.018s
 898000 +3.23693630e+11 +3.21658939e+11  2.03e+09   9.48e-02     2.40e+03   24.044s
 899000 +3.23693531e+11 +3.21676980e+11  2.02e+09   8.53e-02     2.35e+03   24.070s
 900000 +3.23693430e+11 +3.21704929e+11  1.99e+09   9.55e-02     2.31e+03   24.096s
 901000 +3.23693359e+11 +3.21759673e+11  1.93e+09   9.52e-02     2.27e+03   24.122s
 902000 +3.23693305e+11 +3.21820134e+11  1.87e+09   1.07e-01     2.22e+03   24.147s
 903000 +3.23693293e+11 +3.21846944e+11  1.85e+09   9.75e-02     2.18e+03   24.173s
 904000 +3.23693320e+11 +3.21895107e+11  1.80e+09   7.78e-02     2.14e+03   24.199s
 905000 +3.23693352e+11 +3.21938695e+11  1.75e+09   9.41e-02     2.11e+03   24.225s
 906000 +3.23693418e+11 +3.21996252e+11  1.70e+09   9.63e-02     2.06e+03   24.251s
 907000 +3.23693496e+11 +3.22003204e+11  1.69e+09   8.65e-02     2.03e+03   24.277s
 908000 +3.23693569e+11 +3.22026549e+11  1.67e+09   7.34e-02     2.01e+03   24.303s
 909000 +3.23693630e+11 +3.22030322e+11  1.66e+09   6.35e-02     1.99e+03   24.329s
 910000 +3.23693661e+11 +3.22026264e+11  1.67e+09   5.99e-02     1.97e+03   24.355s
 911000 +3.23693645e+11 +3.22029662e+11  1.66e+09   6.72e-02     1.94e+03   24.381s
 912000 +3.23693608e+11 +3.22028593e+11  1.67e+09   6.62e-02     1.92e+03   24.407s
 913000 +3.23693562e+11 +3.22054493e+11  1.64e+09   6.65e-02     1.90e+03   24.433s
 914000 +3.23693490e+11 +3.22033048e+11  1.66e+09   7.25e-02     1.87e+03   24.459s
 915000 +3.23693417e+11 +3.22019078e+11  1.67e+09   7.87e-02     1.84e+03   24.485s
 916000 +3.23693346e+11 +3.22086553e+11  1.61e+09   8.40e-02     1.81e+03   24.511s
 917000 +3.23693288e+11 +3.22119728e+11  1.57e+09   7.14e-02     1.78e+03   24.537s
 918000 +3.23693264e+11 +3.22156966e+11  1.54e+09   7.94e-02     1.76e+03   24.562s
 919000 +3.23693274e+11 +3.22212383e+11  1.48e+09   7.35e-02     1.72e+03   24.588s
 920000 +3.23693288e+11 +3.22240986e+11  1.45e+09   5.80e-02     1.70e+03   24.614s
 921000 +3.23693315e+11 +3.22279482e+11  1.41e+09   7.26e-02     1.67e+03   24.640s
 922000 +3.23693360e+11 +3.22291349e+11  1.40e+09   6.12e-02     1.65e+03   24.666s
 923000 +3.23693415e+11 +3.22306908e+11  1.39e+09   7.40e-02     1.64e+03   24.692s
 924000 +3.23693475e+11 +3.22333619e+11  1.36e+09   6.56e-02     1.62e+03   24.718s
 925000 +3.23693539e+11 +3.22326326e+11  1.37e+09   5.08e-02     1.61e+03   24.744s
 926000 +3.23693581e+11 +3.22355135e+11  1.34e+09   5.57e-02     1.60e+03   24.770s
 927000 +3.23693600e+11 +3.22342829e+11  1.35e+09   4.98e-02     1.59e+03   24.796s
 928000 +3.23693585e+11 +3.22307408e+11  1.39e+09   4.50e-02     1.58e+03   24.822s
 929000 +3.23693545e+11 +3.22312388e+11  1.38e+09   7.17e-02     1.57e+03   24.848s
 930000 +3.23693500e+11 +3.22318165e+11  1.38e+09   5.32e-02     1.55e+03   24.874s
 931000 +3.23693447e+11 +3.22316880e+11  1.38e+09   4.62e-02     1.54e+03   24.900s
 932000 +3.23693380e+11 +3.22328711e+11  1.36e+09   7.30e-02     1.52e+03   24.926s
 933000 +3.23693318e+11 +3.22360546e+11  1.33e+09   5.37e-02     1.50e+03   24.951s
 934000 +3.23693263e+11 +3.22364323e+11  1.33e+09   5.28e-02     1.49e+03   24.977s
 935000 +3.23693225e+11 +3.22404688e+11  1.29e+09   5.94e-02     1.47e+03   25.003s
 936000 +3.23693212e+11 +3.22440379e+11  1.25e+09   5.50e-02     1.45e+03   25.029s
 937000 +3.23693212e+11 +3.22473297e+11  1.22e+09   6.33e-02     1.43e+03   25.055s
 938000 +3.23693233e+11 +3.22498472e+11  1.19e+09   6.64e-02     1.41e+03   25.081s
 939000 +3.23693263e+11 +3.22519866e+11  1.17e+09   4.23e-02     1.40e+03   25.107s
 940000 +3.23693298e+11 +3.22519052e+11  1.17e+09   6.18e-02     1.38e+03   25.133s
 941000 +3.23693339e+11 +3.22546752e+11  1.15e+09   5.04e-02     1.37e+03   25.159s
 942000 +3.23693377e+11 +3.22544827e+11  1.15e+09   3.66e-02     1.35e+03   25.185s
 943000 +3.23693410e+11 +3.22547290e+11  1.15e+09   3.72e-02     1.34e+03   25.211s
 944000 +3.23693437e+11 +3.22544104e+11  1.15e+09   4.98e-02     1.33e+03   25.237s
 945000 +3.23693458e+11 +3.22544152e+11  1.15e+09   2.24e-02     1.32e+03   25.263s
 946000 +3.23692751e+11 +3.22437381e+11  1.26e+09   2.26e-01     1.24e+03   25.289s
 947000 +3.23691614e+11 +3.22475260e+11  1.22e+09   2.91e-01     1.21e+03   25.315s
 948000 +3.23690596e+11 +3.22517488e+11  1.17e+09   3.43e-01     1.18e+03   25.341s
 949000 +3.23689698e+11 +3.22570531e+11  1.12e+09   4.19e-01     1.14e+03   25.367s
 950000 +3.23688947e+11 +3.22640378e+11  1.05e+09   4.08e-01     1.09e+03   25.392s
 951000 +3.23688399e+11 +3.22692312e+11  9.96e+08   4.06e-01     1.05e+03   25.418s
 952000 +3.23688017e+11 +3.22759495e+11  9.29e+08   4.16e-01     1.01e+03   25.444s
 953000 +3.23687812e+11 +3.22831436e+11  8.56e+08   4.05e-01     9.82e+02   25.470s
 954000 +3.23687798e+11 +3.22901838e+11  7.86e+08   3.66e-01     9.53e+02   25.496s
 955000 +3.23687954e+11 +3.22955058e+11  7.33e+08   3.48e-01     9.31e+02   25.522s
 956000 +3.23688218e+11 +3.23026174e+11  6.62e+08   3.32e-01     9.02e+02   25.548s
 957000 +3.23688528e+11 +3.23069661e+11  6.19e+08   3.14e-01     8.70e+02   25.574s
 958000 +3.23688858e+11 +3.23118015e+11  5.71e+08   3.05e-01     8.47e+02   25.600s
 959000 +3.23689241e+11 +3.23154848e+11  5.34e+08   2.64e-01     8.29e+02   25.626s
 960000 +3.23689634e+11 +3.23199355e+11  4.90e+08   2.64e-01     8.08e+02   25.652s
 961000 +3.23690040e+11 +3.23208314e+11  4.82e+08   2.70e-01     7.94e+02   25.678s
 962000 +3.23690456e+11 +3.23218214e+11  4.72e+08   2.11e-01     7.77e+02   25.704s
 963000 +3.23690837e+11 +3.23237697e+11  4.53e+08   1.88e-01     7.63e+02   25.730s
 964000 +3.23691178e+11 +3.23239087e+11  4.52e+08   1.67e-01     7.48e+02   25.756s
 965000 +3.23691451e+11 +3.23220986e+11  4.70e+08   1.28e-01     7.37e+02   25.782s
 966000 +3.23691648e+11 +3.23226054e+11  4.66e+08   1.22e-01     7.27e+02   25.807s
 967000 +3.23691775e+11 +3.23210168e+11  4.82e+08   1.16e-01     7.22e+02   25.833s
 968000 +3.23691824e+11 +3.23204683e+11  4.87e+08   1.14e-01     7.10e+02   25.859s
 969000 +3.23691807e+11 +3.23191753e+11  5.00e+08   1.11e-01     6.98e+02   25.885s
 970000 +3.23691745e+11 +3.23202560e+11  4.89e+08   1.29e-01     6.85e+02   25.911s
 971000 +3.23691029e+11 +3.23182827e+11  5.08e+08   2.49e-01     6.35e+02   25.937s
 972000 +3.23690036e+11 +3.23198922e+11  4.91e+08   3.32e-01     6.14e+02   25.963s
 973000 +3.23689044e+11 +3.23206726e+11  4.82e+08   4.32e-01     5.96e+02   25.989s
 974000 +3.23688103e+11 +3.23224011e+11  4.64e+08   5.44e-01     5.73e+02   26.015s
 975000 +3.23687213e+11 +3.23249896e+11  4.37e+08   6.02e-01     5.51e+02   26.041s
 976000 +3.23686436e+11 +3.23268927e+11  4.18e+08   5.85e-01     5.29e+02   26.067s
 977000 +3.23685739e+11 +3.23287238e+11  3.99e+08   5.85e-01     5.14e+02   26.093s
 978000 +3.23685178e+11 +3.23315724e+11  3.69e+08   6.58e-01     4.94e+02   26.119s
 979000 +3.23684805e+11 +3.23336522e+11  3.48e+08   6.36e-01     4.80e+02   26.145s
 980000 +3.23684577e+11 +3.23356457e+11  3.28e+08   5.63e-01     4.68e+02   26.171s
 981000 +3.23684462e+11 +3.23373364e+11  3.11e+08   5.50e-01     4.52e+02   26.197s
 982000 +3.23684378e+11 +3.23393997e+11  2.90e+08   5.16e-01     4.37e+02   26.223s
 983000 +3.23684388e+11 +3.23414839e+11  2.70e+08   6.26e-01     4.26e+02   26.249s
 984000 +3.23684514e+11 +3.23442391e+11  2.42e+08   5.20e-01     4.15e+02   26.275s
 985000 +3.23684715e+11 +3.23456213e+11  2.29e+08   4.76e-01     4.05e+02   26.301s
 986000 +3.23684992e+11 +3.23469094e+11  2.16e+08   4.98e-01     3.95e+02   26.326s
 987000 +3.23685247e+11 +3.23490296e+11  1.95e+08   4.89e-01     3.80e+02   26.352s
 988000 +3.23685531e+11 +3.23506551e+11  1.79e+08   4.33e-01     3.70e+02   26.378s
 989000 +3.23685882e+11 +3.23522994e+11  1.63e+08   4.55e-01     3.65e+02   26.404s
 990000 +3.23686287e+11 +3.23536224e+11  1.50e+08   5.02e-01     3.59e+02   26.430s
 991000 +3.23686741e+11 +3.23542203e+11  1.45e+08   4.32e-01     3.51e+02   26.456s
 992000 +3.23687187e+11 +3.23552480e+11  1.35e+08   3.65e-01     3.44e+02   26.482s
 993000 +3.23687579e+11 +3.23557695e+11  1.30e+08   3.41e-01     3.33e+02   26.508s
 994000 +3.23687950e+11 +3.23559205e+11  1.29e+08   4.28e-01     3.27e+02   26.534s
 995000 +3.23688321e+11 +3.23559190e+11  1.29e+08   3.31e-01     3.19e+02   26.560s
 996000 +3.23688672e+11 +3.23558690e+11  1.30e+08   3.62e-01     3.13e+02   26.586s
 997000 +3.23688995e+11 +3.23570046e+11  1.19e+08   3.45e-01     3.05e+02   26.612s
 998000 +3.23689283e+11 +3.23561104e+11  1.28e+08   3.17e-01     2.97e+02   26.638s
 999000 +3.23688984e+11 +3.23533224e+11  1.56e+08   4.93e-01     2.68e+02   26.664s
1000000 +3.23688529e+11 +3.23531547e+11  1.57e+08   5.01e-01     2.60e+02   26.690s
1001000 +3.23688051e+11 +3.23536547e+11  1.52e+08   5.82e-01     2.54e+02   26.716s
1002000 +3.23687651e+11 +3.23539599e+11  1.48e+08   5.68e-01     2.48e+02   26.742s
1003000 +3.23687317e+11 +3.23541446e+11  1.46e+08   5.46e-01     2.43e+02   26.768s
1004000 +3.23687052e+11 +3.23543229e+11  1.44e+08   5.03e-01     2.39e+02   26.793s
1005000 +3.23686792e+11 +3.23552264e+11  1.35e+08   5.38e-01     2.33e+02   26.819s
1006000 +3.23686566e+11 +3.23552624e+11  1.34e+08   5.25e-01     2.27e+02   26.845s
1007000 +3.23686341e+11 +3.23562770e+11  1.24e+08   4.96e-01     2.23e+02   26.871s
1008000 +3.23686147e+11 +3.23567732e+11  1.18e+08   5.58e-01     2.19e+02   26.897s
1009000 +3.23685936e+11 +3.23573314e+11  1.13e+08   4.82e-01     2.09e+02   26.923s
1010000 +3.23685032e+11 +3.23561800e+11  1.23e+08   1.41e+00     1.90e+02   26.949s
1011000 +3.23682813e+11 +3.23565177e+11  1.18e+08   2.27e+00     1.76e+02   26.975s
1012000 +3.23680268e+11 +3.23563876e+11  1.16e+08   2.39e+00     1.64e+02   27.001s
1013000 +3.23677705e+11 +3.23570096e+11  1.08e+08   2.61e+00     1.56e+02   27.027s
1014000 +3.23675195e+11 +3.23575198e+11  1.00e+08   2.73e+00     1.49e+02   27.053s
1015000 +3.23672957e+11 +3.23582811e+11  9.01e+07   2.76e+00     1.43e+02   27.079s
1016000 +3.23670923e+11 +3.23586455e+11  8.45e+07   2.81e+00     1.36e+02   27.105s
1017000 +3.23669074e+11 +3.23591005e+11  7.81e+07   2.84e+00     1.30e+02   27.131s
1018000 +3.23667418e+11 +3.23596217e+11  7.12e+07   2.67e+00     1.24e+02   27.157s
1019000 +3.23665889e+11 +3.23600903e+11  6.50e+07   2.78e+00     1.17e+02   27.183s
1020000 +3.23664540e+11 +3.23610734e+11  5.38e+07   2.74e+00     1.11e+02   27.209s
1021000 +3.23663445e+11 +3.23616675e+11  4.68e+07   2.63e+00     1.06e+02   27.235s
1022000 +3.23662495e+11 +3.23620393e+11  4.21e+07   2.85e+00     1.02e+02   27.261s
1023000 +3.23661807e+11 +3.23630067e+11  3.17e+07   2.69e+00     9.64e+01   27.287s
1024000 +3.23661338e+11 +3.23635404e+11  2.59e+07   2.58e+00     9.15e+01   27.312s
1024200 +3.23661259e+11 +3.23635459e+11  2.58e+07   2.58e+00     9.08e+01   27.318s
LP Solver status:                Optimal
Primal objective:                +3.23661259e+11
Dual objective:                  +3.23635459e+11
Duality gap (abs/rel):           +2.58e+07 / +3.99e-05
Primal infeasibility (abs/rel):  +2.58e+00 / +2.87e-06
Dual infeasibility (abs/rel):    +9.08e+01 / +9.97e-05
PDLP finished
Status: Optimal   Objective: 3.23661259e+11  Iterations: 1024200  Time: 27.319s

### exit_code=0
### finished=2026-07-31T15:31:13.134662
### gpu_peak_mb=1594.4
### gpu_peak2_mb=0.0
### per_gpu_peak_mb=[1594.375]
