### solver=cuopt-base
### instance=/home/scratch.vmostovoi_gpu/datasets/PSLP_presolved/C5_bigger_sanitized_PSLP_presolved.mps
### n_gpus=1
### CUDA_VISIBLE_DEVICES=0
### started=2026-08-09T14:26:20.898467
### argv=/home/scratch.vmostovoi_gpu/mostovoi_cuopt/cpp/build/cuopt_cli --method 1 --presolve 0 --mps-reader experimental-fast --time-limit 3600 --iteration-limit 1000000000 --relative-primal-tolerance 1e-4 --relative-dual-tolerance 1e-4 --relative-gap-tolerance 1e-4 --log-to-console true /home/scratch.vmostovoi_gpu/datasets/PSLP_presolved/C5_bigger_sanitized_PSLP_presolved.mps
### --- solver output ---
Setting parameter iteration_limit to 1000000000
Setting parameter log_to_console to true
Setting parameter method to 1
Setting parameter presolve to 0
Setting parameter relative_dual_tolerance to 1.000000e-04
Setting parameter relative_gap_tolerance to 1.000000e-04
Setting parameter relative_primal_tolerance to 1.000000e-04
Setting parameter time_limit to 3.600000e+03
Reading file C5_bigger_sanitized_PSLP_presolved.mps
Using experimental fast MPS parser for '/home/scratch.vmostovoi_gpu/datasets/PSLP_presolved/C5_bigger_sanitized_PSLP_presolved.mps'
Read file C5_bigger_sanitized_PSLP_presolved.mps in 50.99 seconds
cuOpt version: 26.10.0, git hash: f3ebc673, host arch: x86_64, device archs: 100a-real
CPU: INTEL(R) XEON(R) PLATINUM 8570, threads (physical/logical): 112/224, RAM (available/total): 1954.80 / 2015.54 GiB
CUDA 13.3, device: NVIDIA B200 (ID 0), VRAM: 178.34 GiB
CUDA device UUID: 175ed1a2-b61e-ff45-7c74-66bbb6273f57
Solving a problem with 41815048 constraints, 299222166 variables (0 integers), and 645160824 nonzeros
Problem scaling:
Objective coefficents range:          [1e-16, 2e+03]
Constraint matrix coefficients range: [5e-07, 2e+02]
Constraint rhs / bounds range:        [1e-02, 5e+07]
Variable bounds range:                [1e-02, 2e+07]
Warning: input problem contains a large range of coefficients: consider reformulating to avoid numerical difficulties.

Objective offset 40147561288.382751 scaling_factor 1.000000
   Iter    Primal Obj.      Dual Obj.    Gap        Primal Res.  Dual Res.   Time
      0 +4.01475613e+10 +4.01475613e+10  0.00e+00   1.76e+08     7.32e+06   23.027s
   1000 -1.34962441e+11 +2.61642044e+13  2.63e+13   9.62e+06     6.94e+04   35.101s
   2000 -8.36951632e+10 +3.85021416e+12  3.93e+12   6.71e+06     1.97e+04   45.063s
   3000 -6.19348921e+10 +2.50331657e+12  2.57e+12   3.74e+06     1.11e+04   55.035s
   4000 -5.00094830e+10 +1.71812462e+12  1.77e+12   2.60e+06     7.53e+03   65.012s
   5000 -4.39182496e+10 +1.58922725e+12  1.63e+12   1.61e+06     5.48e+03   74.980s
   6000 -4.00114350e+10 +7.09606688e+11  7.50e+11   1.04e+06     2.33e+03   84.972s
   7000 -3.80693097e+10 +2.30960538e+11  2.69e+11   1.04e+06     1.47e+03   94.948s
   8000 -3.52570716e+10 +5.53318327e+10  9.06e+10   6.27e+05     7.07e+02   104.923s
   9000 -3.31587711e+10 +7.55620137e+10  1.09e+11   5.65e+05     5.82e+02   114.897s
  10000 -3.02985019e+10 +3.10032786e+10  6.13e+10   4.55e+05     4.24e+02   124.873s
  11000 -2.83145950e+10 +3.29908843e+10  6.13e+10   4.24e+05     3.87e+02   134.720s
  12000 -2.68279856e+10 +3.33727102e+10  6.02e+10   3.95e+05     3.62e+02   144.569s
  13000 -2.53550038e+10 +3.30037005e+10  5.84e+10   3.64e+05     3.36e+02   154.419s
  14000 -2.40482029e+10 +3.16633081e+10  5.57e+10   3.31e+05     3.08e+02   164.270s
  15000 -2.24767531e+10 +2.74731955e+10  4.99e+10   3.12e+05     2.63e+02   174.125s
  16000 -2.12982112e+10 +2.31531500e+10  4.45e+10   2.98e+05     2.48e+02   183.967s
  17000 -2.03961340e+10 +2.14324526e+10  4.18e+10   2.85e+05     2.35e+02   193.811s
  18000 -1.96324390e+10 +1.90524952e+10  3.87e+10   2.71e+05     2.22e+02   203.658s
  19000 -1.88138309e+10 +1.65230261e+10  3.53e+10   2.51e+05     2.07e+02   213.507s
  20000 -1.81162076e+10 +1.30946913e+10  3.12e+10   2.33e+05     1.96e+02   223.358s
  21000 -1.75104167e+10 +8.46000330e+09  2.60e+10   2.23e+05     1.79e+02   233.210s
  22000 -1.69593364e+10 +7.75377116e+08  1.77e+10   2.16e+05     1.67e+02   243.055s
  23000 -1.63313361e+10 -1.33275283e+08  1.62e+10   2.10e+05     1.21e+02   252.908s
  24000 -1.59184009e+10 -8.50976985e+09  7.41e+09   2.00e+05     9.77e+01   262.745s
  25000 -1.54845071e+10 -9.97987167e+09  5.50e+09   1.98e+05     9.36e+01   272.583s
  26000 -1.51496880e+10 -1.00860516e+10  5.06e+09   1.96e+05     8.98e+01   282.420s
  27000 -1.48465229e+10 -1.09252434e+10  3.92e+09   1.95e+05     8.79e+01   292.259s
  28000 -1.45615437e+10 -1.10120771e+10  3.55e+09   1.93e+05     8.68e+01   302.099s
  29000 -1.42678407e+10 -1.26904084e+10  1.58e+09   1.93e+05     8.41e+01   311.936s
  30000 -1.39777618e+10 -1.40110344e+10  3.33e+07   1.93e+05     8.11e+01   321.775s
  31000 -1.37103979e+10 -1.66559411e+10  2.95e+09   1.93e+05     7.66e+01   331.614s
  32000 -1.34130607e+10 -1.69367999e+10  3.52e+09   1.90e+05     7.32e+01   341.453s
  33000 -1.29836368e+10 -1.70929907e+10  4.11e+09   1.90e+05     8.15e+01   351.296s
  34000 -1.26025356e+10 -1.97103044e+10  7.11e+09   1.89e+05     7.95e+01   361.127s
  35000 -1.22748038e+10 -1.87191334e+10  6.44e+09   1.83e+05     7.79e+01   370.959s
  36000 -1.19188411e+10 -1.82576043e+10  6.34e+09   1.83e+05     7.71e+01   380.791s
  37000 -1.15978206e+10 -1.80430366e+10  6.45e+09   1.82e+05     7.66e+01   390.624s
  38000 -1.12544109e+10 -1.73254471e+10  6.07e+09   1.81e+05     7.58e+01   400.456s
  39000 -1.08376045e+10 -1.71218886e+10  6.28e+09   1.80e+05     7.54e+01   410.291s
  40000 -1.04763537e+10 -1.66157610e+10  6.14e+09   1.80e+05     7.49e+01   420.127s
  41000 -1.01370136e+10 -1.62660578e+10  6.13e+09   1.79e+05     7.41e+01   429.959s
  42000 -9.81320303e+09 -1.58020050e+10  5.99e+09   1.78e+05     7.37e+01   439.793s
  43000 -9.51318518e+09 -1.54804648e+10  5.97e+09   1.77e+05     7.28e+01   449.630s
  44000 -9.27007734e+09 -1.50753351e+10  5.81e+09   1.77e+05     7.23e+01   459.463s
  45000 -9.05405821e+09 -1.47205612e+10  5.67e+09   1.76e+05     7.20e+01   469.300s
  46000 -8.84432585e+09 -1.43664122e+10  5.52e+09   1.76e+05     7.18e+01   479.136s
  47000 -8.65489208e+09 -1.39883498e+10  5.33e+09   1.75e+05     7.15e+01   488.972s
  48000 -8.46125029e+09 -1.36319002e+10  5.17e+09   1.74e+05     7.12e+01   498.809s
  49000 -8.23776823e+09 -1.32832728e+10  5.05e+09   1.73e+05     7.09e+01   508.646s
  50000 -8.02504358e+09 -1.29292653e+10  4.90e+09   1.73e+05     7.08e+01   518.484s
  51000 -6.82060018e+09 -1.16061408e+10  4.79e+09   1.70e+05     5.31e+02   528.328s
  52000 -5.61263207e+09 -9.12881679e+09  3.52e+09   1.09e+05     4.48e+02   538.160s
  53000 -4.75249629e+09 -7.53654076e+09  2.78e+09   1.01e+05     4.31e+02   547.994s
  54000 -4.04228485e+09 -6.03321518e+09  1.99e+09   9.72e+04     4.19e+02   557.828s
  55000 -3.29051957e+09 -4.55047590e+09  1.26e+09   9.39e+04     4.05e+02   567.663s
  56000 -2.20564593e+09 -3.31562303e+09  1.11e+09   9.07e+04     3.91e+02   577.499s
  57000 -1.42192010e+09 -2.08172579e+09  6.60e+08   8.78e+04     3.80e+02   587.336s
  58000 -8.14085796e+08 -1.02077549e+09  2.07e+08   8.66e+04     3.72e+02   597.174s
  59000 -2.76685597e+08 +4.84217619e+07  3.25e+08   8.53e+04     3.66e+02   607.012s
  60000 +1.60971693e+08 +1.05548924e+09  8.95e+08   8.46e+04     3.62e+02   616.852s
  61000 +5.88588873e+08 +2.04816859e+09  1.46e+09   8.39e+04     3.58e+02   626.690s
  62000 +9.52761692e+08 +3.01931877e+09  2.07e+09   8.22e+04     3.49e+02   636.529s
  63000 +1.27543704e+09 +3.89781383e+09  2.62e+09   8.15e+04     3.45e+02   646.369s
  64000 +1.60010389e+09 +4.83978299e+09  3.24e+09   8.07e+04     3.39e+02   656.209s
  65000 +1.88368901e+09 +3.84041465e+09  1.96e+09   7.91e+04     3.28e+02   666.048s
  66000 +2.12821877e+09 +5.53808962e+09  3.41e+09   4.51e+04     2.10e+02   675.891s
  67000 +2.43114901e+09 +6.17688261e+09  3.75e+09   4.24e+04     1.96e+02   685.733s
  68000 +2.62402479e+09 +6.16752662e+09  3.54e+09   4.04e+04     1.87e+02   695.576s
  69000 +2.81599752e+09 +6.35264255e+09  3.54e+09   3.87e+04     1.80e+02   705.418s
  70000 +3.00973364e+09 +6.36439285e+09  3.35e+09   3.70e+04     1.72e+02   715.262s
  71000 +3.23277640e+09 +6.54422259e+09  3.31e+09   3.54e+04     1.66e+02   725.104s
  72000 +3.44611349e+09 +6.55256044e+09  3.11e+09   3.40e+04     1.60e+02   734.948s
  73000 +3.70865217e+09 +6.68295056e+09  2.97e+09   3.24e+04     1.54e+02   744.791s
  74000 +3.97638458e+09 +6.85798591e+09  2.88e+09   3.09e+04     1.49e+02   754.636s
  75000 +4.25056392e+09 +6.94012707e+09  2.69e+09   2.95e+04     1.44e+02   764.481s
  76000 +4.43050439e+09 +6.99653382e+09  2.57e+09   2.84e+04     1.39e+02   774.326s
  77000 +4.60109559e+09 +7.06439018e+09  2.46e+09   2.74e+04     1.35e+02   784.172s
  78000 +4.76319587e+09 +7.07583009e+09  2.31e+09   2.64e+04     1.31e+02   794.015s
  79000 +5.81099539e+09 +7.12203606e+09  1.31e+09   1.43e+04     4.55e+02   803.869s
  80000 +7.00580242e+09 +7.34542473e+09  3.40e+08   1.08e+04     3.73e+02   813.696s
  81000 +7.49653290e+09 +7.38962981e+09  1.07e+08   9.44e+03     3.47e+02   823.525s
  82000 +7.76899933e+09 +7.65977428e+09  1.09e+08   8.78e+03     3.30e+02   833.356s
  83000 +7.98268405e+09 +7.61421614e+09  3.68e+08   7.76e+03     3.15e+02   843.188s
  84000 +8.09428380e+09 +7.74724556e+09  3.47e+08   7.31e+03     3.02e+02   853.020s
  85000 +8.16973806e+09 +7.81283681e+09  3.57e+08   6.80e+03     2.87e+02   862.853s
  86000 +8.24994478e+09 +7.88103153e+09  3.69e+08   6.16e+03     2.69e+02   872.689s
  87000 +8.30474936e+09 +7.94355950e+09  3.61e+08   5.54e+03     2.41e+02   882.525s
  88000 +8.35363666e+09 +7.96526952e+09  3.88e+08   5.28e+03     2.32e+02   892.361s
  89000 +8.38447013e+09 +8.01943976e+09  3.65e+08   5.07e+03     2.25e+02   902.198s
  90000 +8.41893163e+09 +8.04366516e+09  3.75e+08   4.77e+03     2.05e+02   912.034s
  91000 +8.46673357e+09 +8.06227951e+09  4.04e+08   4.56e+03     1.93e+02   921.873s
  92000 +8.69093808e+09 +7.95775494e+09  7.33e+08   3.90e+03     5.85e+02   931.708s
  93000 +8.73770208e+09 +8.06208691e+09  6.76e+08   3.77e+03     5.40e+02   941.533s
  94000 +8.76913121e+09 +8.10309299e+09  6.66e+08   3.65e+03     5.15e+02   951.358s
  95000 +8.80578386e+09 +8.12202540e+09  6.84e+08   3.48e+03     4.96e+02   961.183s
  96000 +8.85387416e+09 +8.15420970e+09  7.00e+08   3.29e+03     4.77e+02   971.010s
  97000 +8.87540032e+09 +8.23179127e+09  6.44e+08   3.19e+03     4.60e+02   980.840s
  98000 +8.88883261e+09 +8.25348936e+09  6.35e+08   3.15e+03     4.41e+02   990.670s
  99000 +8.90694471e+09 +8.22706336e+09  6.80e+08   3.10e+03     4.31e+02   1000.499s
 100000 +8.92423988e+09 +8.29142351e+09  6.33e+08   3.07e+03     4.19e+02   1010.326s
 101000 +8.93294854e+09 +8.27876308e+09  6.54e+08   3.02e+03     4.08e+02   1020.154s
 102000 +8.97008256e+09 +8.29049340e+09  6.80e+08   2.76e+03     3.96e+02   1029.984s
 103000 +9.00263748e+09 +8.33121108e+09  6.71e+08   2.54e+03     3.78e+02   1039.812s
 104000 +9.02143406e+09 +8.31692746e+09  7.05e+08   2.49e+03     3.70e+02   1049.642s
 105000 +9.03265374e+09 +8.34490905e+09  6.88e+08   2.44e+03     3.58e+02   1059.471s
 106000 +9.04325234e+09 +8.37777881e+09  6.65e+08   2.41e+03     3.47e+02   1069.303s
 107000 +9.05193605e+09 +8.36482723e+09  6.87e+08   2.38e+03     3.39e+02   1079.132s
 108000 +9.05879171e+09 +8.39572985e+09  6.63e+08   2.36e+03     3.31e+02   1088.962s
 109000 +9.06360112e+09 +8.41119606e+09  6.52e+08   2.34e+03     3.24e+02   1098.791s
 110000 +9.08460159e+09 +8.42456743e+09  6.60e+08   2.14e+03     3.16e+02   1108.623s
 111000 +9.09901178e+09 +8.37699720e+09  7.22e+08   2.06e+03     3.12e+02   1118.454s
 112000 +9.10851930e+09 +8.46604975e+09  6.42e+08   2.00e+03     3.04e+02   1128.284s
 113000 +9.11551894e+09 +8.54850391e+09  5.67e+08   1.99e+03     3.01e+02   1138.115s
 114000 +9.12334641e+09 +8.52127885e+09  6.02e+08   1.94e+03     2.94e+02   1147.943s
 115000 +9.13554706e+09 +8.50986463e+09  6.26e+08   1.84e+03     2.88e+02   1157.774s
 116000 +9.13970493e+09 +8.58009992e+09  5.60e+08   1.83e+03     2.83e+02   1167.605s
 117000 +9.14315042e+09 +8.56852554e+09  5.75e+08   1.81e+03     2.80e+02   1177.435s
 118000 +9.14717347e+09 +8.57541800e+09  5.72e+08   1.76e+03     2.76e+02   1187.265s
 119000 +9.15179723e+09 +8.64023081e+09  5.12e+08   1.77e+03     2.72e+02   1197.095s
 120000 +9.15954436e+09 +8.64107545e+09  5.18e+08   1.70e+03     2.68e+02   1206.926s
 121000 +9.17056778e+09 +8.66192614e+09  5.09e+08   1.62e+03     2.64e+02   1216.755s
 122000 +9.17320787e+09 +8.70562838e+09  4.68e+08   1.61e+03     2.61e+02   1226.585s
 123000 +9.17754305e+09 +8.72013324e+09  4.57e+08   1.59e+03     2.57e+02   1236.416s
 124000 +9.18017160e+09 +8.74332922e+09  4.37e+08   1.60e+03     2.54e+02   1246.247s
 125000 +9.18453527e+09 +8.77587736e+09  4.09e+08   1.57e+03     2.51e+02   1256.077s
 126000 +9.18695144e+09 +8.79266499e+09  3.94e+08   1.57e+03     2.49e+02   1265.906s
 127000 +9.19062936e+09 +8.83011697e+09  3.61e+08   1.55e+03     2.45e+02   1275.746s
 128000 +9.19621359e+09 +8.85140251e+09  3.45e+08   1.52e+03     2.43e+02   1285.579s
 129000 +9.19975648e+09 +8.87618696e+09  3.24e+08   1.51e+03     2.40e+02   1295.411s
 130000 +9.21892156e+09 +8.90071578e+09  3.18e+08   1.37e+03     2.36e+02   1305.243s
 131000 +9.23673176e+09 +8.92471727e+09  3.12e+08   1.31e+03     2.33e+02   1315.074s
 132000 +9.23739243e+09 +8.94598739e+09  2.91e+08   1.29e+03     2.30e+02   1324.904s
 133000 +9.24623230e+09 +8.97654278e+09  2.70e+08   1.24e+03     2.27e+02   1334.736s
 134000 +9.24935747e+09 +8.99972067e+09  2.50e+08   1.25e+03     2.25e+02   1344.566s
 135000 +9.25654028e+09 +9.02260284e+09  2.34e+08   1.19e+03     2.22e+02   1354.398s
 136000 +9.25886123e+09 +9.04112236e+09  2.18e+08   1.18e+03     2.19e+02   1364.231s
 137000 +9.26137418e+09 +9.06386790e+09  1.98e+08   1.19e+03     2.17e+02   1374.063s
 138000 +9.26370352e+09 +9.08950322e+09  1.74e+08   1.16e+03     2.14e+02   1383.895s
 139000 +9.26700409e+09 +9.10302749e+09  1.64e+08   1.15e+03     2.12e+02   1393.726s
 140000 +9.27002289e+09 +9.11827925e+09  1.52e+08   1.15e+03     2.09e+02   1403.558s
 141000 +9.27609046e+09 +9.14015043e+09  1.36e+08   1.10e+03     2.07e+02   1413.391s
 142000 +9.27778735e+09 +9.15943179e+09  1.18e+08   1.08e+03     2.05e+02   1423.222s
 143000 +9.34916070e+09 +9.10928997e+09  2.40e+08   9.22e+02     5.84e+02   1433.056s
 144000 +9.37176317e+09 +9.19539957e+09  1.76e+08   8.61e+02     5.56e+02   1442.869s
 145000 +9.41912550e+09 +9.02864322e+09  3.90e+08   6.11e+02     5.15e+03   1452.696s
 146000 +9.44766358e+09 +9.22335198e+09  2.24e+08   4.93e+02     4.03e+03   1462.515s
 147000 +9.46488182e+09 +9.28386390e+09  1.81e+08   3.89e+02     3.46e+03   1472.339s
 148000 +9.47295732e+09 +9.17861573e+09  2.94e+08   3.37e+02     2.98e+03   1482.163s
 149000 +9.48093151e+09 +9.38650049e+09  9.44e+07   2.71e+02     2.66e+03   1491.990s
 150000 +9.48627601e+09 +9.39414372e+09  9.21e+07   1.83e+02     2.38e+03   1501.818s
 151000 +9.48986524e+09 +9.28108956e+09  2.09e+08   1.45e+02     2.12e+03   1511.647s
 152000 +9.49265835e+09 +9.29466411e+09  1.98e+08   1.18e+02     1.95e+03   1521.476s
 153000 +9.49424017e+09 +9.32456923e+09  1.70e+08   1.02e+02     1.78e+03   1531.305s
 154000 +9.49535098e+09 +9.18977498e+09  3.06e+08   9.70e+01     1.64e+03   1541.136s
 155000 +9.49619319e+09 +9.41144028e+09  8.48e+07   9.31e+01     1.52e+03   1550.966s
 156000 +9.49684861e+09 +9.44290902e+09  5.39e+07   8.10e+01     1.42e+03   1560.797s
 157000 +9.49739155e+09 +9.42228807e+09  7.51e+07   7.24e+01     1.32e+03   1570.628s
 158000 +9.49785679e+09 +9.33436040e+09  1.63e+08   6.99e+01     1.23e+03   1580.460s
 159000 +9.49833773e+09 +9.37205277e+09  1.26e+08   6.98e+01     1.16e+03   1590.292s
 160000 +9.49868702e+09 +9.39085438e+09  1.08e+08   6.64e+01     1.09e+03   1600.124s
 161000 +9.49897330e+09 +9.36084660e+09  1.38e+08   6.01e+01     1.04e+03   1609.956s
 162000 +9.50419710e+09 +7.09598531e+09  2.41e+09   3.64e+01     4.82e+03   1619.789s
 163000 +9.50441204e+09 +6.94495694e+09  2.56e+09   2.39e+01     3.52e+03   1629.616s
 164000 +9.50451820e+09 +8.00225482e+09  1.50e+09   2.03e+01     3.08e+03   1639.446s
 165000 +9.50447802e+09 +8.54302493e+09  9.61e+08   1.90e+01     2.85e+03   1649.276s
 166000 +9.50451262e+09 +8.10784100e+09  1.40e+09   1.84e+01     2.77e+03   1659.107s
 167000 +9.50445082e+09 +8.28252385e+09  1.22e+09   1.81e+01     2.73e+03   1668.939s
 168000 +9.50439300e+09 +8.33351163e+09  1.17e+09   1.79e+01     2.70e+03   1678.772s
 169000 +9.50435586e+09 +8.73681714e+09  7.68e+08   1.78e+01     2.67e+03   1688.605s
 170000 +9.50433930e+09 +8.60915096e+09  8.95e+08   1.77e+01     2.66e+03   1698.439s
 171000 +9.50429594e+09 +8.62081882e+09  8.83e+08   1.76e+01     2.65e+03   1708.271s
 172000 +9.50427162e+09 +8.67410185e+09  8.30e+08   1.75e+01     2.65e+03   1718.104s
 173000 +9.50425314e+09 +8.61316043e+09  8.91e+08   1.75e+01     2.64e+03   1727.938s
 174000 +9.50424523e+09 +8.70042005e+09  8.04e+08   1.74e+01     2.63e+03   1737.772s
 175000 +9.50424412e+09 +8.75162337e+09  7.53e+08   1.74e+01     2.62e+03   1747.607s
 176000 +9.50423992e+09 +8.74680757e+09  7.57e+08   1.74e+01     2.62e+03   1757.440s
 177000 +9.50423376e+09 +8.77617078e+09  7.28e+08   1.74e+01     2.62e+03   1767.275s
 178000 +9.50422941e+09 +8.76559866e+09  7.39e+08   1.74e+01     2.62e+03   1777.109s
 179000 +9.50422522e+09 +8.74392901e+09  7.60e+08   1.73e+01     2.62e+03   1786.944s
 180000 +9.50422240e+09 +8.73961065e+09  7.65e+08   1.73e+01     2.61e+03   1796.778s
 181000 +9.50421585e+09 +8.70301994e+09  8.01e+08   1.73e+01     2.61e+03   1806.613s
 182000 +9.50420895e+09 +8.72477057e+09  7.79e+08   1.73e+01     2.61e+03   1816.447s
 183000 +9.50420800e+09 +8.74497560e+09  7.59e+08   1.73e+01     2.61e+03   1826.283s
 184000 +9.50421079e+09 +8.71951967e+09  7.85e+08   1.73e+01     2.61e+03   1836.118s
 185000 +9.50420424e+09 +8.71989488e+09  7.84e+08   1.72e+01     2.61e+03   1845.954s
 186000 +9.50419778e+09 +8.69639883e+09  8.08e+08   1.72e+01     2.61e+03   1855.789s
 187000 +9.50419583e+09 +8.69232290e+09  8.12e+08   1.72e+01     2.61e+03   1865.625s
 188000 +9.50418855e+09 +8.68045165e+09  8.24e+08   1.72e+01     2.61e+03   1875.461s
 189000 +9.50418650e+09 +8.67211446e+09  8.32e+08   1.72e+01     2.61e+03   1885.297s
 190000 +9.50418740e+09 +8.65440490e+09  8.50e+08   1.71e+01     2.60e+03   1895.133s
 191000 +9.50418496e+09 +8.64174575e+09  8.62e+08   1.71e+01     2.60e+03   1904.969s
 192000 +9.50418034e+09 +8.62068048e+09  8.83e+08   1.71e+01     2.60e+03   1914.804s
 193000 +9.50418251e+09 +8.60382728e+09  9.00e+08   1.71e+01     2.60e+03   1924.640s
 194000 +9.50418014e+09 +8.61162771e+09  8.93e+08   1.71e+01     2.60e+03   1934.478s
 195000 +9.50417582e+09 +8.59794549e+09  9.06e+08   1.71e+01     2.60e+03   1944.314s
 196000 +9.50417140e+09 +8.57231133e+09  9.32e+08   1.70e+01     2.60e+03   1954.150s
 197000 +9.50416853e+09 +8.56049809e+09  9.44e+08   1.70e+01     2.60e+03   1963.987s
 198000 +9.50416443e+09 +8.53660277e+09  9.68e+08   1.70e+01     2.60e+03   1973.825s
 199000 +9.50416216e+09 +8.52205579e+09  9.82e+08   1.70e+01     2.60e+03   1983.662s
 200000 +9.50416103e+09 +8.51804698e+09  9.86e+08   1.70e+01     2.60e+03   1993.501s
 201000 +9.50415976e+09 +8.49909745e+09  1.01e+09   1.70e+01     2.60e+03   2003.338s
 202000 +9.50415692e+09 +8.47830034e+09  1.03e+09   1.69e+01     2.60e+03   2013.175s
 203000 +9.50415358e+09 +8.46153835e+09  1.04e+09   1.69e+01     2.60e+03   2023.011s
 204000 +9.50415197e+09 +8.44539561e+09  1.06e+09   1.69e+01     2.60e+03   2032.848s
 205000 +9.50414995e+09 +8.43433686e+09  1.07e+09   1.69e+01     2.60e+03   2042.684s
 206000 +9.50414680e+09 +8.40868004e+09  1.10e+09   1.69e+01     2.60e+03   2052.521s
 207000 +9.50414399e+09 +8.39802097e+09  1.11e+09   1.68e+01     2.60e+03   2062.357s
 208000 +9.50414301e+09 +8.38793261e+09  1.12e+09   1.68e+01     2.60e+03   2072.195s
 209000 +9.50414032e+09 +8.35855279e+09  1.15e+09   1.68e+01     2.60e+03   2082.031s
 210000 +9.50413702e+09 +8.34050328e+09  1.16e+09   1.68e+01     2.60e+03   2091.869s
 211000 +9.50413567e+09 +8.33540395e+09  1.17e+09   1.67e+01     2.60e+03   2101.705s
 212000 +9.50413505e+09 +8.31989669e+09  1.18e+09   1.67e+01     2.60e+03   2111.540s
 213000 +9.50412879e+09 +8.29675806e+09  1.21e+09   1.67e+01     2.60e+03   2121.374s
 214000 +9.50412993e+09 +8.29612852e+09  1.21e+09   1.67e+01     2.60e+03   2131.210s
 215000 +9.50412773e+09 +8.26741774e+09  1.24e+09   1.67e+01     2.60e+03   2141.045s
 216000 +9.50412561e+09 +8.24657237e+09  1.26e+09   1.66e+01     2.60e+03   2150.880s
 217000 +9.50412137e+09 +8.23359827e+09  1.27e+09   1.66e+01     2.60e+03   2160.714s
 218000 +9.50411976e+09 +8.22026879e+09  1.28e+09   1.66e+01     2.60e+03   2170.549s
 219000 +9.50411924e+09 +8.20242283e+09  1.30e+09   1.66e+01     2.60e+03   2180.385s
 220000 +9.50411613e+09 +8.18195337e+09  1.32e+09   1.65e+01     2.60e+03   2190.226s
 221000 +9.50411305e+09 +8.16831307e+09  1.34e+09   1.65e+01     2.60e+03   2200.066s
 222000 +9.50411182e+09 +8.15324875e+09  1.35e+09   1.65e+01     2.60e+03   2209.899s
 223000 +9.50410962e+09 +8.13488707e+09  1.37e+09   1.65e+01     2.60e+03   2219.733s
 224000 +9.50410549e+09 +8.10734242e+09  1.40e+09   1.64e+01     2.59e+03   2229.566s
 225000 +9.50410344e+09 +8.09661351e+09  1.41e+09   1.64e+01     2.59e+03   2239.400s
 226000 +9.50410286e+09 +8.08970336e+09  1.41e+09   1.64e+01     2.59e+03   2249.234s
 227000 +9.50410009e+09 +8.06164203e+09  1.44e+09   1.63e+01     2.59e+03   2259.068s
 228000 +9.50409712e+09 +8.04637533e+09  1.46e+09   1.63e+01     2.59e+03   2268.901s
 229000 +9.50409684e+09 +8.04846944e+09  1.46e+09   1.63e+01     2.59e+03   2278.737s
 230000 +9.50409556e+09 +8.01390059e+09  1.49e+09   1.61e+01     2.59e+03   2288.572s
 231000 +9.50409155e+09 +8.00163997e+09  1.50e+09   1.61e+01     2.59e+03   2298.407s
 232000 +9.50409012e+09 +8.00141879e+09  1.50e+09   1.60e+01     2.59e+03   2308.243s
 233000 +9.50408922e+09 +7.96298232e+09  1.54e+09   1.60e+01     2.59e+03   2318.089s
 234000 +9.50408624e+09 +7.94458002e+09  1.56e+09   1.59e+01     2.59e+03   2327.924s
 235000 +9.50408409e+09 +7.94788318e+09  1.56e+09   1.59e+01     2.59e+03   2337.762s
 236000 +9.50408380e+09 +7.92032035e+09  1.58e+09   1.59e+01     2.59e+03   2347.597s
 237000 +9.50408222e+09 +7.90171511e+09  1.60e+09   1.59e+01     2.59e+03   2357.436s
 238000 +9.50407962e+09 +7.89043690e+09  1.61e+09   1.58e+01     2.59e+03   2367.274s
 239000 +9.50407800e+09 +7.86979481e+09  1.63e+09   1.57e+01     2.59e+03   2377.108s
 240000 +9.50407675e+09 +7.85935795e+09  1.64e+09   1.57e+01     2.59e+03   2386.944s
 241000 +9.50407360e+09 +7.84041470e+09  1.66e+09   1.57e+01     2.59e+03   2396.778s
 242000 +9.50407077e+09 +7.82462782e+09  1.68e+09   1.56e+01     2.59e+03   2406.611s
 243000 +9.50406924e+09 +7.81167428e+09  1.69e+09   1.56e+01     2.59e+03   2416.448s
 244000 +9.50406763e+09 +7.79842280e+09  1.71e+09   1.56e+01     2.59e+03   2426.283s
 245000 +9.50406539e+09 +7.77660052e+09  1.73e+09   1.56e+01     2.59e+03   2436.122s
 246000 +9.50406417e+09 +7.76410476e+09  1.74e+09   1.56e+01     2.59e+03   2445.956s
 247000 +9.50406364e+09 +7.74937631e+09  1.75e+09   1.56e+01     2.59e+03   2455.795s
 248000 +9.50406143e+09 +7.73072879e+09  1.77e+09   1.55e+01     2.59e+03   2465.631s
 249000 +9.50405850e+09 +7.71808378e+09  1.79e+09   1.54e+01     2.59e+03   2475.465s
 250000 +9.50405668e+09 +7.70857322e+09  1.80e+09   1.54e+01     2.58e+03   2485.301s
 251000 +9.50405510e+09 +7.68664089e+09  1.82e+09   1.53e+01     2.58e+03   2495.138s
 252000 +9.50405254e+09 +7.66985020e+09  1.83e+09   1.52e+01     2.58e+03   2504.982s
 253000 +9.50405893e+09 +7.56560022e+09  1.94e+09   1.52e+01     8.47e+03   2514.801s
 254000 +9.50405825e+09 +7.58950321e+09  1.91e+09   1.52e+01     8.48e+03   2524.611s
 255000 +9.50405828e+09 +7.52723013e+09  1.98e+09   1.52e+01     8.48e+03   2534.422s
 256000 +9.50405651e+09 +7.47178188e+09  2.03e+09   1.52e+01     8.48e+03   2544.232s
 257000 +9.50405594e+09 +7.41837993e+09  2.09e+09   1.52e+01     8.48e+03   2554.041s
 258000 +9.50405586e+09 +7.35677770e+09  2.15e+09   1.52e+01     8.48e+03   2563.849s
 259000 +9.50405546e+09 +7.29714329e+09  2.21e+09   1.51e+01     8.48e+03   2573.659s
 260000 +9.50405505e+09 +7.23809501e+09  2.27e+09   1.51e+01     8.48e+03   2583.470s
 261000 +9.50405440e+09 +7.17638059e+09  2.33e+09   1.51e+01     8.48e+03   2593.285s
 262000 +9.50405360e+09 +7.12049608e+09  2.38e+09   1.51e+01     8.48e+03   2603.108s
 263000 +9.50405300e+09 +7.05210683e+09  2.45e+09   1.51e+01     8.49e+03   2612.919s
 264000 +9.50405250e+09 +6.99344018e+09  2.51e+09   1.51e+01     8.49e+03   2622.728s
 265000 +9.50405203e+09 +6.93286986e+09  2.57e+09   1.51e+01     8.49e+03   2632.538s
 266000 +9.50405160e+09 +6.87332527e+09  2.63e+09   1.51e+01     8.49e+03   2642.351s
 267000 +9.50405094e+09 +6.81530829e+09  2.69e+09   1.50e+01     8.49e+03   2652.161s
 268000 +9.50405037e+09 +6.75568440e+09  2.75e+09   1.50e+01     8.49e+03   2661.969s
 269000 +9.50404979e+09 +6.68707800e+09  2.82e+09   1.50e+01     8.49e+03   2671.779s
 270000 +9.50404916e+09 +6.63578514e+09  2.87e+09   1.50e+01     8.49e+03   2681.589s
 271000 +9.50404862e+09 +6.57786893e+09  2.93e+09   1.50e+01     8.49e+03   2691.400s
 272000 +9.50404814e+09 +6.51681988e+09  2.99e+09   1.50e+01     8.49e+03   2701.222s
 273000 +9.50404765e+09 +6.45969432e+09  3.04e+09   1.50e+01     8.49e+03   2711.032s
 274000 +9.50404709e+09 +6.40013320e+09  3.10e+09   1.49e+01     8.49e+03   2720.844s
 275000 +9.50404650e+09 +6.34216656e+09  3.16e+09   1.49e+01     8.50e+03   2730.656s
 276000 +9.50404591e+09 +6.28316746e+09  3.22e+09   1.49e+01     8.50e+03   2740.466s
 277000 +9.50404533e+09 +6.22385541e+09  3.28e+09   1.49e+01     8.50e+03   2750.280s
 278000 +9.50404472e+09 +6.16708235e+09  3.34e+09   1.49e+01     8.50e+03   2760.091s
 279000 +9.50404433e+09 +6.10740310e+09  3.40e+09   1.48e+01     8.50e+03   2769.902s
 280000 +9.50404384e+09 +6.04777176e+09  3.46e+09   1.48e+01     8.50e+03   2779.713s
 281000 +9.50404323e+09 +5.98985572e+09  3.51e+09   1.48e+01     8.50e+03   2789.523s
 282000 +9.50404270e+09 +5.93333386e+09  3.57e+09   1.48e+01     8.50e+03   2799.334s
 283000 +9.50404207e+09 +5.87306063e+09  3.63e+09   1.48e+01     8.50e+03   2809.145s
 284000 +9.50404158e+09 +5.82191932e+09  3.68e+09   1.48e+01     8.50e+03   2818.956s
 285000 +9.50404099e+09 +5.76524014e+09  3.74e+09   1.47e+01     8.50e+03   2828.767s
 286000 +9.50404043e+09 +5.72317615e+09  3.78e+09   1.47e+01     8.50e+03   2838.584s
 287000 +9.50403993e+09 +5.66283510e+09  3.84e+09   1.47e+01     8.50e+03   2848.400s
 288000 +9.50403940e+09 +5.60630770e+09  3.90e+09   1.47e+01     8.50e+03   2858.218s
 289000 +9.50403887e+09 +5.55482402e+09  3.95e+09   1.46e+01     8.50e+03   2868.028s
 290000 +9.50403833e+09 +5.49828627e+09  4.01e+09   1.46e+01     8.50e+03   2877.839s
 291000 +9.50403778e+09 +5.44527029e+09  4.06e+09   1.46e+01     8.51e+03   2887.649s
 292000 +9.50403727e+09 +5.38723118e+09  4.12e+09   1.46e+01     8.51e+03   2897.458s
 293000 +9.50403672e+09 +5.33386459e+09  4.17e+09   1.46e+01     8.51e+03   2907.268s
 294000 +9.50403618e+09 +5.27755380e+09  4.23e+09   1.45e+01     8.51e+03   2917.079s
 295000 +9.50403567e+09 +5.22395515e+09  4.28e+09   1.45e+01     8.51e+03   2926.890s
 296000 +9.50403512e+09 +5.17064334e+09  4.33e+09   1.45e+01     8.51e+03   2936.699s
 297000 +9.50403456e+09 +5.11482543e+09  4.39e+09   1.45e+01     8.51e+03   2946.509s
 298000 +9.50403400e+09 +5.06076946e+09  4.44e+09   1.44e+01     8.51e+03   2956.319s
 299000 +9.50403346e+09 +5.01011753e+09  4.49e+09   1.44e+01     8.51e+03   2966.133s
 300000 +9.50403292e+09 +4.95515643e+09  4.55e+09   1.44e+01     8.51e+03   2975.943s
 301000 +9.50403242e+09 +4.90423092e+09  4.60e+09   1.44e+01     8.51e+03   2985.763s
 302000 +9.50403191e+09 +4.85281846e+09  4.65e+09   1.43e+01     8.51e+03   2995.575s
 303000 +9.50403139e+09 +4.80041659e+09  4.70e+09   1.43e+01     8.51e+03   3005.386s
 304000 +9.50403087e+09 +4.74522724e+09  4.76e+09   1.43e+01     8.51e+03   3015.198s
 305000 +9.50403034e+09 +4.69394331e+09  4.81e+09   1.43e+01     8.51e+03   3025.016s
 306000 +9.50402980e+09 +4.64247517e+09  4.86e+09   1.42e+01     8.51e+03   3034.827s
 307000 +9.50402926e+09 +4.59168671e+09  4.91e+09   1.42e+01     8.51e+03   3044.638s
 308000 +9.50402874e+09 +4.53877677e+09  4.97e+09   1.42e+01     8.51e+03   3054.450s
 309000 +9.50402818e+09 +4.48924399e+09  5.01e+09   1.41e+01     8.51e+03   3064.264s
 310000 +9.50402758e+09 +4.43690746e+09  5.07e+09   1.41e+01     8.51e+03   3074.081s
 311000 +9.50402697e+09 +4.38667855e+09  5.12e+09   1.41e+01     8.51e+03   3083.894s
 312000 +9.50402637e+09 +4.33696812e+09  5.17e+09   1.41e+01     8.51e+03   3093.706s
 313000 +9.50402593e+09 +4.28671780e+09  5.22e+09   1.40e+01     8.51e+03   3103.519s
 314000 +9.50402543e+09 +4.23635565e+09  5.27e+09   1.40e+01     8.51e+03   3113.331s
 315000 +9.50402498e+09 +4.18913612e+09  5.31e+09   1.40e+01     8.51e+03   3123.144s
 316000 +9.50402446e+09 +4.14321968e+09  5.36e+09   1.39e+01     8.51e+03   3132.958s
 317000 +9.50402386e+09 +4.08880337e+09  5.42e+09   1.39e+01     8.51e+03   3142.779s
 318000 +9.50402321e+09 +4.04413178e+09  5.46e+09   1.39e+01     8.51e+03   3152.592s
 319000 +9.50402274e+09 +4.00216004e+09  5.50e+09   1.38e+01     8.51e+03   3162.404s
 320000 +9.50402229e+09 +3.95174797e+09  5.55e+09   1.38e+01     8.51e+03   3172.218s
 321000 +9.50402178e+09 +3.90297812e+09  5.60e+09   1.38e+01     8.51e+03   3182.028s
 322000 +9.50402126e+09 +3.85728528e+09  5.65e+09   1.37e+01     8.51e+03   3191.845s
 323000 +9.50402074e+09 +3.81299562e+09  5.69e+09   1.37e+01     8.51e+03   3201.657s
 324000 +9.50402016e+09 +3.76000521e+09  5.74e+09   1.37e+01     8.51e+03   3211.471s
 325000 +9.50401958e+09 +3.71534322e+09  5.79e+09   1.36e+01     8.51e+03   3221.283s
 326000 +9.50401912e+09 +3.66880241e+09  5.84e+09   1.36e+01     8.51e+03   3231.098s
 327000 +9.50401863e+09 +3.62254196e+09  5.88e+09   1.36e+01     8.51e+03   3240.915s
 328000 +9.50401809e+09 +3.57320039e+09  5.93e+09   1.35e+01     8.50e+03   3250.726s
 329000 +9.50401760e+09 +3.53190023e+09  5.97e+09   1.35e+01     8.50e+03   3260.538s
 330000 +9.50401705e+09 +3.48601462e+09  6.02e+09   1.35e+01     8.50e+03   3270.352s
 331000 +9.50401650e+09 +3.44160564e+09  6.06e+09   1.34e+01     8.50e+03   3280.164s
 332000 +9.50401599e+09 +3.40029278e+09  6.10e+09   1.34e+01     8.50e+03   3289.976s
 333000 +9.50401549e+09 +3.35437558e+09  6.15e+09   1.34e+01     8.50e+03   3299.789s
 334000 +9.50401492e+09 +3.30957301e+09  6.19e+09   1.33e+01     8.50e+03   3309.600s
 335000 +9.50401443e+09 +3.26929925e+09  6.23e+09   1.33e+01     8.50e+03   3319.410s
 336000 +9.50401395e+09 +3.22550326e+09  6.28e+09   1.33e+01     8.50e+03   3329.225s
 337000 +9.50401343e+09 +3.17927647e+09  6.32e+09   1.32e+01     8.50e+03   3339.037s
 338000 +9.50401289e+09 +3.14087179e+09  6.36e+09   1.32e+01     8.50e+03   3348.849s
 339000 +9.50401239e+09 +3.09942856e+09  6.40e+09   1.31e+01     8.50e+03   3358.661s
 340000 +9.50401183e+09 +3.05714264e+09  6.45e+09   1.31e+01     8.50e+03   3368.478s
 341000 +9.50401129e+09 +3.01724660e+09  6.49e+09   1.31e+01     8.49e+03   3378.291s
 342000 +9.50401076e+09 +2.97871856e+09  6.53e+09   1.30e+01     8.49e+03   3388.105s
 343000 +9.50401024e+09 +2.93743055e+09  6.57e+09   1.30e+01     8.49e+03   3397.918s
 344000 +9.50400979e+09 +2.89641632e+09  6.61e+09   1.29e+01     8.49e+03   3407.729s
 345000 +9.50400926e+09 +2.85658778e+09  6.65e+09   1.29e+01     8.49e+03   3417.543s
 346000 +9.50400873e+09 +2.82503531e+09  6.68e+09   1.29e+01     8.49e+03   3427.358s
 347000 +9.50400819e+09 +2.78554642e+09  6.72e+09   1.28e+01     8.49e+03   3437.171s
 348000 +9.50400762e+09 +2.74585839e+09  6.76e+09   1.28e+01     8.49e+03   3446.983s
 349000 +9.50400719e+09 +2.71204961e+09  6.79e+09   1.27e+01     8.48e+03   3456.798s
 350000 +9.50400666e+09 +2.66858095e+09  6.84e+09   1.27e+01     8.48e+03   3466.613s
 351000 +9.50400613e+09 +2.63385682e+09  6.87e+09   1.27e+01     8.48e+03   3476.424s
 352000 +9.50400561e+09 +2.59322845e+09  6.91e+09   1.26e+01     8.48e+03   3486.237s
 353000 +9.50400507e+09 +2.55893325e+09  6.95e+09   1.26e+01     8.48e+03   3496.048s
 354000 +9.50400458e+09 +2.52483747e+09  6.98e+09   1.25e+01     8.48e+03   3505.859s
 355000 +9.50400405e+09 +2.48661635e+09  7.02e+09   1.25e+01     8.48e+03   3515.670s
 356000 +9.50400359e+09 +2.45375323e+09  7.05e+09   1.24e+01     8.47e+03   3525.482s
 357000 +9.50400307e+09 +2.42073088e+09  7.08e+09   1.24e+01     8.47e+03   3535.291s
 358000 +9.50400261e+09 +2.37890330e+09  7.13e+09   1.24e+01     8.47e+03   3545.101s
 359000 +9.50400200e+09 +2.34234246e+09  7.16e+09   1.23e+01     8.47e+03   3554.910s
 360000 +9.50400150e+09 +2.31963324e+09  7.18e+09   1.23e+01     8.47e+03   3564.720s
 361000 +9.50400096e+09 +2.27913798e+09  7.22e+09   1.22e+01     8.46e+03   3574.530s
 362000 +9.50400047e+09 +2.24853832e+09  7.26e+09   1.22e+01     8.46e+03   3584.342s
 363000 +9.50399996e+09 +2.20947012e+09  7.29e+09   1.21e+01     8.46e+03   3594.153s
PDLP finished
Status: Time Limit   Objective: 9.50399965e+09  Iterations: 363600  Time: 3610.362s

### exit_code=0
### finished=2026-08-09T15:27:52.315650
### gpu_peak_mb=151290.4
### gpu_peak2_mb=0.0
### per_gpu_peak_mb=[151290.375]
