### solver=cuopt-base
### instance=/home/scratch.cmaes_sw/hans_lps/cont11.mps
### n_gpus=1
### CUDA_VISIBLE_DEVICES=0
### started=2026-07-31T15:36:15.995824
### argv=/home/scratch.vmostovoi_gpu/mostovoi_cuopt/cpp/build/cuopt_cli --method 1 --mps-reader experimental-fast --time-limit 3600 --iteration-limit 1000000000 --relative-primal-tolerance 1e-4 --relative-dual-tolerance 1e-4 --relative-gap-tolerance 1e-4 --log-to-console true /home/scratch.cmaes_sw/hans_lps/cont11.mps
### --- solver output ---
Setting parameter iteration_limit to 1000000000
Setting parameter log_to_console to true
Setting parameter method to 1
Setting parameter relative_dual_tolerance to 1.000000e-04
Setting parameter relative_gap_tolerance to 1.000000e-04
Setting parameter relative_primal_tolerance to 1.000000e-04
Setting parameter time_limit to 3.600000e+03
Reading file cont11.mps
Using experimental fast MPS parser for '/home/scratch.cmaes_sw/hans_lps/cont11.mps'
Read file cont11.mps in 0.25 seconds
cuOpt version: 26.8.0, git hash: 7116ead1, host arch: x86_64, device archs: 100a-real
CPU: INTEL(R) XEON(R) PLATINUM 8570, threads (physical/logical): 112/224, RAM: 1724.84 GiB
CUDA 13.3, device: NVIDIA B200 (ID 0), VRAM: 178.34 GiB
CUDA device UUID: e0330c45-1b2b-b5db-9ae3-67a7efc4ba6e
Solving a problem with 160792 constraints, 80396 variables (0 integers), and 399990 nonzeros
Problem scaling:
Objective coefficents range:          [1e+00, 1e+00]
Constraint matrix coefficients range: [5e-03, 4e+00]
Constraint rhs / bounds range:        [5e-04, 1e+01]
Variable bounds range:                [0e+00, 0e+00]

Using PSLP presolver
PSLP Presolved problem: 120395 constraints, 80396 variables, 359593 non-zeros
PSLP presolve time: 0.12s
Objective offset 0.000000 scaling_factor 1.000000
   Iter    Primal Obj.      Dual Obj.    Gap        Primal Res.  Dual Res.   Time
      0 +0.00000000e+00 +0.00000000e+00  0.00e+00   3.13e+00     2.00e+02   0.205s
   1000 +6.19496271e+02 +9.51135681e+02  3.32e+02   9.02e-02     7.93e+00   0.262s
   2000 +6.18606156e+02 +7.11166332e+03  6.49e+03   8.80e-02     1.08e+02   0.285s
   3000 +6.17673979e+02 +7.13255956e+04  7.07e+04   8.63e-02     9.73e+02   0.308s
   4000 +6.16367416e+02 +3.06289745e+05  3.06e+05   8.45e-02     3.50e+03   0.331s
   5000 +6.14968175e+02 +7.69881926e+05  7.69e+05   8.28e-02     8.12e+03   0.354s
   6000 +6.12937017e+02 +1.57003024e+06  1.57e+06   8.08e-02     1.47e+04   0.377s
   7000 +6.11753447e+02 +3.78320128e+06  3.78e+06   7.98e-02     3.28e+04   0.400s
   8000 +6.09616083e+02 +5.91434399e+06  5.91e+06   7.81e-02     4.84e+04   0.422s
   9000 +6.06679087e+02 +7.92763602e+06  7.93e+06   7.61e-02     6.08e+04   0.445s
  10000 +6.05241013e+02 +1.49351613e+07  1.49e+07   7.52e-02     1.06e+05   0.468s
  11000 +6.03795519e+02 +2.30327726e+07  2.30e+07   7.43e-02     1.56e+05   0.490s
  12000 +6.02231298e+02 +3.08539661e+07  3.09e+07   7.30e-02     1.99e+05   0.511s
  13000 +6.00582661e+02 +3.83325303e+07  3.83e+07   7.15e-02     2.39e+05   0.533s
  14000 +5.98896925e+02 +4.53984762e+07  4.54e+07   6.97e-02     2.77e+05   0.555s
  15000 +5.97946499e+02 +6.26612392e+07  6.27e+07   6.86e-02     3.80e+05   0.577s
  16000 +5.97473493e+02 +8.66421126e+07  8.66e+07   6.77e-02     5.28e+05   0.600s
  17000 +5.96987905e+02 +1.10163706e+08  1.10e+08   6.65e-02     6.75e+05   0.622s
  18000 +5.96492010e+02 +1.33110456e+08  1.33e+08   6.49e-02     8.18e+05   0.644s
  19000 +5.95986299e+02 +1.55333572e+08  1.55e+08   6.30e-02     9.54e+05   0.666s
  20000 +5.95473150e+02 +1.76690592e+08  1.77e+08   6.09e-02     1.08e+06   0.688s
  21000 +5.94950340e+02 +1.97003359e+08  1.97e+08   5.84e-02     1.21e+06   0.710s
  22000 +5.94419132e+02 +2.16045872e+08  2.16e+08   5.57e-02     1.32e+06   0.732s
  23000 +5.93997083e+02 +2.42912245e+08  2.43e+08   5.35e-02     1.48e+06   0.754s
  24000 +5.93743035e+02 +2.82365380e+08  2.82e+08   5.21e-02     1.72e+06   0.776s
  25000 +5.93486424e+02 +3.20262829e+08  3.20e+08   5.05e-02     1.95e+06   0.798s
  26000 +5.93228071e+02 +3.56292304e+08  3.56e+08   4.86e-02     2.17e+06   0.820s
  27000 +5.92968472e+02 +3.90166734e+08  3.90e+08   4.65e-02     2.37e+06   0.841s
  28000 +5.92707923e+02 +4.21633305e+08  4.22e+08   4.41e-02     2.57e+06   0.863s
  29000 +5.92446706e+02 +4.50474106e+08  4.50e+08   4.16e-02     2.74e+06   0.885s
  30000 +5.92185085e+02 +4.76506327e+08  4.77e+08   3.89e-02     2.90e+06   0.907s
  31000 +5.91923199e+02 +4.99581217e+08  5.00e+08   3.61e-02     3.04e+06   0.929s
  32000 +5.91661127e+02 +5.19579971e+08  5.20e+08   3.31e-02     3.16e+06   0.951s
  33000 +5.91398917e+02 +5.36408153e+08  5.36e+08   3.00e-02     3.27e+06   0.973s
  34000 +5.91136594e+02 +5.49990678e+08  5.50e+08   2.69e-02     3.35e+06   0.995s
  35000 +5.90874191e+02 +5.60272114e+08  5.60e+08   2.37e-02     3.41e+06   1.017s
  36000 +5.90590375e+02 +5.71769152e+08  5.72e+08   2.04e-02     3.48e+06   1.039s
  37000 +5.90292119e+02 +5.83290791e+08  5.83e+08   1.70e-02     3.55e+06   1.061s
  38000 +5.89993690e+02 +5.91815871e+08  5.92e+08   1.36e-02     3.60e+06   1.082s
  39000 +5.89695156e+02 +5.97287260e+08  5.97e+08   1.01e-02     3.64e+06   1.104s
  40000 +5.89396582e+02 +5.99678026e+08  6.00e+08   6.64e-03     3.65e+06   1.126s
  41000 +5.89098031e+02 +5.98991306e+08  5.99e+08   3.15e-03     3.65e+06   1.148s
  42000 +5.88799562e+02 +5.95259431e+08  5.95e+08   3.06e-04     3.62e+06   1.170s
  43000 +5.88501232e+02 +5.88542674e+08  5.89e+08   3.70e-03     3.58e+06   1.192s
  44000 +5.88203099e+02 +5.78927591e+08  5.79e+08   7.01e-03     3.52e+06   1.214s
  45000 +5.87905218e+02 +5.66525162e+08  5.67e+08   1.02e-02     3.45e+06   1.236s
  46000 +5.87607638e+02 +5.51469074e+08  5.51e+08   1.33e-02     3.36e+06   1.258s
  47000 +5.87310409e+02 +5.33914407e+08  5.34e+08   1.62e-02     3.25e+06   1.280s
  48000 +5.87013586e+02 +5.14036688e+08  5.14e+08   1.89e-02     3.13e+06   1.301s
  49000 +5.86717249e+02 +4.92030804e+08  4.92e+08   2.15e-02     3.00e+06   1.323s
  50000 +5.86421458e+02 +4.68109450e+08  4.68e+08   2.38e-02     2.85e+06   1.345s
  51000 +5.86126300e+02 +4.42501228e+08  4.43e+08   2.60e-02     2.69e+06   1.367s
  52000 +5.85831833e+02 +4.15448308e+08  4.15e+08   2.79e-02     2.53e+06   1.389s
  53000 +5.85538129e+02 +3.87203494e+08  3.87e+08   2.95e-02     2.36e+06   1.411s
  54000 +5.85245285e+02 +3.58026935e+08  3.58e+08   3.09e-02     2.18e+06   1.433s
  55000 +5.84953361e+02 +3.28182807e+08  3.28e+08   3.20e-02     2.00e+06   1.455s
  56000 +5.84420642e+02 +3.10422809e+08  3.10e+08   3.50e-02     1.89e+06   1.477s
  57000 +5.83727775e+02 +2.99697397e+08  3.00e+08   3.91e-02     1.82e+06   1.499s
  58000 +5.83036010e+02 +2.87503257e+08  2.88e+08   4.30e-02     1.75e+06   1.521s
  59000 +5.82345715e+02 +2.73937361e+08  2.74e+08   4.66e-02     1.67e+06   1.543s
  60000 +5.81657023e+02 +2.59108880e+08  2.59e+08   5.00e-02     1.58e+06   1.565s
  61000 +5.80970369e+02 +2.43138048e+08  2.43e+08   5.31e-02     1.48e+06   1.587s
  62000 +5.80286278e+02 +2.26154916e+08  2.26e+08   5.59e-02     1.38e+06   1.609s
  63000 +5.79604318e+02 +2.08298008e+08  2.08e+08   5.83e-02     1.27e+06   1.630s
  64000 +5.78924632e+02 +1.89712889e+08  1.90e+08   6.04e-02     1.16e+06   1.652s
  65000 +5.78247422e+02 +1.70550663e+08  1.71e+08   6.21e-02     1.04e+06   1.675s
  66000 +5.77573090e+02 +1.50966419e+08  1.51e+08   6.35e-02     9.19e+05   1.696s
  67000 +5.76901736e+02 +1.31117640e+08  1.31e+08   6.45e-02     7.98e+05   1.718s
  68000 +5.76233828e+02 +1.11162580e+08  1.11e+08   6.51e-02     6.77e+05   1.740s
  69000 +5.75569740e+02 +9.12586415e+07  9.13e+07   6.54e-02     5.56e+05   1.762s
  70000 +5.74909894e+02 +7.15607631e+07  7.16e+07   6.52e-02     4.36e+05   1.784s
  71000 +5.74254767e+02 +5.22198641e+07  5.22e+07   6.48e-02     3.18e+05   1.806s
  72000 +5.73605230e+02 +3.33813413e+07  3.34e+07   6.39e-02     2.03e+05   1.828s
  73000 +5.72962658e+02 +1.51836412e+07  1.52e+07   6.28e-02     9.24e+04   1.850s
  74000 +5.72323518e+02 -2.22108798e+06  2.22e+06   6.13e-02     4.87e+04   1.872s
  75000 +5.71634312e+02 -1.74063855e+07  1.74e+07   5.82e-02     2.49e+05   1.893s
  76000 +5.70960723e+02 -2.97589574e+07  2.98e+07   5.41e-02     4.02e+05   1.915s
  77000 +5.70300129e+02 -3.94720606e+07  3.95e+07   4.96e-02     5.12e+05   1.937s
  78000 +5.69653280e+02 -4.67663646e+07  4.68e+07   4.40e-02     6.16e+05   1.959s
  79000 +5.69002990e+02 -5.13685354e+07  5.14e+07   3.83e-02     7.00e+05   1.981s
  80000 +5.68352113e+02 -5.48670518e+07  5.49e+07   3.29e-02     7.45e+05   2.003s
  81000 +5.67709667e+02 -5.70857383e+07  5.71e+07   2.75e-02     7.52e+05   2.025s
  82000 +5.67078619e+02 -5.67393709e+07  5.67e+07   2.17e-02     7.35e+05   2.047s
  83000 +5.66440290e+02 -5.39662616e+07  5.40e+07   1.60e-02     6.98e+05   2.068s
  84000 +5.65801741e+02 -4.87246157e+07  4.87e+07   1.07e-02     6.27e+05   2.090s
  85000 +5.65151359e+02 -4.10290585e+07  4.10e+07   6.28e-03     5.31e+05   2.112s
  86000 +5.64472868e+02 -3.18871074e+07  3.19e+07   4.15e-03     4.34e+05   2.134s
  87000 +5.64085371e+02 -3.05111864e+07  3.05e+07   3.37e-03     4.29e+05   2.156s
  88000 +5.63899439e+02 -3.25489970e+07  3.25e+07   2.05e-03     4.45e+05   2.178s
  89000 +5.63711925e+02 -3.33434903e+07  3.33e+07   1.47e-03     4.29e+05   2.200s
  90000 +5.63522969e+02 -3.34394767e+07  3.34e+07   7.13e-04     4.31e+05   2.222s
  91000 +5.63335079e+02 -3.29394866e+07  3.29e+07   2.75e-04     4.25e+05   2.244s
  92000 +5.63146428e+02 -3.13988704e+07  3.14e+07   6.83e-04     4.04e+05   2.266s
  93000 +5.62955734e+02 -2.93788127e+07  2.94e+07   1.07e-03     3.81e+05   2.287s
  94000 +5.62764070e+02 -2.72881139e+07  2.73e+07   1.46e-03     3.56e+05   2.309s
  95000 +5.62572442e+02 -2.49361722e+07  2.49e+07   1.80e-03     3.25e+05   2.331s
  96000 +5.62379739e+02 -2.23932842e+07  2.24e+07   2.08e-03     2.91e+05   2.353s
  97000 +5.62186564e+02 -1.97774649e+07  1.98e+07   2.30e-03     2.55e+05   2.375s
  98000 +5.61993159e+02 -1.69357568e+07  1.69e+07   2.43e-03     2.18e+05   2.397s
  99000 +5.61798600e+02 -1.38077188e+07  1.38e+07   2.50e-03     1.78e+05   2.419s
 100000 +5.61603013e+02 -1.07454791e+07  1.07e+07   2.52e-03     1.38e+05   2.441s
 101000 +5.61406737e+02 -7.85145335e+06  7.85e+06   2.47e-03     1.03e+05   2.463s
 102000 +5.61209764e+02 -5.16281978e+06  5.16e+06   2.37e-03     6.76e+04   2.484s
 103000 +5.61011977e+02 -2.90456442e+06  2.91e+06   2.22e-03     3.77e+04   2.506s
 104000 +5.60814199e+02 -1.06225606e+06  1.06e+06   2.03e-03     2.16e+04   2.528s
 105000 +5.60616400e+02 +4.95327922e+05  4.95e+05   1.81e-03     2.20e+04   2.550s
 106000 +5.60418323e+02 +1.75177457e+06  1.75e+06   1.57e-03     3.23e+04   2.572s
 107000 +5.60220386e+02 +2.63194114e+06  2.63e+06   1.32e-03     4.14e+04   2.594s
 108000 +5.60022573e+02 +3.21692751e+06  3.22e+06   1.07e-03     4.48e+04   2.616s
 109000 +5.59871898e+02 +4.29594089e+06  4.30e+06   9.86e-04     5.65e+04   2.638s
 110000 +5.59733172e+02 +5.45404484e+06  5.45e+06   9.25e-04     7.10e+04   2.660s
 111000 +5.59594558e+02 +6.46291432e+06  6.46e+06   8.51e-04     8.39e+04   2.682s
 112000 +5.59456027e+02 +7.32854366e+06  7.33e+06   7.65e-04     9.52e+04   2.704s
 113000 +5.59317596e+02 +8.03583232e+06  8.04e+06   6.68e-04     1.04e+05   2.725s
 114000 +5.59179272e+02 +8.55516440e+06  8.55e+06   5.64e-04     1.11e+05   2.747s
 115000 +5.59040976e+02 +8.89518491e+06  8.89e+06   4.55e-04     1.16e+05   2.769s
 116000 +5.58902759e+02 +9.06673692e+06  9.07e+06   3.44e-04     1.18e+05   2.791s
 117000 +5.58764594e+02 +9.06548527e+06  9.06e+06   2.35e-04     1.18e+05   2.813s
 118000 +5.58626493e+02 +8.89464580e+06  8.89e+06   1.29e-04     1.16e+05   2.835s
 119000 +5.58488447e+02 +8.57012564e+06  8.57e+06   3.19e-05     1.12e+05   2.857s
 120000 +5.58350410e+02 +8.09940766e+06  8.10e+06   5.94e-05     1.06e+05   2.879s
 121000 +5.58212341e+02 +7.49783137e+06  7.50e+06   1.38e-04     9.78e+04   2.901s
 122000 +5.58074229e+02 +6.79975223e+06  6.80e+06   2.04e-04     8.87e+04   2.923s
 123000 +5.57936034e+02 +6.03383317e+06  6.03e+06   2.56e-04     7.88e+04   2.944s
 124000 +5.57797766e+02 +5.22709022e+06  5.23e+06   2.94e-04     6.83e+04   2.966s
 125000 +5.57659451e+02 +4.41188525e+06  4.41e+06   3.17e-04     5.76e+04   2.988s
 126000 +5.57521111e+02 +3.61438732e+06  3.61e+06   3.27e-04     4.71e+04   3.010s
 127000 +5.57382769e+02 +2.85169007e+06  2.85e+06   3.23e-04     3.71e+04   3.032s
 128000 +5.57244391e+02 +2.14558115e+06  2.15e+06   3.08e-04     2.79e+04   3.054s
 129000 +5.57105962e+02 +1.51768168e+06  1.52e+06   2.83e-04     1.97e+04   3.076s
 130000 +5.56967541e+02 +9.80343193e+05  9.80e+05   2.49e-04     1.28e+04   3.098s
 131000 +5.56829111e+02 +5.47533673e+05  5.47e+05   2.10e-04     7.16e+03   3.119s
 132000 +5.56317726e+02 +4.28796366e+05  4.28e+05   2.18e-04     5.61e+03   3.142s
 133000 +5.55713778e+02 +3.65355466e+05  3.65e+05   2.36e-04     4.78e+03   3.164s
 134000 +5.55110648e+02 +2.96466710e+05  2.96e+05   2.49e-04     3.88e+03   3.185s
 135000 +5.54508268e+02 +2.24077816e+05  2.24e+05   2.58e-04     2.93e+03   3.207s
 136000 +5.53906877e+02 +1.50119480e+05  1.50e+05   2.62e-04     1.97e+03   3.229s
 137000 +5.53306247e+02 +7.64275312e+04  7.59e+04   2.61e-04     1.01e+03   3.251s
 138000 +5.52706335e+02 +5.00405582e+03  4.45e+03   2.56e-04     2.04e+02   3.273s
 139000 +5.52107632e+02 -6.22319031e+04  6.28e+04   2.46e-04     8.36e+02   3.295s
 140000 +5.51509790e+02 -1.23664738e+05  1.24e+05   2.33e-04     1.63e+03   3.317s
 141000 +5.50913083e+02 -1.77903993e+05  1.78e+05   2.16e-04     2.33e+03   3.339s
 142000 +5.50317458e+02 -2.23800558e+05  2.24e+05   1.96e-04     2.93e+03   3.360s
 143000 +5.49722445e+02 -2.60595283e+05  2.61e+05   1.74e-04     3.41e+03   3.382s
 144000 +5.49127968e+02 -2.87842793e+05  2.88e+05   1.51e-04     3.77e+03   3.404s
 145000 +5.48534330e+02 -3.05323242e+05  3.06e+05   1.28e-04     3.99e+03   3.426s
 146000 +5.47941520e+02 -3.13167555e+05  3.14e+05   1.04e-04     4.10e+03   3.448s
 147000 +5.47349208e+02 -3.11832306e+05  3.12e+05   8.14e-05     4.08e+03   3.470s
 148000 +5.46757618e+02 -3.02023454e+05  3.03e+05   6.01e-05     3.95e+03   3.492s
 149000 +5.46166860e+02 -2.84731651e+05  2.85e+05   4.08e-05     3.73e+03   3.514s
 150000 +5.45576781e+02 -2.61205959e+05  2.62e+05   2.40e-05     3.42e+03   3.535s
 151000 +5.44987338e+02 -2.32817596e+05  2.33e+05   1.00e-05     3.05e+03   3.557s
 152000 +5.44398603e+02 -2.01004776e+05  2.02e+05   9.31e-07     2.63e+03   3.579s
 153000 +5.43810785e+02 -1.67269531e+05  1.68e+05   8.78e-06     2.19e+03   3.601s
 154000 +5.43223608e+02 -1.33055069e+05  1.34e+05   1.35e-05     1.75e+03   3.623s
 155000 +5.42699386e+02 -1.22044452e+05  1.23e+05   1.82e-05     1.61e+03   3.645s
 156000 +5.42191442e+02 -1.14925293e+05  1.15e+05   2.30e-05     1.51e+03   3.667s
 157000 +5.41684176e+02 -1.05951701e+05  1.06e+05   2.73e-05     1.40e+03   3.689s
 158000 +5.41177310e+02 -9.53730898e+04  9.59e+04   3.10e-05     1.26e+03   3.711s
 159000 +5.40670991e+02 -8.34895644e+04  8.40e+04   3.41e-05     1.11e+03   3.733s
 160000 +5.40165289e+02 -7.06382379e+04  7.12e+04   3.65e-05     9.43e+02   3.755s
 161000 +5.39660261e+02 -5.71772329e+04  5.77e+04   3.81e-05     7.72e+02   3.776s
 162000 +5.39155662e+02 -4.34764109e+04  4.40e+04   3.89e-05     6.00e+02   3.798s
 163000 +5.38651764e+02 -2.99072755e+04  3.04e+04   3.89e-05     4.35e+02   3.820s
 164000 +5.38148315e+02 -1.68272704e+04  1.74e+04   3.82e-05     2.91e+02   3.842s
 165000 +5.37645507e+02 -4.56742598e+03  5.11e+03   3.68e-05     2.00e+02   3.864s
 166000 +5.37143381e+02 +6.57766750e+03  6.04e+03   3.48e-05     2.09e+02   3.886s
 167000 +5.36641815e+02 +1.63577078e+04  1.58e+04   3.23e-05     2.86e+02   3.908s
 168000 +5.36140686e+02 +2.45807075e+04  2.40e+04   2.93e-05     3.73e+02   3.930s
 169000 +5.35640148e+02 +3.11127927e+04  3.06e+04   2.61e-05     4.48e+02   3.951s
 170000 +5.35140543e+02 +3.58790522e+04  3.53e+04   2.26e-05     5.05e+02   3.973s
 171000 +5.34641318e+02 +3.88723912e+04  3.83e+04   1.91e-05     5.42e+02   3.995s
 172000 +5.34142539e+02 +4.01423421e+04  3.96e+04   1.57e-05     5.57e+02   4.017s
 173000 +5.33644475e+02 +3.97948705e+04  3.93e+04   1.24e-05     5.53e+02   4.039s
 174000 +5.33147233e+02 +3.79891430e+04  3.75e+04   9.32e-06     5.31e+02   4.061s
 175000 +5.32650407e+02 +3.49240463e+04  3.44e+04   6.61e-06     4.93e+02   4.083s
 176000 +5.32154068e+02 +3.08345276e+04  3.03e+04   4.30e-06     4.44e+02   4.105s
 177000 +5.31658456e+02 +2.59786092e+04  2.54e+04   2.44e-06     3.88e+02   4.126s
 178000 +5.31163527e+02 +2.06242578e+04  2.01e+04   1.05e-06     3.29e+02   4.148s
 179000 +5.30669131e+02 +1.50434794e+04  1.45e+04   1.48e-07     2.72e+02   4.170s
 180000 +5.30175353e+02 +9.49683400e+03  8.97e+03   3.01e-07     2.26e+02   4.192s
 181000 +5.29682147e+02 +4.22485504e+03  3.70e+03   3.09e-07     1.97e+02   4.214s
 182000 +5.29189522e+02 -5.56888694e+02  1.09e+03   8.17e-08     1.89e+02   4.236s
 183000 +5.28776401e+02 -1.36588885e+03  1.89e+03   2.29e-07     1.89e+02   4.258s
 184000 +5.28383452e+02 -1.25960964e+03  1.79e+03   2.73e-07     1.89e+02   4.280s
 185000 +5.27990766e+02 -1.13237216e+03  1.66e+03   3.12e-07     1.89e+02   4.302s
 186000 +5.27598450e+02 -9.87783469e+02  1.52e+03   3.45e-07     1.89e+02   4.324s
 187000 +5.27206539e+02 -8.29260156e+02  1.36e+03   3.70e-07     1.88e+02   4.345s
 188000 +5.26815134e+02 -6.61225783e+02  1.19e+03   3.88e-07     1.88e+02   4.367s
 189000 +5.26424239e+02 -4.89214660e+02  1.02e+03   3.98e-07     1.88e+02   4.389s
 190000 +5.26033588e+02 -3.16885045e+02  8.43e+02   4.01e-07     1.88e+02   4.411s
 191000 +5.25643288e+02 -1.49288658e+02  6.75e+02   3.96e-07     1.88e+02   4.433s
 192000 +5.25253433e+02 +9.23168779e+00  5.16e+02   3.83e-07     1.88e+02   4.455s
 193000 +5.24864006e+02 +1.55195704e+02  3.70e+02   3.64e-07     1.87e+02   4.477s
 194000 +5.24475122e+02 +2.84918284e+02  2.40e+02   3.40e-07     1.87e+02   4.499s
 195000 +5.24086557e+02 +3.95782265e+02  1.28e+02   3.11e-07     1.87e+02   4.521s
 196000 +5.23698358e+02 +4.86066488e+02  3.76e+01   2.79e-07     1.87e+02   4.542s
 197000 +5.23310615e+02 +5.54006742e+02  3.07e+01   2.45e-07     1.87e+02   4.564s
 198000 +5.22923238e+02 +6.00078405e+02  7.72e+01   2.09e-07     1.87e+02   4.586s
 199000 +5.22536270e+02 +6.23879430e+02  1.01e+02   1.74e-07     1.87e+02   4.608s
 200000 +5.22149890e+02 +6.26101876e+02  1.04e+02   1.40e-07     1.87e+02   4.630s
 201000 +5.21763850e+02 +6.09914473e+02  8.82e+01   1.07e-07     1.87e+02   4.652s
 202000 +5.21378253e+02 +5.76111234e+02  5.47e+01   7.83e-08     1.87e+02   4.674s
 203000 +5.20992955e+02 +5.27831154e+02  6.84e+00   5.45e-08     1.87e+02   4.696s
 204000 +5.20607996e+02 +4.70034787e+02  5.06e+01   3.97e-08     1.86e+02   4.718s
 205000 +5.20223773e+02 +4.03008491e+02  1.17e+02   2.87e-08     1.86e+02   4.739s
 206000 +5.19839924e+02 +3.32326284e+02  1.88e+02   3.13e-08     1.86e+02   4.761s
 207000 +5.19456470e+02 +2.61025337e+02  2.58e+02   2.18e-08     1.86e+02   4.783s
 208000 +5.19073319e+02 +1.90635459e+02  3.28e+02   2.57e-08     1.86e+02   4.805s
 209000 +5.18690597e+02 +1.26773287e+02  3.92e+02   3.01e-08     1.86e+02   4.827s
 210000 +5.18308417e+02 +7.00710335e+01  4.48e+02   2.72e-08     1.86e+02   4.849s
 211000 +5.17926720e+02 +2.19971745e+01  4.96e+02   2.61e-08     1.86e+02   4.871s
 212000 +5.17545440e+02 -1.37600004e+01  5.31e+02   3.27e-08     1.86e+02   4.892s
 213000 +5.17164535e+02 -3.85559599e+01  5.56e+02   4.09e-08     1.86e+02   4.914s
 214000 +5.16784093e+02 -5.17928720e+01  5.69e+02   5.42e-08     1.86e+02   4.936s
 215000 +5.16404082e+02 -5.13402313e+01  5.68e+02   6.46e-08     1.85e+02   4.958s
 216000 +5.16024466e+02 -4.17862109e+01  5.58e+02   7.61e-08     1.85e+02   4.980s
 217000 +5.15645411e+02 -2.16918594e+01  5.37e+02   8.58e-08     1.85e+02   5.002s
 218000 +5.15266827e+02 +7.16769517e+00  5.08e+02   9.50e-08     1.85e+02   5.024s
 219000 +5.14888701e+02 +4.06799805e+01  4.74e+02   1.01e-07     1.85e+02   5.046s
 220000 +5.14510897e+02 +7.98295320e+01  4.35e+02   1.06e-07     1.85e+02   5.068s
 221000 +5.14133484e+02 +1.20597505e+02  3.94e+02   1.07e-07     1.85e+02   5.089s
 222000 +5.13756641e+02 +1.60469352e+02  3.53e+02   1.07e-07     1.85e+02   5.111s
 223000 +5.13380391e+02 +1.99198932e+02  3.14e+02   1.02e-07     1.85e+02   5.133s
 224000 +5.13004551e+02 +2.33315117e+02  2.80e+02   9.58e-08     1.85e+02   5.155s
 225000 +5.12629073e+02 +2.61648557e+02  2.51e+02   8.83e-08     1.84e+02   5.177s
 226000 +5.12253996e+02 +2.83631037e+02  2.29e+02   7.99e-08     1.84e+02   5.199s
 227000 +5.11879427e+02 +2.97899477e+02  2.14e+02   6.90e-08     1.84e+02   5.221s
 228000 +5.11505380e+02 +3.04142321e+02  2.07e+02   5.98e-08     1.84e+02   5.243s
 229000 +5.11131862e+02 +3.02358370e+02  2.09e+02   5.25e-08     1.84e+02   5.265s
 230000 +5.10758781e+02 +2.92846923e+02  2.18e+02   4.30e-08     1.84e+02   5.286s
 231000 +5.10386123e+02 +2.76552804e+02  2.34e+02   3.86e-08     1.84e+02   5.308s
 232000 +5.10013957e+02 +2.54265994e+02  2.56e+02   3.13e-08     1.84e+02   5.330s
 233000 +5.09642173e+02 +2.28050953e+02  2.82e+02   3.25e-08     1.84e+02   5.352s
 234000 +5.09270943e+02 +1.97589415e+02  3.12e+02   3.35e-08     1.84e+02   5.374s
 235000 +5.08900300e+02 +1.66380477e+02  3.43e+02   3.74e-08     1.83e+02   5.396s
 236000 +5.08530108e+02 +1.35896067e+02  3.73e+02   3.39e-08     1.83e+02   5.418s
 237000 +5.08160366e+02 +1.05289089e+02  4.03e+02   3.55e-08     1.83e+02   5.440s
 238000 +5.07790993e+02 +7.92800711e+01  4.29e+02   4.53e-08     1.83e+02   5.461s
 239000 +5.07422137e+02 +5.69534487e+01  4.50e+02   4.07e-08     1.83e+02   5.483s
 240000 +5.07053810e+02 +3.90714314e+01  4.68e+02   4.06e-08     1.83e+02   5.505s
 241000 +5.06686111e+02 +2.83859059e+01  4.78e+02   4.64e-08     1.83e+02   5.527s
 242000 +5.06318826e+02 +2.28343547e+01  4.83e+02   5.07e-08     1.83e+02   5.549s
 243000 +5.05951960e+02 +2.34165916e+01  4.83e+02   4.87e-08     1.83e+02   5.571s
 244000 +5.05585624e+02 +3.10029509e+01  4.75e+02   6.01e-08     1.82e+02   5.593s
 245000 +5.05219675e+02 +4.27714303e+01  4.62e+02   6.08e-08     1.82e+02   5.615s
 246000 +5.04854304e+02 +5.98568207e+01  4.45e+02   7.13e-08     1.82e+02   5.636s
 247000 +5.04489549e+02 +8.08433126e+01  4.24e+02   7.06e-08     1.82e+02   5.658s
 248000 +5.04125332e+02 +1.03101303e+02  4.01e+02   7.29e-08     1.82e+02   5.680s
 249000 +5.03761429e+02 +1.27828857e+02  3.76e+02   7.33e-08     1.82e+02   5.702s
 250000 +5.03398074e+02 +1.52207347e+02  3.51e+02   7.28e-08     1.82e+02   5.724s
 251000 +5.03035212e+02 +1.74334436e+02  3.29e+02   7.06e-08     1.82e+02   5.746s
 252000 +5.02672891e+02 +1.95633393e+02  3.07e+02   6.71e-08     1.82e+02   5.768s
 253000 +5.02311100e+02 +2.13188789e+02  2.89e+02   6.65e-08     1.81e+02   5.789s
 254000 +5.01949882e+02 +2.25399175e+02  2.77e+02   5.65e-08     1.81e+02   5.811s
 255000 +5.01589205e+02 +2.34620924e+02  2.67e+02   5.97e-08     1.81e+02   5.833s
 256000 +5.01228894e+02 +2.38193985e+02  2.63e+02   5.06e-08     1.81e+02   5.855s
 257000 +5.00869116e+02 +2.35833983e+02  2.65e+02   4.85e-08     1.81e+02   5.877s
 258000 +5.00509772e+02 +2.30579815e+02  2.70e+02   5.32e-08     1.81e+02   5.899s
 259000 +5.00151298e+02 +2.19907554e+02  2.80e+02   4.56e-08     1.81e+02   5.921s
 260000 +4.99793199e+02 +2.04732963e+02  2.95e+02   4.70e-08     1.81e+02   5.943s
 261000 +4.99435583e+02 +1.89143871e+02  3.10e+02   4.53e-08     1.80e+02   5.964s
 262000 +4.99078435e+02 +1.68498906e+02  3.31e+02   4.70e-08     1.81e+02   5.986s
 263000 +4.98721922e+02 +1.48975163e+02  3.50e+02   4.05e-08     1.80e+02   6.008s
 264000 +4.98365873e+02 +1.29932665e+02  3.68e+02   4.80e-08     1.80e+02   6.030s
 265000 +4.98010318e+02 +1.09691462e+02  3.88e+02   4.23e-08     1.80e+02   6.052s
 266000 +4.97655561e+02 +9.42992093e+01  4.03e+02   4.63e-08     1.80e+02   6.074s
 267000 +4.97301287e+02 +8.02040276e+01  4.17e+02   4.73e-08     1.80e+02   6.096s
 268000 +4.96947416e+02 +6.88839659e+01  4.28e+02   4.65e-08     1.80e+02   6.118s
 269000 +4.96594014e+02 +6.39459723e+01  4.33e+02   5.10e-08     1.80e+02   6.140s
 270000 +4.96241291e+02 +6.07971670e+01  4.35e+02   5.10e-08     1.80e+02   6.161s
 271000 +4.95889160e+02 +6.28099757e+01  4.33e+02   5.24e-08     1.79e+02   6.183s
 272000 +4.95537561e+02 +6.99899200e+01  4.26e+02   5.42e-08     1.79e+02   6.205s
 273000 +4.95186608e+02 +7.86224532e+01  4.17e+02   6.05e-08     1.79e+02   6.227s
 274000 +4.94836172e+02 +9.17738302e+01  4.03e+02   6.27e-08     1.79e+02   6.249s
 275000 +4.94486235e+02 +1.07331007e+02  3.87e+02   6.19e-08     1.79e+02   6.271s
 276000 +4.94136758e+02 +1.23383635e+02  3.71e+02   6.55e-08     1.79e+02   6.293s
 277000 +4.93787944e+02 +1.41573897e+02  3.52e+02   6.20e-08     1.79e+02   6.315s
 278000 +4.93439869e+02 +1.58747543e+02  3.35e+02   5.96e-08     1.78e+02   6.336s
 279000 +4.93092253e+02 +1.74879638e+02  3.18e+02   6.01e-08     1.78e+02   6.358s
 280000 +4.92745302e+02 +1.89683227e+02  3.03e+02   6.51e-08     1.78e+02   6.380s
 281000 +4.92398835e+02 +2.01478356e+02  2.91e+02   6.00e-08     1.78e+02   6.402s
 282000 +4.92052879e+02 +2.10581308e+02  2.81e+02   5.80e-08     1.78e+02   6.424s
 283000 +4.91707546e+02 +2.16159242e+02  2.76e+02   5.79e-08     1.78e+02   6.446s
 284000 +4.91362831e+02 +2.17917927e+02  2.73e+02   5.40e-08     1.78e+02   6.468s
 285000 +4.77803773e+02 +2.63957190e+02  2.14e+02   2.61e-06     1.70e+02   6.490s
 286000 +4.29545039e+02 +4.12786429e+02  1.68e+01   1.23e-05     1.32e+02   6.512s
 287000 +4.05116057e+02 +5.30770024e+02  1.26e+02   1.36e-05     9.28e+01   6.534s
 288000 +4.00318581e+02 +6.16451311e+02  2.16e+02   1.53e-05     4.94e+01   6.555s
 289000 +4.00314868e+02 +6.34297371e+02  2.34e+02   1.24e-05     3.78e+01   6.577s
 290000 +4.00271054e+02 +7.06932406e+02  3.07e+02   6.78e-05     1.51e+00   6.599s
 291000 +3.99783065e+02 +7.06049041e+02  3.06e+02   5.80e-04     1.50e+00   6.622s
 292000 +3.99291414e+02 +7.03938524e+02  3.05e+02   1.07e-03     1.47e+00   6.643s
 293000 +3.98800034e+02 +7.00467543e+02  3.02e+02   1.54e-03     1.44e+00   6.665s
 294000 +3.98309145e+02 +6.95651030e+02  2.97e+02   1.98e-03     1.39e+00   6.687s
 295000 +3.97818923e+02 +6.89654654e+02  2.92e+02   2.36e-03     1.34e+00   6.709s
 296000 +3.97329579e+02 +6.82586515e+02  2.85e+02   2.70e-03     1.27e+00   6.731s
 297000 +3.96841382e+02 +6.74703207e+02  2.78e+02   2.96e-03     1.21e+00   6.753s
 298000 +3.96354432e+02 +6.66324179e+02  2.70e+02   3.16e-03     1.15e+00   6.775s
 299000 +3.95868654e+02 +6.57708230e+02  2.62e+02   3.28e-03     1.10e+00   6.797s
 300000 +3.95384049e+02 +6.49112704e+02  2.54e+02   3.33e-03     1.05e+00   6.819s
 301000 +3.94900505e+02 +6.40756041e+02  2.46e+02   3.31e-03     1.02e+00   6.840s
 302000 +3.94417943e+02 +6.32828489e+02  2.38e+02   3.23e-03     9.95e-01   6.862s
 303000 +3.93936287e+02 +6.25495655e+02  2.32e+02   3.08e-03     9.83e-01   6.884s
 304000 +3.93455452e+02 +6.18925702e+02  2.25e+02   2.88e-03     9.81e-01   6.906s
 305000 +3.92975337e+02 +6.13270266e+02  2.20e+02   2.64e-03     9.85e-01   6.928s
 306000 +3.92495755e+02 +6.08646609e+02  2.16e+02   2.37e-03     9.92e-01   6.950s
 307000 +3.92016571e+02 +6.05140661e+02  2.13e+02   2.08e-03     1.00e+00   6.972s
 308000 +3.91537534e+02 +6.02784344e+02  2.11e+02   1.77e-03     1.01e+00   6.994s
 309000 +3.91058433e+02 +6.01535700e+02  2.10e+02   1.47e-03     1.01e+00   7.015s
 310000 +3.90579149e+02 +6.01312229e+02  2.11e+02   1.17e-03     1.01e+00   7.037s
 311000 +3.90099528e+02 +6.02021773e+02  2.12e+02   9.00e-04     1.01e+00   7.059s
 312000 +3.89619481e+02 +6.03537752e+02  2.14e+02   6.54e-04     1.00e+00   7.081s
 313000 +3.89138925e+02 +6.05731993e+02  2.17e+02   4.43e-04     9.98e-01   7.103s
 314000 +3.88657782e+02 +6.08464192e+02  2.20e+02   2.71e-04     9.92e-01   7.125s
 315000 +3.88175983e+02 +6.11572106e+02  2.23e+02   1.41e-04     9.87e-01   7.147s
 316000 +3.87693496e+02 +6.14882607e+02  2.27e+02   5.56e-05     9.83e-01   7.169s
 317000 +3.87210320e+02 +6.18216382e+02  2.31e+02   1.80e-05     9.81e-01   7.190s
 318000 +3.86556260e+02 +6.20790711e+02  2.34e+02   9.61e-06     9.81e-01   7.213s
 319000 +3.85221042e+02 +6.20785003e+02  2.36e+02   9.82e-06     9.81e-01   7.235s
 320000 +3.83885845e+02 +6.20766339e+02  2.37e+02   1.85e-05     9.81e-01   7.256s
 321000 +3.82550677e+02 +6.20738037e+02  2.38e+02   2.59e-05     9.81e-01   7.278s
 322000 +3.81215537e+02 +6.20704113e+02  2.39e+02   3.08e-05     9.81e-01   7.300s
 323000 +3.79880424e+02 +6.20667234e+02  2.41e+02   3.43e-05     9.81e-01   7.322s
 324000 +3.78545330e+02 +6.20630088e+02  2.42e+02   3.76e-05     9.81e-01   7.344s
 325000 +3.77210243e+02 +6.20593170e+02  2.43e+02   4.08e-05     9.81e-01   7.366s
 326000 +3.75875158e+02 +6.20555222e+02  2.45e+02   4.32e-05     9.81e-01   7.388s
 327000 +3.74540079e+02 +6.20515320e+02  2.46e+02   4.47e-05     9.81e-01   7.410s
 328000 +3.73205010e+02 +6.20473411e+02  2.47e+02   4.53e-05     9.81e-01   7.432s
 329000 +3.71869958e+02 +6.20430695e+02  2.49e+02   4.50e-05     9.81e-01   7.453s
 330000 +3.70534929e+02 +6.20389516e+02  2.50e+02   4.36e-05     9.81e-01   7.475s
 331000 +3.69199920e+02 +6.20352649e+02  2.51e+02   4.14e-05     9.81e-01   7.497s
 332000 +3.67864922e+02 +6.20321467e+02  2.52e+02   3.85e-05     9.81e-01   7.519s
 333000 +3.66529930e+02 +6.20296155e+02  2.54e+02   3.51e-05     9.81e-01   7.541s
 334000 +3.65194938e+02 +6.20276356e+02  2.55e+02   3.13e-05     9.81e-01   7.563s
 335000 +3.63859946e+02 +6.20261235e+02  2.56e+02   2.73e-05     9.81e-01   7.585s
 336000 +3.62524954e+02 +6.20250293e+02  2.58e+02   2.33e-05     9.81e-01   7.607s
 337000 +3.61189965e+02 +6.20243759e+02  2.59e+02   1.93e-05     9.81e-01   7.629s
 338000 +3.59854979e+02 +6.20242247e+02  2.60e+02   1.53e-05     9.81e-01   7.651s
 339000 +3.58519990e+02 +6.20245976e+02  2.62e+02   1.16e-05     9.81e-01   7.673s
 340000 +3.57184996e+02 +6.20254713e+02  2.63e+02   8.24e-06     9.81e-01   7.694s
 341000 +3.55849991e+02 +6.20267389e+02  2.64e+02   5.48e-06     9.81e-01   7.716s
 342000 +3.54514972e+02 +6.20282269e+02  2.66e+02   3.28e-06     9.81e-01   7.738s
 343000 +3.53179943e+02 +6.20297955e+02  2.67e+02   2.02e-06     9.81e-01   7.760s
 344000 +3.51844906e+02 +6.20313603e+02  2.68e+02   1.99e-06     9.81e-01   7.782s
 345000 +3.50509862e+02 +6.20328809e+02  2.70e+02   2.01e-06     9.81e-01   7.804s
 346000 +3.49174814e+02 +6.20343386e+02  2.71e+02   1.43e-06     9.81e-01   7.826s
 347000 +3.47839759e+02 +6.20357213e+02  2.73e+02   8.50e-07     9.81e-01   7.848s
 348000 +3.46504697e+02 +6.20369704e+02  2.74e+02   1.51e-06     9.81e-01   7.869s
 349000 +3.45169627e+02 +6.20379928e+02  2.75e+02   2.73e-06     9.81e-01   7.891s
 350000 +3.43834551e+02 +6.20387105e+02  2.77e+02   4.22e-06     9.81e-01   7.913s
 351000 +3.42499472e+02 +6.20390706e+02  2.78e+02   5.90e-06     9.81e-01   7.935s
 352000 +3.41164393e+02 +6.20390800e+02  2.79e+02   7.55e-06     9.81e-01   7.957s
 353000 +3.39829319e+02 +6.20388028e+02  2.81e+02   9.04e-06     9.81e-01   7.979s
 354000 +3.38494250e+02 +6.20383190e+02  2.82e+02   1.04e-05     9.81e-01   8.001s
 355000 +3.37159183e+02 +6.20376749e+02  2.83e+02   1.15e-05     9.81e-01   8.023s
 356000 +3.35824119e+02 +6.20368949e+02  2.85e+02   1.24e-05     9.81e-01   8.045s
 357000 +3.34489057e+02 +6.20359941e+02  2.86e+02   1.31e-05     9.81e-01   8.067s
 358000 +3.33154000e+02 +6.20349792e+02  2.87e+02   1.34e-05     9.81e-01   8.088s
 359000 +3.31818947e+02 +6.20338937e+02  2.89e+02   1.33e-05     9.81e-01   8.110s
 360000 +3.30483902e+02 +6.20328160e+02  2.90e+02   1.29e-05     9.81e-01   8.132s
 361000 +3.29148864e+02 +6.20318339e+02  2.91e+02   1.22e-05     9.81e-01   8.154s
 362000 +3.27813831e+02 +6.20310202e+02  2.92e+02   1.12e-05     9.81e-01   8.176s
 363000 +3.26478801e+02 +6.20304177e+02  2.94e+02   1.00e-05     9.81e-01   8.198s
 364000 +3.25143771e+02 +6.20300212e+02  2.95e+02   8.73e-06     9.81e-01   8.220s
 365000 +3.23808740e+02 +6.20297984e+02  2.96e+02   7.33e-06     9.81e-01   8.242s
 366000 +3.22473710e+02 +6.20297373e+02  2.98e+02   5.96e-06     9.81e-01   8.264s
 367000 +3.21138680e+02 +6.20298384e+02  2.99e+02   4.66e-06     9.81e-01   8.285s
 368000 +3.19803649e+02 +6.20301120e+02  3.00e+02   3.41e-06     9.81e-01   8.307s
 369000 +3.18468618e+02 +6.20305694e+02  3.02e+02   2.23e-06     9.81e-01   8.329s
 370000 +3.17133583e+02 +6.20312004e+02  3.03e+02   1.25e-06     9.81e-01   8.351s
 371000 +3.15798544e+02 +6.20319565e+02  3.05e+02   5.77e-07     9.81e-01   8.373s
 372000 +3.14463499e+02 +6.20327681e+02  3.06e+02   1.88e-07     9.81e-01   8.395s
 373000 +3.13128449e+02 +6.20335692e+02  3.07e+02   4.93e-07     9.81e-01   8.417s
 374000 +3.11793395e+02 +6.20343033e+02  3.09e+02   8.75e-07     9.81e-01   8.439s
 375000 +3.10458338e+02 +6.20349503e+02  3.10e+02   1.06e-06     9.81e-01   8.460s
 376000 +3.09123280e+02 +6.20355132e+02  3.11e+02   1.23e-06     9.81e-01   8.482s
 377000 +3.07788220e+02 +6.20359889e+02  3.13e+02   1.74e-06     9.81e-01   8.504s
 378000 +3.06453157e+02 +6.20363566e+02  3.14e+02   2.55e-06     9.81e-01   8.526s
 379000 +3.05118092e+02 +6.20365875e+02  3.15e+02   3.46e-06     9.81e-01   8.548s
 380000 +3.03783026e+02 +6.20366512e+02  3.17e+02   4.40e-06     9.81e-01   8.570s
 381000 +3.02447959e+02 +6.20365261e+02  3.18e+02   5.33e-06     9.81e-01   8.592s
 382000 +3.01112894e+02 +6.20362281e+02  3.19e+02   6.18e-06     9.81e-01   8.614s
 383000 +2.99777832e+02 +6.20357961e+02  3.21e+02   6.88e-06     9.81e-01   8.636s
 384000 +2.98442774e+02 +6.20352780e+02  3.22e+02   7.40e-06     9.81e-01   8.657s
 385000 +2.97107719e+02 +6.20347191e+02  3.23e+02   7.76e-06     9.81e-01   8.679s
 386000 +2.95772667e+02 +6.20341456e+02  3.25e+02   7.93e-06     9.81e-01   8.701s
 387000 +2.94437616e+02 +6.20335623e+02  3.26e+02   7.91e-06     9.81e-01   8.723s
 388000 +2.93102567e+02 +6.20329742e+02  3.27e+02   7.69e-06     9.81e-01   8.745s
 389000 +2.91767521e+02 +6.20324077e+02  3.29e+02   7.29e-06     9.81e-01   8.767s
 390000 +2.90432479e+02 +6.20318976e+02  3.30e+02   6.73e-06     9.81e-01   8.789s
 391000 +2.89097440e+02 +6.20314870e+02  3.31e+02   6.01e-06     9.81e-01   8.811s
 392000 +2.87762404e+02 +6.20312155e+02  3.33e+02   5.19e-06     9.81e-01   8.833s
 393000 +2.86427368e+02 +6.20310974e+02  3.34e+02   4.33e-06     9.81e-01   8.854s
 394000 +2.85092331e+02 +6.20311217e+02  3.35e+02   3.46e-06     9.81e-01   8.876s
 395000 +2.83757292e+02 +6.20312635e+02  3.37e+02   2.62e-06     9.81e-01   8.898s
 396000 +2.82422252e+02 +6.20314974e+02  3.38e+02   1.91e-06     9.81e-01   8.920s
 397000 +2.81087211e+02 +6.20318038e+02  3.39e+02   1.36e-06     9.81e-01   8.942s
 398000 +2.79752169e+02 +6.20321840e+02  3.41e+02   9.18e-07     9.81e-01   8.964s
 399000 +2.78417125e+02 +6.20326395e+02  3.42e+02   4.93e-07     9.81e-01   8.986s
 400000 +2.77082079e+02 +6.20331541e+02  3.43e+02   1.45e-07     9.81e-01   9.008s
 401000 +2.75747030e+02 +6.20336969e+02  3.45e+02   7.88e-08     9.81e-01   9.029s
 402000 +2.74411977e+02 +6.20342254e+02  3.46e+02   1.49e-07     9.81e-01   9.051s
 403000 +2.73076920e+02 +6.20346951e+02  3.47e+02   4.98e-07     9.81e-01   9.073s
 404000 +2.71741862e+02 +6.20350723e+02  3.49e+02   9.84e-07     9.81e-01   9.095s
 405000 +2.70406802e+02 +6.20353496e+02  3.50e+02   1.49e-06     9.81e-01   9.117s
 406000 +2.69071743e+02 +6.20355306e+02  3.51e+02   2.02e-06     9.81e-01   9.139s
 407000 +2.67736683e+02 +6.20356238e+02  3.53e+02   2.61e-06     9.81e-01   9.161s
 408000 +2.66401623e+02 +6.20356354e+02  3.54e+02   3.26e-06     9.81e-01   9.183s
 409000 +2.65066562e+02 +6.20355557e+02  3.55e+02   3.89e-06     9.81e-01   9.204s
 410000 +2.63731502e+02 +6.20353705e+02  3.57e+02   4.47e-06     9.81e-01   9.226s
 411000 +2.62396442e+02 +6.20350784e+02  3.58e+02   4.96e-06     9.81e-01   9.248s
 412000 +2.61061385e+02 +6.20346984e+02  3.59e+02   5.35e-06     9.81e-01   9.270s
 413000 +2.59726330e+02 +6.20342600e+02  3.61e+02   5.59e-06     9.81e-01   9.292s
 414000 +2.58391279e+02 +6.20338036e+02  3.62e+02   5.67e-06     9.81e-01   9.314s
 415000 +2.57056230e+02 +6.20333660e+02  3.63e+02   5.62e-06     9.81e-01   9.336s
 416000 +2.55721183e+02 +6.20329649e+02  3.65e+02   5.43e-06     9.81e-01   9.358s
 417000 +2.54386137e+02 +6.20326077e+02  3.66e+02   5.11e-06     9.81e-01   9.380s
 418000 +2.53051092e+02 +6.20322966e+02  3.67e+02   4.68e-06     9.81e-01   9.401s
 419000 +2.51716048e+02 +6.20320366e+02  3.69e+02   4.18e-06     9.81e-01   9.423s
 420000 +2.50381006e+02 +6.20318430e+02  3.70e+02   3.61e-06     9.81e-01   9.445s
 421000 +2.49045966e+02 +6.20317424e+02  3.71e+02   2.99e-06     9.81e-01   9.467s
 422000 +2.47710926e+02 +6.20317526e+02  3.73e+02   2.34e-06     9.81e-01   9.489s
 423000 +2.46375885e+02 +6.20318726e+02  3.74e+02   1.73e-06     9.81e-01   9.511s
 424000 +2.45040843e+02 +6.20320890e+02  3.75e+02   1.19e-06     9.81e-01   9.533s
 425000 +2.43705799e+02 +6.20323744e+02  3.77e+02   7.38e-07     9.81e-01   9.555s
 426000 +2.42370753e+02 +6.20327001e+02  3.78e+02   4.87e-07     9.81e-01   9.577s
 427000 +2.41035705e+02 +6.20330462e+02  3.79e+02   4.95e-07     9.81e-01   9.598s
 428000 +2.39700656e+02 +6.20334058e+02  3.81e+02   4.87e-07     9.81e-01   9.620s
 429000 +2.38365606e+02 +6.20337729e+02  3.82e+02   3.36e-07     9.81e-01   9.642s
 430000 +2.37030554e+02 +6.20341397e+02  3.83e+02   1.97e-07     9.81e-01   9.664s
 431000 +2.35695500e+02 +6.20344898e+02  3.85e+02   4.04e-07     9.81e-01   9.686s
 432000 +2.34360444e+02 +6.20347912e+02  3.86e+02   7.51e-07     9.81e-01   9.708s
 433000 +2.33025385e+02 +6.20350148e+02  3.87e+02   1.19e-06     9.81e-01   9.730s
 434000 +2.31690326e+02 +6.20351450e+02  3.89e+02   1.69e-06     9.81e-01   9.752s
 435000 +2.30355267e+02 +6.20351806e+02  3.90e+02   2.21e-06     9.81e-01   9.773s
 436000 +2.29020209e+02 +6.20351316e+02  3.91e+02   2.69e-06     9.81e-01   9.795s
 437000 +2.27685151e+02 +6.20350158e+02  3.93e+02   3.15e-06     9.81e-01   9.817s
 438000 +2.26350095e+02 +6.20348462e+02  3.94e+02   3.57e-06     9.81e-01   9.839s
 439000 +2.25015039e+02 +6.20346245e+02  3.95e+02   3.93e-06     9.81e-01   9.861s
 440000 +2.23679983e+02 +6.20343523e+02  3.97e+02   4.19e-06     9.81e-01   9.883s
 441000 +2.22344929e+02 +6.20340322e+02  3.98e+02   4.36e-06     9.81e-01   9.905s
 442000 +2.21009877e+02 +6.20336768e+02  3.99e+02   4.42e-06     9.81e-01   9.927s
 443000 +2.19674827e+02 +6.20333135e+02  4.01e+02   4.36e-06     9.81e-01   9.949s
 444000 +2.18339779e+02 +6.20329761e+02  4.02e+02   4.18e-06     9.81e-01   9.970s
 445000 +2.17004734e+02 +6.20326891e+02  4.03e+02   3.90e-06     9.81e-01   9.992s
 446000 +2.15669689e+02 +6.20324648e+02  4.05e+02   3.54e-06     9.81e-01   10.014s
 447000 +2.14334645e+02 +6.20323066e+02  4.06e+02   3.12e-06     9.81e-01   10.036s
 448000 +2.12999601e+02 +6.20322080e+02  4.07e+02   2.65e-06     9.81e-01   10.058s
 449000 +2.11664557e+02 +6.20321656e+02  4.09e+02   2.19e-06     9.81e-01   10.080s
 450000 +2.10329513e+02 +6.20321837e+02  4.10e+02   1.73e-06     9.81e-01   10.102s
 451000 +2.08994470e+02 +6.20322705e+02  4.11e+02   1.28e-06     9.81e-01   10.124s
 452000 +2.07659426e+02 +6.20324313e+02  4.13e+02   8.40e-07     9.81e-01   10.145s
 453000 +2.06324382e+02 +6.20326637e+02  4.14e+02   4.77e-07     9.81e-01   10.167s
 454000 +2.04989335e+02 +6.20329513e+02  4.15e+02   2.22e-07     9.81e-01   10.189s
 455000 +2.03654287e+02 +6.20332638e+02  4.17e+02   9.40e-08     9.81e-01   10.211s
 456000 +2.02319236e+02 +6.20335761e+02  4.18e+02   2.27e-07     9.81e-01   10.233s
 457000 +2.00984184e+02 +6.20338707e+02  4.19e+02   3.67e-07     9.81e-01   10.255s
 458000 +1.99649131e+02 +6.20341383e+02  4.21e+02   4.29e-07     9.81e-01   10.277s
 459000 +1.98314077e+02 +6.20343766e+02  4.22e+02   4.97e-07     9.81e-01   10.299s
 460000 +1.96979022e+02 +6.20345838e+02  4.23e+02   7.23e-07     9.81e-01   10.321s
 461000 +1.95643966e+02 +6.20347500e+02  4.25e+02   1.07e-06     9.81e-01   10.342s
 462000 +1.94308909e+02 +6.20348585e+02  4.26e+02   1.47e-06     9.81e-01   10.364s
 463000 +1.92973851e+02 +6.20348956e+02  4.27e+02   1.89e-06     9.81e-01   10.386s
 464000 +1.91638793e+02 +6.20348512e+02  4.29e+02   2.31e-06     9.81e-01   10.408s
 465000 +1.90303736e+02 +6.20347294e+02  4.30e+02   2.70e-06     9.81e-01   10.430s
 466000 +1.88968680e+02 +6.20345487e+02  4.31e+02   3.03e-06     9.81e-01   10.452s
 467000 +1.87633626e+02 +6.20343302e+02  4.33e+02   3.29e-06     9.81e-01   10.474s
 468000 +1.86298573e+02 +6.20340888e+02  4.34e+02   3.47e-06     9.81e-01   10.496s
 469000 +1.84963521e+02 +6.20338337e+02  4.35e+02   3.58e-06     9.81e-01   10.518s
 470000 +1.83628469e+02 +6.20335697e+02  4.37e+02   3.59e-06     9.81e-01   10.539s
 471000 +1.82293419e+02 +6.20332990e+02  4.38e+02   3.52e-06     9.81e-01   10.561s
 472000 +1.80958370e+02 +6.20330333e+02  4.39e+02   3.37e-06     9.81e-01   10.583s
 473000 +1.79623323e+02 +6.20327917e+02  4.41e+02   3.13e-06     9.81e-01   10.605s
 474000 +1.78288278e+02 +6.20325950e+02  4.42e+02   2.81e-06     9.81e-01   10.627s
 475000 +1.76953233e+02 +6.20324619e+02  4.43e+02   2.44e-06     9.81e-01   10.649s
 476000 +1.75618189e+02 +6.20324006e+02  4.45e+02   2.05e-06     9.81e-01   10.671s
 477000 +1.74283145e+02 +6.20324059e+02  4.46e+02   1.65e-06     9.81e-01   10.693s
 478000 +1.72948100e+02 +6.20324643e+02  4.47e+02   1.26e-06     9.81e-01   10.714s
 479000 +1.71613054e+02 +6.20325676e+02  4.49e+02   9.28e-07     9.81e-01   10.736s
 480000 +1.70278008e+02 +6.20327110e+02  4.50e+02   6.65e-07     9.81e-01   10.758s
 481000 +1.68942961e+02 +6.20328933e+02  4.51e+02   4.41e-07     9.81e-01   10.780s
 482000 +1.67607914e+02 +6.20331155e+02  4.53e+02   2.26e-07     9.81e-01   10.802s
 483000 +1.66272866e+02 +6.20333707e+02  4.54e+02   6.30e-08     9.81e-01   10.824s
 484000 +1.64937815e+02 +6.20336424e+02  4.55e+02   3.35e-08     9.81e-01   10.846s
 485000 +1.63602763e+02 +6.20339081e+02  4.57e+02   7.49e-08     9.81e-01   10.868s
 486000 +1.62267710e+02 +6.20341463e+02  4.58e+02   2.67e-07     9.81e-01   10.889s
 487000 +1.60932655e+02 +6.20343396e+02  4.59e+02   5.13e-07     9.81e-01   10.911s
 488000 +1.59597600e+02 +6.20344836e+02  4.61e+02   7.66e-07     9.81e-01   10.933s
 489000 +1.58262544e+02 +6.20345829e+02  4.62e+02   1.04e-06     9.81e-01   10.955s
 490000 +1.56927489e+02 +6.20346394e+02  4.63e+02   1.36e-06     9.81e-01   10.977s
 491000 +1.55592433e+02 +6.20346517e+02  4.65e+02   1.70e-06     9.81e-01   10.999s
 492000 +1.54257377e+02 +6.20346144e+02  4.66e+02   2.04e-06     9.81e-01   11.021s
 493000 +1.52922321e+02 +6.20345211e+02  4.67e+02   2.35e-06     9.81e-01   11.043s
 494000 +1.51587265e+02 +6.20343694e+02  4.69e+02   2.63e-06     9.81e-01   11.065s
 495000 +1.50252211e+02 +6.20341694e+02  4.70e+02   2.85e-06     9.81e-01   11.086s
 496000 +1.48917158e+02 +6.20339383e+02  4.71e+02   2.99e-06     9.81e-01   11.108s
 497000 +9.82593485e+00 -6.13451190e+01  7.12e+01   3.83e-01     2.87e-05   11.131s
 498000 +5.88948714e+01 -6.20270040e+02  6.79e+02   9.44e-02     1.03e+00   11.153s
 499000 +4.67948056e+01 -6.14763949e+02  6.62e+02   7.61e-02     1.03e+00   11.175s
 500000 +2.94380060e+01 -5.30942539e+02  5.60e+02   7.08e-02     9.67e-01   11.197s
 501000 +1.49578179e+01 -4.83729958e+02  4.99e+02   6.34e-02     8.95e-01   11.219s
 502000 +8.75781313e+00 -2.78543414e+02  2.87e+02   6.89e-02     5.73e-01   11.241s
 503000 +9.84425376e+00 -1.52374751e+02  1.62e+02   6.45e-02     3.48e-01   11.263s
 504000 +1.17800764e+01 -5.72635818e+00  1.75e+01   5.83e-02     1.42e-01   11.285s
 505000 +1.27189943e+01 +1.43214807e+01  1.60e+00   5.57e-02     8.13e-02   11.306s
 506000 +1.32752759e+01 +1.57407861e+01  2.47e+00   5.41e-02     6.14e-02   11.328s
 507000 +1.38581995e+01 +1.91162002e+01  5.26e+00   5.27e-02     5.73e-02   11.350s
 508000 +1.45518352e+01 +2.12546522e+01  6.70e+00   5.12e-02     5.69e-02   11.372s
 509000 +1.53400686e+01 +2.48971808e+01  9.56e+00   4.99e-02     5.76e-02   11.394s
 510000 +1.62598619e+01 +2.67936312e+01  1.05e+01   4.84e-02     5.73e-02   11.416s
 511000 +1.71485837e+01 +2.83130030e+01  1.12e+01   4.70e-02     5.66e-02   11.438s
 512000 +1.80514641e+01 +2.97996081e+01  1.17e+01   4.58e-02     5.48e-02   11.460s
 513000 +1.88615453e+01 +3.08732907e+01  1.20e+01   4.48e-02     5.22e-02   11.481s
 514000 +1.95424642e+01 +3.19514053e+01  1.24e+01   4.39e-02     4.95e-02   11.503s
 515000 +2.01571512e+01 +3.38994183e+01  1.37e+01   4.31e-02     4.71e-02   11.525s
 516000 +2.07481868e+01 +3.54941271e+01  1.47e+01   4.23e-02     4.53e-02   11.547s
 517000 +2.13200888e+01 +3.70403648e+01  1.57e+01   4.16e-02     4.41e-02   11.569s
 518000 +2.19118656e+01 +3.81841054e+01  1.63e+01   4.09e-02     4.35e-02   11.591s
 519000 +2.25035811e+01 +3.83987705e+01  1.59e+01   4.02e-02     4.34e-02   11.613s
 520000 +2.31102115e+01 +4.01688232e+01  1.71e+01   3.95e-02     4.34e-02   11.634s
 521000 +2.36811582e+01 +4.05924094e+01  1.69e+01   3.88e-02     4.31e-02   11.656s
 522000 +2.42893546e+01 +4.09786721e+01  1.67e+01   3.83e-02     4.26e-02   11.678s
 523000 +2.48091133e+01 +4.18312968e+01  1.70e+01   3.77e-02     4.20e-02   11.700s
 524000 +2.53647967e+01 +4.25248192e+01  1.72e+01   3.71e-02     4.15e-02   11.722s
 525000 +2.58600911e+01 +4.33944239e+01  1.75e+01   3.66e-02     4.06e-02   11.744s
 526000 +2.63747154e+01 +4.44528143e+01  1.81e+01   3.60e-02     4.01e-02   11.766s
 527000 +2.68621928e+01 +4.56428240e+01  1.88e+01   3.55e-02     3.95e-02   11.787s
 528000 +2.73830980e+01 +4.63190720e+01  1.89e+01   3.50e-02     3.93e-02   11.809s
 529000 +2.78796669e+01 +4.75063724e+01  1.96e+01   3.43e-02     3.95e-02   11.831s
 530000 +2.84607821e+01 +4.88803855e+01  2.04e+01   3.36e-02     4.08e-02   11.853s
 531000 +2.92386444e+01 +5.30950741e+01  2.39e+01   3.21e-02     5.07e-02   11.875s
 532000 +3.03789492e+01 +5.85327349e+01  2.82e+01   3.00e-02     6.11e-02   11.897s
 533000 +3.21128381e+01 +6.37872464e+01  3.17e+01   2.73e-02     7.03e-02   11.919s
 534000 +3.41280700e+01 +6.70917829e+01  3.30e+01   2.47e-02     7.79e-02   11.940s
 535000 +3.64420834e+01 +6.34270952e+01  2.70e+01   2.24e-02     7.89e-02   11.962s
 536000 +3.85791934e+01 +5.49673200e+01  1.64e+01   2.09e-02     7.27e-02   11.984s
 537000 +3.98700757e+01 +4.54110781e+01  5.54e+00   2.08e-02     6.52e-02   12.006s
 538000 +4.06852510e+01 +3.71870429e+01  3.50e+00   2.06e-02     5.86e-02   12.028s
 539000 +4.08184651e+01 +3.55519015e+01  5.27e+00   1.96e-02     5.50e-02   12.050s
 540000 +4.07361781e+01 +4.03617434e+01  3.74e-01   1.87e-02     4.80e-02   12.072s
 541000 +4.04227851e+01 +4.78429559e+01  7.42e+00   1.92e-02     3.86e-02   12.093s
 542000 +4.05371651e+01 +5.36861493e+01  1.31e+01   1.87e-02     3.65e-02   12.115s
 543000 +4.07444318e+01 +5.56573857e+01  1.49e+01   1.80e-02     3.75e-02   12.137s
 544000 +4.10237392e+01 +5.41890823e+01  1.32e+01   1.76e-02     5.31e-02   12.159s
 545000 +4.13309600e+01 +5.07512918e+01  9.42e+00   1.75e-02     5.47e-02   12.181s
 546000 +4.16263702e+01 +4.54807064e+01  3.85e+00   1.73e-02     5.38e-02   12.203s
 547000 +4.18921239e+01 +4.05950960e+01  1.30e+00   1.71e-02     5.86e-02   12.225s
 548000 +4.21732982e+01 +3.66198781e+01  5.55e+00   1.69e-02     6.49e-02   12.247s
 549000 +4.24467510e+01 +3.41513638e+01  8.30e+00   1.67e-02     7.02e-02   12.269s
 550000 +4.27078753e+01 +3.25058074e+01  1.02e+01   1.64e-02     7.45e-02   12.290s
 551000 +4.29869924e+01 +3.10717916e+01  1.19e+01   1.62e-02     7.85e-02   12.312s
 552000 +4.32832398e+01 +2.99242713e+01  1.34e+01   1.59e-02     8.21e-02   12.334s
 553000 +4.35658867e+01 +2.97207586e+01  1.38e+01   1.56e-02     8.51e-02   12.356s
 554000 +4.38725293e+01 +2.91152726e+01  1.48e+01   1.53e-02     8.86e-02   12.378s
 555000 +4.42138354e+01 +2.86459342e+01  1.56e+01   1.50e-02     9.12e-02   12.400s
 556000 +4.45360978e+01 +2.86937931e+01  1.58e+01   1.47e-02     9.30e-02   12.422s
 557000 +4.48607431e+01 +2.83376206e+01  1.65e+01   1.44e-02     9.57e-02   12.443s
 558000 +4.52202460e+01 +2.83435122e+01  1.69e+01   1.41e-02     9.80e-02   12.465s
 559000 +4.55648068e+01 +2.85208252e+01  1.70e+01   1.37e-02     9.89e-02   12.487s
 560000 +4.58986122e+01 +2.78403962e+01  1.81e+01   1.34e-02     1.01e-01   12.509s
 561000 +4.62585961e+01 +2.79762490e+01  1.83e+01   1.31e-02     1.02e-01   12.531s
 562000 +4.66133070e+01 +2.84869839e+01  1.81e+01   1.28e-02     1.03e-01   12.553s
 563000 +4.69664083e+01 +2.83535319e+01  1.86e+01   1.25e-02     1.04e-01   12.574s
 564000 +4.73168964e+01 +2.90851161e+01  1.82e+01   1.22e-02     1.04e-01   12.596s
 565000 +4.76645425e+01 +2.94830175e+01  1.82e+01   1.19e-02     1.04e-01   12.618s
 566000 +4.80203077e+01 +2.95769722e+01  1.84e+01   1.16e-02     1.05e-01   12.640s
 567000 +4.83617046e+01 +3.01667461e+01  1.82e+01   1.13e-02     1.05e-01   12.662s
 568000 +4.86929795e+01 +3.05755913e+01  1.81e+01   1.10e-02     1.05e-01   12.684s
 569000 +4.90395286e+01 +3.11389376e+01  1.79e+01   1.07e-02     1.05e-01   12.706s
 570000 +4.93683191e+01 +3.16110581e+01  1.78e+01   1.04e-02     1.05e-01   12.727s
 571000 +4.96877583e+01 +3.21426383e+01  1.75e+01   1.01e-02     1.04e-01   12.749s
 572000 +5.00107965e+01 +3.27255287e+01  1.73e+01   9.86e-03     1.04e-01   12.771s
 573000 +5.03317913e+01 +3.33569067e+01  1.70e+01   9.59e-03     1.04e-01   12.793s
 574000 +5.06365732e+01 +3.39443704e+01  1.67e+01   9.33e-03     1.03e-01   12.815s
 575000 +5.09332078e+01 +3.44223078e+01  1.65e+01   9.08e-03     1.02e-01   12.837s
 576000 +5.12427143e+01 +3.50765460e+01  1.62e+01   8.82e-03     1.03e-01   12.858s
 577000 +5.15314176e+01 +3.55335713e+01  1.60e+01   8.58e-03     1.01e-01   12.880s
 578000 +5.18020042e+01 +3.61617850e+01  1.56e+01   8.35e-03     1.00e-01   12.902s
 579000 +5.20634530e+01 +3.68672768e+01  1.52e+01   8.13e-03     9.99e-02   12.924s
 580000 +5.23607730e+01 +3.69784286e+01  1.54e+01   7.88e-03     9.97e-02   12.946s
 581000 +5.26113612e+01 +3.71622889e+01  1.54e+01   7.66e-03     9.80e-02   12.968s
 582000 +5.28519492e+01 +3.86809894e+01  1.42e+01   7.46e-03     9.71e-02   12.989s
 583000 +5.30986408e+01 +3.95254372e+01  1.36e+01   7.26e-03     9.61e-02   13.011s
 584000 +5.33679616e+01 +3.93262507e+01  1.40e+01   7.07e-03     9.58e-02   13.033s
 585000 +5.35799614e+01 +3.93896759e+01  1.42e+01   6.86e-03     9.46e-02   13.055s
 586000 +5.37818158e+01 +4.04036197e+01  1.34e+01   6.68e-03     9.34e-02   13.077s
 587000 +5.40086760e+01 +4.20543839e+01  1.20e+01   6.49e-03     9.24e-02   13.099s
 588000 +5.42394835e+01 +4.20861560e+01  1.22e+01   6.34e-03     9.12e-02   13.121s
 589000 +5.44300236e+01 +4.15609975e+01  1.29e+01   6.15e-03     9.08e-02   13.142s
 590000 +5.45927786e+01 +4.14074659e+01  1.32e+01   5.99e-03     8.97e-02   13.164s
 591000 +5.47901394e+01 +4.29214511e+01  1.19e+01   5.81e-03     8.91e-02   13.186s
 592000 +5.49928259e+01 +4.41454553e+01  1.08e+01   5.63e-03     8.74e-02   13.208s
 593000 +5.51596607e+01 +4.41672348e+01  1.10e+01   5.51e-03     8.57e-02   13.230s
 594000 +5.53142212e+01 +4.44658287e+01  1.08e+01   5.39e-03     8.54e-02   13.252s
 595000 +5.54766535e+01 +4.49635819e+01  1.05e+01   5.25e-03     8.46e-02   13.273s
 596000 +5.56497029e+01 +4.40323070e+01  1.16e+01   5.10e-03     8.34e-02   13.295s
 597000 +5.57969593e+01 +4.43396677e+01  1.15e+01   4.95e-03     8.28e-02   13.317s
 598000 +5.59196390e+01 +4.60242365e+01  9.90e+00   4.81e-03     8.14e-02   13.339s
 599000 +5.60754506e+01 +4.73717022e+01  8.70e+00   4.71e-03     8.01e-02   13.361s
 600000 +5.62166614e+01 +4.73925604e+01  8.82e+00   4.63e-03     7.92e-02   13.383s
 601000 +5.63322831e+01 +4.72805557e+01  9.05e+00   4.53e-03     7.81e-02   13.404s
 602000 +5.64427520e+01 +4.68102969e+01  9.63e+00   4.42e-03     7.75e-02   13.426s
 603000 +5.65734616e+01 +4.69110098e+01  9.66e+00   4.30e-03     7.67e-02   13.448s
 604000 +5.66867359e+01 +4.73006935e+01  9.39e+00   4.17e-03     7.63e-02   13.470s
 605000 +5.67721485e+01 +4.73097622e+01  9.46e+00   4.04e-03     7.47e-02   13.492s
 606000 +5.68808584e+01 +4.81994963e+01  8.68e+00   3.96e-03     7.36e-02   13.514s
 607000 +5.69915623e+01 +5.00710311e+01  6.92e+00   3.88e-03     7.34e-02   13.536s
 608000 +5.70955626e+01 +5.01574827e+01  6.94e+00   3.81e-03     7.14e-02   13.557s
 609000 +5.71857165e+01 +4.96703636e+01  7.52e+00   3.77e-03     7.05e-02   13.579s
 610000 +5.72554736e+01 +5.00828359e+01  7.17e+00   3.73e-03     7.06e-02   13.601s
 611000 +5.73533528e+01 +4.94967490e+01  7.86e+00   3.61e-03     6.96e-02   13.623s
 612000 +5.74414203e+01 +4.84838386e+01  8.96e+00   3.52e-03     6.83e-02   13.645s
 613000 +5.75118682e+01 +4.90039116e+01  8.51e+00   3.43e-03     6.76e-02   13.667s
 614000 +5.75841850e+01 +5.02674178e+01  7.32e+00   3.32e-03     6.71e-02   13.688s
 615000 +5.76476907e+01 +5.10964197e+01  6.55e+00   3.25e-03     6.61e-02   13.710s
 616000 +5.77228579e+01 +5.14222836e+01  6.30e+00   3.20e-03     6.51e-02   13.732s
 617000 +5.77789766e+01 +5.16361085e+01  6.14e+00   3.15e-03     6.43e-02   13.754s
 618000 +5.78401759e+01 +5.17816581e+01  6.06e+00   3.10e-03     6.38e-02   13.776s
 619000 +5.79172858e+01 +5.16666127e+01  6.25e+00   3.04e-03     6.35e-02   13.798s
 620000 +5.79715197e+01 +5.13706869e+01  6.60e+00   2.99e-03     6.28e-02   13.819s
 621000 +5.80204840e+01 +5.14474019e+01  6.57e+00   2.92e-03     6.19e-02   13.841s
 622000 +5.80863808e+01 +5.16272175e+01  6.46e+00   2.87e-03     6.11e-02   13.863s
 623000 +5.81579903e+01 +5.22535516e+01  5.90e+00   2.83e-03     6.04e-02   13.885s
 624000 +5.82173244e+01 +5.22796543e+01  5.94e+00   2.79e-03     5.99e-02   13.907s
 625000 +5.82590624e+01 +5.23129656e+01  5.95e+00   2.74e-03     5.94e-02   13.929s
 626000 +5.82986954e+01 +5.21266002e+01  6.17e+00   2.70e-03     5.86e-02   13.950s
 627000 +5.83554832e+01 +5.23801266e+01  5.98e+00   2.64e-03     5.75e-02   13.972s
 628000 +5.84072257e+01 +5.20895797e+01  6.32e+00   2.58e-03     5.70e-02   13.994s
 629000 +5.84426948e+01 +5.24623984e+01  5.98e+00   2.54e-03     5.65e-02   14.016s
 630000 +5.84876898e+01 +5.32819263e+01  5.21e+00   2.48e-03     5.62e-02   14.038s
 631000 +5.85174510e+01 +5.35845773e+01  4.93e+00   2.43e-03     5.57e-02   14.060s
 632000 +5.85425598e+01 +5.35570509e+01  4.99e+00   2.41e-03     5.44e-02   14.082s
 633000 +5.85850816e+01 +5.37078405e+01  4.88e+00   2.38e-03     5.40e-02   14.103s
 634000 +5.86208335e+01 +5.35730602e+01  5.05e+00   2.36e-03     5.36e-02   14.125s
 635000 +5.86739510e+01 +5.37449834e+01  4.93e+00   2.32e-03     5.31e-02   14.147s
 636000 +5.87004234e+01 +5.34921050e+01  5.21e+00   2.28e-03     5.30e-02   14.169s
 637000 +5.87104112e+01 +5.34539388e+01  5.26e+00   2.25e-03     5.25e-02   14.191s
 638000 +5.87529727e+01 +5.35983387e+01  5.15e+00   2.19e-03     5.20e-02   14.213s
 639000 +5.87892041e+01 +5.36201793e+01  5.17e+00   2.16e-03     5.11e-02   14.234s
 640000 +5.88274342e+01 +5.37235982e+01  5.10e+00   2.13e-03     5.07e-02   14.256s
 641000 +5.88583647e+01 +5.44679577e+01  4.39e+00   2.10e-03     5.04e-02   14.278s
 642000 +5.88812484e+01 +5.45440663e+01  4.34e+00   2.08e-03     5.02e-02   14.300s
 643000 +5.89171825e+01 +5.44374352e+01  4.48e+00   2.05e-03     4.96e-02   14.322s
 644000 +5.89416093e+01 +5.44374971e+01  4.50e+00   2.03e-03     4.93e-02   14.344s
 645000 +5.89633170e+01 +5.44822749e+01  4.48e+00   2.01e-03     4.87e-02   14.365s
 646000 +5.89972657e+01 +5.46719348e+01  4.33e+00   1.98e-03     4.81e-02   14.387s
 647000 +5.90277266e+01 +5.47851782e+01  4.24e+00   1.96e-03     4.78e-02   14.409s
 648000 +5.90426432e+01 +5.47090779e+01  4.33e+00   1.94e-03     4.70e-02   14.431s
 649000 +5.90665850e+01 +5.49720730e+01  4.09e+00   1.92e-03     4.67e-02   14.453s
 650000 +5.90922623e+01 +5.51045771e+01  3.99e+00   1.90e-03     4.62e-02   14.475s
 651000 +5.91158238e+01 +5.51624840e+01  3.95e+00   1.88e-03     4.58e-02   14.496s
 652000 +5.91239867e+01 +5.53435858e+01  3.78e+00   1.85e-03     4.55e-02   14.518s
 653000 +5.91226856e+01 +5.53103422e+01  3.81e+00   1.83e-03     4.50e-02   14.540s
 654000 +5.91450025e+01 +5.54648245e+01  3.68e+00   1.80e-03     4.47e-02   14.562s
 655000 +5.91628258e+01 +5.54298926e+01  3.73e+00   1.78e-03     4.38e-02   14.584s
 656000 +5.91803611e+01 +5.51463099e+01  4.03e+00   1.77e-03     4.35e-02   14.606s
 657000 +5.91963085e+01 +5.53484177e+01  3.85e+00   1.76e-03     4.34e-02   14.627s
 658000 +5.92142482e+01 +5.54848027e+01  3.73e+00   1.73e-03     4.33e-02   14.649s
 659000 +5.92334388e+01 +5.51521976e+01  4.08e+00   1.70e-03     4.29e-02   14.671s
 660000 +5.92432321e+01 +5.52795881e+01  3.96e+00   1.68e-03     4.24e-02   14.693s
 661000 +5.93511260e+01 +5.44592273e+01  4.89e+00   1.55e-03     4.09e-02   14.715s
 662000 +5.94952563e+01 +5.34574930e+01  6.04e+00   1.46e-03     4.08e-02   14.737s
 663000 +5.96448281e+01 +5.31547527e+01  6.49e+00   1.37e-03     4.08e-02   14.759s
 664000 +5.97868705e+01 +5.35824429e+01  6.20e+00   1.29e-03     4.07e-02   14.781s
 665000 +5.99265782e+01 +5.41526584e+01  5.77e+00   1.22e-03     3.99e-02   14.802s
 666000 +6.00630419e+01 +5.48109562e+01  5.25e+00   1.20e-03     3.98e-02   14.824s
 667000 +6.01906231e+01 +5.53157912e+01  4.87e+00   1.18e-03     3.93e-02   14.846s
 668000 +6.03115814e+01 +5.55280227e+01  4.78e+00   1.16e-03     3.90e-02   14.868s
 669000 +6.04295710e+01 +5.55838367e+01  4.85e+00   1.15e-03     3.87e-02   14.890s
 670000 +6.05407603e+01 +5.57501209e+01  4.79e+00   1.13e-03     3.83e-02   14.912s
 671000 +6.06431831e+01 +5.59921418e+01  4.65e+00   1.10e-03     3.79e-02   14.934s
 672000 +6.07388174e+01 +5.63505384e+01  4.39e+00   1.07e-03     3.74e-02   14.955s
 673000 +6.08239955e+01 +5.68830954e+01  3.94e+00   1.06e-03     3.69e-02   14.977s
 674000 +6.09038088e+01 +5.73702994e+01  3.53e+00   1.05e-03     3.63e-02   14.999s
 675000 +6.09748294e+01 +5.76895098e+01  3.29e+00   1.05e-03     3.56e-02   15.021s
 676000 +6.10742148e+01 +5.77976665e+01  3.28e+00   1.07e-03     3.45e-02   15.043s
 677000 +6.13106086e+01 +5.77702768e+01  3.54e+00   1.14e-03     3.43e-02   15.065s
 678000 +6.15412076e+01 +5.78731466e+01  3.67e+00   1.24e-03     3.40e-02   15.087s
 679000 +6.17614879e+01 +5.81273532e+01  3.63e+00   1.44e-03     3.31e-02   15.109s
 680000 +6.19628098e+01 +5.84085507e+01  3.55e+00   1.63e-03     3.13e-02   15.130s
 681000 +6.21380952e+01 +5.86506516e+01  3.49e+00   1.74e-03     3.02e-02   15.152s
 682000 +6.22898440e+01 +5.90385315e+01  3.25e+00   1.88e-03     2.88e-02   15.174s
 683000 +6.24125334e+01 +5.93510690e+01  3.06e+00   1.98e-03     2.78e-02   15.196s
 684000 +6.25142625e+01 +5.95830633e+01  2.93e+00   2.05e-03     2.65e-02   15.218s
 685000 +6.25932754e+01 +5.96726130e+01  2.92e+00   2.13e-03     2.43e-02   15.240s
 686000 +6.28138875e+01 +5.96795122e+01  3.13e+00   2.80e-03     2.18e-02   15.262s
 687000 +6.31164406e+01 +5.96976852e+01  3.42e+00   2.87e-03     2.01e-02   15.283s
 688000 +6.33371713e+01 +5.97022385e+01  3.63e+00   2.89e-03     1.77e-02   15.305s
 689000 +6.34958125e+01 +6.01148947e+01  3.38e+00   3.02e-03     1.63e-02   15.327s
 690000 +6.36064635e+01 +6.05593597e+01  3.05e+00   3.14e-03     1.37e-02   15.349s
 691000 +6.39697731e+01 +6.06476990e+01  3.32e+00   5.82e-03     1.01e-02   15.371s
 692000 +6.43092211e+01 +6.05899464e+01  3.72e+00   5.65e-03     7.22e-03   15.393s
 693000 +6.44633763e+01 +6.06258515e+01  3.84e+00   5.41e-03     4.72e-03   15.415s
 694000 +6.46013320e+01 +6.07603554e+01  3.84e+00   5.00e-03     3.55e-03   15.437s
 695000 +6.48417070e+01 +6.08094960e+01  4.03e+00   4.99e-03     1.13e-03   15.459s
 696000 +6.50009110e+01 +6.08961745e+01  4.10e+00   4.26e-03     7.46e-04   15.481s
 697000 +6.50984891e+01 +6.09756111e+01  4.12e+00   4.26e-03     6.89e-04   15.503s
 698000 +6.51210986e+01 +6.10259485e+01  4.10e+00   4.42e-03     6.56e-04   15.525s
 699000 +6.51431601e+01 +6.10358784e+01  4.11e+00   4.67e-03     6.03e-04   15.547s
 700000 +6.51957661e+01 +6.10081188e+01  4.19e+00   4.88e-03     5.45e-04   15.568s
 701000 +6.52851681e+01 +6.09711159e+01  4.31e+00   4.99e-03     4.93e-04   15.590s
 702000 +6.53914673e+01 +6.09514698e+01  4.44e+00   5.01e-03     4.46e-04   15.612s
 703000 +6.54991461e+01 +6.09521437e+01  4.55e+00   5.01e-03     3.93e-04   15.634s
 704000 +6.55449550e+01 +6.09675498e+01  4.58e+00   5.06e-03     3.14e-04   15.656s
 705000 +6.55736627e+01 +6.09783462e+01  4.60e+00   5.10e-03     2.47e-04   15.678s
 706000 +6.55878231e+01 +6.09881093e+01  4.60e+00   5.12e-03     1.95e-04   15.700s
 707000 +6.55911358e+01 +6.09987176e+01  4.59e+00   5.11e-03     1.59e-04   15.722s
 708000 +6.55838604e+01 +6.10085936e+01  4.58e+00   5.09e-03     1.36e-04   15.744s
 709000 +6.55615032e+01 +6.10193389e+01  4.54e+00   5.05e-03     1.38e-04   15.765s
 710000 +6.55237081e+01 +6.10271119e+01  4.50e+00   4.99e-03     1.58e-04   15.787s
 711000 +6.54714661e+01 +6.10351495e+01  4.44e+00   4.91e-03     1.93e-04   15.809s
 712000 +6.54079257e+01 +6.10424849e+01  4.37e+00   4.83e-03     2.34e-04   15.831s
 713000 +6.53342467e+01 +6.10504860e+01  4.28e+00   4.73e-03     2.81e-04   15.853s
 714000 +6.52486816e+01 +6.10583961e+01  4.19e+00   4.63e-03     3.30e-04   15.875s
 715000 +6.51495516e+01 +6.10661438e+01  4.08e+00   4.51e-03     3.79e-04   15.896s
 716000 +6.50385573e+01 +6.10753613e+01  3.96e+00   4.38e-03     4.27e-04   15.918s
 717000 +6.49197862e+01 +6.10823590e+01  3.84e+00   4.24e-03     4.72e-04   15.940s
 718000 +6.47925320e+01 +6.10870816e+01  3.71e+00   4.08e-03     5.15e-04   15.962s
 719000 +6.46570011e+01 +6.10915788e+01  3.57e+00   3.91e-03     5.54e-04   15.984s
 720000 +6.45144393e+01 +6.10979781e+01  3.42e+00   3.73e-03     5.90e-04   16.006s
 721000 +6.43650407e+01 +6.11049273e+01  3.26e+00   3.54e-03     6.23e-04   16.028s
 722000 +6.42096241e+01 +6.11112731e+01  3.10e+00   3.36e-03     6.52e-04   16.049s
 723000 +6.40471920e+01 +6.11167033e+01  2.93e+00   3.17e-03     6.77e-04   16.071s
 724000 +6.38798246e+01 +6.11204111e+01  2.76e+00   2.98e-03     6.99e-04   16.093s
 725000 +6.37107868e+01 +6.11224832e+01  2.59e+00   2.78e-03     7.16e-04   16.115s
 726000 +6.35415432e+01 +6.11229240e+01  2.42e+00   2.59e-03     7.29e-04   16.137s
 727000 +6.33736819e+01 +6.11239602e+01  2.25e+00   2.39e-03     7.39e-04   16.159s
 728000 +6.32062145e+01 +6.11266055e+01  2.08e+00   2.20e-03     7.45e-04   16.181s
 729000 +6.30399114e+01 +6.11269474e+01  1.91e+00   2.02e-03     7.05e-04   16.202s
 730000 +6.29153045e+01 +6.10976282e+01  1.82e+00   2.17e-03     2.97e-04   16.224s
 731000 +6.28834084e+01 +6.10644903e+01  1.82e+00   2.16e-03     2.99e-04   16.246s
 732000 +6.29091638e+01 +6.10262306e+01  1.88e+00   2.17e-03     1.89e-04   16.268s
 733000 +6.29591096e+01 +6.09739626e+01  1.99e+00   2.14e-03     1.72e-04   16.290s
 734000 +6.30023067e+01 +6.09394808e+01  2.06e+00   2.10e-03     1.72e-04   16.312s
 735000 +6.30268393e+01 +6.09414928e+01  2.09e+00   2.05e-03     1.59e-04   16.334s
 736000 +6.30424474e+01 +6.09681948e+01  2.07e+00   2.01e-03     1.28e-04   16.356s
 737000 +6.30495948e+01 +6.09946936e+01  2.05e+00   1.99e-03     9.74e-05   16.378s
 738000 +6.30483995e+01 +6.10098722e+01  2.04e+00   2.00e-03     8.91e-05   16.399s
 739000 +6.30381971e+01 +6.10143728e+01  2.02e+00   2.01e-03     8.49e-05   16.421s
 740000 +6.30246030e+01 +6.10135111e+01  2.01e+00   2.01e-03     8.75e-05   16.443s
 741000 +6.30181672e+01 +6.10060058e+01  2.01e+00   2.00e-03     9.57e-05   16.465s
 742000 +6.30206764e+01 +6.09932832e+01  2.03e+00   2.00e-03     9.02e-05   16.487s
 743000 +6.30299764e+01 +6.09855512e+01  2.04e+00   1.99e-03     9.21e-05   16.509s
 744000 +6.30356200e+01 +6.09758791e+01  2.06e+00   1.99e-03     1.49e-04   16.531s
 745000 +6.30394361e+01 +6.09585889e+01  2.08e+00   1.99e-03     2.36e-04   16.553s
 746000 +6.30422740e+01 +6.09134818e+01  2.13e+00   1.97e-03     5.23e-04   16.574s
 747000 +6.30408254e+01 +6.09134914e+01  2.13e+00   1.94e-03     7.98e-04   16.596s
 748000 +6.30324265e+01 +6.09548250e+01  2.08e+00   1.89e-03     1.05e-03   16.618s
 749000 +6.30174085e+01 +6.10197662e+01  2.00e+00   1.85e-03     1.28e-03   16.640s
 750000 +6.29965691e+01 +6.10934429e+01  1.90e+00   1.81e-03     1.49e-03   16.662s
 751000 +6.29717853e+01 +6.11822215e+01  1.79e+00   1.77e-03     1.71e-03   16.684s
 752000 +6.29422467e+01 +6.12469354e+01  1.70e+00   1.72e-03     1.94e-03   16.706s
 753000 +6.29070823e+01 +6.12840103e+01  1.62e+00   1.68e-03     2.18e-03   16.727s
 754000 +6.28663025e+01 +6.13101994e+01  1.56e+00   1.62e-03     2.39e-03   16.749s
 755000 +6.28242409e+01 +6.13379115e+01  1.49e+00   1.56e-03     2.57e-03   16.771s
 756000 +6.27811249e+01 +6.13756056e+01  1.41e+00   1.50e-03     2.74e-03   16.793s
 757000 +6.27350618e+01 +6.14127695e+01  1.32e+00   1.45e-03     2.91e-03   16.815s
 758000 +6.26863432e+01 +6.14676009e+01  1.22e+00   1.40e-03     3.06e-03   16.837s
 759000 +6.26334064e+01 +6.15031875e+01  1.13e+00   1.34e-03     3.21e-03   16.859s
 760000 +6.25867559e+01 +6.14939336e+01  1.09e+00   1.28e-03     3.39e-03   16.881s
 761000 +6.25682869e+01 +6.13908936e+01  1.18e+00   1.24e-03     3.92e-03   16.903s
 762000 +6.25465142e+01 +6.12659014e+01  1.28e+00   1.19e-03     4.40e-03   16.924s
 763000 +6.25242376e+01 +6.11481748e+01  1.38e+00   1.14e-03     4.86e-03   16.946s
 764000 +6.25025038e+01 +6.11951091e+01  1.31e+00   1.08e-03     5.20e-03   16.968s
 765000 +6.24785708e+01 +6.12674143e+01  1.21e+00   1.04e-03     5.45e-03   16.990s
 766000 +6.24510950e+01 +6.14374149e+01  1.01e+00   9.98e-04     5.66e-03   17.012s
 767000 +6.24192864e+01 +6.16518237e+01  7.67e-01   9.61e-04     5.90e-03   17.034s
 768000 +6.23825871e+01 +6.18468285e+01  5.36e-01   9.24e-04     6.12e-03   17.056s
 769000 +6.23421187e+01 +6.20289723e+01  3.13e-01   8.87e-04     6.36e-03   17.077s
 770000 +6.22995032e+01 +6.21266617e+01  1.73e-01   8.50e-04     6.55e-03   17.099s
 771000 +6.22549198e+01 +6.21456973e+01  1.09e-01   8.16e-04     6.72e-03   17.121s
 772000 +6.22110300e+01 +6.21609510e+01  5.01e-02   7.84e-04     6.87e-03   17.143s
 773000 +6.21679827e+01 +6.21684237e+01  4.41e-04   7.52e-04     6.98e-03   17.165s
 774000 +6.21241963e+01 +6.21657123e+01  4.15e-02   7.19e-04     7.08e-03   17.187s
 775000 +6.20796745e+01 +6.21732622e+01  9.36e-02   6.85e-04     7.14e-03   17.209s
 776000 +6.20355789e+01 +6.22193010e+01  1.84e-01   6.51e-04     7.18e-03   17.230s
 777000 +6.19911491e+01 +6.23029423e+01  3.12e-01   6.21e-04     7.20e-03   17.252s
 778000 +6.19467170e+01 +6.23270035e+01  3.80e-01   5.94e-04     7.20e-03   17.274s
 779000 +6.19029918e+01 +6.23511104e+01  4.48e-01   5.68e-04     7.19e-03   17.296s
 780000 +6.18591536e+01 +6.23613084e+01  5.02e-01   5.46e-04     7.16e-03   17.318s
 781000 +6.18172892e+01 +6.23385369e+01  5.21e-01   5.22e-04     7.10e-03   17.340s
 782000 +6.17770418e+01 +6.22774755e+01  5.00e-01   5.00e-04     7.03e-03   17.362s
 783000 +6.17381896e+01 +6.21927839e+01  4.55e-01   4.82e-04     6.93e-03   17.383s
 784000 +6.17014424e+01 +6.21571447e+01  4.56e-01   4.67e-04     6.82e-03   17.405s
 785000 +6.16663276e+01 +6.21418575e+01  4.76e-01   4.55e-04     6.69e-03   17.427s
 786000 +6.16321709e+01 +6.21583494e+01  5.26e-01   4.38e-04     6.57e-03   17.449s
 787000 +6.15976579e+01 +6.21713483e+01  5.74e-01   4.23e-04     6.43e-03   17.471s
 788000 +6.15641245e+01 +6.21685381e+01  6.04e-01   4.18e-04     6.27e-03   17.493s
 789000 +6.15342978e+01 +6.21481031e+01  6.14e-01   4.16e-04     6.09e-03   17.514s
 790000 +6.15074334e+01 +6.21732490e+01  6.66e-01   4.04e-04     5.96e-03   17.536s
 791000 +6.14815409e+01 +6.21939396e+01  7.12e-01   3.88e-04     5.80e-03   17.558s
 792000 +6.14542788e+01 +6.21514842e+01  6.97e-01   3.70e-04     5.64e-03   17.580s
 793000 +6.14270219e+01 +6.20377716e+01  6.11e-01   3.56e-04     5.46e-03   17.602s
 794000 +6.14064176e+01 +6.18850347e+01  4.79e-01   3.50e-04     5.27e-03   17.624s
 795000 +6.13932508e+01 +6.17692962e+01  3.76e-01   3.49e-04     5.10e-03   17.646s
 796000 +6.13814877e+01 +6.17011776e+01  3.20e-01   3.46e-04     4.89e-03   17.667s
 797000 +6.13668856e+01 +6.16934027e+01  3.27e-01   3.45e-04     4.79e-03   17.689s
 798000 +6.13511048e+01 +6.16768147e+01  3.26e-01   3.52e-04     4.60e-03   17.711s
 799000 +6.13398130e+01 +6.16659125e+01  3.26e-01   3.50e-04     4.43e-03   17.733s
 800000 +6.13334125e+01 +6.16503580e+01  3.17e-01   3.41e-04     4.24e-03   17.755s
 801000 +6.13281969e+01 +6.16664803e+01  3.38e-01   3.41e-04     4.14e-03   17.777s
 802000 +6.13226826e+01 +6.16554239e+01  3.33e-01   3.41e-04     4.00e-03   17.799s
 803000 +6.13142395e+01 +6.16422055e+01  3.28e-01   3.14e-04     3.89e-03   17.820s
 804000 +6.13097930e+01 +6.17332164e+01  4.23e-01   2.93e-04     3.68e-03   17.842s
 805000 +6.13057418e+01 +6.16574879e+01  3.52e-01   2.94e-04     3.61e-03   17.864s
 806000 +6.13021589e+01 +6.15290183e+01  2.27e-01   2.85e-04     3.49e-03   17.886s
 807000 +6.12781182e+01 +6.15646578e+01  2.87e-01   2.71e-04     3.35e-03   17.908s
 808000 +6.12555352e+01 +6.16086674e+01  3.53e-01   2.62e-04     3.31e-03   17.930s
 809000 +6.12324285e+01 +6.15983341e+01  3.66e-01   2.62e-04     3.22e-03   17.952s
 810000 +6.12090697e+01 +6.15520239e+01  3.43e-01   2.68e-04     3.18e-03   17.974s
 811000 +6.11871134e+01 +6.14925196e+01  3.05e-01   2.73e-04     3.13e-03   17.996s
 812000 +6.11675081e+01 +6.14507579e+01  2.83e-01   2.80e-04     3.07e-03   18.017s
 813000 +6.11503991e+01 +6.14094530e+01  2.59e-01   2.89e-04     3.02e-03   18.039s
 814000 +6.11346923e+01 +6.13678454e+01  2.33e-01   2.97e-04     2.96e-03   18.061s
 815000 +6.11198408e+01 +6.13469400e+01  2.27e-01   3.04e-04     2.89e-03   18.083s
 816000 +6.11055148e+01 +6.13552393e+01  2.50e-01   3.11e-04     2.80e-03   18.105s
 817000 +6.10917147e+01 +6.13712539e+01  2.80e-01   3.20e-04     2.72e-03   18.127s
 818000 +6.10791361e+01 +6.13531787e+01  2.74e-01   3.24e-04     2.58e-03   18.148s
 819000 +6.10670815e+01 +6.13476239e+01  2.81e-01   3.17e-04     2.55e-03   18.170s
 820000 +6.10557896e+01 +6.13362890e+01  2.80e-01   3.18e-04     2.43e-03   18.192s
 821000 +6.10475953e+01 +6.12948270e+01  2.47e-01   3.25e-04     2.34e-03   18.214s
 822000 +6.10399922e+01 +6.12783088e+01  2.38e-01   3.23e-04     2.29e-03   18.236s
 823000 +6.10334655e+01 +6.12606431e+01  2.27e-01   3.25e-04     2.19e-03   18.258s
 824000 +6.10277756e+01 +6.12555653e+01  2.28e-01   3.32e-04     2.14e-03   18.280s
 825000 +6.10217466e+01 +6.12444835e+01  2.23e-01   3.35e-04     2.01e-03   18.301s
 826000 +6.10165614e+01 +6.12789991e+01  2.62e-01   3.41e-04     1.93e-03   18.323s
 827000 +6.10053964e+01 +6.13049067e+01  3.00e-01   3.48e-04     1.85e-03   18.345s
 828000 +6.09932016e+01 +6.13089769e+01  3.16e-01   3.52e-04     1.79e-03   18.367s
 829000 +6.09801266e+01 +6.12994498e+01  3.19e-01   3.54e-04     1.75e-03   18.389s
 830000 +6.09682105e+01 +6.12675641e+01  2.99e-01   3.57e-04     1.70e-03   18.411s
 831000 +6.09583254e+01 +6.12357368e+01  2.77e-01   3.73e-04     1.56e-03   18.433s
 832000 +6.09489015e+01 +6.12144325e+01  2.66e-01   3.82e-04     1.48e-03   18.455s
 833000 +6.09368771e+01 +6.11919343e+01  2.55e-01   3.96e-04     1.40e-03   18.477s
 834000 +6.09251531e+01 +6.11968665e+01  2.72e-01   4.05e-04     1.33e-03   18.499s
 835000 +6.09163932e+01 +6.12040419e+01  2.88e-01   4.09e-04     1.25e-03   18.520s
 836000 +6.09090939e+01 +6.11960726e+01  2.87e-01   4.13e-04     1.17e-03   18.542s
 837000 +6.09022704e+01 +6.11699984e+01  2.68e-01   4.16e-04     1.10e-03   18.564s
 838000 +6.08962213e+01 +6.11578089e+01  2.62e-01   4.18e-04     1.02e-03   18.586s
 839000 +6.08915656e+01 +6.11532761e+01  2.62e-01   4.19e-04     9.51e-04   18.608s
 840000 +6.08893976e+01 +6.11419719e+01  2.53e-01   4.21e-04     8.80e-04   18.630s
 841000 +6.08876071e+01 +6.11190653e+01  2.31e-01   4.18e-04     8.13e-04   18.651s
 842000 +6.08861308e+01 +6.11081505e+01  2.22e-01   4.18e-04     7.54e-04   18.673s
 843000 +6.08858240e+01 +6.11039029e+01  2.18e-01   4.17e-04     6.87e-04   18.695s
 844000 +6.08843623e+01 +6.10947585e+01  2.10e-01   4.17e-04     6.24e-04   18.717s
 845000 +6.08839237e+01 +6.10922375e+01  2.08e-01   4.12e-04     6.02e-04   18.739s
 846000 +6.08839467e+01 +6.10971390e+01  2.13e-01   4.06e-04     6.01e-04   18.761s
 847000 +6.08844948e+01 +6.10933225e+01  2.09e-01   3.99e-04     6.30e-04   18.783s
 848000 +6.08860510e+01 +6.10704025e+01  1.84e-01   3.90e-04     6.95e-04   18.805s
 849000 +6.08891801e+01 +6.10297742e+01  1.41e-01   3.80e-04     7.53e-04   18.827s
 850000 +6.08937424e+01 +6.09975528e+01  1.04e-01   3.70e-04     8.28e-04   18.848s
 851000 +6.08997384e+01 +6.09552523e+01  5.55e-02   3.60e-04     9.09e-04   18.870s
 852000 +6.09067253e+01 +6.09261865e+01  1.95e-02   3.50e-04     1.00e-03   18.892s
 852400 +6.09098744e+01 +6.09191047e+01  9.23e-03   3.46e-04     1.03e-03   18.901s
LP Solver status:                Optimal
Primal objective:                +6.09098744e+01
Dual objective:                  +6.09191047e+01
Duality gap (abs/rel):           +9.23e-03 / +7.51e-05
Primal infeasibility (abs/rel):  +3.46e-04 / +6.37e-05
Dual infeasibility (abs/rel):    +1.03e-03 / +5.12e-06
PDLP finished
Status: Optimal   Objective: 6.09098744e+01  Iterations: 852400  Time: 18.902s

### exit_code=0
### finished=2026-07-31T15:36:35.842989
### gpu_peak_mb=1530.4
### gpu_peak2_mb=0.0
### per_gpu_peak_mb=[1530.375]
