### solver=cuopt-base
### instance=/home/scratch.cmaes_sw/hans_lps/dlr1.mps
### n_gpus=1
### CUDA_VISIBLE_DEVICES=0
### started=2026-07-31T15:36:40.734728
### argv=/home/scratch.vmostovoi_gpu/mostovoi_cuopt/cpp/build/cuopt_cli --method 1 --mps-reader experimental-fast --time-limit 3600 --iteration-limit 1000000000 --relative-primal-tolerance 1e-4 --relative-dual-tolerance 1e-4 --relative-gap-tolerance 1e-4 --log-to-console true /home/scratch.cmaes_sw/hans_lps/dlr1.mps
### --- solver output ---
Setting parameter iteration_limit to 1000000000
Setting parameter log_to_console to true
Setting parameter method to 1
Setting parameter relative_dual_tolerance to 1.000000e-04
Setting parameter relative_gap_tolerance to 1.000000e-04
Setting parameter relative_primal_tolerance to 1.000000e-04
Setting parameter time_limit to 3.600000e+03
Reading file dlr1.mps
Using experimental fast MPS parser for '/home/scratch.cmaes_sw/hans_lps/dlr1.mps'
Read file dlr1.mps in 1.92 seconds
cuOpt version: 26.8.0, git hash: 7116ead1, host arch: x86_64, device archs: 100a-real
CPU: INTEL(R) XEON(R) PLATINUM 8570, threads (physical/logical): 112/224, RAM: 1720.98 GiB
CUDA 13.3, device: NVIDIA B200 (ID 0), VRAM: 178.34 GiB
CUDA device UUID: e0330c45-1b2b-b5db-9ae3-67a7efc4ba6e
Solving a problem with 1735470 constraints, 9142907 variables (0 integers), and 18365107 nonzeros
Problem scaling:
Objective coefficents range:          [1e+00, 1e+00]
Constraint matrix coefficients range: [1e-05, 2e+04]
Constraint rhs / bounds range:        [8e-09, 9e+04]
Variable bounds range:                [0e+00, 1e+02]
Warning: input problem contains a large range of coefficients: consider reformulating to avoid numerical difficulties.

Using PSLP presolver
PSLP Presolved problem: 755537 constraints, 720720 variables, 2435973 non-zeros
PSLP presolve time: 2.92s
Objective offset 954019986.698522 scaling_factor 1.000000
   Iter    Primal Obj.      Dual Obj.    Gap        Primal Res.  Dual Res.   Time
      0 +9.54019987e+08 +9.54019987e+08  0.00e+00   2.08e-02     9.43e+07   3.451s
   1000 +4.84166713e+06 +3.75719932e+06  1.08e+06   1.29e+01     1.94e+03   3.551s
   2000 +3.35748103e+06 +2.96233299e+06  3.95e+05   6.57e+00     3.78e+02   3.616s
   3000 +3.25237178e+06 +2.80127736e+06  4.51e+05   1.06e+01     1.46e+02   3.682s
   4000 +3.14402439e+06 +2.75761681e+06  3.86e+05   1.02e+01     7.49e+01   3.748s
   5000 +2.96898997e+06 +2.74612038e+06  2.23e+05   6.55e+00     5.82e+01   3.813s
   6000 +3.01876989e+06 +2.74001338e+06  2.79e+05   5.68e+00     5.31e+01   3.879s
   7000 +3.10687047e+06 +2.72516774e+06  3.82e+05   6.31e+00     2.55e+01   3.944s
   8000 +2.95821879e+06 +2.71930212e+06  2.39e+05   5.23e+00     1.76e+01   4.010s
   9000 +2.92982151e+06 +2.71716484e+06  2.13e+05   4.87e+00     1.48e+01   4.075s
  10000 +3.00413155e+06 +2.71479036e+06  2.89e+05   5.84e+00     1.16e+01   4.141s
  11000 +3.02197153e+06 +2.71159274e+06  3.10e+05   6.04e+00     8.51e+00   4.205s
  12000 +2.91132403e+06 +2.70967984e+06  2.02e+05   5.65e+00     6.27e+00   4.269s
  13000 +2.82869654e+06 +2.70878449e+06  1.20e+05   5.47e+00     5.51e+00   4.333s
  14000 +2.82460156e+06 +2.70772787e+06  1.17e+05   5.15e+00     4.46e+00   4.397s
  15000 +2.85018506e+06 +2.70594495e+06  1.44e+05   5.02e+00     1.33e+00   4.462s
  16000 +2.77542799e+06 +2.70484348e+06  7.06e+04   5.00e+00     9.10e-01   4.526s
  17000 +2.76118113e+06 +2.70495974e+06  5.62e+04   4.80e+00     9.02e-01   4.590s
  18000 +2.76763880e+06 +2.70512482e+06  6.25e+04   4.77e+00     8.39e-01   4.654s
  19000 +2.75049192e+06 +2.70511143e+06  4.54e+04   4.09e+00     6.82e-01   4.719s
  20000 +2.75767211e+06 +2.70517434e+06  5.25e+04   4.17e+00     6.34e-01   4.783s
  21000 +2.76429725e+06 +2.70517948e+06  5.91e+04   4.17e+00     6.80e-01   4.847s
  22000 +2.76070120e+06 +2.70518574e+06  5.55e+04   4.16e+00     6.92e-01   4.911s
  23000 +2.74971237e+06 +2.70508165e+06  4.46e+04   3.57e+00     2.91e+00   4.975s
  24000 +2.73803403e+06 +2.70503970e+06  3.30e+04   3.34e+00     2.82e+00   5.039s
  25000 +2.73414743e+06 +2.70511546e+06  2.90e+04   2.87e+00     3.48e+00   5.103s
  26000 +2.72399825e+06 +2.70531011e+06  1.87e+04   2.66e+00     3.85e+00   5.168s
  27000 +2.72670799e+06 +2.70541585e+06  2.13e+04   2.57e+00     4.02e+00   5.232s
  28000 +2.72357279e+06 +2.70549009e+06  1.81e+04   2.25e+00     4.66e+00   5.296s
  29000 +2.72299176e+06 +2.70556558e+06  1.74e+04   2.06e+00     4.94e+00   5.360s
  30000 +2.72098528e+06 +2.70555282e+06  1.54e+04   1.97e+00     5.19e+00   5.424s
  31000 +2.71983924e+06 +2.70555623e+06  1.43e+04   1.98e+00     5.22e+00   5.488s
  32000 +2.72017514e+06 +2.70564124e+06  1.45e+04   1.98e+00     5.06e+00   5.553s
  33000 +2.71749677e+06 +2.70572670e+06  1.18e+04   1.92e+00     5.21e+00   5.618s
  34000 +2.71789893e+06 +2.70573713e+06  1.22e+04   1.83e+00     5.61e+00   5.682s
  35000 +2.71690576e+06 +2.70577848e+06  1.11e+04   1.83e+00     5.70e+00   5.746s
  36000 +2.71551661e+06 +2.70564750e+06  9.87e+03   1.62e+00     4.27e+01   5.810s
  37000 +2.71262336e+06 +2.70588416e+06  6.74e+03   1.57e+00     4.41e+01   5.874s
  38000 +2.71082980e+06 +2.70601433e+06  4.82e+03   1.54e+00     4.26e+01   5.938s
  39000 +2.71038842e+06 +2.70619074e+06  4.20e+03   1.48e+00     4.35e+01   6.003s
  40000 +2.71037371e+06 +2.70619315e+06  4.18e+03   1.40e+00     4.27e+01   6.066s
  41000 +2.71005313e+06 +2.70623943e+06  3.81e+03   1.30e+00     4.21e+01   6.130s
  42000 +2.71025321e+06 +2.70632695e+06  3.93e+03   1.17e+00     4.21e+01   6.194s
  43000 +2.70905382e+06 +2.70627851e+06  2.78e+03   1.11e+00     4.22e+01   6.258s
  44000 +2.71075511e+06 +2.70615180e+06  4.60e+03   1.00e+00     4.14e+01   6.322s
  45000 +2.70932468e+06 +2.70618933e+06  3.14e+03   9.88e-01     4.17e+01   6.386s
  46000 +2.70812528e+06 +2.70626773e+06  1.86e+03   8.99e-01     4.15e+01   6.450s
  47000 +2.70912567e+06 +2.70627773e+06  2.85e+03   8.84e-01     4.17e+01   6.514s
  48000 +2.70728801e+06 +2.70638220e+06  9.06e+02   8.47e-01     4.18e+01   6.580s
  49000 +2.70806011e+06 +2.70645968e+06  1.60e+03   8.01e-01     4.02e+01   6.644s
  50000 +2.70873223e+06 +2.70645237e+06  2.28e+03   7.63e-01     4.02e+01   6.708s
  51000 +2.70808681e+06 +2.70639902e+06  1.69e+03   7.25e-01     3.89e+01   6.772s
  52000 +2.70786959e+06 +2.70640901e+06  1.46e+03   6.79e-01     3.78e+01   6.836s
  53000 +2.70824819e+06 +2.70637680e+06  1.87e+03   6.27e-01     3.79e+01   6.901s
  54000 +2.70834050e+06 +2.70635817e+06  1.98e+03   5.91e-01     3.79e+01   6.965s
  55000 +2.70849942e+06 +2.70634860e+06  2.15e+03   5.53e-01     3.76e+01   7.029s
  56000 +2.70811258e+06 +2.70619179e+06  1.92e+03   5.11e-01     1.57e+02   7.093s
  57000 +2.70793932e+06 +2.70602659e+06  1.91e+03   3.96e-01     1.54e+02   7.157s
  58000 +2.70789224e+06 +2.70586567e+06  2.03e+03   2.51e-01     1.41e+02   7.221s
  59000 +2.70741396e+06 +2.70589676e+06  1.52e+03   1.83e-01     1.31e+02   7.286s
  60000 +2.70739614e+06 +2.70603532e+06  1.36e+03   1.51e-01     1.28e+02   7.350s
  61000 +2.70750842e+06 +2.70611573e+06  1.39e+03   1.22e-01     1.21e+02   7.414s
  62000 +2.70750977e+06 +2.70611202e+06  1.40e+03   9.53e-02     1.18e+02   7.478s
  63000 +2.70744843e+06 +2.70610849e+06  1.34e+03   7.94e-02     1.16e+02   7.542s
  64000 +2.70743197e+06 +2.70611978e+06  1.31e+03   6.68e-02     1.13e+02   7.606s
  65000 +2.70737939e+06 +2.70615763e+06  1.22e+03   5.06e-02     1.13e+02   7.670s
  66000 +2.70757075e+06 +2.70616364e+06  1.41e+03   4.25e-02     1.12e+02   7.735s
  67000 +2.70734000e+06 +2.70618374e+06  1.16e+03   3.37e-02     1.06e+02   7.799s
  68000 +2.70731158e+06 +2.70618063e+06  1.13e+03   2.88e-02     1.05e+02   7.863s
  69000 +2.70728573e+06 +2.70628985e+06  9.96e+02   2.37e-02     3.04e+02   7.927s
  70000 +2.70742295e+06 +2.70626303e+06  1.16e+03   2.09e-02     2.71e+02   7.991s
  71000 +2.70737685e+06 +2.70626013e+06  1.12e+03   1.45e-02     2.50e+02   8.055s
  72000 +2.70735060e+06 +2.70624663e+06  1.10e+03   1.09e-02     2.30e+02   8.119s
  73000 +2.70727999e+06 +2.70641863e+06  8.61e+02   8.69e-03     1.75e+03   8.184s
  74000 +2.70725274e+06 +2.70624771e+06  1.01e+03   7.61e-03     1.66e+03   8.248s
  75000 +2.70727967e+06 +2.70615977e+06  1.12e+03   5.53e-03     1.51e+03   8.312s
  76000 +2.70713103e+06 +2.70615508e+06  9.76e+02   1.06e-02     1.18e+03   8.376s
  77000 +2.70713542e+06 +2.70247009e+06  4.67e+03   3.27e-03     2.10e+03   8.440s
  78000 +2.70707772e+06 +2.70338104e+06  3.70e+03   2.40e-02     4.21e+02   8.505s
  79000 +2.70707279e+06 +2.70516307e+06  1.91e+03   4.13e-03     1.14e+02   8.569s
  80000 +2.70709299e+06 +2.70586735e+06  1.23e+03   2.56e-03     5.68e+01   8.633s
  81000 +2.70709390e+06 +2.70606991e+06  1.02e+03   1.62e-03     2.93e+01   8.697s
  82000 +2.70709307e+06 +2.70620147e+06  8.92e+02   1.56e-03     3.91e+01   8.761s
  83000 +2.70709122e+06 +2.70625751e+06  8.34e+02   2.22e-03     3.24e+01   8.825s
  84000 +2.70709344e+06 +2.70640395e+06  6.89e+02   1.55e-03     3.43e+01   8.889s
  85000 +2.70706566e+06 +2.70645598e+06  6.10e+02   1.59e-02     5.35e+01   8.954s
  86000 +2.70708297e+06 +2.70649729e+06  5.86e+02   6.15e-03     2.31e+01   9.018s
  86400 +2.70708271e+06 +2.70656338e+06  5.19e+02   4.61e-03     1.95e+01   9.044s
LP Solver status:                Optimal
Primal objective:                +2.70708271e+06
Dual objective:                  +2.70656338e+06
Duality gap (abs/rel):           +5.19e+02 / +9.59e-05
Primal infeasibility (abs/rel):  +4.61e-03 / +5.85e-08
Dual infeasibility (abs/rel):    +1.95e+01 / +2.07e-07
PDLP finished
Status: Optimal   Objective: 2.70708271e+06  Iterations: 86400  Time: 9.045s

### exit_code=0
### finished=2026-07-31T15:36:53.657112
### gpu_peak_mb=3450.4
### gpu_peak2_mb=0.0
### per_gpu_peak_mb=[3450.375]
