### solver=cuopt-base
### instance=/home/scratch.vmostovoi_gpu/datasets/mittleman_mps/dlr2.mps
### n_gpus=1
### CUDA_VISIBLE_DEVICES=0
### started=2026-07-24T06:45:16.945832
### argv=/home/scratch.vmostovoi_gpu/mostovoi_cuopt/cpp/build/cuopt_cli --method 1 --mps-reader experimental-fast --time-limit 3600 --iteration-limit 1000000000 --relative-primal-tolerance 1e-4 --relative-dual-tolerance 1e-4 --relative-gap-tolerance 1e-4 --log-to-console true /home/scratch.vmostovoi_gpu/datasets/mittleman_mps/dlr2.mps
### --- solver output ---
Setting parameter iteration_limit to 1000000000
Setting parameter log_to_console to true
Setting parameter method to 1
Setting parameter relative_dual_tolerance to 1.000000e-04
Setting parameter relative_gap_tolerance to 1.000000e-04
Setting parameter relative_primal_tolerance to 1.000000e-04
Setting parameter time_limit to 3.600000e+03
Reading file dlr2.mps
Using experimental fast MPS parser for '/home/scratch.vmostovoi_gpu/datasets/mittleman_mps/dlr2.mps'
Read file dlr2.mps in 8.33 seconds
cuOpt version: 26.8.0, git hash: 7116ead1, host arch: x86_64, device archs: 100a-real
CPU: INTEL(R) XEON(R) PLATINUM 8570, threads (physical/logical): 112/224, RAM: 1638.67 GiB
CUDA 13.3, device: NVIDIA B200 (ID 0), VRAM: 178.34 GiB
CUDA device UUID: f36553ec-83f5-0954-de1e-14020b44a6e2
Solving a problem with 7132926 constraints, 38868107 variables (0 integers), and 78091589 nonzeros
Problem scaling:
Objective coefficents range:          [1e+00, 1e+00]
Constraint matrix coefficients range: [1e-05, 5e+04]
Constraint rhs / bounds range:        [8e-09, 4e+05]
Variable bounds range:                [0e+00, 1e+02]
Warning: input problem contains a large range of coefficients: consider reformulating to avoid numerical difficulties.

Using PSLP presolver
PSLP Presolved problem: 3252252 constraints, 3101514 variables, 10483700 non-zeros
PSLP presolve time: 13.85s
Objective offset 4275822148.431882 scaling_factor 1.000000
   Iter    Primal Obj.      Dual Obj.    Gap        Primal Res.  Dual Res.   Time
      0 +4.27582215e+09 +4.27582215e+09  0.00e+00   4.39e-02     1.67e+09   15.311s
   1000 +1.71528699e+07 +1.90209741e+07  1.87e+06   1.25e+02     4.50e+04   15.576s
   2000 +1.40130323e+07 +1.36659603e+07  3.47e+05   8.92e+01     1.73e+04   15.777s
   3000 +1.50594474e+07 +1.23233172e+07  2.74e+06   9.28e+01     2.85e+03   15.977s
   4000 +1.53279688e+07 +1.19703221e+07  3.36e+06   9.82e+01     1.21e+03   16.178s
   5000 +1.31866390e+07 +1.18510373e+07  1.34e+06   9.50e+01     1.10e+03   16.378s
   6000 +1.33288007e+07 +1.17883031e+07  1.54e+06   8.59e+01     4.75e+02   16.578s
   7000 +1.28744369e+07 +1.17442461e+07  1.13e+06   8.07e+01     4.58e+02   16.778s
   8000 +1.27296399e+07 +1.17244759e+07  1.01e+06   7.82e+01     4.61e+02   16.978s
   9000 +1.25190672e+07 +1.17167563e+07  8.02e+05   7.63e+01     5.00e+02   17.177s
  10000 +1.27854379e+07 +1.17000061e+07  1.09e+06   7.69e+01     1.50e+02   17.378s
  11000 +1.27508676e+07 +1.16819442e+07  1.07e+06   7.58e+01     1.12e+02   17.575s
  12000 +1.28548933e+07 +1.16681839e+07  1.19e+06   7.55e+01     1.06e+02   17.772s
  13000 +1.29146564e+07 +1.16551538e+07  1.26e+06   7.51e+01     1.02e+02   17.970s
  14000 +1.27909290e+07 +1.16442855e+07  1.15e+06   7.48e+01     1.11e+02   18.167s
  15000 +1.30285989e+07 +1.16309319e+07  1.40e+06   7.51e+01     5.44e+01   18.364s
  16000 +1.34267009e+07 +1.16112007e+07  1.82e+06   7.55e+01     4.84e+01   18.561s
  17000 +1.33726004e+07 +1.15974709e+07  1.78e+06   7.48e+01     4.98e+01   18.759s
  18000 +1.29900305e+07 +1.15873180e+07  1.40e+06   7.42e+01     5.28e+01   18.956s
  19000 +1.29327382e+07 +1.15804083e+07  1.35e+06   7.48e+01     5.10e+01   19.153s
  20000 +1.28520314e+07 +1.15756745e+07  1.28e+06   7.41e+01     5.07e+01   19.350s
  21000 +1.27681169e+07 +1.15726674e+07  1.20e+06   7.37e+01     5.61e+01   19.547s
  22000 +1.26657496e+07 +1.15707525e+07  1.09e+06   7.37e+01     5.45e+01   19.744s
  23000 +1.25029549e+07 +1.15684731e+07  9.34e+05   7.32e+01     6.40e+01   19.942s
  24000 +1.23915968e+07 +1.15651185e+07  8.26e+05   7.30e+01     6.50e+01   20.139s
  25000 +1.22725298e+07 +1.15646041e+07  7.08e+05   7.27e+01     6.65e+01   20.336s
  26000 +1.22089695e+07 +1.15645612e+07  6.44e+05   7.24e+01     6.96e+01   20.534s
  27000 +1.21230736e+07 +1.15646208e+07  5.58e+05   7.20e+01     6.95e+01   20.731s
  28000 +1.20553837e+07 +1.15643418e+07  4.91e+05   7.16e+01     7.22e+01   20.928s
  29000 +1.20237303e+07 +1.15645033e+07  4.59e+05   7.15e+01     7.25e+01   21.125s
  30000 +1.19934311e+07 +1.15645967e+07  4.29e+05   7.09e+01     7.45e+01   21.322s
  31000 +1.19709840e+07 +1.15646510e+07  4.06e+05   7.08e+01     7.50e+01   21.519s
  32000 +1.19360205e+07 +1.15644899e+07  3.72e+05   7.07e+01     7.59e+01   21.717s
  33000 +1.19346320e+07 +1.15644553e+07  3.70e+05   7.01e+01     7.83e+01   21.914s
  34000 +1.18885502e+07 +1.15644007e+07  3.24e+05   7.01e+01     8.03e+01   22.111s
  35000 +1.18732371e+07 +1.15645195e+07  3.09e+05   6.95e+01     8.08e+01   22.308s
  36000 +1.18827604e+07 +1.15637502e+07  3.19e+05   6.82e+01     2.57e+02   22.506s
  37000 +1.18016458e+07 +1.15635795e+07  2.38e+05   6.75e+01     2.61e+02   22.703s
  38000 +1.17542298e+07 +1.15637675e+07  1.90e+05   6.68e+01     2.67e+02   22.900s
  39000 +1.17201673e+07 +1.15642679e+07  1.56e+05   6.62e+01     2.69e+02   23.097s
  40000 +1.17034887e+07 +1.15646663e+07  1.39e+05   6.52e+01     2.72e+02   23.294s
  41000 +1.16918446e+07 +1.15648212e+07  1.27e+05   6.48e+01     2.73e+02   23.491s
  42000 +1.16920848e+07 +1.15650985e+07  1.27e+05   6.31e+01     2.74e+02   23.689s
  43000 +1.16768560e+07 +1.15654398e+07  1.11e+05   6.18e+01     2.77e+02   23.886s
  44000 +1.16843707e+07 +1.15655245e+07  1.19e+05   6.11e+01     2.79e+02   24.083s
  45000 +1.16811370e+07 +1.15657106e+07  1.15e+05   5.98e+01     2.80e+02   24.280s
  46000 +1.16670481e+07 +1.15659656e+07  1.01e+05   5.93e+01     2.81e+02   24.477s
  47000 +1.16636555e+07 +1.15661818e+07  9.75e+04   5.93e+01     2.81e+02   24.674s
  48000 +1.16606943e+07 +1.15663282e+07  9.44e+04   5.89e+01     2.82e+02   24.872s
  49000 +1.16539289e+07 +1.15664291e+07  8.75e+04   5.82e+01     2.82e+02   25.069s
  50000 +1.16460053e+07 +1.15664911e+07  7.95e+04   5.76e+01     2.81e+02   25.266s
  51000 +1.16479060e+07 +1.15666841e+07  8.12e+04   5.77e+01     2.81e+02   25.463s
  52000 +1.16407724e+07 +1.15668564e+07  7.39e+04   5.71e+01     2.83e+02   25.660s
  53000 +1.16405450e+07 +1.15670505e+07  7.35e+04   5.60e+01     2.81e+02   25.857s
  54000 +1.16437728e+07 +1.15671467e+07  7.66e+04   5.54e+01     2.81e+02   26.055s
  55000 +1.16390073e+07 +1.15672857e+07  7.17e+04   5.52e+01     2.81e+02   26.252s
  56000 +1.16469293e+07 +1.15671307e+07  7.98e+04   5.43e+01     2.45e+03   26.449s
  57000 +1.16337614e+07 +1.15673963e+07  6.64e+04   5.12e+01     2.41e+03   26.647s
  58000 +1.16260424e+07 +1.15684415e+07  5.76e+04   4.84e+01     2.36e+03   26.844s
  59000 +1.16217436e+07 +1.15691899e+07  5.26e+04   4.47e+01     2.30e+03   27.041s
  60000 +1.16238268e+07 +1.15696103e+07  5.42e+04   3.93e+01     2.23e+03   27.238s
  61000 +1.16256467e+07 +1.15699753e+07  5.57e+04   3.65e+01     2.19e+03   27.435s
  62000 +1.16216783e+07 +1.15703417e+07  5.13e+04   3.47e+01     2.17e+03   27.632s
  63000 +1.16256939e+07 +1.15707427e+07  5.50e+04   3.18e+01     2.11e+03   27.829s
  64000 +1.16254434e+07 +1.15712548e+07  5.42e+04   2.88e+01     2.07e+03   28.026s
  65000 +1.16216570e+07 +1.15715904e+07  5.01e+04   2.85e+01     2.06e+03   28.224s
  66000 +1.16252402e+07 +1.15722498e+07  5.30e+04   2.49e+01     2.01e+03   28.421s
  67000 +1.16264744e+07 +1.15724750e+07  5.40e+04   2.42e+01     1.99e+03   28.618s
  68000 +1.16215375e+07 +1.15729585e+07  4.86e+04   2.32e+01     1.96e+03   28.815s
  69000 +1.16230655e+07 +1.15732763e+07  4.98e+04   2.27e+01     1.92e+03   29.012s
  70000 +1.16254937e+07 +1.15738278e+07  5.17e+04   2.17e+01     1.90e+03   29.209s
  71000 +1.16262752e+07 +1.15742917e+07  5.20e+04   2.15e+01     1.89e+03   29.407s
  72000 +1.16264068e+07 +1.15745307e+07  5.19e+04   2.12e+01     1.87e+03   29.604s
  73000 +1.16243202e+07 +1.15750083e+07  4.93e+04   2.08e+01     1.85e+03   29.801s
  74000 +1.16255509e+07 +1.15753283e+07  5.02e+04   2.02e+01     1.83e+03   29.998s
  75000 +1.16262022e+07 +1.15755112e+07  5.07e+04   1.96e+01     1.82e+03   30.195s
  76000 +1.16260845e+07 +1.15757019e+07  5.04e+04   1.93e+01     1.80e+03   30.392s
  77000 +1.16264784e+07 +1.15760068e+07  5.05e+04   1.90e+01     1.78e+03   30.589s
  78000 +1.16241367e+07 +1.15762382e+07  4.79e+04   1.85e+01     1.75e+03   30.787s
  79000 +1.16233946e+07 +1.15765526e+07  4.68e+04   1.81e+01     1.75e+03   30.984s
  80000 +1.16307605e+07 +1.15757961e+07  5.50e+04   1.75e+01     1.46e+04   31.181s
  81000 +1.16246567e+07 +1.15771960e+07  4.75e+04   1.48e+01     1.31e+04   31.379s
  82000 +1.16223507e+07 +1.15785466e+07  4.38e+04   1.26e+01     1.21e+04   31.576s
  83000 +1.16233198e+07 +1.15796621e+07  4.37e+04   1.11e+01     1.13e+04   31.773s
  84000 +1.16211583e+07 +1.15819110e+07  3.92e+04   1.05e+01     1.07e+04   31.970s
  85000 +1.16213401e+07 +1.15823036e+07  3.90e+04   9.63e+00     1.01e+04   32.167s
  86000 +1.16199474e+07 +1.15839501e+07  3.60e+04   8.95e+00     9.43e+03   32.364s
  87000 +1.16194077e+07 +1.15859556e+07  3.35e+04   8.40e+00     9.12e+03   32.562s
  88000 +1.16186993e+07 +1.15859439e+07  3.28e+04   7.74e+00     8.85e+03   32.759s
  89000 +1.16193502e+07 +1.15876646e+07  3.17e+04   6.85e+00     8.25e+03   32.956s
  90000 +1.16189314e+07 +1.15874594e+07  3.15e+04   6.15e+00     7.64e+03   33.153s
  91000 +1.16186136e+07 +1.15888328e+07  2.98e+04   5.49e+00     7.22e+03   33.350s
  92000 +1.16166931e+07 +1.15898311e+07  2.69e+04   4.67e+00     6.89e+03   33.547s
  93000 +1.16177237e+07 +1.15902510e+07  2.75e+04   4.43e+00     6.41e+03   33.745s
  94000 +1.16146982e+07 +1.15908571e+07  2.38e+04   4.04e+00     5.86e+03   33.942s
  95000 +1.16154195e+07 +1.15909542e+07  2.45e+04   3.58e+00     5.55e+03   34.139s
  96000 +1.16141487e+07 +1.15916739e+07  2.25e+04   3.75e+00     5.30e+03   34.336s
  97000 +1.16141994e+07 +1.15923993e+07  2.18e+04   3.39e+00     5.12e+03   34.533s
  98000 +1.16125416e+07 +1.15930488e+07  1.95e+04   3.17e+00     4.83e+03   34.731s
  99000 +1.16126457e+07 +1.15928781e+07  1.98e+04   3.20e+00     4.66e+03   34.928s
 100000 +1.16126252e+07 +1.15936497e+07  1.90e+04   2.89e+00     4.58e+03   35.125s
 101000 +1.16130263e+07 +1.15933146e+07  1.97e+04   2.78e+00     4.44e+03   35.322s
 102000 +1.16115044e+07 +1.15939006e+07  1.76e+04   2.65e+00     4.27e+03   35.519s
 103000 +1.16158192e+07 +1.15778475e+07  3.80e+04   2.24e+00     4.64e+04   35.717s
 104000 +1.16066015e+07 +1.15861367e+07  2.05e+04   1.54e+00     3.05e+04   35.914s
 105000 +1.16068641e+07 +1.15894075e+07  1.75e+04   1.16e+00     2.69e+04   36.111s
 106000 +1.16055353e+07 +1.15919549e+07  1.36e+04   8.24e-01     2.41e+04   36.309s
 107000 +1.16051551e+07 +1.15939918e+07  1.12e+04   6.31e-01     2.03e+04   36.506s
 108000 +1.16041137e+07 +1.15958429e+07  8.27e+03   4.99e-01     1.89e+04   36.703s
 109000 +1.16042326e+07 +1.15964734e+07  7.76e+03   3.77e-01     1.67e+04   36.900s
 110000 +1.16036515e+07 +1.15979906e+07  5.66e+03   3.83e-01     1.46e+04   37.097s
 111000 +1.16033875e+07 +1.15990776e+07  4.31e+03   3.47e-01     1.30e+04   37.294s
 112000 +1.16033816e+07 +1.15993754e+07  4.01e+03   3.59e-01     1.12e+04   37.492s
 113000 +1.16033162e+07 +1.15994547e+07  3.86e+03   3.24e-01     1.10e+04   37.689s
 114000 +1.16043778e+07 +1.15975264e+07  6.85e+03   3.03e-01     3.46e+04   37.886s
 115000 +1.16017459e+07 +1.15983317e+07  3.41e+03   3.16e-01     1.46e+04   38.083s
 115400 +1.16015721e+07 +1.16000035e+07  1.57e+03   3.22e-01     1.17e+04   38.162s
LP Solver status:                Optimal
Primal objective:                +1.16015721e+07
Dual objective:                  +1.16000035e+07
Duality gap (abs/rel):           +1.57e+03 / +6.76e-05
Primal infeasibility (abs/rel):  +3.22e-01 / +9.89e-07
Dual infeasibility (abs/rel):    +1.17e+04 / +7.02e-06
PDLP finished
Status: Optimal   Objective: 1.16015721e+07  Iterations: 115400  Time: 38.164s

### exit_code=0
### finished=2026-07-24T06:46:10.679119
### gpu_peak_mb=9978.4
### gpu_peak2_mb=0.0
### per_gpu_peak_mb=[9978.375]
