### solver=cuopt-base
### instance=/home/scratch.cmaes_sw/hans_lps/fome13.mps
### n_gpus=1
### CUDA_VISIBLE_DEVICES=0
### started=2026-07-31T15:37:32.680346
### argv=/home/scratch.vmostovoi_gpu/mostovoi_cuopt/cpp/build/cuopt_cli --method 1 --mps-reader experimental-fast --time-limit 3600 --iteration-limit 1000000000 --relative-primal-tolerance 1e-4 --relative-dual-tolerance 1e-4 --relative-gap-tolerance 1e-4 --log-to-console true /home/scratch.cmaes_sw/hans_lps/fome13.mps
### --- solver output ---
Setting parameter iteration_limit to 1000000000
Setting parameter log_to_console to true
Setting parameter method to 1
Setting parameter relative_dual_tolerance to 1.000000e-04
Setting parameter relative_gap_tolerance to 1.000000e-04
Setting parameter relative_primal_tolerance to 1.000000e-04
Setting parameter time_limit to 3.600000e+03
Reading file fome13.mps
Using experimental fast MPS parser for '/home/scratch.cmaes_sw/hans_lps/fome13.mps'
Read file fome13.mps in 0.12 seconds
cuOpt version: 26.8.0, git hash: 7116ead1, host arch: x86_64, device archs: 100a-real
CPU: INTEL(R) XEON(R) PLATINUM 8570, threads (physical/logical): 112/224, RAM: 1721.02 GiB
CUDA 13.3, device: NVIDIA B200 (ID 0), VRAM: 178.34 GiB
CUDA device UUID: e0330c45-1b2b-b5db-9ae3-67a7efc4ba6e
Solving a problem with 48568 constraints, 97840 variables (0 integers), and 285056 nonzeros
Problem scaling:
Objective coefficents range:          [6e+02, 4e+07]
Constraint matrix coefficients range: [8e-02, 2e+00]
Constraint rhs / bounds range:        [1e+00, 1e+02]
Variable bounds range:                [0e+00, 1e+02]

Using PSLP presolver
PSLP Presolved problem: 47680 constraints, 85864 variables, 270176 non-zeros
PSLP presolve time: 0.12s
Objective offset 64321894157.679878 scaling_factor 1.000000
   Iter    Primal Obj.      Dual Obj.    Gap        Primal Res.  Dual Res.   Time
      0 +6.43218942e+10 +6.43218942e+10  0.00e+00   2.10e+03     2.81e+09   0.189s
   1000 +4.69364248e+08 +2.05588532e+09  1.59e+09   2.03e+01     8.39e+05   0.249s
   2000 +1.92567442e+08 +3.44229592e+07  1.58e+08   1.43e+00     3.71e+04   0.276s
   3000 +1.14119711e+08 +8.86056776e+07  2.55e+07   7.20e-01     4.30e+03   0.303s
   4000 +1.00639635e+08 +8.36687242e+07  1.70e+07   2.62e-01     1.65e+04   0.330s
   5000 +8.87147501e+07 +8.99577454e+07  1.24e+06   8.62e-03     1.68e+03   0.357s
   6000 +8.96432119e+07 +8.99870552e+07  3.44e+05   4.01e-03     1.20e+03   0.384s
   7000 +8.97117258e+07 +8.99705727e+07  2.59e+05   3.63e-03     7.84e+02   0.410s
   8000 +9.03982244e+07 +9.01257057e+07  2.73e+05   2.54e-02     2.89e+02   0.437s
   9000 +9.00851261e+07 +9.01160915e+07  3.10e+04   1.52e-02     1.52e+02   0.464s
  10000 +9.51394146e+07 +9.01309984e+07  5.01e+06   8.69e-02     2.48e+01   0.491s
  11000 +9.04149587e+07 +9.01315547e+07  2.83e+05   1.98e-02     1.03e+01   0.517s
  12000 +8.98405957e+07 +9.01310190e+07  2.90e+05   1.07e-02     5.01e+00   0.543s
  13000 +8.98437976e+07 +9.01313136e+07  2.88e+05   1.86e-02     2.65e+00   0.569s
  13800 +9.01331487e+07 +9.01311339e+07  2.01e+03   2.13e-02     1.23e+00   0.590s
LP Solver status:                Optimal
Primal objective:                +9.01331487e+07
Dual objective:                  +9.01311339e+07
Duality gap (abs/rel):           +2.01e+03 / +1.12e-05
Primal infeasibility (abs/rel):  +2.13e-02 / +6.45e-06
Dual infeasibility (abs/rel):    +1.23e+00 / +4.36e-10
PDLP finished
Status: Optimal   Objective: 9.01331487e+07  Iterations: 13800  Time: 0.591s

### exit_code=0
### finished=2026-07-31T15:37:34.072557
### gpu_peak_mb=1498.4
### gpu_peak2_mb=0.0
### per_gpu_peak_mb=[1498.375]
