### solver=cuopt-base
### instance=/home/scratch.cmaes_sw/hans_lps/i_n13.mps
### n_gpus=1
### CUDA_VISIBLE_DEVICES=0
### started=2026-07-31T15:37:35.917662
### argv=/home/scratch.vmostovoi_gpu/mostovoi_cuopt/cpp/build/cuopt_cli --method 1 --mps-reader experimental-fast --time-limit 3600 --iteration-limit 1000000000 --relative-primal-tolerance 1e-4 --relative-dual-tolerance 1e-4 --relative-gap-tolerance 1e-4 --log-to-console true /home/scratch.cmaes_sw/hans_lps/i_n13.mps
### --- solver output ---
Setting parameter iteration_limit to 1000000000
Setting parameter log_to_console to true
Setting parameter method to 1
Setting parameter relative_dual_tolerance to 1.000000e-04
Setting parameter relative_gap_tolerance to 1.000000e-04
Setting parameter relative_primal_tolerance to 1.000000e-04
Setting parameter time_limit to 3.600000e+03
Reading file i_n13.mps
Using experimental fast MPS parser for '/home/scratch.cmaes_sw/hans_lps/i_n13.mps'
Read file i_n13.mps in 0.47 seconds
cuOpt version: 26.8.0, git hash: 7116ead1, host arch: x86_64, device archs: 100a-real
CPU: INTEL(R) XEON(R) PLATINUM 8570, threads (physical/logical): 112/224, RAM: 1720.90 GiB
CUDA 13.3, device: NVIDIA B200 (ID 0), VRAM: 178.34 GiB
CUDA device UUID: e0330c45-1b2b-b5db-9ae3-67a7efc4ba6e
Solving a problem with 8192 constraints, 741455 variables (0 integers), and 1482910 nonzeros
Problem scaling:
Objective coefficents range:          [1e+00, 4e+03]
Constraint matrix coefficients range: [1e+00, 1e+00]
Constraint rhs / bounds range:        [9e+06, 9e+06]
Variable bounds range:                [0e+00, 9e+06]
Warning: input problem contains a large range of coefficients: consider reformulating to avoid numerical difficulties.

Using PSLP presolver
PSLP Presolved problem: 8191 constraints, 739976 variables, 1479952 non-zeros
PSLP presolve time: 0.25s
Objective offset 0.000000 scaling_factor 1.000000
   Iter    Primal Obj.      Dual Obj.    Gap        Primal Res.  Dual Res.   Time
      0 +0.00000000e+00 +0.00000000e+00  0.00e+00   1.28e+07     1.79e+06   0.405s
   1000 +7.60399722e+11 +1.12422756e+12  3.64e+11   1.03e+05     1.65e+05   0.484s
   2000 +8.64221375e+11 +1.07901308e+12  2.15e+11   4.07e+04     8.78e+04   0.524s
   3000 +9.00421616e+11 +1.06359106e+12  1.63e+11   1.99e+04     6.50e+04   0.564s
   4000 +9.21356713e+11 +1.05403281e+12  1.33e+11   8.63e+03     5.59e+04   0.605s
   5000 +9.33962545e+11 +1.04937056e+12  1.15e+11   3.01e+03     5.21e+04   0.644s
   6000 +9.42557588e+11 +1.03610001e+12  9.35e+10   5.67e+03     4.67e+04   0.684s
   7000 +9.49755018e+11 +1.01081641e+12  6.11e+10   1.83e+04     3.89e+04   0.724s
   8000 +9.52930111e+11 +9.85370588e+11  3.24e+10   2.30e+04     3.24e+04   0.764s
   9000 +9.54644226e+11 +9.65505612e+11  1.09e+10   2.50e+04     2.75e+04   0.804s
  10000 +9.66062069e+11 +9.18566296e+11  4.75e+10   4.66e+04     2.05e+04   0.844s
  11000 +9.79121760e+11 +8.97672607e+11  8.14e+10   5.82e+04     1.74e+04   0.882s
  12000 +9.88965741e+11 +8.80055329e+11  1.09e+11   6.49e+04     1.50e+04   0.921s
  13000 +9.96605473e+11 +8.64393632e+11  1.32e+11   6.92e+04     1.31e+04   0.960s
  14000 +1.00263813e+12 +8.53138265e+11  1.49e+11   6.89e+04     1.16e+04   0.998s
  15000 +1.01717227e+12 +8.19493565e+11  1.98e+11   7.60e+04     9.02e+03   1.037s
  16000 +1.03523902e+12 +8.00687812e+11  2.35e+11   8.73e+04     7.39e+03   1.076s
  17000 +1.04956154e+12 +7.86154859e+11  2.63e+11   9.06e+04     6.18e+03   1.115s
  18000 +1.06092863e+12 +7.76509736e+11  2.84e+11   9.51e+04     5.29e+03   1.153s
  19000 +1.06979691e+12 +7.67598637e+11  3.02e+11   9.55e+04     4.52e+03   1.192s
  20000 +1.07628007e+12 +7.61326245e+11  3.15e+11   9.79e+04     3.89e+03   1.230s
  21000 +1.08107963e+12 +7.57422189e+11  3.24e+11   9.58e+04     3.40e+03   1.269s
  22000 +1.08450801e+12 +7.54588725e+11  3.30e+11   9.59e+04     3.00e+03   1.308s
  23000 +1.08861557e+12 +7.43271096e+11  3.45e+11   9.66e+04     2.32e+03   1.347s
  24000 +1.09346417e+12 +7.39830281e+11  3.54e+11   9.66e+04     1.94e+03   1.385s
  25000 +1.09676707e+12 +7.37923316e+11  3.59e+11   9.55e+04     1.65e+03   1.424s
  26000 +1.09889502e+12 +7.36926855e+11  3.62e+11   9.45e+04     1.42e+03   1.463s
  27000 +1.10014855e+12 +7.36250277e+11  3.64e+11   9.29e+04     1.21e+03   1.501s
  28000 +1.10032429e+12 +7.36205030e+11  3.64e+11   9.09e+04     1.04e+03   1.540s
  29000 +1.09953683e+12 +7.36930136e+11  3.63e+11   9.02e+04     9.17e+02   1.579s
  30000 +1.09836322e+12 +7.37952425e+11  3.60e+11   8.83e+04     8.19e+02   1.617s
  31000 +1.09701115e+12 +7.39743940e+11  3.57e+11   8.73e+04     7.53e+02   1.658s
  32000 +1.09553009e+12 +7.41503960e+11  3.54e+11   8.66e+04     7.01e+02   1.697s
  33000 +1.09387765e+12 +7.43175152e+11  3.51e+11   8.47e+04     6.56e+02   1.735s
  34000 +1.09180174e+12 +7.45005971e+11  3.47e+11   8.35e+04     6.33e+02   1.774s
  35000 +1.08946262e+12 +7.47087464e+11  3.42e+11   8.13e+04     6.16e+02   1.813s
  36000 +1.08794495e+12 +7.51519900e+11  3.36e+11   8.07e+04     2.86e+03   1.852s
  37000 +1.08409957e+12 +7.59519270e+11  3.25e+11   7.89e+04     3.34e+03   1.890s
  38000 +1.07682212e+12 +7.66843378e+11  3.10e+11   7.45e+04     3.81e+03   1.929s
  39000 +1.06782202e+12 +7.74675763e+11  2.93e+11   7.13e+04     4.14e+03   1.968s
  40000 +1.05789243e+12 +7.80874778e+11  2.77e+11   6.83e+04     4.42e+03   2.006s
  41000 +1.04715031e+12 +7.86756903e+11  2.60e+11   6.48e+04     4.65e+03   2.045s
  42000 +1.03642235e+12 +7.92209183e+11  2.44e+11   6.23e+04     4.85e+03   2.084s
  43000 +1.02529075e+12 +7.96602195e+11  2.29e+11   5.88e+04     5.02e+03   2.122s
  44000 +1.01532209e+12 +8.00612944e+11  2.15e+11   5.47e+04     5.09e+03   2.161s
  45000 +1.00434881e+12 +8.03175248e+11  2.01e+11   5.31e+04     5.25e+03   2.200s
  46000 +9.93134652e+11 +8.05335300e+11  1.88e+11   4.93e+04     5.32e+03   2.238s
  47000 +9.81300658e+11 +8.07325441e+11  1.74e+11   4.61e+04     5.41e+03   2.277s
  48000 +9.70531245e+11 +8.08300565e+11  1.62e+11   4.25e+04     5.41e+03   2.316s
  49000 +9.60433511e+11 +8.09977982e+11  1.50e+11   3.85e+04     5.38e+03   2.354s
  50000 +9.51412697e+11 +8.10300972e+11  1.41e+11   3.45e+04     5.30e+03   2.393s
  51000 +9.43170715e+11 +8.11275878e+11  1.32e+11   3.31e+04     5.22e+03   2.431s
  52000 +9.35308703e+11 +8.11779308e+11  1.24e+11   2.97e+04     5.12e+03   2.470s
  53000 +9.28248857e+11 +8.12081434e+11  1.16e+11   2.66e+04     5.02e+03   2.509s
  54000 +9.22153982e+11 +8.13309028e+11  1.09e+11   2.47e+04     4.87e+03   2.547s
  55000 +9.16978465e+11 +8.14118931e+11  1.03e+11   2.27e+04     4.76e+03   2.586s
  56000 +9.13055668e+11 +8.12801679e+11  1.00e+11   2.19e+04     5.34e+03   2.625s
  57000 +9.02773296e+11 +8.09218133e+11  9.36e+10   1.88e+04     6.83e+03   2.664s
  58000 +8.89899257e+11 +8.07570663e+11  8.23e+10   1.06e+04     6.78e+03   2.702s
  59000 +8.81637185e+11 +8.07637179e+11  7.40e+10   7.42e+03     6.11e+03   2.741s
  60000 +8.76847719e+11 +8.07863744e+11  6.90e+10   4.79e+03     5.64e+03   2.780s
  61000 +8.73952837e+11 +8.08669776e+11  6.53e+10   3.64e+03     5.34e+03   2.818s
  62000 +8.72042941e+11 +8.09399663e+11  6.26e+10   3.03e+03     5.12e+03   2.857s
  63000 +8.70595744e+11 +8.10206550e+11  6.04e+10   2.33e+03     4.95e+03   2.896s
  64000 +8.69414592e+11 +8.10627035e+11  5.88e+10   2.01e+03     4.85e+03   2.934s
  65000 +8.68397850e+11 +8.11334684e+11  5.71e+10   1.79e+03     4.76e+03   2.973s
  66000 +8.67480176e+11 +8.11634254e+11  5.58e+10   1.55e+03     4.68e+03   3.012s
  67000 +8.66633626e+11 +8.12332574e+11  5.43e+10   1.35e+03     4.59e+03   3.050s
  68000 +8.65889984e+11 +8.12875918e+11  5.30e+10   1.21e+03     4.52e+03   3.089s
  69000 +8.65165075e+11 +8.13440268e+11  5.17e+10   1.04e+03     4.46e+03   3.128s
  70000 +8.64485350e+11 +8.13990154e+11  5.05e+10   9.32e+02     4.39e+03   3.166s
  71000 +8.63840323e+11 +8.14530405e+11  4.93e+10   7.58e+02     4.32e+03   3.205s
  72000 +8.63261370e+11 +8.14944446e+11  4.83e+10   7.01e+02     4.27e+03   3.243s
  73000 +8.62716244e+11 +8.15654789e+11  4.71e+10   6.71e+02     4.20e+03   3.282s
  74000 +8.62227770e+11 +8.16103874e+11  4.61e+10   5.84e+02     4.14e+03   3.321s
  75000 +8.61764179e+11 +8.16479206e+11  4.53e+10   5.80e+02     4.09e+03   3.359s
  76000 +8.61335917e+11 +8.16951959e+11  4.44e+10   5.07e+02     4.04e+03   3.398s
  77000 +8.60901609e+11 +8.17362307e+11  4.35e+10   4.04e+02     3.98e+03   3.437s
  78000 +8.60470797e+11 +8.17886939e+11  4.26e+10   4.35e+02     3.92e+03   3.475s
  79000 +8.60053014e+11 +8.18312727e+11  4.17e+10   3.51e+02     3.88e+03   3.514s
  80000 +8.59653419e+11 +8.18961564e+11  4.07e+10   2.81e+02     3.81e+03   3.553s
  81000 +8.59274047e+11 +8.19419108e+11  3.99e+10   3.94e+02     3.75e+03   3.591s
  82000 +8.58900806e+11 +8.19981470e+11  3.89e+10   3.54e+02     3.68e+03   3.630s
  83000 +8.58564162e+11 +8.20339579e+11  3.82e+10   2.13e+02     3.64e+03   3.669s
  84000 +8.58258900e+11 +8.20828201e+11  3.74e+10   1.74e+02     3.59e+03   3.707s
  85000 +8.57996876e+11 +8.21230908e+11  3.68e+10   2.09e+02     3.55e+03   3.746s
  86000 +8.57744064e+11 +8.21446736e+11  3.63e+10   2.00e+02     3.51e+03   3.785s
  87000 +8.55286626e+11 +8.22698150e+11  3.26e+10   9.23e+02     3.28e+03   3.824s
  88000 +8.49687316e+11 +8.24693887e+11  2.50e+10   2.14e+03     3.05e+03   3.862s
  89000 +8.44637336e+11 +8.26619738e+11  1.80e+10   3.70e+03     2.80e+03   3.901s
  90000 +8.40394469e+11 +8.28613554e+11  1.18e+10   5.25e+03     2.55e+03   3.940s
  91000 +8.36904905e+11 +8.30625410e+11  6.28e+09   6.47e+03     2.28e+03   3.978s
  92000 +8.34045529e+11 +8.32378517e+11  1.67e+09   7.87e+03     2.06e+03   4.017s
  93000 +8.31759154e+11 +8.34237415e+11  2.48e+09   8.82e+03     1.83e+03   4.056s
  94000 +8.30171807e+11 +8.35540682e+11  5.37e+09   8.94e+03     1.65e+03   4.094s
  95000 +8.28955186e+11 +8.36740984e+11  7.79e+09   9.48e+03     1.48e+03   4.133s
  96000 +8.28101691e+11 +8.37654374e+11  9.55e+09   9.33e+03     1.36e+03   4.171s
  97000 +8.27699091e+11 +8.38446678e+11  1.07e+10   1.00e+04     1.25e+03   4.210s
  98000 +8.27352841e+11 +8.39167148e+11  1.18e+10   1.03e+04     1.16e+03   4.249s
  99000 +8.27204402e+11 +8.39802844e+11  1.26e+10   9.60e+03     1.07e+03   4.287s
 100000 +8.27313484e+11 +8.40435129e+11  1.31e+10   9.68e+03     9.92e+02   4.326s
 101000 +8.27432108e+11 +8.40976475e+11  1.35e+10   9.53e+03     9.23e+02   4.365s
 102000 +8.27751923e+11 +8.41349157e+11  1.36e+10   9.09e+03     8.74e+02   4.403s
 103000 +8.28004524e+11 +8.41680285e+11  1.37e+10   9.51e+03     8.28e+02   4.442s
 104000 +8.28355921e+11 +8.42090017e+11  1.37e+10   9.55e+03     7.81e+02   4.481s
 105000 +8.28649382e+11 +8.42437180e+11  1.38e+10   8.87e+03     7.34e+02   4.519s
 106000 +8.28950502e+11 +8.42758384e+11  1.38e+10   8.90e+03     6.96e+02   4.558s
 107000 +8.29403205e+11 +8.43071792e+11  1.37e+10   8.69e+03     6.56e+02   4.597s
 108000 +8.29759142e+11 +8.43327109e+11  1.36e+10   8.82e+03     6.23e+02   4.635s
 109000 +8.30281270e+11 +8.43588963e+11  1.33e+10   8.27e+03     5.89e+02   4.674s
 110000 +8.30871780e+11 +8.43783429e+11  1.29e+10   7.88e+03     5.68e+02   4.713s
 111000 +8.31203165e+11 +8.44892878e+11  1.37e+10   7.68e+03     4.16e+02   4.752s
 112000 +8.30836260e+11 +8.45239004e+11  1.44e+10   7.72e+03     3.60e+02   4.790s
 113000 +8.30384149e+11 +8.45620550e+11  1.52e+10   7.61e+03     3.02e+02   4.829s
 114000 +8.30133167e+11 +8.45931733e+11  1.58e+10   7.57e+03     2.54e+02   4.868s
 115000 +8.30029610e+11 +8.46191945e+11  1.62e+10   7.59e+03     2.16e+02   4.906s
 116000 +8.30019188e+11 +8.46340751e+11  1.63e+10   7.83e+03     1.89e+02   4.945s
 117000 +8.30115942e+11 +8.46496797e+11  1.64e+10   7.67e+03     1.68e+02   4.983s
 118000 +8.30271447e+11 +8.46648435e+11  1.64e+10   7.60e+03     1.44e+02   5.022s
 119000 +8.30474929e+11 +8.46737829e+11  1.63e+10   7.77e+03     1.34e+02   5.061s
 120000 +8.30718927e+11 +8.46840437e+11  1.61e+10   7.66e+03     1.18e+02   5.099s
 121000 +8.31025112e+11 +8.46884841e+11  1.59e+10   7.44e+03     1.13e+02   5.138s
 122000 +8.31349125e+11 +8.46953719e+11  1.56e+10   7.43e+03     1.04e+02   5.177s
 123000 +8.31676438e+11 +8.47038015e+11  1.54e+10   7.34e+03     9.66e+01   5.215s
 124000 +8.32019442e+11 +8.47092802e+11  1.51e+10   7.10e+03     9.15e+01   5.254s
 125000 +8.32419862e+11 +8.47107575e+11  1.47e+10   6.85e+03     8.97e+01   5.293s
 126000 +8.32744346e+11 +8.47144903e+11  1.44e+10   6.59e+03     8.49e+01   5.331s
 127000 +8.33067268e+11 +8.47187978e+11  1.41e+10   6.38e+03     7.92e+01   5.370s
 128000 +8.33256583e+11 +8.47206325e+11  1.39e+10   6.05e+03     7.41e+01   5.409s
 129000 +8.33459231e+11 +8.47238124e+11  1.38e+10   6.14e+03     7.06e+01   5.447s
 130000 +8.33621204e+11 +8.47272237e+11  1.37e+10   6.06e+03     6.68e+01   5.486s
 131000 +8.33807921e+11 +8.47303513e+11  1.35e+10   6.30e+03     6.20e+01   5.525s
 132000 +8.34030806e+11 +8.47323054e+11  1.33e+10   6.25e+03     6.28e+01   5.563s
 133000 +8.34244096e+11 +8.47355454e+11  1.31e+10   5.98e+03     5.97e+01   5.602s
 134000 +8.34461958e+11 +8.47374168e+11  1.29e+10   6.00e+03     5.85e+01   5.640s
 135000 +8.34711147e+11 +8.47405124e+11  1.27e+10   5.92e+03     5.74e+01   5.679s
 136000 +8.34985953e+11 +8.47424147e+11  1.24e+10   5.80e+03     5.71e+01   5.718s
 137000 +8.35265636e+11 +8.47445981e+11  1.22e+10   5.52e+03     5.69e+01   5.756s
 138000 +8.35515137e+11 +8.47460066e+11  1.19e+10   5.42e+03     5.52e+01   5.795s
 139000 +8.35719355e+11 +8.47474972e+11  1.18e+10   5.38e+03     5.37e+01   5.834s
 140000 +8.35917882e+11 +8.47461540e+11  1.15e+10   5.48e+03     5.25e+01   5.872s
 141000 +8.36088913e+11 +8.47479231e+11  1.14e+10   5.28e+03     5.15e+01   5.911s
 142000 +8.36284827e+11 +8.47493987e+11  1.12e+10   5.32e+03     4.97e+01   5.950s
 143000 +8.36464023e+11 +8.47510302e+11  1.10e+10   5.22e+03     4.81e+01   5.988s
 144000 +8.36636833e+11 +8.47514278e+11  1.09e+10   5.01e+03     4.59e+01   6.027s
 145000 +8.36809533e+11 +8.47525376e+11  1.07e+10   4.95e+03     4.57e+01   6.066s
 146000 +8.37009257e+11 +8.47538198e+11  1.05e+10   4.76e+03     4.53e+01   6.104s
 147000 +8.37242794e+11 +8.47572512e+11  1.03e+10   4.57e+03     4.44e+01   6.143s
 148000 +8.37481941e+11 +8.47576538e+11  1.01e+10   4.49e+03     4.52e+01   6.182s
 149000 +8.37702170e+11 +8.47555473e+11  9.85e+09   4.59e+03     4.54e+01   6.220s
 150000 +8.37889891e+11 +8.47578115e+11  9.69e+09   4.48e+03     4.37e+01   6.259s
 151000 +8.38069539e+11 +8.47581634e+11  9.51e+09   4.43e+03     4.22e+01   6.298s
 152000 +8.38243471e+11 +8.47588773e+11  9.35e+09   4.36e+03     4.12e+01   6.336s
 153000 +8.38414564e+11 +8.47588296e+11  9.17e+09   4.29e+03     4.05e+01   6.375s
 154000 +8.38574216e+11 +8.47586330e+11  9.01e+09   4.32e+03     3.95e+01   6.413s
 155000 +8.38751907e+11 +8.47607965e+11  8.86e+09   4.23e+03     3.91e+01   6.452s
 156000 +8.38912107e+11 +8.47623151e+11  8.71e+09   4.11e+03     3.78e+01   6.491s
 157000 +8.39079152e+11 +8.47617986e+11  8.54e+09   3.70e+03     3.65e+01   6.529s
 158000 +8.39216183e+11 +8.47615141e+11  8.40e+09   3.50e+03     3.51e+01   6.568s
 159000 +8.39347467e+11 +8.47618521e+11  8.27e+09   3.59e+03     3.50e+01   6.607s
 160000 +8.39476074e+11 +8.47615244e+11  8.14e+09   3.62e+03     3.51e+01   6.645s
 161000 +8.39602261e+11 +8.47629706e+11  8.03e+09   3.78e+03     3.35e+01   6.684s
 162000 +8.39704167e+11 +8.47634685e+11  7.93e+09   3.62e+03     3.22e+01   6.723s
 163000 +8.39825180e+11 +8.47637989e+11  7.81e+09   3.48e+03     3.25e+01   6.761s
 164000 +8.39951603e+11 +8.47643530e+11  7.69e+09   3.42e+03     3.27e+01   6.800s
 165000 +8.39993791e+11 +8.47795108e+11  7.80e+09   3.43e+03     1.04e+02   6.839s
 166000 +8.40103476e+11 +8.47914664e+11  7.81e+09   3.46e+03     1.23e+02   6.878s
 167000 +8.40316196e+11 +8.48039079e+11  7.72e+09   3.49e+03     1.57e+02   6.916s
 168000 +8.40674828e+11 +8.48175763e+11  7.50e+09   3.43e+03     1.93e+02   6.955s
 169000 +8.41126890e+11 +8.48269467e+11  7.14e+09   3.23e+03     2.14e+02   6.994s
 170000 +8.41639486e+11 +8.48379628e+11  6.74e+09   2.97e+03     2.38e+02   7.032s
 171000 +8.42260290e+11 +8.48441987e+11  6.18e+09   2.64e+03     2.55e+02   7.071s
 172000 +8.42906820e+11 +8.48463028e+11  5.56e+09   2.35e+03     2.65e+02   7.109s
 173000 +8.43463647e+11 +8.48511679e+11  5.05e+09   2.07e+03     2.56e+02   7.148s
 174000 +8.43936592e+11 +8.48486503e+11  4.55e+09   1.67e+03     2.42e+02   7.187s
 175000 +8.44317319e+11 +8.48467211e+11  4.15e+09   1.51e+03     2.25e+02   7.225s
 176000 +8.44619118e+11 +8.48456190e+11  3.84e+09   1.52e+03     2.13e+02   7.264s
 177000 +8.44910560e+11 +8.48427403e+11  3.52e+09   1.46e+03     2.05e+02   7.303s
 178000 +8.45182501e+11 +8.48452921e+11  3.27e+09   1.24e+03     2.00e+02   7.341s
 179000 +8.45437382e+11 +8.48415733e+11  2.98e+09   1.05e+03     1.90e+02   7.380s
 180000 +8.45687587e+11 +8.48388586e+11  2.70e+09   1.01e+03     1.84e+02   7.419s
 181000 +8.45914052e+11 +8.48390197e+11  2.48e+09   8.55e+02     1.79e+02   7.457s
 182000 +8.46108378e+11 +8.48358751e+11  2.25e+09   7.46e+02     1.69e+02   7.496s
 183000 +8.46259148e+11 +8.48322727e+11  2.06e+09   7.36e+02     1.59e+02   7.535s
 184000 +8.46391102e+11 +8.48281495e+11  1.89e+09   6.68e+02     1.50e+02   7.573s
 185000 +8.46504698e+11 +8.48291278e+11  1.79e+09   5.52e+02     1.44e+02   7.612s
 186000 +8.46603928e+11 +8.48195897e+11  1.59e+09   5.08e+02     1.27e+02   7.651s
 187000 +8.46716397e+11 +8.48198868e+11  1.48e+09   4.48e+02     1.27e+02   7.690s
 188000 +8.46843263e+11 +8.48209586e+11  1.37e+09   3.77e+02     1.30e+02   7.728s
 189000 +8.46973297e+11 +8.48216279e+11  1.24e+09   3.21e+02     1.32e+02   7.767s
 190000 +8.47098255e+11 +8.48217073e+11  1.12e+09   2.53e+02     1.30e+02   7.805s
 191000 +8.47208658e+11 +8.48196986e+11  9.88e+08   2.04e+02     1.26e+02   7.844s
 192000 +8.47313059e+11 +8.48190108e+11  8.77e+08   1.74e+02     1.25e+02   7.883s
 193000 +8.47410905e+11 +8.48190031e+11  7.79e+08   1.48e+02     1.22e+02   7.921s
 194000 +8.47499528e+11 +8.48174137e+11  6.75e+08   1.25e+02     1.17e+02   7.960s
 195000 +8.47575157e+11 +8.48168980e+11  5.94e+08   1.18e+02     1.15e+02   7.999s
 196000 +8.47650569e+11 +8.48156299e+11  5.06e+08   6.31e+01     1.12e+02   8.037s
 197000 +8.47714957e+11 +8.48141002e+11  4.26e+08   5.37e+01     1.07e+02   8.076s
 198000 +8.47772939e+11 +8.48131150e+11  3.58e+08   4.84e+01     1.04e+02   8.115s
 199000 +8.47825682e+11 +8.48112922e+11  2.87e+08   6.39e+01     1.01e+02   8.153s
 200000 +8.47924867e+11 +8.48074699e+11  1.50e+08   1.04e+02     8.94e+01   8.192s
LP Solver status:                Optimal
Primal objective:                +8.47924867e+11
Dual objective:                  +8.48074699e+11
Duality gap (abs/rel):           +1.50e+08 / +8.83e-05
Primal infeasibility (abs/rel):  +1.04e+02 / +8.11e-06
Dual infeasibility (abs/rel):    +8.94e+01 / +4.99e-05
PDLP finished
Status: Optimal   Objective: 8.47924867e+11  Iterations: 200000  Time: 8.194s

### exit_code=0
### finished=2026-07-31T15:37:45.316189
### gpu_peak_mb=1818.4
### gpu_peak2_mb=0.0
### per_gpu_peak_mb=[1818.375]
