### solver=cuopt-base
### instance=/home/scratch.vmostovoi_gpu/datasets/open_energy_benchmark/IESA-Opt-NL-10-1h.mps
### n_gpus=1
### CUDA_VISIBLE_DEVICES=0
### started=2026-07-29T15:49:23.080689
### argv=/home/scratch.vmostovoi_gpu/mostovoi_cuopt/cpp/build/cuopt_cli --method 1 --mps-reader experimental-fast --time-limit 3600 --iteration-limit 1000000000 --relative-primal-tolerance 1e-4 --relative-dual-tolerance 1e-4 --relative-gap-tolerance 1e-4 --log-to-console true /home/scratch.vmostovoi_gpu/datasets/open_energy_benchmark/IESA-Opt-NL-10-1h.mps
### --- solver output ---
Setting parameter iteration_limit to 1000000000
Setting parameter log_to_console to true
Setting parameter method to 1
Setting parameter relative_dual_tolerance to 1.000000e-04
Setting parameter relative_gap_tolerance to 1.000000e-04
Setting parameter relative_primal_tolerance to 1.000000e-04
Setting parameter time_limit to 3.600000e+03
Reading file IESA-Opt-NL-10-1h.mps
Using experimental fast MPS parser for '/home/scratch.vmostovoi_gpu/datasets/open_energy_benchmark/IESA-Opt-NL-10-1h.mps'
Read file IESA-Opt-NL-10-1h.mps in 5.90 seconds
cuOpt version: 26.8.0, git hash: 7116ead1, host arch: x86_64, device archs: 100a-real
CPU: INTEL(R) XEON(R) PLATINUM 8570, threads (physical/logical): 112/224, RAM: 1230.15 GiB
CUDA 13.3, device: NVIDIA B200 (ID 0), VRAM: 178.34 GiB
CUDA device UUID: 37a5aeb2-9218-854e-b8b3-0f0bc19ddd91
Solving a problem with 15230366 constraints, 9661524 variables (0 integers), and 76484517 nonzeros
Problem scaling:
Objective coefficents range:          [5e-05, 2e+03]
Constraint matrix coefficients range: [1e-09, 1e+02]
Constraint rhs / bounds range:        [2e-18, 6e+03]
Variable bounds range:                [0e+00, 0e+00]
Warning: input problem contains a large range of coefficients: consider reformulating to avoid numerical difficulties.

Using PSLP presolver
Maximum time limit of 60.00 seconds reached.
PSLP Presolved problem: 8361466 constraints, 4793261 variables, 51266478 non-zeros
PSLP presolve time: 496.41s
Objective offset -3732.241071 scaling_factor 1.000000
   Iter    Primal Obj.      Dual Obj.    Gap        Primal Res.  Dual Res.   Time
      0 -3.73224107e+03 -3.73224107e+03  0.00e+00   7.63e+03     1.80e+04   496.926s
   1000 +3.14982745e+04 +3.59911814e+04  4.49e+03   5.80e+02     1.76e+01   497.640s
   2000 +3.39058720e+04 +5.71448172e+04  2.32e+04   5.84e+02     2.44e+01   498.243s
   3000 +3.78400222e+04 +8.89445158e+04  5.11e+04   3.88e+02     4.97e+01   498.849s
   4000 +4.10123322e+04 +1.01984394e+05  6.10e+04   2.11e+02     5.81e+01   499.454s
   5000 +4.32807852e+04 +1.03102252e+05  5.98e+04   1.15e+02     5.65e+01   500.058s
   6000 +4.43177815e+04 +9.38384654e+04  4.95e+04   9.67e+01     3.47e+01   500.662s
   7000 +4.53444843e+04 +8.87107421e+04  4.34e+04   9.51e+01     3.15e+01   501.266s
   8000 +4.57159214e+04 +8.45783329e+04  3.89e+04   7.84e+01     3.26e+01   501.870s
   9000 +4.58414660e+04 +8.21477691e+04  3.63e+04   7.33e+01     2.15e+01   502.475s
  10000 +4.62226471e+04 +7.86164064e+04  3.24e+04   7.08e+01     1.94e+01   503.079s
  11000 +4.63353054e+04 +7.41445597e+04  2.78e+04   7.03e+01     2.21e+01   503.676s
  12000 +4.63353693e+04 +7.09968547e+04  2.47e+04   6.90e+01     2.43e+01   504.274s
  13000 +4.63085985e+04 +6.87976780e+04  2.25e+04   6.69e+01     2.01e+01   504.873s
  14000 +4.66549847e+04 +6.59946463e+04  1.93e+04   4.97e+01     1.76e+01   505.473s
  15000 +4.67885713e+04 +6.37912900e+04  1.70e+04   4.76e+01     1.74e+01   506.071s
  16000 +4.69917256e+04 +6.15090327e+04  1.45e+04   3.94e+01     1.61e+01   506.669s
  17000 +4.71334039e+04 +5.91045607e+04  1.20e+04   3.06e+01     1.42e+01   507.268s
  18000 +4.73335742e+04 +5.71444121e+04  9.81e+03   2.38e+01     1.25e+01   507.867s
  19000 +4.74591943e+04 +5.56348997e+04  8.18e+03   2.03e+01     1.12e+01   508.467s
  20000 +4.75592677e+04 +5.40050104e+04  6.45e+03   1.85e+01     9.52e+00   509.066s
  21000 +4.76130040e+04 +5.27982935e+04  5.19e+03   1.72e+01     9.14e+00   509.666s
  22000 +4.75680656e+04 +5.20288761e+04  4.46e+03   1.56e+01     8.14e+00   510.267s
  23000 +4.77438061e+04 +5.13666180e+04  3.62e+03   5.57e+00     8.63e+00   510.867s
  24000 +4.78667041e+04 +5.05420124e+04  2.68e+03   2.43e+00     6.38e+00   511.466s
  25000 +4.78548650e+04 +5.00116916e+04  2.16e+03   2.58e+00     5.79e+00   512.065s
  26000 +4.78844117e+04 +4.97246767e+04  1.84e+03   2.37e+00     5.06e+00   512.664s
  27000 +4.78882296e+04 +4.94830406e+04  1.59e+03   2.74e+00     4.71e+00   513.263s
  28000 +4.78888068e+04 +4.92970089e+04  1.41e+03   2.84e+00     4.52e+00   513.863s
  29000 +4.78975841e+04 +4.92469715e+04  1.35e+03   2.88e+00     4.25e+00   514.463s
  30000 +4.79243338e+04 +4.92961231e+04  1.37e+03   2.71e+00     3.72e+00   515.063s
  31000 +4.79519402e+04 +4.93338785e+04  1.38e+03   2.56e+00     3.43e+00   515.663s
  32000 +4.79755003e+04 +4.93501280e+04  1.37e+03   2.55e+00     3.33e+00   516.264s
  33000 +4.80016821e+04 +4.93836517e+04  1.38e+03   2.52e+00     3.21e+00   516.864s
  34000 +4.80169952e+04 +4.94139017e+04  1.40e+03   2.57e+00     3.12e+00   517.465s
  35000 +4.80483417e+04 +4.94295032e+04  1.38e+03   2.32e+00     3.05e+00   518.066s
  36000 +4.80794710e+04 +4.93695559e+04  1.29e+03   2.21e+00     3.00e+00   518.667s
  37000 +4.80993363e+04 +4.93135569e+04  1.21e+03   2.23e+00     3.08e+00   519.266s
  38000 +4.81160812e+04 +4.93457756e+04  1.23e+03   2.32e+00     3.04e+00   519.865s
  39000 +4.81332397e+04 +4.93484022e+04  1.22e+03   2.26e+00     3.00e+00   520.464s
  40000 +4.81575959e+04 +4.93430268e+04  1.19e+03   2.13e+00     2.84e+00   521.064s
  41000 +4.81829024e+04 +4.93379500e+04  1.16e+03   2.03e+00     2.74e+00   521.663s
  42000 +4.82136922e+04 +4.93223134e+04  1.11e+03   1.91e+00     2.62e+00   522.263s
  43000 +4.82486519e+04 +4.92973027e+04  1.05e+03   1.74e+00     2.42e+00   522.863s
  44000 +4.82729373e+04 +4.93021232e+04  1.03e+03   1.61e+00     2.29e+00   523.463s
  45000 +4.82962221e+04 +4.93280867e+04  1.03e+03   1.51e+00     2.24e+00   524.063s
  46000 +4.83209121e+04 +4.93269483e+04  1.01e+03   1.51e+00     2.11e+00   524.664s
  47000 +4.83504443e+04 +4.92856885e+04  9.35e+02   1.34e+00     1.98e+00   525.264s
  48000 +4.83732385e+04 +4.92123433e+04  8.39e+02   1.21e+00     2.03e+00   525.864s
  49000 +4.83957177e+04 +4.91467703e+04  7.51e+02   1.12e+00     1.90e+00   526.465s
  50000 +4.84118275e+04 +4.90942716e+04  6.82e+02   1.09e+00     1.80e+00   527.065s
  51000 +4.84243317e+04 +4.91056828e+04  6.81e+02   1.12e+00     1.69e+00   527.666s
  52000 +4.84426604e+04 +4.91138621e+04  6.71e+02   9.74e-01     1.60e+00   528.268s
  53000 +4.84550825e+04 +4.91011283e+04  6.46e+02   9.16e-01     1.46e+00   528.868s
  54000 +4.84679814e+04 +4.90765642e+04  6.09e+02   8.44e-01     1.39e+00   529.468s
  55000 +4.84861672e+04 +4.90778783e+04  5.92e+02   7.44e-01     1.31e+00   530.069s
  56000 +4.85016676e+04 +4.90820130e+04  5.80e+02   7.62e-01     1.34e+00   530.670s
  57000 +4.85236495e+04 +4.90809353e+04  5.57e+02   6.88e-01     1.44e+00   531.269s
  58000 +4.85357563e+04 +4.90858890e+04  5.50e+02   6.56e-01     1.49e+00   531.869s
  59000 +4.85516308e+04 +4.90911865e+04  5.40e+02   6.15e-01     1.51e+00   532.469s
  60000 +4.85694621e+04 +4.90878731e+04  5.18e+02   5.32e-01     1.52e+00   533.069s
  61000 +4.85865749e+04 +4.90767909e+04  4.90e+02   4.79e-01     1.51e+00   533.669s
  62000 +4.86037668e+04 +4.90616692e+04  4.58e+02   4.14e-01     1.48e+00   534.269s
  63000 +4.86175664e+04 +4.90453537e+04  4.28e+02   3.69e-01     1.43e+00   534.869s
  64000 +4.86298213e+04 +4.90347343e+04  4.05e+02   3.42e-01     1.35e+00   535.469s
  65000 +4.86414485e+04 +4.90214346e+04  3.80e+02   3.59e-01     1.31e+00   536.069s
  66000 +4.86486764e+04 +4.90014195e+04  3.53e+02   2.80e-01     1.27e+00   536.670s
  67000 +4.86555040e+04 +4.89869046e+04  3.31e+02   2.71e-01     1.28e+00   537.270s
  68000 +4.86669782e+04 +4.89866483e+04  3.20e+02   2.52e-01     1.29e+00   537.870s
  69000 +4.86722471e+04 +4.89877521e+04  3.16e+02   2.21e-01     1.22e+00   538.470s
  70000 +4.86772759e+04 +4.89844112e+04  3.07e+02   2.18e-01     1.16e+00   539.070s
  71000 +4.86837682e+04 +4.89799777e+04  2.96e+02   2.03e-01     1.11e+00   539.670s
  72000 +4.86875473e+04 +4.89759342e+04  2.88e+02   1.90e-01     1.07e+00   540.270s
  73000 +4.86913004e+04 +4.89779792e+04  2.87e+02   1.86e-01     1.02e+00   540.870s
  74000 +4.86920743e+04 +4.89821328e+04  2.90e+02   1.92e-01     9.96e-01   541.471s
  75000 +4.86941100e+04 +4.89803490e+04  2.86e+02   1.83e-01     9.51e-01   542.071s
  76000 +4.86986557e+04 +4.89800943e+04  2.81e+02   1.80e-01     9.13e-01   542.672s
  77000 +4.86994169e+04 +4.89786303e+04  2.79e+02   1.79e-01     8.96e-01   543.272s
  78000 +4.86996314e+04 +4.89775334e+04  2.78e+02   1.76e-01     8.85e-01   543.873s
  79000 +4.87002858e+04 +4.89750543e+04  2.75e+02   1.77e-01     8.50e-01   544.473s
  80000 +4.86994430e+04 +4.89734502e+04  2.74e+02   1.73e-01     8.17e-01   545.074s
  81000 +4.87019768e+04 +4.89726685e+04  2.71e+02   1.75e-01     8.01e-01   545.674s
  82000 +4.87003594e+04 +4.89732610e+04  2.73e+02   1.67e-01     8.06e-01   546.274s
  83000 +4.87018402e+04 +4.89693318e+04  2.67e+02   1.66e-01     7.88e-01   546.875s
  84000 +4.87008940e+04 +4.89685311e+04  2.68e+02   1.65e-01     7.70e-01   547.475s
  85000 +4.87014392e+04 +4.89664747e+04  2.65e+02   1.65e-01     7.43e-01   548.076s
  86000 +4.87016928e+04 +4.89637505e+04  2.62e+02   1.65e-01     7.34e-01   548.676s
  87000 +4.87009083e+04 +4.89606257e+04  2.60e+02   1.63e-01     7.22e-01   549.277s
  88000 +4.87003920e+04 +4.89596175e+04  2.59e+02   1.63e-01     7.02e-01   549.878s
  89000 +4.86998974e+04 +4.89580091e+04  2.58e+02   1.62e-01     6.85e-01   550.479s
  90000 +4.86994760e+04 +4.89484722e+04  2.49e+02   1.60e-01     6.68e-01   551.080s
  91000 +4.87011400e+04 +4.89416439e+04  2.41e+02   1.60e-01     6.52e-01   551.681s
  92000 +4.87022094e+04 +4.89383205e+04  2.36e+02   1.56e-01     6.46e-01   552.281s
  93000 +4.87029601e+04 +4.89364217e+04  2.33e+02   1.53e-01     6.39e-01   552.881s
  94000 +4.87040810e+04 +4.89349102e+04  2.31e+02   1.50e-01     6.32e-01   553.482s
  95000 +4.87046540e+04 +4.89336268e+04  2.29e+02   1.48e-01     6.24e-01   554.083s
  96000 +4.87057541e+04 +4.89322336e+04  2.26e+02   1.46e-01     6.15e-01   554.684s
  97000 +4.87072063e+04 +4.89311044e+04  2.24e+02   1.44e-01     6.01e-01   555.285s
  98000 +4.87056247e+04 +4.89209235e+04  2.15e+02   1.44e-01     5.88e-01   555.885s
  99000 +4.87066215e+04 +4.89202298e+04  2.14e+02   1.43e-01     5.74e-01   556.486s
 100000 +4.87051667e+04 +4.89205282e+04  2.15e+02   1.43e-01     5.62e-01   557.087s
 101000 +4.87042256e+04 +4.89239350e+04  2.20e+02   1.45e-01     5.56e-01   557.688s
 102000 +4.87039284e+04 +4.89275249e+04  2.24e+02   1.42e-01     5.48e-01   558.289s
 103000 +4.87022041e+04 +4.89289172e+04  2.27e+02   1.39e-01     5.46e-01   558.890s
 104000 +4.87018252e+04 +4.89279070e+04  2.26e+02   1.37e-01     5.47e-01   559.491s
 105000 +4.87000332e+04 +4.89243857e+04  2.24e+02   1.37e-01     5.44e-01   560.091s
 106000 +4.86997653e+04 +4.89187890e+04  2.19e+02   1.38e-01     5.33e-01   560.693s
 107000 +4.86987604e+04 +4.89179837e+04  2.19e+02   1.35e-01     5.17e-01   561.295s
 108000 +4.86983113e+04 +4.89172135e+04  2.19e+02   1.34e-01     5.15e-01   561.896s
 109000 +4.86978310e+04 +4.89197540e+04  2.22e+02   1.33e-01     5.09e-01   562.496s
 110000 +4.86967443e+04 +4.89211077e+04  2.24e+02   1.33e-01     5.04e-01   563.096s
 111000 +4.86964060e+04 +4.89216000e+04  2.25e+02   1.31e-01     5.00e-01   563.699s
 112000 +4.86951271e+04 +4.89192423e+04  2.24e+02   1.30e-01     4.96e-01   564.299s
 113000 +4.86949981e+04 +4.89170090e+04  2.22e+02   1.32e-01     4.90e-01   564.900s
 114000 +4.86942516e+04 +4.89169478e+04  2.23e+02   1.30e-01     4.85e-01   565.501s
 115000 +4.86936277e+04 +4.89167875e+04  2.23e+02   1.30e-01     4.81e-01   566.102s
 116000 +4.86931073e+04 +4.89166544e+04  2.24e+02   1.29e-01     4.76e-01   566.703s
 117000 +4.86924065e+04 +4.89104245e+04  2.18e+02   1.28e-01     4.67e-01   567.304s
 118000 +4.86924637e+04 +4.88972616e+04  2.05e+02   1.26e-01     4.57e-01   567.906s
 119000 +4.86915786e+04 +4.88900781e+04  1.98e+02   1.27e-01     4.53e-01   568.507s
 120000 +4.86911738e+04 +4.88878408e+04  1.97e+02   1.29e-01     4.49e-01   569.109s
 121000 +4.86905292e+04 +4.88901543e+04  2.00e+02   1.30e-01     4.42e-01   569.710s
 122000 +4.86904032e+04 +4.88952874e+04  2.05e+02   1.27e-01     4.38e-01   570.311s
 123000 +4.86903999e+04 +4.88999151e+04  2.10e+02   1.25e-01     4.36e-01   570.912s
 124000 +4.86899366e+04 +4.88988014e+04  2.09e+02   1.27e-01     4.33e-01   571.513s
 125000 +4.86911178e+04 +4.88897129e+04  1.99e+02   1.24e-01     4.38e-01   572.114s
 126000 +4.86940190e+04 +4.88877292e+04  1.94e+02   1.25e-01     4.22e-01   572.715s
 127000 +4.86914040e+04 +4.88789523e+04  1.88e+02   1.27e-01     4.34e-01   573.316s
 128000 +4.86896866e+04 +4.88821875e+04  1.93e+02   1.22e-01     4.28e-01   573.917s
 129000 +4.86926113e+04 +4.88851278e+04  1.93e+02   1.22e-01     4.19e-01   574.518s
 130000 +4.86919596e+04 +4.88869747e+04  1.95e+02   1.24e-01     4.16e-01   575.119s
 131000 +4.86902236e+04 +4.88687067e+04  1.78e+02   1.27e-01     3.85e-01   575.719s
 132000 +4.86910203e+04 +4.88694293e+04  1.78e+02   1.27e-01     3.86e-01   576.320s
 133000 +4.86918606e+04 +4.88699833e+04  1.78e+02   1.21e-01     3.81e-01   576.920s
 134000 +4.86907149e+04 +4.88702236e+04  1.80e+02   1.20e-01     3.80e-01   577.520s
 135000 +4.86898727e+04 +4.88714119e+04  1.82e+02   1.21e-01     3.78e-01   578.120s
 136000 +4.86895720e+04 +4.88634112e+04  1.74e+02   1.20e-01     3.68e-01   578.719s
 137000 +4.86889490e+04 +4.88693230e+04  1.80e+02   1.20e-01     3.67e-01   579.319s
 138000 +4.86879794e+04 +4.88661576e+04  1.78e+02   1.19e-01     3.65e-01   579.920s
 139000 +4.86873603e+04 +4.88672448e+04  1.80e+02   1.18e-01     3.61e-01   580.520s
 140000 +4.86866432e+04 +4.88679420e+04  1.81e+02   1.17e-01     3.59e-01   581.120s
 141000 +4.86858720e+04 +4.88675242e+04  1.82e+02   1.17e-01     3.58e-01   581.721s
 142000 +4.86851300e+04 +4.88678306e+04  1.83e+02   1.16e-01     3.55e-01   582.322s
 143000 +4.86844516e+04 +4.88675542e+04  1.83e+02   1.16e-01     3.52e-01   582.923s
 144000 +4.86835329e+04 +4.88682372e+04  1.85e+02   1.17e-01     3.51e-01   583.523s
 145000 +4.86826429e+04 +4.88686386e+04  1.86e+02   1.17e-01     3.49e-01   584.124s
 146000 +4.86819616e+04 +4.88689544e+04  1.87e+02   1.16e-01     3.47e-01   584.726s
 147000 +4.86813098e+04 +4.88692413e+04  1.88e+02   1.16e-01     3.46e-01   585.327s
 148000 +4.86804518e+04 +4.88693342e+04  1.89e+02   1.15e-01     3.45e-01   585.928s
 149000 +4.86797996e+04 +4.88697243e+04  1.90e+02   1.15e-01     3.42e-01   586.529s
 150000 +4.86790571e+04 +4.88697436e+04  1.91e+02   1.15e-01     3.41e-01   587.130s
 151000 +4.86783914e+04 +4.88697416e+04  1.91e+02   1.15e-01     3.40e-01   587.730s
 152000 +4.86776038e+04 +4.88696328e+04  1.92e+02   1.15e-01     3.37e-01   588.332s
 153000 +4.86772235e+04 +4.88690410e+04  1.92e+02   1.14e-01     3.31e-01   588.932s
 154000 +4.86761582e+04 +4.88681509e+04  1.92e+02   1.14e-01     3.29e-01   589.533s
 155000 +4.86755800e+04 +4.88699797e+04  1.94e+02   1.14e-01     3.27e-01   590.134s
 156000 +4.86749890e+04 +4.88679525e+04  1.93e+02   1.12e-01     3.24e-01   590.735s
 157000 +4.86742045e+04 +4.88660168e+04  1.92e+02   1.12e-01     3.21e-01   591.337s
 158000 +4.86733657e+04 +4.88691414e+04  1.96e+02   1.12e-01     3.20e-01   591.937s
 159000 +4.86724035e+04 +4.88669082e+04  1.95e+02   1.13e-01     3.19e-01   592.538s
 160000 +4.86718515e+04 +4.88664012e+04  1.95e+02   1.12e-01     3.18e-01   593.139s
 161000 +4.86707794e+04 +4.88690796e+04  1.98e+02   1.12e-01     3.17e-01   593.739s
 162000 +4.86696030e+04 +4.88676731e+04  1.98e+02   1.12e-01     3.14e-01   594.340s
 163000 +4.86689162e+04 +4.88673559e+04  1.98e+02   1.11e-01     3.14e-01   594.941s
 164000 +4.86679533e+04 +4.88695115e+04  2.02e+02   1.11e-01     3.15e-01   595.542s
 165000 +4.86671903e+04 +4.88680630e+04  2.01e+02   1.11e-01     3.12e-01   596.144s
 166000 +4.86664711e+04 +4.88681819e+04  2.02e+02   1.11e-01     3.08e-01   596.745s
 167000 +4.86652892e+04 +4.88691517e+04  2.04e+02   1.11e-01     3.06e-01   597.347s
 168000 +4.86646158e+04 +4.88684493e+04  2.04e+02   1.13e-01     3.04e-01   597.948s
 169000 +4.86634863e+04 +4.88698004e+04  2.06e+02   1.12e-01     3.03e-01   598.550s
 170000 +4.86625487e+04 +4.88699645e+04  2.07e+02   1.10e-01     3.02e-01   599.151s
 171000 +4.86617456e+04 +4.88682733e+04  2.07e+02   1.09e-01     2.99e-01   599.753s
 172000 +4.86601518e+04 +4.88670266e+04  2.07e+02   1.10e-01     2.98e-01   600.354s
 173000 +4.86592205e+04 +4.88619614e+04  2.03e+02   1.09e-01     2.92e-01   600.955s
 174000 +4.86574741e+04 +4.88651896e+04  2.08e+02   1.10e-01     2.92e-01   601.556s
 175000 +4.86560692e+04 +4.88640047e+04  2.08e+02   1.10e-01     2.94e-01   602.157s
 176000 +4.86546188e+04 +4.88596865e+04  2.05e+02   1.12e-01     2.88e-01   602.758s
 177000 +4.86529681e+04 +4.88565475e+04  2.04e+02   1.14e-01     2.81e-01   603.360s
 178000 +4.86519407e+04 +4.88491305e+04  1.97e+02   1.13e-01     2.80e-01   603.961s
 179000 +4.86505799e+04 +4.88523273e+04  2.02e+02   1.11e-01     2.74e-01   604.562s
 180000 +4.86497901e+04 +4.88318481e+04  1.82e+02   1.12e-01     2.70e-01   605.164s
 181000 +4.86489677e+04 +4.88458200e+04  1.97e+02   1.12e-01     2.72e-01   605.766s
 182000 +4.86474756e+04 +4.88331447e+04  1.86e+02   1.08e-01     2.70e-01   606.368s
 183000 +4.86464449e+04 +4.88341308e+04  1.88e+02   1.10e-01     2.69e-01   606.970s
 184000 +4.86450696e+04 +4.88433205e+04  1.98e+02   1.14e-01     2.71e-01   607.571s
 185000 +4.86442714e+04 +4.88263836e+04  1.82e+02   1.15e-01     2.68e-01   608.173s
 186000 +4.86434846e+04 +4.88442480e+04  2.01e+02   1.12e-01     2.69e-01   608.775s
 187000 +4.86427833e+04 +4.88359331e+04  1.93e+02   1.11e-01     2.68e-01   609.376s
 188000 +4.86422009e+04 +4.88308150e+04  1.89e+02   1.12e-01     2.65e-01   609.978s
 189000 +4.86417187e+04 +4.88459026e+04  2.04e+02   1.11e-01     2.68e-01   610.579s
 190000 +4.86415944e+04 +4.88301016e+04  1.89e+02   1.09e-01     2.65e-01   611.180s
 191000 +4.86409879e+04 +4.88364356e+04  1.95e+02   1.08e-01     2.63e-01   611.782s
 192000 +4.86404499e+04 +4.88324628e+04  1.92e+02   1.09e-01     2.67e-01   612.383s
 193000 +4.86403115e+04 +4.88316313e+04  1.91e+02   1.07e-01     2.64e-01   612.986s
 194000 +4.86395899e+04 +4.88077156e+04  1.68e+02   1.10e-01     2.37e-01   613.588s
 195000 +4.86384155e+04 +4.88081543e+04  1.70e+02   1.09e-01     2.37e-01   614.189s
 196000 +4.86369893e+04 +4.88085857e+04  1.72e+02   1.08e-01     2.36e-01   614.790s
 197000 +4.86352915e+04 +4.88091229e+04  1.74e+02   1.09e-01     2.35e-01   615.390s
 198000 +4.86337074e+04 +4.88099702e+04  1.76e+02   1.09e-01     2.34e-01   615.991s
 199000 +4.86321431e+04 +4.88106247e+04  1.78e+02   1.07e-01     2.33e-01   616.592s
 200000 +4.86304016e+04 +4.88109899e+04  1.81e+02   1.06e-01     2.31e-01   617.193s
 201000 +4.86286309e+04 +4.88110356e+04  1.82e+02   1.06e-01     2.30e-01   617.794s
 202000 +4.86266435e+04 +4.88108625e+04  1.84e+02   1.06e-01     2.29e-01   618.395s
 203000 +4.86246557e+04 +4.88106308e+04  1.86e+02   1.07e-01     2.27e-01   618.996s
 204000 +4.86228945e+04 +4.88104405e+04  1.88e+02   1.08e-01     2.26e-01   619.597s
 205000 +4.86208017e+04 +4.88054717e+04  1.85e+02   1.09e-01     2.23e-01   620.198s
 206000 +4.86188164e+04 +4.88028821e+04  1.84e+02   1.11e-01     2.21e-01   620.798s
 207000 +4.86169664e+04 +4.88053020e+04  1.88e+02   1.11e-01     2.20e-01   621.399s
 208000 +4.86154811e+04 +4.88031885e+04  1.88e+02   1.10e-01     2.20e-01   622.000s
 209000 +4.86138888e+04 +4.88010612e+04  1.87e+02   1.08e-01     2.19e-01   622.601s
 210000 +4.86121238e+04 +4.88038067e+04  1.92e+02   1.08e-01     2.19e-01   623.204s
 211000 +4.86099974e+04 +4.88014350e+04  1.91e+02   1.10e-01     2.18e-01   623.805s
 212000 +4.86083958e+04 +4.88000025e+04  1.92e+02   1.09e-01     2.17e-01   624.406s
 213000 +4.86063325e+04 +4.88027849e+04  1.96e+02   1.15e-01     2.17e-01   625.008s
 214000 +4.86042151e+04 +4.88020364e+04  1.98e+02   1.35e-01     2.17e-01   625.609s
 215000 +4.86021503e+04 +4.87997957e+04  1.98e+02   1.68e-01     2.13e-01   626.210s
 216000 +4.86011927e+04 +4.88021266e+04  2.01e+02   1.83e-01     2.12e-01   626.811s
 217000 +4.86008980e+04 +4.88006639e+04  2.00e+02   1.74e-01     2.13e-01   627.412s
 218000 +4.86006526e+04 +4.87998279e+04  1.99e+02   1.62e-01     2.12e-01   628.014s
 219000 +4.86001208e+04 +4.87993679e+04  1.99e+02   1.66e-01     2.14e-01   628.615s
 220000 +4.85996406e+04 +4.87991831e+04  2.00e+02   1.71e-01     2.13e-01   629.216s
 221000 +4.85998756e+04 +4.87838099e+04  1.84e+02   1.60e-01     2.03e-01   629.818s
 222000 +4.86001203e+04 +4.87791605e+04  1.79e+02   1.49e-01     2.03e-01   630.418s
 223000 +4.86007963e+04 +4.87722286e+04  1.71e+02   1.34e-01     2.03e-01   631.019s
 224000 +4.86015100e+04 +4.87841943e+04  1.83e+02   1.27e-01     2.04e-01   631.620s
 225000 +4.86023741e+04 +4.87683195e+04  1.66e+02   1.24e-01     2.04e-01   632.222s
 226000 +4.86033818e+04 +4.87815231e+04  1.78e+02   1.23e-01     2.02e-01   632.824s
 227000 +4.86043781e+04 +4.87748524e+04  1.70e+02   1.22e-01     2.00e-01   633.426s
 228000 +4.86050807e+04 +4.87692409e+04  1.64e+02   1.21e-01     1.94e-01   634.027s
 229000 +4.86055907e+04 +4.87783890e+04  1.73e+02   1.24e-01     1.95e-01   634.629s
 230000 +4.86055709e+04 +4.87693162e+04  1.64e+02   1.21e-01     1.94e-01   635.231s
 231000 +4.86052430e+04 +4.87716705e+04  1.66e+02   1.23e-01     1.94e-01   635.833s
 232000 +4.86045344e+04 +4.87731434e+04  1.69e+02   1.22e-01     1.93e-01   636.434s
 233000 +4.86037481e+04 +4.87708582e+04  1.67e+02   1.22e-01     1.92e-01   637.036s
 234000 +4.86025200e+04 +4.87702144e+04  1.68e+02   1.22e-01     1.92e-01   637.637s
 235000 +4.86008124e+04 +4.87694008e+04  1.69e+02   1.23e-01     1.92e-01   638.239s
 236000 +4.85987330e+04 +4.87641918e+04  1.65e+02   1.25e-01     1.88e-01   638.839s
 237000 +4.85962233e+04 +4.87658501e+04  1.70e+02   1.26e-01     1.88e-01   639.441s
 238000 +4.85939994e+04 +4.87661583e+04  1.72e+02   1.27e-01     1.87e-01   640.043s
 239000 +4.85920760e+04 +4.87622685e+04  1.70e+02   1.27e-01     1.86e-01   640.646s
 240000 +4.85905759e+04 +4.87616925e+04  1.71e+02   1.25e-01     1.85e-01   641.248s
 241000 +4.85892214e+04 +4.87594236e+04  1.70e+02   1.25e-01     1.83e-01   641.850s
 242000 +4.85881371e+04 +4.87621235e+04  1.74e+02   1.22e-01     1.84e-01   642.452s
 243000 +4.85872229e+04 +4.87582741e+04  1.71e+02   1.19e-01     1.82e-01   643.054s
 244000 +4.85847290e+04 +4.87397396e+04  1.55e+02   1.23e-01     1.71e-01   643.656s
 245000 +4.85809189e+04 +4.87295029e+04  1.49e+02   1.28e-01     1.62e-01   644.257s
 246000 +4.85775702e+04 +4.87236713e+04  1.46e+02   1.31e-01     1.58e-01   644.857s
 247000 +4.85741492e+04 +4.87257765e+04  1.52e+02   1.40e-01     1.58e-01   645.459s
 248000 +4.85708804e+04 +4.87221149e+04  1.51e+02   1.50e-01     1.52e-01   646.059s
 249000 +4.85677657e+04 +4.87120436e+04  1.44e+02   1.66e-01     1.46e-01   646.660s
 250000 +4.85657750e+04 +4.87054134e+04  1.40e+02   1.69e-01     1.44e-01   647.261s
 251000 +4.85659052e+04 +4.87056383e+04  1.40e+02   1.43e-01     1.43e-01   647.862s
 252000 +4.85645555e+04 +4.87077607e+04  1.43e+02   1.44e-01     1.42e-01   648.464s
 253000 +4.85622425e+04 +4.87055706e+04  1.43e+02   1.60e-01     1.39e-01   649.067s
 254000 +4.85586879e+04 +4.86714228e+04  1.13e+02   3.91e-01     1.21e-01   649.669s
 255000 +4.85555566e+04 +4.86438272e+04  8.83e+01   2.72e-01     1.05e-01   650.271s
 256000 +4.85328130e+04 +4.86156843e+04  8.29e+01   2.78e-01     9.26e-02   650.873s
 257000 +4.84352436e+04 +4.84538970e+04  1.87e+01   3.41e+01     2.22e-02   651.476s
 258000 +5.71874161e+04 +4.84228319e+04  8.76e+03   4.29e+02     9.21e-04   652.079s
 259000 +5.53991959e+04 +4.84229503e+04  6.98e+03   4.05e+02     3.08e-04   652.681s
 260000 +5.03159985e+04 +4.84225597e+04  1.89e+03   3.22e+02     1.57e-03   653.285s
 261000 +4.63984298e+04 +4.84230920e+04  2.02e+03   3.09e+02     1.17e-03   653.888s
 262000 +4.63350637e+04 +4.84230175e+04  2.09e+03   3.04e+02     1.13e-03   654.490s
 263000 +4.62025263e+04 +4.84230715e+04  2.22e+03   2.90e+02     5.88e-04   655.093s
 264000 +4.61702974e+04 +4.84231123e+04  2.25e+03   2.84e+02     4.17e-04   655.696s
 265000 +4.62401369e+04 +4.84231221e+04  2.18e+03   2.64e+02     4.45e-04   656.299s
 266000 +4.67841626e+04 +4.84231992e+04  1.64e+03   1.99e+02     3.43e-04   656.900s
 267000 +4.75571125e+04 +4.84232472e+04  8.66e+02   1.25e+02     2.40e-04   657.501s
 268000 +4.82383187e+04 +4.84232599e+04  1.85e+02   7.05e+01     2.12e-04   658.103s
 269000 +4.87734790e+04 +4.84232817e+04  3.50e+02   3.59e+01     3.66e-04   658.706s
 270000 +4.90058508e+04 +4.84232230e+04  5.83e+02   2.00e+01     5.10e-04   659.308s
 271000 +4.89450248e+04 +4.84232319e+04  5.22e+02   2.40e+01     5.69e-04   659.911s
 272000 +4.89606907e+04 +4.84232307e+04  5.37e+02   1.08e+01     5.25e-04   660.513s
 273000 +4.88894231e+04 +4.84232167e+04  4.66e+02   6.25e+00     4.45e-04   661.114s
 274000 +4.87574718e+04 +4.84232412e+04  3.34e+02   5.01e+00     3.31e-04   661.715s
 275000 +4.86831754e+04 +4.84232714e+04  2.60e+02   4.08e+00     2.82e-04   662.317s
 276000 +4.86363243e+04 +4.84232856e+04  2.13e+02   3.43e+00     2.43e-04   662.918s
 277000 +4.85918082e+04 +4.84232883e+04  1.69e+02   3.09e+00     3.25e-04   663.520s
 278000 +4.85511872e+04 +4.84233113e+04  1.28e+02   4.59e+00     4.81e-04   664.121s
 279000 +4.85541847e+04 +4.84233191e+04  1.31e+02   3.15e+00     4.10e-04   664.724s
 280000 +4.85951406e+04 +4.84233121e+04  1.72e+02   3.06e+00     2.17e-04   665.326s
 281000 +4.85977817e+04 +4.84233108e+04  1.74e+02   2.83e+00     1.97e-04   665.929s
 282000 +4.86184140e+04 +4.84233210e+04  1.95e+02   2.74e+00     2.12e-04   666.531s
 283000 +4.86222260e+04 +4.84233437e+04  1.99e+02   2.19e+00     1.76e-04   667.133s
 284000 +4.86337852e+04 +4.84233404e+04  2.10e+02   1.84e+00     2.05e-04   667.735s
 285000 +4.85939537e+04 +4.84233391e+04  1.71e+02   1.70e+00     2.48e-04   668.336s
 286000 +4.85605804e+04 +4.84233470e+04  1.37e+02   1.93e+00     2.28e-04   668.938s
 287000 +4.85447404e+04 +4.84233583e+04  1.21e+02   1.86e+00     1.71e-04   669.539s
 288000 +4.85417199e+04 +4.84233536e+04  1.18e+02   1.87e+00     1.46e-04   670.141s
 289000 +4.85393709e+04 +4.84233573e+04  1.16e+02   2.02e+00     1.43e-04   670.744s
 290000 +4.85558020e+04 +4.84233695e+04  1.32e+02   1.82e+00     1.39e-04   671.347s
 291000 +4.85807883e+04 +4.84233767e+04  1.57e+02   1.65e+00     1.48e-04   671.949s
 292000 +4.85833107e+04 +4.84233792e+04  1.60e+02   1.64e+00     1.76e-04   672.551s
 293000 +4.85761465e+04 +4.84233791e+04  1.53e+02   1.39e+00     1.73e-04   673.153s
 294000 +4.85569381e+04 +4.84233819e+04  1.34e+02   1.39e+00     1.50e-04   673.755s
 295000 +4.85433672e+04 +4.84233831e+04  1.20e+02   1.50e+00     1.25e-04   674.357s
 296000 +4.85321767e+04 +4.84233866e+04  1.09e+02   1.56e+00     1.24e-04   674.959s
 297000 +4.85236043e+04 +4.84233869e+04  1.00e+02   1.58e+00     1.27e-04   675.560s
 298000 +4.85242692e+04 +4.84233920e+04  1.01e+02   1.62e+00     1.19e-04   676.163s
 299000 +4.85321591e+04 +4.84234042e+04  1.09e+02   1.58e+00     1.28e-04   676.765s
 300000 +4.85475904e+04 +4.84234116e+04  1.24e+02   1.45e+00     1.37e-04   677.368s
 301000 +4.85574019e+04 +4.84234124e+04  1.34e+02   1.44e+00     1.37e-04   677.970s
 302000 +4.85589855e+04 +4.84234074e+04  1.36e+02   1.34e+00     1.24e-04   678.573s
 303000 +4.85445847e+04 +4.84234058e+04  1.21e+02   1.40e+00     1.13e-04   679.175s
 304000 +4.85271589e+04 +4.84234068e+04  1.04e+02   1.44e+00     1.10e-04   679.777s
 305000 +4.85175647e+04 +4.84234121e+04  9.42e+01   1.54e+00     1.10e-04   680.379s
 306000 +4.85132831e+04 +4.84234200e+04  8.99e+01   1.53e+00     1.11e-04   680.981s
 307000 +4.85152129e+04 +4.84234276e+04  9.18e+01   1.56e+00     1.18e-04   681.584s
 308000 +4.85170545e+04 +4.84234338e+04  9.36e+01   1.76e+00     1.34e-04   682.188s
 309000 +4.85255386e+04 +4.84234358e+04  1.02e+02   1.96e+00     1.29e-04   682.790s
 310000 +4.85316451e+04 +4.84234363e+04  1.08e+02   1.79e+00     1.17e-04   683.392s
 311000 +4.85349638e+04 +4.84234331e+04  1.12e+02   1.65e+00     1.12e-04   683.995s
 312000 +4.85297991e+04 +4.84234267e+04  1.06e+02   1.65e+00     1.07e-04   684.597s
 313000 +4.85232295e+04 +4.84234314e+04  9.98e+01   1.75e+00     1.06e-04   685.199s
 314000 +4.85171622e+04 +4.84234399e+04  9.37e+01   1.87e+00     1.08e-04   685.803s
 315000 +4.85198737e+04 +4.84232797e+04  9.66e+01   1.91e+00     1.38e-03   686.406s
 316000 +4.85160743e+04 +4.84230738e+04  9.30e+01   2.06e+00     1.64e-03   687.007s
 317000 +4.85022061e+04 +4.84229770e+04  7.92e+01   2.35e+00     1.75e-03   687.608s
 318000 +4.84948825e+04 +4.84229879e+04  7.19e+01   2.42e+00     1.69e-03   688.210s
 319000 +4.84819244e+04 +4.84230700e+04  5.89e+01   2.50e+00     1.61e-03   688.811s
 320000 +4.84625217e+04 +4.84231918e+04  3.93e+01   2.43e+00     1.49e-03   689.412s
 321000 +4.84492036e+04 +4.84232875e+04  2.59e+01   2.26e+00     1.39e-03   690.014s
 322000 +4.84502516e+04 +4.84233532e+04  2.69e+01   1.84e+00     1.45e-03   690.615s
 323000 +4.84625003e+04 +4.84234021e+04  3.91e+01   1.40e+00     1.44e-03   691.216s
 324000 +4.84783904e+04 +4.84234281e+04  5.50e+01   1.12e+00     1.41e-03   691.817s
 325000 +4.84985574e+04 +4.84234362e+04  7.51e+01   8.23e-01     1.37e-03   692.418s
 326000 +4.85164564e+04 +4.84234455e+04  9.30e+01   7.13e-01     1.32e-03   693.019s
 327000 +4.85248482e+04 +4.84234484e+04  1.01e+02   7.65e-01     1.29e-03   693.621s
 328000 +4.85288640e+04 +4.84234657e+04  1.05e+02   9.40e-01     1.29e-03   694.222s
 329000 +4.85271098e+04 +4.84234956e+04  1.04e+02   7.28e-01     1.37e-03   694.824s
 330000 +4.85303551e+04 +4.84235194e+04  1.07e+02   6.75e-01     1.44e-03   695.426s
 331000 +4.85221506e+04 +4.84235409e+04  9.86e+01   7.21e-01     1.44e-03   696.028s
 332000 +4.85151230e+04 +4.84235715e+04  9.16e+01   7.83e-01     1.45e-03   696.630s
 333000 +4.85081695e+04 +4.84236076e+04  8.46e+01   9.16e-01     1.46e-03   697.232s
 334000 +4.85096396e+04 +4.84236425e+04  8.60e+01   7.59e-01     1.46e-03   697.833s
 335000 +4.85171630e+04 +4.84236551e+04  9.35e+01   6.95e-01     1.44e-03   698.436s
 336000 +4.85246990e+04 +4.84236581e+04  1.01e+02   6.54e-01     1.40e-03   699.039s
 337000 +4.85293123e+04 +4.84236562e+04  1.06e+02   5.44e-01     1.33e-03   699.641s
 338000 +4.85288369e+04 +4.84236489e+04  1.05e+02   5.53e-01     1.26e-03   700.243s
 339000 +4.85242006e+04 +4.84236538e+04  1.01e+02   5.47e-01     1.21e-03   700.845s
 340000 +4.85138365e+04 +4.84236648e+04  9.02e+01   4.42e-01     1.12e-03   701.448s
 341000 +4.84998194e+04 +4.84236797e+04  7.61e+01   4.74e-01     1.04e-03   702.050s
 342000 +4.84854214e+04 +4.84237247e+04  6.17e+01   1.02e+00     1.00e-03   702.654s
 343000 +4.84737627e+04 +4.84237779e+04  5.00e+01   8.38e-01     9.57e-04   703.256s
 344000 +4.84705260e+04 +4.84238083e+04  4.67e+01   5.92e-01     9.16e-04   703.858s
 345000 +4.84684603e+04 +4.84238259e+04  4.46e+01   6.93e-01     8.90e-04   704.460s
 346000 +4.84723073e+04 +4.84238310e+04  4.85e+01   9.21e-01     8.83e-04   705.062s
 347000 +4.84758961e+04 +4.84238160e+04  5.21e+01   8.64e-01     4.06e-03   705.665s
 348000 +4.84754005e+04 +4.84237572e+04  5.16e+01   6.34e-01     4.26e-03   706.266s
 349000 +4.84731703e+04 +4.84236642e+04  4.95e+01   5.36e-01     4.54e-03   706.868s
 350000 +4.84710408e+04 +4.84235838e+04  4.75e+01   5.30e-01     4.76e-03   707.470s
 351000 +4.84697105e+04 +4.84235551e+04  4.62e+01   5.26e-01     4.83e-03   708.071s
 352000 +4.84698047e+04 +4.84235902e+04  4.62e+01   5.34e-01     5.20e-03   708.673s
 353000 +4.84706226e+04 +4.84236492e+04  4.70e+01   5.07e-01     4.85e-03   709.274s
 354000 +4.84747712e+04 +4.84236926e+04  5.11e+01   4.70e-01     4.93e-03   709.876s
 355000 +4.84790434e+04 +4.84237119e+04  5.53e+01   4.28e-01     4.49e-03   710.477s
 356000 +4.84775273e+04 +4.84237344e+04  5.38e+01   3.97e-01     4.29e-03   711.079s
 357000 +4.84723898e+04 +4.84237397e+04  4.87e+01   3.65e-01     4.05e-03   711.680s
 358000 +4.84651287e+04 +4.84237329e+04  4.14e+01   3.33e-01     3.69e-03   712.282s
 359000 +4.84582106e+04 +4.84237380e+04  3.45e+01   2.92e-01     3.39e-03   712.885s
 360000 +4.84441298e+04 +4.84237648e+04  2.04e+01   2.92e-01     3.22e-03   713.487s
 361000 +4.84357846e+04 +4.84238046e+04  1.20e+01   3.00e-01     3.02e-03   714.089s
 361400 +4.84334640e+04 +4.84238254e+04  9.64e+00   3.02e-01     2.96e-03   714.329s
LP Solver status:                Optimal
Primal objective:                +4.84334640e+04
Dual objective:                  +4.84238254e+04
Duality gap (abs/rel):           +9.64e+00 / +9.95e-05
Primal infeasibility (abs/rel):  +3.02e-01 / +3.95e-05
Dual infeasibility (abs/rel):    +2.96e-03 / +1.65e-07
PDLP finished
Status: Optimal   Objective: 4.84334640e+04  Iterations: 361400  Time: 714.333s

### exit_code=0
### finished=2026-07-29T16:01:29.686865
### gpu_peak_mb=9978.4
### gpu_peak2_mb=0.0
### per_gpu_peak_mb=[9978.375]
