### solver=cuopt-base
### instance=/home/scratch.vmostovoi_gpu/datasets/open_energy_benchmark/IESA-Opt-NL-5-3h.mps
### n_gpus=1
### CUDA_VISIBLE_DEVICES=0
### started=2026-07-29T15:49:23.083494
### argv=/home/scratch.vmostovoi_gpu/mostovoi_cuopt/cpp/build/cuopt_cli --method 1 --mps-reader experimental-fast --time-limit 3600 --iteration-limit 1000000000 --relative-primal-tolerance 1e-4 --relative-dual-tolerance 1e-4 --relative-gap-tolerance 1e-4 --log-to-console true /home/scratch.vmostovoi_gpu/datasets/open_energy_benchmark/IESA-Opt-NL-5-3h.mps
### --- solver output ---
Setting parameter iteration_limit to 1000000000
Setting parameter log_to_console to true
Setting parameter method to 1
Setting parameter relative_dual_tolerance to 1.000000e-04
Setting parameter relative_gap_tolerance to 1.000000e-04
Setting parameter relative_primal_tolerance to 1.000000e-04
Setting parameter time_limit to 3.600000e+03
Reading file IESA-Opt-NL-5-3h.mps
Using experimental fast MPS parser for '/home/scratch.vmostovoi_gpu/datasets/open_energy_benchmark/IESA-Opt-NL-5-3h.mps'
Read file IESA-Opt-NL-5-3h.mps in 5.43 seconds
cuOpt version: 26.8.0, git hash: 7116ead1, host arch: x86_64, device archs: 100a-real
CPU: INTEL(R) XEON(R) PLATINUM 8570, threads (physical/logical): 112/224, RAM: 1232.64 GiB
CUDA 13.3, device: NVIDIA B200 (ID 0), VRAM: 178.34 GiB
CUDA device UUID: c8dfd4d5-03ba-9666-1a61-4255c0c9cde4
Solving a problem with 15025409 constraints, 12077880 variables (0 integers), and 61521715 nonzeros
Problem scaling:
Objective coefficents range:          [4e-03, 2e+03]
Constraint matrix coefficients range: [3e-09, 1e+02]
Constraint rhs / bounds range:        [9e-19, 6e+03]
Variable bounds range:                [0e+00, 0e+00]
Warning: input problem contains a large range of coefficients: consider reformulating to avoid numerical difficulties.

Using PSLP presolver
Maximum time limit of 60.00 seconds reached.
PSLP Presolved problem: 4619328 constraints, 2690479 variables, 27834521 non-zeros
PSLP presolve time: 100.08s
Objective offset -2358.717203 scaling_factor 1.000000
   Iter    Primal Obj.      Dual Obj.    Gap        Primal Res.  Dual Res.   Time
      0 -2.35871720e+03 -2.35871720e+03  0.00e+00   7.09e+03     2.48e+04   100.468s
   1000 +3.16284879e+04 +3.94463483e+04  7.82e+03   4.06e+02     2.07e+01   100.915s
   2000 +3.66101755e+04 +5.70165095e+04  2.04e+04   4.03e+02     2.30e+01   101.276s
   3000 +4.03665398e+04 +8.03338908e+04  4.00e+04   1.99e+02     4.00e+01   101.638s
   4000 +4.29615519e+04 +8.60999769e+04  4.31e+04   1.41e+02     4.50e+01   102.000s
   5000 +4.44467471e+04 +8.68544976e+04  4.24e+04   1.02e+02     3.89e+01   102.362s
   6000 +4.54681579e+04 +8.61150228e+04  4.06e+04   8.04e+01     3.54e+01   102.724s
   7000 +4.70291410e+04 +8.46553063e+04  3.76e+04   6.73e+01     3.11e+01   103.086s
   8000 +4.81043221e+04 +8.31598085e+04  3.51e+04   2.77e+01     2.78e+01   103.448s
   9000 +4.85420351e+04 +8.15374282e+04  3.30e+04   1.94e+01     1.98e+01   103.810s
  10000 +4.91030432e+04 +7.90182610e+04  2.99e+04   1.02e+01     1.79e+01   104.173s
  11000 +4.94791539e+04 +7.39472764e+04  2.45e+04   3.31e+00     1.55e+01   104.531s
  12000 +4.95682492e+04 +6.86782059e+04  1.91e+04   1.56e+00     1.84e+01   104.890s
  13000 +4.95750660e+04 +6.45978404e+04  1.50e+04   1.80e+00     1.70e+01   105.249s
  14000 +4.94135347e+04 +6.16752266e+04  1.23e+04   1.35e+00     1.74e+01   105.607s
  15000 +4.93099032e+04 +6.02075782e+04  1.09e+04   1.25e+00     1.67e+01   105.966s
  16000 +4.92666837e+04 +5.80449779e+04  8.78e+03   1.04e+00     1.51e+01   106.325s
  17000 +4.92450717e+04 +5.60343573e+04  6.79e+03   1.28e+00     1.30e+01   106.683s
  18000 +4.91767719e+04 +5.41036562e+04  4.93e+03   1.53e+00     1.20e+01   107.042s
  19000 +4.91197680e+04 +5.32768811e+04  4.16e+03   1.53e+00     9.92e+00   107.401s
  20000 +4.91266705e+04 +5.28053965e+04  3.68e+03   1.46e+00     8.33e+00   107.759s
  21000 +4.91515707e+04 +5.24059093e+04  3.25e+03   1.37e+00     7.05e+00   108.118s
  22000 +4.91746353e+04 +5.21571420e+04  2.98e+03   1.32e+00     6.19e+00   108.476s
  23000 +4.92234130e+04 +5.18591999e+04  2.64e+03   1.27e+00     5.51e+00   108.836s
  24000 +4.92549268e+04 +5.13294533e+04  2.07e+03   1.17e+00     4.73e+00   109.194s
  25000 +4.92673399e+04 +5.10400839e+04  1.77e+03   1.14e+00     3.93e+00   109.553s
  26000 +4.92848149e+04 +5.08781785e+04  1.59e+03   1.08e+00     3.40e+00   109.912s
  27000 +4.93138253e+04 +5.07430880e+04  1.43e+03   1.06e+00     3.17e+00   110.270s
  28000 +4.93377293e+04 +5.06695022e+04  1.33e+03   1.03e+00     2.78e+00   110.629s
  29000 +4.93645709e+04 +5.06463899e+04  1.28e+03   9.42e-01     2.33e+00   110.987s
  30000 +4.93913903e+04 +5.06325949e+04  1.24e+03   8.44e-01     2.12e+00   111.346s
  31000 +4.94178430e+04 +5.06005522e+04  1.18e+03   7.02e-01     1.99e+00   111.705s
  32000 +4.94413448e+04 +5.05496954e+04  1.11e+03   6.37e-01     1.89e+00   112.063s
  33000 +4.94635811e+04 +5.05347031e+04  1.07e+03   5.69e-01     1.75e+00   112.422s
  34000 +4.94850651e+04 +5.05039686e+04  1.02e+03   4.91e-01     1.64e+00   112.780s
  35000 +4.95031906e+04 +5.04604465e+04  9.57e+02   4.53e-01     1.52e+00   113.139s
  36000 +4.95187103e+04 +5.04041430e+04  8.85e+02   4.87e-01     1.44e+00   113.498s
  37000 +4.95329487e+04 +5.03725439e+04  8.40e+02   4.91e-01     1.39e+00   113.856s
  38000 +4.95519475e+04 +5.03290467e+04  7.77e+02   4.11e-01     1.30e+00   114.215s
  39000 +4.95682612e+04 +5.02369038e+04  6.69e+02   3.61e-01     1.23e+00   114.574s
  40000 +4.95789744e+04 +5.01613028e+04  5.82e+02   3.49e-01     1.13e+00   114.932s
  41000 +4.95880014e+04 +5.01157819e+04  5.28e+02   3.24e-01     1.04e+00   115.291s
  42000 +4.95962535e+04 +5.00799410e+04  4.84e+02   3.14e-01     9.81e-01   115.649s
  43000 +4.96060160e+04 +5.00449105e+04  4.39e+02   2.79e-01     9.00e-01   116.008s
  44000 +4.96153433e+04 +5.00077688e+04  3.92e+02   2.56e-01     8.48e-01   116.366s
  45000 +4.96214846e+04 +4.99763513e+04  3.55e+02   2.54e-01     7.98e-01   116.725s
  46000 +4.96293139e+04 +4.99621457e+04  3.33e+02   2.26e-01     7.61e-01   117.083s
  47000 +4.96423207e+04 +4.99443033e+04  3.02e+02   1.93e-01     7.39e-01   117.443s
  48000 +4.96607890e+04 +4.99130729e+04  2.52e+02   1.70e-01     7.11e-01   117.801s
  49000 +4.96746924e+04 +4.98946007e+04  2.20e+02   1.69e-01     6.72e-01   118.160s
  50000 +4.96816784e+04 +4.98932360e+04  2.12e+02   1.75e-01     6.40e-01   118.518s
  51000 +4.96843576e+04 +4.98900843e+04  2.06e+02   1.67e-01     6.08e-01   118.877s
  52000 +4.96790872e+04 +4.98797742e+04  2.01e+02   1.59e-01     5.95e-01   119.235s
  53000 +4.96709316e+04 +4.98820291e+04  2.11e+02   1.70e-01     5.72e-01   119.594s
  54000 +4.96636400e+04 +4.98895537e+04  2.26e+02   1.60e-01     5.45e-01   119.952s
  55000 +4.96577914e+04 +4.98837986e+04  2.26e+02   1.54e-01     5.13e-01   120.310s
  56000 +4.96529818e+04 +4.98793478e+04  2.26e+02   1.56e-01     4.87e-01   120.669s
  57000 +4.96499407e+04 +4.98753465e+04  2.25e+02   1.56e-01     4.69e-01   121.027s
  58000 +4.96497304e+04 +4.98683256e+04  2.19e+02   1.62e-01     4.54e-01   121.385s
  59000 +4.96511395e+04 +4.98706776e+04  2.20e+02   1.46e-01     4.50e-01   121.744s
  60000 +4.96520599e+04 +4.98558337e+04  2.04e+02   1.49e-01     4.43e-01   122.102s
  61000 +4.96532252e+04 +4.98332324e+04  1.80e+02   1.52e-01     4.03e-01   122.461s
  62000 +4.96541946e+04 +4.98278704e+04  1.74e+02   1.54e-01     3.92e-01   122.819s
  63000 +4.96527799e+04 +4.98174471e+04  1.65e+02   1.50e-01     3.76e-01   123.178s
  64000 +4.96517811e+04 +4.98120286e+04  1.60e+02   1.48e-01     3.59e-01   123.536s
  65000 +4.96487845e+04 +4.98133192e+04  1.65e+02   1.45e-01     3.44e-01   123.895s
  66000 +4.96441525e+04 +4.97937924e+04  1.50e+02   1.44e-01     3.21e-01   124.253s
  67000 +4.96376987e+04 +4.98011020e+04  1.63e+02   1.42e-01     3.13e-01   124.611s
  68000 +4.96298433e+04 +4.98002665e+04  1.70e+02   1.43e-01     3.02e-01   124.970s
  69000 +4.96118159e+04 +4.97758497e+04  1.64e+02   1.53e-01     2.68e-01   125.329s
  70000 +4.95950529e+04 +4.97678999e+04  1.73e+02   1.75e-01     2.49e-01   125.688s
  71000 +4.95812881e+04 +4.97677281e+04  1.86e+02   3.07e-01     2.39e-01   126.046s
  72000 +4.95704618e+04 +4.97671316e+04  1.97e+02   4.13e-01     2.34e-01   126.405s
  73000 +4.95617413e+04 +4.97639704e+04  2.02e+02   4.67e-01     2.29e-01   126.763s
  74000 +4.95553042e+04 +4.97641799e+04  2.09e+02   4.99e-01     2.27e-01   127.121s
  75000 +4.95504014e+04 +4.97633514e+04  2.13e+02   5.07e-01     2.21e-01   127.481s
  76000 +4.95055056e+04 +4.97062811e+04  2.01e+02   7.56e-01     1.71e-01   127.840s
  77000 +4.94646346e+04 +4.96693370e+04  2.05e+02   1.91e+00     1.35e-01   128.199s
  78000 +4.94371242e+04 +4.96395280e+04  2.02e+02   3.18e+00     1.14e-01   128.557s
  79000 +4.94213127e+04 +4.96270294e+04  2.06e+02   3.68e+00     1.04e-01   128.915s
  80000 +4.94100820e+04 +4.96073140e+04  1.97e+02   3.64e+00     9.27e-02   129.274s
  81000 +4.94179460e+04 +4.95758890e+04  1.58e+02   2.16e+00     7.42e-02   129.634s
  82000 +4.91719356e+04 +4.94888115e+04  3.17e+02   2.59e+01     1.89e-02   129.993s
  83000 +4.75838140e+04 +4.94765575e+04  1.89e+03   1.79e+02     1.53e-03   130.352s
  84000 +4.79868368e+04 +4.94761265e+04  1.49e+03   1.85e+02     2.04e-04   130.711s
  85000 +4.76316662e+04 +4.94761425e+04  1.84e+03   1.91e+02     2.26e-04   131.070s
  86000 +4.74869929e+04 +4.94761276e+04  1.99e+03   1.99e+02     1.15e-04   131.428s
  87000 +4.74103830e+04 +4.94761526e+04  2.07e+03   1.94e+02     1.88e-04   131.786s
  88000 +4.72960679e+04 +4.94761568e+04  2.18e+03   1.90e+02     9.05e-05   132.145s
  89000 +4.72589785e+04 +4.94761638e+04  2.22e+03   1.86e+02     8.94e-05   132.503s
  90000 +4.72807199e+04 +4.94761746e+04  2.20e+03   1.85e+02     1.02e-04   132.861s
  91000 +4.72364474e+04 +4.94761808e+04  2.24e+03   1.82e+02     7.67e-05   133.219s
  92000 +4.72475079e+04 +4.94761870e+04  2.23e+03   1.83e+02     6.58e-05   133.578s
  93000 +4.72261595e+04 +4.94761971e+04  2.25e+03   1.84e+02     6.66e-05   133.936s
  94000 +4.71743924e+04 +4.94762070e+04  2.30e+03   1.84e+02     6.04e-05   134.294s
  95000 +4.71979497e+04 +4.94762132e+04  2.28e+03   1.84e+02     5.29e-05   134.652s
  96000 +4.72094972e+04 +4.94762185e+04  2.27e+03   1.83e+02     4.73e-05   135.010s
  97000 +4.71770907e+04 +4.94762258e+04  2.30e+03   1.84e+02     5.58e-05   135.369s
  98000 +4.71466283e+04 +4.94762338e+04  2.33e+03   1.84e+02     4.36e-05   135.727s
  99000 +4.71187399e+04 +4.94762406e+04  2.36e+03   1.84e+02     3.73e-05   136.085s
 100000 +4.70805460e+04 +4.94762458e+04  2.40e+03   1.84e+02     5.70e-05   136.444s
 101000 +4.70738807e+04 +4.94762542e+04  2.40e+03   1.85e+02     3.41e-05   136.802s
 102000 +4.70747270e+04 +4.94762629e+04  2.40e+03   1.84e+02     2.73e-05   137.160s
 103000 +4.70572431e+04 +4.94762236e+04  2.42e+03   1.86e+02     1.37e-03   137.519s
 104000 +4.69825223e+04 +4.94762192e+04  2.49e+03   1.86e+02     1.51e-03   137.878s
 105000 +4.74406395e+04 +4.94763050e+04  2.04e+03   1.39e+02     1.19e-03   138.236s
 106000 +4.83252398e+04 +4.94763217e+04  1.15e+03   6.48e+01     9.81e-04   138.595s
 107000 +4.90135694e+04 +4.94763057e+04  4.63e+02   9.84e+00     8.56e-04   138.953s
 108000 +4.92407256e+04 +4.94763568e+04  2.36e+02   2.27e+00     7.60e-04   139.312s
 109000 +4.91237269e+04 +4.94764437e+04  3.53e+02   5.73e+00     6.20e-04   139.670s
 110000 +4.90177875e+04 +4.94765067e+04  4.59e+02   1.46e+01     6.24e-04   140.029s
 111000 +4.90996116e+04 +4.94765367e+04  3.77e+02   1.05e+01     6.05e-04   140.387s
 112000 +4.92066704e+04 +4.94765438e+04  2.70e+02   4.30e+00     4.76e-04   140.746s
 113000 +4.92882644e+04 +4.94765427e+04  1.88e+02   1.77e+00     3.80e-04   141.104s
 114000 +4.93361049e+04 +4.94765465e+04  1.40e+02   1.56e+00     2.86e-04   141.463s
 115000 +4.93499691e+04 +4.94765666e+04  1.27e+02   1.48e+00     2.48e-04   141.821s
 116000 +4.93406646e+04 +4.94765843e+04  1.36e+02   1.51e+00     2.19e-04   142.180s
 117000 +4.93265051e+04 +4.94765997e+04  1.50e+02   1.60e+00     2.31e-04   142.539s
 118000 +4.93159653e+04 +4.94766069e+04  1.61e+02   1.76e+00     2.43e-04   142.897s
 119000 +4.93169818e+04 +4.94766098e+04  1.60e+02   1.76e+00     2.27e-04   143.256s
 120000 +4.93280266e+04 +4.94766088e+04  1.49e+02   1.60e+00     2.06e-04   143.614s
 121000 +4.93436746e+04 +4.94766105e+04  1.33e+02   1.49e+00     1.92e-04   143.972s
 122000 +4.93554261e+04 +4.94766155e+04  1.21e+02   1.43e+00     1.91e-04   144.331s
 123000 +4.93589814e+04 +4.94766206e+04  1.18e+02   1.40e+00     1.86e-04   144.689s
 124000 +4.93544773e+04 +4.94766293e+04  1.22e+02   1.42e+00     1.84e-04   145.047s
 125000 +4.93467373e+04 +4.94766415e+04  1.30e+02   1.52e+00     1.88e-04   145.406s
 126000 +4.93448542e+04 +4.94766547e+04  1.32e+02   2.93e+00     1.91e-04   145.764s
 127000 +4.93736652e+04 +4.94766574e+04  1.03e+02   2.24e+00     1.96e-04   146.123s
 128000 +4.94222987e+04 +4.94766567e+04  5.44e+01   5.43e-01     1.94e-04   146.481s
 129000 +4.94627256e+04 +4.94766565e+04  1.39e+01   4.13e-01     1.85e-04   146.840s
 129200 +4.94672110e+04 +4.94766552e+04  9.44e+00   4.05e-01     1.83e-04   146.911s
LP Solver status:                Optimal
Primal objective:                +4.94672110e+04
Dual objective:                  +4.94766552e+04
Duality gap (abs/rel):           +9.44e+00 / +9.54e-05
Primal infeasibility (abs/rel):  +4.05e-01 / +5.72e-05
Dual infeasibility (abs/rel):    +1.83e-04 / +7.39e-09
PDLP finished
Status: Optimal   Objective: 4.94672110e+04  Iterations: 129200  Time: 146.913s

### exit_code=0
### finished=2026-07-29T15:52:03.080363
### gpu_peak_mb=7642.4
### gpu_peak2_mb=0.0
### per_gpu_peak_mb=[7642.375]
