### solver=cuopt-base
### instance=/home/scratch.cmaes_sw/hans_lps/L1_sixm1000obs.mps
### n_gpus=1
### CUDA_VISIBLE_DEVICES=0
### started=2026-07-31T15:31:13.142742
### argv=/home/scratch.vmostovoi_gpu/mostovoi_cuopt/cpp/build/cuopt_cli --method 1 --mps-reader experimental-fast --time-limit 3600 --iteration-limit 1000000000 --relative-primal-tolerance 1e-4 --relative-dual-tolerance 1e-4 --relative-gap-tolerance 1e-4 --log-to-console true /home/scratch.cmaes_sw/hans_lps/L1_sixm1000obs.mps
### --- solver output ---
Setting parameter iteration_limit to 1000000000
Setting parameter log_to_console to true
Setting parameter method to 1
Setting parameter relative_dual_tolerance to 1.000000e-04
Setting parameter relative_gap_tolerance to 1.000000e-04
Setting parameter relative_primal_tolerance to 1.000000e-04
Setting parameter time_limit to 3.600000e+03
Reading file L1_sixm1000obs.mps
Using experimental fast MPS parser for '/home/scratch.cmaes_sw/hans_lps/L1_sixm1000obs.mps'
Read file L1_sixm1000obs.mps in 0.88 seconds
cuOpt version: 26.8.0, git hash: 7116ead1, host arch: x86_64, device archs: 100a-real
CPU: INTEL(R) XEON(R) PLATINUM 8570, threads (physical/logical): 112/224, RAM: 1695.93 GiB
CUDA 13.3, device: NVIDIA B200 (ID 0), VRAM: 178.34 GiB
CUDA device UUID: 9cf5855e-0d9f-8a57-2857-ca9eac5a3446
Solving a problem with 3082940 constraints, 1426256 variables (0 integers), and 14262560 nonzeros
Problem scaling:
Objective coefficents range:          [6e-07, 5e-01]
Constraint matrix coefficients range: [1e+00, 1e+00]
Constraint rhs / bounds range:        [0e+00, 0e+00]
Variable bounds range:                [1e+00, 2e+06]
Warning: input problem contains a large range of coefficients: consider reformulating to avoid numerical difficulties.

Using PSLP presolver
PSLP Presolved problem: 2276082 constraints, 1035909 variables, 10651701 non-zeros
PSLP presolve time: 3.60s
Objective offset 0.000000 scaling_factor 1.000000
   Iter    Primal Obj.      Dual Obj.    Gap        Primal Res.  Dual Res.   Time
      0 +0.00000000e+00 +0.00000000e+00  0.00e+00   0.00e+00     1.99e+02   3.748s
   1000 +2.51132293e+04 +1.19077927e+04  1.32e+04   1.78e+00     2.18e+00   3.948s
   2000 +1.75701238e+04 +1.77668552e+04  1.97e+02   3.01e+02     6.20e-03   4.105s
   3000 +1.72860521e+04 +1.73935873e+04  1.08e+02   3.88e+02     1.10e-03   4.260s
   4000 +1.72432947e+04 +1.72410471e+04  2.25e+00   3.50e+02     2.31e-04   4.416s
   5000 +1.72153136e+04 +1.72174575e+04  2.14e+00   1.66e+02     9.30e-05   4.571s
   6000 +1.72020068e+04 +1.69153317e+04  2.87e+02   6.04e-01     7.90e-03   4.728s
   7000 +1.72017394e+04 +1.72034251e+04  1.69e+00   3.38e-01     3.90e-04   4.884s
   8000 +1.72017037e+04 +1.72025570e+04  8.53e-01   2.25e-01     2.26e-04   5.039s
   9000 +1.72015761e+04 +1.72004465e+04  1.13e+00   2.41e+00     1.13e-04   5.195s
  10000 +1.72015577e+04 +1.72034150e+04  1.86e+00   9.03e-01     7.03e-05   5.350s
  11000 +1.72015350e+04 +1.72044476e+04  2.91e+00   5.83e-01     6.10e-05   5.504s
  12000 +1.72010374e+04 +1.72053732e+04  4.34e+00   2.47e+00     5.39e-05   5.657s
  13000 +1.72008896e+04 +1.72048155e+04  3.93e+00   1.12e+01     4.52e-05   5.811s
  14000 +1.72006992e+04 +1.72043689e+04  3.67e+00   1.27e+01     3.88e-05   5.964s
  15000 +1.72003705e+04 +1.72037014e+04  3.33e+00   1.17e+01     3.50e-05   6.117s
  16000 +1.72003320e+04 +1.72028281e+04  2.50e+00   1.04e+01     2.88e-05   6.271s
  17000 +1.72401593e+04 +1.72020158e+04  3.81e+01   5.32e+02     2.27e-05   6.424s
  18000 +1.72045385e+04 +1.74234993e+04  2.19e+02   3.76e+00     3.37e-02   6.579s
  19000 +1.72007244e+04 +1.72543503e+04  5.36e+01   1.54e-01     6.01e-03   6.732s
  20000 +1.71996615e+04 +1.72045543e+04  4.89e+00   2.10e+00     3.44e-04   6.886s
  21000 +1.71994265e+04 +1.72025219e+04  3.10e+00   8.96e-01     1.27e-04   7.040s
  22000 +1.71994399e+04 +1.72012210e+04  1.78e+00   2.66e+00     4.44e-05   7.194s
  23000 +1.71992831e+04 +1.72006968e+04  1.41e+00   1.53e+00     3.35e-05   7.347s
  24000 +1.71993095e+04 +1.72003991e+04  1.09e+00   1.58e+00     2.80e-05   7.500s
  25000 +1.72002275e+04 +1.71997228e+04  5.05e-01   1.61e+01     1.56e-05   7.654s
  26000 +1.71997345e+04 +1.71994627e+04  2.72e-01   7.79e+00     7.47e-06   7.807s
  27000 +1.71992891e+04 +1.49560351e+04  2.24e+03   1.85e-02     3.70e-02   7.961s
  28000 +1.71991547e+04 +1.72044498e+04  5.30e+00   4.71e-03     6.54e-04   8.115s
  29000 +1.71991524e+04 +1.72013023e+04  2.15e+00   1.87e-02     8.70e-05   8.269s
  30000 +1.71991478e+04 +1.71991924e+04  4.46e-02   1.08e-01     1.07e-05   8.423s
  31000 +1.71991498e+04 +1.71992675e+04  1.18e-01   6.75e-02     5.69e-06   8.577s
  32000 +1.71991491e+04 +1.71993068e+04  1.58e-01   9.11e-02     4.57e-06   8.731s
  33000 +1.71991557e+04 +1.71992944e+04  1.39e-01   2.38e-01     3.76e-06   8.884s
  34000 +1.71996333e+04 +1.71992205e+04  4.13e-01   9.02e+00     2.08e-06   9.038s
  35000 +1.71993089e+04 +1.71991644e+04  1.45e-01   3.61e+00     7.82e-07   9.191s
  36000 +1.71991517e+04 +1.71929892e+04  6.16e+00   9.35e-04     8.79e-04   9.346s
  37000 +1.71991502e+04 +1.71992010e+04  5.08e-02   5.02e-02     1.43e-04   9.500s
  38000 +1.71991480e+04 +1.71988167e+04  3.31e-01   2.94e-02     2.39e-05   9.653s
  39000 +1.71991489e+04 +1.71989010e+04  2.48e-01   2.52e-02     1.40e-05   9.807s
  40000 +1.71991470e+04 +1.71990413e+04  1.06e-01   5.86e-02     7.38e-06   9.961s
  41000 +1.71991168e+04 +1.71990767e+04  4.01e-02   5.59e-01     3.28e-06   10.114s
  42000 +1.71991474e+04 +1.71991033e+04  4.40e-02   5.25e-02     1.21e-06   10.268s
  43000 +1.71991469e+04 +1.71991294e+04  1.75e-02   7.04e-02     4.95e-07   10.422s
  44000 +1.71991429e+04 +1.71991315e+04  1.14e-02   1.22e-01     4.04e-07   10.575s
  45000 +1.71991429e+04 +1.71991487e+04  5.84e-03   1.35e-01     1.23e-07   10.729s
  46000 +1.71991493e+04 +1.71992117e+04  6.24e-02   4.40e-04     2.78e-05   10.883s
  47000 +1.71991493e+04 +1.71991628e+04  1.35e-02   8.09e-04     5.03e-06   11.037s
  48000 +1.71991493e+04 +1.71991497e+04  4.10e-04   1.96e-04     4.01e-06   11.190s
  48600 +1.71991493e+04 +1.71991496e+04  3.68e-04   9.24e-05     3.98e-06   11.283s
LP Solver status:                Optimal
Primal objective:                +1.71991493e+04
Dual objective:                  +1.71991496e+04
Duality gap (abs/rel):           +3.68e-04 / +1.07e-08
Primal infeasibility (abs/rel):  +9.24e-05 / +9.24e-05
Dual infeasibility (abs/rel):    +3.98e-06 / +2.00e-08
PDLP finished
Status: Optimal   Objective: 1.71991493e+04  Iterations: 48600  Time: 11.284s

### exit_code=0
### finished=2026-07-31T15:31:26.647867
### gpu_peak_mb=3354.4
### gpu_peak2_mb=0.0
### per_gpu_peak_mb=[3354.375]
