### solver=cuopt-base
### instance=/home/scratch.cmaes_sw/hans_lps/lo10.mps
### n_gpus=1
### CUDA_VISIBLE_DEVICES=0
### started=2026-07-31T15:37:49.521324
### argv=/home/scratch.vmostovoi_gpu/mostovoi_cuopt/cpp/build/cuopt_cli --method 1 --mps-reader experimental-fast --time-limit 3600 --iteration-limit 1000000000 --relative-primal-tolerance 1e-4 --relative-dual-tolerance 1e-4 --relative-gap-tolerance 1e-4 --log-to-console true /home/scratch.cmaes_sw/hans_lps/lo10.mps
### --- solver output ---
Setting parameter iteration_limit to 1000000000
Setting parameter log_to_console to true
Setting parameter method to 1
Setting parameter relative_dual_tolerance to 1.000000e-04
Setting parameter relative_gap_tolerance to 1.000000e-04
Setting parameter relative_primal_tolerance to 1.000000e-04
Setting parameter time_limit to 3.600000e+03
Reading file lo10.mps
Using experimental fast MPS parser for '/home/scratch.cmaes_sw/hans_lps/lo10.mps'
Read file lo10.mps in 0.34 seconds
cuOpt version: 26.8.0, git hash: 7116ead1, host arch: x86_64, device archs: 100a-real
CPU: INTEL(R) XEON(R) PLATINUM 8570, threads (physical/logical): 112/224, RAM: 1720.85 GiB
CUDA 13.3, device: NVIDIA B200 (ID 0), VRAM: 178.34 GiB
CUDA device UUID: e0330c45-1b2b-b5db-9ae3-67a7efc4ba6e
Solving a problem with 46341 constraints, 406225 variables (0 integers), and 812450 nonzeros
Problem scaling:
Objective coefficents range:          [1e+00, 4e+03]
Constraint matrix coefficients range: [1e+00, 1e+00]
Constraint rhs / bounds range:        [1e+00, 9e+04]
Variable bounds range:                [0e+00, 6e+04]

Using PSLP presolver
PSLP Presolved problem: 45655 constraints, 405539 variables, 811078 non-zeros
PSLP presolve time: 0.18s
Objective offset 15866357224.000000 scaling_factor 1.000000
   Iter    Primal Obj.      Dual Obj.    Gap        Primal Res.  Dual Res.   Time
      0 +1.58663572e+10 +1.58663572e+10  0.00e+00   2.24e+06     1.68e+06   0.273s
   1000 +1.45048743e+12 +1.45220726e+12  1.72e+09   1.86e+04     5.21e+03   0.341s
   2000 +1.45131593e+12 +1.45143688e+12  1.21e+08   1.13e+03     1.07e+03   0.375s
   3000 +1.45134599e+12 +1.45135703e+12  1.10e+07   7.43e+01     5.08e+02   0.408s
   4000 +1.45134660e+12 +1.45134809e+12  1.50e+06   2.45e+01     3.10e+02   0.441s
   5000 +1.45134532e+12 +1.45134720e+12  1.88e+06   2.06e+01     2.29e+02   0.474s
   5400 +1.45134637e+12 +1.45134478e+12  1.59e+06   4.30e+01     1.63e+02   0.488s
LP Solver status:                Optimal
Primal objective:                +1.45134637e+12
Dual objective:                  +1.45134478e+12
Duality gap (abs/rel):           +1.59e+06 / +5.49e-07
Primal infeasibility (abs/rel):  +4.30e+01 / +1.92e-05
Dual infeasibility (abs/rel):    +1.63e+02 / +9.75e-05
PDLP finished
Status: Optimal   Objective: 1.45134637e+12  Iterations: 5400  Time: 0.489s

### exit_code=0
### finished=2026-07-31T15:37:51.040797
### gpu_peak_mb=1658.4
### gpu_peak2_mb=0.0
### per_gpu_peak_mb=[1658.375]
