### solver=cuopt-base
### instance=/home/scratch.bbozkaya_gpu/datasets/PSR6/model_de_20_scenarios.mps.gz
### n_gpus=1
### CUDA_VISIBLE_DEVICES=0
### started=2026-07-27T20:40:05.083461
### argv=/home/scratch.vmostovoi_gpu/mostovoi_cuopt/cpp/build/cuopt_cli --method 1 --mps-reader experimental-fast --time-limit 3600 --iteration-limit 1000000000 --relative-primal-tolerance 1e-4 --relative-dual-tolerance 1e-4 --relative-gap-tolerance 1e-4 --log-to-console true /home/scratch.bbozkaya_gpu/datasets/PSR6/model_de_20_scenarios.mps.gz
### --- solver output ---
Setting parameter iteration_limit to 1000000000
Setting parameter log_to_console to true
Setting parameter method to 1
Setting parameter relative_dual_tolerance to 1.000000e-04
Setting parameter relative_gap_tolerance to 1.000000e-04
Setting parameter relative_primal_tolerance to 1.000000e-04
Setting parameter time_limit to 3.600000e+03
Reading file model_de_20_scenarios.mps.gz
Using experimental fast MPS parser for '/home/scratch.bbozkaya_gpu/datasets/PSR6/model_de_20_scenarios.mps.gz'
Read file model_de_20_scenarios.mps.gz in 17.91 seconds
cuOpt version: 26.8.0, git hash: 7116ead1, host arch: x86_64, device archs: 100a-real
CPU: INTEL(R) XEON(R) PLATINUM 8570, threads (physical/logical): 112/224, RAM: 1929.99 GiB
CUDA 13.3, device: NVIDIA B200 (ID 0), VRAM: 178.34 GiB
CUDA device UUID: c16f67f8-60a0-997a-9e23-bd53aaf0c753
Solving a problem with 28062811 constraints, 36081033 variables (0 integers), and 93254875 nonzeros
Problem scaling:
Objective coefficents range:          [1e-03, 1e+02]
Constraint matrix coefficients range: [1e-03, 1e+00]
Constraint rhs / bounds range:        [1e-02, 3e+05]
Variable bounds range:                [1e-02, 4e+05]
Warning: input problem contains a large range of coefficients: consider reformulating to avoid numerical difficulties.

Using PSLP presolver
PSLP Presolved problem: 27712141 constraints, 31882172 variables, 88354944 non-zeros
PSLP presolve time: 41.85s
Objective offset 30503.806860 scaling_factor 1.000000
   Iter    Primal Obj.      Dual Obj.    Gap        Primal Res.  Dual Res.   Time
      0 +3.05038069e+04 +3.05038069e+04  0.00e+00   1.93e+06     4.22e+03   50.543s
   1000 +4.99022141e+03 -5.11176264e+06  5.12e+06   7.46e+04     9.36e-01   52.495s
   2000 +1.47982993e+05 +1.41654042e+06  1.27e+06   2.67e+04     1.05e+00   54.131s
   3000 +2.35106961e+05 +3.67052261e+06  3.44e+06   1.24e+04     6.76e-01   55.771s
   4000 +3.25822012e+05 +6.67529077e+06  6.35e+06   8.65e+03     3.20e-01   57.413s
   5000 +3.47870029e+05 +7.81132062e+06  7.46e+06   7.16e+03     2.84e-01   59.055s
   6000 +3.66745849e+05 +7.50085345e+06  7.13e+06   6.07e+03     2.79e-01   60.701s
   7000 +3.80241922e+05 +7.05062149e+06  6.67e+06   5.77e+03     2.53e-01   62.344s
   8000 +3.94550498e+05 +6.49278981e+06  6.10e+06   5.08e+03     2.18e-01   63.988s
   9000 +4.09761802e+05 +6.09420195e+06  5.68e+06   4.41e+03     1.79e-01   65.633s
  10000 +4.23295405e+05 +5.77048210e+06  5.35e+06   4.04e+03     1.37e-01   67.281s
  11000 +4.30577701e+05 +5.43869638e+06  5.01e+06   3.94e+03     1.27e-01   68.909s
  12000 +4.37424105e+05 +5.12687754e+06  4.69e+06   3.78e+03     1.20e-01   70.536s
  13000 +4.43753521e+05 +4.83328129e+06  4.39e+06   3.59e+03     1.12e-01   72.164s
  14000 +4.48820723e+05 +4.53435605e+06  4.09e+06   3.42e+03     1.02e-01   73.793s
  15000 +4.55191053e+05 +4.29133504e+06  3.84e+06   3.45e+03     8.19e-02   75.424s
  16000 +4.57704258e+05 +4.08293412e+06  3.63e+06   3.67e+03     7.80e-02   77.052s
  17000 +4.60123075e+05 +3.87572131e+06  3.42e+06   3.83e+03     7.34e-02   78.680s
  18000 +4.62042237e+05 +3.66595559e+06  3.20e+06   3.88e+03     6.90e-02   80.313s
  19000 +4.63646045e+05 +3.44493928e+06  2.98e+06   3.87e+03     6.45e-02   81.942s
  20000 +4.65245974e+05 +3.21156132e+06  2.75e+06   3.83e+03     5.91e-02   83.574s
  21000 +4.66816365e+05 +2.96843453e+06  2.50e+06   3.76e+03     5.38e-02   85.207s
  22000 +4.68288430e+05 +2.72307378e+06  2.25e+06   3.67e+03     4.90e-02   86.841s
  23000 +4.70890027e+05 +2.47278779e+06  2.00e+06   3.56e+03     4.06e-02   88.477s
  24000 +4.72212877e+05 +2.25979076e+06  1.79e+06   3.65e+03     3.76e-02   90.109s
  25000 +4.73519991e+05 +2.05811575e+06  1.58e+06   3.71e+03     3.48e-02   91.743s
  26000 +4.74714911e+05 +1.87843171e+06  1.40e+06   3.70e+03     3.21e-02   93.375s
  27000 +4.75668526e+05 +1.71865797e+06  1.24e+06   3.64e+03     2.98e-02   95.008s
  28000 +4.76460792e+05 +1.58901202e+06  1.11e+06   3.54e+03     2.75e-02   96.644s
  29000 +4.76706230e+05 +1.47658923e+06  1.00e+06   3.43e+03     2.55e-02   98.282s
  30000 +4.76598878e+05 +1.39282592e+06  9.16e+05   3.29e+03     2.38e-02   99.917s
  31000 +4.75949142e+05 +1.34766157e+06  8.72e+05   3.15e+03     2.23e-02   101.554s
  32000 +4.74863269e+05 +1.31113049e+06  8.36e+05   3.05e+03     2.13e-02   103.188s
  33000 +4.74126868e+05 +1.28286634e+06  8.09e+05   2.94e+03     2.07e-02   104.823s
  34000 +4.72973545e+05 +1.25381395e+06  7.81e+05   2.82e+03     2.03e-02   106.459s
  35000 +4.71760883e+05 +1.22854892e+06  7.57e+05   2.71e+03     1.95e-02   108.101s
  36000 +4.70415834e+05 +1.16745723e+06  6.97e+05   2.96e+03     3.62e-02   109.741s
  37000 +4.68467487e+05 +1.14648179e+06  6.78e+05   2.81e+03     3.43e-02   111.377s
  38000 +4.66076061e+05 +1.12248452e+06  6.56e+05   2.69e+03     3.25e-02   113.012s
  39000 +4.62591023e+05 +1.10264531e+06  6.40e+05   2.55e+03     3.31e-02   114.650s
  40000 +4.57451122e+05 +1.08182393e+06  6.24e+05   2.39e+03     2.96e-02   116.287s
  41000 +4.52293417e+05 +1.06447369e+06  6.12e+05   2.24e+03     2.70e-02   117.925s
  42000 +4.47462054e+05 +1.04482054e+06  5.97e+05   2.11e+03     2.49e-02   119.564s
  43000 +4.42262596e+05 +1.02587047e+06  5.84e+05   1.98e+03     2.32e-02   121.205s
  44000 +4.35997653e+05 +1.00693948e+06  5.71e+05   1.84e+03     2.22e-02   122.847s
  45000 +4.31052635e+05 +9.88615984e+05  5.58e+05   1.72e+03     2.04e-02   124.489s
  46000 +4.26400648e+05 +9.69742912e+05  5.43e+05   1.60e+03     1.92e-02   126.132s
  47000 +4.21560852e+05 +9.53539656e+05  5.32e+05   1.49e+03     1.84e-02   127.773s
  48000 +4.17947988e+05 +9.36431501e+05  5.18e+05   1.41e+03     1.73e-02   129.414s
  49000 +4.15371117e+05 +9.19299017e+05  5.04e+05   1.35e+03     1.67e-02   131.054s
  50000 +4.12878244e+05 +9.02766477e+05  4.90e+05   1.29e+03     1.58e-02   132.692s
  51000 +4.10674318e+05 +8.86609143e+05  4.76e+05   1.24e+03     1.50e-02   134.332s
  52000 +4.08580452e+05 +8.72049107e+05  4.63e+05   1.19e+03     1.43e-02   135.973s
  53000 +4.06475618e+05 +8.57877267e+05  4.51e+05   1.14e+03     1.36e-02   137.611s
  54000 +4.04194266e+05 +8.45349030e+05  4.41e+05   1.08e+03     1.30e-02   139.252s
  55000 +4.02054404e+05 +8.34325454e+05  4.32e+05   1.02e+03     1.25e-02   140.894s
  56000 +3.95415158e+05 +8.18132696e+05  4.23e+05   8.76e+02     1.36e-02   142.534s
  57000 +3.93535995e+05 +8.02576262e+05  4.09e+05   8.26e+02     1.25e-02   144.171s
  58000 +3.91682330e+05 +7.87626203e+05  3.96e+05   7.81e+02     1.17e-02   145.811s
  59000 +3.90536122e+05 +7.73683758e+05  3.83e+05   7.48e+02     1.13e-02   147.448s
  60000 +3.89393372e+05 +7.61434961e+05  3.72e+05   7.17e+02     1.10e-02   149.091s
  61000 +3.88573038e+05 +7.49822903e+05  3.61e+05   6.90e+02     1.07e-02   150.731s
  62000 +3.87668754e+05 +7.38763829e+05  3.51e+05   6.64e+02     1.06e-02   152.373s
  63000 +3.86912829e+05 +7.28743072e+05  3.42e+05   6.40e+02     1.02e-02   154.013s
  64000 +3.86074083e+05 +7.19141325e+05  3.33e+05   6.16e+02     9.90e-03   155.651s
  65000 +3.85246527e+05 +7.10610710e+05  3.25e+05   5.93e+02     9.72e-03   157.292s
  66000 +3.84489461e+05 +7.03060649e+05  3.19e+05   5.72e+02     9.46e-03   158.933s
  67000 +3.83699781e+05 +6.96146040e+05  3.12e+05   5.53e+02     9.27e-03   160.571s
  68000 +3.82944437e+05 +6.90537800e+05  3.08e+05   5.33e+02     9.18e-03   162.212s
  69000 +3.82226550e+05 +6.85682163e+05  3.03e+05   5.15e+02     8.99e-03   163.856s
  70000 +3.81531136e+05 +6.81376548e+05  3.00e+05   4.99e+02     8.79e-03   165.498s
  71000 +3.80855532e+05 +6.77560235e+05  2.97e+05   4.84e+02     8.61e-03   167.137s
  72000 +3.80160756e+05 +6.74341596e+05  2.94e+05   4.68e+02     8.47e-03   168.778s
  73000 +3.79513467e+05 +6.71811421e+05  2.92e+05   4.56e+02     8.32e-03   170.420s
  74000 +3.78873408e+05 +6.69550621e+05  2.91e+05   4.43e+02     8.23e-03   172.064s
  75000 +3.78177085e+05 +6.67854440e+05  2.90e+05   4.31e+02     8.15e-03   173.705s
  76000 +3.77553559e+05 +6.66775064e+05  2.89e+05   4.20e+02     7.98e-03   175.349s
  77000 +3.76988470e+05 +6.65867983e+05  2.89e+05   4.11e+02     7.97e-03   176.991s
  78000 +3.76446563e+05 +6.65561739e+05  2.89e+05   4.03e+02     7.80e-03   178.633s
  79000 +3.75922215e+05 +6.65179196e+05  2.89e+05   3.96e+02     7.72e-03   180.276s
  80000 +3.75406108e+05 +6.64746918e+05  2.89e+05   3.89e+02     7.61e-03   181.916s
  81000 +3.74917970e+05 +6.64585236e+05  2.90e+05   3.83e+02     7.51e-03   183.557s
  82000 +3.74456766e+05 +6.64034704e+05  2.90e+05   3.78e+02     7.40e-03   185.201s
  83000 +3.73993837e+05 +6.63840825e+05  2.90e+05   3.72e+02     7.29e-03   186.842s
  84000 +3.73535209e+05 +6.63293708e+05  2.90e+05   3.67e+02     7.24e-03   188.484s
  85000 +3.73062517e+05 +6.62883563e+05  2.90e+05   3.62e+02     7.02e-03   190.128s
  86000 +3.72612381e+05 +6.62355960e+05  2.90e+05   3.56e+02     6.93e-03   191.770s
  87000 +3.71264603e+05 +6.60698882e+05  2.89e+05   3.36e+02     6.12e-03   193.411s
  88000 +3.70750266e+05 +6.58158171e+05  2.87e+05   3.41e+02     5.76e-03   195.050s
  89000 +3.70240553e+05 +6.55946286e+05  2.86e+05   3.48e+02     5.76e-03   196.688s
  90000 +3.69771125e+05 +6.54018723e+05  2.84e+05   3.54e+02     5.68e-03   198.327s
  91000 +3.69318629e+05 +6.52297277e+05  2.83e+05   3.61e+02     5.64e-03   199.965s
  92000 +3.68853633e+05 +6.50664843e+05  2.82e+05   3.67e+02     5.60e-03   201.610s
  93000 +3.68359116e+05 +6.49345469e+05  2.81e+05   3.71e+02     5.56e-03   203.254s
  94000 +3.67875336e+05 +6.48296698e+05  2.80e+05   3.75e+02     5.53e-03   204.894s
  95000 +3.67387777e+05 +6.47493027e+05  2.80e+05   3.78e+02     5.47e-03   206.534s
  96000 +3.66880460e+05 +6.46972919e+05  2.80e+05   3.80e+02     5.43e-03   208.174s
  97000 +3.66458311e+05 +6.46564103e+05  2.80e+05   3.83e+02     5.39e-03   209.812s
  98000 +3.66023267e+05 +6.46252989e+05  2.80e+05   3.86e+02     5.36e-03   211.447s
  99000 +3.65646951e+05 +6.45756597e+05  2.80e+05   3.88e+02     5.31e-03   213.090s
 100000 +3.65224939e+05 +6.45120087e+05  2.80e+05   3.90e+02     5.28e-03   214.730s
 101000 +3.64794702e+05 +6.44605291e+05  2.80e+05   3.90e+02     5.24e-03   216.367s
 102000 +3.64411896e+05 +6.44256909e+05  2.80e+05   3.89e+02     5.17e-03   218.006s
 103000 +3.64038262e+05 +6.43899998e+05  2.80e+05   3.88e+02     5.20e-03   219.643s
 104000 +3.63663578e+05 +6.43512790e+05  2.80e+05   3.87e+02     5.07e-03   221.286s
 105000 +3.63293558e+05 +6.43178211e+05  2.80e+05   3.86e+02     5.04e-03   222.928s
 106000 +3.62877860e+05 +6.42724915e+05  2.80e+05   3.84e+02     4.98e-03   224.565s
 107000 +3.62503118e+05 +6.42344579e+05  2.80e+05   3.82e+02     4.92e-03   226.206s
 108000 +3.62122738e+05 +6.41843267e+05  2.80e+05   3.79e+02     4.86e-03   227.848s
 109000 +3.61787134e+05 +6.41065228e+05  2.79e+05   3.77e+02     4.80e-03   229.492s
 110000 +3.61457632e+05 +6.40337280e+05  2.79e+05   3.75e+02     4.76e-03   231.132s
 111000 +3.61163449e+05 +6.39499462e+05  2.78e+05   3.73e+02     4.70e-03   232.773s
 112000 +3.60863551e+05 +6.38669263e+05  2.78e+05   3.71e+02     4.67e-03   234.413s
 113000 +3.60533932e+05 +6.37700424e+05  2.77e+05   3.69e+02     4.62e-03   236.053s
 114000 +3.60201559e+05 +6.36454254e+05  2.76e+05   3.67e+02     4.56e-03   237.692s
 115000 +3.59866217e+05 +6.35158745e+05  2.75e+05   3.64e+02     4.51e-03   239.334s
 116000 +3.59578104e+05 +6.33860755e+05  2.74e+05   3.63e+02     4.50e-03   240.973s
 117000 +3.59300032e+05 +6.32416053e+05  2.73e+05   3.61e+02     4.44e-03   242.614s
 118000 +3.59030552e+05 +6.31058744e+05  2.72e+05   3.60e+02     4.38e-03   244.256s
 119000 +3.58762072e+05 +6.29714714e+05  2.71e+05   3.58e+02     4.33e-03   245.895s
 120000 +3.58490370e+05 +6.28291790e+05  2.70e+05   3.56e+02     4.29e-03   247.534s
 121000 +3.58212249e+05 +6.26975697e+05  2.69e+05   3.54e+02     4.26e-03   249.180s
 122000 +3.57953896e+05 +6.25807129e+05  2.68e+05   3.53e+02     4.22e-03   250.821s
 123000 +3.57671470e+05 +6.24666449e+05  2.67e+05   3.51e+02     4.20e-03   252.464s
 124000 +3.57410685e+05 +6.23475369e+05  2.66e+05   3.49e+02     4.13e-03   254.105s
 125000 +3.57166230e+05 +6.22237600e+05  2.65e+05   3.48e+02     4.10e-03   255.750s
 126000 +3.56913494e+05 +6.21034477e+05  2.64e+05   3.47e+02     4.07e-03   257.395s
 127000 +3.56662039e+05 +6.19875447e+05  2.63e+05   3.45e+02     4.04e-03   259.036s
 128000 +3.56411539e+05 +6.18677072e+05  2.62e+05   3.44e+02     4.00e-03   260.678s
 129000 +3.56160796e+05 +6.17498402e+05  2.61e+05   3.42e+02     3.97e-03   262.317s
 130000 +3.55911442e+05 +6.16450453e+05  2.61e+05   3.41e+02     3.95e-03   263.958s
 131000 +3.55660343e+05 +6.15279533e+05  2.60e+05   3.40e+02     3.93e-03   265.601s
 132000 +3.55428375e+05 +6.14137325e+05  2.59e+05   3.39e+02     3.88e-03   267.243s
 133000 +3.55215275e+05 +6.13054802e+05  2.58e+05   3.38e+02     3.85e-03   268.883s
 134000 +3.54988357e+05 +6.11951960e+05  2.57e+05   3.37e+02     3.82e-03   270.522s
 135000 +3.54774031e+05 +6.10937692e+05  2.56e+05   3.36e+02     3.80e-03   272.165s
 136000 +3.54040098e+05 +6.09498714e+05  2.55e+05   3.33e+02     3.44e-03   273.806s
 137000 +3.53760646e+05 +6.08405604e+05  2.55e+05   3.44e+02     3.37e-03   275.440s
 138000 +3.53476486e+05 +6.07072705e+05  2.54e+05   3.56e+02     3.35e-03   277.076s
 139000 +3.53192183e+05 +6.05566579e+05  2.52e+05   3.66e+02     3.33e-03   278.718s
 140000 +3.52912956e+05 +6.03857500e+05  2.51e+05   3.76e+02     3.30e-03   280.356s
 141000 +3.52634205e+05 +6.02246742e+05  2.50e+05   3.83e+02     3.28e-03   281.992s
 142000 +3.52354127e+05 +6.00753390e+05  2.48e+05   3.88e+02     3.26e-03   283.629s
 143000 +3.52063385e+05 +5.99281527e+05  2.47e+05   3.93e+02     3.24e-03   285.266s
 144000 +3.51790001e+05 +5.97910502e+05  2.46e+05   3.98e+02     3.22e-03   286.901s
 145000 +3.51520223e+05 +5.96551193e+05  2.45e+05   4.03e+02     3.20e-03   288.546s
 146000 +3.51246308e+05 +5.94954738e+05  2.44e+05   4.06e+02     3.18e-03   290.183s
 147000 +3.50989355e+05 +5.93343029e+05  2.42e+05   4.10e+02     3.16e-03   291.821s
 148000 +3.50728713e+05 +5.91713996e+05  2.41e+05   4.13e+02     3.14e-03   293.460s
 149000 +3.50463197e+05 +5.90143658e+05  2.40e+05   4.15e+02     3.11e-03   295.098s
 150000 +3.50193771e+05 +5.88625072e+05  2.38e+05   4.17e+02     3.09e-03   296.735s
 151000 +3.49923258e+05 +5.87134401e+05  2.37e+05   4.18e+02     3.07e-03   298.371s
 152000 +3.49645975e+05 +5.85650147e+05  2.36e+05   4.19e+02     3.05e-03   300.004s
 153000 +3.49354076e+05 +5.84251344e+05  2.35e+05   4.19e+02     3.02e-03   301.636s
 154000 +3.49067370e+05 +5.82910844e+05  2.34e+05   4.18e+02     3.01e-03   303.269s
 155000 +3.48790748e+05 +5.81490108e+05  2.33e+05   4.18e+02     2.98e-03   304.903s
 156000 +3.48508206e+05 +5.80271409e+05  2.32e+05   4.16e+02     2.97e-03   306.543s
 157000 +3.48229392e+05 +5.79103686e+05  2.31e+05   4.15e+02     2.95e-03   308.178s
 158000 +3.47951579e+05 +5.77954580e+05  2.30e+05   4.14e+02     2.94e-03   309.816s
 159000 +3.47677789e+05 +5.76929736e+05  2.29e+05   4.14e+02     2.93e-03   311.452s
 160000 +3.47404260e+05 +5.76061147e+05  2.29e+05   4.13e+02     2.91e-03   313.088s
 161000 +3.47142658e+05 +5.75165688e+05  2.28e+05   4.13e+02     2.90e-03   314.724s
 162000 +3.46874157e+05 +5.74231390e+05  2.27e+05   4.12e+02     2.88e-03   316.359s
 163000 +3.46624397e+05 +5.73333597e+05  2.27e+05   4.12e+02     2.87e-03   317.993s
 164000 +3.46366762e+05 +5.72515183e+05  2.26e+05   4.13e+02     2.87e-03   319.629s
 165000 +3.46125516e+05 +5.71728677e+05  2.26e+05   4.13e+02     2.85e-03   321.261s
 166000 +3.45870648e+05 +5.70934621e+05  2.25e+05   4.13e+02     2.85e-03   322.895s
 167000 +3.45594693e+05 +5.70182053e+05  2.25e+05   4.13e+02     2.90e-03   324.533s
 168000 +3.45352246e+05 +5.69496385e+05  2.24e+05   4.13e+02     2.84e-03   326.168s
 169000 +3.45103213e+05 +5.68863026e+05  2.24e+05   4.13e+02     2.81e-03   327.804s
 170000 +3.44854267e+05 +5.68192686e+05  2.23e+05   4.13e+02     2.81e-03   329.441s
 171000 +3.44585794e+05 +5.67512552e+05  2.23e+05   4.13e+02     2.80e-03   331.076s
 172000 +3.44341749e+05 +5.66831735e+05  2.22e+05   4.13e+02     2.79e-03   332.717s
 173000 +3.44077432e+05 +5.66124269e+05  2.22e+05   4.13e+02     2.78e-03   334.358s
 174000 +3.43817862e+05 +5.65475447e+05  2.22e+05   4.12e+02     2.77e-03   335.993s
 175000 +3.43558712e+05 +5.64806852e+05  2.21e+05   4.12e+02     2.77e-03   337.630s
 176000 +3.43292311e+05 +5.64092124e+05  2.21e+05   4.11e+02     2.76e-03   339.266s
 177000 +3.43029914e+05 +5.63366779e+05  2.20e+05   4.11e+02     2.75e-03   340.900s
 178000 +3.42763386e+05 +5.62619453e+05  2.20e+05   4.10e+02     2.73e-03   342.537s
 179000 +3.42509785e+05 +5.61884977e+05  2.19e+05   4.08e+02     2.72e-03   344.172s
 180000 +3.42237262e+05 +5.61218901e+05  2.19e+05   4.07e+02     2.71e-03   345.807s
 181000 +3.42000705e+05 +5.60569213e+05  2.19e+05   4.07e+02     2.70e-03   347.440s
 182000 +3.41738599e+05 +5.59892213e+05  2.18e+05   4.06e+02     2.69e-03   349.079s
 183000 +3.41507377e+05 +5.59348588e+05  2.18e+05   4.05e+02     2.68e-03   350.721s
 184000 +3.41242160e+05 +5.58823253e+05  2.18e+05   4.04e+02     2.67e-03   352.356s
 185000 +3.40985648e+05 +5.58263187e+05  2.17e+05   4.03e+02     2.65e-03   353.991s
 186000 +3.40724984e+05 +5.57670198e+05  2.17e+05   4.02e+02     2.64e-03   355.627s
 187000 +3.40501470e+05 +5.57099019e+05  2.17e+05   4.02e+02     2.63e-03   357.261s
 188000 +3.40295636e+05 +5.56542348e+05  2.16e+05   4.02e+02     2.62e-03   358.894s
 189000 +3.40087751e+05 +5.55964076e+05  2.16e+05   4.02e+02     2.62e-03   360.532s
 190000 +3.39890013e+05 +5.55352777e+05  2.15e+05   4.01e+02     2.61e-03   362.171s
 191000 +3.39686098e+05 +5.54760581e+05  2.15e+05   4.01e+02     2.60e-03   363.814s
 192000 +3.39473245e+05 +5.54196892e+05  2.15e+05   4.01e+02     2.59e-03   365.448s
 193000 +3.39263683e+05 +5.53625224e+05  2.14e+05   4.00e+02     2.58e-03   367.085s
 194000 +3.39063832e+05 +5.53076108e+05  2.14e+05   4.00e+02     2.57e-03   368.724s
 195000 +3.38862793e+05 +5.52528113e+05  2.14e+05   4.00e+02     2.56e-03   370.361s
 196000 +3.38697206e+05 +5.51956085e+05  2.13e+05   4.00e+02     2.56e-03   371.996s
 197000 +3.38495651e+05 +5.51312438e+05  2.13e+05   3.99e+02     2.55e-03   373.633s
 198000 +3.38295909e+05 +5.50704740e+05  2.12e+05   4.00e+02     2.54e-03   375.267s
 199000 +3.38097578e+05 +5.50069665e+05  2.12e+05   3.99e+02     2.53e-03   376.906s
 200000 +3.37895051e+05 +5.49407086e+05  2.12e+05   3.99e+02     2.52e-03   378.543s
 201000 +3.37660315e+05 +5.48807388e+05  2.11e+05   3.98e+02     2.52e-03   380.180s
 202000 +3.37433130e+05 +5.48237113e+05  2.11e+05   3.97e+02     2.50e-03   381.814s
 203000 +3.37212340e+05 +5.47708352e+05  2.10e+05   3.97e+02     2.48e-03   383.447s
 204000 +3.36997606e+05 +5.47256059e+05  2.10e+05   3.96e+02     2.48e-03   385.088s
 205000 +3.36795738e+05 +5.46746953e+05  2.10e+05   3.96e+02     2.47e-03   386.723s
 206000 +3.36617516e+05 +5.46101617e+05  2.09e+05   3.96e+02     2.46e-03   388.360s
 207000 +3.36417766e+05 +5.45509782e+05  2.09e+05   3.96e+02     2.46e-03   389.994s
 208000 +3.36245062e+05 +5.44925947e+05  2.09e+05   3.96e+02     2.45e-03   391.629s
 209000 +3.36058644e+05 +5.44375050e+05  2.08e+05   3.96e+02     2.44e-03   393.273s
 210000 +3.35884823e+05 +5.43783126e+05  2.08e+05   3.96e+02     2.42e-03   394.910s
 211000 +3.35709512e+05 +5.43213673e+05  2.08e+05   3.96e+02     2.41e-03   396.544s
 212000 +3.35030883e+05 +5.42394299e+05  2.07e+05   3.85e+02     2.22e-03   398.178s
 213000 +3.34711506e+05 +5.41892410e+05  2.07e+05   3.92e+02     2.20e-03   399.809s
 214000 +3.34396928e+05 +5.41437459e+05  2.07e+05   3.98e+02     2.20e-03   401.445s
 215000 +3.34099687e+05 +5.40980530e+05  2.07e+05   4.05e+02     2.20e-03   403.078s
 216000 +3.33864862e+05 +5.40521316e+05  2.07e+05   4.11e+02     2.21e-03   404.709s
 217000 +3.33605130e+05 +5.40066037e+05  2.06e+05   4.16e+02     2.19e-03   406.344s
 218000 +3.33295257e+05 +5.39601081e+05  2.06e+05   4.22e+02     2.19e-03   407.975s
 219000 +3.32987490e+05 +5.38991346e+05  2.06e+05   4.29e+02     2.18e-03   409.610s
 220000 +3.32668755e+05 +5.38306469e+05  2.06e+05   4.37e+02     2.18e-03   411.243s
 221000 +3.32352100e+05 +5.37525530e+05  2.05e+05   4.45e+02     2.17e-03   412.879s
 222000 +3.32045005e+05 +5.36596391e+05  2.05e+05   4.52e+02     2.17e-03   414.511s
 223000 +3.31718283e+05 +5.35537135e+05  2.04e+05   4.61e+02     2.16e-03   416.147s
 224000 +3.31412171e+05 +5.34641596e+05  2.03e+05   4.68e+02     2.15e-03   417.779s
 225000 +3.31087404e+05 +5.33806008e+05  2.03e+05   4.75e+02     2.15e-03   419.413s
 226000 +3.30766884e+05 +5.32823700e+05  2.02e+05   4.81e+02     2.14e-03   421.046s
 227000 +3.30457889e+05 +5.31857645e+05  2.01e+05   4.86e+02     2.13e-03   422.678s
 228000 +3.30169478e+05 +5.31099612e+05  2.01e+05   4.90e+02     2.12e-03   424.310s
 229000 +3.29841125e+05 +5.30160517e+05  2.00e+05   4.94e+02     2.12e-03   425.942s
 230000 +3.29527588e+05 +5.29201580e+05  2.00e+05   4.98e+02     2.11e-03   427.580s
 231000 +3.29225083e+05 +5.27987597e+05  1.99e+05   5.05e+02     2.11e-03   429.211s
 232000 +3.28952075e+05 +5.26783589e+05  1.98e+05   5.11e+02     2.10e-03   430.846s
 233000 +3.28682323e+05 +5.25567398e+05  1.97e+05   5.17e+02     2.09e-03   432.480s
 234000 +3.28393281e+05 +5.24500555e+05  1.96e+05   5.23e+02     2.07e-03   434.114s
 235000 +3.28150617e+05 +5.23381014e+05  1.95e+05   5.28e+02     2.06e-03   435.745s
 236000 +3.27888965e+05 +5.22226285e+05  1.94e+05   5.31e+02     2.05e-03   437.380s
 237000 +3.27633526e+05 +5.20993120e+05  1.93e+05   5.36e+02     2.04e-03   439.016s
 238000 +3.27369354e+05 +5.19737264e+05  1.92e+05   5.39e+02     2.04e-03   440.649s
 239000 +3.27117191e+05 +5.18576870e+05  1.91e+05   5.41e+02     2.03e-03   442.287s
 240000 +3.26873395e+05 +5.17280009e+05  1.90e+05   5.45e+02     2.02e-03   443.924s
 241000 +3.26610310e+05 +5.15907894e+05  1.89e+05   5.49e+02     2.00e-03   445.564s
 242000 +3.26366886e+05 +5.14532744e+05  1.88e+05   5.51e+02     1.99e-03   447.200s
 243000 +3.26105774e+05 +5.13256665e+05  1.87e+05   5.53e+02     1.97e-03   448.833s
 244000 +3.25863646e+05 +5.11864532e+05  1.86e+05   5.56e+02     1.96e-03   450.469s
 245000 +3.25622144e+05 +5.10542993e+05  1.85e+05   5.59e+02     1.95e-03   452.104s
 246000 +3.25367599e+05 +5.09261387e+05  1.84e+05   5.62e+02     1.93e-03   453.741s
 247000 +3.25122176e+05 +5.07982739e+05  1.83e+05   5.65e+02     1.92e-03   455.382s
 248000 +3.24883395e+05 +5.06871483e+05  1.82e+05   5.67e+02     1.91e-03   457.020s
 249000 +3.24642200e+05 +5.05602248e+05  1.81e+05   5.71e+02     1.89e-03   458.654s
 250000 +3.24415026e+05 +5.04351401e+05  1.80e+05   5.73e+02     1.88e-03   460.294s
 251000 +3.24180001e+05 +5.03099879e+05  1.79e+05   5.75e+02     1.87e-03   461.927s
 252000 +3.23955668e+05 +5.01734435e+05  1.78e+05   5.77e+02     1.86e-03   463.562s
 253000 +3.23768812e+05 +5.00438464e+05  1.77e+05   5.78e+02     1.85e-03   465.196s
 254000 +3.23558907e+05 +4.99267891e+05  1.76e+05   5.79e+02     1.84e-03   466.837s
 255000 +3.23347882e+05 +4.98024134e+05  1.75e+05   5.79e+02     1.82e-03   468.473s
 256000 +3.23158985e+05 +4.96845103e+05  1.74e+05   5.79e+02     1.81e-03   470.110s
 257000 +3.22956897e+05 +4.95747632e+05  1.73e+05   5.78e+02     1.81e-03   471.747s
 258000 +3.22758779e+05 +4.94680161e+05  1.72e+05   5.78e+02     1.79e-03   473.388s
 259000 +3.22562608e+05 +4.93707546e+05  1.71e+05   5.76e+02     1.78e-03   475.026s
 260000 +3.22372957e+05 +4.92707764e+05  1.70e+05   5.76e+02     1.78e-03   476.662s
 261000 +3.22238131e+05 +4.91695982e+05  1.69e+05   5.75e+02     1.77e-03   478.303s
 262000 +3.22048203e+05 +4.90626409e+05  1.69e+05   5.75e+02     1.76e-03   479.942s
 263000 +3.21874454e+05 +4.89489683e+05  1.68e+05   5.74e+02     1.76e-03   481.577s
 264000 +3.21706879e+05 +4.88435576e+05  1.67e+05   5.73e+02     1.74e-03   483.215s
 265000 +3.21547219e+05 +4.87459615e+05  1.66e+05   5.71e+02     1.74e-03   484.852s
 266000 +3.21361141e+05 +4.86530087e+05  1.65e+05   5.70e+02     1.72e-03   486.490s
 267000 +3.21177807e+05 +4.85609303e+05  1.64e+05   5.70e+02     1.72e-03   488.129s
 268000 +3.20996083e+05 +4.84614400e+05  1.64e+05   5.68e+02     1.87e-03   489.770s
 269000 +3.20794371e+05 +4.83527107e+05  1.63e+05   5.68e+02     1.69e-03   491.408s
 270000 +3.20596092e+05 +4.82415467e+05  1.62e+05   5.67e+02     1.66e-03   493.048s
 271000 +3.20411337e+05 +4.81330780e+05  1.61e+05   5.67e+02     1.65e-03   494.689s
 272000 +3.20228262e+05 +4.80286306e+05  1.60e+05   5.66e+02     1.64e-03   496.332s
 273000 +3.20057376e+05 +4.79130020e+05  1.59e+05   5.66e+02     1.63e-03   497.970s
 274000 +3.19884148e+05 +4.78081777e+05  1.58e+05   5.66e+02     1.62e-03   499.612s
 275000 +3.19737815e+05 +4.76969414e+05  1.57e+05   5.66e+02     1.61e-03   501.249s
 276000 +3.19572166e+05 +4.75838648e+05  1.56e+05   5.65e+02     1.60e-03   502.890s
 277000 +3.19416971e+05 +4.74759337e+05  1.55e+05   5.65e+02     1.59e-03   504.528s
 278000 +3.19259401e+05 +4.73802005e+05  1.55e+05   5.64e+02     1.58e-03   506.172s
 279000 +3.19103801e+05 +4.72780112e+05  1.54e+05   5.62e+02     1.57e-03   507.811s
 280000 +3.18913959e+05 +4.71819039e+05  1.53e+05   5.61e+02     1.55e-03   509.450s
 281000 +3.18770887e+05 +4.70806810e+05  1.52e+05   5.60e+02     1.55e-03   511.093s
 282000 +3.18632201e+05 +4.69819657e+05  1.51e+05   5.59e+02     1.54e-03   512.730s
 283000 +3.18506519e+05 +4.68813267e+05  1.50e+05   5.58e+02     1.54e-03   514.374s
 284000 +3.18448227e+05 +4.67871035e+05  1.49e+05   5.57e+02     1.53e-03   516.012s
 285000 +3.18322691e+05 +4.66898250e+05  1.49e+05   5.56e+02     1.53e-03   517.659s
 286000 +3.18232237e+05 +4.65908896e+05  1.48e+05   5.55e+02     1.51e-03   519.297s
 287000 +3.18137262e+05 +4.64937970e+05  1.47e+05   5.53e+02     1.50e-03   520.940s
 288000 +3.18102110e+05 +4.64037373e+05  1.46e+05   5.51e+02     1.52e-03   522.580s
 289000 +3.17957083e+05 +4.63090036e+05  1.45e+05   5.48e+02     1.49e-03   524.217s
 290000 +3.17824806e+05 +4.62139880e+05  1.44e+05   5.47e+02     1.48e-03   525.856s
 291000 +3.17676456e+05 +4.61239866e+05  1.44e+05   5.44e+02     1.47e-03   527.492s
 292000 +3.17553049e+05 +4.60353287e+05  1.43e+05   5.43e+02     1.46e-03   529.131s
 293000 +3.17435654e+05 +4.59517287e+05  1.42e+05   5.42e+02     1.45e-03   530.772s
 294000 +3.17307285e+05 +4.58660830e+05  1.41e+05   5.41e+02     1.45e-03   532.412s
 295000 +3.17185931e+05 +4.57828264e+05  1.41e+05   5.40e+02     1.44e-03   534.048s
 296000 +3.17072485e+05 +4.56998751e+05  1.40e+05   5.40e+02     1.43e-03   535.692s
 297000 +3.16960369e+05 +4.56142345e+05  1.39e+05   5.39e+02     1.43e-03   537.330s
 298000 +3.16852659e+05 +4.55259190e+05  1.38e+05   5.39e+02     1.42e-03   538.970s
 299000 +3.16740843e+05 +4.54368450e+05  1.38e+05   5.38e+02     1.41e-03   540.607s
 300000 +3.16627248e+05 +4.53464881e+05  1.37e+05   5.37e+02     1.41e-03   542.244s
 301000 +3.16529136e+05 +4.52468238e+05  1.36e+05   5.37e+02     1.40e-03   543.879s
 302000 +3.16421955e+05 +4.51409579e+05  1.35e+05   5.38e+02     1.39e-03   545.523s
 303000 +3.16312400e+05 +4.50328991e+05  1.34e+05   5.39e+02     1.38e-03   547.160s
 304000 +3.16215470e+05 +4.49186853e+05  1.33e+05   5.39e+02     1.37e-03   548.800s
 305000 +3.16114134e+05 +4.48083504e+05  1.32e+05   5.38e+02     1.36e-03   550.438s
 306000 +3.16004003e+05 +4.47011517e+05  1.31e+05   5.38e+02     1.36e-03   552.081s
 307000 +3.15883640e+05 +4.46024573e+05  1.30e+05   5.37e+02     1.35e-03   553.720s
 308000 +3.15789865e+05 +4.44982429e+05  1.29e+05   5.37e+02     1.34e-03   555.357s
 309000 +3.15670009e+05 +4.44025160e+05  1.28e+05   5.37e+02     1.33e-03   556.999s
 310000 +3.15566232e+05 +4.43048568e+05  1.27e+05   5.35e+02     1.31e-03   558.639s
 311000 +3.15457186e+05 +4.42087002e+05  1.27e+05   5.35e+02     1.30e-03   560.277s
 312000 +3.15373180e+05 +4.41105449e+05  1.26e+05   5.34e+02     1.29e-03   561.919s
 313000 +3.15279670e+05 +4.40083653e+05  1.25e+05   5.33e+02     1.29e-03   563.556s
 314000 +3.15185949e+05 +4.38976496e+05  1.24e+05   5.33e+02     1.28e-03   565.198s
 315000 +3.15077933e+05 +4.37842029e+05  1.23e+05   5.33e+02     1.28e-03   566.843s
 316000 +3.14988527e+05 +4.36725781e+05  1.22e+05   5.32e+02     1.25e-03   568.478s
 317000 +3.14911751e+05 +4.35578520e+05  1.21e+05   5.32e+02     1.24e-03   570.117s
 318000 +3.14832701e+05 +4.34487463e+05  1.20e+05   5.30e+02     1.23e-03   571.755s
 319000 +3.14773569e+05 +4.33417392e+05  1.19e+05   5.29e+02     1.23e-03   573.395s
 320000 +3.14705812e+05 +4.32176613e+05  1.17e+05   5.29e+02     1.23e-03   575.033s
 321000 +3.14614289e+05 +4.31056023e+05  1.16e+05   5.29e+02     1.22e-03   576.671s
 322000 +3.14548330e+05 +4.29862382e+05  1.15e+05   5.28e+02     1.23e-03   578.310s
 323000 +3.14480950e+05 +4.28731523e+05  1.14e+05   5.27e+02     1.21e-03   579.948s
 324000 +3.14398206e+05 +4.27669038e+05  1.13e+05   5.26e+02     1.18e-03   581.591s
 325000 +3.14348868e+05 +4.26624637e+05  1.12e+05   5.25e+02     1.17e-03   583.231s
 326000 +3.14295190e+05 +4.25594057e+05  1.11e+05   5.23e+02     1.17e-03   584.872s
 327000 +3.14252634e+05 +4.24598497e+05  1.10e+05   5.21e+02     1.17e-03   586.514s
 328000 +3.14187040e+05 +4.23621713e+05  1.09e+05   5.20e+02     1.15e-03   588.152s
 329000 +3.14125213e+05 +4.22609779e+05  1.08e+05   5.19e+02     1.13e-03   589.790s
 330000 +3.14074107e+05 +4.21671019e+05  1.08e+05   5.17e+02     1.13e-03   591.428s
 331000 +3.14089933e+05 +4.20689461e+05  1.07e+05   4.95e+02     1.12e-03   593.069s
 332000 +3.14023671e+05 +4.19630021e+05  1.06e+05   5.05e+02     1.00e-03   594.704s
 333000 +3.13892814e+05 +4.18551643e+05  1.05e+05   5.13e+02     9.96e-04   596.339s
 334000 +3.13769158e+05 +4.17482245e+05  1.04e+05   5.22e+02     9.90e-04   597.972s
 335000 +3.13646329e+05 +4.16306590e+05  1.03e+05   5.31e+02     9.84e-04   599.608s
 336000 +3.13523002e+05 +4.15098547e+05  1.02e+05   5.41e+02     9.77e-04   601.243s
 337000 +3.13396124e+05 +4.13889949e+05  1.00e+05   5.49e+02     9.71e-04   602.878s
 338000 +3.13278882e+05 +4.12675460e+05  9.94e+04   5.57e+02     9.65e-04   604.517s
 339000 +3.13165366e+05 +4.11462808e+05  9.83e+04   5.65e+02     9.58e-04   606.154s
 340000 +3.13042186e+05 +4.10242725e+05  9.72e+04   5.72e+02     9.52e-04   607.791s
 341000 +3.12918928e+05 +4.09026996e+05  9.61e+04   5.78e+02     9.46e-04   609.428s
 342000 +3.12799568e+05 +4.07817584e+05  9.50e+04   5.84e+02     9.39e-04   611.067s
 343000 +3.12670337e+05 +4.06632112e+05  9.40e+04   5.89e+02     9.34e-04   612.701s
 344000 +3.12557083e+05 +4.05467549e+05  9.29e+04   5.94e+02     9.26e-04   614.333s
 345000 +3.12447619e+05 +4.04323716e+05  9.19e+04   5.98e+02     9.20e-04   615.972s
 346000 +3.12340254e+05 +4.03203828e+05  9.09e+04   6.01e+02     9.14e-04   617.605s
 347000 +3.12240264e+05 +4.02068403e+05  8.98e+04   6.02e+02     9.08e-04   619.240s
 348000 +3.12142799e+05 +4.00995485e+05  8.89e+04   6.04e+02     9.01e-04   620.874s
 349000 +3.12056883e+05 +3.99943748e+05  8.79e+04   6.06e+02     8.94e-04   622.508s
 350000 +3.11972059e+05 +3.98944549e+05  8.70e+04   6.07e+02     8.89e-04   624.144s
 351000 +3.11881477e+05 +3.97980378e+05  8.61e+04   6.08e+02     8.84e-04   625.777s
 352000 +3.11800580e+05 +3.97074325e+05  8.53e+04   6.08e+02     8.78e-04   627.411s
 353000 +3.11722177e+05 +3.96187960e+05  8.45e+04   6.08e+02     8.71e-04   629.042s
 354000 +3.11652667e+05 +3.95300679e+05  8.36e+04   6.08e+02     8.66e-04   630.674s
 355000 +3.11588872e+05 +3.94420577e+05  8.28e+04   6.08e+02     8.61e-04   632.307s
 356000 +3.11518397e+05 +3.93538186e+05  8.20e+04   6.08e+02     8.55e-04   633.941s
 357000 +3.11443225e+05 +3.92636348e+05  8.12e+04   6.08e+02     8.48e-04   635.575s
 358000 +3.11384600e+05 +3.91740612e+05  8.04e+04   6.07e+02     8.42e-04   637.209s
 359000 +3.11319052e+05 +3.90871404e+05  7.96e+04   6.06e+02     8.37e-04   638.843s
 360000 +3.11261826e+05 +3.89953667e+05  7.87e+04   6.04e+02     8.31e-04   640.477s
 361000 +3.11209702e+05 +3.89061916e+05  7.79e+04   6.01e+02     8.29e-04   642.109s
 362000 +3.11146634e+05 +3.88203538e+05  7.71e+04   6.00e+02     8.22e-04   643.743s
 363000 +3.11099712e+05 +3.87436461e+05  7.63e+04   5.98e+02     8.17e-04   645.374s
 364000 +3.11051533e+05 +3.86673679e+05  7.56e+04   5.97e+02     8.12e-04   647.006s
 365000 +3.10996332e+05 +3.85904756e+05  7.49e+04   5.95e+02     8.08e-04   648.640s
 366000 +3.10954850e+05 +3.85118272e+05  7.42e+04   5.93e+02     8.02e-04   650.272s
 367000 +3.10914136e+05 +3.84332643e+05  7.34e+04   5.91e+02     7.96e-04   651.903s
 368000 +3.10885277e+05 +3.83618742e+05  7.27e+04   5.88e+02     7.93e-04   653.539s
 369000 +3.10854263e+05 +3.82944184e+05  7.21e+04   5.85e+02     7.88e-04   655.174s
 370000 +3.10825330e+05 +3.82280439e+05  7.15e+04   5.81e+02     7.86e-04   656.809s
 371000 +3.10808332e+05 +3.81660527e+05  7.09e+04   5.78e+02     7.80e-04   658.443s
 372000 +3.10768071e+05 +3.81043688e+05  7.03e+04   5.76e+02     7.75e-04   660.078s
 373000 +3.10828398e+05 +3.80417488e+05  6.96e+04   5.73e+02     7.82e-04   661.714s
 374000 +3.10805101e+05 +3.79798676e+05  6.90e+04   5.70e+02     7.75e-04   663.354s
 375000 +3.10764925e+05 +3.79150197e+05  6.84e+04   5.69e+02     7.64e-04   664.988s
 376000 +3.10736353e+05 +3.78441554e+05  6.77e+04   5.67e+02     7.61e-04   666.619s
 377000 +3.10711246e+05 +3.77730275e+05  6.70e+04   5.66e+02     7.55e-04   668.254s
 378000 +3.10691843e+05 +3.76944810e+05  6.63e+04   5.64e+02     7.50e-04   669.885s
 379000 +3.10660231e+05 +3.76216629e+05  6.56e+04   5.62e+02     7.48e-04   671.516s
 380000 +3.10622982e+05 +3.75502385e+05  6.49e+04   5.61e+02     7.44e-04   673.149s
 381000 +3.10595144e+05 +3.74786056e+05  6.42e+04   5.59e+02     7.42e-04   674.783s
 382000 +3.10576077e+05 +3.74089764e+05  6.35e+04   5.58e+02     7.33e-04   676.416s
 383000 +3.10560546e+05 +3.73399534e+05  6.28e+04   5.55e+02     7.33e-04   678.051s
 384000 +3.10545594e+05 +3.72710816e+05  6.22e+04   5.51e+02     7.26e-04   679.687s
 385000 +3.10539561e+05 +3.71959719e+05  6.14e+04   5.49e+02     7.20e-04   681.320s
 386000 +3.10536537e+05 +3.71269861e+05  6.07e+04   5.47e+02     7.22e-04   682.953s
 387000 +3.10521851e+05 +3.70642866e+05  6.01e+04   5.45e+02     7.08e-04   684.590s
 388000 +3.10553578e+05 +3.69981631e+05  5.94e+04   5.43e+02     7.10e-04   686.221s
 389000 +3.10526084e+05 +3.69299598e+05  5.88e+04   5.41e+02     6.99e-04   687.852s
 390000 +3.10524892e+05 +3.68628550e+05  5.81e+04   5.40e+02     7.00e-04   689.483s
 391000 +3.10505359e+05 +3.67990602e+05  5.75e+04   5.38e+02     6.88e-04   691.118s
 392000 +3.10507176e+05 +3.67351780e+05  5.68e+04   5.36e+02     6.92e-04   692.751s
 393000 +3.10479157e+05 +3.66735721e+05  5.63e+04   5.34e+02     6.80e-04   694.383s
 394000 +3.10460856e+05 +3.66140309e+05  5.57e+04   5.32e+02     6.73e-04   696.016s
 395000 +3.10434767e+05 +3.65495727e+05  5.51e+04   5.30e+02     6.66e-04   697.652s
 396000 +3.10422193e+05 +3.64902783e+05  5.45e+04   5.29e+02     6.60e-04   699.283s
 397000 +3.10394595e+05 +3.64315197e+05  5.39e+04   5.28e+02     6.55e-04   700.918s
 398000 +3.10379573e+05 +3.63682733e+05  5.33e+04   5.26e+02     6.50e-04   702.549s
 399000 +3.10369456e+05 +3.62974823e+05  5.26e+04   5.26e+02     6.43e-04   704.181s
 400000 +3.10354252e+05 +3.62268627e+05  5.19e+04   5.25e+02     6.37e-04   705.812s
 401000 +3.10338195e+05 +3.61504481e+05  5.12e+04   5.24e+02     6.31e-04   707.449s
 402000 +3.10333003e+05 +3.60779576e+05  5.04e+04   5.22e+02     6.24e-04   709.085s
 403000 +3.10325548e+05 +3.60070882e+05  4.97e+04   5.21e+02     6.16e-04   710.716s
 404000 +3.10314938e+05 +3.59409081e+05  4.91e+04   5.19e+02     6.11e-04   712.349s
 405000 +3.10301171e+05 +3.58755120e+05  4.85e+04   5.17e+02     6.06e-04   713.983s
 406000 +3.10304548e+05 +3.58111606e+05  4.78e+04   5.15e+02     6.02e-04   715.620s
 407000 +3.10283290e+05 +3.57511022e+05  4.72e+04   5.13e+02     5.95e-04   717.251s
 408000 +3.10296875e+05 +3.56874504e+05  4.66e+04   5.11e+02     5.93e-04   718.882s
 409000 +3.10302799e+05 +3.56215333e+05  4.59e+04   5.09e+02     5.89e-04   720.518s
 410000 +3.10302962e+05 +3.55497116e+05  4.52e+04   5.07e+02     5.76e-04   722.150s
 411000 +3.10290976e+05 +3.54799363e+05  4.45e+04   5.06e+02     5.66e-04   723.782s
 412000 +3.10309622e+05 +3.54048205e+05  4.37e+04   5.04e+02     5.58e-04   725.415s
 413000 +3.10307195e+05 +3.53387134e+05  4.31e+04   5.02e+02     5.52e-04   727.052s
 414000 +3.10299710e+05 +3.52674709e+05  4.24e+04   5.00e+02     5.43e-04   728.685s
 415000 +3.10317764e+05 +3.52005624e+05  4.17e+04   4.97e+02     5.40e-04   730.323s
 416000 +3.10333950e+05 +3.51353901e+05  4.10e+04   4.94e+02     5.34e-04   731.958s
 417000 +3.10351722e+05 +3.50776313e+05  4.04e+04   4.90e+02     5.24e-04   733.590s
 418000 +3.10374945e+05 +3.50209363e+05  3.98e+04   4.84e+02     5.17e-04   735.220s
 419000 +3.10384182e+05 +3.49739279e+05  3.94e+04   4.81e+02     5.27e-04   736.853s
 420000 +3.10412286e+05 +3.49299690e+05  3.89e+04   4.78e+02     5.10e-04   738.487s
 421000 +3.10429067e+05 +3.48917573e+05  3.85e+04   4.75e+02     5.02e-04   740.122s
 422000 +3.10442948e+05 +3.48526311e+05  3.81e+04   4.72e+02     4.97e-04   741.763s
 423000 +3.10457888e+05 +3.48193513e+05  3.77e+04   4.70e+02     4.94e-04   743.396s
 424000 +3.10489705e+05 +3.47863706e+05  3.74e+04   4.67e+02     4.90e-04   745.027s
 425000 +3.10527135e+05 +3.47524248e+05  3.70e+04   4.64e+02     4.88e-04   746.660s
 426000 +3.10570337e+05 +3.47203975e+05  3.66e+04   4.61e+02     4.84e-04   748.294s
 427000 +3.10613389e+05 +3.46861281e+05  3.62e+04   4.58e+02     4.77e-04   749.930s
 428000 +3.10663954e+05 +3.46534959e+05  3.59e+04   4.55e+02     4.78e-04   751.564s
 429000 +3.10723908e+05 +3.46231663e+05  3.55e+04   4.52e+02     4.69e-04   753.197s
 430000 +3.10793414e+05 +3.45943758e+05  3.52e+04   4.49e+02     4.78e-04   754.830s
 431000 +3.10852337e+05 +3.45685488e+05  3.48e+04   4.46e+02     4.57e-04   756.462s
 432000 +3.10906944e+05 +3.45469134e+05  3.46e+04   4.43e+02     4.52e-04   758.094s
 433000 +3.10932486e+05 +3.45222953e+05  3.43e+04   4.40e+02     4.46e-04   759.729s
 434000 +3.10955170e+05 +3.45010431e+05  3.41e+04   4.37e+02     4.43e-04   761.360s
 435000 +3.11001278e+05 +3.44847586e+05  3.38e+04   4.33e+02     4.38e-04   762.996s
 436000 +3.11026288e+05 +3.44699477e+05  3.37e+04   4.29e+02     4.32e-04   764.627s
 437000 +3.11063684e+05 +3.44554265e+05  3.35e+04   4.27e+02     4.30e-04   766.265s
 438000 +3.11099854e+05 +3.44428800e+05  3.33e+04   4.24e+02     4.24e-04   767.899s
 439000 +3.11132376e+05 +3.44307375e+05  3.32e+04   4.21e+02     4.20e-04   769.533s
 440000 +3.11176070e+05 +3.44145006e+05  3.30e+04   4.19e+02     4.17e-04   771.168s
 441000 +3.11210688e+05 +3.43991835e+05  3.28e+04   4.17e+02     4.11e-04   772.800s
 442000 +3.11238071e+05 +3.43822394e+05  3.26e+04   4.15e+02     4.09e-04   774.435s
 443000 +3.11271448e+05 +3.43635795e+05  3.24e+04   4.14e+02     4.02e-04   776.070s
 444000 +3.11301538e+05 +3.43480455e+05  3.22e+04   4.13e+02     3.99e-04   777.705s
 445000 +3.11336109e+05 +3.43289203e+05  3.20e+04   4.11e+02     3.95e-04   779.338s
 446000 +3.11379224e+05 +3.43095849e+05  3.17e+04   4.09e+02     4.02e-04   780.973s
 447000 +3.11425391e+05 +3.42921089e+05  3.15e+04   4.08e+02     3.93e-04   782.606s
 448000 +3.11475862e+05 +3.42754460e+05  3.13e+04   4.06e+02     3.83e-04   784.239s
 449000 +3.11533091e+05 +3.42592654e+05  3.11e+04   4.03e+02     3.77e-04   785.873s
 450000 +3.11589546e+05 +3.42419122e+05  3.08e+04   4.01e+02     3.73e-04   787.508s
 451000 +3.11619462e+05 +3.42252024e+05  3.06e+04   4.00e+02     3.70e-04   789.140s
 452000 +3.11657225e+05 +3.42082595e+05  3.04e+04   3.98e+02     3.66e-04   790.771s
 453000 +3.11685413e+05 +3.41915773e+05  3.02e+04   3.97e+02     3.62e-04   792.404s
 454000 +3.11722806e+05 +3.41737985e+05  3.00e+04   3.95e+02     3.62e-04   794.041s
 455000 +3.11749760e+05 +3.41521701e+05  2.98e+04   3.94e+02     3.55e-04   795.675s
 456000 +3.11777602e+05 +3.41299668e+05  2.95e+04   3.93e+02     3.52e-04   797.312s
 457000 +3.11809340e+05 +3.41091722e+05  2.93e+04   3.92e+02     3.48e-04   798.946s
 458000 +3.11836865e+05 +3.40867845e+05  2.90e+04   3.90e+02     3.44e-04   800.582s
 459000 +3.11862090e+05 +3.40679424e+05  2.88e+04   3.89e+02     3.40e-04   802.218s
 460000 +3.11875190e+05 +3.40486789e+05  2.86e+04   3.88e+02     3.38e-04   803.854s
 461000 +3.11896671e+05 +3.40304990e+05  2.84e+04   3.86e+02     3.38e-04   805.489s
 462000 +3.11925985e+05 +3.40146144e+05  2.82e+04   3.84e+02     3.31e-04   807.126s
 463000 +3.11949987e+05 +3.39994685e+05  2.80e+04   3.82e+02     3.31e-04   808.761s
 464000 +3.11969292e+05 +3.39867712e+05  2.79e+04   3.81e+02     3.27e-04   810.398s
 465000 +3.11995533e+05 +3.39753102e+05  2.78e+04   3.80e+02     3.27e-04   812.037s
 466000 +3.12020548e+05 +3.39634585e+05  2.76e+04   3.79e+02     3.22e-04   813.679s
 467000 +3.12048054e+05 +3.39527432e+05  2.75e+04   3.77e+02     3.32e-04   815.313s
 468000 +3.12072318e+05 +3.39420869e+05  2.73e+04   3.76e+02     3.18e-04   816.954s
 469000 +3.12102141e+05 +3.39332230e+05  2.72e+04   3.75e+02     3.18e-04   818.590s
 470000 +3.12154230e+05 +3.39237944e+05  2.71e+04   3.73e+02     3.16e-04   820.229s
 471000 +3.12184283e+05 +3.39145359e+05  2.70e+04   3.71e+02     3.13e-04   821.870s
 472000 +3.12212757e+05 +3.39024694e+05  2.68e+04   3.70e+02     3.11e-04   823.509s
 473000 +3.12241330e+05 +3.38915264e+05  2.67e+04   3.69e+02     3.11e-04   825.151s
 474000 +3.12270217e+05 +3.38799718e+05  2.65e+04   3.68e+02     3.06e-04   826.783s
 475000 +3.12299923e+05 +3.38699655e+05  2.64e+04   3.67e+02     3.11e-04   828.420s
 476000 +3.12327549e+05 +3.38597508e+05  2.63e+04   3.65e+02     3.05e-04   830.059s
 477000 +3.12358472e+05 +3.38498324e+05  2.61e+04   3.64e+02     3.03e-04   831.699s
 478000 +3.12442698e+05 +3.38405940e+05  2.60e+04   3.62e+02     3.14e-04   833.336s
 479000 +3.12464514e+05 +3.38321076e+05  2.59e+04   3.61e+02     3.02e-04   834.973s
 480000 +3.12492356e+05 +3.38226474e+05  2.57e+04   3.60e+02     2.97e-04   836.612s
 481000 +3.12522430e+05 +3.38132337e+05  2.56e+04   3.59e+02     2.96e-04   838.247s
 482000 +3.12569389e+05 +3.38049393e+05  2.55e+04   3.58e+02     2.95e-04   839.885s
 483000 +3.12586635e+05 +3.37955467e+05  2.54e+04   3.57e+02     2.91e-04   841.524s
 484000 +3.12642348e+05 +3.37869892e+05  2.52e+04   3.56e+02     3.47e-04   843.163s
 485000 +3.12673704e+05 +3.37785597e+05  2.51e+04   3.55e+02     2.98e-04   844.799s
 486000 +3.12702817e+05 +3.37702132e+05  2.50e+04   3.54e+02     3.01e-04   846.437s
 487000 +3.12731156e+05 +3.37611266e+05  2.49e+04   3.53e+02     2.88e-04   848.073s
 488000 +3.12768349e+05 +3.37524785e+05  2.48e+04   3.52e+02     2.87e-04   849.708s
 489000 +3.12791654e+05 +3.37425790e+05  2.46e+04   3.51e+02     2.82e-04   851.342s
 490000 +3.12804714e+05 +3.37314952e+05  2.45e+04   3.50e+02     2.82e-04   852.977s
 491000 +3.12820243e+05 +3.37196182e+05  2.44e+04   3.49e+02     2.84e-04   854.614s
 492000 +3.12838574e+05 +3.37080686e+05  2.42e+04   3.48e+02     2.89e-04   856.248s
 493000 +3.12856800e+05 +3.36966670e+05  2.41e+04   3.47e+02     2.87e-04   857.884s
 494000 +3.12877477e+05 +3.36855335e+05  2.40e+04   3.47e+02     2.87e-04   859.522s
 495000 +3.12896266e+05 +3.36740268e+05  2.38e+04   3.46e+02     2.84e-04   861.163s
 496000 +3.12907840e+05 +3.36627469e+05  2.37e+04   3.45e+02     2.82e-04   862.799s
 497000 +3.12930382e+05 +3.36519654e+05  2.36e+04   3.45e+02     2.78e-04   864.436s
 498000 +3.12948276e+05 +3.36418351e+05  2.35e+04   3.44e+02     2.75e-04   866.074s
 499000 +3.12963494e+05 +3.36313129e+05  2.33e+04   3.44e+02     2.71e-04   867.711s
 500000 +3.12981596e+05 +3.36206554e+05  2.32e+04   3.43e+02     2.70e-04   869.349s
 501000 +3.13000148e+05 +3.36106204e+05  2.31e+04   3.42e+02     2.67e-04   870.986s
 502000 +3.13017346e+05 +3.36012630e+05  2.30e+04   3.41e+02     2.66e-04   872.623s
 503000 +3.13038385e+05 +3.35925695e+05  2.29e+04   3.41e+02     2.65e-04   874.258s
 504000 +3.13060821e+05 +3.35851516e+05  2.28e+04   3.40e+02     2.65e-04   875.896s
 505000 +3.13080727e+05 +3.35779085e+05  2.27e+04   3.39e+02     2.64e-04   877.532s
 506000 +3.13108855e+05 +3.35688347e+05  2.26e+04   3.38e+02     2.68e-04   879.170s
 507000 +3.13144583e+05 +3.35596812e+05  2.25e+04   3.37e+02     2.76e-04   880.806s
 508000 +3.13168575e+05 +3.35510073e+05  2.23e+04   3.36e+02     2.61e-04   882.443s
 509000 +3.13188254e+05 +3.35434109e+05  2.22e+04   3.35e+02     2.61e-04   884.081s
 510000 +3.13208047e+05 +3.35349607e+05  2.21e+04   3.35e+02     2.62e-04   885.719s
 511000 +3.13246435e+05 +3.35275930e+05  2.20e+04   3.34e+02     2.62e-04   887.357s
 512000 +3.13262570e+05 +3.35213800e+05  2.20e+04   3.33e+02     2.59e-04   888.993s
 513000 +3.13280010e+05 +3.35151231e+05  2.19e+04   3.32e+02     2.57e-04   890.632s
 514000 +3.13304130e+05 +3.35083166e+05  2.18e+04   3.31e+02     2.57e-04   892.267s
 515000 +3.13314737e+05 +3.35018525e+05  2.17e+04   3.31e+02     2.56e-04   893.905s
 516000 +3.13359579e+05 +3.34961947e+05  2.16e+04   3.30e+02     3.29e-04   895.541s
 517000 +3.13379402e+05 +3.34919118e+05  2.15e+04   3.29e+02     2.57e-04   897.177s
 518000 +3.14560727e+05 +3.34517675e+05  2.00e+04   3.11e+02     3.70e-04   898.817s
 519000 +3.14643843e+05 +3.34129869e+05  1.95e+04   3.09e+02     3.37e-04   900.450s
 520000 +3.14693106e+05 +3.33766070e+05  1.91e+04   3.09e+02     3.20e-04   902.085s
 521000 +3.14731512e+05 +3.33405858e+05  1.87e+04   3.08e+02     2.99e-04   903.721s
 522000 +3.14763303e+05 +3.33056271e+05  1.83e+04   3.07e+02     2.93e-04   905.356s
 523000 +3.14784770e+05 +3.32711970e+05  1.79e+04   3.07e+02     2.90e-04   906.991s
 524000 +3.14801499e+05 +3.32370748e+05  1.76e+04   3.06e+02     2.87e-04   908.624s
 525000 +3.14818179e+05 +3.32042966e+05  1.72e+04   3.06e+02     2.88e-04   910.257s
 526000 +3.14833801e+05 +3.31756923e+05  1.69e+04   3.05e+02     2.85e-04   911.890s
 527000 +3.14851718e+05 +3.31465924e+05  1.66e+04   3.04e+02     2.83e-04   913.525s
 528000 +3.14878852e+05 +3.31188241e+05  1.63e+04   3.04e+02     2.85e-04   915.159s
 529000 +3.14898724e+05 +3.30911846e+05  1.60e+04   3.03e+02     3.07e-04   916.793s
 530000 +3.14935490e+05 +3.30639225e+05  1.57e+04   3.02e+02     2.92e-04   918.427s
 531000 +3.14985695e+05 +3.30390736e+05  1.54e+04   3.01e+02     2.91e-04   920.062s
 532000 +3.15022788e+05 +3.30135386e+05  1.51e+04   3.00e+02     3.26e-04   921.700s
 533000 +3.15051898e+05 +3.29872640e+05  1.48e+04   2.99e+02     2.90e-04   923.332s
 534000 +3.15093379e+05 +3.29609947e+05  1.45e+04   2.98e+02     2.80e-04   924.966s
 535000 +3.15115965e+05 +3.29354979e+05  1.42e+04   2.97e+02     2.76e-04   926.606s
 536000 +3.15159827e+05 +3.29092264e+05  1.39e+04   2.97e+02     3.24e-04   928.241s
 537000 +3.15188184e+05 +3.28814037e+05  1.36e+04   2.96e+02     2.77e-04   929.880s
 538000 +3.15215766e+05 +3.28565548e+05  1.33e+04   2.95e+02     2.70e-04   931.517s
 539000 +3.15241735e+05 +3.28324954e+05  1.31e+04   2.94e+02     2.68e-04   933.149s
 540000 +3.15261200e+05 +3.28082279e+05  1.28e+04   2.94e+02     2.66e-04   934.782s
 541000 +3.15286569e+05 +3.27854159e+05  1.26e+04   2.93e+02     2.65e-04   936.417s
 542000 +3.15321157e+05 +3.27654527e+05  1.23e+04   2.92e+02     2.67e-04   938.048s
 543000 +3.15348342e+05 +3.27473452e+05  1.21e+04   2.91e+02     2.66e-04   939.681s
 544000 +3.15371105e+05 +3.27301481e+05  1.19e+04   2.91e+02     2.64e-04   941.314s
 545000 +3.15397653e+05 +3.27157627e+05  1.18e+04   2.90e+02     2.63e-04   942.950s
 546000 +3.15427488e+05 +3.27017209e+05  1.16e+04   2.89e+02     2.76e-04   944.588s
 547000 +3.15470622e+05 +3.26889255e+05  1.14e+04   2.88e+02     2.76e-04   946.220s
 548000 +3.15497880e+05 +3.26770261e+05  1.13e+04   2.87e+02     2.75e-04   947.851s
 549000 +3.15515167e+05 +3.26661889e+05  1.11e+04   2.87e+02     2.62e-04   949.484s
 550000 +3.15535462e+05 +3.26555753e+05  1.10e+04   2.86e+02     2.59e-04   951.117s
 551000 +3.15568603e+05 +3.26453003e+05  1.09e+04   2.86e+02     2.59e-04   952.749s
 552000 +3.15602696e+05 +3.26356692e+05  1.08e+04   2.85e+02     2.59e-04   954.380s
 553000 +3.15624310e+05 +3.26269018e+05  1.06e+04   2.84e+02     2.57e-04   956.018s
 554000 +3.15642229e+05 +3.26178765e+05  1.05e+04   2.84e+02     2.62e-04   957.652s
 555000 +3.15661624e+05 +3.26084797e+05  1.04e+04   2.83e+02     2.57e-04   959.286s
 556000 +3.15684548e+05 +3.25994813e+05  1.03e+04   2.83e+02     2.55e-04   960.918s
 557000 +3.15700743e+05 +3.25916510e+05  1.02e+04   2.82e+02     2.54e-04   962.551s
 558000 +3.15726619e+05 +3.25852643e+05  1.01e+04   2.82e+02     2.53e-04   964.182s
 559000 +3.15747368e+05 +3.25796343e+05  1.00e+04   2.81e+02     2.53e-04   965.819s
 560000 +3.15772881e+05 +3.25753534e+05  9.98e+03   2.81e+02     2.51e-04   967.453s
 561000 +3.15795743e+05 +3.25723371e+05  9.93e+03   2.80e+02     2.58e-04   969.084s
 562000 +3.15819442e+05 +3.25689271e+05  9.87e+03   2.80e+02     2.49e-04   970.718s
 563000 +3.15840894e+05 +3.25666070e+05  9.83e+03   2.79e+02     2.48e-04   972.349s
 564000 +3.15862579e+05 +3.25650848e+05  9.79e+03   2.79e+02     2.46e-04   973.982s
 565000 +3.15882043e+05 +3.25628083e+05  9.75e+03   2.78e+02     2.46e-04   975.613s
 566000 +3.15895396e+05 +3.25613626e+05  9.72e+03   2.78e+02     2.41e-04   977.246s
 567000 +3.15915361e+05 +3.25590191e+05  9.67e+03   2.77e+02     2.43e-04   978.878s
 568000 +3.15937797e+05 +3.25567204e+05  9.63e+03   2.77e+02     2.42e-04   980.511s
 569000 +3.15966093e+05 +3.25545267e+05  9.58e+03   2.76e+02     2.40e-04   982.145s
 570000 +3.15985882e+05 +3.25525788e+05  9.54e+03   2.76e+02     2.40e-04   983.776s
 571000 +3.16011827e+05 +3.25508408e+05  9.50e+03   2.75e+02     3.10e-04   985.411s
 572000 +3.16030704e+05 +3.25502720e+05  9.47e+03   2.75e+02     2.39e-04   987.046s
 573000 +3.16044281e+05 +3.25496174e+05  9.45e+03   2.74e+02     2.75e-04   988.676s
 574000 +3.16069808e+05 +3.25485539e+05  9.42e+03   2.74e+02     2.51e-04   990.308s
 575000 +3.16088086e+05 +3.25480001e+05  9.39e+03   2.73e+02     2.46e-04   991.940s
 576000 +3.16101364e+05 +3.25482293e+05  9.38e+03   2.73e+02     2.53e-04   993.570s
 577000 +3.16130867e+05 +3.25470432e+05  9.34e+03   2.72e+02     2.38e-04   995.203s
 578000 +3.16148254e+05 +3.25466691e+05  9.32e+03   2.71e+02     2.41e-04   996.840s
 579000 +3.16164337e+05 +3.25459964e+05  9.30e+03   2.71e+02     2.37e-04   998.472s
 580000 +3.16184504e+05 +3.25462696e+05  9.28e+03   2.70e+02     2.34e-04   1000.107s
 581000 +3.16202249e+05 +3.25465956e+05  9.26e+03   2.70e+02     2.37e-04   1001.741s
 582000 +3.16226212e+05 +3.25469324e+05  9.24e+03   2.69e+02     2.31e-04   1003.375s
 583000 +3.16253786e+05 +3.25475537e+05  9.22e+03   2.69e+02     2.29e-04   1005.007s
 584000 +3.16277168e+05 +3.25468698e+05  9.19e+03   2.68e+02     2.42e-04   1006.640s
 585000 +3.16292769e+05 +3.25474037e+05  9.18e+03   2.68e+02     2.29e-04   1008.270s
 586000 +3.16305016e+05 +3.25485567e+05  9.18e+03   2.67e+02     2.27e-04   1009.900s
 587000 +3.16324084e+05 +3.25487019e+05  9.16e+03   2.67e+02     2.49e-04   1011.532s
 588000 +3.16348343e+05 +3.25494856e+05  9.15e+03   2.66e+02     2.25e-04   1013.164s
 589000 +3.16364256e+05 +3.25497053e+05  9.13e+03   2.66e+02     2.40e-04   1014.795s
 590000 +3.16377986e+05 +3.25501025e+05  9.12e+03   2.65e+02     2.32e-04   1016.431s
 591000 +3.16396168e+05 +3.25501093e+05  9.10e+03   2.65e+02     2.27e-04   1018.061s
 592000 +3.16417658e+05 +3.25507129e+05  9.09e+03   2.64e+02     2.28e-04   1019.692s
 593000 +3.16434475e+05 +3.25514167e+05  9.08e+03   2.64e+02     2.22e-04   1021.322s
 594000 +3.16460096e+05 +3.25517040e+05  9.06e+03   2.63e+02     2.32e-04   1022.954s
 595000 +3.16479791e+05 +3.25514622e+05  9.03e+03   2.62e+02     2.25e-04   1024.586s
 596000 +3.16490016e+05 +3.25521950e+05  9.03e+03   2.62e+02     2.23e-04   1026.216s
 597000 +3.16510526e+05 +3.25519858e+05  9.01e+03   2.62e+02     2.26e-04   1027.847s
 598000 +3.16530880e+05 +3.25514576e+05  8.98e+03   2.61e+02     2.27e-04   1029.476s
 599000 +3.16548572e+05 +3.25506520e+05  8.96e+03   2.61e+02     2.61e-04   1031.110s
 600000 +3.16563101e+05 +3.25501575e+05  8.94e+03   2.60e+02     2.31e-04   1032.741s
 601000 +3.16580347e+05 +3.25503831e+05  8.92e+03   2.60e+02     2.15e-04   1034.372s
 602000 +3.16600689e+05 +3.25501383e+05  8.90e+03   2.59e+02     2.15e-04   1036.002s
 603000 +3.16619597e+05 +3.25500169e+05  8.88e+03   2.59e+02     2.18e-04   1037.632s
 604000 +3.16637493e+05 +3.25496568e+05  8.86e+03   2.58e+02     2.17e-04   1039.267s
 605000 +3.16666212e+05 +3.25492803e+05  8.83e+03   2.58e+02     2.41e-04   1040.898s
 606000 +3.16679112e+05 +3.25488885e+05  8.81e+03   2.57e+02     2.14e-04   1042.528s
 607000 +3.16702845e+05 +3.25487184e+05  8.78e+03   2.57e+02     2.15e-04   1044.159s
 608000 +3.16717121e+05 +3.25485978e+05  8.77e+03   2.56e+02     2.13e-04   1045.791s
 609000 +3.16731169e+05 +3.25489398e+05  8.76e+03   2.56e+02     2.14e-04   1047.422s
 610000 +3.16752980e+05 +3.25497272e+05  8.74e+03   2.55e+02     2.14e-04   1049.052s
 611000 +3.16773403e+05 +3.25506004e+05  8.73e+03   2.55e+02     2.11e-04   1050.683s
 612000 +3.16794423e+05 +3.25516367e+05  8.72e+03   2.54e+02     2.09e-04   1052.314s
 613000 +3.16813394e+05 +3.25525737e+05  8.71e+03   2.54e+02     2.13e-04   1053.949s
 614000 +3.16837809e+05 +3.25532847e+05  8.70e+03   2.53e+02     2.09e-04   1055.578s
 615000 +3.16849898e+05 +3.25542129e+05  8.69e+03   2.53e+02     2.12e-04   1057.209s
 616000 +3.16866579e+05 +3.25550008e+05  8.68e+03   2.53e+02     2.08e-04   1058.840s
 617000 +3.16882286e+05 +3.25562974e+05  8.68e+03   2.52e+02     2.06e-04   1060.473s
 618000 +3.16891207e+05 +3.25586378e+05  8.70e+03   2.52e+02     2.08e-04   1062.106s
 619000 +3.16928724e+05 +3.25611752e+05  8.68e+03   2.51e+02     2.11e-04   1063.742s
 620000 +3.16943225e+05 +3.25642277e+05  8.70e+03   2.51e+02     2.29e-04   1065.374s
 621000 +3.16964413e+05 +3.25671333e+05  8.71e+03   2.50e+02     2.14e-04   1067.008s
 622000 +3.16973478e+05 +3.25700470e+05  8.73e+03   2.50e+02     2.11e-04   1068.641s
 623000 +3.16991766e+05 +3.25725310e+05  8.73e+03   2.49e+02     2.06e-04   1070.276s
 624000 +3.17014331e+05 +3.25746607e+05  8.73e+03   2.49e+02     2.19e-04   1071.910s
 625000 +3.17046309e+05 +3.25766904e+05  8.72e+03   2.48e+02     2.06e-04   1073.542s
 626000 +3.17077414e+05 +3.25786826e+05  8.71e+03   2.48e+02     2.05e-04   1075.175s
 627000 +3.17083262e+05 +3.25799308e+05  8.72e+03   2.47e+02     2.12e-04   1076.806s
 628000 +3.17098271e+05 +3.25808836e+05  8.71e+03   2.47e+02     2.02e-04   1078.439s
 629000 +3.17109211e+05 +3.25820110e+05  8.71e+03   2.47e+02     2.02e-04   1080.074s
 630000 +3.17122431e+05 +3.25831733e+05  8.71e+03   2.46e+02     2.02e-04   1081.711s
 631000 +3.17137199e+05 +3.25844104e+05  8.71e+03   2.46e+02     2.00e-04   1083.350s
 632000 +3.17152590e+05 +3.25859727e+05  8.71e+03   2.46e+02     1.98e-04   1084.986s
 633000 +3.17162865e+05 +3.25872093e+05  8.71e+03   2.45e+02     2.11e-04   1086.619s
 634000 +3.17177841e+05 +3.25890739e+05  8.71e+03   2.45e+02     1.99e-04   1088.252s
 635000 +3.17198684e+05 +3.25907175e+05  8.71e+03   2.45e+02     2.14e-04   1089.888s
 636000 +3.17211059e+05 +3.25926622e+05  8.72e+03   2.44e+02     2.00e-04   1091.520s
 637000 +3.17223745e+05 +3.25942881e+05  8.72e+03   2.44e+02     1.99e-04   1093.154s
 638000 +3.17234583e+05 +3.25963468e+05  8.73e+03   2.44e+02     1.99e-04   1094.787s
 639000 +3.17245707e+05 +3.25984308e+05  8.74e+03   2.43e+02     1.94e-04   1096.423s
 640000 +3.17256189e+05 +3.25997410e+05  8.74e+03   2.43e+02     1.95e-04   1098.055s
 641000 +3.17268290e+05 +3.26013301e+05  8.75e+03   2.43e+02     1.95e-04   1099.689s
 642000 +3.17280193e+05 +3.26030042e+05  8.75e+03   2.43e+02     1.94e-04   1101.322s
 643000 +3.17295685e+05 +3.26046343e+05  8.75e+03   2.42e+02     1.94e-04   1102.958s
 644000 +3.17307530e+05 +3.26058562e+05  8.75e+03   2.42e+02     1.94e-04   1104.600s
 645000 +3.17319437e+05 +3.26074339e+05  8.75e+03   2.42e+02     1.93e-04   1106.234s
 646000 +3.17331035e+05 +3.26092749e+05  8.76e+03   2.41e+02     1.94e-04   1107.869s
 647000 +3.17332854e+05 +3.26114650e+05  8.78e+03   2.41e+02     2.38e-04   1109.512s
 648000 +3.17352062e+05 +3.26135943e+05  8.78e+03   2.41e+02     2.01e-04   1111.149s
 649000 +3.17364439e+05 +3.26160614e+05  8.80e+03   2.41e+02     1.93e-04   1112.786s
 650000 +3.17380217e+05 +3.26176766e+05  8.80e+03   2.40e+02     1.94e-04   1114.419s
 651000 +3.17394211e+05 +3.26188008e+05  8.79e+03   2.40e+02     1.92e-04   1116.052s
 652000 +3.17403997e+05 +3.26201506e+05  8.80e+03   2.40e+02     1.92e-04   1117.685s
 653000 +3.17414345e+05 +3.26214113e+05  8.80e+03   2.40e+02     1.94e-04   1119.324s
 654000 +3.17428904e+05 +3.26224824e+05  8.80e+03   2.39e+02     1.90e-04   1120.963s
 655000 +3.17443151e+05 +3.26229840e+05  8.79e+03   2.39e+02     1.91e-04   1122.597s
 656000 +3.17462388e+05 +3.26238719e+05  8.78e+03   2.39e+02     2.02e-04   1124.230s
 657000 +3.17476266e+05 +3.26252321e+05  8.78e+03   2.38e+02     1.93e-04   1125.863s
 658000 +3.17490979e+05 +3.26269297e+05  8.78e+03   2.38e+02     1.89e-04   1127.501s
 659000 +3.17511303e+05 +3.26281985e+05  8.77e+03   2.38e+02     1.89e-04   1129.136s
 660000 +3.17521992e+05 +3.26299430e+05  8.78e+03   2.37e+02     1.87e-04   1130.772s
 661000 +3.17538196e+05 +3.26317183e+05  8.78e+03   2.37e+02     1.86e-04   1132.409s
 662000 +3.17558856e+05 +3.26336118e+05  8.78e+03   2.37e+02     1.97e-04   1134.046s
 663000 +3.17571265e+05 +3.26358522e+05  8.79e+03   2.36e+02     1.90e-04   1135.681s
 664000 +3.17584394e+05 +3.26379397e+05  8.80e+03   2.36e+02     1.88e-04   1137.313s
 665000 +3.17602205e+05 +3.26407496e+05  8.81e+03   2.36e+02     1.91e-04   1138.947s
 666000 +3.17620328e+05 +3.26434206e+05  8.81e+03   2.35e+02     1.87e-04   1140.582s
 667000 +3.17641797e+05 +3.26456520e+05  8.81e+03   2.35e+02     1.91e-04   1142.218s
 668000 +3.17655730e+05 +3.26481148e+05  8.83e+03   2.35e+02     1.92e-04   1143.861s
 669000 +3.17672038e+05 +3.26507412e+05  8.84e+03   2.34e+02     1.89e-04   1145.495s
 670000 +3.17695306e+05 +3.26530699e+05  8.84e+03   2.34e+02     1.85e-04   1147.127s
 671000 +3.17716371e+05 +3.26549023e+05  8.83e+03   2.33e+02     1.92e-04   1148.763s
 672000 +3.17731284e+05 +3.26572902e+05  8.84e+03   2.33e+02     2.01e-04   1150.396s
 673000 +3.17750267e+05 +3.26598856e+05  8.85e+03   2.33e+02     1.92e-04   1152.030s
 674000 +3.17769081e+05 +3.26627122e+05  8.86e+03   2.32e+02     2.01e-04   1153.668s
 675000 +3.17799214e+05 +3.26653326e+05  8.85e+03   2.32e+02     2.43e-04   1155.302s
 676000 +3.18808641e+05 +3.26619060e+05  7.81e+03   2.19e+02     7.81e-03   1156.939s
 677000 +3.19089838e+05 +3.26386567e+05  7.30e+03   2.13e+02     3.20e-03   1158.571s
 678000 +3.19279799e+05 +3.26199907e+05  6.92e+03   2.10e+02     2.84e-03   1160.204s
 679000 +3.19454763e+05 +3.26080169e+05  6.63e+03   2.07e+02     2.59e-03   1161.838s
 680000 +3.19605953e+05 +3.25935665e+05  6.33e+03   2.04e+02     2.74e-03   1163.472s
 681000 +3.19766524e+05 +3.25807529e+05  6.04e+03   2.01e+02     2.69e-03   1165.105s
 682000 +3.19994689e+05 +3.25710149e+05  5.72e+03   1.97e+02     4.49e-03   1166.738s
 683000 +3.20248029e+05 +3.25627475e+05  5.38e+03   1.92e+02     6.94e-03   1168.370s
 684000 +3.20397031e+05 +3.25572303e+05  5.18e+03   1.90e+02     3.61e-03   1170.001s
 685000 +3.20623840e+05 +3.25489543e+05  4.87e+03   1.87e+02     4.45e-03   1171.634s
 686000 +3.20730289e+05 +3.25454141e+05  4.72e+03   1.85e+02     2.37e-03   1173.265s
 687000 +3.20846852e+05 +3.25441082e+05  4.59e+03   1.83e+02     3.68e-03   1174.899s
 688000 +3.20993912e+05 +3.25436616e+05  4.44e+03   1.80e+02     2.60e-03   1176.532s
 689000 +3.21090545e+05 +3.25439993e+05  4.35e+03   1.79e+02     2.19e-03   1178.163s
 690000 +3.21176492e+05 +3.25471062e+05  4.29e+03   1.77e+02     2.05e-03   1179.798s
 691000 +3.21265058e+05 +3.25488693e+05  4.22e+03   1.76e+02     2.28e-03   1181.432s
 692000 +3.21364684e+05 +3.25486673e+05  4.12e+03   1.74e+02     2.09e-03   1183.065s
 693000 +3.21452906e+05 +3.25464642e+05  4.01e+03   1.73e+02     2.43e-03   1184.698s
 694000 +3.21525761e+05 +3.25438871e+05  3.91e+03   1.71e+02     2.07e-03   1186.330s
 695000 +3.21600817e+05 +3.25406418e+05  3.81e+03   1.70e+02     2.04e-03   1187.961s
 696000 +3.21695781e+05 +3.25386708e+05  3.69e+03   1.68e+02     1.91e-03   1189.592s
 697000 +3.21770150e+05 +3.25385059e+05  3.61e+03   1.67e+02     1.97e-03   1191.226s
 698000 +3.21839577e+05 +3.25294972e+05  3.46e+03   1.66e+02     1.87e-03   1192.861s
 699000 +3.21918181e+05 +3.25186466e+05  3.27e+03   1.64e+02     1.83e-03   1194.495s
 700000 +3.21989464e+05 +3.25075091e+05  3.09e+03   1.63e+02     1.85e-03   1196.128s
 701000 +3.22047639e+05 +3.24943523e+05  2.90e+03   1.62e+02     1.86e-03   1197.765s
 702000 +3.22115241e+05 +3.24842802e+05  2.73e+03   1.61e+02     1.83e-03   1199.402s
 703000 +3.22179174e+05 +3.24763784e+05  2.58e+03   1.60e+02     1.73e-03   1201.039s
 704000 +3.22244938e+05 +3.24705376e+05  2.46e+03   1.59e+02     1.82e-03   1202.678s
 705000 +3.22307845e+05 +3.24631447e+05  2.32e+03   1.58e+02     2.28e-03   1204.312s
 706000 +3.22375010e+05 +3.24580085e+05  2.21e+03   1.56e+02     1.86e-03   1205.946s
 707000 +3.22428535e+05 +3.24456150e+05  2.03e+03   1.55e+02     1.79e-03   1207.579s
 708000 +3.22509325e+05 +3.24374396e+05  1.87e+03   1.54e+02     1.83e-03   1209.215s
 709000 +3.22680582e+05 +3.24322418e+05  1.64e+03   1.51e+02     2.67e-03   1210.847s
 710000 +3.22737570e+05 +3.24307397e+05  1.57e+03   1.50e+02     1.80e-03   1212.484s
 711000 +3.22813029e+05 +3.24328674e+05  1.52e+03   1.49e+02     2.34e-03   1214.118s
 712000 +3.23030818e+05 +3.24326994e+05  1.30e+03   1.46e+02     3.33e-03   1215.751s
 712600 +3.24130479e+05 +3.24138051e+05  7.57e+00   1.37e+02     1.43e-01   1216.732s
LP Solver status:                Optimal
Primal objective:                +3.24130479e+05
Dual objective:                  +3.24138051e+05
Duality gap (abs/rel):           +7.57e+00 / +1.17e-05
Primal infeasibility (abs/rel):  +1.37e+02 / +7.08e-05
Dual infeasibility (abs/rel):    +1.43e-01 / +3.39e-05
PDLP finished
Status: Optimal   Objective: 3.24130479e+05  Iterations: 712600  Time: 1216.754s

### exit_code=0
### finished=2026-07-27T21:00:48.118671
### gpu_peak_mb=27866.4
### gpu_peak2_mb=0.0
### per_gpu_peak_mb=[27866.375]
