### solver=cuopt-base
### instance=/home/scratch.bbozkaya_gpu/datasets/PSR6/model_de_50_scenarios.mps.gz
### n_gpus=1
### CUDA_VISIBLE_DEVICES=0
### started=2026-07-27T21:00:48.130529
### argv=/home/scratch.vmostovoi_gpu/mostovoi_cuopt/cpp/build/cuopt_cli --method 1 --mps-reader experimental-fast --time-limit 3600 --iteration-limit 1000000000 --relative-primal-tolerance 1e-4 --relative-dual-tolerance 1e-4 --relative-gap-tolerance 1e-4 --log-to-console true /home/scratch.bbozkaya_gpu/datasets/PSR6/model_de_50_scenarios.mps.gz
### --- solver output ---
Setting parameter iteration_limit to 1000000000
Setting parameter log_to_console to true
Setting parameter method to 1
Setting parameter relative_dual_tolerance to 1.000000e-04
Setting parameter relative_gap_tolerance to 1.000000e-04
Setting parameter relative_primal_tolerance to 1.000000e-04
Setting parameter time_limit to 3.600000e+03
Reading file model_de_50_scenarios.mps.gz
Using experimental fast MPS parser for '/home/scratch.bbozkaya_gpu/datasets/PSR6/model_de_50_scenarios.mps.gz'
Read file model_de_50_scenarios.mps.gz in 50.35 seconds
cuOpt version: 26.8.0, git hash: 7116ead1, host arch: x86_64, device archs: 100a-real
CPU: INTEL(R) XEON(R) PLATINUM 8570, threads (physical/logical): 112/224, RAM: 1919.40 GiB
CUDA 13.3, device: NVIDIA B200 (ID 0), VRAM: 178.34 GiB
CUDA device UUID: c16f67f8-60a0-997a-9e23-bd53aaf0c753
Solving a problem with 70147846 constraints, 90191170 variables (0 integers), and 233107412 nonzeros
Problem scaling:
Objective coefficents range:          [4e-04, 5e+01]
Constraint matrix coefficients range: [1e-03, 1e+00]
Constraint rhs / bounds range:        [1e-02, 3e+05]
Variable bounds range:                [1e-02, 4e+05]
Warning: input problem contains a large range of coefficients: consider reformulating to avoid numerical difficulties.

Using PSLP presolver
PSLP Presolved problem: 69271424 constraints, 79695922 variables, 220859742 non-zeros
PSLP presolve time: 106.18s
Objective offset 30459.045860 scaling_factor 1.000000
   Iter    Primal Obj.      Dual Obj.    Gap        Primal Res.  Dual Res.   Time
      0 +3.04590459e+04 +3.04590459e+04  0.00e+00   3.05e+06     2.47e+03   122.544s
   1000 +4.72725986e+03 -5.09088766e+06  5.10e+06   1.18e+05     5.69e-01   127.347s
   2000 +1.47085986e+05 +1.57803475e+06  1.43e+06   4.24e+04     5.57e-01   131.390s
   3000 +2.38958169e+05 +3.90460567e+06  3.67e+06   1.97e+04     4.13e-01   135.443s
   4000 +3.24666310e+05 +6.99495076e+06  6.67e+06   1.38e+04     2.02e-01   139.501s
   5000 +3.47412934e+05 +8.16839701e+06  7.82e+06   1.14e+04     1.80e-01   143.558s
   6000 +3.66349759e+05 +7.86325552e+06  7.50e+06   9.72e+03     1.75e-01   147.622s
   7000 +3.80797131e+05 +7.42647363e+06  7.05e+06   9.17e+03     1.58e-01   151.680s
   8000 +3.96741776e+05 +6.83368371e+06  6.44e+06   8.21e+03     1.35e-01   155.743s
   9000 +4.11079286e+05 +6.35728907e+06  5.95e+06   7.25e+03     1.12e-01   159.808s
  10000 +4.24581304e+05 +6.01358722e+06  5.59e+06   6.60e+03     8.68e-02   163.879s
  11000 +4.31537951e+05 +5.67692485e+06  5.25e+06   6.41e+03     8.12e-02   167.905s
  12000 +4.37897321e+05 +5.34977347e+06  4.91e+06   6.14e+03     7.62e-02   171.932s
  13000 +4.43726984e+05 +5.03302677e+06  4.59e+06   5.83e+03     7.06e-02   175.960s
  14000 +4.48490392e+05 +4.71665112e+06  4.27e+06   5.55e+03     6.55e-02   179.989s
  15000 +4.54893672e+05 +4.46356459e+06  4.01e+06   5.56e+03     5.35e-02   184.023s
  16000 +4.57643087e+05 +4.24673372e+06  3.79e+06   5.87e+03     5.09e-02   188.053s
  17000 +4.59959051e+05 +4.03333999e+06  3.57e+06   6.07e+03     4.81e-02   192.084s
  18000 +4.61906326e+05 +3.82633694e+06  3.36e+06   6.13e+03     4.53e-02   196.116s
  19000 +4.63793836e+05 +3.61530529e+06  3.15e+06   6.08e+03     4.23e-02   200.148s
  20000 +4.65425244e+05 +3.39560957e+06  2.93e+06   5.97e+03     3.90e-02   204.182s
  21000 +4.67097043e+05 +3.16467580e+06  2.70e+06   5.83e+03     3.57e-02   208.216s
  22000 +4.68675074e+05 +2.92886903e+06  2.46e+06   5.68e+03     3.26e-02   212.252s
  23000 +4.71275411e+05 +2.69604733e+06  2.22e+06   5.51e+03     2.75e-02   216.291s
  24000 +4.72594577e+05 +2.50102044e+06  2.03e+06   5.69e+03     2.57e-02   220.326s
  25000 +4.73847414e+05 +2.30705297e+06  1.83e+06   5.82e+03     2.39e-02   224.361s
  26000 +4.75018607e+05 +2.13085557e+06  1.66e+06   5.86e+03     2.22e-02   228.398s
  27000 +4.76103674e+05 +1.97019579e+06  1.49e+06   5.83e+03     2.06e-02   232.436s
  28000 +4.76877070e+05 +1.83343564e+06  1.36e+06   5.72e+03     1.91e-02   236.475s
  29000 +4.77330320e+05 +1.70965258e+06  1.23e+06   5.58e+03     1.77e-02   240.514s
  30000 +4.77337093e+05 +1.60676489e+06  1.13e+06   5.40e+03     1.65e-02   244.555s
  31000 +4.77083983e+05 +1.52900768e+06  1.05e+06   5.21e+03     1.53e-02   248.595s
  32000 +4.76347877e+05 +1.46452250e+06  9.88e+05   5.03e+03     1.44e-02   252.636s
  33000 +4.75696762e+05 +1.40974199e+06  9.34e+05   4.87e+03     1.36e-02   256.676s
  34000 +4.74919244e+05 +1.36337981e+06  8.88e+05   4.72e+03     1.30e-02   260.719s
  35000 +4.73918485e+05 +1.31924015e+06  8.45e+05   4.58e+03     1.25e-02   264.760s
  36000 +4.72613889e+05 +1.23346342e+06  7.61e+05   4.83e+03     1.94e-02   268.805s
  37000 +4.70844809e+05 +1.18458617e+06  7.14e+05   4.67e+03     1.93e-02   272.845s
  38000 +4.68549066e+05 +1.15900078e+06  6.90e+05   4.53e+03     1.91e-02   276.887s
  39000 +4.66267848e+05 +1.13987634e+06  6.74e+05   4.34e+03     1.88e-02   280.928s
  40000 +4.63255101e+05 +1.11952319e+06  6.56e+05   4.13e+03     1.83e-02   284.970s
  41000 +4.59574793e+05 +1.09817757e+06  6.39e+05   3.91e+03     1.74e-02   289.013s
  42000 +4.55573777e+05 +1.07545245e+06  6.20e+05   3.71e+03     1.65e-02   293.056s
  43000 +4.51714921e+05 +1.05298509e+06  6.01e+05   3.53e+03     1.54e-02   297.100s
  44000 +4.47574750e+05 +1.03052788e+06  5.83e+05   3.37e+03     1.45e-02   301.144s
  45000 +4.43194311e+05 +1.00756724e+06  5.64e+05   3.20e+03     1.37e-02   305.189s
  46000 +4.39062600e+05 +9.84664127e+05  5.46e+05   3.04e+03     1.30e-02   309.234s
  47000 +4.34920843e+05 +9.62947542e+05  5.28e+05   2.89e+03     1.21e-02   313.279s
  48000 +4.30835508e+05 +9.42376428e+05  5.12e+05   2.75e+03     1.15e-02   317.324s
  49000 +4.26335504e+05 +9.23099125e+05  4.97e+05   2.59e+03     1.09e-02   321.370s
  50000 +4.22263578e+05 +9.04981314e+05  4.83e+05   2.44e+03     1.03e-02   325.416s
  51000 +4.18797110e+05 +8.88689308e+05  4.70e+05   2.31e+03     9.76e-03   329.462s
  52000 +4.15496570e+05 +8.73416439e+05  4.58e+05   2.20e+03     9.26e-03   333.509s
  53000 +4.12225635e+05 +8.60102153e+05  4.48e+05   2.08e+03     8.85e-03   337.556s
  54000 +4.09681957e+05 +8.47877149e+05  4.38e+05   1.98e+03     8.38e-03   341.603s
  55000 +4.07130447e+05 +8.36386396e+05  4.29e+05   1.89e+03     8.08e-03   345.650s
  56000 +3.99014370e+05 +8.18996643e+05  4.20e+05   1.62e+03     8.77e-03   349.698s
  57000 +3.96594539e+05 +8.03355664e+05  4.07e+05   1.52e+03     7.87e-03   353.741s
  58000 +3.93982078e+05 +7.87532988e+05  3.94e+05   1.42e+03     7.82e-03   357.785s
  59000 +3.91712282e+05 +7.73398772e+05  3.82e+05   1.34e+03     7.14e-03   361.828s
  60000 +3.90498075e+05 +7.60217088e+05  3.70e+05   1.28e+03     6.86e-03   365.873s
  61000 +3.89482648e+05 +7.47823886e+05  3.58e+05   1.23e+03     6.68e-03   369.916s
  62000 +3.88462349e+05 +7.36318852e+05  3.48e+05   1.18e+03     6.59e-03   373.960s
  63000 +3.87592147e+05 +7.25173143e+05  3.38e+05   1.14e+03     6.38e-03   378.001s
  64000 +3.86712259e+05 +7.14699214e+05  3.28e+05   1.10e+03     6.20e-03   382.042s
  65000 +3.85854502e+05 +7.05347297e+05  3.19e+05   1.06e+03     6.12e-03   386.083s
  66000 +3.85012231e+05 +6.96635221e+05  3.12e+05   1.03e+03     6.01e-03   390.123s
  67000 +3.84189453e+05 +6.88662780e+05  3.04e+05   9.91e+02     5.89e-03   394.163s
  68000 +3.83355985e+05 +6.81390674e+05  2.98e+05   9.57e+02     5.81e-03   398.203s
  69000 +3.82563990e+05 +6.74857951e+05  2.92e+05   9.25e+02     5.69e-03   402.243s
  70000 +3.81794854e+05 +6.69162369e+05  2.87e+05   8.93e+02     5.58e-03   406.283s
  71000 +3.81051107e+05 +6.64545596e+05  2.83e+05   8.63e+02     5.46e-03   410.322s
  72000 +3.80342111e+05 +6.60481474e+05  2.80e+05   8.33e+02     5.40e-03   414.361s
  73000 +3.79639886e+05 +6.56849074e+05  2.77e+05   8.04e+02     5.29e-03   418.400s
  74000 +3.78953537e+05 +6.54021059e+05  2.75e+05   7.78e+02     5.18e-03   422.439s
  75000 +3.78257602e+05 +6.51613356e+05  2.73e+05   7.54e+02     5.10e-03   426.478s
  76000 +3.77596671e+05 +6.49494685e+05  2.72e+05   7.31e+02     5.03e-03   430.516s
  77000 +3.76967035e+05 +6.47786103e+05  2.71e+05   7.10e+02     4.97e-03   434.555s
  78000 +3.76350497e+05 +6.46334325e+05  2.70e+05   6.90e+02     4.89e-03   438.593s
  79000 +3.75766914e+05 +6.44964972e+05  2.69e+05   6.73e+02     4.82e-03   442.632s
  80000 +3.75209378e+05 +6.43929733e+05  2.69e+05   6.59e+02     4.75e-03   446.670s
  81000 +3.74670668e+05 +6.43141602e+05  2.68e+05   6.46e+02     4.70e-03   450.708s
  82000 +3.74150128e+05 +6.42567020e+05  2.68e+05   6.34e+02     4.63e-03   454.747s
  83000 +3.73660211e+05 +6.42239388e+05  2.69e+05   6.24e+02     4.56e-03   458.784s
  84000 +3.73160383e+05 +6.41793553e+05  2.69e+05   6.14e+02     4.52e-03   462.823s
  85000 +3.72635652e+05 +6.41571530e+05  2.69e+05   6.04e+02     4.45e-03   466.861s
  86000 +3.72142853e+05 +6.41505018e+05  2.69e+05   5.94e+02     4.39e-03   470.900s
  87000 +3.70724183e+05 +6.40102889e+05  2.69e+05   5.56e+02     4.01e-03   474.942s
  88000 +3.70226988e+05 +6.37469078e+05  2.67e+05   5.65e+02     3.76e-03   478.977s
  89000 +3.69741787e+05 +6.35181283e+05  2.65e+05   5.76e+02     3.74e-03   483.013s
  90000 +3.69256089e+05 +6.33330604e+05  2.64e+05   5.88e+02     3.72e-03   487.048s
  91000 +3.68761317e+05 +6.31901465e+05  2.63e+05   6.00e+02     3.71e-03   491.085s
  92000 +3.68237687e+05 +6.30716013e+05  2.62e+05   6.11e+02     3.71e-03   495.122s
  93000 +3.67712961e+05 +6.29814275e+05  2.62e+05   6.21e+02     3.68e-03   499.159s
  94000 +3.67182937e+05 +6.29124734e+05  2.62e+05   6.31e+02     3.71e-03   503.197s
  95000 +3.66674418e+05 +6.28621639e+05  2.62e+05   6.40e+02     3.62e-03   507.235s
  96000 +3.66191354e+05 +6.28377329e+05  2.62e+05   6.49e+02     3.62e-03   511.274s
  97000 +3.65727039e+05 +6.28277180e+05  2.63e+05   6.57e+02     3.57e-03   515.314s
  98000 +3.65260850e+05 +6.28247754e+05  2.63e+05   6.63e+02     3.54e-03   519.353s
  99000 +3.64813709e+05 +6.28361195e+05  2.64e+05   6.67e+02     3.50e-03   523.393s
 100000 +3.64375579e+05 +6.28455000e+05  2.64e+05   6.71e+02     3.46e-03   527.433s
 101000 +3.63952940e+05 +6.28722455e+05  2.65e+05   6.73e+02     3.45e-03   531.473s
 102000 +3.63550530e+05 +6.29092226e+05  2.66e+05   6.76e+02     3.40e-03   535.513s
 103000 +3.63143333e+05 +6.29517661e+05  2.66e+05   6.77e+02     3.37e-03   539.552s
 104000 +3.62754304e+05 +6.29876179e+05  2.67e+05   6.76e+02     3.34e-03   543.592s
 105000 +3.62358624e+05 +6.30192348e+05  2.68e+05   6.75e+02     3.30e-03   547.631s
 106000 +3.62004865e+05 +6.30382860e+05  2.68e+05   6.75e+02     3.27e-03   551.671s
 107000 +3.61648080e+05 +6.30633791e+05  2.69e+05   6.73e+02     3.23e-03   555.712s
 108000 +3.61299105e+05 +6.30838339e+05  2.70e+05   6.71e+02     3.20e-03   559.752s
 109000 +3.60973112e+05 +6.31133985e+05  2.70e+05   6.68e+02     3.16e-03   563.793s
 110000 +3.60643461e+05 +6.31261427e+05  2.71e+05   6.64e+02     3.13e-03   567.835s
 111000 +3.60303295e+05 +6.31228077e+05  2.71e+05   6.59e+02     3.10e-03   571.875s
 112000 +3.59965799e+05 +6.31142237e+05  2.71e+05   6.54e+02     3.06e-03   575.917s
 113000 +3.59623577e+05 +6.31005598e+05  2.71e+05   6.49e+02     3.03e-03   579.959s
 114000 +3.59290459e+05 +6.30616147e+05  2.71e+05   6.44e+02     2.98e-03   584.000s
 115000 +3.58975691e+05 +6.30104397e+05  2.71e+05   6.39e+02     2.95e-03   588.041s
 116000 +3.58690318e+05 +6.29540968e+05  2.71e+05   6.34e+02     2.92e-03   592.083s
 117000 +3.58394824e+05 +6.29158195e+05  2.71e+05   6.29e+02     2.88e-03   596.124s
 118000 +3.58096964e+05 +6.28630218e+05  2.71e+05   6.23e+02     2.85e-03   600.167s
 119000 +3.57799632e+05 +6.28038384e+05  2.70e+05   6.17e+02     2.82e-03   604.208s
 120000 +3.57511531e+05 +6.27355669e+05  2.70e+05   6.11e+02     2.79e-03   608.251s
 121000 +3.57204792e+05 +6.26688754e+05  2.69e+05   6.05e+02     2.78e-03   612.293s
 122000 +3.56909304e+05 +6.26013780e+05  2.69e+05   5.99e+02     2.73e-03   616.335s
 123000 +3.56632854e+05 +6.25195982e+05  2.69e+05   5.94e+02     2.70e-03   620.378s
 124000 +3.56338112e+05 +6.24323223e+05  2.68e+05   5.89e+02     2.68e-03   624.420s
 125000 +3.56070484e+05 +6.23565470e+05  2.67e+05   5.84e+02     2.66e-03   628.462s
 126000 +3.55815972e+05 +6.22737271e+05  2.67e+05   5.79e+02     2.63e-03   632.504s
 127000 +3.55547367e+05 +6.21837065e+05  2.66e+05   5.75e+02     2.60e-03   636.547s
 128000 +3.55294964e+05 +6.20857990e+05  2.66e+05   5.71e+02     2.58e-03   640.589s
 129000 +3.55051091e+05 +6.19864442e+05  2.65e+05   5.67e+02     2.56e-03   644.631s
 130000 +3.54796636e+05 +6.18786246e+05  2.64e+05   5.64e+02     2.54e-03   648.671s
 131000 +3.54569476e+05 +6.17679019e+05  2.63e+05   5.61e+02     2.52e-03   652.711s
 132000 +3.54340547e+05 +6.16562348e+05  2.62e+05   5.58e+02     2.51e-03   656.751s
 133000 +3.54126558e+05 +6.15341999e+05  2.61e+05   5.55e+02     2.48e-03   660.790s
 134000 +3.53894754e+05 +6.14023961e+05  2.60e+05   5.52e+02     2.46e-03   664.828s
 135000 +3.53665011e+05 +6.12719397e+05  2.59e+05   5.50e+02     2.44e-03   668.866s
 136000 +3.52851940e+05 +6.10902321e+05  2.58e+05   5.42e+02     2.17e-03   672.905s
 137000 +3.52574478e+05 +6.09657183e+05  2.57e+05   5.60e+02     2.13e-03   676.940s
 138000 +3.52304776e+05 +6.08096400e+05  2.56e+05   5.78e+02     2.12e-03   680.974s
 139000 +3.52035267e+05 +6.06249037e+05  2.54e+05   5.96e+02     2.10e-03   685.007s
 140000 +3.51755999e+05 +6.04237943e+05  2.52e+05   6.12e+02     2.09e-03   689.041s
 141000 +3.51471348e+05 +6.02067145e+05  2.51e+05   6.26e+02     2.07e-03   693.076s
 142000 +3.51192303e+05 +5.99908072e+05  2.49e+05   6.36e+02     2.05e-03   697.109s
 143000 +3.50908847e+05 +5.97950888e+05  2.47e+05   6.41e+02     2.04e-03   701.143s
 144000 +3.50649723e+05 +5.96076329e+05  2.45e+05   6.47e+02     2.02e-03   705.176s
 145000 +3.50385091e+05 +5.94180271e+05  2.44e+05   6.51e+02     2.01e-03   709.209s
 146000 +3.50134522e+05 +5.92418983e+05  2.42e+05   6.53e+02     1.99e-03   713.243s
 147000 +3.49879830e+05 +5.90758215e+05  2.41e+05   6.54e+02     1.98e-03   717.276s
 148000 +3.49638887e+05 +5.89047439e+05  2.39e+05   6.56e+02     1.97e-03   721.310s
 149000 +3.49373305e+05 +5.87384902e+05  2.38e+05   6.56e+02     1.95e-03   725.344s
 150000 +3.49116440e+05 +5.85836562e+05  2.37e+05   6.56e+02     1.94e-03   729.377s
 151000 +3.48878402e+05 +5.84346476e+05  2.35e+05   6.57e+02     1.92e-03   733.411s
 152000 +3.48619758e+05 +5.82888192e+05  2.34e+05   6.57e+02     1.91e-03   737.444s
 153000 +3.48376667e+05 +5.81607316e+05  2.33e+05   6.56e+02     1.90e-03   741.477s
 154000 +3.48117129e+05 +5.80246031e+05  2.32e+05   6.55e+02     1.89e-03   745.510s
 155000 +3.47853075e+05 +5.78912785e+05  2.31e+05   6.55e+02     1.87e-03   749.542s
 156000 +3.47603006e+05 +5.77654230e+05  2.30e+05   6.54e+02     1.86e-03   753.576s
 157000 +3.47365488e+05 +5.76392684e+05  2.29e+05   6.54e+02     1.85e-03   757.609s
 158000 +3.47124826e+05 +5.75130971e+05  2.28e+05   6.54e+02     1.84e-03   761.642s
 159000 +3.46894732e+05 +5.73886093e+05  2.27e+05   6.54e+02     1.83e-03   765.675s
 160000 +3.46672220e+05 +5.72667926e+05  2.26e+05   6.54e+02     1.82e-03   769.709s
 161000 +3.46436285e+05 +5.71479087e+05  2.25e+05   6.54e+02     1.81e-03   773.743s
 162000 +3.46204012e+05 +5.70297134e+05  2.24e+05   6.54e+02     1.80e-03   777.776s
 163000 +3.45994490e+05 +5.69151744e+05  2.23e+05   6.54e+02     1.80e-03   781.809s
 164000 +3.45776329e+05 +5.68051341e+05  2.22e+05   6.53e+02     1.79e-03   785.843s
 165000 +3.45552315e+05 +5.66995877e+05  2.21e+05   6.53e+02     1.78e-03   789.876s
 166000 +3.45336516e+05 +5.66002750e+05  2.21e+05   6.52e+02     1.77e-03   793.909s
 167000 +3.45114085e+05 +5.65037622e+05  2.20e+05   6.52e+02     1.76e-03   797.943s
 168000 +3.44895972e+05 +5.64090473e+05  2.19e+05   6.51e+02     1.76e-03   801.976s
 169000 +3.44684115e+05 +5.63136312e+05  2.18e+05   6.49e+02     1.75e-03   806.009s
 170000 +3.44436567e+05 +5.62241321e+05  2.18e+05   6.49e+02     1.76e-03   810.043s
 171000 +3.44204453e+05 +5.61381522e+05  2.17e+05   6.48e+02     1.75e-03   814.076s
 172000 +3.43972133e+05 +5.60588710e+05  2.17e+05   6.47e+02     1.73e-03   818.109s
 173000 +3.43748822e+05 +5.59790526e+05  2.16e+05   6.47e+02     1.72e-03   822.144s
 174000 +3.43532972e+05 +5.58929199e+05  2.15e+05   6.46e+02     1.72e-03   826.178s
 175000 +3.43298697e+05 +5.58099389e+05  2.15e+05   6.45e+02     1.71e-03   830.213s
 176000 +3.43059631e+05 +5.57279813e+05  2.14e+05   6.44e+02     1.74e-03   834.249s
 177000 +3.42818464e+05 +5.56364585e+05  2.14e+05   6.43e+02     1.69e-03   838.285s
 178000 +3.42592693e+05 +5.55499797e+05  2.13e+05   6.42e+02     1.69e-03   842.320s
 179000 +3.42377641e+05 +5.54631682e+05  2.12e+05   6.41e+02     1.68e-03   846.357s
 180000 +3.42159446e+05 +5.53798996e+05  2.12e+05   6.40e+02     1.68e-03   850.394s
 181000 +3.41942984e+05 +5.52952109e+05  2.11e+05   6.40e+02     1.66e-03   854.432s
 182000 +3.41735171e+05 +5.52108763e+05  2.10e+05   6.39e+02     1.66e-03   858.470s
 183000 +3.41516889e+05 +5.51318545e+05  2.10e+05   6.38e+02     1.65e-03   862.507s
 184000 +3.41312185e+05 +5.50486928e+05  2.09e+05   6.37e+02     1.64e-03   866.545s
 185000 +3.41102099e+05 +5.49656941e+05  2.09e+05   6.36e+02     1.63e-03   870.583s
 186000 +3.40904278e+05 +5.48771342e+05  2.08e+05   6.36e+02     1.63e-03   874.621s
 187000 +3.40712149e+05 +5.47875371e+05  2.07e+05   6.36e+02     1.62e-03   878.660s
 188000 +3.40508113e+05 +5.46969134e+05  2.06e+05   6.35e+02     1.62e-03   882.698s
 189000 +3.40305661e+05 +5.45964825e+05  2.06e+05   6.34e+02     1.61e-03   886.736s
 190000 +3.40104491e+05 +5.44986246e+05  2.05e+05   6.34e+02     1.60e-03   890.775s
 191000 +3.39920132e+05 +5.43965146e+05  2.04e+05   6.33e+02     1.59e-03   894.813s
 192000 +3.39735094e+05 +5.42981156e+05  2.03e+05   6.32e+02     1.58e-03   898.852s
 193000 +3.39548943e+05 +5.42122181e+05  2.03e+05   6.31e+02     1.57e-03   902.891s
 194000 +3.39369208e+05 +5.41270075e+05  2.02e+05   6.29e+02     1.57e-03   906.930s
 195000 +3.39194910e+05 +5.40455974e+05  2.01e+05   6.29e+02     1.56e-03   910.969s
 196000 +3.39012851e+05 +5.39618571e+05  2.01e+05   6.28e+02     1.55e-03   915.008s
 197000 +3.38839709e+05 +5.38787634e+05  2.00e+05   6.27e+02     1.54e-03   919.047s
 198000 +3.38690180e+05 +5.37967587e+05  1.99e+05   6.25e+02     1.58e-03   923.087s
 199000 +3.38533894e+05 +5.37161476e+05  1.99e+05   6.23e+02     1.53e-03   927.126s
 200000 +3.38350295e+05 +5.36320624e+05  1.98e+05   6.21e+02     1.52e-03   931.166s
 201000 +3.38163276e+05 +5.35526001e+05  1.97e+05   6.19e+02     1.51e-03   935.205s
 202000 +3.37984869e+05 +5.34799745e+05  1.97e+05   6.18e+02     1.50e-03   939.245s
 203000 +3.37800947e+05 +5.34105761e+05  1.96e+05   6.17e+02     1.50e-03   943.283s
 204000 +3.37620240e+05 +5.33408534e+05  1.96e+05   6.15e+02     1.49e-03   947.323s
 205000 +3.37452976e+05 +5.32733251e+05  1.95e+05   6.14e+02     1.48e-03   951.363s
 206000 +3.37278942e+05 +5.32028268e+05  1.95e+05   6.12e+02     1.48e-03   955.403s
 207000 +3.37105409e+05 +5.31354504e+05  1.94e+05   6.10e+02     1.47e-03   959.443s
 208000 +3.36947713e+05 +5.30658491e+05  1.94e+05   6.09e+02     1.46e-03   963.483s
 209000 +3.36793351e+05 +5.30034342e+05  1.93e+05   6.08e+02     1.46e-03   967.523s
 210000 +3.36629533e+05 +5.29350825e+05  1.93e+05   6.07e+02     1.45e-03   971.563s
 211000 +3.36470809e+05 +5.28623290e+05  1.92e+05   6.06e+02     1.45e-03   975.603s
 212000 +3.35930975e+05 +5.27641715e+05  1.92e+05   5.88e+02     1.34e-03   979.646s
 213000 +3.35680025e+05 +5.26885316e+05  1.91e+05   5.99e+02     1.31e-03   983.680s
 214000 +3.35430930e+05 +5.26133646e+05  1.91e+05   6.11e+02     1.31e-03   987.715s
 215000 +3.35179012e+05 +5.25347077e+05  1.90e+05   6.22e+02     1.30e-03   991.751s
 216000 +3.34932308e+05 +5.24543978e+05  1.90e+05   6.32e+02     1.30e-03   995.786s
 217000 +3.34679228e+05 +5.23764071e+05  1.89e+05   6.40e+02     1.30e-03   999.822s
 218000 +3.34440639e+05 +5.22999202e+05  1.89e+05   6.47e+02     1.30e-03   1003.858s
 219000 +3.34220095e+05 +5.22243626e+05  1.88e+05   6.53e+02     1.32e-03   1007.894s
 220000 +3.34001767e+05 +5.21462799e+05  1.87e+05   6.60e+02     1.29e-03   1011.931s
 221000 +3.33795101e+05 +5.20716947e+05  1.87e+05   6.65e+02     1.29e-03   1015.966s
 222000 +3.33554456e+05 +5.19927261e+05  1.86e+05   6.71e+02     1.29e-03   1020.002s
 223000 +3.33305768e+05 +5.19193706e+05  1.86e+05   6.77e+02     1.28e-03   1024.038s
 224000 +3.33058233e+05 +5.18331679e+05  1.85e+05   6.84e+02     1.27e-03   1028.074s
 225000 +3.32820049e+05 +5.17291172e+05  1.84e+05   6.91e+02     1.27e-03   1032.110s
 226000 +3.32574556e+05 +5.16387068e+05  1.84e+05   6.96e+02     1.27e-03   1036.146s
 227000 +3.32327834e+05 +5.15478998e+05  1.83e+05   7.02e+02     1.26e-03   1040.182s
 228000 +3.32089963e+05 +5.14587188e+05  1.82e+05   7.06e+02     1.26e-03   1044.218s
 229000 +3.31845040e+05 +5.13731364e+05  1.82e+05   7.10e+02     1.25e-03   1048.254s
 230000 +3.31602703e+05 +5.12862187e+05  1.81e+05   7.15e+02     1.24e-03   1052.290s
 231000 +3.31369104e+05 +5.12056366e+05  1.81e+05   7.17e+02     1.24e-03   1056.327s
 232000 +3.31128781e+05 +5.11324012e+05  1.80e+05   7.21e+02     1.24e-03   1060.363s
 233000 +3.30890980e+05 +5.10532646e+05  1.80e+05   7.24e+02     1.23e-03   1064.398s
 234000 +3.30660872e+05 +5.09761841e+05  1.79e+05   7.28e+02     1.23e-03   1068.433s
 235000 +3.30437482e+05 +5.08816659e+05  1.78e+05   7.33e+02     1.22e-03   1072.467s
 236000 +3.30211995e+05 +5.07790766e+05  1.78e+05   7.38e+02     1.22e-03   1076.501s
 237000 +3.30008350e+05 +5.06794501e+05  1.77e+05   7.43e+02     1.21e-03   1080.533s
 238000 +3.29789590e+05 +5.05754815e+05  1.76e+05   7.48e+02     1.21e-03   1084.567s
 239000 +3.29573811e+05 +5.04546411e+05  1.75e+05   7.53e+02     1.20e-03   1088.599s
 240000 +3.29367390e+05 +5.03346753e+05  1.74e+05   7.56e+02     1.19e-03   1092.632s
 241000 +3.29150944e+05 +5.02195492e+05  1.73e+05   7.60e+02     1.19e-03   1096.664s
 242000 +3.28929226e+05 +5.01013413e+05  1.72e+05   7.63e+02     1.18e-03   1100.696s
 243000 +3.28715865e+05 +4.99817715e+05  1.71e+05   7.66e+02     1.17e-03   1104.729s
 244000 +3.28516819e+05 +4.98653603e+05  1.70e+05   7.68e+02     1.17e-03   1108.761s
 245000 +3.28318830e+05 +4.97507600e+05  1.69e+05   7.70e+02     1.16e-03   1112.793s
 246000 +3.28127092e+05 +4.96234509e+05  1.68e+05   7.72e+02     1.16e-03   1116.825s
 247000 +3.27937029e+05 +4.95049697e+05  1.67e+05   7.74e+02     1.16e-03   1120.857s
 248000 +3.27746626e+05 +4.93911982e+05  1.66e+05   7.75e+02     1.14e-03   1124.889s
 249000 +3.27558112e+05 +4.92766819e+05  1.65e+05   7.77e+02     1.13e-03   1128.921s
 250000 +3.27374289e+05 +4.91606901e+05  1.64e+05   7.78e+02     1.13e-03   1132.953s
 251000 +3.27207994e+05 +4.90552657e+05  1.63e+05   7.80e+02     1.12e-03   1136.985s
 252000 +3.27033753e+05 +4.89489800e+05  1.62e+05   7.81e+02     1.12e-03   1141.017s
 253000 +3.26880550e+05 +4.88437986e+05  1.62e+05   7.81e+02     1.11e-03   1145.048s
 254000 +3.26684923e+05 +4.87398490e+05  1.61e+05   7.81e+02     1.10e-03   1149.080s
 255000 +3.26511905e+05 +4.86418234e+05  1.60e+05   7.81e+02     1.09e-03   1153.111s
 256000 +3.26342594e+05 +4.85452140e+05  1.59e+05   7.81e+02     1.09e-03   1157.142s
 257000 +3.26188034e+05 +4.84372687e+05  1.58e+05   7.82e+02     1.08e-03   1161.173s
 258000 +3.26027724e+05 +4.83286089e+05  1.57e+05   7.82e+02     1.07e-03   1165.205s
 259000 +3.25871809e+05 +4.82246321e+05  1.56e+05   7.81e+02     1.07e-03   1169.236s
 260000 +3.25714373e+05 +4.81249635e+05  1.56e+05   7.81e+02     1.06e-03   1173.268s
 261000 +3.25559341e+05 +4.80241997e+05  1.55e+05   7.80e+02     1.05e-03   1177.299s
 262000 +3.25417998e+05 +4.79325380e+05  1.54e+05   7.78e+02     1.05e-03   1181.330s
 263000 +3.25270241e+05 +4.78448750e+05  1.53e+05   7.77e+02     1.05e-03   1185.362s
 264000 +3.25124130e+05 +4.77592248e+05  1.52e+05   7.75e+02     1.04e-03   1189.393s
 265000 +3.24997516e+05 +4.76759759e+05  1.52e+05   7.73e+02     1.04e-03   1193.425s
 266000 +3.24851746e+05 +4.75986333e+05  1.51e+05   7.71e+02     1.03e-03   1197.457s
 267000 +3.24724096e+05 +4.75143137e+05  1.50e+05   7.70e+02     1.02e-03   1201.489s
 268000 +3.24586093e+05 +4.74340859e+05  1.50e+05   7.68e+02     1.01e-03   1205.523s
 269000 +3.24449201e+05 +4.73553787e+05  1.49e+05   7.67e+02     1.01e-03   1209.556s
 270000 +3.24308561e+05 +4.72760921e+05  1.48e+05   7.65e+02     1.00e-03   1213.590s
 271000 +3.24175039e+05 +4.71946181e+05  1.48e+05   7.64e+02     1.01e-03   1217.624s
 272000 +3.24043944e+05 +4.71081947e+05  1.47e+05   7.64e+02     9.98e-04   1221.659s
 273000 +3.23908581e+05 +4.70176455e+05  1.46e+05   7.63e+02     9.93e-04   1225.694s
 274000 +3.23781158e+05 +4.69291826e+05  1.46e+05   7.63e+02     9.83e-04   1229.729s
 275000 +3.23650052e+05 +4.68386876e+05  1.45e+05   7.62e+02     9.75e-04   1233.765s
 276000 +3.23521276e+05 +4.67469139e+05  1.44e+05   7.61e+02     9.69e-04   1237.799s
 277000 +3.23386588e+05 +4.66617327e+05  1.43e+05   7.59e+02     9.64e-04   1241.835s
 278000 +3.23292410e+05 +4.65779956e+05  1.42e+05   7.57e+02     9.71e-04   1245.870s
 279000 +3.23184428e+05 +4.64939780e+05  1.42e+05   7.56e+02     9.55e-04   1249.907s
 280000 +3.23065499e+05 +4.64030604e+05  1.41e+05   7.55e+02     9.48e-04   1253.943s
 281000 +3.22955319e+05 +4.63144112e+05  1.40e+05   7.55e+02     9.43e-04   1257.979s
 282000 +3.22860527e+05 +4.62262044e+05  1.39e+05   7.54e+02     9.39e-04   1262.015s
 283000 +3.22751196e+05 +4.61377223e+05  1.39e+05   7.53e+02     9.35e-04   1266.052s
 284000 +3.22651866e+05 +4.60552870e+05  1.38e+05   7.53e+02     9.30e-04   1270.089s
 285000 +3.22614559e+05 +4.59685385e+05  1.37e+05   7.51e+02     9.28e-04   1274.126s
 286000 +3.22524231e+05 +4.58782774e+05  1.36e+05   7.50e+02     9.34e-04   1278.163s
 287000 +3.22506613e+05 +4.57895326e+05  1.35e+05   7.47e+02     9.58e-04   1282.200s
 288000 +3.22392338e+05 +4.57027098e+05  1.35e+05   7.45e+02     9.26e-04   1286.237s
 289000 +3.22289810e+05 +4.56166428e+05  1.34e+05   7.44e+02     9.10e-04   1290.274s
 290000 +3.22201774e+05 +4.55322246e+05  1.33e+05   7.42e+02     9.00e-04   1294.310s
 291000 +3.22107555e+05 +4.54554308e+05  1.32e+05   7.41e+02     8.98e-04   1298.347s
 292000 +3.21994035e+05 +4.53812752e+05  1.32e+05   7.39e+02     8.95e-04   1302.385s
 293000 +3.21901748e+05 +4.53071585e+05  1.31e+05   7.38e+02     8.88e-04   1306.422s
 294000 +3.21810830e+05 +4.52333592e+05  1.31e+05   7.36e+02     8.85e-04   1310.459s
 295000 +3.21718266e+05 +4.51620458e+05  1.30e+05   7.34e+02     8.80e-04   1314.497s
 296000 +3.21628531e+05 +4.50870491e+05  1.29e+05   7.33e+02     8.75e-04   1318.534s
 297000 +3.21555124e+05 +4.50204443e+05  1.29e+05   7.32e+02     8.95e-04   1322.571s
 298000 +3.21465218e+05 +4.49507809e+05  1.28e+05   7.31e+02     8.80e-04   1326.608s
 299000 +3.21380393e+05 +4.48799464e+05  1.27e+05   7.30e+02     8.66e-04   1330.645s
 300000 +3.21287718e+05 +4.48009826e+05  1.27e+05   7.29e+02     8.80e-04   1334.683s
 301000 +3.21198682e+05 +4.47262672e+05  1.26e+05   7.28e+02     8.55e-04   1338.721s
 302000 +3.21139025e+05 +4.46540839e+05  1.25e+05   7.26e+02     8.52e-04   1342.758s
 303000 +3.21066579e+05 +4.45794281e+05  1.25e+05   7.25e+02     8.53e-04   1346.796s
 304000 +3.20980846e+05 +4.45053353e+05  1.24e+05   7.24e+02     8.41e-04   1350.833s
 305000 +3.20899997e+05 +4.44323466e+05  1.23e+05   7.23e+02     8.37e-04   1354.869s
 306000 +3.20812392e+05 +4.43615983e+05  1.23e+05   7.21e+02     8.33e-04   1358.906s
 307000 +3.20746556e+05 +4.42920418e+05  1.22e+05   7.20e+02     8.29e-04   1362.941s
 308000 +3.20668523e+05 +4.42217128e+05  1.22e+05   7.19e+02     8.25e-04   1366.975s
 309000 +3.20600409e+05 +4.41504406e+05  1.21e+05   7.17e+02     8.24e-04   1371.010s
 310000 +3.20522178e+05 +4.40753832e+05  1.20e+05   7.16e+02     8.29e-04   1375.044s
 311000 +3.20459906e+05 +4.39987215e+05  1.20e+05   7.15e+02     8.17e-04   1379.078s
 312000 +3.20378946e+05 +4.39255140e+05  1.19e+05   7.14e+02     8.12e-04   1383.111s
 313000 +3.20306151e+05 +4.38541870e+05  1.18e+05   7.13e+02     8.15e-04   1387.144s
 314000 +3.20233038e+05 +4.37829923e+05  1.18e+05   7.12e+02     8.21e-04   1391.177s
 315000 +3.20163604e+05 +4.37131710e+05  1.17e+05   7.10e+02     8.11e-04   1395.209s
 316000 +3.20091421e+05 +4.36429312e+05  1.16e+05   7.08e+02     7.97e-04   1399.241s
 317000 +3.20024383e+05 +4.35642465e+05  1.16e+05   7.08e+02     7.96e-04   1403.273s
 318000 +3.19956475e+05 +4.34870169e+05  1.15e+05   7.07e+02     8.00e-04   1407.305s
 319000 +3.19879644e+05 +4.34110252e+05  1.14e+05   7.05e+02     7.88e-04   1411.337s
 320000 +3.19821088e+05 +4.33249060e+05  1.13e+05   7.05e+02     7.79e-04   1415.369s
 321000 +3.19759886e+05 +4.32397659e+05  1.13e+05   7.04e+02     7.83e-04   1419.401s
 322000 +3.19693998e+05 +4.31545630e+05  1.12e+05   7.03e+02     7.73e-04   1423.434s
 323000 +3.19641509e+05 +4.30704913e+05  1.11e+05   7.02e+02     7.89e-04   1427.466s
 324000 +3.19590031e+05 +4.29831657e+05  1.10e+05   7.01e+02     7.63e-04   1431.498s
 325000 +3.19521837e+05 +4.29050449e+05  1.10e+05   7.00e+02     7.57e-04   1435.530s
 326000 +3.19460946e+05 +4.28257202e+05  1.09e+05   6.99e+02     7.51e-04   1439.562s
 327000 +3.19411466e+05 +4.27501271e+05  1.08e+05   6.98e+02     7.50e-04   1443.594s
 328000 +3.19379395e+05 +4.26767241e+05  1.07e+05   6.96e+02     7.44e-04   1447.626s
 329000 +3.19334668e+05 +4.26045516e+05  1.07e+05   6.94e+02     7.38e-04   1451.658s
 330000 +3.19290560e+05 +4.25217513e+05  1.06e+05   6.93e+02     7.48e-04   1455.690s
 331000 +3.19520242e+05 +4.24458081e+05  1.05e+05   6.63e+02     7.60e-04   1459.726s
 332000 +3.19468777e+05 +4.23609964e+05  1.04e+05   6.75e+02     6.68e-04   1463.754s
 333000 +3.19338459e+05 +4.22744147e+05  1.03e+05   6.87e+02     6.63e-04   1467.782s
 334000 +3.19208143e+05 +4.21872505e+05  1.03e+05   6.99e+02     6.59e-04   1471.811s
 335000 +3.19084938e+05 +4.20927000e+05  1.02e+05   7.10e+02     6.56e-04   1475.839s
 336000 +3.18962437e+05 +4.20010695e+05  1.01e+05   7.20e+02     6.52e-04   1479.867s
 337000 +3.18845756e+05 +4.19069413e+05  1.00e+05   7.29e+02     6.49e-04   1483.895s
 338000 +3.18734180e+05 +4.18171734e+05  9.94e+04   7.38e+02     6.45e-04   1487.924s
 339000 +3.18618261e+05 +4.17197127e+05  9.86e+04   7.46e+02     6.42e-04   1491.952s
 340000 +3.18503354e+05 +4.16208361e+05  9.77e+04   7.54e+02     6.38e-04   1495.980s
 341000 +3.18393880e+05 +4.15261053e+05  9.69e+04   7.60e+02     6.34e-04   1500.009s
 342000 +3.18281312e+05 +4.14311141e+05  9.60e+04   7.66e+02     6.30e-04   1504.038s
 343000 +3.18169528e+05 +4.13436439e+05  9.53e+04   7.72e+02     6.27e-04   1508.068s
 344000 +3.18067088e+05 +4.12552550e+05  9.45e+04   7.79e+02     6.23e-04   1512.098s
 345000 +3.17965377e+05 +4.11585101e+05  9.36e+04   7.85e+02     6.19e-04   1516.129s
 346000 +3.17860093e+05 +4.10561147e+05  9.27e+04   7.91e+02     6.15e-04   1520.161s
 347000 +3.17766725e+05 +4.09547738e+05  9.18e+04   7.96e+02     6.11e-04   1524.193s
 348000 +3.17673934e+05 +4.08550380e+05  9.09e+04   8.01e+02     6.08e-04   1528.225s
 349000 +3.17585771e+05 +4.07556786e+05  9.00e+04   8.05e+02     6.02e-04   1532.257s
 350000 +3.17495861e+05 +4.06568999e+05  8.91e+04   8.08e+02     5.97e-04   1536.289s
 351000 +3.17409361e+05 +4.05599493e+05  8.82e+04   8.12e+02     5.93e-04   1540.323s
 352000 +3.17330481e+05 +4.04647686e+05  8.73e+04   8.15e+02     5.87e-04   1544.356s
 353000 +3.17245995e+05 +4.03624668e+05  8.64e+04   8.18e+02     5.83e-04   1548.389s
 354000 +3.17171253e+05 +4.02619146e+05  8.54e+04   8.21e+02     5.77e-04   1552.422s
 355000 +3.17100906e+05 +4.01639320e+05  8.45e+04   8.24e+02     5.72e-04   1556.456s
 356000 +3.17055894e+05 +4.00644129e+05  8.36e+04   8.26e+02     5.83e-04   1560.490s
 357000 +3.16995839e+05 +3.99721383e+05  8.27e+04   8.27e+02     5.64e-04   1564.524s
 358000 +3.16921980e+05 +3.98785804e+05  8.19e+04   8.28e+02     5.59e-04   1568.559s
 359000 +3.16851803e+05 +3.97882191e+05  8.10e+04   8.28e+02     5.54e-04   1572.593s
 360000 +3.16788212e+05 +3.96964823e+05  8.02e+04   8.28e+02     5.49e-04   1576.627s
 361000 +3.16733857e+05 +3.95975795e+05  7.92e+04   8.29e+02     5.44e-04   1580.662s
 362000 +3.16683847e+05 +3.95032571e+05  7.83e+04   8.28e+02     5.42e-04   1584.696s
 363000 +3.16637742e+05 +3.94094502e+05  7.75e+04   8.26e+02     5.35e-04   1588.731s
 364000 +3.16586223e+05 +3.93217216e+05  7.66e+04   8.25e+02     5.30e-04   1592.765s
 365000 +3.16542399e+05 +3.92340391e+05  7.58e+04   8.24e+02     5.26e-04   1596.800s
 366000 +3.16506770e+05 +3.91500504e+05  7.50e+04   8.22e+02     5.21e-04   1600.835s
 367000 +3.16476124e+05 +3.90641429e+05  7.42e+04   8.20e+02     5.23e-04   1604.871s
 368000 +3.16490705e+05 +3.89801151e+05  7.33e+04   8.18e+02     5.15e-04   1608.906s
 369000 +3.16494181e+05 +3.88984153e+05  7.25e+04   8.15e+02     5.32e-04   1612.940s
 370000 +3.16443714e+05 +3.88193550e+05  7.17e+04   8.13e+02     5.07e-04   1616.975s
 371000 +3.16426507e+05 +3.87440389e+05  7.10e+04   8.09e+02     5.00e-04   1621.009s
 372000 +3.16400929e+05 +3.86713209e+05  7.03e+04   8.07e+02     4.95e-04   1625.044s
 373000 +3.16369918e+05 +3.85986161e+05  6.96e+04   8.05e+02     4.92e-04   1629.079s
 374000 +3.16343290e+05 +3.85274196e+05  6.89e+04   8.03e+02     4.87e-04   1633.113s
 375000 +3.16321669e+05 +3.84550447e+05  6.82e+04   8.01e+02     4.86e-04   1637.147s
 376000 +3.16304342e+05 +3.83863537e+05  6.76e+04   7.98e+02     4.84e-04   1641.182s
 377000 +3.16291630e+05 +3.83140218e+05  6.68e+04   7.95e+02     4.77e-04   1645.216s
 378000 +3.16294901e+05 +3.82407899e+05  6.61e+04   7.92e+02     4.76e-04   1649.251s
 379000 +3.16303179e+05 +3.81660260e+05  6.54e+04   7.88e+02     4.83e-04   1653.286s
 380000 +3.16299347e+05 +3.80963642e+05  6.47e+04   7.85e+02     4.75e-04   1657.320s
 381000 +3.16293241e+05 +3.80255689e+05  6.40e+04   7.81e+02     4.67e-04   1661.356s
 382000 +3.16286720e+05 +3.79583467e+05  6.33e+04   7.78e+02     4.62e-04   1665.391s
 383000 +3.16286716e+05 +3.78909563e+05  6.26e+04   7.73e+02     4.60e-04   1669.426s
 384000 +3.16275693e+05 +3.78268797e+05  6.20e+04   7.69e+02     4.57e-04   1673.461s
 385000 +3.16271158e+05 +3.77655834e+05  6.14e+04   7.66e+02     4.53e-04   1677.495s
 386000 +3.16268178e+05 +3.77049667e+05  6.08e+04   7.62e+02     4.51e-04   1681.528s
 387000 +3.16276009e+05 +3.76430843e+05  6.02e+04   7.58e+02     4.54e-04   1685.560s
 388000 +3.16272269e+05 +3.75796621e+05  5.95e+04   7.54e+02     4.46e-04   1689.591s
 389000 +3.16276023e+05 +3.75198809e+05  5.89e+04   7.50e+02     4.45e-04   1693.623s
 390000 +3.16282047e+05 +3.74597934e+05  5.83e+04   7.46e+02     4.45e-04   1697.655s
 391000 +3.16286089e+05 +3.74024216e+05  5.77e+04   7.42e+02     4.49e-04   1701.685s
 392000 +3.16282364e+05 +3.73508032e+05  5.72e+04   7.38e+02     4.38e-04   1705.716s
 393000 +3.16284386e+05 +3.72966801e+05  5.67e+04   7.35e+02     4.46e-04   1709.746s
 394000 +3.16275523e+05 +3.72412882e+05  5.61e+04   7.31e+02     4.34e-04   1713.777s
 395000 +3.16275391e+05 +3.71873232e+05  5.56e+04   7.28e+02     4.30e-04   1717.808s
 396000 +3.16277126e+05 +3.71354409e+05  5.51e+04   7.24e+02     4.27e-04   1721.838s
 397000 +3.16272706e+05 +3.70844085e+05  5.46e+04   7.21e+02     4.26e-04   1725.868s
 398000 +3.16257729e+05 +3.70355746e+05  5.41e+04   7.19e+02     4.21e-04   1729.897s
 399000 +3.16261547e+05 +3.69854477e+05  5.36e+04   7.15e+02     4.20e-04   1733.927s
 400000 +3.16280830e+05 +3.69318060e+05  5.30e+04   7.12e+02     4.20e-04   1737.957s
 401000 +3.16278195e+05 +3.68807152e+05  5.25e+04   7.09e+02     4.24e-04   1741.987s
 402000 +3.16274424e+05 +3.68336131e+05  5.21e+04   7.06e+02     4.14e-04   1746.017s
 403000 +3.16274731e+05 +3.67870015e+05  5.16e+04   7.03e+02     4.09e-04   1750.046s
 404000 +3.16284756e+05 +3.67410369e+05  5.11e+04   7.00e+02     4.06e-04   1754.076s
 405000 +3.16285411e+05 +3.66950784e+05  5.07e+04   6.97e+02     4.04e-04   1758.105s
 406000 +3.16279375e+05 +3.66486786e+05  5.02e+04   6.95e+02     4.01e-04   1762.135s
 407000 +3.16280807e+05 +3.65992559e+05  4.97e+04   6.92e+02     3.97e-04   1766.164s
 408000 +3.16274873e+05 +3.65544779e+05  4.93e+04   6.90e+02     3.94e-04   1770.193s
 409000 +3.16287747e+05 +3.65097945e+05  4.88e+04   6.87e+02     3.93e-04   1774.223s
 410000 +3.16303461e+05 +3.64665708e+05  4.84e+04   6.84e+02     3.90e-04   1778.253s
 411000 +3.16328125e+05 +3.64239288e+05  4.79e+04   6.81e+02     3.88e-04   1782.282s
 412000 +3.16330590e+05 +3.63816200e+05  4.75e+04   6.78e+02     3.87e-04   1786.311s
 413000 +3.16338135e+05 +3.63393168e+05  4.71e+04   6.75e+02     3.82e-04   1790.340s
 414000 +3.16343225e+05 +3.62998937e+05  4.67e+04   6.72e+02     3.78e-04   1794.369s
 415000 +3.16347411e+05 +3.62594561e+05  4.62e+04   6.69e+02     3.79e-04   1798.397s
 416000 +3.16344123e+05 +3.62189147e+05  4.58e+04   6.66e+02     3.77e-04   1802.426s
 417000 +3.16361790e+05 +3.61780066e+05  4.54e+04   6.63e+02     3.72e-04   1806.456s
 418000 +3.16352978e+05 +3.61347399e+05  4.50e+04   6.61e+02     3.71e-04   1810.486s
 419000 +3.16347071e+05 +3.60960759e+05  4.46e+04   6.58e+02     3.70e-04   1814.517s
 420000 +3.16368668e+05 +3.60557301e+05  4.42e+04   6.55e+02     3.83e-04   1818.548s
 421000 +3.16392489e+05 +3.60134155e+05  4.37e+04   6.52e+02     3.67e-04   1822.580s
 422000 +3.16407391e+05 +3.59720716e+05  4.33e+04   6.50e+02     3.68e-04   1826.612s
 423000 +3.16413616e+05 +3.59307713e+05  4.29e+04   6.48e+02     3.54e-04   1830.644s
 424000 +3.16410134e+05 +3.58909121e+05  4.25e+04   6.45e+02     3.49e-04   1834.677s
 425000 +3.16410837e+05 +3.58536306e+05  4.21e+04   6.43e+02     3.46e-04   1838.710s
 426000 +3.16420027e+05 +3.58160555e+05  4.17e+04   6.41e+02     3.45e-04   1842.743s
 427000 +3.16433371e+05 +3.57791892e+05  4.14e+04   6.38e+02     3.44e-04   1846.776s
 428000 +3.16453524e+05 +3.57440818e+05  4.10e+04   6.35e+02     3.39e-04   1850.809s
 429000 +3.16463540e+05 +3.57091261e+05  4.06e+04   6.33e+02     3.35e-04   1854.842s
 430000 +3.16497439e+05 +3.56742947e+05  4.02e+04   6.30e+02     3.33e-04   1858.876s
 431000 +3.16549188e+05 +3.56411654e+05  3.99e+04   6.26e+02     3.34e-04   1862.910s
 432000 +3.16542306e+05 +3.56091044e+05  3.95e+04   6.23e+02     3.28e-04   1866.943s
 433000 +3.16558942e+05 +3.55799043e+05  3.92e+04   6.19e+02     3.24e-04   1870.977s
 434000 +3.16566040e+05 +3.55521808e+05  3.90e+04   6.16e+02     3.21e-04   1875.011s
 435000 +3.16574010e+05 +3.55241461e+05  3.87e+04   6.13e+02     3.19e-04   1879.046s
 436000 +3.16586358e+05 +3.54913889e+05  3.83e+04   6.10e+02     3.15e-04   1883.080s
 437000 +3.16603408e+05 +3.54574714e+05  3.80e+04   6.08e+02     3.13e-04   1887.114s
 438000 +3.16620265e+05 +3.54252799e+05  3.76e+04   6.06e+02     3.10e-04   1891.148s
 439000 +3.16633489e+05 +3.53924636e+05  3.73e+04   6.04e+02     3.08e-04   1895.183s
 440000 +3.16655341e+05 +3.53611734e+05  3.70e+04   6.02e+02     3.06e-04   1899.217s
 441000 +3.16684273e+05 +3.53282023e+05  3.66e+04   5.99e+02     3.06e-04   1903.252s
 442000 +3.16709738e+05 +3.52974295e+05  3.63e+04   5.97e+02     3.01e-04   1907.286s
 443000 +3.16728186e+05 +3.52707128e+05  3.60e+04   5.94e+02     3.00e-04   1911.320s
 444000 +3.16743132e+05 +3.52441920e+05  3.57e+04   5.92e+02     2.99e-04   1915.354s
 445000 +3.16764587e+05 +3.52167044e+05  3.54e+04   5.89e+02     2.94e-04   1919.389s
 446000 +3.16783797e+05 +3.51930956e+05  3.51e+04   5.86e+02     2.90e-04   1923.423s
 447000 +3.16818806e+05 +3.51715946e+05  3.49e+04   5.83e+02     2.90e-04   1927.457s
 448000 +3.16841424e+05 +3.51534916e+05  3.47e+04   5.80e+02     2.86e-04   1931.491s
 449000 +3.16873610e+05 +3.51391813e+05  3.45e+04   5.77e+02     2.94e-04   1935.526s
 450000 +3.16909514e+05 +3.51263695e+05  3.44e+04   5.74e+02     2.94e-04   1939.561s
 451000 +3.16942364e+05 +3.51166360e+05  3.42e+04   5.71e+02     2.82e-04   1943.595s
 452000 +3.16976388e+05 +3.51095506e+05  3.41e+04   5.67e+02     2.82e-04   1947.630s
 453000 +3.16993537e+05 +3.50978116e+05  3.40e+04   5.64e+02     2.78e-04   1951.665s
 454000 +3.17017818e+05 +3.50859741e+05  3.38e+04   5.61e+02     2.75e-04   1955.699s
 455000 +3.17040879e+05 +3.50733422e+05  3.37e+04   5.58e+02     2.80e-04   1959.734s
 456000 +3.17065964e+05 +3.50594421e+05  3.35e+04   5.56e+02     2.72e-04   1963.768s
 457000 +3.17084425e+05 +3.50448036e+05  3.34e+04   5.54e+02     2.71e-04   1967.803s
 458000 +3.17109117e+05 +3.50306546e+05  3.32e+04   5.51e+02     2.71e-04   1971.837s
 459000 +3.17160713e+05 +3.50162478e+05  3.30e+04   5.47e+02     2.71e-04   1975.872s
 460000 +3.17175099e+05 +3.50034411e+05  3.29e+04   5.45e+02     2.66e-04   1979.907s
 461000 +3.17203656e+05 +3.49922617e+05  3.27e+04   5.43e+02     2.67e-04   1983.942s
 462000 +3.17241413e+05 +3.49813080e+05  3.26e+04   5.40e+02     2.65e-04   1987.976s
 463000 +3.17272892e+05 +3.49715497e+05  3.24e+04   5.37e+02     2.61e-04   1992.010s
 464000 +3.17307849e+05 +3.49642854e+05  3.23e+04   5.34e+02     2.76e-04   1996.045s
 465000 +3.17337633e+05 +3.49553199e+05  3.22e+04   5.32e+02     2.62e-04   2000.080s
 466000 +3.17365811e+05 +3.49453136e+05  3.21e+04   5.30e+02     2.61e-04   2004.115s
 467000 +3.17380395e+05 +3.49336060e+05  3.20e+04   5.29e+02     2.59e-04   2008.149s
 468000 +3.17402495e+05 +3.49229315e+05  3.18e+04   5.27e+02     2.57e-04   2012.184s
 469000 +3.17420700e+05 +3.49126655e+05  3.17e+04   5.25e+02     2.53e-04   2016.219s
 470000 +3.17440530e+05 +3.49003585e+05  3.16e+04   5.24e+02     2.52e-04   2020.254s
 471000 +3.17459544e+05 +3.48866693e+05  3.14e+04   5.22e+02     2.52e-04   2024.288s
 472000 +3.17478038e+05 +3.48734794e+05  3.13e+04   5.21e+02     2.49e-04   2028.323s
 473000 +3.17499334e+05 +3.48590127e+05  3.11e+04   5.19e+02     2.50e-04   2032.357s
 474000 +3.17531206e+05 +3.48447581e+05  3.09e+04   5.18e+02     2.50e-04   2036.392s
 475000 +3.17555276e+05 +3.48290293e+05  3.07e+04   5.17e+02     2.53e-04   2040.426s
 476000 +3.17567903e+05 +3.48130575e+05  3.06e+04   5.16e+02     2.46e-04   2044.461s
 477000 +3.17598691e+05 +3.47977212e+05  3.04e+04   5.15e+02     2.43e-04   2048.496s
 478000 +3.17616141e+05 +3.47824822e+05  3.02e+04   5.13e+02     2.39e-04   2052.531s
 479000 +3.17643259e+05 +3.47681603e+05  3.00e+04   5.12e+02     2.35e-04   2056.566s
 480000 +3.17665379e+05 +3.47539286e+05  2.99e+04   5.10e+02     2.42e-04   2060.601s
 481000 +3.17689320e+05 +3.47396872e+05  2.97e+04   5.09e+02     2.34e-04   2064.635s
