### solver=cuopt-base
### instance=/home/scratch.cmaes_sw/large-scale-LP-test-problems/large-problem-instances/multicommodity-flow-instance_5000_50_500.mps
### n_gpus=1
### CUDA_VISIBLE_DEVICES=0
### started=2026-07-24T16:12:58.983324
### argv=/home/scratch.vmostovoi_gpu/mostovoi_cuopt/cpp/build/cuopt_cli --method 1 --mps-reader experimental-fast --time-limit 3600 --iteration-limit 1000000000 --relative-primal-tolerance 1e-4 --relative-dual-tolerance 1e-4 --relative-gap-tolerance 1e-4 --log-to-console true /home/scratch.cmaes_sw/large-scale-LP-test-problems/large-problem-instances/multicommodity-flow-instance_5000_50_500.mps
### --- solver output ---
Setting parameter iteration_limit to 1000000000
Setting parameter log_to_console to true
Setting parameter method to 1
Setting parameter relative_dual_tolerance to 1.000000e-04
Setting parameter relative_gap_tolerance to 1.000000e-04
Setting parameter relative_primal_tolerance to 1.000000e-04
Setting parameter time_limit to 3.600000e+03
Reading file multicommodity-flow-instance_5000_50_500.mps
Using experimental fast MPS parser for '/home/scratch.cmaes_sw/large-scale-LP-test-problems/large-problem-instances/multicommodity-flow-instance_5000_50_500.mps'
Read file multicommodity-flow-instance_5000_50_500.mps in 23.90 seconds
cuOpt version: 26.8.0, git hash: 7116ead1, host arch: x86_64, device archs: 100a-real
CPU: INTEL(R) XEON(R) PLATINUM 8570, threads (physical/logical): 112/224, RAM: 1287.59 GiB
CUDA 13.3, device: NVIDIA B200 (ID 0), VRAM: 178.34 GiB
CUDA device UUID: 5b3b2195-5d98-9774-145e-bfc9011037d7
Solving a problem with 2775050 constraints, 126250050 variables (0 integers), and 253750050 nonzeros
Problem scaling:
Objective coefficents range:          [1e+00, 1e+00]
Constraint matrix coefficients range: [9e-08, 2e+03]
Constraint rhs / bounds range:        [1e+00, 1e+00]
Variable bounds range:                [0e+00, 0e+00]
Warning: input problem contains a large range of coefficients: consider reformulating to avoid numerical difficulties.

Using PSLP presolver
PSLP Presolved problem: 2775003 constraints, 126247700 variables, 253745350 non-zeros
PSLP presolve time: 72.21s
Objective offset 0.000000 scaling_factor 1.000000
   Iter    Primal Obj.      Dual Obj.    Gap        Primal Res.  Dual Res.   Time
      0 +0.00000000e+00 +0.00000000e+00  0.00e+00   1.58e+03     1.12e+04   73.808s
   1000 +1.42570554e+08 +1.54446323e+08  1.19e+07   4.70e+03     1.25e+02   79.345s
   2000 +1.43544178e+08 +1.49778559e+08  6.23e+06   2.86e+03     4.72e+01   84.028s
   3000 +1.44696206e+08 +1.48103858e+08  3.41e+06   1.96e+03     2.24e+01   88.710s
   4000 +1.45360323e+08 +1.47284603e+08  1.92e+06   1.56e+03     1.12e+01   93.396s
   5000 +1.45581952e+08 +1.46992492e+08  1.41e+06   1.12e+03     6.80e+00   98.078s
   6000 +1.45749617e+08 +1.46752497e+08  1.00e+06   1.39e+03     3.76e+00   102.767s
   7000 +1.45817328e+08 +1.46647796e+08  8.30e+05   9.25e+02     2.02e+00   107.455s
   8000 +1.45853423e+08 +1.46610703e+08  7.57e+05   7.62e+02     1.42e+00   112.147s
   9000 +1.45892361e+08 +1.46591189e+08  6.99e+05   6.72e+02     1.01e+00   116.838s
  10000 +1.45922993e+08 +1.46552311e+08  6.29e+05   6.91e+02     4.82e-01   121.537s
  11000 +1.45943068e+08 +1.46544836e+08  6.02e+05   6.41e+02     3.16e-01   126.182s
  12000 +1.45965840e+08 +1.46541705e+08  5.76e+05   5.89e+02     2.42e-01   130.830s
  13000 +1.45986565e+08 +1.46539678e+08  5.53e+05   5.62e+02     1.88e-01   135.478s
  14000 +1.46005047e+08 +1.46538376e+08  5.33e+05   5.38e+02     1.47e-01   140.127s
  15000 +1.46020652e+08 +1.46534724e+08  5.14e+05   5.11e+02     8.74e-02   144.782s
  16000 +1.46036024e+08 +1.46534373e+08  4.98e+05   5.00e+02     7.48e-02   149.433s
  17000 +1.46051087e+08 +1.46534145e+08  4.83e+05   4.91e+02     5.93e-02   154.084s
  18000 +1.46065138e+08 +1.46534145e+08  4.69e+05   4.82e+02     5.10e-02   158.735s
  19000 +1.46078599e+08 +1.46534151e+08  4.56e+05   4.72e+02     4.39e-02   163.392s
  20000 +1.46090828e+08 +1.46534185e+08  4.43e+05   4.63e+02     3.88e-02   168.044s
  21000 +1.46103090e+08 +1.46534319e+08  4.31e+05   4.52e+02     3.65e-02   172.696s
  22000 +1.46115142e+08 +1.46534264e+08  4.19e+05   4.45e+02     2.97e-02   177.351s
  23000 +1.46124629e+08 +1.46534048e+08  4.09e+05   4.28e+02     2.85e-02   182.009s
  24000 +1.46137820e+08 +1.46534522e+08  3.97e+05   4.11e+02     4.33e-02   186.662s
  25000 +1.46155978e+08 +1.46534920e+08  3.79e+05   3.95e+02     5.31e-02   191.316s
  26000 +1.46176943e+08 +1.46535309e+08  3.58e+05   3.81e+02     5.41e-02   195.971s
  27000 +1.46198010e+08 +1.46535627e+08  3.38e+05   3.66e+02     5.62e-02   200.626s
  28000 +1.46217122e+08 +1.46535931e+08  3.19e+05   3.53e+02     5.29e-02   205.280s
  29000 +1.46234642e+08 +1.46536164e+08  3.02e+05   3.39e+02     5.21e-02   209.934s
  30000 +1.46251008e+08 +1.46536411e+08  2.85e+05   3.26e+02     4.95e-02   214.588s
  31000 +1.46265537e+08 +1.46536608e+08  2.71e+05   3.14e+02     4.82e-02   219.243s
  32000 +1.46278902e+08 +1.46536795e+08  2.58e+05   3.02e+02     4.65e-02   223.898s
  33000 +1.46291558e+08 +1.46536934e+08  2.45e+05   2.90e+02     4.53e-02   228.552s
  34000 +1.46302462e+08 +1.46537051e+08  2.35e+05   2.81e+02     4.44e-02   233.207s
  35000 +1.46313386e+08 +1.46537140e+08  2.24e+05   2.71e+02     4.16e-02   237.861s
  36000 +1.46323157e+08 +1.46537542e+08  2.14e+05   2.41e+02     8.95e-02   242.521s
  37000 +1.46341430e+08 +1.46538017e+08  1.97e+05   2.09e+02     1.49e-01   247.176s
  38000 +1.46367887e+08 +1.46538341e+08  1.70e+05   1.84e+02     1.93e-01   251.831s
  39000 +1.46397036e+08 +1.46538570e+08  1.42e+05   1.62e+02     2.10e-01   256.487s
  40000 +1.46424075e+08 +1.46538710e+08  1.15e+05   1.43e+02     2.09e-01   261.142s
  41000 +1.46447110e+08 +1.46538877e+08  9.18e+04   1.28e+02     1.96e-01   265.797s
  42000 +1.46465105e+08 +1.46538802e+08  7.37e+04   1.15e+02     1.81e-01   270.453s
  43000 +1.46478699e+08 +1.46538783e+08  6.01e+04   1.03e+02     1.59e-01   275.108s
  44000 +1.46488415e+08 +1.46538813e+08  5.04e+04   9.29e+01     1.42e-01   279.763s
  45000 +1.46495692e+08 +1.46538816e+08  4.31e+04   8.53e+01     1.27e-01   284.419s
  46000 +1.46501505e+08 +1.46538797e+08  3.73e+04   7.76e+01     1.16e-01   289.074s
  47000 +1.46505457e+08 +1.46538809e+08  3.34e+04   7.26e+01     1.06e-01   293.729s
  48000 +1.46508548e+08 +1.46538775e+08  3.02e+04   6.76e+01     9.74e-02   298.384s
  49000 +1.46510760e+08 +1.46538777e+08  2.80e+04   6.29e+01     8.99e-02   303.040s
  50000 +1.46512576e+08 +1.46538785e+08  2.62e+04   5.96e+01     8.37e-02   307.696s
  51000 +1.46514087e+08 +1.46538816e+08  2.47e+04   5.57e+01     7.76e-02   312.352s
  52000 +1.46515782e+08 +1.46538744e+08  2.30e+04   5.03e+01     5.65e-02   317.012s
  53000 +1.46519067e+08 +1.46538720e+08  1.97e+04   4.17e+01     5.62e-02   321.668s
  54000 +1.46521157e+08 +1.46538719e+08  1.76e+04   3.75e+01     5.63e-02   326.324s
  55000 +1.46523559e+08 +1.46538713e+08  1.52e+04   3.39e+01     5.80e-02   330.981s
  56000 +1.46526041e+08 +1.46538696e+08  1.27e+04   3.07e+01     5.86e-02   335.637s
  57000 +1.46528524e+08 +1.46538680e+08  1.02e+04   2.75e+01     5.99e-02   340.293s
  58000 +1.46530926e+08 +1.46538691e+08  7.77e+03   2.56e+01     5.77e-02   344.949s
  59000 +1.46532990e+08 +1.46538697e+08  5.71e+03   2.39e+01     5.50e-02   349.605s
  60000 +1.46534798e+08 +1.46538706e+08  3.91e+03   2.24e+01     5.23e-02   354.261s
  61000 +1.46536298e+08 +1.46538713e+08  2.42e+03   2.11e+01     4.94e-02   358.917s
  62000 +1.46537416e+08 +1.46538721e+08  1.30e+03   1.98e+01     4.66e-02   363.573s
  63000 +1.46538231e+08 +1.46538726e+08  4.95e+02   1.89e+01     4.35e-02   368.229s
  64000 +1.46538801e+08 +1.46538728e+08  7.30e+01   1.77e+01     4.12e-02   372.885s
  65000 +1.46539203e+08 +1.46538728e+08  4.75e+02   1.61e+01     3.85e-02   377.541s
  66000 +1.46539405e+08 +1.46538711e+08  6.93e+02   1.54e+01     3.63e-02   382.197s
  67000 +1.46539510e+08 +1.46538727e+08  7.83e+02   1.51e+01     3.47e-02   386.853s
  68000 +1.46539503e+08 +1.46538711e+08  7.91e+02   1.42e+01     3.29e-02   391.509s
  69000 +1.46539389e+08 +1.46538714e+08  6.76e+02   1.38e+01     3.17e-02   396.164s
  70000 +1.46539236e+08 +1.46538722e+08  5.14e+02   1.29e+01     3.10e-02   400.820s
  71000 +1.46539002e+08 +1.46538716e+08  2.86e+02   1.27e+01     3.03e-02   405.476s
  72000 +1.46538795e+08 +1.46538728e+08  6.62e+01   1.21e+01     2.88e-02   410.132s
  73000 +1.46538593e+08 +1.46538720e+08  1.27e+02   1.13e+01     2.81e-02   414.787s
  74000 +1.46538402e+08 +1.46538719e+08  3.17e+02   1.05e+01     2.77e-02   419.442s
  75000 +1.46538224e+08 +1.46538715e+08  4.91e+02   1.03e+01     2.65e-02   424.098s
  76000 +1.46538109e+08 +1.46538717e+08  6.08e+02   1.00e+01     2.62e-02   428.753s
  77000 +1.46538008e+08 +1.46538712e+08  7.04e+02   9.63e+00     2.58e-02   433.408s
  78000 +1.46537967e+08 +1.46538713e+08  7.46e+02   9.14e+00     2.52e-02   438.064s
  79000 +1.46537948e+08 +1.46538710e+08  7.62e+02   8.83e+00     2.49e-02   442.719s
  80000 +1.46537952e+08 +1.46538704e+08  7.52e+02   8.57e+00     2.41e-02   447.375s
  81000 +1.46537971e+08 +1.46538685e+08  7.15e+02   8.63e+00     2.35e-02   452.031s
  82000 +1.46538398e+08 +1.46538651e+08  2.53e+02   7.17e+00     2.01e-02   456.691s
  83000 +1.46538649e+08 +1.46538651e+08  1.94e+00   6.72e+00     1.97e-02   461.347s
  84000 +1.46538855e+08 +1.46538656e+08  1.98e+02   6.57e+00     1.94e-02   466.002s
  85000 +1.46539049e+08 +1.46538656e+08  3.92e+02   6.29e+00     1.86e-02   470.658s
  86000 +1.46539201e+08 +1.46538662e+08  5.39e+02   6.13e+00     1.80e-02   475.313s
  87000 +1.46539328e+08 +1.46538660e+08  6.68e+02   5.83e+00     1.78e-02   479.968s
  88000 +1.46539433e+08 +1.46538660e+08  7.73e+02   5.62e+00     1.76e-02   484.624s
  89000 +1.46539516e+08 +1.46538658e+08  8.58e+02   5.33e+00     1.73e-02   489.279s
  90000 +1.46539572e+08 +1.46538656e+08  9.16e+02   5.18e+00     1.70e-02   493.935s
  91000 +1.46539603e+08 +1.46538656e+08  9.47e+02   4.77e+00     1.67e-02   498.590s
  92000 +1.46539686e+08 +1.46538655e+08  1.03e+03   5.73e+00     1.60e-02   503.250s
  93000 +1.46539848e+08 +1.46538661e+08  1.19e+03   5.09e+00     1.52e-02   507.905s
  94000 +1.46539933e+08 +1.46538646e+08  1.29e+03   7.63e+00     1.37e-02   512.561s
  95000 +1.46539953e+08 +1.46538656e+08  1.30e+03   6.54e+00     1.24e-02   517.216s
  96000 +1.46540080e+08 +1.46538636e+08  1.44e+03   2.01e+01     1.04e-02   521.876s
  97000 +1.46540240e+08 +1.46538650e+08  1.59e+03   1.60e+01     8.11e-03   526.532s
  98000 +1.46540402e+08 +1.46538635e+08  1.77e+03   1.63e+01     6.68e-03   531.188s
  99000 +1.46540611e+08 +1.46538627e+08  1.98e+03   1.40e+01     5.86e-03   535.844s
 100000 +1.46540792e+08 +1.46538625e+08  2.17e+03   1.26e+01     5.50e-03   540.499s
 101000 +1.46540950e+08 +1.46538622e+08  2.33e+03   1.49e+01     4.98e-03   545.153s
 102000 +1.46541082e+08 +1.46538619e+08  2.46e+03   1.26e+01     4.58e-03   549.808s
 103000 +1.46541212e+08 +1.46538617e+08  2.59e+03   1.15e+01     4.29e-03   554.463s
 104000 +1.46541422e+08 +1.46538597e+08  2.82e+03   6.99e+01     2.65e-03   559.122s
 105000 +1.46541955e+08 +1.46538593e+08  3.36e+03   3.24e+01     1.67e-03   563.778s
 106000 +1.46542187e+08 +1.46538595e+08  3.59e+03   2.38e+01     1.34e-03   568.434s
 107000 +1.46542250e+08 +1.46538592e+08  3.66e+03   2.14e+01     8.32e-04   573.090s
 108000 +1.46542279e+08 +1.46538592e+08  3.69e+03   1.74e+01     7.67e-04   577.746s
 109000 +1.46542314e+08 +1.46538591e+08  3.72e+03   1.53e+01     6.53e-04   582.402s
 110000 +1.46542348e+08 +1.46538590e+08  3.76e+03   2.58e+01     3.11e-04   587.063s
 111000 +1.46542403e+08 +1.46538589e+08  3.81e+03   2.36e+01     2.15e-04   591.719s
 112000 +1.46542402e+08 +1.46538589e+08  3.81e+03   1.54e+01     1.73e-04   596.375s
 113000 +1.46542486e+08 +1.46538589e+08  3.90e+03   2.52e+01     6.85e-05   601.036s
 114000 +1.46542580e+08 +1.46538589e+08  3.99e+03   1.71e+01     5.03e-05   605.692s
 115000 +1.46542610e+08 +1.46538588e+08  4.02e+03   1.35e+01     8.68e-06   610.355s
 116000 +1.46542566e+08 +1.46538529e+08  4.04e+03   1.12e+01     5.69e-02   615.020s
 117000 +1.46542499e+08 +1.46538556e+08  3.94e+03   6.05e+00     4.82e-02   619.674s
 118000 +1.46542560e+08 +1.46538575e+08  3.98e+03   4.49e+00     4.75e-02   624.327s
 119000 +1.46542296e+08 +1.46538591e+08  3.71e+03   3.96e+00     4.21e-02   628.982s
 120000 +1.46541936e+08 +1.46538616e+08  3.32e+03   3.24e+00     3.74e-02   633.636s
 121000 +1.46541563e+08 +1.46538614e+08  2.95e+03   2.80e+00     3.60e-02   638.290s
 122000 +1.46541178e+08 +1.46538620e+08  2.56e+03   2.48e+00     3.64e-02   642.944s
 123000 +1.46540746e+08 +1.46538613e+08  2.13e+03   2.13e+00     3.71e-02   647.597s
 124000 +1.46540264e+08 +1.46538610e+08  1.65e+03   1.99e+00     3.71e-02   652.251s
 125000 +1.46539794e+08 +1.46538608e+08  1.19e+03   1.78e+00     3.58e-02   656.905s
 126000 +1.46539384e+08 +1.46538607e+08  7.77e+02   1.64e+00     3.36e-02   661.558s
 127000 +1.46539037e+08 +1.46538608e+08  4.28e+02   1.26e+00     3.24e-02   666.217s
 128000 +1.46538680e+08 +1.46538603e+08  7.66e+01   1.12e+00     3.17e-02   670.871s
 129000 +1.46538336e+08 +1.46538599e+08  2.63e+02   1.09e+00     3.02e-02   675.526s
 130000 +1.46538042e+08 +1.46538597e+08  5.55e+02   1.06e+00     2.80e-02   680.181s
 131000 +1.46537811e+08 +1.46538595e+08  7.84e+02   1.04e+00     2.58e-02   684.836s
 132000 +1.46537638e+08 +1.46538592e+08  9.54e+02   1.04e+00     2.34e-02   689.491s
 133000 +1.46537513e+08 +1.46538593e+08  1.08e+03   1.03e+00     2.10e-02   694.146s
 134000 +1.46537434e+08 +1.46538591e+08  1.16e+03   9.97e-01     1.88e-02   698.801s
 135000 +1.46537398e+08 +1.46538589e+08  1.19e+03   9.83e-01     1.69e-02   703.456s
 136000 +1.46537416e+08 +1.46538588e+08  1.17e+03   8.95e-01     1.55e-02   708.112s
 137000 +1.46537459e+08 +1.46538588e+08  1.13e+03   9.15e-01     1.41e-02   712.767s
 138000 +1.46537532e+08 +1.46538590e+08  1.06e+03   8.23e-01     1.32e-02   717.422s
 139000 +1.46537622e+08 +1.46538588e+08  9.67e+02   8.25e-01     1.25e-02   722.077s
 140000 +1.46537721e+08 +1.46538591e+08  8.69e+02   8.25e-01     1.19e-02   726.733s
 141000 +1.46537832e+08 +1.46538588e+08  7.56e+02   7.68e-01     1.14e-02   731.388s
 142000 +1.46537941e+08 +1.46538590e+08  6.49e+02   7.12e-01     1.09e-02   736.043s
 143000 +1.46538042e+08 +1.46538588e+08  5.46e+02   7.23e-01     1.03e-02   740.698s
 144000 +1.46538132e+08 +1.46538590e+08  4.58e+02   6.38e-01     1.00e-02   745.354s
 145000 +1.46538204e+08 +1.46538588e+08  3.85e+02   6.70e-01     9.53e-03   750.009s
 146000 +1.46538263e+08 +1.46538587e+08  3.24e+02   6.03e-01     9.21e-03   754.664s
 147000 +1.46538306e+08 +1.46538588e+08  2.82e+02   5.97e-01     8.96e-03   759.318s
 148000 +1.46538336e+08 +1.46538588e+08  2.52e+02   5.74e-01     8.79e-03   763.973s
 149000 +1.46538354e+08 +1.46538589e+08  2.35e+02   5.62e-01     8.70e-03   768.628s
 150000 +1.46538361e+08 +1.46538591e+08  2.29e+02   5.39e-01     8.59e-03   773.284s
 151000 +1.46538358e+08 +1.46538589e+08  2.31e+02   5.39e-01     8.49e-03   777.939s
 152000 +1.46538350e+08 +1.46538589e+08  2.39e+02   5.05e-01     8.43e-03   782.594s
 153000 +1.46538337e+08 +1.46538588e+08  2.51e+02   5.17e-01     8.34e-03   787.250s
 154000 +1.46538300e+08 +1.46538590e+08  2.90e+02   4.50e-01     7.73e-03   791.911s
 155000 +1.46538268e+08 +1.46538589e+08  3.22e+02   4.50e-01     7.50e-03   796.567s
 156000 +1.46538241e+08 +1.46538590e+08  3.49e+02   4.45e-01     7.17e-03   801.223s
 157000 +1.46538222e+08 +1.46538589e+08  3.67e+02   4.29e-01     6.87e-03   805.879s
 158000 +1.46538210e+08 +1.46538589e+08  3.80e+02   4.40e-01     6.59e-03   810.534s
 159000 +1.46538205e+08 +1.46538589e+08  3.84e+02   4.37e-01     6.33e-03   815.190s
 160000 +1.46538205e+08 +1.46538588e+08  3.83e+02   4.41e-01     6.13e-03   819.847s
 161000 +1.46538211e+08 +1.46538588e+08  3.77e+02   4.26e-01     5.99e-03   824.502s
 162000 +1.46538221e+08 +1.46538588e+08  3.67e+02   4.27e-01     5.88e-03   829.157s
 163000 +1.46538235e+08 +1.46538588e+08  3.53e+02   4.23e-01     5.75e-03   833.813s
 164000 +1.46538253e+08 +1.46538588e+08  3.35e+02   4.22e-01     5.64e-03   838.469s
 165000 +1.46538272e+08 +1.46538587e+08  3.16e+02   4.26e-01     5.47e-03   843.124s
 166000 +1.46538292e+08 +1.46538588e+08  2.96e+02   4.16e-01     5.39e-03   847.779s
 167000 +1.46538313e+08 +1.46538588e+08  2.74e+02   4.17e-01     5.30e-03   852.435s
 168000 +1.46538336e+08 +1.46538588e+08  2.52e+02   4.17e-01     5.25e-03   857.090s
 169000 +1.46538359e+08 +1.46538587e+08  2.28e+02   4.19e-01     5.14e-03   861.745s
 170000 +1.46538383e+08 +1.46538588e+08  2.05e+02   4.08e-01     5.04e-03   866.400s
 171000 +1.46538404e+08 +1.46538588e+08  1.84e+02   4.03e-01     4.90e-03   871.056s
 172000 +1.46538424e+08 +1.46538588e+08  1.64e+02   3.97e-01     4.79e-03   875.711s
 173000 +1.46538442e+08 +1.46538588e+08  1.46e+02   3.94e-01     4.66e-03   880.366s
 174000 +1.46538460e+08 +1.46538589e+08  1.29e+02   3.93e-01     4.60e-03   885.022s
 175000 +1.46538476e+08 +1.46538589e+08  1.12e+02   3.92e-01     4.50e-03   889.677s
 176000 +1.46538489e+08 +1.46538588e+08  9.90e+01   3.58e-01     4.46e-03   894.332s
 177000 +1.46538500e+08 +1.46538588e+08  8.82e+01   3.64e-01     4.41e-03   898.987s
 178000 +1.46538508e+08 +1.46538589e+08  8.01e+01   3.49e-01     4.34e-03   903.643s
 179000 +1.46538509e+08 +1.46538591e+08  8.20e+01   3.39e-01     4.02e-03   908.302s
 180000 +1.46538508e+08 +1.46538591e+08  8.30e+01   3.51e-01     3.87e-03   912.958s
 181000 +1.46538507e+08 +1.46538591e+08  8.44e+01   3.49e-01     3.80e-03   917.613s
 182000 +1.46538505e+08 +1.46538591e+08  8.60e+01   3.47e-01     3.71e-03   922.269s
 183000 +1.46538502e+08 +1.46538591e+08  8.87e+01   3.48e-01     3.60e-03   926.925s
 184000 +1.46538499e+08 +1.46538591e+08  9.14e+01   3.44e-01     3.52e-03   931.581s
 185000 +1.46538498e+08 +1.46538591e+08  9.25e+01   3.44e-01     3.47e-03   936.239s
 186000 +1.46538498e+08 +1.46538591e+08  9.24e+01   3.38e-01     3.39e-03   940.895s
 187000 +1.46538499e+08 +1.46538591e+08  9.20e+01   3.37e-01     3.35e-03   945.551s
 188000 +1.46538500e+08 +1.46538591e+08  9.00e+01   3.46e-01     3.29e-03   950.208s
 189000 +1.46538502e+08 +1.46538590e+08  8.87e+01   3.41e-01     3.22e-03   954.864s
 190000 +1.46538502e+08 +1.46538590e+08  8.84e+01   3.50e-01     3.17e-03   959.522s
 191000 +1.46538502e+08 +1.46538590e+08  8.83e+01   3.41e-01     3.12e-03   964.178s
 192000 +1.46538501e+08 +1.46538592e+08  9.10e+01   4.28e-01     2.93e-03   968.839s
 193000 +1.46538487e+08 +1.46538592e+08  1.05e+02   3.75e-01     2.86e-03   973.496s
 194000 +1.46538470e+08 +1.46538592e+08  1.22e+02   4.15e-01     2.76e-03   978.153s
 195000 +1.46538451e+08 +1.46538592e+08  1.41e+02   4.44e-01     2.67e-03   982.810s
 196000 +1.46538431e+08 +1.46538592e+08  1.61e+02   4.17e-01     2.61e-03   987.466s
 197000 +1.46538410e+08 +1.46538591e+08  1.81e+02   4.28e-01     2.47e-03   992.123s
 198000 +1.46538391e+08 +1.46538591e+08  2.00e+02   4.91e-01     2.36e-03   996.779s
 199000 +1.46538379e+08 +1.46538591e+08  2.12e+02   4.49e-01     2.28e-03   1001.435s
 200000 +1.46538370e+08 +1.46538591e+08  2.21e+02   4.83e-01     2.14e-03   1006.090s
 201000 +1.46538362e+08 +1.46538591e+08  2.29e+02   4.72e-01     2.09e-03   1010.746s
 202000 +1.46538353e+08 +1.46538591e+08  2.38e+02   4.30e-01     2.00e-03   1015.401s
 203000 +1.46538346e+08 +1.46538591e+08  2.45e+02   4.14e-01     1.95e-03   1020.057s
 204000 +1.46538340e+08 +1.46538591e+08  2.51e+02   3.93e-01     1.92e-03   1024.712s
 205000 +1.46538334e+08 +1.46538590e+08  2.56e+02   4.20e-01     1.87e-03   1029.367s
 206000 +1.46538310e+08 +1.46538591e+08  2.81e+02   1.32e+00     1.75e-03   1034.028s
 207000 +1.46538257e+08 +1.46538591e+08  3.34e+02   9.28e-01     1.68e-03   1038.684s
 208000 +1.46538196e+08 +1.46538591e+08  3.95e+02   9.71e-01     1.59e-03   1043.339s
 209000 +1.46538139e+08 +1.46538591e+08  4.52e+02   1.05e+00     1.53e-03   1047.995s
 210000 +1.46538084e+08 +1.46538591e+08  5.07e+02   9.92e-01     1.45e-03   1052.651s
 211000 +1.46538023e+08 +1.46538590e+08  5.67e+02   1.00e+00     1.37e-03   1057.306s
 212000 +1.46537965e+08 +1.46538590e+08  6.26e+02   9.68e-01     1.32e-03   1061.963s
 213000 +1.46537915e+08 +1.46538591e+08  6.75e+02   9.13e-01     1.27e-03   1066.618s
 214000 +1.46537873e+08 +1.46538590e+08  7.18e+02   1.00e+00     1.05e-03   1071.273s
 215000 +1.46537833e+08 +1.46538590e+08  7.58e+02   8.56e-01     1.01e-03   1075.929s
 216000 +1.46537794e+08 +1.46538590e+08  7.96e+02   8.44e-01     9.76e-04   1080.585s
 217000 +1.46537761e+08 +1.46538590e+08  8.29e+02   8.34e-01     9.47e-04   1085.241s
 218000 +1.46537732e+08 +1.46538590e+08  8.58e+02   7.73e-01     9.16e-04   1089.896s
 219000 +1.46537707e+08 +1.46538590e+08  8.83e+02   7.37e-01     8.90e-04   1094.551s
 220000 +1.46537684e+08 +1.46538590e+08  9.06e+02   7.43e-01     8.68e-04   1099.207s
 221000 +1.46537666e+08 +1.46538590e+08  9.24e+02   7.89e-01     8.43e-04   1103.862s
 222000 +1.46537650e+08 +1.46538590e+08  9.40e+02   7.21e-01     8.10e-04   1108.518s
 223000 +1.46537634e+08 +1.46538590e+08  9.56e+02   7.53e-01     7.94e-04   1113.173s
 224000 +1.46537629e+08 +1.46538590e+08  9.61e+02   7.51e-01     7.71e-04   1117.829s
 225000 +1.46537626e+08 +1.46538590e+08  9.64e+02   7.23e-01     7.51e-04   1122.483s
 226000 +1.46537593e+08 +1.46538590e+08  9.98e+02   1.01e+00     6.66e-04   1127.143s
 227000 +1.46537548e+08 +1.46538590e+08  1.04e+03   7.97e-01     6.52e-04   1131.798s
 228000 +1.46537502e+08 +1.46538590e+08  1.09e+03   1.41e+00     6.14e-04   1136.454s
 229000 +1.46537474e+08 +1.46538590e+08  1.12e+03   1.17e+00     5.98e-04   1141.110s
 230000 +1.46537453e+08 +1.46538590e+08  1.14e+03   1.67e+00     5.55e-04   1145.766s
 231000 +1.46537402e+08 +1.46538590e+08  1.19e+03   3.96e+00     4.56e-04   1150.426s
 232000 +1.46537404e+08 +1.46538591e+08  1.19e+03   2.97e+00     4.32e-04   1155.082s
 233000 +1.46537386e+08 +1.46538591e+08  1.20e+03   3.89e+00     3.03e-04   1159.738s
 234000 +1.46537337e+08 +1.46538591e+08  1.25e+03   5.89e+00     1.36e-04   1164.398s
 235000 +1.46537295e+08 +1.46538591e+08  1.30e+03   5.48e+00     1.04e-04   1169.054s
 236000 +1.46537286e+08 +1.46538591e+08  1.31e+03   6.96e+00     8.12e-05   1173.709s
 237000 +1.46537272e+08 +1.46538591e+08  1.32e+03   5.73e+00     6.96e-05   1178.366s
 238000 +1.46537252e+08 +1.46538591e+08  1.34e+03   4.72e+00     3.88e-05   1183.027s
 239000 +1.46537233e+08 +1.46538591e+08  1.36e+03   4.94e+00     3.58e-05   1187.683s
 240000 +1.46537203e+08 +1.46538591e+08  1.39e+03   4.66e+00     3.27e-05   1192.340s
 241000 +1.46537159e+08 +1.46538591e+08  1.43e+03   6.59e+00     2.65e-05   1196.996s
 242000 +1.46537125e+08 +1.46538591e+08  1.47e+03   5.73e+00     2.01e-05   1201.653s
 243000 +1.46537088e+08 +1.46538591e+08  1.50e+03   5.53e+00     1.68e-05   1206.309s
 244000 +1.46537050e+08 +1.46538590e+08  1.54e+03   5.27e+00     1.36e-05   1210.965s
 245000 +1.46537003e+08 +1.46538591e+08  1.59e+03   7.51e+00     7.45e-06   1215.626s
 246000 +1.46536983e+08 +1.46538591e+08  1.61e+03   4.97e+00     5.36e-06   1220.282s
 247000 +1.46536979e+08 +1.46538591e+08  1.61e+03   4.45e+00     4.88e-06   1224.939s
 248000 +1.46536976e+08 +1.46538591e+08  1.61e+03   4.17e+00     5.01e-06   1229.600s
 249000 +1.46536974e+08 +1.46538591e+08  1.62e+03   4.14e+00     5.02e-06   1234.257s
 250000 +1.46536971e+08 +1.46538591e+08  1.62e+03   4.12e+00     4.67e-06   1238.914s
 251000 +1.46536969e+08 +1.46538591e+08  1.62e+03   4.11e+00     4.17e-06   1243.570s
 252000 +1.46536967e+08 +1.46538591e+08  1.62e+03   4.09e+00     4.61e-06   1248.227s
 253000 +1.46536965e+08 +1.46538591e+08  1.63e+03   4.07e+00     5.02e-06   1252.884s
 254000 +1.46536963e+08 +1.46538591e+08  1.63e+03   4.03e+00     5.64e-06   1257.540s
 255000 +1.46536963e+08 +1.46538591e+08  1.63e+03   3.99e+00     5.98e-06   1262.197s
 256000 +1.46536963e+08 +1.46538591e+08  1.63e+03   3.95e+00     6.54e-06   1266.854s
 257000 +1.46536965e+08 +1.46538591e+08  1.63e+03   3.88e+00     7.27e-06   1271.510s
 258000 +1.46536968e+08 +1.46538591e+08  1.62e+03   3.84e+00     7.97e-06   1276.168s
 259000 +1.46536971e+08 +1.46538591e+08  1.62e+03   3.73e+00     8.73e-06   1280.824s
 260000 +1.46536974e+08 +1.46538591e+08  1.62e+03   3.67e+00     9.37e-06   1285.481s
 261000 +1.46536977e+08 +1.46538591e+08  1.61e+03   3.61e+00     9.94e-06   1290.137s
 262000 +1.46536980e+08 +1.46538591e+08  1.61e+03   3.52e+00     1.02e-05   1294.793s
 263000 +1.46536984e+08 +1.46538591e+08  1.61e+03   3.43e+00     9.87e-06   1299.449s
 264000 +1.46536984e+08 +1.46538591e+08  1.61e+03   3.48e+00     9.48e-06   1304.106s
 265000 +1.46536983e+08 +1.46538591e+08  1.61e+03   3.32e+00     9.63e-06   1308.762s
 266000 +1.46536982e+08 +1.46538591e+08  1.61e+03   3.24e+00     9.85e-06   1313.419s
 267000 +1.46536982e+08 +1.46538591e+08  1.61e+03   3.14e+00     9.89e-06   1318.076s
 268000 +1.46536983e+08 +1.46538591e+08  1.61e+03   3.10e+00     9.55e-06   1322.732s
 269000 +1.46536983e+08 +1.46538591e+08  1.61e+03   3.01e+00     8.86e-06   1327.388s
 270000 +1.46536983e+08 +1.46538591e+08  1.61e+03   2.91e+00     8.72e-06   1332.045s
 271000 +1.46536983e+08 +1.46538591e+08  1.61e+03   2.83e+00     8.39e-06   1336.701s
 272000 +1.46536985e+08 +1.46538591e+08  1.61e+03   2.85e+00     8.08e-06   1341.358s
 273000 +1.46536985e+08 +1.46538591e+08  1.61e+03   2.75e+00     7.83e-06   1346.015s
 274000 +1.46536987e+08 +1.46538591e+08  1.60e+03   2.77e+00     6.72e-06   1350.671s
 275000 +1.46536988e+08 +1.46538591e+08  1.60e+03   2.61e+00     8.06e-06   1355.332s
 276000 +1.46536989e+08 +1.46538591e+08  1.60e+03   2.60e+00     1.02e-05   1359.989s
 277000 +1.46536990e+08 +1.46538591e+08  1.60e+03   2.58e+00     1.32e-05   1364.645s
 278000 +1.46536992e+08 +1.46538591e+08  1.60e+03   2.56e+00     1.55e-05   1369.301s
 279000 +1.46536992e+08 +1.46538591e+08  1.60e+03   2.52e+00     1.78e-05   1373.958s
 280000 +1.46536990e+08 +1.46538591e+08  1.60e+03   2.49e+00     2.11e-05   1378.615s
 281000 +1.46536985e+08 +1.46538591e+08  1.61e+03   2.42e+00     2.48e-05   1383.271s
 282000 +1.46536979e+08 +1.46538591e+08  1.61e+03   2.37e+00     2.74e-05   1387.927s
 283000 +1.46536975e+08 +1.46538591e+08  1.62e+03   2.34e+00     2.95e-05   1392.583s
 284000 +1.46536972e+08 +1.46538591e+08  1.62e+03   2.26e+00     3.20e-05   1397.239s
 285000 +1.46536967e+08 +1.46538591e+08  1.62e+03   2.20e+00     3.45e-05   1401.896s
 286000 +1.46536968e+08 +1.46538591e+08  1.62e+03   2.12e+00     3.67e-05   1406.553s
 287000 +1.46536965e+08 +1.46538591e+08  1.63e+03   2.22e+00     2.67e-05   1411.209s
 288000 +1.46536961e+08 +1.46538591e+08  1.63e+03   2.26e+00     2.62e-05   1415.865s
 289000 +1.46536956e+08 +1.46538591e+08  1.63e+03   2.15e+00     2.65e-05   1420.522s
 290000 +1.46536952e+08 +1.46538591e+08  1.64e+03   2.12e+00     2.64e-05   1425.177s
 291000 +1.46536950e+08 +1.46538591e+08  1.64e+03   2.09e+00     2.62e-05   1429.833s
 292000 +1.46536948e+08 +1.46538591e+08  1.64e+03   2.08e+00     2.54e-05   1434.490s
 293000 +1.46536946e+08 +1.46538591e+08  1.64e+03   2.04e+00     2.53e-05   1439.146s
 294000 +1.46536945e+08 +1.46538591e+08  1.65e+03   1.94e+00     2.34e-05   1443.802s
 295000 +1.46536943e+08 +1.46538591e+08  1.65e+03   1.92e+00     2.31e-05   1448.458s
 296000 +1.46536943e+08 +1.46538591e+08  1.65e+03   1.84e+00     2.32e-05   1453.114s
 297000 +1.46536943e+08 +1.46538591e+08  1.65e+03   1.81e+00     2.31e-05   1457.769s
 298000 +1.46536945e+08 +1.46538591e+08  1.65e+03   1.76e+00     2.21e-05   1462.425s
 299000 +1.46536951e+08 +1.46538591e+08  1.64e+03   1.69e+00     2.22e-05   1467.081s
 300000 +1.46536957e+08 +1.46538591e+08  1.63e+03   1.68e+00     2.18e-05   1471.737s
 301000 +1.46536963e+08 +1.46538591e+08  1.63e+03   1.62e+00     2.16e-05   1476.393s
 302000 +1.46536971e+08 +1.46538591e+08  1.62e+03   1.52e+00     2.15e-05   1481.049s
 303000 +1.46536979e+08 +1.46538591e+08  1.61e+03   1.45e+00     2.16e-05   1485.704s
 304000 +1.46536986e+08 +1.46538591e+08  1.60e+03   1.47e+00     1.82e-05   1490.361s
 305000 +1.46536987e+08 +1.46538591e+08  1.60e+03   1.28e+00     1.73e-05   1495.022s
 306000 +1.46536989e+08 +1.46538591e+08  1.60e+03   1.27e+00     1.97e-05   1499.678s
 307000 +1.46536991e+08 +1.46538591e+08  1.60e+03   1.25e+00     2.22e-05   1504.334s
 308000 +1.46536994e+08 +1.46538591e+08  1.60e+03   1.23e+00     2.61e-05   1508.990s
 309000 +1.46536999e+08 +1.46538591e+08  1.59e+03   1.21e+00     3.05e-05   1513.647s
 310000 +1.46537005e+08 +1.46538591e+08  1.59e+03   1.18e+00     3.70e-05   1518.302s
 311000 +1.46537013e+08 +1.46538591e+08  1.58e+03   1.15e+00     4.36e-05   1522.959s
 312000 +1.46537023e+08 +1.46538591e+08  1.57e+03   1.11e+00     5.00e-05   1527.615s
 313000 +1.46537034e+08 +1.46538591e+08  1.56e+03   1.07e+00     5.59e-05   1532.271s
 314000 +1.46537045e+08 +1.46538591e+08  1.55e+03   1.05e+00     6.10e-05   1536.927s
 315000 +1.46537057e+08 +1.46538591e+08  1.53e+03   1.01e+00     6.55e-05   1541.583s
 316000 +1.46537070e+08 +1.46538591e+08  1.52e+03   9.81e-01     6.94e-05   1546.240s
 317000 +1.46537086e+08 +1.46538591e+08  1.51e+03   9.50e-01     7.28e-05   1550.898s
 318000 +1.46537102e+08 +1.46538591e+08  1.49e+03   9.22e-01     7.55e-05   1555.556s
 319000 +1.46537120e+08 +1.46538591e+08  1.47e+03   8.98e-01     7.75e-05   1560.213s
 320000 +1.46537140e+08 +1.46538591e+08  1.45e+03   8.77e-01     7.90e-05   1564.872s
 321000 +1.46537163e+08 +1.46538591e+08  1.43e+03   8.76e-01     7.95e-05   1569.530s
 322000 +1.46537186e+08 +1.46538591e+08  1.40e+03   8.53e-01     7.99e-05   1574.188s
 323000 +1.46537210e+08 +1.46538591e+08  1.38e+03   8.33e-01     7.99e-05   1578.845s
 324000 +1.46537230e+08 +1.46538591e+08  1.36e+03   9.07e-01     5.87e-05   1583.500s
 325000 +1.46537244e+08 +1.46538591e+08  1.35e+03   8.99e-01     5.34e-05   1588.155s
 326000 +1.46537258e+08 +1.46538591e+08  1.33e+03   8.12e-01     4.83e-05   1592.808s
 327000 +1.46537272e+08 +1.46538591e+08  1.32e+03   8.27e-01     4.70e-05   1597.460s
 328000 +1.46537288e+08 +1.46538591e+08  1.30e+03   8.12e-01     4.73e-05   1602.111s
 329000 +1.46537303e+08 +1.46538591e+08  1.29e+03   7.50e-01     4.71e-05   1606.762s
 330000 +1.46537316e+08 +1.46538591e+08  1.28e+03   7.93e-01     4.25e-05   1611.413s
 331000 +1.46537326e+08 +1.46538591e+08  1.26e+03   8.14e-01     4.11e-05   1616.063s
 332000 +1.46537335e+08 +1.46538591e+08  1.26e+03   7.63e-01     4.04e-05   1620.714s
 333000 +1.46537345e+08 +1.46538591e+08  1.25e+03   7.41e-01     4.00e-05   1625.362s
 334000 +1.46537355e+08 +1.46538591e+08  1.24e+03   7.41e-01     3.97e-05   1630.010s
 335000 +1.46537366e+08 +1.46538591e+08  1.23e+03   7.23e-01     3.93e-05   1634.659s
 336000 +1.46537375e+08 +1.46538591e+08  1.22e+03   7.30e-01     3.94e-05   1639.307s
 337000 +1.46537385e+08 +1.46538591e+08  1.21e+03   7.03e-01     3.90e-05   1643.955s
 338000 +1.46537395e+08 +1.46538591e+08  1.20e+03   7.00e-01     3.90e-05   1648.603s
 339000 +1.46537403e+08 +1.46538591e+08  1.19e+03   6.44e-01     3.57e-05   1653.254s
 340000 +1.46537407e+08 +1.46538591e+08  1.18e+03   6.41e-01     3.66e-05   1657.903s
 341000 +1.46537410e+08 +1.46538591e+08  1.18e+03   6.40e-01     3.75e-05   1662.550s
 342000 +1.46537415e+08 +1.46538591e+08  1.18e+03   6.37e-01     3.93e-05   1667.197s
 343000 +1.46537420e+08 +1.46538591e+08  1.17e+03   6.34e-01     4.13e-05   1671.845s
 344000 +1.46537425e+08 +1.46538591e+08  1.17e+03   6.31e-01     4.36e-05   1676.493s
 345000 +1.46537432e+08 +1.46538591e+08  1.16e+03   6.28e-01     4.60e-05   1681.143s
 346000 +1.46537439e+08 +1.46538591e+08  1.15e+03   6.31e-01     4.51e-05   1685.795s
 347000 +1.46537448e+08 +1.46538591e+08  1.14e+03   6.22e-01     4.72e-05   1690.446s
 348000 +1.46537457e+08 +1.46538591e+08  1.13e+03   6.19e-01     4.91e-05   1695.098s
 349000 +1.46537468e+08 +1.46538591e+08  1.12e+03   6.11e-01     5.02e-05   1699.750s
 350000 +1.46537480e+08 +1.46538591e+08  1.11e+03   6.04e-01     5.20e-05   1704.402s
 351000 +1.46537492e+08 +1.46538591e+08  1.10e+03   5.98e-01     5.18e-05   1709.054s
 352000 +1.46537506e+08 +1.46538591e+08  1.08e+03   5.92e-01     5.31e-05   1713.708s
 353000 +1.46537520e+08 +1.46538591e+08  1.07e+03   5.86e-01     5.25e-05   1718.361s
 354000 +1.46537535e+08 +1.46538591e+08  1.06e+03   5.91e-01     5.30e-05   1723.015s
 355000 +1.46537549e+08 +1.46538591e+08  1.04e+03   5.82e-01     5.28e-05   1727.668s
 356000 +1.46537563e+08 +1.46538591e+08  1.03e+03   5.78e-01     5.36e-05   1732.322s
 357000 +1.46537578e+08 +1.46538591e+08  1.01e+03   5.69e-01     5.42e-05   1736.976s
 358000 +1.46537593e+08 +1.46538591e+08  9.98e+02   5.62e-01     5.49e-05   1741.630s
 359000 +1.46537609e+08 +1.46538591e+08  9.81e+02   5.67e-01     5.48e-05   1746.283s
 360000 +1.46537624e+08 +1.46538591e+08  9.66e+02   5.69e-01     5.38e-05   1750.937s
 361000 +1.46537638e+08 +1.46538591e+08  9.53e+02   5.66e-01     5.36e-05   1755.591s
 362000 +1.46537649e+08 +1.46538591e+08  9.42e+02   5.72e-01     5.29e-05   1760.246s
 363000 +1.46537660e+08 +1.46538591e+08  9.31e+02   5.70e-01     5.21e-05   1764.899s
 364000 +1.46537670e+08 +1.46538591e+08  9.21e+02   5.64e-01     5.18e-05   1769.553s
 365000 +1.46537680e+08 +1.46538591e+08  9.11e+02   5.65e-01     5.15e-05   1774.207s
 366000 +1.46537690e+08 +1.46538591e+08  9.01e+02   5.71e-01     5.13e-05   1778.862s
 367000 +1.46537699e+08 +1.46538591e+08  8.91e+02   5.63e-01     5.14e-05   1783.516s
 368000 +1.46537710e+08 +1.46538591e+08  8.81e+02   5.60e-01     5.15e-05   1788.170s
 369000 +1.46537720e+08 +1.46538591e+08  8.71e+02   5.59e-01     5.26e-05   1792.824s
 370000 +1.46537730e+08 +1.46538591e+08  8.61e+02   5.68e-01     5.31e-05   1797.479s
 371000 +1.46537738e+08 +1.46538591e+08  8.52e+02   5.76e-01     5.31e-05   1802.133s
 372000 +1.46537746e+08 +1.46538591e+08  8.45e+02   5.61e-01     5.39e-05   1806.788s
 373000 +1.46537754e+08 +1.46538591e+08  8.37e+02   5.72e-01     5.46e-05   1811.442s
 374000 +1.46537762e+08 +1.46538591e+08  8.29e+02   5.94e-01     5.30e-05   1816.096s
 375000 +1.46537764e+08 +1.46538591e+08  8.26e+02   5.24e-01     5.62e-05   1820.756s
 376000 +1.46537767e+08 +1.46538591e+08  8.23e+02   5.23e-01     6.03e-05   1825.411s
 377000 +1.46537771e+08 +1.46538591e+08  8.20e+02   5.21e-01     6.44e-05   1830.066s
 378000 +1.46537775e+08 +1.46538591e+08  8.16e+02   5.19e-01     6.86e-05   1834.721s
 379000 +1.46537779e+08 +1.46538591e+08  8.11e+02   5.16e-01     7.31e-05   1839.376s
 380000 +1.46537784e+08 +1.46538591e+08  8.06e+02   5.13e-01     7.77e-05   1844.032s
 381000 +1.46537790e+08 +1.46538591e+08  8.01e+02   5.10e-01     8.19e-05   1848.687s
 382000 +1.46537795e+08 +1.46538591e+08  7.95e+02   5.06e-01     8.64e-05   1853.342s
 383000 +1.46537802e+08 +1.46538591e+08  7.89e+02   5.02e-01     9.12e-05   1857.997s
 384000 +1.46537808e+08 +1.46538591e+08  7.82e+02   4.98e-01     9.55e-05   1862.652s
 385000 +1.46537816e+08 +1.46538591e+08  7.75e+02   4.94e-01     1.00e-04   1867.308s
 386000 +1.46537823e+08 +1.46538591e+08  7.67e+02   4.91e-01     1.04e-04   1871.964s
 387000 +1.46537832e+08 +1.46538591e+08  7.59e+02   4.94e-01     1.06e-04   1876.619s
 388000 +1.46537840e+08 +1.46538591e+08  7.51e+02   4.90e-01     1.10e-04   1881.274s
 389000 +1.46537849e+08 +1.46538591e+08  7.42e+02   4.83e-01     1.14e-04   1885.929s
 390000 +1.46537858e+08 +1.46538591e+08  7.33e+02   4.85e-01     1.17e-04   1890.584s
 391000 +1.46537867e+08 +1.46538591e+08  7.23e+02   4.73e-01     1.20e-04   1895.239s
 392000 +1.46537876e+08 +1.46538591e+08  7.14e+02   4.67e-01     1.23e-04   1899.894s
 393000 +1.46537886e+08 +1.46538591e+08  7.05e+02   4.66e-01     1.26e-04   1904.549s
 394000 +1.46537896e+08 +1.46538591e+08  6.94e+02   4.62e-01     1.29e-04   1909.204s
 395000 +1.46537907e+08 +1.46538591e+08  6.83e+02   4.77e-01     1.31e-04   1913.859s
 396000 +1.46537919e+08 +1.46538591e+08  6.72e+02   4.57e-01     1.32e-04   1918.513s
 397000 +1.46537931e+08 +1.46538591e+08  6.60e+02   4.57e-01     1.34e-04   1923.168s
 398000 +1.46537943e+08 +1.46538591e+08  6.47e+02   4.46e-01     1.37e-04   1927.823s
 399000 +1.46537956e+08 +1.46538591e+08  6.35e+02   4.41e-01     1.41e-04   1932.478s
 400000 +1.46537969e+08 +1.46538591e+08  6.22e+02   4.69e-01     1.40e-04   1937.133s
 401000 +1.46537982e+08 +1.46538591e+08  6.08e+02   4.95e-01     1.41e-04   1941.789s
 402000 +1.46537996e+08 +1.46538591e+08  5.95e+02   4.67e-01     1.45e-04   1946.444s
 403000 +1.46538010e+08 +1.46538591e+08  5.81e+02   4.46e-01     1.46e-04   1951.100s
 404000 +1.46538024e+08 +1.46538591e+08  5.66e+02   4.55e-01     1.46e-04   1955.755s
 405000 +1.46538038e+08 +1.46538591e+08  5.53e+02   4.47e-01     1.47e-04   1960.410s
 406000 +1.46538051e+08 +1.46538591e+08  5.40e+02   4.50e-01     1.48e-04   1965.065s
 407000 +1.46538063e+08 +1.46538591e+08  5.27e+02   4.47e-01     1.50e-04   1969.720s
 408000 +1.46538076e+08 +1.46538591e+08  5.15e+02   4.43e-01     1.51e-04   1974.376s
 409000 +1.46538088e+08 +1.46538591e+08  5.03e+02   4.40e-01     1.52e-04   1979.031s
 410000 +1.46538099e+08 +1.46538591e+08  4.91e+02   4.40e-01     1.54e-04   1983.686s
 411000 +1.46538111e+08 +1.46538591e+08  4.80e+02   4.34e-01     1.55e-04   1988.341s
 412000 +1.46538121e+08 +1.46538591e+08  4.69e+02   4.30e-01     1.56e-04   1992.996s
 413000 +1.46538132e+08 +1.46538591e+08  4.59e+02   4.44e-01     1.55e-04   1997.652s
 414000 +1.46538142e+08 +1.46538591e+08  4.48e+02   4.31e-01     1.55e-04   2002.307s
 415000 +1.46538153e+08 +1.46538591e+08  4.38e+02   4.22e-01     1.54e-04   2006.963s
 416000 +1.46538163e+08 +1.46538591e+08  4.27e+02   4.19e-01     1.54e-04   2011.617s
 417000 +1.46538174e+08 +1.46538591e+08  4.17e+02   4.25e-01     1.37e-04   2016.273s
 418000 +1.46538184e+08 +1.46538591e+08  4.07e+02   4.36e-01     1.35e-04   2020.927s
 419000 +1.46538194e+08 +1.46538591e+08  3.96e+02   4.12e-01     1.35e-04   2025.583s
 420000 +1.46538205e+08 +1.46538591e+08  3.86e+02   4.17e-01     1.34e-04   2030.237s
 421000 +1.46538214e+08 +1.46538591e+08  3.76e+02   4.00e-01     1.34e-04   2034.893s
 422000 +1.46538224e+08 +1.46538591e+08  3.67e+02   4.23e-01     1.31e-04   2039.549s
 423000 +1.46538233e+08 +1.46538591e+08  3.57e+02   4.00e-01     1.30e-04   2044.204s
 424000 +1.46538243e+08 +1.46538591e+08  3.48e+02   3.85e-01     1.30e-04   2048.858s
 425000 +1.46538252e+08 +1.46538591e+08  3.38e+02   3.86e-01     1.29e-04   2053.513s
 426000 +1.46538262e+08 +1.46538591e+08  3.29e+02   3.88e-01     1.27e-04   2058.168s
 427000 +1.46538271e+08 +1.46538591e+08  3.20e+02   3.88e-01     1.25e-04   2062.823s
 428000 +1.46538280e+08 +1.46538591e+08  3.10e+02   3.76e-01     1.23e-04   2067.478s
 429000 +1.46538288e+08 +1.46538590e+08  3.02e+02   3.78e-01     1.16e-04   2072.138s
 430000 +1.46538293e+08 +1.46538590e+08  2.97e+02   3.70e-01     1.02e-04   2076.793s
 431000 +1.46538298e+08 +1.46538590e+08  2.93e+02   3.64e-01     9.98e-05   2081.448s
 432000 +1.46538302e+08 +1.46538590e+08  2.88e+02   3.64e-01     1.01e-04   2086.103s
 433000 +1.46538307e+08 +1.46538590e+08  2.84e+02   3.63e-01     1.02e-04   2090.758s
 434000 +1.46538312e+08 +1.46538590e+08  2.79e+02   3.68e-01     1.04e-04   2095.413s
 435000 +1.46538316e+08 +1.46538590e+08  2.74e+02   3.64e-01     1.05e-04   2100.068s
 436000 +1.46538321e+08 +1.46538590e+08  2.70e+02   3.61e-01     1.06e-04   2104.723s
 437000 +1.46538326e+08 +1.46538590e+08  2.65e+02   3.63e-01     1.07e-04   2109.378s
 438000 +1.46538330e+08 +1.46538590e+08  2.60e+02   3.60e-01     1.09e-04   2114.033s
 439000 +1.46538336e+08 +1.46538590e+08  2.55e+02   3.57e-01     1.11e-04   2118.688s
 440000 +1.46538341e+08 +1.46538590e+08  2.50e+02   3.55e-01     1.12e-04   2123.344s
 441000 +1.46538347e+08 +1.46538590e+08  2.44e+02   3.52e-01     1.14e-04   2127.999s
 442000 +1.46538352e+08 +1.46538590e+08  2.38e+02   3.53e-01     1.15e-04   2132.653s
 443000 +1.46538358e+08 +1.46538590e+08  2.32e+02   3.54e-01     1.16e-04   2137.308s
 444000 +1.46538364e+08 +1.46538590e+08  2.26e+02   3.52e-01     1.17e-04   2141.962s
 445000 +1.46538371e+08 +1.46538590e+08  2.20e+02   3.47e-01     1.17e-04   2146.617s
 446000 +1.46538378e+08 +1.46538590e+08  2.13e+02   3.45e-01     1.18e-04   2151.271s
 447000 +1.46538385e+08 +1.46538590e+08  2.05e+02   3.40e-01     1.19e-04   2155.925s
 448000 +1.46538392e+08 +1.46538591e+08  1.98e+02   3.41e-01     1.19e-04   2160.578s
 449000 +1.46538399e+08 +1.46538590e+08  1.91e+02   3.39e-01     1.20e-04   2165.232s
 450000 +1.46538406e+08 +1.46538590e+08  1.84e+02   3.38e-01     1.17e-04   2169.887s
 451000 +1.46538413e+08 +1.46538590e+08  1.77e+02   3.37e-01     1.12e-04   2174.540s
 452000 +1.46538420e+08 +1.46538590e+08  1.70e+02   3.35e-01     1.11e-04   2179.194s
 453000 +1.46538427e+08 +1.46538590e+08  1.63e+02   3.34e-01     1.10e-04   2183.849s
 454000 +1.46538435e+08 +1.46538590e+08  1.56e+02   3.32e-01     1.09e-04   2188.502s
 455000 +1.46538442e+08 +1.46538590e+08  1.48e+02   3.31e-01     1.08e-04   2193.156s
 456000 +1.46538450e+08 +1.46538590e+08  1.41e+02   3.30e-01     1.08e-04   2197.810s
 457000 +1.46538458e+08 +1.46538590e+08  1.33e+02   3.30e-01     1.08e-04   2202.464s
 458000 +1.46538465e+08 +1.46538590e+08  1.25e+02   3.28e-01     1.09e-04   2207.119s
 459000 +1.46538473e+08 +1.46538590e+08  1.18e+02   3.27e-01     1.09e-04   2211.772s
 460000 +1.46538480e+08 +1.46538590e+08  1.10e+02   3.28e-01     1.08e-04   2216.426s
 461000 +1.46538487e+08 +1.46538590e+08  1.03e+02   3.27e-01     1.08e-04   2221.080s
 462000 +1.46538494e+08 +1.46538590e+08  9.65e+01   3.32e-01     1.08e-04   2225.734s
 463000 +1.46538500e+08 +1.46538590e+08  9.02e+01   3.26e-01     1.05e-04   2230.392s
 464000 +1.46538506e+08 +1.46538590e+08  8.47e+01   3.25e-01     1.06e-04   2235.046s
 465000 +1.46538511e+08 +1.46538590e+08  7.92e+01   3.24e-01     1.07e-04   2239.701s
 466000 +1.46538517e+08 +1.46538590e+08  7.36e+01   3.24e-01     1.08e-04   2244.355s
 467000 +1.46538522e+08 +1.46538590e+08  6.80e+01   3.24e-01     1.09e-04   2249.010s
 468000 +1.46538528e+08 +1.46538590e+08  6.23e+01   3.23e-01     1.10e-04   2253.664s
 469000 +1.46538534e+08 +1.46538590e+08  5.69e+01   3.23e-01     1.05e-04   2258.319s
 470000 +1.46538539e+08 +1.46538590e+08  5.17e+01   3.23e-01     1.05e-04   2262.974s
 471000 +1.46538544e+08 +1.46538590e+08  4.64e+01   3.22e-01     1.05e-04   2267.629s
 472000 +1.46538549e+08 +1.46538590e+08  4.14e+01   3.23e-01     1.03e-04   2272.283s
 473000 +1.46538554e+08 +1.46538590e+08  3.64e+01   3.22e-01     1.01e-04   2276.937s
 474000 +1.46538559e+08 +1.46538590e+08  3.15e+01   3.22e-01     9.85e-05   2281.591s
 475000 +1.46538564e+08 +1.46538590e+08  2.66e+01   3.22e-01     9.74e-05   2286.246s
 476000 +1.46538569e+08 +1.46538590e+08  2.18e+01   3.22e-01     9.67e-05   2290.901s
 477000 +1.46538574e+08 +1.46538590e+08  1.70e+01   3.22e-01     9.53e-05   2295.556s
 478000 +1.46538578e+08 +1.46538590e+08  1.21e+01   3.22e-01     9.44e-05   2300.210s
 479000 +1.46538583e+08 +1.46538590e+08  7.79e+00   3.22e-01     9.37e-05   2304.865s
 480000 +1.46538587e+08 +1.46538590e+08  3.62e+00   3.22e-01     9.29e-05   2309.519s
 481000 +1.46538591e+08 +1.46538590e+08  4.85e-01   3.22e-01     9.23e-05   2314.173s
 482000 +1.46538595e+08 +1.46538590e+08  4.50e+00   3.22e-01     9.18e-05   2318.828s
 483000 +1.46538599e+08 +1.46538590e+08  8.46e+00   3.22e-01     9.12e-05   2323.482s
 484000 +1.46538603e+08 +1.46538590e+08  1.24e+01   3.22e-01     9.07e-05   2328.137s
 485000 +1.46538607e+08 +1.46538590e+08  1.61e+01   3.23e-01     8.99e-05   2332.791s
 486000 +1.46538610e+08 +1.46538590e+08  1.97e+01   3.22e-01     8.94e-05   2337.446s
 487000 +1.46538614e+08 +1.46538590e+08  2.33e+01   3.22e-01     8.89e-05   2342.101s
 488000 +1.46538617e+08 +1.46538590e+08  2.67e+01   3.23e-01     8.81e-05   2346.755s
 489000 +1.46538620e+08 +1.46538590e+08  2.99e+01   3.23e-01     8.75e-05   2351.410s
 490000 +1.46538623e+08 +1.46538590e+08  3.30e+01   3.22e-01     8.70e-05   2356.064s
 491000 +1.46538627e+08 +1.46538590e+08  3.61e+01   3.22e-01     8.66e-05   2360.719s
 492000 +1.46538629e+08 +1.46538590e+08  3.90e+01   3.22e-01     8.60e-05   2365.374s
 493000 +1.46538632e+08 +1.46538590e+08  4.19e+01   3.22e-01     8.56e-05   2370.028s
 494000 +1.46538635e+08 +1.46538590e+08  4.47e+01   3.21e-01     8.50e-05   2374.683s
 495000 +1.46538638e+08 +1.46538590e+08  4.74e+01   3.22e-01     8.46e-05   2379.338s
 496000 +1.46538641e+08 +1.46538590e+08  5.01e+01   3.21e-01     8.35e-05   2383.992s
 497000 +1.46538643e+08 +1.46538590e+08  5.25e+01   3.21e-01     8.30e-05   2388.647s
 498000 +1.46538645e+08 +1.46538590e+08  5.48e+01   3.20e-01     8.25e-05   2393.302s
 499000 +1.46538647e+08 +1.46538590e+08  5.70e+01   3.21e-01     8.19e-05   2397.957s
 500000 +1.46538650e+08 +1.46538590e+08  5.92e+01   3.20e-01     8.13e-05   2402.612s
 501000 +1.46538652e+08 +1.46538590e+08  6.12e+01   3.20e-01     8.08e-05   2407.267s
 502000 +1.46538654e+08 +1.46538590e+08  6.32e+01   3.21e-01     7.93e-05   2411.922s
 503000 +1.46538655e+08 +1.46538590e+08  6.49e+01   3.21e-01     7.87e-05   2416.576s
 504000 +1.46538657e+08 +1.46538590e+08  6.65e+01   3.20e-01     7.81e-05   2421.231s
 505000 +1.46538659e+08 +1.46538591e+08  6.86e+01   3.19e-01     7.63e-05   2425.890s
 506000 +1.46538662e+08 +1.46538591e+08  7.10e+01   3.19e-01     7.60e-05   2430.546s
 507000 +1.46538664e+08 +1.46538591e+08  7.34e+01   3.19e-01     7.57e-05   2435.201s
 508000 +1.46538666e+08 +1.46538591e+08  7.57e+01   3.19e-01     7.53e-05   2439.856s
 509000 +1.46538668e+08 +1.46538591e+08  7.80e+01   3.19e-01     7.49e-05   2444.512s
 510000 +1.46538671e+08 +1.46538591e+08  8.01e+01   3.19e-01     7.44e-05   2449.167s
 511000 +1.46538673e+08 +1.46538591e+08  8.23e+01   3.19e-01     7.40e-05   2453.823s
 512000 +1.46538675e+08 +1.46538591e+08  8.43e+01   3.19e-01     7.35e-05   2458.479s
 513000 +1.46538677e+08 +1.46538591e+08  8.63e+01   3.19e-01     7.30e-05   2463.134s
 514000 +1.46538679e+08 +1.46538591e+08  8.83e+01   3.19e-01     7.26e-05   2467.789s
 515000 +1.46538681e+08 +1.46538591e+08  9.01e+01   3.19e-01     7.19e-05   2472.444s
 516000 +1.46538682e+08 +1.46538591e+08  9.18e+01   3.19e-01     7.14e-05   2477.099s
 517000 +1.46538684e+08 +1.46538591e+08  9.36e+01   3.21e-01     7.04e-05   2481.755s
 518000 +1.46538686e+08 +1.46538591e+08  9.51e+01   3.21e-01     6.89e-05   2486.409s
 519000 +1.46538687e+08 +1.46538591e+08  9.68e+01   3.20e-01     6.84e-05   2491.065s
 520000 +1.46538689e+08 +1.46538591e+08  9.85e+01   3.20e-01     6.72e-05   2495.720s
 521000 +1.46538691e+08 +1.46538591e+08  1.00e+02   3.20e-01     6.61e-05   2500.376s
 522000 +1.46538692e+08 +1.46538591e+08  1.02e+02   3.19e-01     6.55e-05   2505.031s
 523000 +1.46538694e+08 +1.46538591e+08  1.03e+02   3.20e-01     6.49e-05   2509.686s
 524000 +1.46538695e+08 +1.46538591e+08  1.04e+02   3.20e-01     6.34e-05   2514.341s
 525000 +1.46538696e+08 +1.46538591e+08  1.06e+02   3.20e-01     6.26e-05   2518.996s
 526000 +1.46538698e+08 +1.46538591e+08  1.07e+02   3.20e-01     6.19e-05   2523.651s
 527000 +1.46538699e+08 +1.46538591e+08  1.08e+02   3.20e-01     6.15e-05   2528.306s
 528000 +1.46538700e+08 +1.46538591e+08  1.09e+02   3.20e-01     6.07e-05   2532.961s
 529000 +1.46538701e+08 +1.46538591e+08  1.10e+02   3.20e-01     6.02e-05   2537.616s
 530000 +1.46538702e+08 +1.46538591e+08  1.11e+02   3.19e-01     5.96e-05   2542.270s
 531000 +1.46538703e+08 +1.46538591e+08  1.12e+02   3.19e-01     5.91e-05   2546.925s
 532000 +1.46538703e+08 +1.46538591e+08  1.13e+02   3.19e-01     5.74e-05   2551.579s
 533000 +1.46538704e+08 +1.46538591e+08  1.13e+02   3.19e-01     5.70e-05   2556.234s
 534000 +1.46538704e+08 +1.46538591e+08  1.13e+02   3.19e-01     5.66e-05   2560.889s
 535000 +1.46538704e+08 +1.46538591e+08  1.14e+02   3.19e-01     5.64e-05   2565.544s
 536000 +1.46538704e+08 +1.46538591e+08  1.14e+02   3.19e-01     5.60e-05   2570.199s
 537000 +1.46538704e+08 +1.46538591e+08  1.14e+02   3.19e-01     5.53e-05   2574.854s
 538000 +1.46538704e+08 +1.46538591e+08  1.14e+02   3.19e-01     5.49e-05   2579.508s
 539000 +1.46538704e+08 +1.46538591e+08  1.14e+02   3.19e-01     5.45e-05   2584.163s
 540000 +1.46538704e+08 +1.46538591e+08  1.14e+02   3.19e-01     5.40e-05   2588.818s
 541000 +1.46538704e+08 +1.46538591e+08  1.14e+02   3.19e-01     5.29e-05   2593.473s
 542000 +1.46538704e+08 +1.46538591e+08  1.14e+02   3.19e-01     5.24e-05   2598.127s
 543000 +1.46538704e+08 +1.46538591e+08  1.13e+02   3.19e-01     5.19e-05   2602.782s
 544000 +1.46538704e+08 +1.46538591e+08  1.13e+02   3.19e-01     5.15e-05   2607.436s
 545000 +1.46538703e+08 +1.46538591e+08  1.13e+02   3.19e-01     5.11e-05   2612.092s
 546000 +1.46538703e+08 +1.46538591e+08  1.12e+02   3.19e-01     5.07e-05   2616.747s
 547000 +1.46538702e+08 +1.46538591e+08  1.12e+02   3.19e-01     5.03e-05   2621.402s
 548000 +1.46538702e+08 +1.46538591e+08  1.11e+02   3.19e-01     4.97e-05   2626.057s
 549000 +1.46538701e+08 +1.46538591e+08  1.11e+02   3.19e-01     4.93e-05   2630.712s
 550000 +1.46538701e+08 +1.46538591e+08  1.10e+02   3.19e-01     4.82e-05   2635.367s
 551000 +1.46538700e+08 +1.46538591e+08  1.09e+02   3.19e-01     4.79e-05   2640.021s
 552000 +1.46538699e+08 +1.46538591e+08  1.09e+02   3.19e-01     4.76e-05   2644.676s
 553000 +1.46538698e+08 +1.46538591e+08  1.08e+02   3.19e-01     4.75e-05   2649.330s
 554000 +1.46538697e+08 +1.46538591e+08  1.07e+02   3.19e-01     4.73e-05   2653.985s
 555000 +1.46538696e+08 +1.46538591e+08  1.06e+02   3.19e-01     4.71e-05   2658.639s
 556000 +1.46538695e+08 +1.46538591e+08  1.04e+02   3.19e-01     4.69e-05   2663.293s
 557000 +1.46538694e+08 +1.46538591e+08  1.03e+02   3.19e-01     4.63e-05   2667.948s
 558000 +1.46538692e+08 +1.46538591e+08  1.02e+02   3.18e-01     4.63e-05   2672.602s
 559000 +1.46538691e+08 +1.46538591e+08  1.00e+02   3.19e-01     4.60e-05   2677.257s
 560000 +1.46538690e+08 +1.46538591e+08  9.90e+01   3.18e-01     4.45e-05   2681.911s
 561000 +1.46538688e+08 +1.46538591e+08  9.75e+01   3.18e-01     4.45e-05   2686.565s
 562000 +1.46538687e+08 +1.46538591e+08  9.60e+01   3.18e-01     4.46e-05   2691.220s
 563000 +1.46538685e+08 +1.46538591e+08  9.44e+01   3.18e-01     4.44e-05   2695.874s
 564000 +1.46538683e+08 +1.46538591e+08  9.27e+01   3.19e-01     4.41e-05   2700.528s
 565000 +1.46538682e+08 +1.46538591e+08  9.11e+01   3.18e-01     4.41e-05   2705.182s
 566000 +1.46538680e+08 +1.46538591e+08  8.94e+01   3.17e-01     4.41e-05   2709.836s
 567000 +1.46538678e+08 +1.46538591e+08  8.77e+01   3.18e-01     4.33e-05   2714.490s
 568000 +1.46538677e+08 +1.46538591e+08  8.60e+01   3.17e-01     4.31e-05   2719.144s
 569000 +1.46538675e+08 +1.46538591e+08  8.45e+01   3.17e-01     4.29e-05   2723.798s
 570000 +1.46538673e+08 +1.46538591e+08  8.29e+01   3.17e-01     4.27e-05   2728.453s
 571000 +1.46538672e+08 +1.46538591e+08  8.14e+01   3.17e-01     4.26e-05   2733.106s
 572000 +1.46538670e+08 +1.46538591e+08  7.99e+01   3.17e-01     4.26e-05   2737.760s
 573000 +1.46538669e+08 +1.46538591e+08  7.85e+01   3.17e-01     4.23e-05   2742.414s
 574000 +1.46538668e+08 +1.46538591e+08  7.71e+01   3.17e-01     4.18e-05   2747.068s
 575000 +1.46538666e+08 +1.46538591e+08  7.57e+01   3.16e-01     4.19e-05   2751.722s
 576000 +1.46538665e+08 +1.46538591e+08  7.44e+01   3.16e-01     4.18e-05   2756.376s
 577000 +1.46538664e+08 +1.46538591e+08  7.32e+01   3.16e-01     4.17e-05   2761.030s
 578000 +1.46538663e+08 +1.46538591e+08  7.20e+01   3.16e-01     4.17e-05   2765.685s
 579000 +1.46538661e+08 +1.46538591e+08  7.08e+01   3.16e-01     4.18e-05   2770.339s
 580000 +1.46538660e+08 +1.46538591e+08  6.97e+01   3.17e-01     4.05e-05   2774.994s
 581000 +1.46538659e+08 +1.46538591e+08  6.85e+01   3.16e-01     4.03e-05   2779.649s
 582000 +1.46538658e+08 +1.46538591e+08  6.74e+01   3.16e-01     4.03e-05   2784.304s
 583000 +1.46538657e+08 +1.46538591e+08  6.65e+01   3.18e-01     3.92e-05   2788.958s
 584000 +1.46538657e+08 +1.46538590e+08  6.62e+01   3.15e-01     4.74e-05   2793.617s
 585000 +1.46538656e+08 +1.46538590e+08  6.59e+01   3.14e-01     4.74e-05   2798.271s
 586000 +1.46538656e+08 +1.46538590e+08  6.56e+01   3.14e-01     4.75e-05   2802.926s
 587000 +1.46538656e+08 +1.46538590e+08  6.53e+01   3.14e-01     4.77e-05   2807.582s
 588000 +1.46538655e+08 +1.46538590e+08  6.50e+01   3.14e-01     4.78e-05   2812.236s
 589000 +1.46538655e+08 +1.46538590e+08  6.49e+01   3.14e-01     4.72e-05   2816.891s
 590000 +1.46538655e+08 +1.46538590e+08  6.47e+01   3.14e-01     4.69e-05   2821.546s
 591000 +1.46538655e+08 +1.46538590e+08  6.45e+01   3.14e-01     4.67e-05   2826.201s
 592000 +1.46538655e+08 +1.46538590e+08  6.44e+01   3.14e-01     4.67e-05   2830.856s
 593000 +1.46538655e+08 +1.46538590e+08  6.41e+01   3.14e-01     4.70e-05   2835.511s
 594000 +1.46538654e+08 +1.46538590e+08  6.39e+01   3.14e-01     4.72e-05   2840.165s
 595000 +1.46538654e+08 +1.46538590e+08  6.37e+01   3.14e-01     4.47e-05   2844.819s
 596000 +1.46538654e+08 +1.46538590e+08  6.34e+01   3.14e-01     4.53e-05   2849.474s
 597000 +1.46538653e+08 +1.46538590e+08  6.31e+01   3.14e-01     4.59e-05   2854.128s
 598000 +1.46538653e+08 +1.46538590e+08  6.28e+01   3.14e-01     4.57e-05   2858.783s
 599000 +1.46538653e+08 +1.46538590e+08  6.25e+01   3.14e-01     4.64e-05   2863.438s
 600000 +1.46538653e+08 +1.46538590e+08  6.21e+01   3.14e-01     4.72e-05   2868.093s
 601000 +1.46538652e+08 +1.46538590e+08  6.18e+01   3.13e-01     4.81e-05   2872.748s
 602000 +1.46538652e+08 +1.46538590e+08  6.14e+01   3.13e-01     4.87e-05   2877.403s
 603000 +1.46538651e+08 +1.46538590e+08  6.10e+01   3.13e-01     4.94e-05   2882.057s
 604000 +1.46538651e+08 +1.46538590e+08  6.05e+01   3.13e-01     5.02e-05   2886.712s
 605000 +1.46538650e+08 +1.46538590e+08  6.01e+01   3.13e-01     5.09e-05   2891.367s
 606000 +1.46538650e+08 +1.46538590e+08  5.96e+01   3.13e-01     5.15e-05   2896.022s
 607000 +1.46538649e+08 +1.46538590e+08  5.91e+01   3.13e-01     5.21e-05   2900.676s
 608000 +1.46538649e+08 +1.46538590e+08  5.86e+01   3.13e-01     5.26e-05   2905.331s
 609000 +1.46538648e+08 +1.46538590e+08  5.80e+01   3.13e-01     5.30e-05   2909.986s
 610000 +1.46538648e+08 +1.46538590e+08  5.75e+01   3.13e-01     5.34e-05   2914.641s
 611000 +1.46538647e+08 +1.46538590e+08  5.69e+01   3.12e-01     5.37e-05   2919.295s
 612000 +1.46538647e+08 +1.46538590e+08  5.63e+01   3.12e-01     5.40e-05   2923.948s
 613000 +1.46538646e+08 +1.46538590e+08  5.57e+01   3.12e-01     5.43e-05   2928.603s
 614000 +1.46538645e+08 +1.46538590e+08  5.50e+01   3.12e-01     5.42e-05   2933.257s
 615000 +1.46538645e+08 +1.46538590e+08  5.44e+01   3.12e-01     5.45e-05   2937.911s
 616000 +1.46538644e+08 +1.46538590e+08  5.38e+01   3.12e-01     5.48e-05   2942.564s
 617000 +1.46538644e+08 +1.46538590e+08  5.31e+01   3.12e-01     5.50e-05   2947.218s
 618000 +1.46538643e+08 +1.46538590e+08  5.24e+01   3.12e-01     5.53e-05   2951.872s
 619000 +1.46538642e+08 +1.46538590e+08  5.17e+01   3.12e-01     5.56e-05   2956.527s
 620000 +1.46538641e+08 +1.46538590e+08  5.10e+01   3.12e-01     5.59e-05   2961.182s
 621000 +1.46538641e+08 +1.46538590e+08  5.03e+01   3.12e-01     5.61e-05   2965.836s
 622000 +1.46538640e+08 +1.46538590e+08  4.97e+01   3.12e-01     5.60e-05   2970.490s
 623000 +1.46538640e+08 +1.46538590e+08  4.93e+01   3.10e-01     5.60e-05   2975.144s
 624000 +1.46538639e+08 +1.46538590e+08  4.84e+01   3.11e-01     5.62e-05   2979.799s
 625000 +1.46538638e+08 +1.46538590e+08  4.80e+01   3.10e-01     5.66e-05   2984.453s
 626000 +1.46538638e+08 +1.46538590e+08  4.72e+01   3.10e-01     5.40e-05   2989.107s
 627000 +1.46538637e+08 +1.46538590e+08  4.66e+01   3.10e-01     5.38e-05   2993.762s
 628000 +1.46538636e+08 +1.46538590e+08  4.59e+01   3.09e-01     5.36e-05   2998.417s
 629000 +1.46538636e+08 +1.46538590e+08  4.51e+01   3.10e-01     5.34e-05   3003.072s
 630000 +1.46538635e+08 +1.46538590e+08  4.46e+01   3.09e-01     5.15e-05   3007.727s
 631000 +1.46538634e+08 +1.46538590e+08  4.37e+01   3.10e-01     5.11e-05   3012.381s
 632000 +1.46538634e+08 +1.46538590e+08  4.33e+01   3.08e-01     5.01e-05   3017.036s
 633000 +1.46538633e+08 +1.46538590e+08  4.24e+01   3.09e-01     5.00e-05   3021.690s
 634000 +1.46538632e+08 +1.46538590e+08  4.17e+01   3.09e-01     5.00e-05   3026.346s
 635000 +1.46538631e+08 +1.46538590e+08  4.10e+01   3.08e-01     5.01e-05   3031.001s
 636000 +1.46538631e+08 +1.46538590e+08  4.02e+01   3.08e-01     5.01e-05   3035.656s
 637000 +1.46538630e+08 +1.46538590e+08  3.95e+01   3.08e-01     5.00e-05   3040.311s
 638000 +1.46538629e+08 +1.46538590e+08  3.86e+01   3.08e-01     4.98e-05   3044.966s
 639000 +1.46538628e+08 +1.46538590e+08  3.78e+01   3.08e-01     4.97e-05   3049.622s
 640000 +1.46538627e+08 +1.46538590e+08  3.69e+01   3.08e-01     4.96e-05   3054.277s
 641000 +1.46538627e+08 +1.46538590e+08  3.62e+01   3.08e-01     4.97e-05   3058.931s
 642000 +1.46538626e+08 +1.46538590e+08  3.52e+01   3.08e-01     4.97e-05   3063.586s
 643000 +1.46538625e+08 +1.46538590e+08  3.45e+01   3.07e-01     4.97e-05   3068.241s
 644000 +1.46538624e+08 +1.46538590e+08  3.36e+01   3.08e-01     4.96e-05   3072.894s
 645000 +1.46538623e+08 +1.46538590e+08  3.27e+01   3.07e-01     4.95e-05   3077.549s
 646000 +1.46538622e+08 +1.46538590e+08  3.19e+01   3.07e-01     4.95e-05   3082.203s
 647000 +1.46538621e+08 +1.46538590e+08  3.10e+01   3.07e-01     4.94e-05   3086.858s
 648000 +1.46538621e+08 +1.46538590e+08  3.03e+01   3.06e-01     4.93e-05   3091.513s
 649000 +1.46538620e+08 +1.46538590e+08  2.93e+01   3.07e-01     4.92e-05   3096.168s
 650000 +1.46538619e+08 +1.46538590e+08  2.87e+01   3.06e-01     4.93e-05   3100.823s
 651000 +1.46538618e+08 +1.46538590e+08  2.77e+01   3.07e-01     4.93e-05   3105.478s
 652000 +1.46538617e+08 +1.46538590e+08  2.70e+01   3.06e-01     4.94e-05   3110.133s
 653000 +1.46538617e+08 +1.46538590e+08  2.63e+01   3.06e-01     4.94e-05   3114.788s
 654000 +1.46538616e+08 +1.46538590e+08  2.54e+01   3.06e-01     4.94e-05   3119.443s
 655000 +1.46538615e+08 +1.46538590e+08  2.49e+01   3.06e-01     4.87e-05   3124.097s
 656000 +1.46538614e+08 +1.46538590e+08  2.40e+01   3.07e-01     4.85e-05   3128.752s
 657000 +1.46538614e+08 +1.46538590e+08  2.34e+01   3.06e-01     4.83e-05   3133.406s
 658000 +1.46538613e+08 +1.46538590e+08  2.26e+01   3.06e-01     4.83e-05   3138.061s
 659000 +1.46538612e+08 +1.46538590e+08  2.20e+01   3.06e-01     4.82e-05   3142.716s
 660000 +1.46538612e+08 +1.46538590e+08  2.14e+01   3.06e-01     4.78e-05   3147.370s
 661000 +1.46538611e+08 +1.46538590e+08  2.07e+01   3.06e-01     4.77e-05   3152.025s
 662000 +1.46538611e+08 +1.46538590e+08  2.01e+01   3.06e-01     4.75e-05   3156.680s
 663000 +1.46538610e+08 +1.46538590e+08  1.94e+01   3.06e-01     4.76e-05   3161.335s
 664000 +1.46538609e+08 +1.46538590e+08  1.88e+01   3.06e-01     4.73e-05   3165.989s
 665000 +1.46538609e+08 +1.46538590e+08  1.81e+01   3.06e-01     4.72e-05   3170.643s
 666000 +1.46538608e+08 +1.46538590e+08  1.75e+01   3.06e-01     4.72e-05   3175.298s
 667000 +1.46538607e+08 +1.46538590e+08  1.69e+01   3.05e-01     4.74e-05   3179.953s
 668000 +1.46538607e+08 +1.46538590e+08  1.63e+01   3.05e-01     4.73e-05   3184.607s
 669000 +1.46538606e+08 +1.46538590e+08  1.56e+01   3.05e-01     4.72e-05   3189.262s
 670000 +1.46538605e+08 +1.46538590e+08  1.50e+01   3.05e-01     4.71e-05   3193.917s
 671000 +1.46538605e+08 +1.46538590e+08  1.44e+01   3.05e-01     4.72e-05   3198.571s
 672000 +1.46538604e+08 +1.46538590e+08  1.38e+01   3.05e-01     4.72e-05   3203.226s
 673000 +1.46538604e+08 +1.46538590e+08  1.32e+01   3.05e-01     4.71e-05   3207.881s
 674000 +1.46538603e+08 +1.46538590e+08  1.25e+01   3.05e-01     4.71e-05   3212.535s
 675000 +1.46538602e+08 +1.46538590e+08  1.20e+01   3.05e-01     4.71e-05   3217.191s
 676000 +1.46538602e+08 +1.46538590e+08  1.14e+01   3.05e-01     4.72e-05   3221.846s
 677000 +1.46538601e+08 +1.46538590e+08  1.08e+01   3.05e-01     4.69e-05   3226.501s
 678000 +1.46538601e+08 +1.46538590e+08  1.02e+01   3.05e-01     4.68e-05   3231.157s
 679000 +1.46538600e+08 +1.46538590e+08  9.67e+00   3.05e-01     4.66e-05   3235.811s
 680000 +1.46538600e+08 +1.46538590e+08  9.26e+00   3.04e-01     4.63e-05   3240.466s
 681000 +1.46538599e+08 +1.46538590e+08  8.51e+00   3.05e-01     4.61e-05   3245.120s
 682000 +1.46538599e+08 +1.46538590e+08  8.19e+00   3.04e-01     4.57e-05   3249.774s
 683000 +1.46538598e+08 +1.46538590e+08  7.55e+00   3.05e-01     4.52e-05   3254.430s
 684000 +1.46538598e+08 +1.46538590e+08  7.12e+00   3.04e-01     4.51e-05   3259.085s
 685000 +1.46538597e+08 +1.46538590e+08  6.71e+00   3.04e-01     4.49e-05   3263.740s
 686000 +1.46538597e+08 +1.46538590e+08  6.23e+00   3.04e-01     4.46e-05   3268.394s
 687000 +1.46538596e+08 +1.46538590e+08  5.99e+00   3.04e-01     4.45e-05   3273.049s
 688000 +1.46538596e+08 +1.46538590e+08  5.55e+00   3.04e-01     4.44e-05   3277.703s
 689000 +1.46538596e+08 +1.46538590e+08  5.29e+00   3.04e-01     4.42e-05   3282.357s
 690000 +1.46538595e+08 +1.46538590e+08  5.00e+00   3.04e-01     4.40e-05   3287.011s
 691000 +1.46538595e+08 +1.46538590e+08  4.77e+00   3.04e-01     4.38e-05   3291.667s
 692000 +1.46538595e+08 +1.46538590e+08  4.56e+00   3.04e-01     4.37e-05   3296.320s
 693000 +1.46538595e+08 +1.46538590e+08  4.39e+00   3.04e-01     4.36e-05   3300.974s
 694000 +1.46538595e+08 +1.46538590e+08  4.21e+00   3.04e-01     4.34e-05   3305.629s
 695000 +1.46538595e+08 +1.46538590e+08  4.12e+00   3.04e-01     4.32e-05   3310.283s
 696000 +1.46538594e+08 +1.46538590e+08  4.02e+00   3.04e-01     4.29e-05   3314.938s
 697000 +1.46538594e+08 +1.46538590e+08  3.90e+00   3.04e-01     4.26e-05   3319.592s
 698000 +1.46538594e+08 +1.46538590e+08  3.91e+00   3.03e-01     4.25e-05   3324.247s
 699000 +1.46538594e+08 +1.46538590e+08  3.77e+00   3.04e-01     4.23e-05   3328.902s
 700000 +1.46538594e+08 +1.46538590e+08  3.84e+00   3.03e-01     4.23e-05   3333.557s
 701000 +1.46538594e+08 +1.46538590e+08  3.75e+00   3.04e-01     4.21e-05   3338.210s
 702000 +1.46538594e+08 +1.46538590e+08  3.76e+00   3.03e-01     4.22e-05   3342.864s
 703000 +1.46538594e+08 +1.46538590e+08  3.79e+00   3.03e-01     4.20e-05   3347.519s
 704000 +1.46538594e+08 +1.46538590e+08  3.70e+00   3.04e-01     4.17e-05   3352.173s
 705000 +1.46538594e+08 +1.46538590e+08  3.80e+00   3.03e-01     4.16e-05   3356.828s
 706000 +1.46538594e+08 +1.46538590e+08  3.69e+00   3.03e-01     4.15e-05   3361.482s
 707000 +1.46538594e+08 +1.46538590e+08  3.73e+00   3.03e-01     4.15e-05   3366.136s
 708000 +1.46538594e+08 +1.46538590e+08  3.68e+00   3.03e-01     4.12e-05   3370.791s
 709000 +1.46538594e+08 +1.46538590e+08  3.66e+00   3.03e-01     4.11e-05   3375.446s
 710000 +1.46538594e+08 +1.46538590e+08  3.65e+00   3.03e-01     4.10e-05   3380.100s
 711000 +1.46538594e+08 +1.46538590e+08  3.52e+00   3.03e-01     4.10e-05   3384.754s
 712000 +1.46538594e+08 +1.46538590e+08  3.44e+00   3.03e-01     4.08e-05   3389.409s
 713000 +1.46538594e+08 +1.46538590e+08  3.32e+00   3.03e-01     4.05e-05   3394.063s
 714000 +1.46538594e+08 +1.46538590e+08  3.27e+00   3.03e-01     4.04e-05   3398.717s
 715000 +1.46538594e+08 +1.46538590e+08  3.12e+00   3.03e-01     4.04e-05   3403.372s
 716000 +1.46538594e+08 +1.46538590e+08  3.11e+00   3.03e-01     4.03e-05   3408.026s
 717000 +1.46538593e+08 +1.46538590e+08  2.95e+00   3.03e-01     4.01e-05   3412.681s
 718000 +1.46538593e+08 +1.46538590e+08  2.95e+00   3.03e-01     4.01e-05   3417.336s
 719000 +1.46538593e+08 +1.46538590e+08  2.88e+00   3.03e-01     4.01e-05   3421.990s
 720000 +1.46538593e+08 +1.46538590e+08  2.80e+00   3.03e-01     4.01e-05   3426.645s
 721000 +1.46538593e+08 +1.46538590e+08  2.85e+00   3.02e-01     4.00e-05   3431.300s
 722000 +1.46538593e+08 +1.46538590e+08  2.73e+00   3.03e-01     4.00e-05   3435.954s
 723000 +1.46538593e+08 +1.46538590e+08  2.83e+00   3.02e-01     4.00e-05   3440.608s
 724000 +1.46538593e+08 +1.46538590e+08  2.74e+00   3.02e-01     4.00e-05   3445.263s
 725000 +1.46538593e+08 +1.46538590e+08  2.84e+00   3.02e-01     4.01e-05   3449.917s
 726000 +1.46538593e+08 +1.46538590e+08  2.81e+00   3.02e-01     4.00e-05   3454.571s
 727000 +1.46538593e+08 +1.46538590e+08  2.85e+00   3.02e-01     3.99e-05   3459.225s
 728000 +1.46538593e+08 +1.46538590e+08  2.88e+00   3.02e-01     3.99e-05   3463.880s
 729000 +1.46538593e+08 +1.46538590e+08  2.95e+00   3.02e-01     3.99e-05   3468.534s
 730000 +1.46538593e+08 +1.46538590e+08  2.97e+00   3.02e-01     3.98e-05   3473.189s
 731000 +1.46538594e+08 +1.46538590e+08  3.11e+00   3.01e-01     3.97e-05   3477.843s
 732000 +1.46538594e+08 +1.46538590e+08  3.11e+00   3.02e-01     3.97e-05   3482.497s
 733000 +1.46538594e+08 +1.46538590e+08  3.26e+00   3.01e-01     3.97e-05   3487.150s
 734000 +1.46538594e+08 +1.46538590e+08  3.32e+00   3.02e-01     3.98e-05   3491.804s
 735000 +1.46538594e+08 +1.46538590e+08  3.45e+00   3.01e-01     3.97e-05   3496.459s
 736000 +1.46538594e+08 +1.46538590e+08  3.54e+00   3.02e-01     3.97e-05   3501.113s
 737000 +1.46538594e+08 +1.46538590e+08  3.70e+00   3.01e-01     3.98e-05   3505.767s
 738000 +1.46538594e+08 +1.46538590e+08  3.76e+00   3.01e-01     3.98e-05   3510.421s
 739000 +1.46538594e+08 +1.46538590e+08  4.00e+00   3.01e-01     3.99e-05   3515.075s
 740000 +1.46538594e+08 +1.46538590e+08  4.00e+00   3.01e-01     3.99e-05   3519.730s
 741000 +1.46538595e+08 +1.46538590e+08  4.26e+00   3.01e-01     3.99e-05   3524.385s
 742000 +1.46538595e+08 +1.46538590e+08  4.32e+00   3.01e-01     4.00e-05   3529.039s
 743000 +1.46538595e+08 +1.46538590e+08  4.49e+00   3.01e-01     4.01e-05   3533.693s
 744000 +1.46538595e+08 +1.46538590e+08  4.68e+00   3.01e-01     4.01e-05   3538.348s
 745000 +1.46538595e+08 +1.46538590e+08  4.74e+00   3.01e-01     4.00e-05   3543.003s
 746000 +1.46538595e+08 +1.46538590e+08  5.03e+00   3.01e-01     4.00e-05   3547.658s
 747000 +1.46538596e+08 +1.46538590e+08  5.06e+00   3.01e-01     4.00e-05   3552.313s
 748000 +1.46538596e+08 +1.46538590e+08  5.32e+00   3.01e-01     4.00e-05   3556.968s
 749000 +1.46538596e+08 +1.46538590e+08  5.40e+00   3.01e-01     3.99e-05   3561.624s
 750000 +1.46538596e+08 +1.46538590e+08  5.60e+00   3.01e-01     3.98e-05   3566.279s
 751000 +1.46538596e+08 +1.46538590e+08  5.76e+00   3.01e-01     3.99e-05   3570.935s
 752000 +1.46538596e+08 +1.46538590e+08  5.93e+00   3.01e-01     3.98e-05   3575.590s
 753000 +1.46538597e+08 +1.46538590e+08  6.06e+00   3.01e-01     3.97e-05   3580.247s
 754000 +1.46538597e+08 +1.46538590e+08  6.27e+00   3.01e-01     3.97e-05   3584.902s
 755000 +1.46538597e+08 +1.46538590e+08  6.37e+00   3.01e-01     3.96e-05   3589.559s
 756000 +1.46538597e+08 +1.46538590e+08  6.58e+00   3.01e-01     3.96e-05   3594.216s
 757000 +1.46538597e+08 +1.46538590e+08  6.69e+00   3.01e-01     3.95e-05   3598.871s
PDLP finished
Status: Time Limit   Objective: 1.46538597e+08  Iterations: 757400  Time: 3600.838s

### exit_code=0
### finished=2026-07-24T17:13:47.345173
### gpu_peak_mb=65082.4
### gpu_peak2_mb=0.0
### per_gpu_peak_mb=[65082.375]
