### solver=cuopt-base
### instance=/home/scratch.cmaes_sw/large-scale-LP-test-problems/large-problem-instances/multicommodity-flow-instance_5000_100_250.mps
### n_gpus=1
### CUDA_VISIBLE_DEVICES=0
### started=2026-07-24T15:12:08.110012
### argv=/home/scratch.vmostovoi_gpu/mostovoi_cuopt/cpp/build/cuopt_cli --method 1 --mps-reader experimental-fast --time-limit 3600 --iteration-limit 1000000000 --relative-primal-tolerance 1e-4 --relative-dual-tolerance 1e-4 --relative-gap-tolerance 1e-4 --log-to-console true /home/scratch.cmaes_sw/large-scale-LP-test-problems/large-problem-instances/multicommodity-flow-instance_5000_100_250.mps
### --- solver output ---
Setting parameter iteration_limit to 1000000000
Setting parameter log_to_console to true
Setting parameter method to 1
Setting parameter relative_dual_tolerance to 1.000000e-04
Setting parameter relative_gap_tolerance to 1.000000e-04
Setting parameter relative_primal_tolerance to 1.000000e-04
Setting parameter time_limit to 3.600000e+03
Reading file multicommodity-flow-instance_5000_100_250.mps
Using experimental fast MPS parser for '/home/scratch.cmaes_sw/large-scale-LP-test-problems/large-problem-instances/multicommodity-flow-instance_5000_100_250.mps'
Read file multicommodity-flow-instance_5000_100_250.mps in 23.57 seconds
cuOpt version: 26.8.0, git hash: 7116ead1, host arch: x86_64, device archs: 100a-real
CPU: INTEL(R) XEON(R) PLATINUM 8570, threads (physical/logical): 112/224, RAM: 1308.14 GiB
CUDA 13.3, device: NVIDIA B200 (ID 0), VRAM: 178.34 GiB
CUDA device UUID: 5b3b2195-5d98-9774-145e-bfc9011037d7
Solving a problem with 1775100 constraints, 127500100 variables (0 integers), and 257500100 nonzeros
Problem scaling:
Objective coefficents range:          [1e+00, 1e+00]
Constraint matrix coefficients range: [4e-07, 3e+03]
Constraint rhs / bounds range:        [1e+00, 1e+00]
Variable bounds range:                [0e+00, 0e+00]
Warning: input problem contains a large range of coefficients: consider reformulating to avoid numerical difficulties.

Using PSLP presolver
PSLP Presolved problem: 1775081 constraints, 127498200 variables, 257496300 non-zeros
PSLP presolve time: 73.79s
Objective offset 0.000000 scaling_factor 1.000000
   Iter    Primal Obj.      Dual Obj.    Gap        Primal Res.  Dual Res.   Time
      0 +0.00000000e+00 +0.00000000e+00  0.00e+00   1.12e+03     1.13e+04   75.631s
   1000 +6.49582996e+07 +6.78994122e+07  2.94e+06   1.47e+03     9.80e+01   80.941s
   2000 +6.42312993e+07 +6.61275043e+07  1.90e+06   9.52e+02     2.73e+01   85.383s
   3000 +6.40151201e+07 +6.56559868e+07  1.64e+06   8.61e+02     9.80e+00   89.829s
   4000 +6.39344443e+07 +6.55377368e+07  1.60e+06   7.58e+02     4.61e+00   94.278s
   5000 +6.38878895e+07 +6.55380016e+07  1.65e+06   7.29e+02     3.12e+00   98.725s
   6000 +6.38638424e+07 +6.55466551e+07  1.68e+06   6.89e+02     2.10e+00   103.181s
   7000 +6.38397514e+07 +6.56062032e+07  1.77e+06   6.72e+02     2.06e+00   107.636s
   8000 +6.38216729e+07 +6.56647605e+07  1.84e+06   6.47e+02     1.91e+00   112.092s
   9000 +6.38092273e+07 +6.57219315e+07  1.91e+06   6.27e+02     1.67e+00   116.550s
  10000 +6.37897438e+07 +6.59514989e+07  2.16e+06   6.15e+02     3.40e+00   121.015s
  11000 +6.38240588e+07 +6.62217604e+07  2.40e+06   6.05e+02     5.15e+00   125.431s
  12000 +6.39357774e+07 +6.64647369e+07  2.53e+06   5.83e+02     6.70e+00   129.848s
  13000 +6.41430231e+07 +6.66591845e+07  2.52e+06   5.53e+02     7.96e+00   134.266s
  14000 +6.45891123e+07 +6.67795764e+07  2.19e+06   5.02e+02     1.00e+01   138.685s
  15000 +6.63621643e+07 +6.67459751e+07  3.84e+05   2.09e+02     4.38e+01   143.109s
  16000 +6.67639030e+07 +6.68060421e+07  4.21e+04   5.54e+01     2.69e+01   147.531s
  17000 +6.67680834e+07 +6.68025728e+07  3.45e+04   3.59e+01     2.13e+01   151.953s
  18000 +6.69804278e+07 +6.68051186e+07  1.75e+05   4.72e+01     1.38e+01   156.380s
  19000 +6.69052859e+07 +6.68109500e+07  9.43e+04   4.30e+01     1.02e+01   160.804s
  20000 +6.68512811e+07 +6.68036029e+07  4.77e+04   3.26e+01     8.74e+00   165.228s
  21000 +6.68400362e+07 +6.68000539e+07  4.00e+04   2.65e+01     7.69e+00   169.653s
  22000 +6.68340860e+07 +6.67980285e+07  3.61e+04   2.30e+01     6.82e+00   174.078s
  23000 +6.68191183e+07 +6.67956376e+07  2.35e+04   2.07e+01     6.17e+00   178.503s
  24000 +6.68078129e+07 +6.67933953e+07  1.44e+04   1.88e+01     5.64e+00   182.929s
  25000 +6.68063563e+07 +6.67911047e+07  1.53e+04   1.67e+01     5.22e+00   187.355s
  26000 +6.68004015e+07 +6.67894403e+07  1.10e+04   1.54e+01     4.84e+00   191.782s
  27000 +6.68160225e+07 +6.67780351e+07  3.80e+04   4.82e+01     3.63e+00   196.213s
  28000 +6.68609816e+07 +6.67753679e+07  8.56e+04   4.21e+01     2.90e+00   200.638s
  29000 +6.68700446e+07 +6.67726804e+07  9.74e+04   3.96e+01     2.41e+00   205.064s
  30000 +6.68614278e+07 +6.67713869e+07  9.00e+04   3.63e+01     2.04e+00   209.491s
  31000 +6.68434426e+07 +6.67698850e+07  7.36e+04   3.22e+01     1.80e+00   213.918s
  32000 +6.68253167e+07 +6.67684441e+07  5.69e+04   2.99e+01     1.60e+00   218.343s
  33000 +6.68119553e+07 +6.67671994e+07  4.48e+04   2.64e+01     1.45e+00   222.770s
  34000 +6.68031194e+07 +6.67661619e+07  3.70e+04   2.37e+01     1.31e+00   227.197s
  35000 +6.67956617e+07 +6.67651796e+07  3.05e+04   2.16e+01     1.22e+00   231.625s
  36000 +6.67904455e+07 +6.67643893e+07  2.61e+04   1.95e+01     1.13e+00   236.053s
  37000 +6.67862146e+07 +6.67636759e+07  2.25e+04   1.76e+01     1.05e+00   240.481s
  38000 +6.67830476e+07 +6.67629974e+07  2.01e+04   1.58e+01     9.98e-01   244.909s
  39000 +6.67806526e+07 +6.67624532e+07  1.82e+04   1.46e+01     9.49e-01   249.336s
  40000 +6.67786219e+07 +6.67618450e+07  1.68e+04   1.36e+01     9.03e-01   253.764s
  41000 +6.67768316e+07 +6.67613207e+07  1.55e+04   1.26e+01     8.60e-01   258.192s
  42000 +6.67769819e+07 +6.67566660e+07  2.03e+04   3.99e+01     6.22e-01   262.625s
  43000 +6.67814495e+07 +6.67554747e+07  2.60e+04   2.67e+01     5.31e-01   267.052s
  44000 +6.67831427e+07 +6.67546123e+07  2.85e+04   2.58e+01     4.70e-01   271.480s
  45000 +6.67827731e+07 +6.67538529e+07  2.89e+04   2.53e+01     4.18e-01   275.909s
  46000 +6.67827976e+07 +6.67532741e+07  2.95e+04   2.35e+01     3.74e-01   280.337s
  47000 +6.67821159e+07 +6.67528669e+07  2.92e+04   2.15e+01     3.39e-01   284.765s
  48000 +6.67803995e+07 +6.67525624e+07  2.78e+04   1.99e+01     3.16e-01   289.193s
  49000 +6.67784525e+07 +6.67521573e+07  2.63e+04   1.78e+01     2.91e-01   293.622s
  50000 +6.67762887e+07 +6.67518485e+07  2.44e+04   1.67e+01     2.75e-01   298.051s
  51000 +6.67742038e+07 +6.67515342e+07  2.27e+04   1.65e+01     2.54e-01   302.479s
  52000 +6.67722818e+07 +6.67512465e+07  2.10e+04   1.51e+01     2.38e-01   306.908s
  53000 +6.67701090e+07 +6.67510445e+07  1.91e+04   1.41e+01     2.26e-01   311.336s
  54000 +6.67681503e+07 +6.67508651e+07  1.73e+04   1.37e+01     2.15e-01   315.764s
  55000 +6.67664699e+07 +6.67506117e+07  1.59e+04   1.30e+01     2.04e-01   320.193s
  56000 +6.67649429e+07 +6.67504417e+07  1.45e+04   1.26e+01     1.92e-01   324.621s
  57000 +6.67636307e+07 +6.67502496e+07  1.34e+04   1.20e+01     1.81e-01   329.050s
  58000 +6.67624519e+07 +6.67501377e+07  1.23e+04   1.08e+01     1.76e-01   333.478s
  59000 +6.67612682e+07 +6.67500341e+07  1.12e+04   1.02e+01     1.71e-01   337.906s
  60000 +6.67601169e+07 +6.67498952e+07  1.02e+04   9.88e+00     1.64e-01   342.334s
  61000 +6.67590507e+07 +6.67497653e+07  9.29e+03   1.00e+01     1.58e-01   346.762s
  62000 +6.67580811e+07 +6.67496880e+07  8.39e+03   8.89e+00     1.55e-01   351.190s
  63000 +6.67572561e+07 +6.67495516e+07  7.70e+03   8.23e+00     1.50e-01   355.618s
  64000 +6.67565755e+07 +6.67494580e+07  7.12e+03   7.90e+00     1.45e-01   360.046s
  65000 +6.67549324e+07 +6.67480324e+07  6.90e+03   3.16e+01     9.26e-02   364.480s
  66000 +6.67538132e+07 +6.67477823e+07  6.03e+03   3.22e+01     7.57e-02   368.908s
  67000 +6.67532871e+07 +6.67475524e+07  5.73e+03   2.97e+01     6.65e-02   373.337s
  68000 +6.67530473e+07 +6.67474181e+07  5.63e+03   2.57e+01     6.01e-02   377.765s
  69000 +6.67527464e+07 +6.67473136e+07  5.43e+03   2.79e+01     5.26e-02   382.194s
  70000 +6.67524501e+07 +6.67472481e+07  5.20e+03   2.47e+01     4.94e-02   386.622s
  71000 +6.67521368e+07 +6.67471509e+07  4.99e+03   2.39e+01     4.66e-02   391.050s
  72000 +6.67522235e+07 +6.67465750e+07  5.65e+03   2.19e+02     2.02e-02   395.484s
  73000 +6.67525977e+07 +6.67463574e+07  6.24e+03   7.29e+01     7.92e-03   399.912s
  74000 +6.67526822e+07 +6.67462634e+07  6.42e+03   1.64e+02     8.95e-04   404.345s
  75000 +6.67526164e+07 +6.67462567e+07  6.36e+03   1.30e+02     3.83e-05   408.782s
  76000 +6.67523127e+07 +6.67462565e+07  6.06e+03   7.75e+01     1.80e-05   413.210s
  77000 +6.67523039e+07 +6.67462565e+07  6.05e+03   7.01e+01     1.31e-05   417.643s
  78000 +6.67523051e+07 +6.67462565e+07  6.05e+03   6.97e+01     1.30e-05   422.072s
  79000 +6.67523057e+07 +6.67462565e+07  6.05e+03   6.96e+01     1.30e-05   426.501s
  80000 +6.67523028e+07 +6.67462565e+07  6.05e+03   6.95e+01     1.31e-05   430.929s
  81000 +6.67523017e+07 +6.67462565e+07  6.05e+03   6.94e+01     1.30e-05   435.358s
  82000 +6.67522842e+07 +6.67462565e+07  6.03e+03   6.28e+01     1.30e-05   439.786s
  83000 +6.67522785e+07 +6.67462565e+07  6.02e+03   6.00e+01     7.03e-06   444.216s
  84000 +6.67522819e+07 +6.67462565e+07  6.03e+03   6.05e+01     9.07e-06   448.644s
  85000 +6.67522711e+07 +6.67462565e+07  6.01e+03   5.86e+01     7.82e-06   453.076s
  86000 +6.67522758e+07 +6.67462565e+07  6.02e+03   3.85e+01     7.15e-06   457.505s
  87000 +6.67522758e+07 +6.67462566e+07  6.02e+03   3.92e+01     7.47e-06   461.933s
  88000 +6.67522611e+07 +6.67462566e+07  6.00e+03   2.90e+01     9.42e-06   466.361s
  89000 +6.67522773e+07 +6.67462566e+07  6.02e+03   3.16e+01     7.11e-06   470.789s
  90000 +6.67522653e+07 +6.67462566e+07  6.01e+03   2.64e+01     8.29e-06   475.217s
  91000 +6.67522525e+07 +6.67462566e+07  6.00e+03   2.70e+01     7.31e-06   479.643s
  92000 +6.67522561e+07 +6.67462566e+07  6.00e+03   2.62e+01     7.35e-06   484.070s
  93000 +6.67522431e+07 +6.67462566e+07  5.99e+03   2.49e+01     7.31e-06   488.498s
  94000 +6.67522414e+07 +6.67462566e+07  5.98e+03   2.57e+01     6.95e-06   492.925s
  95000 +6.67522317e+07 +6.67462566e+07  5.98e+03   2.44e+01     3.83e-05   497.357s
  96000 +6.67522211e+07 +6.67462568e+07  5.96e+03   2.27e+01     5.59e-05   501.784s
  97000 +6.67522156e+07 +6.67462569e+07  5.96e+03   2.20e+01     8.41e-05   506.212s
  98000 +6.67522153e+07 +6.67462569e+07  5.96e+03   2.07e+01     9.67e-05   510.639s
  99000 +6.67522125e+07 +6.67462570e+07  5.96e+03   1.95e+01     1.11e-04   515.065s
 100000 +6.67521795e+07 +6.67462571e+07  5.92e+03   1.90e+01     1.05e-04   519.493s
 101000 +6.67521509e+07 +6.67462572e+07  5.89e+03   1.82e+01     1.09e-04   523.919s
 102000 +6.67521087e+07 +6.67462572e+07  5.85e+03   1.76e+01     9.38e-05   528.347s
 103000 +6.67520764e+07 +6.67462573e+07  5.82e+03   1.71e+01     1.06e-04   532.774s
 104000 +6.67520174e+07 +6.67462573e+07  5.76e+03   1.65e+01     9.79e-05   537.202s
 105000 +6.67519343e+07 +6.67462573e+07  5.68e+03   1.59e+01     1.07e-04   541.629s
 106000 +6.67518325e+07 +6.67462574e+07  5.58e+03   1.52e+01     1.18e-04   546.056s
 107000 +6.67517430e+07 +6.67462574e+07  5.49e+03   1.47e+01     1.13e-04   550.484s
 108000 +6.67516967e+07 +6.67462574e+07  5.44e+03   1.42e+01     1.04e-04   554.911s
 109000 +6.67516968e+07 +6.67462575e+07  5.44e+03   1.36e+01     1.14e-04   559.339s
 110000 +6.67517049e+07 +6.67462575e+07  5.45e+03   1.32e+01     1.03e-04   563.767s
 111000 +6.67517071e+07 +6.67462575e+07  5.45e+03   1.27e+01     1.04e-04   568.195s
 112000 +6.67517104e+07 +6.67462575e+07  5.45e+03   1.25e+01     7.95e-05   572.622s
 113000 +6.67517083e+07 +6.67462575e+07  5.45e+03   1.20e+01     8.70e-05   577.049s
 114000 +6.67517068e+07 +6.67462575e+07  5.45e+03   1.14e+01     8.31e-05   581.477s
 115000 +6.67517030e+07 +6.67462575e+07  5.45e+03   1.12e+01     7.99e-05   585.903s
 116000 +6.67517094e+07 +6.67462575e+07  5.45e+03   1.11e+01     7.98e-05   590.330s
 117000 +6.67517200e+07 +6.67462575e+07  5.46e+03   1.06e+01     8.68e-05   594.757s
 118000 +6.67517196e+07 +6.67462575e+07  5.46e+03   1.03e+01     8.42e-05   599.184s
 119000 +6.67517185e+07 +6.67462576e+07  5.46e+03   9.96e+00     7.70e-05   603.612s
 120000 +6.67517098e+07 +6.67462576e+07  5.45e+03   9.75e+00     7.58e-05   608.040s
 121000 +6.67516993e+07 +6.67462576e+07  5.44e+03   9.43e+00     6.74e-05   612.467s
 122000 +6.67516921e+07 +6.67462576e+07  5.43e+03   9.29e+00     6.43e-05   616.894s
 123000 +6.67516791e+07 +6.67462576e+07  5.42e+03   9.11e+00     6.31e-05   621.323s
 124000 +6.67516606e+07 +6.67462576e+07  5.40e+03   9.00e+00     5.92e-05   625.750s
 125000 +6.67516389e+07 +6.67462576e+07  5.38e+03   8.82e+00     5.89e-05   630.178s
 126000 +6.67516129e+07 +6.67462576e+07  5.36e+03   8.60e+00     5.83e-05   634.606s
 127000 +6.67515819e+07 +6.67462577e+07  5.32e+03   8.44e+00     5.56e-05   639.034s
 128000 +6.67515515e+07 +6.67462577e+07  5.29e+03   8.14e+00     5.51e-05   643.461s
 129000 +6.67515184e+07 +6.67462577e+07  5.26e+03   8.02e+00     5.66e-05   647.890s
 130000 +6.67514874e+07 +6.67462577e+07  5.23e+03   7.87e+00     5.77e-05   652.319s
 131000 +6.67514546e+07 +6.67462577e+07  5.20e+03   7.64e+00     5.83e-05   656.746s
 132000 +6.67514167e+07 +6.67462577e+07  5.16e+03   7.45e+00     5.72e-05   661.174s
 133000 +6.67513803e+07 +6.67462577e+07  5.12e+03   7.31e+00     5.38e-05   665.602s
 134000 +6.67513531e+07 +6.67462578e+07  5.10e+03   7.36e+00     5.22e-05   670.030s
 135000 +6.67513207e+07 +6.67462577e+07  5.06e+03   7.15e+00     5.10e-05   674.458s
 136000 +6.67513025e+07 +6.67462578e+07  5.04e+03   6.22e+00     5.82e-05   678.889s
 137000 +6.67512908e+07 +6.67462578e+07  5.03e+03   6.08e+00     9.84e-05   683.316s
 138000 +6.67512748e+07 +6.67462578e+07  5.02e+03   5.77e+00     1.60e-04   687.745s
 139000 +6.67512500e+07 +6.67462578e+07  4.99e+03   5.57e+00     1.93e-04   692.172s
 140000 +6.67512159e+07 +6.67462578e+07  4.96e+03   5.13e+00     2.19e-04   696.600s
 141000 +6.67511707e+07 +6.67462578e+07  4.91e+03   4.79e+00     2.28e-04   701.028s
 142000 +6.67511168e+07 +6.67462578e+07  4.86e+03   4.42e+00     2.28e-04   705.457s
 143000 +6.67510592e+07 +6.67462577e+07  4.80e+03   4.11e+00     2.22e-04   709.884s
 144000 +6.67510049e+07 +6.67462577e+07  4.75e+03   3.93e+00     2.21e-04   714.311s
 145000 +6.67509570e+07 +6.67462577e+07  4.70e+03   3.68e+00     2.25e-04   718.739s
 146000 +6.67509154e+07 +6.67462577e+07  4.66e+03   3.56e+00     2.13e-04   723.166s
 147000 +6.67508697e+07 +6.67462577e+07  4.61e+03   3.18e+00     2.08e-04   727.594s
 148000 +6.67508318e+07 +6.67462577e+07  4.57e+03   3.10e+00     2.00e-04   732.022s
 149000 +6.67507954e+07 +6.67462577e+07  4.54e+03   2.99e+00     1.89e-04   736.450s
 150000 +6.67507631e+07 +6.67462578e+07  4.51e+03   2.90e+00     1.81e-04   740.879s
 151000 +6.67507334e+07 +6.67462578e+07  4.48e+03   2.89e+00     1.57e-04   745.308s
 152000 +6.67507074e+07 +6.67462578e+07  4.45e+03   2.88e+00     1.54e-04   749.736s
 153000 +6.67506786e+07 +6.67462578e+07  4.42e+03   2.70e+00     1.49e-04   754.163s
 154000 +6.67506558e+07 +6.67462578e+07  4.40e+03   2.60e+00     1.37e-04   758.591s
 155000 +6.67506326e+07 +6.67462578e+07  4.37e+03   2.47e+00     1.31e-04   763.019s
 156000 +6.67506135e+07 +6.67462578e+07  4.36e+03   2.32e+00     1.27e-04   767.446s
 157000 +6.67505960e+07 +6.67462578e+07  4.34e+03   2.27e+00     1.25e-04   771.875s
 158000 +6.67505794e+07 +6.67462578e+07  4.32e+03   2.21e+00     1.16e-04   776.303s
 159000 +6.67505616e+07 +6.67462578e+07  4.30e+03   2.06e+00     1.11e-04   780.730s
 160000 +6.67505615e+07 +6.67462578e+07  4.30e+03   1.94e+00     1.06e-04   785.159s
 161000 +6.67505648e+07 +6.67462578e+07  4.31e+03   1.98e+00     9.70e-05   789.587s
 162000 +6.67505679e+07 +6.67462578e+07  4.31e+03   1.81e+00     9.45e-05   794.015s
 163000 +6.67505663e+07 +6.67462578e+07  4.31e+03   1.82e+00     9.01e-05   798.445s
 164000 +6.67505630e+07 +6.67462579e+07  4.31e+03   1.39e+00     6.94e-05   802.878s
 165000 +6.67505610e+07 +6.67462579e+07  4.30e+03   1.36e+00     7.72e-05   807.307s
 166000 +6.67505581e+07 +6.67462579e+07  4.30e+03   1.33e+00     8.67e-05   811.735s
 167000 +6.67505539e+07 +6.67462579e+07  4.30e+03   1.30e+00     9.12e-05   816.163s
 168000 +6.67505472e+07 +6.67462579e+07  4.29e+03   1.28e+00     9.89e-05   820.592s
 169000 +6.67505387e+07 +6.67462579e+07  4.28e+03   1.24e+00     1.08e-04   825.021s
 170000 +6.67505262e+07 +6.67462579e+07  4.27e+03   1.19e+00     1.15e-04   829.450s
 171000 +6.67505133e+07 +6.67462579e+07  4.26e+03   1.14e+00     1.18e-04   833.879s
 172000 +6.67504963e+07 +6.67462579e+07  4.24e+03   1.11e+00     1.24e-04   838.308s
 173000 +6.67504761e+07 +6.67462580e+07  4.22e+03   1.11e+00     1.11e-04   842.736s
 174000 +6.67504533e+07 +6.67462580e+07  4.20e+03   1.09e+00     1.12e-04   847.165s
 175000 +6.67504289e+07 +6.67462580e+07  4.17e+03   1.07e+00     1.09e-04   851.594s
 176000 +6.67504036e+07 +6.67462580e+07  4.15e+03   1.08e+00     1.05e-04   856.022s
 177000 +6.67503792e+07 +6.67462580e+07  4.12e+03   1.04e+00     1.07e-04   860.450s
 178000 +6.67503584e+07 +6.67462580e+07  4.10e+03   1.04e+00     1.03e-04   864.880s
 179000 +6.67503376e+07 +6.67462580e+07  4.08e+03   1.05e+00     1.04e-04   869.308s
 180000 +6.67503148e+07 +6.67462580e+07  4.06e+03   1.01e+00     1.07e-04   873.737s
 181000 +6.67502924e+07 +6.67462580e+07  4.03e+03   1.01e+00     1.03e-04   878.165s
 182000 +6.67502757e+07 +6.67462580e+07  4.02e+03   1.03e+00     1.01e-04   882.593s
 183000 +6.67502521e+07 +6.67462581e+07  3.99e+03   9.85e-01     1.04e-04   887.023s
 184000 +6.67502302e+07 +6.67462581e+07  3.97e+03   9.84e-01     9.82e-05   891.452s
 185000 +6.67502054e+07 +6.67462581e+07  3.95e+03   9.55e-01     1.03e-04   895.880s
 186000 +6.67501774e+07 +6.67462581e+07  3.92e+03   9.45e-01     1.07e-04   900.309s
 187000 +6.67501454e+07 +6.67462581e+07  3.89e+03   9.87e-01     1.07e-04   904.736s
 188000 +6.67501128e+07 +6.67462581e+07  3.85e+03   9.56e-01     1.09e-04   909.165s
 189000 +6.67500783e+07 +6.67462581e+07  3.82e+03   9.51e-01     1.12e-04   913.594s
 190000 +6.67500671e+07 +6.67462581e+07  3.81e+03   8.41e-01     1.24e-04   918.027s
 191000 +6.67500535e+07 +6.67462581e+07  3.80e+03   8.33e-01     1.41e-04   922.456s
 192000 +6.67500361e+07 +6.67462581e+07  3.78e+03   8.24e-01     1.60e-04   926.884s
 193000 +6.67500146e+07 +6.67462581e+07  3.76e+03   8.14e-01     1.79e-04   931.313s
 194000 +6.67499876e+07 +6.67462581e+07  3.73e+03   8.02e-01     1.98e-04   935.740s
 195000 +6.67499543e+07 +6.67462581e+07  3.70e+03   7.89e-01     2.18e-04   940.169s
 196000 +6.67499159e+07 +6.67462581e+07  3.66e+03   7.89e-01     2.25e-04   944.597s
 197000 +6.67498765e+07 +6.67462582e+07  3.62e+03   7.60e-01     2.39e-04   949.025s
 198000 +6.67498305e+07 +6.67462582e+07  3.57e+03   7.62e-01     2.51e-04   953.454s
 199000 +6.67497819e+07 +6.67462582e+07  3.52e+03   7.51e-01     2.60e-04   957.882s
 200000 +6.67497290e+07 +6.67462582e+07  3.47e+03   7.42e-01     2.61e-04   962.310s
 201000 +6.67496790e+07 +6.67462582e+07  3.42e+03   7.20e-01     2.69e-04   966.738s
 202000 +6.67496313e+07 +6.67462582e+07  3.37e+03   7.26e-01     2.73e-04   971.166s
 203000 +6.67495837e+07 +6.67462581e+07  3.33e+03   7.13e-01     2.78e-04   975.595s
 204000 +6.67495352e+07 +6.67462581e+07  3.28e+03   7.06e-01     2.83e-04   980.023s
 205000 +6.67494858e+07 +6.67462582e+07  3.23e+03   6.92e-01     2.85e-04   984.451s
 206000 +6.67494347e+07 +6.67462581e+07  3.18e+03   6.79e-01     2.86e-04   988.879s
 207000 +6.67493823e+07 +6.67462581e+07  3.12e+03   6.61e-01     2.87e-04   993.307s
 208000 +6.67493321e+07 +6.67462581e+07  3.07e+03   6.49e-01     2.90e-04   997.734s
 209000 +6.67492827e+07 +6.67462581e+07  3.02e+03   6.35e-01     2.93e-04   1002.163s
 210000 +6.67492347e+07 +6.67462581e+07  2.98e+03   6.31e-01     2.97e-04   1006.592s
 211000 +6.67491896e+07 +6.67462581e+07  2.93e+03   6.66e-01     2.88e-04   1011.020s
 212000 +6.67491522e+07 +6.67462581e+07  2.89e+03   6.74e-01     2.82e-04   1015.448s
 213000 +6.67491347e+07 +6.67462580e+07  2.88e+03   5.49e-01     2.96e-04   1019.881s
 214000 +6.67491194e+07 +6.67462580e+07  2.86e+03   5.45e-01     3.21e-04   1024.310s
 215000 +6.67491012e+07 +6.67462581e+07  2.84e+03   5.42e-01     3.49e-04   1028.738s
 216000 +6.67490802e+07 +6.67462581e+07  2.82e+03   5.40e-01     3.67e-04   1033.167s
 217000 +6.67490570e+07 +6.67462581e+07  2.80e+03   5.44e-01     3.42e-04   1037.595s
 218000 +6.67490328e+07 +6.67462581e+07  2.77e+03   5.33e-01     3.55e-04   1042.023s
 219000 +6.67490062e+07 +6.67462581e+07  2.75e+03   5.31e-01     3.66e-04   1046.452s
 220000 +6.67489770e+07 +6.67462581e+07  2.72e+03   5.23e-01     3.73e-04   1050.880s
 221000 +6.67489465e+07 +6.67462581e+07  2.69e+03   5.19e-01     3.74e-04   1055.308s
 222000 +6.67489138e+07 +6.67462581e+07  2.66e+03   5.20e-01     3.82e-04   1059.736s
 223000 +6.67488805e+07 +6.67462581e+07  2.62e+03   5.16e-01     3.93e-04   1064.164s
 224000 +6.67488439e+07 +6.67462581e+07  2.59e+03   5.07e-01     4.07e-04   1068.592s
 225000 +6.67488035e+07 +6.67462582e+07  2.55e+03   5.06e-01     4.20e-04   1073.021s
 226000 +6.67487604e+07 +6.67462582e+07  2.50e+03   4.97e-01     4.32e-04   1077.449s
 227000 +6.67487163e+07 +6.67462582e+07  2.46e+03   4.95e-01     4.48e-04   1081.878s
 228000 +6.67486697e+07 +6.67462582e+07  2.41e+03   4.86e-01     4.65e-04   1086.306s
 229000 +6.67486194e+07 +6.67462582e+07  2.36e+03   4.82e-01     4.80e-04   1090.734s
 230000 +6.67485676e+07 +6.67462582e+07  2.31e+03   4.79e-01     4.90e-04   1095.162s
 231000 +6.67485120e+07 +6.67462582e+07  2.25e+03   4.70e-01     5.03e-04   1099.590s
 232000 +6.67484551e+07 +6.67462582e+07  2.20e+03   4.75e-01     5.11e-04   1104.017s
 233000 +6.67483989e+07 +6.67462582e+07  2.14e+03   4.69e-01     5.20e-04   1108.445s
 234000 +6.67483453e+07 +6.67462583e+07  2.09e+03   4.87e-01     4.87e-04   1112.872s
 235000 +6.67482933e+07 +6.67462583e+07  2.03e+03   4.65e-01     4.80e-04   1117.300s
 236000 +6.67482426e+07 +6.67462583e+07  1.98e+03   4.85e-01     4.20e-04   1121.727s
 237000 +6.67481939e+07 +6.67462583e+07  1.94e+03   4.79e-01     4.14e-04   1126.154s
 238000 +6.67481623e+07 +6.67462582e+07  1.90e+03   4.25e-01     3.88e-04   1130.585s
 239000 +6.67481402e+07 +6.67462582e+07  1.88e+03   4.21e-01     4.11e-04   1135.013s
 240000 +6.67481152e+07 +6.67462583e+07  1.86e+03   4.15e-01     4.35e-04   1139.441s
 241000 +6.67480884e+07 +6.67462583e+07  1.83e+03   4.17e-01     4.41e-04   1143.867s
 242000 +6.67480596e+07 +6.67462583e+07  1.80e+03   4.13e-01     4.57e-04   1148.294s
 243000 +6.67480296e+07 +6.67462583e+07  1.77e+03   4.12e-01     4.62e-04   1152.721s
 244000 +6.67479974e+07 +6.67462584e+07  1.74e+03   4.07e-01     4.83e-04   1157.147s
 245000 +6.67479636e+07 +6.67462584e+07  1.71e+03   4.03e-01     4.99e-04   1161.575s
 246000 +6.67479283e+07 +6.67462584e+07  1.67e+03   4.04e-01     5.21e-04   1166.001s
 247000 +6.67478932e+07 +6.67462584e+07  1.63e+03   4.01e-01     5.41e-04   1170.427s
 248000 +6.67478560e+07 +6.67462584e+07  1.60e+03   3.97e-01     5.60e-04   1174.853s
 249000 +6.67478177e+07 +6.67462584e+07  1.56e+03   4.06e-01     5.77e-04   1179.279s
 250000 +6.67477796e+07 +6.67462584e+07  1.52e+03   3.98e-01     5.93e-04   1183.706s
 251000 +6.67477408e+07 +6.67462584e+07  1.48e+03   3.93e-01     6.10e-04   1188.133s
 252000 +6.67477001e+07 +6.67462584e+07  1.44e+03   3.89e-01     6.26e-04   1192.560s
 253000 +6.67476609e+07 +6.67462584e+07  1.40e+03   3.96e-01     6.17e-04   1196.987s
 254000 +6.67476223e+07 +6.67462584e+07  1.36e+03   4.02e-01     6.27e-04   1201.413s
 255000 +6.67475820e+07 +6.67462584e+07  1.32e+03   3.86e-01     6.37e-04   1205.840s
 256000 +6.67475399e+07 +6.67462584e+07  1.28e+03   3.79e-01     6.43e-04   1210.268s
 257000 +6.67474974e+07 +6.67462584e+07  1.24e+03   3.84e-01     6.34e-04   1214.694s
 258000 +6.67474536e+07 +6.67462584e+07  1.20e+03   3.87e-01     6.26e-04   1219.121s
 259000 +6.67474077e+07 +6.67462584e+07  1.15e+03   3.69e-01     6.27e-04   1223.548s
 260000 +6.67473604e+07 +6.67462584e+07  1.10e+03   3.67e-01     6.53e-04   1227.974s
 261000 +6.67473132e+07 +6.67462584e+07  1.05e+03   3.75e-01     6.45e-04   1232.402s
 262000 +6.67472651e+07 +6.67462584e+07  1.01e+03   3.63e-01     6.45e-04   1236.829s
 263000 +6.67472165e+07 +6.67462584e+07  9.58e+02   3.62e-01     6.63e-04   1241.256s
 264000 +6.67471690e+07 +6.67462584e+07  9.11e+02   3.74e-01     6.53e-04   1245.683s
 265000 +6.67471224e+07 +6.67462584e+07  8.64e+02   3.68e-01     6.48e-04   1250.110s
 266000 +6.67470913e+07 +6.67462584e+07  8.33e+02   3.42e-01     6.42e-04   1254.542s
 267000 +6.67470599e+07 +6.67462584e+07  8.02e+02   3.40e-01     6.54e-04   1258.969s
 268000 +6.67470281e+07 +6.67462584e+07  7.70e+02   3.40e-01     6.53e-04   1263.396s
 269000 +6.67469961e+07 +6.67462584e+07  7.38e+02   3.40e-01     6.61e-04   1267.825s
 270000 +6.67469635e+07 +6.67462584e+07  7.05e+02   3.40e-01     6.62e-04   1272.253s
 271000 +6.67469314e+07 +6.67462584e+07  6.73e+02   3.39e-01     6.30e-04   1276.681s
 272000 +6.67468996e+07 +6.67462584e+07  6.41e+02   3.38e-01     6.33e-04   1281.108s
 273000 +6.67468674e+07 +6.67462584e+07  6.09e+02   3.31e-01     6.38e-04   1285.536s
 274000 +6.67468353e+07 +6.67462584e+07  5.77e+02   3.27e-01     6.45e-04   1289.964s
 275000 +6.67468034e+07 +6.67462584e+07  5.45e+02   3.39e-01     6.42e-04   1294.391s
 276000 +6.67467734e+07 +6.67462584e+07  5.15e+02   3.25e-01     6.47e-04   1298.818s
 277000 +6.67467432e+07 +6.67462584e+07  4.85e+02   3.21e-01     6.44e-04   1303.245s
 278000 +6.67467132e+07 +6.67462584e+07  4.55e+02   3.18e-01     6.46e-04   1307.673s
 279000 +6.67466826e+07 +6.67462585e+07  4.24e+02   3.17e-01     6.49e-04   1312.101s
 280000 +6.67466521e+07 +6.67462584e+07  3.94e+02   3.17e-01     6.48e-04   1316.529s
 281000 +6.67466210e+07 +6.67462585e+07  3.63e+02   3.15e-01     6.48e-04   1320.956s
 282000 +6.67465893e+07 +6.67462584e+07  3.31e+02   3.15e-01     6.48e-04   1325.384s
 283000 +6.67465577e+07 +6.67462585e+07  2.99e+02   3.17e-01     6.46e-04   1329.813s
 284000 +6.67465258e+07 +6.67462585e+07  2.67e+02   3.16e-01     6.45e-04   1334.241s
 285000 +6.67464940e+07 +6.67462585e+07  2.35e+02   3.12e-01     6.44e-04   1338.669s
 286000 +6.67464630e+07 +6.67462585e+07  2.05e+02   3.11e-01     6.37e-04   1343.098s
 287000 +6.67464325e+07 +6.67462585e+07  1.74e+02   3.11e-01     6.32e-04   1347.527s
 288000 +6.67464028e+07 +6.67462585e+07  1.44e+02   3.12e-01     6.30e-04   1351.955s
 289000 +6.67463740e+07 +6.67462585e+07  1.16e+02   3.10e-01     6.27e-04   1356.384s
 290000 +6.67463431e+07 +6.67462586e+07  8.45e+01   3.11e-01     6.16e-04   1360.818s
 291000 +6.67462983e+07 +6.67462586e+07  3.97e+01   3.07e-01     5.91e-04   1365.248s
 292000 +6.67462554e+07 +6.67462586e+07  3.22e+00   3.11e-01     5.80e-04   1369.677s
 293000 +6.67462158e+07 +6.67462586e+07  4.28e+01   3.11e-01     5.70e-04   1374.106s
 294000 +6.67461775e+07 +6.67462586e+07  8.11e+01   3.12e-01     5.61e-04   1378.534s
 295000 +6.67461409e+07 +6.67462586e+07  1.18e+02   3.19e-01     5.54e-04   1382.963s
 296000 +6.67461092e+07 +6.67462585e+07  1.49e+02   3.37e-01     5.28e-04   1387.392s
 297000 +6.67460787e+07 +6.67462585e+07  1.80e+02   3.20e-01     5.22e-04   1391.822s
 298000 +6.67460485e+07 +6.67462585e+07  2.10e+02   3.22e-01     5.17e-04   1396.250s
 299000 +6.67460184e+07 +6.67462585e+07  2.40e+02   3.21e-01     5.11e-04   1400.679s
 300000 +6.67459893e+07 +6.67462585e+07  2.69e+02   3.30e-01     5.00e-04   1405.108s
 301000 +6.67459610e+07 +6.67462585e+07  2.98e+02   3.33e-01     4.93e-04   1409.538s
 302000 +6.67459330e+07 +6.67462585e+07  3.26e+02   3.38e-01     4.81e-04   1413.966s
 303000 +6.67459056e+07 +6.67462585e+07  3.53e+02   3.36e-01     4.71e-04   1418.394s
 304000 +6.67458791e+07 +6.67462585e+07  3.79e+02   3.36e-01     4.62e-04   1422.823s
 305000 +6.67458529e+07 +6.67462586e+07  4.06e+02   3.35e-01     4.52e-04   1427.252s
 306000 +6.67458282e+07 +6.67462586e+07  4.30e+02   3.26e-01     4.43e-04   1431.680s
 307000 +6.67458042e+07 +6.67462586e+07  4.54e+02   3.23e-01     4.35e-04   1436.108s
 308000 +6.67457813e+07 +6.67462586e+07  4.77e+02   3.19e-01     4.27e-04   1440.537s
 309000 +6.67457516e+07 +6.67462586e+07  5.07e+02   3.27e-01     4.15e-04   1444.969s
 310000 +6.67456926e+07 +6.67462586e+07  5.66e+02   3.25e-01     4.07e-04   1449.398s
 311000 +6.67456338e+07 +6.67462586e+07  6.25e+02   3.20e-01     4.04e-04   1453.826s
 312000 +6.67455776e+07 +6.67462586e+07  6.81e+02   3.46e-01     3.82e-04   1458.254s
 313000 +6.67455224e+07 +6.67462586e+07  7.36e+02   3.37e-01     3.78e-04   1462.683s
 314000 +6.67454704e+07 +6.67462586e+07  7.88e+02   3.59e-01     3.68e-04   1467.111s
 315000 +6.67454218e+07 +6.67462586e+07  8.37e+02   3.53e-01     3.63e-04   1471.539s
 316000 +6.67453748e+07 +6.67462586e+07  8.84e+02   3.63e-01     3.54e-04   1475.968s
 317000 +6.67453292e+07 +6.67462587e+07  9.29e+02   3.90e-01     3.28e-04   1480.396s
 318000 +6.67452859e+07 +6.67462587e+07  9.73e+02   3.66e-01     3.21e-04   1484.824s
 319000 +6.67452449e+07 +6.67462586e+07  1.01e+03   3.68e-01     3.13e-04   1489.252s
 320000 +6.67452051e+07 +6.67462586e+07  1.05e+03   3.79e-01     3.04e-04   1493.680s
 321000 +6.67451670e+07 +6.67462586e+07  1.09e+03   3.85e-01     2.95e-04   1498.108s
 322000 +6.67451316e+07 +6.67462586e+07  1.13e+03   3.74e-01     2.89e-04   1502.535s
 323000 +6.67450978e+07 +6.67462586e+07  1.16e+03   3.67e-01     2.82e-04   1506.962s
 324000 +6.67450661e+07 +6.67462586e+07  1.19e+03   3.81e-01     2.76e-04   1511.390s
 325000 +6.67450359e+07 +6.67462586e+07  1.22e+03   3.83e-01     2.70e-04   1515.818s
 326000 +6.67450079e+07 +6.67462586e+07  1.25e+03   3.77e-01     2.63e-04   1520.246s
 327000 +6.67449819e+07 +6.67462586e+07  1.28e+03   3.70e-01     2.58e-04   1524.674s
 328000 +6.67449572e+07 +6.67462586e+07  1.30e+03   3.73e-01     2.54e-04   1529.102s
 329000 +6.67449332e+07 +6.67462586e+07  1.33e+03   3.77e-01     2.49e-04   1533.530s
 330000 +6.67449107e+07 +6.67462586e+07  1.35e+03   3.80e-01     2.40e-04   1537.958s
 331000 +6.67448740e+07 +6.67462586e+07  1.38e+03   3.60e-01     2.25e-04   1542.390s
 332000 +6.67448284e+07 +6.67462586e+07  1.43e+03   3.62e-01     2.21e-04   1546.819s
 333000 +6.67447858e+07 +6.67462586e+07  1.47e+03   3.81e-01     2.04e-04   1551.247s
 334000 +6.67447472e+07 +6.67462586e+07  1.51e+03   3.97e-01     1.95e-04   1555.675s
 335000 +6.67447129e+07 +6.67462586e+07  1.55e+03   4.28e-01     1.87e-04   1560.103s
 336000 +6.67446818e+07 +6.67462586e+07  1.58e+03   4.19e-01     1.80e-04   1564.531s
 337000 +6.67446562e+07 +6.67462586e+07  1.60e+03   5.36e-01     1.67e-04   1568.959s
 338000 +6.67446398e+07 +6.67462586e+07  1.62e+03   4.60e-01     1.65e-04   1573.387s
 339000 +6.67446253e+07 +6.67462586e+07  1.63e+03   4.23e-01     1.61e-04   1577.815s
 340000 +6.67446115e+07 +6.67462586e+07  1.65e+03   4.25e-01     1.57e-04   1582.243s
 341000 +6.67445920e+07 +6.67462586e+07  1.67e+03   4.22e-01     1.50e-04   1586.675s
 342000 +6.67445695e+07 +6.67462586e+07  1.69e+03   4.41e-01     1.49e-04   1591.103s
 343000 +6.67445481e+07 +6.67462585e+07  1.71e+03   4.93e-01     1.36e-04   1595.531s
 344000 +6.67445274e+07 +6.67462585e+07  1.73e+03   4.76e-01     1.32e-04   1599.958s
 345000 +6.67445104e+07 +6.67462585e+07  1.75e+03   5.00e-01     1.29e-04   1604.385s
 346000 +6.67444948e+07 +6.67462585e+07  1.76e+03   4.89e-01     1.26e-04   1608.814s
 347000 +6.67444892e+07 +6.67462585e+07  1.77e+03   5.83e-01     1.17e-04   1613.241s
 348000 +6.67444837e+07 +6.67462585e+07  1.77e+03   5.67e-01     1.12e-04   1617.668s
 349000 +6.67444793e+07 +6.67462585e+07  1.78e+03   5.19e-01     1.13e-04   1622.096s
 350000 +6.67444762e+07 +6.67462585e+07  1.78e+03   4.95e-01     1.08e-04   1626.524s
 351000 +6.67444739e+07 +6.67462585e+07  1.78e+03   5.09e-01     1.09e-04   1630.952s
 352000 +6.67444717e+07 +6.67462585e+07  1.79e+03   5.29e-01     1.04e-04   1635.380s
 353000 +6.67444698e+07 +6.67462585e+07  1.79e+03   5.57e-01     9.43e-05   1639.809s
 354000 +6.67444685e+07 +6.67462585e+07  1.79e+03   4.83e-01     8.93e-05   1644.242s
 355000 +6.67444640e+07 +6.67462585e+07  1.79e+03   4.89e-01     8.80e-05   1648.671s
 356000 +6.67444591e+07 +6.67462585e+07  1.80e+03   4.86e-01     8.67e-05   1653.099s
 357000 +6.67444546e+07 +6.67462585e+07  1.80e+03   4.88e-01     8.61e-05   1657.528s
 358000 +6.67444506e+07 +6.67462584e+07  1.81e+03   4.93e-01     8.36e-05   1661.956s
 359000 +6.67444467e+07 +6.67462584e+07  1.81e+03   4.98e-01     8.30e-05   1666.383s
 360000 +6.67444432e+07 +6.67462584e+07  1.82e+03   4.92e-01     8.28e-05   1670.811s
 361000 +6.67444417e+07 +6.67462584e+07  1.82e+03   5.04e-01     7.93e-05   1675.239s
 362000 +6.67444411e+07 +6.67462584e+07  1.82e+03   5.08e-01     7.90e-05   1679.667s
 363000 +6.67444408e+07 +6.67462584e+07  1.82e+03   4.94e-01     7.84e-05   1684.094s
 364000 +6.67444405e+07 +6.67462584e+07  1.82e+03   4.85e-01     7.81e-05   1688.522s
 365000 +6.67444413e+07 +6.67462584e+07  1.82e+03   4.92e-01     7.35e-05   1692.950s
 366000 +6.67444430e+07 +6.67462583e+07  1.82e+03   4.84e-01     7.22e-05   1697.378s
 367000 +6.67444449e+07 +6.67462583e+07  1.81e+03   4.79e-01     7.03e-05   1701.806s
 368000 +6.67444472e+07 +6.67462583e+07  1.81e+03   4.86e-01     6.39e-05   1706.234s
 369000 +6.67444497e+07 +6.67462583e+07  1.81e+03   4.80e-01     6.01e-05   1710.662s
 370000 +6.67444524e+07 +6.67462583e+07  1.81e+03   4.80e-01     5.82e-05   1715.089s
 371000 +6.67444554e+07 +6.67462583e+07  1.80e+03   4.69e-01     5.70e-05   1719.517s
 372000 +6.67444585e+07 +6.67462583e+07  1.80e+03   4.48e-01     5.70e-05   1723.945s
 373000 +6.67444618e+07 +6.67462583e+07  1.80e+03   4.48e-01     5.53e-05   1728.373s
 374000 +6.67444654e+07 +6.67462583e+07  1.79e+03   4.40e-01     5.42e-05   1732.801s
 375000 +6.67444693e+07 +6.67462583e+07  1.79e+03   4.34e-01     5.35e-05   1737.228s
 376000 +6.67444726e+07 +6.67462583e+07  1.79e+03   4.35e-01     5.13e-05   1741.656s
 377000 +6.67444755e+07 +6.67462583e+07  1.78e+03   4.37e-01     5.13e-05   1746.084s
 378000 +6.67444778e+07 +6.67462583e+07  1.78e+03   4.03e-01     4.83e-05   1750.516s
 379000 +6.67444791e+07 +6.67462583e+07  1.78e+03   4.02e-01     4.98e-05   1754.944s
 380000 +6.67444806e+07 +6.67462582e+07  1.78e+03   4.01e-01     5.14e-05   1759.371s
 381000 +6.67444825e+07 +6.67462582e+07  1.78e+03   3.99e-01     5.35e-05   1763.800s
 382000 +6.67444846e+07 +6.67462582e+07  1.77e+03   3.98e-01     5.62e-05   1768.228s
 383000 +6.67444872e+07 +6.67462582e+07  1.77e+03   3.96e-01     5.90e-05   1772.655s
 384000 +6.67444902e+07 +6.67462582e+07  1.77e+03   3.93e-01     6.20e-05   1777.083s
 385000 +6.67444934e+07 +6.67462582e+07  1.76e+03   3.93e-01     6.47e-05   1781.511s
 386000 +6.67444971e+07 +6.67462582e+07  1.76e+03   3.90e-01     6.77e-05   1785.939s
 387000 +6.67445011e+07 +6.67462582e+07  1.76e+03   3.87e-01     7.00e-05   1790.366s
 388000 +6.67445056e+07 +6.67462582e+07  1.75e+03   3.85e-01     7.26e-05   1794.794s
 389000 +6.67445107e+07 +6.67462582e+07  1.75e+03   3.82e-01     7.54e-05   1799.222s
 390000 +6.67445167e+07 +6.67462582e+07  1.74e+03   3.81e-01     7.62e-05   1803.651s
 391000 +6.67445237e+07 +6.67462582e+07  1.73e+03   3.77e-01     7.87e-05   1808.078s
 392000 +6.67445317e+07 +6.67462582e+07  1.73e+03   3.73e-01     8.15e-05   1812.506s
 393000 +6.67445408e+07 +6.67462582e+07  1.72e+03   3.76e-01     8.20e-05   1816.934s
 394000 +6.67445503e+07 +6.67462582e+07  1.71e+03   3.71e-01     8.48e-05   1821.362s
 395000 +6.67445606e+07 +6.67462582e+07  1.70e+03   3.69e-01     8.75e-05   1825.789s
 396000 +6.67445713e+07 +6.67462582e+07  1.69e+03   3.66e-01     9.01e-05   1830.217s
 397000 +6.67445825e+07 +6.67462582e+07  1.68e+03   3.63e-01     9.26e-05   1834.644s
 398000 +6.67445944e+07 +6.67462582e+07  1.66e+03   3.62e-01     9.45e-05   1839.071s
 399000 +6.67446072e+07 +6.67462582e+07  1.65e+03   3.59e-01     9.68e-05   1843.499s
 400000 +6.67446213e+07 +6.67462582e+07  1.64e+03   3.58e-01     9.92e-05   1847.927s
 401000 +6.67446363e+07 +6.67462582e+07  1.62e+03   3.57e-01     1.01e-04   1852.355s
 402000 +6.67446524e+07 +6.67462582e+07  1.61e+03   3.55e-01     1.03e-04   1856.782s
 403000 +6.67446689e+07 +6.67462582e+07  1.59e+03   3.62e-01     1.03e-04   1861.210s
 404000 +6.67446839e+07 +6.67462582e+07  1.57e+03   3.61e-01     9.51e-05   1865.637s
 405000 +6.67446990e+07 +6.67462583e+07  1.56e+03   3.65e-01     9.53e-05   1870.065s
 406000 +6.67447147e+07 +6.67462583e+07  1.54e+03   3.59e-01     9.61e-05   1874.493s
 407000 +6.67447311e+07 +6.67462583e+07  1.53e+03   3.57e-01     9.66e-05   1878.921s
 408000 +6.67447485e+07 +6.67462583e+07  1.51e+03   3.56e-01     9.65e-05   1883.349s
 409000 +6.67447657e+07 +6.67462583e+07  1.49e+03   3.59e-01     9.49e-05   1887.778s
 410000 +6.67447824e+07 +6.67462583e+07  1.48e+03   3.60e-01     8.29e-05   1892.206s
 411000 +6.67447977e+07 +6.67462583e+07  1.46e+03   3.54e-01     8.30e-05   1896.635s
 412000 +6.67448141e+07 +6.67462583e+07  1.44e+03   3.53e-01     8.45e-05   1901.062s
 413000 +6.67448315e+07 +6.67462583e+07  1.43e+03   3.50e-01     8.35e-05   1905.490s
 414000 +6.67448490e+07 +6.67462583e+07  1.41e+03   3.50e-01     8.35e-05   1909.919s
 415000 +6.67448674e+07 +6.67462583e+07  1.39e+03   3.47e-01     8.42e-05   1914.347s
 416000 +6.67448870e+07 +6.67462583e+07  1.37e+03   3.49e-01     8.48e-05   1918.776s
 417000 +6.67449078e+07 +6.67462583e+07  1.35e+03   3.43e-01     8.54e-05   1923.203s
 418000 +6.67449297e+07 +6.67462583e+07  1.33e+03   3.45e-01     8.35e-05   1927.632s
 419000 +6.67449524e+07 +6.67462583e+07  1.31e+03   3.47e-01     8.41e-05   1932.060s
 420000 +6.67449758e+07 +6.67462583e+07  1.28e+03   3.47e-01     8.42e-05   1936.488s
 421000 +6.67449998e+07 +6.67462583e+07  1.26e+03   3.51e-01     8.42e-05   1940.916s
 422000 +6.67450159e+07 +6.67462582e+07  1.24e+03   3.33e-01     7.54e-05   1945.349s
 423000 +6.67450214e+07 +6.67462582e+07  1.24e+03   3.32e-01     7.81e-05   1949.777s
 424000 +6.67450276e+07 +6.67462582e+07  1.23e+03   3.31e-01     8.15e-05   1954.206s
 425000 +6.67450346e+07 +6.67462583e+07  1.22e+03   3.30e-01     8.56e-05   1958.634s
 426000 +6.67450423e+07 +6.67462583e+07  1.22e+03   3.29e-01     9.01e-05   1963.062s
 427000 +6.67450507e+07 +6.67462583e+07  1.21e+03   3.28e-01     9.47e-05   1967.491s
 428000 +6.67450598e+07 +6.67462583e+07  1.20e+03   3.27e-01     9.97e-05   1971.919s
 429000 +6.67450695e+07 +6.67462583e+07  1.19e+03   3.26e-01     1.05e-04   1976.348s
 430000 +6.67450799e+07 +6.67462583e+07  1.18e+03   3.27e-01     1.08e-04   1980.777s
 431000 +6.67450910e+07 +6.67462583e+07  1.17e+03   3.25e-01     1.14e-04   1985.205s
 432000 +6.67451030e+07 +6.67462583e+07  1.16e+03   3.24e-01     1.18e-04   1989.633s
 433000 +6.67451160e+07 +6.67462583e+07  1.14e+03   3.23e-01     1.23e-04   1994.062s
 434000 +6.67451295e+07 +6.67462583e+07  1.13e+03   3.23e-01     1.27e-04   1998.491s
 435000 +6.67451435e+07 +6.67462583e+07  1.11e+03   3.22e-01     1.32e-04   2002.919s
 436000 +6.67451579e+07 +6.67462583e+07  1.10e+03   3.21e-01     1.36e-04   2007.346s
 437000 +6.67451722e+07 +6.67462583e+07  1.09e+03   3.19e-01     1.41e-04   2011.774s
 438000 +6.67451873e+07 +6.67462583e+07  1.07e+03   3.18e-01     1.46e-04   2016.203s
 439000 +6.67452031e+07 +6.67462583e+07  1.06e+03   3.17e-01     1.50e-04   2020.631s
 440000 +6.67452193e+07 +6.67462583e+07  1.04e+03   3.16e-01     1.51e-04   2025.059s
 441000 +6.67452359e+07 +6.67462583e+07  1.02e+03   3.14e-01     1.48e-04   2029.487s
 442000 +6.67452507e+07 +6.67462583e+07  1.01e+03   3.19e-01     1.50e-04   2033.915s
 443000 +6.67452657e+07 +6.67462583e+07  9.93e+02   3.19e-01     1.51e-04   2038.343s
 444000 +6.67452808e+07 +6.67462583e+07  9.77e+02   3.18e-01     1.54e-04   2042.772s
 445000 +6.67452960e+07 +6.67462583e+07  9.62e+02   3.19e-01     1.54e-04   2047.201s
 446000 +6.67453109e+07 +6.67462583e+07  9.47e+02   3.17e-01     1.56e-04   2051.630s
 447000 +6.67453256e+07 +6.67462583e+07  9.33e+02   3.21e-01     1.46e-04   2056.060s
 448000 +6.67453395e+07 +6.67462583e+07  9.19e+02   3.16e-01     1.47e-04   2060.490s
 449000 +6.67453532e+07 +6.67462583e+07  9.05e+02   3.16e-01     1.48e-04   2064.920s
 450000 +6.67453665e+07 +6.67462583e+07  8.92e+02   3.15e-01     1.48e-04   2069.352s
 451000 +6.67453796e+07 +6.67462583e+07  8.79e+02   3.14e-01     1.49e-04   2073.783s
 452000 +6.67453925e+07 +6.67462583e+07  8.66e+02   3.13e-01     1.50e-04   2078.214s
 453000 +6.67454049e+07 +6.67462583e+07  8.53e+02   3.11e-01     1.49e-04   2082.646s
 454000 +6.67454163e+07 +6.67462583e+07  8.42e+02   3.14e-01     1.49e-04   2087.079s
 455000 +6.67454279e+07 +6.67462583e+07  8.30e+02   2.99e-01     1.51e-04   2091.510s
 456000 +6.67454399e+07 +6.67462583e+07  8.18e+02   2.98e-01     1.52e-04   2095.939s
 457000 +6.67454525e+07 +6.67462583e+07  8.06e+02   2.99e-01     1.53e-04   2100.366s
 458000 +6.67454658e+07 +6.67462583e+07  7.93e+02   2.94e-01     1.55e-04   2104.790s
 459000 +6.67454798e+07 +6.67462583e+07  7.79e+02   2.92e-01     1.58e-04   2109.215s
 460000 +6.67454945e+07 +6.67462583e+07  7.64e+02   2.91e-01     1.59e-04   2113.640s
 461000 +6.67455018e+07 +6.67462583e+07  7.56e+02   2.76e-01     1.66e-04   2118.068s
 462000 +6.67455098e+07 +6.67462583e+07  7.48e+02   2.75e-01     1.75e-04   2122.491s
 463000 +6.67455184e+07 +6.67462583e+07  7.40e+02   2.75e-01     1.68e-04   2126.914s
 464000 +6.67455277e+07 +6.67462583e+07  7.31e+02   2.73e-01     1.74e-04   2131.336s
 465000 +6.67455377e+07 +6.67462583e+07  7.21e+02   2.72e-01     1.80e-04   2135.759s
 466000 +6.67455484e+07 +6.67462583e+07  7.10e+02   2.72e-01     1.86e-04   2140.180s
 467000 +6.67455598e+07 +6.67462583e+07  6.98e+02   2.71e-01     1.92e-04   2144.600s
 468000 +6.67455718e+07 +6.67462583e+07  6.86e+02   2.70e-01     1.97e-04   2149.020s
 469000 +6.67455844e+07 +6.67462583e+07  6.74e+02   2.70e-01     2.03e-04   2153.439s
 470000 +6.67455977e+07 +6.67462583e+07  6.61e+02   2.69e-01     2.09e-04   2157.859s
 471000 +6.67456117e+07 +6.67462583e+07  6.47e+02   2.68e-01     2.15e-04   2162.277s
 472000 +6.67456254e+07 +6.67462583e+07  6.33e+02   2.68e-01     2.18e-04   2166.697s
 473000 +6.67456396e+07 +6.67462583e+07  6.19e+02   2.68e-01     2.24e-04   2171.116s
 474000 +6.67456543e+07 +6.67462583e+07  6.04e+02   2.67e-01     2.25e-04   2175.534s
 475000 +6.67456695e+07 +6.67462583e+07  5.89e+02   2.66e-01     2.31e-04   2179.953s
 476000 +6.67456852e+07 +6.67462582e+07  5.73e+02   2.65e-01     2.36e-04   2184.372s
 477000 +6.67457012e+07 +6.67462582e+07  5.57e+02   2.64e-01     2.41e-04   2188.790s
 478000 +6.67457175e+07 +6.67462582e+07  5.41e+02   2.63e-01     2.45e-04   2193.209s
 479000 +6.67457340e+07 +6.67462582e+07  5.24e+02   2.62e-01     2.49e-04   2197.629s
 480000 +6.67457505e+07 +6.67462582e+07  5.08e+02   2.63e-01     2.47e-04   2202.050s
 481000 +6.67457666e+07 +6.67462582e+07  4.92e+02   2.62e-01     2.51e-04   2206.471s
 482000 +6.67457828e+07 +6.67462582e+07  4.75e+02   2.61e-01     2.54e-04   2210.893s
 483000 +6.67457991e+07 +6.67462582e+07  4.59e+02   2.60e-01     2.57e-04   2215.316s
 484000 +6.67458153e+07 +6.67462582e+07  4.43e+02   2.60e-01     2.61e-04   2219.739s
 485000 +6.67458316e+07 +6.67462582e+07  4.27e+02   2.58e-01     2.63e-04   2224.163s
 486000 +6.67458477e+07 +6.67462582e+07  4.11e+02   2.58e-01     2.66e-04   2228.586s
 487000 +6.67458637e+07 +6.67462582e+07  3.95e+02   2.56e-01     2.69e-04   2233.011s
 488000 +6.67458798e+07 +6.67462582e+07  3.78e+02   2.56e-01     2.71e-04   2237.435s
 489000 +6.67458959e+07 +6.67462582e+07  3.62e+02   2.55e-01     2.72e-04   2241.859s
 490000 +6.67459119e+07 +6.67462582e+07  3.46e+02   2.54e-01     2.74e-04   2246.285s
 491000 +6.67459278e+07 +6.67462582e+07  3.30e+02   2.54e-01     2.71e-04   2250.710s
 492000 +6.67459426e+07 +6.67462582e+07  3.16e+02   2.56e-01     2.58e-04   2255.136s
 493000 +6.67459565e+07 +6.67462582e+07  3.02e+02   2.53e-01     2.59e-04   2259.561s
 494000 +6.67459705e+07 +6.67462582e+07  2.88e+02   2.52e-01     2.59e-04   2263.986s
 495000 +6.67459846e+07 +6.67462582e+07  2.74e+02   2.51e-01     2.58e-04   2268.411s
 496000 +6.67459988e+07 +6.67462582e+07  2.59e+02   2.50e-01     2.58e-04   2272.837s
 497000 +6.67460132e+07 +6.67462582e+07  2.45e+02   2.50e-01     2.58e-04   2277.262s
 498000 +6.67460275e+07 +6.67462582e+07  2.31e+02   2.53e-01     2.57e-04   2281.688s
 499000 +6.67460418e+07 +6.67462582e+07  2.16e+02   2.45e-01     2.52e-04   2286.119s
 500000 +6.67460564e+07 +6.67462582e+07  2.02e+02   2.45e-01     2.53e-04   2290.545s
 501000 +6.67460711e+07 +6.67462582e+07  1.87e+02   2.44e-01     2.54e-04   2294.972s
 502000 +6.67460860e+07 +6.67462582e+07  1.72e+02   2.44e-01     2.54e-04   2299.398s
 503000 +6.67461008e+07 +6.67462582e+07  1.57e+02   2.46e-01     2.54e-04   2303.824s
 504000 +6.67461149e+07 +6.67462582e+07  1.43e+02   2.45e-01     2.53e-04   2308.249s
 505000 +6.67461288e+07 +6.67462582e+07  1.29e+02   2.49e-01     2.50e-04   2312.675s
 506000 +6.67461424e+07 +6.67462582e+07  1.16e+02   2.45e-01     2.49e-04   2317.101s
 507000 +6.67461556e+07 +6.67462582e+07  1.03e+02   2.47e-01     2.46e-04   2321.527s
 508000 +6.67461688e+07 +6.67462582e+07  8.95e+01   2.45e-01     2.40e-04   2325.953s
 509000 +6.67461819e+07 +6.67462582e+07  7.64e+01   2.43e-01     2.39e-04   2330.379s
 510000 +6.67461950e+07 +6.67462582e+07  6.32e+01   2.44e-01     2.36e-04   2334.806s
 511000 +6.67462080e+07 +6.67462582e+07  5.02e+01   2.43e-01     2.35e-04   2339.232s
 512000 +6.67462209e+07 +6.67462582e+07  3.73e+01   2.43e-01     2.34e-04   2343.658s
 513000 +6.67462337e+07 +6.67462582e+07  2.45e+01   2.43e-01     2.33e-04   2348.083s
 514000 +6.67462463e+07 +6.67462582e+07  1.19e+01   2.41e-01     2.32e-04   2352.510s
 515000 +6.67462588e+07 +6.67462582e+07  5.93e-01   2.41e-01     2.30e-04   2356.936s
 516000 +6.67462710e+07 +6.67462582e+07  1.28e+01   2.41e-01     2.30e-04   2361.362s
 517000 +6.67462829e+07 +6.67462582e+07  2.47e+01   2.41e-01     2.29e-04   2365.789s
 518000 +6.67462945e+07 +6.67462582e+07  3.63e+01   2.42e-01     2.21e-04   2370.215s
 519000 +6.67463051e+07 +6.67462582e+07  4.69e+01   2.42e-01     2.21e-04   2374.641s
 520000 +6.67463155e+07 +6.67462582e+07  5.73e+01   2.39e-01     2.19e-04   2379.069s
 521000 +6.67463255e+07 +6.67462582e+07  6.73e+01   2.39e-01     2.18e-04   2383.495s
 522000 +6.67463354e+07 +6.67462582e+07  7.72e+01   2.39e-01     2.16e-04   2387.922s
 523000 +6.67463450e+07 +6.67462582e+07  8.67e+01   2.38e-01     2.14e-04   2392.347s
 524000 +6.67463543e+07 +6.67462582e+07  9.61e+01   2.36e-01     2.11e-04   2396.773s
 525000 +6.67463635e+07 +6.67462582e+07  1.05e+02   2.39e-01     2.09e-04   2401.200s
 526000 +6.67463723e+07 +6.67462582e+07  1.14e+02   2.37e-01     2.06e-04   2405.627s
 527000 +6.67463809e+07 +6.67462582e+07  1.23e+02   2.36e-01     2.03e-04   2410.054s
 528000 +6.67463892e+07 +6.67462582e+07  1.31e+02   2.35e-01     2.00e-04   2414.480s
 529000 +6.67464018e+07 +6.67462583e+07  1.44e+02   2.34e-01     1.91e-04   2418.911s
 530000 +6.67464165e+07 +6.67462583e+07  1.58e+02   2.32e-01     1.90e-04   2423.338s
 531000 +6.67464309e+07 +6.67462583e+07  1.73e+02   2.34e-01     1.88e-04   2427.765s
 532000 +6.67464451e+07 +6.67462583e+07  1.87e+02   2.33e-01     1.86e-04   2432.192s
 533000 +6.67464589e+07 +6.67462583e+07  2.01e+02   2.33e-01     1.83e-04   2436.617s
 534000 +6.67464726e+07 +6.67462583e+07  2.14e+02   2.35e-01     1.81e-04   2441.044s
 535000 +6.67464851e+07 +6.67462583e+07  2.27e+02   2.43e-01     1.69e-04   2445.471s
 536000 +6.67464953e+07 +6.67462583e+07  2.37e+02   2.37e-01     1.66e-04   2449.897s
 537000 +6.67465051e+07 +6.67462583e+07  2.47e+02   2.37e-01     1.63e-04   2454.323s
 538000 +6.67465145e+07 +6.67462583e+07  2.56e+02   2.36e-01     1.59e-04   2458.751s
 539000 +6.67465236e+07 +6.67462583e+07  2.65e+02   2.37e-01     1.56e-04   2463.177s
 540000 +6.67465319e+07 +6.67462583e+07  2.74e+02   2.40e-01     1.52e-04   2467.603s
 541000 +6.67465393e+07 +6.67462583e+07  2.81e+02   2.42e-01     1.49e-04   2472.028s
 542000 +6.67465465e+07 +6.67462583e+07  2.88e+02   2.40e-01     1.45e-04   2476.454s
 543000 +6.67465534e+07 +6.67462583e+07  2.95e+02   2.40e-01     1.42e-04   2480.881s
 544000 +6.67465603e+07 +6.67462583e+07  3.02e+02   2.38e-01     1.38e-04   2485.307s
 545000 +6.67465681e+07 +6.67462584e+07  3.10e+02   2.30e-01     1.32e-04   2489.738s
 546000 +6.67465809e+07 +6.67462584e+07  3.23e+02   2.30e-01     1.29e-04   2494.165s
 547000 +6.67465936e+07 +6.67462584e+07  3.35e+02   2.31e-01     1.27e-04   2498.593s
 548000 +6.67466053e+07 +6.67462584e+07  3.47e+02   2.34e-01     1.23e-04   2503.019s
 549000 +6.67466163e+07 +6.67462584e+07  3.58e+02   2.36e-01     1.21e-04   2507.445s
 550000 +6.67466269e+07 +6.67462584e+07  3.69e+02   2.38e-01     1.18e-04   2511.873s
 551000 +6.67466374e+07 +6.67462584e+07  3.79e+02   2.41e-01     1.16e-04   2516.300s
 552000 +6.67466478e+07 +6.67462584e+07  3.89e+02   2.42e-01     1.13e-04   2520.727s
 553000 +6.67466577e+07 +6.67462584e+07  3.99e+02   2.46e-01     1.08e-04   2525.153s
 554000 +6.67466673e+07 +6.67462584e+07  4.09e+02   2.46e-01     1.06e-04   2529.579s
 555000 +6.67466762e+07 +6.67462584e+07  4.18e+02   2.53e-01     1.02e-04   2534.006s
 556000 +6.67466846e+07 +6.67462584e+07  4.26e+02   2.49e-01     1.00e-04   2538.432s
 557000 +6.67466927e+07 +6.67462584e+07  4.34e+02   2.47e-01     9.82e-05   2542.859s
 558000 +6.67467003e+07 +6.67462584e+07  4.42e+02   2.47e-01     9.61e-05   2547.285s
 559000 +6.67467076e+07 +6.67462584e+07  4.49e+02   2.46e-01     9.43e-05   2551.711s
 560000 +6.67467149e+07 +6.67462584e+07  4.57e+02   2.46e-01     9.27e-05   2556.139s
 561000 +6.67467216e+07 +6.67462584e+07  4.63e+02   2.46e-01     9.10e-05   2560.564s
 562000 +6.67467276e+07 +6.67462584e+07  4.69e+02   2.45e-01     8.96e-05   2564.991s
 563000 +6.67467331e+07 +6.67462584e+07  4.75e+02   2.45e-01     8.71e-05   2569.417s
 564000 +6.67467383e+07 +6.67462584e+07  4.80e+02   2.42e-01     8.56e-05   2573.843s
 565000 +6.67467430e+07 +6.67462584e+07  4.85e+02   2.43e-01     8.40e-05   2578.269s
 566000 +6.67467472e+07 +6.67462584e+07  4.89e+02   2.43e-01     8.20e-05   2582.694s
 567000 +6.67467510e+07 +6.67462584e+07  4.93e+02   2.64e-01     7.89e-05   2587.122s
 568000 +6.67467584e+07 +6.67462584e+07  5.00e+02   2.41e-01     7.42e-05   2591.553s
 569000 +6.67467657e+07 +6.67462584e+07  5.07e+02   2.41e-01     7.32e-05   2595.980s
 570000 +6.67467727e+07 +6.67462584e+07  5.14e+02   2.42e-01     7.21e-05   2600.407s
 571000 +6.67467793e+07 +6.67462584e+07  5.21e+02   2.43e-01     7.11e-05   2604.835s
 572000 +6.67467856e+07 +6.67462584e+07  5.27e+02   2.43e-01     7.00e-05   2609.262s
 573000 +6.67467912e+07 +6.67462584e+07  5.33e+02   2.46e-01     6.84e-05   2613.688s
 574000 +6.67467960e+07 +6.67462584e+07  5.38e+02   2.45e-01     6.73e-05   2618.116s
 575000 +6.67468005e+07 +6.67462584e+07  5.42e+02   2.49e-01     6.46e-05   2622.543s
 576000 +6.67468046e+07 +6.67462584e+07  5.46e+02   2.47e-01     6.06e-05   2626.969s
 577000 +6.67468084e+07 +6.67462584e+07  5.50e+02   2.46e-01     5.92e-05   2631.395s
 578000 +6.67468120e+07 +6.67462584e+07  5.54e+02   2.45e-01     5.81e-05   2635.821s
 579000 +6.67468154e+07 +6.67462584e+07  5.57e+02   2.46e-01     5.70e-05   2640.249s
 580000 +6.67468185e+07 +6.67462584e+07  5.60e+02   2.46e-01     5.60e-05   2644.675s
 581000 +6.67468215e+07 +6.67462584e+07  5.63e+02   2.45e-01     5.51e-05   2649.102s
 582000 +6.67468244e+07 +6.67462584e+07  5.66e+02   2.43e-01     5.43e-05   2653.529s
 583000 +6.67468269e+07 +6.67462584e+07  5.69e+02   2.44e-01     5.25e-05   2657.956s
 584000 +6.67468292e+07 +6.67462584e+07  5.71e+02   2.42e-01     5.17e-05   2662.382s
 585000 +6.67468311e+07 +6.67462584e+07  5.73e+02   2.42e-01     5.08e-05   2666.808s
 586000 +6.67468328e+07 +6.67462584e+07  5.74e+02   2.40e-01     4.98e-05   2671.234s
 587000 +6.67468341e+07 +6.67462584e+07  5.76e+02   2.39e-01     4.91e-05   2675.660s
 588000 +6.67468350e+07 +6.67462584e+07  5.77e+02   2.39e-01     4.84e-05   2680.086s
 589000 +6.67468356e+07 +6.67462584e+07  5.77e+02   2.37e-01     4.79e-05   2684.512s
 590000 +6.67468359e+07 +6.67462584e+07  5.77e+02   2.39e-01     4.70e-05   2688.939s
 591000 +6.67468358e+07 +6.67462584e+07  5.77e+02   2.36e-01     4.62e-05   2693.365s
 592000 +6.67468357e+07 +6.67462584e+07  5.77e+02   2.36e-01     4.58e-05   2697.791s
 593000 +6.67468356e+07 +6.67462584e+07  5.77e+02   2.35e-01     4.53e-05   2702.217s
 594000 +6.67468353e+07 +6.67462584e+07  5.77e+02   2.35e-01     4.48e-05   2706.643s
 595000 +6.67468347e+07 +6.67462584e+07  5.76e+02   2.34e-01     4.44e-05   2711.069s
 596000 +6.67468339e+07 +6.67462584e+07  5.76e+02   2.34e-01     4.39e-05   2715.494s
 597000 +6.67468329e+07 +6.67462584e+07  5.74e+02   2.34e-01     4.37e-05   2719.919s
 598000 +6.67468319e+07 +6.67462584e+07  5.74e+02   2.36e-01     4.32e-05   2724.346s
 599000 +6.67468328e+07 +6.67462584e+07  5.74e+02   2.33e-01     4.28e-05   2728.777s
 600000 +6.67468338e+07 +6.67462584e+07  5.75e+02   2.34e-01     4.29e-05   2733.203s
 601000 +6.67468346e+07 +6.67462584e+07  5.76e+02   2.34e-01     4.31e-05   2737.630s
 602000 +6.67468349e+07 +6.67462584e+07  5.77e+02   2.34e-01     4.16e-05   2742.056s
 603000 +6.67468348e+07 +6.67462584e+07  5.76e+02   2.34e-01     4.14e-05   2746.482s
 604000 +6.67468345e+07 +6.67462584e+07  5.76e+02   2.34e-01     4.15e-05   2750.908s
 605000 +6.67468340e+07 +6.67462584e+07  5.76e+02   2.34e-01     4.16e-05   2755.334s
 606000 +6.67468332e+07 +6.67462584e+07  5.75e+02   2.33e-01     4.18e-05   2759.760s
 607000 +6.67468322e+07 +6.67462584e+07  5.74e+02   2.33e-01     4.14e-05   2764.187s
 608000 +6.67468309e+07 +6.67462584e+07  5.73e+02   2.33e-01     4.13e-05   2768.613s
 609000 +6.67468293e+07 +6.67462584e+07  5.71e+02   2.33e-01     4.11e-05   2773.039s
 610000 +6.67468276e+07 +6.67462584e+07  5.69e+02   2.33e-01     4.09e-05   2777.465s
 611000 +6.67468257e+07 +6.67462584e+07  5.67e+02   2.33e-01     4.05e-05   2781.890s
 612000 +6.67468238e+07 +6.67462584e+07  5.65e+02   2.32e-01     4.02e-05   2786.316s
 613000 +6.67468216e+07 +6.67462584e+07  5.63e+02   2.32e-01     3.99e-05   2790.743s
 614000 +6.67468192e+07 +6.67462584e+07  5.61e+02   2.32e-01     3.97e-05   2795.170s
 615000 +6.67468168e+07 +6.67462584e+07  5.58e+02   2.32e-01     3.94e-05   2799.596s
 616000 +6.67468145e+07 +6.67462584e+07  5.56e+02   2.39e-01     3.75e-05   2804.024s
 617000 +6.67468122e+07 +6.67462584e+07  5.54e+02   2.33e-01     3.71e-05   2808.450s
 618000 +6.67468097e+07 +6.67462584e+07  5.51e+02   2.31e-01     3.66e-05   2812.876s
 619000 +6.67468069e+07 +6.67462584e+07  5.49e+02   2.30e-01     3.65e-05   2817.302s
 620000 +6.67468038e+07 +6.67462584e+07  5.45e+02   2.30e-01     3.63e-05   2821.730s
 621000 +6.67468005e+07 +6.67462584e+07  5.42e+02   2.30e-01     3.61e-05   2826.157s
 622000 +6.67467970e+07 +6.67462584e+07  5.39e+02   2.29e-01     3.59e-05   2830.582s
 623000 +6.67467933e+07 +6.67462584e+07  5.35e+02   2.29e-01     3.60e-05   2835.010s
 624000 +6.67467898e+07 +6.67462584e+07  5.31e+02   2.30e-01     3.51e-05   2839.436s
 625000 +6.67467866e+07 +6.67462584e+07  5.28e+02   2.30e-01     3.47e-05   2843.863s
 626000 +6.67467835e+07 +6.67462584e+07  5.25e+02   2.29e-01     3.39e-05   2848.289s
 627000 +6.67467807e+07 +6.67462584e+07  5.22e+02   2.30e-01     3.32e-05   2852.717s
 628000 +6.67467782e+07 +6.67462584e+07  5.20e+02   2.29e-01     3.32e-05   2857.143s
 629000 +6.67467757e+07 +6.67462584e+07  5.17e+02   2.29e-01     3.27e-05   2861.570s
 630000 +6.67467733e+07 +6.67462584e+07  5.15e+02   2.29e-01     3.25e-05   2865.996s
 631000 +6.67467710e+07 +6.67462584e+07  5.13e+02   2.29e-01     3.24e-05   2870.423s
 632000 +6.67467686e+07 +6.67462584e+07  5.10e+02   2.29e-01     3.21e-05   2874.850s
 633000 +6.67467662e+07 +6.67462584e+07  5.08e+02   2.28e-01     3.20e-05   2879.277s
 634000 +6.67467639e+07 +6.67462584e+07  5.06e+02   2.28e-01     3.10e-05   2883.703s
 635000 +6.67467615e+07 +6.67462584e+07  5.03e+02   2.28e-01     3.10e-05   2888.130s
 636000 +6.67467590e+07 +6.67462584e+07  5.01e+02   2.28e-01     3.10e-05   2892.557s
 637000 +6.67467565e+07 +6.67462584e+07  4.98e+02   2.28e-01     3.13e-05   2896.984s
 638000 +6.67467539e+07 +6.67462584e+07  4.96e+02   2.27e-01     3.14e-05   2901.411s
 639000 +6.67467513e+07 +6.67462584e+07  4.93e+02   2.27e-01     3.16e-05   2905.837s
 640000 +6.67467485e+07 +6.67462584e+07  4.90e+02   2.27e-01     3.19e-05   2910.264s
 641000 +6.67467456e+07 +6.67462584e+07  4.87e+02   2.27e-01     3.21e-05   2914.690s
 642000 +6.67467426e+07 +6.67462584e+07  4.84e+02   2.27e-01     3.25e-05   2919.117s
 643000 +6.67467395e+07 +6.67462584e+07  4.81e+02   2.27e-01     3.30e-05   2923.543s
 644000 +6.67467362e+07 +6.67462584e+07  4.78e+02   2.27e-01     3.34e-05   2927.970s
 645000 +6.67467328e+07 +6.67462584e+07  4.74e+02   2.27e-01     3.38e-05   2932.396s
 646000 +6.67467293e+07 +6.67462584e+07  4.71e+02   2.26e-01     3.43e-05   2936.822s
 647000 +6.67467257e+07 +6.67462584e+07  4.67e+02   2.27e-01     3.45e-05   2941.249s
 648000 +6.67467219e+07 +6.67462584e+07  4.64e+02   2.26e-01     3.50e-05   2945.676s
 649000 +6.67467183e+07 +6.67462584e+07  4.60e+02   2.26e-01     3.50e-05   2950.101s
 650000 +6.67467148e+07 +6.67462584e+07  4.56e+02   2.26e-01     3.52e-05   2954.528s
 651000 +6.67467111e+07 +6.67462584e+07  4.53e+02   2.26e-01     3.45e-05   2958.954s
 652000 +6.67467074e+07 +6.67462584e+07  4.49e+02   2.27e-01     3.49e-05   2963.379s
 653000 +6.67467038e+07 +6.67462584e+07  4.45e+02   2.26e-01     3.53e-05   2967.806s
 654000 +6.67467001e+07 +6.67462584e+07  4.42e+02   2.26e-01     3.57e-05   2972.232s
 655000 +6.67466962e+07 +6.67462584e+07  4.38e+02   2.27e-01     3.56e-05   2976.657s
 656000 +6.67466924e+07 +6.67462584e+07  4.34e+02   2.26e-01     3.58e-05   2981.084s
 657000 +6.67466885e+07 +6.67462584e+07  4.30e+02   2.26e-01     3.61e-05   2985.511s
 658000 +6.67466846e+07 +6.67462584e+07  4.26e+02   2.26e-01     3.63e-05   2989.936s
 659000 +6.67466809e+07 +6.67462584e+07  4.23e+02   2.26e-01     3.55e-05   2994.362s
 660000 +6.67466775e+07 +6.67462584e+07  4.19e+02   2.28e-01     3.43e-05   2998.788s
 661000 +6.67466754e+07 +6.67462583e+07  4.17e+02   2.24e-01     3.55e-05   3003.218s
 662000 +6.67466743e+07 +6.67462583e+07  4.16e+02   2.24e-01     3.69e-05   3007.645s
 663000 +6.67466730e+07 +6.67462583e+07  4.15e+02   2.24e-01     3.86e-05   3012.072s
 664000 +6.67466717e+07 +6.67462583e+07  4.13e+02   2.24e-01     4.06e-05   3016.498s
 665000 +6.67466702e+07 +6.67462583e+07  4.12e+02   2.24e-01     3.91e-05   3020.923s
 666000 +6.67466686e+07 +6.67462583e+07  4.10e+02   2.23e-01     4.09e-05   3025.350s
 667000 +6.67466669e+07 +6.67462583e+07  4.09e+02   2.23e-01     4.25e-05   3029.776s
 668000 +6.67466650e+07 +6.67462583e+07  4.07e+02   2.23e-01     4.40e-05   3034.203s
 669000 +6.67466631e+07 +6.67462583e+07  4.05e+02   2.22e-01     4.52e-05   3038.629s
 670000 +6.67466610e+07 +6.67462583e+07  4.03e+02   2.21e-01     4.67e-05   3043.056s
 671000 +6.67466589e+07 +6.67462583e+07  4.01e+02   2.21e-01     4.82e-05   3047.482s
 672000 +6.67466567e+07 +6.67462583e+07  3.98e+02   2.21e-01     4.98e-05   3051.909s
 673000 +6.67466545e+07 +6.67462583e+07  3.96e+02   2.21e-01     5.11e-05   3056.336s
 674000 +6.67466523e+07 +6.67462583e+07  3.94e+02   2.21e-01     5.26e-05   3060.762s
 675000 +6.67466500e+07 +6.67462583e+07  3.92e+02   2.21e-01     5.41e-05   3065.187s
 676000 +6.67466478e+07 +6.67462583e+07  3.90e+02   2.21e-01     5.54e-05   3069.613s
 677000 +6.67466456e+07 +6.67462583e+07  3.87e+02   2.21e-01     5.65e-05   3074.039s
 678000 +6.67466434e+07 +6.67462583e+07  3.85e+02   2.21e-01     5.75e-05   3078.466s
 679000 +6.67466412e+07 +6.67462583e+07  3.83e+02   2.22e-01     5.76e-05   3082.891s
 680000 +6.67466389e+07 +6.67462583e+07  3.81e+02   2.21e-01     5.81e-05   3087.317s
 681000 +6.67466366e+07 +6.67462583e+07  3.78e+02   2.21e-01     5.91e-05   3091.744s
 682000 +6.67466342e+07 +6.67462583e+07  3.76e+02   2.20e-01     5.93e-05   3096.169s
 683000 +6.67466317e+07 +6.67462583e+07  3.73e+02   2.21e-01     5.98e-05   3100.595s
 684000 +6.67466293e+07 +6.67462583e+07  3.71e+02   2.10e-01     6.03e-05   3105.021s
 685000 +6.67466263e+07 +6.67462583e+07  3.68e+02   2.19e-01     6.10e-05   3109.447s
 686000 +6.67466236e+07 +6.67462583e+07  3.65e+02   2.09e-01     6.19e-05   3113.872s
 687000 +6.67466202e+07 +6.67462583e+07  3.62e+02   2.13e-01     6.27e-05   3118.298s
 688000 +6.67466169e+07 +6.67462583e+07  3.59e+02   2.10e-01     6.37e-05   3122.723s
 689000 +6.67466135e+07 +6.67462583e+07  3.55e+02   2.08e-01     6.44e-05   3127.150s
 690000 +6.67466101e+07 +6.67462583e+07  3.52e+02   2.14e-01     6.53e-05   3131.576s
 691000 +6.67466067e+07 +6.67462583e+07  3.48e+02   2.08e-01     6.62e-05   3136.002s
 692000 +6.67466029e+07 +6.67462583e+07  3.45e+02   2.12e-01     6.73e-05   3140.429s
 693000 +6.67465992e+07 +6.67462583e+07  3.41e+02   2.08e-01     6.83e-05   3144.855s
 694000 +6.67465953e+07 +6.67462583e+07  3.37e+02   2.08e-01     6.92e-05   3149.281s
 695000 +6.67465912e+07 +6.67462583e+07  3.33e+02   2.10e-01     7.01e-05   3153.707s
 696000 +6.67465871e+07 +6.67462583e+07  3.29e+02   2.07e-01     7.08e-05   3158.132s
 697000 +6.67465827e+07 +6.67462583e+07  3.24e+02   2.11e-01     7.18e-05   3162.556s
 698000 +6.67465784e+07 +6.67462583e+07  3.20e+02   2.07e-01     7.26e-05   3166.982s
 699000 +6.67465737e+07 +6.67462583e+07  3.15e+02   2.08e-01     7.34e-05   3171.407s
 700000 +6.67465689e+07 +6.67462583e+07  3.11e+02   2.08e-01     7.42e-05   3175.832s
 701000 +6.67465641e+07 +6.67462583e+07  3.06e+02   2.06e-01     7.49e-05   3180.258s
 702000 +6.67465591e+07 +6.67462583e+07  3.01e+02   2.09e-01     7.57e-05   3184.683s
 703000 +6.67465542e+07 +6.67462583e+07  2.96e+02   2.06e-01     7.62e-05   3189.109s
 704000 +6.67465494e+07 +6.67462583e+07  2.91e+02   2.08e-01     7.69e-05   3193.536s
 705000 +6.67465447e+07 +6.67462583e+07  2.86e+02   2.06e-01     7.77e-05   3197.962s
 706000 +6.67465398e+07 +6.67462583e+07  2.82e+02   2.06e-01     7.84e-05   3202.388s
 707000 +6.67465349e+07 +6.67462583e+07  2.77e+02   2.08e-01     7.91e-05   3206.813s
 708000 +6.67465301e+07 +6.67462583e+07  2.72e+02   2.06e-01     7.98e-05   3211.239s
 709000 +6.67465250e+07 +6.67462583e+07  2.67e+02   2.08e-01     8.06e-05   3215.665s
 710000 +6.67465201e+07 +6.67462583e+07  2.62e+02   2.06e-01     8.14e-05   3220.091s
 711000 +6.67465152e+07 +6.67462583e+07  2.57e+02   2.06e-01     8.22e-05   3224.517s
 712000 +6.67465102e+07 +6.67462583e+07  2.52e+02   2.07e-01     8.29e-05   3228.943s
 713000 +6.67465053e+07 +6.67462583e+07  2.47e+02   2.05e-01     8.36e-05   3233.369s
 714000 +6.67465003e+07 +6.67462583e+07  2.42e+02   2.07e-01     8.44e-05   3237.795s
 715000 +6.67464954e+07 +6.67462583e+07  2.37e+02   2.05e-01     8.51e-05   3242.223s
 716000 +6.67464904e+07 +6.67462583e+07  2.32e+02   2.06e-01     8.55e-05   3246.648s
 717000 +6.67464855e+07 +6.67462583e+07  2.27e+02   2.06e-01     8.60e-05   3251.074s
 718000 +6.67464806e+07 +6.67462583e+07  2.22e+02   2.06e-01     8.53e-05   3255.500s
 719000 +6.67464757e+07 +6.67462583e+07  2.17e+02   2.07e-01     8.59e-05   3259.926s
 720000 +6.67464709e+07 +6.67462583e+07  2.13e+02   2.05e-01     8.65e-05   3264.351s
 721000 +6.67464660e+07 +6.67462583e+07  2.08e+02   2.06e-01     8.68e-05   3268.777s
 722000 +6.67464612e+07 +6.67462583e+07  2.03e+02   2.05e-01     8.71e-05   3273.204s
 723000 +6.67464564e+07 +6.67462583e+07  1.98e+02   2.05e-01     8.73e-05   3277.629s
 724000 +6.67464515e+07 +6.67462583e+07  1.93e+02   2.06e-01     8.76e-05   3282.055s
 725000 +6.67464469e+07 +6.67462583e+07  1.89e+02   2.05e-01     8.67e-05   3286.479s
 726000 +6.67464423e+07 +6.67462583e+07  1.84e+02   2.07e-01     8.64e-05   3290.905s
 727000 +6.67464378e+07 +6.67462583e+07  1.79e+02   2.05e-01     8.63e-05   3295.331s
 728000 +6.67464342e+07 +6.67462583e+07  1.76e+02   2.04e-01     8.96e-05   3299.761s
 729000 +6.67464321e+07 +6.67462583e+07  1.74e+02   2.03e-01     9.10e-05   3304.187s
 730000 +6.67464300e+07 +6.67462583e+07  1.72e+02   2.03e-01     9.24e-05   3308.614s
 731000 +6.67464277e+07 +6.67462583e+07  1.69e+02   2.03e-01     9.35e-05   3313.040s
 732000 +6.67464254e+07 +6.67462583e+07  1.67e+02   2.03e-01     9.50e-05   3317.466s
 733000 +6.67464230e+07 +6.67462583e+07  1.65e+02   2.03e-01     9.62e-05   3321.892s
 734000 +6.67464206e+07 +6.67462583e+07  1.62e+02   2.02e-01     9.81e-05   3326.318s
 735000 +6.67464181e+07 +6.67462583e+07  1.60e+02   2.01e-01     9.93e-05   3330.743s
 736000 +6.67464156e+07 +6.67462583e+07  1.57e+02   2.01e-01     1.00e-04   3335.169s
 737000 +6.67464129e+07 +6.67462583e+07  1.55e+02   2.01e-01     1.02e-04   3339.595s
 738000 +6.67464102e+07 +6.67462583e+07  1.52e+02   2.01e-01     1.03e-04   3344.021s
 739000 +6.67464075e+07 +6.67462583e+07  1.49e+02   2.01e-01     1.05e-04   3348.447s
 740000 +6.67464047e+07 +6.67462583e+07  1.46e+02   2.01e-01     9.99e-05   3352.873s
 741000 +6.67464018e+07 +6.67462583e+07  1.44e+02   2.01e-01     1.01e-04   3357.298s
 742000 +6.67463989e+07 +6.67462583e+07  1.41e+02   2.00e-01     1.01e-04   3361.725s
 743000 +6.67463960e+07 +6.67462583e+07  1.38e+02   2.00e-01     1.02e-04   3366.151s
 744000 +6.67463930e+07 +6.67462583e+07  1.35e+02   2.00e-01     1.03e-04   3370.576s
 745000 +6.67463900e+07 +6.67462583e+07  1.32e+02   2.00e-01     1.03e-04   3375.003s
 746000 +6.67463870e+07 +6.67462583e+07  1.29e+02   2.00e-01     1.04e-04   3379.429s
 747000 +6.67463839e+07 +6.67462583e+07  1.26e+02   2.00e-01     1.04e-04   3383.854s
 748000 +6.67463808e+07 +6.67462583e+07  1.22e+02   2.00e-01     1.05e-04   3388.280s
 749000 +6.67463776e+07 +6.67462583e+07  1.19e+02   2.00e-01     1.05e-04   3392.706s
 750000 +6.67463744e+07 +6.67462583e+07  1.16e+02   2.00e-01     1.05e-04   3397.132s
 751000 +6.67463712e+07 +6.67462583e+07  1.13e+02   1.99e-01     1.06e-04   3401.558s
 752000 +6.67463679e+07 +6.67462583e+07  1.10e+02   1.99e-01     1.07e-04   3405.984s
 753000 +6.67463645e+07 +6.67462583e+07  1.06e+02   1.99e-01     1.07e-04   3410.410s
 754000 +6.67463611e+07 +6.67462583e+07  1.03e+02   1.99e-01     1.08e-04   3414.837s
 755000 +6.67463576e+07 +6.67462583e+07  9.93e+01   1.99e-01     1.09e-04   3419.263s
 756000 +6.67463540e+07 +6.67462583e+07  9.57e+01   1.99e-01     1.09e-04   3423.688s
 757000 +6.67463508e+07 +6.67462583e+07  9.25e+01   1.69e-01     1.12e-04   3428.114s
 758000 +6.67463470e+07 +6.67462583e+07  8.87e+01   1.78e-01     1.13e-04   3432.541s
 759000 +6.67463433e+07 +6.67462583e+07  8.50e+01   1.79e-01     1.13e-04   3436.967s
 760000 +6.67463398e+07 +6.67462583e+07  8.15e+01   1.70e-01     1.12e-04   3441.393s
 761000 +6.67463357e+07 +6.67462583e+07  7.74e+01   1.88e-01     1.11e-04   3445.819s
 762000 +6.67463323e+07 +6.67462583e+07  7.40e+01   1.68e-01     1.10e-04   3450.245s
 763000 +6.67463282e+07 +6.67462583e+07  6.99e+01   1.85e-01     1.11e-04   3454.672s
 764000 +6.67463247e+07 +6.67462583e+07  6.64e+01   1.69e-01     1.11e-04   3459.098s
 765000 +6.67463207e+07 +6.67462583e+07  6.24e+01   1.75e-01     1.12e-04   3463.524s
 766000 +6.67463170e+07 +6.67462583e+07  5.87e+01   1.74e-01     1.12e-04   3467.950s
 767000 +6.67463133e+07 +6.67462583e+07  5.50e+01   1.67e-01     1.11e-04   3472.378s
 768000 +6.67463093e+07 +6.67462583e+07  5.10e+01   1.81e-01     1.10e-04   3476.805s
 769000 +6.67463059e+07 +6.67462583e+07  4.76e+01   1.64e-01     1.10e-04   3481.232s
 770000 +6.67463019e+07 +6.67462583e+07  4.36e+01   1.73e-01     1.09e-04   3485.659s
 771000 +6.67462985e+07 +6.67462583e+07  4.02e+01   1.61e-01     1.08e-04   3490.086s
 772000 +6.67462948e+07 +6.67462583e+07  3.65e+01   1.66e-01     1.08e-04   3494.513s
 773000 +6.67462913e+07 +6.67462583e+07  3.30e+01   1.66e-01     1.07e-04   3498.939s
 774000 +6.67462880e+07 +6.67462583e+07  2.97e+01   1.63e-01     1.06e-04   3503.366s
 775000 +6.67462845e+07 +6.67462583e+07  2.62e+01   1.73e-01     1.04e-04   3507.794s
 776000 +6.67462815e+07 +6.67462583e+07  2.32e+01   1.63e-01     1.02e-04   3512.221s
 777000 +6.67462793e+07 +6.67462583e+07  2.11e+01   1.58e-01     1.04e-04   3516.653s
 778000 +6.67462771e+07 +6.67462583e+07  1.88e+01   1.58e-01     1.03e-04   3521.080s
 779000 +6.67462748e+07 +6.67462583e+07  1.66e+01   1.58e-01     1.03e-04   3525.507s
 780000 +6.67462726e+07 +6.67462583e+07  1.43e+01   1.58e-01     1.02e-04   3529.934s
 781000 +6.67462704e+07 +6.67462583e+07  1.21e+01   1.58e-01     1.02e-04   3534.362s
 782000 +6.67462682e+07 +6.67462583e+07  9.93e+00   1.58e-01     1.02e-04   3538.789s
 783000 +6.67462660e+07 +6.67462583e+07  7.74e+00   1.58e-01     1.01e-04   3543.215s
 784000 +6.67462638e+07 +6.67462583e+07  5.58e+00   1.58e-01     1.01e-04   3547.643s
 785000 +6.67462617e+07 +6.67462583e+07  3.45e+00   1.58e-01     1.01e-04   3552.069s
 786000 +6.67462596e+07 +6.67462583e+07  1.34e+00   1.58e-01     1.00e-04   3556.496s
 787000 +6.67462575e+07 +6.67462583e+07  7.49e-01   1.58e-01     9.96e-05   3560.924s
 788000 +6.67462555e+07 +6.67462583e+07  2.80e+00   1.58e-01     9.92e-05   3565.351s
 789000 +6.67462534e+07 +6.67462583e+07  4.83e+00   1.58e-01     9.88e-05   3569.778s
 790000 +6.67462514e+07 +6.67462583e+07  6.83e+00   1.58e-01     9.82e-05   3574.205s
 791000 +6.67462495e+07 +6.67462583e+07  8.80e+00   1.58e-01     9.78e-05   3578.633s
 792000 +6.67462475e+07 +6.67462583e+07  1.07e+01   1.55e-01     9.79e-05   3583.059s
 793000 +6.67462456e+07 +6.67462583e+07  1.27e+01   1.56e-01     9.74e-05   3587.486s
 794000 +6.67462437e+07 +6.67462583e+07  1.45e+01   1.56e-01     9.63e-05   3591.914s
 795000 +6.67462419e+07 +6.67462583e+07  1.63e+01   1.56e-01     9.59e-05   3596.340s
 796000 +6.67462401e+07 +6.67462583e+07  1.81e+01   1.55e-01     9.52e-05   3600.768s
PDLP finished
Status: Time Limit   Objective: 6.67462401e+07  Iterations: 796000  Time: 3600.864s

### exit_code=0
### finished=2026-07-24T16:12:58.958508
### gpu_peak_mb=65466.4
### gpu_peak2_mb=0.0
### per_gpu_peak_mb=[65466.375]
