### solver=cuopt-base
### instance=/home/scratch.cmaes_sw/hans_lps/neos3.mps
### n_gpus=1
### CUDA_VISIBLE_DEVICES=0
### started=2026-07-31T15:38:05.652075
### argv=/home/scratch.vmostovoi_gpu/mostovoi_cuopt/cpp/build/cuopt_cli --method 1 --mps-reader experimental-fast --time-limit 3600 --iteration-limit 1000000000 --relative-primal-tolerance 1e-4 --relative-dual-tolerance 1e-4 --relative-gap-tolerance 1e-4 --log-to-console true /home/scratch.cmaes_sw/hans_lps/neos3.mps
### --- solver output ---
Setting parameter iteration_limit to 1000000000
Setting parameter log_to_console to true
Setting parameter method to 1
Setting parameter relative_dual_tolerance to 1.000000e-04
Setting parameter relative_gap_tolerance to 1.000000e-04
Setting parameter relative_primal_tolerance to 1.000000e-04
Setting parameter time_limit to 3.600000e+03
Reading file neos3.mps
Using experimental fast MPS parser for '/home/scratch.cmaes_sw/hans_lps/neos3.mps'
Read file neos3.mps in 0.41 seconds
cuOpt version: 26.8.0, git hash: 7116ead1, host arch: x86_64, device archs: 100a-real
CPU: INTEL(R) XEON(R) PLATINUM 8570, threads (physical/logical): 112/224, RAM: 1719.83 GiB
CUDA 13.3, device: NVIDIA B200 (ID 0), VRAM: 178.34 GiB
CUDA device UUID: e0330c45-1b2b-b5db-9ae3-67a7efc4ba6e
Solving a problem with 512209 constraints, 6624 variables (0 integers), and 1542816 nonzeros
Problem scaling:
Objective coefficents range:          [1e+00, 1e+00]
Constraint matrix coefficients range: [1e+00, 1e+00]
Constraint rhs / bounds range:        [1e+07, 1e+07]
Variable bounds range:                [0e+00, 0e+00]

Using PSLP presolver
PSLP Presolved problem: 512209 constraints, 6624 variables, 1542816 non-zeros
PSLP presolve time: 0.18s
Objective offset 0.000000 scaling_factor 1.000000
   Iter    Primal Obj.      Dual Obj.    Gap        Primal Res.  Dual Res.   Time
      0 +0.00000000e+00 +0.00000000e+00  0.00e+00   1.00e+07     1.20e+01   0.237s
   1000 +2.77868972e+04 +2.77318121e+04  5.51e+01   7.78e+03     1.24e-03   0.311s
   1200 +2.77775287e+04 +2.77784925e+04  9.64e-01   2.21e+02     6.68e-06   0.319s
LP Solver status:                Optimal
Primal objective:                +2.77775287e+04
Dual objective:                  +2.77784925e+04
Duality gap (abs/rel):           +9.64e-01 / +1.73e-05
Primal infeasibility (abs/rel):  +2.21e+02 / +2.21e-05
Dual infeasibility (abs/rel):    +6.68e-06 / +5.14e-07
PDLP finished
Status: Optimal   Objective: 2.77775287e+04  Iterations: 1200  Time: 0.320s

### exit_code=0
### finished=2026-07-31T15:38:07.080665
### gpu_peak_mb=1722.4
### gpu_peak2_mb=0.0
### per_gpu_peak_mb=[1722.375]
