### solver=cuopt-base
### instance=/home/scratch.cmaes_sw/hans_lps/neos-5052403-cygnet.mps
### n_gpus=1
### CUDA_VISIBLE_DEVICES=0
### started=2026-07-31T15:38:01.831183
### argv=/home/scratch.vmostovoi_gpu/mostovoi_cuopt/cpp/build/cuopt_cli --method 1 --mps-reader experimental-fast --time-limit 3600 --iteration-limit 1000000000 --relative-primal-tolerance 1e-4 --relative-dual-tolerance 1e-4 --relative-gap-tolerance 1e-4 --log-to-console true /home/scratch.cmaes_sw/hans_lps/neos-5052403-cygnet.mps
### --- solver output ---
Setting parameter iteration_limit to 1000000000
Setting parameter log_to_console to true
Setting parameter method to 1
Setting parameter relative_dual_tolerance to 1.000000e-04
Setting parameter relative_gap_tolerance to 1.000000e-04
Setting parameter relative_primal_tolerance to 1.000000e-04
Setting parameter time_limit to 3.600000e+03
Reading file neos-5052403-cygnet.mps
Using experimental fast MPS parser for '/home/scratch.cmaes_sw/hans_lps/neos-5052403-cygnet.mps'
Read file neos-5052403-cygnet.mps in 0.46 seconds
cuOpt version: 26.8.0, git hash: 7116ead1, host arch: x86_64, device archs: 100a-real
CPU: INTEL(R) XEON(R) PLATINUM 8570, threads (physical/logical): 112/224, RAM: 1720.01 GiB
CUDA 13.3, device: NVIDIA B200 (ID 0), VRAM: 178.34 GiB
CUDA device UUID: e0330c45-1b2b-b5db-9ae3-67a7efc4ba6e
Solving a problem with 38268 constraints, 32868 variables (0 integers), and 4898304 nonzeros
Problem scaling:
Objective coefficents range:          [1e+00, 1e+00]
Constraint matrix coefficients range: [1e+00, 1e+00]
Constraint rhs / bounds range:        [1e+00, 2e+00]
Variable bounds range:                [0e+00, 1e+00]

Using PSLP presolver
PSLP Presolved problem: 19134 constraints, 27593 variables, 2448853 non-zeros
PSLP presolve time: 0.35s
Objective offset 0.000000 scaling_factor 1.000000
   Iter    Primal Obj.      Dual Obj.    Gap        Primal Res.  Dual Res.   Time
      0 +0.00000000e+00 +0.00000000e+00  0.00e+00   1.38e+02     1.66e+02   0.417s
   1000 +1.79416841e+02 +1.80253405e+02  8.37e-01   2.01e-01     2.79e-01   0.483s
   2000 +1.79196785e+02 +1.79545656e+02  3.49e-01   1.54e-01     7.82e-02   0.517s
   3000 +1.79295441e+02 +1.79418137e+02  1.23e-01   9.03e-02     2.63e-02   0.550s
   4000 +1.79346183e+02 +1.79424927e+02  7.87e-02   6.09e-02     2.76e-02   0.585s
   5000 +1.79374870e+02 +1.79456155e+02  8.13e-02   4.96e-02     1.96e-02   0.617s
   6000 +1.79397722e+02 +1.79464904e+02  6.72e-02   4.21e-02     1.73e-02   0.651s
   7000 +1.79438631e+02 +1.79489574e+02  5.09e-02   2.69e-02     1.95e-02   0.684s
   7500 +1.79468168e+02 +1.79501338e+02  3.32e-02   1.45e-02     1.51e-02   0.700s
LP Solver status:                Optimal
Primal objective:                +1.79468168e+02
Dual objective:                  +1.79501338e+02
Duality gap (abs/rel):           +3.32e-02 / +9.21e-05
Primal infeasibility (abs/rel):  +1.45e-02 / +4.68e-05
Dual infeasibility (abs/rel):    +1.51e-02 / +9.01e-05
PDLP finished
Status: Optimal   Objective: 1.79468168e+02  Iterations: 7500  Time: 0.701s

### exit_code=0
### finished=2026-07-31T15:38:03.720104
### gpu_peak_mb=1754.4
### gpu_peak2_mb=0.0
### per_gpu_peak_mb=[1754.375]
