### solver=cuopt-base
### instance=/home/scratch.cmaes_sw/hans_lps/netlarge2.mps
### n_gpus=1
### CUDA_VISIBLE_DEVICES=0
### started=2026-07-31T15:38:14.235506
### argv=/home/scratch.vmostovoi_gpu/mostovoi_cuopt/cpp/build/cuopt_cli --method 1 --mps-reader experimental-fast --time-limit 3600 --iteration-limit 1000000000 --relative-primal-tolerance 1e-4 --relative-dual-tolerance 1e-4 --relative-gap-tolerance 1e-4 --log-to-console true /home/scratch.cmaes_sw/hans_lps/netlarge2.mps
### --- solver output ---
Setting parameter iteration_limit to 1000000000
Setting parameter log_to_console to true
Setting parameter method to 1
Setting parameter relative_dual_tolerance to 1.000000e-04
Setting parameter relative_gap_tolerance to 1.000000e-04
Setting parameter relative_primal_tolerance to 1.000000e-04
Setting parameter time_limit to 3.600000e+03
Reading file netlarge2.mps
Using experimental fast MPS parser for '/home/scratch.cmaes_sw/hans_lps/netlarge2.mps'
Read file netlarge2.mps in 0.60 seconds
cuOpt version: 26.8.0, git hash: 7116ead1, host arch: x86_64, device archs: 100a-real
CPU: INTEL(R) XEON(R) PLATINUM 8570, threads (physical/logical): 112/224, RAM: 1824.98 GiB
CUDA 13.3, device: NVIDIA B200 (ID 0), VRAM: 178.34 GiB
CUDA device UUID: 1e26c45a-4f9e-e75b-c128-d0e6ab6abfe5
Solving a problem with 40000 constraints, 1160000 variables (0 integers), and 2320000 nonzeros
Problem scaling:
Objective coefficents range:          [1e+00, 1e+04]
Constraint matrix coefficients range: [1e+00, 1e+00]
Constraint rhs / bounds range:        [1e+00, 4e+02]
Variable bounds range:                [0e+00, 4e+05]

Using PSLP presolver
PSLP Presolved problem: 39893 constraints, 1158027 variables, 2316054 non-zeros
PSLP presolve time: 0.48s
Objective offset 9908002.000000 scaling_factor 1.000000
   Iter    Primal Obj.      Dual Obj.    Gap        Primal Res.  Dual Res.   Time
      0 +9.90800200e+06 +9.90800200e+06  0.00e+00   8.46e+03     6.28e+06   1.098s
   1000 +5.74606029e+08 +5.74732761e+08  1.27e+05   2.03e+01     1.79e+02   1.203s
   2000 +5.74490499e+08 +5.74494564e+08  4.07e+03   3.49e+00     1.83e+01   1.261s
   3000 +5.74482612e+08 +5.74485738e+08  3.13e+03   1.78e+00     6.39e+00   1.318s
   3900 +5.74484323e+08 +5.74484258e+08  6.51e+01   7.94e-01     3.15e+00   1.370s
LP Solver status:                Optimal
Primal objective:                +5.74484323e+08
Dual objective:                  +5.74484258e+08
Duality gap (abs/rel):           +6.51e+01 / +5.67e-08
Primal infeasibility (abs/rel):  +7.94e-01 / +9.39e-05
Dual infeasibility (abs/rel):    +3.15e+00 / +5.02e-07
PDLP finished
Status: Optimal   Objective: 5.74484323e+08  Iterations: 3900  Time: 1.371s

### exit_code=0
### finished=2026-07-31T15:38:19.861731
### gpu_peak_mb=2042.4
### gpu_peak2_mb=0.0
### per_gpu_peak_mb=[2042.375]
