### solver=cuopt-base
### instance=/home/scratch.cmaes_sw/hans_lps/ns1688926.mps
### n_gpus=1
### CUDA_VISIBLE_DEVICES=0
### started=2026-07-31T15:38:28.264362
### argv=/home/scratch.vmostovoi_gpu/mostovoi_cuopt/cpp/build/cuopt_cli --method 1 --mps-reader experimental-fast --time-limit 3600 --iteration-limit 1000000000 --relative-primal-tolerance 1e-4 --relative-dual-tolerance 1e-4 --relative-gap-tolerance 1e-4 --log-to-console true /home/scratch.cmaes_sw/hans_lps/ns1688926.mps
### --- solver output ---
Setting parameter iteration_limit to 1000000000
Setting parameter log_to_console to true
Setting parameter method to 1
Setting parameter relative_dual_tolerance to 1.000000e-04
Setting parameter relative_gap_tolerance to 1.000000e-04
Setting parameter relative_primal_tolerance to 1.000000e-04
Setting parameter time_limit to 3.600000e+03
Reading file ns1688926.mps
Using experimental fast MPS parser for '/home/scratch.cmaes_sw/hans_lps/ns1688926.mps'
Read file ns1688926.mps in 0.68 seconds
cuOpt version: 26.8.0, git hash: 7116ead1, host arch: x86_64, device archs: 100a-real
CPU: INTEL(R) XEON(R) PLATINUM 8570, threads (physical/logical): 112/224, RAM: 1874.36 GiB
CUDA 13.3, device: NVIDIA B200 (ID 0), VRAM: 178.34 GiB
CUDA device UUID: c21815d8-6b00-1d34-4b8e-3c4cd6996afa
Solving a problem with 32768 constraints, 16587 variables (0 integers), and 1712128 nonzeros
Problem scaling:
Objective coefficents range:          [1e-02, 1e+00]
Constraint matrix coefficients range: [1e+00, 8e+04]
Constraint rhs / bounds range:        [5e+06, 6e+06]
Variable bounds range:                [1e+02, 1e+03]

Using PSLP presolver
PSLP Presolved problem: 24576 constraints, 16519 variables, 1146880 non-zeros
PSLP presolve time: 0.21s
Objective offset 0.000000 scaling_factor 1.000000
   Iter    Primal Obj.      Dual Obj.    Gap        Primal Res.  Dual Res.   Time
      0 +0.00000000e+00 +0.00000000e+00  0.00e+00   4.96e+08     9.05e+01   0.363s
   1000 -2.92058337e+00 +7.99137848e+01  8.28e+01   4.14e+05     7.51e+01   0.430s
   2000 -2.83952651e+00 -2.37770669e+02  2.35e+02   9.59e+04     1.01e+02   0.458s
   3000 -2.75983017e+00 -1.65197727e+01  1.38e+01   1.84e+05     2.24e+01   0.485s
   4000 -2.80382269e+00 +6.06223132e+00  8.87e+00   4.42e+04     1.70e+01   0.512s
   5000 -2.80309411e+00 -2.22716249e+00  5.76e-01   1.62e+04     1.35e+01   0.539s
   6000 -2.80391598e+00 -1.97711976e-01  2.61e+00   1.21e+04     3.83e+00   0.568s
   7000 -2.80370656e+00 -2.52962801e+00  2.74e-01   1.28e+04     1.78e+00   0.595s
   8000 -2.80608447e+00 -1.85686596e+00  9.49e-01   6.25e+03     1.73e+00   0.622s
   9000 -2.80676648e+00 -1.99983380e+00  8.07e-01   3.09e+03     4.65e-01   0.649s
  10000 -2.80712194e+00 -2.63108035e+00  1.76e-01   1.87e+03     5.96e-01   0.676s
  11000 -2.80729180e+00 -2.80203893e+00  5.25e-03   4.59e+02     5.79e-01   0.702s
  12000 -2.80751647e+00 -2.68899495e+00  1.19e-01   9.59e+02     2.51e-01   0.728s
  13000 -2.80778852e+00 -2.82939318e+00  2.16e-02   5.30e+02     7.39e-02   0.754s
  14000 -2.80850199e+00 -2.85519812e+00  4.67e-02   6.23e+02     6.54e-02   0.780s
  15000 -2.80922517e+00 -2.83415287e+00  2.49e-02   5.41e+02     5.24e-02   0.806s
  16000 -2.80998965e+00 -2.81914420e+00  9.15e-03   3.46e+02     5.02e-02   0.832s
  17000 -2.81076260e+00 -2.81603687e+00  5.27e-03   1.86e+02     4.88e-02   0.858s
  18000 -2.81153351e+00 -2.80644142e+00  5.09e-03   1.11e+02     4.65e-02   0.884s
  19000 -2.81255664e+00 -2.80684134e+00  5.72e-03   8.28e+01     4.64e-02   0.911s
  20000 -2.81397102e+00 -2.80518080e+00  8.79e-03   1.03e+02     4.62e-02   0.937s
  21000 -2.81539757e+00 -2.80273982e+00  1.27e-02   1.27e+02     4.59e-02   0.963s
  22000 -2.81682854e+00 -2.80279514e+00  1.40e-02   1.23e+02     4.59e-02   0.989s
  23000 -2.81825590e+00 -2.80339383e+00  1.49e-02   1.04e+02     4.58e-02   1.015s
  24000 -2.81968255e+00 -2.80320206e+00  1.65e-02   7.66e+01     4.58e-02   1.041s
  25000 -2.82110984e+00 -2.80319688e+00  1.79e-02   5.90e+01     4.58e-02   1.067s
  26000 -2.82253583e+00 -2.80333117e+00  1.92e-02   5.68e+01     4.58e-02   1.093s
  27000 -2.82396149e+00 -2.80295965e+00  2.10e-02   5.31e+01     4.58e-02   1.119s
  28000 -2.82538873e+00 -2.80264901e+00  2.27e-02   5.29e+01     4.58e-02   1.145s
  29000 -2.82681472e+00 -2.80312692e+00  2.37e-02   5.76e+01     4.58e-02   1.171s
  30000 -2.84072405e+00 -2.80314020e+00  3.76e-02   1.32e+02     4.58e-02   1.197s
  31000 -2.85776328e+00 -2.80290931e+00  5.49e-02   1.99e+02     4.58e-02   1.223s
  32000 -2.87481130e+00 -2.80281362e+00  7.20e-02   2.02e+02     4.58e-02   1.249s
  33000 -2.89186055e+00 -2.80286637e+00  8.90e-02   1.65e+02     4.58e-02   1.275s
  34000 -2.90890684e+00 -2.80294352e+00  1.06e-01   1.08e+02     4.58e-02   1.301s
  35000 -2.92595140e+00 -2.80294917e+00  1.23e-01   5.66e+01     4.58e-02   1.327s
  36000 -2.94299610e+00 -2.80290965e+00  1.40e-01   3.91e+01     4.58e-02   1.353s
  37000 -2.96004098e+00 -2.80287730e+00  1.57e-01   2.91e+01     4.58e-02   1.380s
  38000 -2.97708551e+00 -2.80287952e+00  1.74e-01   2.79e+01     4.58e-02   1.406s
  39000 -2.99412876e+00 -2.80290706e+00  1.91e-01   4.44e+01     4.58e-02   1.432s
  40000 -3.01117134e+00 -2.80291504e+00  2.08e-01   5.73e+01     4.58e-02   1.458s
  41000 -3.02821509e+00 -2.80289598e+00  2.25e-01   5.33e+01     4.58e-02   1.484s
  42000 -3.04526049e+00 -2.80288754e+00  2.42e-01   3.46e+01     4.58e-02   1.510s
  43000 -3.06230568e+00 -2.80291170e+00  2.59e-01   1.54e+01     4.58e-02   1.536s
  44000 -3.07934931e+00 -2.80292299e+00  2.76e-01   9.96e+00     4.58e-02   1.562s
  45000 -3.09639258e+00 -2.80289985e+00  2.93e-01   1.44e+01     4.58e-02   1.588s
  46000 -3.90273831e+00 -2.80288254e+00  1.10e+00   3.59e+02     4.58e-02   1.614s
  47000 -7.86627587e+00 -2.80288907e+00  5.06e+00   1.95e+03     4.58e-02   1.640s
  48000 -1.15508712e+01 -4.55793942e+00  6.99e+00   1.28e+05     4.28e-02   1.666s
  49000 -1.38265583e+01 -6.35845506e+00  7.47e+00   1.31e+05     3.85e-02   1.692s
  50000 -3.87610759e+01 -2.49840432e+01  1.38e+01   1.14e+07     2.06e-02   1.718s
  51000 -4.23121089e+01 -3.35403586e+01  8.77e+00   9.30e+06     1.05e-02   1.744s
  52000 -4.46206001e+01 -3.48275016e+01  9.79e+00   5.90e+06     9.03e-03   1.771s
  53000 -4.81022616e+01 -3.94714341e+01  8.63e+00   8.14e+06     6.14e-03   1.797s
  54000 -4.93402204e+01 -4.38556403e+01  5.48e+00   3.47e+06     4.73e-03   1.823s
  55000 -5.03974664e+01 -4.47182841e+01  5.68e+00   2.70e+06     4.65e-03   1.849s
  56000 -5.34847221e+01 -4.71834601e+01  6.30e+00   6.54e+06     4.25e-03   1.875s
  57000 -5.78793251e+01 -4.95281071e+01  8.35e+00   1.61e+07     3.38e-03   1.901s
  58000 -6.02280980e+01 -5.03569686e+01  9.87e+00   1.05e+07     2.89e-03   1.927s
  59000 -6.17595891e+01 -5.47336668e+01  7.03e+00   1.62e+07     1.65e-03   1.953s
  60000 -6.14301344e+01 -5.73570001e+01  4.07e+00   1.44e+07     6.76e-04   1.979s
  61000 -6.03453383e+01 -5.91048081e+01  1.24e+00   8.03e+06     1.50e-04   2.006s
  62000 -6.01850430e+01 -5.95705715e+01  6.14e-01   6.38e+06     1.11e-04   2.032s
  63000 -5.96088934e+01 -5.96842084e+01  7.53e-02   3.56e+06     1.57e-04   2.058s
  64000 -5.93182811e+01 -5.94529630e+01  1.35e-01   3.26e+06     6.95e-05   2.084s
  65000 -5.94241106e+01 -5.92879506e+01  1.36e-01   3.24e+06     3.72e-05   2.110s
  66000 -5.94582750e+01 -5.93498323e+01  1.08e-01   3.23e+06     4.15e-05   2.136s
  67000 -5.94007136e+01 -5.93674676e+01  3.32e-02   3.18e+06     5.25e-05   2.162s
  68000 -5.93602538e+01 -5.93064550e+01  5.38e-02   3.18e+06     4.05e-05   2.188s
  69000 -5.94083618e+01 -5.93392533e+01  6.91e-02   2.78e+06     7.22e-05   2.214s
  70000 -5.93831461e+01 -5.94722936e+01  8.91e-02   2.45e+06     1.14e-04   2.240s
  71000 -5.93017069e+01 -5.94837676e+01  1.82e-01   2.11e+06     1.28e-04   2.266s
  72000 -5.93118756e+01 -5.94859256e+01  1.74e-01   1.80e+06     1.32e-04   2.292s
  73000 -5.92496064e+01 -5.94850572e+01  2.35e-01   1.64e+06     1.24e-04   2.318s
  74000 -5.92151450e+01 -5.93970824e+01  1.82e-01   1.63e+06     9.43e-05   2.344s
  75000 -5.91951817e+01 -5.93194080e+01  1.24e-01   1.63e+06     6.58e-05   2.371s
  76000 -5.91591861e+01 -5.93347157e+01  1.76e-01   5.71e+05     9.81e-05   2.397s
  77000 -5.91147797e+01 -5.93473916e+01  2.33e-01   4.79e+05     6.51e-05   2.423s
  78000 -5.90853503e+01 -5.93123188e+01  2.27e-01   4.23e+05     5.74e-05   2.449s
  79000 -5.90757565e+01 -5.92599625e+01  1.84e-01   4.55e+05     3.95e-05   2.475s
  80000 -5.90874253e+01 -5.92181319e+01  1.31e-01   4.58e+05     2.58e-05   2.501s
  81000 -5.91040094e+01 -5.92089284e+01  1.05e-01   4.18e+05     1.97e-05   2.527s
  82000 -5.91131903e+01 -5.92165740e+01  1.03e-01   3.73e+05     1.92e-05   2.553s
  83000 -5.91144161e+01 -5.92239918e+01  1.10e-01   3.62e+05     1.84e-05   2.579s
  84000 -5.91154367e+01 -5.92102059e+01  9.48e-02   3.62e+05     1.91e-05   2.606s
  85000 -5.91191993e+01 -5.92015279e+01  8.23e-02   3.60e+05     2.05e-05   2.632s
  86000 -5.91226924e+01 -5.92053110e+01  8.26e-02   3.60e+05     1.97e-05   2.659s
  87000 -5.91235719e+01 -5.92147187e+01  9.11e-02   3.60e+05     1.84e-05   2.685s
  88000 -5.91223473e+01 -5.92193487e+01  9.70e-02   3.60e+05     1.83e-05   2.711s
  89000 -5.91212222e+01 -5.92167863e+01  9.56e-02   3.60e+05     1.83e-05   2.737s
  90000 -5.91215087e+01 -5.92123812e+01  9.09e-02   3.60e+05     1.84e-05   2.763s
  91000 -5.91225065e+01 -5.92116494e+01  8.91e-02   3.60e+05     1.84e-05   2.789s
  92000 -5.91205697e+01 -5.92096710e+01  8.91e-02   3.58e+05     1.91e-05   2.815s
  93000 -5.91197032e+01 -5.91953199e+01  7.56e-02   3.56e+05     2.06e-05   2.841s
  94000 -5.91237380e+01 -5.91899741e+01  6.62e-02   3.55e+05     2.16e-05   2.867s
  95000 -5.91240396e+01 -5.91947397e+01  7.07e-02   3.53e+05     2.11e-05   2.893s
  96000 -5.91237200e+01 -5.91929364e+01  6.92e-02   3.53e+05     2.06e-05   2.919s
  97000 -5.91267769e+01 -5.91983187e+01  7.15e-02   3.53e+05     1.94e-05   2.945s
  98000 -5.91247672e+01 -5.92083329e+01  8.36e-02   3.42e+05     2.01e-05   2.972s
  99000 -5.91229424e+01 -5.92119560e+01  8.90e-02   3.32e+05     2.20e-05   2.998s
 100000 -5.91236781e+01 -5.92182954e+01  9.46e-02   3.24e+05     2.09e-05   3.024s
 101000 -5.91239830e+01 -5.92246900e+01  1.01e-01   3.34e+05     2.00e-05   3.050s
 102000 -5.91207290e+01 -5.92190360e+01  9.83e-02   3.26e+05     2.10e-05   3.076s
 103000 -5.91201664e+01 -5.92146940e+01  9.45e-02   3.23e+05     2.02e-05   3.102s
 104000 -5.91203882e+01 -5.92078119e+01  8.74e-02   3.32e+05     1.88e-05   3.128s
 105000 -5.91185949e+01 -5.91963264e+01  7.77e-02   3.25e+05     2.00e-05   3.154s
 106000 -5.91207538e+01 -5.91916792e+01  7.09e-02   3.22e+05     2.10e-05   3.180s
 107000 -5.91221414e+01 -5.91919586e+01  6.98e-02   3.28e+05     2.01e-05   3.206s
 108000 -5.91217240e+01 -5.91924801e+01  7.08e-02   3.22e+05     2.03e-05   3.232s
 109000 -5.91235533e+01 -5.91965849e+01  7.30e-02   3.22e+05     1.98e-05   3.258s
 110000 -5.91238125e+01 -5.92030051e+01  7.92e-02   3.28e+05     1.88e-05   3.284s
 111000 -5.91217776e+01 -5.92033430e+01  8.16e-02   3.22e+05     1.89e-05   3.310s
 112000 -5.91210129e+01 -5.92074838e+01  8.65e-02   3.04e+05     2.08e-05   3.336s
 113000 -5.91210819e+01 -5.92117984e+01  9.07e-02   3.03e+05     2.24e-05   3.362s
 114000 -5.91191931e+01 -5.92131641e+01  9.40e-02   3.06e+05     2.07e-05   3.388s
 115000 -5.91183496e+01 -5.92118265e+01  9.35e-02   2.99e+05     2.03e-05   3.414s
 116000 -5.91173601e+01 -5.92093882e+01  9.20e-02   3.01e+05     2.10e-05   3.440s
 117000 -5.91161786e+01 -5.91994467e+01  8.33e-02   3.04e+05     1.99e-05   3.466s
 118000 -5.91162826e+01 -5.91894218e+01  7.31e-02   2.97e+05     2.00e-05   3.492s
 119000 -5.91187552e+01 -5.91856064e+01  6.69e-02   3.02e+05     2.12e-05   3.518s
 120000 -5.91198589e+01 -5.91822997e+01  6.24e-02   3.01e+05     2.14e-05   3.544s
 121000 -5.91208054e+01 -5.91875047e+01  6.67e-02   2.95e+05     2.02e-05   3.570s
 122000 -5.91217461e+01 -5.91932823e+01  7.15e-02   3.00e+05     2.02e-05   3.596s
 123000 -5.91215395e+01 -5.91975432e+01  7.60e-02   3.03e+05     1.97e-05   3.622s
 124000 -5.91210137e+01 -5.91997531e+01  7.87e-02   2.97e+05     1.97e-05   3.648s
 125000 -5.91202282e+01 -5.92042077e+01  8.40e-02   2.99e+05     2.01e-05   3.674s
 126000 -5.91199276e+01 -5.92010057e+01  8.11e-02   3.00e+05     1.95e-05   3.700s
 127000 -5.91193048e+01 -5.92010376e+01  8.17e-02   2.93e+05     2.00e-05   3.726s
 128000 -5.91189856e+01 -5.92008235e+01  8.18e-02   2.97e+05     1.98e-05   3.752s
 129000 -5.91176812e+01 -5.91954443e+01  7.78e-02   2.98e+05     1.89e-05   3.778s
 130000 -5.91171538e+01 -5.91895804e+01  7.24e-02   2.94e+05     1.95e-05   3.804s
 131000 -5.91160697e+01 -5.91799411e+01  6.39e-02   2.92e+05     2.11e-05   3.831s
 132000 -5.91164512e+01 -5.91680387e+01  5.16e-02   2.91e+05     2.34e-05   3.857s
 133000 -5.91170504e+01 -5.91618160e+01  4.48e-02   2.91e+05     2.40e-05   3.883s
 134000 -5.91176071e+01 -5.91644437e+01  4.68e-02   2.91e+05     2.38e-05   3.909s
 135000 -5.91139254e+01 -5.91462553e+01  3.23e-02   2.80e+05     4.44e-05   3.935s
 136000 -5.91160459e+01 -5.91445478e+01  2.85e-02   2.76e+05     3.31e-05   3.961s
 137000 -5.91166715e+01 -5.91832475e+01  6.66e-02   2.77e+05     2.32e-05   3.987s
 138000 -5.91136340e+01 -5.91781637e+01  6.45e-02   2.74e+05     3.24e-05   4.013s
 139000 -5.91192356e+01 -5.92102776e+01  9.10e-02   1.96e+05     4.77e-05   4.039s
 140000 -5.91131463e+01 -5.96855916e+01  5.72e-01   1.72e+05     4.64e-04   4.065s
 141000 -5.91071216e+01 -5.97053645e+01  5.98e-01   1.67e+05     3.02e-04   4.091s
 142000 -5.91069501e+01 -5.97216607e+01  6.15e-01   1.65e+05     2.98e-04   4.117s
 143000 -5.91061880e+01 -5.96754147e+01  5.69e-01   1.65e+05     2.48e-04   4.143s
 144000 -5.91061422e+01 -5.96679566e+01  5.62e-01   1.64e+05     2.52e-04   4.169s
 145000 -5.91067646e+01 -5.96605370e+01  5.54e-01   1.63e+05     2.63e-04   4.195s
 146000 -5.91053648e+01 -5.96917973e+01  5.86e-01   1.63e+05     2.57e-04   4.221s
 147000 -5.91047886e+01 -5.94739847e+01  3.69e-01   1.63e+05     1.97e-04   4.247s
 148000 -5.91050277e+01 -5.93155076e+01  2.10e-01   1.63e+05     1.03e-04   4.273s
 149000 -5.91051997e+01 -5.91814461e+01  7.62e-02   1.63e+05     6.57e-05   4.300s
 150000 -5.91054227e+01 -5.91486271e+01  4.32e-02   1.61e+05     9.07e-05   4.326s
 151000 -5.91051785e+01 -5.92332707e+01  1.28e-01   1.60e+05     1.06e-04   4.352s
 152000 -5.91045328e+01 -5.92730404e+01  1.69e-01   1.60e+05     1.40e-04   4.378s
 153000 -5.90851728e+01 -5.94466851e+01  3.62e-01   1.24e+05     2.78e-04   4.404s
 154000 -5.90463888e+01 -5.95264410e+01  4.80e-01   5.78e+04     3.25e-04   4.430s
 155000 -5.90182240e+01 -5.94397810e+01  4.22e-01   2.05e+04     1.99e-04   4.456s
 156000 -5.90140963e+01 -5.92686819e+01  2.55e-01   1.11e+04     3.26e-04   4.482s
 157000 -5.90129995e+01 -5.92241094e+01  2.11e-01   1.04e+04     1.86e-04   4.508s
 158000 -5.90124207e+01 -5.91786291e+01  1.66e-01   9.99e+03     1.49e-04   4.534s
 159000 -5.90126254e+01 -5.91035796e+01  9.10e-02   9.49e+03     1.58e-04   4.560s
 160000 -5.90134244e+01 -5.90700439e+01  5.66e-02   9.01e+03     1.37e-04   4.586s
 161000 -5.90142135e+01 -5.90933031e+01  7.91e-02   8.80e+03     1.09e-04   4.612s
 162000 -5.90146025e+01 -5.91114156e+01  9.68e-02   8.81e+03     8.69e-05   4.638s
 163000 -5.90145787e+01 -5.91217678e+01  1.07e-01   8.82e+03     4.89e-05   4.664s
 164000 -5.90143091e+01 -5.91152782e+01  1.01e-01   8.81e+03     4.14e-05   4.691s
 165000 -5.90143006e+01 -5.90683979e+01  5.41e-02   8.80e+03     5.07e-05   4.717s
 166000 -5.90143692e+01 -5.90178790e+01  3.51e-03   8.78e+03     6.88e-05   4.743s
LP Solver status:                Optimal
Primal objective:                -5.90143692e+01
Dual objective:                  -5.90178790e+01
Duality gap (abs/rel):           +3.51e-03 / +2.95e-05
Primal infeasibility (abs/rel):  +8.78e+03 / +1.77e-05
Dual infeasibility (abs/rel):    +6.88e-05 / +7.52e-07
PDLP finished
Status: Optimal   Objective: -5.90143692e+01  Iterations: 166000  Time: 4.744s

### exit_code=0
### finished=2026-07-31T15:38:36.608001
### gpu_peak_mb=1594.4
### gpu_peak2_mb=0.0
### per_gpu_peak_mb=[1594.375]
