### solver=cuopt-base
### instance=/home/scratch.vmostovoi_gpu/datasets/big_lp/google/production-imventory.mps
### n_gpus=1
### CUDA_VISIBLE_DEVICES=0
### started=2026-07-24T04:56:40.904846
### argv=/home/scratch.vmostovoi_gpu/mostovoi_cuopt/cpp/build/cuopt_cli --method 1 --mps-reader experimental-fast --time-limit 3600 --iteration-limit 1000000000 --relative-primal-tolerance 1e-4 --relative-dual-tolerance 1e-4 --relative-gap-tolerance 1e-4 --log-to-console true /home/scratch.vmostovoi_gpu/datasets/big_lp/google/production-imventory.mps
### --- solver output ---
Setting parameter iteration_limit to 1000000000
Setting parameter log_to_console to true
Setting parameter method to 1
Setting parameter relative_dual_tolerance to 1.000000e-04
Setting parameter relative_gap_tolerance to 1.000000e-04
Setting parameter relative_primal_tolerance to 1.000000e-04
Setting parameter time_limit to 3.600000e+03
Reading file production-imventory.mps
Using experimental fast MPS parser for '/home/scratch.vmostovoi_gpu/datasets/big_lp/google/production-imventory.mps'
Read file production-imventory.mps in 15.75 seconds
cuOpt version: 26.8.0, git hash: 7116ead1, host arch: x86_64, device archs: 100a-real
CPU: INTEL(R) XEON(R) PLATINUM 8570, threads (physical/logical): 112/224, RAM: 1760.24 GiB
CUDA 13.3, device: NVIDIA B200 (ID 0), VRAM: 178.34 GiB
CUDA device UUID: f36553ec-83f5-0954-de1e-14020b44a6e2
Solving a problem with 4650850 constraints, 18270600 variables (0 integers), and 500049700 nonzeros
Problem scaling:
Objective coefficents range:          [1e+00, 1e+00]
Constraint matrix coefficients range: [6e-04, 1e+02]
Constraint rhs / bounds range:        [1e+00, 1e+00]
Variable bounds range:                [0e+00, 0e+00]

Using PSLP presolver
PSLP Presolved problem: 4650648 constraints, 13664899 variables, 499928899 non-zeros
PSLP presolve time: 31.07s
Objective offset 0.000000 scaling_factor 1.000000
   Iter    Primal Obj.      Dual Obj.    Gap        Primal Res.  Dual Res.   Time
      0 +0.00000000e+00 +0.00000000e+00  0.00e+00   2.12e+02     3.49e+05   44.646s
   1000 +4.39264784e+04 +4.51320128e+04  1.21e+03   1.01e+00     4.72e+02   48.023s
   2000 +4.46847772e+04 +4.51404271e+04  4.56e+02   5.98e-01     2.01e+02   51.025s
   3000 +4.48809315e+04 +4.52603913e+04  3.79e+02   3.95e-01     1.28e+02   54.029s
   4000 +4.49673649e+04 +4.52931091e+04  3.26e+02   2.69e-01     1.15e+02   57.034s
   5000 +4.50007599e+04 +4.52969332e+04  2.96e+02   1.95e-01     1.08e+02   60.040s
   6000 +4.50291323e+04 +4.52981180e+04  2.69e+02   1.37e-01     9.36e+01   63.052s
   7000 +4.50337817e+04 +4.53003532e+04  2.67e+02   1.24e-01     7.99e+01   66.063s
   8000 +4.50461015e+04 +4.53057365e+04  2.60e+02   9.92e-02     7.70e+01   69.077s
   9000 +4.50502464e+04 +4.52965920e+04  2.46e+02   8.13e-02     5.93e+01   72.093s
  10000 +4.50483646e+04 +4.52976462e+04  2.49e+02   7.73e-02     5.70e+01   75.109s
  11000 +4.50457455e+04 +4.52975128e+04  2.52e+02   7.33e-02     5.41e+01   78.106s
  12000 +4.50423743e+04 +4.52976644e+04  2.55e+02   6.90e-02     5.12e+01   81.103s
  13000 +4.50395316e+04 +4.52933053e+04  2.54e+02   6.32e-02     4.74e+01   84.102s
  14000 +4.50414727e+04 +4.52933284e+04  2.52e+02   4.22e-02     4.46e+01   87.101s
  15000 +4.50431917e+04 +4.52792014e+04  2.36e+02   3.62e-02     3.59e+01   90.101s
  16000 +4.50435284e+04 +4.52781514e+04  2.35e+02   3.26e-02     3.28e+01   93.102s
  17000 +4.50433142e+04 +4.52767589e+04  2.33e+02   3.02e-02     3.14e+01   96.104s
  18000 +4.50434267e+04 +4.52602725e+04  2.17e+02   2.98e-02     2.82e+01   99.110s
  19000 +4.50367599e+04 +4.52366329e+04  2.00e+02   3.04e-02     2.56e+01   102.112s
  20000 +4.50320045e+04 +4.52072242e+04  1.75e+02   3.06e-02     2.32e+01   105.116s
  21000 +4.50284768e+04 +4.51894342e+04  1.61e+02   3.14e-02     2.13e+01   108.119s
  22000 +4.50255696e+04 +4.51736119e+04  1.48e+02   3.24e-02     1.97e+01   111.123s
  23000 +4.50230201e+04 +4.51602160e+04  1.37e+02   3.20e-02     1.84e+01   114.127s
  24000 +4.50207350e+04 +4.51456618e+04  1.25e+02   3.30e-02     1.74e+01   117.131s
  25000 +4.50187685e+04 +4.51412590e+04  1.22e+02   3.33e-02     1.63e+01   120.134s
  26000 +4.50170879e+04 +4.51263937e+04  1.09e+02   3.47e-02     1.55e+01   123.136s
  27000 +4.50153758e+04 +4.51239443e+04  1.09e+02   3.40e-02     1.50e+01   126.138s
  28000 +4.50120637e+04 +4.50741345e+04  6.21e+01   3.70e-02     1.24e+01   129.142s
  29000 +4.50066428e+04 +4.50635970e+04  5.70e+01   4.01e-02     1.08e+01   132.142s
  30000 +4.50027205e+04 +4.50580026e+04  5.53e+01   4.22e-02     9.50e+00   135.143s
  31000 +4.50005702e+04 +4.50561216e+04  5.56e+01   3.95e-02     8.83e+00   138.145s
  32000 +4.49989977e+04 +4.50541460e+04  5.51e+01   4.11e-02     8.07e+00   141.147s
  33000 +4.49970890e+04 +4.50526743e+04  5.56e+01   4.02e-02     7.60e+00   144.150s
  34000 +4.49947520e+04 +4.50518859e+04  5.71e+01   4.01e-02     7.11e+00   147.151s
  35000 +4.49925256e+04 +4.50504151e+04  5.79e+01   4.01e-02     6.70e+00   150.153s
  36000 +4.49906617e+04 +4.50497776e+04  5.91e+01   4.02e-02     6.43e+00   153.155s
  37000 +4.49893048e+04 +4.50486369e+04  5.93e+01   4.01e-02     6.07e+00   156.157s
  38000 +4.49878975e+04 +4.50484456e+04  6.05e+01   4.00e-02     5.84e+00   159.159s
  39000 +4.49863739e+04 +4.50472762e+04  6.09e+01   4.00e-02     5.65e+00   162.160s
  40000 +4.49800651e+04 +4.50437108e+04  6.36e+01   4.68e-02     5.06e+00   165.163s
  41000 +4.49720664e+04 +4.50423478e+04  7.03e+01   5.31e-02     4.60e+00   168.166s
  42000 +4.49645992e+04 +4.50407626e+04  7.62e+01   5.00e-02     4.18e+00   171.169s
  43000 +4.49592692e+04 +4.50392874e+04  8.00e+01   5.42e-02     3.96e+00   174.172s
  44000 +4.49545436e+04 +4.50379104e+04  8.34e+01   5.61e-02     3.72e+00   177.176s
  45000 +4.49505935e+04 +4.50365361e+04  8.59e+01   5.04e-02     3.51e+00   180.177s
  46000 +4.49482911e+04 +4.50352404e+04  8.69e+01   5.04e-02     3.31e+00   183.180s
  47000 +4.49447326e+04 +4.50339823e+04  8.92e+01   4.99e-02     3.11e+00   186.183s
  48000 +4.49409989e+04 +4.50324540e+04  9.15e+01   5.26e-02     3.01e+00   189.186s
  49000 +4.49368154e+04 +4.50310651e+04  9.42e+01   5.23e-02     2.93e+00   192.191s
  50000 +4.49328495e+04 +4.50303016e+04  9.75e+01   5.35e-02     2.75e+00   195.195s
  51000 +4.49298324e+04 +4.50291747e+04  9.93e+01   5.72e-02     2.66e+00   198.199s
  52000 +4.49277430e+04 +4.50282964e+04  1.01e+02   5.39e-02     2.54e+00   201.202s
  53000 +4.49259395e+04 +4.50271657e+04  1.01e+02   5.48e-02     2.51e+00   204.206s
  54000 +4.49244034e+04 +4.50260523e+04  1.02e+02   5.72e-02     2.47e+00   207.211s
  55000 +4.49223968e+04 +4.50249722e+04  1.03e+02   5.73e-02     2.39e+00   210.215s
  56000 +4.49222406e+04 +4.50241138e+04  1.02e+02   5.63e-02     2.33e+00   213.219s
  57000 +4.49215835e+04 +4.50232091e+04  1.02e+02   5.71e-02     2.26e+00   216.222s
  58000 +4.49204645e+04 +4.50223567e+04  1.02e+02   5.76e-02     2.17e+00   219.225s
  59000 +4.49183503e+04 +4.50212703e+04  1.03e+02   5.90e-02     2.14e+00   222.231s
  60000 +4.49167469e+04 +4.50207080e+04  1.04e+02   5.92e-02     2.04e+00   225.235s
  61000 +4.49162384e+04 +4.50200254e+04  1.04e+02   5.89e-02     1.99e+00   228.240s
  62000 +4.49114979e+04 +4.50180271e+04  1.07e+02   7.67e-02     1.59e+00   231.246s
  63000 +4.48951132e+04 +4.50139184e+04  1.19e+02   8.57e-02     1.64e+00   234.249s
  64000 +4.48863849e+04 +4.50105259e+04  1.24e+02   9.07e-02     1.52e+00   237.252s
  65000 +4.48785672e+04 +4.50074465e+04  1.29e+02   9.13e-02     1.43e+00   240.255s
  66000 +4.48702646e+04 +4.50048700e+04  1.35e+02   9.10e-02     1.30e+00   243.258s
  67000 +4.48614429e+04 +4.50021277e+04  1.41e+02   9.49e-02     1.22e+00   246.261s
  68000 +4.48559401e+04 +4.50000428e+04  1.44e+02   9.59e-02     1.13e+00   249.265s
  69000 +4.48527390e+04 +4.49979062e+04  1.45e+02   1.02e-01     1.05e+00   252.270s
  70000 +4.48508686e+04 +4.49957794e+04  1.45e+02   1.03e-01     1.01e+00   255.274s
  71000 +4.48473826e+04 +4.49941083e+04  1.47e+02   1.02e-01     9.41e-01   258.278s
  72000 +4.48424457e+04 +4.49924270e+04  1.50e+02   1.05e-01     8.96e-01   261.283s
  73000 +4.48415756e+04 +4.49905776e+04  1.49e+02   1.05e-01     8.48e-01   264.287s
  74000 +4.48382271e+04 +4.49892428e+04  1.51e+02   1.10e-01     8.03e-01   267.292s
  75000 +4.48370053e+04 +4.49878165e+04  1.51e+02   1.10e-01     7.48e-01   270.297s
  76000 +4.48348121e+04 +4.49864216e+04  1.52e+02   1.10e-01     7.40e-01   273.301s
  77000 +4.48331541e+04 +4.49855831e+04  1.52e+02   1.12e-01     6.84e-01   276.307s
  78000 +4.48300454e+04 +4.49844453e+04  1.54e+02   1.16e-01     6.74e-01   279.313s
  79000 +4.48286990e+04 +4.49833773e+04  1.55e+02   1.16e-01     6.21e-01   282.318s
  80000 +4.48288093e+04 +4.49822290e+04  1.53e+02   1.14e-01     6.13e-01   285.323s
  81000 +4.48272895e+04 +4.49812660e+04  1.54e+02   1.15e-01     5.85e-01   288.329s
  82000 +4.48265288e+04 +4.49807461e+04  1.54e+02   1.17e-01     5.58e-01   291.334s
  83000 +4.48258147e+04 +4.49799567e+04  1.54e+02   1.17e-01     5.52e-01   294.338s
  84000 +4.48255383e+04 +4.49791474e+04  1.54e+02   1.18e-01     5.29e-01   297.343s
  85000 +4.48252441e+04 +4.49786323e+04  1.53e+02   1.19e-01     4.96e-01   300.349s
  86000 +4.48246991e+04 +4.49778413e+04  1.53e+02   1.19e-01     4.92e-01   303.355s
  87000 +4.48247547e+04 +4.49772465e+04  1.52e+02   1.19e-01     4.70e-01   306.359s
  88000 +4.48256666e+04 +4.49766038e+04  1.51e+02   1.18e-01     4.53e-01   309.365s
  89000 +4.48254063e+04 +4.49760564e+04  1.51e+02   1.19e-01     4.39e-01   312.372s
  90000 +4.48245305e+04 +4.49759170e+04  1.51e+02   1.19e-01     4.19e-01   315.377s
  91000 +4.48240762e+04 +4.49750663e+04  1.51e+02   1.19e-01     4.13e-01   318.382s
  92000 +4.48232865e+04 +4.49747435e+04  1.51e+02   1.18e-01     3.98e-01   321.389s
  93000 +4.48230166e+04 +4.49745661e+04  1.52e+02   1.19e-01     3.79e-01   324.396s
  94000 +4.48231535e+04 +4.49740879e+04  1.51e+02   1.19e-01     3.74e-01   327.401s
  95000 +4.48246501e+04 +4.49738230e+04  1.49e+02   1.17e-01     3.70e-01   330.407s
  96000 +4.48243584e+04 +4.49734219e+04  1.49e+02   1.18e-01     3.59e-01   333.414s
  97000 +4.48203687e+04 +4.49711828e+04  1.51e+02   1.22e-01     2.50e-01   336.420s
  98000 +4.48216171e+04 +4.49692486e+04  1.48e+02   1.22e-01     2.53e-01   339.426s
  99000 +4.48196596e+04 +4.49681624e+04  1.49e+02   1.28e-01     2.27e-01   342.432s
 100000 +4.48206548e+04 +4.49673696e+04  1.47e+02   1.22e-01     2.17e-01   345.437s
 101000 +4.48191197e+04 +4.49668204e+04  1.48e+02   1.24e-01     1.95e-01   348.441s
 102000 +4.48192655e+04 +4.49662830e+04  1.47e+02   1.24e-01     1.88e-01   351.446s
 103000 +4.48182683e+04 +4.49658824e+04  1.48e+02   1.25e-01     1.63e-01   354.453s
 104000 +4.48182000e+04 +4.49653970e+04  1.47e+02   1.25e-01     1.56e-01   357.457s
 105000 +4.48174960e+04 +4.49650702e+04  1.48e+02   1.26e-01     1.60e-01   360.462s
 106000 +4.48180409e+04 +4.49649965e+04  1.47e+02   1.26e-01     1.36e-01   363.467s
 107000 +4.48177000e+04 +4.49646477e+04  1.47e+02   1.26e-01     1.34e-01   366.473s
 108000 +4.48183546e+04 +4.49643123e+04  1.46e+02   1.26e-01     1.34e-01   369.478s
 109000 +4.48186950e+04 +4.49640551e+04  1.45e+02   1.26e-01     1.31e-01   372.483s
 110000 +4.48187855e+04 +4.49639985e+04  1.45e+02   1.26e-01     1.17e-01   375.489s
 111000 +4.48183854e+04 +4.49637536e+04  1.45e+02   1.26e-01     1.11e-01   378.494s
 112000 +4.48196524e+04 +4.49635823e+04  1.44e+02   1.26e-01     1.08e-01   381.500s
 113000 +4.48195964e+04 +4.49636632e+04  1.44e+02   1.26e-01     9.83e-02   384.506s
 114000 +4.48192502e+04 +4.49632273e+04  1.44e+02   1.25e-01     9.79e-02   387.513s
 115000 +4.48208317e+04 +4.49630991e+04  1.42e+02   1.24e-01     9.86e-02   390.518s
 116000 +4.48214203e+04 +4.49631079e+04  1.42e+02   1.24e-01     8.81e-02   393.522s
 117000 +4.48220842e+04 +4.49628994e+04  1.41e+02   1.23e-01     8.79e-02   396.528s
 118000 +4.48225123e+04 +4.49628889e+04  1.40e+02   1.23e-01     8.43e-02   399.533s
 119000 +4.48227874e+04 +4.49627826e+04  1.40e+02   1.23e-01     8.05e-02   402.538s
 120000 +4.48241272e+04 +4.49628390e+04  1.39e+02   1.22e-01     7.64e-02   405.544s
 121000 +4.48248071e+04 +4.49627114e+04  1.38e+02   1.22e-01     7.52e-02   408.551s
 122000 +4.48262413e+04 +4.49627634e+04  1.37e+02   1.21e-01     7.57e-02   411.557s
 123000 +4.48274178e+04 +4.49627160e+04  1.35e+02   1.20e-01     7.40e-02   414.563s
 124000 +4.48281780e+04 +4.49626475e+04  1.34e+02   1.19e-01     6.55e-02   417.570s
 125000 +4.48285252e+04 +4.49625901e+04  1.34e+02   1.18e-01     6.19e-02   420.578s
 126000 +4.48294874e+04 +4.49625525e+04  1.33e+02   1.18e-01     6.49e-02   423.584s
 127000 +4.48295264e+04 +4.49626125e+04  1.33e+02   1.17e-01     5.94e-02   426.592s
 128000 +4.48298002e+04 +4.49623875e+04  1.33e+02   1.17e-01     5.34e-02   429.598s
 129000 +4.48302353e+04 +4.49625396e+04  1.32e+02   1.16e-01     7.11e-02   432.604s
 130000 +4.48326707e+04 +4.49625189e+04  1.30e+02   1.14e-01     5.76e-02   435.612s
 131000 +4.48326382e+04 +4.49627570e+04  1.30e+02   1.14e-01     6.05e-02   438.619s
 132000 +4.48333923e+04 +4.49627334e+04  1.29e+02   1.14e-01     5.57e-02   441.627s
 133000 +4.48327824e+04 +4.49630248e+04  1.30e+02   1.14e-01     5.70e-02   444.635s
 134000 +4.48332353e+04 +4.49628968e+04  1.30e+02   1.13e-01     5.65e-02   447.643s
 135000 +4.48344713e+04 +4.49628561e+04  1.28e+02   1.12e-01     6.29e-02   450.651s
 136000 +4.48360266e+04 +4.49627704e+04  1.27e+02   1.11e-01     6.22e-02   453.660s
 137000 +4.48358991e+04 +4.49627769e+04  1.27e+02   1.11e-01     6.21e-02   456.668s
 138000 +4.48371239e+04 +4.49628374e+04  1.26e+02   1.10e-01     5.87e-02   459.676s
 139000 +4.48376326e+04 +4.49627897e+04  1.25e+02   1.09e-01     5.18e-02   462.684s
 140000 +4.48385343e+04 +4.49629173e+04  1.24e+02   1.09e-01     5.41e-02   465.693s
 141000 +4.48396198e+04 +4.49628966e+04  1.23e+02   1.08e-01     5.33e-02   468.702s
 142000 +4.48405119e+04 +4.49629693e+04  1.22e+02   1.07e-01     5.00e-02   471.712s
 143000 +4.48407925e+04 +4.49630654e+04  1.22e+02   1.06e-01     7.15e-02   474.721s
 144000 +4.48424967e+04 +4.49630421e+04  1.21e+02   1.05e-01     5.11e-02   477.732s
 145000 +4.48438567e+04 +4.49631012e+04  1.19e+02   1.04e-01     5.90e-02   480.742s
 146000 +4.48449759e+04 +4.49631365e+04  1.18e+02   1.03e-01     5.28e-02   483.753s
 147000 +4.48451357e+04 +4.49631839e+04  1.18e+02   1.03e-01     5.55e-02   486.763s
 148000 +4.48448953e+04 +4.49632322e+04  1.18e+02   1.03e-01     5.86e-02   489.775s
 149000 +4.48453443e+04 +4.49632890e+04  1.18e+02   1.02e-01     4.89e-02   492.784s
 150000 +4.48465509e+04 +4.49633321e+04  1.17e+02   1.01e-01     5.53e-02   495.794s
 151000 +4.48475530e+04 +4.49633753e+04  1.16e+02   1.01e-01     6.54e-02   498.804s
 152000 +4.48491574e+04 +4.49634124e+04  1.14e+02   9.93e-02     5.74e-02   501.815s
 153000 +4.48490881e+04 +4.49634548e+04  1.14e+02   9.91e-02     5.58e-02   504.825s
 154000 +4.48492196e+04 +4.49634988e+04  1.14e+02   9.92e-02     5.09e-02   507.836s
 155000 +4.48501414e+04 +4.49635406e+04  1.13e+02   9.83e-02     5.24e-02   510.847s
 156000 +4.48525857e+04 +4.49635828e+04  1.11e+02   9.62e-02     5.58e-02   513.858s
 157000 +4.48524311e+04 +4.49636213e+04  1.11e+02   9.62e-02     5.48e-02   516.868s
 158000 +4.48529099e+04 +4.49636640e+04  1.11e+02   9.58e-02     5.59e-02   519.878s
 159000 +4.48545752e+04 +4.49637036e+04  1.09e+02   9.45e-02     5.69e-02   522.889s
 160000 +4.48552024e+04 +4.49637397e+04  1.09e+02   9.43e-02     5.36e-02   525.899s
 161000 +4.48555252e+04 +4.49639261e+04  1.08e+02   9.30e-02     1.60e+00   528.911s
 162000 +4.48691645e+04 +4.49645971e+04  9.54e+01   8.21e-02     8.68e-01   531.921s
 163000 +4.48815014e+04 +4.49649625e+04  8.35e+01   7.29e-02     1.04e+00   534.932s
 164000 +4.48870956e+04 +4.49652394e+04  7.81e+01   6.81e-02     1.07e+00   537.943s
 165000 +4.48943061e+04 +4.49656063e+04  7.13e+01   6.31e-02     8.89e-01   540.955s
 166000 +4.48994897e+04 +4.49660694e+04  6.66e+01   5.93e-02     8.04e-01   543.967s
 167000 +4.49070433e+04 +4.49661590e+04  5.91e+01   5.49e-02     7.74e-01   546.978s
 168000 +4.49073669e+04 +4.49663032e+04  5.89e+01   5.34e-02     8.67e-01   549.991s
 169000 +4.49106039e+04 +4.49666116e+04  5.60e+01   5.14e-02     6.98e-01   553.003s
 170000 +4.49174067e+04 +4.49667712e+04  4.94e+01   4.86e-02     5.91e-01   556.016s
 171000 +4.49184712e+04 +4.49668193e+04  4.83e+01   4.80e-02     5.62e-01   559.028s
 172000 +4.49299542e+04 +4.49712126e+04  4.13e+01   4.25e-02     2.00e+01   562.041s
 173000 +4.49379402e+04 +4.49713131e+04  3.34e+01   4.08e-02     7.93e+00   565.052s
 174000 +4.49390962e+04 +4.49737618e+04  3.47e+01   4.06e-02     4.53e+00   568.062s
 175000 +4.49391127e+04 +4.49751730e+04  3.61e+01   4.06e-02     4.11e+00   571.073s
 176000 +4.49397865e+04 +4.49771507e+04  3.74e+01   4.06e-02     3.10e+00   574.083s
 177000 +4.49394969e+04 +4.49792018e+04  3.97e+01   4.05e-02     2.70e+00   577.093s
 178000 +4.49399217e+04 +4.49814831e+04  4.16e+01   4.05e-02     2.45e+00   580.104s
 179000 +4.49399529e+04 +4.49834815e+04  4.35e+01   4.05e-02     2.28e+00   583.115s
 180000 +4.49399648e+04 +4.49856107e+04  4.56e+01   4.05e-02     2.29e+00   586.125s
 181000 +4.49422524e+04 +4.49875650e+04  4.53e+01   3.93e-02     2.89e+00   589.137s
 182000 +4.49547374e+04 +4.49918199e+04  3.71e+01   2.53e-02     1.51e+01   592.149s
 183000 +4.49917296e+04 +4.50325081e+04  4.08e+01   1.93e-03     2.25e+02   595.159s
 184000 +4.50020595e+04 +4.49970673e+04  4.99e+00   8.49e-03     6.09e+01   598.169s
 185000 +4.49918053e+04 +4.49859433e+04  5.86e+00   2.31e-03     3.85e+01   601.177s
 185200 +4.49910973e+04 +4.49887879e+04  2.31e+00   1.68e-03     3.45e+01   601.779s
LP Solver status:                Optimal
Primal objective:                +4.49910973e+04
Dual objective:                  +4.49887879e+04
Duality gap (abs/rel):           +2.31e+00 / +2.57e-05
Primal infeasibility (abs/rel):  +1.68e-03 / +6.11e-06
Dual infeasibility (abs/rel):    +3.45e+01 / +9.88e-05
PDLP finished
Status: Optimal   Objective: 4.49910973e+04  Iterations: 185200  Time: 601.785s

### exit_code=0
### finished=2026-07-24T05:07:05.916688
### gpu_peak_mb=50426.4
### gpu_peak2_mb=0.0
### per_gpu_peak_mb=[50426.375]
