### solver=cuopt-base
### instance=/home/scratch.vmostovoi_gpu/datasets/PSLP_presolved/psr-100_PSLP_presolved.mps
### n_gpus=1
### CUDA_VISIBLE_DEVICES=0
### started=2026-08-09T14:26:09.920656
### argv=/home/scratch.vmostovoi_gpu/mostovoi_cuopt/cpp/build/cuopt_cli --method 1 --presolve 0 --mps-reader experimental-fast --time-limit 3600 --iteration-limit 1000000000 --relative-primal-tolerance 1e-4 --relative-dual-tolerance 1e-4 --relative-gap-tolerance 1e-4 --log-to-console true /home/scratch.vmostovoi_gpu/datasets/PSLP_presolved/psr-100_PSLP_presolved.mps
### --- solver output ---
Setting parameter iteration_limit to 1000000000
Setting parameter log_to_console to true
Setting parameter method to 1
Setting parameter presolve to 0
Setting parameter relative_dual_tolerance to 1.000000e-04
Setting parameter relative_gap_tolerance to 1.000000e-04
Setting parameter relative_primal_tolerance to 1.000000e-04
Setting parameter time_limit to 3.600000e+03
Reading file psr-100_PSLP_presolved.mps
Using experimental fast MPS parser for '/home/scratch.vmostovoi_gpu/datasets/PSLP_presolved/psr-100_PSLP_presolved.mps'
Read file psr-100_PSLP_presolved.mps in 41.06 seconds
cuOpt version: 26.10.0, git hash: f3ebc673, host arch: x86_64, device archs: 100a-real
CPU: INTEL(R) XEON(R) PLATINUM 8570, threads (physical/logical): 112/224, RAM (available/total): 1945.83 / 2015.54 GiB
CUDA 13.3, device: NVIDIA B200 (ID 0), VRAM: 178.34 GiB
CUDA device UUID: 39caba6d-9872-92a0-a3e7-33667c56df0b
Solving a problem with 173558092 constraints, 153583727 variables (0 integers), and 588156995 nonzeros
Problem scaling:
Objective coefficents range:          [5e-04, 3e+06]
Constraint matrix coefficients range: [1e-03, 7e+01]
Constraint rhs / bounds range:        [1e-05, 7e+07]
Variable bounds range:                [7e-03, 1e+08]
Warning: input problem contains a large range of coefficients: consider reformulating to avoid numerical difficulties.

Objective offset 879066000.000000 scaling_factor 1.000000
   Iter    Primal Obj.      Dual Obj.    Gap        Primal Res.  Dual Res.   Time
      0 +8.79066000e+08 +8.79066000e+08  0.00e+00   1.10e+09     1.65e+07   19.309s
   1000 +6.38117494e+11 +6.93308889e+15  6.93e+15   1.50e+08     3.92e+05   30.687s
   2000 +7.30698874e+11 +1.17763079e+17  1.18e+17   1.49e+08     1.30e+06   40.396s
   3000 +7.87680701e+11 +1.78179813e+18  1.78e+18   1.48e+08     8.89e+06   50.115s
   4000 +8.30019848e+11 +1.50739072e+19  1.51e+19   1.48e+08     9.82e+07   59.847s
   5000 +8.70051895e+11 +4.52322092e+19  4.52e+19   1.48e+08     1.03e+08   69.583s
   6000 +9.09366490e+11 +2.03598097e+20  2.04e+20   1.48e+08     2.02e+09   79.335s
   7000 +9.27894208e+11 +8.75679721e+20  8.76e+20   1.48e+08     2.04e+09   89.082s
   8000 +9.55254427e+11 +1.54722849e+21  1.55e+21   1.48e+08     2.05e+09   98.835s
   9000 +9.85760013e+11 +2.21699529e+21  2.22e+21   1.48e+08     2.05e+09   108.589s
  10000 +9.97198131e+11 +2.36653349e+22  2.37e+22   1.48e+08     7.86e+10   118.344s
  11000 +1.00771840e+12 +5.03127816e+22  5.03e+22   1.48e+08     7.87e+10   127.995s
  12000 +1.02066719e+12 +7.69580325e+22  7.70e+22   1.48e+08     7.88e+10   137.648s
  13000 +1.03468473e+12 +1.03587469e+23  1.04e+23   1.48e+08     7.88e+10   147.301s
  14000 +1.04929688e+12 +1.30201142e+23  1.30e+23   1.48e+08     7.88e+10   156.955s
  15000 +1.05595483e+12 +1.47456275e+24  1.47e+24   1.48e+08     6.52e+12   166.615s
  16000 +1.05858886e+12 +3.69748562e+24  3.70e+24   1.48e+08     6.52e+12   176.263s
  17000 +1.06216315e+12 +5.92049353e+24  5.92e+24   1.48e+08     6.52e+12   185.913s
  18000 +1.06630088e+12 +8.14349563e+24  8.14e+24   1.48e+08     6.53e+12   195.567s
  19000 +1.07074862e+12 +1.03663169e+25  1.04e+25   1.48e+08     6.53e+12   205.221s
  20000 +1.07532655e+12 +1.25888885e+25  1.26e+25   1.48e+08     6.53e+12   214.879s
  21000 +1.07989968e+12 +1.48112886e+25  1.48e+25   1.48e+08     6.53e+12   224.537s
  22000 +1.08419619e+12 +1.70335936e+25  1.70e+25   1.48e+08     6.53e+12   234.191s
  23000 +1.32567552e+13 +1.83533637e+25  1.84e+25   3.77e+08     1.45e+09   243.871s
  24000 +1.17258165e+13 +1.83533702e+25  1.84e+25   2.79e+08     4.25e+07   253.527s
  25000 +1.03220917e+13 +1.83533751e+25  1.84e+25   2.51e+08     3.37e+07   263.181s
  26000 +9.23722704e+12 +1.83533793e+25  1.84e+25   2.37e+08     2.97e+07   272.834s
  27000 +8.47729647e+12 +1.83533830e+25  1.84e+25   2.27e+08     2.74e+07   282.486s
  28000 +7.84050932e+12 +1.83533864e+25  1.84e+25   2.20e+08     2.58e+07   292.135s
  29000 +7.25748843e+12 +1.83533897e+25  1.84e+25   2.14e+08     2.45e+07   301.782s
  30000 +6.74960061e+12 +1.83533927e+25  1.84e+25   2.11e+08     2.36e+07   311.430s
  31000 +6.35053305e+12 +1.83533956e+25  1.84e+25   2.07e+08     2.26e+07   321.079s
  32000 +6.07521258e+12 +1.83533984e+25  1.84e+25   2.04e+08     2.17e+07   330.726s
  33000 +5.89054947e+12 +1.83534011e+25  1.84e+25   2.02e+08     2.10e+07   340.372s
  34000 +5.74942889e+12 +1.83534038e+25  1.84e+25   2.00e+08     2.05e+07   350.019s
  35000 +5.62616160e+12 +1.83534064e+25  1.84e+25   1.99e+08     2.01e+07   359.666s
  36000 +5.54493541e+12 +1.83534137e+25  1.84e+25   1.92e+08     2.03e+08   369.322s
  37000 +5.48209933e+12 +1.83534405e+25  1.84e+25   1.84e+08     1.80e+08   378.972s
  38000 +5.43747483e+12 +1.83534644e+25  1.84e+25   1.79e+08     1.68e+08   388.621s
  39000 +5.40736599e+12 +1.83534868e+25  1.84e+25   1.76e+08     1.60e+08   398.270s
  40000 +5.38427075e+12 +1.83535082e+25  1.84e+25   1.74e+08     1.53e+08   407.920s
  41000 +5.36402756e+12 +1.83535290e+25  1.84e+25   1.73e+08     1.48e+08   417.570s
  42000 +5.34443620e+12 +1.83535493e+25  1.84e+25   1.71e+08     1.45e+08   427.218s
  43000 +5.32693690e+12 +1.83535690e+25  1.84e+25   1.70e+08     1.41e+08   436.867s
  44000 +5.31022373e+12 +1.83535885e+25  1.84e+25   1.69e+08     1.37e+08   446.513s
  45000 +5.29369355e+12 +1.83536077e+25  1.84e+25   1.69e+08     1.35e+08   456.161s
  46000 +5.27698876e+12 +1.83536265e+25  1.84e+25   1.68e+08     1.33e+08   465.812s
  47000 +5.26189038e+12 +1.83536452e+25  1.84e+25   1.67e+08     1.31e+08   475.459s
  48000 +5.24831076e+12 +1.83536637e+25  1.84e+25   1.67e+08     1.29e+08   485.106s
  49000 +5.23473927e+12 +1.83536819e+25  1.84e+25   1.66e+08     1.27e+08   494.753s
  50000 +5.22107364e+12 +1.83536998e+25  1.84e+25   1.65e+08     1.24e+08   504.400s
  51000 +5.20760241e+12 +1.83537174e+25  1.84e+25   1.65e+08     1.23e+08   514.048s
  52000 +5.19419088e+12 +1.83537347e+25  1.84e+25   1.64e+08     1.20e+08   523.694s
  53000 +5.18044680e+12 +1.83537520e+25  1.84e+25   1.64e+08     1.19e+08   533.340s
  54000 +5.16776847e+12 +1.83537692e+25  1.84e+25   1.63e+08     1.17e+08   542.988s
  55000 +5.16341551e+12 +1.83539303e+25  1.84e+25   1.61e+08     5.97e+09   552.647s
  56000 +5.17787821e+12 +1.83547414e+25  1.84e+25   1.56e+08     5.16e+09   562.308s
  57000 +5.17825200e+12 +1.83555093e+25  1.84e+25   1.54e+08     4.52e+09   571.965s
  58000 +5.17521029e+12 +1.83562390e+25  1.84e+25   1.52e+08     4.02e+09   581.622s
  59000 +5.17030770e+12 +1.83569567e+25  1.84e+25   1.52e+08     3.66e+09   591.279s
  60000 +5.16372344e+12 +1.83576656e+25  1.84e+25   1.52e+08     3.50e+09   600.936s
  61000 +5.15715920e+12 +1.83583714e+25  1.84e+25   1.51e+08     3.34e+09   610.593s
  62000 +5.14964417e+12 +1.83590734e+25  1.84e+25   1.51e+08     3.24e+09   620.249s
  63000 +5.14207458e+12 +1.83597738e+25  1.84e+25   1.51e+08     3.16e+09   629.906s
  64000 +5.13433011e+12 +1.83604716e+25  1.84e+25   1.51e+08     3.12e+09   639.562s
  65000 +5.12684133e+12 +1.83611690e+25  1.84e+25   1.51e+08     3.07e+09   649.218s
  66000 +5.11979493e+12 +1.83618643e+25  1.84e+25   1.51e+08     3.04e+09   658.874s
  67000 +5.11294366e+12 +1.83625588e+25  1.84e+25   1.51e+08     3.00e+09   668.529s
  68000 +5.10593023e+12 +1.83632499e+25  1.84e+25   1.51e+08     2.97e+09   678.185s
  69000 +5.09879413e+12 +1.83639417e+25  1.84e+25   1.50e+08     2.93e+09   687.840s
  70000 +5.09163602e+12 +1.83646313e+25  1.84e+25   1.50e+08     2.92e+09   697.496s
  71000 +5.08392452e+12 +1.83653211e+25  1.84e+25   1.50e+08     2.89e+09   707.152s
  72000 +5.07617505e+12 +1.83660093e+25  1.84e+25   1.50e+08     2.87e+09   716.806s
  73000 +5.06874745e+12 +1.83666970e+25  1.84e+25   1.50e+08     2.85e+09   726.462s
  74000 +5.06176849e+12 +1.83673837e+25  1.84e+25   1.50e+08     2.83e+09   736.117s
  75000 +5.05403372e+12 +1.83680692e+25  1.84e+25   1.50e+08     2.82e+09   745.772s
  76000 +5.04676922e+12 +1.83687541e+25  1.84e+25   1.50e+08     2.80e+09   755.427s
  77000 +5.03903910e+12 +1.83694386e+25  1.84e+25   1.50e+08     2.79e+09   765.082s
  78000 +5.03150660e+12 +1.83701227e+25  1.84e+25   1.50e+08     2.77e+09   774.736s
  79000 +5.02401936e+12 +1.83708057e+25  1.84e+25   1.50e+08     2.76e+09   784.390s
  80000 +5.01641809e+12 +1.83714887e+25  1.84e+25   1.50e+08     2.75e+09   794.043s
  81000 +5.00886277e+12 +1.83721709e+25  1.84e+25   1.50e+08     2.74e+09   803.698s
  82000 +5.00152842e+12 +1.83728533e+25  1.84e+25   1.50e+08     2.73e+09   813.353s
  83000 +4.99435120e+12 +1.83735355e+25  1.84e+25   1.50e+08     2.72e+09   823.009s
  84000 +4.98726660e+12 +1.83742171e+25  1.84e+25   1.50e+08     2.72e+09   832.665s
  85000 +4.98028127e+12 +1.83748980e+25  1.84e+25   1.50e+08     2.71e+09   842.317s
  86000 +4.97949961e+12 +1.83850458e+25  1.84e+25   1.50e+08     1.95e+11   851.979s
  87000 +4.99772405e+12 +1.84333640e+25  1.84e+25   1.49e+08     1.84e+11   861.623s
  88000 +5.00451488e+12 +1.84819923e+25  1.85e+25   1.49e+08     1.73e+11   871.271s
  89000 +5.00949372e+12 +1.85305491e+25  1.85e+25   1.48e+08     1.65e+11   880.918s
  90000 +5.01402120e+12 +1.85789676e+25  1.86e+25   1.48e+08     1.60e+11   890.564s
  91000 +5.01806497e+12 +1.86272927e+25  1.86e+25   1.48e+08     1.58e+11   900.209s
  92000 +5.02274771e+12 +1.86755057e+25  1.87e+25   1.48e+08     1.57e+11   909.857s
  93000 +5.02715671e+12 +1.87236643e+25  1.87e+25   1.48e+08     1.54e+11   919.507s
  94000 +5.03127630e+12 +1.87717149e+25  1.88e+25   1.48e+08     1.53e+11   929.156s
  95000 +5.03405369e+12 +1.88197167e+25  1.88e+25   1.48e+08     1.51e+11   938.802s
  96000 +5.03763587e+12 +1.88677066e+25  1.89e+25   1.48e+08     1.51e+11   948.449s
  97000 +5.04019349e+12 +1.89156595e+25  1.89e+25   1.48e+08     1.50e+11   958.099s
  98000 +5.04218917e+12 +1.89635760e+25  1.90e+25   1.48e+08     1.49e+11   967.749s
  99000 +5.04502178e+12 +1.90114415e+25  1.90e+25   1.48e+08     1.48e+11   977.398s
 100000 +5.04900328e+12 +1.90592763e+25  1.91e+25   1.48e+08     1.47e+11   987.047s
 101000 +5.05234986e+12 +1.91070277e+25  1.91e+25   1.48e+08     1.45e+11   996.694s
 102000 +5.05401120e+12 +1.91547486e+25  1.92e+25   1.48e+08     1.44e+11   1006.341s
 103000 +5.05596922e+12 +1.92024659e+25  1.92e+25   1.48e+08     1.44e+11   1015.989s
 104000 +5.05744341e+12 +1.92501787e+25  1.93e+25   1.48e+08     1.43e+11   1025.637s
 105000 +5.05907271e+12 +1.92978722e+25  1.93e+25   1.48e+08     1.43e+11   1035.284s
 106000 +5.06010596e+12 +1.93455539e+25  1.93e+25   1.48e+08     1.43e+11   1044.931s
 107000 +5.06107364e+12 +1.93932326e+25  1.94e+25   1.48e+08     1.42e+11   1054.580s
 108000 +5.06227679e+12 +1.94409070e+25  1.94e+25   1.48e+08     1.42e+11   1064.231s
 109000 +5.06311441e+12 +1.94885777e+25  1.95e+25   1.48e+08     1.42e+11   1073.892s
 110000 +5.06373574e+12 +1.95362455e+25  1.95e+25   1.48e+08     1.42e+11   1083.554s
 111000 +5.06412713e+12 +1.95839122e+25  1.96e+25   1.48e+08     1.42e+11   1093.216s
 112000 +5.06491524e+12 +1.96315804e+25  1.96e+25   1.48e+08     1.41e+11   1102.878s
 113000 +5.06566553e+12 +1.96792264e+25  1.97e+25   1.48e+08     1.41e+11   1112.541s
 114000 +5.06592630e+12 +1.97268666e+25  1.97e+25   1.48e+08     1.41e+11   1122.207s
 115000 +5.06613098e+12 +1.97745058e+25  1.98e+25   1.48e+08     1.41e+11   1131.872s
 116000 +5.06628596e+12 +1.98221425e+25  1.98e+25   1.48e+08     1.41e+11   1141.537s
 117000 +5.06648392e+12 +1.98697774e+25  1.99e+25   1.48e+08     1.41e+11   1151.202s
 118000 +5.06661759e+12 +1.99174109e+25  1.99e+25   1.48e+08     1.41e+11   1160.867s
 119000 +5.06662635e+12 +1.99650440e+25  2.00e+25   1.48e+08     1.41e+11   1170.533s
 120000 +5.06692904e+12 +2.00126755e+25  2.00e+25   1.48e+08     1.41e+11   1180.200s
 121000 +5.06700260e+12 +2.00603060e+25  2.01e+25   1.48e+08     1.40e+11   1189.866s
 122000 +5.06689760e+12 +2.01079352e+25  2.01e+25   1.48e+08     1.40e+11   1199.531s
 123000 +5.06689016e+12 +2.01555651e+25  2.02e+25   1.48e+08     1.40e+11   1209.197s
 124000 +5.06681435e+12 +2.02031952e+25  2.02e+25   1.48e+08     1.40e+11   1218.864s
 125000 +5.06685484e+12 +2.02508248e+25  2.03e+25   1.48e+08     1.40e+11   1228.531s
 126000 +5.06663707e+12 +2.02984539e+25  2.03e+25   1.48e+08     1.40e+11   1238.198s
 127000 +5.06641601e+12 +2.03460830e+25  2.03e+25   1.48e+08     1.40e+11   1247.867s
 128000 +5.06626447e+12 +2.03937105e+25  2.04e+25   1.48e+08     1.40e+11   1257.533s
 129000 +5.06609645e+12 +2.04413363e+25  2.04e+25   1.48e+08     1.40e+11   1267.200s
 130000 +5.06596372e+12 +2.04889601e+25  2.05e+25   1.48e+08     1.40e+11   1276.866s
 131000 +5.06580101e+12 +2.05365839e+25  2.05e+25   1.48e+08     1.40e+11   1286.532s
 132000 +5.06547958e+12 +2.05842073e+25  2.06e+25   1.48e+08     1.40e+11   1296.200s
 133000 +5.06524644e+12 +2.06318310e+25  2.06e+25   1.48e+08     1.40e+11   1305.867s
 134000 +5.06502563e+12 +2.06794529e+25  2.07e+25   1.48e+08     1.40e+11   1315.534s
 135000 +5.08471745e+12 +3.17411530e+25  3.17e+25   1.48e+08     4.05e+13   1325.204s
 136000 +5.08569550e+12 +4.55561374e+25  4.56e+25   1.48e+08     4.05e+13   1334.864s
 137000 +5.08643688e+12 +5.93711081e+25  5.94e+25   1.48e+08     4.05e+13   1344.528s
 138000 +5.08703216e+12 +7.31860837e+25  7.32e+25   1.48e+08     4.05e+13   1354.190s
 139000 +5.08753262e+12 +8.70010618e+25  8.70e+25   1.48e+08     4.05e+13   1363.852s
 140000 +5.08793740e+12 +1.00816053e+26  1.01e+26   1.48e+08     4.05e+13   1373.514s
 141000 +5.08822754e+12 +1.14631053e+26  1.15e+26   1.48e+08     4.05e+13   1383.176s
 142000 +5.08848366e+12 +1.28446057e+26  1.28e+26   1.48e+08     4.05e+13   1392.839s
 143000 +5.08872995e+12 +1.42261070e+26  1.42e+26   1.48e+08     4.05e+13   1402.501s
 144000 +5.08894623e+12 +1.56076088e+26  1.56e+26   1.48e+08     4.05e+13   1412.164s
 145000 +5.08915267e+12 +1.69891108e+26  1.70e+26   1.48e+08     4.05e+13   1421.828s
 146000 +5.08935247e+12 +1.83706132e+26  1.84e+26   1.48e+08     4.05e+13   1431.489s
 147000 +5.08954592e+12 +1.97521158e+26  1.98e+26   1.48e+08     4.05e+13   1441.150s
 148000 +5.08971418e+12 +2.11336187e+26  2.11e+26   1.48e+08     4.05e+13   1450.811s
 149000 +5.08986979e+12 +2.25151218e+26  2.25e+26   1.48e+08     4.05e+13   1460.473s
 150000 +5.09002308e+12 +2.38966253e+26  2.39e+26   1.48e+08     4.05e+13   1470.135s
 151000 +5.09016733e+12 +2.52781290e+26  2.53e+26   1.48e+08     4.05e+13   1479.798s
 152000 +5.09030383e+12 +2.66596328e+26  2.67e+26   1.48e+08     4.05e+13   1489.457s
 153000 +5.09045417e+12 +2.80411367e+26  2.80e+26   1.48e+08     4.05e+13   1499.111s
 154000 +5.09058506e+12 +2.94226407e+26  2.94e+26   1.48e+08     4.05e+13   1508.762s
 155000 +5.09070826e+12 +3.08041446e+26  3.08e+26   1.48e+08     4.05e+13   1518.412s
 156000 +5.09083160e+12 +3.21856482e+26  3.22e+26   1.48e+08     4.05e+13   1528.060s
 157000 +5.09095084e+12 +3.35671512e+26  3.36e+26   1.48e+08     4.05e+13   1537.710s
 158000 +5.09107267e+12 +3.49486546e+26  3.49e+26   1.48e+08     4.05e+13   1547.358s
 159000 +5.09120136e+12 +3.63301578e+26  3.63e+26   1.48e+08     4.05e+13   1557.005s
 160000 +5.09132811e+12 +3.77116603e+26  3.77e+26   1.48e+08     4.05e+13   1566.652s
 161000 +5.09144302e+12 +3.90931634e+26  3.91e+26   1.48e+08     4.05e+13   1576.301s
 162000 +5.09157676e+12 +4.04746665e+26  4.05e+26   1.48e+08     4.05e+13   1585.949s
 163000 +5.09172292e+12 +4.18561695e+26  4.19e+26   1.48e+08     4.05e+13   1595.597s
 164000 +5.09185944e+12 +4.32376725e+26  4.32e+26   1.48e+08     4.05e+13   1605.242s
 165000 +5.09200219e+12 +4.46191761e+26  4.46e+26   1.48e+08     4.05e+13   1614.890s
 166000 +5.09214867e+12 +4.60006799e+26  4.60e+26   1.48e+08     4.05e+13   1624.537s
 167000 +5.09229704e+12 +4.73821822e+26  4.74e+26   1.48e+08     4.05e+13   1634.184s
 168000 +5.09246076e+12 +4.87636842e+26  4.88e+26   1.48e+08     4.05e+13   1643.831s
 169000 +5.09262775e+12 +5.01451862e+26  5.01e+26   1.48e+08     4.05e+13   1653.480s
 170000 +5.09280113e+12 +5.15266890e+26  5.15e+26   1.48e+08     4.05e+13   1663.127s
 171000 +5.09296182e+12 +5.29081903e+26  5.29e+26   1.48e+08     4.05e+13   1672.774s
 172000 +5.09310345e+12 +5.42896920e+26  5.43e+26   1.48e+08     4.05e+13   1682.421s
 173000 +5.09324440e+12 +5.56711936e+26  5.57e+26   1.48e+08     4.05e+13   1692.069s
 174000 +5.09339015e+12 +5.70526953e+26  5.71e+26   1.48e+08     4.05e+13   1701.713s
 175000 +5.09352854e+12 +5.84341969e+26  5.84e+26   1.48e+08     4.05e+13   1711.359s
 176000 +5.09366518e+12 +5.98156987e+26  5.98e+26   1.48e+08     4.05e+13   1721.004s
 177000 +5.09381294e+12 +6.11972007e+26  6.12e+26   1.48e+08     4.05e+13   1730.651s
 178000 +5.09395339e+12 +6.25787021e+26  6.26e+26   1.48e+08     4.05e+13   1740.298s
 179000 +5.09407536e+12 +6.39602035e+26  6.40e+26   1.48e+08     4.05e+13   1749.944s
 180000 +5.09419839e+12 +6.53417051e+26  6.53e+26   1.48e+08     4.05e+13   1759.591s
 181000 +5.09434037e+12 +6.67232076e+26  6.67e+26   1.48e+08     4.05e+13   1769.238s
 182000 +5.09448693e+12 +6.81047097e+26  6.81e+26   1.48e+08     4.05e+13   1778.884s
 183000 +5.09464644e+12 +6.94862116e+26  6.95e+26   1.48e+08     4.05e+13   1788.532s
 184000 +5.09480228e+12 +7.08677135e+26  7.09e+26   1.48e+08     4.05e+13   1798.179s
 185000 +5.09495577e+12 +7.22492146e+26  7.22e+26   1.48e+08     4.05e+13   1807.825s
 186000 +5.09511782e+12 +7.36307166e+26  7.36e+26   1.48e+08     4.05e+13   1817.471s
 187000 +5.09529225e+12 +7.50122191e+26  7.50e+26   1.48e+08     4.05e+13   1827.117s
 188000 +5.09548218e+12 +7.63937208e+26  7.64e+26   1.48e+08     4.05e+13   1836.763s
 189000 +5.09567745e+12 +7.77752222e+26  7.78e+26   1.48e+08     4.05e+13   1846.410s
 190000 +5.09586700e+12 +7.91567242e+26  7.92e+26   1.48e+08     4.05e+13   1856.058s
 191000 +5.09606858e+12 +8.05382263e+26  8.05e+26   1.48e+08     4.05e+13   1865.705s
 192000 +5.09626049e+12 +8.19197282e+26  8.19e+26   1.48e+08     4.05e+13   1875.351s
 193000 +5.09645054e+12 +8.33012306e+26  8.33e+26   1.48e+08     4.05e+13   1884.999s
 194000 +5.09664525e+12 +8.46827335e+26  8.47e+26   1.48e+08     4.05e+13   1894.646s
 195000 +5.09685408e+12 +8.60642363e+26  8.61e+26   1.48e+08     4.05e+13   1904.291s
 196000 +5.09707886e+12 +8.74457392e+26  8.74e+26   1.48e+08     4.05e+13   1913.939s
 197000 +5.09731213e+12 +8.88272398e+26  8.88e+26   1.48e+08     4.05e+13   1923.585s
 198000 +5.09753513e+12 +9.02087387e+26  9.02e+26   1.48e+08     4.05e+13   1933.232s
 199000 +5.09776492e+12 +9.15902383e+26  9.16e+26   1.48e+08     4.05e+13   1942.880s
 200000 +5.09798037e+12 +9.29717441e+26  9.30e+26   1.48e+08     4.05e+13   1952.527s
 201000 +5.09819853e+12 +9.43532506e+26  9.44e+26   1.48e+08     4.05e+13   1962.175s
 202000 +5.09841017e+12 +9.57347521e+26  9.57e+26   1.48e+08     4.05e+13   1971.821s
 203000 +5.09862421e+12 +9.71162526e+26  9.71e+26   1.48e+08     4.05e+13   1981.468s
 204000 +5.09884117e+12 +9.84977563e+26  9.85e+26   1.48e+08     4.05e+13   1991.114s
 205000 +5.09907288e+12 +9.98792622e+26  9.99e+26   1.48e+08     4.05e+13   2000.760s
 206000 +5.09933032e+12 +1.01260767e+27  1.01e+27   1.48e+08     4.05e+13   2010.407s
 207000 +5.09957826e+12 +1.02642269e+27  1.03e+27   1.48e+08     4.05e+13   2020.054s
 208000 +5.09982058e+12 +1.04023771e+27  1.04e+27   1.48e+08     4.05e+13   2029.700s
 209000 +5.10003551e+12 +1.05405276e+27  1.05e+27   1.48e+08     4.05e+13   2039.348s
 210000 +1.24637922e+13 +1.06509137e+27  1.07e+27   6.38e+08     2.18e+09   2049.016s
 211000 +1.19983067e+13 +1.06509139e+27  1.07e+27   3.89e+08     7.35e+07   2058.689s
 212000 +1.10277256e+13 +1.06509140e+27  1.07e+27   3.41e+08     6.10e+07   2068.353s
 213000 +1.01818614e+13 +1.06509141e+27  1.07e+27   3.14e+08     5.42e+07   2078.020s
 214000 +9.48107128e+12 +1.06509142e+27  1.07e+27   2.98e+08     4.97e+07   2087.692s
 215000 +8.94811435e+12 +1.06509143e+27  1.07e+27   2.88e+08     4.68e+07   2097.363s
 216000 +8.53803240e+12 +1.06509144e+27  1.07e+27   2.78e+08     4.43e+07   2107.036s
 217000 +8.22289601e+12 +1.06509144e+27  1.07e+27   2.69e+08     4.21e+07   2116.707s
 218000 +7.98944718e+12 +1.06509145e+27  1.07e+27   2.64e+08     4.06e+07   2126.376s
 219000 +7.81623809e+12 +1.06509146e+27  1.07e+27   2.59e+08     3.94e+07   2136.043s
 220000 +7.68087556e+12 +1.06509146e+27  1.07e+27   2.55e+08     3.83e+07   2145.709s
 221000 +7.56853615e+12 +1.06509147e+27  1.07e+27   2.51e+08     3.74e+07   2155.376s
 222000 +7.46859352e+12 +1.06509147e+27  1.07e+27   2.49e+08     3.67e+07   2165.042s
 223000 +7.37836205e+12 +1.06509148e+27  1.07e+27   2.46e+08     3.60e+07   2174.704s
 224000 +7.29255725e+12 +1.06509148e+27  1.07e+27   2.43e+08     3.54e+07   2184.367s
 225000 +7.21393841e+12 +1.06509149e+27  1.07e+27   2.40e+08     3.48e+07   2194.028s
 226000 +7.14101367e+12 +1.06509150e+27  1.07e+27   2.38e+08     3.43e+07   2203.688s
 227000 +7.07269039e+12 +1.06509150e+27  1.07e+27   2.35e+08     3.37e+07   2213.348s
 228000 +7.07532140e+12 +1.06509155e+27  1.07e+27   2.17e+08     6.98e+08   2223.028s
 229000 +7.07023160e+12 +1.06509164e+27  1.07e+27   2.01e+08     5.99e+08   2232.690s
 230000 +7.06247171e+12 +1.06509172e+27  1.07e+27   1.93e+08     5.44e+08   2242.367s
 231000 +7.05518796e+12 +1.06509179e+27  1.07e+27   1.88e+08     5.12e+08   2252.029s
 232000 +7.04847334e+12 +1.06509185e+27  1.07e+27   1.84e+08     4.83e+08   2261.691s
 233000 +7.04221363e+12 +1.06509192e+27  1.07e+27   1.81e+08     4.66e+08   2271.351s
 234000 +7.03665186e+12 +1.06509198e+27  1.07e+27   1.80e+08     4.50e+08   2281.012s
 235000 +7.03150034e+12 +1.06509204e+27  1.07e+27   1.78e+08     4.37e+08   2290.672s
 236000 +7.02643729e+12 +1.06509209e+27  1.07e+27   1.76e+08     4.26e+08   2300.333s
 237000 +7.02155700e+12 +1.06509215e+27  1.07e+27   1.75e+08     4.16e+08   2309.992s
 238000 +7.01641868e+12 +1.06509220e+27  1.07e+27   1.74e+08     4.08e+08   2319.654s
 239000 +7.01147855e+12 +1.06509226e+27  1.07e+27   1.73e+08     4.01e+08   2329.312s
 240000 +7.00620290e+12 +1.06509231e+27  1.07e+27   1.72e+08     3.94e+08   2338.970s
 241000 +7.00117382e+12 +1.06509237e+27  1.07e+27   1.72e+08     3.88e+08   2348.628s
 242000 +6.99625266e+12 +1.06509242e+27  1.07e+27   1.71e+08     3.83e+08   2358.285s
 243000 +6.99168964e+12 +1.06509247e+27  1.07e+27   1.70e+08     3.77e+08   2367.943s
 244000 +6.98695014e+12 +1.06509252e+27  1.07e+27   1.70e+08     3.72e+08   2377.599s
 245000 +6.98239385e+12 +1.06509257e+27  1.07e+27   1.69e+08     3.69e+08   2387.256s
 246000 +6.97775530e+12 +1.06509262e+27  1.07e+27   1.69e+08     3.65e+08   2396.913s
 247000 +6.97329385e+12 +1.06509267e+27  1.07e+27   1.69e+08     3.61e+08   2406.567s
 248000 +6.96914270e+12 +1.06509272e+27  1.07e+27   1.68e+08     3.57e+08   2416.222s
 249000 +6.96449193e+12 +1.06509277e+27  1.07e+27   1.68e+08     3.54e+08   2425.879s
 250000 +6.96016977e+12 +1.06509282e+27  1.07e+27   1.67e+08     3.51e+08   2435.537s
 251000 +6.95603717e+12 +1.06509287e+27  1.07e+27   1.67e+08     3.48e+08   2445.193s
 252000 +6.95231964e+12 +1.06509292e+27  1.07e+27   1.67e+08     3.46e+08   2454.846s
 253000 +6.94827130e+12 +1.06509297e+27  1.07e+27   1.67e+08     3.43e+08   2464.503s
 254000 +6.94451639e+12 +1.06509301e+27  1.07e+27   1.66e+08     3.40e+08   2474.158s
 255000 +6.94040513e+12 +1.06509306e+27  1.07e+27   1.66e+08     3.38e+08   2483.814s
 256000 +6.93635171e+12 +1.06509311e+27  1.07e+27   1.66e+08     3.35e+08   2493.466s
 257000 +6.93249369e+12 +1.06509315e+27  1.07e+27   1.66e+08     3.34e+08   2503.120s
 258000 +6.92896293e+12 +1.06509320e+27  1.07e+27   1.65e+08     3.31e+08   2512.772s
 259000 +6.92497052e+12 +1.06509325e+27  1.07e+27   1.65e+08     3.29e+08   2522.425s
 260000 +6.92118547e+12 +1.06509330e+27  1.07e+27   1.65e+08     3.28e+08   2532.078s
 261000 +6.91749275e+12 +1.06509334e+27  1.07e+27   1.65e+08     3.25e+08   2541.730s
 262000 +6.91394033e+12 +1.06509339e+27  1.07e+27   1.65e+08     3.24e+08   2551.384s
 263000 +6.91047677e+12 +1.06509343e+27  1.07e+27   1.64e+08     3.22e+08   2561.037s
 264000 +6.90696906e+12 +1.06509348e+27  1.07e+27   1.64e+08     3.21e+08   2570.692s
 265000 +6.90370373e+12 +1.06509353e+27  1.07e+27   1.64e+08     3.19e+08   2580.345s
 266000 +6.90058605e+12 +1.06509357e+27  1.07e+27   1.64e+08     3.17e+08   2589.999s
 267000 +6.89730623e+12 +1.06509362e+27  1.07e+27   1.64e+08     3.16e+08   2599.652s
 268000 +6.89396836e+12 +1.06509366e+27  1.07e+27   1.64e+08     3.14e+08   2609.303s
 269000 +6.89057567e+12 +1.06509371e+27  1.07e+27   1.63e+08     3.13e+08   2618.955s
 270000 +6.88731733e+12 +1.06509375e+27  1.07e+27   1.63e+08     3.12e+08   2628.605s
 271000 +6.88412424e+12 +1.06509380e+27  1.07e+27   1.63e+08     3.10e+08   2638.254s
 272000 +6.88125842e+12 +1.06509384e+27  1.07e+27   1.63e+08     3.09e+08   2647.905s
 273000 +6.87839996e+12 +1.06509389e+27  1.07e+27   1.63e+08     3.08e+08   2657.554s
 274000 +6.87532362e+12 +1.06509393e+27  1.07e+27   1.63e+08     3.06e+08   2667.204s
 275000 +6.87246856e+12 +1.06509398e+27  1.07e+27   1.63e+08     3.05e+08   2676.855s
 276000 +6.86969094e+12 +1.06509402e+27  1.07e+27   1.63e+08     3.04e+08   2686.508s
 277000 +6.86647229e+12 +1.06509407e+27  1.07e+27   1.62e+08     3.03e+08   2696.157s
 278000 +6.86358163e+12 +1.06509411e+27  1.07e+27   1.62e+08     3.02e+08   2705.807s
 279000 +6.86065114e+12 +1.06509415e+27  1.07e+27   1.62e+08     3.01e+08   2715.467s
 280000 +6.85776336e+12 +1.06509420e+27  1.07e+27   1.62e+08     3.00e+08   2725.122s
 281000 +6.85486679e+12 +1.06509424e+27  1.07e+27   1.62e+08     2.99e+08   2734.779s
 282000 +6.85214873e+12 +1.06509429e+27  1.07e+27   1.62e+08     2.98e+08   2744.431s
 283000 +6.84929373e+12 +1.06509433e+27  1.07e+27   1.62e+08     2.97e+08   2754.082s
 284000 +6.84643893e+12 +1.06509437e+27  1.07e+27   1.62e+08     2.96e+08   2763.735s
 285000 +6.84348578e+12 +1.06509442e+27  1.07e+27   1.62e+08     2.95e+08   2773.386s
 286000 +6.84074488e+12 +1.06509446e+27  1.07e+27   1.62e+08     2.94e+08   2783.037s
 287000 +6.83804117e+12 +1.06509450e+27  1.07e+27   1.61e+08     2.93e+08   2792.689s
 288000 +6.83519884e+12 +1.06509455e+27  1.07e+27   1.61e+08     2.92e+08   2802.339s
 289000 +6.83260067e+12 +1.06509459e+27  1.07e+27   1.61e+08     2.91e+08   2811.988s
 290000 +6.82985513e+12 +1.06509463e+27  1.07e+27   1.61e+08     2.90e+08   2821.638s
 291000 +6.82745020e+12 +1.06509468e+27  1.07e+27   1.61e+08     2.90e+08   2831.288s
 292000 +6.82468790e+12 +1.06509472e+27  1.07e+27   1.61e+08     2.89e+08   2840.938s
 293000 +6.82191009e+12 +1.06509476e+27  1.07e+27   1.61e+08     2.88e+08   2850.588s
 294000 +6.81903603e+12 +1.06509481e+27  1.07e+27   1.61e+08     2.87e+08   2860.238s
 295000 +6.81646204e+12 +1.06509485e+27  1.07e+27   1.61e+08     2.87e+08   2869.889s
 296000 +6.81369516e+12 +1.06509489e+27  1.07e+27   1.61e+08     2.86e+08   2879.540s
 297000 +6.81108190e+12 +1.06509494e+27  1.07e+27   1.61e+08     2.85e+08   2889.191s
 298000 +6.80839375e+12 +1.06509498e+27  1.07e+27   1.61e+08     2.84e+08   2898.842s
 299000 +6.80596124e+12 +1.06509502e+27  1.07e+27   1.61e+08     2.84e+08   2908.494s
 300000 +6.80324692e+12 +1.06509506e+27  1.07e+27   1.61e+08     2.83e+08   2918.145s
 301000 +6.80054240e+12 +1.06509511e+27  1.07e+27   1.60e+08     2.82e+08   2927.795s
 302000 +6.79792004e+12 +1.06509515e+27  1.07e+27   1.60e+08     2.81e+08   2937.444s
 303000 +6.79551270e+12 +1.06509519e+27  1.07e+27   1.60e+08     2.81e+08   2947.095s
 304000 +6.79273216e+12 +1.06509523e+27  1.07e+27   1.60e+08     2.80e+08   2956.750s
 305000 +6.79004668e+12 +1.06509528e+27  1.07e+27   1.60e+08     2.79e+08   2966.399s
 306000 +6.78764643e+12 +1.06509532e+27  1.07e+27   1.60e+08     2.79e+08   2976.056s
 307000 +6.78495657e+12 +1.06509536e+27  1.07e+27   1.60e+08     2.78e+08   2985.708s
 308000 +6.78251550e+12 +1.06509540e+27  1.07e+27   1.60e+08     2.77e+08   2995.363s
 309000 +6.77994477e+12 +1.06509544e+27  1.07e+27   1.60e+08     2.77e+08   3005.015s
 310000 +6.77729582e+12 +1.06509549e+27  1.07e+27   1.60e+08     2.76e+08   3014.666s
 311000 +6.77457815e+12 +1.06509553e+27  1.07e+27   1.60e+08     2.76e+08   3024.315s
 312000 +6.77219454e+12 +1.06509557e+27  1.07e+27   1.60e+08     2.75e+08   3033.964s
 313000 +6.76974605e+12 +1.06509561e+27  1.07e+27   1.60e+08     2.74e+08   3043.614s
 314000 +6.76726839e+12 +1.06509566e+27  1.07e+27   1.60e+08     2.74e+08   3053.264s
 315000 +6.76476687e+12 +1.06509570e+27  1.07e+27   1.60e+08     2.73e+08   3062.913s
 316000 +6.76213773e+12 +1.06509574e+27  1.07e+27   1.60e+08     2.73e+08   3072.564s
 317000 +6.75962529e+12 +1.06509578e+27  1.07e+27   1.60e+08     2.72e+08   3082.214s
 318000 +6.75721647e+12 +1.06509582e+27  1.07e+27   1.59e+08     2.71e+08   3091.863s
 319000 +6.75493235e+12 +1.06509586e+27  1.07e+27   1.59e+08     2.71e+08   3101.513s
 320000 +6.75896862e+12 +1.06509714e+27  1.07e+27   1.59e+08     4.72e+10   3111.176s
 321000 +6.78908718e+12 +1.06510406e+27  1.07e+27   1.55e+08     4.39e+10   3120.836s
 322000 +6.80740835e+12 +1.06511086e+27  1.07e+27   1.54e+08     3.97e+10   3130.495s
 323000 +6.81651301e+12 +1.06511741e+27  1.07e+27   1.53e+08     3.75e+10   3140.154s
 324000 +6.83075087e+12 +1.06512387e+27  1.07e+27   1.53e+08     3.55e+10   3149.815s
 325000 +6.83790653e+12 +1.06513022e+27  1.07e+27   1.52e+08     3.41e+10   3159.474s
 326000 +6.84395731e+12 +1.06513652e+27  1.07e+27   1.52e+08     3.29e+10   3169.134s
 327000 +6.84822459e+12 +1.06514272e+27  1.07e+27   1.51e+08     3.21e+10   3178.792s
 328000 +6.85123332e+12 +1.06514886e+27  1.07e+27   1.51e+08     3.12e+10   3188.449s
 329000 +6.85328550e+12 +1.06515496e+27  1.07e+27   1.51e+08     3.03e+10   3198.108s
 330000 +6.85386911e+12 +1.06516099e+27  1.07e+27   1.51e+08     2.95e+10   3207.766s
 331000 +6.85597974e+12 +1.06516700e+27  1.07e+27   1.50e+08     2.88e+10   3217.423s
 332000 +6.85906634e+12 +1.06517298e+27  1.07e+27   1.50e+08     2.79e+10   3227.081s
 333000 +6.85948717e+12 +1.06517895e+27  1.07e+27   1.50e+08     2.72e+10   3236.741s
 334000 +6.85854031e+12 +1.06518489e+27  1.07e+27   1.50e+08     2.65e+10   3246.399s
 335000 +6.85701926e+12 +1.06519079e+27  1.07e+27   1.50e+08     2.60e+10   3256.057s
 336000 +6.85523226e+12 +1.06519668e+27  1.07e+27   1.49e+08     2.54e+10   3265.716s
 337000 +6.85331873e+12 +1.06520256e+27  1.07e+27   1.49e+08     2.48e+10   3275.376s
 338000 +6.85107251e+12 +1.06520843e+27  1.07e+27   1.49e+08     2.43e+10   3285.033s
 339000 +6.84929318e+12 +1.06521430e+27  1.07e+27   1.49e+08     2.39e+10   3294.692s
 340000 +6.84770127e+12 +1.06522015e+27  1.07e+27   1.49e+08     2.36e+10   3304.351s
 341000 +6.84591401e+12 +1.06522600e+27  1.07e+27   1.49e+08     2.33e+10   3314.008s
 342000 +6.84360560e+12 +1.06523182e+27  1.07e+27   1.49e+08     2.29e+10   3323.666s
 343000 +6.84139641e+12 +1.06523765e+27  1.07e+27   1.49e+08     2.26e+10   3333.323s
 344000 +6.83912537e+12 +1.06524347e+27  1.07e+27   1.49e+08     2.24e+10   3342.981s
 345000 +6.83644876e+12 +1.06524928e+27  1.07e+27   1.49e+08     2.21e+10   3352.637s
 346000 +6.83390066e+12 +1.06525509e+27  1.07e+27   1.49e+08     2.19e+10   3362.296s
 347000 +6.83097868e+12 +1.06526090e+27  1.07e+27   1.49e+08     2.17e+10   3371.956s
 348000 +6.82816457e+12 +1.06526670e+27  1.07e+27   1.49e+08     2.15e+10   3381.612s
 349000 +6.82582778e+12 +1.06527249e+27  1.07e+27   1.49e+08     2.13e+10   3391.270s
 350000 +6.82345911e+12 +1.06527827e+27  1.07e+27   1.49e+08     2.11e+10   3400.928s
 351000 +6.82132411e+12 +1.06528406e+27  1.07e+27   1.49e+08     2.09e+10   3410.586s
 352000 +6.81911722e+12 +1.06528984e+27  1.07e+27   1.48e+08     2.07e+10   3420.243s
 353000 +6.81705903e+12 +1.06529561e+27  1.07e+27   1.48e+08     2.05e+10   3429.903s
 354000 +6.81523750e+12 +1.06530139e+27  1.07e+27   1.48e+08     2.03e+10   3439.560s
 355000 +6.81348524e+12 +1.06530716e+27  1.07e+27   1.48e+08     2.02e+10   3449.216s
 356000 +6.81143138e+12 +1.06531293e+27  1.07e+27   1.48e+08     2.01e+10   3458.874s
 357000 +6.80932343e+12 +1.06531870e+27  1.07e+27   1.48e+08     2.00e+10   3468.532s
 358000 +6.80707844e+12 +1.06532446e+27  1.07e+27   1.48e+08     1.98e+10   3478.190s
 359000 +6.80489363e+12 +1.06533023e+27  1.07e+27   1.48e+08     1.96e+10   3487.846s
 360000 +6.80298688e+12 +1.06533599e+27  1.07e+27   1.48e+08     1.95e+10   3497.502s
 361000 +6.80132235e+12 +1.06534174e+27  1.07e+27   1.48e+08     1.95e+10   3507.159s
 362000 +6.79954587e+12 +1.06534749e+27  1.07e+27   1.48e+08     1.93e+10   3516.816s
 363000 +6.79772005e+12 +1.06535325e+27  1.07e+27   1.48e+08     1.92e+10   3526.471s
 364000 +6.79579025e+12 +1.06535899e+27  1.07e+27   1.48e+08     1.91e+10   3536.127s
 365000 +6.79377751e+12 +1.06536474e+27  1.07e+27   1.48e+08     1.91e+10   3545.782s
 366000 +6.79179784e+12 +1.06537049e+27  1.07e+27   1.48e+08     1.90e+10   3555.437s
 367000 +6.78978364e+12 +1.06537624e+27  1.07e+27   1.48e+08     1.89e+10   3565.103s
 368000 +6.78783993e+12 +1.06538198e+27  1.07e+27   1.48e+08     1.89e+10   3574.761s
 369000 +6.78598794e+12 +1.06538773e+27  1.07e+27   1.48e+08     1.88e+10   3584.424s
 370000 +6.78412236e+12 +1.06539347e+27  1.07e+27   1.48e+08     1.87e+10   3594.083s
PDLP finished
Status: Time Limit   Objective: 6.78275588e+12  Iterations: 370800  Time: 3610.580s

### exit_code=0
### finished=2026-08-09T15:27:28.117132
### gpu_peak_mb=138074.4
### gpu_peak2_mb=0.0
### per_gpu_peak_mb=[138074.375]
