### solver=cuopt-base
### instance=/home/scratch.vmostovoi_gpu/datasets/open_energy_benchmark/pypsa-eur-sec-50-24h.mps
### n_gpus=1
### CUDA_VISIBLE_DEVICES=0
### started=2026-07-29T16:56:49.312157
### argv=/home/scratch.vmostovoi_gpu/mostovoi_cuopt/cpp/build/cuopt_cli --method 1 --mps-reader experimental-fast --time-limit 3600 --iteration-limit 1000000000 --relative-primal-tolerance 1e-4 --relative-dual-tolerance 1e-4 --relative-gap-tolerance 1e-4 --log-to-console true /home/scratch.vmostovoi_gpu/datasets/open_energy_benchmark/pypsa-eur-sec-50-24h.mps
### --- solver output ---
Setting parameter iteration_limit to 1000000000
Setting parameter log_to_console to true
Setting parameter method to 1
Setting parameter relative_dual_tolerance to 1.000000e-04
Setting parameter relative_gap_tolerance to 1.000000e-04
Setting parameter relative_primal_tolerance to 1.000000e-04
Setting parameter time_limit to 3.600000e+03
Reading file pypsa-eur-sec-50-24h.mps
Using experimental fast MPS parser for '/home/scratch.vmostovoi_gpu/datasets/open_energy_benchmark/pypsa-eur-sec-50-24h.mps'
Read file pypsa-eur-sec-50-24h.mps in 1.08 seconds
cuOpt version: 26.8.0, git hash: 7116ead1, host arch: x86_64, device archs: 100a-real
CPU: INTEL(R) XEON(R) PLATINUM 8570, threads (physical/logical): 112/224, RAM: 1276.17 GiB
CUDA 13.3, device: NVIDIA B200 (ID 0), VRAM: 178.34 GiB
CUDA device UUID: 4515d9cd-e531-609a-45b1-d624589b161a
Solving a problem with 4723309 constraints, 2237826 variables (0 integers), and 11030338 nonzeros
Problem scaling:
Objective coefficents range:          [2e-01, 1e+06]
Constraint matrix coefficients range: [2e-03, 5e+02]
Constraint rhs / bounds range:        [3e-01, 1e+09]
Variable bounds range:                [9e-02, 4e+10]
Warning: input problem contains a large range of coefficients: consider reformulating to avoid numerical difficulties.

Using PSLP presolver
PSLP Presolved problem: 1760425 constraints, 1869265 variables, 6585534 non-zeros
PSLP presolve time: 4.26s
Objective offset -34689206886.883751 scaling_factor 1.000000
   Iter    Primal Obj.      Dual Obj.    Gap        Primal Res.  Dual Res.   Time
      0 -3.46892069e+10 -3.46892069e+10  0.00e+00   9.17e+06     1.19e+07   5.025s
   1000 +1.02271993e+11 +2.14677364e+11  1.12e+11   1.68e+06     8.70e+01   5.205s
   2000 +1.03773240e+11 +2.19636249e+11  1.16e+11   1.20e+06     1.22e+02   5.340s
   3000 +1.10277740e+11 +2.31579243e+11  1.21e+11   1.11e+06     2.06e+02   5.476s
   4000 +1.31661137e+11 +2.57126202e+11  1.25e+11   1.02e+06     5.39e+02   5.611s
   5000 +1.62775429e+11 +2.89855405e+11  1.27e+11   8.71e+05     4.56e+02   5.745s
   6000 +2.26632744e+11 +3.40168956e+11  1.14e+11   7.05e+05     2.79e+03   5.881s
   7000 +3.25636651e+11 +3.83000232e+11  5.74e+10   2.87e+05     1.66e+03   6.015s
   8000 +3.53684848e+11 +3.88767275e+11  3.51e+10   1.79e+05     7.96e+02   6.150s
   9000 +3.89803821e+11 +3.95654849e+11  5.85e+09   2.13e+04     1.78e+03   6.285s
  10000 +3.94208983e+11 +3.97148411e+11  2.94e+09   9.37e+03     1.89e+03   6.420s
  11000 +3.95585122e+11 +3.97783675e+11  2.20e+09   5.13e+03     1.28e+03   6.552s
  12000 +3.96073907e+11 +3.97862427e+11  1.79e+09   3.58e+03     8.27e+02   6.685s
  13000 +3.96346028e+11 +3.97919247e+11  1.57e+09   2.82e+03     7.10e+02   6.817s
  14000 +3.96544788e+11 +3.97888843e+11  1.34e+09   2.23e+03     6.41e+02   6.950s
  15000 +3.96956846e+11 +3.97887697e+11  9.31e+08   1.59e+03     6.61e+02   7.083s
  16000 +3.97111782e+11 +3.97838615e+11  7.27e+08   1.17e+03     5.68e+02   7.216s
  17000 +3.97180039e+11 +3.97834256e+11  6.54e+08   9.46e+02     5.47e+02   7.348s
  18000 +3.97201541e+11 +3.97791849e+11  5.90e+08   8.36e+02     5.18e+02   7.481s
  19000 +3.97208634e+11 +3.97739232e+11  5.31e+08   7.56e+02     5.06e+02   7.614s
  20000 +3.97223370e+11 +3.97701619e+11  4.78e+08   6.70e+02     4.95e+02   7.746s
  21000 +3.97230999e+11 +3.97669675e+11  4.39e+08   5.96e+02     4.82e+02   7.879s
  22000 +3.97224627e+11 +3.97655659e+11  4.31e+08   5.44e+02     4.66e+02   8.012s
  23000 +3.97224980e+11 +3.97644841e+11  4.20e+08   5.04e+02     4.54e+02   8.144s
  24000 +3.97274689e+11 +3.97604684e+11  3.30e+08   4.53e+02     4.52e+02   8.278s
  25000 +3.97256152e+11 +3.97576443e+11  3.20e+08   4.64e+02     4.37e+02   8.410s
  26000 +3.97240082e+11 +3.97510509e+11  2.70e+08   5.06e+02     4.28e+02   8.543s
  27000 +3.97222905e+11 +3.97481971e+11  2.59e+08   4.80e+02     4.17e+02   8.676s
  28000 +3.97208943e+11 +3.97465850e+11  2.57e+08   4.59e+02     4.07e+02   8.808s
  29000 +3.97201503e+11 +3.97441577e+11  2.40e+08   4.31e+02     4.01e+02   8.941s
  30000 +3.97190667e+11 +3.97441602e+11  2.51e+08   4.03e+02     3.96e+02   9.074s
  31000 +3.97179113e+11 +3.97415197e+11  2.36e+08   3.89e+02     3.88e+02   9.207s
  32000 +3.97168531e+11 +3.97445544e+11  2.77e+08   3.75e+02     3.81e+02   9.339s
  33000 +3.97157047e+11 +3.97487187e+11  3.30e+08   3.34e+02     3.77e+02   9.472s
  34000 +3.97143434e+11 +3.97443246e+11  3.00e+08   3.08e+02     3.71e+02   9.605s
  35000 +3.97131700e+11 +3.97448486e+11  3.17e+08   2.88e+02     3.68e+02   9.737s
  36000 +3.97123521e+11 +3.97432329e+11  3.09e+08   2.82e+02     3.64e+02   9.870s
  37000 +3.97123121e+11 +3.97421330e+11  2.98e+08   4.76e+02     3.53e+02   10.003s
  38000 +3.97085384e+11 +3.97366517e+11  2.81e+08   5.20e+02     3.47e+02   10.136s
  39000 +3.97056101e+11 +3.97344685e+11  2.89e+08   5.53e+02     3.38e+02   10.269s
  40000 +3.97033401e+11 +3.97300211e+11  2.67e+08   5.54e+02     3.32e+02   10.401s
  41000 +3.97004067e+11 +3.97289136e+11  2.85e+08   5.66e+02     3.25e+02   10.534s
  42000 +3.96972800e+11 +3.97279263e+11  3.06e+08   5.55e+02     3.19e+02   10.667s
  43000 +3.96948063e+11 +3.97246110e+11  2.98e+08   5.73e+02     3.14e+02   10.799s
  44000 +3.96925098e+11 +3.97227853e+11  3.03e+08   5.72e+02     3.09e+02   10.932s
  45000 +3.96898842e+11 +3.97197069e+11  2.98e+08   5.65e+02     3.04e+02   11.065s
  46000 +3.96872210e+11 +3.97187749e+11  3.16e+08   5.68e+02     2.99e+02   11.197s
  47000 +3.96857502e+11 +3.97172757e+11  3.15e+08   5.80e+02     2.93e+02   11.330s
  48000 +3.96841568e+11 +3.97160765e+11  3.19e+08   5.94e+02     2.86e+02   11.463s
  49000 +3.96812767e+11 +3.97132721e+11  3.20e+08   5.88e+02     2.81e+02   11.595s
  50000 +3.96793926e+11 +3.97123609e+11  3.30e+08   5.97e+02     2.77e+02   11.728s
  51000 +3.96774768e+11 +3.97118700e+11  3.44e+08   5.79e+02     2.73e+02   11.861s
  52000 +3.96751913e+11 +3.97103880e+11  3.52e+08   5.73e+02     2.68e+02   11.993s
  53000 +3.96738969e+11 +3.97083771e+11  3.45e+08   5.83e+02     2.63e+02   12.126s
  54000 +3.96720082e+11 +3.97070987e+11  3.51e+08   5.19e+02     2.59e+02   12.259s
  55000 +3.96702172e+11 +3.97067732e+11  3.66e+08   5.18e+02     2.56e+02   12.391s
  56000 +3.96684646e+11 +3.97063315e+11  3.79e+08   5.09e+02     2.52e+02   12.524s
  57000 +3.96689009e+11 +3.97039607e+11  3.51e+08   1.40e+03     2.47e+02   12.657s
  58000 +3.96657915e+11 +3.97023866e+11  3.66e+08   2.02e+03     2.38e+02   12.790s
  59000 +3.96604432e+11 +3.97006487e+11  4.02e+08   2.34e+03     2.30e+02   12.923s
  60000 +3.96546738e+11 +3.96986621e+11  4.40e+08   2.46e+03     2.24e+02   13.055s
  61000 +3.96482582e+11 +3.96962108e+11  4.80e+08   2.36e+03     2.18e+02   13.188s
  62000 +3.96418365e+11 +3.96988607e+11  5.70e+08   2.39e+03     2.11e+02   13.321s
  63000 +3.96388252e+11 +3.96980153e+11  5.92e+08   2.44e+03     2.04e+02   13.453s
  64000 +3.96355356e+11 +3.96964266e+11  6.09e+08   2.41e+03     1.99e+02   13.586s
  65000 +3.96320498e+11 +3.96930495e+11  6.10e+08   2.38e+03     1.94e+02   13.719s
  66000 +3.96274311e+11 +3.96909950e+11  6.36e+08   2.32e+03     1.89e+02   13.851s
  67000 +3.96256500e+11 +3.96892361e+11  6.36e+08   2.31e+03     1.85e+02   13.984s
  68000 +3.96220889e+11 +3.96878557e+11  6.58e+08   2.34e+03     1.80e+02   14.117s
  69000 +3.96186556e+11 +3.96862891e+11  6.76e+08   2.41e+03     1.74e+02   14.249s
  70000 +3.96166541e+11 +3.96848255e+11  6.82e+08   2.46e+03     1.69e+02   14.382s
  71000 +3.96142610e+11 +3.96827958e+11  6.85e+08   2.51e+03     1.62e+02   14.514s
  72000 +3.96115944e+11 +3.96802787e+11  6.87e+08   2.58e+03     1.56e+02   14.647s
  73000 +3.96086210e+11 +3.96785990e+11  7.00e+08   2.55e+03     1.49e+02   14.780s
  74000 +3.96057416e+11 +3.96770361e+11  7.13e+08   2.56e+03     1.42e+02   14.912s
  75000 +3.96040354e+11 +3.96751096e+11  7.11e+08   2.55e+03     1.36e+02   15.045s
  76000 +3.96016536e+11 +3.96728076e+11  7.12e+08   2.56e+03     1.30e+02   15.178s
  77000 +3.95999914e+11 +3.96710362e+11  7.10e+08   2.60e+03     1.24e+02   15.310s
  78000 +3.95975861e+11 +3.96692731e+11  7.17e+08   2.63e+03     1.18e+02   15.443s
  79000 +3.95963467e+11 +3.96673525e+11  7.10e+08   2.60e+03     1.13e+02   15.576s
  80000 +3.95946822e+11 +3.96652193e+11  7.05e+08   2.55e+03     1.08e+02   15.708s
  81000 +3.95920160e+11 +3.96639558e+11  7.19e+08   2.51e+03     1.03e+02   15.841s
  82000 +3.95891803e+11 +3.96634126e+11  7.42e+08   2.48e+03     9.80e+01   15.974s
  83000 +3.95880561e+11 +3.96628753e+11  7.48e+08   2.41e+03     9.40e+01   16.106s
  84000 +3.95865423e+11 +3.96617634e+11  7.52e+08   2.38e+03     9.05e+01   16.239s
  85000 +3.95847841e+11 +3.96604648e+11  7.57e+08   2.24e+03     8.77e+01   16.372s
  86000 +3.95824969e+11 +3.96596205e+11  7.71e+08   2.15e+03     8.67e+01   16.504s
  87000 +3.95811381e+11 +3.96615462e+11  8.04e+08   2.05e+03     8.60e+01   16.637s
  88000 +3.95804609e+11 +3.96586532e+11  7.82e+08   2.05e+03     8.50e+01   16.770s
  89000 +3.95787375e+11 +3.96574508e+11  7.87e+08   2.63e+03     8.24e+01   16.903s
  90000 +3.95774153e+11 +3.96573913e+11  8.00e+08   3.31e+03     8.03e+01   17.035s
  91000 +3.95748285e+11 +3.96553687e+11  8.05e+08   3.81e+03     7.79e+01   17.168s
  92000 +3.95728791e+11 +3.96545971e+11  8.17e+08   4.04e+03     7.60e+01   17.301s
  93000 +3.95725827e+11 +3.96542149e+11  8.16e+08   4.09e+03     7.38e+01   17.434s
  94000 +3.95723189e+11 +3.96525536e+11  8.02e+08   4.13e+03     7.18e+01   17.566s
  95000 +3.95709593e+11 +3.96508284e+11  7.99e+08   4.10e+03     7.00e+01   17.699s
  96000 +3.95687330e+11 +3.96484776e+11  7.97e+08   3.94e+03     6.83e+01   17.832s
  97000 +3.95663858e+11 +3.96464932e+11  8.01e+08   3.77e+03     6.69e+01   17.964s
  98000 +3.95647831e+11 +3.96452957e+11  8.05e+08   3.75e+03     6.55e+01   18.097s
  99000 +3.95635417e+11 +3.96436993e+11  8.02e+08   3.71e+03     6.44e+01   18.230s
 100000 +3.95596332e+11 +3.96424947e+11  8.29e+08   3.71e+03     6.32e+01   18.362s
 101000 +3.95567726e+11 +3.96412295e+11  8.45e+08   3.65e+03     6.25e+01   18.495s
 102000 +3.95550713e+11 +3.96394303e+11  8.44e+08   3.61e+03     6.22e+01   18.628s
 103000 +3.95545037e+11 +3.96380108e+11  8.35e+08   3.57e+03     6.17e+01   18.760s
 104000 +3.95533017e+11 +3.96364326e+11  8.31e+08   3.49e+03     6.11e+01   18.893s
 105000 +3.95519387e+11 +3.96350422e+11  8.31e+08   3.46e+03     6.03e+01   19.026s
 106000 +3.95515535e+11 +3.96337437e+11  8.22e+08   3.40e+03     5.94e+01   19.158s
 107000 +3.95506960e+11 +3.96324374e+11  8.17e+08   3.38e+03     5.85e+01   19.291s
 108000 +3.95504840e+11 +3.96314850e+11  8.10e+08   3.38e+03     5.76e+01   19.424s
 109000 +3.95487489e+11 +3.96306056e+11  8.19e+08   3.38e+03     5.66e+01   19.556s
 110000 +3.95476382e+11 +3.96297900e+11  8.22e+08   3.39e+03     5.57e+01   19.689s
 111000 +3.95469028e+11 +3.96287052e+11  8.18e+08   3.38e+03     5.48e+01   19.822s
 112000 +3.95458950e+11 +3.96278690e+11  8.20e+08   3.33e+03     5.42e+01   19.954s
 113000 +3.95460331e+11 +3.96267180e+11  8.07e+08   3.32e+03     5.36e+01   20.087s
 114000 +3.95450718e+11 +3.96257054e+11  8.06e+08   3.25e+03     5.32e+01   20.220s
 115000 +3.95440251e+11 +3.96247300e+11  8.07e+08   3.31e+03     5.26e+01   20.352s
 116000 +3.95431553e+11 +3.96237996e+11  8.06e+08   3.29e+03     5.20e+01   20.485s
 117000 +3.95425504e+11 +3.96231059e+11  8.06e+08   3.25e+03     5.14e+01   20.617s
 118000 +3.95422639e+11 +3.96225203e+11  8.03e+08   3.30e+03     5.07e+01   20.750s
 119000 +3.95421853e+11 +3.96216253e+11  7.94e+08   3.34e+03     5.01e+01   20.883s
 120000 +3.95413164e+11 +3.96210416e+11  7.97e+08   3.37e+03     4.96e+01   21.015s
 121000 +3.95405823e+11 +3.96201997e+11  7.96e+08   3.40e+03     4.91e+01   21.148s
 122000 +3.95399945e+11 +3.96196712e+11  7.97e+08   3.47e+03     4.84e+01   21.281s
 123000 +3.95404173e+11 +3.96183523e+11  7.79e+08   3.48e+03     4.77e+01   21.413s
 124000 +3.95399759e+11 +3.96175590e+11  7.76e+08   3.49e+03     4.71e+01   21.546s
 125000 +3.95393646e+11 +3.96167003e+11  7.73e+08   3.55e+03     4.66e+01   21.679s
 126000 +3.95380327e+11 +3.96158622e+11  7.78e+08   3.57e+03     4.58e+01   21.811s
 127000 +3.95379926e+11 +3.96153177e+11  7.73e+08   3.56e+03     4.52e+01   21.944s
 128000 +3.95366343e+11 +3.96145644e+11  7.79e+08   3.57e+03     4.45e+01   22.076s
 129000 +3.95359759e+11 +3.96138729e+11  7.79e+08   3.59e+03     4.38e+01   22.209s
 130000 +3.95348492e+11 +3.96133769e+11  7.85e+08   3.49e+03     4.32e+01   22.342s
 131000 +3.95337781e+11 +3.96130312e+11  7.93e+08   3.51e+03     4.26e+01   22.474s
 132000 +3.95337297e+11 +3.96126191e+11  7.89e+08   3.54e+03     4.19e+01   22.607s
 133000 +3.95332915e+11 +3.96119067e+11  7.86e+08   3.54e+03     4.12e+01   22.740s
 134000 +3.95325288e+11 +3.96114222e+11  7.89e+08   3.53e+03     4.05e+01   22.872s
 135000 +3.95321224e+11 +3.96111053e+11  7.90e+08   3.48e+03     4.01e+01   23.005s
 136000 +3.95316420e+11 +3.96107036e+11  7.91e+08   3.47e+03     3.90e+01   23.137s
 137000 +3.95318514e+11 +3.96100329e+11  7.82e+08   3.44e+03     3.82e+01   23.270s
 138000 +3.95312722e+11 +3.96093778e+11  7.81e+08   3.40e+03     3.76e+01   23.403s
 139000 +3.95323066e+11 +3.96077315e+11  7.54e+08   3.57e+03     3.54e+01   23.536s
 140000 +3.95329160e+11 +3.96071569e+11  7.42e+08   3.84e+03     3.50e+01   23.668s
 141000 +3.95320584e+11 +3.96063798e+11  7.43e+08   4.07e+03     3.47e+01   23.801s
 142000 +3.95323223e+11 +3.96056077e+11  7.33e+08   4.31e+03     3.42e+01   23.934s
 143000 +3.95326172e+11 +3.96049572e+11  7.23e+08   4.54e+03     3.38e+01   24.067s
 144000 +3.95327347e+11 +3.96041329e+11  7.14e+08   4.78e+03     3.34e+01   24.199s
 145000 +3.95328142e+11 +3.96032900e+11  7.05e+08   4.97e+03     3.30e+01   24.332s
 146000 +3.95326871e+11 +3.96024096e+11  6.97e+08   5.15e+03     3.26e+01   24.464s
 147000 +3.95329066e+11 +3.96015026e+11  6.86e+08   5.31e+03     3.23e+01   24.597s
 148000 +3.95316558e+11 +3.96003061e+11  6.87e+08   5.46e+03     3.19e+01   24.730s
 149000 +3.95326748e+11 +3.95994678e+11  6.68e+08   5.54e+03     3.15e+01   24.863s
 150000 +3.95326506e+11 +3.95983093e+11  6.57e+08   5.64e+03     3.12e+01   24.995s
 151000 +3.95323103e+11 +3.95973413e+11  6.50e+08   5.76e+03     3.09e+01   25.128s
 152000 +3.95314404e+11 +3.95963664e+11  6.49e+08   5.86e+03     3.06e+01   25.260s
 153000 +3.95309990e+11 +3.95954089e+11  6.44e+08   6.02e+03     3.03e+01   25.393s
 154000 +3.95300195e+11 +3.95943930e+11  6.44e+08   6.15e+03     3.00e+01   25.526s
 155000 +3.95299595e+11 +3.95935586e+11  6.36e+08   6.16e+03     2.96e+01   25.658s
 156000 +3.95291512e+11 +3.95926820e+11  6.35e+08   6.24e+03     2.93e+01   25.791s
 157000 +3.95294838e+11 +3.95916608e+11  6.22e+08   6.31e+03     2.89e+01   25.924s
 158000 +3.95283409e+11 +3.95909939e+11  6.27e+08   6.30e+03     2.82e+01   26.056s
 159000 +3.95275226e+11 +3.95901379e+11  6.26e+08   6.29e+03     2.78e+01   26.189s
 160000 +3.95266525e+11 +3.95890231e+11  6.24e+08   6.21e+03     2.74e+01   26.321s
 161000 +3.95259283e+11 +3.95880285e+11  6.21e+08   6.12e+03     2.70e+01   26.454s
 162000 +3.95251845e+11 +3.95871637e+11  6.20e+08   6.04e+03     2.66e+01   26.587s
 163000 +3.95245057e+11 +3.95864090e+11  6.19e+08   6.01e+03     2.49e+01   26.719s
 164000 +3.95244687e+11 +3.95843363e+11  5.99e+08   6.33e+03     2.42e+01   26.852s
 165000 +3.95262125e+11 +3.95835127e+11  5.73e+08   6.79e+03     2.39e+01   26.985s
 166000 +3.95286144e+11 +3.95827981e+11  5.42e+08   7.25e+03     2.32e+01   27.117s
 167000 +3.95319707e+11 +3.95821345e+11  5.02e+08   7.78e+03     2.29e+01   27.250s
 168000 +3.95342939e+11 +3.95811965e+11  4.69e+08   8.29e+03     2.26e+01   27.383s
 169000 +3.95375308e+11 +3.95803403e+11  4.28e+08   8.77e+03     2.21e+01   27.515s
 170000 +3.95405518e+11 +3.95791626e+11  3.86e+08   9.21e+03     2.17e+01   27.648s
 171000 +3.95418209e+11 +3.95778488e+11  3.60e+08   9.58e+03     2.05e+01   27.781s
 172000 +3.95412919e+11 +3.95763604e+11  3.51e+08   9.89e+03     1.99e+01   27.913s
 173000 +3.95413226e+11 +3.95751163e+11  3.38e+08   1.02e+04     1.97e+01   28.046s
 174000 +3.95423846e+11 +3.95741016e+11  3.17e+08   1.04e+04     1.94e+01   28.179s
 175000 +3.95416008e+11 +3.95727851e+11  3.12e+08   1.07e+04     1.93e+01   28.311s
 176000 +3.95431899e+11 +3.95715315e+11  2.83e+08   1.10e+04     1.91e+01   28.444s
 177000 +3.95446217e+11 +3.95697798e+11  2.52e+08   1.13e+04     1.89e+01   28.577s
 178000 +3.95448771e+11 +3.95674073e+11  2.25e+08   1.16e+04     1.87e+01   28.709s
 179000 +3.95434484e+11 +3.95654907e+11  2.20e+08   1.18e+04     1.85e+01   28.842s
 180000 +3.95417266e+11 +3.95639123e+11  2.22e+08   1.20e+04     1.84e+01   28.975s
 181000 +3.95420857e+11 +3.95623153e+11  2.02e+08   1.22e+04     1.82e+01   29.107s
 182000 +3.95422358e+11 +3.95607851e+11  1.85e+08   1.23e+04     1.80e+01   29.240s
 183000 +3.95400638e+11 +3.95593333e+11  1.93e+08   1.25e+04     1.79e+01   29.373s
 184000 +3.95402457e+11 +3.95575152e+11  1.73e+08   1.26e+04     1.77e+01   29.506s
 185000 +3.95390244e+11 +3.95562582e+11  1.72e+08   1.28e+04     1.76e+01   29.638s
 186000 +3.95369171e+11 +3.95552910e+11  1.84e+08   1.30e+04     1.74e+01   29.771s
 187000 +3.95358851e+11 +3.95541712e+11  1.83e+08   1.32e+04     1.72e+01   29.904s
 188000 +3.95360129e+11 +3.95529615e+11  1.69e+08   1.34e+04     1.71e+01   30.036s
 189000 +3.95334013e+11 +3.95519867e+11  1.86e+08   1.36e+04     1.69e+01   30.169s
 190000 +3.95322688e+11 +3.95509944e+11  1.87e+08   1.38e+04     1.67e+01   30.302s
 191000 +3.95308129e+11 +3.95500881e+11  1.93e+08   1.39e+04     1.65e+01   30.434s
 192000 +3.95303087e+11 +3.95489928e+11  1.87e+08   1.41e+04     1.63e+01   30.567s
 193000 +3.95324908e+11 +3.95481054e+11  1.56e+08   1.43e+04     1.61e+01   30.699s
 194000 +3.95318277e+11 +3.95471957e+11  1.54e+08   1.44e+04     1.59e+01   30.832s
 195000 +3.95317813e+11 +3.95464246e+11  1.46e+08   1.45e+04     1.56e+01   30.965s
 196000 +3.95296905e+11 +3.95457849e+11  1.61e+08   1.46e+04     1.54e+01   31.097s
 197000 +3.95275528e+11 +3.95452700e+11  1.77e+08   1.47e+04     1.52e+01   31.230s
 198000 +3.95231650e+11 +3.95445249e+11  2.14e+08   1.48e+04     1.50e+01   31.363s
 199000 +3.95208555e+11 +3.95439644e+11  2.31e+08   1.49e+04     1.48e+01   31.495s
 200000 +3.95185284e+11 +3.95434559e+11  2.49e+08   1.50e+04     1.45e+01   31.628s
 201000 +3.95186236e+11 +3.95428112e+11  2.42e+08   1.51e+04     1.43e+01   31.761s
 202000 +3.95182264e+11 +3.95424438e+11  2.42e+08   1.52e+04     1.40e+01   31.893s
 203000 +3.95173092e+11 +3.95420118e+11  2.47e+08   1.53e+04     1.38e+01   32.026s
 204000 +3.95161762e+11 +3.95414188e+11  2.52e+08   1.52e+04     1.35e+01   32.158s
 205000 +3.95169664e+11 +3.95408664e+11  2.39e+08   1.50e+04     1.33e+01   32.291s
 206000 +3.95172427e+11 +3.95403347e+11  2.31e+08   1.51e+04     1.31e+01   32.424s
 207000 +3.95174617e+11 +3.95399320e+11  2.25e+08   1.52e+04     1.28e+01   32.556s
 208000 +3.95165859e+11 +3.95395587e+11  2.30e+08   1.53e+04     1.27e+01   32.689s
 209000 +3.95170044e+11 +3.95389340e+11  2.19e+08   1.51e+04     1.25e+01   32.821s
 210000 +3.95169480e+11 +3.95382674e+11  2.13e+08   1.51e+04     1.23e+01   32.954s
 211000 +3.95166791e+11 +3.95377411e+11  2.11e+08   1.52e+04     1.21e+01   33.087s
 212000 +3.95150936e+11 +3.95372104e+11  2.21e+08   1.52e+04     1.19e+01   33.219s
 213000 +3.95152747e+11 +3.95364861e+11  2.12e+08   1.53e+04     1.17e+01   33.352s
 214000 +3.95141412e+11 +3.95360085e+11  2.19e+08   1.52e+04     1.14e+01   33.485s
 215000 +3.95146448e+11 +3.95353044e+11  2.07e+08   1.52e+04     1.12e+01   33.617s
 216000 +3.95138639e+11 +3.95346942e+11  2.08e+08   1.53e+04     1.10e+01   33.750s
 217000 +3.95130871e+11 +3.95342053e+11  2.11e+08   1.53e+04     1.08e+01   33.883s
 218000 +3.95152907e+11 +3.95335801e+11  1.83e+08   1.53e+04     1.06e+01   34.015s
 219000 +3.95141047e+11 +3.95329229e+11  1.88e+08   1.53e+04     1.04e+01   34.148s
 220000 +3.95127594e+11 +3.95324060e+11  1.96e+08   1.53e+04     1.02e+01   34.281s
 221000 +3.95128237e+11 +3.95317916e+11  1.90e+08   1.53e+04     1.01e+01   34.413s
 222000 +3.95113838e+11 +3.95312919e+11  1.99e+08   1.53e+04     9.86e+00   34.546s
 223000 +3.95099037e+11 +3.95307740e+11  2.09e+08   1.53e+04     9.68e+00   34.679s
 224000 +3.95100449e+11 +3.95303493e+11  2.03e+08   1.53e+04     9.38e+00   34.811s
 225000 +3.95080983e+11 +3.95298272e+11  2.17e+08   1.53e+04     9.19e+00   34.944s
 226000 +3.95059084e+11 +3.95292735e+11  2.34e+08   1.53e+04     8.99e+00   35.076s
 227000 +3.95053088e+11 +3.95286440e+11  2.33e+08   1.53e+04     8.81e+00   35.209s
 228000 +3.95036107e+11 +3.95282125e+11  2.46e+08   1.53e+04     8.61e+00   35.342s
 229000 +3.95035742e+11 +3.95276388e+11  2.41e+08   1.53e+04     8.42e+00   35.474s
 230000 +3.95036175e+11 +3.95271814e+11  2.36e+08   1.53e+04     8.25e+00   35.607s
 231000 +3.95039605e+11 +3.95268609e+11  2.29e+08   1.53e+04     8.12e+00   35.740s
 232000 +3.95044921e+11 +3.95262648e+11  2.18e+08   1.53e+04     7.94e+00   35.872s
 233000 +3.95038060e+11 +3.95257285e+11  2.19e+08   1.53e+04     7.77e+00   36.005s
 234000 +3.95052209e+11 +3.95252856e+11  2.01e+08   1.53e+04     7.58e+00   36.137s
 235000 +3.95046897e+11 +3.95247293e+11  2.00e+08   1.54e+04     7.41e+00   36.270s
 236000 +3.95034784e+11 +3.95243166e+11  2.08e+08   1.53e+04     7.24e+00   36.403s
 237000 +3.95030145e+11 +3.95238839e+11  2.09e+08   1.53e+04     7.05e+00   36.535s
 238000 +3.95030085e+11 +3.95234415e+11  2.04e+08   1.53e+04     6.85e+00   36.668s
 239000 +3.95024022e+11 +3.95230467e+11  2.06e+08   1.52e+04     6.67e+00   36.801s
 240000 +3.95009200e+11 +3.95225424e+11  2.16e+08   1.52e+04     6.49e+00   36.933s
 241000 +3.94984454e+11 +3.95221416e+11  2.37e+08   1.51e+04     6.32e+00   37.066s
 242000 +3.94959089e+11 +3.95216060e+11  2.57e+08   1.51e+04     6.13e+00   37.198s
 243000 +3.94946610e+11 +3.95212995e+11  2.66e+08   1.51e+04     5.95e+00   37.331s
 244000 +3.94935937e+11 +3.95208447e+11  2.73e+08   1.51e+04     5.77e+00   37.464s
 245000 +3.94944418e+11 +3.95204656e+11  2.60e+08   1.50e+04     5.61e+00   37.596s
 246000 +3.94945177e+11 +3.95201072e+11  2.56e+08   1.49e+04     5.46e+00   37.729s
 247000 +3.94928313e+11 +3.95196989e+11  2.69e+08   1.48e+04     5.31e+00   37.862s
 248000 +3.94902636e+11 +3.95194126e+11  2.91e+08   1.48e+04     5.14e+00   37.994s
 249000 +3.94891556e+11 +3.95190387e+11  2.99e+08   1.47e+04     4.97e+00   38.127s
 250000 +3.94882739e+11 +3.95187023e+11  3.04e+08   1.46e+04     4.81e+00   38.259s
 251000 +3.94876853e+11 +3.95182992e+11  3.06e+08   1.46e+04     4.67e+00   38.392s
 252000 +3.94883687e+11 +3.95179496e+11  2.96e+08   1.45e+04     4.56e+00   38.525s
 253000 +3.94891264e+11 +3.95175805e+11  2.85e+08   1.44e+04     4.46e+00   38.657s
 254000 +3.94889723e+11 +3.95171943e+11  2.82e+08   1.43e+04     4.36e+00   38.790s
 255000 +3.94872524e+11 +3.95167817e+11  2.95e+08   1.43e+04     4.26e+00   38.923s
 256000 +3.94855745e+11 +3.95145978e+11  2.90e+08   1.37e+04     3.94e+00   39.056s
 257000 +3.94854047e+11 +3.95139036e+11  2.85e+08   1.38e+04     3.88e+00   39.188s
 258000 +3.94855154e+11 +3.95130581e+11  2.75e+08   1.39e+04     3.82e+00   39.321s
 259000 +3.94866805e+11 +3.95123594e+11  2.57e+08   1.40e+04     3.77e+00   39.454s
 260000 +3.94868638e+11 +3.95117581e+11  2.49e+08   1.40e+04     3.71e+00   39.586s
 261000 +3.94873007e+11 +3.95110440e+11  2.37e+08   1.41e+04     3.66e+00   39.719s
 262000 +3.94873334e+11 +3.95102456e+11  2.29e+08   1.42e+04     3.60e+00   39.852s
 263000 +3.94867709e+11 +3.95094415e+11  2.27e+08   1.43e+04     3.55e+00   39.985s
 264000 +3.94858194e+11 +3.95087352e+11  2.29e+08   1.44e+04     3.50e+00   40.117s
 265000 +3.94854440e+11 +3.95081170e+11  2.27e+08   1.45e+04     3.44e+00   40.250s
 266000 +3.94845175e+11 +3.95074539e+11  2.29e+08   1.45e+04     3.39e+00   40.383s
 267000 +3.94842535e+11 +3.95069511e+11  2.27e+08   1.46e+04     3.34e+00   40.515s
 268000 +3.94841632e+11 +3.95062928e+11  2.21e+08   1.47e+04     3.28e+00   40.648s
 269000 +3.94846918e+11 +3.95056531e+11  2.10e+08   1.47e+04     3.23e+00   40.781s
 270000 +3.94845142e+11 +3.95052124e+11  2.07e+08   1.48e+04     3.17e+00   40.913s
 271000 +3.94850648e+11 +3.95046546e+11  1.96e+08   1.48e+04     3.13e+00   41.046s
 272000 +3.94839833e+11 +3.95039903e+11  2.00e+08   1.49e+04     3.07e+00   41.179s
 273000 +3.94839130e+11 +3.95032973e+11  1.94e+08   1.49e+04     3.02e+00   41.312s
 274000 +3.94831864e+11 +3.95028063e+11  1.96e+08   1.50e+04     2.97e+00   41.444s
 275000 +3.94835381e+11 +3.95021137e+11  1.86e+08   1.50e+04     2.92e+00   41.577s
 276000 +3.94825942e+11 +3.95016449e+11  1.91e+08   1.49e+04     2.87e+00   41.710s
 277000 +3.94818096e+11 +3.95012018e+11  1.94e+08   1.49e+04     2.81e+00   41.842s
 278000 +3.94821831e+11 +3.95006423e+11  1.85e+08   1.49e+04     2.75e+00   41.975s
 279000 +3.94842146e+11 +3.95001137e+11  1.59e+08   1.50e+04     2.69e+00   42.108s
 280000 +3.94825124e+11 +3.94996303e+11  1.71e+08   1.49e+04     2.63e+00   42.241s
 281000 +3.94820894e+11 +3.94991805e+11  1.71e+08   1.49e+04     2.57e+00   42.373s
 282000 +3.94824185e+11 +3.94986460e+11  1.62e+08   1.50e+04     2.51e+00   42.506s
 283000 +3.94828333e+11 +3.94982411e+11  1.54e+08   1.50e+04     2.44e+00   42.639s
 284000 +3.94826074e+11 +3.94977876e+11  1.52e+08   1.50e+04     2.39e+00   42.771s
 285000 +3.94817466e+11 +3.94972473e+11  1.55e+08   1.50e+04     2.33e+00   42.904s
 286000 +3.94806368e+11 +3.94967354e+11  1.61e+08   1.50e+04     2.29e+00   43.037s
 287000 +3.94792385e+11 +3.94962693e+11  1.70e+08   1.49e+04     2.25e+00   43.169s
 288000 +3.94791159e+11 +3.94950534e+11  1.59e+08   1.49e+04     2.20e+00   43.302s
 289000 +3.94780068e+11 +3.94930295e+11  1.50e+08   1.49e+04     2.12e+00   43.435s
 290000 +3.94798301e+11 +3.94912221e+11  1.14e+08   1.49e+04     2.08e+00   43.567s
 291000 +3.94796401e+11 +3.94895606e+11  9.92e+07   1.48e+04     2.04e+00   43.700s
 292000 +3.94779231e+11 +3.94875912e+11  9.67e+07   1.48e+04     1.98e+00   43.833s
 293000 +3.94780460e+11 +3.94854411e+11  7.40e+07   1.47e+04     1.95e+00   43.965s
LP Solver status:                Optimal
Primal objective:                +3.94780460e+11
Dual objective:                  +3.94854411e+11
Duality gap (abs/rel):           +7.40e+07 / +9.37e-05
Primal infeasibility (abs/rel):  +1.47e+04 / +1.33e-05
Dual infeasibility (abs/rel):    +1.95e+00 / +1.64e-07
PDLP finished
Status: Optimal   Objective: 3.94780460e+11  Iterations: 293000  Time: 43.967s

### exit_code=0
### finished=2026-07-29T16:57:36.123035
### gpu_peak_mb=3290.4
### gpu_peak2_mb=0.0
### per_gpu_peak_mb=[3290.375]
