### solver=cuopt-base
### instance=/home/scratch.cmaes_sw/hans_lps/qap15.mps
### n_gpus=1
### CUDA_VISIBLE_DEVICES=0
### started=2026-07-31T15:38:45.346029
### argv=/home/scratch.vmostovoi_gpu/mostovoi_cuopt/cpp/build/cuopt_cli --method 1 --mps-reader experimental-fast --time-limit 3600 --iteration-limit 1000000000 --relative-primal-tolerance 1e-4 --relative-dual-tolerance 1e-4 --relative-gap-tolerance 1e-4 --log-to-console true /home/scratch.cmaes_sw/hans_lps/qap15.mps
### --- solver output ---
Setting parameter iteration_limit to 1000000000
Setting parameter log_to_console to true
Setting parameter method to 1
Setting parameter relative_dual_tolerance to 1.000000e-04
Setting parameter relative_gap_tolerance to 1.000000e-04
Setting parameter relative_primal_tolerance to 1.000000e-04
Setting parameter time_limit to 3.600000e+03
Reading file qap15.mps
Using experimental fast MPS parser for '/home/scratch.cmaes_sw/hans_lps/qap15.mps'
Read file qap15.mps in 0.05 seconds
cuOpt version: 26.8.0, git hash: 7116ead1, host arch: x86_64, device archs: 100a-real
CPU: INTEL(R) XEON(R) PLATINUM 8570, threads (physical/logical): 112/224, RAM: 1873.77 GiB
CUDA 13.3, device: NVIDIA B200 (ID 0), VRAM: 178.34 GiB
CUDA device UUID: c21815d8-6b00-1d34-4b8e-3c4cd6996afa
Solving a problem with 6330 constraints, 22275 variables (0 integers), and 94950 nonzeros
Problem scaling:
Objective coefficents range:          [2e+00, 1e+02]
Constraint matrix coefficients range: [1e+00, 1e+00]
Constraint rhs / bounds range:        [1e+00, 1e+00]
Variable bounds range:                [0e+00, 0e+00]

Using PSLP presolver
PSLP Presolved problem: 6330 constraints, 22275 variables, 94950 non-zeros
PSLP presolve time: 0.07s
Objective offset 0.000000 scaling_factor 1.000000
   Iter    Primal Obj.      Dual Obj.    Gap        Primal Res.  Dual Res.   Time
      0 +0.00000000e+00 +0.00000000e+00  0.00e+00   5.48e+00     3.51e+03   0.134s
   1000 +1.04105730e+03 +1.04115333e+03  9.60e-02   6.76e-03     4.20e-01   0.192s
   2000 +1.04101005e+03 +1.04098883e+03  2.12e-02   1.15e-03     3.73e-02   0.217s
   2800 +1.04101510e+03 +1.04098656e+03  2.85e-02   6.13e-04     4.21e-02   0.237s
LP Solver status:                Optimal
Primal objective:                +1.04101510e+03
Dual objective:                  +1.04098656e+03
Duality gap (abs/rel):           +2.85e-02 / +1.37e-05
Primal infeasibility (abs/rel):  +6.13e-04 / +9.47e-05
Dual infeasibility (abs/rel):    +4.21e-02 / +1.20e-05
PDLP finished
Status: Optimal   Objective: 1.04101510e+03  Iterations: 2800  Time: 0.238s

### exit_code=0
### finished=2026-07-31T15:38:46.322989
### gpu_peak_mb=1466.4
### gpu_peak2_mb=0.0
### per_gpu_peak_mb=[1466.375]
