### solver=cuopt-base
### instance=/home/scratch.cmaes_sw/hans_lps/rmine15.mps
### n_gpus=1
### CUDA_VISIBLE_DEVICES=0
### started=2026-07-31T15:39:01.700182
### argv=/home/scratch.vmostovoi_gpu/mostovoi_cuopt/cpp/build/cuopt_cli --method 1 --mps-reader experimental-fast --time-limit 3600 --iteration-limit 1000000000 --relative-primal-tolerance 1e-4 --relative-dual-tolerance 1e-4 --relative-gap-tolerance 1e-4 --log-to-console true /home/scratch.cmaes_sw/hans_lps/rmine15.mps
### --- solver output ---
Setting parameter iteration_limit to 1000000000
Setting parameter log_to_console to true
Setting parameter method to 1
Setting parameter relative_dual_tolerance to 1.000000e-04
Setting parameter relative_gap_tolerance to 1.000000e-04
Setting parameter relative_primal_tolerance to 1.000000e-04
Setting parameter time_limit to 3.600000e+03
Reading file rmine15.mps
Using experimental fast MPS parser for '/home/scratch.cmaes_sw/hans_lps/rmine15.mps'
Read file rmine15.mps in 0.83 seconds
cuOpt version: 26.8.0, git hash: 7116ead1, host arch: x86_64, device archs: 100a-real
CPU: INTEL(R) XEON(R) PLATINUM 8570, threads (physical/logical): 112/224, RAM: 1821.12 GiB
CUDA 13.3, device: NVIDIA B200 (ID 0), VRAM: 178.34 GiB
CUDA device UUID: 1e26c45a-4f9e-e75b-c128-d0e6ab6abfe5
Solving a problem with 358395 constraints, 42438 variables (0 integers), and 879732 nonzeros
Problem scaling:
Objective coefficents range:          [2e-05, 2e+00]
Constraint matrix coefficients range: [1e+00, 1e+02]
Constraint rhs / bounds range:        [0e+00, 1e+04]
Variable bounds range:                [0e+00, 1e+00]

Using PSLP presolver
PSLP Presolved problem: 358395 constraints, 42438 variables, 879732 non-zeros
PSLP presolve time: 0.16s
Objective offset 0.000000 scaling_factor 1.000000
   Iter    Primal Obj.      Dual Obj.    Gap        Primal Res.  Dual Res.   Time
      0 +0.00000000e+00 +0.00000000e+00  0.00e+00   0.00e+00     8.56e+01   0.267s
   1000 -5.04174298e+03 -5.04176607e+03  2.31e-02   9.30e+01     9.95e-02   0.337s
   2000 -5.04834979e+03 -5.04527938e+03  3.07e+00   1.46e+02     2.59e-02   0.371s
   3000 -5.04787549e+03 -5.04393037e+03  3.95e+00   1.26e+02     5.39e-02   0.406s
   4000 -5.04679322e+03 -5.04256913e+03  4.22e+00   9.66e+01     7.63e-02   0.440s
   5000 -5.04291353e+03 -5.04233839e+03  5.75e-01   2.24e+01     1.94e-01   0.474s
   6000 -5.04283458e+03 -5.04174212e+03  1.09e+00   1.65e+01     1.42e-01   0.508s
   7000 -5.04221419e+03 -5.04184938e+03  3.65e-01   4.52e+00     9.33e-02   0.542s
   8000 -5.04223776e+03 -5.04177800e+03  4.60e-01   2.71e+00     7.34e-02   0.576s
   9000 -5.04219612e+03 -5.04200694e+03  1.89e-01   3.94e+00     5.54e-02   0.610s
  10000 -5.04230497e+03 -5.04187149e+03  4.33e-01   2.69e+00     4.58e-02   0.644s
  11000 -5.04194871e+03 -5.04227856e+03  3.30e-01   3.55e+01     2.47e-02   0.677s
  12000 -5.04120232e+03 -5.04240022e+03  1.20e+00   3.86e+01     1.20e-02   0.710s
  13000 -5.04144048e+03 -5.04246373e+03  1.02e+00   2.72e+01     5.59e-03   0.743s
  14000 -5.04155929e+03 -5.04249669e+03  9.37e-01   2.24e+01     2.16e-03   0.777s
  15000 -5.04157457e+03 -5.04251946e+03  9.45e-01   1.76e+01     1.83e-03   0.810s
  16000 -5.04167785e+03 -5.04251686e+03  8.39e-01   1.65e+01     1.92e-03   0.843s
  17000 -5.04180045e+03 -5.04249975e+03  6.99e-01   1.42e+01     1.58e-03   0.876s
  18000 -5.04190339e+03 -5.04248821e+03  5.85e-01   9.63e+00     1.77e-03   0.909s
  19000 -5.04205253e+03 -5.04250948e+03  4.57e-01   8.43e+00     2.02e-03   0.942s
  20000 -5.04209074e+03 -5.04249419e+03  4.03e-01   7.23e+00     8.43e-04   0.975s
  21000 -5.04210773e+03 -5.04248582e+03  3.78e-01   6.67e+00     1.13e-03   1.008s
  22000 -5.04212293e+03 -5.04247510e+03  3.52e-01   6.23e+00     1.95e-03   1.041s
  22200 -5.04213993e+03 -5.04247351e+03  3.34e-01   5.90e+00     2.38e-03   1.048s
LP Solver status:                Optimal
Primal objective:                -5.04213993e+03
Dual objective:                  -5.04247351e+03
Duality gap (abs/rel):           +3.34e-01 / +3.31e-05
Primal infeasibility (abs/rel):  +5.90e+00 / +9.57e-05
Dual infeasibility (abs/rel):    +2.38e-03 / +2.75e-05
PDLP finished
Status: Optimal   Objective: -5.04213993e+03  Iterations: 22200  Time: 1.049s

### exit_code=0
### finished=2026-07-31T15:39:04.594860
### gpu_peak_mb=1626.4
### gpu_peak2_mb=0.0
### per_gpu_peak_mb=[1626.375]
