### solver=cuopt-base
### instance=/home/scratch.cmaes_sw/hans_lps/shs1023.mps
### n_gpus=1
### CUDA_VISIBLE_DEVICES=0
### started=2026-07-31T15:41:36.827499
### argv=/home/scratch.vmostovoi_gpu/mostovoi_cuopt/cpp/build/cuopt_cli --method 1 --mps-reader experimental-fast --time-limit 3600 --iteration-limit 1000000000 --relative-primal-tolerance 1e-4 --relative-dual-tolerance 1e-4 --relative-gap-tolerance 1e-4 --log-to-console true /home/scratch.cmaes_sw/hans_lps/shs1023.mps
### --- solver output ---
Setting parameter iteration_limit to 1000000000
Setting parameter log_to_console to true
Setting parameter method to 1
Setting parameter relative_dual_tolerance to 1.000000e-04
Setting parameter relative_gap_tolerance to 1.000000e-04
Setting parameter relative_primal_tolerance to 1.000000e-04
Setting parameter time_limit to 3.600000e+03
Reading file shs1023.mps
Using experimental fast MPS parser for '/home/scratch.cmaes_sw/hans_lps/shs1023.mps'
Read file shs1023.mps in 0.76 seconds
cuOpt version: 26.8.0, git hash: 7116ead1, host arch: x86_64, device archs: 100a-real
CPU: INTEL(R) XEON(R) PLATINUM 8570, threads (physical/logical): 112/224, RAM: 1690.04 GiB
CUDA 13.3, device: NVIDIA B200 (ID 0), VRAM: 178.34 GiB
CUDA device UUID: 9cf5855e-0d9f-8a57-2857-ca9eac5a3446
Solving a problem with 133944 constraints, 444625 variables (0 integers), and 1044725 nonzeros
Problem scaling:
Objective coefficents range:          [3e-03, 2e+02]
Constraint matrix coefficients range: [9e-06, 4e+01]
Constraint rhs / bounds range:        [1e-14, 2e+03]
Variable bounds range:                [0e+00, 1e+09]
Warning: input problem contains a large range of coefficients: consider reformulating to avoid numerical difficulties.

Using PSLP presolver
PSLP Presolved problem: 129238 constraints, 434184 variables, 1015594 non-zeros
PSLP presolve time: 0.22s
Objective offset 3493.055556 scaling_factor 1.000000
   Iter    Primal Obj.      Dual Obj.    Gap        Primal Res.  Dual Res.   Time
      0 +3.49305556e+03 +3.49305556e+03  0.00e+00   5.38e+03     6.56e+03   0.717s
   1000 +8.87799457e+03 +9.32939578e+03  4.51e+02   8.26e+00     2.09e+01   0.784s
   2000 +9.22704601e+03 +1.03584559e+04  1.13e+03   3.61e+00     5.67e+00   0.816s
   3000 +9.53507662e+03 +1.08079755e+04  1.27e+03   3.25e+00     4.47e+00   0.847s
   4000 +9.96480184e+03 +1.12567468e+04  1.29e+03   2.29e+00     4.49e+00   0.879s
   5000 +1.06297651e+04 +1.15080187e+04  8.78e+02   1.18e+00     4.16e+00   0.910s
   6000 +1.06898274e+04 +1.15111351e+04  8.21e+02   9.53e-01     3.98e+00   0.941s
   7000 +1.08125939e+04 +1.16662489e+04  8.54e+02   6.69e-01     3.71e+00   0.973s
   8000 +1.09102187e+04 +1.17449056e+04  8.35e+02   5.90e-01     3.52e+00   1.004s
   9000 +1.10656633e+04 +1.17690471e+04  7.03e+02   3.76e-01     3.72e+00   1.035s
  10000 +1.12297146e+04 +1.17282095e+04  4.98e+02   2.90e-01     7.63e+00   1.066s
  11000 +1.12982573e+04 +1.15885011e+04  2.90e+02   2.52e-01     1.16e+01   1.097s
  12000 +1.13807812e+04 +1.14687882e+04  8.80e+01   2.29e-01     1.43e+01   1.127s
  13000 +1.14560058e+04 +1.14264635e+04  2.95e+01   2.06e-01     1.50e+01   1.157s
  14000 +1.15506308e+04 +1.15144841e+04  3.61e+01   1.90e-01     1.42e+01   1.187s
  15000 +1.16239814e+04 +1.15218310e+04  1.02e+02   1.47e-01     1.50e+01   1.218s
  16000 +1.17199528e+04 +1.14422153e+04  2.78e+02   1.15e-01     1.69e+01   1.248s
  17000 +1.18010220e+04 +1.13157546e+04  4.85e+02   9.43e-02     1.86e+01   1.278s
  18000 +1.18809438e+04 +1.12095712e+04  6.71e+02   7.53e-02     2.04e+01   1.309s
  19000 +1.19494903e+04 +1.11617519e+04  7.88e+02   6.69e-02     2.04e+01   1.339s
  20000 +1.19695219e+04 +1.12024714e+04  7.67e+02   6.11e-02     1.97e+01   1.369s
  21000 +1.20042649e+04 +1.12508056e+04  7.53e+02   5.75e-02     1.85e+01   1.400s
  22000 +1.20369034e+04 +1.13565555e+04  6.80e+02   4.94e-02     1.70e+01   1.430s
  23000 +1.20832036e+04 +1.14990069e+04  5.84e+02   4.26e-02     1.57e+01   1.460s
  24000 +1.21250933e+04 +1.14963234e+04  6.29e+02   3.21e-02     1.55e+01   1.491s
  25000 +1.21577024e+04 +1.15436587e+04  6.14e+02   2.06e-02     1.49e+01   1.521s
  26000 +1.21931774e+04 +1.15759081e+04  6.17e+02   2.02e-02     1.39e+01   1.551s
  27000 +1.22165857e+04 +1.15946631e+04  6.22e+02   1.68e-02     1.35e+01   1.581s
  28000 +1.22297513e+04 +1.15847063e+04  6.45e+02   1.36e-02     1.31e+01   1.612s
  29000 +1.22449787e+04 +1.16224659e+04  6.23e+02   8.04e-03     1.26e+01   1.642s
  30000 +1.22649493e+04 +1.16701635e+04  5.95e+02   1.33e-02     1.15e+01   1.672s
  31000 +1.23600376e+04 +1.17750038e+04  5.85e+02   5.18e-02     9.35e+00   1.703s
  32000 +1.23946114e+04 +1.18722221e+04  5.22e+02   7.91e-02     7.13e+00   1.733s
  33000 +1.23881493e+04 +1.19360712e+04  4.52e+02   4.62e-02     5.39e+00   1.763s
  34000 +1.24110914e+04 +1.20336856e+04  3.77e+02   9.76e-02     4.09e+00   1.794s
  35000 +1.24055201e+04 +1.20551767e+04  3.50e+02   7.20e-02     3.22e+00   1.824s
  36000 +1.24035858e+04 +1.20823082e+04  3.21e+02   6.30e-02     2.75e+00   1.854s
  37000 +1.23955626e+04 +1.21412515e+04  2.54e+02   3.83e-01     1.59e+00   1.885s
  38000 +1.23872303e+04 +1.21259345e+04  2.61e+02   1.29e-01     1.28e+00   1.915s
  39000 +1.23815300e+04 +1.21284589e+04  2.53e+02   6.99e-02     1.12e+00   1.945s
  40000 +1.23748974e+04 +1.21137230e+04  2.61e+02   8.73e-02     8.77e-01   1.976s
  41000 +1.23607518e+04 +1.21110675e+04  2.50e+02   4.74e-01     7.81e-01   2.006s
  42000 +1.23501788e+04 +1.20783676e+04  2.72e+02   1.60e-01     3.38e-01   2.037s
  43000 +1.23489794e+04 +1.20754811e+04  2.73e+02   8.16e-02     2.82e-01   2.067s
  44000 +1.23470635e+04 +1.20667426e+04  2.80e+02   7.19e-02     1.66e-01   2.097s
  45000 +1.23488416e+04 +1.20664720e+04  2.82e+02   7.01e-02     1.56e-01   2.127s
  46000 +1.23543332e+04 +1.20582728e+04  2.96e+02   1.25e-01     6.37e-02   2.158s
  47000 +1.23539268e+04 +1.20593790e+04  2.95e+02   8.34e-02     1.88e-02   2.188s
  48000 +1.23516817e+04 +1.20591685e+04  2.93e+02   7.89e-02     1.46e-02   2.218s
  49000 +1.23506503e+04 +1.20590105e+04  2.92e+02   7.26e-02     1.14e-02   2.249s
  50000 +1.23495660e+04 +1.20590526e+04  2.91e+02   6.41e-02     9.65e-03   2.279s
  51000 +1.23460045e+04 +1.20591514e+04  2.87e+02   6.13e-02     8.02e-03   2.309s
  52000 +1.23484323e+04 +1.20590340e+04  2.89e+02   6.06e-02     6.81e-03   2.340s
  53000 +1.23468831e+04 +1.20587863e+04  2.88e+02   7.25e-02     3.79e-03   2.370s
  54000 +1.23448404e+04 +1.20584732e+04  2.86e+02   6.03e-02     2.87e-03   2.400s
  55000 +1.23446530e+04 +1.20584615e+04  2.86e+02   5.63e-02     2.38e-03   2.431s
  56000 +1.23442194e+04 +1.20580992e+04  2.86e+02   6.08e-02     1.10e-03   2.461s
  57000 +1.23437875e+04 +1.20578440e+04  2.86e+02   5.57e-02     1.31e-04   2.492s
  58000 +1.23437425e+04 +1.20578419e+04  2.86e+02   5.55e-02     2.59e-04   2.522s
  59000 +1.23439534e+04 +1.20578439e+04  2.86e+02   5.54e-02     3.12e-04   2.552s
  60000 +1.23442552e+04 +1.20578493e+04  2.86e+02   5.54e-02     2.38e-04   2.583s
  61000 +1.23441434e+04 +1.20578559e+04  2.86e+02   5.53e-02     1.26e-04   2.613s
  62000 +1.23441085e+04 +1.20578613e+04  2.86e+02   5.53e-02     8.47e-05   2.643s
  63000 +1.23440934e+04 +1.20578830e+04  2.86e+02   5.53e-02     1.20e-03   2.674s
  64000 +1.23443968e+04 +1.20579134e+04  2.86e+02   5.53e-02     1.55e-03   2.704s
  65000 +1.23464906e+04 +1.20579488e+04  2.89e+02   5.50e-02     2.02e-03   2.734s
  66000 +1.23479258e+04 +1.20579967e+04  2.90e+02   5.47e-02     2.04e-03   2.765s
  67000 +1.23473601e+04 +1.20580456e+04  2.89e+02   5.47e-02     2.06e-03   2.795s
  68000 +1.23477557e+04 +1.20580894e+04  2.90e+02   5.47e-02     2.06e-03   2.825s
  69000 +1.23480425e+04 +1.20581383e+04  2.90e+02   5.46e-02     2.04e-03   2.856s
  70000 +1.23474869e+04 +1.20581870e+04  2.89e+02   5.46e-02     2.05e-03   2.886s
  71000 +1.23475467e+04 +1.20582356e+04  2.89e+02   5.46e-02     2.04e-03   2.916s
  72000 +1.23479736e+04 +1.20582857e+04  2.90e+02   5.46e-02     1.97e-03   2.947s
  73000 +1.23476874e+04 +1.20583384e+04  2.89e+02   5.45e-02     1.77e-03   2.977s
  74000 +1.23479552e+04 +1.20583938e+04  2.90e+02   5.45e-02     1.50e-03   3.007s
  75000 +1.23478607e+04 +1.20584496e+04  2.89e+02   5.45e-02     1.27e-03   3.038s
  76000 +1.23477302e+04 +1.20585043e+04  2.89e+02   5.45e-02     1.14e-03   3.068s
  77000 +1.23478864e+04 +1.20585579e+04  2.89e+02   5.45e-02     1.10e-03   3.098s
  78000 +1.23478437e+04 +1.20586083e+04  2.89e+02   5.45e-02     1.09e-03   3.128s
  79000 +1.23478580e+04 +1.20586549e+04  2.89e+02   5.45e-02     1.09e-03   3.159s
  80000 +1.23481565e+04 +1.20586987e+04  2.89e+02   5.45e-02     1.12e-03   3.189s
  81000 +1.23479369e+04 +1.20587423e+04  2.89e+02   5.45e-02     1.18e-03   3.219s
  82000 +1.23480214e+04 +1.20587886e+04  2.89e+02   5.45e-02     1.25e-03   3.250s
  83000 +1.23479501e+04 +1.20588318e+04  2.89e+02   5.44e-02     1.30e-03   3.280s
  84000 +1.23481627e+04 +1.20588801e+04  2.89e+02   5.45e-02     1.30e-03   3.310s
  85000 +1.23481856e+04 +1.20589277e+04  2.89e+02   5.44e-02     1.26e-03   3.341s
  86000 +1.23482750e+04 +1.20589784e+04  2.89e+02   5.44e-02     1.19e-03   3.371s
  87000 +1.23481219e+04 +1.20590284e+04  2.89e+02   5.44e-02     1.13e-03   3.401s
  88000 +1.23481757e+04 +1.20590809e+04  2.89e+02   5.44e-02     1.09e-03   3.432s
  89000 +1.23481264e+04 +1.20591311e+04  2.89e+02   5.44e-02     1.08e-03   3.462s
  90000 +1.23481219e+04 +1.20591792e+04  2.89e+02   5.44e-02     1.07e-03   3.492s
  91000 +1.23482359e+04 +1.20592267e+04  2.89e+02   5.44e-02     1.07e-03   3.522s
  92000 +1.23482382e+04 +1.20592693e+04  2.89e+02   5.44e-02     1.08e-03   3.553s
  93000 +1.23482475e+04 +1.20593152e+04  2.89e+02   5.44e-02     1.10e-03   3.583s
  94000 +1.23481818e+04 +1.20593601e+04  2.89e+02   5.43e-02     1.13e-03   3.613s
  95000 +1.23481763e+04 +1.20594090e+04  2.89e+02   5.43e-02     1.16e-03   3.644s
  96000 +1.23482143e+04 +1.20594547e+04  2.89e+02   5.42e-02     1.15e-03   3.674s
  97000 +1.23482335e+04 +1.20595016e+04  2.89e+02   5.42e-02     1.13e-03   3.704s
  98000 +1.23482886e+04 +1.20595552e+04  2.89e+02   5.43e-02     1.10e-03   3.735s
  99000 +1.23484030e+04 +1.20622724e+04  2.86e+02   5.42e-02     5.49e-02   3.765s
 100000 +1.23479246e+04 +1.20647203e+04  2.83e+02   5.38e-02     7.49e-02   3.795s
 101000 +1.23474258e+04 +1.20671666e+04  2.80e+02   5.36e-02     1.10e-01   3.826s
 102000 +1.23465334e+04 +1.20704017e+04  2.76e+02   5.34e-02     1.49e-01   3.856s
 103000 +1.23453112e+04 +1.20736712e+04  2.72e+02   5.28e-02     1.93e-01   3.886s
 104000 +1.23434403e+04 +1.20769097e+04  2.67e+02   5.25e-02     2.36e-01   3.917s
 105000 +1.23411193e+04 +1.20798851e+04  2.61e+02   5.14e-02     2.80e-01   3.947s
 106000 +1.23391208e+04 +1.20807669e+04  2.58e+02   5.08e-02     1.59e-01   3.977s
 107000 +1.23436620e+04 +1.20834980e+04  2.60e+02   4.88e-02     2.00e-01   4.007s
 108000 +1.23377550e+04 +1.20852593e+04  2.52e+02   4.76e-02     2.10e-01   4.038s
 109000 +1.23334442e+04 +1.20883849e+04  2.45e+02   4.56e-02     2.38e-01   4.068s
 110000 +1.23294255e+04 +1.20892186e+04  2.40e+02   4.38e-02     2.63e-01   4.098s
 111000 +1.23226302e+04 +1.20909058e+04  2.32e+02   4.19e-02     2.93e-01   4.129s
 112000 +1.23197603e+04 +1.20923325e+04  2.27e+02   4.00e-02     3.15e-01   4.159s
 113000 +1.23190970e+04 +1.20947163e+04  2.24e+02   3.80e-02     2.98e-01   4.189s
 114000 +1.23219187e+04 +1.21064920e+04  2.15e+02   3.64e-02     4.96e-01   4.220s
 115000 +1.23243348e+04 +1.21208010e+04  2.04e+02   3.55e-02     7.57e-01   4.250s
 116000 +1.23244726e+04 +1.21409626e+04  1.84e+02   3.46e-02     1.03e+00   4.280s
 117000 +1.23261547e+04 +1.21573562e+04  1.69e+02   3.22e-02     1.32e+00   4.310s
 118000 +1.23230788e+04 +1.21728669e+04  1.50e+02   3.04e-02     1.67e+00   4.341s
 119000 +1.23134025e+04 +1.21858418e+04  1.28e+02   2.84e-02     1.95e+00   4.371s
 120000 +1.23024995e+04 +1.21976697e+04  1.05e+02   2.62e-02     2.18e+00   4.401s
 121000 +1.22902964e+04 +1.22060306e+04  8.43e+01   2.41e-02     2.35e+00   4.431s
 122000 +1.22788062e+04 +1.22097063e+04  6.91e+01   2.21e-02     2.41e+00   4.462s
 123000 +1.22675270e+04 +1.22115137e+04  5.60e+01   2.06e-02     2.40e+00   4.492s
 124000 +1.22565613e+04 +1.22098980e+04  4.67e+01   1.98e-02     2.27e+00   4.522s
 125000 +1.22493241e+04 +1.22065334e+04  4.28e+01   1.91e-02     2.16e+00   4.552s
 126000 +1.22417187e+04 +1.22020714e+04  3.96e+01   1.83e-02     2.07e+00   4.583s
 127000 +1.22396816e+04 +1.22026490e+04  3.70e+01   1.62e-02     2.06e+00   4.613s
 128000 +1.22366029e+04 +1.22181214e+04  1.85e+01   1.50e-02     2.25e+00   4.644s
 129000 +1.22355460e+04 +1.22083587e+04  2.72e+01   1.45e-02     2.07e+00   4.674s
 130000 +1.22324650e+04 +1.22182141e+04  1.43e+01   1.35e-02     2.18e+00   4.704s
 131000 +1.22249049e+04 +1.22207779e+04  4.13e+00   1.28e-02     2.24e+00   4.734s
 132000 +1.22165193e+04 +1.22110385e+04  5.48e+00   1.19e-02     2.07e+00   4.765s
 133000 +1.22079450e+04 +1.22188990e+04  1.10e+01   1.11e-02     2.17e+00   4.795s
 134000 +1.22047465e+04 +1.22192274e+04  1.45e+01   1.05e-02     2.23e+00   4.825s
 135000 +1.22022557e+04 +1.22291057e+04  2.68e+01   9.93e-03     2.44e+00   4.856s
 136000 +1.21988711e+04 +1.22348932e+04  3.60e+01   9.36e-03     2.57e+00   4.886s
 137000 +1.21953671e+04 +1.22374813e+04  4.21e+01   8.83e-03     2.63e+00   4.916s
 138000 +1.21910194e+04 +1.22386488e+04  4.76e+01   8.51e-03     2.59e+00   4.947s
 139000 +1.21883581e+04 +1.22372118e+04  4.89e+01   8.19e-03     2.59e+00   4.977s
 140000 +1.21852956e+04 +1.22343096e+04  4.90e+01   7.47e-03     2.46e+00   5.007s
 141000 +1.21736590e+04 +1.22303167e+04  5.67e+01   6.21e-03     2.47e+00   5.037s
 142000 +1.21656851e+04 +1.22405769e+04  7.49e+01   5.28e-03     2.57e+00   5.068s
 143000 +1.21585114e+04 +1.22400610e+04  8.15e+01   4.75e-03     2.64e+00   5.098s
 144000 +1.21526240e+04 +1.22496059e+04  9.70e+01   3.71e-03     2.78e+00   5.128s
 145000 +1.21488576e+04 +1.22438449e+04  9.50e+01   2.99e-03     2.75e+00   5.158s
 146000 +1.21445815e+04 +1.22317487e+04  8.72e+01   2.58e-03     2.48e+00   5.189s
 147000 +1.21380393e+04 +1.22258394e+04  8.78e+01   2.57e-03     2.31e+00   5.219s
 148000 +1.21310378e+04 +1.22255957e+04  9.46e+01   1.22e-03     2.30e+00   5.249s
 149000 +1.21243794e+04 +1.22283965e+04  1.04e+02   9.22e-04     2.32e+00   5.280s
 150000 +1.21192538e+04 +1.22277672e+04  1.09e+02   2.02e-03     2.29e+00   5.310s
 151000 +1.21156992e+04 +1.22263436e+04  1.11e+02   2.59e-03     2.24e+00   5.340s
 152000 +1.21125471e+04 +1.22226198e+04  1.10e+02   3.17e-03     2.14e+00   5.371s
 153000 +1.21095424e+04 +1.22155047e+04  1.06e+02   3.66e-03     1.89e+00   5.401s
 154000 +1.21070567e+04 +1.22089846e+04  1.02e+02   4.17e-03     1.75e+00   5.431s
 155000 +1.21054435e+04 +1.22104239e+04  1.05e+02   4.49e-03     1.77e+00   5.461s
 156000 +1.21049040e+04 +1.21959491e+04  9.10e+01   4.65e-03     1.55e+00   5.492s
 157000 +1.21049173e+04 +1.21904026e+04  8.55e+01   4.63e-03     1.42e+00   5.522s
 158000 +1.21043231e+04 +1.21866343e+04  8.23e+01   4.71e-03     1.37e+00   5.553s
 159000 +1.21024258e+04 +1.21839720e+04  8.15e+01   5.81e-03     1.22e+00   5.583s
 160000 +1.21014756e+04 +1.21763819e+04  7.49e+01   5.23e-03     1.10e+00   5.613s
 161000 +1.21011648e+04 +1.21725506e+04  7.14e+01   5.40e-03     1.04e+00   5.643s
 162000 +1.21015239e+04 +1.21697781e+04  6.83e+01   5.22e-03     9.90e-01   5.674s
 163000 +1.21020716e+04 +1.21685306e+04  6.65e+01   5.15e-03     9.58e-01   5.704s
 164000 +1.21021589e+04 +1.21682617e+04  6.61e+01   5.27e-03     9.31e-01   5.735s
 165000 +1.21023370e+04 +1.21658237e+04  6.35e+01   5.23e-03     9.05e-01   5.765s
 166000 +1.21025455e+04 +1.21650660e+04  6.25e+01   5.07e-03     8.63e-01   5.795s
 167000 +1.21027305e+04 +1.21633105e+04  6.06e+01   5.16e-03     8.21e-01   5.826s
 168000 +1.21028981e+04 +1.21612876e+04  5.84e+01   4.96e-03     7.99e-01   5.856s
 169000 +1.21030170e+04 +1.21596231e+04  5.66e+01   4.86e-03     7.86e-01   5.886s
 170000 +1.21035287e+04 +1.21579078e+04  5.44e+01   4.77e-03     7.72e-01   5.916s
 171000 +1.21043189e+04 +1.21563041e+04  5.20e+01   4.48e-03     7.66e-01   5.947s
 172000 +1.21052273e+04 +1.21550331e+04  4.98e+01   4.34e-03     7.60e-01   5.977s
 173000 +1.21058129e+04 +1.21550575e+04  4.92e+01   4.25e-03     7.19e-01   6.008s
 174000 +1.21061216e+04 +1.21537910e+04  4.77e+01   4.05e-03     7.15e-01   6.038s
 175000 +1.21063596e+04 +1.21512121e+04  4.49e+01   3.80e-03     6.83e-01   6.068s
 176000 +1.21067926e+04 +1.21476475e+04  4.09e+01   3.76e-03     6.55e-01   6.098s
 177000 +1.21076642e+04 +1.21463811e+04  3.87e+01   3.50e-03     6.47e-01   6.129s
 178000 +1.21086498e+04 +1.21453179e+04  3.67e+01   3.25e-03     6.46e-01   6.159s
 179000 +1.21096678e+04 +1.21441652e+04  3.45e+01   3.00e-03     6.48e-01   6.189s
 180000 +1.21108636e+04 +1.21433741e+04  3.25e+01   2.68e-03     6.49e-01   6.220s
 181000 +1.21121593e+04 +1.21423193e+04  3.02e+01   2.42e-03     6.51e-01   6.250s
 182000 +1.21135048e+04 +1.21403439e+04  2.68e+01   2.08e-03     6.39e-01   6.280s
 183000 +1.21148559e+04 +1.21396880e+04  2.48e+01   1.83e-03     6.38e-01   6.310s
 184000 +1.21163405e+04 +1.21393770e+04  2.30e+01   1.78e-03     6.09e-01   6.341s
 185000 +1.21183384e+04 +1.21389581e+04  2.06e+01   1.22e-03     5.96e-01   6.371s
 186000 +1.21195644e+04 +1.21388102e+04  1.92e+01   8.64e-04     5.97e-01   6.402s
 187000 +1.21205042e+04 +1.21387963e+04  1.83e+01   9.54e-04     5.87e-01   6.432s
 188000 +1.21214739e+04 +1.21390357e+04  1.76e+01   4.30e-04     5.77e-01   6.462s
 189000 +1.21224584e+04 +1.21389380e+04  1.65e+01   2.78e-04     5.78e-01   6.493s
 190000 +1.21235049e+04 +1.21380253e+04  1.45e+01   7.31e-04     5.71e-01   6.523s
 191000 +1.21396642e+04 +1.21280943e+04  1.16e+01   4.15e-02     1.92e-01   6.553s
 192000 +1.21529130e+04 +1.21305259e+04  2.24e+01   2.82e-02     2.14e-01   6.584s
 193000 +1.21526064e+04 +1.21283833e+04  2.42e+01   2.35e-02     1.65e-01   6.614s
 194000 +1.21504437e+04 +1.21246420e+04  2.58e+01   3.03e-02     7.60e-02   6.645s
 195000 +1.21497371e+04 +1.21230446e+04  2.67e+01   4.38e-02     3.95e-02   6.675s
 196000 +1.21349272e+04 +1.21213718e+04  1.36e+01   4.26e-02     6.88e-03   6.705s
 197000 +1.21333564e+04 +1.21213900e+04  1.20e+01   3.15e-02     4.51e-03   6.736s
 198000 +1.21375840e+04 +1.21212206e+04  1.64e+01   1.59e-02     7.89e-04   6.766s
 199000 +1.21400601e+04 +1.21212280e+04  1.88e+01   1.52e-02     6.27e-04   6.797s
 200000 +1.21394481e+04 +1.21212349e+04  1.82e+01   1.37e-02     1.35e-04   6.827s
 201000 +1.21360955e+04 +1.21212310e+04  1.49e+01   1.35e-02     3.24e-04   6.858s
 202000 +1.21357604e+04 +1.21212380e+04  1.45e+01   1.32e-02     4.61e-04   6.888s
 203000 +1.21354455e+04 +1.21212366e+04  1.42e+01   1.29e-02     1.35e-03   6.918s
 204000 +1.21355871e+04 +1.21212177e+04  1.44e+01   1.13e-02     1.80e-03   6.948s
 205000 +1.21365734e+04 +1.21212317e+04  1.53e+01   1.02e-02     1.78e-03   6.979s
 206000 +1.21377270e+04 +1.21212289e+04  1.65e+01   5.46e-03     1.72e-03   7.009s
 207000 +1.21360233e+04 +1.21212315e+04  1.48e+01   3.29e-03     1.23e-03   7.040s
 208000 +1.21345771e+04 +1.21212358e+04  1.33e+01   3.59e-03     6.18e-04   7.070s
 209000 +1.21345600e+04 +1.21212397e+04  1.33e+01   3.36e-03     4.50e-04   7.100s
 210000 +1.21359896e+04 +1.21212400e+04  1.47e+01   3.27e-03     4.64e-04   7.131s
 211000 +1.21359234e+04 +1.21212411e+04  1.47e+01   3.23e-03     6.29e-04   7.161s
 212000 +1.21355600e+04 +1.21212441e+04  1.43e+01   3.20e-03     6.46e-04   7.191s
 213000 +1.21353902e+04 +1.21212431e+04  1.41e+01   3.18e-03     6.02e-04   7.222s
 214000 +1.21352579e+04 +1.21212446e+04  1.40e+01   3.16e-03     5.53e-04   7.252s
 215000 +1.21356164e+04 +1.21212428e+04  1.44e+01   3.13e-03     5.32e-04   7.282s
 216000 +1.21354376e+04 +1.21212434e+04  1.42e+01   3.13e-03     5.34e-04   7.313s
 217000 +1.21353786e+04 +1.21212441e+04  1.41e+01   3.10e-03     5.33e-04   7.343s
 218000 +1.21353491e+04 +1.21212440e+04  1.41e+01   3.09e-03     5.36e-04   7.373s
 219000 +1.21354359e+04 +1.21212441e+04  1.42e+01   3.07e-03     5.32e-04   7.404s
 220000 +1.21352325e+04 +1.21212447e+04  1.40e+01   3.07e-03     5.30e-04   7.434s
 221000 +1.21353349e+04 +1.21212436e+04  1.41e+01   3.05e-03     5.23e-04   7.464s
 222000 +1.21353139e+04 +1.21212463e+04  1.41e+01   3.05e-03     5.26e-04   7.495s
 223000 +1.21352600e+04 +1.21212468e+04  1.40e+01   3.05e-03     5.24e-04   7.525s
 224000 +1.21352686e+04 +1.21212476e+04  1.40e+01   3.05e-03     5.26e-04   7.555s
 225000 +1.21352805e+04 +1.21212480e+04  1.40e+01   3.04e-03     5.22e-04   7.586s
 226000 +1.21352753e+04 +1.21212476e+04  1.40e+01   3.04e-03     5.19e-04   7.616s
 227000 +1.21352136e+04 +1.21212481e+04  1.40e+01   3.03e-03     5.18e-04   7.646s
 228000 +1.21352594e+04 +1.21212505e+04  1.40e+01   3.03e-03     5.21e-04   7.676s
 229000 +1.21353547e+04 +1.21212500e+04  1.41e+01   2.99e-03     5.14e-04   7.707s
 230000 +1.21353660e+04 +1.21212496e+04  1.41e+01   2.99e-03     5.16e-04   7.737s
 231000 +1.21353273e+04 +1.21212499e+04  1.41e+01   2.99e-03     5.16e-04   7.767s
 232000 +1.21353576e+04 +1.21212523e+04  1.41e+01   2.99e-03     5.18e-04   7.798s
 233000 +1.21353131e+04 +1.21212536e+04  1.41e+01   2.98e-03     5.14e-04   7.828s
 234000 +1.21353037e+04 +1.21212527e+04  1.41e+01   2.98e-03     5.09e-04   7.858s
 235000 +1.21353336e+04 +1.21212516e+04  1.41e+01   2.97e-03     5.08e-04   7.889s
 236000 +1.21353306e+04 +1.21212523e+04  1.41e+01   2.97e-03     5.06e-04   7.919s
 237000 +1.21353333e+04 +1.21212543e+04  1.41e+01   2.97e-03     5.08e-04   7.949s
 238000 +1.21352757e+04 +1.21212541e+04  1.40e+01   2.96e-03     5.10e-04   7.979s
 239000 +1.21353027e+04 +1.21212551e+04  1.40e+01   2.95e-03     5.12e-04   8.010s
 240000 +1.21353059e+04 +1.21212555e+04  1.41e+01   2.95e-03     5.13e-04   8.040s
 241000 +1.21353118e+04 +1.21212561e+04  1.41e+01   2.95e-03     5.09e-04   8.070s
 242000 +1.21353018e+04 +1.21212570e+04  1.40e+01   2.94e-03     5.06e-04   8.101s
 243000 +1.21352559e+04 +1.21212564e+04  1.40e+01   2.94e-03     5.01e-04   8.131s
 244000 +1.21352891e+04 +1.21212574e+04  1.40e+01   2.93e-03     5.03e-04   8.161s
 245000 +1.21352900e+04 +1.21212591e+04  1.40e+01   2.93e-03     5.03e-04   8.192s
 246000 +1.21352759e+04 +1.21212584e+04  1.40e+01   2.93e-03     5.07e-04   8.222s
 247000 +1.21352740e+04 +1.21212590e+04  1.40e+01   2.93e-03     5.06e-04   8.252s
 248000 +1.21352348e+04 +1.21212591e+04  1.40e+01   2.93e-03     5.05e-04   8.283s
 249000 +1.21352594e+04 +1.21212592e+04  1.40e+01   2.92e-03     5.02e-04   8.313s
 250000 +1.21352573e+04 +1.21212616e+04  1.40e+01   2.90e-03     5.01e-04   8.343s
 251000 +1.21352275e+04 +1.21212606e+04  1.40e+01   2.90e-03     4.99e-04   8.374s
 252000 +1.21352396e+04 +1.21212625e+04  1.40e+01   2.90e-03     5.00e-04   8.404s
 253000 +1.21352431e+04 +1.21212615e+04  1.40e+01   2.90e-03     4.99e-04   8.434s
 254000 +1.21352361e+04 +1.21212625e+04  1.40e+01   2.89e-03     5.02e-04   8.464s
 255000 +1.21352415e+04 +1.21212632e+04  1.40e+01   2.88e-03     5.00e-04   8.495s
 256000 +1.21352283e+04 +1.21212635e+04  1.40e+01   2.87e-03     5.01e-04   8.525s
 257000 +1.21352401e+04 +1.21212651e+04  1.40e+01   2.87e-03     4.98e-04   8.555s
 258000 +1.21352285e+04 +1.21212653e+04  1.40e+01   2.85e-03     4.98e-04   8.586s
 259000 +1.21352437e+04 +1.21212630e+04  1.40e+01   2.85e-03     4.92e-04   8.616s
 260000 +1.21352118e+04 +1.21212655e+04  1.39e+01   2.85e-03     4.93e-04   8.646s
 261000 +1.21352238e+04 +1.21212646e+04  1.40e+01   2.85e-03     4.92e-04   8.677s
 262000 +1.21351898e+04 +1.21212660e+04  1.39e+01   2.85e-03     4.95e-04   8.707s
 263000 +1.21352450e+04 +1.21212662e+04  1.40e+01   2.85e-03     4.97e-04   8.737s
 264000 +1.21352176e+04 +1.21212680e+04  1.39e+01   2.84e-03     4.97e-04   8.767s
 265000 +1.21352168e+04 +1.21212684e+04  1.39e+01   2.85e-03     4.94e-04   8.798s
 266000 +1.21352039e+04 +1.21212681e+04  1.39e+01   2.84e-03     4.90e-04   8.828s
 267000 +1.21351952e+04 +1.21212690e+04  1.39e+01   2.83e-03     4.87e-04   8.858s
 268000 +1.21352026e+04 +1.21212675e+04  1.39e+01   2.82e-03     4.87e-04   8.889s
 269000 +1.21352077e+04 +1.21212689e+04  1.39e+01   2.82e-03     4.87e-04   8.919s
 270000 +1.21351939e+04 +1.21212693e+04  1.39e+01   2.81e-03     4.90e-04   8.949s
 271000 +1.21351803e+04 +1.21212692e+04  1.39e+01   2.82e-03     4.90e-04   8.980s
 272000 +1.21351858e+04 +1.21212704e+04  1.39e+01   2.81e-03     4.91e-04   9.010s
 273000 +1.21352011e+04 +1.21212703e+04  1.39e+01   2.81e-03     4.88e-04   9.040s
 274000 +1.21352104e+04 +1.21212711e+04  1.39e+01   2.81e-03     4.85e-04   9.071s
 275000 +1.21351810e+04 +1.21212719e+04  1.39e+01   2.81e-03     4.84e-04   9.101s
 276000 +1.21351666e+04 +1.21212725e+04  1.39e+01   2.80e-03     4.83e-04   9.131s
 277000 +1.21351879e+04 +1.21212726e+04  1.39e+01   2.80e-03     4.84e-04   9.162s
 278000 +1.21351771e+04 +1.21212738e+04  1.39e+01   2.80e-03     4.86e-04   9.192s
 279000 +1.21351793e+04 +1.21212736e+04  1.39e+01   2.80e-03     4.85e-04   9.222s
 280000 +1.21351824e+04 +1.21212743e+04  1.39e+01   2.80e-03     4.86e-04   9.253s
 281000 +1.21351709e+04 +1.21212738e+04  1.39e+01   2.80e-03     4.86e-04   9.283s
 282000 +1.21351708e+04 +1.21212750e+04  1.39e+01   2.80e-03     4.85e-04   9.313s
 283000 +1.21351793e+04 +1.21212753e+04  1.39e+01   2.80e-03     4.84e-04   9.344s
 284000 +1.21351480e+04 +1.21212761e+04  1.39e+01   2.79e-03     4.81e-04   9.374s
 285000 +1.21351557e+04 +1.21212774e+04  1.39e+01   2.79e-03     4.80e-04   9.404s
 286000 +1.21351384e+04 +1.21212764e+04  1.39e+01   2.78e-03     4.81e-04   9.434s
 287000 +1.21351398e+04 +1.21212774e+04  1.39e+01   2.78e-03     4.81e-04   9.465s
 288000 +1.21351524e+04 +1.21212778e+04  1.39e+01   2.78e-03     4.81e-04   9.495s
 289000 +1.21351508e+04 +1.21212783e+04  1.39e+01   2.78e-03     4.83e-04   9.525s
 290000 +1.21351255e+04 +1.21212792e+04  1.38e+01   2.78e-03     4.83e-04   9.556s
 291000 +1.21351152e+04 +1.21212799e+04  1.38e+01   2.77e-03     4.82e-04   9.586s
 292000 +1.21351023e+04 +1.21212793e+04  1.38e+01   2.77e-03     4.80e-04   9.616s
 293000 +1.21351243e+04 +1.21212809e+04  1.38e+01   2.77e-03     4.80e-04   9.647s
 294000 +1.21351562e+04 +1.21212814e+04  1.39e+01   2.76e-03     4.80e-04   9.677s
 295000 +1.21351154e+04 +1.21212823e+04  1.38e+01   2.77e-03     4.79e-04   9.707s
 296000 +1.21351076e+04 +1.21212814e+04  1.38e+01   2.77e-03     4.80e-04   9.738s
 297000 +1.21351097e+04 +1.21212828e+04  1.38e+01   2.76e-03     4.81e-04   9.768s
 298000 +1.21351290e+04 +1.21212822e+04  1.38e+01   2.76e-03     4.81e-04   9.798s
 299000 +1.21351257e+04 +1.21212828e+04  1.38e+01   2.76e-03     4.80e-04   9.828s
 300000 +1.21351143e+04 +1.21212832e+04  1.38e+01   2.76e-03     4.79e-04   9.859s
 301000 +1.21351029e+04 +1.21212833e+04  1.38e+01   2.76e-03     4.78e-04   9.889s
 302000 +1.21351169e+04 +1.21212842e+04  1.38e+01   2.76e-03     4.77e-04   9.919s
 303000 +1.21351185e+04 +1.21212843e+04  1.38e+01   2.76e-03     4.78e-04   9.950s
 304000 +1.21351224e+04 +1.21212850e+04  1.38e+01   2.76e-03     4.80e-04   9.980s
 305000 +1.21350973e+04 +1.21212857e+04  1.38e+01   2.76e-03     4.80e-04   10.010s
 306000 +1.21351106e+04 +1.21212860e+04  1.38e+01   2.75e-03     4.79e-04   10.041s
 307000 +1.21350956e+04 +1.21212862e+04  1.38e+01   2.75e-03     4.73e-04   10.071s
 308000 +1.21350980e+04 +1.21212866e+04  1.38e+01   2.75e-03     4.73e-04   10.101s
 309000 +1.21351150e+04 +1.21212861e+04  1.38e+01   2.75e-03     4.76e-04   10.131s
 310000 +1.21350919e+04 +1.21212881e+04  1.38e+01   2.75e-03     4.79e-04   10.162s
 311000 +1.21351039e+04 +1.21212882e+04  1.38e+01   2.75e-03     4.82e-04   10.192s
 312000 +1.21350906e+04 +1.21212880e+04  1.38e+01   2.75e-03     4.83e-04   10.222s
 313000 +1.21351011e+04 +1.21212889e+04  1.38e+01   2.75e-03     4.80e-04   10.253s
 314000 +1.21351064e+04 +1.21212886e+04  1.38e+01   2.75e-03     4.77e-04   10.283s
 315000 +1.21350915e+04 +1.21212912e+04  1.38e+01   2.74e-03     4.74e-04   10.313s
 316000 +1.21350955e+04 +1.21212899e+04  1.38e+01   2.74e-03     4.74e-04   10.344s
 317000 +1.21350900e+04 +1.21212903e+04  1.38e+01   2.74e-03     4.75e-04   10.374s
 318000 +1.21350946e+04 +1.21212912e+04  1.38e+01   2.74e-03     4.78e-04   10.404s
 319000 +1.21350927e+04 +1.21212904e+04  1.38e+01   2.74e-03     4.79e-04   10.435s
 320000 +1.21350952e+04 +1.21212918e+04  1.38e+01   2.74e-03     4.81e-04   10.465s
 321000 +1.21350904e+04 +1.21212919e+04  1.38e+01   2.74e-03     4.77e-04   10.495s
 322000 +1.21350819e+04 +1.21212920e+04  1.38e+01   2.74e-03     4.75e-04   10.526s
 323000 +1.21350949e+04 +1.21212926e+04  1.38e+01   2.74e-03     4.75e-04   10.556s
 324000 +1.21350838e+04 +1.21212932e+04  1.38e+01   2.74e-03     4.73e-04   10.586s
 325000 +1.21350887e+04 +1.21212937e+04  1.38e+01   2.74e-03     4.77e-04   10.616s
 326000 +1.21350847e+04 +1.21212945e+04  1.38e+01   2.73e-03     4.78e-04   10.647s
 327000 +1.21350674e+04 +1.21212941e+04  1.38e+01   2.74e-03     4.78e-04   10.677s
 328000 +1.21350955e+04 +1.21212949e+04  1.38e+01   2.73e-03     4.78e-04   10.707s
 329000 +1.21350736e+04 +1.21213048e+04  1.38e+01   2.71e-03     3.14e-03   10.738s
 330000 +1.21350201e+04 +1.21213108e+04  1.37e+01   2.70e-03     3.11e-03   10.768s
 331000 +1.21349811e+04 +1.21213091e+04  1.37e+01   2.70e-03     3.09e-03   10.799s
 332000 +1.21349850e+04 +1.21213166e+04  1.37e+01   2.70e-03     3.09e-03   10.829s
 333000 +1.21349807e+04 +1.21213237e+04  1.37e+01   2.67e-03     3.15e-03   10.859s
 334000 +1.21349197e+04 +1.21213276e+04  1.36e+01   2.66e-03     3.78e-03   10.889s
 335000 +1.21348736e+04 +1.21213298e+04  1.35e+01   2.64e-03     4.89e-03   10.920s
 336000 +1.21347282e+04 +1.21213423e+04  1.34e+01   2.62e-03     6.05e-03   10.950s
 337000 +1.21346386e+04 +1.21213404e+04  1.33e+01   2.58e-03     7.40e-03   10.980s
 338000 +1.21344999e+04 +1.21213453e+04  1.32e+01   2.55e-03     8.70e-03   11.011s
 339000 +1.21342368e+04 +1.21213570e+04  1.29e+01   2.51e-03     1.00e-02   11.041s
 340000 +1.21341066e+04 +1.21213570e+04  1.27e+01   2.47e-03     1.13e-02   11.071s
 341000 +1.21339190e+04 +1.21213572e+04  1.26e+01   2.43e-03     1.26e-02   11.101s
 342000 +1.21336507e+04 +1.21213659e+04  1.23e+01   2.38e-03     1.38e-02   11.132s
 343000 +1.21334686e+04 +1.21213751e+04  1.21e+01   2.32e-03     1.50e-02   11.162s
 344000 +1.21331613e+04 +1.21213797e+04  1.18e+01   2.28e-03     1.62e-02   11.192s
 345000 +1.21328907e+04 +1.21213910e+04  1.15e+01   2.22e-03     1.74e-02   11.223s
 346000 +1.21326161e+04 +1.21213973e+04  1.12e+01   2.17e-03     1.84e-02   11.253s
 347000 +1.21323226e+04 +1.21213947e+04  1.09e+01   2.11e-03     1.95e-02   11.283s
 348000 +1.21320470e+04 +1.21213987e+04  1.06e+01   2.05e-03     2.04e-02   11.313s
 349000 +1.21316560e+04 +1.21214011e+04  1.03e+01   1.99e-03     2.07e-02   11.344s
 350000 +1.21313224e+04 +1.21214039e+04  9.92e+00   1.92e-03     2.22e-02   11.374s
 351000 +1.21309661e+04 +1.21214075e+04  9.56e+00   1.85e-03     2.29e-02   11.404s
 352000 +1.21305380e+04 +1.21214172e+04  9.12e+00   1.77e-03     2.32e-02   11.435s
 353000 +1.21301169e+04 +1.21214110e+04  8.71e+00   1.68e-03     2.38e-02   11.465s
 354000 +1.21296378e+04 +1.21214179e+04  8.22e+00   1.59e-03     2.48e-02   11.495s
 355000 +1.21291617e+04 +1.21214216e+04  7.74e+00   1.50e-03     2.55e-02   11.526s
 356000 +1.21286415e+04 +1.21214308e+04  7.21e+00   1.40e-03     2.58e-02   11.556s
 357000 +1.21281202e+04 +1.21214349e+04  6.69e+00   1.30e-03     2.62e-02   11.586s
 358000 +1.21276272e+04 +1.21214339e+04  6.19e+00   1.20e-03     2.63e-02   11.616s
 359000 +1.21270709e+04 +1.21214412e+04  5.63e+00   1.10e-03     2.67e-02   11.647s
 360000 +1.21265330e+04 +1.21214390e+04  5.09e+00   1.00e-03     2.67e-02   11.677s
 361000 +1.21262534e+04 +1.21213739e+04  4.88e+00   9.70e-04     6.46e-03   11.708s
 362000 +1.21261668e+04 +1.21213906e+04  4.78e+00   9.41e-04     7.63e-03   11.738s
 363000 +1.21260919e+04 +1.21213961e+04  4.70e+00   9.17e-04     8.61e-03   11.768s
 364000 +1.21259971e+04 +1.21214010e+04  4.60e+00   8.95e-04     9.52e-03   11.798s
 365000 +1.21259045e+04 +1.21214070e+04  4.50e+00   8.71e-04     1.04e-02   11.829s
 366000 +1.21257904e+04 +1.21214114e+04  4.38e+00   8.45e-04     1.13e-02   11.859s
 367000 +1.21256317e+04 +1.21214175e+04  4.21e+00   8.18e-04     1.21e-02   11.889s
 368000 +1.21254754e+04 +1.21214220e+04  4.05e+00   7.89e-04     1.29e-02   11.920s
 369000 +1.21253125e+04 +1.21214265e+04  3.89e+00   7.59e-04     1.36e-02   11.950s
 370000 +1.21251397e+04 +1.21214339e+04  3.71e+00   7.25e-04     1.44e-02   11.980s
 371000 +1.21249683e+04 +1.21214370e+04  3.53e+00   6.90e-04     1.51e-02   12.011s
 372000 +1.21247848e+04 +1.21214408e+04  3.34e+00   6.55e-04     1.57e-02   12.041s
 373000 +1.21245950e+04 +1.21214443e+04  3.15e+00   6.19e-04     1.62e-02   12.071s
 374000 +1.21244033e+04 +1.21214460e+04  2.96e+00   5.85e-04     1.63e-02   12.101s
 375000 +1.21241990e+04 +1.21214505e+04  2.75e+00   5.44e-04     1.71e-02   12.132s
 376000 +1.21240054e+04 +1.21214523e+04  2.55e+00   5.06e-04     1.72e-02   12.162s
 376800 +1.21238461e+04 +1.21214541e+04  2.39e+00   4.75e-04     1.77e-02   12.186s
LP Solver status:                Optimal
Primal objective:                +1.21238461e+04
Dual objective:                  +1.21214541e+04
Duality gap (abs/rel):           +2.39e+00 / +9.87e-05
Primal infeasibility (abs/rel):  +4.75e-04 / +8.83e-08
Dual infeasibility (abs/rel):    +1.77e-02 / +2.70e-06
PDLP finished
Status: Optimal   Objective: 1.21238461e+04  Iterations: 376800  Time: 12.188s

### exit_code=0
### finished=2026-07-31T15:41:50.685457
### gpu_peak_mb=1722.4
### gpu_peak2_mb=0.0
### per_gpu_peak_mb=[1722.375]
