### solver=cuopt-base
### instance=/home/scratch.cmaes_sw/hans_lps/square41.mps
### n_gpus=1
### CUDA_VISIBLE_DEVICES=0
### started=2026-07-31T15:41:52.572630
### argv=/home/scratch.vmostovoi_gpu/mostovoi_cuopt/cpp/build/cuopt_cli --method 1 --mps-reader experimental-fast --time-limit 3600 --iteration-limit 1000000000 --relative-primal-tolerance 1e-4 --relative-dual-tolerance 1e-4 --relative-gap-tolerance 1e-4 --log-to-console true /home/scratch.cmaes_sw/hans_lps/square41.mps
### --- solver output ---
Setting parameter iteration_limit to 1000000000
Setting parameter log_to_console to true
Setting parameter method to 1
Setting parameter relative_dual_tolerance to 1.000000e-04
Setting parameter relative_gap_tolerance to 1.000000e-04
Setting parameter relative_primal_tolerance to 1.000000e-04
Setting parameter time_limit to 3.600000e+03
Reading file square41.mps
Using experimental fast MPS parser for '/home/scratch.cmaes_sw/hans_lps/square41.mps'
Read file square41.mps in 0.95 seconds
cuOpt version: 26.8.0, git hash: 7116ead1, host arch: x86_64, device archs: 100a-real
CPU: INTEL(R) XEON(R) PLATINUM 8570, threads (physical/logical): 112/224, RAM: 1684.25 GiB
CUDA 13.3, device: NVIDIA B200 (ID 0), VRAM: 178.34 GiB
CUDA device UUID: 9cf5855e-0d9f-8a57-2857-ca9eac5a3446
Solving a problem with 40160 constraints, 62234 variables (0 integers), and 13566426 nonzeros
Problem scaling:
Objective coefficents range:          [1e+00, 1e+00]
Constraint matrix coefficients range: [1e+00, 1e+00]
Constraint rhs / bounds range:        [1e+00, 1e+00]
Variable bounds range:                [0e+00, 1e+00]

Using PSLP presolver
PSLP Presolved problem: 1754 constraints, 23828 variables, 4336554 non-zeros
PSLP presolve time: 0.79s
Objective offset 0.000000 scaling_factor 1.000000
   Iter    Primal Obj.      Dual Obj.    Gap        Primal Res.  Dual Res.   Time
      0 +0.00000000e+00 +0.00000000e+00  0.00e+00   4.14e+01     1.54e+02   0.889s
   1000 +5.51365912e+00 +6.38737050e+00  8.74e-01   6.69e-01     1.31e+00   0.980s
   2000 +5.03410110e+00 +6.61098063e+00  1.58e+00   6.14e-01     1.03e+00   1.033s
   3000 +4.84788134e+00 +6.50124413e+00  1.65e+00   6.53e-01     4.42e-01   1.087s
   4000 +4.88632616e+00 +6.56417450e+00  1.68e+00   6.56e-01     2.89e-01   1.140s
   5000 +5.19961644e+00 +7.09735891e+00  1.90e+00   5.75e-01     7.46e-01   1.193s
   6000 +5.65615490e+00 +7.55422495e+00  1.90e+00   4.59e-01     1.31e+00   1.247s
   7000 +6.66763411e+00 +8.43157447e+00  1.76e+00   2.96e-01     2.12e+00   1.300s
   8000 +7.81501646e+00 +8.27347301e+00  4.58e-01   1.72e-01     1.92e+00   1.354s
   9000 +7.83548169e+00 +8.18950220e+00  3.54e-01   1.44e-01     1.58e+00   1.407s
  10000 +7.96103471e+00 +8.19682609e+00  2.36e-01   1.25e-01     1.53e+00   1.460s
  11000 +8.11983329e+00 +8.18951250e+00  6.97e-02   1.19e-01     1.42e+00   1.513s
  12000 +7.99101996e+00 +8.19732224e+00  2.06e-01   1.11e-01     1.33e+00   1.565s
  13000 +7.84682581e+00 +8.24287616e+00  3.96e-01   1.04e-01     1.25e+00   1.617s
  14000 +7.83009674e+00 +8.35027178e+00  5.20e-01   1.07e-01     1.16e+00   1.670s
  15000 +7.87646150e+00 +8.39879995e+00  5.22e-01   1.14e-01     1.05e+00   1.722s
  16000 +7.90396228e+00 +8.42545446e+00  5.21e-01   1.21e-01     9.16e-01   1.775s
  17000 +7.86913319e+00 +8.41573889e+00  5.47e-01   1.20e-01     8.03e-01   1.827s
  18000 +7.78168317e+00 +8.38899014e+00  6.07e-01   1.10e-01     6.65e-01   1.879s
  19000 +7.77488171e+00 +8.46050006e+00  6.86e-01   1.02e-01     5.95e-01   1.931s
  20000 +7.87853708e+00 +8.50031082e+00  6.22e-01   9.38e-02     5.15e-01   1.984s
  21000 +7.93559577e+00 +8.50775066e+00  5.72e-01   9.35e-02     4.74e-01   2.036s
  22000 +7.94906048e+00 +8.53242751e+00  5.83e-01   9.45e-02     4.41e-01   2.088s
  23000 +7.97691109e+00 +8.52491095e+00  5.48e-01   9.62e-02     3.70e-01   2.141s
  24000 +8.00389526e+00 +8.50575026e+00  5.02e-01   9.55e-02     2.15e-01   2.193s
  25000 +8.02334741e+00 +8.51294248e+00  4.90e-01   9.39e-02     1.75e-01   2.246s
  26000 +8.02560815e+00 +8.53392467e+00  5.08e-01   9.02e-02     1.67e-01   2.298s
  27000 +8.02923730e+00 +8.57390939e+00  5.45e-01   8.73e-02     1.66e-01   2.351s
  28000 +8.07461990e+00 +8.61410647e+00  5.39e-01   8.54e-02     1.60e-01   2.403s
  29000 +8.10148248e+00 +8.61432152e+00  5.13e-01   8.24e-02     1.63e-01   2.455s
  30000 +8.09071767e+00 +8.62733613e+00  5.37e-01   7.73e-02     1.92e-01   2.508s
  31000 +8.08924100e+00 +8.64331891e+00  5.54e-01   7.16e-02     2.11e-01   2.560s
  32000 +8.13163848e+00 +8.68951391e+00  5.58e-01   6.64e-02     2.17e-01   2.612s
  33000 +8.23728093e+00 +8.69869903e+00  4.61e-01   6.13e-02     1.96e-01   2.664s
  34000 +8.29247863e+00 +8.71810285e+00  4.26e-01   5.66e-02     1.91e-01   2.717s
  35000 +8.29046100e+00 +8.73098887e+00  4.41e-01   5.34e-02     1.80e-01   2.769s
  36000 +8.29529590e+00 +8.75379672e+00  4.59e-01   5.10e-02     2.18e-01   2.822s
  37000 +8.32669419e+00 +8.80640818e+00  4.80e-01   4.84e-02     2.65e-01   2.874s
  38000 +8.38241344e+00 +8.83150859e+00  4.49e-01   4.53e-02     3.11e-01   2.926s
  39000 +8.42803140e+00 +8.84200147e+00  4.14e-01   4.04e-02     3.46e-01   2.978s
  40000 +8.48261285e+00 +8.91280056e+00  4.30e-01   3.43e-02     3.84e-01   3.031s
  41000 +8.55008595e+00 +8.89833463e+00  3.48e-01   2.88e-02     3.90e-01   3.083s
  42000 +8.62407351e+00 +8.91919872e+00  2.95e-01   2.54e-02     3.85e-01   3.135s
  43000 +8.68512693e+00 +8.90597034e+00  2.21e-01   2.19e-02     3.78e-01   3.188s
  44000 +8.72494284e+00 +8.88137684e+00  1.56e-01   2.01e-02     3.51e-01   3.240s
  45000 +8.74220331e+00 +8.86249249e+00  1.20e-01   1.89e-02     3.24e-01   3.292s
  46000 +8.74824317e+00 +8.85729805e+00  1.09e-01   1.82e-02     2.97e-01   3.345s
  47000 +8.73603808e+00 +8.85052592e+00  1.14e-01   1.69e-02     2.72e-01   3.397s
  48000 +8.73126139e+00 +8.88660194e+00  1.55e-01   1.59e-02     2.68e-01   3.449s
  49000 +8.73608108e+00 +8.89968770e+00  1.64e-01   1.48e-02     2.65e-01   3.501s
  50000 +8.74580693e+00 +8.92228970e+00  1.76e-01   1.41e-02     2.79e-01   3.554s
  51000 +8.73985389e+00 +8.90075371e+00  1.61e-01   1.34e-02     2.49e-01   3.606s
  52000 +8.72647753e+00 +8.88791543e+00  1.61e-01   1.25e-02     2.00e-01   3.658s
  53000 +8.72872479e+00 +8.88585494e+00  1.57e-01   1.22e-02     1.78e-01   3.711s
  54000 +8.75123627e+00 +8.89707688e+00  1.46e-01   1.14e-02     1.74e-01   3.763s
  55000 +8.78520053e+00 +8.89785248e+00  1.13e-01   1.08e-02     1.73e-01   3.815s
  56000 +8.80788214e+00 +8.88465752e+00  7.68e-02   1.07e-02     1.60e-01   3.868s
  57000 +8.81826611e+00 +8.87362013e+00  5.54e-02   1.07e-02     1.53e-01   3.920s
  58000 +8.82227924e+00 +8.87213298e+00  4.99e-02   1.07e-02     1.44e-01   3.972s
  59000 +8.82568529e+00 +8.87231095e+00  4.66e-02   1.08e-02     1.37e-01   4.025s
  60000 +8.82980035e+00 +8.86970338e+00  3.99e-02   8.94e-03     1.30e-01   4.077s
  61000 +8.83650317e+00 +8.86877279e+00  3.23e-02   8.71e-03     1.22e-01   4.130s
  62000 +8.83888778e+00 +8.86566447e+00  2.68e-02   8.39e-03     1.10e-01   4.182s
  63000 +8.84106183e+00 +8.86922723e+00  2.82e-02   7.94e-03     1.06e-01   4.234s
  64000 +8.84439567e+00 +8.86982467e+00  2.54e-02   7.42e-03     1.09e-01   4.286s
  65000 +8.84764284e+00 +8.87062774e+00  2.30e-02   6.86e-03     1.12e-01   4.339s
  66000 +8.85095217e+00 +8.87073269e+00  1.98e-02   6.26e-03     1.19e-01   4.391s
  67000 +8.85344982e+00 +8.86909091e+00  1.56e-02   5.85e-03     1.21e-01   4.443s
  68000 +8.85467423e+00 +8.86748763e+00  1.28e-02   5.54e-03     1.30e-01   4.496s
  69000 +8.85366302e+00 +8.86553536e+00  1.19e-02   5.26e-03     1.37e-01   4.548s
  70000 +8.85363290e+00 +8.86668484e+00  1.31e-02   4.97e-03     1.39e-01   4.600s
  71000 +8.85170565e+00 +8.86590352e+00  1.42e-02   4.79e-03     1.34e-01   4.652s
  72000 +8.84721101e+00 +8.86269840e+00  1.55e-02   4.55e-03     1.30e-01   4.705s
  73000 +8.84170436e+00 +8.86569413e+00  2.40e-02   4.37e-03     1.26e-01   4.757s
  74000 +8.84522139e+00 +8.87214303e+00  2.69e-02   4.06e-03     1.20e-01   4.809s
  75000 +8.84686657e+00 +8.86733832e+00  2.05e-02   3.85e-03     1.16e-01   4.862s
  76000 +8.84327728e+00 +8.86635614e+00  2.31e-02   3.68e-03     1.11e-01   4.914s
  77000 +8.84184729e+00 +8.87019279e+00  2.83e-02   3.58e-03     1.09e-01   4.966s
  78000 +8.84475815e+00 +8.86771321e+00  2.30e-02   3.45e-03     1.09e-01   5.019s
  79000 +8.84460096e+00 +8.86465626e+00  2.01e-02   3.28e-03     1.08e-01   5.071s
  80000 +8.84429838e+00 +8.86653534e+00  2.22e-02   3.16e-03     1.02e-01   5.123s
  81000 +8.84369756e+00 +8.86640880e+00  2.27e-02   3.00e-03     9.88e-02   5.175s
  82000 +8.84304472e+00 +8.86521883e+00  2.22e-02   2.90e-03     9.57e-02   5.228s
  83000 +8.84268985e+00 +8.86702587e+00  2.43e-02   2.78e-03     9.66e-02   5.280s
  84000 +8.84342350e+00 +8.86808863e+00  2.47e-02   2.71e-03     9.61e-02   5.332s
  85000 +8.84261138e+00 +8.86830675e+00  2.57e-02   2.68e-03     9.13e-02   5.385s
  86000 +8.84007583e+00 +8.86603394e+00  2.60e-02   2.69e-03     9.05e-02   5.437s
  87000 +8.83787351e+00 +8.86937043e+00  3.15e-02   2.72e-03     8.67e-02   5.489s
  88000 +8.83948688e+00 +8.87129932e+00  3.18e-02   2.73e-03     8.60e-02   5.542s
  89000 +8.84105898e+00 +8.87123255e+00  3.02e-02   2.69e-03     8.43e-02   5.594s
  90000 +8.84239525e+00 +8.87158855e+00  2.92e-02   2.66e-03     8.36e-02   5.646s
  91000 +8.84163305e+00 +8.86789705e+00  2.63e-02   2.62e-03     8.25e-02   5.699s
  92000 +8.84038290e+00 +8.86915987e+00  2.88e-02   2.53e-03     8.19e-02   5.751s
  93000 +8.84085758e+00 +8.87121792e+00  3.04e-02   2.30e-03     8.07e-02   5.803s
  94000 +8.84301093e+00 +8.87181537e+00  2.88e-02   1.67e-03     8.07e-02   5.856s
  95000 +8.84518060e+00 +8.87218834e+00  2.70e-02   1.50e-03     8.10e-02   5.908s
  96000 +8.84684922e+00 +8.86959917e+00  2.27e-02   1.67e-03     7.99e-02   5.960s
  97000 +8.84736016e+00 +8.86452801e+00  1.72e-02   1.84e-03     7.73e-02   6.012s
  98000 +8.84807318e+00 +8.86198748e+00  1.39e-02   1.93e-03     7.61e-02   6.065s
  99000 +8.84791267e+00 +8.86019449e+00  1.23e-02   1.94e-03     7.48e-02   6.117s
 100000 +8.84832022e+00 +8.86009734e+00  1.18e-02   1.97e-03     7.38e-02   6.169s
 101000 +8.84988746e+00 +8.85951900e+00  9.63e-03   2.08e-03     7.11e-02   6.222s
 102000 +8.85043910e+00 +8.85893614e+00  8.50e-03   2.26e-03     6.89e-02   6.274s
 103000 +8.85133026e+00 +8.85793261e+00  6.60e-03   2.47e-03     6.58e-02   6.326s
 104000 +8.85234948e+00 +8.85697810e+00  4.63e-03   2.49e-03     6.25e-02   6.379s
 105000 +8.85396752e+00 +8.85595679e+00  1.99e-03   2.54e-03     6.10e-02   6.431s
 106000 +8.85348918e+00 +8.85621843e+00  2.73e-03   2.67e-03     5.99e-02   6.483s
 107000 +8.85337820e+00 +8.85541326e+00  2.04e-03   2.76e-03     5.78e-02   6.535s
 108000 +8.85567851e+00 +8.85599245e+00  3.14e-04   2.80e-03     5.58e-02   6.588s
 109000 +8.85872345e+00 +8.85471652e+00  4.01e-03   2.86e-03     5.37e-02   6.640s
 110000 +8.85903812e+00 +8.85362517e+00  5.41e-03   2.88e-03     5.12e-02   6.692s
 111000 +8.85893274e+00 +8.85260829e+00  6.32e-03   2.89e-03     4.85e-02   6.745s
 112000 +8.85810864e+00 +8.85236617e+00  5.74e-03   2.91e-03     4.56e-02   6.797s
 113000 +8.85761923e+00 +8.85286701e+00  4.75e-03   2.90e-03     4.26e-02   6.849s
 114000 +8.85655853e+00 +8.85267663e+00  3.88e-03   2.87e-03     3.98e-02   6.901s
 115000 +8.85529604e+00 +8.85307102e+00  2.23e-03   2.81e-03     3.77e-02   6.954s
 116000 +8.85499878e+00 +8.85227173e+00  2.73e-03   2.74e-03     3.47e-02   7.006s
 117000 +8.85420224e+00 +8.85107354e+00  3.13e-03   2.66e-03     3.30e-02   7.058s
 118000 +8.85244101e+00 +8.85117612e+00  1.26e-03   2.57e-03     3.18e-02   7.111s
 119000 +8.85290702e+00 +8.85275611e+00  1.51e-04   2.48e-03     3.10e-02   7.163s
 120000 +8.85316961e+00 +8.85140777e+00  1.76e-03   2.37e-03     2.98e-02   7.215s
 121000 +8.85172225e+00 +8.85063185e+00  1.09e-03   2.25e-03     2.95e-02   7.267s
 122000 +8.85234912e+00 +8.85105863e+00  1.29e-03   2.16e-03     2.90e-02   7.320s
 123000 +8.85377768e+00 +8.85094410e+00  2.83e-03   2.06e-03     2.96e-02   7.372s
 124000 +8.85378257e+00 +8.85086676e+00  2.92e-03   1.98e-03     2.74e-02   7.424s
 125000 +8.85452028e+00 +8.85148970e+00  3.03e-03   1.90e-03     2.67e-02   7.477s
 126000 +8.85454657e+00 +8.85041434e+00  4.13e-03   1.83e-03     2.68e-02   7.529s
 127000 +8.85288401e+00 +8.85019396e+00  2.69e-03   1.78e-03     2.63e-02   7.581s
 128000 +8.85199390e+00 +8.84983152e+00  2.16e-03   1.73e-03     2.59e-02   7.633s
 129000 +8.85062745e+00 +8.84899662e+00  1.63e-03   1.70e-03     2.52e-02   7.686s
 130000 +8.84957613e+00 +8.84893430e+00  6.42e-04   1.66e-03     2.48e-02   7.738s
 131000 +8.84984124e+00 +8.84935167e+00  4.90e-04   1.63e-03     2.43e-02   7.790s
 132000 +8.84945349e+00 +8.84857179e+00  8.82e-04   1.63e-03     2.32e-02   7.843s
 133000 +8.84815682e+00 +8.84886042e+00  7.04e-04   1.63e-03     2.28e-02   7.895s
 134000 +8.84778302e+00 +8.84910452e+00  1.32e-03   1.62e-03     2.27e-02   7.947s
 135000 +8.84735405e+00 +8.84894898e+00  1.59e-03   1.61e-03     2.12e-02   7.999s
 136000 +8.84630755e+00 +8.84843338e+00  2.13e-03   1.60e-03     2.00e-02   8.052s
 137000 +8.84557949e+00 +8.84781844e+00  2.24e-03   1.59e-03     1.96e-02   8.104s
 138000 +8.84608907e+00 +8.84827317e+00  2.18e-03   1.48e-03     2.05e-02   8.156s
 139000 +8.84646686e+00 +8.84703850e+00  5.72e-04   1.27e-03     2.22e-02   8.209s
 140000 +8.84660932e+00 +8.84783987e+00  1.23e-03   1.02e-03     2.33e-02   8.261s
 141000 +8.84679801e+00 +8.84704905e+00  2.51e-04   8.14e-04     2.20e-02   8.313s
 142000 +8.84623432e+00 +8.84699575e+00  7.61e-04   7.17e-04     2.13e-02   8.366s
 143000 +8.84468224e+00 +8.84748194e+00  2.80e-03   6.95e-04     2.01e-02   8.418s
 144000 +8.84451285e+00 +8.84859076e+00  4.08e-03   6.27e-04     1.95e-02   8.470s
 145000 +8.84393471e+00 +8.84822776e+00  4.29e-03   5.56e-04     1.95e-02   8.523s
 146000 +8.84308770e+00 +8.84813544e+00  5.05e-03   4.67e-04     1.96e-02   8.575s
 147000 +8.84271566e+00 +8.84839745e+00  5.68e-03   4.44e-04     1.95e-02   8.628s
 148000 +8.84248635e+00 +8.84850951e+00  6.02e-03   5.14e-04     1.89e-02   8.680s
 149000 +8.84245580e+00 +8.84831732e+00  5.86e-03   5.55e-04     1.81e-02   8.732s
 150000 +8.84261025e+00 +8.84809009e+00  5.48e-03   5.61e-04     1.77e-02   8.784s
 151000 +8.84288472e+00 +8.84803410e+00  5.15e-03   5.56e-04     1.76e-02   8.837s
 152000 +8.84287253e+00 +8.84810572e+00  5.23e-03   5.64e-04     1.73e-02   8.889s
 153000 +8.84296123e+00 +8.84833046e+00  5.37e-03   5.78e-04     1.71e-02   8.941s
 154000 +8.84294384e+00 +8.84838187e+00  5.44e-03   5.95e-04     1.69e-02   8.994s
 155000 +8.84274024e+00 +8.84847736e+00  5.74e-03   6.04e-04     1.68e-02   9.046s
 156000 +8.84257150e+00 +8.84851444e+00  5.94e-03   6.04e-04     1.66e-02   9.098s
 157000 +8.84234143e+00 +8.84856389e+00  6.22e-03   5.99e-04     1.65e-02   9.151s
 158000 +8.84217359e+00 +8.84865509e+00  6.48e-03   5.90e-04     1.62e-02   9.203s
 159000 +8.84221881e+00 +8.84868827e+00  6.47e-03   5.79e-04     1.61e-02   9.255s
 160000 +8.84224162e+00 +8.84861796e+00  6.38e-03   5.64e-04     1.61e-02   9.308s
 161000 +8.84205709e+00 +8.84855103e+00  6.49e-03   5.45e-04     1.60e-02   9.360s
 162000 +8.84214429e+00 +8.84854785e+00  6.40e-03   5.23e-04     1.58e-02   9.412s
 163000 +8.84225167e+00 +8.84835682e+00  6.11e-03   5.00e-04     1.57e-02   9.464s
 164000 +8.84216181e+00 +8.84842750e+00  6.27e-03   4.76e-04     1.57e-02   9.517s
 165000 +8.84214161e+00 +8.84846292e+00  6.32e-03   4.48e-04     1.57e-02   9.569s
 166000 +8.84209860e+00 +8.84842799e+00  6.33e-03   4.21e-04     1.59e-02   9.621s
 167000 +8.84188982e+00 +8.84829725e+00  6.41e-03   3.90e-04     1.59e-02   9.674s
 168000 +8.84184782e+00 +8.84833237e+00  6.48e-03   3.59e-04     1.59e-02   9.726s
 169000 +8.84187221e+00 +8.84830883e+00  6.44e-03   3.29e-04     1.61e-02   9.778s
 170000 +8.84174901e+00 +8.84831520e+00  6.57e-03   2.98e-04     1.61e-02   9.831s
 171000 +8.84176047e+00 +8.84839160e+00  6.63e-03   2.72e-04     1.61e-02   9.883s
 172000 +8.84172302e+00 +8.84829991e+00  6.58e-03   2.51e-04     1.60e-02   9.935s
 173000 +8.84163304e+00 +8.84828200e+00  6.65e-03   2.32e-04     1.60e-02   9.987s
 174000 +8.84154932e+00 +8.84828864e+00  6.74e-03   2.17e-04     1.59e-02   10.040s
 175000 +8.84140404e+00 +8.84844757e+00  7.04e-03   2.06e-04     1.59e-02   10.092s
 176000 +8.84134919e+00 +8.84851287e+00  7.16e-03   1.95e-04     1.59e-02   10.144s
 177000 +8.84129451e+00 +8.84848145e+00  7.19e-03   1.86e-04     1.58e-02   10.197s
 178000 +8.84126989e+00 +8.84853032e+00  7.26e-03   1.71e-04     1.57e-02   10.249s
 179000 +8.84132699e+00 +8.84855299e+00  7.23e-03   1.56e-04     1.57e-02   10.301s
 180000 +8.84140156e+00 +8.84862647e+00  7.22e-03   1.37e-04     1.57e-02   10.353s
 181000 +8.84149713e+00 +8.84868661e+00  7.19e-03   1.20e-04     1.58e-02   10.406s
 182000 +8.84149839e+00 +8.84861662e+00  7.12e-03   1.03e-04     1.57e-02   10.458s
 183000 +8.84138298e+00 +8.84860530e+00  7.22e-03   8.91e-05     1.57e-02   10.510s
 184000 +8.84131385e+00 +8.84864364e+00  7.33e-03   7.72e-05     1.58e-02   10.562s
 185000 +8.84125201e+00 +8.84859871e+00  7.35e-03   7.04e-05     1.58e-02   10.615s
 186000 +8.84109450e+00 +8.84856657e+00  7.47e-03   6.98e-05     1.59e-02   10.667s
 187000 +8.84111943e+00 +8.84860384e+00  7.48e-03   7.27e-05     1.59e-02   10.719s
 188000 +8.84120615e+00 +8.84858709e+00  7.38e-03   8.14e-05     1.59e-02   10.772s
 189000 +8.84126204e+00 +8.84859406e+00  7.33e-03   9.14e-05     1.59e-02   10.824s
 190000 +8.84133625e+00 +8.84853616e+00  7.20e-03   1.02e-04     1.60e-02   10.876s
 191000 +8.84129723e+00 +8.84851209e+00  7.21e-03   1.13e-04     1.60e-02   10.929s
 192000 +8.84124332e+00 +8.84855081e+00  7.31e-03   1.25e-04     1.59e-02   10.981s
 193000 +8.84125582e+00 +8.84852185e+00  7.27e-03   1.36e-04     1.59e-02   11.033s
 194000 +8.84114014e+00 +8.84847416e+00  7.33e-03   1.45e-04     1.59e-02   11.085s
 195000 +8.84095140e+00 +8.84849230e+00  7.54e-03   1.53e-04     1.59e-02   11.138s
 196000 +8.84092595e+00 +8.84854236e+00  7.62e-03   1.58e-04     1.59e-02   11.190s
 197000 +8.84095671e+00 +8.84850378e+00  7.55e-03   1.60e-04     1.59e-02   11.242s
 198000 +8.84087934e+00 +8.84842889e+00  7.55e-03   1.59e-04     1.53e-02   11.295s
 199000 +8.84019811e+00 +8.84782121e+00  7.62e-03   2.38e-04     1.52e-02   11.347s
 200000 +8.83771117e+00 +8.84766431e+00  9.95e-03   1.25e-03     1.50e-02   11.400s
 201000 +8.83256017e+00 +8.84759656e+00  1.50e-02   1.89e-03     1.49e-02   11.452s
 202000 +8.82880199e+00 +8.84756944e+00  1.88e-02   2.67e-03     1.48e-02   11.504s
 203000 +8.82644456e+00 +8.84751143e+00  2.11e-02   3.26e-03     1.47e-02   11.556s
 204000 +8.82582325e+00 +8.84748623e+00  2.17e-02   3.67e-03     1.46e-02   11.609s
 205000 +8.82692476e+00 +8.84741905e+00  2.05e-02   4.09e-03     1.46e-02   11.661s
 206000 +8.83020590e+00 +8.84735410e+00  1.71e-02   4.63e-03     1.49e-02   11.713s
 207000 +8.83190718e+00 +8.84693055e+00  1.50e-02   5.04e-03     1.47e-02   11.766s
 208000 +8.83346938e+00 +8.84674292e+00  1.33e-02   5.44e-03     1.45e-02   11.818s
 209000 +8.83535284e+00 +8.84652659e+00  1.12e-02   5.65e-03     1.45e-02   11.870s
 210000 +8.83849807e+00 +8.84619868e+00  7.70e-03   5.74e-03     1.41e-02   11.922s
 211000 +8.83183647e+00 +8.84463207e+00  1.28e-02   6.21e-03     1.19e-02   11.975s
 212000 +8.82295171e+00 +8.84299015e+00  2.00e-02   6.46e-03     1.07e-02   12.027s
 213000 +8.82752493e+00 +8.84235890e+00  1.48e-02   6.07e-03     8.81e-03   12.079s
 214000 +8.82896331e+00 +8.84069654e+00  1.17e-02   8.93e-03     7.33e-03   12.132s
 215000 +8.83109308e+00 +8.84060756e+00  9.51e-03   1.05e-02     7.14e-03   12.184s
 216000 +8.83121703e+00 +8.84018766e+00  8.97e-03   1.15e-02     6.40e-03   12.237s
 217000 +8.82751834e+00 +8.84018882e+00  1.27e-02   1.26e-02     5.94e-03   12.289s
 218000 +8.82646044e+00 +8.83993579e+00  1.35e-02   1.33e-02     5.34e-03   12.341s
 219000 +8.82743906e+00 +8.83961408e+00  1.22e-02   1.36e-02     4.80e-03   12.394s
 220000 +8.82585040e+00 +8.83951232e+00  1.37e-02   1.38e-02     4.51e-03   12.446s
 221000 +8.82667082e+00 +8.83940640e+00  1.27e-02   1.40e-02     4.20e-03   12.498s
 222000 +8.83244198e+00 +8.83928739e+00  6.85e-03   1.41e-02     4.05e-03   12.550s
 223000 +8.83731421e+00 +8.83909139e+00  1.78e-03   1.38e-02     3.87e-03   12.603s
 224000 +8.84276682e+00 +8.83904019e+00  3.73e-03   1.36e-02     3.78e-03   12.655s
 225000 +8.84958507e+00 +8.83890254e+00  1.07e-02   1.32e-02     3.62e-03   12.707s
 226000 +8.85651651e+00 +8.83877974e+00  1.77e-02   1.27e-02     3.45e-03   12.760s
 227000 +8.86168102e+00 +8.83872225e+00  2.30e-02   1.23e-02     3.29e-03   12.812s
 228000 +8.86537563e+00 +8.83858889e+00  2.68e-02   1.19e-02     2.98e-03   12.864s
 229000 +8.86686343e+00 +8.83852958e+00  2.83e-02   1.14e-02     2.69e-03   12.917s
 230000 +8.86473651e+00 +8.83848471e+00  2.63e-02   1.09e-02     2.36e-03   12.969s
 231000 +8.86043640e+00 +8.83851429e+00  2.19e-02   1.06e-02     2.00e-03   13.021s
 232000 +8.85666384e+00 +8.83852413e+00  1.81e-02   1.03e-02     1.56e-03   13.073s
 233000 +8.85443474e+00 +8.83863610e+00  1.58e-02   1.01e-02     1.28e-03   13.126s
 234000 +8.85448026e+00 +8.83867295e+00  1.58e-02   9.87e-03     1.04e-03   13.178s
 235000 +8.85768398e+00 +8.83867267e+00  1.90e-02   9.56e-03     7.44e-04   13.230s
 236000 +8.86348465e+00 +8.83867546e+00  2.48e-02   9.19e-03     5.26e-04   13.283s
 237000 +8.86336188e+00 +8.83868043e+00  2.47e-02   8.89e-03     4.04e-04   13.335s
 238000 +8.86233654e+00 +8.83868610e+00  2.37e-02   8.54e-03     4.28e-04   13.387s
 239000 +8.86265604e+00 +8.83853352e+00  2.41e-02   8.13e-03     6.69e-04   13.440s
 240000 +8.85592075e+00 +8.83858198e+00  1.73e-02   7.68e-03     7.57e-04   13.492s
 241000 +8.85132852e+00 +8.83855749e+00  1.28e-02   7.31e-03     9.25e-04   13.544s
 242000 +8.85094731e+00 +8.83850941e+00  1.24e-02   6.90e-03     1.09e-03   13.596s
 243000 +8.84687048e+00 +8.83851662e+00  8.35e-03   6.47e-03     1.10e-03   13.649s
 244000 +8.84055979e+00 +8.83859034e+00  1.97e-03   6.13e-03     1.10e-03   13.701s
 245000 +8.84108413e+00 +8.83855789e+00  2.53e-03   5.82e-03     1.12e-03   13.753s
 246000 +8.84213869e+00 +8.83857984e+00  3.56e-03   5.50e-03     9.76e-04   13.806s
 247000 +8.83967089e+00 +8.83860500e+00  1.07e-03   5.27e-03     9.13e-04   13.858s
 248000 +8.84271296e+00 +8.83854785e+00  4.17e-03   5.07e-03     8.45e-04   13.910s
 249000 +8.84670591e+00 +8.83850707e+00  8.20e-03   4.83e-03     8.12e-04   13.962s
 250000 +8.84633504e+00 +8.83841270e+00  7.92e-03   4.76e-03     1.10e-03   14.015s
 251000 +8.84596275e+00 +8.83820331e+00  7.76e-03   4.61e-03     1.54e-03   14.067s
 252000 +8.84624495e+00 +8.83795121e+00  8.29e-03   4.45e-03     1.90e-03   14.120s
 253000 +8.84635380e+00 +8.83776187e+00  8.59e-03   4.29e-03     2.13e-03   14.172s
 254000 +8.84568912e+00 +8.83768526e+00  8.00e-03   4.17e-03     2.23e-03   14.224s
 255000 +8.84464888e+00 +8.83764430e+00  7.00e-03   4.08e-03     2.22e-03   14.276s
 256000 +8.84351148e+00 +8.83764868e+00  5.86e-03   4.01e-03     2.18e-03   14.329s
 257000 +8.84214065e+00 +8.83766772e+00  4.47e-03   3.92e-03     2.18e-03   14.381s
 258000 +8.84098224e+00 +8.83779984e+00  3.18e-03   3.85e-03     2.16e-03   14.433s
 259000 +8.84053895e+00 +8.83793703e+00  2.60e-03   3.77e-03     2.14e-03   14.486s
 260000 +8.84063168e+00 +8.83803032e+00  2.60e-03   3.71e-03     2.12e-03   14.538s
 261000 +8.84093975e+00 +8.83805776e+00  2.88e-03   3.63e-03     2.14e-03   14.590s
 262000 +8.84179997e+00 +8.83817073e+00  3.63e-03   3.57e-03     2.07e-03   14.643s
 263000 +8.84277092e+00 +8.83824970e+00  4.52e-03   3.53e-03     1.98e-03   14.695s
 264000 +8.84346643e+00 +8.83830375e+00  5.16e-03   3.49e-03     2.20e-03   14.747s
 265000 +8.84292851e+00 +8.83824969e+00  4.68e-03   3.42e-03     2.37e-03   14.799s
 266000 +8.84165676e+00 +8.83834249e+00  3.31e-03   3.35e-03     2.57e-03   14.852s
 267000 +8.84129064e+00 +8.83827128e+00  3.02e-03   3.25e-03     2.86e-03   14.904s
 268000 +8.84037079e+00 +8.83811328e+00  2.26e-03   3.16e-03     2.98e-03   14.956s
 268200 +8.83994207e+00 +8.83811340e+00  1.83e-03   3.14e-03     3.00e-03   14.967s
LP Solver status:                Optimal
Primal objective:                +8.83994207e+00
Dual objective:                  +8.83811340e+00
Duality gap (abs/rel):           +1.83e-03 / +9.79e-05
Primal infeasibility (abs/rel):  +3.14e-03 / +7.41e-05
Dual infeasibility (abs/rel):    +3.00e-03 / +1.93e-05
PDLP finished
Status: Optimal   Objective: 8.83994207e+00  Iterations: 268200  Time: 14.968s

### exit_code=0
### finished=2026-07-31T15:42:09.493622
### gpu_peak_mb=2234.4
### gpu_peak2_mb=0.0
### per_gpu_peak_mb=[2234.375]
