### solver=cuopt-base
### instance=/home/scratch.vmostovoi_gpu/datasets/big_lp/google/supply-chain.mps
### n_gpus=1
### CUDA_VISIBLE_DEVICES=0
### started=2026-07-24T05:55:19.579925
### argv=/home/scratch.vmostovoi_gpu/mostovoi_cuopt/cpp/build/cuopt_cli --method 1 --mps-reader experimental-fast --time-limit 3600 --iteration-limit 1000000000 --relative-primal-tolerance 1e-4 --relative-dual-tolerance 1e-4 --relative-gap-tolerance 1e-4 --log-to-console true /home/scratch.vmostovoi_gpu/datasets/big_lp/google/supply-chain.mps
### --- solver output ---
Setting parameter iteration_limit to 1000000000
Setting parameter log_to_console to true
Setting parameter method to 1
Setting parameter relative_dual_tolerance to 1.000000e-04
Setting parameter relative_gap_tolerance to 1.000000e-04
Setting parameter relative_primal_tolerance to 1.000000e-04
Setting parameter time_limit to 3.600000e+03
Reading file supply-chain.mps
Using experimental fast MPS parser for '/home/scratch.vmostovoi_gpu/datasets/big_lp/google/supply-chain.mps'
Read file supply-chain.mps in 35.15 seconds
cuOpt version: 26.8.0, git hash: 7116ead1, host arch: x86_64, device archs: 100a-real
CPU: INTEL(R) XEON(R) PLATINUM 8570, threads (physical/logical): 112/224, RAM: 1808.06 GiB
CUDA 13.3, device: NVIDIA B200 (ID 0), VRAM: 178.34 GiB
CUDA device UUID: f36553ec-83f5-0954-de1e-14020b44a6e2
Solving a problem with 2210100 constraints, 201000100 variables (0 integers), and 403000100 nonzeros
Problem scaling:
Objective coefficents range:          [1e+00, 1e+00]
Constraint matrix coefficients range: [2e-07, 1e+03]
Constraint rhs / bounds range:        [1e+00, 1e+00]
Variable bounds range:                [0e+00, 0e+00]
Warning: input problem contains a large range of coefficients: consider reformulating to avoid numerical difficulties.

Using PSLP presolver
PSLP Presolved problem: 2210077 constraints, 200997800 variables, 402995500 non-zeros
PSLP presolve time: 112.91s
Objective offset 0.000000 scaling_factor 1.000000
   Iter    Primal Obj.      Dual Obj.    Gap        Primal Res.  Dual Res.   Time
      0 +0.00000000e+00 +0.00000000e+00  0.00e+00   1.41e+03     1.42e+04   115.550s
   1000 +1.07052251e+08 +1.14987842e+08  7.94e+06   8.14e+03     1.44e+02   125.493s
   2000 +1.04872600e+08 +1.09882242e+08  5.01e+06   6.11e+03     4.52e+01   134.024s
   3000 +1.04365067e+08 +1.08521360e+08  4.16e+06   5.51e+03     1.71e+01   142.559s
   4000 +1.04360745e+08 +1.08112662e+08  3.75e+06   5.05e+03     8.18e+00   151.092s
   5000 +1.04441216e+08 +1.08019062e+08  3.58e+06   4.77e+03     5.17e+00   159.619s
   6000 +1.04596492e+08 +1.07954547e+08  3.36e+06   4.52e+03     3.36e+00   168.153s
   7000 +1.04792955e+08 +1.07961786e+08  3.17e+06   4.34e+03     2.63e+00   176.680s
   8000 +1.05019416e+08 +1.07971760e+08  2.95e+06   4.09e+03     2.13e+00   185.208s
   9000 +1.05251808e+08 +1.07983557e+08  2.73e+06   3.84e+03     1.84e+00   193.735s
  10000 +1.05533653e+08 +1.08008291e+08  2.47e+06   3.51e+03     2.01e+00   202.269s
  11000 +1.05980836e+08 +1.08036330e+08  2.06e+06   3.08e+03     2.10e+00   210.718s
  12000 +1.06382420e+08 +1.08048936e+08  1.67e+06   2.63e+03     1.97e+00   219.168s
  13000 +1.06683398e+08 +1.08052845e+08  1.37e+06   2.27e+03     1.74e+00   227.617s
  14000 +1.06891476e+08 +1.08055437e+08  1.16e+06   1.99e+03     1.59e+00   236.066s
  15000 +1.07062824e+08 +1.08058713e+08  9.96e+05   1.68e+03     1.85e+00   244.523s
  16000 +1.07330089e+08 +1.08069093e+08  7.39e+05   1.33e+03     2.23e+00   252.972s
  17000 +1.07550712e+08 +1.08071091e+08  5.20e+05   1.04e+03     2.10e+00   261.421s
  18000 +1.07690831e+08 +1.08069976e+08  3.79e+05   8.44e+02     1.84e+00   269.870s
  19000 +1.07776364e+08 +1.08068526e+08  2.92e+05   7.01e+02     1.61e+00   278.319s
  20000 +1.07830467e+08 +1.08067252e+08  2.37e+05   6.00e+02     1.45e+00   286.769s
  21000 +1.07865060e+08 +1.08065858e+08  2.01e+05   5.22e+02     1.33e+00   295.218s
  22000 +1.07887101e+08 +1.08065018e+08  1.78e+05   4.63e+02     1.23e+00   303.667s
  23000 +1.07909878e+08 +1.08059997e+08  1.50e+05   3.96e+02     1.07e+00   312.123s
  24000 +1.07942278e+08 +1.08059707e+08  1.17e+05   3.16e+02     1.06e+00   320.573s
  25000 +1.07969720e+08 +1.08059374e+08  8.97e+04   2.58e+02     1.04e+00   329.022s
  26000 +1.07992299e+08 +1.08058924e+08  6.66e+04   2.18e+02     1.01e+00   337.472s
  27000 +1.08008974e+08 +1.08058531e+08  4.96e+04   1.86e+02     9.68e-01   345.921s
  28000 +1.08019657e+08 +1.08057963e+08  3.83e+04   1.60e+02     9.31e-01   354.370s
  29000 +1.08025652e+08 +1.08057385e+08  3.17e+04   1.40e+02     8.95e-01   362.819s
  30000 +1.08029003e+08 +1.08056870e+08  2.79e+04   1.23e+02     8.63e-01   371.268s
  31000 +1.08030315e+08 +1.08056430e+08  2.61e+04   1.10e+02     8.39e-01   379.717s
  32000 +1.08030196e+08 +1.08055711e+08  2.55e+04   9.97e+01     8.15e-01   388.166s
  33000 +1.08029796e+08 +1.08055283e+08  2.55e+04   9.07e+01     7.94e-01   396.615s
  34000 +1.08029346e+08 +1.08054772e+08  2.54e+04   8.41e+01     7.76e-01   405.065s
  35000 +1.08029336e+08 +1.08054508e+08  2.52e+04   7.84e+01     7.66e-01   413.514s
  36000 +1.08031829e+08 +1.08052417e+08  2.06e+04   7.11e+01     7.14e-01   421.970s
  37000 +1.08034254e+08 +1.08051232e+08  1.70e+04   6.42e+01     6.56e-01   430.419s
  38000 +1.08036017e+08 +1.08049899e+08  1.39e+04   5.80e+01     5.87e-01   438.868s
  39000 +1.08036927e+08 +1.08049255e+08  1.23e+04   5.42e+01     5.60e-01   447.317s
  40000 +1.08037297e+08 +1.08048890e+08  1.16e+04   5.04e+01     5.43e-01   455.767s
  41000 +1.08037294e+08 +1.08048494e+08  1.12e+04   4.69e+01     5.34e-01   464.215s
  42000 +1.08036874e+08 +1.08048089e+08  1.12e+04   4.51e+01     5.22e-01   472.665s
  43000 +1.08036567e+08 +1.08047380e+08  1.08e+04   4.28e+01     5.02e-01   481.115s
  44000 +1.08036326e+08 +1.08046942e+08  1.06e+04   4.01e+01     4.89e-01   489.563s
  45000 +1.08036038e+08 +1.08046662e+08  1.06e+04   3.80e+01     4.82e-01   498.013s
  46000 +1.08035788e+08 +1.08046416e+08  1.06e+04   3.64e+01     4.73e-01   506.462s
  47000 +1.08035508e+08 +1.08045987e+08  1.05e+04   3.36e+01     4.61e-01   514.911s
  48000 +1.08035240e+08 +1.08045708e+08  1.05e+04   3.26e+01     4.53e-01   523.360s
  49000 +1.08035004e+08 +1.08045489e+08  1.05e+04   3.11e+01     4.47e-01   531.809s
  50000 +1.08034723e+08 +1.08045056e+08  1.03e+04   3.03e+01     4.40e-01   540.258s
  51000 +1.08034470e+08 +1.08044805e+08  1.03e+04   2.90e+01     4.36e-01   548.707s
  52000 +1.08034318e+08 +1.08044589e+08  1.03e+04   2.77e+01     4.29e-01   557.157s
  53000 +1.08034181e+08 +1.08044265e+08  1.01e+04   2.64e+01     4.20e-01   565.606s
  54000 +1.08034105e+08 +1.08044137e+08  1.00e+04   2.57e+01     4.17e-01   574.055s
  55000 +1.08034046e+08 +1.08043904e+08  9.86e+03   2.49e+01     4.10e-01   582.504s
  56000 +1.08034434e+08 +1.08041310e+08  6.88e+03   9.74e+01     3.55e-01   590.961s
  57000 +1.08034183e+08 +1.08040220e+08  6.04e+03   9.51e+01     3.35e-01   599.410s
  58000 +1.08033956e+08 +1.08039363e+08  5.41e+03   7.68e+01     3.15e-01   607.859s
  59000 +1.08033598e+08 +1.08038756e+08  5.16e+03   7.95e+01     3.02e-01   616.308s
  60000 +1.08033789e+08 +1.08038155e+08  4.37e+03   7.90e+01     2.91e-01   624.758s
  61000 +1.08033939e+08 +1.08037795e+08  3.86e+03   7.21e+01     2.83e-01   633.207s
  62000 +1.08033967e+08 +1.08037509e+08  3.54e+03   6.97e+01     2.76e-01   641.656s
  63000 +1.08033861e+08 +1.08037152e+08  3.29e+03   6.75e+01     2.67e-01   650.106s
  64000 +1.08033545e+08 +1.08036875e+08  3.33e+03   6.22e+01     2.61e-01   658.556s
  65000 +1.08033434e+08 +1.08036676e+08  3.24e+03   5.86e+01     2.55e-01   667.006s
  66000 +1.08033192e+08 +1.08036076e+08  2.88e+03   6.32e+01     2.10e-01   675.456s
  67000 +1.08032812e+08 +1.08035849e+08  3.04e+03   5.69e+01     2.07e-01   683.905s
  68000 +1.08032534e+08 +1.08035562e+08  3.03e+03   5.52e+01     1.89e-01   692.355s
  69000 +1.08032315e+08 +1.08035196e+08  2.88e+03   6.35e+01     1.67e-01   700.804s
  70000 +1.08032158e+08 +1.08034933e+08  2.77e+03   5.60e+01     1.49e-01   709.254s
  71000 +1.08031019e+08 +1.08032529e+08  1.51e+03   7.06e+02     4.03e-02   717.711s
  72000 +1.08030492e+08 +1.08032060e+08  1.57e+03   4.32e+02     1.83e-02   726.162s
  73000 +1.08031056e+08 +1.08031684e+08  6.28e+02   7.36e+02     3.70e-03   734.620s
  74000 +1.08030360e+08 +1.08031641e+08  1.28e+03   4.89e+02     8.39e-04   743.079s
  75000 +1.08030382e+08 +1.08031639e+08  1.26e+03   3.73e+02     3.76e-04   751.530s
  76000 +1.08030385e+08 +1.08031638e+08  1.25e+03   3.62e+02     2.30e-04   759.981s
  77000 +1.08030472e+08 +1.08031638e+08  1.17e+03   3.55e+02     1.63e-04   768.433s
  78000 +1.08030505e+08 +1.08031637e+08  1.13e+03   3.52e+02     1.37e-04   776.884s
  79000 +1.08030361e+08 +1.08031637e+08  1.28e+03   1.64e+02     1.37e-04   785.335s
  80000 +1.08030357e+08 +1.08031636e+08  1.28e+03   1.51e+02     2.22e-04   793.793s
  81000 +1.08030356e+08 +1.08031637e+08  1.28e+03   1.39e+02     3.03e-04   802.245s
  82000 +1.08030413e+08 +1.08031637e+08  1.22e+03   1.28e+02     3.76e-04   810.697s
  83000 +1.08030476e+08 +1.08031637e+08  1.16e+03   1.18e+02     3.62e-04   819.148s
  84000 +1.08030452e+08 +1.08031638e+08  1.19e+03   1.07e+02     2.77e-04   827.599s
  85000 +1.08030428e+08 +1.08031638e+08  1.21e+03   9.95e+01     2.14e-04   836.050s
  86000 +1.08030410e+08 +1.08031638e+08  1.23e+03   9.51e+01     2.22e-04   844.501s
  87000 +1.08030404e+08 +1.08031638e+08  1.23e+03   9.07e+01     2.09e-04   852.952s
  88000 +1.08030397e+08 +1.08031638e+08  1.24e+03   8.61e+01     1.67e-04   861.404s
  89000 +1.08030354e+08 +1.08031638e+08  1.28e+03   8.46e+01     1.77e-04   869.855s
  90000 +1.08030294e+08 +1.08031639e+08  1.34e+03   8.12e+01     1.51e-04   878.306s
  91000 +1.08030189e+08 +1.08031639e+08  1.45e+03   8.01e+01     1.47e-04   886.757s
  92000 +1.08030152e+08 +1.08031639e+08  1.49e+03   7.79e+01     1.47e-04   895.208s
  93000 +1.08030106e+08 +1.08031639e+08  1.53e+03   7.70e+01     1.40e-04   903.659s
  94000 +1.08030063e+08 +1.08031639e+08  1.58e+03   7.49e+01     1.28e-04   912.110s
  95000 +1.08030025e+08 +1.08031639e+08  1.61e+03   7.44e+01     1.30e-04   920.561s
  96000 +1.08030012e+08 +1.08031639e+08  1.63e+03   7.26e+01     1.19e-04   929.012s
  97000 +1.08030014e+08 +1.08031639e+08  1.63e+03   7.07e+01     1.28e-04   937.463s
  98000 +1.08030048e+08 +1.08031640e+08  1.59e+03   6.81e+01     1.58e-04   945.915s
  99000 +1.08030060e+08 +1.08031640e+08  1.58e+03   6.78e+01     1.30e-04   954.366s
 100000 +1.08030071e+08 +1.08031640e+08  1.57e+03   6.58e+01     1.24e-04   962.818s
 101000 +1.08030074e+08 +1.08031640e+08  1.57e+03   6.40e+01     1.35e-04   971.268s
 102000 +1.08030095e+08 +1.08031640e+08  1.54e+03   6.31e+01     1.18e-04   979.719s
 103000 +1.08030128e+08 +1.08031640e+08  1.51e+03   6.19e+01     1.23e-04   988.170s
 104000 +1.08030190e+08 +1.08031640e+08  1.45e+03   5.98e+01     1.26e-04   996.621s
 105000 +1.08030195e+08 +1.08031640e+08  1.45e+03   5.82e+01     1.22e-04   1005.071s
 106000 +1.08030252e+08 +1.08031640e+08  1.39e+03   5.71e+01     1.27e-04   1013.522s
 107000 +1.08030300e+08 +1.08031640e+08  1.34e+03   5.55e+01     1.27e-04   1021.973s
 108000 +1.08030387e+08 +1.08031640e+08  1.25e+03   5.47e+01     1.12e-04   1030.424s
 109000 +1.08030405e+08 +1.08031640e+08  1.23e+03   5.25e+01     1.03e-04   1038.874s
 110000 +1.08030431e+08 +1.08031640e+08  1.21e+03   5.13e+01     1.04e-04   1047.325s
 111000 +1.08030482e+08 +1.08031640e+08  1.16e+03   5.09e+01     9.70e-05   1055.776s
 112000 +1.08030541e+08 +1.08031640e+08  1.10e+03   4.92e+01     9.79e-05   1064.227s
 113000 +1.08030529e+08 +1.08031640e+08  1.11e+03   4.88e+01     8.86e-05   1072.678s
 114000 +1.08030514e+08 +1.08031638e+08  1.12e+03   4.37e+01     5.04e-04   1081.135s
 115000 +1.08030547e+08 +1.08031639e+08  1.09e+03   4.01e+01     7.69e-04   1089.586s
 116000 +1.08030612e+08 +1.08031638e+08  1.03e+03   3.64e+01     8.61e-04   1098.037s
 117000 +1.08030687e+08 +1.08031638e+08  9.52e+02   3.32e+01     7.68e-04   1106.488s
 118000 +1.08030770e+08 +1.08031639e+08  8.68e+02   3.09e+01     6.95e-04   1114.938s
 119000 +1.08030875e+08 +1.08031639e+08  7.64e+02   2.92e+01     6.43e-04   1123.389s
 120000 +1.08030966e+08 +1.08031640e+08  6.74e+02   2.79e+01     5.73e-04   1131.840s
 121000 +1.08031055e+08 +1.08031640e+08  5.85e+02   2.70e+01     5.47e-04   1140.291s
 122000 +1.08031144e+08 +1.08031640e+08  4.96e+02   2.62e+01     5.12e-04   1148.741s
 123000 +1.08031234e+08 +1.08031640e+08  4.06e+02   2.56e+01     4.73e-04   1157.192s
 124000 +1.08031314e+08 +1.08031641e+08  3.27e+02   2.46e+01     4.77e-04   1165.643s
 125000 +1.08031390e+08 +1.08031640e+08  2.51e+02   2.39e+01     4.40e-04   1174.094s
 126000 +1.08031437e+08 +1.08031641e+08  2.03e+02   2.33e+01     4.25e-04   1182.545s
 127000 +1.08031505e+08 +1.08031640e+08  1.35e+02   2.23e+01     4.08e-04   1190.995s
 128000 +1.08031563e+08 +1.08031641e+08  7.78e+01   2.19e+01     3.82e-04   1199.446s
 129000 +1.08031615e+08 +1.08031640e+08  2.58e+01   2.14e+01     3.63e-04   1207.897s
 130000 +1.08031618e+08 +1.08031641e+08  2.24e+01   2.07e+01     3.82e-04   1216.355s
 131000 +1.08031683e+08 +1.08031641e+08  4.18e+01   1.98e+01     4.95e-04   1224.806s
 132000 +1.08031766e+08 +1.08031641e+08  1.25e+02   1.92e+01     5.42e-04   1233.257s
 133000 +1.08031807e+08 +1.08031641e+08  1.66e+02   1.87e+01     5.24e-04   1241.708s
 134000 +1.08031849e+08 +1.08031641e+08  2.08e+02   1.84e+01     5.03e-04   1250.159s
 135000 +1.08031893e+08 +1.08031641e+08  2.52e+02   1.81e+01     4.97e-04   1258.610s
 136000 +1.08031944e+08 +1.08031641e+08  3.03e+02   1.78e+01     4.89e-04   1267.060s
 137000 +1.08031993e+08 +1.08031641e+08  3.52e+02   1.76e+01     4.75e-04   1275.511s
 138000 +1.08032035e+08 +1.08031641e+08  3.94e+02   1.74e+01     4.58e-04   1283.962s
 139000 +1.08032069e+08 +1.08031641e+08  4.28e+02   1.73e+01     4.47e-04   1292.413s
 140000 +1.08032111e+08 +1.08031641e+08  4.70e+02   1.72e+01     4.49e-04   1300.864s
 141000 +1.08032147e+08 +1.08031641e+08  5.06e+02   1.71e+01     4.40e-04   1309.314s
 142000 +1.08032180e+08 +1.08031641e+08  5.39e+02   1.70e+01     4.40e-04   1317.765s
 143000 +1.08032200e+08 +1.08031641e+08  5.59e+02   1.68e+01     4.36e-04   1326.216s
 144000 +1.08032212e+08 +1.08031641e+08  5.70e+02   1.67e+01     4.24e-04   1334.667s
 145000 +1.08032223e+08 +1.08031641e+08  5.81e+02   1.66e+01     4.16e-04   1343.118s
 146000 +1.08032229e+08 +1.08031642e+08  5.88e+02   1.66e+01     4.01e-04   1351.568s
 147000 +1.08032241e+08 +1.08031642e+08  5.99e+02   1.64e+01     3.95e-04   1360.019s
 148000 +1.08032248e+08 +1.08031642e+08  6.06e+02   1.64e+01     3.89e-04   1368.470s
 149000 +1.08032246e+08 +1.08031642e+08  6.05e+02   1.63e+01     3.89e-04   1376.920s
 150000 +1.08032239e+08 +1.08031642e+08  5.97e+02   1.61e+01     3.75e-04   1385.371s
 151000 +1.08032225e+08 +1.08031642e+08  5.83e+02   1.60e+01     3.86e-04   1393.822s
 152000 +1.08032209e+08 +1.08031642e+08  5.67e+02   1.60e+01     3.56e-04   1402.273s
 153000 +1.08032196e+08 +1.08031642e+08  5.54e+02   1.59e+01     3.56e-04   1410.723s
 154000 +1.08032182e+08 +1.08031642e+08  5.40e+02   1.58e+01     3.38e-04   1419.174s
 155000 +1.08032159e+08 +1.08031642e+08  5.17e+02   1.57e+01     3.31e-04   1427.625s
 156000 +1.08032138e+08 +1.08031642e+08  4.96e+02   1.58e+01     3.28e-04   1436.075s
 157000 +1.08032122e+08 +1.08031642e+08  4.80e+02   1.57e+01     3.31e-04   1444.526s
 158000 +1.08032125e+08 +1.08031642e+08  4.83e+02   1.55e+01     7.05e-04   1452.984s
 159000 +1.08032138e+08 +1.08031642e+08  4.96e+02   1.54e+01     7.36e-04   1461.434s
 160000 +1.08032134e+08 +1.08031642e+08  4.92e+02   1.54e+01     7.35e-04   1469.885s
 161000 +1.08032135e+08 +1.08031642e+08  4.92e+02   1.51e+01     7.55e-04   1478.336s
 162000 +1.08032120e+08 +1.08031642e+08  4.77e+02   1.51e+01     7.96e-04   1486.787s
 163000 +1.08032109e+08 +1.08031643e+08  4.67e+02   1.48e+01     8.84e-04   1495.237s
 164000 +1.08032089e+08 +1.08031643e+08  4.46e+02   1.48e+01     9.13e-04   1503.688s
 165000 +1.08032070e+08 +1.08031643e+08  4.27e+02   1.46e+01     1.00e-03   1512.138s
 166000 +1.08032051e+08 +1.08031643e+08  4.08e+02   1.45e+01     1.03e-03   1520.589s
 167000 +1.08032028e+08 +1.08031643e+08  3.84e+02   1.43e+01     1.04e-03   1529.040s
 168000 +1.08032011e+08 +1.08031643e+08  3.68e+02   1.40e+01     1.07e-03   1537.490s
 169000 +1.08031987e+08 +1.08031643e+08  3.43e+02   1.38e+01     1.08e-03   1545.941s
 170000 +1.08031968e+08 +1.08031643e+08  3.24e+02   1.37e+01     1.09e-03   1554.392s
 171000 +1.08031939e+08 +1.08031644e+08  2.95e+02   1.37e+01     1.06e-03   1562.842s
 172000 +1.08031907e+08 +1.08031644e+08  2.63e+02   1.36e+01     1.07e-03   1571.293s
 173000 +1.08031873e+08 +1.08031644e+08  2.29e+02   1.35e+01     1.10e-03   1579.743s
 174000 +1.08031836e+08 +1.08031644e+08  1.92e+02   1.34e+01     1.10e-03   1588.194s
 175000 +1.08031804e+08 +1.08031644e+08  1.60e+02   1.34e+01     1.11e-03   1596.645s
 176000 +1.08031776e+08 +1.08031644e+08  1.32e+02   1.33e+01     1.10e-03   1605.096s
 177000 +1.08031766e+08 +1.08031644e+08  1.21e+02   1.31e+01     1.15e-03   1613.546s
 178000 +1.08031745e+08 +1.08031645e+08  1.00e+02   1.31e+01     1.16e-03   1621.997s
 179000 +1.08031708e+08 +1.08031645e+08  6.36e+01   1.30e+01     1.14e-03   1630.448s
 180000 +1.08031686e+08 +1.08031645e+08  4.08e+01   1.28e+01     1.22e-03   1638.899s
 181000 +1.08031659e+08 +1.08031645e+08  1.36e+01   1.26e+01     1.17e-03   1647.350s
 182000 +1.08031630e+08 +1.08031645e+08  1.56e+01   1.26e+01     1.16e-03   1655.800s
 183000 +1.08031601e+08 +1.08031645e+08  4.37e+01   1.26e+01     1.15e-03   1664.250s
 184000 +1.08031569e+08 +1.08031645e+08  7.64e+01   1.24e+01     1.14e-03   1672.701s
 185000 +1.08031546e+08 +1.08031645e+08  9.93e+01   1.23e+01     1.11e-03   1681.151s
 186000 +1.08031507e+08 +1.08031645e+08  1.38e+02   1.23e+01     1.07e-03   1689.602s
 187000 +1.08031528e+08 +1.08031645e+08  1.17e+02   1.18e+01     2.61e-03   1698.059s
 188000 +1.08031562e+08 +1.08031645e+08  8.31e+01   1.14e+01     2.61e-03   1706.510s
 189000 +1.08031584e+08 +1.08031645e+08  6.08e+01   1.10e+01     2.75e-03   1714.960s
 190000 +1.08031582e+08 +1.08031645e+08  6.34e+01   1.08e+01     2.75e-03   1723.411s
 191000 +1.08031585e+08 +1.08031646e+08  6.07e+01   1.03e+01     3.42e-03   1731.861s
 192000 +1.08031589e+08 +1.08031646e+08  5.66e+01   9.65e+00     3.10e-03   1740.312s
 193000 +1.08031603e+08 +1.08031646e+08  4.29e+01   8.97e+00     3.84e-03   1748.762s
 194000 +1.08031595e+08 +1.08031646e+08  5.14e+01   8.55e+00     4.16e-03   1757.213s
 195000 +1.08031594e+08 +1.08031646e+08  5.22e+01   8.14e+00     3.58e-03   1765.663s
 196000 +1.08031583e+08 +1.08031646e+08  6.33e+01   7.93e+00     3.29e-03   1774.113s
 197000 +1.08031606e+08 +1.08031643e+08  3.73e+01   7.22e+00     1.95e-02   1782.571s
 198000 +1.08031659e+08 +1.08031644e+08  1.52e+01   5.53e+00     1.67e-02   1791.021s
 199000 +1.08031689e+08 +1.08031645e+08  4.44e+01   4.79e+00     1.21e-02   1799.472s
 200000 +1.08031705e+08 +1.08031645e+08  6.02e+01   4.32e+00     9.34e-03   1807.923s
 201000 +1.08031718e+08 +1.08031646e+08  7.18e+01   3.99e+00     1.01e-02   1816.374s
 202000 +1.08031722e+08 +1.08031646e+08  7.62e+01   3.73e+00     9.96e-03   1824.824s
 203000 +1.08031719e+08 +1.08031646e+08  7.36e+01   3.51e+00     9.94e-03   1833.275s
 204000 +1.08031713e+08 +1.08031647e+08  6.59e+01   3.21e+00     1.08e-02   1841.725s
 205000 +1.08031705e+08 +1.08031646e+08  5.83e+01   2.99e+00     1.03e-02   1850.176s
 206000 +1.08031693e+08 +1.08031646e+08  4.67e+01   2.39e+00     1.05e-02   1858.626s
 207000 +1.08031672e+08 +1.08031635e+08  3.71e+01   2.11e+00     1.39e-02   1867.083s
 208000 +1.08031687e+08 +1.08031640e+08  4.75e+01   1.62e+00     1.64e-02   1875.533s
 209000 +1.08031693e+08 +1.08031640e+08  5.33e+01   1.36e+00     1.43e-02   1883.984s
 210000 +1.08031692e+08 +1.08031640e+08  5.26e+01   1.03e+00     1.57e-02   1892.435s
 211000 +1.08031688e+08 +1.08031640e+08  4.76e+01   7.79e-01     1.41e-02   1900.885s
 212000 +1.08031680e+08 +1.08031642e+08  3.79e+01   6.93e-01     1.37e-02   1909.335s
 213000 +1.08031670e+08 +1.08031641e+08  2.91e+01   6.08e-01     1.33e-02   1917.786s
 214000 +1.08031657e+08 +1.08031641e+08  1.67e+01   5.01e-01     1.31e-02   1926.236s
 215000 +1.08031645e+08 +1.08031641e+08  3.30e+00   4.76e-01     1.26e-02   1934.687s
 216000 +1.08031631e+08 +1.08031642e+08  1.13e+01   4.79e-01     1.21e-02   1943.137s
 217000 +1.08031620e+08 +1.08031643e+08  2.26e+01   4.50e-01     1.13e-02   1951.587s
 218000 +1.08031611e+08 +1.08031642e+08  3.16e+01   4.19e-01     1.04e-02   1960.038s
 219000 +1.08031603e+08 +1.08031642e+08  3.99e+01   4.02e-01     9.66e-03   1968.488s
 220000 +1.08031596e+08 +1.08031643e+08  4.65e+01   3.84e-01     8.88e-03   1976.939s
 221000 +1.08031593e+08 +1.08031643e+08  5.00e+01   3.56e-01     8.16e-03   1985.389s
 222000 +1.08031591e+08 +1.08031644e+08  5.30e+01   3.47e-01     7.53e-03   1993.839s
 223000 +1.08031591e+08 +1.08031643e+08  5.21e+01   3.58e-01     6.75e-03   2002.290s
 224000 +1.08031593e+08 +1.08031644e+08  5.08e+01   3.38e-01     6.15e-03   2010.740s
 225000 +1.08031596e+08 +1.08031643e+08  4.72e+01   3.20e-01     5.68e-03   2019.190s
 226000 +1.08031598e+08 +1.08031643e+08  4.48e+01   3.19e-01     5.27e-03   2027.640s
 227000 +1.08031601e+08 +1.08031643e+08  4.23e+01   3.21e-01     4.95e-03   2036.091s
 228000 +1.08031605e+08 +1.08031644e+08  3.93e+01   3.12e-01     4.69e-03   2044.541s
 229000 +1.08031609e+08 +1.08031643e+08  3.41e+01   2.96e-01     4.45e-03   2052.992s
 230000 +1.08031611e+08 +1.08031641e+08  2.99e+01   2.64e-01     4.28e-03   2061.450s
 231000 +1.08031613e+08 +1.08031642e+08  2.94e+01   2.47e-01     3.94e-03   2069.900s
 232000 +1.08031613e+08 +1.08031642e+08  2.90e+01   2.39e-01     3.66e-03   2078.350s
 233000 +1.08031614e+08 +1.08031643e+08  2.91e+01   2.35e-01     3.54e-03   2086.801s
 234000 +1.08031615e+08 +1.08031643e+08  2.84e+01   2.29e-01     3.50e-03   2095.252s
 235000 +1.08031616e+08 +1.08031643e+08  2.76e+01   2.26e-01     3.40e-03   2103.702s
 236000 +1.08031617e+08 +1.08031643e+08  2.63e+01   2.20e-01     3.42e-03   2112.153s
 237000 +1.08031618e+08 +1.08031643e+08  2.44e+01   2.15e-01     3.41e-03   2120.604s
 238000 +1.08031620e+08 +1.08031644e+08  2.39e+01   2.12e-01     3.39e-03   2129.054s
 239000 +1.08031622e+08 +1.08031644e+08  2.15e+01   2.10e-01     3.41e-03   2137.505s
 240000 +1.08031625e+08 +1.08031643e+08  1.88e+01   2.09e-01     3.41e-03   2145.956s
 241000 +1.08031627e+08 +1.08031645e+08  1.76e+01   2.06e-01     3.39e-03   2154.407s
 242000 +1.08031629e+08 +1.08031644e+08  1.46e+01   2.02e-01     3.39e-03   2162.857s
 243000 +1.08031632e+08 +1.08031644e+08  1.20e+01   1.99e-01     3.41e-03   2171.308s
 244000 +1.08031634e+08 +1.08031644e+08  1.06e+01   1.98e-01     3.19e-03   2179.758s
 245000 +1.08031635e+08 +1.08031644e+08  8.44e+00   1.96e-01     3.17e-03   2188.209s
 246000 +1.08031637e+08 +1.08031644e+08  6.55e+00   1.94e-01     3.07e-03   2196.659s
 247000 +1.08031639e+08 +1.08031644e+08  5.00e+00   1.92e-01     3.01e-03   2205.110s
 248000 +1.08031641e+08 +1.08031644e+08  2.90e+00   1.90e-01     2.97e-03   2213.560s
 249000 +1.08031643e+08 +1.08031644e+08  1.62e+00   1.89e-01     2.92e-03   2222.011s
 250000 +1.08031644e+08 +1.08031644e+08  3.48e-01   1.88e-01     2.89e-03   2230.462s
 251000 +1.08031646e+08 +1.08031644e+08  1.69e+00   1.86e-01     2.86e-03   2238.912s
 252000 +1.08031647e+08 +1.08031644e+08  2.84e+00   1.85e-01     2.82e-03   2247.362s
 253000 +1.08031648e+08 +1.08031644e+08  3.50e+00   1.84e-01     2.78e-03   2255.813s
 254000 +1.08031649e+08 +1.08031644e+08  4.19e+00   1.83e-01     2.73e-03   2264.263s
 255000 +1.08031649e+08 +1.08031644e+08  4.60e+00   1.82e-01     2.70e-03   2272.714s
 256000 +1.08031649e+08 +1.08031645e+08  4.55e+00   1.80e-01     2.66e-03   2281.165s
 257000 +1.08031649e+08 +1.08031645e+08  4.35e+00   1.80e-01     2.63e-03   2289.615s
 258000 +1.08031649e+08 +1.08031645e+08  4.23e+00   1.78e-01     2.61e-03   2298.065s
 259000 +1.08031649e+08 +1.08031645e+08  3.98e+00   1.75e-01     2.58e-03   2306.516s
 260000 +1.08031648e+08 +1.08031645e+08  3.31e+00   1.73e-01     2.58e-03   2314.967s
 261000 +1.08031648e+08 +1.08031645e+08  3.17e+00   1.73e-01     2.58e-03   2323.418s
 262000 +1.08031647e+08 +1.08031645e+08  2.18e+00   1.73e-01     2.56e-03   2331.868s
 263000 +1.08031646e+08 +1.08031645e+08  1.38e+00   1.72e-01     2.55e-03   2340.318s
 264000 +1.08031646e+08 +1.08031645e+08  7.18e-01   1.70e-01     2.53e-03   2348.769s
 265000 +1.08031645e+08 +1.08031645e+08  2.62e-01   1.68e-01     2.50e-03   2357.219s
 266000 +1.08031645e+08 +1.08031640e+08  5.23e+00   1.56e-01     2.74e-03   2365.677s
 267000 +1.08031645e+08 +1.08031641e+08  3.68e+00   1.54e-01     2.71e-03   2374.127s
 268000 +1.08031645e+08 +1.08031642e+08  3.04e+00   1.51e-01     2.72e-03   2382.578s
 269000 +1.08031645e+08 +1.08031642e+08  3.33e+00   1.50e-01     2.70e-03   2391.028s
 270000 +1.08031645e+08 +1.08031642e+08  3.19e+00   1.48e-01     2.72e-03   2399.480s
 271000 +1.08031646e+08 +1.08031642e+08  3.37e+00   1.45e-01     2.73e-03   2407.930s
 272000 +1.08031646e+08 +1.08031642e+08  3.64e+00   1.43e-01     2.69e-03   2416.380s
 273000 +1.08031646e+08 +1.08031642e+08  3.51e+00   1.42e-01     2.71e-03   2424.831s
 273400 +1.08031646e+08 +1.08031642e+08  3.71e+00   1.42e-01     2.69e-03   2428.212s
LP Solver status:                Optimal
Primal objective:                +1.08031646e+08
Dual objective:                  +1.08031642e+08
Duality gap (abs/rel):           +3.71e+00 / +1.72e-08
Primal infeasibility (abs/rel):  +1.42e-01 / +1.00e-04
Dual infeasibility (abs/rel):    +2.69e-03 / +1.90e-07
PDLP finished
Status: Optimal   Objective: 1.08031646e+08  Iterations: 273400  Time: 2428.315s

### exit_code=0
### finished=2026-07-24T06:36:58.179224
### gpu_peak_mb=102010.4
### gpu_peak2_mb=0.0
### per_gpu_peak_mb=[102010.375]
