### solver=cuopt-base
### instance=/home/scratch.vmostovoi_gpu/datasets/open_energy_benchmark/times-ireland-noco2-40-1ts.mps
### n_gpus=1
### CUDA_VISIBLE_DEVICES=0
### started=2026-07-29T16:55:08.332619
### argv=/home/scratch.vmostovoi_gpu/mostovoi_cuopt/cpp/build/cuopt_cli --method 1 --mps-reader experimental-fast --time-limit 3600 --iteration-limit 1000000000 --relative-primal-tolerance 1e-4 --relative-dual-tolerance 1e-4 --relative-gap-tolerance 1e-4 --log-to-console true /home/scratch.vmostovoi_gpu/datasets/open_energy_benchmark/times-ireland-noco2-40-1ts.mps
### --- solver output ---
Setting parameter iteration_limit to 1000000000
Setting parameter log_to_console to true
Setting parameter method to 1
Setting parameter relative_dual_tolerance to 1.000000e-04
Setting parameter relative_gap_tolerance to 1.000000e-04
Setting parameter relative_primal_tolerance to 1.000000e-04
Setting parameter time_limit to 3.600000e+03
Reading file times-ireland-noco2-40-1ts.mps
Using experimental fast MPS parser for '/home/scratch.vmostovoi_gpu/datasets/open_energy_benchmark/times-ireland-noco2-40-1ts.mps'
Read file times-ireland-noco2-40-1ts.mps in 0.97 seconds
cuOpt version: 26.8.0, git hash: 7116ead1, host arch: x86_64, device archs: 100a-real
CPU: INTEL(R) XEON(R) PLATINUM 8570, threads (physical/logical): 112/224, RAM: 1275.47 GiB
CUDA 13.3, device: NVIDIA B200 (ID 0), VRAM: 178.34 GiB
CUDA device UUID: 4515d9cd-e531-609a-45b1-d624589b161a
Solving a problem with 4809283 constraints, 4534121 variables (0 integers), and 21872822 nonzeros
Problem scaling:
Objective coefficents range:          [1e+00, 1e+00]
Constraint matrix coefficients range: [2e-08, 9e+03]
Constraint rhs / bounds range:        [8e-10, 2e+04]
Variable bounds range:                [1e-03, 5e+03]
Warning: input problem contains a large range of coefficients: consider reformulating to avoid numerical difficulties.

Using PSLP presolver
PSLP Presolved problem: 2919321 constraints, 2951708 variables, 17104731 non-zeros
PSLP presolve time: 11.17s
Objective offset 29564.669746 scaling_factor 1.000000
   Iter    Primal Obj.      Dual Obj.    Gap        Primal Res.  Dual Res.   Time
      0 +2.95646697e+04 +2.95646697e+04  0.00e+00   3.67e+04     9.18e+04   11.856s
   1000 +8.82967651e+04 +1.81397472e+05  9.31e+04   8.18e+04     4.63e+01   12.156s
   2000 +2.20008053e+05 +3.02175761e+05  8.22e+04   2.02e+04     1.18e+02   12.391s
   3000 +3.03285223e+05 +3.37501449e+05  3.42e+04   2.94e+01     5.85e+01   12.626s
   4000 +3.20355226e+05 +3.44063815e+05  2.37e+04   1.45e+01     5.57e+01   12.862s
   5000 +3.25528256e+05 +3.47794063e+05  2.23e+04   9.94e+00     5.06e+01   13.097s
   6000 +3.28835332e+05 +3.52653291e+05  2.38e+04   1.31e+01     1.05e+02   13.333s
   7000 +3.30945397e+05 +3.62226750e+05  3.13e+04   7.22e+00     1.04e+02   13.568s
   8000 +3.31168994e+05 +3.70719660e+05  3.96e+04   7.19e+00     1.03e+02   13.803s
   9000 +3.31351628e+05 +3.80413979e+05  4.91e+04   7.12e+00     1.03e+02   14.038s
  10000 +3.37615602e+05 +5.08116094e+05  1.71e+05   1.52e+02     1.27e+03   14.274s
  11000 +3.57872995e+05 +5.91500154e+05  2.34e+05   4.29e+01     1.55e+03   14.508s
  12000 +3.67534538e+05 +5.11770581e+05  1.44e+05   3.68e+01     5.10e+02   14.742s
  13000 +3.73471223e+05 +6.21762835e+05  2.48e+05   5.98e+01     9.62e+02   14.976s
  14000 +3.85357563e+05 +6.93876704e+05  3.09e+05   4.46e+01     1.58e+03   15.210s
  15000 +4.01398310e+05 +7.61562679e+05  3.60e+05   3.92e+01     1.77e+03   15.443s
  16000 +4.20560639e+05 +8.01361834e+05  3.81e+05   2.18e+01     1.77e+03   15.677s
  17000 +4.38818315e+05 +7.81195327e+05  3.42e+05   4.87e+00     1.70e+03   15.911s
  18000 +4.52391669e+05 +7.51346405e+05  2.99e+05   4.97e-01     1.41e+03   16.145s
  19000 +4.60290337e+05 +6.63728516e+05  2.03e+05   6.03e-01     1.15e+03   16.379s
  20000 +4.74095057e+05 +6.28432097e+05  1.54e+05   9.70e-01     8.73e+02   16.614s
  21000 +4.89915956e+05 +5.90103712e+05  1.00e+05   7.46e-01     6.74e+02   16.847s
  22000 +4.97915947e+05 +5.42384688e+05  4.45e+04   9.36e-01     6.00e+02   17.084s
  23000 +5.00185348e+05 +5.10277693e+05  1.01e+04   8.40e-01     3.56e+02   17.317s
  24000 +4.98263283e+05 +4.83141735e+05  1.51e+04   7.10e-01     2.38e+02   17.551s
  25000 +4.93071872e+05 +4.60464238e+05  3.26e+04   6.56e-01     1.97e+02   17.785s
  26000 +4.85991112e+05 +4.45744637e+05  4.02e+04   5.43e-01     2.35e+02   18.019s
  27000 +4.78178600e+05 +4.36349618e+05  4.18e+04   4.18e-01     2.13e+02   18.252s
  28000 +4.70786011e+05 +4.36243370e+05  3.45e+04   3.60e-01     1.90e+02   18.486s
  29000 +4.64547893e+05 +4.38070428e+05  2.65e+04   2.55e-01     1.51e+02   18.720s
  30000 +4.63683440e+05 +4.16955388e+05  4.67e+04   1.95e-01     4.35e+02   18.954s
  31000 +4.62160625e+05 +4.01083712e+05  6.11e+04   1.79e-01     5.52e+02   19.188s
  32000 +4.60218040e+05 +3.92621979e+05  6.76e+04   1.78e-01     6.15e+02   19.422s
  33000 +4.58197053e+05 +3.89369232e+05  6.88e+04   1.80e-01     4.73e+02   19.656s
  34000 +4.56182054e+05 +3.90390871e+05  6.58e+04   1.65e-01     3.93e+02   19.889s
  35000 +4.54344879e+05 +3.95096038e+05  5.92e+04   1.25e-01     4.87e+02   20.123s
  36000 +4.52869255e+05 +4.03938395e+05  4.89e+04   5.36e+00     4.20e+02   20.357s
  37000 +4.51943221e+05 +4.14696359e+05  3.72e+04   8.57e-02     3.35e+02   20.590s
  38000 +4.51533421e+05 +4.27242156e+05  2.43e+04   2.62e+00     2.80e+02   20.824s
  39000 +4.51648952e+05 +4.38765600e+05  1.29e+04   2.01e+00     2.31e+02   21.058s
  40000 +4.51911308e+05 +4.46379586e+05  5.53e+03   1.09e+00     8.59e+01   21.292s
  41000 +4.51338928e+05 +4.48042033e+05  3.30e+03   1.83e+00     7.39e+01   21.524s
  42000 +4.50999422e+05 +4.51231942e+05  2.33e+02   2.36e+00     6.35e+01   21.757s
  43000 +4.50952290e+05 +4.54485821e+05  3.53e+03   2.37e+00     5.51e+01   21.990s
  44000 +4.51174368e+05 +4.57195913e+05  6.02e+03   2.32e+00     5.05e+01   22.223s
  45000 +4.51552092e+05 +4.59165718e+05  7.61e+03   1.55e+00     4.79e+01   22.456s
  46000 +4.51998547e+05 +4.59933452e+05  7.93e+03   1.21e+00     4.75e+01   22.689s
  47000 +4.52424194e+05 +4.60051710e+05  7.63e+03   6.41e-01     4.78e+01   22.922s
  48000 +4.52761764e+05 +4.59410408e+05  6.65e+03   3.62e-01     4.29e+01   23.155s
  49000 +4.52977825e+05 +4.58454599e+05  5.48e+03   1.37e-01     4.10e+01   23.388s
  50000 +4.53061061e+05 +4.57423381e+05  4.36e+03   1.16e-01     3.88e+01   23.621s
  51000 +4.53029153e+05 +4.56528013e+05  3.50e+03   1.93e-01     3.91e+01   23.854s
  52000 +4.52972832e+05 +4.56179673e+05  3.21e+03   1.87e-01     3.70e+01   24.088s
  53000 +4.52971237e+05 +4.56374137e+05  3.40e+03   1.82e-01     3.57e+01   24.321s
  54000 +4.52989161e+05 +4.56531705e+05  3.54e+03   1.50e-01     3.50e+01   24.553s
  55000 +4.53016815e+05 +4.56645547e+05  3.63e+03   1.34e-01     3.46e+01   24.786s
  56000 +4.53050284e+05 +4.56681678e+05  3.63e+03   1.11e-01     3.43e+01   25.019s
  57000 +4.53082494e+05 +4.56682929e+05  3.60e+03   9.29e-02     3.41e+01   25.252s
  58000 +4.53108104e+05 +4.56571725e+05  3.46e+03   8.67e-02     3.36e+01   25.485s
  59000 +4.53121819e+05 +4.56405339e+05  3.28e+03   8.69e-02     3.34e+01   25.718s
  60000 +4.53123539e+05 +4.56307993e+05  3.18e+03   8.71e-02     2.96e+01   25.951s
  61000 +4.53113371e+05 +4.56126939e+05  3.01e+03   8.71e-02     2.90e+01   26.184s
  62000 +4.53095213e+05 +4.56018835e+05  2.92e+03   8.70e-02     2.85e+01   26.417s
  63000 +4.53073320e+05 +4.55976129e+05  2.90e+03   9.73e-02     2.82e+01   26.650s
  64000 +4.53054072e+05 +4.55975430e+05  2.92e+03   9.19e-02     2.76e+01   26.883s
  65000 +4.53041535e+05 +4.56018589e+05  2.98e+03   8.65e-02     2.70e+01   27.115s
  66000 +4.53035012e+05 +4.56030780e+05  3.00e+03   8.67e-02     2.68e+01   27.348s
  67000 +4.53033020e+05 +4.56054562e+05  3.02e+03   8.73e-02     2.66e+01   27.581s
  68000 +4.53034254e+05 +4.56070879e+05  3.04e+03   9.07e-02     2.64e+01   27.814s
  69000 +4.53037373e+05 +4.56069388e+05  3.03e+03   8.68e-02     2.54e+01   28.047s
  70000 +4.53040104e+05 +4.56038503e+05  3.00e+03   9.02e-02     2.53e+01   28.280s
  71000 +4.53039489e+05 +4.55964016e+05  2.92e+03   8.70e-02     2.51e+01   28.513s
  72000 +4.53033611e+05 +4.55941186e+05  2.91e+03   8.78e-02     2.51e+01   28.746s
  73000 +4.53024264e+05 +4.55913686e+05  2.89e+03   8.69e-02     2.48e+01   28.979s
  74000 +4.53012715e+05 +4.55887418e+05  2.87e+03   8.68e-02     2.47e+01   29.212s
  75000 +4.53001951e+05 +4.55914198e+05  2.91e+03   8.95e-02     2.17e+01   29.445s
  76000 +4.52994813e+05 +4.55884027e+05  2.89e+03   9.03e-02     2.17e+01   29.677s
  77000 +4.52990105e+05 +4.55893082e+05  2.90e+03   9.08e-02     2.15e+01   29.910s
  78000 +4.52987266e+05 +4.55916921e+05  2.93e+03   8.67e-02     2.14e+01   30.143s
  79000 +4.52986140e+05 +4.55936661e+05  2.95e+03   8.67e-02     2.12e+01   30.376s
  80000 +4.52985409e+05 +4.55918541e+05  2.93e+03   8.68e-02     2.09e+01   30.609s
  81000 +4.52985810e+05 +4.55877417e+05  2.89e+03   8.68e-02     2.03e+01   30.843s
  82000 +4.52987509e+05 +4.55813985e+05  2.83e+03   8.67e-02     2.06e+01   31.075s
  83000 +4.52988687e+05 +4.55804396e+05  2.82e+03   8.68e-02     2.05e+01   31.308s
  84000 +4.52988572e+05 +4.55792127e+05  2.80e+03   8.68e-02     2.05e+01   31.541s
  85000 +4.52987093e+05 +4.55760822e+05  2.77e+03   8.68e-02     2.04e+01   31.774s
  86000 +4.52983264e+05 +4.55740859e+05  2.76e+03   8.68e-02     2.04e+01   32.007s
  87000 +4.52977747e+05 +4.55725901e+05  2.75e+03   8.68e-02     2.03e+01   32.240s
  88000 +4.52970853e+05 +4.55715035e+05  2.74e+03   8.68e-02     2.04e+01   32.473s
  89000 +4.52963563e+05 +4.55711348e+05  2.75e+03   8.67e-02     2.03e+01   32.706s
  90000 +4.52956937e+05 +4.55716641e+05  2.76e+03   8.67e-02     2.02e+01   32.939s
  91000 +4.52951175e+05 +4.55734418e+05  2.78e+03   8.74e-02     2.01e+01   33.171s
  92000 +4.52940358e+05 +4.55553338e+05  2.61e+03   7.48e-02     2.07e+01   33.404s
  93000 +4.52909304e+05 +4.55378127e+05  2.47e+03   7.00e-02     2.17e+01   33.637s
  94000 +4.52858747e+05 +4.55129114e+05  2.27e+03   2.10e-01     2.13e+01   33.870s
  95000 +4.52794998e+05 +4.55041157e+05  2.25e+03   6.99e-02     2.09e+01   34.103s
  96000 +4.52734887e+05 +4.55143371e+05  2.41e+03   6.81e-02     2.09e+01   34.336s
  97000 +4.52696805e+05 +4.55414992e+05  2.72e+03   3.69e-01     2.04e+01   34.569s
  98000 +4.52689959e+05 +4.55753314e+05  3.06e+03   6.71e-02     2.02e+01   34.801s
  99000 +4.52713823e+05 +4.56022666e+05  3.31e+03   6.63e-02     2.02e+01   35.034s
 100000 +4.52754832e+05 +4.56152798e+05  3.40e+03   1.65e-01     1.99e+01   35.267s
 101000 +4.52797908e+05 +4.56171653e+05  3.37e+03   6.75e-02     1.97e+01   35.500s
 102000 +4.52834269e+05 +4.56060303e+05  3.23e+03   6.73e-02     1.98e+01   35.733s
 103000 +4.52854824e+05 +4.55876643e+05  3.02e+03   6.70e-02     1.98e+01   35.966s
 104000 +4.52851336e+05 +4.55498537e+05  2.65e+03   5.23e-02     2.05e+01   36.200s
 105000 +4.52827795e+05 +4.55174194e+05  2.35e+03   5.17e-02     2.20e+01   36.432s
 106000 +4.52787210e+05 +4.54883967e+05  2.10e+03   5.17e-02     2.34e+01   36.665s
 107000 +4.52734696e+05 +4.54668848e+05  1.93e+03   5.17e-02     2.27e+01   36.899s
 108000 +4.52676790e+05 +4.54568413e+05  1.89e+03   5.13e-02     2.18e+01   37.131s
 109000 +4.52619956e+05 +4.54568121e+05  1.95e+03   5.09e-02     2.14e+01   37.364s
 110000 +4.52570456e+05 +4.54672452e+05  2.10e+03   5.04e-02     2.11e+01   37.596s
 111000 +4.52532082e+05 +4.54853475e+05  2.32e+03   5.62e-02     2.07e+01   37.829s
 112000 +4.52507800e+05 +4.55087041e+05  2.58e+03   6.42e-02     2.03e+01   38.062s
 113000 +4.52497923e+05 +4.55282652e+05  2.78e+03   7.43e-02     2.00e+01   38.295s
 114000 +4.52501389e+05 +4.55451665e+05  2.95e+03   9.08e-02     1.96e+01   38.528s
 115000 +4.52514443e+05 +4.55618965e+05  3.10e+03   7.47e-02     1.94e+01   38.761s
 116000 +4.52532987e+05 +4.55690483e+05  3.16e+03   5.82e-02     1.93e+01   38.994s
 117000 +4.52551629e+05 +4.55701641e+05  3.15e+03   5.09e-02     1.92e+01   39.227s
 118000 +4.52566584e+05 +4.55661620e+05  3.10e+03   5.03e-02     1.93e+01   39.460s
 119000 +4.52574544e+05 +4.55601649e+05  3.03e+03   5.04e-02     1.93e+01   39.693s
 120000 +4.52573177e+05 +4.55402992e+05  2.83e+03   3.15e-01     1.95e+01   39.926s
 121000 +4.52554214e+05 +4.55074410e+05  2.52e+03   1.65e-02     2.09e+01   40.159s
 122000 +4.52521841e+05 +4.54799650e+05  2.28e+03   1.44e-02     2.25e+01   40.392s
 123000 +4.52479855e+05 +4.54602767e+05  2.12e+03   1.26e-02     2.29e+01   40.624s
 124000 +4.52431437e+05 +4.54502564e+05  2.07e+03   1.18e-02     2.20e+01   40.857s
 125000 +4.52381451e+05 +4.54493342e+05  2.11e+03   1.16e-02     2.11e+01   41.090s
 126000 +4.52335285e+05 +4.54580277e+05  2.24e+03   1.14e-02     2.05e+01   41.322s
 127000 +4.52297931e+05 +4.54739429e+05  2.44e+03   2.49e-02     2.02e+01   41.555s
 128000 +4.52272956e+05 +4.54944163e+05  2.67e+03   4.57e-02     1.98e+01   41.788s
 129000 +4.52261415e+05 +4.55163262e+05  2.90e+03   4.75e-02     1.96e+01   42.020s
 130000 +4.52262109e+05 +4.55361575e+05  3.10e+03   4.20e-02     1.94e+01   42.253s
 131000 +4.52271984e+05 +4.55518096e+05  3.25e+03   1.27e-02     1.92e+01   42.486s
 132000 +4.52287060e+05 +4.55616277e+05  3.33e+03   4.20e-02     1.90e+01   42.719s
 133000 +4.52303567e+05 +4.55660662e+05  3.36e+03   1.91e-02     1.89e+01   42.952s
 134000 +4.52318014e+05 +4.55651440e+05  3.33e+03   1.13e-02     1.89e+01   43.185s
 135000 +4.52328105e+05 +4.55596850e+05  3.27e+03   1.13e-02     1.89e+01   43.418s
 136000 +4.52323373e+05 +4.55556385e+05  3.23e+03   1.14e-02     1.81e+01   43.651s
 137000 +4.52310631e+05 +4.55547762e+05  3.24e+03   1.13e-02     1.81e+01   43.883s
 138000 +4.52297469e+05 +4.55538615e+05  3.24e+03   1.14e-02     1.80e+01   44.116s
 139000 +4.52284895e+05 +4.55536367e+05  3.25e+03   1.13e-02     1.80e+01   44.349s
 140000 +4.52274085e+05 +4.55547587e+05  3.27e+03   1.14e-02     1.80e+01   44.581s
 141000 +4.52265244e+05 +4.55560300e+05  3.30e+03   2.95e-02     1.79e+01   44.814s
 142000 +4.52259104e+05 +4.55561743e+05  3.30e+03   1.14e-02     1.79e+01   45.047s
 143000 +4.52255066e+05 +4.55575493e+05  3.32e+03   2.93e-02     1.79e+01   45.280s
 144000 +4.52251526e+05 +4.55592038e+05  3.34e+03   1.14e-02     1.79e+01   45.512s
 145000 +4.52249693e+05 +4.55589145e+05  3.34e+03   1.45e-02     1.78e+01   45.745s
 146000 +4.52248293e+05 +4.55593413e+05  3.35e+03   1.14e-02     1.78e+01   45.978s
 147000 +4.52246421e+05 +4.55589530e+05  3.34e+03   1.14e-02     1.77e+01   46.210s
 148000 +4.52244271e+05 +4.55579967e+05  3.34e+03   1.16e-02     1.77e+01   46.443s
 149000 +4.52241893e+05 +4.55564381e+05  3.32e+03   1.46e-02     1.77e+01   46.676s
 150000 +4.52238297e+05 +4.55518751e+05  3.28e+03   1.22e-02     1.74e+01   46.908s
 151000 +4.52234130e+05 +4.55482678e+05  3.25e+03   1.15e-02     1.74e+01   47.141s
 152000 +4.52228639e+05 +4.55474484e+05  3.25e+03   1.18e-02     1.74e+01   47.374s
 153000 +4.52222686e+05 +4.55446987e+05  3.22e+03   1.37e-02     1.73e+01   47.606s
 154000 +4.52216983e+05 +4.55464363e+05  3.25e+03   1.18e-02     1.73e+01   47.839s
 155000 +4.52210757e+05 +4.55434485e+05  3.22e+03   1.15e-02     1.73e+01   48.072s
 156000 +4.52204618e+05 +4.55444860e+05  3.24e+03   1.56e-02     1.73e+01   48.304s
 157000 +4.52199273e+05 +4.55438738e+05  3.24e+03   1.14e-02     1.73e+01   48.537s
 158000 +4.52193954e+05 +4.55446184e+05  3.25e+03   1.15e-02     1.72e+01   48.770s
 159000 +4.52190703e+05 +4.55417065e+05  3.23e+03   1.20e-02     1.53e+01   49.003s
 160000 +4.52188835e+05 +4.55422973e+05  3.23e+03   1.16e-02     1.49e+01   49.235s
 161000 +4.52186575e+05 +4.55406570e+05  3.22e+03   9.36e-02     1.48e+01   49.468s
 162000 +4.52172638e+05 +4.55248428e+05  3.08e+03   2.41e-02     1.49e+01   49.701s
 163000 +4.52164040e+05 +4.55350001e+05  3.19e+03   1.66e-02     1.45e+01   49.934s
 164000 +4.52152533e+05 +4.55318119e+05  3.17e+03   7.35e-02     1.45e+01   50.167s
 165000 +4.52135967e+05 +4.55321156e+05  3.19e+03   8.31e-02     1.45e+01   50.400s
 166000 +4.52118681e+05 +4.55315903e+05  3.20e+03   2.50e-02     1.43e+01   50.633s
 167000 +4.52107651e+05 +4.55343483e+05  3.24e+03   2.21e-02     1.40e+01   50.865s
 168000 +4.52099536e+05 +4.55324166e+05  3.22e+03   1.50e-02     1.39e+01   51.098s
 169000 +4.52093168e+05 +4.55353252e+05  3.26e+03   3.55e-02     1.38e+01   51.331s
 170000 +4.52093461e+05 +4.55402237e+05  3.31e+03   3.08e-02     1.38e+01   51.564s
 171000 +4.52098270e+05 +4.55413025e+05  3.31e+03   7.32e-03     1.38e+01   51.796s
 172000 +4.52101489e+05 +4.55370994e+05  3.27e+03   1.39e-02     1.39e+01   52.029s
 173000 +4.52104188e+05 +4.55392381e+05  3.29e+03   5.84e-03     1.37e+01   52.262s
 174000 +4.52108004e+05 +4.55382527e+05  3.27e+03   6.53e-03     1.36e+01   52.495s
 175000 +4.52106608e+05 +4.55325859e+05  3.22e+03   5.70e-03     1.36e+01   52.728s
 176000 +4.52099432e+05 +4.55291403e+05  3.19e+03   1.96e-02     1.36e+01   52.961s
 177000 +4.52091796e+05 +4.55290750e+05  3.20e+03   8.96e-03     1.36e+01   53.193s
 178000 +4.52081892e+05 +4.55263418e+05  3.18e+03   5.72e-03     1.35e+01   53.426s
 179000 +4.52069930e+05 +4.55208600e+05  3.14e+03   1.42e-02     1.19e+01   53.659s
 180000 +4.52059979e+05 +4.55250974e+05  3.19e+03   1.55e-02     1.18e+01   53.892s
 181000 +4.52051789e+05 +4.55236898e+05  3.19e+03   1.34e-02     1.18e+01   54.125s
 182000 +4.52045345e+05 +4.55225368e+05  3.18e+03   6.47e-03     1.17e+01   54.358s
 183000 +4.52041282e+05 +4.55244923e+05  3.20e+03   2.61e-02     1.15e+01   54.590s
 184000 +4.52039729e+05 +4.55269562e+05  3.23e+03   4.43e-03     1.15e+01   54.823s
 185000 +4.52039669e+05 +4.55286633e+05  3.25e+03   2.43e-02     1.15e+01   55.056s
 186000 +4.52040536e+05 +4.55257964e+05  3.22e+03   4.08e-03     1.16e+01   55.289s
 187000 +4.52040948e+05 +4.55237580e+05  3.20e+03   4.03e-03     1.14e+01   55.522s
 188000 +4.52041207e+05 +4.55231824e+05  3.19e+03   4.42e-03     1.13e+01   55.755s
 189000 +4.52038752e+05 +4.55214439e+05  3.18e+03   4.82e-02     1.12e+01   55.987s
 190000 +4.52035484e+05 +4.55193472e+05  3.16e+03   4.18e-03     1.12e+01   56.220s
 191000 +4.52030148e+05 +4.55179999e+05  3.15e+03   2.17e-02     1.12e+01   56.453s
 192000 +4.52023472e+05 +4.55167330e+05  3.14e+03   3.99e-03     1.12e+01   56.686s
 193000 +4.52016843e+05 +4.55162702e+05  3.15e+03   3.96e-03     1.12e+01   56.919s
 194000 +4.52009181e+05 +4.55167399e+05  3.16e+03   3.95e-03     1.11e+01   57.152s
 195000 +4.52002692e+05 +4.55156554e+05  3.15e+03   2.05e-02     1.10e+01   57.384s
 196000 +4.51997428e+05 +4.55167314e+05  3.17e+03   2.82e-02     1.10e+01   57.617s
 197000 +4.51993113e+05 +4.55184773e+05  3.19e+03   2.54e-02     1.10e+01   57.850s
 198000 +4.51991119e+05 +4.55192163e+05  3.20e+03   2.93e-02     1.10e+01   58.083s
 199000 +4.51989867e+05 +4.55204312e+05  3.21e+03   3.85e-03     1.11e+01   58.315s
 200000 +4.51990081e+05 +4.55179056e+05  3.19e+03   1.15e-02     1.08e+01   58.548s
 201000 +4.51990469e+05 +4.55177012e+05  3.19e+03   3.61e-03     1.08e+01   58.781s
 202000 +4.51990084e+05 +4.55164218e+05  3.17e+03   7.22e-03     1.07e+01   59.014s
 203000 +4.51989060e+05 +4.55145513e+05  3.16e+03   7.55e-03     1.08e+01   59.247s
 204000 +4.51985536e+05 +4.55133036e+05  3.15e+03   1.78e-02     1.07e+01   59.480s
 205000 +4.51980804e+05 +4.55117703e+05  3.14e+03   3.47e-03     1.08e+01   59.712s
 206000 +4.51974025e+05 +4.55112484e+05  3.14e+03   8.74e-03     1.09e+01   59.945s
 207000 +4.51966650e+05 +4.55100660e+05  3.13e+03   1.47e-02     1.08e+01   60.178s
 208000 +4.51959757e+05 +4.55101814e+05  3.14e+03   3.68e-03     1.07e+01   60.411s
 209000 +4.51953935e+05 +4.55106339e+05  3.15e+03   2.21e-02     1.07e+01   60.644s
 210000 +4.51950286e+05 +4.55112551e+05  3.16e+03   3.57e-03     1.06e+01   60.876s
 211000 +4.51947762e+05 +4.55123962e+05  3.18e+03   3.56e-03     1.06e+01   61.109s
 212000 +4.51942910e+05 +4.55018136e+05  3.08e+03   2.97e-02     1.03e+01   61.342s
 213000 +4.51929552e+05 +4.54899694e+05  2.97e+03   1.85e-02     1.02e+01   61.575s
 214000 +4.51914282e+05 +4.54859351e+05  2.95e+03   6.59e-02     1.01e+01   61.807s
 215000 +4.51894020e+05 +4.54825346e+05  2.93e+03   2.85e-02     9.93e+00   62.040s
 216000 +4.51878089e+05 +4.54783564e+05  2.91e+03   2.42e-02     9.65e+00   62.272s
 217000 +4.51856197e+05 +4.54742296e+05  2.89e+03   5.46e-02     9.49e+00   62.505s
 218000 +4.51839529e+05 +4.54719844e+05  2.88e+03   1.87e-02     9.39e+00   62.737s
 219000 +4.51814298e+05 +4.54689763e+05  2.88e+03   1.66e-02     9.30e+00   62.970s
 220000 +4.51792241e+05 +4.54676381e+05  2.88e+03   2.32e-02     9.26e+00   63.202s
 221000 +4.51762877e+05 +4.54657387e+05  2.89e+03   1.66e-02     9.18e+00   63.435s
 222000 +4.51732386e+05 +4.54619208e+05  2.89e+03   4.95e-02     8.17e+00   63.667s
 223000 +4.51710871e+05 +4.54579498e+05  2.87e+03   2.14e-02     7.98e+00   63.900s
 224000 +4.51684422e+05 +4.54562565e+05  2.88e+03   3.06e-02     7.71e+00   64.133s
 225000 +4.51657795e+05 +4.54525209e+05  2.87e+03   2.92e-02     7.57e+00   64.365s
 226000 +4.51636601e+05 +4.54519551e+05  2.88e+03   2.45e-02     7.50e+00   64.598s
 227000 +4.51606981e+05 +4.54458139e+05  2.85e+03   2.57e-02     7.32e+00   64.831s
 228000 +4.51587025e+05 +4.54435393e+05  2.85e+03   2.04e-02     7.20e+00   65.063s
 229000 +4.51562723e+05 +4.54416107e+05  2.85e+03   1.92e-02     7.14e+00   65.296s
 230000 +4.51543289e+05 +4.54398642e+05  2.86e+03   2.06e-02     7.06e+00   65.529s
 231000 +4.51528214e+05 +4.54365581e+05  2.84e+03   9.91e-02     6.99e+00   65.761s
 232000 +4.51509295e+05 +4.54301980e+05  2.79e+03   6.95e-01     6.93e+00   65.994s
 233000 +4.51497609e+05 +4.54155584e+05  2.66e+03   2.06e-01     6.86e+00   66.227s
 234000 +4.51313234e+05 +4.53735316e+05  2.42e+03   1.04e+00     5.41e+00   66.460s
 235000 +4.51244183e+05 +4.53526880e+05  2.28e+03   1.27e+00     4.88e+00   66.692s
 236000 +4.51189388e+05 +4.53336717e+05  2.15e+03   1.44e+00     4.27e+00   66.925s
 237000 +4.51280808e+05 +4.53192618e+05  1.91e+03   7.63e-01     3.86e+00   67.157s
 238000 +4.51227604e+05 +4.53041816e+05  1.81e+03   6.83e-01     3.43e+00   67.390s
 239000 +4.51143664e+05 +4.52893242e+05  1.75e+03   6.91e-01     3.05e+00   67.622s
 240000 +4.50995907e+05 +4.52809218e+05  1.81e+03   3.50e-01     2.88e+00   67.855s
 241000 +4.50747412e+05 +4.52716722e+05  1.97e+03   6.15e-01     2.75e+00   68.088s
 242000 +4.50521433e+05 +4.52599876e+05  2.08e+03   6.02e-01     2.59e+00   68.320s
 243000 +4.50203614e+05 +4.52527539e+05  2.32e+03   3.45e-01     2.51e+00   68.553s
 244000 +4.49928842e+05 +4.52450694e+05  2.52e+03   6.81e-01     2.42e+00   68.786s
 245000 +4.49639304e+05 +4.52374549e+05  2.74e+03   3.93e-01     2.30e+00   69.018s
 246000 +4.49410026e+05 +4.52344241e+05  2.93e+03   1.55e+00     2.22e+00   69.251s
 247000 +4.49241970e+05 +4.52264273e+05  3.02e+03   3.29e-01     2.16e+00   69.483s
 248000 +4.49124375e+05 +4.52165373e+05  3.04e+03   3.25e-01     2.00e+00   69.716s
 249000 +4.49054327e+05 +4.52049264e+05  2.99e+03   4.03e-01     1.90e+00   69.948s
 250000 +4.49029013e+05 +4.51950479e+05  2.92e+03   3.74e-01     1.82e+00   70.181s
 251000 +4.48980112e+05 +4.51936517e+05  2.96e+03   3.23e-01     1.77e+00   70.414s
 252000 +4.48965648e+05 +4.51889936e+05  2.92e+03   2.37e-01     1.72e+00   70.646s
 253000 +4.48921997e+05 +4.51813389e+05  2.89e+03   2.93e-01     1.67e+00   70.879s
 254000 +4.48733373e+05 +4.51445065e+05  2.71e+03   1.15e+00     1.39e+00   71.112s
 255000 +4.48286770e+05 +4.50600480e+05  2.31e+03   2.39e+00     1.00e+00   71.344s
 256000 +4.47427703e+05 +4.49920847e+05  2.49e+03   7.45e+00     7.71e-01   71.577s
 257000 +4.46673899e+05 +4.49559768e+05  2.89e+03   2.79e+00     6.60e-01   71.809s
 258000 +4.45885888e+05 +4.49259251e+05  3.37e+03   3.79e+00     6.04e-01   72.041s
 259000 +4.45184118e+05 +4.48885801e+05  3.70e+03   3.92e+00     5.54e-01   72.274s
 260000 +4.44834302e+05 +4.48618078e+05  3.78e+03   5.01e+00     5.05e-01   72.506s
 261000 +4.44346646e+05 +4.48089058e+05  3.74e+03   4.83e+00     4.59e-01   72.739s
 262000 +4.43890021e+05 +4.48013334e+05  4.12e+03   5.77e+00     4.18e-01   72.971s
 263000 +4.43635077e+05 +4.47643034e+05  4.01e+03   6.37e+00     3.81e-01   73.204s
 264000 +4.43460293e+05 +4.47474852e+05  4.01e+03   6.56e+00     3.58e-01   73.436s
 265000 +4.43286758e+05 +4.47171700e+05  3.88e+03   1.00e+01     3.37e-01   73.669s
 266000 +4.43115868e+05 +4.47093333e+05  3.98e+03   5.79e+00     3.22e-01   73.901s
 267000 +4.43007108e+05 +4.46817747e+05  3.81e+03   1.08e+01     2.97e-01   74.134s
 268000 +4.42859205e+05 +4.45818436e+05  2.96e+03   6.22e+00     2.52e-01   74.367s
 269000 +4.41913977e+05 +4.45499842e+05  3.59e+03   8.42e+00     2.36e-01   74.599s
 270000 +4.40782495e+05 +4.45384171e+05  4.60e+03   1.11e+01     2.24e-01   74.831s
 271000 +4.39782487e+05 +4.45254399e+05  5.47e+03   1.53e+01     2.12e-01   75.064s
 272000 +4.39151156e+05 +4.45187720e+05  6.04e+03   1.44e+01     2.01e-01   75.296s
 273000 +4.38385581e+05 +4.44992438e+05  6.61e+03   1.69e+01     1.85e-01   75.528s
 274000 +4.38203911e+05 +4.44847611e+05  6.64e+03   2.30e+01     1.71e-01   75.760s
 275000 +4.38149073e+05 +4.44683692e+05  6.53e+03   1.52e+01     1.61e-01   75.993s
 276000 +4.38363460e+05 +4.44486766e+05  6.12e+03   1.49e+01     1.50e-01   76.225s
 277000 +4.38378364e+05 +4.44360846e+05  5.98e+03   1.48e+01     1.41e-01   76.457s
 278000 +4.38613132e+05 +4.44223751e+05  5.61e+03   1.61e+01     1.24e-01   76.690s
 279000 +4.38646488e+05 +4.44153121e+05  5.51e+03   1.42e+01     1.13e-01   76.922s
 280000 +4.38843019e+05 +4.43990195e+05  5.15e+03   2.45e+01     1.02e-01   77.154s
 281000 +4.38927968e+05 +4.43963072e+05  5.04e+03   3.40e+01     9.31e-02   77.387s
 282000 +4.39108894e+05 +4.43907674e+05  4.80e+03   2.82e+01     7.99e-02   77.619s
 283000 +4.39331908e+05 +4.43784836e+05  4.45e+03   1.42e+01     7.34e-02   77.852s
 284000 +4.39379322e+05 +4.43798509e+05  4.42e+03   1.41e+01     6.98e-02   78.084s
 285000 +4.39443699e+05 +4.43690153e+05  4.25e+03   1.35e+01     6.76e-02   78.316s
 286000 +4.39791924e+05 +4.43637400e+05  3.85e+03   1.26e+01     6.74e-02   78.549s
 287000 +4.40178638e+05 +4.43665779e+05  3.49e+03   1.15e+01     6.44e-02   78.781s
 288000 +4.40413025e+05 +4.43563159e+05  3.15e+03   1.42e+01     6.92e-02   79.013s
 289000 +4.40748750e+05 +4.43400550e+05  2.65e+03   1.01e+01     4.53e-02   79.246s
 290000 +4.40752465e+05 +4.43376882e+05  2.62e+03   1.01e+01     4.23e-02   79.478s
 291000 +4.40801239e+05 +4.43340683e+05  2.54e+03   9.99e+00     4.01e-02   79.711s
 292000 +4.40846873e+05 +4.43305694e+05  2.46e+03   9.88e+00     3.70e-02   79.943s
 293000 +4.40854113e+05 +4.43264974e+05  2.41e+03   9.82e+00     3.35e-02   80.175s
 294000 +4.40856903e+05 +4.43243072e+05  2.39e+03   9.77e+00     3.12e-02   80.407s
 295000 +4.40806955e+05 +4.43224311e+05  2.42e+03   9.84e+00     2.92e-02   80.640s
 296000 +4.40778085e+05 +4.43188313e+05  2.41e+03   9.87e+00     2.61e-02   80.872s
 297000 +4.40761281e+05 +4.43171333e+05  2.41e+03   9.93e+00     2.49e-02   81.104s
 298000 +4.40775827e+05 +4.43166250e+05  2.39e+03   9.89e+00     2.30e-02   81.336s
 299000 +4.40826100e+05 +4.43148518e+05  2.32e+03   9.81e+00     2.09e-02   81.569s
 300000 +4.40887421e+05 +4.43161273e+05  2.27e+03   9.48e+00     2.03e-02   81.801s
 301000 +4.40996837e+05 +4.43163148e+05  2.17e+03   1.16e+01     1.96e-02   82.033s
 302000 +4.41063050e+05 +4.43163303e+05  2.10e+03   8.90e+00     1.88e-02   82.265s
 303000 +4.41236003e+05 +4.43166383e+05  1.93e+03   1.13e+01     2.11e-02   82.497s
 304000 +4.41311698e+05 +4.43157608e+05  1.85e+03   2.26e+01     1.89e-02   82.730s
 305000 +4.41393285e+05 +4.43159103e+05  1.77e+03   8.20e+00     1.96e-02   82.962s
 306000 +4.41421804e+05 +4.43163721e+05  1.74e+03   1.42e+01     1.98e-02   83.194s
 307000 +4.41476473e+05 +4.43160452e+05  1.68e+03   1.55e+01     1.84e-02   83.427s
 308000 +4.41484240e+05 +4.43169720e+05  1.69e+03   1.07e+01     1.86e-02   83.659s
 309000 +4.41511422e+05 +4.43175933e+05  1.66e+03   9.01e+00     2.00e-02   83.891s
 310000 +4.41563814e+05 +4.43176600e+05  1.61e+03   7.75e+00     2.14e-02   84.123s
 311000 +4.41589555e+05 +4.43186476e+05  1.60e+03   7.38e+00     1.85e-02   84.356s
 312000 +4.41611544e+05 +4.43190779e+05  1.58e+03   7.34e+00     1.70e-02   84.588s
 313000 +4.41749680e+05 +4.43192067e+05  1.44e+03   7.20e+00     1.82e-02   84.820s
 314000 +4.41740033e+05 +4.43191550e+05  1.45e+03   7.11e+00     1.73e-02   85.052s
 315000 +4.41785077e+05 +4.43182516e+05  1.40e+03   6.96e+00     1.75e-02   85.285s
 316000 +4.41858967e+05 +4.43153683e+05  1.29e+03   6.74e+00     1.79e-02   85.517s
 317000 +4.41899735e+05 +4.43140434e+05  1.24e+03   6.85e+00     1.91e-02   85.750s
 318000 +4.41928085e+05 +4.43128872e+05  1.20e+03   7.15e+00     1.95e-02   85.982s
 319000 +4.41944023e+05 +4.43123513e+05  1.18e+03   6.43e+00     2.01e-02   86.214s
 320000 +4.41940565e+05 +4.43123381e+05  1.18e+03   6.38e+00     2.03e-02   86.446s
 321000 +4.41953309e+05 +4.43128798e+05  1.18e+03   6.72e+00     1.94e-02   86.679s
 322000 +4.41970220e+05 +4.43138920e+05  1.17e+03   7.40e+00     1.90e-02   86.911s
 323000 +4.41992786e+05 +4.43151802e+05  1.16e+03   6.99e+00     1.84e-02   87.143s
 324000 +4.42017196e+05 +4.43165604e+05  1.15e+03   6.92e+00     1.76e-02   87.375s
 325000 +4.42041395e+05 +4.43176874e+05  1.14e+03   9.08e+00     1.56e-02   87.608s
 326000 +4.42063227e+05 +4.43188243e+05  1.13e+03   6.26e+00     1.38e-02   87.840s
 327000 +4.42081834e+05 +4.43193859e+05  1.11e+03   6.03e+00     1.45e-02   88.072s
 328000 +4.42104609e+05 +4.43196373e+05  1.09e+03   6.81e+00     1.38e-02   88.304s
 329000 +4.42100343e+05 +4.43198555e+05  1.10e+03   5.97e+00     1.50e-02   88.536s
 330000 +4.42102758e+05 +4.43201445e+05  1.10e+03   5.92e+00     1.42e-02   88.769s
 331000 +4.42098254e+05 +4.43202445e+05  1.10e+03   5.90e+00     1.37e-02   89.001s
 332000 +4.42151665e+05 +4.43194488e+05  1.04e+03   5.70e+00     1.49e-02   89.233s
 333000 +4.42196663e+05 +4.43184436e+05  9.88e+02   7.61e+00     1.65e-02   89.465s
 334000 +4.42212017e+05 +4.43175452e+05  9.63e+02   5.60e+00     1.83e-02   89.697s
 335000 +4.42252960e+05 +4.43167845e+05  9.15e+02   5.46e+00     2.01e-02   89.930s
 336000 +4.42293065e+05 +4.43160615e+05  8.68e+02   5.17e+00     2.10e-02   90.162s
 337000 +4.42361671e+05 +4.43155059e+05  7.93e+02   5.18e+00     2.09e-02   90.394s
 338000 +4.42476629e+05 +4.43150664e+05  6.74e+02   4.63e+00     2.16e-02   90.627s
 339000 +4.42495149e+05 +4.43149371e+05  6.54e+02   4.40e+00     2.63e-02   90.859s
 340000 +4.42548113e+05 +4.43147551e+05  5.99e+02   4.22e+00     2.29e-02   91.091s
 341000 +4.42619510e+05 +4.43183210e+05  5.64e+02   4.03e+00     2.16e-02   91.324s
 342000 +4.42660548e+05 +4.43181864e+05  5.21e+02   3.91e+00     2.61e-02   91.556s
 343000 +4.42727518e+05 +4.43182250e+05  4.55e+02   3.82e+00     2.74e-02   91.789s
 344000 +4.42746765e+05 +4.43176122e+05  4.29e+02   4.52e+00     2.85e-02   92.021s
 345000 +4.42767329e+05 +4.43169446e+05  4.02e+02   3.68e+00     3.05e-02   92.253s
 346000 +4.42799402e+05 +4.43164427e+05  3.65e+02   4.29e+00     3.23e-02   92.485s
 347000 +4.42808895e+05 +4.43161925e+05  3.53e+02   4.40e+00     3.46e-02   92.717s
 348000 +4.42847479e+05 +4.43163366e+05  3.16e+02   3.36e+00     3.70e-02   92.950s
 349000 +4.42875953e+05 +4.43159699e+05  2.84e+02   3.08e+00     3.57e-02   93.182s
 350000 +4.42900636e+05 +4.43162576e+05  2.62e+02   2.97e+00     3.43e-02   93.414s
 351000 +4.42918724e+05 +4.43177082e+05  2.58e+02   3.16e+00     3.39e-02   93.646s
 352000 +4.42927131e+05 +4.43186500e+05  2.59e+02   2.84e+00     2.91e-02   93.879s
 353000 +4.42942322e+05 +4.43194374e+05  2.52e+02   2.83e+00     2.67e-02   94.111s
 354000 +4.42941696e+05 +4.43212035e+05  2.70e+02   3.78e+00     2.55e-02   94.343s
 355000 +4.42935932e+05 +4.43226912e+05  2.91e+02   5.58e+00     2.46e-02   94.575s
 356000 +4.42929444e+05 +4.43239188e+05  3.10e+02   3.02e+00     2.49e-02   94.808s
 357000 +4.42936584e+05 +4.43251054e+05  3.14e+02   2.75e+00     2.31e-02   95.040s
 358000 +4.42956912e+05 +4.43260886e+05  3.04e+02   4.98e+00     2.40e-02   95.272s
 359000 +4.42966893e+05 +4.43268057e+05  3.01e+02   2.95e+00     2.25e-02   95.504s
 360000 +4.42946883e+05 +4.43274915e+05  3.28e+02   3.13e+00     2.27e-02   95.736s
 361000 +4.42960564e+05 +4.43282804e+05  3.22e+02   2.59e+00     2.54e-02   95.969s
 362000 +4.42998348e+05 +4.43290503e+05  2.92e+02   2.41e+00     2.69e-02   96.201s
 363000 +4.43028164e+05 +4.43299898e+05  2.72e+02   2.39e+00     2.96e-02   96.433s
 364000 +4.43061800e+05 +4.43309682e+05  2.48e+02   2.19e+00     3.14e-02   96.666s
 365000 +4.43068547e+05 +4.43318494e+05  2.50e+02   2.07e+00     3.19e-02   96.898s
 366000 +4.43100545e+05 +4.43326572e+05  2.26e+02   1.95e+00     3.35e-02   97.130s
 367000 +4.43131676e+05 +4.43331049e+05  1.99e+02   1.84e+00     3.21e-02   97.362s
 368000 +4.43199028e+05 +4.43330066e+05  1.31e+02   1.67e+00     3.72e-02   97.595s
 369000 +4.43221901e+05 +4.43320970e+05  9.91e+01   1.59e+00     4.72e-02   97.827s
 369400 +4.43234040e+05 +4.43317363e+05  8.33e+01   1.56e+00     5.11e-02   97.920s
LP Solver status:                Optimal
Primal objective:                +4.43234040e+05
Dual objective:                  +4.43317363e+05
Duality gap (abs/rel):           +8.33e+01 / +9.40e-05
Primal infeasibility (abs/rel):  +1.56e+00 / +4.24e-05
Dual infeasibility (abs/rel):    +5.11e-02 / +5.57e-07
PDLP finished
Status: Optimal   Objective: 4.43234040e+05  Iterations: 369400  Time: 97.923s

### exit_code=0
### finished=2026-07-29T16:56:49.302448
### gpu_peak_mb=4762.4
### gpu_peak2_mb=0.0
### per_gpu_peak_mb=[4762.375]
