### solver=cuopt-base
### instance=/home/scratch.cmaes_sw/hans_lps/tpl-tub-ws1617.mps
### n_gpus=1
### CUDA_VISIBLE_DEVICES=0
### started=2026-07-31T15:51:33.270086
### argv=/home/scratch.vmostovoi_gpu/mostovoi_cuopt/cpp/build/cuopt_cli --method 1 --mps-reader experimental-fast --time-limit 3600 --iteration-limit 1000000000 --relative-primal-tolerance 1e-4 --relative-dual-tolerance 1e-4 --relative-gap-tolerance 1e-4 --log-to-console true /home/scratch.cmaes_sw/hans_lps/tpl-tub-ws1617.mps
### --- solver output ---
Setting parameter iteration_limit to 1000000000
Setting parameter log_to_console to true
Setting parameter method to 1
Setting parameter relative_dual_tolerance to 1.000000e-04
Setting parameter relative_gap_tolerance to 1.000000e-04
Setting parameter relative_primal_tolerance to 1.000000e-04
Setting parameter time_limit to 3.600000e+03
Reading file tpl-tub-ws1617.mps
Using experimental fast MPS parser for '/home/scratch.cmaes_sw/hans_lps/tpl-tub-ws1617.mps'
Read file tpl-tub-ws1617.mps in 2.05 seconds
cuOpt version: 26.8.0, git hash: 7116ead1, host arch: x86_64, device archs: 100a-real
CPU: INTEL(R) XEON(R) PLATINUM 8570, threads (physical/logical): 112/224, RAM: 1808.92 GiB
CUDA 13.3, device: NVIDIA B200 (ID 0), VRAM: 178.34 GiB
CUDA device UUID: 1e26c45a-4f9e-e75b-c128-d0e6ab6abfe5
Solving a problem with 1154615 constraints, 747601 variables (0 integers), and 4720567 nonzeros
Problem scaling:
Objective coefficents range:          [1e+00, 1e+04]
Constraint matrix coefficients range: [1e+00, 1e+02]
Constraint rhs / bounds range:        [1e+00, 5e+00]
Variable bounds range:                [0e+00, 2e+09]
Warning: input problem contains a large range of coefficients: consider reformulating to avoid numerical difficulties.

Using PSLP presolver
PSLP Presolved problem: 322542 constraints, 685986 variables, 2470435 non-zeros
PSLP presolve time: 1.14s
Objective offset 16116773.000000 scaling_factor 1.000000
   Iter    Primal Obj.      Dual Obj.    Gap        Primal Res.  Dual Res.   Time
      0 +1.61167730e+07 +1.61167730e+07  0.00e+00   5.08e+02     9.75e+05   1.296s
   1000 +1.40000915e+05 +1.50584094e+05  1.06e+04   7.97e-03     9.09e+02   1.404s
   2000 +1.25122354e+05 +1.31960414e+05  6.84e+03   1.89e-01     1.73e+02   1.479s
   3000 +1.23999419e+05 +1.20675801e+05  3.32e+03   3.47e+00     7.70e-01   1.554s
   4000 +1.28364300e+05 +1.20674810e+05  7.69e+03   2.04e-01     2.83e-01   1.629s
   5000 +1.28780016e+05 +1.20678888e+05  8.10e+03   9.30e-02     3.46e-01   1.704s
   6000 +1.27549628e+05 +1.20685320e+05  6.86e+03   9.18e-02     2.91e-01   1.779s
   7000 +1.26365901e+05 +1.20688961e+05  5.68e+03   8.10e-02     2.93e-01   1.853s
   8000 +1.24737557e+05 +1.20697912e+05  4.04e+03   7.68e-02     1.36e+00   1.928s
   9000 +1.23795440e+05 +1.20700221e+05  3.10e+03   1.10e-01     9.54e-01   2.003s
  10000 +1.23168218e+05 +1.20700979e+05  2.47e+03   8.37e-02     6.72e-01   2.078s
  11000 +1.22113772e+05 +1.20700807e+05  1.41e+03   3.38e-02     5.40e-01   2.151s
  12000 +1.21739102e+05 +1.20700676e+05  1.04e+03   2.25e-02     5.46e-01   2.225s
  13000 +1.21186779e+05 +1.20700569e+05  4.86e+02   1.44e-02     5.48e-01   2.298s
  14000 +1.20792156e+05 +1.20700317e+05  9.18e+01   1.74e-02     4.44e-01   2.372s
  14600 +1.20703691e+05 +1.20700290e+05  3.40e+00   4.41e-02     3.65e-01   2.416s
LP Solver status:                Optimal
Primal objective:                +1.20703691e+05
Dual objective:                  +1.20700290e+05
Duality gap (abs/rel):           +3.40e+00 / +1.41e-05
Primal infeasibility (abs/rel):  +4.41e-02 / +3.85e-05
Dual infeasibility (abs/rel):    +3.65e-01 / +3.74e-07
PDLP finished
Status: Optimal   Objective: 1.20703691e+05  Iterations: 14600  Time: 2.417s

### exit_code=0
### finished=2026-07-31T15:51:39.103366
### gpu_peak_mb=2010.4
### gpu_peak2_mb=0.0
### per_gpu_peak_mb=[2010.375]
