### solver=cuopt-distributed
### instance=/home/scratch.vmostovoi_gpu/mostovoi_cuopt/datasets/linear_programming/afiro_original.mps
### n_gpus=4
### CUDA_VISIBLE_DEVICES=0,1,2,3
### started=2026-06-28T19:00:01.924552
### argv=/home/scratch.vmostovoi_gpu/mostovoi_cuopt/cpp/build/cuopt_cli --use-distributed-pdlp true --distributed-pdlp-partitioner kaminpar --mps-reader fast --method 1 --presolve 0 --iteration-limit 20000 --time-limit 1e9 --absolute-primal-tolerance 1e-30 --relative-primal-tolerance 1e-30 --absolute-dual-tolerance 1e-30 --relative-dual-tolerance 1e-30 --absolute-gap-tolerance 1e-30 --relative-gap-tolerance 1e-30 --log-to-console true /home/scratch.vmostovoi_gpu/mostovoi_cuopt/datasets/linear_programming/afiro_original.mps
### --- solver output ---
Setting parameter absolute_dual_tolerance to 1.000000e-30
Setting parameter absolute_gap_tolerance to 1.000000e-30
Setting parameter absolute_primal_tolerance to 1.000000e-30
Setting parameter distributed_pdlp_partitioner to kaminpar
Setting parameter iteration_limit to 20000
Setting parameter log_to_console to true
Setting parameter method to 1
Setting parameter presolve to 0
Setting parameter relative_dual_tolerance to 1.000000e-30
Setting parameter relative_gap_tolerance to 1.000000e-30
Setting parameter relative_primal_tolerance to 1.000000e-30
Setting parameter time_limit to 1.000000e+09
Setting parameter use_distributed_pdlp to true
Reading file afiro_original.mps
Using experimental fast MPS parser for '/home/scratch.vmostovoi_gpu/mostovoi_cuopt/datasets/linear_programming/afiro_original.mps'
Read file afiro_original.mps in 0.00 seconds
solve_lp_distributed_from_mps: distributed_pdlp_num_gpus == -1, auto-detected 4 visible CUDA device(s)
cuOpt version: 26.8.0, git hash: 5e62e9ba, host arch: x86_64, device archs: 100a-real
CPU: INTEL(R) XEON(R) PLATINUM 8570, threads (physical/logical): 112/224, RAM: 1946.60 GiB
CUDA 13.3, device: NVIDIA B200 (ID 0), VRAM: 178.34 GiB
CUDA device UUID: 80dfcbea-0346-6bb8-8c34-81210097de1f

Solving a problem with 27 constraints, 32 variables (0 integers), and 83 nonzeros (distributed mps-direct path)
Solving with distributed PDLP on 4 GPU (mps direct path)
Partitioning 27 constraints + 32 variables into 4 part(s) using the kaminpar partitioner
KaMinPar partitioned bipartite graph: nvtx=59 nnz=83 nb_parts=4 nthreads=224 edge_cut=15 in 0.040s
distributed_pdlp: building rank_data for 4 parts ...
distributed_pdlp: rank_data build done in 0.041 s
distributed_pdlp: building 4 shard solver(s) ...
distributed_pdlp: shard build done in 0.112 s
      0 +0.00000000e+00 +0.00000000e+00  0.00e+00   0.00e+00     1.00e+01   1.583s
   1000 -4.64753025e+02 -4.64750821e+02  2.20e-03   2.87e-05     4.07e-06   1.768s
   2000 -4.64753143e+02 -4.64753143e+02  2.16e-08   1.75e-08     2.80e-12   1.862s
   3000 -4.64753143e+02 -4.64753143e+02  1.76e-12   2.79e-13     6.49e-15   1.956s
   4000 -4.64753143e+02 -4.64753143e+02  1.31e-12   2.82e-12     4.94e-15   2.047s
   5000 -4.64753143e+02 -4.64753143e+02  5.12e-13   3.06e-12     1.32e-15   2.138s
   6000 -4.64753143e+02 -4.64753143e+02  6.25e-13   4.49e-12     3.18e-15   2.227s
   7000 -4.64753143e+02 -4.64753143e+02  5.12e-13   1.10e-11     7.03e-15   2.316s
   8000 -4.64753143e+02 -4.64753143e+02  7.96e-13   1.58e-12     2.77e-15   2.406s
   9000 -4.64753143e+02 -4.64753143e+02  1.82e-12   3.24e-12     4.02e-15   2.496s
  10000 -4.64753143e+02 -4.64753143e+02  5.23e-12   1.23e-11     1.03e-14   2.588s
  11000 -4.64753143e+02 -4.64753143e+02  1.27e-11   3.44e-11     2.54e-14   2.674s
  12000 -4.64753143e+02 -4.64753143e+02  1.36e-12   3.20e-11     3.21e-14   2.759s
  13000 -4.64753143e+02 -4.64753143e+02  1.48e-12   3.26e-12     2.78e-15   2.846s
  14000 -4.64753143e+02 -4.64753143e+02  1.99e-12   2.04e-12     4.40e-15   2.936s
  15000 -4.64753143e+02 -4.64753143e+02  5.12e-13   1.13e-12     4.87e-15   3.025s
  16000 -4.64753143e+02 -4.64753143e+02  3.92e-12   3.53e-12     9.38e-15   3.113s
  17000 -4.64753143e+02 -4.64753143e+02  2.67e-12   3.66e-12     8.18e-15   3.201s
  18000 -4.64753143e+02 -4.64753143e+02  9.32e-12   9.80e-12     2.18e-14   3.287s
  19000 -4.64753143e+02 -4.64753143e+02  1.23e-11   2.15e-11     2.59e-14   3.377s
  20000 -4.64753143e+02 -4.64753143e+02  1.06e-11   9.45e-12     1.61e-14   3.466s
PDLP finished
Status: Iteration Limit   Objective: -4.64753143e+02  Iterations: 20000  Time: 3.467s

### exit_code=0
### finished=2026-06-28T19:00:09.385312
### gpu_peak_mb=3736.4
### gpu_peak2_mb=3672.4
### per_gpu_peak_mb=[3736.375, 3672.375, 3672.375, 3672.375]
