### solver=cuopt-distributed
### instance=/home/scratch.vmostovoi_gpu/mostovoi_cuopt/datasets/linear_programming/afiro_original.mps
### n_gpus=1
### CUDA_VISIBLE_DEVICES=0
### started=2026-06-28T18:59:54.297372
### argv=/home/scratch.vmostovoi_gpu/mostovoi_cuopt/cpp/build/cuopt_cli --use-distributed-pdlp true --distributed-pdlp-partitioner kaminpar --mps-reader fast --method 1 --presolve 0 --iteration-limit 20000 --time-limit 1e9 --absolute-primal-tolerance 1e-30 --relative-primal-tolerance 1e-30 --absolute-dual-tolerance 1e-30 --relative-dual-tolerance 1e-30 --absolute-gap-tolerance 1e-30 --relative-gap-tolerance 1e-30 --log-to-console true /home/scratch.vmostovoi_gpu/mostovoi_cuopt/datasets/linear_programming/afiro_original.mps
### --- solver output ---
Setting parameter absolute_dual_tolerance to 1.000000e-30
Setting parameter absolute_gap_tolerance to 1.000000e-30
Setting parameter absolute_primal_tolerance to 1.000000e-30
Setting parameter distributed_pdlp_partitioner to kaminpar
Setting parameter iteration_limit to 20000
Setting parameter log_to_console to true
Setting parameter method to 1
Setting parameter presolve to 0
Setting parameter relative_dual_tolerance to 1.000000e-30
Setting parameter relative_gap_tolerance to 1.000000e-30
Setting parameter relative_primal_tolerance to 1.000000e-30
Setting parameter time_limit to 1.000000e+09
Setting parameter use_distributed_pdlp to true
Reading file afiro_original.mps
Using experimental fast MPS parser for '/home/scratch.vmostovoi_gpu/mostovoi_cuopt/datasets/linear_programming/afiro_original.mps'
Read file afiro_original.mps in 0.00 seconds
solve_lp_distributed_from_mps: distributed_pdlp_num_gpus == -1, auto-detected 1 visible CUDA device(s)
cuOpt version: 26.8.0, git hash: 5e62e9ba, host arch: x86_64, device archs: 100a-real
CPU: INTEL(R) XEON(R) PLATINUM 8570, threads (physical/logical): 112/224, RAM: 1946.94 GiB
CUDA 13.3, device: NVIDIA B200 (ID 0), VRAM: 178.34 GiB
CUDA device UUID: 80dfcbea-0346-6bb8-8c34-81210097de1f

Solving a problem with 27 constraints, 32 variables (0 integers), and 83 nonzeros (distributed mps-direct path)
Solving with distributed PDLP on 1 GPU (mps direct path)
Partitioning 27 constraints + 32 variables into 1 part(s) using the kaminpar partitioner
KaMinPar: nb_parts == 1, returning trivial single-block partition
distributed_pdlp: building rank_data for 1 parts ...
distributed_pdlp: rank_data build done in 0.039 s
distributed_pdlp: building 1 shard solver(s) ...
distributed_pdlp: shard build done in 0.077 s
      0 +0.00000000e+00 +0.00000000e+00  0.00e+00   0.00e+00     1.00e+01   0.769s
   1000 -4.64753025e+02 -4.64750821e+02  2.20e-03   2.87e-05     4.07e-06   0.835s
   2000 -4.64753143e+02 -4.64753143e+02  2.16e-08   1.74e-08     2.79e-12   0.867s
   3000 -4.64753143e+02 -4.64753143e+02  1.02e-12   6.87e-13     8.82e-15   0.899s
   4000 -4.64753143e+02 -4.64753143e+02  1.31e-12   4.21e-12     3.88e-15   0.930s
   5000 -4.64753143e+02 -4.64753143e+02  5.68e-14   2.11e-12     1.85e-15   0.962s
   6000 -4.64753143e+02 -4.64753143e+02  7.39e-13   3.08e-12     4.91e-15   0.992s
   7000 -4.64753143e+02 -4.64753143e+02  1.93e-12   2.63e-12     5.79e-15   1.023s
   8000 -4.64753143e+02 -4.64753143e+02  2.90e-12   1.48e-12     2.84e-15   1.054s
   9000 -4.64753143e+02 -4.64753143e+02  9.09e-13   4.67e-12     4.74e-15   1.085s
  10000 -4.64753143e+02 -4.64753143e+02  3.64e-12   3.77e-12     4.20e-15   1.115s
  11000 -4.64753143e+02 -4.64753143e+02  5.68e-13   1.28e-11     8.07e-15   1.145s
  12000 -4.64753143e+02 -4.64753143e+02  2.27e-12   1.39e-11     1.14e-14   1.175s
  13000 -4.64753143e+02 -4.64753143e+02  3.98e-13   2.61e-12     3.24e-15   1.206s
  14000 -4.64753143e+02 -4.64753143e+02  5.74e-12   1.69e-11     8.88e-15   1.236s
  15000 -4.64753143e+02 -4.64753143e+02  6.88e-12   1.29e-11     7.45e-15   1.266s
  16000 -4.64753143e+02 -4.64753143e+02  5.74e-12   8.19e-12     8.84e-15   1.300s
  17000 -4.64753143e+02 -4.64753143e+02  5.17e-12   1.55e-11     1.50e-14   1.330s
  18000 -4.64753143e+02 -4.64753143e+02  1.02e-11   9.32e-12     1.25e-14   1.360s
  19000 -4.64753143e+02 -4.64753143e+02  3.87e-12   1.75e-11     1.54e-14   1.390s
  20000 -4.64753143e+02 -4.64753143e+02  1.19e-12   2.38e-11     1.18e-14   1.420s
PDLP finished
Status: Iteration Limit   Objective: -4.64753143e+02  Iterations: 20000  Time: 1.421s

### exit_code=0
### finished=2026-06-28T18:59:57.197053
### gpu_peak_mb=2124.4
### gpu_peak2_mb=0.0
### per_gpu_peak_mb=[2124.375]
