### solver=cuopt-distributed
### instance=/home/scratch.vmostovoi_gpu/mostovoi_cuopt/datasets/linear_programming/afiro_original.mps
### n_gpus=2
### CUDA_VISIBLE_DEVICES=0,1
### started=2026-06-28T18:59:57.210942
### argv=/home/scratch.vmostovoi_gpu/mostovoi_cuopt/cpp/build/cuopt_cli --use-distributed-pdlp true --distributed-pdlp-partitioner kaminpar --mps-reader fast --method 1 --presolve 0 --iteration-limit 20000 --time-limit 1e9 --absolute-primal-tolerance 1e-30 --relative-primal-tolerance 1e-30 --absolute-dual-tolerance 1e-30 --relative-dual-tolerance 1e-30 --absolute-gap-tolerance 1e-30 --relative-gap-tolerance 1e-30 --log-to-console true /home/scratch.vmostovoi_gpu/mostovoi_cuopt/datasets/linear_programming/afiro_original.mps
### --- solver output ---
Setting parameter absolute_dual_tolerance to 1.000000e-30
Setting parameter absolute_gap_tolerance to 1.000000e-30
Setting parameter absolute_primal_tolerance to 1.000000e-30
Setting parameter distributed_pdlp_partitioner to kaminpar
Setting parameter iteration_limit to 20000
Setting parameter log_to_console to true
Setting parameter method to 1
Setting parameter presolve to 0
Setting parameter relative_dual_tolerance to 1.000000e-30
Setting parameter relative_gap_tolerance to 1.000000e-30
Setting parameter relative_primal_tolerance to 1.000000e-30
Setting parameter time_limit to 1.000000e+09
Setting parameter use_distributed_pdlp to true
Reading file afiro_original.mps
Using experimental fast MPS parser for '/home/scratch.vmostovoi_gpu/mostovoi_cuopt/datasets/linear_programming/afiro_original.mps'
Read file afiro_original.mps in 0.00 seconds
solve_lp_distributed_from_mps: distributed_pdlp_num_gpus == -1, auto-detected 2 visible CUDA device(s)
cuOpt version: 26.8.0, git hash: 5e62e9ba, host arch: x86_64, device archs: 100a-real
CPU: INTEL(R) XEON(R) PLATINUM 8570, threads (physical/logical): 112/224, RAM: 1946.84 GiB
CUDA 13.3, device: NVIDIA B200 (ID 0), VRAM: 178.34 GiB
CUDA device UUID: 80dfcbea-0346-6bb8-8c34-81210097de1f

Solving a problem with 27 constraints, 32 variables (0 integers), and 83 nonzeros (distributed mps-direct path)
Solving with distributed PDLP on 2 GPU (mps direct path)
Partitioning 27 constraints + 32 variables into 2 part(s) using the kaminpar partitioner
KaMinPar partitioned bipartite graph: nvtx=59 nnz=83 nb_parts=2 nthreads=224 edge_cut=9 in 0.025s
distributed_pdlp: building rank_data for 2 parts ...
distributed_pdlp: rank_data build done in 0.043 s
distributed_pdlp: building 2 shard solver(s) ...
distributed_pdlp: shard build done in 0.088 s
      0 +0.00000000e+00 +0.00000000e+00  0.00e+00   0.00e+00     1.00e+01   1.077s
   1000 -4.64753025e+02 -4.64750821e+02  2.20e-03   2.87e-05     4.07e-06   1.199s
   2000 -4.64753143e+02 -4.64753143e+02  2.16e-08   1.75e-08     2.79e-12   1.275s
   3000 -4.64753143e+02 -4.64753143e+02  1.71e-12   4.69e-13     4.84e-15   1.352s
   4000 -4.64753143e+02 -4.64753143e+02  3.41e-13   1.55e-11     9.61e-15   1.425s
   5000 -4.64753143e+02 -4.64753143e+02  2.33e-12   3.05e-12     3.96e-15   1.499s
   6000 -4.64753143e+02 -4.64753143e+02  0.00e+00   4.16e-12     1.89e-15   1.573s
   7000 -4.64753143e+02 -4.64753143e+02  8.24e-12   1.08e-11     7.38e-15   1.647s
   8000 -4.64753143e+02 -4.64753143e+02  2.61e-12   1.63e-11     7.59e-15   1.720s
   9000 -4.64753143e+02 -4.64753143e+02  2.61e-12   1.10e-11     7.91e-15   1.794s
  10000 -4.64753143e+02 -4.64753143e+02  4.43e-12   1.52e-11     1.10e-14   1.868s
  11000 -4.64753143e+02 -4.64753143e+02  5.46e-12   1.25e-11     1.12e-14   1.939s
  12000 -4.64753143e+02 -4.64753143e+02  1.88e-12   1.44e-11     1.76e-14   2.010s
  13000 -4.64753143e+02 -4.64753143e+02  6.76e-12   1.57e-11     1.22e-14   2.082s
  14000 -4.64753143e+02 -4.64753143e+02  1.14e-13   4.08e-12     4.10e-15   2.154s
  15000 -4.64753143e+02 -4.64753143e+02  2.44e-12   6.88e-12     6.08e-15   2.226s
  16000 -4.64753143e+02 -4.64753143e+02  1.42e-12   1.37e-11     1.07e-14   2.297s
  17000 -4.64753143e+02 -4.64753143e+02  4.83e-12   5.06e-12     9.52e-15   2.369s
  18000 -4.64753143e+02 -4.64753143e+02  1.18e-11   1.61e-11     9.10e-15   2.440s
  19000 -4.64753143e+02 -4.64753143e+02  4.49e-12   1.21e-11     1.19e-14   2.512s
  20000 -4.64753143e+02 -4.64753143e+02  1.22e-11   1.96e-11     1.43e-14   2.583s
PDLP finished
Status: Iteration Limit   Objective: -4.64753143e+02  Iterations: 20000  Time: 2.583s

### exit_code=0
### finished=2026-06-28T19:00:01.913339
### gpu_peak_mb=2968.4
### gpu_peak2_mb=2902.4
### per_gpu_peak_mb=[2968.375, 2902.375]
