### solver=cuopt-distributed
### instance=/home/scratch.vmostovoi_gpu/datasets/big_lp/google/heat-source-easy.mps
### n_gpus=8
### CUDA_VISIBLE_DEVICES=0,1,2,3,4,5,6,7
### started=2026-06-28T19:14:03.930630
### argv=/home/scratch.vmostovoi_gpu/mostovoi_cuopt/cpp/build/cuopt_cli --use-distributed-pdlp true --distributed-pdlp-partitioner kaminpar --mps-reader fast --method 1 --presolve 0 --iteration-limit 20000 --time-limit 1e9 --absolute-primal-tolerance 1e-30 --relative-primal-tolerance 1e-30 --absolute-dual-tolerance 1e-30 --relative-dual-tolerance 1e-30 --absolute-gap-tolerance 1e-30 --relative-gap-tolerance 1e-30 --log-to-console true /home/scratch.vmostovoi_gpu/datasets/big_lp/google/heat-source-easy.mps
### --- solver output ---
Setting parameter absolute_dual_tolerance to 1.000000e-30
Setting parameter absolute_gap_tolerance to 1.000000e-30
Setting parameter absolute_primal_tolerance to 1.000000e-30
Setting parameter distributed_pdlp_partitioner to kaminpar
Setting parameter iteration_limit to 20000
Setting parameter log_to_console to true
Setting parameter method to 1
Setting parameter presolve to 0
Setting parameter relative_dual_tolerance to 1.000000e-30
Setting parameter relative_gap_tolerance to 1.000000e-30
Setting parameter relative_primal_tolerance to 1.000000e-30
Setting parameter time_limit to 1.000000e+09
Setting parameter use_distributed_pdlp to true
Reading file heat-source-easy.mps
Using experimental fast MPS parser for '/home/scratch.vmostovoi_gpu/datasets/big_lp/google/heat-source-easy.mps'
Read file heat-source-easy.mps in 4.76 seconds
solve_lp_distributed_from_mps: distributed_pdlp_num_gpus == -1, auto-detected 8 visible CUDA device(s)
cuOpt version: 26.8.0, git hash: 5e62e9ba, host arch: x86_64, device archs: 100a-real
CPU: INTEL(R) XEON(R) PLATINUM 8570, threads (physical/logical): 112/224, RAM: 1938.69 GiB
CUDA 13.3, device: NVIDIA B200 (ID 0), VRAM: 178.34 GiB
CUDA device UUID: 80dfcbea-0346-6bb8-8c34-81210097de1f

Solving a problem with 15625000 constraints, 31628008 variables (0 integers), and 125000000 nonzeros (distributed mps-direct path)
Solving with distributed PDLP on 8 GPU (mps direct path)
Partitioning 15625000 constraints + 31628008 variables into 8 part(s) using the kaminpar partitioner
KaMinPar partitioned bipartite graph: nvtx=47253008 nnz=125000000 nb_parts=8 nthreads=224 edge_cut=679508 in 1.026s
distributed_pdlp: building rank_data for 8 parts ...
distributed_pdlp: rank_data build done in 1.383 s
distributed_pdlp: building 8 shard solver(s) ...
distributed_pdlp: shard build done in 1.902 s
      0 +0.00000000e+00 +0.00000000e+00  0.00e+00   0.00e+00     3.95e+03   15.252s
   1000 +8.63801076e+06 +3.07711361e+14  3.08e+14   1.82e+05     1.07e+12   15.808s
   2000 +1.89639261e+07 +5.39144835e+14  5.39e+14   1.11e+05     1.58e+12   16.255s
   3000 +3.24228978e+07 +5.53087803e+14  5.53e+14   7.70e+04     1.59e+12   16.697s
   4000 +4.82067479e+07 +4.27973885e+14  4.28e+14   1.10e+05     1.28e+12   17.143s
   5000 +6.61801486e+07 +2.60872359e+14  2.61e+14   1.76e+05     8.24e+11   17.588s
   6000 +7.03853200e+07 +7.15984955e+13  7.16e+13   1.74e+05     4.54e+11   18.037s
   7000 +7.74193494e+07 -8.95635337e+13  8.96e+13   1.47e+05     5.60e+11   18.486s
   8000 +8.43260210e+07 -1.47782262e+14  1.48e+14   8.98e+04     6.61e+11   18.939s
   9000 +8.53611564e+07 -1.14883988e+14  1.15e+14   4.92e+04     5.47e+11   19.388s
  10000 +8.67662136e+07 -8.40610066e+13  8.41e+13   5.02e+04     4.71e+11   19.841s
  11000 +8.49658570e+07 -3.41750516e+13  3.42e+13   6.00e+04     3.52e+11   20.295s
  12000 +8.10895387e+07 +1.20526850e+13  1.21e+13   5.46e+04     2.53e+11   20.754s
  13000 +7.56617516e+07 +3.28714465e+13  3.29e+13   3.80e+04     2.16e+11   21.213s
  14000 +6.92541786e+07 +2.85960674e+13  2.86e+13   2.28e+04     1.91e+11   21.676s
  15000 +6.71744822e+07 +2.57752754e+13  2.58e+13   2.13e+04     1.53e+11   22.124s
  16000 +6.64918787e+07 +2.81261542e+13  2.81e+13   2.08e+04     1.35e+11   22.564s
  17000 +6.51927369e+07 +2.82143203e+13  2.82e+13   1.95e+04     1.23e+11   23.004s
  18000 +6.35968924e+07 +2.36012498e+13  2.36e+13   1.91e+04     1.09e+11   23.445s
  19000 +6.27326142e+07 +1.73669440e+13  1.74e+13   2.00e+04     8.64e+10   23.885s
  20000 +6.26360863e+07 +1.29537454e+13  1.30e+13   2.06e+04     6.60e+10   24.324s
PDLP finished
Status: Iteration Limit   Objective: 6.26360863e+07  Iterations: 20000  Time: 25.074s

### exit_code=0
### finished=2026-06-28T19:14:46.807898
### gpu_peak_mb=10906.4
### gpu_peak2_mb=7610.4
### per_gpu_peak_mb=[10906.375, 7386.375, 7578.375, 7578.375, 7610.375, 7546.375, 7546.375, 7514.375]
