### solver=cuopt-distributed
### instance=/home/scratch.vmostovoi_gpu/datasets/big_lp/google/supply-chain.mps
### n_gpus=1
### CUDA_VISIBLE_DEVICES=0
### started=2026-06-28T19:20:57.663394
### argv=/home/scratch.vmostovoi_gpu/mostovoi_cuopt/cpp/build/cuopt_cli --use-distributed-pdlp true --distributed-pdlp-partitioner kaminpar --mps-reader fast --method 1 --presolve 0 --iteration-limit 20000 --time-limit 1e9 --absolute-primal-tolerance 1e-30 --relative-primal-tolerance 1e-30 --absolute-dual-tolerance 1e-30 --relative-dual-tolerance 1e-30 --absolute-gap-tolerance 1e-30 --relative-gap-tolerance 1e-30 --log-to-console true /home/scratch.vmostovoi_gpu/datasets/big_lp/google/supply-chain.mps
### --- solver output ---
Setting parameter absolute_dual_tolerance to 1.000000e-30
Setting parameter absolute_gap_tolerance to 1.000000e-30
Setting parameter absolute_primal_tolerance to 1.000000e-30
Setting parameter distributed_pdlp_partitioner to kaminpar
Setting parameter iteration_limit to 20000
Setting parameter log_to_console to true
Setting parameter method to 1
Setting parameter presolve to 0
Setting parameter relative_dual_tolerance to 1.000000e-30
Setting parameter relative_gap_tolerance to 1.000000e-30
Setting parameter relative_primal_tolerance to 1.000000e-30
Setting parameter time_limit to 1.000000e+09
Setting parameter use_distributed_pdlp to true
Reading file supply-chain.mps
Using experimental fast MPS parser for '/home/scratch.vmostovoi_gpu/datasets/big_lp/google/supply-chain.mps'
Read file supply-chain.mps in 46.53 seconds
solve_lp_distributed_from_mps: distributed_pdlp_num_gpus == -1, auto-detected 1 visible CUDA device(s)
cuOpt version: 26.8.0, git hash: 5e62e9ba, host arch: x86_64, device archs: 100a-real
CPU: INTEL(R) XEON(R) PLATINUM 8570, threads (physical/logical): 112/224, RAM: 1731.45 GiB
CUDA 13.3, device: NVIDIA B200 (ID 0), VRAM: 178.34 GiB
CUDA device UUID: 175ed1a2-b61e-ff45-7c74-66bbb6273f57

Solving a problem with 2210100 constraints, 201000100 variables (0 integers), and 403000100 nonzeros (distributed mps-direct path)
Solving with distributed PDLP on 1 GPU (mps direct path)
Partitioning 2210100 constraints + 201000100 variables into 1 part(s) using the kaminpar partitioner
KaMinPar: nb_parts == 1, returning trivial single-block partition
distributed_pdlp: building rank_data for 1 parts ...
distributed_pdlp: rank_data build done in 22.164 s
distributed_pdlp: building 1 shard solver(s) ...
distributed_pdlp: shard build done in 10.583 s
      0 +0.00000000e+00 +0.00000000e+00  0.00e+00   1.41e+03     1.42e+04   50.527s
   1000 +1.07073153e+08 +1.15001578e+08  7.93e+06   8.12e+03     1.45e+02   60.571s
   2000 +1.04902904e+08 +1.09895773e+08  4.99e+06   6.10e+03     4.56e+01   69.298s
   3000 +1.04387366e+08 +1.08534499e+08  4.15e+06   5.48e+03     1.74e+01   78.025s
   4000 +1.04378512e+08 +1.08122703e+08  3.74e+06   4.99e+03     8.32e+00   86.752s
   5000 +1.04467543e+08 +1.08027643e+08  3.56e+06   4.73e+03     5.25e+00   95.473s
   6000 +1.04624182e+08 +1.07960755e+08  3.34e+06   4.47e+03     3.39e+00   104.201s
   7000 +1.04820837e+08 +1.07968317e+08  3.15e+06   4.28e+03     2.69e+00   112.922s
   8000 +1.05051822e+08 +1.07977177e+08  2.93e+06   4.04e+03     2.20e+00   121.642s
   9000 +1.05283646e+08 +1.07989173e+08  2.71e+06   3.80e+03     1.92e+00   130.362s
  10000 +1.05570536e+08 +1.08011699e+08  2.44e+06   3.46e+03     2.03e+00   139.089s
  11000 +1.06010912e+08 +1.08038920e+08  2.03e+06   3.04e+03     2.15e+00   147.735s
  12000 +1.06407289e+08 +1.08050178e+08  1.64e+06   2.60e+03     2.04e+00   156.382s
  13000 +1.06698333e+08 +1.08053518e+08  1.36e+06   2.26e+03     1.83e+00   165.028s
  14000 +1.06903095e+08 +1.08056014e+08  1.15e+06   1.99e+03     1.68e+00   173.674s
  15000 +1.07072016e+08 +1.08059028e+08  9.87e+05   1.67e+03     1.83e+00   182.328s
  16000 +1.07333357e+08 +1.08068827e+08  7.35e+05   1.32e+03     2.20e+00   190.975s
  17000 +1.07550484e+08 +1.08071184e+08  5.21e+05   1.04e+03     2.11e+00   199.621s
  18000 +1.07689376e+08 +1.08069962e+08  3.81e+05   8.50e+02     1.89e+00   208.267s
  19000 +1.07774613e+08 +1.08068471e+08  2.94e+05   7.10e+02     1.66e+00   216.914s
  20000 +1.07828659e+08 +1.08067218e+08  2.39e+05   6.10e+02     1.50e+00   225.560s
PDLP finished
Status: Iteration Limit   Objective: 1.07828659e+08  Iterations: 20000  Time: 229.192s

### exit_code=0
### finished=2026-06-28T19:25:51.331252
### gpu_peak_mb=87148.4
### gpu_peak2_mb=0.0
### per_gpu_peak_mb=[87148.375]
