### solver=cuopt-base
### instance=/home/scratch.cmaes_sw/hans_lps/rail02.original.mps
### n_gpus=1
### CUDA_VISIBLE_DEVICES=0
### started=2026-07-31T15:38:49.742796
### argv=/home/scratch.vmostovoi_gpu/mostovoi_cuopt/cpp/build/cuopt_cli --method 1 --mps-reader experimental-fast --time-limit 3600 --iteration-limit 1000000000 --relative-primal-tolerance 1e-4 --relative-dual-tolerance 1e-4 --relative-gap-tolerance 1e-4 --log-to-console true /home/scratch.cmaes_sw/hans_lps/rail02.original.mps
### --- solver output ---
Setting parameter iteration_limit to 1000000000
Setting parameter log_to_console to true
Setting parameter method to 1
Setting parameter relative_dual_tolerance to 1.000000e-04
Setting parameter relative_gap_tolerance to 1.000000e-04
Setting parameter relative_primal_tolerance to 1.000000e-04
Setting parameter time_limit to 3.600000e+03
Reading file rail02.original.mps
Using experimental fast MPS parser for '/home/scratch.cmaes_sw/hans_lps/rail02.original.mps'
Read file rail02.original.mps in 0.46 seconds
cuOpt version: 26.8.0, git hash: 7116ead1, host arch: x86_64, device archs: 100a-real
CPU: INTEL(R) XEON(R) PLATINUM 8570, threads (physical/logical): 112/224, RAM: 1873.00 GiB
CUDA 13.3, device: NVIDIA B200 (ID 0), VRAM: 178.34 GiB
CUDA device UUID: c21815d8-6b00-1d34-4b8e-3c4cd6996afa
Solving a problem with 95791 constraints, 270869 variables (270869 integers), and 756228 nonzeros
Problem scaling:
Objective coefficents range:          [7e-07, 1e+01]
Constraint matrix coefficients range: [1e+00, 6e+01]
Constraint rhs / bounds range:        [1e+00, 1e+00]
Variable bounds range:                [0e+00, 1e+00]
Warning: input problem contains a large range of coefficients: consider reformulating to avoid numerical difficulties.

MIP row scaling completed

Running Papilo presolve (git hash 0cfea20c)
Presolve status: reduced the problem
Presolve removed: 46578 constraints, 85533 variables, 212627 nonzeros
Presolved problem: 49213 constraints, 185336 variables (185336 integer), 543601 nonzeros
Papilo presolve time: 60.67
Objective offset 0.000000 scaling_factor 1.000000
Model fingerprint: 0xda26fb0e

Running cuOpt presolve
Running probing cache with 27 tasks
Unused variables detected, eliminating them! Unused var count 53
After cuOpt presolve: 49213 constraints, 185283 variables, objective offset 0.000000.
cuOpt presolve time: 60.29

Running symmetry detection...
Graph construction time 0.031737
Automorphism group size 2.4*10^2, 0 dejavu generators (0 move variables)
Dejavu time 0.064846
Projected 0 generators onto 185283 binary variables (0 skipped non-binary), 0 stored
Total symmetry detection time 0.096956
No exploitable symmetry found (0 generators, 0 non-trivial orbits, max orbit size 0)

Probing implied bounds: 37254 zero entries, 36901124 one entries
Computing variable bounds...
543495 variable upper bounds in 0.02s
397089 variable lower bounds in 0.03s


Solving LP root relaxation in concurrent mode
Skipping column scaling
Dual Simplex Phase 1
Dual feasible solution found.
Dual Simplex Phase 2
 Iter     Objective           Num Inf.  Sum Inf.     Perturb  Time
    0 -6.2136962842222556e+03   15370 5.75630000e+04 0.00e+00 122.60
    1 -6.2103962372222559e+03   15094 5.57480000e+04 0.00e+00 122.60
 1000 -5.7140015645555859e+03    4489 4.75725000e+03 0.00e+00 122.63
 2000 -5.6981881222778065e+03    3113 5.41975000e+03 0.00e+00 122.66
 3000 -5.6854579505000302e+03    2205 4.74750000e+03 0.00e+00 122.68
 4000 -5.6660261577778147e+03    1723 2.59350000e+03 0.00e+00 122.70
 5000 -5.6007703590555921e+03    1480 3.06350000e+03 0.00e+00 122.75
 6000 -5.5976145116667012e+03    1209 1.86700000e+03 0.00e+00 122.78
 7000 -5.5952032003889299e+03    1140 1.87158333e+03 0.00e+00 122.84
 8000 -5.5941751529444828e+03    1097 1.60658333e+03 0.00e+00 122.89
 9000 -5.5923525797222701e+03    1036 1.65891667e+03 0.00e+00 122.93
10000 -5.5898606925556014e+03     967 1.29822222e+03 0.00e+00 122.97
11000 -5.5887161797778172e+03    1065 2.32600000e+03 0.00e+00 123.05
12000 -5.5875189783889255e+03     881 1.18225000e+03 0.00e+00 123.11
13000 -5.5872799201666976e+03     962 1.38300000e+03 0.00e+00 123.19
14000 -5.5870576442778101e+03     854 1.05625000e+03 0.00e+00 123.29
15000 -5.5868964738333589e+03     812 1.16000000e+03 0.00e+00 123.40
16000 -5.5868631968333584e+03     975 2.19550000e+03 0.00e+00 123.64
17000 -5.5866547803333515e+03     983 1.34000000e+03 0.00e+00 123.73
18000 -5.5864491284444630e+03     897 1.80700000e+03 0.00e+00 123.88
19000 -5.5859157671111316e+03     801 1.02300000e+03 0.00e+00 124.06
20000 -5.5858213716666842e+03    1032 1.76700000e+03 0.00e+00 124.27
21000 -5.5857768025555715e+03     864 1.41400000e+03 0.00e+00 124.38
22000 -5.5856601692222403e+03     645 7.53000000e+02 0.00e+00 124.49
23000 -5.5855711840000204e+03     724 9.16000000e+02 0.00e+00 124.66
24000 -5.5852323717777972e+03     741 1.15700000e+03 0.00e+00 124.79
25000 -5.5850601302222467e+03     720 1.15800000e+03 0.00e+00 125.00
26000 -5.5847879798333761e+03    1184 3.53800000e+03 0.00e+00 125.22
27000 -5.5847044018333718e+03     956 2.04700000e+03 0.00e+00 125.50
28000 -5.5846988082778244e+03     938 1.68600000e+03 0.00e+00 125.78
29000 -5.5846987949444911e+03     923 1.63200000e+03 0.00e+00 125.95
30000 -5.5846413828148643e+03     901 1.55100000e+03 0.00e+00 126.18
31000 -5.5845905447148743e+03    1590 7.00907000e+03 0.00e+00 126.74
32000 -5.5843926661509840e+03    1596 4.17450000e+03 0.00e+00 127.13
33000 -5.5841528155584019e+03    1852 3.05390000e+04 0.00e+00 127.50
34000 -5.5841346058732233e+03    1945 1.79344444e+04 0.00e+00 128.30
35000 -5.5837755766430582e+03    1947 2.69260000e+04 0.00e+00 128.77
36000 -5.5836721189393566e+03    1634 9.27050000e+03 0.00e+00 129.43
37000 -5.5835791726708685e+03    1830 6.86241667e+03 0.00e+00 130.21
38000 -5.5834921173289395e+03    2002 2.05911875e+04 0.00e+00 130.64
39000 -5.5833785239678118e+03    1895 9.92475000e+03 0.00e+00 130.92
40000 -5.5832654696869486e+03    2283 3.07210000e+04 0.00e+00 131.58
41000 -5.5830753106646698e+03    2795 1.26445278e+04 0.00e+00 132.07
42000 -5.5827975517202176e+03    2806 1.31359722e+04 0.00e+00 132.49
43000 -5.5827253951646608e+03    2772 1.76663056e+04 0.00e+00 133.30
44000 -5.5826045704785520e+03    2930 4.43831944e+04 0.00e+00 133.84
45000 -5.5824471148983093e+03    2455 3.81958281e+04 0.00e+00 134.46
46000 -5.5822483126881089e+03    2792 1.06952000e+05 0.00e+00 135.04
47000 -5.5820877614594956e+03    2270 2.37555556e+04 0.00e+00 135.70
48000 -5.5820723470520861e+03    2598 1.34021111e+04 0.00e+00 136.43
49000 -5.5818431292049245e+03    2885 1.29426075e+04 0.00e+00 137.09
50000 -5.5815861967054407e+03    3319 2.58773500e+05 0.00e+00 137.83
51000 -5.5813301167312184e+03    3528 8.50215599e+03 0.00e+00 138.55
52000 -5.5812488397430134e+03    4321 7.95602901e+04 0.00e+00 139.32
53000 -5.5808697824123265e+03    3677 1.37967383e+05 0.00e+00 139.99
54000 -5.5804301746254087e+03    3604 2.35617880e+04 0.00e+00 140.66
55000 -5.5800440356250192e+03    4474 2.08740436e+06 0.00e+00 141.49
56000 -5.5799248359833064e+03    4291 8.02259375e+04 0.00e+00 142.41
57000 -5.5792986430286901e+03    4844 3.66615998e+07 0.00e+00 143.22
58000 -5.5789971887913052e+03    5228 1.02227533e+05 0.00e+00 144.27
59000 -5.5774412354734322e+03    4023 8.74946750e+05 0.00e+00 145.19
60000 -5.5755127622333848e+03    3934 3.34085051e+04 0.00e+00 146.06
61000 -5.5747003198984112e+03    4666 5.31081725e+06 6.67e-08 147.21
62000 -5.5741808155247181e+03    4235 1.89554814e+04 0.00e+00 148.18
63000 -5.5731974080608115e+03    4565 1.14261127e+05 0.00e+00 149.08
64000 -5.5719342011943972e+03    5323 2.20464564e+05 0.00e+00 149.99
65000 -5.5712699297345534e+03    4835 1.60616236e+06 0.00e+00 150.82
66000 -5.5707244768477749e+03    4731 2.78670000e+05 0.00e+00 151.74
67000 -5.5706396232496363e+03    5751 1.40665053e+06 0.00e+00 152.81
68000 -5.5703986957031530e+03    6374 6.16975468e+06 0.00e+00 153.55
69000 -5.5700506604281445e+03    6725 3.47825704e+06 0.00e+00 154.35
70000 -5.5699816625910971e+03    5715 3.29538621e+06 0.00e+00 155.07
71000 -5.5698380383299645e+03    6374 3.31349208e+06 0.00e+00 156.28
72000 -5.5697913485040299e+03    6913 3.31351549e+06 0.00e+00 157.40
73000 -5.5697498661645795e+03    7178 3.32245693e+06 0.00e+00 158.25
74000 -5.5696207511143175e+03    6898 3.31414992e+06 0.00e+00 159.05
75000 -5.5695483985587634e+03    6029 3.31251204e+06 0.00e+00 159.93
76000 -5.5694445913976097e+03    7026 3.31937055e+06 0.00e+00 160.64
77000 -5.5692196804476216e+03    6863 3.31665269e+06 0.00e+00 162.04
78000 -5.5690834920031839e+03    6956 3.31837871e+06 0.00e+00 163.09
79000 -5.5685559956518828e+03    6333 4.37523078e+04 0.00e+00 164.01
80000 -5.5682621079502615e+03    7430 4.16637807e+05 0.00e+00 165.03
81000 -5.5679671809996107e+03    7650 2.97658257e+06 0.00e+00 166.15
82000 -5.5667320448653390e+03    6883 4.67120344e+04 0.00e+00 167.24
83000 -5.5664098853408959e+03    8259 3.51771211e+05 0.00e+00 168.70
84000 -5.5662593440257715e+03    8971 1.06276581e+06 0.00e+00 170.06
85000 -5.5661507179401688e+03    8459 1.85794373e+06 0.00e+00 171.27
86000 -5.5661222618882775e+03    8916 2.32019683e+07 0.00e+00 173.40
87000 -5.5661212911166813e+03    9109 2.26213588e+07 0.00e+00 175.59
88000 -5.5660342166740957e+03    9340 1.81977057e+06 0.00e+00 176.85
89000 -5.5659443317861942e+03    8861 2.75234338e+06 0.00e+00 178.15
90000 -5.5657988525522114e+03    8661 5.82845094e+05 0.00e+00 179.82
91000 -5.5654323871311672e+03    9100 6.49073028e+05 0.00e+00 180.87
92000 -5.5653558855825149e+03   10254 4.02625545e+06 0.00e+00 182.24
93000 -5.5652023971360741e+03    7734 3.86283319e+05 0.00e+00 183.65
94000 -5.5648831679738250e+03   10097 2.11986956e+06 0.00e+00 184.67
95000 -5.5647130628613750e+03    9635 1.15475783e+06 0.00e+00 185.86
96000 -5.5646682412018517e+03    9256 1.15533737e+06 0.00e+00 187.42
97000 -5.5645846808196557e+03    9420 1.54035681e+06 0.00e+00 188.95
98000 -5.5645499758270626e+03    9146 1.22009717e+06 0.00e+00 190.85
99000 -5.5641945617159608e+03    8988 1.19491628e+06 0.00e+00 192.19
100000 -5.5640062277604447e+03    9572 1.29092770e+06 0.00e+00 193.77
101000 -5.5638131460009336e+03    9930 2.71770646e+06 0.00e+00 195.35
102000 -5.5635850381783130e+03    9507 1.59514277e+06 0.00e+00 197.02
103000 -5.5635397595416634e+03    9388 6.84989800e+05 0.00e+00 199.07
104000 -5.5631424484457302e+03   10613 4.89411727e+05 0.00e+00 200.55
105000 -5.5630062193402955e+03   11051 2.85540713e+06 0.00e+00 201.89
106000 -5.5627295504867461e+03   11451 1.90093517e+06 0.00e+00 203.44
107000 -5.5624621446957435e+03   11710 8.22299489e+05 0.00e+00 204.62
108000 -5.5623212017042533e+03   11150 1.14363875e+07 0.00e+00 206.17
109000 -5.5620355596064437e+03   12809 1.55577160e+06 0.00e+00 207.74
110000 -5.5618169267413596e+03   10975 1.21731484e+05 0.00e+00 209.72
111000 -5.5616423372753143e+03   12465 9.27789894e+05 0.00e+00 211.80
112000 -5.5613005573134296e+03   14101 2.62738712e+06 0.00e+00 213.48
113000 -5.5611470602276513e+03   11929 2.19500094e+05 0.00e+00 215.06
114000 -5.5608317028273832e+03   13737 2.11600662e+08 0.00e+00 216.76
115000 -5.5599028561663945e+03   14523 3.10472468e+07 0.00e+00 218.55
116000 -5.5595784869529998e+03   13745 6.23661566e+07 0.00e+00 220.46
117000 -5.5591103547370685e+03   12028 7.96386335e+06 0.00e+00 222.23
New solution from primal heuristics. Objective -1.425555e+02. Gap 3799.6%. Time 223.03
118000 -5.5589613147096043e+03   11852 2.10346887e+06 0.00e+00 223.87
New solution from primal heuristics. Objective -1.710499e+02. Gap 3149.9%. Time 225.10
119000 -5.5588362467899351e+03   12575 1.14873668e+06 0.00e+00 225.23
New solution from primal heuristics. Objective -1.742833e+02. Gap 3089.5%. Time 225.53
120000 -5.5586815014142121e+03   12537 4.64541499e+07 0.00e+00 226.90
121000 -5.5582289348552149e+03   12632 3.95569126e+08 0.00e+00 228.51
New solution from primal heuristics. Objective -1.775832e+02. Gap 3029.9%. Time 229.30
122000 -5.5581873050776585e+03   12596 4.56586329e+08 0.00e+00 231.68
123000 -5.5579442289581912e+03   12759 5.40267885e+05 0.00e+00 233.08
124000 -5.5576941491260604e+03   12630 1.28149098e+07 0.00e+00 234.77
125000 -5.5573601714673705e+03   14184 9.94446675e+05 0.00e+00 236.42
126000 -5.5570322134087173e+03   14028 7.21343641e+05 0.00e+00 237.96
127000 -5.5565444640552296e+03   14291 8.31478068e+05 0.00e+00 239.50
128000 -5.5561315306533907e+03   13843 5.84716184e+06 0.00e+00 240.91
129000 -5.5557661272381747e+03   14052 3.27078067e+06 0.00e+00 242.30
130000 -5.5555580014692287e+03   13429 1.11566004e+06 0.00e+00 243.74
131000 -5.5552289284996459e+03   13921 4.87999251e+06 0.00e+00 245.52
132000 -5.5550950318359701e+03   14321 3.30339650e+08 0.00e+00 247.67
133000 -5.5549784935365878e+03   14124 2.18984866e+06 0.00e+00 249.41
134000 -5.5549677356337979e+03   14242 1.30814441e+07 0.00e+00 251.84
135000 -5.5549218986665619e+03   14582 8.32891424e+06 4.44e-08 254.04
136000 -5.5548134481910356e+03   12601 5.37046053e+05 0.00e+00 256.42
137000 -5.5545601834687168e+03   14999 5.42997230e+06 0.00e+00 258.44
138000 -5.5541926533121396e+03   12092 2.79959303e+06 0.00e+00 259.87
139000 -5.5539324211965477e+03   12929 1.34677022e+06 0.00e+00 261.84
New solution from primal heuristics. Objective -1.802888e+02. Gap 2980.6%. Time 262.04
140000 -5.5537476296102377e+03   15149 5.45268063e+07 0.00e+00 263.81
141000 -5.5530113641713197e+03   14739 7.24966583e+07 0.00e+00 265.78
New solution from primal heuristics. Objective -1.842888e+02. Gap 2913.2%. Time 267.23
New solution from primal heuristics. Objective -1.874777e+02. Gap 2862.0%. Time 267.67
142000 -5.5528292325967359e+03   14550 4.39691596e+06 0.00e+00 268.12
143000 -5.5524792202401659e+03   15951 1.50458592e+08 0.00e+00 270.09
144000 -5.5520396554484469e+03   15202 1.49497473e+08 0.00e+00 271.87
145000 -5.5516990827364853e+03   14892 5.42331905e+06 0.00e+00 274.07
146000 -5.5514663198116959e+03   14019 1.21284351e+06 0.00e+00 276.16
147000 -5.5513373702624349e+03   14035 9.53792306e+05 0.00e+00 278.12
148000 -5.5510627088074671e+03   15560 2.58908669e+06 0.00e+00 280.91
149000 -5.5505984980683897e+03   15474 9.32049438e+07 0.00e+00 283.24
150000 -5.5496457077712284e+03   15787 2.22114672e+07 0.00e+00 285.13
151000 -5.5493148950235636e+03   14383 6.33632795e+05 0.00e+00 286.76
152000 -5.5491435725084848e+03   15475 9.02988955e+06 0.00e+00 288.75
153000 -5.5490117976308238e+03   13541 8.73342109e+05 0.00e+00 291.17
154000 -5.5486787619310835e+03   14794 1.30417252e+07 0.00e+00 293.16
155000 -5.5483582952834940e+03   15063 4.33542490e+06 0.00e+00 294.92
156000 -5.5481156756066785e+03   15529 1.38398070e+08 0.00e+00 296.79
157000 -5.5478247506543612e+03   14500 4.36703391e+07 0.00e+00 298.79
158000 -5.5474231891014142e+03   13487 2.37089993e+06 0.00e+00 300.43
159000 -5.5473220438468006e+03   13262 1.38722765e+06 0.00e+00 302.82
160000 -5.5470585840132817e+03   13781 1.75543271e+06 9.05e-07 304.72
161000 -5.5463984859931297e+03   13800 5.32288787e+06 0.00e+00 306.52
162000 -5.5458797386123852e+03   13763 2.15931715e+06 0.00e+00 308.61
163000 -5.5446628833124560e+03   14501 7.18607078e+06 0.00e+00 310.86
164000 -5.5437655777307082e+03   13027 8.46264168e+06 0.00e+00 312.41
165000 -5.5433258225850532e+03   13760 1.81367590e+07 0.00e+00 314.22
166000 -5.5431457373648673e+03   13677 3.46709614e+06 0.00e+00 316.62
167000 -5.5428153478189006e+03   14080 8.50438504e+07 0.00e+00 318.92
168000 -5.5422707416628791e+03   13619 1.50700930e+06 0.00e+00 320.97
169000 -5.5419579891120939e+03   11968 1.24405390e+06 0.00e+00 322.66
170000 -5.5417065365278340e+03   14662 8.23596551e+06 0.00e+00 324.70
171000 -5.5414718763632854e+03   14484 3.27294326e+06 0.00e+00 326.53
172000 -5.5412774647518463e+03   13817 9.56183082e+06 0.00e+00 328.53
173000 -5.5408012691082258e+03   12984 3.96510402e+06 0.00e+00 330.33
174000 -5.5406678534554176e+03   11800 2.91279700e+06 0.00e+00 332.05
175000 -5.5405203006805950e+03   13424 3.31912162e+06 0.00e+00 333.92
176000 -5.5404781428029819e+03   12567 2.68334129e+06 0.00e+00 336.41
177000 -5.5402395605906768e+03   12745 2.57469175e+06 0.00e+00 338.47
178000 -5.5401736140351350e+03   14069 2.20419389e+07 0.00e+00 341.06
179000 -5.5400335847161368e+03   13112 1.06185946e+07 0.00e+00 343.77
180000 -5.5399916051305745e+03   14381 1.86175632e+07 0.00e+00 346.60
181000 -5.5399092187647475e+03   14615 1.07623699e+07 0.00e+00 349.64
182000 -5.5397713171887572e+03   13777 4.81008681e+06 0.00e+00 351.80
183000 -5.5396465330453739e+03   14239 9.14140676e+06 0.00e+00 353.74
184000 -5.5396151923570842e+03   14327 2.39874104e+07 0.00e+00 355.90
185000 -5.5392450952167919e+03   15624 1.98676292e+07 0.00e+00 358.77
186000 -5.5389821899582194e+03   14215 1.22103704e+08 0.00e+00 361.07
187000 -5.5389080229089750e+03   14425 2.57439384e+08 0.00e+00 363.86
188000 -5.5387862285910351e+03   15630 4.69000723e+08 0.00e+00 366.54
189000 -5.5384796631368981e+03   14337 6.14173886e+06 0.00e+00 368.67
190000 -5.5380346679272170e+03   15009 1.35137047e+08 0.00e+00 370.31
191000 -5.5373922262413962e+03   14224 5.18842622e+06 0.00e+00 372.83
192000 -5.5372853047484396e+03   12399 4.14109128e+06 0.00e+00 375.45
193000 -5.5371733346907813e+03   15154 4.05786072e+07 0.00e+00 377.84
194000 -5.5370440210592433e+03   12914 4.14580650e+06 0.00e+00 380.08
195000 -5.5368622560617614e+03   14210 1.23102301e+06 2.30e-06 382.57
196000 -5.5365677090170957e+03   14858 3.00380405e+06 0.00e+00 385.46
197000 -5.5361898420959633e+03   15552 1.16354800e+06 0.00e+00 388.42
198000 -5.5358024709166721e+03   14710 7.30968928e+06 0.00e+00 390.73
199000 -5.5356782527745372e+03   11495 4.22889980e+05 0.00e+00 393.50
200000 -5.5355172737705425e+03   11826 2.82269094e+05 0.00e+00 396.02
201000 -5.5352013589789431e+03   14612 3.83565858e+06 0.00e+00 398.01
202000 -5.5351499617351510e+03   14368 1.90122190e+06 0.00e+00 401.28
203000 -5.5350810370745139e+03   13465 5.09968878e+06 0.00e+00 404.01
204000 -5.5350070206619594e+03   12928 9.00099951e+06 0.00e+00 406.75
205000 -5.5348455477247126e+03   11966 7.11356425e+06 0.00e+00 408.43
206000 -5.5346240139210213e+03   15865 4.07456180e+08 0.00e+00 410.10
207000 -5.5342305531474249e+03   14002 2.81375636e+07 0.00e+00 411.72
208000 -5.5340067540268728e+03   15972 8.03269055e+06 0.00e+00 413.55
209000 -5.5337082461319551e+03   16268 2.48508551e+08 0.00e+00 415.62
210000 -5.5334587700326847e+03   13465 7.08771887e+05 0.00e+00 417.83
211000 -5.5333872743602587e+03   16269 7.41297968e+06 0.00e+00 420.09
212000 -5.5332369256798984e+03   15257 2.19204483e+07 0.00e+00 422.11
213000 -5.5331265494788959e+03   16627 5.39097104e+07 0.00e+00 424.36
214000 -5.5329739160556401e+03   16377 9.31109187e+07 0.00e+00 426.95
215000 -5.5326498863584293e+03   16544 3.35806371e+08 0.00e+00 428.89
216000 -5.5323385285022914e+03   16200 1.45107463e+08 0.00e+00 431.04
217000 -5.5321124118506514e+03   16069 9.30171185e+06 0.00e+00 433.08
218000 -5.5319731570151525e+03   14960 7.22422243e+05 0.00e+00 435.25
219000 -5.5317938472982578e+03   14731 3.56281719e+06 0.00e+00 437.33
220000 -5.5314829140816491e+03   16807 3.71363032e+06 0.00e+00 439.83
221000 -5.5313264007346925e+03   15741 1.63943394e+07 0.00e+00 442.20
222000 -5.5312817602767509e+03   15513 6.59048002e+05 0.00e+00 445.39
223000 -5.5311171295922013e+03   17277 7.21919490e+06 0.00e+00 448.54
224000 -5.5310210712605713e+03   17054 3.31385686e+06 0.00e+00 451.83
225000 -5.5309269200218778e+03   16654 1.39909358e+06 0.00e+00 454.71
226000 -5.5308156789484183e+03   18527 5.96941691e+07 0.00e+00 457.79
227000 -5.5306426983549818e+03   16148 5.70963068e+05 0.00e+00 460.93
228000 -5.5304769734386909e+03   16199 2.10753602e+06 0.00e+00 464.11
229000 -5.5302974400073535e+03   16795 2.44073983e+06 2.10e-06 467.27
230000 -5.5302092168768031e+03   17332 1.07489385e+07 0.00e+00 470.51
231000 -5.5300293708201598e+03   17012 4.03318666e+08 0.00e+00 473.45
232000 -5.5298993010141803e+03   17615 8.72316218e+09 0.00e+00 476.07
233000 -5.5298289338347195e+03   18179 5.87480409e+09 0.00e+00 479.70
234000 -5.5297222354963187e+03   16183 1.85129795e+07 0.00e+00 481.99
235000 -5.5296071979189992e+03   16575 1.76041734e+07 0.00e+00 484.75
236000 -5.5293936932768547e+03   16588 5.09804779e+07 0.00e+00 487.06
237000 -5.5291918041559720e+03   16185 2.65986982e+07 0.00e+00 489.48
238000 -5.5289866237102169e+03   16442 2.29504518e+07 0.00e+00 492.26
239000 -5.5286167947805288e+03   16967 6.61800648e+08 0.00e+00 494.77
240000 -5.5285177206177859e+03   17083 6.47119109e+08 0.00e+00 497.52
241000 -5.5280792331191533e+03   18617 5.94488011e+08 0.00e+00 499.74
242000 -5.5277899370819196e+03   17334 1.39298319e+08 0.00e+00 502.43
243000 -5.5274973153012224e+03   18112 3.88845156e+09 0.00e+00 505.25
244000 -5.5269105902251204e+03   17904 1.23960894e+10 1.00e-07 507.58
245000 -5.5267115431021894e+03   18543 2.30222759e+09 0.00e+00 510.86
246000 -5.5263982185254436e+03   18313 1.19595049e+08 1.00e-07 513.18
247000 -5.5261675158621483e+03   16333 4.42174043e+07 0.00e+00 515.35
248000 -5.5260674506199366e+03   14879 7.51417447e+07 0.00e+00 517.66
249000 -5.5259987991805083e+03   16675 4.94958137e+07 0.00e+00 519.99
250000 -5.5259494205004703e+03   17462 2.06836805e+09 0.00e+00 523.24
251000 -5.5258329090727366e+03   16580 9.40322539e+07 0.00e+00 526.35
252000 -5.5256167986648306e+03   15492 1.22395518e+08 0.00e+00 528.94
253000 -5.5251487302703581e+03   17316 1.70774644e+08 0.00e+00 531.14
254000 -5.5248765705692367e+03   16162 2.64678832e+07 0.00e+00 533.51
255000 -5.5243899104196835e+03   18362 3.67948628e+08 0.00e+00 535.64
256000 -5.5241864049484393e+03   18262 2.56766801e+08 0.00e+00 537.59
257000 -5.5240543188539486e+03   18325 7.97677767e+07 0.00e+00 540.19
258000 -5.5237484554774201e+03   19177 9.31488792e+07 0.00e+00 542.69
259000 -5.5237153190460649e+03   18264 1.43295463e+07 0.00e+00 546.13
260000 -5.5234750957919468e+03   18475 5.43439147e+09 0.00e+00 549.90
261000 -5.5233285480718869e+03   17662 4.95667934e+08 0.00e+00 551.78
262000 -5.5231613368614426e+03   17276 7.53930760e+06 0.00e+00 554.24
263000 -5.5225752257713211e+03   17673 1.91028006e+07 0.00e+00 557.02
264000 -5.5221160374304864e+03   18614 2.90344585e+10 0.00e+00 559.27
265000 -5.5220206507844659e+03   18027 2.40337744e+07 0.00e+00 562.44
266000 -5.5218287827829581e+03   16961 1.91030653e+07 0.00e+00 565.20
267000 -5.5216570262799178e+03   18366 1.64028198e+08 0.00e+00 568.09
268000 -5.5216196132534897e+03   17601 1.15062807e+07 0.00e+00 571.67
269000 -5.5213944337584471e+03   18493 5.72814730e+08 0.00e+00 574.65
270000 -5.5204032522230991e+03   19078 2.63646469e+09 0.00e+00 577.37
271000 -5.5202596611078961e+03   17716 3.80526487e+06 0.00e+00 580.53
272000 -5.5200755880482284e+03   18070 6.59091010e+06 0.00e+00 583.88
273000 -5.5198653011518563e+03   17085 1.90489480e+07 0.00e+00 586.70
274000 -5.5197299477638553e+03   17641 1.18282373e+09 0.00e+00 589.29
275000 -5.5195341753974935e+03   19143 3.14392251e+08 0.00e+00 592.61
276000 -5.5193013608857864e+03   19011 3.60430264e+08 0.00e+00 595.66
277000 -5.5191950858032196e+03   17260 5.90260044e+06 0.00e+00 598.93
278000 -5.5189144934402939e+03   15885 1.71217989e+07 0.00e+00 601.93
279000 -5.5188073674628531e+03   16512 1.88221356e+07 0.00e+00 604.37
280000 -5.5185149379254935e+03   16523 1.22939419e+07 0.00e+00 607.92
281000 -5.5182797628686585e+03   17670 9.37065656e+06 0.00e+00 611.27
282000 -5.5181062574015423e+03   18071 6.59268495e+07 0.00e+00 614.40
283000 -5.5179877378264637e+03   17579 1.44099770e+07 0.00e+00 617.56
284000 -5.5176904665808961e+03   17955 3.97610218e+07 0.00e+00 620.42
285000 -5.5173737058140350e+03   17538 1.06472020e+10 0.00e+00 623.00
286000 -5.5170888507289537e+03   18148 6.26012841e+09 0.00e+00 625.47
287000 -5.5164690824380868e+03   18391 2.48313781e+08 0.00e+00 627.91
288000 -5.5161068540121641e+03   17624 4.44274759e+06 0.00e+00 630.56
289000 -5.5159424309729984e+03   18066 3.65892971e+08 0.00e+00 633.52
290000 -5.5156203792827610e+03   18897 1.10570089e+07 0.00e+00 636.58
291000 -5.5154325489946214e+03   18089 3.17816980e+07 0.00e+00 639.96
292000 -5.5151249152297532e+03   18515 6.52303991e+08 0.00e+00 642.36
293000 -5.5150293867423861e+03   15209 2.53134593e+06 0.00e+00 645.23
294000 -5.5149124507223132e+03   15898 2.09707253e+07 0.00e+00 648.77
295000 -5.5147465484142322e+03   19143 1.31021845e+08 0.00e+00 651.87
296000 -5.5145497302471585e+03   17896 2.14401303e+06 0.00e+00 655.34
297000 -5.5143560550277234e+03   18777 3.28809263e+06 0.00e+00 658.67
298000 -5.5140700269402951e+03   18239 6.94954357e+06 0.00e+00 662.37
299000 -5.5139898165565100e+03   17998 3.87751838e+07 0.00e+00 665.63
300000 -5.5132230974744070e+03   17100 1.95924233e+06 0.00e+00 668.31
301000 -5.5125553270137661e+03   18636 2.09572190e+07 0.00e+00 671.33
302000 -5.5117262389316902e+03   17798 3.58724067e+07 0.00e+00 674.42
303000 -5.5115026147846138e+03   18536 5.03704475e+08 0.00e+00 677.68
304000 -5.5112161392748658e+03   18664 3.94465275e+08 0.00e+00 680.58
305000 -5.5110734281744544e+03   15958 9.30965660e+07 0.00e+00 684.10
306000 -5.5109907083579756e+03   18150 2.74226296e+09 0.00e+00 686.73
307000 -5.5106797980242291e+03   17369 1.40101525e+07 0.00e+00 689.48
308000 -5.5106224137615272e+03   17579 5.01315761e+08 0.00e+00 692.91
309000 -5.5104464763391961e+03   16331 1.42404843e+07 0.00e+00 695.54
310000 -5.5102298565754272e+03   16496 9.57704562e+07 0.00e+00 698.38
311000 -5.5100104502111599e+03   15821 1.73686981e+08 0.00e+00 701.22
312000 -5.5095376948778585e+03   16479 9.57443248e+06 0.00e+00 704.01
313000 -5.5091003707937371e+03   17374 6.71966345e+07 0.00e+00 706.54
314000 -5.5086437032295880e+03   18053 1.06848796e+08 0.00e+00 709.13
315000 -5.5084039499518731e+03   18244 2.89663673e+07 2.67e-07 713.17
316000 -5.5084039277877655e+03   18133 2.75506179e+07 0.00e+00 717.73
317000 -5.5084013876305453e+03   18166 3.56945534e+07 0.00e+00 722.37
318000 -5.5079419095145277e+03   18385 5.52787446e+08 0.00e+00 725.39
319000 -5.5071002586185477e+03   17552 2.13566834e+08 0.00e+00 728.25
320000 -5.5070453668140917e+03   17879 5.96699650e+08 0.00e+00 732.99
321000 -5.5063766578793948e+03   17627 4.39765632e+07 0.00e+00 736.65
322000 -5.5059421502372861e+03   17943 1.44288666e+07 0.00e+00 739.96
323000 -5.5056584194985944e+03   18529 8.85518646e+07 0.00e+00 743.53
324000 -5.5024324389094390e+03   16982 8.32695444e+05 0.00e+00 747.84
325000 -5.5024324816454773e+03   17132 3.70839403e+05 0.00e+00 752.60
326000 -5.5024324492461483e+03   17218 5.07374677e+05 0.00e+00 756.88
327000 -5.5024265998859546e+03   17361 7.08509702e+05 0.00e+00 760.82
328000 -5.5020265758955866e+03   16334 6.55722900e+05 0.00e+00 763.92
329000 -5.5017063030570835e+03   16660 2.07091595e+06 0.00e+00 766.78
330000 -5.5016233231656452e+03   17010 2.31738522e+06 0.00e+00 770.09
331000 -5.5008257716715234e+03   17167 7.84176154e+07 0.00e+00 772.63
332000 -5.5005260300326427e+03   15916 3.45676705e+07 0.00e+00 775.98
333000 -5.5002454907314350e+03   14667 6.65810850e+05 0.00e+00 779.40
334000 -5.4997721447799740e+03   16207 1.89464858e+06 0.00e+00 782.43
335000 -5.4985933407044886e+03   17828 3.59111883e+07 1.00e-07 785.29
336000 -5.4985127343607664e+03   17768 3.41955593e+06 0.00e+00 788.93
337000 -5.4982206684197745e+03   15842 1.43247106e+06 0.00e+00 792.96
338000 -5.4981202851242770e+03   15708 2.91051124e+06 0.00e+00 796.64
339000 -5.4979766494636942e+03   16472 3.84184193e+06 0.00e+00 800.00
340000 -5.4978503012252622e+03   16095 3.72072556e+06 0.00e+00 803.37
341000 -5.4975031510192048e+03   17263 1.50025797e+07 0.00e+00 806.38
342000 -5.4973219592351552e+03   17325 1.03428251e+07 0.00e+00 809.86
343000 -5.4969450469905059e+03   16534 4.20750897e+06 0.00e+00 812.11
344000 -5.4966378561068495e+03   15815 6.88768689e+06 0.00e+00 815.17
345000 -5.4963740770219165e+03   15280 8.99136871e+05 0.00e+00 818.71
346000 -5.4962405787364969e+03   13254 3.13439182e+05 0.00e+00 823.00
347000 -5.4961816582482552e+03   16044 3.26066713e+06 0.00e+00 827.11
348000 -5.4953438491488259e+03   16229 4.79622275e+06 0.00e+00 830.37
349000 -5.4953118560254579e+03   16116 1.14169607e+06 0.00e+00 835.57
350000 -5.4951769844232058e+03   17275 8.37649378e+06 0.00e+00 839.88
351000 -5.4951130682322455e+03   17875 1.70514338e+07 0.00e+00 844.11
352000 -5.4946584731142702e+03   18182 1.11560840e+08 0.00e+00 847.42
353000 -5.4942460840105432e+03   18392 5.93382104e+07 0.00e+00 850.64
354000 -5.4938840391345966e+03   13415 1.95096566e+06 0.00e+00 853.69
355000 -5.4935686230318261e+03   16210 6.21052310e+06 0.00e+00 856.41
356000 -5.4932127589268830e+03   15081 7.92159906e+05 0.00e+00 859.02
357000 -5.4930425160191899e+03   14620 5.00098840e+05 0.00e+00 862.77
358000 -5.4926636316837757e+03   18350 5.40585059e+08 0.00e+00 866.09
359000 -5.4924620896242095e+03   15365 3.86169254e+05 0.00e+00 870.11
360000 -5.4922758232645847e+03   16602 3.55781869e+06 0.00e+00 873.60
361000 -5.4918728870422501e+03   16416 2.72072791e+06 0.00e+00 876.96
362000 -5.4917271574683218e+03   17042 5.47364597e+06 0.00e+00 881.50
363000 -5.4915460181232447e+03   16578 3.35952689e+07 0.00e+00 884.18
364000 -5.4913461099702990e+03   13696 8.17269094e+05 0.00e+00 887.44
365000 -5.4912081837962469e+03   14187 7.57287135e+05 0.00e+00 891.42
366000 -5.4907677279599875e+03   13293 6.37993188e+05 0.00e+00 894.62
367000 -5.4905413945126875e+03   17631 7.65832412e+07 0.00e+00 898.69
368000 -5.4902468864139346e+03   16747 2.59626861e+06 0.00e+00 902.69
369000 -5.4899990366379079e+03   17266 9.09524392e+07 0.00e+00 906.05
370000 -5.4897418012383014e+03   17524 1.90986719e+08 0.00e+00 909.90
371000 -5.4896247146197356e+03   14845 1.28173263e+06 0.00e+00 913.53
372000 -5.4895436827112508e+03   15395 5.58952719e+05 0.00e+00 917.37
373000 -5.4893980242386870e+03   17020 9.56556051e+06 0.00e+00 920.93
374000 -5.4892681055208395e+03   13764 7.02430480e+06 0.00e+00 924.27
375000 -5.4890747966159479e+03   13334 7.71218770e+06 0.00e+00 927.58
376000 -5.4889886260626490e+03   13917 8.68507149e+06 0.00e+00 931.53
377000 -5.4887326277506363e+03   15262 2.56984833e+07 0.00e+00 934.62
378000 -5.4884602591045686e+03   11603 5.33594380e+06 0.00e+00 937.53
379000 -5.4881619138715851e+03   16175 2.15173182e+06 0.00e+00 941.38
380000 -5.4880466219242262e+03   17408 1.01877819e+08 7.82e-09 945.51
381000 -5.4878187887805188e+03   18891 1.91997101e+09 0.00e+00 949.60
382000 -5.4877192832008932e+03   18061 1.10350985e+08 0.00e+00 954.10
383000 -5.4866797339349414e+03   17507 9.70075028e+06 0.00e+00 957.99
384000 -5.4864701030272645e+03   18454 4.06899901e+07 0.00e+00 961.35
385000 -5.4863691398606825e+03   18955 1.43112981e+07 0.00e+00 965.35
386000 -5.4862957268972968e+03   18779 1.13678218e+07 0.00e+00 968.93
387000 -5.4861836172195972e+03   17836 2.62090115e+06 0.00e+00 972.18
388000 -5.4858188967885026e+03   19654 1.16651852e+07 0.00e+00 975.63
389000 -5.4856726466340115e+03   19515 9.69682074e+07 0.00e+00 979.35
390000 -5.4855531963923213e+03   16519 1.87926113e+06 0.00e+00 983.00
391000 -5.4854035435453088e+03   18111 5.53909885e+06 0.00e+00 987.04
392000 -5.4852717424883749e+03   18061 1.67499066e+06 0.00e+00 990.60
393000 -5.4850719181219429e+03   17427 4.00075687e+06 0.00e+00 994.26
394000 -5.4849413702787251e+03   16665 4.86035539e+06 0.00e+00 997.96
395000 -5.4848503470011274e+03   18575 7.84213173e+06 0.00e+00 1001.77
396000 -5.4846151536478383e+03   15504 7.10161702e+05 0.00e+00 1005.09
397000 -5.4844923542012548e+03   15380 1.77010870e+06 0.00e+00 1009.20
398000 -5.4844053182644357e+03   14510 3.67741995e+05 0.00e+00 1012.22
399000 -5.4840983682006690e+03   16908 6.48182820e+05 0.00e+00 1015.91
400000 -5.4840533851678483e+03   17427 1.87188622e+06 0.00e+00 1020.59
401000 -5.4839678612049584e+03   19474 1.49304869e+08 0.00e+00 1024.47
402000 -5.4838030396342874e+03   17872 6.05093033e+06 0.00e+00 1028.26
403000 -5.4835856720115898e+03   17284 1.30509575e+06 0.00e+00 1032.46
404000 -5.4830032406783312e+03   16711 6.21982061e+05 0.00e+00 1035.93
405000 -5.4827633280860127e+03   17740 1.71621203e+06 0.00e+00 1039.26
406000 -5.4822928190228131e+03   15977 6.64068229e+05 0.00e+00 1042.98
407000 -5.4821920472394686e+03   18037 5.78818849e+06 0.00e+00 1046.38
408000 -5.4820668565943179e+03   17887 3.16650458e+06 0.00e+00 1049.80
409000 -5.4819689534382314e+03   17886 7.69212483e+06 0.00e+00 1053.93
410000 -5.4819047433092537e+03   15170 5.16416308e+05 0.00e+00 1058.30
411000 -5.4817783493523521e+03   13034 8.17995851e+04 0.00e+00 1061.54
412000 -5.4816227152338615e+03   16279 1.28010081e+06 0.00e+00 1065.18
413000 -5.4815302294519579e+03   14151 8.43813011e+05 0.00e+00 1068.52
414000 -5.4814366837877906e+03   17015 4.54278613e+05 0.00e+00 1072.66
415000 -5.4814047478124257e+03   18590 2.46610933e+06 0.00e+00 1076.93
416000 -5.4813370205955953e+03   17560 2.60956368e+06 0.00e+00 1081.35
417000 -5.4811688730007781e+03   18096 7.83073546e+06 0.00e+00 1085.85
418000 -5.4810606197108655e+03   18096 3.90477468e+06 0.00e+00 1090.20
419000 -5.4809791666022502e+03   19494 1.29505343e+07 0.00e+00 1094.65
420000 -5.4808256132792339e+03   20101 4.64760240e+08 0.00e+00 1098.63
421000 -5.4807169415469443e+03   19193 1.12538833e+09 0.00e+00 1102.50
422000 -5.4804650255708193e+03   17525 1.91212320e+09 0.00e+00 1106.34
423000 -5.4802335779078821e+03   19726 1.67934204e+10 0.00e+00 1110.26
424000 -5.4801327565258935e+03   15205 6.58592426e+07 0.00e+00 1114.33
425000 -5.4800386504002017e+03   19223 5.36910086e+07 0.00e+00 1118.37
426000 -5.4798967562199887e+03   16626 5.87476742e+06 0.00e+00 1122.29
427000 -5.4798402969399867e+03   13758 1.96184841e+05 0.00e+00 1126.34
428000 -5.4797909575518779e+03   19608 1.53275109e+08 0.00e+00 1130.31
429000 -5.4797373319008057e+03   19689 2.26223906e+07 0.00e+00 1135.01
430000 -5.4796976388486701e+03   14559 1.07715110e+06 0.00e+00 1139.26
431000 -5.4796122751278263e+03   19229 6.47577079e+07 0.00e+00 1144.41
432000 -5.4795715984360941e+03   18642 2.07411049e+07 0.00e+00 1149.02
433000 -5.4795446002810313e+03   16269 9.78456454e+06 0.00e+00 1153.57
434000 -5.4794743252748467e+03   17206 1.44455688e+06 0.00e+00 1158.07
435000 -5.4793219233646359e+03   17409 8.78140196e+07 0.00e+00 1162.48
436000 -5.4779348450519610e+03   19123 6.46552760e+08 0.00e+00 1166.74
437000 -5.4774208009198164e+03   17628 2.48214593e+08 0.00e+00 1170.65
438000 -5.4772662336295170e+03   16030 1.48183842e+07 0.00e+00 1174.69
439000 -5.4771747219241615e+03   15966 2.19094518e+06 0.00e+00 1179.35
440000 -5.4769079350975981e+03   18636 1.34996992e+08 0.00e+00 1183.79
441000 -5.4768529893090408e+03   16214 3.24346946e+06 0.00e+00 1188.57
442000 -5.4767969123939411e+03   17115 1.98894377e+06 0.00e+00 1192.96
443000 -5.4766287741323022e+03   16759 7.70367024e+06 0.00e+00 1197.45
444000 -5.4764726720924409e+03   16775 1.25295120e+06 0.00e+00 1201.55
445000 -5.4763577245857086e+03   16916 6.25315170e+05 0.00e+00 1205.94
446000 -5.4762239930824926e+03   18251 1.65516787e+07 0.00e+00 1210.33
447000 -5.4759933643504928e+03   18393 5.63432607e+07 0.00e+00 1213.93
448000 -5.4759133601158546e+03   13952 2.78920468e+05 0.00e+00 1218.37
449000 -5.4758537107934062e+03   17226 5.04434898e+06 0.00e+00 1222.99
450000 -5.4757672560447991e+03   15930 4.53206021e+05 0.00e+00 1227.85
451000 -5.4756777573471518e+03   17420 1.79360747e+06 0.00e+00 1232.32
452000 -5.4755580197887693e+03   15153 1.87157785e+06 0.00e+00 1236.79
453000 -5.4753671029855359e+03   17619 9.76110843e+06 0.00e+00 1240.87
454000 -5.4752288751412771e+03   14184 2.83712559e+06 0.00e+00 1245.30
455000 -5.4749522270420657e+03   18953 5.89152147e+07 0.00e+00 1249.06
456000 -5.4747166982959125e+03   20023 4.07409010e+08 0.00e+00 1252.03
457000 -5.4746222960624964e+03   20148 9.42956791e+07 0.00e+00 1256.37
458000 -5.4745434211055699e+03   18125 8.08709763e+07 0.00e+00 1260.90
459000 -5.4744254633489645e+03   17901 3.17051825e+07 0.00e+00 1265.16
460000 -5.4742957254821540e+03   14370 3.58410571e+05 0.00e+00 1269.18
461000 -5.4740584922529788e+03   18686 6.77355730e+06 0.00e+00 1272.70
462000 -5.4739735835771153e+03   15703 4.49683102e+06 0.00e+00 1276.65
463000 -5.4739146311058294e+03   14799 2.75402242e+05 0.00e+00 1281.18
464000 -5.4737326985323589e+03   16040 1.97986159e+05 0.00e+00 1285.61
465000 -5.4736354588665381e+03   15269 2.33698993e+05 0.00e+00 1290.05
466000 -5.4735520565120405e+03   16231 1.20907347e+06 0.00e+00 1294.52
467000 -5.4732870941563970e+03   17446 4.10371762e+05 0.00e+00 1298.38
468000 -5.4728917567498993e+03   19074 1.13263407e+07 0.00e+00 1302.77
469000 -5.4725405631366239e+03   14465 1.47691072e+05 0.00e+00 1307.03
470000 -5.4724394957187087e+03   14367 2.80824630e+05 0.00e+00 1311.73
471000 -5.4723533874377063e+03   16552 7.21700985e+05 0.00e+00 1316.02
472000 -5.4722517325607032e+03   13954 3.10335569e+05 0.00e+00 1320.28
473000 -5.4721922790959397e+03   14003 2.27243677e+05 0.00e+00 1324.12
474000 -5.4720906070024703e+03   14617 7.73831345e+04 0.00e+00 1328.59
475000 -5.4720016735346053e+03   14158 1.85359461e+05 0.00e+00 1333.18
476000 -5.4718859210288911e+03   20442 1.62690161e+08 0.00e+00 1338.07
477000 -5.4718058573135786e+03   18007 1.04430492e+08 0.00e+00 1342.51
478000 -5.4717565235703714e+03   18854 1.46429067e+08 0.00e+00 1347.50
479000 -5.4717033330846334e+03   16383 8.81379929e+05 0.00e+00 1350.40
480000 -5.4716746079998311e+03   18002 1.60998219e+07 0.00e+00 1355.55
481000 -5.4716153845467397e+03   14751 1.32087352e+05 0.00e+00 1360.42
482000 -5.4715068195497779e+03    9582 4.44193127e+05 0.00e+00 1364.44
483000 -5.4714389707789660e+03   13899 6.37836928e+06 0.00e+00 1369.06
484000 -5.4714008469062674e+03   14065 5.33202420e+05 0.00e+00 1374.08
485000 -5.4713119562164948e+03   17130 1.03001030e+06 0.00e+00 1378.75
486000 -5.4711831412656684e+03   15479 5.57199851e+05 0.00e+00 1382.87
487000 -5.4710495802076412e+03   16898 2.64804594e+06 0.00e+00 1387.05
488000 -5.4709611949333093e+03   18240 2.69911114e+06 0.00e+00 1391.60
489000 -5.4708577684720512e+03   18070 1.71993465e+07 0.00e+00 1395.96
490000 -5.4707574013511767e+03   13502 1.39136947e+05 0.00e+00 1399.89
491000 -5.4707160928430903e+03   13770 1.33014112e+05 0.00e+00 1404.71
492000 -5.4706796277700860e+03   17419 6.60343372e+05 0.00e+00 1409.70
493000 -5.4704541571171058e+03   18133 3.33155676e+06 0.00e+00 1414.15
494000 -5.4702936193391597e+03   16425 4.82907357e+05 0.00e+00 1418.78
495000 -5.4702514597721965e+03   16022 2.96948661e+05 0.00e+00 1423.75
496000 -5.4701956418663058e+03   10964 8.93165436e+03 0.00e+00 1428.94
497000 -5.4701271003223283e+03   16695 4.52809897e+05 0.00e+00 1434.33
498000 -5.4700359541413127e+03   14935 2.37214185e+05 0.00e+00 1439.13
499000 -5.4699540366822830e+03   11704 1.36062380e+05 0.00e+00 1444.29
500000 -5.4699059932570844e+03   14960 1.17185729e+05 0.00e+00 1448.93
501000 -5.4698421198441265e+03   17191 1.18444099e+06 0.00e+00 1454.25
502000 -5.4698069282709430e+03   15683 2.55854112e+05 0.00e+00 1459.41
503000 -5.4697668849795091e+03   13114 2.13770377e+05 0.00e+00 1464.70
504000 -5.4697366061149314e+03   10399 1.67319386e+05 0.00e+00 1469.16
505000 -5.4696938531765800e+03   19162 6.35879241e+08 0.00e+00 1474.00
506000 -5.4696185776820785e+03   13128 1.66564504e+05 0.00e+00 1478.18
507000 -5.4695686056717086e+03   14799 2.30204534e+05 0.00e+00 1482.14
508000 -5.4695386025005610e+03   14128 1.04942050e+05 0.00e+00 1486.51
509000 -5.4694959156245823e+03   17072 6.21419353e+06 0.00e+00 1490.71
510000 -5.4694215484501228e+03   11947 1.49305578e+07 0.00e+00 1495.26
511000 -5.4693284163287790e+03   13731 1.37268832e+07 0.00e+00 1499.34
512000 -5.4693001512997698e+03   12045 2.60328675e+05 0.00e+00 1503.74
513000 -5.4692780258809371e+03   14366 1.12858847e+05 0.00e+00 1508.75
514000 -5.4692383753278755e+03   12864 5.93990486e+04 0.00e+00 1514.29
515000 -5.4692028860023902e+03   12349 2.96286457e+05 0.00e+00 1519.97
516000 -5.4691489212834367e+03   16636 6.35933638e+05 0.00e+00 1525.11
517000 -5.4690988406762199e+03   17603 5.35278763e+05 0.00e+00 1530.14
518000 -5.4690670819881871e+03   15986 5.18703970e+05 0.00e+00 1535.33
519000 -5.4690334528785206e+03   13318 3.32725299e+04 0.00e+00 1540.62
520000 -5.4689926085321840e+03   18060 5.65905205e+06 0.00e+00 1545.88
521000 -5.4689249982215533e+03   17028 5.95161134e+05 0.00e+00 1550.96
522000 -5.4688424699268407e+03   17441 2.33775913e+06 0.00e+00 1556.02
523000 -5.4687648922406479e+03   16613 2.12272020e+06 0.00e+00 1561.26
524000 -5.4686848293568046e+03   12587 1.08034622e+05 0.00e+00 1566.15
525000 -5.4686260971038910e+03   13452 2.74009059e+05 0.00e+00 1570.23
526000 -5.4684810339614905e+03   15718 7.43664085e+05 0.00e+00 1575.10
527000 -5.4683721937821056e+03   15940 8.29097822e+05 0.00e+00 1579.92
528000 -5.4681512242524122e+03   15752 3.58576761e+05 0.00e+00 1585.12
529000 -5.4678276462357253e+03   10681 2.82557651e+04 0.00e+00 1589.62
530000 -5.4677609052369862e+03    8809 3.23239879e+04 0.00e+00 1594.52
531000 -5.4676887829723191e+03   14935 1.70584395e+06 0.00e+00 1598.98
532000 -5.4676765544422860e+03   18375 3.18125089e+06 0.00e+00 1604.26
533000 -5.4675178144158663e+03   15481 1.96559654e+06 0.00e+00 1609.50
534000 -5.4673620569874065e+03   17817 9.97097494e+06 0.00e+00 1614.56
535000 -5.4672608535321779e+03   18967 1.02911959e+07 0.00e+00 1619.96
536000 -5.4671729267954124e+03   16127 1.28415045e+06 0.00e+00 1625.03
537000 -5.4670752835366802e+03   18772 3.60313976e+06 0.00e+00 1630.24
538000 -5.4669827508161097e+03   19532 4.84370598e+07 0.00e+00 1635.29
539000 -5.4669212678409567e+03   18148 3.66683597e+06 0.00e+00 1639.58
540000 -5.4667733325974714e+03   19133 8.68427303e+08 0.00e+00 1644.38
541000 -5.4666724599200452e+03   12842 1.08112884e+05 0.00e+00 1649.15
542000 -5.4664271325987202e+03   18734 1.99135717e+09 0.00e+00 1653.46
543000 -5.4662738081824418e+03   12009 3.36780157e+04 0.00e+00 1658.05
544000 -5.4661644278538852e+03   16463 1.88339417e+06 0.00e+00 1663.18
545000 -5.4660177756957164e+03   18145 1.53891530e+07 0.00e+00 1668.44
546000 -5.4658646747724697e+03   18588 1.63729788e+07 0.00e+00 1673.43
547000 -5.4657964306633912e+03   18292 5.58637705e+06 0.00e+00 1678.19
548000 -5.4656951125455180e+03   15712 1.31510215e+06 0.00e+00 1683.18
549000 -5.4656354315893477e+03   13199 7.13853723e+04 0.00e+00 1688.59
550000 -5.4655276051765659e+03   14206 2.66846756e+05 0.00e+00 1693.47
551000 -5.4655024681394343e+03   18004 1.36272599e+07 0.00e+00 1698.27
552000 -5.4654369252433262e+03   16957 7.97974422e+06 0.00e+00 1703.37
553000 -5.4652723812115228e+03   15667 8.78265164e+05 0.00e+00 1707.71
554000 -5.4651059562373084e+03   18336 6.02192885e+08 0.00e+00 1712.02
555000 -5.4648678969934026e+03   17575 2.46121004e+07 0.00e+00 1716.73
556000 -5.4646610444075377e+03   18027 1.35527699e+07 0.00e+00 1721.61
557000 -5.4645535140595148e+03   11873 1.70350359e+05 0.00e+00 1726.52
558000 -5.4645022269172550e+03   16057 2.45693990e+05 0.00e+00 1731.76
559000 -5.4644486493443974e+03   17489 4.70574043e+05 0.00e+00 1737.08
560000 -5.4644113672144713e+03   17481 4.33673622e+06 0.00e+00 1741.89
561000 -5.4643353393018706e+03    9654 4.59442036e+04 0.00e+00 1746.78
562000 -5.4643015273782430e+03   12020 1.80238520e+04 0.00e+00 1751.85
563000 -5.4642488792807717e+03   15304 2.81326762e+05 0.00e+00 1756.89
564000 -5.4641644902862736e+03    9806 5.70124034e+03 0.00e+00 1760.63
565000 -5.4641050881337142e+03   15279 2.24961432e+05 0.00e+00 1765.63
566000 -5.4640527123666025e+03    9332 1.09165040e+04 0.00e+00 1770.54
567000 -5.4640365646378996e+03   18371 9.33853329e+06 0.00e+00 1775.61
568000 -5.4640054535342879e+03   16598 1.09639779e+06 0.00e+00 1780.73
569000 -5.4639741380025753e+03   13420 1.70440833e+05 0.00e+00 1786.30
570000 -5.4639233807432029e+03   11144 2.24319224e+04 0.00e+00 1791.97
571000 -5.4638835320274302e+03   12853 7.69285781e+04 0.00e+00 1797.61
572000 -5.4638490020581112e+03   18696 3.42833327e+07 0.00e+00 1802.77
573000 -5.4637844359820992e+03    9936 2.39869681e+04 0.00e+00 1808.27
574000 -5.4637349413990960e+03   18035 1.10669226e+07 0.00e+00 1813.44
575000 -5.4636511051780972e+03   15246 4.59323569e+06 0.00e+00 1818.27
576000 -5.4636010465717964e+03   15937 1.34220862e+06 0.00e+00 1823.16
577000 -5.4635739548653410e+03   16009 3.46871223e+06 0.00e+00 1828.40
578000 -5.4634476744364410e+03   11264 5.49363130e+05 0.00e+00 1832.80
579000 -5.4633704430446051e+03   13886 1.84720468e+06 0.00e+00 1837.42
580000 -5.4632831428820364e+03   11452 3.40249334e+05 0.00e+00 1842.60
581000 -5.4632408847259358e+03   11406 1.08431925e+07 0.00e+00 1848.07
582000 -5.4631859524433667e+03   17796 5.54193575e+06 0.00e+00 1853.60
583000 -5.4631612532774270e+03   13536 2.14228253e+06 0.00e+00 1858.86
584000 -5.4631469529804235e+03   12551 2.87386909e+06 0.00e+00 1864.17
585000 -5.4631015095822495e+03   12969 1.76708665e+06 0.00e+00 1869.17
586000 -5.4630679200897921e+03   13325 6.94596136e+04 0.00e+00 1874.99
587000 -5.4630278417179125e+03   15264 1.81145369e+07 0.00e+00 1880.36
588000 -5.4629948824557505e+03   11980 2.36565393e+04 0.00e+00 1885.09
589000 -5.4629509955600670e+03   11086 3.03237108e+04 0.00e+00 1890.39
590000 -5.4629271823557183e+03   14536 1.40067578e+05 0.00e+00 1895.60
591000 -5.4628940390831031e+03   15401 3.25412346e+05 0.00e+00 1901.15
592000 -5.4628813143828793e+03    9390 4.06214055e+03 0.00e+00 1906.78
593000 -5.4628371823439811e+03   14872 2.44654638e+05 0.00e+00 1911.37
594000 -5.4627741450571730e+03   13864 1.51919961e+05 0.00e+00 1916.64
595000 -5.4627558773530300e+03   16970 9.93057252e+05 0.00e+00 1922.41
596000 -5.4627324823968875e+03   10975 4.55594791e+04 0.00e+00 1927.93
597000 -5.4626839850500546e+03   16792 6.45359695e+05 0.00e+00 1933.59
598000 -5.4626520879293894e+03   12423 6.82259860e+04 0.00e+00 1939.35
599000 -5.4625999579794334e+03   14862 2.99802048e+05 0.00e+00 1944.91
600000 -5.4625619267822676e+03   10670 9.52423465e+03 0.00e+00 1950.01
601000 -5.4625306931919567e+03   17452 4.87522884e+05 0.00e+00 1955.57
602000 -5.4625035940419084e+03   12785 8.86725329e+04 0.00e+00 1960.77
603000 -5.4624689317536331e+03   10914 1.06790938e+04 0.00e+00 1966.17
604000 -5.4624113707171637e+03   16032 2.58288062e+05 0.00e+00 1971.70
605000 -5.4623646850425566e+03   15444 5.70120655e+05 0.00e+00 1976.63
606000 -5.4622861497552512e+03   16101 1.62485394e+06 0.00e+00 1982.09
607000 -5.4622633535366367e+03   12664 2.58564166e+04 0.00e+00 1987.45
608000 -5.4622291444438652e+03   11173 2.09721389e+04 0.00e+00 1992.97
609000 -5.4621796316586888e+03   13851 1.62427710e+05 0.00e+00 1998.54
610000 -5.4621586481773647e+03   12444 3.57467524e+04 0.00e+00 2004.28
611000 -5.4621290624111043e+03   11813 3.19318133e+04 0.00e+00 2010.04
612000 -5.4620697377993174e+03   15197 8.86112110e+06 0.00e+00 2015.08
613000 -5.4620085184393702e+03   14864 1.72485126e+06 0.00e+00 2019.24
614000 -5.4619478743512564e+03   13682 5.39530313e+06 0.00e+00 2023.11
615000 -5.4618598677472683e+03   12163 1.34544473e+06 0.00e+00 2027.59
616000 -5.4617685137844501e+03   10461 3.50434024e+04 0.00e+00 2032.62
617000 -5.4617133619934739e+03    9628 2.34558492e+04 0.00e+00 2038.36
618000 -5.4616761694866327e+03   10059 3.00914283e+04 0.00e+00 2043.72
619000 -5.4616351040482232e+03   12611 1.40508834e+06 0.00e+00 2049.30
620000 -5.4615893844197317e+03    9306 2.21814565e+04 0.00e+00 2054.45
621000 -5.4615481149084717e+03   10252 1.88386902e+04 0.00e+00 2059.41
622000 -5.4615269202291720e+03    8816 7.75831341e+03 0.00e+00 2064.99
623000 -5.4614709047277001e+03   14566 3.76638762e+05 0.00e+00 2070.58
624000 -5.4614116899746887e+03   14597 4.46286578e+05 0.00e+00 2075.95
625000 -5.4613542944393803e+03   11074 3.50235751e+04 0.00e+00 2081.02
626000 -5.4613169264826629e+03    9248 5.58895492e+03 0.00e+00 2086.11
627000 -5.4612899986447610e+03   12682 7.84579986e+04 0.00e+00 2091.55
628000 -5.4612479261056014e+03   12354 6.23839446e+04 0.00e+00 2096.60
629000 -5.4612199383042625e+03   15122 4.28173473e+05 0.00e+00 2102.14
630000 -5.4611743797357440e+03   10087 4.66059999e+04 0.00e+00 2107.74
631000 -5.4611059947754566e+03   12635 2.04040892e+05 0.00e+00 2113.28
632000 -5.4610404825991191e+03   16364 1.70405403e+06 0.00e+00 2119.03
633000 -5.4610092282415208e+03   14593 6.19140915e+05 0.00e+00 2124.85
634000 -5.4609284968306738e+03   10492 1.18559619e+05 0.00e+00 2129.90
635000 -5.4609049806734165e+03   15091 7.90699001e+05 0.00e+00 2135.63
636000 -5.4608758602284706e+03    9856 3.49989138e+05 0.00e+00 2141.11
637000 -5.4608194225905354e+03   14664 2.36208690e+06 0.00e+00 2146.31
638000 -5.4607613226412932e+03   10715 2.80420960e+04 0.00e+00 2151.58
639000 -5.4607029294260747e+03   13410 1.18283619e+06 0.00e+00 2157.16
640000 -5.4606710528037656e+03   10845 5.25613837e+04 0.00e+00 2162.78
641000 -5.4606451350880461e+03   12179 1.92516936e+05 0.00e+00 2168.62
642000 -5.4606142574394835e+03   11702 6.84155495e+04 0.00e+00 2174.28
643000 -5.4605717610028669e+03   16508 7.62947515e+06 0.00e+00 2180.08
644000 -5.4605093937755546e+03    9349 1.07416847e+04 0.00e+00 2185.80
645000 -5.4604873804940489e+03   12683 1.93529252e+05 0.00e+00 2191.27
646000 -5.4604743931889634e+03    8751 4.94036766e+03 0.00e+00 2196.74
647000 -5.4604404914204415e+03   12307 2.64041707e+06 0.00e+00 2202.42
648000 -5.4604008968700819e+03   15743 5.39948776e+07 0.00e+00 2208.11
649000 -5.4603767980526154e+03    8600 4.78907906e+03 0.00e+00 2213.73
650000 -5.4603312872846736e+03   11541 1.08346231e+05 0.00e+00 2219.43
651000 -5.4602920171774676e+03   10130 1.96559242e+04 0.00e+00 2224.75
652000 -5.4602739440509340e+03    9224 6.90750634e+03 0.00e+00 2230.62
653000 -5.4602420597792006e+03    8918 5.77093669e+03 0.00e+00 2236.62
654000 -5.4602144200376406e+03    9913 1.90591047e+04 0.00e+00 2242.56
655000 -5.4601902757505204e+03   11986 6.66410678e+04 0.00e+00 2248.12
656000 -5.4601674298250555e+03    8027 6.30744833e+03 0.00e+00 2253.18
657000 -5.4601313763321386e+03    8126 3.52429349e+03 0.00e+00 2258.65
658000 -5.4601153400783187e+03    7602 4.84993988e+03 0.00e+00 2264.30
659000 -5.4600883536901447e+03   11057 2.18839238e+04 0.00e+00 2270.17
660000 -5.4600624515007539e+03    7856 5.18126037e+03 0.00e+00 2275.83
661000 -5.4600531319666725e+03   10311 1.28822714e+04 0.00e+00 2281.66
662000 -5.4600499123983718e+03    6659 1.60873543e+03 0.00e+00 2286.22
663000 -5.4600147359401853e+03    8260 6.15440229e+03 0.00e+00 2291.72
664000 -5.4599951658974751e+03   12312 2.43852106e+05 0.00e+00 2297.00
665000 -5.4599858951170527e+03    6150 5.76603079e+02 0.00e+00 2302.78
666000 -5.4599626203433145e+03    8363 4.13515618e+04 0.00e+00 2308.56
667000 -5.4599542213149907e+03    7328 6.23704664e+03 0.00e+00 2314.13
668000 -5.4599302548503147e+03   10005 3.92029429e+04 0.00e+00 2319.71
669000 -5.4599167439903777e+03   10043 3.35321990e+04 0.00e+00 2325.64
670000 -5.4598949896452386e+03   11348 1.16057198e+05 0.00e+00 2330.91
671000 -5.4598755374769371e+03    7020 2.38451202e+03 0.00e+00 2337.00
672000 -5.4598613909078931e+03    9221 1.16029251e+04 0.00e+00 2342.76
673000 -5.4598490086283036e+03   10139 1.34704353e+04 0.00e+00 2348.61
674000 -5.4598319582388986e+03    7957 3.20741810e+03 0.00e+00 2354.60
675000 -5.4598069407743196e+03    7188 6.36446811e+03 0.00e+00 2360.62
676000 -5.4597946110921430e+03    4950 2.66810063e+02 0.00e+00 2365.03
677000 -5.4597785967237123e+03    5701 1.43764355e+03 0.00e+00 2369.59
678000 -5.4597558082966643e+03    6247 1.45542370e+03 0.00e+00 2375.22
679000 -5.4597463322303183e+03    6702 3.15030530e+03 0.00e+00 2381.20
680000 -5.4597299625915475e+03    6561 3.12730090e+03 0.00e+00 2386.88
681000 -5.4597089103650296e+03   10808 5.97242574e+04 0.00e+00 2392.23
682000 -5.4596776053204467e+03    6388 6.09955520e+03 0.00e+00 2397.83
683000 -5.4596510865908886e+03    5108 6.76379752e+02 0.00e+00 2403.58
684000 -5.4596386940629445e+03    5968 2.79106003e+03 0.00e+00 2409.39
685000 -5.4596278979989256e+03    5310 4.31884708e+02 0.00e+00 2415.06
686000 -5.4596113805308696e+03    8135 1.05271543e+04 0.00e+00 2420.81
687000 -5.4595882840547993e+03    6307 5.05717120e+03 0.00e+00 2426.67
688000 -5.4595723561308496e+03    4569 6.32826575e+02 0.00e+00 2432.31
689000 -5.4595520299965920e+03    5081 4.31587066e+02 0.00e+00 2438.23
690000 -5.4595245172606283e+03    5714 5.33378643e+02 0.00e+00 2444.02
691000 -5.4595133408838819e+03    5978 5.67506539e+02 0.00e+00 2450.01
692000 -5.4594842323548473e+03    6128 2.36356866e+03 0.00e+00 2455.41
693000 -5.4594676941681300e+03    5775 3.40105452e+04 0.00e+00 2461.24
694000 -5.4594308915720621e+03    5532 1.24484989e+03 0.00e+00 2467.07
695000 -5.4594127804680584e+03    6178 1.46996222e+03 0.00e+00 2472.94
696000 -5.4594022631432463e+03    4647 1.15732371e+02 0.00e+00 2478.92
697000 -5.4593886006862076e+03    5072 2.88074540e+02 0.00e+00 2484.81
698000 -5.4593746454626298e+03    5548 7.71661545e+02 0.00e+00 2490.57
699000 -5.4593576179628380e+03    6246 2.90962757e+03 0.00e+00 2496.34
700000 -5.4593430345429379e+03    5872 8.81114174e+02 0.00e+00 2502.06
701000 -5.4593291344639201e+03    4366 1.30513626e+02 0.00e+00 2507.84
702000 -5.4593105408888896e+03   10931 2.68926787e+04 0.00e+00 2513.64
703000 -5.4592931796110443e+03    8729 3.63195217e+04 0.00e+00 2519.31
704000 -5.4592723801514057e+03    5754 1.45379075e+03 0.00e+00 2524.76
705000 -5.4592377895469981e+03    4939 2.55759309e+03 0.00e+00 2530.39
706000 -5.4592051502698760e+03    5914 1.24682154e+03 0.00e+00 2536.01
707000 -5.4591863599511435e+03    2766 3.52629329e+02 0.00e+00 2541.72
708000 -5.4591718754861968e+03    5701 2.13900250e+03 0.00e+00 2547.54
709000 -5.4591564153753552e+03    5255 7.07158879e+02 0.00e+00 2553.37
710000 -5.4591215510186566e+03    6838 1.62821426e+04 0.00e+00 2559.06
711000 -5.4590947289660626e+03    4858 7.02322429e+02 0.00e+00 2564.76
712000 -5.4590822048957998e+03    7271 1.41495207e+05 0.00e+00 2570.49
713000 -5.4590694515023351e+03    9005 8.39666858e+03 0.00e+00 2576.22
714000 -5.4590453458719121e+03    5244 2.86321048e+03 0.00e+00 2581.91
715000 -5.4590291677737896e+03    3540 4.43230733e+02 0.00e+00 2587.59
716000 -5.4590218388619787e+03    4613 2.82109350e+03 0.00e+00 2593.42
717000 -5.4590121375613908e+03    6290 7.56701542e+03 0.00e+00 2599.32
718000 -5.4590035716455104e+03    3058 1.19514710e+03 0.00e+00 2605.17
719000 -5.4589945715953136e+03    2475 7.18257734e+00 0.00e+00 2611.10
720000 -5.4589823792038069e+03    6382 1.99133170e+03 0.00e+00 2616.97
721000 -5.4589725490659421e+03    5642 9.07866323e+02 0.00e+00 2622.88
722000 -5.4589666403858191e+03    2067 1.02677994e+02 0.00e+00 2628.58
723000 -5.4589636357612580e+03    1008 3.58455783e+00 0.00e+00 2634.31
724000 -5.4589602378453792e+03    2046 7.14367687e+00 0.00e+00 2640.06
725000 -5.4589573722057603e+03    1433 3.77692565e-01 0.00e+00 2645.85
Failed to remove perturbation of 2.63e-03.


Root relaxation solution found in 725426 iterations and 2525.97s by Dual Simplex
Root relaxation objective -2.06092110e+02

 |  Explored  | Unexplored |     Objective     |     Bound     | IntInf | Depth | Iter/Node |    Gap    |  Time  |
Reduced costs: Found 773 improved bounds and 773 fixed variables
             0            0    -1.874777e+02     -2.056716e+02      9047       0   7.6e+05       9.7%     3002.63
             0            0    -1.874777e+02     -2.051459e+02      9621       0   8.1e+05       9.4%     3296.87
             0            0    -1.874777e+02     -2.051448e+02      9859       0   8.1e+05       9.4%     3392.18
             0            0    -1.874777e+02     -2.051448e+02      9860       0   8.1e+05       9.4%     3486.47
             0            0    -1.874777e+02     -2.051448e+02      9861       0   8.1e+05       9.4%     3577.84
Time limit reached. Stopping the solver...
Explored 0 nodes (813276 simplex iterations) in 3600.01s.
Best objective -1.874777e+02, best bound -2.051448e+02, gap 9.42%.


### exit_code=0
### finished=2026-07-31T16:38:52.631568
### gpu_peak_mb=8410.4
### gpu_peak2_mb=0.0
### per_gpu_peak_mb=[8410.375]
