### solver=cuopt-base
### instance=/home/scratch.vmostovoi_gpu/gurobi_things/gurobi_presolved/psr_100_gurobi_presolved.mps
### n_gpus=1
### CUDA_VISIBLE_DEVICES=0
### started=2026-07-23T21:40:47.990816
### argv=/home/scratch.vmostovoi_gpu/mostovoi_cuopt/cpp/build/cuopt_cli --method 1 --presolve 0 --mps-reader experimental-fast --time-limit 3600 --iteration-limit 1000000000 --relative-primal-tolerance 1e-6 --relative-dual-tolerance 1e-6 --relative-gap-tolerance 1e-6 --log-to-console true /home/scratch.vmostovoi_gpu/gurobi_things/gurobi_presolved/psr_100_gurobi_presolved.mps
### --- solver output ---
Setting parameter iteration_limit to 1000000000
Setting parameter log_to_console to true
Setting parameter method to 1
Setting parameter presolve to 0
Setting parameter relative_dual_tolerance to 1.000000e-06
Setting parameter relative_gap_tolerance to 1.000000e-06
Setting parameter relative_primal_tolerance to 1.000000e-06
Setting parameter time_limit to 3.600000e+03
Reading file psr_100_gurobi_presolved.mps
Using experimental fast MPS parser for '/home/scratch.vmostovoi_gpu/gurobi_things/gurobi_presolved/psr_100_gurobi_presolved.mps'
Read file psr_100_gurobi_presolved.mps in 60.38 seconds
cuOpt version: 26.8.0, git hash: 7116ead1, host arch: x86_64, device archs: 100a-real
CPU: INTEL(R) XEON(R) PLATINUM 8570, threads (physical/logical): 112/224, RAM: 1528.16 GiB
CUDA 13.3, device: NVIDIA B200 (ID 0), VRAM: 178.34 GiB
CUDA device UUID: e7dca740-cb67-c5c1-9f70-180590865924
Solving a problem with 169175965 constraints, 165649127 variables (0 integers), and 611951741 nonzeros
Problem scaling:
Objective coefficents range:          [5e-04, 4e+06]
Constraint matrix coefficients range: [1e-03, 7e+01]
Constraint rhs / bounds range:        [1e-05, 7e+07]
Variable bounds range:                [7e-03, 1e+08]
Warning: input problem contains a large range of coefficients: consider reformulating to avoid numerical difficulties.

Objective offset 879066000.000000 scaling_factor 1.000000
   Iter    Primal Obj.      Dual Obj.    Gap        Primal Res.  Dual Res.   Time
      0 +8.79066000e+08 +8.79066000e+08  0.00e+00   1.10e+09     1.70e+07   19.564s
   1000 +5.22151787e+11 +7.67851704e+13  7.63e+13   3.34e+07     1.66e+04   31.792s
   2000 +6.60586278e+11 +4.43435443e+13  4.37e+13   2.42e+07     1.39e+04   42.252s
   3000 +7.54543502e+11 +2.46045826e+13  2.39e+13   2.08e+07     1.05e+04   52.726s
   4000 +8.39548457e+11 +1.21844620e+13  1.13e+13   1.67e+07     6.81e+03   63.209s
   5000 +9.10178454e+11 +5.30902370e+12  4.40e+12   1.42e+07     4.09e+03   73.688s
   6000 +9.86821647e+11 +1.20146045e+12  2.15e+11   1.14e+07     3.43e+03   84.184s
   7000 +1.02895275e+12 -1.62085122e+12  2.65e+12   1.05e+07     2.50e+03   94.674s
   8000 +1.07167883e+12 -2.58074812e+12  3.65e+12   8.86e+06     2.48e+03   105.170s
   9000 +1.09557509e+12 -2.18410222e+12  3.28e+12   7.32e+06     2.30e+03   115.671s
  10000 +1.04527661e+12 -1.93269287e+12  2.98e+12   6.11e+06     1.68e+03   126.179s
  11000 +1.01156439e+12 -1.59590864e+12  2.61e+12   5.11e+06     1.64e+03   136.581s
  12000 +9.73176782e+11 -9.69760670e+11  1.94e+12   4.12e+06     1.81e+03   146.987s
  13000 +9.39012093e+11 -3.18974773e+11  1.26e+12   3.37e+06     1.57e+03   157.396s
  14000 +8.99744159e+11 +8.57086634e+10  8.14e+11   2.75e+06     1.53e+03   167.806s
  15000 +8.20198196e+11 +2.91170902e+11  5.29e+11   2.02e+06     1.23e+03   178.224s
  16000 +7.93997930e+11 +4.31050082e+11  3.63e+11   1.54e+06     2.15e+03   188.632s
  17000 +7.71776858e+11 +5.44274852e+11  2.28e+11   1.08e+06     1.90e+03   199.044s
  18000 +7.55775352e+11 +5.88376651e+11  1.67e+11   7.92e+05     1.75e+03   209.456s
  19000 +7.44178490e+11 +6.16130931e+11  1.28e+11   6.27e+05     1.69e+03   219.870s
  20000 +7.35929170e+11 +6.38208407e+11  9.77e+10   5.24e+05     1.60e+03   230.286s
  21000 +7.28755760e+11 +6.48381498e+11  8.04e+10   4.55e+05     1.46e+03   240.700s
  22000 +7.12799618e+11 +6.50032151e+11  6.28e+10   3.07e+05     1.43e+03   251.119s
  23000 +7.08767457e+11 +6.55856323e+11  5.29e+10   2.81e+05     1.46e+03   261.529s
  24000 +7.04621517e+11 +6.61508347e+11  4.31e+10   2.37e+05     1.36e+03   271.937s
  25000 +7.00256349e+11 +6.65680554e+11  3.46e+10   1.82e+05     1.27e+03   282.347s
  26000 +6.96950676e+11 +6.68540363e+11  2.84e+10   1.50e+05     1.26e+03   292.758s
  27000 +6.94334299e+11 +6.70605922e+11  2.37e+10   1.33e+05     1.25e+03   303.167s
  28000 +6.91945026e+11 +6.73531494e+11  1.84e+10   1.22e+05     1.24e+03   313.577s
  29000 +6.89658414e+11 +6.75537234e+11  1.41e+10   1.11e+05     1.24e+03   323.987s
  30000 +6.87566024e+11 +6.78050844e+11  9.52e+09   1.05e+05     1.24e+03   334.397s
  31000 +6.85566715e+11 +6.81040804e+11  4.53e+09   1.01e+05     1.23e+03   344.808s
  32000 +6.83631200e+11 +6.83332843e+11  2.98e+08   9.69e+04     1.22e+03   355.220s
  33000 +6.81689379e+11 +6.86272765e+11  4.58e+09   9.04e+04     1.19e+03   365.631s
  34000 +6.78460940e+11 +6.88184906e+11  9.72e+09   5.76e+04     1.22e+03   376.048s
  35000 +6.76168024e+11 +6.90666560e+11  1.45e+10   4.83e+04     1.16e+03   386.451s
  36000 +6.73965883e+11 +6.94142054e+11  2.02e+10   4.57e+04     1.12e+03   396.856s
  37000 +6.71883762e+11 +6.97004039e+11  2.51e+10   4.48e+04     1.12e+03   407.261s
  38000 +6.69888713e+11 +6.98925139e+11  2.90e+10   4.44e+04     1.10e+03   417.668s
  39000 +6.67940543e+11 +7.00582325e+11  3.26e+10   4.42e+04     1.07e+03   428.074s
  40000 +6.66030677e+11 +7.02572764e+11  3.65e+10   4.38e+04     1.05e+03   438.480s
  41000 +6.64185200e+11 +7.04547695e+11  4.04e+10   4.29e+04     1.02e+03   448.887s
  42000 +6.62392230e+11 +7.06389850e+11  4.40e+10   4.17e+04     1.01e+03   459.292s
  43000 +6.60621837e+11 +7.08077585e+11  4.75e+10   4.09e+04     9.96e+02   469.698s
  44000 +6.58878623e+11 +7.09074021e+11  5.02e+10   3.97e+04     9.83e+02   480.104s
  45000 +6.57172550e+11 +7.09977453e+11  5.28e+10   3.87e+04     9.86e+02   490.509s
  46000 +6.55502752e+11 +7.10936454e+11  5.54e+10   3.82e+04     9.67e+02   500.918s
  47000 +6.53869217e+11 +7.12217624e+11  5.83e+10   3.77e+04     9.37e+02   511.324s
  48000 +6.52248415e+11 +7.13194631e+11  6.09e+10   3.71e+04     9.32e+02   521.729s
  49000 +6.50678063e+11 +7.14602101e+11  6.39e+10   3.66e+04     9.33e+02   532.134s
  50000 +6.49146162e+11 +7.15712204e+11  6.66e+10   3.59e+04     9.06e+02   542.541s
  51000 +6.47640118e+11 +7.17556071e+11  6.99e+10   3.53e+04     8.97e+02   552.948s
  52000 +6.46175386e+11 +7.18972946e+11  7.28e+10   3.46e+04     8.90e+02   563.352s
  53000 +6.42642118e+11 +7.20781102e+11  7.81e+10   1.10e+05     9.44e+02   573.766s
  54000 +6.34877785e+11 +7.24780304e+11  8.99e+10   1.83e+05     8.17e+02   584.166s
  55000 +6.27125262e+11 +7.30427405e+11  1.03e+11   2.12e+05     7.33e+02   594.566s
  56000 +6.19869444e+11 +7.38735817e+11  1.19e+11   2.28e+05     6.51e+02   604.968s
  57000 +6.13183158e+11 +7.47990383e+11  1.35e+11   2.45e+05     5.78e+02   615.369s
  58000 +6.06857012e+11 +7.56944007e+11  1.50e+11   2.54e+05     5.23e+02   625.774s
  59000 +6.00891026e+11 +7.65423533e+11  1.65e+11   2.57e+05     4.73e+02   636.180s
  60000 +5.95367385e+11 +7.72619926e+11  1.77e+11   2.54e+05     4.39e+02   646.586s
  61000 +5.90224058e+11 +7.77505116e+11  1.87e+11   2.47e+05     4.09e+02   656.989s
  62000 +5.85527118e+11 +7.79900005e+11  1.94e+11   2.40e+05     3.71e+02   667.395s
  63000 +5.80855476e+11 +7.79521826e+11  1.99e+11   2.36e+05     3.54e+02   677.801s
  64000 +5.76240013e+11 +7.78251865e+11  2.02e+11   2.34e+05     3.42e+02   688.208s
  65000 +5.71852892e+11 +7.75488406e+11  2.04e+11   2.34e+05     3.18e+02   698.616s
  66000 +5.67645249e+11 +7.72165320e+11  2.05e+11   2.36e+05     3.01e+02   709.022s
  67000 +5.63542893e+11 +7.68805692e+11  2.05e+11   2.38e+05     2.77e+02   719.429s
  68000 +5.59652236e+11 +7.65228463e+11  2.06e+11   2.40e+05     2.60e+02   729.835s
  69000 +5.55910489e+11 +7.61542387e+11  2.06e+11   2.42e+05     2.39e+02   740.244s
  70000 +5.52318552e+11 +7.58980553e+11  2.07e+11   2.43e+05     2.05e+02   750.651s
  71000 +5.48858998e+11 +7.56101476e+11  2.07e+11   2.43e+05     1.90e+02   761.059s
  72000 +5.45503991e+11 +7.53079667e+11  2.08e+11   2.43e+05     1.60e+02   771.469s
  73000 +5.42279125e+11 +7.49398675e+11  2.07e+11   2.42e+05     1.34e+02   781.875s
  74000 +5.39205041e+11 +7.46365573e+11  2.07e+11   2.41e+05     1.20e+02   792.283s
  75000 +5.36217926e+11 +7.43089059e+11  2.07e+11   2.39e+05     1.01e+02   802.690s
  76000 +5.33286942e+11 +7.40322920e+11  2.07e+11   2.37e+05     8.83e+01   813.099s
  77000 +5.30470396e+11 +7.37294591e+11  2.07e+11   2.34e+05     7.73e+01   823.507s
  78000 +5.27778581e+11 +7.34777626e+11  2.07e+11   2.31e+05     6.58e+01   833.915s
  79000 +5.25184579e+11 +7.32815781e+11  2.08e+11   2.27e+05     6.52e+01   844.324s
  80000 +5.22699611e+11 +7.30743505e+11  2.08e+11   2.24e+05     6.14e+01   854.733s
  81000 +5.20259848e+11 +7.28257624e+11  2.08e+11   2.21e+05     5.89e+01   865.142s
  82000 +5.17870618e+11 +7.26001960e+11  2.08e+11   2.19e+05     6.36e+01   875.551s
  83000 +5.14098393e+11 +7.24844649e+11  2.11e+11   3.03e+05     9.15e+01   885.966s
  84000 +5.09694934e+11 +7.23050360e+11  2.13e+11   4.05e+05     9.36e+01   896.368s
  85000 +5.04693209e+11 +7.21009472e+11  2.16e+11   4.68e+05     8.42e+01   906.772s
  86000 +4.99442470e+11 +7.19229057e+11  2.20e+11   5.02e+05     6.62e+01   917.177s
  87000 +4.94120760e+11 +7.18025149e+11  2.24e+11   5.18e+05     5.50e+01   927.583s
  88000 +4.88830369e+11 +7.17014027e+11  2.28e+11   5.30e+05     4.21e+01   937.989s
  89000 +4.83873133e+11 +7.15079131e+11  2.31e+11   5.39e+05     3.60e+01   948.396s
  90000 +4.79419976e+11 +7.11869982e+11  2.32e+11   5.48e+05     2.97e+01   958.806s
  91000 +4.75292913e+11 +7.08038802e+11  2.33e+11   5.62e+05     2.76e+01   969.212s
  92000 +4.71467496e+11 +7.02852133e+11  2.31e+11   5.77e+05     2.80e+01   979.620s
  93000 +4.67850460e+11 +6.97074848e+11  2.29e+11   5.91e+05     2.93e+01   990.029s
  94000 +4.64444681e+11 +6.91026485e+11  2.27e+11   6.05e+05     2.71e+01   1000.437s
  95000 +4.61256957e+11 +6.84286085e+11  2.23e+11   6.16e+05     2.86e+01   1010.848s
  96000 +4.58240067e+11 +6.76769418e+11  2.19e+11   6.27e+05     2.69e+01   1021.258s
  97000 +4.55492959e+11 +6.68536320e+11  2.13e+11   6.36e+05     2.73e+01   1031.669s
  98000 +4.52894992e+11 +6.60359328e+11  2.07e+11   6.44e+05     2.92e+01   1042.078s
  99000 +4.50474644e+11 +6.52581482e+11  2.02e+11   6.50e+05     2.98e+01   1052.488s
 100000 +4.48120387e+11 +6.45645747e+11  1.98e+11   6.53e+05     3.26e+01   1062.898s
 101000 +4.45884308e+11 +6.39424319e+11  1.94e+11   6.54e+05     3.76e+01   1073.309s
 102000 +4.43851990e+11 +6.33261427e+11  1.89e+11   6.54e+05     3.98e+01   1083.718s
 103000 +4.41908220e+11 +6.27308466e+11  1.85e+11   6.51e+05     3.91e+01   1094.128s
 104000 +4.40105438e+11 +6.21362931e+11  1.81e+11   6.47e+05     3.96e+01   1104.539s
 105000 +4.38372446e+11 +6.15268119e+11  1.77e+11   6.42e+05     4.27e+01   1114.949s
 106000 +4.36776160e+11 +6.09212207e+11  1.72e+11   6.36e+05     4.43e+01   1125.359s
 107000 +4.35192924e+11 +6.03520789e+11  1.68e+11   6.30e+05     4.28e+01   1135.770s
 108000 +4.33744540e+11 +5.97402492e+11  1.64e+11   6.23e+05     4.56e+01   1146.182s
 109000 +4.32347141e+11 +5.92099791e+11  1.60e+11   6.16e+05     4.53e+01   1156.593s
 110000 +4.31014893e+11 +5.86774322e+11  1.56e+11   6.07e+05     4.13e+01   1167.006s
 111000 +4.29759389e+11 +5.81654907e+11  1.52e+11   5.97e+05     3.89e+01   1177.419s
 112000 +4.28567561e+11 +5.76685337e+11  1.48e+11   5.88e+05     3.74e+01   1187.830s
 113000 +4.27460016e+11 +5.72270324e+11  1.45e+11   5.79e+05     3.65e+01   1198.244s
 114000 +4.26426010e+11 +5.67688834e+11  1.41e+11   5.71e+05     3.67e+01   1208.656s
 115000 +4.25462611e+11 +5.63430056e+11  1.38e+11   5.63e+05     3.58e+01   1219.069s
 116000 +4.24564605e+11 +5.59422145e+11  1.35e+11   5.55e+05     3.78e+01   1229.481s
 117000 +4.23726626e+11 +5.55693586e+11  1.32e+11   5.48e+05     3.89e+01   1239.894s
 118000 +4.22955598e+11 +5.51778739e+11  1.29e+11   5.40e+05     3.68e+01   1250.307s
 119000 +4.22199718e+11 +5.48386851e+11  1.26e+11   5.33e+05     3.54e+01   1260.719s
 120000 +4.21515942e+11 +5.44838257e+11  1.23e+11   5.26e+05     3.30e+01   1271.131s
 121000 +4.20875468e+11 +5.41545955e+11  1.21e+11   5.19e+05     3.29e+01   1281.545s
 122000 +4.20267517e+11 +5.38474015e+11  1.18e+11   5.12e+05     3.15e+01   1291.960s
 123000 +4.19681816e+11 +5.35301853e+11  1.16e+11   5.06e+05     3.24e+01   1302.373s
 124000 +4.19153121e+11 +5.32442606e+11  1.13e+11   4.99e+05     3.33e+01   1312.789s
 125000 +4.18697473e+11 +5.29369239e+11  1.11e+11   4.94e+05     3.56e+01   1323.203s
 126000 +4.18102599e+11 +5.26385681e+11  1.08e+11   4.85e+05     4.05e+01   1333.618s
 127000 +4.17686282e+11 +5.23555139e+11  1.06e+11   4.79e+05     2.87e+01   1344.032s
 128000 +4.17234577e+11 +5.21120448e+11  1.04e+11   4.73e+05     2.75e+01   1354.447s
 129000 +4.16234405e+11 +5.18853792e+11  1.03e+11   4.71e+05     2.77e+01   1364.869s
 130000 +4.15591023e+11 +5.16932030e+11  1.01e+11   4.92e+05     2.51e+01   1375.277s
 131000 +4.14960676e+11 +5.15164376e+11  1.00e+11   5.13e+05     2.82e+01   1385.686s
 132000 +4.14300598e+11 +5.13295675e+11  9.90e+10   5.31e+05     3.00e+01   1396.092s
 133000 +4.13663491e+11 +5.11157862e+11  9.75e+10   5.48e+05     2.99e+01   1406.501s
 134000 +4.13036950e+11 +5.08750276e+11  9.57e+10   5.64e+05     2.91e+01   1416.909s
 135000 +4.12408245e+11 +5.06138296e+11  9.37e+10   5.78e+05     2.88e+01   1427.316s
 136000 +4.11795050e+11 +5.03274324e+11  9.15e+10   5.89e+05     2.93e+01   1437.726s
 137000 +4.11180700e+11 +5.00398245e+11  8.92e+10   5.99e+05     2.81e+01   1448.133s
 138000 +4.10570794e+11 +4.97638588e+11  8.71e+10   6.07e+05     2.77e+01   1458.542s
 139000 +4.09988749e+11 +4.94911145e+11  8.49e+10   6.13e+05     2.66e+01   1468.950s
 140000 +4.09427525e+11 +4.92303912e+11  8.29e+10   6.17e+05     2.53e+01   1479.360s
 141000 +4.08864520e+11 +4.89709016e+11  8.08e+10   6.22e+05     2.45e+01   1489.769s
 142000 +4.08322301e+11 +4.87293516e+11  7.90e+10   6.23e+05     2.39e+01   1500.177s
 143000 +4.07787005e+11 +4.84877618e+11  7.71e+10   6.24e+05     2.30e+01   1510.586s
 144000 +4.07228582e+11 +4.82570923e+11  7.53e+10   6.25e+05     2.36e+01   1520.994s
 145000 +4.06699928e+11 +4.80344463e+11  7.36e+10   6.25e+05     2.33e+01   1531.404s
 146000 +4.06200192e+11 +4.78358222e+11  7.22e+10   6.23e+05     2.33e+01   1541.811s
 147000 +4.05723225e+11 +4.76525332e+11  7.08e+10   6.21e+05     2.32e+01   1552.221s
 148000 +4.05261086e+11 +4.74623983e+11  6.94e+10   6.19e+05     2.37e+01   1562.631s
 149000 +4.04805434e+11 +4.72857432e+11  6.81e+10   6.17e+05     2.45e+01   1573.042s
 150000 +4.04354276e+11 +4.71118434e+11  6.68e+10   6.14e+05     2.40e+01   1583.452s
 151000 +4.03914720e+11 +4.69520534e+11  6.56e+10   6.11e+05     2.32e+01   1593.863s
 152000 +4.03482979e+11 +4.68028124e+11  6.45e+10   6.07e+05     2.22e+01   1604.274s
 153000 +4.03058080e+11 +4.66668220e+11  6.36e+10   6.03e+05     2.11e+01   1614.685s
 154000 +4.02655018e+11 +4.65447360e+11  6.28e+10   5.99e+05     2.06e+01   1625.097s
 155000 +4.02256532e+11 +4.64345777e+11  6.21e+10   5.95e+05     1.98e+01   1635.508s
 156000 +4.01883211e+11 +4.63269364e+11  6.14e+10   5.90e+05     2.04e+01   1645.917s
 157000 +4.01517381e+11 +4.62225486e+11  6.07e+10   5.86e+05     1.99e+01   1656.329s
 158000 +4.01170223e+11 +4.61284809e+11  6.01e+10   5.82e+05     1.99e+01   1666.740s
 159000 +4.00837576e+11 +4.60397309e+11  5.96e+10   5.79e+05     1.94e+01   1677.150s
 160000 +4.00516842e+11 +4.59529524e+11  5.90e+10   5.75e+05     1.99e+01   1687.561s
 161000 +4.00203377e+11 +4.58702423e+11  5.85e+10   5.72e+05     2.08e+01   1697.973s
 162000 +3.99901586e+11 +4.57915045e+11  5.80e+10   5.68e+05     2.09e+01   1708.383s
 163000 +3.99603593e+11 +4.57135441e+11  5.75e+10   5.65e+05     2.09e+01   1718.795s
 164000 +3.99308350e+11 +4.56409310e+11  5.71e+10   5.62e+05     2.02e+01   1729.206s
 165000 +3.99023395e+11 +4.55634706e+11  5.66e+10   5.59e+05     1.97e+01   1739.616s
 166000 +3.98740720e+11 +4.54793958e+11  5.61e+10   5.56e+05     1.94e+01   1750.028s
 167000 +3.98466915e+11 +4.54167503e+11  5.57e+10   5.53e+05     1.98e+01   1760.437s
 168000 +3.98198318e+11 +4.53532689e+11  5.53e+10   5.50e+05     1.94e+01   1770.849s
 169000 +3.97939824e+11 +4.52896608e+11  5.50e+10   5.47e+05     1.91e+01   1781.260s
 170000 +3.97686805e+11 +4.52333968e+11  5.46e+10   5.43e+05     1.99e+01   1791.673s
 171000 +3.97437413e+11 +4.51788221e+11  5.44e+10   5.40e+05     1.93e+01   1802.085s
 172000 +3.97193952e+11 +4.51278030e+11  5.41e+10   5.36e+05     1.92e+01   1812.494s
 173000 +3.96959103e+11 +4.50747645e+11  5.38e+10   5.34e+05     1.91e+01   1822.906s
 174000 +3.96731815e+11 +4.50281101e+11  5.35e+10   5.31e+05     1.93e+01   1833.315s
 175000 +3.96507179e+11 +4.49785477e+11  5.33e+10   5.29e+05     1.91e+01   1843.726s
 176000 +3.96288667e+11 +4.49283476e+11  5.30e+10   5.27e+05     1.88e+01   1854.137s
 177000 +3.96075762e+11 +4.48815733e+11  5.27e+10   5.25e+05     1.82e+01   1864.547s
 178000 +3.95867012e+11 +4.48341829e+11  5.25e+10   5.23e+05     1.71e+01   1874.957s
 179000 +3.95664215e+11 +4.47894709e+11  5.22e+10   5.21e+05     1.66e+01   1885.367s
 180000 +3.95461070e+11 +4.47471415e+11  5.20e+10   5.20e+05     1.59e+01   1895.779s
 181000 +3.95265047e+11 +4.47030108e+11  5.18e+10   5.18e+05     1.51e+01   1906.191s
 182000 +3.95072097e+11 +4.46606525e+11  5.15e+10   5.16e+05     1.46e+01   1916.601s
 183000 +3.94882529e+11 +4.46211692e+11  5.13e+10   5.15e+05     1.38e+01   1927.013s
 184000 +3.94698001e+11 +4.45810673e+11  5.11e+10   5.13e+05     1.37e+01   1937.424s
 185000 +3.94515835e+11 +4.45421379e+11  5.09e+10   5.11e+05     1.30e+01   1947.835s
 186000 +3.94337022e+11 +4.45030907e+11  5.07e+10   5.10e+05     1.27e+01   1958.247s
 187000 +3.94160686e+11 +4.44641649e+11  5.05e+10   5.08e+05     1.23e+01   1968.658s
 188000 +3.93988582e+11 +4.44241564e+11  5.03e+10   5.06e+05     1.22e+01   1979.071s
 189000 +3.93820567e+11 +4.43855048e+11  5.00e+10   5.05e+05     1.21e+01   1989.483s
 190000 +3.93655253e+11 +4.43487604e+11  4.98e+10   5.03e+05     1.20e+01   1999.896s
 191000 +3.93494182e+11 +4.43118590e+11  4.96e+10   5.02e+05     1.18e+01   2010.306s
 192000 +3.93337238e+11 +4.42756278e+11  4.94e+10   5.00e+05     1.20e+01   2020.718s
 193000 +3.93173398e+11 +4.42409294e+11  4.92e+10   4.98e+05     1.30e+01   2031.129s
 194000 +3.93025647e+11 +4.42096655e+11  4.91e+10   4.97e+05     1.15e+01   2041.541s
 195000 +3.92875416e+11 +4.41764711e+11  4.89e+10   4.95e+05     1.12e+01   2051.951s
 196000 +3.92728146e+11 +4.41447314e+11  4.87e+10   4.93e+05     1.13e+01   2062.362s
 197000 +3.92584930e+11 +4.41136128e+11  4.86e+10   4.92e+05     1.12e+01   2072.774s
 198000 +3.92442361e+11 +4.40822764e+11  4.84e+10   4.90e+05     1.12e+01   2083.185s
 199000 +3.92303048e+11 +4.40521301e+11  4.82e+10   4.88e+05     1.05e+01   2093.596s
 200000 +3.92167111e+11 +4.40233983e+11  4.81e+10   4.87e+05     1.07e+01   2104.008s
 201000 +3.92033044e+11 +4.39950573e+11  4.79e+10   4.85e+05     1.01e+01   2114.419s
 202000 +3.91732903e+11 +4.38942201e+11  4.72e+10   4.82e+05     1.11e+01   2124.825s
 203000 +3.91503252e+11 +4.38310367e+11  4.68e+10   4.88e+05     9.26e+00   2135.224s
 204000 +3.91277627e+11 +4.37771015e+11  4.65e+10   4.92e+05     9.15e+00   2145.623s
 205000 +3.91055155e+11 +4.37268454e+11  4.62e+10   4.96e+05     9.54e+00   2156.023s
 206000 +3.90834645e+11 +4.36790389e+11  4.60e+10   5.00e+05     9.29e+00   2166.423s
 207000 +3.90620351e+11 +4.36312417e+11  4.57e+10   5.03e+05     9.20e+00   2176.823s
 208000 +3.90406386e+11 +4.35861645e+11  4.55e+10   5.06e+05     8.60e+00   2187.223s
 209000 +3.90197170e+11 +4.35416660e+11  4.52e+10   5.08e+05     8.21e+00   2197.624s
 210000 +3.89987915e+11 +4.34994118e+11  4.50e+10   5.09e+05     7.64e+00   2208.025s
 211000 +3.89782865e+11 +4.34582432e+11  4.48e+10   5.11e+05     6.90e+00   2218.426s
 212000 +3.89579935e+11 +4.34175501e+11  4.46e+10   5.13e+05     6.47e+00   2228.826s
 213000 +3.89378227e+11 +4.33760824e+11  4.44e+10   5.14e+05     6.10e+00   2239.226s
 214000 +3.89177314e+11 +4.33356921e+11  4.42e+10   5.15e+05     6.21e+00   2249.627s
 215000 +3.88980443e+11 +4.32950888e+11  4.40e+10   5.16e+05     5.73e+00   2260.028s
 216000 +3.88788934e+11 +4.32563300e+11  4.38e+10   5.17e+05     5.36e+00   2270.428s
 217000 +3.88596493e+11 +4.32199986e+11  4.36e+10   5.18e+05     5.41e+00   2280.826s
 218000 +3.88409819e+11 +4.31842564e+11  4.34e+10   5.18e+05     5.22e+00   2291.227s
 219000 +3.88226171e+11 +4.31488356e+11  4.33e+10   5.19e+05     5.13e+00   2301.626s
 220000 +3.88044661e+11 +4.31134135e+11  4.31e+10   5.19e+05     4.85e+00   2312.028s
 221000 +3.87867005e+11 +4.30801188e+11  4.29e+10   5.20e+05     5.10e+00   2322.427s
 222000 +3.87690268e+11 +4.30481877e+11  4.28e+10   5.20e+05     5.05e+00   2332.827s
 223000 +3.87516208e+11 +4.30148912e+11  4.26e+10   5.20e+05     4.88e+00   2343.227s
 224000 +3.87344503e+11 +4.29828040e+11  4.25e+10   5.20e+05     4.86e+00   2353.628s
 225000 +3.87178639e+11 +4.29519467e+11  4.23e+10   5.20e+05     5.04e+00   2364.028s
 226000 +3.87012439e+11 +4.29205483e+11  4.22e+10   5.20e+05     4.96e+00   2374.429s
 227000 +3.86851505e+11 +4.28897162e+11  4.20e+10   5.20e+05     5.00e+00   2384.831s
 228000 +3.86689081e+11 +4.28601839e+11  4.19e+10   5.20e+05     5.02e+00   2395.234s
 229000 +3.86531237e+11 +4.28310304e+11  4.18e+10   5.19e+05     4.92e+00   2405.637s
 230000 +3.86376852e+11 +4.28031639e+11  4.17e+10   5.19e+05     4.97e+00   2416.039s
 231000 +3.86222190e+11 +4.27761263e+11  4.15e+10   5.19e+05     4.90e+00   2426.439s
 232000 +3.86068694e+11 +4.27495950e+11  4.14e+10   5.18e+05     4.93e+00   2436.841s
 233000 +3.85919353e+11 +4.27236285e+11  4.13e+10   5.17e+05     5.22e+00   2447.245s
 234000 +3.85774740e+11 +4.26981500e+11  4.12e+10   5.16e+05     4.92e+00   2457.647s
 235000 +3.85630499e+11 +4.26733172e+11  4.11e+10   5.15e+05     4.94e+00   2468.047s
 236000 +3.85488357e+11 +4.26490274e+11  4.10e+10   5.15e+05     4.78e+00   2478.448s
 237000 +3.85348395e+11 +4.26240059e+11  4.09e+10   5.14e+05     4.87e+00   2488.848s
 238000 +3.85211884e+11 +4.25997805e+11  4.08e+10   5.13e+05     5.21e+00   2499.249s
 239000 +3.85076486e+11 +4.25761095e+11  4.07e+10   5.13e+05     4.73e+00   2509.651s
 240000 +3.84942379e+11 +4.25529634e+11  4.06e+10   5.12e+05     5.14e+00   2520.056s
 241000 +3.84808190e+11 +4.25303111e+11  4.05e+10   5.11e+05     4.84e+00   2530.458s
 242000 +3.84675791e+11 +4.25082281e+11  4.04e+10   5.10e+05     4.83e+00   2540.862s
 243000 +3.84544550e+11 +4.24857330e+11  4.03e+10   5.09e+05     4.96e+00   2551.267s
 244000 +3.84420583e+11 +4.24631862e+11  4.02e+10   5.07e+05     4.82e+00   2561.669s
 245000 +3.84295741e+11 +4.24412844e+11  4.01e+10   5.06e+05     4.91e+00   2572.071s
 246000 +3.84173663e+11 +4.24202480e+11  4.00e+10   5.05e+05     4.74e+00   2582.475s
 247000 +3.84050486e+11 +4.23996892e+11  3.99e+10   5.04e+05     5.26e+00   2592.879s
 248000 +3.83931237e+11 +4.23786192e+11  3.99e+10   5.02e+05     5.32e+00   2603.283s
 249000 +3.83815365e+11 +4.23581784e+11  3.98e+10   5.01e+05     4.86e+00   2613.688s
 250000 +3.83697061e+11 +4.23361916e+11  3.97e+10   5.00e+05     5.11e+00   2624.090s
 251000 +3.83584653e+11 +4.23153998e+11  3.96e+10   4.99e+05     5.18e+00   2634.494s
 252000 +3.83472111e+11 +4.22950758e+11  3.95e+10   4.97e+05     4.83e+00   2644.898s
 253000 +3.83360298e+11 +4.22749573e+11  3.94e+10   4.96e+05     4.83e+00   2655.299s
 254000 +3.83253484e+11 +4.22557486e+11  3.93e+10   4.94e+05     5.01e+00   2665.704s
 255000 +3.83145111e+11 +4.22369504e+11  3.92e+10   4.93e+05     4.94e+00   2676.108s
 256000 +3.83041140e+11 +4.22189738e+11  3.91e+10   4.92e+05     4.99e+00   2686.511s
 257000 +3.82936315e+11 +4.22019126e+11  3.91e+10   4.91e+05     5.05e+00   2696.914s
 258000 +3.82834639e+11 +4.21842763e+11  3.90e+10   4.90e+05     4.90e+00   2707.318s
 259000 +3.82733926e+11 +4.21659750e+11  3.89e+10   4.88e+05     5.09e+00   2717.723s
 260000 +3.82634267e+11 +4.21485133e+11  3.89e+10   4.87e+05     4.96e+00   2728.129s
 261000 +3.82532621e+11 +4.21313172e+11  3.88e+10   4.86e+05     5.56e+00   2738.532s
 262000 +3.82440300e+11 +4.21141656e+11  3.87e+10   4.84e+05     5.76e+00   2748.937s
 263000 +3.82340588e+11 +4.20978264e+11  3.86e+10   4.83e+05     5.79e+00   2759.340s
 264000 +3.82246119e+11 +4.20816681e+11  3.86e+10   4.81e+05     5.74e+00   2769.745s
 265000 +3.82152190e+11 +4.20656233e+11  3.85e+10   4.80e+05     5.51e+00   2780.149s
 266000 +3.82059446e+11 +4.20495754e+11  3.84e+10   4.79e+05     5.61e+00   2790.552s
 267000 +3.81969829e+11 +4.20341299e+11  3.84e+10   4.78e+05     5.44e+00   2800.957s
 268000 +3.81878144e+11 +4.20192131e+11  3.83e+10   4.76e+05     5.54e+00   2811.361s
 269000 +3.81791360e+11 +4.20047106e+11  3.83e+10   4.75e+05     5.51e+00   2821.767s
 270000 +3.81704149e+11 +4.19893866e+11  3.82e+10   4.74e+05     5.28e+00   2832.172s
 271000 +3.81618240e+11 +4.19739253e+11  3.81e+10   4.73e+05     5.26e+00   2842.577s
 272000 +3.81534843e+11 +4.19592978e+11  3.81e+10   4.72e+05     5.27e+00   2852.983s
 273000 +3.81452551e+11 +4.19446555e+11  3.80e+10   4.70e+05     5.27e+00   2863.389s
 274000 +3.81371591e+11 +4.19292544e+11  3.79e+10   4.69e+05     5.34e+00   2873.794s
 275000 +3.81289941e+11 +4.19144759e+11  3.79e+10   4.68e+05     5.20e+00   2884.200s
 276000 +3.81208925e+11 +4.18998676e+11  3.78e+10   4.67e+05     5.32e+00   2894.606s
 277000 +3.81130331e+11 +4.18845370e+11  3.77e+10   4.66e+05     5.22e+00   2905.010s
 278000 +3.81052713e+11 +4.18697610e+11  3.76e+10   4.65e+05     5.48e+00   2915.415s
 279000 +3.80974712e+11 +4.18552087e+11  3.76e+10   4.63e+05     5.50e+00   2925.820s
 280000 +3.80897733e+11 +4.18406768e+11  3.75e+10   4.62e+05     5.43e+00   2936.227s
 281000 +3.80822920e+11 +4.18271245e+11  3.74e+10   4.61e+05     5.51e+00   2946.631s
 282000 +3.80747066e+11 +4.18137639e+11  3.74e+10   4.60e+05     5.53e+00   2957.036s
 283000 +3.80673474e+11 +4.18005894e+11  3.73e+10   4.58e+05     5.46e+00   2967.443s
 284000 +3.80601002e+11 +4.17872501e+11  3.73e+10   4.57e+05     5.46e+00   2977.849s
 285000 +3.80529342e+11 +4.17746177e+11  3.72e+10   4.56e+05     5.32e+00   2988.254s
 286000 +3.80459427e+11 +4.17616220e+11  3.72e+10   4.55e+05     5.26e+00   2998.659s
 287000 +3.80387499e+11 +4.17485773e+11  3.71e+10   4.54e+05     5.62e+00   3009.065s
 288000 +3.80318719e+11 +4.17357642e+11  3.70e+10   4.53e+05     5.55e+00   3019.469s
 289000 +3.80248882e+11 +4.17227499e+11  3.70e+10   4.51e+05     5.72e+00   3029.873s
 290000 +3.80184607e+11 +4.17099192e+11  3.69e+10   4.50e+05     5.64e+00   3040.279s
 291000 +3.80116729e+11 +4.16969314e+11  3.69e+10   4.49e+05     5.70e+00   3050.686s
 292000 +3.80048977e+11 +4.16846028e+11  3.68e+10   4.48e+05     5.87e+00   3061.091s
 293000 +3.79982464e+11 +4.16722907e+11  3.67e+10   4.46e+05     6.08e+00   3071.497s
 294000 +3.79920504e+11 +4.16611709e+11  3.67e+10   4.45e+05     5.94e+00   3081.904s
 295000 +3.79855935e+11 +4.16500826e+11  3.66e+10   4.44e+05     5.78e+00   3092.309s
 296000 +3.79792794e+11 +4.16386971e+11  3.66e+10   4.43e+05     5.37e+00   3102.715s
 297000 +3.79732253e+11 +4.16276686e+11  3.65e+10   4.41e+05     5.35e+00   3113.122s
 298000 +3.79668218e+11 +4.16168517e+11  3.65e+10   4.40e+05     5.22e+00   3123.529s
 299000 +3.79609031e+11 +4.16062744e+11  3.65e+10   4.39e+05     5.26e+00   3133.933s
 300000 +3.79548241e+11 +4.15952244e+11  3.64e+10   4.37e+05     5.17e+00   3144.341s
 301000 +3.79485356e+11 +4.15846863e+11  3.64e+10   4.36e+05     5.42e+00   3154.748s
 302000 +3.79424287e+11 +4.15746876e+11  3.63e+10   4.34e+05     5.57e+00   3165.153s
 303000 +3.79363908e+11 +4.15653315e+11  3.63e+10   4.33e+05     5.50e+00   3175.560s
 304000 +3.79306153e+11 +4.15553458e+11  3.62e+10   4.32e+05     5.33e+00   3185.966s
 305000 +3.79249450e+11 +4.15456244e+11  3.62e+10   4.30e+05     5.43e+00   3196.372s
 306000 +3.79193481e+11 +4.15363797e+11  3.62e+10   4.29e+05     5.46e+00   3206.780s
 307000 +3.79134486e+11 +4.15275541e+11  3.61e+10   4.28e+05     5.15e+00   3217.188s
 308000 +3.79077990e+11 +4.15185439e+11  3.61e+10   4.27e+05     5.11e+00   3227.594s
 309000 +3.79025432e+11 +4.15094831e+11  3.61e+10   4.25e+05     5.03e+00   3238.001s
 310000 +3.78971780e+11 +4.15007306e+11  3.60e+10   4.24e+05     4.92e+00   3248.409s
 311000 +3.78916766e+11 +4.14920023e+11  3.60e+10   4.23e+05     5.01e+00   3258.816s
 312000 +3.78864435e+11 +4.14836032e+11  3.60e+10   4.22e+05     4.93e+00   3269.221s
 313000 +3.78812440e+11 +4.14756072e+11  3.59e+10   4.21e+05     5.01e+00   3279.629s
 314000 +3.78759026e+11 +4.14671797e+11  3.59e+10   4.20e+05     5.04e+00   3290.035s
 315000 +3.78942199e+11 +4.14495087e+11  3.56e+10   4.08e+05     1.20e+01   3300.438s
 316000 +3.78830519e+11 +4.14320571e+11  3.55e+10   4.10e+05     6.57e+00   3310.828s
 317000 +3.78710870e+11 +4.14154426e+11  3.54e+10   4.11e+05     5.06e+00   3321.220s
 318000 +3.78596691e+11 +4.13999474e+11  3.54e+10   4.13e+05     4.52e+00   3331.612s
 319000 +3.78481099e+11 +4.13853786e+11  3.54e+10   4.14e+05     3.71e+00   3342.004s
 320000 +3.78368539e+11 +4.13712900e+11  3.53e+10   4.15e+05     3.38e+00   3352.397s
 321000 +3.78254782e+11 +4.13571471e+11  3.53e+10   4.16e+05     3.27e+00   3362.790s
 322000 +3.78141134e+11 +4.13433924e+11  3.53e+10   4.17e+05     3.41e+00   3373.183s
 323000 +3.78029655e+11 +4.13302444e+11  3.53e+10   4.18e+05     3.39e+00   3383.578s
 324000 +3.77917991e+11 +4.13168859e+11  3.53e+10   4.19e+05     3.39e+00   3393.972s
 325000 +3.77807401e+11 +4.13039406e+11  3.52e+10   4.20e+05     3.36e+00   3404.367s
 326000 +3.77696067e+11 +4.12866351e+11  3.52e+10   4.21e+05     3.29e+00   3414.763s
 327000 +3.77588917e+11 +4.12698432e+11  3.51e+10   4.22e+05     3.25e+00   3425.158s
 328000 +3.77484019e+11 +4.12552129e+11  3.51e+10   4.22e+05     3.32e+00   3435.554s
 329000 +3.77378776e+11 +4.12409182e+11  3.50e+10   4.23e+05     3.41e+00   3445.949s
 330000 +3.77274363e+11 +4.12270786e+11  3.50e+10   4.23e+05     3.44e+00   3456.345s
 331000 +3.77171930e+11 +4.12138661e+11  3.50e+10   4.24e+05     3.46e+00   3466.742s
 332000 +3.77070707e+11 +4.12015293e+11  3.49e+10   4.24e+05     3.36e+00   3477.138s
 333000 +3.76969877e+11 +4.11884204e+11  3.49e+10   4.24e+05     3.29e+00   3487.536s
 334000 +3.76869492e+11 +4.11755266e+11  3.49e+10   4.25e+05     3.26e+00   3497.933s
 335000 +3.76771494e+11 +4.11631526e+11  3.49e+10   4.25e+05     3.22e+00   3508.329s
 336000 +3.76672542e+11 +4.11510719e+11  3.48e+10   4.25e+05     3.26e+00   3518.725s
 337000 +3.76575374e+11 +4.11393302e+11  3.48e+10   4.25e+05     3.32e+00   3529.124s
 338000 +3.76479996e+11 +4.11266660e+11  3.48e+10   4.26e+05     3.18e+00   3539.520s
 339000 +3.76386160e+11 +4.11137966e+11  3.48e+10   4.26e+05     3.26e+00   3549.916s
 340000 +3.76293346e+11 +4.11007565e+11  3.47e+10   4.26e+05     3.24e+00   3560.315s
 341000 +3.76199813e+11 +4.10881049e+11  3.47e+10   4.26e+05     3.20e+00   3570.710s
 342000 +3.76109803e+11 +4.10755556e+11  3.46e+10   4.26e+05     3.28e+00   3581.109s
 343000 +3.76019680e+11 +4.10629816e+11  3.46e+10   4.26e+05     3.29e+00   3591.508s
 344000 +3.75931038e+11 +4.10511211e+11  3.46e+10   4.26e+05     3.29e+00   3601.907s
PDLP finished
Status: Time Limit   Objective: 3.75931038e+11  Iterations: 344000  Time: 3610.742s

### exit_code=0
### finished=2026-07-23T22:42:28.575952
### gpu_peak_mb=142074.4
### gpu_peak2_mb=0.0
### per_gpu_peak_mb=[142074.375]
 3.21e+00   3595.875s
PDLP finished
Status: Time Limit   Objective: 3.75619001e+11  Iterations: 347600  Time: 3610.942s

### exit_code=0
### finished=2026-07-23T22:02:56.888435
### gpu_peak_mb=142074.4
### gpu_peak2_mb=0.0
### per_gpu_peak_mb=[142074.375]
