### solver=dpdlp
### instance=/home/scratch.bbozkaya_gpu/datasets/GAMS/ELMOD_876_10_noVEnames.mps
### n_gpus=8
### CUDA_VISIBLE_DEVICES=0,1,2,3,4,5,6,7
### started=2026-06-20T11:49:27.810307
### argv=/home/scratch.vmostovoi_gpu/.conda/envs/dpdlp/bin/mpirun -n 8 /home/scratch.vmostovoi_gpu/D-PDLP/build/cupdlpx-dist /home/scratch.bbozkaya_gpu/datasets/GAMS/ELMOD_876_10_noVEnames.mps /home/scratch.vmostovoi_gpu/scaling_bench/runs/dpdlp/ELMOD_876_10_noVEnames__N8 --iter_limit 5000 --time_limit 1e9 --eps_opt 1e-30 --eps_feas 1e-30 --eps_infeas_detect 1e-30 --verbose --no_presolve
### --- solver output ---
Rank 0: Loading MPS file '/home/scratch.bbozkaya_gpu/datasets/GAMS/ELMOD_876_10_noVEnames.mps'...
[Auto-Grid] Decided grid shape: 4 x 2 for 8 processes.
[Timer] Permuting LP Problem took 14.515 seconds.
---------------------------------------------------------------------------------------
                                     D-PDLP                                                
             A First-Order LP Solver Powered by Multiple GPU System                        
                              (c) Hongpei Li, 2026                                           
                          Contact: ishongpeili@gmail.com                                      
                                                                                           
   Based on cuPDLPx by Haihao Lu, MIT (2025): https://github.com/MIT-Lu-Lab/cuPDLPx  
---------------------------------------------------------------------------------------
problem: 256284723 rows, 226061766 columns, 717436984 nonzeros
settings:
  iter_limit         : 5000
  time_limit         : 1000000000.00 sec
  eps_opt            : 1.0e-30
  eps_feas           : 1.0e-30
  eps_infeas_detect  : 1.0e-30
------------------------------ Distributed Configuration ------------------------------
   Grid Size         : 4 x 2 (Rows x Cols)
  Partition Method   : NNZ Balance
  Permute Method     : Block Random (Block-wise Random shuffle)
---------------------------------------------------------------------------------------

[Timer] Data Distribution (Bcast -> Partition) took 61.190 seconds.
---------------------------------------------------------------------------------------
   runtime     |     objective      |   absolute residuals    |   relative residuals    
  iter   time  |  pr obj    du obj  |  pr res  du res   gap   |  pr res  du res   gap   
---------------------------------------------------------------------------------------
     0 7.5e-03 |  0.0e+00   0.0e+00 | 1.2e+06 1.0e+00 0.0e+00 | 6.1e-02 5.0e-01 0.0e+00 
    10 9.4e-02 | -4.3e+08   2.1e+03 | 7.3e+07 1.0e+00 4.3e+08 | 3.9e+00 5.0e-01 1.0e+00 
    20 1.7e-01 | -9.0e+08   4.4e+03 | 7.2e+07 1.0e+00 9.0e+08 | 3.8e+00 5.0e-01 1.0e+00 
    30 2.5e-01 | -1.4e+09   6.7e+03 | 5.8e+07 1.0e+00 1.4e+09 | 3.1e+00 5.0e-01 1.0e+00 
    40 3.3e-01 | -1.8e+09   9.0e+03 | 3.8e+07 1.0e+00 1.8e+09 | 2.0e+00 5.0e-01 1.0e+00 
    50 4.0e-01 | -2.3e+09   1.1e+04 | 1.9e+07 1.0e+00 2.3e+09 | 9.9e-01 5.0e-01 1.0e+00 
    60 4.8e-01 | -2.8e+09   1.4e+04 | 6.1e+06 1.0e+00 2.8e+09 | 3.2e-01 5.0e-01 1.0e+00 
    70 5.6e-01 | -3.3e+09   1.6e+04 | 8.4e+06 1.0e+00 3.3e+09 | 4.5e-01 5.0e-01 1.0e+00 
    80 6.4e-01 | -3.7e+09   1.8e+04 | 1.4e+07 1.0e+00 3.7e+09 | 7.6e-01 5.0e-01 1.0e+00 
    90 7.1e-01 | -4.2e+09   2.1e+04 | 1.8e+07 1.0e+00 4.2e+09 | 9.3e-01 5.0e-01 1.0e+00 
   100 7.9e-01 | -4.7e+09   2.3e+04 | 1.5e+07 1.0e+00 4.7e+09 | 8.0e-01 5.0e-01 1.0e+00 
   110 8.7e-01 | -5.2e+09   2.5e+04 | 9.4e+06 1.0e+00 5.2e+09 | 5.0e-01 5.0e-01 1.0e+00 
   120 9.4e-01 | -5.6e+09   2.8e+04 | 5.0e+06 1.0e+00 5.6e+09 | 2.7e-01 5.0e-01 1.0e+00 
   130 1.0e+00 | -6.1e+09   3.0e+04 | 4.8e+06 1.0e+00 6.1e+09 | 2.5e-01 5.0e-01 1.0e+00 
   140 1.1e+00 | -6.6e+09   3.2e+04 | 7.6e+06 1.0e+00 6.6e+09 | 4.0e-01 5.0e-01 1.0e+00 
   150 1.2e+00 | -7.0e+09   3.5e+04 | 9.5e+06 1.0e+00 7.0e+09 | 5.0e-01 5.0e-01 1.0e+00 
   160 1.3e+00 | -7.5e+09   3.7e+04 | 9.1e+06 1.0e+00 7.5e+09 | 4.8e-01 5.0e-01 1.0e+00 
   170 1.3e+00 | -8.0e+09   3.9e+04 | 6.5e+06 1.0e+00 8.0e+09 | 3.4e-01 5.0e-01 1.0e+00 
   180 1.4e+00 | -8.5e+09   4.1e+04 | 4.5e+06 1.0e+00 8.5e+09 | 2.4e-01 5.0e-01 1.0e+00 
   190 1.5e+00 | -8.9e+09   4.4e+04 | 3.9e+06 1.0e+00 8.9e+09 | 2.1e-01 5.0e-01 1.0e+00 
   200 1.6e+00 | -9.5e+09   4.6e+04 | 5.2e+06 1.0e+00 9.5e+09 | 2.7e-01 5.0e-01 1.0e+00 
   210 1.7e+00 | -2.0e+11   4.6e+04 | 2.6e+08 1.0e+00 2.0e+11 | 1.4e+01 5.0e-01 1.0e+00 
   220 1.7e+00 | -4.0e+11   4.6e+04 | 4.4e+08 1.0e+00 4.0e+11 | 2.3e+01 5.0e-01 1.0e+00 
   230 1.8e+00 | -6.1e+11   4.6e+04 | 4.2e+08 1.0e+00 6.1e+11 | 2.2e+01 5.0e-01 1.0e+00 
   240 1.9e+00 | -8.2e+11   4.6e+04 | 2.6e+08 1.0e+00 8.2e+11 | 1.4e+01 5.0e-01 1.0e+00 
   250 2.0e+00 | -1.0e+12   4.6e+04 | 9.0e+07 1.0e+00 1.0e+12 | 4.8e+00 5.0e-01 1.0e+00 
   260 2.1e+00 | -1.2e+12   4.6e+04 | 1.3e+07 1.0e+00 1.2e+12 | 6.8e-01 5.0e-01 1.0e+00 
   270 2.1e+00 | -1.4e+12   4.6e+04 | 3.0e+07 1.0e+00 1.4e+12 | 1.6e+00 5.0e-01 1.0e+00 
   280 2.2e+00 | -1.6e+12   4.6e+04 | 1.0e+08 1.0e+00 1.6e+12 | 5.3e+00 5.0e-01 1.0e+00 
   290 2.3e+00 | -1.8e+12   4.6e+04 | 1.3e+08 1.0e+00 1.8e+12 | 6.9e+00 5.0e-01 1.0e+00 
   300 2.4e+00 | -2.1e+12   4.6e+04 | 1.0e+08 1.0e+00 2.1e+12 | 5.5e+00 5.0e-01 1.0e+00 
   310 2.4e+00 | -2.3e+12   4.6e+04 | 5.2e+07 1.0e+00 2.3e+12 | 2.7e+00 5.0e-01 1.0e+00 
   320 2.5e+00 | -2.5e+12   4.6e+04 | 2.5e+07 1.0e+00 2.5e+12 | 1.3e+00 5.0e-01 1.0e+00 
   330 2.6e+00 | -2.7e+12   4.6e+04 | 2.9e+07 1.0e+00 2.7e+12 | 1.5e+00 5.0e-01 1.0e+00 
   340 2.7e+00 | -2.9e+12   4.6e+04 | 5.7e+07 1.0e+00 2.9e+12 | 3.0e+00 5.0e-01 1.0e+00 
   350 2.7e+00 | -3.1e+12   4.6e+04 | 8.0e+07 1.0e+00 3.1e+12 | 4.2e+00 5.0e-01 1.0e+00 
   360 2.8e+00 | -3.3e+12   4.6e+04 | 7.0e+07 1.0e+00 3.3e+12 | 3.7e+00 5.0e-01 1.0e+00 
   370 2.9e+00 | -3.5e+12   4.6e+04 | 4.7e+07 1.0e+00 3.5e+12 | 2.5e+00 5.0e-01 1.0e+00 
   380 3.0e+00 | -3.7e+12   4.6e+04 | 3.6e+07 1.0e+00 3.7e+12 | 1.9e+00 5.0e-01 1.0e+00 
   390 3.1e+00 | -3.9e+12   4.6e+04 | 3.7e+07 1.0e+00 3.9e+12 | 1.9e+00 5.0e-01 1.0e+00 
   400 3.1e+00 | -4.1e+12   4.6e+04 | 5.1e+07 1.0e+00 4.1e+12 | 2.7e+00 5.0e-01 1.0e+00 
   410 3.2e+00 | -6.5e+15   4.6e+04 | 4.4e+11 1.0e+00 6.5e+15 | 2.3e+04 5.0e-01 1.0e+00 
   420 3.3e+00 | -1.4e+16   4.6e+04 | 6.3e+11 1.0e+00 1.4e+16 | 3.3e+04 5.0e-01 1.0e+00 
   430 3.4e+00 | -2.1e+16   4.6e+04 | 5.7e+11 1.0e+00 2.1e+16 | 3.0e+04 5.0e-01 1.0e+00 
   440 3.5e+00 | -2.8e+16   4.6e+04 | 4.1e+11 1.0e+00 2.8e+16 | 2.2e+04 5.0e-01 1.0e+00 
   450 3.5e+00 | -3.6e+16   4.6e+04 | 3.2e+11 1.0e+00 3.6e+16 | 1.7e+04 5.0e-01 1.0e+00 
   460 3.6e+00 | -4.3e+16   4.6e+04 | 3.6e+11 1.0e+00 4.3e+16 | 1.9e+04 5.0e-01 1.0e+00 
   470 3.7e+00 | -5.0e+16   4.6e+04 | 4.2e+11 1.0e+00 5.0e+16 | 2.2e+04 5.0e-01 1.0e+00 
   480 3.8e+00 | -5.7e+16   4.6e+04 | 4.9e+11 1.0e+00 5.7e+16 | 2.6e+04 5.0e-01 1.0e+00 
   490 3.9e+00 | -6.4e+16   4.6e+04 | 5.6e+11 1.0e+00 6.4e+16 | 3.0e+04 5.0e-01 1.0e+00 
   500 3.9e+00 | -7.2e+16   4.6e+04 | 6.1e+11 1.0e+00 7.2e+16 | 3.2e+04 5.0e-01 1.0e+00 
   510 4.0e+00 | -7.9e+16   4.6e+04 | 6.5e+11 1.0e+00 7.9e+16 | 3.4e+04 5.0e-01 1.0e+00 
   520 4.1e+00 | -8.6e+16   4.6e+04 | 7.1e+11 1.0e+00 8.6e+16 | 3.7e+04 5.0e-01 1.0e+00 
   530 4.2e+00 | -9.3e+16   4.6e+04 | 7.6e+11 1.0e+00 9.3e+16 | 4.0e+04 5.0e-01 1.0e+00 
   540 4.2e+00 | -1.0e+17   4.6e+04 | 8.2e+11 1.0e+00 1.0e+17 | 4.3e+04 5.0e-01 1.0e+00 
   550 4.3e+00 | -1.1e+17   4.6e+04 | 8.8e+11 1.0e+00 1.1e+17 | 4.6e+04 5.0e-01 1.0e+00 
   560 4.4e+00 | -1.2e+17   4.6e+04 | 9.3e+11 1.0e+00 1.2e+17 | 4.9e+04 5.0e-01 1.0e+00 
   570 4.5e+00 | -1.2e+17   4.6e+04 | 9.8e+11 1.0e+00 1.2e+17 | 5.2e+04 5.0e-01 1.0e+00 
   580 4.5e+00 | -1.3e+17   4.6e+04 | 1.0e+12 1.0e+00 1.3e+17 | 5.4e+04 5.0e-01 1.0e+00 
   590 4.6e+00 | -1.4e+17   4.6e+04 | 1.1e+12 1.0e+00 1.4e+17 | 5.7e+04 5.0e-01 1.0e+00 
   600 4.7e+00 | -1.4e+17   4.6e+04 | 1.1e+12 1.0e+00 1.4e+17 | 6.0e+04 5.0e-01 1.0e+00 
   610 4.8e+00 | -1.5e+17   4.6e+04 | 1.2e+12 1.0e+00 1.5e+17 | 6.3e+04 5.0e-01 1.0e+00 
   620 4.9e+00 | -1.6e+17   4.6e+04 | 1.2e+12 1.0e+00 1.6e+17 | 6.5e+04 5.0e-01 1.0e+00 
   630 4.9e+00 | -1.7e+17   4.6e+04 | 1.3e+12 1.0e+00 1.7e+17 | 6.8e+04 5.0e-01 1.0e+00 
   640 5.0e+00 | -1.7e+17   4.6e+04 | 1.3e+12 1.0e+00 1.7e+17 | 7.0e+04 5.0e-01 1.0e+00 
   650 5.1e+00 | -1.8e+17   4.6e+04 | 1.4e+12 1.0e+00 1.8e+17 | 7.3e+04 5.0e-01 1.0e+00 
   660 5.2e+00 | -1.9e+17   4.6e+04 | 1.4e+12 1.0e+00 1.9e+17 | 7.5e+04 5.0e-01 1.0e+00 
   670 5.3e+00 | -1.9e+17   4.6e+04 | 1.5e+12 1.0e+00 1.9e+17 | 7.7e+04 5.0e-01 1.0e+00 
   680 5.3e+00 | -2.0e+17   4.6e+04 | 1.5e+12 1.0e+00 2.0e+17 | 8.0e+04 5.0e-01 1.0e+00 
   690 5.4e+00 | -2.1e+17   4.6e+04 | 1.6e+12 1.0e+00 2.1e+17 | 8.2e+04 5.0e-01 1.0e+00 
   700 5.5e+00 | -2.2e+17   4.6e+04 | 1.6e+12 1.0e+00 2.2e+17 | 8.4e+04 5.0e-01 1.0e+00 
   710 5.6e+00 | -2.2e+17   4.6e+04 | 1.6e+12 1.0e+00 2.2e+17 | 8.6e+04 5.0e-01 1.0e+00 
   720 5.6e+00 | -2.3e+17   4.6e+04 | 1.7e+12 1.0e+00 2.3e+17 | 8.8e+04 5.0e-01 1.0e+00 
   730 5.7e+00 | -2.4e+17   4.6e+04 | 1.7e+12 1.0e+00 2.4e+17 | 9.1e+04 5.0e-01 1.0e+00 
   740 5.8e+00 | -2.5e+17   4.6e+04 | 1.8e+12 1.0e+00 2.5e+17 | 9.3e+04 5.0e-01 1.0e+00 
   750 5.9e+00 | -2.5e+17   4.5e+04 | 1.8e+12 1.0e+00 2.5e+17 | 9.4e+04 5.0e-01 1.0e+00 
   760 6.0e+00 | -2.6e+17   4.5e+04 | 1.8e+12 1.0e+00 2.6e+17 | 9.6e+04 5.0e-01 1.0e+00 
   770 6.0e+00 | -2.7e+17   4.5e+04 | 1.9e+12 1.0e+00 2.7e+17 | 9.8e+04 5.0e-01 1.0e+00 
   780 6.1e+00 | -2.7e+17   4.5e+04 | 1.9e+12 1.0e+00 2.7e+17 | 1.0e+05 5.0e-01 1.0e+00 
   790 6.2e+00 | -2.8e+17   4.5e+04 | 1.9e+12 1.0e+00 2.8e+17 | 1.0e+05 5.0e-01 1.0e+00 
   800 6.3e+00 | -2.9e+17   4.5e+04 | 2.0e+12 1.0e+00 2.9e+17 | 1.0e+05 5.0e-01 1.0e+00 
   810 6.4e+00 | -2.1e+20   4.5e+04 | 1.2e+15 1.0e+00 2.1e+20 | 6.6e+07 5.0e-01 1.0e+00 
   820 6.4e+00 | -4.4e+20   4.5e+04 | 2.5e+15 1.0e+00 4.4e+20 | 1.3e+08 5.0e-01 1.0e+00 
   830 6.5e+00 | -6.7e+20   4.5e+04 | 3.8e+15 1.0e+00 6.7e+20 | 2.0e+08 5.0e-01 1.0e+00 
   840 6.6e+00 | -9.0e+20   4.5e+04 | 5.1e+15 1.0e+00 9.0e+20 | 2.7e+08 5.0e-01 1.0e+00 
   850 6.7e+00 | -1.1e+21   4.5e+04 | 6.4e+15 1.0e+00 1.1e+21 | 3.4e+08 5.0e-01 1.0e+00 
   860 6.7e+00 | -1.4e+21   4.5e+04 | 7.7e+15 1.0e+00 1.4e+21 | 4.1e+08 5.0e-01 1.0e+00 
   870 6.8e+00 | -1.6e+21   4.5e+04 | 9.0e+15 1.0e+00 1.6e+21 | 4.8e+08 5.0e-01 1.0e+00 
   880 6.9e+00 | -1.8e+21   4.5e+04 | 1.0e+16 1.0e+00 1.8e+21 | 5.5e+08 5.0e-01 1.0e+00 
   890 7.0e+00 | -2.0e+21   4.5e+04 | 1.2e+16 1.0e+00 2.0e+21 | 6.1e+08 5.0e-01 1.0e+00 
   900 7.0e+00 | -2.3e+21   4.5e+04 | 1.3e+16 1.0e+00 2.3e+21 | 6.8e+08 5.0e-01 1.0e+00 
   910 7.1e+00 | -2.5e+21   4.5e+04 | 1.4e+16 1.0e+00 2.5e+21 | 7.5e+08 5.0e-01 1.0e+00 
   920 7.2e+00 | -2.7e+21   4.5e+04 | 1.5e+16 1.0e+00 2.7e+21 | 8.2e+08 5.0e-01 1.0e+00 
   930 7.3e+00 | -3.0e+21   4.5e+04 | 1.7e+16 1.0e+00 3.0e+21 | 8.8e+08 5.0e-01 1.0e+00 
   940 7.4e+00 | -3.2e+21   4.5e+04 | 1.8e+16 1.0e+00 3.2e+21 | 9.5e+08 5.0e-01 1.0e+00 
   950 7.4e+00 | -3.4e+21   4.5e+04 | 1.9e+16 1.0e+00 3.4e+21 | 1.0e+09 5.0e-01 1.0e+00 
   960 7.5e+00 | -3.7e+21   4.5e+04 | 2.1e+16 1.0e+00 3.7e+21 | 1.1e+09 5.0e-01 1.0e+00 
   970 7.6e+00 | -3.9e+21   4.5e+04 | 2.2e+16 1.0e+00 3.9e+21 | 1.1e+09 5.0e-01 1.0e+00 
   980 7.7e+00 | -4.1e+21   4.5e+04 | 2.3e+16 1.0e+00 4.1e+21 | 1.2e+09 5.0e-01 1.0e+00 
   990 7.7e+00 | -4.3e+21   4.5e+04 | 2.4e+16 1.0e+00 4.3e+21 | 1.3e+09 5.0e-01 1.0e+00 
  1000 7.8e+00 | -4.6e+21   4.5e+04 | 2.6e+16 1.0e+00 4.6e+21 | 1.3e+09 5.0e-01 1.0e+00 
  1100 8.5e+00 | -6.9e+21   4.5e+04 | 3.7e+16 1.0e+00 6.9e+21 | 1.9e+09 5.0e-01 1.0e+00 
  1200 9.2e+00 | -9.2e+21   4.5e+04 | 4.7e+16 1.0e+00 9.2e+21 | 2.5e+09 5.0e-01 1.0e+00 
  1300 9.9e+00 | -1.1e+22   4.5e+04 | 5.5e+16 1.0e+00 1.1e+22 | 2.9e+09 5.0e-01 1.0e+00 
  1400 1.1e+01 | -1.4e+22   4.4e+04 | 6.2e+16 1.0e+00 1.4e+22 | 3.3e+09 5.0e-01 1.0e+00 
  1500 1.1e+01 | -1.4e+22  -2.4e+11 | 6.1e+16 8.0e+04 1.4e+22 | 3.2e+09 4.0e+04 1.0e+00 
  1600 1.2e+01 | -1.4e+22  -4.6e+11 | 5.9e+16 1.4e+05 1.4e+22 | 3.1e+09 7.0e+04 1.0e+00 
  1700 1.3e+01 | -1.4e+22  -6.6e+11 | 5.6e+16 1.9e+05 1.4e+22 | 3.0e+09 9.6e+04 1.0e+00 
  1800 1.3e+01 | -1.4e+22  -8.3e+11 | 5.2e+16 2.4e+05 1.4e+22 | 2.7e+09 1.2e+05 1.0e+00 
  1900 1.4e+01 | -1.4e+22  -9.6e+11 | 4.8e+16 2.7e+05 1.4e+22 | 2.5e+09 1.3e+05 1.0e+00 
  2000 1.5e+01 | -1.4e+22  -1.1e+12 | 4.3e+16 2.8e+05 1.4e+22 | 2.3e+09 1.4e+05 1.0e+00 
  2100 1.6e+01 | -1.4e+22  -1.1e+12 | 3.9e+16 2.9e+05 1.4e+22 | 2.0e+09 1.5e+05 1.0e+00 
  2200 1.6e+01 | -1.4e+22  -1.2e+12 | 3.5e+16 2.9e+05 1.4e+22 | 1.8e+09 1.5e+05 1.0e+00 
  2300 1.7e+01 | -1.4e+22  -1.3e+12 | 3.2e+16 3.0e+05 1.4e+22 | 1.7e+09 1.5e+05 1.0e+00 
  2400 1.8e+01 | -1.4e+22  -1.3e+12 | 3.0e+16 3.1e+05 1.4e+22 | 1.6e+09 1.5e+05 1.0e+00 
  2500 1.8e+01 | -1.4e+22  -1.4e+12 | 2.7e+16 3.1e+05 1.4e+22 | 1.4e+09 1.5e+05 1.0e+00 
  2600 1.9e+01 | -1.4e+22  -1.4e+12 | 2.5e+16 3.1e+05 1.4e+22 | 1.3e+09 1.5e+05 1.0e+00 
  2700 2.0e+01 | -1.4e+22  -1.5e+12 | 2.3e+16 3.0e+05 1.4e+22 | 1.2e+09 1.5e+05 1.0e+00 
  2800 2.1e+01 | -1.4e+22  -1.5e+12 | 2.2e+16 3.0e+05 1.4e+22 | 1.2e+09 1.5e+05 1.0e+00 
  2900 2.1e+01 | -1.4e+22  -1.5e+12 | 2.1e+16 3.0e+05 1.4e+22 | 1.1e+09 1.5e+05 1.0e+00 
  3000 2.2e+01 | -1.4e+22  -1.5e+12 | 1.9e+16 2.9e+05 1.4e+22 | 1.0e+09 1.5e+05 1.0e+00 
  3100 2.3e+01 | -1.4e+22  -1.5e+12 | 1.8e+16 2.9e+05 1.4e+22 | 9.6e+08 1.4e+05 1.0e+00 
  3200 2.3e+01 | -1.4e+22  -1.5e+12 | 1.7e+16 2.9e+05 1.4e+22 | 9.1e+08 1.4e+05 1.0e+00 
  3300 2.4e+01 | -1.4e+22  -1.5e+12 | 1.6e+16 2.8e+05 1.4e+22 | 8.7e+08 1.4e+05 1.0e+00 
  3400 2.5e+01 | -1.4e+22  -1.5e+12 | 1.6e+16 2.7e+05 1.4e+22 | 8.2e+08 1.4e+05 1.0e+00 
  3500 2.5e+01 | -1.4e+22  -1.5e+12 | 1.5e+16 2.6e+05 1.4e+22 | 7.9e+08 1.3e+05 1.0e+00 
  3600 2.6e+01 | -1.4e+22  -1.5e+12 | 1.4e+16 2.5e+05 1.4e+22 | 7.5e+08 1.3e+05 1.0e+00 
  3700 2.7e+01 | -1.4e+22  -1.5e+12 | 1.4e+16 2.3e+05 1.4e+22 | 7.4e+08 1.2e+05 1.0e+00 
  3800 2.8e+01 | -1.4e+22  -1.5e+12 | 1.4e+16 2.1e+05 1.4e+22 | 7.4e+08 1.1e+05 1.0e+00 
  3900 2.8e+01 | -1.4e+22  -1.5e+12 | 1.4e+16 2.0e+05 1.4e+22 | 7.5e+08 9.8e+04 1.0e+00 
  4000 2.9e+01 | -1.4e+22  -1.5e+12 | 1.5e+16 1.8e+05 1.4e+22 | 7.7e+08 9.1e+04 1.0e+00 
  4100 3.0e+01 | -1.4e+22  -1.5e+12 | 1.5e+16 1.7e+05 1.4e+22 | 7.9e+08 8.5e+04 1.0e+00 
  4200 3.0e+01 | -1.4e+22  -1.5e+12 | 1.5e+16 1.6e+05 1.4e+22 | 8.0e+08 7.9e+04 1.0e+00 
  4300 3.1e+01 | -1.4e+22  -1.5e+12 | 1.5e+16 1.5e+05 1.4e+22 | 8.2e+08 7.4e+04 1.0e+00 
  4400 3.2e+01 | -1.4e+22  -1.5e+12 | 1.6e+16 1.4e+05 1.4e+22 | 8.3e+08 7.0e+04 1.0e+00 
  4500 3.3e+01 | -1.4e+22  -1.5e+12 | 1.6e+16 1.3e+05 1.4e+22 | 8.4e+08 6.6e+04 1.0e+00 
  4600 3.3e+01 | -1.4e+22  -1.5e+12 | 1.6e+16 1.2e+05 1.4e+22 | 8.4e+08 6.2e+04 1.0e+00 
  4700 3.4e+01 | -1.4e+22  -1.5e+12 | 1.6e+16 1.2e+05 1.4e+22 | 8.4e+08 5.9e+04 1.0e+00 
  4800 3.5e+01 | -1.4e+22  -1.5e+12 | 1.6e+16 1.1e+05 1.4e+22 | 8.4e+08 5.6e+04 1.0e+00 
  4900 3.5e+01 | -1.4e+22  -1.5e+12 | 1.6e+16 1.1e+05 1.4e+22 | 8.4e+08 5.4e+04 1.0e+00 
  5000 3.5e+01 | -1.4e+22  -1.5e+12 | 1.6e+16 1.0e+05 1.4e+22 | 8.3e+08 5.2e+04 1.0e+00 
---------------------------------------------------------------------------------------
Solution Summary
  Status             : ITERATION_LIMIT
  Solve time         : 35.4 sec
  Iterations         : 5000
  Primal objective   : -1.377933871e+22
  Dual objective     : -1.538671821e+12
  Objective gap      : 1.000e+00
  Primal infeas      : 8.350e+08
  Dual infeas        : 5.189e+04

### exit_code=0
### finished=2026-06-20T11:59:51.859869
### gpu_peak_mb=31247.6
### gpu_peak2_mb=28373.2
### per_gpu_peak_mb=[31247.625, 28373.1875, 26831.1875, 28349.1875, 26459.1875, 27985.1875, 26625.1875, 28151.1875]
