### solver=cuopt-distributed
### instance=/home/scratch.vmostovoi_gpu/mostovoi_cuopt/datasets/linear_programming/afiro_original.mps
### n_gpus=4
### CUDA_VISIBLE_DEVICES=0,1,2,3
### started=2026-06-19T12:33:06.333072
### argv=/home/scratch.vmostovoi_gpu/mostovoi_cuopt/cpp/build/cuopt_cli --use-distributed-pdlp true --distributed-pdlp-partitioner kaminpar --mps-reader fast --method 1 --presolve 0 --pdlp-disable-graph false --iteration-limit 5000 --time-limit 1e9 --absolute-primal-tolerance 1e-30 --relative-primal-tolerance 1e-30 --absolute-dual-tolerance 1e-30 --relative-dual-tolerance 1e-30 --absolute-gap-tolerance 1e-30 --relative-gap-tolerance 1e-30 --log-to-console true /home/scratch.vmostovoi_gpu/mostovoi_cuopt/datasets/linear_programming/afiro_original.mps
### --- solver output ---
Setting parameter absolute_dual_tolerance to 1.000000e-30
Setting parameter absolute_gap_tolerance to 1.000000e-30
Setting parameter absolute_primal_tolerance to 1.000000e-30
Setting parameter distributed_pdlp_partitioner to kaminpar
Setting parameter iteration_limit to 5000
Setting parameter log_to_console to true
Setting parameter method to 1
Setting parameter pdlp_disable_graph to false
Setting parameter presolve to 0
Setting parameter relative_dual_tolerance to 1.000000e-30
Setting parameter relative_gap_tolerance to 1.000000e-30
Setting parameter relative_primal_tolerance to 1.000000e-30
Setting parameter time_limit to 1.000000e+09
Setting parameter use_distributed_pdlp to true
Reading file afiro_original.mps
Using experimental fast MPS parser for '/home/scratch.vmostovoi_gpu/mostovoi_cuopt/datasets/linear_programming/afiro_original.mps'
Read file afiro_original.mps in 0.00 seconds
solve_lp_distributed_from_mps: distributed_pdlp_num_gpus == -1, auto-detected 4 visible CUDA device(s)
cuOpt version: 26.8.0, git hash: 5e62e9ba, host arch: x86_64, device archs: 100a-real
CPU: INTEL(R) XEON(R) PLATINUM 8570, threads (physical/logical): 112/224, RAM: 1766.93 GiB
CUDA 13.3, device: NVIDIA B200 (ID 0), VRAM: 178.34 GiB
CUDA device UUID: e6961f25-a4ed-893a-9bde-dd1b8fe0905d

Solving a problem with 27 constraints, 32 variables (0 integers), and 83 nonzeros (distributed mps-direct path)
Solving with distributed PDLP on 4 GPU (mps direct path)
Partitioning 27 constraints + 32 variables into 4 part(s) using the kaminpar partitioner
KaMinPar partitioned bipartite graph: nvtx=59 nnz=83 nb_parts=4 nthreads=224 edge_cut=15 in 0.075s
distributed_pdlp: building rank_data for 4 parts ...
distributed_pdlp: rank_data build done in 0.042 s
distributed_pdlp: building 4 shard solver(s) ...
distributed_pdlp: shard build done in 0.132 s
      0 +0.00000000e+00 +0.00000000e+00  0.00e+00   0.00e+00     1.00e+01   1.483s
   1000 -4.64753025e+02 -4.64750821e+02  2.20e-03   2.87e-05     4.07e-06   1.670s
   2000 -4.64753143e+02 -4.64753143e+02  2.16e-08   1.75e-08     2.80e-12   1.771s
   3000 -4.64753143e+02 -4.64753143e+02  3.41e-13   2.05e-13     1.82e-15   1.873s
   4000 -4.64753143e+02 -4.64753143e+02  1.91e-11   1.12e-11     5.38e-15   1.971s
   5000 -4.64753143e+02 -4.64753143e+02  1.42e-12   9.24e-12     3.19e-15   2.069s
PDLP finished
Status: Iteration Limit   Objective: -4.64753143e+02  Iterations: 5000  Time: 2.069s

### exit_code=0
### finished=2026-06-19T12:33:12.402747
### gpu_peak_mb=3691.1
### gpu_peak2_mb=3627.1
### per_gpu_peak_mb=[3691.0625, 3627.0625, 3627.0625, 3627.0625]
