### solver=cuopt-distributed
### instance=/home/scratch.vmostovoi_gpu/datasets/big_lp/C5_bigger_sanitized.mps
### n_gpus=2
### CUDA_VISIBLE_DEVICES=0,1
### started=2026-06-19T11:22:57.326941
### argv=/home/scratch.vmostovoi_gpu/mostovoi_cuopt/cpp/build/cuopt_cli --use-distributed-pdlp true --distributed-pdlp-partitioner kaminpar --mps-reader fast --method 1 --presolve 0 --pdlp-disable-graph false --iteration-limit 5000 --time-limit 1e9 --absolute-primal-tolerance 1e-30 --relative-primal-tolerance 1e-30 --absolute-dual-tolerance 1e-30 --relative-dual-tolerance 1e-30 --absolute-gap-tolerance 1e-30 --relative-gap-tolerance 1e-30 --log-to-console true /home/scratch.vmostovoi_gpu/datasets/big_lp/C5_bigger_sanitized.mps
### --- solver output ---
Setting parameter absolute_dual_tolerance to 1.000000e-30
Setting parameter absolute_gap_tolerance to 1.000000e-30
Setting parameter absolute_primal_tolerance to 1.000000e-30
Setting parameter distributed_pdlp_partitioner to kaminpar
Setting parameter iteration_limit to 5000
Setting parameter log_to_console to true
Setting parameter method to 1
Setting parameter pdlp_disable_graph to false
Setting parameter presolve to 0
Setting parameter relative_dual_tolerance to 1.000000e-30
Setting parameter relative_gap_tolerance to 1.000000e-30
Setting parameter relative_primal_tolerance to 1.000000e-30
Setting parameter time_limit to 1.000000e+09
Setting parameter use_distributed_pdlp to true
Reading file C5_bigger_sanitized.mps
Using experimental fast MPS parser for '/home/scratch.vmostovoi_gpu/datasets/big_lp/C5_bigger_sanitized.mps'
Read file C5_bigger_sanitized.mps in 47.52 seconds
solve_lp_distributed_from_mps: distributed_pdlp_num_gpus == -1, auto-detected 2 visible CUDA device(s)
cuOpt version: 26.8.0, git hash: 5e62e9ba, host arch: x86_64, device archs: 100a-real
CPU: INTEL(R) XEON(R) PLATINUM 8570, threads (physical/logical): 112/224, RAM: 1750.92 GiB
CUDA 13.3, device: NVIDIA B200 (ID 0), VRAM: 178.34 GiB
CUDA device UUID: 51ab0c2f-0541-d8cc-0921-164c3afeb6e0

Solving a problem with 57249021 constraints, 327801326 variables (0 integers), and 731225678 nonzeros (distributed mps-direct path)
Solving with distributed PDLP on 2 GPU (mps direct path)
Partitioning 57249021 constraints + 327801326 variables into 2 part(s) using the kaminpar partitioner
KaMinPar partitioned bipartite graph: nvtx=385050347 nnz=731225678 nb_parts=2 nthreads=224 edge_cut=625577 in 5.074s
distributed_pdlp: building rank_data for 2 parts ...
distributed_pdlp: rank_data build done in 21.800 s
distributed_pdlp: building 2 shard solver(s) ...
distributed_pdlp: shard build done in 17.380 s
      0 +0.00000000e+00 +0.00000000e+00  0.00e+00   2.78e+08     3.14e+06   97.107s
   1000 -1.00134240e+11 +2.01667463e+13  2.03e+13   1.30e+07     3.81e+04   104.791s
   2000 -5.87936718e+10 -9.28130749e+11  8.69e+11   1.32e+07     1.85e+04   111.379s
   3000 -3.65803415e+10 -4.39629273e+11  4.03e+11   8.10e+06     1.17e+04   117.969s
   4000 -2.65768955e+10 -5.21259034e+10  2.55e+10   4.81e+06     7.28e+03   124.557s
   5000 -2.05305480e+10 +8.30591176e+11  8.51e+11   2.84e+06     4.20e+03   131.139s
PDLP finished
Status: Iteration Limit   Objective: -2.05305480e+10  Iterations: 5000  Time: 137.454s

### exit_code=0
### finished=2026-06-19T11:26:28.985039
### gpu_peak_mb=95083.1  per_gpu_peak_mb=[95083.0625, 69481.0625]
