### solver=cuopt-distributed
### instance=/home/scratch.vmostovoi_gpu/datasets/big_lp/google/heat-source-hard.mps
### n_gpus=4
### CUDA_VISIBLE_DEVICES=0,1,2,3
### started=2026-06-19T13:11:22.308979
### argv=/home/scratch.vmostovoi_gpu/mostovoi_cuopt/cpp/build/cuopt_cli --use-distributed-pdlp true --distributed-pdlp-partitioner kaminpar --mps-reader fast --method 1 --presolve 0 --pdlp-disable-graph false --iteration-limit 5000 --time-limit 1e9 --absolute-primal-tolerance 1e-30 --relative-primal-tolerance 1e-30 --absolute-dual-tolerance 1e-30 --relative-dual-tolerance 1e-30 --absolute-gap-tolerance 1e-30 --relative-gap-tolerance 1e-30 --log-to-console true /home/scratch.vmostovoi_gpu/datasets/big_lp/google/heat-source-hard.mps
### --- solver output ---
Setting parameter absolute_dual_tolerance to 1.000000e-30
Setting parameter absolute_gap_tolerance to 1.000000e-30
Setting parameter absolute_primal_tolerance to 1.000000e-30
Setting parameter distributed_pdlp_partitioner to kaminpar
Setting parameter iteration_limit to 5000
Setting parameter log_to_console to true
Setting parameter method to 1
Setting parameter pdlp_disable_graph to false
Setting parameter presolve to 0
Setting parameter relative_dual_tolerance to 1.000000e-30
Setting parameter relative_gap_tolerance to 1.000000e-30
Setting parameter relative_primal_tolerance to 1.000000e-30
Setting parameter time_limit to 1.000000e+09
Setting parameter use_distributed_pdlp to true
Reading file heat-source-hard.mps
Using experimental fast MPS parser for '/home/scratch.vmostovoi_gpu/datasets/big_lp/google/heat-source-hard.mps'
Read file heat-source-hard.mps in 4.97 seconds
solve_lp_distributed_from_mps: distributed_pdlp_num_gpus == -1, auto-detected 4 visible CUDA device(s)
cuOpt version: 26.8.0, git hash: 5e62e9ba, host arch: x86_64, device archs: 100a-real
CPU: INTEL(R) XEON(R) PLATINUM 8570, threads (physical/logical): 112/224, RAM: 1756.70 GiB
CUDA 13.3, device: NVIDIA B200 (ID 0), VRAM: 178.34 GiB
CUDA device UUID: e6961f25-a4ed-893a-9bde-dd1b8fe0905d

Solving a problem with 15625000 constraints, 31628008 variables (0 integers), and 125000000 nonzeros (distributed mps-direct path)
Solving with distributed PDLP on 4 GPU (mps direct path)
Partitioning 15625000 constraints + 31628008 variables into 4 part(s) using the kaminpar partitioner
KaMinPar partitioned bipartite graph: nvtx=47253008 nnz=125000000 nb_parts=4 nthreads=224 edge_cut=458694 in 1.019s
distributed_pdlp: building rank_data for 4 parts ...
distributed_pdlp: rank_data build done in 1.853 s
distributed_pdlp: building 4 shard solver(s) ...
distributed_pdlp: shard build done in 1.961 s
      0 +0.00000000e+00 +0.00000000e+00  0.00e+00   0.00e+00     3.95e+03   13.068s
   1000 +3.18480576e+06 +9.07661593e+13  9.08e+13   1.01e+05     5.28e+11   13.817s
   2000 +7.57842378e+06 +2.93301765e+14  2.93e+14   8.26e+04     1.17e+12   14.446s
   3000 +1.33227938e+07 +6.75935305e+14  6.76e+14   7.05e+04     2.29e+12   15.073s
   4000 +2.16919600e+07 +1.08075783e+15  1.08e+15   5.95e+04     3.28e+12   15.703s
   5000 +3.02435893e+07 +1.47823368e+15  1.48e+15   5.09e+04     4.19e+12   16.330s
PDLP finished
Status: Iteration Limit   Objective: 3.02435893e+07  Iterations: 5000  Time: 17.018s

### exit_code=0
### finished=2026-06-19T13:11:51.504468
### gpu_peak_mb=11467.1
### gpu_peak2_mb=8331.1
### per_gpu_peak_mb=[11467.0625, 8331.0625, 8299.0625, 8331.0625]
