### solver=cuopt-distributed
### instance=/home/scratch.vmostovoi_gpu/gurobi_things/gurobi_presolved/C5_bigger_sanitized_gurobi_presolved.mps
### n_gpus=8
### CUDA_VISIBLE_DEVICES=0,1,2,3,4,5,6,7
### started=2026-07-23T15:19:39.375922
### argv=/home/scratch.vmostovoi_gpu/mostovoi_cuopt/cpp/build/cuopt_cli --use-distributed-pdlp true --method 1 --presolve 0 --mps-reader experimental-fast --time-limit 3600 --iteration-limit 1000000000 --relative-primal-tolerance 1e-4 --relative-dual-tolerance 1e-4 --relative-gap-tolerance 1e-4 --log-to-console true /home/scratch.vmostovoi_gpu/gurobi_things/gurobi_presolved/C5_bigger_sanitized_gurobi_presolved.mps
### --- solver output ---
Setting parameter iteration_limit to 1000000000
Setting parameter log_to_console to true
Setting parameter method to 1
Setting parameter presolve to 0
Setting parameter relative_dual_tolerance to 1.000000e-04
Setting parameter relative_gap_tolerance to 1.000000e-04
Setting parameter relative_primal_tolerance to 1.000000e-04
Setting parameter time_limit to 3.600000e+03
Setting parameter use_distributed_pdlp to true
Reading file C5_bigger_sanitized_gurobi_presolved.mps
Using experimental fast MPS parser for '/home/scratch.vmostovoi_gpu/gurobi_things/gurobi_presolved/C5_bigger_sanitized_gurobi_presolved.mps'
Read file C5_bigger_sanitized_gurobi_presolved.mps in 19.83 seconds
cuOpt version: 26.8.0, git hash: 7116ead1, host arch: x86_64, device archs: 100a-real
CPU: INTEL(R) XEON(R) PLATINUM 8570, threads (physical/logical): 112/224, RAM: 1690.28 GiB
CUDA 13.3, device: NVIDIA B200 (ID 0), VRAM: 178.34 GiB
CUDA device UUID: e7dca740-cb67-c5c1-9f70-180590865924
CUDA 13.3, device: NVIDIA B200 (ID 1), VRAM: 178.34 GiB
CUDA device UUID: 942b2637-20fa-3c36-c6a8-f1aa04d0bd1a
CUDA 13.3, device: NVIDIA B200 (ID 2), VRAM: 178.34 GiB
CUDA device UUID: c274a42e-3dad-5b13-2f97-0e73dad9860f
CUDA 13.3, device: NVIDIA B200 (ID 3), VRAM: 178.34 GiB
CUDA device UUID: 76f36abb-b870-62b0-e656-86fa3d970c41
CUDA 13.3, device: NVIDIA B200 (ID 4), VRAM: 178.34 GiB
CUDA device UUID: 7436505e-bbaf-e0ad-fb4b-6f59c231b2ec
CUDA 13.3, device: NVIDIA B200 (ID 5), VRAM: 178.34 GiB
CUDA device UUID: 8c99648d-c914-d608-25cc-190e34a0c1e6
CUDA 13.3, device: NVIDIA B200 (ID 6), VRAM: 178.34 GiB
CUDA device UUID: f98c5d53-bc59-f20d-4b6c-3039aaae2dc2
CUDA 13.3, device: NVIDIA B200 (ID 7), VRAM: 178.34 GiB
CUDA device UUID: c926fe7e-7c1d-5dc5-d0fc-cdaa30d4f70d
Solving a problem with 7593333 constraints, 88150082 variables (0 integers), and 204746557 nonzeros
Solving with distributed PDLP on 8 GPUs.
NCCL version 2.30.7+cuda13.3
      0 -5.15775551e+09 -5.15775551e+09  0.00e+00   9.98e+07     2.01e+06   23.787s
   1000 -3.63850206e+10 +7.50544508e+11  7.87e+11   2.96e+06     6.93e+03   24.613s
   2000 -1.57035225e+10 +7.94814276e+11  8.11e+11   1.85e+06     4.94e+03   25.275s
   3000 -5.68207791e+09 +7.96119634e+11  8.02e+11   1.03e+06     4.81e+03   25.937s
   4000 -7.66114249e+08 +5.94913270e+11  5.96e+11   1.30e+06     3.37e+03   26.599s
   5000 +5.32831942e+08 +1.24020144e+11  1.23e+11   2.34e+06     2.02e+03   27.260s
   6000 +1.19690049e+09 -2.14529921e+11  2.16e+11   1.60e+06     1.99e+03   27.923s
   7000 +1.99918534e+09 -4.17017481e+11  4.19e+11   1.66e+06     2.20e+03   28.583s
   8000 +2.26819273e+09 -3.82116667e+11  3.84e+11   9.68e+05     1.97e+03   29.244s
   9000 +2.55429295e+09 -2.08135704e+11  2.11e+11   6.53e+05     1.16e+03   29.905s
  10000 +2.77182316e+09 -1.07843931e+11  1.11e+11   7.69e+05     6.30e+02   30.568s
  11000 +2.68237733e+09 -9.56356900e+09  1.22e+10   6.57e+05     4.07e+02   31.223s
  12000 +2.82059690e+09 +1.30808762e+09  1.51e+09   3.13e+05     2.48e+02   31.878s
  13000 +2.88840141e+09 -3.47808398e+10  3.77e+10   2.88e+05     1.51e+02   32.534s
  14000 +3.01127549e+09 -2.48933241e+10  2.79e+10   2.73e+05     2.32e+02   33.190s
  15000 +3.15783463e+09 -2.04871838e+10  2.36e+10   2.62e+05     2.22e+02   33.846s
  16000 +3.25918481e+09 -2.12958455e+10  2.46e+10   2.27e+05     1.87e+02   34.501s
  17000 +3.31317579e+09 -2.16430622e+10  2.50e+10   2.17e+05     1.79e+02   35.156s
  18000 +4.61556243e+09 -1.90025498e+10  2.36e+10   2.01e+05     1.74e+02   35.815s
  19000 +4.88149553e+09 -1.38172997e+10  1.87e+10   1.89e+05     5.80e+02   36.473s
  20000 +5.33014325e+09 -1.68448757e+10  2.22e+10   1.75e+05     5.15e+02   37.128s
  21000 +5.57244594e+09 -9.32585175e+09  1.49e+10   1.68e+05     4.86e+02   37.784s
  22000 +5.71418332e+09 -1.23799265e+10  1.81e+10   1.51e+05     4.28e+02   38.439s
  23000 +5.84423813e+09 -9.65121542e+09  1.55e+10   1.36e+05     3.76e+02   39.094s
  24000 +5.96653441e+09 -4.17889155e+09  1.01e+10   1.02e+05     2.90e+02   39.750s
  25000 +6.05239253e+09 -3.51885402e+09  9.57e+09   9.44e+04     2.52e+02   40.405s
  26000 +6.16833890e+09 -2.13675333e+09  8.31e+09   8.95e+04     2.37e+02   41.061s
  27000 +6.24119288e+09 -1.24042154e+09  7.48e+09   8.51e+04     2.23e+02   41.716s
  28000 +6.29669865e+09 -5.82763914e+08  6.88e+09   8.20e+04     2.12e+02   42.372s
  29000 +6.54808517e+09 -4.63982833e+09  1.12e+10   6.40e+04     1.24e+03   43.028s
  30000 +6.76718993e+09 -2.66230197e+09  9.43e+09   3.49e+04     9.12e+02   43.684s
  31000 +7.16068458e+09 -1.71362516e+09  8.87e+09   2.63e+04     6.22e+02   44.340s
  32000 +7.51179175e+09 -8.42998938e+08  8.35e+09   2.12e+04     4.66e+02   44.995s
  33000 +7.71283555e+09 -5.22532382e+08  8.24e+09   1.81e+04     3.54e+02   45.651s
  34000 +8.44268838e+09 -1.12958897e+09  9.57e+09   1.29e+04     1.06e+03   46.308s
  35000 +8.67564673e+09 +3.29630997e+08  8.35e+09   1.17e+04     7.79e+02   46.963s
  36000 +8.81654077e+09 +1.07593049e+09  7.74e+09   1.08e+04     6.95e+02   47.619s
  37000 +8.93799437e+09 +1.96039382e+09  6.98e+09   1.04e+04     6.73e+02   48.274s
  38000 +9.00247015e+09 +2.64478168e+09  6.36e+09   1.02e+04     6.89e+02   48.930s
  39000 +9.09386019e+09 +3.16702648e+09  5.93e+09   9.83e+03     7.05e+02   49.586s
  40000 +9.13945865e+09 +3.83328951e+09  5.31e+09   9.61e+03     7.37e+02   50.241s
  41000 +9.16807048e+09 +4.42515279e+09  4.74e+09   9.41e+03     7.71e+02   50.897s
  42000 +9.22141060e+09 +5.04167837e+09  4.18e+09   9.15e+03     7.98e+02   51.552s
  43000 +9.24354044e+09 +5.71413095e+09  3.53e+09   8.95e+03     8.31e+02   52.208s
  44000 +9.26785360e+09 +6.27026481e+09  3.00e+09   8.73e+03     8.59e+02   52.863s
  45000 +9.28271394e+09 +6.82684690e+09  2.46e+09   8.52e+03     8.89e+02   53.519s
  46000 +9.30569833e+09 +7.38013305e+09  1.93e+09   8.29e+03     9.18e+02   54.174s
  47000 +9.32040230e+09 +7.88525942e+09  1.44e+09   8.05e+03     9.47e+02   54.830s
  48000 +9.35962455e+09 +8.35834271e+09  1.00e+09   7.77e+03     9.74e+02   55.485s
  49000 +9.37397223e+09 +8.81423122e+09  5.60e+08   7.51e+03     1.00e+03   56.140s
  50000 +9.38648239e+09 +9.22867698e+09  1.58e+08   7.00e+03     1.03e+03   56.795s
  51000 +9.39784343e+09 +9.62539368e+09  2.28e+08   6.71e+03     1.05e+03   57.451s
  52000 +9.40963100e+09 +9.98848492e+09  5.79e+08   6.41e+03     1.08e+03   58.106s
  53000 +9.51658189e+09 +1.04954465e+10  9.79e+08   6.07e+03     1.17e+03   58.763s
  54000 +9.55091180e+09 +1.12045488e+10  1.65e+09   5.90e+03     1.22e+03   59.419s
  55000 +9.55678400e+09 +1.19992733e+10  2.44e+09   5.74e+03     1.27e+03   60.075s
  56000 +9.58429870e+09 +1.25862885e+10  3.00e+09   5.55e+03     1.31e+03   60.730s
  57000 +9.59097107e+09 +1.31590716e+10  3.57e+09   5.36e+03     1.36e+03   61.385s
  58000 +9.59884368e+09 +1.37266937e+10  4.13e+09   5.17e+03     1.41e+03   62.041s
  59000 +9.60389293e+09 +1.42494544e+10  4.65e+09   4.98e+03     1.45e+03   62.696s
  60000 +9.60894227e+09 +1.47114310e+10  5.10e+09   4.77e+03     1.48e+03   63.352s
  61000 +9.61299754e+09 +1.51132008e+10  5.50e+09   4.56e+03     1.52e+03   64.007s
  62000 +9.61449536e+09 +1.55374777e+10  5.92e+09   4.36e+03     1.55e+03   64.663s
  63000 +9.61781293e+09 +1.59304581e+10  6.31e+09   4.15e+03     1.58e+03   65.318s
  64000 +9.62218763e+09 +1.62439059e+10  6.62e+09   3.93e+03     1.60e+03   65.974s
  65000 +9.62633145e+09 +1.65315433e+10  6.91e+09   3.71e+03     1.62e+03   66.630s
  66000 +9.62887890e+09 +1.69103505e+10  7.28e+09   3.49e+03     1.64e+03   67.285s
  67000 +9.63177780e+09 +1.70501610e+10  7.42e+09   3.29e+03     1.64e+03   67.941s
  68000 +9.63304978e+09 +1.70284624e+10  7.40e+09   3.08e+03     1.65e+03   68.596s
  69000 +9.63864200e+09 +1.71391387e+10  7.50e+09   2.89e+03     1.65e+03   69.252s
  70000 +9.64351142e+09 +1.71706536e+10  7.53e+09   2.71e+03     1.65e+03   69.907s
  71000 +9.64554654e+09 +1.70000260e+10  7.35e+09   2.55e+03     1.64e+03   70.562s
  72000 +9.64660675e+09 +1.68889465e+10  7.24e+09   2.41e+03     1.62e+03   71.218s
  73000 +9.64771246e+09 +1.67956012e+10  7.15e+09   2.27e+03     1.61e+03   71.874s
  74000 +9.64886202e+09 +1.66335376e+10  6.98e+09   2.14e+03     1.59e+03   72.529s
  75000 +9.65018300e+09 +1.64384341e+10  6.79e+09   2.00e+03     1.58e+03   73.185s
  76000 +9.65182720e+09 +1.61736567e+10  6.52e+09   1.86e+03     1.56e+03   73.841s
  77000 +9.65360771e+09 +1.60020657e+10  6.35e+09   1.72e+03     1.53e+03   74.496s
  78000 +9.65507851e+09 +1.56990371e+10  6.04e+09   1.56e+03     1.52e+03   75.152s
  79000 +9.65583416e+09 +1.54825930e+10  5.83e+09   1.40e+03     1.50e+03   75.807s
  80000 +9.65778095e+09 +1.52267782e+10  5.57e+09   1.22e+03     1.48e+03   76.463s
  81000 +9.65857112e+09 +1.48891680e+10  5.23e+09   1.03e+03     1.46e+03   77.118s
  82000 +9.65894901e+09 +1.46062996e+10  4.95e+09   8.55e+02     1.44e+03   77.774s
  83000 +9.67136141e+09 +1.40668863e+10  4.40e+09   1.18e+03     1.39e+03   78.431s
  84000 +9.67311166e+09 +1.40677288e+10  4.39e+09   1.71e+03     1.38e+03   79.087s
  85000 +9.67414165e+09 +1.39940011e+10  4.32e+09   2.32e+03     1.37e+03   79.742s
  86000 +9.67459692e+09 +1.39036933e+10  4.23e+09   2.83e+03     1.36e+03   80.397s
  87000 +9.67482611e+09 +1.38406991e+10  4.17e+09   3.23e+03     1.34e+03   81.053s
  88000 +9.67593801e+09 +1.35955598e+10  3.92e+09   3.52e+03     1.31e+03   81.708s
  89000 +9.67592872e+09 +1.33125954e+10  3.64e+09   3.79e+03     1.28e+03   82.364s
  90000 +9.67575541e+09 +1.33232029e+10  3.65e+09   3.99e+03     1.24e+03   83.019s
  91000 +9.67607923e+09 +1.29621440e+10  3.29e+09   4.17e+03     1.21e+03   83.675s
  92000 +9.67608653e+09 +1.26096207e+10  2.93e+09   4.64e+03     1.19e+03   84.330s
  93000 +9.67606280e+09 +1.24347950e+10  2.76e+09   5.06e+03     1.16e+03   84.986s
  94000 +9.67605322e+09 +1.24043869e+10  2.73e+09   5.22e+03     1.13e+03   85.641s
  95000 +9.67611199e+09 +1.19568029e+10  2.28e+09   5.35e+03     1.09e+03   86.297s
  96000 +9.67636857e+09 +1.03932885e+10  7.17e+08   5.65e+03     9.98e+02   86.952s
  97000 +9.67738985e+09 +9.61837181e+09  5.90e+07   5.93e+03     8.84e+02   87.608s
  98000 +9.67933988e+09 +9.89382614e+09  2.14e+08   6.76e+03     7.05e+02   88.265s
  99000 +9.68000808e+09 +9.53565935e+09  1.44e+08   7.93e+03     7.21e+02   88.920s
 100000 +9.68074490e+09 +8.91191701e+09  7.69e+08   8.82e+03     7.35e+02   89.576s
 101000 +9.68095754e+09 +8.17343688e+09  1.51e+09   9.45e+03     7.37e+02   90.231s
 102000 +9.68068401e+09 +7.35744680e+09  2.32e+09   9.98e+03     7.45e+02   90.888s
 103000 +9.68062080e+09 +6.45051087e+09  3.23e+09   1.04e+04     7.49e+02   91.543s
 104000 +9.68044408e+09 +5.60377647e+09  4.08e+09   1.07e+04     7.44e+02   92.198s
 105000 +9.68014236e+09 +4.91120558e+09  4.77e+09   1.07e+04     7.30e+02   92.854s
 106000 +9.67983668e+09 +4.25895816e+09  5.42e+09   1.05e+04     7.04e+02   93.509s
 107000 +9.68021087e+09 +3.60448905e+09  6.08e+09   9.34e+03     5.81e+02   94.165s
 108000 +9.68009336e+09 +3.24477853e+09  6.44e+09   6.78e+03     4.06e+02   94.821s
 109000 +9.68035731e+09 +3.32329157e+09  6.36e+09   5.68e+03     2.43e+02   95.476s
 110000 +9.68274657e+09 +2.61142493e+09  7.07e+09   4.70e+03     4.40e+02   96.134s
 111000 +9.68337598e+09 +2.22677747e+09  7.46e+09   4.55e+03     4.17e+02   96.789s
 112000 +9.68349969e+09 +1.79264963e+09  7.89e+09   4.40e+03     4.31e+02   97.445s
 113000 +9.68542354e+09 +1.41174463e+09  8.27e+09   4.21e+03     4.53e+02   98.101s
 114000 +9.68590263e+09 +1.05519396e+09  8.63e+09   4.02e+03     4.62e+02   98.756s
 115000 +9.68600169e+09 +7.51588015e+08  8.93e+09   3.81e+03     4.86e+02   99.412s
 116000 +9.68609782e+09 +5.08020295e+08  9.18e+09   3.63e+03     4.91e+02   100.067s
 117000 +9.68612180e+09 +3.74979168e+08  9.31e+09   3.45e+03     5.08e+02   100.722s
 118000 +9.68612607e+09 +3.24511599e+08  9.36e+09   3.31e+03     5.07e+02   101.378s
 119000 +9.68613765e+09 +3.42238341e+08  9.34e+09   3.21e+03     5.15e+02   102.033s
 120000 +9.68609534e+09 +4.50573725e+08  9.24e+09   3.12e+03     5.08e+02   102.689s
 121000 +9.68663824e+09 +6.49314832e+08  9.04e+09   3.07e+03     5.06e+02   103.345s
 122000 +9.68719918e+09 +9.13768336e+08  8.77e+09   3.06e+03     4.95e+02   104.000s
 123000 +9.68712636e+09 +1.20420652e+09  8.48e+09   3.06e+03     4.86e+02   104.656s
 124000 +9.68717306e+09 +1.53823567e+09  8.15e+09   3.07e+03     4.73e+02   105.312s
 125000 +9.68717318e+09 +1.90722808e+09  7.78e+09   3.08e+03     4.61e+02   105.967s
 126000 +9.68763176e+09 +2.29064032e+09  7.40e+09   3.09e+03     4.46e+02   106.623s
 127000 +9.68767678e+09 +2.64755883e+09  7.04e+09   3.08e+03     4.32e+02   107.278s
 128000 +9.68766174e+09 +2.99461924e+09  6.69e+09   3.06e+03     4.18e+02   107.934s
 129000 +9.68816245e+09 +3.33113150e+09  6.36e+09   3.04e+03     4.05e+02   108.590s
 130000 +9.68850680e+09 +3.62869436e+09  6.06e+09   3.01e+03     3.92e+02   109.245s
 131000 +9.68856576e+09 +3.86366424e+09  5.82e+09   2.98e+03     3.80e+02   109.900s
 132000 +9.68873086e+09 +4.04763065e+09  5.64e+09   2.95e+03     3.69e+02   110.556s
 133000 +9.68870694e+09 +4.19049456e+09  5.50e+09   2.92e+03     3.57e+02   111.211s
 134000 +9.68869842e+09 +4.27998334e+09  5.41e+09   2.90e+03     3.45e+02   111.867s
 135000 +9.69032920e+09 +4.33698599e+09  5.35e+09   2.84e+03     8.86e+02   112.523s
 136000 +9.69070842e+09 +4.39867640e+09  5.29e+09   2.79e+03     8.79e+02   113.179s
 137000 +9.69088292e+09 +4.47546357e+09  5.22e+09   2.76e+03     8.60e+02   113.835s
 138000 +9.69200138e+09 +4.53807126e+09  5.15e+09   2.71e+03     8.50e+02   114.490s
 139000 +9.69224385e+09 +4.62605911e+09  5.07e+09   2.69e+03     8.34e+02   115.146s
 140000 +9.69238401e+09 +4.67611647e+09  5.02e+09   2.66e+03     8.23e+02   115.802s
 141000 +9.69245141e+09 +4.74176664e+09  4.95e+09   2.64e+03     8.20e+02   116.457s
 142000 +9.69288385e+09 +4.79169227e+09  4.90e+09   2.60e+03     7.97e+02   117.113s
 143000 +9.69308125e+09 +4.84600894e+09  4.85e+09   2.55e+03     7.90e+02   117.768s
 144000 +9.69309765e+09 +4.77454383e+09  4.92e+09   2.39e+03     5.85e+02   118.423s
 145000 +9.69313442e+09 +4.66690941e+09  5.03e+09   1.97e+03     6.15e+02   119.079s
 146000 +9.69330242e+09 +4.87730115e+09  4.82e+09   1.72e+03     5.79e+02   119.735s
 147000 +9.69374429e+09 +4.53549773e+09  5.16e+09   1.61e+03     4.34e+03   120.392s
 148000 +9.69542236e+09 +2.10130273e+09  7.59e+09   1.31e+03     4.75e+03   121.048s
 149000 +9.69618750e+09 +2.20836456e+09  7.49e+09   3.67e+02     3.56e+03   121.703s
 150000 +9.69643240e+09 +2.84559235e+09  6.85e+09   3.61e+02     2.83e+03   122.359s
 151000 +9.69684321e+09 +3.72812104e+09  5.97e+09   9.34e+01     1.93e+03   123.016s
 152000 +9.69712842e+09 +3.77326855e+09  5.92e+09   4.18e+01     1.34e+03   123.671s
 153000 +9.69782514e+09 +4.43246705e+09  5.27e+09   5.07e+01     8.24e+02   124.327s
 154000 +9.69783489e+09 +5.10076201e+09  4.60e+09   4.76e+01     4.30e+02   124.982s
 155000 +9.69803901e+09 +5.43155926e+09  4.27e+09   3.34e+01     2.97e+02   125.639s
 156000 +9.69797709e+09 +5.43513139e+09  4.26e+09   5.48e+00     2.53e+02   126.295s
 157000 +9.69787182e+09 +5.37489024e+09  4.32e+09   5.95e+00     2.07e+02   126.950s
 158000 +9.69780179e+09 +5.38143810e+09  4.32e+09   3.33e+00     1.95e+02   127.607s
 159000 +9.69769843e+09 +5.37817691e+09  4.32e+09   2.64e+00     1.86e+02   128.263s
 160000 +9.69756512e+09 +5.38011350e+09  4.32e+09   2.42e+00     1.81e+02   128.918s
 161000 +9.69743748e+09 +5.38089211e+09  4.32e+09   1.78e+00     1.77e+02   129.574s
 162000 +9.69731974e+09 +5.38019050e+09  4.32e+09   1.63e+00     1.73e+02   130.230s
 163000 +9.69721577e+09 +5.38056341e+09  4.32e+09   1.52e+00     1.71e+02   130.885s
 164000 +9.69711544e+09 +5.37920748e+09  4.32e+09   1.60e+00     1.68e+02   131.541s
 165000 +9.69701599e+09 +5.38109252e+09  4.32e+09   1.65e+00     1.66e+02   132.196s
 166000 +9.69689848e+09 +5.38065538e+09  4.32e+09   1.34e+00     1.64e+02   132.852s
 167000 +9.69680411e+09 +5.37971777e+09  4.32e+09   1.28e+00     1.63e+02   133.508s
 168000 +9.69671695e+09 +5.38006510e+09  4.32e+09   1.33e+00     1.61e+02   134.163s
 169000 +9.69662359e+09 +5.38046538e+09  4.32e+09   1.28e+00     1.60e+02   134.819s
 170000 +9.69652597e+09 +5.38027128e+09  4.32e+09   1.20e+00     1.59e+02   135.475s
 171000 +9.69643758e+09 +5.38023891e+09  4.32e+09   1.25e+00     1.57e+02   136.130s
 172000 +9.69635378e+09 +5.38109279e+09  4.32e+09   1.25e+00     1.56e+02   136.786s
 173000 +9.69626281e+09 +5.38138197e+09  4.31e+09   1.22e+00     1.55e+02   137.441s
 174000 +9.69617574e+09 +5.38130457e+09  4.31e+09   1.35e+00     1.53e+02   138.096s
 175000 +9.69610478e+09 +5.38256456e+09  4.31e+09   1.54e+00     1.52e+02   138.752s
 176000 +9.69602286e+09 +5.38344342e+09  4.31e+09   1.77e+00     1.50e+02   139.408s
 177000 +9.69598937e+09 +5.38747067e+09  4.31e+09   3.68e+00     1.42e+02   140.063s
 178000 +9.69600553e+09 +5.40165554e+09  4.29e+09   4.56e+00     1.27e+02   140.719s
 179000 +9.69599669e+09 +5.42172210e+09  4.27e+09   5.54e+00     1.09e+02   141.374s
 180000 +9.69599272e+09 +5.44161179e+09  4.25e+09   5.50e+00     8.89e+01   142.030s
 181000 +9.69598901e+09 +5.46094508e+09  4.24e+09   5.04e+00     7.12e+01   142.685s
 182000 +9.69598450e+09 +5.47609239e+09  4.22e+09   4.07e+00     5.70e+01   143.341s
 183000 +9.69598368e+09 +5.48480918e+09  4.21e+09   2.68e+00     4.74e+01   143.996s
 184000 +9.69597973e+09 +5.48827340e+09  4.21e+09   1.36e+00     4.26e+01   144.652s
 185000 +9.69594115e+09 +5.48854638e+09  4.21e+09   4.01e+00     3.19e+01   145.309s
 186000 +9.69592971e+09 +5.49007200e+09  4.21e+09   4.42e+00     3.11e+01   145.964s
 187000 +9.69592795e+09 +5.49179771e+09  4.20e+09   3.78e+00     3.06e+01   146.621s
 188000 +9.69592110e+09 +5.49346781e+09  4.20e+09   3.49e+00     3.02e+01   147.276s
 189000 +9.69590632e+09 +5.49513837e+09  4.20e+09   3.35e+00     3.00e+01   147.932s
 190000 +9.69589190e+09 +5.49646877e+09  4.20e+09   3.08e+00     2.99e+01   148.587s
 191000 +9.69587876e+09 +5.49695142e+09  4.20e+09   2.21e+00     2.98e+01   149.243s
 192000 +9.69586669e+09 +5.49670554e+09  4.20e+09   1.48e+00     2.97e+01   149.898s
 193000 +9.69585143e+09 +5.49685720e+09  4.20e+09   1.53e+00     2.96e+01   150.554s
 194000 +9.69583889e+09 +5.49649367e+09  4.20e+09   1.33e+00     2.96e+01   151.209s
 195000 +9.69582441e+09 +5.49639869e+09  4.20e+09   1.24e+00     2.95e+01   151.865s
 196000 +9.69580965e+09 +5.49654985e+09  4.20e+09   1.16e+00     2.95e+01   152.521s
 197000 +9.69579528e+09 +5.49641478e+09  4.20e+09   1.13e+00     2.95e+01   153.176s
 198000 +9.69578219e+09 +5.49636623e+09  4.20e+09   1.13e+00     2.95e+01   153.831s
 199000 +9.69576967e+09 +5.49641924e+09  4.20e+09   9.75e-01     2.95e+01   154.487s
 200000 +9.69575739e+09 +5.49630043e+09  4.20e+09   8.57e-01     2.95e+01   155.143s
 201000 +9.69574479e+09 +5.49635977e+09  4.20e+09   8.51e-01     2.95e+01   155.798s
 202000 +9.69573191e+09 +5.49637884e+09  4.20e+09   7.62e-01     2.94e+01   156.454s
 203000 +9.69571809e+09 +5.49629234e+09  4.20e+09   7.61e-01     2.94e+01   157.109s
 204000 +9.69570421e+09 +5.49644693e+09  4.20e+09   7.79e-01     2.94e+01   157.765s
 205000 +9.69568963e+09 +5.49638404e+09  4.20e+09   8.24e-01     2.94e+01   158.421s
 206000 +9.69567605e+09 +5.49634062e+09  4.20e+09   7.90e-01     2.94e+01   159.076s
 207000 +9.69566329e+09 +5.49645639e+09  4.20e+09   6.77e-01     2.94e+01   159.732s
 208000 +9.69565038e+09 +5.49628196e+09  4.20e+09   5.73e-01     2.94e+01   160.388s
 209000 +9.69563706e+09 +5.49631839e+09  4.20e+09   5.84e-01     2.94e+01   161.043s
 210000 +9.69562313e+09 +5.49636714e+09  4.20e+09   5.47e-01     2.94e+01   161.699s
 211000 +9.69560929e+09 +5.49624272e+09  4.20e+09   5.80e-01     2.94e+01   162.354s
 212000 +9.69559532e+09 +5.49636654e+09  4.20e+09   6.43e-01     2.94e+01   163.010s
 213000 +9.69558204e+09 +5.49634044e+09  4.20e+09   6.18e-01     2.94e+01   163.665s
 214000 +9.69556900e+09 +5.49631842e+09  4.20e+09   5.98e-01     2.94e+01   164.321s
 215000 +9.69555638e+09 +5.49637738e+09  4.20e+09   5.15e-01     2.94e+01   164.976s
 216000 +9.69554345e+09 +5.49632533e+09  4.20e+09   4.61e-01     2.94e+01   165.632s
 217000 +9.69553025e+09 +5.49635760e+09  4.20e+09   4.50e-01     2.94e+01   166.288s
 218000 +9.69551673e+09 +5.49634858e+09  4.20e+09   4.46e-01     2.94e+01   166.943s
 219000 +9.69550339e+09 +5.49632924e+09  4.20e+09   4.73e-01     2.94e+01   167.599s
 220000 +9.69549013e+09 +5.49634860e+09  4.20e+09   4.96e-01     2.94e+01   168.254s
 221000 +9.69547681e+09 +5.49631640e+09  4.20e+09   4.89e-01     2.94e+01   168.909s
 222000 +9.69546365e+09 +5.49631926e+09  4.20e+09   4.67e-01     2.94e+01   169.565s
 223000 +9.69545069e+09 +5.49633131e+09  4.20e+09   4.35e-01     2.94e+01   170.221s
 224000 +9.69543753e+09 +5.49633455e+09  4.20e+09   4.12e-01     2.94e+01   170.876s
 225000 +9.69542394e+09 +5.49633425e+09  4.20e+09   4.15e-01     2.94e+01   171.532s
 226000 +9.69541001e+09 +5.49634606e+09  4.20e+09   4.19e-01     2.94e+01   172.187s
 227000 +9.69539617e+09 +5.49635743e+09  4.20e+09   4.36e-01     2.94e+01   172.843s
 228000 +9.69538243e+09 +5.49634502e+09  4.20e+09   4.41e-01     2.94e+01   173.498s
 229000 +9.69536884e+09 +5.49634530e+09  4.20e+09   4.26e-01     2.94e+01   174.154s
 230000 +9.69535536e+09 +5.49635075e+09  4.20e+09   4.02e-01     2.94e+01   174.809s
 231000 +9.69534191e+09 +5.49634462e+09  4.20e+09   3.76e-01     2.94e+01   175.465s
 232000 +9.69532844e+09 +5.49633145e+09  4.20e+09   3.70e-01     2.94e+01   176.120s
 233000 +9.69531523e+09 +5.49633163e+09  4.20e+09   3.69e-01     2.94e+01   176.776s
 234000 +9.69530187e+09 +5.49633341e+09  4.20e+09   3.80e-01     2.94e+01   177.431s
 235000 +9.69528813e+09 +5.49918851e+09  4.20e+09   4.10e-01     2.94e+01   178.087s
 236000 +9.69527472e+09 +5.49754128e+09  4.20e+09   4.23e-01     2.94e+01   178.743s
 237000 +9.69526299e+09 +5.49822901e+09  4.20e+09   4.04e-01     2.94e+01   179.398s
 238000 +9.69524857e+09 +5.49876189e+09  4.20e+09   3.83e-01     2.94e+01   180.054s
 239000 +9.69523655e+09 +5.49809446e+09  4.20e+09   3.59e-01     2.94e+01   180.709s
 240000 +9.69522236e+09 +5.49811303e+09  4.20e+09   3.96e-01     2.94e+01   181.364s
 241000 +9.69520929e+09 +5.49881385e+09  4.20e+09   3.85e-01     2.93e+01   182.020s
 242000 +9.69519627e+09 +5.49832533e+09  4.20e+09   3.78e-01     2.93e+01   182.675s
 243000 +9.69518204e+09 +5.49811122e+09  4.20e+09   3.80e-01     2.93e+01   183.331s
 244000 +9.69517003e+09 +5.49886007e+09  4.20e+09   3.57e-01     2.93e+01   183.986s
 245000 +9.69515602e+09 +5.49841819e+09  4.20e+09   3.48e-01     2.93e+01   184.642s
 246000 +9.69514266e+09 +5.49832317e+09  4.20e+09   3.38e-01     2.93e+01   185.297s
 247000 +9.69512967e+09 +5.49873790e+09  4.20e+09   3.34e-01     2.93e+01   185.952s
 248000 +9.69511484e+09 +5.49860811e+09  4.20e+09   3.48e-01     2.93e+01   186.608s
 249000 +9.69510237e+09 +5.49840930e+09  4.20e+09   3.52e-01     2.93e+01   187.263s
 250000 +9.69508854e+09 +5.49868028e+09  4.20e+09   3.46e-01     2.93e+01   187.919s
 251000 +9.69507487e+09 +5.49878527e+09  4.20e+09   3.37e-01     2.93e+01   188.575s
 252000 +9.69506252e+09 +5.49847342e+09  4.20e+09   3.54e-01     2.93e+01   189.230s
 253000 +9.69504814e+09 +5.49870449e+09  4.20e+09   3.34e-01     2.93e+01   189.885s
 254000 +9.69503553e+09 +5.49881686e+09  4.20e+09   3.29e-01     2.93e+01   190.541s
 255000 +9.69502197e+09 +5.49858290e+09  4.20e+09   3.37e-01     2.93e+01   191.196s
 256000 +9.69500837e+09 +5.49870677e+09  4.20e+09   2.98e-01     2.93e+01   191.852s
 257000 +9.69499592e+09 +5.49887114e+09  4.20e+09   2.89e-01     2.93e+01   192.507s
 258000 +9.69498155e+09 +5.49875129e+09  4.20e+09   2.83e-01     2.93e+01   193.163s
 259000 +9.69496874e+09 +5.49872808e+09  4.20e+09   2.78e-01     2.93e+01   193.818s
 260000 +9.69495513e+09 +5.49892792e+09  4.20e+09   2.80e-01     2.93e+01   194.474s
 261000 +9.69494082e+09 +5.49883466e+09  4.20e+09   2.80e-01     2.93e+01   195.129s
 262000 +9.69492837e+09 +5.49877347e+09  4.20e+09   2.78e-01     2.93e+01   195.785s
 263000 +9.69491426e+09 +5.49894620e+09  4.20e+09   2.78e-01     2.93e+01   196.440s
 264000 +9.69490149e+09 +5.49889961e+09  4.20e+09   2.65e-01     2.93e+01   197.096s
 265000 +9.69488862e+09 +5.49881186e+09  4.20e+09   2.60e-01     2.93e+01   197.751s
 266000 +9.69487465e+09 +5.49891634e+09  4.20e+09   2.69e-01     2.93e+01   198.407s
 267000 +9.69486208e+09 +5.49896173e+09  4.20e+09   2.67e-01     2.93e+01   199.062s
 268000 +9.69484772e+09 +5.49886846e+09  4.20e+09   2.71e-01     2.93e+01   199.718s
 269000 +9.69483443e+09 +5.49891063e+09  4.20e+09   2.69e-01     2.93e+01   200.373s
 270000 +9.69482138e+09 +5.49901358e+09  4.20e+09   2.65e-01     2.93e+01   201.029s
 271000 +9.69480725e+09 +5.49895724e+09  4.20e+09   2.60e-01     2.93e+01   201.684s
 272000 +9.69479485e+09 +5.49893431e+09  4.20e+09   2.49e-01     2.93e+01   202.339s
 273000 +9.69478097e+09 +5.49902201e+09  4.20e+09   2.50e-01     2.93e+01   202.995s
 274000 +9.69476752e+09 +5.49902587e+09  4.20e+09   2.49e-01     2.93e+01   203.650s
 275000 +9.69475454e+09 +5.49897897e+09  4.20e+09   2.47e-01     2.93e+01   204.305s
 276000 +9.69474046e+09 +5.49900338e+09  4.20e+09   2.50e-01     2.93e+01   204.961s
 277000 +9.69472791e+09 +5.49905036e+09  4.20e+09   2.47e-01     2.93e+01   205.616s
 278000 +9.69471425e+09 +5.49902222e+09  4.20e+09   2.42e-01     2.93e+01   206.271s
 279000 +9.69470076e+09 +5.49900337e+09  4.20e+09   2.44e-01     2.93e+01   206.927s
 280000 +9.69468788e+09 +5.49907284e+09  4.20e+09   2.43e-01     2.93e+01   207.583s
 281000 +9.69467368e+09 +5.49906383e+09  4.20e+09   2.43e-01     2.93e+01   208.238s
 282000 +9.69466075e+09 +5.49903497e+09  4.20e+09   2.40e-01     2.93e+01   208.893s
 283000 +9.69464705e+09 +5.49908735e+09  4.20e+09   2.40e-01     2.93e+01   209.549s
 284000 +9.69463346e+09 +5.49909616e+09  4.20e+09   2.38e-01     2.93e+01   210.204s
 285000 +9.69462307e+09 +5.49907748e+09  4.20e+09   1.83e-01     2.93e+01   210.860s
 286000 +9.69460840e+09 +5.49909953e+09  4.20e+09   1.92e-01     2.93e+01   211.515s
 287000 +9.69459579e+09 +5.49910467e+09  4.20e+09   1.88e-01     2.93e+01   212.171s
 288000 +9.69444437e+09 +5.49896945e+09  4.20e+09   4.17e+00     2.93e+01   212.828s
 289000 +9.69410186e+09 +5.49954429e+09  4.19e+09   1.04e+01     2.93e+01   213.483s
 290000 +9.69375037e+09 +5.49963104e+09  4.19e+09   1.65e+01     2.93e+01   214.139s
 291000 +9.69341037e+09 +5.49966767e+09  4.19e+09   2.20e+01     2.93e+01   214.794s
 292000 +9.69307504e+09 +5.49964542e+09  4.19e+09   2.61e+01     2.93e+01   215.449s
 293000 +9.69270791e+09 +5.49960620e+09  4.19e+09   2.79e+01     2.93e+01   216.105s
 294000 +9.69237770e+09 +5.49970057e+09  4.19e+09   2.78e+01     2.93e+01   216.761s
 295000 +9.69203136e+09 +5.50198311e+09  4.19e+09   2.40e+01     2.93e+01   217.416s
 296000 +9.69171405e+09 +5.50147020e+09  4.19e+09   1.98e+01     2.92e+01   218.072s
 297000 +9.69135658e+09 +5.50238094e+09  4.19e+09   1.29e+01     2.92e+01   218.728s
 298000 +9.69100622e+09 +5.50333397e+09  4.19e+09   7.27e+00     2.92e+01   219.383s
 299000 +9.69065554e+09 +5.50273666e+09  4.19e+09   5.17e+00     2.92e+01   220.038s
 300000 +9.69031509e+09 +5.50357018e+09  4.19e+09   4.09e+00     2.92e+01   220.694s
 301000 +9.68994678e+09 +5.55023003e+09  4.14e+09   9.69e+00     2.90e+01   221.349s
 302000 +9.68964103e+09 +5.52760792e+09  4.16e+09   7.53e+00     2.90e+01   222.005s
 303000 +9.68931380e+09 +5.56510157e+09  4.12e+09   6.65e+00     2.89e+01   222.660s
 304000 +9.68895993e+09 +5.53660381e+09  4.15e+09   9.12e+00     2.89e+01   223.316s
 305000 +9.68867916e+09 +5.56696787e+09  4.12e+09   8.32e+00     2.88e+01   223.971s
 306000 +9.68825987e+09 +5.55174830e+09  4.14e+09   2.12e+01     2.86e+01   224.627s
 307000 +9.68793047e+09 +5.59602622e+09  4.09e+09   3.60e+01     2.79e+01   225.282s
 308000 +9.68761237e+09 +5.65275754e+09  4.03e+09   3.74e+01     2.72e+01   225.938s
 309000 +9.68740649e+09 +5.67588514e+09  4.01e+09   2.43e+01     2.69e+01   226.593s
 310000 +9.68717660e+09 +5.68878792e+09  4.00e+09   8.05e+00     2.68e+01   227.249s
 311000 +9.68696494e+09 +5.67897938e+09  4.01e+09   1.72e+01     2.68e+01   227.904s
 312000 +9.68667374e+09 +5.64970540e+09  4.04e+09   2.21e+01     2.71e+01   228.559s
 313000 +9.68636010e+09 +5.63638416e+09  4.05e+09   1.61e+01     2.74e+01   229.215s
 314000 +9.68600040e+09 +5.63182105e+09  4.05e+09   9.30e+00     2.75e+01   229.870s
 315000 +9.68565743e+09 +5.63950912e+09  4.05e+09   1.96e+01     2.73e+01   230.526s
 316000 +9.68535311e+09 +5.66932474e+09  4.02e+09   2.62e+01     2.70e+01   231.181s
 317000 +9.68510369e+09 +5.68745285e+09  4.00e+09   2.14e+01     2.68e+01   231.837s
 318000 +9.68483520e+09 +5.71542069e+09  3.97e+09   1.20e+01     2.66e+01   232.492s
 319000 +9.68462019e+09 +5.71516904e+09  3.97e+09   1.01e+01     2.66e+01   233.148s
 320000 +9.68431358e+09 +5.71667025e+09  3.97e+09   2.18e+01     2.66e+01   233.803s
 321000 +9.68406642e+09 +5.73788711e+09  3.95e+09   1.57e+01     2.66e+01   234.458s
 322000 +9.68377760e+09 +5.69233886e+09  3.99e+09   1.06e+01     2.68e+01   235.114s
 323000 +9.68335055e+09 +5.69936642e+09  3.98e+09   2.81e+01     2.63e+01   235.769s
 324000 +9.68304800e+09 +5.88668521e+09  3.80e+09   4.01e+01     2.51e+01   236.425s
 325000 +9.68292518e+09 +5.97808807e+09  3.70e+09   1.98e+01     2.46e+01   237.080s
 326000 +9.68283764e+09 +5.94641863e+09  3.74e+09   2.68e+01     2.47e+01   237.736s
 327000 +9.68261839e+09 +5.80957393e+09  3.87e+09   2.20e+01     2.54e+01   238.391s
 328000 +9.68229192e+09 +5.76809362e+09  3.91e+09   1.38e+01     2.57e+01   239.047s
 329000 +9.68197446e+09 +5.83887192e+09  3.84e+09   3.15e+01     2.52e+01   239.702s
 330000 +9.68175719e+09 +5.94812353e+09  3.73e+09   1.80e+01     2.48e+01   240.358s
 331000 +9.68159458e+09 +5.94481734e+09  3.74e+09   1.27e+01     2.48e+01   241.013s
 332000 +9.68136015e+09 +5.86428311e+09  3.82e+09   2.61e+01     2.51e+01   241.668s
 333000 +9.68104846e+09 +5.78638718e+09  3.89e+09   1.65e+01     2.54e+01   242.324s
 334000 +9.68073318e+09 +5.84136329e+09  3.84e+09   2.14e+01     2.52e+01   242.979s
 335000 +9.68051112e+09 +5.94156512e+09  3.74e+09   2.18e+01     2.46e+01   243.635s
 336000 +9.68037940e+09 +5.99702750e+09  3.68e+09   7.31e+00     2.45e+01   244.290s
 337000 +9.68022362e+09 +5.93313690e+09  3.75e+09   1.96e+01     2.47e+01   244.946s
 338000 +9.67995906e+09 +5.83908020e+09  3.84e+09   1.68e+01     2.51e+01   245.601s
 339000 +9.67960402e+09 +5.80928971e+09  3.87e+09   9.73e+00     2.53e+01   246.257s
 340000 +9.67928590e+09 +5.88950308e+09  3.79e+09   2.13e+01     2.49e+01   246.912s
 341000 +9.67905832e+09 +5.96629836e+09  3.71e+09   1.77e+01     2.46e+01   247.568s
 342000 +9.67890806e+09 +5.97840242e+09  3.70e+09   1.50e+01     2.45e+01   248.223s
 343000 +9.67871271e+09 +5.91307156e+09  3.77e+09   1.60e+01     2.47e+01   248.879s
 344000 +9.67845241e+09 +5.86069881e+09  3.82e+09   5.42e+00     2.50e+01   249.535s
 345000 +9.67816941e+09 +5.88269270e+09  3.80e+09   1.68e+01     2.48e+01   250.190s
 346000 +9.67792542e+09 +5.94555814e+09  3.73e+09   1.65e+01     2.46e+01   250.845s
 347000 +9.67772682e+09 +5.97277762e+09  3.70e+09   5.17e+00     2.46e+01   251.501s
 348000 +9.67751057e+09 +5.93247479e+09  3.75e+09   1.47e+01     2.47e+01   252.156s
 349000 +9.67722670e+09 +5.87620141e+09  3.80e+09   1.39e+01     2.49e+01   252.812s
 350000 +9.67691983e+09 +5.87554025e+09  3.80e+09   1.35e+01     2.48e+01   253.467s
 351000 +9.67666278e+09 +5.93768890e+09  3.74e+09   1.68e+01     2.46e+01   254.123s
 352000 +9.67648499e+09 +5.99286723e+09  3.68e+09   7.67e+00     2.44e+01   254.778s
 353000 +9.67632249e+09 +5.98238961e+09  3.69e+09   9.26e+00     2.45e+01   255.433s
 354000 +9.67610449e+09 +5.92080528e+09  3.76e+09   1.32e+01     2.46e+01   256.089s
 355000 +9.67581189e+09 +5.87586224e+09  3.80e+09   4.59e+00     2.48e+01   256.745s
 356000 +9.67549678e+09 +5.90016500e+09  3.78e+09   1.19e+01     2.48e+01   257.400s
 357000 +9.67523758e+09 +5.95726638e+09  3.72e+09   1.37e+01     2.45e+01   258.055s
 358000 +9.67503946e+09 +5.98948084e+09  3.69e+09   9.58e+00     2.44e+01   258.711s
 359000 +9.67483897e+09 +5.96298548e+09  3.71e+09   1.23e+01     2.45e+01   259.366s
 360000 +9.67460805e+09 +5.92058888e+09  3.75e+09   7.82e+00     2.46e+01   260.022s
 361000 +9.67434125e+09 +5.91408658e+09  3.76e+09   7.58e+00     2.46e+01   260.677s
 362000 +9.67407344e+09 +5.95231687e+09  3.72e+09   1.35e+01     2.45e+01   261.333s
 363000 +9.67385595e+09 +5.98925825e+09  3.68e+09   7.69e+00     2.44e+01   261.988s
 364000 +9.67363820e+09 +5.97634296e+09  3.70e+09   6.91e+00     2.44e+01   262.644s
 365000 +9.67340698e+09 +5.93649721e+09  3.74e+09   9.90e+00     2.45e+01   263.300s
 366000 +9.67309029e+09 +5.91934224e+09  3.75e+09   1.03e+01     2.46e+01   263.955s
 367000 +9.67286621e+09 +5.95853046e+09  3.71e+09   1.24e+01     2.44e+01   264.611s
 368000 +9.67262048e+09 +5.99807853e+09  3.67e+09   1.01e+01     2.43e+01   265.266s
 369000 +9.67245634e+09 +6.02503366e+09  3.65e+09   3.59e+00     2.42e+01   265.922s
 370000 +9.67225312e+09 +5.98432569e+09  3.69e+09   9.02e+00     2.43e+01   266.577s
 371000 +9.67200557e+09 +5.95112003e+09  3.72e+09   6.92e+00     2.44e+01   267.233s
 372000 +9.67173331e+09 +5.93522771e+09  3.74e+09   6.15e+00     2.45e+01   267.888s
 373000 +9.67144825e+09 +5.97441576e+09  3.70e+09   1.03e+01     2.43e+01   268.544s
 374000 +9.67123697e+09 +6.00770855e+09  3.66e+09   8.23e+00     2.43e+01   269.199s
 375000 +9.67101638e+09 +6.01211228e+09  3.66e+09   8.64e+00     2.42e+01   269.854s
 376000 +9.67081400e+09 +5.98261196e+09  3.69e+09   8.56e+00     2.43e+01   270.510s
 377000 +9.67055154e+09 +5.95945209e+09  3.71e+09   3.25e+00     2.44e+01   271.165s
 378000 +9.67030573e+09 +5.97974176e+09  3.69e+09   8.48e+00     2.43e+01   271.821s
 379000 +9.67008033e+09 +6.00504311e+09  3.67e+09   8.41e+00     2.42e+01   272.476s
 380000 +9.66984651e+09 +6.02760849e+09  3.64e+09   5.93e+00     2.41e+01   273.131s
 381000 +9.66950521e+09 +6.04411650e+09  3.63e+09   3.34e+01     2.35e+01   273.787s
 382000 +9.66925369e+09 +6.13092882e+09  3.54e+09   4.31e+01     2.25e+01   274.442s
 383000 +9.66914193e+09 +6.24218364e+09  3.43e+09   2.73e+01     2.19e+01   275.097s
 384000 +9.66908781e+09 +6.30378241e+09  3.37e+09   1.11e+01     2.17e+01   275.753s
 385000 +9.65679807e+09 +6.36489121e+09  3.29e+09   5.62e+02     2.14e+01   276.410s
 386000 +9.64347641e+09 +6.40201507e+09  3.24e+09   7.86e+02     2.12e+01   277.065s
 387000 +9.63368815e+09 +6.45319396e+09  3.18e+09   7.07e+02     2.11e+01   277.721s
 388000 +9.62339805e+09 +6.56082251e+09  3.06e+09   6.35e+02     2.09e+01   278.376s
 389000 +9.61431920e+09 +6.62527976e+09  2.99e+09   8.01e+02     2.04e+01   279.032s
 390000 +9.60495491e+09 +6.61765875e+09  2.99e+09   7.25e+02     2.01e+01   279.687s
 391000 +9.59524630e+09 +6.64389499e+09  2.95e+09   1.03e+03     1.97e+01   280.343s
 392000 +9.58624522e+09 +6.70104723e+09  2.89e+09   1.01e+03     1.93e+01   280.998s
 393000 +9.58044189e+09 +6.71622620e+09  2.86e+09   7.25e+02     1.91e+01   281.654s
 394000 +9.57267313e+09 +6.73677301e+09  2.84e+09   5.89e+02     1.89e+01   282.309s
 395000 +9.56488517e+09 +6.77640910e+09  2.79e+09   5.96e+02     1.88e+01   282.965s
 396000 +9.55650844e+09 +6.76643427e+09  2.79e+09   6.44e+02     1.86e+01   283.621s
 397000 +9.54900322e+09 +6.82751451e+09  2.72e+09   6.17e+02     1.85e+01   284.276s
 398000 +9.54142948e+09 +6.84990930e+09  2.69e+09   4.81e+02     1.84e+01   284.932s
 399000 +9.53433384e+09 +6.88544141e+09  2.65e+09   4.46e+02     1.82e+01   285.587s
 400000 +9.52582348e+09 +7.05158016e+09  2.47e+09   9.51e+02     1.79e+01   286.243s
 401000 +9.52001039e+09 +7.28390188e+09  2.24e+09   4.87e+02     1.77e+01   286.898s
 402000 +9.51359027e+09 +7.17396815e+09  2.34e+09   6.18e+02     1.76e+01   287.554s
 403000 +9.50596924e+09 +7.09632046e+09  2.41e+09   4.82e+02     1.76e+01   288.210s
 404000 +9.49855252e+09 +7.25329203e+09  2.25e+09   6.60e+02     1.74e+01   288.866s
 405000 +9.49225103e+09 +7.36772206e+09  2.12e+09   9.32e+02     1.67e+01   289.521s
 406000 +9.48460745e+09 +7.34638124e+09  2.14e+09   1.97e+03     1.54e+01   290.177s
 407000 +9.48162367e+09 +7.34159483e+09  2.14e+09   1.05e+03     1.47e+01   290.832s
 408000 +9.44355714e+09 +7.43999480e+09  2.00e+09   1.17e+04     1.43e+01   291.490s
 409000 +9.17641878e+09 +7.65198756e+09  1.52e+09   5.64e+04     1.11e+01   292.147s
 410000 +9.02188927e+09 +8.51511629e+09  5.07e+08   7.75e+04     6.53e+00   292.803s
 411000 +9.09705159e+09 +9.40316641e+09  3.06e+08   6.36e+04     3.71e+00   293.459s
 412000 +9.28029802e+09 +9.79393032e+09  5.14e+08   3.38e+04     2.94e+00   294.114s
 413000 +9.39408437e+09 +9.93904613e+09  5.45e+08   1.57e+04     4.30e+00   294.771s
 414000 +9.41813548e+09 +1.05460954e+10  1.13e+09   1.14e+04     6.13e+00   295.427s
 415000 +9.45438183e+09 +1.07881126e+10  1.33e+09   5.00e+03     6.72e+00   296.082s
 416000 +9.48318386e+09 +1.05723291e+10  1.09e+09   2.00e+03     5.59e+00   296.738s
 417000 +9.49422667e+09 +1.01138010e+10  6.20e+08   4.10e+03     3.46e+00   297.393s
 418000 +9.48944683e+09 +9.69544483e+09  2.06e+08   3.67e+03     1.52e+00   298.049s
 419000 +9.49214922e+09 +9.56228983e+09  7.01e+07   4.17e+03     5.64e-01   298.706s
 420000 +9.49914039e+09 +9.51660383e+09  1.75e+07   5.36e+03     4.06e-01   299.362s
 421000 +9.49450057e+09 +9.46860192e+09  2.59e+07   4.31e+03     3.22e-01   300.017s
 422000 +9.48423110e+09 +9.45061246e+09  3.36e+07   2.26e+03     3.05e-01   300.674s
 423000 +9.47747093e+09 +9.46266374e+09  1.48e+07   9.39e+02     2.44e-01   301.329s
 424000 +9.47588058e+09 +9.47417949e+09  1.70e+06   7.98e+02     2.02e-01   301.986s
LP Solver status:                Optimal
Primal objective:                +9.47588058e+09
Dual objective:                  +9.47417949e+09
Duality gap (abs/rel):           +1.70e+06 / +8.98e-05
Primal infeasibility (abs/rel):  +7.98e+02 / +7.99e-06
Dual infeasibility (abs/rel):    +2.02e-01 / +1.01e-07
Distributed PDLP finished
Status: Optimal   Objective: 9.47588058e+09  Iterations: 424000  Time: 303.599s

### exit_code=0
### finished=2026-07-23T15:25:21.223800
### gpu_peak_mb=11642.4
### gpu_peak2_mb=10010.4
### per_gpu_peak_mb=[11642.375, 10010.375, 9914.375, 9882.375, 9786.375, 9562.375, 9530.375, 8986.375]
