### solver=cuopt-distributed
### instance=/home/scratch.vmostovoi_gpu/datasets/amazon_lp/amazon_lp003.mps
### n_gpus=8
### CUDA_VISIBLE_DEVICES=0,1,2,3,4,5,6,7
### started=2026-07-23T14:06:48.108565
### argv=/home/scratch.vmostovoi_gpu/mostovoi_cuopt/cpp/build/cuopt_cli --use-distributed-pdlp true --method 1 --mps-reader experimental-fast --time-limit 3600 --iteration-limit 1000000000 --relative-primal-tolerance 1e-6 --relative-dual-tolerance 1e-6 --relative-gap-tolerance 1e-6 --log-to-console true /home/scratch.vmostovoi_gpu/datasets/amazon_lp/amazon_lp003.mps
### --- solver output ---
Setting parameter iteration_limit to 1000000000
Setting parameter log_to_console to true
Setting parameter method to 1
Setting parameter relative_dual_tolerance to 1.000000e-06
Setting parameter relative_gap_tolerance to 1.000000e-06
Setting parameter relative_primal_tolerance to 1.000000e-06
Setting parameter time_limit to 3.600000e+03
Setting parameter use_distributed_pdlp to true
Reading file amazon_lp003.mps
Using experimental fast MPS parser for '/home/scratch.vmostovoi_gpu/datasets/amazon_lp/amazon_lp003.mps'
Read file amazon_lp003.mps in 7.23 seconds
cuOpt version: 26.8.0, git hash: 7116ead1, host arch: x86_64, device archs: 100a-real
CPU: INTEL(R) XEON(R) PLATINUM 8570, threads (physical/logical): 112/224, RAM: 1793.11 GiB
CUDA 13.3, device: NVIDIA B200 (ID 0), VRAM: 178.34 GiB
CUDA device UUID: 1101c152-91de-d40c-4303-b5ce8c0f2273
CUDA 13.3, device: NVIDIA B200 (ID 1), VRAM: 178.34 GiB
CUDA device UUID: 49be7011-908d-9c3a-b85d-1e9d54a2cf8e
CUDA 13.3, device: NVIDIA B200 (ID 2), VRAM: 178.34 GiB
CUDA device UUID: c614d33b-3b33-0212-03db-a5a3d4d53c09
CUDA 13.3, device: NVIDIA B200 (ID 3), VRAM: 178.34 GiB
CUDA device UUID: f0efe03d-7a32-7393-9416-2efd0f75b715
CUDA 13.3, device: NVIDIA B200 (ID 4), VRAM: 178.34 GiB
CUDA device UUID: f4d480a1-39f3-40e0-6e96-bb5c4d165711
CUDA 13.3, device: NVIDIA B200 (ID 5), VRAM: 178.34 GiB
CUDA device UUID: 95da5925-7088-4fc6-b10d-a260ca702b29
CUDA 13.3, device: NVIDIA B200 (ID 6), VRAM: 178.34 GiB
CUDA device UUID: 68992ffe-0591-7d4f-b826-1cb98b6bde20
CUDA 13.3, device: NVIDIA B200 (ID 7), VRAM: 178.34 GiB
CUDA device UUID: 5656cf7f-5639-9407-be3e-a913830b7634
Solving a problem with 1045169 constraints, 16995607 variables (0 integers), and 129173347 nonzeros
Using PSLP presolver
PSLP Presolved problem: 159180 constraints, 678095 variables, 1210633 non-zeros
PSLP presolve time: 32.12s
Solving with distributed PDLP on 8 GPUs.
NCCL version 2.30.7+cuda13.3
      0 +1.12520278e+09 +1.12520278e+09  0.00e+00   2.55e+06     6.76e+10   39.602s
   1000 +8.83161795e+08 +8.88100575e+08  4.94e+06   2.38e+02     8.45e+07   39.978s
   2000 +8.69196467e+08 +8.69226601e+08  3.01e+04   4.02e+03     6.99e+04   40.171s
   3000 +8.69104725e+08 +8.69105647e+08  9.22e+02   7.62e+03     5.01e+02   40.359s
   3900 +8.69103623e+08 +8.69103623e+08  4.61e-02   5.23e+01     6.59e+01   40.533s
LP Solver status:                Optimal
Primal objective:                +8.69103623e+08
Dual objective:                  +8.69103623e+08
Duality gap (abs/rel):           +4.61e-02 / +2.65e-11
Primal infeasibility (abs/rel):  +5.23e+01 / +8.45e-07
Dual infeasibility (abs/rel):    +6.59e+01 / +9.74e-10
Distributed PDLP finished
Status: Optimal   Objective: 8.69103623e+08  Iterations: 3900  Time: 42.088s

### exit_code=0
### finished=2026-07-23T14:07:46.317575
### gpu_peak_mb=5594.4
### gpu_peak2_mb=5242.4
### per_gpu_peak_mb=[5594.375, 5242.375, 5242.375, 5242.375, 5242.375, 5242.375, 5242.375, 5242.375]
