### solver=cuopt-distributed
### instance=/home/scratch.vmostovoi_gpu/gurobi_things/gurobi_presolved/C5_bigger_sanitized_gurobi_presolved.mps
### n_gpus=8
### CUDA_VISIBLE_DEVICES=0,1,2,3,4,5,6,7
### started=2026-07-23T10:30:04.922878
### argv=/home/scratch.vmostovoi_gpu/mostovoi_cuopt/cpp/build/cuopt_cli --use-distributed-pdlp true --method 1 --presolve 0 --mps-reader experimental-fast --time-limit 3600 --iteration-limit 1000000000 --relative-primal-tolerance 1e-6 --relative-dual-tolerance 1e-6 --relative-gap-tolerance 1e-6 --log-to-console true /home/scratch.vmostovoi_gpu/gurobi_things/gurobi_presolved/C5_bigger_sanitized_gurobi_presolved.mps
### --- solver output ---
Setting parameter iteration_limit to 1000000000
Setting parameter log_to_console to true
Setting parameter method to 1
Setting parameter presolve to 0
Setting parameter relative_dual_tolerance to 1.000000e-06
Setting parameter relative_gap_tolerance to 1.000000e-06
Setting parameter relative_primal_tolerance to 1.000000e-06
Setting parameter time_limit to 3.600000e+03
Setting parameter use_distributed_pdlp to true
Reading file C5_bigger_sanitized_gurobi_presolved.mps
Using experimental fast MPS parser for '/home/scratch.vmostovoi_gpu/gurobi_things/gurobi_presolved/C5_bigger_sanitized_gurobi_presolved.mps'
Read file C5_bigger_sanitized_gurobi_presolved.mps in 18.24 seconds
cuOpt version: 26.8.0, git hash: 7116ead1, host arch: x86_64, device archs: 100a-real
CPU: INTEL(R) XEON(R) PLATINUM 8570, threads (physical/logical): 112/224, RAM: 1603.88 GiB
CUDA 13.3, device: NVIDIA B200 (ID 0), VRAM: 178.34 GiB
CUDA device UUID: 681a378c-9967-0edf-3943-b009e5595378
CUDA 13.3, device: NVIDIA B200 (ID 1), VRAM: 178.34 GiB
CUDA device UUID: f362e9ae-1176-2fdc-bc5f-44f36e3f008b
CUDA 13.3, device: NVIDIA B200 (ID 2), VRAM: 178.34 GiB
CUDA device UUID: 12fd6dd7-3383-bd42-35f5-31ce1246a7b2
CUDA 13.3, device: NVIDIA B200 (ID 3), VRAM: 178.34 GiB
CUDA device UUID: bf38f101-598c-c6a6-4396-7a12a540e9b0
CUDA 13.3, device: NVIDIA B200 (ID 4), VRAM: 178.34 GiB
CUDA device UUID: 18e03214-c1f8-c0cc-2376-566dd06569da
CUDA 13.3, device: NVIDIA B200 (ID 5), VRAM: 178.34 GiB
CUDA device UUID: a614b617-6398-7625-f7e1-08fd2ec48ca6
CUDA 13.3, device: NVIDIA B200 (ID 6), VRAM: 178.34 GiB
CUDA device UUID: 30d73ef0-1aa5-e1c9-bd4a-2c000df06cde
CUDA 13.3, device: NVIDIA B200 (ID 7), VRAM: 178.34 GiB
CUDA device UUID: 303952f7-5df8-2cb3-91d7-e18ea6249e44
Solving a problem with 7593333 constraints, 88150082 variables (0 integers), and 204746557 nonzeros
Solving with distributed PDLP on 8 GPUs.
NCCL version 2.30.7+cuda13.3
      0 -5.15775551e+09 -5.15775551e+09  0.00e+00   9.98e+07     2.01e+06   21.927s
   1000 -3.63850206e+10 +7.50544508e+11  7.87e+11   2.96e+06     6.93e+03   22.732s
   2000 -1.57035225e+10 +7.94814276e+11  8.11e+11   1.85e+06     4.94e+03   23.394s
   3000 -5.68207791e+09 +7.96119634e+11  8.02e+11   1.03e+06     4.81e+03   24.055s
   4000 -7.66114249e+08 +5.94913270e+11  5.96e+11   1.30e+06     3.37e+03   24.718s
   5000 +5.32831942e+08 +1.24020144e+11  1.23e+11   2.34e+06     2.02e+03   25.379s
   6000 +1.19690049e+09 -2.14529921e+11  2.16e+11   1.60e+06     1.99e+03   26.040s
   7000 +1.99918534e+09 -4.17017481e+11  4.19e+11   1.66e+06     2.20e+03   26.701s
   8000 +2.26819273e+09 -3.82116667e+11  3.84e+11   9.68e+05     1.97e+03   27.361s
   9000 +2.55429295e+09 -2.08135704e+11  2.11e+11   6.53e+05     1.16e+03   28.020s
  10000 +2.77182316e+09 -1.07843931e+11  1.11e+11   7.69e+05     6.30e+02   28.682s
  11000 +2.68237733e+09 -9.56356900e+09  1.22e+10   6.57e+05     4.07e+02   29.337s
  12000 +2.82059690e+09 +1.30808762e+09  1.51e+09   3.13e+05     2.48e+02   29.993s
  13000 +2.88840141e+09 -3.47808398e+10  3.77e+10   2.88e+05     1.51e+02   30.650s
  14000 +3.01127549e+09 -2.48933241e+10  2.79e+10   2.73e+05     2.32e+02   31.307s
  15000 +3.15783463e+09 -2.04871838e+10  2.36e+10   2.62e+05     2.22e+02   31.962s
  16000 +3.25918481e+09 -2.12958455e+10  2.46e+10   2.27e+05     1.87e+02   32.618s
  17000 +3.31317579e+09 -2.16430622e+10  2.50e+10   2.17e+05     1.79e+02   33.273s
  18000 +4.61556243e+09 -1.90025498e+10  2.36e+10   2.01e+05     1.74e+02   33.929s
  19000 +4.88149553e+09 -1.38172997e+10  1.87e+10   1.89e+05     5.80e+02   34.586s
  20000 +5.33014325e+09 -1.68448757e+10  2.22e+10   1.75e+05     5.15e+02   35.246s
  21000 +5.57244594e+09 -9.32585175e+09  1.49e+10   1.68e+05     4.86e+02   35.906s
  22000 +5.71418332e+09 -1.23799265e+10  1.81e+10   1.51e+05     4.28e+02   36.574s
  23000 +5.84423813e+09 -9.65121542e+09  1.55e+10   1.36e+05     3.76e+02   37.237s
  24000 +5.96653441e+09 -4.17889155e+09  1.01e+10   1.02e+05     2.90e+02   37.906s
  25000 +6.05239253e+09 -3.51885402e+09  9.57e+09   9.44e+04     2.52e+02   38.563s
  26000 +6.16833890e+09 -2.13675333e+09  8.31e+09   8.95e+04     2.37e+02   39.218s
  27000 +6.24119288e+09 -1.24042154e+09  7.48e+09   8.51e+04     2.23e+02   39.873s
  28000 +6.29669865e+09 -5.82763915e+08  6.88e+09   8.20e+04     2.12e+02   40.529s
  29000 +6.54808517e+09 -4.63982833e+09  1.12e+10   6.40e+04     1.24e+03   41.186s
  30000 +6.76718993e+09 -2.66230197e+09  9.43e+09   3.49e+04     9.12e+02   41.842s
  31000 +7.16068458e+09 -1.71362516e+09  8.87e+09   2.63e+04     6.22e+02   42.498s
  32000 +7.51179175e+09 -8.42998938e+08  8.35e+09   2.12e+04     4.66e+02   43.153s
  33000 +7.71283555e+09 -5.22532382e+08  8.24e+09   1.81e+04     3.54e+02   43.809s
  34000 +8.44268838e+09 -1.12958898e+09  9.57e+09   1.29e+04     1.06e+03   44.466s
  35000 +8.67564673e+09 +3.29630997e+08  8.35e+09   1.17e+04     7.79e+02   45.123s
  36000 +8.81654077e+09 +1.07593049e+09  7.74e+09   1.08e+04     6.95e+02   45.778s
  37000 +8.93799437e+09 +1.96039382e+09  6.98e+09   1.04e+04     6.73e+02   46.434s
  38000 +9.00247015e+09 +2.64478168e+09  6.36e+09   1.02e+04     6.89e+02   47.089s
  39000 +9.09386019e+09 +3.16702648e+09  5.93e+09   9.83e+03     7.05e+02   47.745s
  40000 +9.13945865e+09 +3.83328952e+09  5.31e+09   9.61e+03     7.37e+02   48.401s
  41000 +9.16807048e+09 +4.42515279e+09  4.74e+09   9.41e+03     7.71e+02   49.056s
  42000 +9.22141060e+09 +5.04167837e+09  4.18e+09   9.15e+03     7.98e+02   49.711s
  43000 +9.24354044e+09 +5.71413095e+09  3.53e+09   8.95e+03     8.31e+02   50.367s
  44000 +9.26785360e+09 +6.27026481e+09  3.00e+09   8.73e+03     8.59e+02   51.022s
  45000 +9.28271394e+09 +6.82684690e+09  2.46e+09   8.52e+03     8.89e+02   51.678s
  46000 +9.30569833e+09 +7.38013306e+09  1.93e+09   8.29e+03     9.18e+02   52.333s
  47000 +9.32040230e+09 +7.88525942e+09  1.44e+09   8.05e+03     9.47e+02   52.988s
  48000 +9.35962455e+09 +8.35834272e+09  1.00e+09   7.77e+03     9.74e+02   53.644s
  49000 +9.37397223e+09 +8.81423122e+09  5.60e+08   7.51e+03     1.00e+03   54.299s
  50000 +9.38648239e+09 +9.22867698e+09  1.58e+08   7.00e+03     1.03e+03   54.955s
  51000 +9.39784343e+09 +9.62539368e+09  2.28e+08   6.71e+03     1.05e+03   55.610s
  52000 +9.40963100e+09 +9.98848492e+09  5.79e+08   6.41e+03     1.08e+03   56.266s
  53000 +9.51658189e+09 +1.04954465e+10  9.79e+08   6.07e+03     1.17e+03   56.923s
  54000 +9.55091180e+09 +1.12045488e+10  1.65e+09   5.90e+03     1.22e+03   57.579s
  55000 +9.55678400e+09 +1.19992733e+10  2.44e+09   5.74e+03     1.27e+03   58.234s
  56000 +9.58429870e+09 +1.25862885e+10  3.00e+09   5.55e+03     1.31e+03   58.890s
  57000 +9.59097107e+09 +1.31590716e+10  3.57e+09   5.36e+03     1.36e+03   59.546s
  58000 +9.59884368e+09 +1.37266937e+10  4.13e+09   5.17e+03     1.41e+03   60.201s
  59000 +9.60389293e+09 +1.42494544e+10  4.65e+09   4.98e+03     1.45e+03   60.857s
  60000 +9.60894227e+09 +1.47114310e+10  5.10e+09   4.77e+03     1.48e+03   61.512s
  61000 +9.61299754e+09 +1.51132008e+10  5.50e+09   4.56e+03     1.52e+03   62.168s
  62000 +9.61449536e+09 +1.55374777e+10  5.92e+09   4.36e+03     1.55e+03   62.823s
  63000 +9.61781293e+09 +1.59304581e+10  6.31e+09   4.15e+03     1.58e+03   63.479s
  64000 +9.62218763e+09 +1.62439059e+10  6.62e+09   3.93e+03     1.60e+03   64.135s
  65000 +9.62633145e+09 +1.65315433e+10  6.91e+09   3.71e+03     1.62e+03   64.790s
  66000 +9.62887890e+09 +1.69103505e+10  7.28e+09   3.49e+03     1.64e+03   65.446s
  67000 +9.63177780e+09 +1.70501610e+10  7.42e+09   3.29e+03     1.64e+03   66.102s
  68000 +9.63304978e+09 +1.70284624e+10  7.40e+09   3.08e+03     1.65e+03   66.757s
  69000 +9.63864200e+09 +1.71391387e+10  7.50e+09   2.89e+03     1.65e+03   67.413s
  70000 +9.64351142e+09 +1.71706536e+10  7.53e+09   2.71e+03     1.65e+03   68.069s
  71000 +9.64554654e+09 +1.70000260e+10  7.35e+09   2.55e+03     1.64e+03   68.724s
  72000 +9.64660675e+09 +1.68889465e+10  7.24e+09   2.41e+03     1.62e+03   69.380s
  73000 +9.64771246e+09 +1.67956012e+10  7.15e+09   2.27e+03     1.61e+03   70.035s
  74000 +9.64886202e+09 +1.66335376e+10  6.98e+09   2.14e+03     1.59e+03   70.691s
  75000 +9.65018300e+09 +1.64384341e+10  6.79e+09   2.00e+03     1.58e+03   71.346s
  76000 +9.65182720e+09 +1.61736567e+10  6.52e+09   1.86e+03     1.56e+03   72.001s
  77000 +9.65360771e+09 +1.60020657e+10  6.35e+09   1.72e+03     1.53e+03   72.657s
  78000 +9.65507851e+09 +1.56990371e+10  6.04e+09   1.56e+03     1.52e+03   73.313s
  79000 +9.65583416e+09 +1.54825930e+10  5.83e+09   1.40e+03     1.50e+03   73.968s
  80000 +9.65778095e+09 +1.52267782e+10  5.57e+09   1.22e+03     1.48e+03   74.629s
  81000 +9.65857112e+09 +1.48891680e+10  5.23e+09   1.03e+03     1.46e+03   75.294s
  82000 +9.65894901e+09 +1.46062996e+10  4.95e+09   8.55e+02     1.44e+03   75.962s
  83000 +9.67136141e+09 +1.40668863e+10  4.40e+09   1.18e+03     1.39e+03   76.636s
  84000 +9.67311166e+09 +1.40677288e+10  4.39e+09   1.71e+03     1.38e+03   77.306s
  85000 +9.67414165e+09 +1.39940011e+10  4.32e+09   2.32e+03     1.37e+03   77.979s
  86000 +9.67459692e+09 +1.39036933e+10  4.23e+09   2.83e+03     1.36e+03   78.652s
  87000 +9.67482611e+09 +1.38406991e+10  4.17e+09   3.23e+03     1.34e+03   79.323s
  88000 +9.67593801e+09 +1.35955598e+10  3.92e+09   3.52e+03     1.31e+03   79.993s
  89000 +9.67592872e+09 +1.33125954e+10  3.64e+09   3.79e+03     1.28e+03   80.668s
  90000 +9.67575541e+09 +1.33232029e+10  3.65e+09   3.99e+03     1.24e+03   81.332s
  91000 +9.67607923e+09 +1.29621440e+10  3.29e+09   4.17e+03     1.21e+03   82.007s
  92000 +9.67608653e+09 +1.26096207e+10  2.93e+09   4.64e+03     1.19e+03   82.682s
  93000 +9.67606280e+09 +1.24347950e+10  2.76e+09   5.06e+03     1.16e+03   83.357s
  94000 +9.67605322e+09 +1.24043869e+10  2.73e+09   5.22e+03     1.13e+03   84.029s
  95000 +9.67611199e+09 +1.19568029e+10  2.28e+09   5.35e+03     1.09e+03   84.685s
  96000 +9.67636857e+09 +1.03932885e+10  7.17e+08   5.65e+03     9.98e+02   85.340s
  97000 +9.67738985e+09 +9.61837181e+09  5.90e+07   5.93e+03     8.84e+02   85.996s
  98000 +9.67933988e+09 +9.89382614e+09  2.14e+08   6.76e+03     7.05e+02   86.653s
  99000 +9.68000808e+09 +9.53565935e+09  1.44e+08   7.93e+03     7.21e+02   87.308s
 100000 +9.68074490e+09 +8.91191701e+09  7.69e+08   8.82e+03     7.35e+02   87.963s
 101000 +9.68095754e+09 +8.17343688e+09  1.51e+09   9.45e+03     7.37e+02   88.618s
 102000 +9.68068401e+09 +7.35744680e+09  2.32e+09   9.98e+03     7.45e+02   89.274s
 103000 +9.68062080e+09 +6.45051087e+09  3.23e+09   1.04e+04     7.49e+02   89.930s
 104000 +9.68044408e+09 +5.60377647e+09  4.08e+09   1.07e+04     7.44e+02   90.585s
 105000 +9.68014236e+09 +4.91120558e+09  4.77e+09   1.07e+04     7.30e+02   91.241s
 106000 +9.67983668e+09 +4.25895816e+09  5.42e+09   1.05e+04     7.04e+02   91.896s
 107000 +9.68021087e+09 +3.60448905e+09  6.08e+09   9.34e+03     5.81e+02   92.552s
 108000 +9.68009336e+09 +3.24477853e+09  6.44e+09   6.78e+03     4.06e+02   93.207s
 109000 +9.68035731e+09 +3.32329157e+09  6.36e+09   5.68e+03     2.43e+02   93.863s
 110000 +9.68274657e+09 +2.61142493e+09  7.07e+09   4.70e+03     4.40e+02   94.520s
 111000 +9.68337598e+09 +2.22677747e+09  7.46e+09   4.55e+03     4.17e+02   95.180s
 112000 +9.68349969e+09 +1.79264963e+09  7.89e+09   4.40e+03     4.31e+02   95.849s
 113000 +9.68542354e+09 +1.41174463e+09  8.27e+09   4.21e+03     4.53e+02   96.516s
 114000 +9.68590263e+09 +1.05519396e+09  8.63e+09   4.02e+03     4.62e+02   97.185s
 115000 +9.68600169e+09 +7.51588015e+08  8.93e+09   3.81e+03     4.86e+02   97.854s
 116000 +9.68609782e+09 +5.08020293e+08  9.18e+09   3.63e+03     4.91e+02   98.516s
 117000 +9.68612180e+09 +3.74979165e+08  9.31e+09   3.45e+03     5.08e+02   99.170s
 118000 +9.68612607e+09 +3.24511597e+08  9.36e+09   3.31e+03     5.07e+02   99.825s
 119000 +9.68613765e+09 +3.42238341e+08  9.34e+09   3.21e+03     5.15e+02   100.479s
 120000 +9.68609534e+09 +4.50573723e+08  9.24e+09   3.12e+03     5.08e+02   101.134s
 121000 +9.68663824e+09 +6.49314832e+08  9.04e+09   3.07e+03     5.06e+02   101.788s
 122000 +9.68719918e+09 +9.13768335e+08  8.77e+09   3.06e+03     4.95e+02   102.443s
 123000 +9.68712636e+09 +1.20420653e+09  8.48e+09   3.06e+03     4.86e+02   103.097s
 124000 +9.68717306e+09 +1.53823567e+09  8.15e+09   3.07e+03     4.73e+02   103.753s
 125000 +9.68717318e+09 +1.90722808e+09  7.78e+09   3.08e+03     4.61e+02   104.408s
 126000 +9.68763176e+09 +2.29064032e+09  7.40e+09   3.09e+03     4.46e+02   105.064s
 127000 +9.68767678e+09 +2.64755884e+09  7.04e+09   3.08e+03     4.32e+02   105.719s
 128000 +9.68766174e+09 +2.99461924e+09  6.69e+09   3.06e+03     4.18e+02   106.375s
 129000 +9.68816245e+09 +3.33113149e+09  6.36e+09   3.04e+03     4.05e+02   107.030s
 130000 +9.68850680e+09 +3.62869436e+09  6.06e+09   3.01e+03     3.92e+02   107.686s
 131000 +9.68856576e+09 +3.86366424e+09  5.82e+09   2.98e+03     3.80e+02   108.341s
 132000 +9.68873086e+09 +4.04763066e+09  5.64e+09   2.95e+03     3.69e+02   108.997s
 133000 +9.68870694e+09 +4.19049456e+09  5.50e+09   2.92e+03     3.57e+02   109.652s
 134000 +9.68869842e+09 +4.27998334e+09  5.41e+09   2.90e+03     3.45e+02   110.308s
 135000 +9.69032920e+09 +4.33698599e+09  5.35e+09   2.84e+03     8.86e+02   110.965s
 136000 +9.69070842e+09 +4.39867640e+09  5.29e+09   2.79e+03     8.79e+02   111.620s
 137000 +9.69088292e+09 +4.47546357e+09  5.22e+09   2.76e+03     8.60e+02   112.275s
 138000 +9.69200138e+09 +4.53807126e+09  5.15e+09   2.71e+03     8.50e+02   112.931s
 139000 +9.69224385e+09 +4.62605911e+09  5.07e+09   2.69e+03     8.34e+02   113.586s
 140000 +9.69238401e+09 +4.67611647e+09  5.02e+09   2.66e+03     8.23e+02   114.241s
 141000 +9.69245141e+09 +4.74176665e+09  4.95e+09   2.64e+03     8.20e+02   114.897s
 142000 +9.69288385e+09 +4.79169227e+09  4.90e+09   2.60e+03     7.97e+02   115.552s
 143000 +9.69308125e+09 +4.84600894e+09  4.85e+09   2.55e+03     7.90e+02   116.207s
 144000 +9.69309765e+09 +4.77454383e+09  4.92e+09   2.39e+03     5.85e+02   116.862s
 145000 +9.69313442e+09 +4.66690941e+09  5.03e+09   1.97e+03     6.15e+02   117.516s
 146000 +9.69330242e+09 +4.87730115e+09  4.82e+09   1.72e+03     5.79e+02   118.171s
 147000 +9.69374429e+09 +4.53549772e+09  5.16e+09   1.61e+03     4.34e+03   118.827s
 148000 +9.69542236e+09 +2.10130271e+09  7.59e+09   1.31e+03     4.75e+03   119.482s
 149000 +9.69618750e+09 +2.20836454e+09  7.49e+09   3.67e+02     3.56e+03   120.137s
 150000 +9.69643240e+09 +2.84559236e+09  6.85e+09   3.61e+02     2.83e+03   120.792s
 151000 +9.69684321e+09 +3.72812105e+09  5.97e+09   9.34e+01     1.93e+03   121.449s
 152000 +9.69712842e+09 +3.77326854e+09  5.92e+09   4.18e+01     1.34e+03   122.104s
 153000 +9.69782514e+09 +4.43246704e+09  5.27e+09   5.07e+01     8.24e+02   122.759s
 154000 +9.69783489e+09 +5.10076193e+09  4.60e+09   4.76e+01     4.30e+02   123.414s
 155000 +9.69803901e+09 +5.43155928e+09  4.27e+09   3.34e+01     2.97e+02   124.071s
 156000 +9.69797709e+09 +5.43513138e+09  4.26e+09   5.48e+00     2.53e+02   124.725s
 157000 +9.69787182e+09 +5.37489019e+09  4.32e+09   5.95e+00     2.07e+02   125.380s
 158000 +9.69780179e+09 +5.38143810e+09  4.32e+09   3.33e+00     1.95e+02   126.036s
 159000 +9.69769843e+09 +5.37817690e+09  4.32e+09   2.64e+00     1.86e+02   126.692s
 160000 +9.69756512e+09 +5.38011352e+09  4.32e+09   2.42e+00     1.81e+02   127.347s
 161000 +9.69743748e+09 +5.38089213e+09  4.32e+09   1.78e+00     1.77e+02   128.002s
 162000 +9.69731974e+09 +5.38019051e+09  4.32e+09   1.63e+00     1.73e+02   128.658s
 163000 +9.69721577e+09 +5.38056340e+09  4.32e+09   1.52e+00     1.71e+02   129.313s
 164000 +9.69711544e+09 +5.37920749e+09  4.32e+09   1.60e+00     1.68e+02   129.968s
 165000 +9.69701599e+09 +5.38109253e+09  4.32e+09   1.65e+00     1.66e+02   130.623s
 166000 +9.69689848e+09 +5.38065538e+09  4.32e+09   1.34e+00     1.64e+02   131.278s
 167000 +9.69680411e+09 +5.37971775e+09  4.32e+09   1.28e+00     1.63e+02   131.934s
 168000 +9.69671695e+09 +5.38006511e+09  4.32e+09   1.33e+00     1.61e+02   132.588s
 169000 +9.69662359e+09 +5.38046536e+09  4.32e+09   1.28e+00     1.60e+02   133.243s
 170000 +9.69652597e+09 +5.38027135e+09  4.32e+09   1.20e+00     1.59e+02   133.897s
 171000 +9.69643758e+09 +5.38023886e+09  4.32e+09   1.25e+00     1.57e+02   134.552s
 172000 +9.69635378e+09 +5.38109282e+09  4.32e+09   1.25e+00     1.56e+02   135.207s
 173000 +9.69626281e+09 +5.38138197e+09  4.31e+09   1.22e+00     1.55e+02   135.862s
 174000 +9.69617574e+09 +5.38130460e+09  4.31e+09   1.35e+00     1.53e+02   136.517s
 175000 +9.69610478e+09 +5.38256454e+09  4.31e+09   1.54e+00     1.52e+02   137.173s
 176000 +9.69602286e+09 +5.38344340e+09  4.31e+09   1.77e+00     1.50e+02   137.828s
 177000 +9.69598937e+09 +5.38747066e+09  4.31e+09   3.68e+00     1.42e+02   138.482s
 178000 +9.69600553e+09 +5.40165557e+09  4.29e+09   4.56e+00     1.27e+02   139.137s
 179000 +9.69599669e+09 +5.42172206e+09  4.27e+09   5.54e+00     1.09e+02   139.791s
 180000 +9.69599272e+09 +5.44161173e+09  4.25e+09   5.50e+00     8.89e+01   140.447s
 181000 +9.69598901e+09 +5.46094504e+09  4.24e+09   5.04e+00     7.12e+01   141.102s
 182000 +9.69598450e+09 +5.47609240e+09  4.22e+09   4.07e+00     5.70e+01   141.758s
 183000 +9.69598368e+09 +5.48480915e+09  4.21e+09   2.68e+00     4.74e+01   142.413s
 184000 +9.69597973e+09 +5.48827341e+09  4.21e+09   1.36e+00     4.26e+01   143.068s
 185000 +9.69594115e+09 +5.48854638e+09  4.21e+09   4.01e+00     3.19e+01   143.725s
 186000 +9.69592971e+09 +5.49007201e+09  4.21e+09   4.42e+00     3.11e+01   144.380s
 187000 +9.69592795e+09 +5.49179770e+09  4.20e+09   3.78e+00     3.06e+01   145.035s
 188000 +9.69592110e+09 +5.49346781e+09  4.20e+09   3.49e+00     3.02e+01   145.691s
 189000 +9.69590632e+09 +5.49513838e+09  4.20e+09   3.35e+00     3.00e+01   146.346s
 190000 +9.69589190e+09 +5.49646876e+09  4.20e+09   3.08e+00     2.99e+01   147.002s
 191000 +9.69587876e+09 +5.49695142e+09  4.20e+09   2.21e+00     2.98e+01   147.657s
 192000 +9.69586669e+09 +5.49670553e+09  4.20e+09   1.48e+00     2.97e+01   148.312s
 193000 +9.69585143e+09 +5.49685721e+09  4.20e+09   1.53e+00     2.96e+01   148.968s
 194000 +9.69583889e+09 +5.49649367e+09  4.20e+09   1.33e+00     2.96e+01   149.623s
 195000 +9.69582441e+09 +5.49639868e+09  4.20e+09   1.24e+00     2.95e+01   150.279s
 196000 +9.69580965e+09 +5.49654985e+09  4.20e+09   1.16e+00     2.95e+01   150.934s
 197000 +9.69579528e+09 +5.49641478e+09  4.20e+09   1.13e+00     2.95e+01   151.589s
 198000 +9.69578219e+09 +5.49636623e+09  4.20e+09   1.13e+00     2.95e+01   152.244s
 199000 +9.69576967e+09 +5.49641925e+09  4.20e+09   9.75e-01     2.95e+01   152.900s
 200000 +9.69575739e+09 +5.49630043e+09  4.20e+09   8.57e-01     2.95e+01   153.555s
 201000 +9.69574479e+09 +5.49635975e+09  4.20e+09   8.51e-01     2.95e+01   154.210s
 202000 +9.69573191e+09 +5.49637882e+09  4.20e+09   7.62e-01     2.94e+01   154.866s
 203000 +9.69571809e+09 +5.49629232e+09  4.20e+09   7.61e-01     2.94e+01   155.521s
 204000 +9.69570421e+09 +5.49644693e+09  4.20e+09   7.79e-01     2.94e+01   156.177s
 205000 +9.69568963e+09 +5.49638407e+09  4.20e+09   8.24e-01     2.94e+01   156.832s
 206000 +9.69567605e+09 +5.49634062e+09  4.20e+09   7.90e-01     2.94e+01   157.488s
 207000 +9.69566329e+09 +5.49645639e+09  4.20e+09   6.77e-01     2.94e+01   158.143s
 208000 +9.69565038e+09 +5.49628195e+09  4.20e+09   5.73e-01     2.94e+01   158.799s
 209000 +9.69563706e+09 +5.49631838e+09  4.20e+09   5.84e-01     2.94e+01   159.454s
 210000 +9.69562313e+09 +5.49636713e+09  4.20e+09   5.47e-01     2.94e+01   160.110s
 211000 +9.69560929e+09 +5.49624272e+09  4.20e+09   5.80e-01     2.94e+01   160.765s
 212000 +9.69559532e+09 +5.49636651e+09  4.20e+09   6.43e-01     2.94e+01   161.420s
 213000 +9.69558204e+09 +5.49634044e+09  4.20e+09   6.18e-01     2.94e+01   162.076s
 214000 +9.69556900e+09 +5.49631843e+09  4.20e+09   5.98e-01     2.94e+01   162.731s
 215000 +9.69555638e+09 +5.49637739e+09  4.20e+09   5.15e-01     2.94e+01   163.386s
 216000 +9.69554345e+09 +5.49632532e+09  4.20e+09   4.61e-01     2.94e+01   164.041s
 217000 +9.69553025e+09 +5.49635762e+09  4.20e+09   4.50e-01     2.94e+01   164.697s
 218000 +9.69551673e+09 +5.49634858e+09  4.20e+09   4.46e-01     2.94e+01   165.352s
 219000 +9.69550339e+09 +5.49632926e+09  4.20e+09   4.73e-01     2.94e+01   166.008s
 220000 +9.69549013e+09 +5.49634862e+09  4.20e+09   4.96e-01     2.94e+01   166.663s
 221000 +9.69547681e+09 +5.49631639e+09  4.20e+09   4.89e-01     2.94e+01   167.319s
 222000 +9.69546365e+09 +5.49631926e+09  4.20e+09   4.67e-01     2.94e+01   167.974s
 223000 +9.69545069e+09 +5.49633132e+09  4.20e+09   4.35e-01     2.94e+01   168.630s
 224000 +9.69543753e+09 +5.49633454e+09  4.20e+09   4.12e-01     2.94e+01   169.285s
 225000 +9.69542394e+09 +5.49633424e+09  4.20e+09   4.15e-01     2.94e+01   169.940s
 226000 +9.69541001e+09 +5.49634606e+09  4.20e+09   4.19e-01     2.94e+01   170.595s
 227000 +9.69539617e+09 +5.49635743e+09  4.20e+09   4.36e-01     2.94e+01   171.251s
 228000 +9.69538243e+09 +5.49634502e+09  4.20e+09   4.41e-01     2.94e+01   171.906s
 229000 +9.69536884e+09 +5.49634529e+09  4.20e+09   4.26e-01     2.94e+01   172.561s
 230000 +9.69535536e+09 +5.49635075e+09  4.20e+09   4.02e-01     2.94e+01   173.217s
 231000 +9.69534191e+09 +5.49634462e+09  4.20e+09   3.76e-01     2.94e+01   173.872s
 232000 +9.69532844e+09 +5.49633142e+09  4.20e+09   3.70e-01     2.94e+01   174.528s
 233000 +9.69531523e+09 +5.49633161e+09  4.20e+09   3.69e-01     2.94e+01   175.183s
 234000 +9.69530187e+09 +5.49633344e+09  4.20e+09   3.80e-01     2.94e+01   175.838s
 235000 +9.69528813e+09 +5.49918852e+09  4.20e+09   4.10e-01     2.94e+01   176.493s
 236000 +9.69527472e+09 +5.49754126e+09  4.20e+09   4.23e-01     2.94e+01   177.149s
 237000 +9.69526299e+09 +5.49822898e+09  4.20e+09   4.04e-01     2.94e+01   177.805s
 238000 +9.69524857e+09 +5.49876187e+09  4.20e+09   3.83e-01     2.94e+01   178.460s
 239000 +9.69523655e+09 +5.49809450e+09  4.20e+09   3.59e-01     2.94e+01   179.116s
 240000 +9.69522236e+09 +5.49811307e+09  4.20e+09   3.96e-01     2.94e+01   179.771s
 241000 +9.69520929e+09 +5.49881381e+09  4.20e+09   3.85e-01     2.93e+01   180.426s
 242000 +9.69519627e+09 +5.49832531e+09  4.20e+09   3.78e-01     2.93e+01   181.082s
 243000 +9.69518204e+09 +5.49811125e+09  4.20e+09   3.80e-01     2.93e+01   181.737s
 244000 +9.69517003e+09 +5.49886010e+09  4.20e+09   3.57e-01     2.93e+01   182.393s
 245000 +9.69515602e+09 +5.49841818e+09  4.20e+09   3.48e-01     2.93e+01   183.048s
 246000 +9.69514266e+09 +5.49832315e+09  4.20e+09   3.38e-01     2.93e+01   183.704s
 247000 +9.69512967e+09 +5.49873792e+09  4.20e+09   3.34e-01     2.93e+01   184.359s
 248000 +9.69511484e+09 +5.49860813e+09  4.20e+09   3.48e-01     2.93e+01   185.014s
 249000 +9.69510237e+09 +5.49840931e+09  4.20e+09   3.52e-01     2.93e+01   185.670s
 250000 +9.69508854e+09 +5.49868025e+09  4.20e+09   3.46e-01     2.93e+01   186.325s
 251000 +9.69507487e+09 +5.49878526e+09  4.20e+09   3.37e-01     2.93e+01   186.980s
 252000 +9.69506252e+09 +5.49847344e+09  4.20e+09   3.54e-01     2.93e+01   187.636s
 253000 +9.69504814e+09 +5.49870452e+09  4.20e+09   3.34e-01     2.93e+01   188.291s
 254000 +9.69503553e+09 +5.49881687e+09  4.20e+09   3.29e-01     2.93e+01   188.947s
 255000 +9.69502197e+09 +5.49858291e+09  4.20e+09   3.37e-01     2.93e+01   189.603s
 256000 +9.69500837e+09 +5.49870677e+09  4.20e+09   2.98e-01     2.93e+01   190.258s
 257000 +9.69499592e+09 +5.49887111e+09  4.20e+09   2.89e-01     2.93e+01   190.913s
 258000 +9.69498155e+09 +5.49875131e+09  4.20e+09   2.83e-01     2.93e+01   191.568s
 259000 +9.69496874e+09 +5.49872809e+09  4.20e+09   2.78e-01     2.93e+01   192.224s
 260000 +9.69495513e+09 +5.49892793e+09  4.20e+09   2.80e-01     2.93e+01   192.880s
 261000 +9.69494082e+09 +5.49883465e+09  4.20e+09   2.80e-01     2.93e+01   193.535s
 262000 +9.69492837e+09 +5.49877347e+09  4.20e+09   2.78e-01     2.93e+01   194.191s
 263000 +9.69491426e+09 +5.49894623e+09  4.20e+09   2.78e-01     2.93e+01   194.846s
 264000 +9.69490149e+09 +5.49889962e+09  4.20e+09   2.65e-01     2.93e+01   195.502s
 265000 +9.69488862e+09 +5.49881184e+09  4.20e+09   2.60e-01     2.93e+01   196.157s
 266000 +9.69487465e+09 +5.49891633e+09  4.20e+09   2.69e-01     2.93e+01   196.812s
 267000 +9.69486208e+09 +5.49896174e+09  4.20e+09   2.67e-01     2.93e+01   197.468s
 268000 +9.69484772e+09 +5.49886847e+09  4.20e+09   2.71e-01     2.93e+01   198.123s
 269000 +9.69483443e+09 +5.49891061e+09  4.20e+09   2.69e-01     2.93e+01   198.778s
 270000 +9.69482138e+09 +5.49901357e+09  4.20e+09   2.65e-01     2.93e+01   199.433s
 271000 +9.69480725e+09 +5.49895726e+09  4.20e+09   2.60e-01     2.93e+01   200.089s
 272000 +9.69479485e+09 +5.49893432e+09  4.20e+09   2.49e-01     2.93e+01   200.744s
 273000 +9.69478097e+09 +5.49902199e+09  4.20e+09   2.50e-01     2.93e+01   201.400s
 274000 +9.69476752e+09 +5.49902582e+09  4.20e+09   2.49e-01     2.93e+01   202.055s
 275000 +9.69475454e+09 +5.49897897e+09  4.20e+09   2.47e-01     2.93e+01   202.711s
 276000 +9.69474046e+09 +5.49900341e+09  4.20e+09   2.50e-01     2.93e+01   203.366s
 277000 +9.69472791e+09 +5.49905033e+09  4.20e+09   2.47e-01     2.93e+01   204.021s
 278000 +9.69471425e+09 +5.49902221e+09  4.20e+09   2.42e-01     2.93e+01   204.677s
 279000 +9.69470076e+09 +5.49900335e+09  4.20e+09   2.44e-01     2.93e+01   205.332s
 280000 +9.69468788e+09 +5.49907287e+09  4.20e+09   2.43e-01     2.93e+01   205.987s
 281000 +9.69467368e+09 +5.49906384e+09  4.20e+09   2.43e-01     2.93e+01   206.643s
 282000 +9.69466075e+09 +5.49903498e+09  4.20e+09   2.40e-01     2.93e+01   207.298s
 283000 +9.69464705e+09 +5.49908733e+09  4.20e+09   2.40e-01     2.93e+01   207.954s
 284000 +9.69463346e+09 +5.49909614e+09  4.20e+09   2.38e-01     2.93e+01   208.609s
 285000 +9.69462307e+09 +5.49907748e+09  4.20e+09   1.83e-01     2.93e+01   209.265s
 286000 +9.69460840e+09 +5.49909955e+09  4.20e+09   1.92e-01     2.93e+01   209.920s
 287000 +9.69459579e+09 +5.49910468e+09  4.20e+09   1.88e-01     2.93e+01   210.575s
 288000 +9.69444437e+09 +5.49896945e+09  4.20e+09   4.17e+00     2.93e+01   211.232s
 289000 +9.69410186e+09 +5.49954429e+09  4.19e+09   1.04e+01     2.93e+01   211.887s
 290000 +9.69375037e+09 +5.49963104e+09  4.19e+09   1.65e+01     2.93e+01   212.543s
 291000 +9.69341037e+09 +5.49966767e+09  4.19e+09   2.20e+01     2.93e+01   213.198s
 292000 +9.69307504e+09 +5.49964542e+09  4.19e+09   2.61e+01     2.93e+01   213.854s
 293000 +9.69270791e+09 +5.49960620e+09  4.19e+09   2.79e+01     2.93e+01   214.509s
 294000 +9.69237770e+09 +5.49970057e+09  4.19e+09   2.78e+01     2.93e+01   215.165s
 295000 +9.69203136e+09 +5.50198311e+09  4.19e+09   2.40e+01     2.93e+01   215.820s
 296000 +9.69171405e+09 +5.50147020e+09  4.19e+09   1.98e+01     2.92e+01   216.475s
 297000 +9.69135658e+09 +5.50238094e+09  4.19e+09   1.29e+01     2.92e+01   217.131s
 298000 +9.69100622e+09 +5.50333397e+09  4.19e+09   7.27e+00     2.92e+01   217.786s
 299000 +9.69065554e+09 +5.50273665e+09  4.19e+09   5.17e+00     2.92e+01   218.441s
 300000 +9.69031509e+09 +5.50357018e+09  4.19e+09   4.09e+00     2.92e+01   219.096s
 301000 +9.68994678e+09 +5.55023003e+09  4.14e+09   9.69e+00     2.90e+01   219.759s
 302000 +9.68964103e+09 +5.52760792e+09  4.16e+09   7.53e+00     2.90e+01   220.424s
 303000 +9.68931380e+09 +5.56510157e+09  4.12e+09   6.65e+00     2.89e+01   221.090s
 304000 +9.68895993e+09 +5.53660381e+09  4.15e+09   9.12e+00     2.89e+01   221.764s
 305000 +9.68867916e+09 +5.56696787e+09  4.12e+09   8.32e+00     2.88e+01   222.424s
 306000 +9.68825987e+09 +5.55174830e+09  4.14e+09   2.12e+01     2.86e+01   223.080s
 307000 +9.68793047e+09 +5.59602622e+09  4.09e+09   3.60e+01     2.79e+01   223.735s
 308000 +9.68761237e+09 +5.65275754e+09  4.03e+09   3.74e+01     2.72e+01   224.390s
 309000 +9.68740649e+09 +5.67588514e+09  4.01e+09   2.43e+01     2.69e+01   225.046s
 310000 +9.68717660e+09 +5.68878792e+09  4.00e+09   8.05e+00     2.68e+01   225.702s
 311000 +9.68696494e+09 +5.67897938e+09  4.01e+09   1.72e+01     2.68e+01   226.357s
 312000 +9.68667374e+09 +5.64970539e+09  4.04e+09   2.21e+01     2.71e+01   227.012s
 313000 +9.68636010e+09 +5.63638416e+09  4.05e+09   1.61e+01     2.74e+01   227.668s
 314000 +9.68600040e+09 +5.63182105e+09  4.05e+09   9.30e+00     2.75e+01   228.341s
 315000 +9.68565743e+09 +5.63950912e+09  4.05e+09   1.96e+01     2.73e+01   229.013s
 316000 +9.68535311e+09 +5.66932474e+09  4.02e+09   2.62e+01     2.70e+01   229.687s
 317000 +9.68510369e+09 +5.68745285e+09  4.00e+09   2.14e+01     2.68e+01   230.363s
 318000 +9.68483520e+09 +5.71542069e+09  3.97e+09   1.20e+01     2.66e+01   231.038s
 319000 +9.68462019e+09 +5.71516904e+09  3.97e+09   1.01e+01     2.66e+01   231.712s
 320000 +9.68431358e+09 +5.71667025e+09  3.97e+09   2.18e+01     2.66e+01   232.388s
 321000 +9.68406642e+09 +5.73788711e+09  3.95e+09   1.57e+01     2.66e+01   233.060s
 322000 +9.68377760e+09 +5.69233886e+09  3.99e+09   1.06e+01     2.68e+01   233.734s
 323000 +9.68335055e+09 +5.69936641e+09  3.98e+09   2.81e+01     2.63e+01   234.405s
 324000 +9.68304800e+09 +5.88668521e+09  3.80e+09   4.01e+01     2.51e+01   235.079s
 325000 +9.68292518e+09 +5.97808807e+09  3.70e+09   1.98e+01     2.46e+01   235.753s
 326000 +9.68283764e+09 +5.94641863e+09  3.74e+09   2.68e+01     2.47e+01   236.428s
 327000 +9.68261839e+09 +5.80957393e+09  3.87e+09   2.20e+01     2.54e+01   237.105s
 328000 +9.68229192e+09 +5.76809362e+09  3.91e+09   1.38e+01     2.57e+01   237.779s
 329000 +9.68197446e+09 +5.83887192e+09  3.84e+09   3.15e+01     2.52e+01   238.455s
 330000 +9.68175719e+09 +5.94812353e+09  3.73e+09   1.80e+01     2.48e+01   239.132s
 331000 +9.68159458e+09 +5.94481734e+09  3.74e+09   1.27e+01     2.48e+01   239.808s
 332000 +9.68136015e+09 +5.86428311e+09  3.82e+09   2.61e+01     2.51e+01   240.481s
 333000 +9.68104846e+09 +5.78638719e+09  3.89e+09   1.65e+01     2.54e+01   241.155s
 334000 +9.68073318e+09 +5.84136330e+09  3.84e+09   2.14e+01     2.52e+01   241.828s
 335000 +9.68051112e+09 +5.94156512e+09  3.74e+09   2.18e+01     2.46e+01   242.483s
 336000 +9.68037940e+09 +5.99702749e+09  3.68e+09   7.31e+00     2.45e+01   243.138s
 337000 +9.68022362e+09 +5.93313689e+09  3.75e+09   1.96e+01     2.47e+01   243.793s
 338000 +9.67995906e+09 +5.83908019e+09  3.84e+09   1.68e+01     2.51e+01   244.449s
 339000 +9.67960402e+09 +5.80928971e+09  3.87e+09   9.73e+00     2.53e+01   245.104s
 340000 +9.67928590e+09 +5.88950308e+09  3.79e+09   2.13e+01     2.49e+01   245.760s
 341000 +9.67905832e+09 +5.96629835e+09  3.71e+09   1.77e+01     2.46e+01   246.415s
 342000 +9.67890806e+09 +5.97840242e+09  3.70e+09   1.50e+01     2.45e+01   247.071s
 343000 +9.67871271e+09 +5.91307156e+09  3.77e+09   1.60e+01     2.47e+01   247.726s
 344000 +9.67845241e+09 +5.86069880e+09  3.82e+09   5.42e+00     2.50e+01   248.381s
 345000 +9.67816941e+09 +5.88269270e+09  3.80e+09   1.68e+01     2.48e+01   249.037s
 346000 +9.67792542e+09 +5.94555814e+09  3.73e+09   1.65e+01     2.46e+01   249.692s
 347000 +9.67772682e+09 +5.97277762e+09  3.70e+09   5.17e+00     2.46e+01   250.347s
 348000 +9.67751057e+09 +5.93247479e+09  3.75e+09   1.47e+01     2.47e+01   251.002s
 349000 +9.67722670e+09 +5.87620141e+09  3.80e+09   1.39e+01     2.49e+01   251.657s
 350000 +9.67691983e+09 +5.87554025e+09  3.80e+09   1.35e+01     2.48e+01   252.312s
 351000 +9.67666278e+09 +5.93768889e+09  3.74e+09   1.68e+01     2.46e+01   252.968s
 352000 +9.67648499e+09 +5.99286723e+09  3.68e+09   7.67e+00     2.44e+01   253.623s
 353000 +9.67632249e+09 +5.98238961e+09  3.69e+09   9.26e+00     2.45e+01   254.279s
 354000 +9.67610449e+09 +5.92080528e+09  3.76e+09   1.32e+01     2.46e+01   254.934s
 355000 +9.67581189e+09 +5.87586224e+09  3.80e+09   4.59e+00     2.48e+01   255.590s
 356000 +9.67549678e+09 +5.90016500e+09  3.78e+09   1.19e+01     2.48e+01   256.245s
 357000 +9.67523758e+09 +5.95726638e+09  3.72e+09   1.37e+01     2.45e+01   256.901s
 358000 +9.67503946e+09 +5.98948084e+09  3.69e+09   9.58e+00     2.44e+01   257.556s
 359000 +9.67483897e+09 +5.96298547e+09  3.71e+09   1.23e+01     2.45e+01   258.211s
 360000 +9.67460805e+09 +5.92058888e+09  3.75e+09   7.82e+00     2.46e+01   258.866s
 361000 +9.67434125e+09 +5.91408658e+09  3.76e+09   7.58e+00     2.46e+01   259.521s
 362000 +9.67407344e+09 +5.95231687e+09  3.72e+09   1.35e+01     2.45e+01   260.177s
 363000 +9.67385595e+09 +5.98925825e+09  3.68e+09   7.69e+00     2.44e+01   260.831s
 364000 +9.67363820e+09 +5.97634296e+09  3.70e+09   6.91e+00     2.44e+01   261.486s
 365000 +9.67340698e+09 +5.93649721e+09  3.74e+09   9.90e+00     2.45e+01   262.141s
 366000 +9.67309029e+09 +5.91934224e+09  3.75e+09   1.03e+01     2.46e+01   262.803s
 367000 +9.67286621e+09 +5.95853046e+09  3.71e+09   1.24e+01     2.44e+01   263.473s
 368000 +9.67262048e+09 +5.99807853e+09  3.67e+09   1.01e+01     2.43e+01   264.140s
 369000 +9.67245634e+09 +6.02503366e+09  3.65e+09   3.59e+00     2.42e+01   264.808s
 370000 +9.67225312e+09 +5.98432569e+09  3.69e+09   9.02e+00     2.43e+01   265.475s
 371000 +9.67200557e+09 +5.95112003e+09  3.72e+09   6.92e+00     2.44e+01   266.141s
 372000 +9.67173331e+09 +5.93522771e+09  3.74e+09   6.15e+00     2.45e+01   266.795s
 373000 +9.67144825e+09 +5.97441576e+09  3.70e+09   1.03e+01     2.43e+01   267.450s
 374000 +9.67123697e+09 +6.00770856e+09  3.66e+09   8.23e+00     2.43e+01   268.105s
 375000 +9.67101638e+09 +6.01211228e+09  3.66e+09   8.64e+00     2.42e+01   268.759s
 376000 +9.67081400e+09 +5.98261196e+09  3.69e+09   8.56e+00     2.43e+01   269.414s
 377000 +9.67055154e+09 +5.95945209e+09  3.71e+09   3.25e+00     2.44e+01   270.068s
 378000 +9.67030573e+09 +5.97974177e+09  3.69e+09   8.48e+00     2.43e+01   270.723s
 379000 +9.67008033e+09 +6.00504310e+09  3.67e+09   8.41e+00     2.42e+01   271.378s
 380000 +9.66984651e+09 +6.02760849e+09  3.64e+09   5.93e+00     2.41e+01   272.032s
 381000 +9.66950521e+09 +6.04411650e+09  3.63e+09   3.34e+01     2.35e+01   272.687s
 382000 +9.66925369e+09 +6.13092882e+09  3.54e+09   4.31e+01     2.25e+01   273.341s
 383000 +9.66914193e+09 +6.24218364e+09  3.43e+09   2.73e+01     2.19e+01   273.995s
 384000 +9.66908781e+09 +6.30378241e+09  3.37e+09   1.11e+01     2.17e+01   274.650s
 385000 +9.65679807e+09 +6.36489121e+09  3.29e+09   5.62e+02     2.14e+01   275.306s
 386000 +9.64347641e+09 +6.40201507e+09  3.24e+09   7.86e+02     2.12e+01   275.961s
 387000 +9.63368815e+09 +6.45319396e+09  3.18e+09   7.07e+02     2.11e+01   276.617s
 388000 +9.62339805e+09 +6.56082251e+09  3.06e+09   6.35e+02     2.09e+01   277.272s
 389000 +9.61431920e+09 +6.62527976e+09  2.99e+09   8.01e+02     2.04e+01   277.927s
 390000 +9.60495491e+09 +6.61765875e+09  2.99e+09   7.25e+02     2.01e+01   278.581s
 391000 +9.59524630e+09 +6.64389499e+09  2.95e+09   1.03e+03     1.97e+01   279.236s
 392000 +9.58624522e+09 +6.70104723e+09  2.89e+09   1.01e+03     1.93e+01   279.890s
 393000 +9.58044189e+09 +6.71622620e+09  2.86e+09   7.25e+02     1.91e+01   280.545s
 394000 +9.57267313e+09 +6.73677301e+09  2.84e+09   5.89e+02     1.89e+01   281.200s
 395000 +9.56488517e+09 +6.77640910e+09  2.79e+09   5.96e+02     1.88e+01   281.854s
 396000 +9.55650844e+09 +6.76643427e+09  2.79e+09   6.44e+02     1.86e+01   282.509s
 397000 +9.54900322e+09 +6.82751451e+09  2.72e+09   6.17e+02     1.85e+01   283.163s
 398000 +9.54142948e+09 +6.84990930e+09  2.69e+09   4.81e+02     1.84e+01   283.818s
 399000 +9.53433384e+09 +6.88544141e+09  2.65e+09   4.46e+02     1.82e+01   284.472s
 400000 +9.52582348e+09 +7.05158016e+09  2.47e+09   9.51e+02     1.79e+01   285.127s
 401000 +9.52001039e+09 +7.28390188e+09  2.24e+09   4.87e+02     1.77e+01   285.781s
 402000 +9.51359027e+09 +7.17396815e+09  2.34e+09   6.18e+02     1.76e+01   286.436s
 403000 +9.50596924e+09 +7.09632046e+09  2.41e+09   4.82e+02     1.76e+01   287.090s
 404000 +9.49855252e+09 +7.25329203e+09  2.25e+09   6.60e+02     1.74e+01   287.744s
 405000 +9.49225103e+09 +7.36772206e+09  2.12e+09   9.32e+02     1.67e+01   288.399s
 406000 +9.48460745e+09 +7.34638124e+09  2.14e+09   1.97e+03     1.54e+01   289.053s
 407000 +9.48162367e+09 +7.34159483e+09  2.14e+09   1.05e+03     1.47e+01   289.708s
 408000 +9.44355714e+09 +7.43999480e+09  2.00e+09   1.17e+04     1.43e+01   290.364s
 409000 +9.17641878e+09 +7.65198756e+09  1.52e+09   5.64e+04     1.11e+01   291.019s
 410000 +9.02188927e+09 +8.51511629e+09  5.07e+08   7.75e+04     6.53e+00   291.673s
 411000 +9.09705159e+09 +9.40316641e+09  3.06e+08   6.36e+04     3.71e+00   292.329s
 412000 +9.28029802e+09 +9.79393032e+09  5.14e+08   3.38e+04     2.94e+00   292.984s
 413000 +9.39408437e+09 +9.93904613e+09  5.45e+08   1.57e+04     4.30e+00   293.641s
 414000 +9.41813548e+09 +1.05460954e+10  1.13e+09   1.14e+04     6.13e+00   294.296s
 415000 +9.45438183e+09 +1.07881126e+10  1.33e+09   5.00e+03     6.72e+00   294.951s
 416000 +9.48318386e+09 +1.05723291e+10  1.09e+09   2.00e+03     5.59e+00   295.606s
 417000 +9.49422667e+09 +1.01138010e+10  6.20e+08   4.10e+03     3.46e+00   296.261s
 418000 +9.48944683e+09 +9.69544483e+09  2.06e+08   3.67e+03     1.52e+00   296.916s
 419000 +9.49214922e+09 +9.56228983e+09  7.01e+07   4.17e+03     5.64e-01   297.572s
 420000 +9.49914039e+09 +9.51660383e+09  1.75e+07   5.36e+03     4.06e-01   298.227s
 421000 +9.49450057e+09 +9.46860192e+09  2.59e+07   4.31e+03     3.22e-01   298.885s
 422000 +9.48423110e+09 +9.45061246e+09  3.36e+07   2.26e+03     3.05e-01   299.549s
 423000 +9.47747093e+09 +9.46266374e+09  1.48e+07   9.39e+02     2.44e-01   300.213s
 424000 +9.47588058e+09 +9.47417949e+09  1.70e+06   7.98e+02     2.02e-01   300.877s
 425000 +9.47569047e+09 +9.47205914e+09  3.63e+06   7.18e+02     1.92e-01   301.543s
 426000 +9.47509979e+09 +9.47107239e+09  4.03e+06   6.76e+02     1.83e-01   302.208s
 427000 +9.47477435e+09 +9.47224585e+09  2.53e+06   6.70e+02     1.73e-01   302.871s
 428000 +9.47479287e+09 +9.47370878e+09  1.08e+06   6.66e+02     1.70e-01   303.537s
 429000 +9.47495227e+09 +9.47427187e+09  6.80e+05   6.75e+02     1.58e-01   304.200s
 430000 +9.47480773e+09 +9.47424143e+09  5.66e+05   7.04e+02     1.47e-01   304.856s
 431000 +9.47496534e+09 +9.47429617e+09  6.69e+05   6.76e+02     1.43e-01   305.511s
 432000 +9.47496819e+09 +9.47429384e+09  6.74e+05   6.84e+02     1.39e-01   306.169s
 433000 +9.47493146e+09 +9.47429181e+09  6.40e+05   7.03e+02     1.34e-01   306.831s
 434000 +9.47374751e+09 +9.47433245e+09  5.85e+05   9.59e+02     1.28e-01   307.492s
 435000 +9.47281842e+09 +9.47429634e+09  1.48e+06   1.07e+03     8.45e-02   308.154s
 436000 +9.47264841e+09 +9.47427837e+09  1.63e+06   1.12e+03     7.40e-02   308.823s
 437000 +9.47389827e+09 +9.47424511e+09  3.47e+05   1.04e+03     6.11e-02   309.490s
 438000 +9.47408302e+09 +9.47423926e+09  1.56e+05   9.45e+02     5.81e-02   310.150s
 439000 +9.47413662e+09 +9.47422917e+09  9.25e+04   8.72e+02     5.61e-02   310.809s
 440000 +9.47423743e+09 +9.47431452e+09  7.71e+04   9.22e+02     3.93e-02   311.469s
 441000 +9.47495802e+09 +9.47430808e+09  6.50e+05   3.44e+03     2.49e-02   312.137s
 442000 +9.47498635e+09 +9.47430273e+09  6.84e+05   2.83e+03     2.05e-02   312.806s
 443000 +9.47503473e+09 +9.47433637e+09  6.98e+05   4.80e+03     1.52e-02   313.474s
 444000 +9.47813135e+09 +9.47432900e+09  3.80e+06   1.20e+04     1.32e-02   314.132s
 445000 +9.48501648e+09 +9.47430458e+09  1.07e+07   1.45e+04     1.15e-02   314.787s
 446000 +9.48443224e+09 +9.47428054e+09  1.02e+07   1.02e+04     9.14e-03   315.443s
 447000 +9.48261203e+09 +9.47419741e+09  8.41e+06   1.19e+04     6.17e-03   316.097s
 448000 +9.48289205e+09 +9.47416684e+09  8.73e+06   2.51e+04     4.98e-03   316.753s
 449000 +9.48395568e+09 +9.47414948e+09  9.81e+06   2.53e+04     4.63e-03   317.407s
 450000 +9.48297127e+09 +9.47414915e+09  8.82e+06   3.09e+04     4.52e-03   318.062s
 451000 +9.47990038e+09 +9.47413234e+09  5.77e+06   1.03e+05     4.41e-03   318.718s
 452000 +9.47919120e+09 +9.47400836e+09  5.18e+06   1.92e+05     2.37e-03   319.372s
 453000 +9.48039703e+09 +9.47398731e+09  6.41e+06   1.82e+05     1.46e-03   320.028s
 454000 +9.48169322e+09 +9.47398423e+09  7.71e+06   2.52e+05     1.40e-03   320.683s
 455000 +9.48238216e+09 +9.47398070e+09  8.40e+06   3.19e+05     1.34e-03   321.339s
 456000 +9.48234377e+09 +9.47398143e+09  8.36e+06   3.79e+05     1.28e-03   321.995s
 457000 +9.48227090e+09 +9.47396640e+09  8.30e+06   4.26e+05     1.09e-03   322.651s
 458000 +9.48223750e+09 +9.47395955e+09  8.28e+06   4.55e+05     9.75e-04   323.306s
 459000 +9.48205653e+09 +9.47395366e+09  8.10e+06   4.63e+05     8.61e-04   323.962s
 460000 +9.48195042e+09 +9.47393370e+09  8.02e+06   4.48e+05     8.41e-04   324.618s
 461000 +9.48212281e+09 +9.47392006e+09  8.20e+06   4.33e+05     6.49e-04   325.275s
 462000 +9.48226131e+09 +9.47390758e+09  8.35e+06   4.28e+05     5.91e-04   325.930s
 463000 +9.48224474e+09 +9.47390730e+09  8.34e+06   4.21e+05     5.52e-04   326.586s
 464000 +9.48220821e+09 +9.47390814e+09  8.30e+06   4.12e+05     5.30e-04   327.242s
 465000 +9.48213215e+09 +9.47391008e+09  8.22e+06   4.02e+05     5.18e-04   327.898s
 466000 +9.48208098e+09 +9.47391425e+09  8.17e+06   3.90e+05     5.09e-04   328.553s
 467000 +9.48207749e+09 +9.47391960e+09  8.16e+06   3.79e+05     5.01e-04   329.208s
 468000 +9.48210588e+09 +9.47392412e+09  8.18e+06   3.67e+05     4.93e-04   329.864s
 469000 +9.48213265e+09 +9.47392689e+09  8.21e+06   3.55e+05     4.81e-04   330.519s
 470000 +9.48213096e+09 +9.47392972e+09  8.20e+06   3.42e+05     4.70e-04   331.174s
 471000 +9.48210495e+09 +9.47393139e+09  8.17e+06   3.21e+05     4.67e-04   331.828s
 472000 +9.48208692e+09 +9.47393207e+09  8.15e+06   2.91e+05     4.70e-04   332.482s
 473000 +9.48208651e+09 +9.47393259e+09  8.15e+06   2.61e+05     4.72e-04   333.137s
 474000 +9.48209901e+09 +9.47393228e+09  8.17e+06   2.35e+05     4.66e-04   333.792s
 475000 +9.48211454e+09 +9.47393202e+09  8.18e+06   2.05e+05     4.58e-04   334.447s
 476000 +9.48211361e+09 +9.47393245e+09  8.18e+06   1.69e+05     4.50e-04   335.102s
 477000 +9.48209512e+09 +9.47393308e+09  8.16e+06   1.36e+05     4.37e-04   335.758s
 478000 +9.48208637e+09 +9.47393343e+09  8.15e+06   1.10e+05     4.16e-04   336.414s
 479000 +9.48208797e+09 +9.47393336e+09  8.15e+06   9.47e+04     3.89e-04   337.069s
 480000 +9.48209639e+09 +9.47393337e+09  8.16e+06   8.43e+04     3.57e-04   337.723s
 481000 +9.48210861e+09 +9.47393367e+09  8.17e+06   6.99e+04     3.25e-04   338.378s
 482000 +9.48208333e+09 +9.47393417e+09  8.15e+06   5.79e+04     2.58e-04   339.033s
 483000 +9.48204512e+09 +9.47393466e+09  8.11e+06   5.24e+04     1.95e-04   339.687s
 484000 +9.48201156e+09 +9.47393467e+09  8.08e+06   5.22e+04     1.83e-04   340.342s
 485000 +9.48202279e+09 +9.47393460e+09  8.09e+06   5.24e+04     1.72e-04   340.997s
 486000 +9.48207040e+09 +9.47393501e+09  8.14e+06   5.33e+04     1.58e-04   341.652s
 487000 +9.48209420e+09 +9.47393557e+09  8.16e+06   5.48e+04     1.46e-04   342.307s
 488000 +9.48207614e+09 +9.47393531e+09  8.14e+06   5.44e+04     1.34e-04   342.964s
 489000 +9.48204549e+09 +9.47393555e+09  8.11e+06   5.27e+04     1.28e-04   343.620s
 490000 +9.48201838e+09 +9.47393584e+09  8.08e+06   5.19e+04     1.23e-04   344.275s
 491000 +9.48200483e+09 +9.47393611e+09  8.07e+06   5.13e+04     1.20e-04   344.930s
 492000 +9.48200524e+09 +9.47393639e+09  8.07e+06   5.11e+04     1.18e-04   345.585s
 493000 +9.48201363e+09 +9.47393666e+09  8.08e+06   5.10e+04     1.16e-04   346.240s
 494000 +9.48202217e+09 +9.47393692e+09  8.09e+06   5.08e+04     1.16e-04   346.895s
 495000 +9.48203335e+09 +9.47393719e+09  8.10e+06   5.07e+04     1.15e-04   347.550s
 496000 +9.48202516e+09 +9.47393745e+09  8.09e+06   5.06e+04     1.15e-04   348.206s
 497000 +9.48203278e+09 +9.47393772e+09  8.10e+06   5.05e+04     1.14e-04   348.861s
 498000 +9.48203500e+09 +9.47393800e+09  8.10e+06   5.05e+04     1.14e-04   349.516s
 499000 +9.48204550e+09 +9.47393826e+09  8.11e+06   5.05e+04     1.13e-04   350.172s
 500000 +9.48204799e+09 +9.47393852e+09  8.11e+06   5.04e+04     1.12e-04   350.827s
 501000 +9.48204586e+09 +9.47393879e+09  8.11e+06   5.03e+04     1.12e-04   351.482s
 502000 +9.48204595e+09 +9.47393905e+09  8.11e+06   5.03e+04     1.12e-04   352.138s
 503000 +9.48204446e+09 +9.47393931e+09  8.11e+06   5.03e+04     1.11e-04   352.793s
 504000 +9.48204668e+09 +9.47393958e+09  8.11e+06   5.02e+04     1.11e-04   353.449s
 505000 +9.48204915e+09 +9.47393982e+09  8.11e+06   5.02e+04     1.10e-04   354.103s
 506000 +9.48205271e+09 +9.47394007e+09  8.11e+06   4.97e+04     1.09e-04   354.758s
 507000 +9.48205202e+09 +9.47394030e+09  8.11e+06   4.95e+04     1.08e-04   355.412s
 508000 +9.48204486e+09 +9.47394055e+09  8.10e+06   4.94e+04     1.07e-04   356.068s
 509000 +9.48204312e+09 +9.47394078e+09  8.10e+06   4.93e+04     1.07e-04   356.723s
 510000 +9.48203893e+09 +9.47394105e+09  8.10e+06   4.92e+04     1.07e-04   357.378s
 511000 +9.48204090e+09 +9.47394128e+09  8.10e+06   4.90e+04     1.06e-04   358.032s
 512000 +9.48204719e+09 +9.47394150e+09  8.11e+06   4.89e+04     1.06e-04   358.688s
 513000 +9.48204706e+09 +9.47394174e+09  8.11e+06   4.88e+04     1.05e-04   359.342s
 514000 +9.48204802e+09 +9.47394197e+09  8.11e+06   4.87e+04     1.05e-04   359.997s
 515000 +9.48204393e+09 +9.47394220e+09  8.10e+06   4.85e+04     1.04e-04   360.652s
 516000 +9.48204665e+09 +9.47394243e+09  8.10e+06   4.83e+04     1.04e-04   361.307s
 517000 +9.48204542e+09 +9.47394265e+09  8.10e+06   4.82e+04     1.04e-04   361.963s
 518000 +9.48204113e+09 +9.47394288e+09  8.10e+06   4.74e+04     1.03e-04   362.618s
 519000 +9.48207159e+09 +9.47394655e+09  8.13e+06   3.19e+04     2.06e-03   363.275s
 520000 +9.48147366e+09 +9.47394928e+09  7.52e+06   2.31e+04     1.26e-03   363.929s
 521000 +9.48119934e+09 +9.47394998e+09  7.25e+06   1.96e+04     1.12e-03   364.584s
 522000 +9.48110376e+09 +9.47395066e+09  7.15e+06   1.81e+04     9.04e-04   365.238s
 523000 +9.48111364e+09 +9.47395118e+09  7.16e+06   1.72e+04     7.76e-04   365.893s
 524000 +9.48104320e+09 +9.47395172e+09  7.09e+06   1.65e+04     7.15e-04   366.548s
 525000 +9.48098655e+09 +9.47395229e+09  7.03e+06   1.61e+04     6.54e-04   367.203s
 526000 +9.48073166e+09 +9.47395281e+09  6.78e+06   1.58e+04     6.26e-04   367.858s
 527000 +9.48065793e+09 +9.47395331e+09  6.70e+06   1.56e+04     6.15e-04   368.512s
 528000 +9.48060149e+09 +9.47395381e+09  6.65e+06   1.54e+04     6.08e-04   369.167s
 529000 +9.48060961e+09 +9.47395428e+09  6.66e+06   1.51e+04     6.10e-04   369.821s
 530000 +9.48045922e+09 +9.47395473e+09  6.50e+06   1.48e+04     6.13e-04   370.475s
 531000 +9.48039894e+09 +9.47395516e+09  6.44e+06   1.46e+04     6.13e-04   371.130s
 532000 +9.48037193e+09 +9.47395557e+09  6.42e+06   1.43e+04     6.11e-04   371.784s
 533000 +9.48025740e+09 +9.47395596e+09  6.30e+06   1.40e+04     6.10e-04   372.439s
 534000 +9.47991455e+09 +9.47395635e+09  5.96e+06   1.36e+04     6.11e-04   373.093s
 535000 +9.47986896e+09 +9.47395672e+09  5.91e+06   1.33e+04     6.11e-04   373.747s
 536000 +9.47989068e+09 +9.47395711e+09  5.93e+06   1.29e+04     6.16e-04   374.402s
 537000 +9.47972192e+09 +9.47395752e+09  5.76e+06   1.25e+04     6.23e-04   375.056s
 538000 +9.47971551e+09 +9.47395788e+09  5.76e+06   1.20e+04     6.32e-04   375.710s
 539000 +9.47965188e+09 +9.47395825e+09  5.69e+06   1.16e+04     6.40e-04   376.365s
 540000 +9.47964805e+09 +9.47395858e+09  5.69e+06   1.08e+04     6.63e-04   377.019s
 541000 +9.47941400e+09 +9.47395871e+09  5.46e+06   1.02e+04     6.79e-04   377.673s
 542000 +9.47931063e+09 +9.47395892e+09  5.35e+06   9.63e+03     6.86e-04   378.328s
 543000 +9.47925054e+09 +9.47395913e+09  5.29e+06   8.95e+03     6.97e-04   378.982s
 544000 +9.47927818e+09 +9.47395927e+09  5.32e+06   8.28e+03     7.07e-04   379.636s
 545000 +9.47924542e+09 +9.47395942e+09  5.29e+06   7.64e+03     7.10e-04   380.291s
 546000 +9.47893319e+09 +9.47395958e+09  4.97e+06   6.98e+03     7.13e-04   380.945s
 547000 +9.47849982e+09 +9.47395972e+09  4.54e+06   6.33e+03     8.77e-04   381.601s
 548000 +9.47812636e+09 +9.47395996e+09  4.17e+06   6.05e+03     9.02e-04   382.256s
 549000 +9.47801219e+09 +9.47396028e+09  4.05e+06   5.76e+03     9.23e-04   382.910s
 550000 +9.47797236e+09 +9.47396057e+09  4.01e+06   5.36e+03     9.49e-04   383.565s
 551000 +9.47802891e+09 +9.47396079e+09  4.07e+06   5.04e+03     9.76e-04   384.220s
 552000 +9.47795698e+09 +9.47396099e+09  4.00e+06   4.75e+03     9.94e-04   384.874s
 553000 +9.47785723e+09 +9.47396118e+09  3.90e+06   4.42e+03     1.01e-03   385.529s
 554000 +9.47762930e+09 +9.47396134e+09  3.67e+06   4.08e+03     1.02e-03   386.185s
 555000 +9.47753462e+09 +9.47396147e+09  3.57e+06   3.76e+03     1.02e-03   386.840s
 556000 +9.47747090e+09 +9.47396159e+09  3.51e+06   3.43e+03     1.02e-03   387.496s
 557000 +9.47745732e+09 +9.47396167e+09  3.50e+06   3.09e+03     1.02e-03   388.152s
 558000 +9.47748477e+09 +9.47396177e+09  3.52e+06   2.76e+03     1.02e-03   388.807s
 559000 +9.47740190e+09 +9.47396186e+09  3.44e+06   2.44e+03     1.01e-03   389.462s
 560000 +9.47729540e+09 +9.47396193e+09  3.33e+06   2.13e+03     1.00e-03   390.117s
 561000 +9.47712442e+09 +9.47396198e+09  3.16e+06   1.85e+03     9.93e-04   390.771s
 562000 +9.47712137e+09 +9.47396201e+09  3.16e+06   1.59e+03     9.83e-04   391.426s
 563000 +9.47707050e+09 +9.47396201e+09  3.11e+06   1.39e+03     9.71e-04   392.082s
 564000 +9.47706506e+09 +9.47396198e+09  3.10e+06   1.31e+03     9.56e-04   392.745s
 565000 +9.47706550e+09 +9.47396191e+09  3.10e+06   1.39e+03     9.38e-04   393.407s
 566000 +9.47703357e+09 +9.47396181e+09  3.07e+06   1.48e+03     9.11e-04   394.068s
 567000 +9.47699183e+09 +9.47396168e+09  3.03e+06   1.59e+03     8.83e-04   394.733s
 568000 +9.47698719e+09 +9.47396145e+09  3.03e+06   1.78e+03     8.50e-04   395.397s
 569000 +9.47700462e+09 +9.47396121e+09  3.04e+06   2.03e+03     8.14e-04   396.065s
 570000 +9.47698804e+09 +9.47396096e+09  3.03e+06   2.20e+03     7.78e-04   396.734s
 571000 +9.47694609e+09 +9.47396073e+09  2.99e+06   2.31e+03     7.48e-04   397.402s
 572000 +9.47660009e+09 +9.47396047e+09  2.64e+06   2.45e+03     7.15e-04   398.072s
 573000 +9.47652460e+09 +9.47396025e+09  2.56e+06   2.55e+03     6.87e-04   398.734s
 574000 +9.47639107e+09 +9.47396004e+09  2.43e+06   2.65e+03     6.58e-04   399.403s
 575000 +9.47647880e+09 +9.47395980e+09  2.52e+06   2.71e+03     6.29e-04   400.066s
 576000 +9.47647501e+09 +9.47395958e+09  2.52e+06   2.73e+03     6.02e-04   400.721s
 577000 +9.47646386e+09 +9.47395935e+09  2.50e+06   2.77e+03     5.76e-04   401.375s
 578000 +9.47645523e+09 +9.47395911e+09  2.50e+06   2.77e+03     5.53e-04   402.029s
 579000 +9.47640965e+09 +9.47395885e+09  2.45e+06   2.82e+03     5.29e-04   402.683s
 580000 +9.47637872e+09 +9.47395833e+09  2.42e+06   2.90e+03     5.02e-04   403.338s
 581000 +9.47638100e+09 +9.47395791e+09  2.42e+06   2.92e+03     4.79e-04   403.992s
 582000 +9.47639643e+09 +9.47395758e+09  2.44e+06   2.93e+03     4.52e-04   404.646s
 583000 +9.47637917e+09 +9.47395738e+09  2.42e+06   2.91e+03     4.26e-04   405.301s
 584000 +9.47634066e+09 +9.47395719e+09  2.38e+06   2.90e+03     3.97e-04   405.955s
 585000 +9.47631834e+09 +9.47395701e+09  2.36e+06   2.86e+03     3.68e-04   406.610s
 586000 +9.47633188e+09 +9.47395680e+09  2.38e+06   2.79e+03     3.44e-04   407.264s
 587000 +9.47633545e+09 +9.47395659e+09  2.38e+06   2.71e+03     3.23e-04   407.918s
 588000 +9.47629547e+09 +9.47395645e+09  2.34e+06   2.61e+03     3.05e-04   408.573s
 589000 +9.47625717e+09 +9.47395633e+09  2.30e+06   2.52e+03     2.89e-04   409.227s
 590000 +9.47625777e+09 +9.47395621e+09  2.30e+06   2.41e+03     2.78e-04   409.882s
 591000 +9.47625483e+09 +9.47395609e+09  2.30e+06   2.30e+03     2.67e-04   410.536s
 592000 +9.47624809e+09 +9.47395600e+09  2.29e+06   2.21e+03     2.60e-04   411.191s
 593000 +9.47621936e+09 +9.47395594e+09  2.26e+06   2.11e+03     2.57e-04   411.845s
 594000 +9.47601468e+09 +9.47395589e+09  2.06e+06   2.03e+03     2.53e-04   412.500s
 595000 +9.47595025e+09 +9.47395590e+09  1.99e+06   1.97e+03     2.55e-04   413.154s
 596000 +9.47539981e+09 +9.47395588e+09  1.44e+06   2.00e+03     1.94e-04   413.810s
 597000 +9.47524712e+09 +9.47395587e+09  1.29e+06   2.10e+03     1.89e-04   414.464s
 598000 +9.47517524e+09 +9.47395584e+09  1.22e+06   2.19e+03     1.83e-04   415.119s
 599000 +9.47523464e+09 +9.47395580e+09  1.28e+06   2.29e+03     1.76e-04   415.775s
 600000 +9.47532639e+09 +9.47395573e+09  1.37e+06   2.37e+03     1.69e-04   416.430s
 601000 +9.47532922e+09 +9.47395565e+09  1.37e+06   2.46e+03     1.62e-04   417.084s
 602000 +9.47529550e+09 +9.47395555e+09  1.34e+06   2.52e+03     1.55e-04   417.738s
 603000 +9.47527895e+09 +9.47395543e+09  1.32e+06   2.58e+03     1.48e-04   418.393s
 604000 +9.47529501e+09 +9.47395532e+09  1.34e+06   2.60e+03     1.40e-04   419.047s
 605000 +9.47532545e+09 +9.47395519e+09  1.37e+06   2.63e+03     1.33e-04   419.703s
 606000 +9.47532858e+09 +9.47395507e+09  1.37e+06   2.63e+03     1.28e-04   420.358s
 607000 +9.47530654e+09 +9.47395496e+09  1.35e+06   2.62e+03     1.23e-04   421.013s
 608000 +9.47529715e+09 +9.47395485e+09  1.34e+06   2.60e+03     1.19e-04   421.669s
 609000 +9.47530889e+09 +9.47395475e+09  1.35e+06   2.56e+03     1.16e-04   422.324s
 610000 +9.47532485e+09 +9.47395466e+09  1.37e+06   2.51e+03     1.14e-04   422.979s
 611000 +9.47532680e+09 +9.47395460e+09  1.37e+06   2.17e+03     1.11e-04   423.635s
 612000 +9.47531269e+09 +9.47395462e+09  1.36e+06   1.84e+03     1.20e-04   424.290s
 613000 +9.47532377e+09 +9.47395463e+09  1.37e+06   1.74e+03     4.74e-04   424.947s
 614000 +9.47532302e+09 +9.47395465e+09  1.37e+06   1.70e+03     4.65e-04   425.602s
 615000 +9.47532372e+09 +9.47395467e+09  1.37e+06   1.64e+03     4.66e-04   426.257s
 616000 +9.47532330e+09 +9.47395469e+09  1.37e+06   1.57e+03     4.60e-04   426.913s
 617000 +9.47532339e+09 +9.47395471e+09  1.37e+06   1.52e+03     4.57e-04   427.569s
 618000 +9.47532339e+09 +9.47395470e+09  1.37e+06   1.50e+03     4.45e-04   428.224s
 619000 +9.47532331e+09 +9.47395474e+09  1.37e+06   9.95e+02     4.42e-04   428.878s
 620000 +9.47531665e+09 +9.47395456e+09  1.36e+06   9.62e+02     3.81e-03   429.535s
 621000 +9.47522393e+09 +9.47395398e+09  1.27e+06   8.32e+02     3.70e-03   430.190s
 622000 +9.47489613e+09 +9.47395327e+09  9.43e+05   7.75e+02     3.67e-03   430.845s
 623000 +9.47460709e+09 +9.47395303e+09  6.54e+05   7.21e+02     3.65e-03   431.500s
 624000 +9.47441159e+09 +9.47395311e+09  4.58e+05   6.91e+02     3.60e-03   432.156s
 625000 +9.47433297e+09 +9.47395361e+09  3.79e+05   6.73e+02     3.55e-03   432.812s
 626000 +9.47448375e+09 +9.47395415e+09  5.30e+05   6.63e+02     3.51e-03   433.467s
 627000 +9.47446749e+09 +9.47395458e+09  5.13e+05   6.62e+02     3.48e-03   434.123s
 628000 +9.47442190e+09 +9.47395493e+09  4.67e+05   6.64e+02     3.44e-03   434.778s
 629000 +9.47433245e+09 +9.47395526e+09  3.77e+05   6.64e+02     3.42e-03   435.433s
 630000 +9.47423457e+09 +9.47395567e+09  2.79e+05   6.64e+02     3.40e-03   436.089s
 631000 +9.47418275e+09 +9.47395609e+09  2.27e+05   6.62e+02     3.38e-03   436.744s
 632000 +9.47418731e+09 +9.47395644e+09  2.31e+05   6.60e+02     3.37e-03   437.400s
 633000 +9.47418269e+09 +9.47395668e+09  2.26e+05   6.58e+02     3.37e-03   438.056s
 634000 +9.47415381e+09 +9.47395688e+09  1.97e+05   6.57e+02     3.37e-03   438.711s
 635000 +9.47408303e+09 +9.47395698e+09  1.26e+05   6.58e+02     3.37e-03   439.367s
 636000 +9.47404934e+09 +9.47395710e+09  9.22e+04   6.58e+02     3.37e-03   440.022s
 637000 +9.47405625e+09 +9.47395718e+09  9.91e+04   6.57e+02     3.37e-03   440.677s
 638000 +9.47410928e+09 +9.47395724e+09  1.52e+05   6.57e+02     3.38e-03   441.333s
 639000 +9.47415659e+09 +9.47395730e+09  1.99e+05   6.56e+02     3.38e-03   441.988s
 640000 +9.47415348e+09 +9.47395738e+09  1.96e+05   6.56e+02     3.38e-03   442.643s
 641000 +9.47411156e+09 +9.47395751e+09  1.54e+05   6.55e+02     3.37e-03   443.298s
 642000 +9.47407114e+09 +9.47395772e+09  1.13e+05   6.55e+02     3.37e-03   443.955s
 643000 +9.47407098e+09 +9.47395798e+09  1.13e+05   6.55e+02     3.36e-03   444.610s
 644000 +9.47411755e+09 +9.47395822e+09  1.59e+05   6.54e+02     3.36e-03   445.266s
 645000 +9.47417342e+09 +9.47395846e+09  2.15e+05   6.54e+02     3.36e-03   445.921s
 646000 +9.47421051e+09 +9.47395864e+09  2.52e+05   6.53e+02     3.35e-03   446.577s
 647000 +9.47421054e+09 +9.47395877e+09  2.52e+05   6.53e+02     3.35e-03   447.232s
 648000 +9.47418438e+09 +9.47395892e+09  2.25e+05   6.53e+02     3.35e-03   447.887s
 649000 +9.47416755e+09 +9.47395907e+09  2.08e+05   6.53e+02     3.35e-03   448.543s
 650000 +9.47416182e+09 +9.47395920e+09  2.03e+05   6.53e+02     3.35e-03   449.199s
 651000 +9.47417217e+09 +9.47395934e+09  2.13e+05   6.53e+02     3.35e-03   449.855s
 652000 +9.47417080e+09 +9.47395946e+09  2.11e+05   6.53e+02     3.35e-03   450.510s
 653000 +9.47415849e+09 +9.47395957e+09  1.99e+05   6.53e+02     3.35e-03   451.166s
 654000 +9.47413626e+09 +9.47395971e+09  1.77e+05   6.53e+02     3.35e-03   451.821s
 655000 +9.47412069e+09 +9.47395985e+09  1.61e+05   6.53e+02     3.35e-03   452.476s
 656000 +9.47411594e+09 +9.47396000e+09  1.56e+05   6.53e+02     3.35e-03   453.131s
 657000 +9.47412679e+09 +9.47396016e+09  1.67e+05   6.53e+02     3.35e-03   453.786s
 658000 +9.47413523e+09 +9.47396033e+09  1.75e+05   6.53e+02     3.35e-03   454.442s
 659000 +9.47414950e+09 +9.47396050e+09  1.89e+05   6.52e+02     3.35e-03   455.097s
 660000 +9.47416127e+09 +9.47396069e+09  2.01e+05   6.52e+02     3.35e-03   455.753s
 661000 +9.47417700e+09 +9.47396087e+09  2.16e+05   6.52e+02     3.35e-03   456.408s
 662000 +9.47418573e+09 +9.47396102e+09  2.25e+05   6.52e+02     3.35e-03   457.063s
 663000 +9.47418569e+09 +9.47396116e+09  2.25e+05   6.52e+02     3.35e-03   457.718s
 664000 +9.47417609e+09 +9.47396128e+09  2.15e+05   6.52e+02     3.35e-03   458.374s
 665000 +9.47416011e+09 +9.47396138e+09  1.99e+05   6.52e+02     3.35e-03   459.029s
 666000 +9.47414616e+09 +9.47396152e+09  1.85e+05   6.52e+02     3.35e-03   459.685s
 667000 +9.47414400e+09 +9.47396167e+09  1.82e+05   6.52e+02     3.35e-03   460.340s
 668000 +9.47414746e+09 +9.47396179e+09  1.86e+05   6.52e+02     3.35e-03   460.995s
 669000 +9.47415012e+09 +9.47396190e+09  1.88e+05   6.52e+02     3.35e-03   461.650s
 670000 +9.47414235e+09 +9.47396208e+09  1.80e+05   6.52e+02     3.35e-03   462.306s
 671000 +9.47412788e+09 +9.47396227e+09  1.66e+05   6.52e+02     3.35e-03   462.961s
 672000 +9.47411852e+09 +9.47396242e+09  1.56e+05   6.52e+02     3.35e-03   463.616s
 673000 +9.47412614e+09 +9.47396260e+09  1.64e+05   6.52e+02     3.35e-03   464.271s
 674000 +9.47415069e+09 +9.47396277e+09  1.88e+05   6.52e+02     3.35e-03   464.927s
 675000 +9.47417408e+09 +9.47396288e+09  2.11e+05   6.52e+02     3.35e-03   465.582s
 676000 +9.47418578e+09 +9.47396301e+09  2.23e+05   6.51e+02     3.35e-03   466.237s
 677000 +9.47417835e+09 +9.47396319e+09  2.15e+05   6.51e+02     3.35e-03   466.893s
 678000 +9.47416100e+09 +9.47396332e+09  1.98e+05   6.51e+02     3.35e-03   467.548s
 679000 +9.47414759e+09 +9.47396347e+09  1.84e+05   6.51e+02     3.35e-03   468.203s
 680000 +9.47414866e+09 +9.47396365e+09  1.85e+05   6.51e+02     3.35e-03   468.859s
 681000 +9.47415316e+09 +9.47396379e+09  1.89e+05   6.51e+02     3.35e-03   469.514s
 682000 +9.47415768e+09 +9.47396392e+09  1.94e+05   6.51e+02     3.35e-03   470.169s
 683000 +9.47414952e+09 +9.47396406e+09  1.85e+05   6.51e+02     3.35e-03   470.824s
 684000 +9.47413602e+09 +9.47396420e+09  1.72e+05   6.51e+02     3.35e-03   471.479s
 685000 +9.47412464e+09 +9.47396436e+09  1.60e+05   6.51e+02     3.35e-03   472.135s
 686000 +9.47412528e+09 +9.47396451e+09  1.61e+05   6.51e+02     3.35e-03   472.790s
 687000 +9.47413538e+09 +9.47396467e+09  1.71e+05   6.51e+02     3.35e-03   473.446s
 688000 +9.47415017e+09 +9.47396485e+09  1.85e+05   6.51e+02     3.35e-03   474.101s
 689000 +9.47415832e+09 +9.47396497e+09  1.93e+05   6.51e+02     3.35e-03   474.756s
 690000 +9.47416326e+09 +9.47396510e+09  1.98e+05   6.51e+02     3.35e-03   475.411s
 691000 +9.47416110e+09 +9.47396524e+09  1.96e+05   6.51e+02     3.35e-03   476.066s
 692000 +9.47416080e+09 +9.47396538e+09  1.95e+05   6.51e+02     3.35e-03   476.721s
 693000 +9.47415900e+09 +9.47396551e+09  1.93e+05   6.51e+02     3.35e-03   477.377s
 694000 +9.47415744e+09 +9.47396564e+09  1.92e+05   6.51e+02     3.35e-03   478.032s
 695000 +9.47415187e+09 +9.47396578e+09  1.86e+05   6.51e+02     3.35e-03   478.688s
 696000 +9.47414597e+09 +9.47396594e+09  1.80e+05   6.51e+02     3.35e-03   479.343s
 697000 +9.47414040e+09 +9.47396609e+09  1.74e+05   6.51e+02     3.35e-03   479.998s
 698000 +9.47414017e+09 +9.47396625e+09  1.74e+05   6.51e+02     3.35e-03   480.653s
 699000 +9.47414088e+09 +9.47396642e+09  1.74e+05   6.51e+02     3.35e-03   481.309s
 700000 +9.47414041e+09 +9.47396655e+09  1.74e+05   6.51e+02     3.35e-03   481.964s
 701000 +9.47413665e+09 +9.47396668e+09  1.70e+05   6.51e+02     3.35e-03   482.619s
 702000 +9.47413516e+09 +9.47396686e+09  1.68e+05   6.51e+02     3.35e-03   483.274s
 703000 +9.47414150e+09 +9.47396702e+09  1.74e+05   6.51e+02     3.35e-03   483.930s
 704000 +9.47415340e+09 +9.47396718e+09  1.86e+05   6.51e+02     3.35e-03   484.585s
 705000 +9.47416350e+09 +9.47396733e+09  1.96e+05   6.51e+02     3.35e-03   485.240s
 706000 +9.47416490e+09 +9.47396746e+09  1.97e+05   6.51e+02     3.35e-03   485.895s
 707000 +9.47415884e+09 +9.47396759e+09  1.91e+05   6.51e+02     3.35e-03   486.551s
 708000 +9.47414742e+09 +9.47396771e+09  1.80e+05   6.51e+02     3.35e-03   487.206s
 709000 +9.47414235e+09 +9.47396785e+09  1.75e+05   6.51e+02     3.35e-03   487.861s
 710000 +9.47414337e+09 +9.47396801e+09  1.75e+05   6.51e+02     3.35e-03   488.517s
 711000 +9.47414808e+09 +9.47396815e+09  1.80e+05   6.51e+02     3.35e-03   489.173s
 712000 +9.47414927e+09 +9.47396828e+09  1.81e+05   6.51e+02     3.35e-03   489.828s
 713000 +9.47414434e+09 +9.47396843e+09  1.76e+05   6.51e+02     3.35e-03   490.483s
 714000 +9.47413368e+09 +9.47396859e+09  1.65e+05   6.51e+02     3.35e-03   491.138s
 715000 +9.47412925e+09 +9.47396874e+09  1.61e+05   6.51e+02     3.35e-03   491.794s
 716000 +9.47413272e+09 +9.47396889e+09  1.64e+05   6.51e+02     3.35e-03   492.449s
 717000 +9.47414282e+09 +9.47396903e+09  1.74e+05   6.51e+02     3.35e-03   493.105s
 718000 +9.47415246e+09 +9.47396918e+09  1.83e+05   6.51e+02     3.35e-03   493.760s
 719000 +9.47415681e+09 +9.47396933e+09  1.87e+05   6.51e+02     3.35e-03   494.416s
 720000 +9.47415352e+09 +9.47396947e+09  1.84e+05   6.51e+02     3.35e-03   495.071s
 721000 +9.47415030e+09 +9.47396964e+09  1.81e+05   6.51e+02     3.35e-03   495.726s
 722000 +9.47414644e+09 +9.47396978e+09  1.77e+05   6.51e+02     3.35e-03   496.381s
 723000 +9.47414647e+09 +9.47396991e+09  1.77e+05   6.51e+02     3.35e-03   497.036s
 724000 +9.47414533e+09 +9.47397006e+09  1.75e+05   6.50e+02     3.34e-03   497.692s
 725000 +9.47414399e+09 +9.47397019e+09  1.74e+05   6.50e+02     3.35e-03   498.346s
 726000 +9.47413599e+09 +9.47397034e+09  1.66e+05   6.50e+02     3.34e-03   499.002s
 727000 +9.47412955e+09 +9.47397047e+09  1.59e+05   6.50e+02     3.34e-03   499.657s
 728000 +9.47413504e+09 +9.47397063e+09  1.64e+05   6.50e+02     3.34e-03   500.313s
 729000 +9.47412685e+09 +9.47397080e+09  1.56e+05   6.50e+02     3.34e-03   500.968s
 730000 +9.47413076e+09 +9.47397094e+09  1.60e+05   6.50e+02     3.34e-03   501.624s
 731000 +9.47413297e+09 +9.47397108e+09  1.62e+05   6.50e+02     3.34e-03   502.279s
 732000 +9.47413693e+09 +9.47397122e+09  1.66e+05   6.50e+02     3.34e-03   502.934s
 733000 +9.47414739e+09 +9.47397138e+09  1.76e+05   6.50e+02     3.34e-03   503.589s
 734000 +9.47414255e+09 +9.47397151e+09  1.71e+05   6.50e+02     3.34e-03   504.244s
 735000 +9.47414853e+09 +9.47397165e+09  1.77e+05   6.50e+02     3.34e-03   504.900s
 736000 +9.47414977e+09 +9.47397180e+09  1.78e+05   6.50e+02     3.34e-03   505.555s
 737000 +9.47414436e+09 +9.47397194e+09  1.72e+05   6.50e+02     3.34e-03   506.210s
 738000 +9.47414431e+09 +9.47397209e+09  1.72e+05   6.50e+02     3.34e-03   506.866s
 739000 +9.47413525e+09 +9.47397222e+09  1.63e+05   6.50e+02     3.34e-03   507.521s
 740000 +9.47414300e+09 +9.47397236e+09  1.71e+05   6.50e+02     3.34e-03   508.177s
 741000 +9.47414629e+09 +9.47397252e+09  1.74e+05   6.50e+02     3.34e-03   508.832s
 742000 +9.47414405e+09 +9.47397266e+09  1.71e+05   6.50e+02     3.34e-03   509.488s
 743000 +9.47414525e+09 +9.47397281e+09  1.72e+05   6.50e+02     3.34e-03   510.142s
 744000 +9.47413425e+09 +9.47397296e+09  1.61e+05   6.50e+02     3.34e-03   510.797s
 745000 +9.47413838e+09 +9.47397310e+09  1.65e+05   6.50e+02     3.34e-03   511.453s
 746000 +9.47414251e+09 +9.47397328e+09  1.69e+05   6.50e+02     3.34e-03   512.109s
 747000 +9.47413961e+09 +9.47397331e+09  1.66e+05   5.79e+02     3.01e-03   512.764s
 748000 +9.47414707e+09 +9.47398138e+09  1.66e+05   5.53e+02     2.50e-01   513.422s
 749000 +9.47414449e+09 +9.47399096e+09  1.54e+05   5.53e+02     2.50e-01   514.077s
 750000 +9.47413914e+09 +9.47400631e+09  1.33e+05   4.63e+02     2.08e-01   514.733s
 751000 +9.47412736e+09 +9.47399925e+09  1.28e+05   3.90e+02     1.79e-01   515.388s
 752000 +9.47413336e+09 +9.47401213e+09  1.21e+05   3.82e+02     1.75e-01   516.043s
 753000 +9.47411020e+09 +9.47400530e+09  1.05e+05   3.77e+02     1.74e-01   516.698s
 754000 +9.47410917e+09 +9.47401586e+09  9.33e+04   3.74e+02     1.72e-01   517.353s
 755000 +9.47410263e+09 +9.47401714e+09  8.55e+04   3.72e+02     1.71e-01   518.011s
 756000 +9.47409767e+09 +9.47402018e+09  7.75e+04   3.71e+02     1.71e-01   518.683s
 757000 +9.47408294e+09 +9.47403025e+09  5.27e+04   2.94e+02     1.40e-01   519.360s
 758000 +9.47408923e+09 +9.47528721e+09  1.20e+06   5.17e+01     2.83e+00   520.036s
 759000 +9.47408635e+09 +9.48840098e+09  1.43e+07   2.03e+01     4.10e+00   520.714s
 760000 +9.47404842e+09 +9.47443966e+09  3.91e+05   1.14e+01     3.34e+00   521.392s
 761000 +9.47406949e+09 +9.47601527e+09  1.95e+06   7.08e+00     2.63e+00   522.064s
 762000 +9.47407625e+09 +9.47594824e+09  1.87e+06   4.91e+00     2.13e+00   522.719s
 763000 +9.47409630e+09 +9.47608385e+09  1.99e+06   2.85e+00     1.76e+00   523.375s
 764000 +9.47410208e+09 +9.47586017e+09  1.76e+06   1.93e+00     1.41e+00   524.030s
 765000 +9.47409530e+09 +9.47589570e+09  1.80e+06   1.88e+00     1.12e+00   524.687s
 766000 +9.47410210e+09 +9.47598660e+09  1.88e+06   1.76e+00     9.96e-01   525.343s
 767000 +9.47411657e+09 +9.47605380e+09  1.94e+06   1.59e+00     8.77e-01   525.998s
 768000 +9.47411682e+09 +9.47431901e+09  2.02e+05   1.43e+00     7.68e-01   526.654s
 769000 +9.47411396e+09 +9.47449298e+09  3.79e+05   1.40e+00     7.00e-01   527.309s
 769200 +9.47411481e+09 +9.47412804e+09  1.32e+04   1.37e+00     6.87e-01   527.440s
LP Solver status:                Optimal
Primal objective:                +9.47411481e+09
Dual objective:                  +9.47412804e+09
Duality gap (abs/rel):           +1.32e+04 / +6.98e-07
Primal infeasibility (abs/rel):  +1.37e+00 / +1.37e-08
Dual infeasibility (abs/rel):    +6.87e-01 / +3.42e-07
Distributed PDLP finished
Status: Optimal   Objective: 9.47411481e+09  Iterations: 769200  Time: 529.062s

### exit_code=0
### finished=2026-07-23T10:39:27.115565
### gpu_peak_mb=11418.4
### gpu_peak2_mb=10234.4
### per_gpu_peak_mb=[11418.375, 9882.375, 10234.375, 9946.375, 9498.375, 9242.375, 9210.375, 9850.375]
