### solver=cuopt-distributed
### instance=/home/scratch.cmaes_sw/hans_lps/cont1.mps
### n_gpus=8
### CUDA_VISIBLE_DEVICES=0,1,2,3,4,5,6,7
### started=2026-08-10T12:05:04.574501
### argv=/home/scratch.vmostovoi_gpu/mostovoi_cuopt/cpp/build/cuopt_cli --method 1 --mps-reader experimental-fast --time-limit 3600 --iteration-limit 1000000000 --relative-primal-tolerance 1e-6 --relative-dual-tolerance 1e-6 --relative-gap-tolerance 1e-6 --log-to-console true --num-gpus 8 /home/scratch.cmaes_sw/hans_lps/cont1.mps
### --- solver output ---
Setting parameter iteration_limit to 1000000000
Setting parameter log_to_console to true
Setting parameter method to 1
Setting parameter num_gpus to 8
Setting parameter relative_dual_tolerance to 1.000000e-06
Setting parameter relative_gap_tolerance to 1.000000e-06
Setting parameter relative_primal_tolerance to 1.000000e-06
Setting parameter time_limit to 3.600000e+03
Reading file cont1.mps
Using experimental fast MPS parser for '/home/scratch.cmaes_sw/hans_lps/cont1.mps'
Read file cont1.mps in 0.41 seconds
cuOpt version: 26.10.0, git hash: f3ebc673, host arch: x86_64, device archs: 100a-real
CPU: INTEL(R) XEON(R) PLATINUM 8570, threads (physical/logical): 112/224, RAM (available/total): 1963.73 / 2015.54 GiB
CUDA 13.3, device: NVIDIA B200 (ID 0), VRAM: 178.34 GiB
CUDA device UUID: 48ab7b4d-7b0a-65b7-4538-4e37338d2330
CUDA 13.3, device: NVIDIA B200 (ID 1), VRAM: 178.34 GiB
CUDA device UUID: 5dd43d25-54eb-687e-91f8-d4c917f40a3c
CUDA 13.3, device: NVIDIA B200 (ID 2), VRAM: 178.34 GiB
CUDA device UUID: a40e62a0-1502-ea41-88b7-8ebfb62f67b6
CUDA 13.3, device: NVIDIA B200 (ID 3), VRAM: 178.34 GiB
CUDA device UUID: 69c2235c-eda1-228c-f9ee-e444f16a4e31
CUDA 13.3, device: NVIDIA B200 (ID 4), VRAM: 178.34 GiB
CUDA device UUID: 92e986d5-fb1f-ac84-bd70-b03e127c762a
CUDA 13.3, device: NVIDIA B200 (ID 5), VRAM: 178.34 GiB
CUDA device UUID: fb4dfdcf-c8fe-1714-a140-0823be2fde13
CUDA 13.3, device: NVIDIA B200 (ID 6), VRAM: 178.34 GiB
CUDA device UUID: 3519c8dd-244c-a241-e2ee-ef61e97ec465
CUDA 13.3, device: NVIDIA B200 (ID 7), VRAM: 178.34 GiB
CUDA device UUID: b80ee313-5762-b760-dd9a-a5669634bef9
Solving a problem with 160792 constraints, 40399 variables (0 integers), and 399990 nonzeros
Using PSLP presolver
PSLP Presolved problem: 39601 constraints, 40389 variables, 197997 non-zeros
PSLP presolve time: 0.06s
Solving with distributed PDLP on 8 GPUs.
NCCL version 2.30.7+cuda13.3
      0 +0.00000000e+00 +0.00000000e+00  0.00e+00   9.95e-02     0.00e+00   8.263s
   1000 +0.00000000e+00 +1.68384644e+02  1.68e+02   9.25e-02     4.60e+00   8.740s
   2000 +0.00000000e+00 +3.37434989e+03  3.37e+03   8.96e-02     6.29e+01   8.985s
   3000 +0.00000000e+00 +3.24943199e+04  3.25e+04   8.75e-02     4.81e+02   9.231s
   4000 +0.00000000e+00 +1.30643917e+05  1.31e+05   8.53e-02     1.58e+03   9.475s
   5000 +0.00000000e+00 +3.20575521e+05  3.21e+05   8.35e-02     3.51e+03   9.718s
   6000 +0.00000000e+00 +6.36606731e+05  6.37e+05   8.13e-02     6.15e+03   9.965s
   7000 +0.00000000e+00 +1.48707315e+06  1.49e+06   8.02e-02     1.32e+04   10.208s
   8000 +0.00000000e+00 +2.30507031e+06  2.31e+06   7.84e-02     1.93e+04   10.450s
   9000 +0.00000000e+00 +3.07624763e+06  3.08e+06   7.64e-02     2.40e+04   10.694s
  10000 +0.00000000e+00 +5.66544596e+06  5.67e+06   7.54e-02     4.07e+04   10.937s
  11000 +0.00000000e+00 +8.64867201e+06  8.65e+06   7.44e-02     5.93e+04   11.170s
  12000 +0.00000000e+00 +1.15279109e+07  1.15e+07   7.31e-02     7.53e+04   11.403s
  13000 +0.00000000e+00 +1.42791871e+07  1.43e+07   7.16e-02     8.93e+04   11.635s
  14000 +0.00000000e+00 +1.68783212e+07  1.69e+07   6.98e-02     1.03e+05   11.868s
  15000 +0.00000000e+00 +2.31171883e+07  2.31e+07   6.86e-02     1.40e+05   12.102s
  16000 +0.00000000e+00 +3.17549820e+07  3.18e+07   6.77e-02     1.94e+05   12.335s
  17000 +0.00000000e+00 +4.02269524e+07  4.02e+07   6.65e-02     2.47e+05   12.567s
  18000 +0.00000000e+00 +4.84955653e+07  4.85e+07   6.49e-02     2.98e+05   12.800s
  19000 +0.00000000e+00 +5.65081746e+07  5.65e+07   6.30e-02     3.47e+05   13.034s
  20000 +0.00000000e+00 +6.42114538e+07  6.42e+07   6.08e-02     3.94e+05   13.266s
  21000 +0.00000000e+00 +7.15423767e+07  7.15e+07   5.84e-02     4.38e+05   13.499s
  22000 +0.00000000e+00 +7.84155659e+07  7.84e+07   5.57e-02     4.79e+05   13.731s
  23000 +0.00000000e+00 +8.80564888e+07  8.81e+07   5.35e-02     5.37e+05   13.966s
  24000 +0.00000000e+00 +1.02159440e+08  1.02e+08   5.21e-02     6.22e+05   14.198s
  25000 +0.00000000e+00 +1.15700422e+08  1.16e+08   5.04e-02     7.04e+05   14.430s
  26000 +0.00000000e+00 +1.28566499e+08  1.29e+08   4.85e-02     7.82e+05   14.663s
  27000 +0.00000000e+00 +1.40654272e+08  1.41e+08   4.63e-02     8.56e+05   14.895s
  28000 +0.00000000e+00 +1.51873416e+08  1.52e+08   4.40e-02     9.24e+05   15.128s
  29000 +0.00000000e+00 +1.62146304e+08  1.62e+08   4.15e-02     9.87e+05   15.361s
  30000 +0.00000000e+00 +1.71408394e+08  1.71e+08   3.87e-02     1.04e+06   15.597s
  31000 +0.00000000e+00 +1.79607848e+08  1.80e+08   3.59e-02     1.09e+06   15.830s
  32000 +0.00000000e+00 +1.86703594e+08  1.87e+08   3.29e-02     1.14e+06   16.062s
  33000 +0.00000000e+00 +1.92663061e+08  1.93e+08   2.98e-02     1.17e+06   16.295s
  34000 +0.00000000e+00 +1.97460236e+08  1.97e+08   2.67e-02     1.20e+06   16.527s
  35000 +0.00000000e+00 +2.01075511e+08  2.01e+08   2.35e-02     1.22e+06   16.760s
  36000 +0.00000000e+00 +2.05104505e+08  2.05e+08   2.02e-02     1.25e+06   16.994s
  37000 +0.00000000e+00 +2.09126392e+08  2.09e+08   1.68e-02     1.27e+06   17.227s
  38000 +0.00000000e+00 +2.12073965e+08  2.12e+08   1.33e-02     1.29e+06   17.459s
  39000 +0.00000000e+00 +2.13927502e+08  2.14e+08   9.79e-03     1.30e+06   17.695s
  40000 +0.00000000e+00 +2.14678180e+08  2.15e+08   6.26e-03     1.31e+06   17.928s
  41000 +0.00000000e+00 +2.14328006e+08  2.14e+08   2.74e-03     1.30e+06   18.161s
  42000 +0.00000000e+00 +2.12889454e+08  2.13e+08   7.48e-04     1.30e+06   18.393s
  43000 +0.00000000e+00 +2.10385015e+08  2.10e+08   4.17e-03     1.28e+06   18.626s
  44000 +0.00000000e+00 +2.06846538e+08  2.07e+08   7.51e-03     1.26e+06   18.858s
  45000 +0.00000000e+00 +2.02314519e+08  2.02e+08   1.07e-02     1.23e+06   19.091s
  46000 +0.00000000e+00 +1.96837471e+08  1.97e+08   1.38e-02     1.20e+06   19.323s
  47000 +0.00000000e+00 +1.90471443e+08  1.90e+08   1.68e-02     1.16e+06   19.556s
  48000 +0.00000000e+00 +1.83279718e+08  1.83e+08   1.95e-02     1.12e+06   19.789s
  49000 +0.00000000e+00 +1.75332464e+08  1.75e+08   2.21e-02     1.07e+06   20.024s
  50000 +0.00000000e+00 +1.66706195e+08  1.67e+08   2.44e-02     1.01e+06   20.256s
  51000 +0.00000000e+00 +1.57483091e+08  1.57e+08   2.65e-02     9.59e+05   20.493s
  52000 +0.00000000e+00 +1.47750158e+08  1.48e+08   2.84e-02     8.99e+05   20.725s
  53000 +0.00000000e+00 +1.37598168e+08  1.38e+08   3.01e-02     8.38e+05   20.958s
  54000 +0.00000000e+00 +1.27120452e+08  1.27e+08   3.14e-02     7.74e+05   21.191s
  55000 +0.00000000e+00 +1.16411702e+08  1.16e+08   3.26e-02     7.09e+05   21.423s
  56000 +0.00000000e+00 +1.09992354e+08  1.10e+08   3.54e-02     6.70e+05   21.658s
  57000 +0.00000000e+00 +1.06067918e+08  1.06e+08   3.95e-02     6.46e+05   21.890s
  58000 +0.00000000e+00 +1.01624134e+08  1.02e+08   4.33e-02     6.19e+05   22.122s
  59000 +0.00000000e+00 +9.66962967e+07  9.67e+07   4.68e-02     5.89e+05   22.355s
  60000 +0.00000000e+00 +9.13239975e+07  9.13e+07   5.01e-02     5.56e+05   22.592s
  61000 +0.00000000e+00 +8.55507208e+07  8.56e+07   5.31e-02     5.21e+05   22.825s
  62000 +0.00000000e+00 +7.94233922e+07  7.94e+07   5.58e-02     4.84e+05   23.059s
  63000 +0.00000000e+00 +7.29918920e+07  7.30e+07   5.81e-02     4.44e+05   23.292s
  64000 +0.00000000e+00 +6.63085398e+07  6.63e+07   6.01e-02     4.04e+05   23.525s
  65000 +0.00000000e+00 +5.94275567e+07  5.94e+07   6.18e-02     3.62e+05   23.757s
  66000 +0.00000000e+00 +5.24045084e+07  5.24e+07   6.31e-02     3.19e+05   23.990s
  67000 +0.00000000e+00 +4.52957346e+07  4.53e+07   6.40e-02     2.76e+05   24.222s
  68000 +0.00000000e+00 +3.81577710e+07  3.82e+07   6.45e-02     2.32e+05   24.455s
  69000 +0.00000000e+00 +3.10467675e+07  3.10e+07   6.47e-02     1.89e+05   24.688s
  70000 +0.00000000e+00 +2.40179143e+07  2.40e+07   6.45e-02     1.46e+05   24.921s
  71000 +0.00000000e+00 +1.71248873e+07  1.71e+07   6.40e-02     1.04e+05   25.153s
  72000 +0.00000000e+00 +1.04193152e+07  1.04e+07   6.31e-02     6.34e+04   25.386s
  73000 +0.00000000e+00 +3.95027383e+06  3.95e+06   6.20e-02     2.41e+04   25.619s
  74000 +0.00000000e+00 -2.17948636e+06  2.18e+06   6.02e-02     3.79e+04   25.851s
  75000 +0.00000000e+00 -7.39077237e+06  7.39e+06   5.69e-02     1.04e+05   26.084s
  76000 +0.00000000e+00 -1.16133062e+07  1.16e+07   5.27e-02     1.55e+05   26.318s
  77000 +0.00000000e+00 -1.49190480e+07  1.49e+07   4.81e-02     1.92e+05   26.550s
  78000 +0.00000000e+00 -1.72865177e+07  1.73e+07   4.24e-02     2.29e+05   26.783s
  79000 +0.00000000e+00 -1.88355700e+07  1.88e+07   3.68e-02     2.58e+05   27.016s
  80000 +0.00000000e+00 -2.00100633e+07  2.00e+07   3.15e-02     2.70e+05   27.248s
  81000 +0.00000000e+00 -2.06630832e+07  2.07e+07   2.60e-02     2.71e+05   27.481s
  82000 +0.00000000e+00 -2.03178916e+07  2.03e+07   2.03e-02     2.63e+05   27.714s
  83000 +0.00000000e+00 -1.91589849e+07  1.92e+07   1.47e-02     2.47e+05   27.947s
  84000 +0.00000000e+00 -1.70775434e+07  1.71e+07   9.54e-03     2.20e+05   28.179s
  85000 +0.00000000e+00 -1.41534572e+07  1.42e+07   5.44e-03     1.85e+05   28.412s
  86000 +0.00000000e+00 -1.09022875e+07  1.09e+07   4.05e-03     1.49e+05   28.645s
  87000 +0.00000000e+00 -1.12290318e+07  1.12e+07   3.05e-03     1.58e+05   28.879s
  88000 +0.00000000e+00 -1.18345635e+07  1.18e+07   1.92e-03     1.59e+05   29.112s
  89000 +0.00000000e+00 -1.20335564e+07  1.20e+07   1.29e-03     1.55e+05   29.345s
  90000 +0.00000000e+00 -1.20197083e+07  1.20e+07   6.14e-04     1.55e+05   29.578s
  91000 +0.00000000e+00 -1.17372620e+07  1.17e+07   3.45e-04     1.51e+05   29.810s
  92000 +0.00000000e+00 -1.11064275e+07  1.11e+07   8.34e-04     1.43e+05   30.043s
  93000 +0.00000000e+00 -1.03459490e+07  1.03e+07   1.22e-03     1.34e+05   30.276s
  94000 +0.00000000e+00 -9.56998121e+06  9.57e+06   1.59e-03     1.25e+05   30.509s
  95000 +0.00000000e+00 -8.68902665e+06  8.69e+06   1.92e-03     1.13e+05   30.742s
  96000 +0.00000000e+00 -7.76261049e+06  7.76e+06   2.19e-03     1.01e+05   30.975s
  97000 +0.00000000e+00 -6.80827002e+06  6.81e+06   2.37e-03     8.77e+04   31.208s
  98000 +0.00000000e+00 -5.75490953e+06  5.75e+06   2.49e-03     7.40e+04   31.442s
  99000 +0.00000000e+00 -4.62471485e+06  4.62e+06   2.55e-03     5.95e+04   31.675s
 100000 +0.00000000e+00 -3.53412627e+06  3.53e+06   2.54e-03     4.56e+04   31.908s
 101000 +0.00000000e+00 -2.50991021e+06  2.51e+06   2.48e-03     3.30e+04   32.142s
 102000 +0.00000000e+00 -1.57297754e+06  1.57e+06   2.36e-03     2.06e+04   32.375s
 103000 +0.00000000e+00 -8.05694149e+05  8.06e+05   2.20e-03     1.05e+04   32.608s
 104000 +0.00000000e+00 -1.77642807e+05  1.78e+05   2.00e-03     7.32e+03   32.840s
 105000 +0.00000000e+00 +3.53267289e+05  3.53e+05   1.77e-03     9.28e+03   33.074s
 106000 +0.00000000e+00 +7.65370724e+05  7.65e+05   1.52e-03     1.32e+04   33.307s
 107000 +0.00000000e+00 +1.04954978e+06  1.05e+06   1.26e-03     1.60e+04   33.541s
 108000 +0.00000000e+00 +1.22637881e+06  1.23e+06   1.01e-03     1.67e+04   33.774s
 109000 +0.00000000e+00 +1.68544953e+06  1.69e+06   9.69e-04     2.21e+04   34.010s
 110000 +0.00000000e+00 +2.10072705e+06  2.10e+06   9.06e-04     2.73e+04   34.243s
 111000 +0.00000000e+00 +2.46124409e+06  2.46e+06   8.29e-04     3.20e+04   34.476s
 112000 +0.00000000e+00 +2.76829051e+06  2.77e+06   7.41e-04     3.59e+04   34.709s
 113000 +0.00000000e+00 +3.01433871e+06  3.01e+06   6.42e-04     3.92e+04   34.943s
 114000 +0.00000000e+00 +3.19039555e+06  3.19e+06   5.37e-04     4.16e+04   35.177s
 115000 +0.00000000e+00 +3.30181573e+06  3.30e+06   4.28e-04     4.31e+04   35.410s
 116000 +0.00000000e+00 +3.35131168e+06  3.35e+06   3.18e-04     4.38e+04   35.644s
 117000 +0.00000000e+00 +3.33667013e+06  3.34e+06   2.09e-04     4.36e+04   35.877s
 118000 +0.00000000e+00 +3.26091143e+06  3.26e+06   1.06e-04     4.26e+04   36.111s
 119000 +0.00000000e+00 +3.12916352e+06  3.13e+06   1.30e-05     4.08e+04   36.345s
 120000 +0.00000000e+00 +2.94415431e+06  2.94e+06   7.80e-05     3.84e+04   36.578s
 121000 +0.00000000e+00 +2.71313937e+06  2.71e+06   1.53e-04     3.54e+04   36.811s
 122000 +0.00000000e+00 +2.44921785e+06  2.45e+06   2.16e-04     3.20e+04   37.044s
 123000 +0.00000000e+00 +2.16235284e+06  2.16e+06   2.65e-04     2.82e+04   37.278s
 124000 +0.00000000e+00 +1.86290209e+06  1.86e+06   2.99e-04     2.43e+04   37.512s
 125000 +0.00000000e+00 +1.56296637e+06  1.56e+06   3.20e-04     2.04e+04   37.744s
 126000 +0.00000000e+00 +1.27093892e+06  1.27e+06   3.26e-04     1.66e+04   37.977s
 127000 +0.00000000e+00 +9.93318247e+05  9.93e+05   3.20e-04     1.29e+04   38.209s
 128000 +0.00000000e+00 +7.38421970e+05  7.38e+05   3.03e-04     9.60e+03   38.442s
 129000 +0.00000000e+00 +5.13587250e+05  5.14e+05   2.76e-04     6.67e+03   38.674s
 130000 +0.00000000e+00 +3.23156626e+05  3.23e+05   2.41e-04     4.21e+03   38.907s
 131000 +0.00000000e+00 +1.72417404e+05  1.72e+05   2.00e-04     2.26e+03   39.140s
 132000 +0.00000000e+00 +1.50776130e+05  1.51e+05   2.20e-04     1.97e+03   39.374s
 133000 +0.00000000e+00 +1.26711480e+05  1.27e+05   2.37e-04     1.66e+03   39.606s
 134000 +0.00000000e+00 +1.00835063e+05  1.01e+05   2.48e-04     1.32e+03   39.838s
 135000 +0.00000000e+00 +7.38738880e+04  7.39e+04   2.56e-04     9.64e+02   40.070s
 136000 +0.00000000e+00 +4.65273007e+04  4.65e+04   2.58e-04     6.06e+02   40.302s
 137000 +0.00000000e+00 +1.94836490e+04  1.95e+04   2.56e-04     2.54e+02   40.535s
 138000 +0.00000000e+00 -6.51447729e+03  6.51e+03   2.50e-04     8.54e+01   40.768s
 139000 +0.00000000e+00 -3.07857060e+04  3.08e+04   2.39e-04     4.02e+02   41.002s
 140000 +0.00000000e+00 -5.27613918e+04  5.28e+04   2.25e-04     6.89e+02   41.236s
 141000 +0.00000000e+00 -7.19477435e+04  7.19e+04   2.07e-04     9.40e+02   41.471s
 142000 +0.00000000e+00 -8.79580478e+04  8.80e+04   1.87e-04     1.15e+03   41.704s
 143000 +0.00000000e+00 -1.00548328e+05  1.01e+05   1.65e-04     1.31e+03   41.938s
 144000 +0.00000000e+00 -1.09578855e+05  1.10e+05   1.42e-04     1.43e+03   42.172s
 145000 +0.00000000e+00 -1.15000245e+05  1.15e+05   1.19e-04     1.50e+03   42.406s
 146000 +0.00000000e+00 -1.16897262e+05  1.17e+05   9.57e-05     1.53e+03   42.639s
 147000 +0.00000000e+00 -1.15466537e+05  1.15e+05   7.37e-05     1.51e+03   42.873s
 148000 +0.00000000e+00 -1.10995039e+05  1.11e+05   5.32e-05     1.45e+03   43.106s
 149000 +0.00000000e+00 -1.03879010e+05  1.04e+05   3.49e-05     1.36e+03   43.338s
 150000 +0.00000000e+00 -9.45963996e+04  9.46e+04   1.91e-05     1.24e+03   43.570s
 151000 +0.00000000e+00 -8.36611994e+04  8.37e+04   6.10e-06     1.09e+03   43.803s
 152000 +0.00000000e+00 -7.16136681e+04  7.16e+04   3.87e-06     9.36e+02   44.036s
 153000 +0.00000000e+00 -5.90070687e+04  5.90e+04   1.08e-05     7.71e+02   44.269s
 154000 +0.00000000e+00 -4.63644018e+04  4.64e+04   1.46e-05     6.06e+02   44.503s
 155000 +0.00000000e+00 -4.42845377e+04  4.43e+04   1.97e-05     5.79e+02   44.738s
 156000 +0.00000000e+00 -4.14660175e+04  4.15e+04   2.43e-05     5.42e+02   44.971s
 157000 +0.00000000e+00 -3.79866088e+04  3.80e+04   2.85e-05     4.96e+02   45.204s
 158000 +0.00000000e+00 -3.39432961e+04  3.39e+04   3.21e-05     4.43e+02   45.438s
 159000 +0.00000000e+00 -2.94510324e+04  2.95e+04   3.49e-05     3.85e+02   45.672s
 160000 +0.00000000e+00 -2.46365820e+04  2.46e+04   3.71e-05     3.22e+02   45.905s
 161000 +0.00000000e+00 -1.96331935e+04  1.96e+04   3.85e-05     2.57e+02   46.138s
 162000 +0.00000000e+00 -1.45779912e+04  1.46e+04   3.91e-05     1.90e+02   46.372s
 163000 +0.00000000e+00 -9.60714540e+03  9.61e+03   3.89e-05     1.26e+02   46.605s
 164000 +0.00000000e+00 -4.85005482e+03  4.85e+03   3.80e-05     6.34e+01   46.838s
 165000 +0.00000000e+00 -4.25749032e+02  4.26e+02   3.64e-05     5.57e+00   47.072s
 166000 +0.00000000e+00 +3.56081683e+03  3.56e+03   3.43e-05     4.65e+01   47.305s
 167000 +0.00000000e+00 +7.02317547e+03  7.02e+03   3.16e-05     9.17e+01   47.538s
 168000 +0.00000000e+00 +9.89567700e+03  9.90e+03   2.85e-05     1.29e+02   47.772s
 169000 +0.00000000e+00 +1.21344751e+04  1.21e+04   2.52e-05     1.59e+02   48.006s
 170000 +0.00000000e+00 +1.37189169e+04  1.37e+04   2.17e-05     1.79e+02   48.239s
 171000 +0.00000000e+00 +1.46514921e+04  1.47e+04   1.82e-05     1.91e+02   48.472s
 172000 +0.00000000e+00 +1.49562817e+04  1.50e+04   1.48e-05     1.95e+02   48.706s
 173000 +0.00000000e+00 +1.46776982e+04  1.47e+04   1.15e-05     1.92e+02   48.939s
 174000 +0.00000000e+00 +1.38784540e+04  1.39e+04   8.58e-06     1.81e+02   49.172s
 175000 +0.00000000e+00 +1.26360667e+04  1.26e+04   5.96e-06     1.65e+02   49.405s
 176000 +0.00000000e+00 +1.10394013e+04  1.10e+04   3.76e-06     1.44e+02   49.639s
 177000 +0.00000000e+00 +9.18515670e+03  9.19e+03   2.02e-06     1.20e+02   49.872s
 178000 +0.00000000e+00 +1.01121481e+04  1.01e+04   1.77e-06     1.32e+02   50.107s
 179000 +0.00000000e+00 +1.08580153e+04  1.09e+04   1.48e-06     1.42e+02   50.341s
 180000 +0.00000000e+00 +1.14050943e+04  1.14e+04   1.18e-06     1.49e+02   50.575s
 181000 +0.00000000e+00 +1.17419676e+04  1.17e+04   8.69e-07     1.53e+02   50.808s
 182000 +0.00000000e+00 +1.18636793e+04  1.19e+04   5.50e-07     1.55e+02   51.041s
 183000 +0.00000000e+00 +1.17720439e+04  1.18e+04   2.35e-07     1.54e+02   51.275s
 184000 +0.00000000e+00 +1.14755253e+04  1.15e+04   6.71e-08     1.50e+02   51.508s
 185000 +0.00000000e+00 +1.09886998e+04  1.10e+04   3.50e-07     1.44e+02   51.742s
 186000 +0.00000000e+00 +1.03317053e+04  1.03e+04   6.06e-07     1.35e+02   51.974s
 187000 +0.00000000e+00 +9.52952887e+03  9.53e+03   8.30e-07     1.24e+02   52.207s
 188000 +0.00000000e+00 +8.61096768e+03  8.61e+03   1.02e-06     1.12e+02   52.441s
 189000 +0.00000000e+00 +7.60754155e+03  7.61e+03   1.17e-06     9.94e+01   52.674s
 190000 +0.00000000e+00 +6.55240059e+03  6.55e+03   1.27e-06     8.56e+01   52.908s
 191000 +0.00000000e+00 +5.47906918e+03  5.48e+03   1.34e-06     7.16e+01   53.141s
 192000 +0.00000000e+00 +4.42020335e+03  4.42e+03   1.36e-06     5.77e+01   53.375s
 193000 +0.00000000e+00 +3.40650490e+03  3.41e+03   1.34e-06     4.45e+01   53.608s
 194000 +0.00000000e+00 +2.46567392e+03  2.47e+03   1.29e-06     3.22e+01   53.841s
 195000 +0.00000000e+00 +1.62147271e+03  1.62e+03   1.21e-06     2.12e+01   54.075s
 196000 +0.00000000e+00 +8.93050178e+02  8.93e+02   1.10e-06     1.17e+01   54.308s
 197000 +0.00000000e+00 +2.94436290e+02  2.94e+02   9.75e-07     3.85e+00   54.542s
 198000 +0.00000000e+00 -1.65810691e+02  1.66e+02   8.35e-07     2.17e+00   54.775s
 199000 +0.00000000e+00 -4.84678066e+02  4.85e+02   6.88e-07     6.33e+00   55.008s
 200000 +0.00000000e+00 -6.64547736e+02  6.65e+02   5.41e-07     8.68e+00   55.242s
 201000 +0.00000000e+00 -8.95030655e+02  8.95e+02   5.16e-07     1.17e+01   55.477s
 202000 +0.00000000e+00 -1.10822500e+03  1.11e+03   4.84e-07     1.45e+01   55.710s
 203000 +0.00000000e+00 -1.29879044e+03  1.30e+03   4.43e-07     1.70e+01   55.944s
 204000 +0.00000000e+00 -1.46212183e+03  1.46e+03   3.96e-07     1.91e+01   56.178s
 205000 +0.00000000e+00 -1.59450263e+03  1.59e+03   3.44e-07     2.08e+01   56.411s
 206000 +0.00000000e+00 -1.69322100e+03  1.69e+03   2.88e-07     2.21e+01   56.645s
 207000 +0.00000000e+00 -1.75665298e+03  1.76e+03   2.30e-07     2.29e+01   56.878s
 208000 +0.00000000e+00 -1.78430596e+03  1.78e+03   1.71e-07     2.33e+01   57.111s
 209000 +0.00000000e+00 -1.77681616e+03  1.78e+03   1.13e-07     2.32e+01   57.345s
 210000 +0.00000000e+00 -1.73590555e+03  1.74e+03   5.74e-08     2.27e+01   57.578s
 211000 +0.00000000e+00 -1.66430144e+03  1.66e+03   5.83e-09     2.17e+01   57.812s
 212000 +0.00000000e+00 -1.56561798e+03  1.57e+03   4.07e-08     2.05e+01   58.045s
 213000 +0.00000000e+00 -1.44420657e+03  1.44e+03   8.11e-08     1.89e+01   58.278s
 214000 +0.00000000e+00 -1.30498394e+03  1.30e+03   1.15e-07     1.70e+01   58.511s
 215000 +0.00000000e+00 -1.15324182e+03  1.15e+03   1.41e-07     1.51e+01   58.745s
 216000 +0.00000000e+00 -9.94445645e+02  9.94e+02   1.59e-07     1.30e+01   58.978s
 217000 +0.00000000e+00 -8.34033232e+02  8.34e+02   1.70e-07     1.09e+01   59.211s
 218000 +0.00000000e+00 -6.77219393e+02  6.77e+02   1.74e-07     8.85e+00   59.445s
 219000 +0.00000000e+00 -5.28813146e+02  5.29e+02   1.71e-07     6.91e+00   59.678s
 220000 +0.00000000e+00 -3.93056717e+02  3.93e+02   1.62e-07     5.14e+00   59.912s
 221000 +0.00000000e+00 -2.73491768e+02  2.73e+02   1.47e-07     3.57e+00   60.145s
 222000 +0.00000000e+00 -1.72855874e+02  1.73e+02   1.29e-07     2.26e+00   60.379s
 223000 +0.00000000e+00 -9.30141832e+01  9.30e+01   1.07e-07     1.22e+00   60.612s
 224000 +0.00000000e+00 -8.15277617e+01  8.15e+01   1.18e-07     1.07e+00   60.847s
 225000 +0.00000000e+00 -6.87449169e+01  6.87e+01   1.27e-07     8.98e-01   61.080s
 226000 +0.00000000e+00 -5.50037017e+01  5.50e+01   1.33e-07     7.19e-01   61.314s
 227000 +0.00000000e+00 -4.06694193e+01  4.07e+01   1.37e-07     5.31e-01   61.548s
 228000 +0.00000000e+00 -2.61218998e+01  2.61e+01   1.39e-07     3.41e-01   61.781s
 229000 +0.00000000e+00 -1.17423342e+01  1.17e+01   1.38e-07     1.53e-01   62.014s
 230000 +0.00000000e+00 +2.09976599e+00  2.10e+00   1.35e-07     2.74e-02   62.248s
 231000 +0.00000000e+00 +1.50591033e+01  1.51e+01   1.29e-07     1.97e-01   62.481s
 232000 +0.00000000e+00 +2.68261386e+01  2.68e+01   1.22e-07     3.50e-01   62.715s
 233000 +0.00000000e+00 +3.71371230e+01  3.71e+01   1.12e-07     4.85e-01   62.948s
 234000 +0.00000000e+00 +4.57822940e+01  4.58e+01   1.02e-07     5.98e-01   63.182s
 235000 +0.00000000e+00 +5.26119777e+01  5.26e+01   8.98e-08     6.87e-01   63.415s
 236000 +0.00000000e+00 +5.75403268e+01  5.75e+01   7.75e-08     7.52e-01   63.649s
 237000 +0.00000000e+00 +6.05465920e+01  6.05e+01   6.49e-08     7.91e-01   63.883s
 238000 +0.00000000e+00 +6.16739621e+01  6.17e+01   5.25e-08     8.06e-01   64.116s
 239000 +0.00000000e+00 +6.10260249e+01  6.10e+01   4.06e-08     7.97e-01   64.349s
 240000 +0.00000000e+00 +5.87610155e+01  5.88e+01   2.95e-08     7.68e-01   64.582s
 241000 +0.00000000e+00 +5.50841634e+01  5.51e+01   1.96e-08     7.20e-01   64.816s
 242000 +0.00000000e+00 +5.02384639e+01  5.02e+01   1.10e-08     6.56e-01   65.050s
 243000 +0.00000000e+00 +4.44942479e+01  4.45e+01   3.88e-09     5.81e-01   65.284s
 244000 +0.00000000e+00 +3.81380231e+01  3.81e+01   1.59e-09     4.98e-01   65.517s
 245000 +0.00000000e+00 +3.14610514e+01  3.15e+01   5.39e-09     4.11e-01   65.750s
 246000 +0.00000000e+00 +2.47480978e+01  2.47e+01   7.57e-09     3.23e-01   65.984s
 247000 +0.00000000e+00 +2.36590805e+01  2.37e+01   1.02e-08     3.09e-01   66.219s
 248000 +0.00000000e+00 +2.21745916e+01  2.22e+01   1.27e-08     2.90e-01   66.453s
 249000 +0.00000000e+00 +2.03357852e+01  2.03e+01   1.49e-08     2.66e-01   66.686s
 250000 +0.00000000e+00 +1.81944461e+01  1.82e+01   1.68e-08     2.38e-01   66.920s
 251000 +0.00000000e+00 +1.58111525e+01  1.58e+01   1.84e-08     2.07e-01   67.153s
 252000 +0.00000000e+00 +1.32531268e+01  1.33e+01   1.95e-08     1.73e-01   67.386s
 253000 +0.00000000e+00 +1.05918561e+01  1.06e+01   2.03e-08     1.38e-01   67.620s
 254000 +0.00000000e+00 +7.90057968e+00  7.90e+00   2.06e-08     1.03e-01   67.853s
 255000 +0.00000000e+00 +5.25173925e+00  5.25e+00   2.05e-08     6.86e-02   68.086s
 256000 +0.00000000e+00 +2.71449058e+00  2.71e+00   2.01e-08     3.55e-02   68.320s
 257000 +0.00000000e+00 +3.52372311e-01  3.52e-01   1.92e-08     4.60e-03   68.553s
 258000 +0.00000000e+00 -1.77877851e+00  1.78e+00   1.81e-08     2.32e-02   68.786s
 259000 +0.00000000e+00 -3.63258882e+00  3.63e+00   1.67e-08     4.75e-02   69.020s
 260000 +0.00000000e+00 -5.17352469e+00  5.17e+00   1.51e-08     6.76e-02   69.253s
 261000 +0.00000000e+00 -6.37783163e+00  6.38e+00   1.34e-08     8.33e-02   69.487s
 262000 +0.00000000e+00 -7.23401120e+00  7.23e+00   1.15e-08     9.45e-02   69.720s
 263000 +0.00000000e+00 -7.74282487e+00  7.74e+00   9.67e-09     1.01e-01   69.954s
 264000 +0.00000000e+00 -7.91683187e+00  7.92e+00   7.86e-09     1.03e-01   70.187s
 265000 +0.00000000e+00 -7.77949100e+00  7.78e+00   6.15e-09     1.02e-01   70.421s
 266000 +0.00000000e+00 -7.36387127e+00  7.36e+00   4.58e-09     9.62e-02   70.654s
 267000 +0.00000000e+00 -6.71103052e+00  6.71e+00   3.19e-09     8.77e-02   70.887s
 268000 +0.00000000e+00 -5.86813581e+00  5.87e+00   2.02e-09     7.67e-02   71.120s
 269000 +0.00000000e+00 -4.88640738e+00  4.89e+00   1.10e-09     6.38e-02   71.354s
 270000 +0.00000000e+00 -5.41189685e+00  5.41e+00   9.67e-10     7.07e-02   71.589s
 271000 +0.00000000e+00 -5.84028023e+00  5.84e+00   8.21e-10     7.63e-02   71.822s
 272000 +0.00000000e+00 -6.16131273e+00  6.16e+00   6.64e-10     8.05e-02   72.056s
 273000 +0.00000000e+00 -6.36812677e+00  6.37e+00   4.99e-10     8.32e-02   72.289s
 274000 +0.00000000e+00 -6.45744586e+00  6.46e+00   3.32e-10     8.44e-02   72.523s
 275000 +0.00000000e+00 -6.42966649e+00  6.43e+00   1.66e-10     8.40e-02   72.756s
 276000 +0.00000000e+00 -6.28880390e+00  6.29e+00   7.02e-12     8.22e-02   72.989s
 277000 +0.00000000e+00 -6.04230610e+00  6.04e+00   1.46e-10     7.89e-02   73.223s
 278000 +0.00000000e+00 -5.70074286e+00  5.70e+00   2.83e-10     7.45e-02   73.456s
 279000 +0.00000000e+00 -5.27738461e+00  5.28e+00   4.04e-10     6.89e-02   73.690s
 280000 +0.00000000e+00 -4.78768692e+00  4.79e+00   5.06e-10     6.26e-02   73.923s
 281000 +0.00000000e+00 -4.24870219e+00  4.25e+00   5.88e-10     5.55e-02   74.156s
 282000 +0.00000000e+00 -3.67844443e+00  3.68e+00   6.47e-10     4.81e-02   74.389s
 283000 +0.00000000e+00 -3.09522790e+00  3.10e+00   6.85e-10     4.04e-02   74.622s
 284000 +0.00000000e+00 -2.51701091e+00  2.52e+00   7.01e-10     3.29e-02   74.855s
 285000 +0.00000000e+00 -1.96076689e+00  1.96e+00   6.96e-10     2.56e-02   75.088s
 286000 +0.00000000e+00 -1.44190767e+00  1.44e+00   6.72e-10     1.88e-02   75.321s
 287000 +0.00000000e+00 -9.73781501e-01  9.74e-01   6.32e-10     1.27e-02   75.554s
 288000 +0.00000000e+00 -5.67263200e-01  5.67e-01   5.78e-10     7.43e-03   75.787s
 289000 +0.00000000e+00 -2.30451136e-01  2.30e-01   5.13e-10     3.05e-03   76.020s
 290000 +0.00000000e+00 +3.15212154e-02  3.15e-02   4.41e-10     6.40e-04   76.253s
 291000 +0.00000000e+00 +2.16550012e-01  2.17e-01   3.64e-10     2.87e-03   76.486s
 292000 +0.00000000e+00 +3.25508609e-01  3.26e-01   2.87e-10     4.28e-03   76.719s
 293000 +0.00000000e+00 +4.45567685e-01  4.46e-01   2.75e-10     5.82e-03   76.954s
 294000 +0.00000000e+00 +5.56973264e-01  5.57e-01   2.58e-10     7.28e-03   77.187s
 295000 +0.00000000e+00 +6.56932756e-01  6.57e-01   2.37e-10     8.58e-03   77.420s
 296000 +0.00000000e+00 +7.43025599e-01  7.43e-01   2.13e-10     9.71e-03   77.653s
 297000 +0.00000000e+00 +8.13283362e-01  8.13e-01   1.86e-10     1.06e-02   77.886s
 298000 +0.00000000e+00 +8.66253608e-01  8.66e-01   1.56e-10     1.13e-02   78.119s
 299000 +0.00000000e+00 +9.01043726e-01  9.01e-01   1.26e-10     1.18e-02   78.352s
 300000 +0.00000000e+00 +9.17344274e-01  9.17e-01   9.46e-11     1.20e-02   78.585s
 301000 +0.00000000e+00 +9.15430696e-01  9.15e-01   6.40e-11     1.20e-02   78.818s
 302000 +0.00000000e+00 +8.96142841e-01  8.96e-01   3.48e-11     1.17e-02   79.051s
 303000 +0.00000000e+00 +8.60844496e-01  8.61e-01   9.12e-12     1.13e-02   79.284s
 304000 +0.00000000e+00 +8.11363995e-01  8.11e-01   1.89e-11     1.06e-02   79.517s
 305000 +0.00000000e+00 +7.49918603e-01  7.50e-01   4.01e-11     9.80e-03   79.750s
 306000 +0.00000000e+00 +6.79026342e-01  6.79e-01   5.80e-11     8.88e-03   79.983s
 307000 +0.00000000e+00 +6.01407133e-01  6.01e-01   7.21e-11     7.86e-03   80.216s
 308000 +0.00000000e+00 +5.19880493e-01  5.20e-01   8.23e-11     6.80e-03   80.449s
 309000 +0.00000000e+00 +4.37260531e-01  4.37e-01   8.84e-11     5.72e-03   80.682s
 310000 +0.00000000e+00 +3.56254550e-01  3.56e-01   9.07e-11     4.67e-03   80.915s
 311000 +0.00000000e+00 +2.79367848e-01  2.79e-01   8.94e-11     3.67e-03   81.148s
 312000 +0.00000000e+00 +2.08820076e-01  2.09e-01   8.49e-11     2.76e-03   81.381s
 313000 +0.00000000e+00 +1.46473802e-01  1.46e-01   7.76e-11     1.96e-03   81.614s
 314000 +0.00000000e+00 +9.37808055e-02  9.38e-02   6.81e-11     1.29e-03   81.847s
 315000 +0.00000000e+00 +5.17440346e-02  5.17e-02   5.70e-11     7.97e-04   82.080s
 316000 +0.00000000e+00 +4.62202414e-02  4.62e-02   6.32e-11     6.04e-04   82.315s
 317000 +0.00000000e+00 +3.99529588e-02  4.00e-02   6.90e-11     5.23e-04   82.548s
 318000 +0.00000000e+00 +3.31088312e-02  3.31e-02   7.34e-11     4.34e-04   82.781s
 319000 +0.00000000e+00 +2.58710634e-02  2.59e-02   7.65e-11     3.40e-04   83.014s
 320000 +0.00000000e+00 +1.84331095e-02  1.84e-02   7.82e-11     2.44e-04   83.246s
 321000 +0.00000000e+00 +1.09919705e-02  1.10e-02   7.84e-11     1.51e-04   83.479s
 322000 +0.00000000e+00 +3.74144534e-03  3.74e-03   7.72e-11     6.94e-05   83.712s
 323000 +0.00000000e+00 -3.13464574e-03  3.13e-03   7.47e-11     6.65e-05   83.945s
 324000 +0.00000000e+00 -9.46847322e-03  9.47e-03   7.10e-11     1.36e-04   84.178s
 325000 +0.00000000e+00 -1.51136980e-02  1.51e-02   6.62e-11     2.06e-04   84.411s
 326000 +0.00000000e+00 -1.99502816e-02  2.00e-02   6.06e-11     2.68e-04   84.644s
 327000 +0.00000000e+00 -2.38879213e-02  2.39e-02   5.43e-11     3.19e-04   84.877s
 328000 +0.00000000e+00 -2.68684395e-02  2.69e-02   4.76e-11     3.57e-04   85.110s
 329000 +0.00000000e+00 -2.88671184e-02  2.89e-02   4.07e-11     3.84e-04   85.342s
 330000 +0.00000000e+00 -2.98924770e-02  2.99e-02   3.38e-11     3.97e-04   85.575s
 331000 +0.00000000e+00 -2.99848894e-02  3.00e-02   2.72e-11     3.99e-04   85.808s
 332000 +0.00000000e+00 -2.92142136e-02  2.92e-02   2.12e-11     3.89e-04   86.041s
 333000 +0.00000000e+00 -2.76761151e-02  2.77e-02   1.59e-11     3.70e-04   86.274s
 334000 +0.00000000e+00 -2.54876287e-02  2.55e-02   1.18e-11     3.43e-04   86.507s
 335000 +0.00000000e+00 -2.27820501e-02  2.28e-02   9.25e-12     3.09e-04   86.740s
 336000 +0.00000000e+00 -1.97032630e-02  1.97e-02   8.31e-12     2.71e-04   86.973s
 337000 +0.00000000e+00 -1.63999637e-02  1.64e-02   8.62e-12     2.31e-04   87.206s
 338000 +0.00000000e+00 -1.30196624e-02  1.30e-02   9.18e-12     1.92e-04   87.439s
 339000 +0.00000000e+00 -1.02653589e-02  1.03e-02   3.98e-12     1.35e-04   87.674s
 340000 +0.00000000e+00 -9.71338421e-03  9.71e-03   5.38e-12     1.30e-04   87.906s
 341000 +0.00000000e+00 -9.00087750e-03  9.00e-03   6.57e-12     1.23e-04   88.139s
 342000 +0.00000000e+00 -8.14755909e-03  8.15e-03   7.57e-12     1.15e-04   88.372s
 343000 +0.00000000e+00 -7.17732700e-03  7.18e-03   8.42e-12     1.06e-04   88.605s
 344000 +0.00000000e+00 -6.11739481e-03  6.12e-03   9.13e-12     9.74e-05   88.838s
 345000 +0.00000000e+00 -4.99736069e-03  5.00e-03   9.65e-12     8.83e-05   89.071s
 346000 +0.00000000e+00 -3.84815198e-03  3.85e-03   1.00e-11     8.18e-05   89.303s
 347000 +0.00000000e+00 -2.70098899e-03  2.70e-03   1.02e-11     7.73e-05   89.536s
 348000 +0.00000000e+00 -1.58623004e-03  1.59e-03   1.03e-11     7.59e-05   89.769s
 349000 +0.00000000e+00 -5.32399815e-04  5.32e-04   1.02e-11     7.75e-05   90.002s
 349600 +0.00000000e+00 +5.97953107e-05  5.98e-05   1.01e-11     7.88e-05   90.142s
LP Solver status:                Optimal
Primal objective:                +0.00000000e+00
Dual objective:                  +5.97953107e-05
Duality gap (abs/rel):           +5.98e-05 / +5.98e-05
Primal infeasibility (abs/rel):  +1.01e-11 / +9.19e-12
Dual infeasibility (abs/rel):    +7.88e-05 / +7.88e-05
PDLP finished
Status: Optimal   Objective: 0.00000000e+00  Iterations: 349600  Time: 90.159s

### exit_code=0
### finished=2026-08-10T12:06:48.300158
### gpu_peak_mb=5274.4
### gpu_peak2_mb=5210.4
### per_gpu_peak_mb=[5274.375, 5210.375, 5210.375, 5210.375, 5210.375, 5210.375, 5210.375, 5210.375]
