### solver=cuopt-distributed
### instance=/home/scratch.vmostovoi_gpu/datasets/mittleman_mps/dlr2.mps
### n_gpus=8
### CUDA_VISIBLE_DEVICES=0,1,2,3,4,5,6,7
### started=2026-07-23T14:05:44.356517
### argv=/home/scratch.vmostovoi_gpu/mostovoi_cuopt/cpp/build/cuopt_cli --use-distributed-pdlp true --method 1 --mps-reader experimental-fast --time-limit 3600 --iteration-limit 1000000000 --relative-primal-tolerance 1e-6 --relative-dual-tolerance 1e-6 --relative-gap-tolerance 1e-6 --log-to-console true /home/scratch.vmostovoi_gpu/datasets/mittleman_mps/dlr2.mps
### --- solver output ---
Setting parameter iteration_limit to 1000000000
Setting parameter log_to_console to true
Setting parameter method to 1
Setting parameter relative_dual_tolerance to 1.000000e-06
Setting parameter relative_gap_tolerance to 1.000000e-06
Setting parameter relative_primal_tolerance to 1.000000e-06
Setting parameter time_limit to 3.600000e+03
Setting parameter use_distributed_pdlp to true
Reading file dlr2.mps
Using experimental fast MPS parser for '/home/scratch.vmostovoi_gpu/datasets/mittleman_mps/dlr2.mps'
Read file dlr2.mps in 8.02 seconds
cuOpt version: 26.8.0, git hash: 7116ead1, host arch: x86_64, device archs: 100a-real
CPU: INTEL(R) XEON(R) PLATINUM 8570, threads (physical/logical): 112/224, RAM: 1799.86 GiB
CUDA 13.3, device: NVIDIA B200 (ID 0), VRAM: 178.34 GiB
CUDA device UUID: 1101c152-91de-d40c-4303-b5ce8c0f2273
CUDA 13.3, device: NVIDIA B200 (ID 1), VRAM: 178.34 GiB
CUDA device UUID: 49be7011-908d-9c3a-b85d-1e9d54a2cf8e
CUDA 13.3, device: NVIDIA B200 (ID 2), VRAM: 178.34 GiB
CUDA device UUID: c614d33b-3b33-0212-03db-a5a3d4d53c09
CUDA 13.3, device: NVIDIA B200 (ID 3), VRAM: 178.34 GiB
CUDA device UUID: f0efe03d-7a32-7393-9416-2efd0f75b715
CUDA 13.3, device: NVIDIA B200 (ID 4), VRAM: 178.34 GiB
CUDA device UUID: f4d480a1-39f3-40e0-6e96-bb5c4d165711
CUDA 13.3, device: NVIDIA B200 (ID 5), VRAM: 178.34 GiB
CUDA device UUID: 95da5925-7088-4fc6-b10d-a260ca702b29
CUDA 13.3, device: NVIDIA B200 (ID 6), VRAM: 178.34 GiB
CUDA device UUID: 68992ffe-0591-7d4f-b826-1cb98b6bde20
CUDA 13.3, device: NVIDIA B200 (ID 7), VRAM: 178.34 GiB
CUDA device UUID: 5656cf7f-5639-9407-be3e-a913830b7634
Solving a problem with 7132926 constraints, 38868107 variables (0 integers), and 78091589 nonzeros
Using PSLP presolver
PSLP Presolved problem: 3252252 constraints, 3101514 variables, 10483700 non-zeros
PSLP presolve time: 9.06s
Solving with distributed PDLP on 8 GPUs.
NCCL version 2.30.7+cuda13.3
      0 +4.27582215e+09 +4.27582215e+09  0.00e+00   4.39e-02     1.67e+09   16.828s
   1000 +1.71529029e+07 +1.90209525e+07  1.87e+06   1.25e+02     4.50e+04   17.188s
   2000 +1.40130441e+07 +1.36659163e+07  3.47e+05   8.92e+01     1.73e+04   17.372s
   3000 +1.50595468e+07 +1.23233478e+07  2.74e+06   9.28e+01     2.85e+03   17.555s
   4000 +1.53282363e+07 +1.19703226e+07  3.36e+06   9.82e+01     1.21e+03   17.739s
   5000 +1.31861349e+07 +1.18510400e+07  1.34e+06   9.50e+01     1.10e+03   17.921s
   6000 +1.33289484e+07 +1.17883014e+07  1.54e+06   8.59e+01     4.75e+02   18.104s
   7000 +1.28745107e+07 +1.17442469e+07  1.13e+06   8.07e+01     4.58e+02   18.286s
   8000 +1.27306618e+07 +1.17244766e+07  1.01e+06   7.83e+01     4.61e+02   18.468s
   9000 +1.25183064e+07 +1.17167643e+07  8.02e+05   7.63e+01     5.00e+02   18.651s
  10000 +1.27856621e+07 +1.17000075e+07  1.09e+06   7.69e+01     1.50e+02   18.835s
  11000 +1.27496099e+07 +1.16819443e+07  1.07e+06   7.58e+01     1.12e+02   19.011s
  12000 +1.28547076e+07 +1.16681834e+07  1.19e+06   7.55e+01     1.06e+02   19.187s
  13000 +1.29155577e+07 +1.16551539e+07  1.26e+06   7.51e+01     1.02e+02   19.363s
  14000 +1.27895001e+07 +1.16442840e+07  1.15e+06   7.48e+01     1.11e+02   19.539s
  15000 +1.30281708e+07 +1.16309322e+07  1.40e+06   7.51e+01     5.44e+01   19.721s
  16000 +1.34257587e+07 +1.16112016e+07  1.81e+06   7.55e+01     4.84e+01   19.900s
  17000 +1.33736032e+07 +1.15974695e+07  1.78e+06   7.48e+01     4.98e+01   20.076s
  18000 +1.29886464e+07 +1.15873179e+07  1.40e+06   7.42e+01     5.28e+01   20.251s
  19000 +1.29305170e+07 +1.15804083e+07  1.35e+06   7.49e+01     5.10e+01   20.427s
  20000 +1.28534219e+07 +1.15756747e+07  1.28e+06   7.41e+01     5.07e+01   20.603s
  21000 +1.27678142e+07 +1.15726686e+07  1.20e+06   7.37e+01     5.61e+01   20.778s
  22000 +1.26653088e+07 +1.15707534e+07  1.09e+06   7.38e+01     5.46e+01   20.954s
  23000 +1.25030610e+07 +1.15684730e+07  9.35e+05   7.32e+01     6.40e+01   21.132s
  24000 +1.23912751e+07 +1.15651184e+07  8.26e+05   7.30e+01     6.50e+01   21.309s
  25000 +1.22730883e+07 +1.15646039e+07  7.08e+05   7.26e+01     6.65e+01   21.484s
  26000 +1.22082447e+07 +1.15645608e+07  6.44e+05   7.24e+01     6.96e+01   21.659s
  27000 +1.21236878e+07 +1.15646205e+07  5.59e+05   7.20e+01     6.95e+01   21.836s
  28000 +1.20558560e+07 +1.15643417e+07  4.92e+05   7.16e+01     7.22e+01   22.013s
  29000 +1.20238101e+07 +1.15645032e+07  4.59e+05   7.15e+01     7.25e+01   22.189s
  30000 +1.19944355e+07 +1.15645966e+07  4.30e+05   7.09e+01     7.45e+01   22.365s
  31000 +1.19707575e+07 +1.15646509e+07  4.06e+05   7.08e+01     7.49e+01   22.539s
  32000 +1.19363250e+07 +1.15644896e+07  3.72e+05   7.07e+01     7.59e+01   22.716s
  33000 +1.19337831e+07 +1.15644552e+07  3.69e+05   7.01e+01     7.83e+01   22.893s
  34000 +1.18898071e+07 +1.15643999e+07  3.25e+05   7.01e+01     8.03e+01   23.067s
  35000 +1.18735024e+07 +1.15645194e+07  3.09e+05   6.95e+01     8.08e+01   23.241s
  36000 +1.18825374e+07 +1.15637504e+07  3.19e+05   6.82e+01     2.57e+02   23.417s
  37000 +1.18018810e+07 +1.15635794e+07  2.38e+05   6.75e+01     2.61e+02   23.592s
  38000 +1.17540356e+07 +1.15637677e+07  1.90e+05   6.69e+01     2.67e+02   23.767s
  39000 +1.17199815e+07 +1.15642675e+07  1.56e+05   6.62e+01     2.69e+02   23.942s
  40000 +1.17039987e+07 +1.15646657e+07  1.39e+05   6.52e+01     2.72e+02   24.117s
  41000 +1.16915419e+07 +1.15648206e+07  1.27e+05   6.48e+01     2.73e+02   24.292s
  42000 +1.16920897e+07 +1.15650981e+07  1.27e+05   6.31e+01     2.74e+02   24.468s
  43000 +1.16764268e+07 +1.15654389e+07  1.11e+05   6.18e+01     2.77e+02   24.645s
  44000 +1.16846229e+07 +1.15655240e+07  1.19e+05   6.11e+01     2.79e+02   24.819s
  45000 +1.16811013e+07 +1.15657102e+07  1.15e+05   5.98e+01     2.80e+02   24.996s
  46000 +1.16676199e+07 +1.15659652e+07  1.02e+05   5.93e+01     2.81e+02   25.175s
  47000 +1.16637865e+07 +1.15661812e+07  9.76e+04   5.93e+01     2.81e+02   25.349s
  48000 +1.16609153e+07 +1.15663279e+07  9.46e+04   5.89e+01     2.82e+02   25.526s
  49000 +1.16533885e+07 +1.15664292e+07  8.70e+04   5.82e+01     2.82e+02   25.702s
  50000 +1.16461868e+07 +1.15664910e+07  7.97e+04   5.76e+01     2.81e+02   25.879s
  51000 +1.16479454e+07 +1.15666837e+07  8.13e+04   5.77e+01     2.81e+02   26.057s
  52000 +1.16409899e+07 +1.15668563e+07  7.41e+04   5.71e+01     2.83e+02   26.231s
  53000 +1.16408715e+07 +1.15670498e+07  7.38e+04   5.60e+01     2.81e+02   26.409s
  54000 +1.16433530e+07 +1.15671463e+07  7.62e+04   5.54e+01     2.81e+02   26.586s
  55000 +1.16389470e+07 +1.15672855e+07  7.17e+04   5.52e+01     2.81e+02   26.762s
  56000 +1.16470198e+07 +1.15671312e+07  7.99e+04   5.43e+01     2.45e+03   26.938s
  57000 +1.16335077e+07 +1.15673972e+07  6.61e+04   5.12e+01     2.41e+03   27.112s
  58000 +1.16260939e+07 +1.15684410e+07  5.77e+04   4.84e+01     2.36e+03   27.286s
  59000 +1.16217267e+07 +1.15691901e+07  5.25e+04   4.47e+01     2.30e+03   27.460s
  60000 +1.16239459e+07 +1.15696086e+07  5.43e+04   3.93e+01     2.23e+03   27.634s
  61000 +1.16257559e+07 +1.15699762e+07  5.58e+04   3.65e+01     2.19e+03   27.810s
  62000 +1.16217806e+07 +1.15703422e+07  5.14e+04   3.47e+01     2.17e+03   27.985s
  63000 +1.16257741e+07 +1.15707438e+07  5.50e+04   3.18e+01     2.11e+03   28.160s
  64000 +1.16257266e+07 +1.15712556e+07  5.45e+04   2.88e+01     2.07e+03   28.335s
  65000 +1.16213477e+07 +1.15715907e+07  4.98e+04   2.85e+01     2.06e+03   28.509s
  66000 +1.16250605e+07 +1.15722499e+07  5.28e+04   2.49e+01     2.01e+03   28.683s
  67000 +1.16264631e+07 +1.15724751e+07  5.40e+04   2.42e+01     1.99e+03   28.857s
  68000 +1.16216195e+07 +1.15729585e+07  4.87e+04   2.32e+01     1.96e+03   29.032s
  69000 +1.16229996e+07 +1.15732762e+07  4.97e+04   2.27e+01     1.92e+03   29.207s
  70000 +1.16255314e+07 +1.15738274e+07  5.17e+04   2.17e+01     1.90e+03   29.381s
  71000 +1.16263534e+07 +1.15742929e+07  5.21e+04   2.15e+01     1.89e+03   29.557s
  72000 +1.16267369e+07 +1.15745291e+07  5.22e+04   2.12e+01     1.87e+03   29.733s
  73000 +1.16247059e+07 +1.15750110e+07  4.97e+04   2.08e+01     1.85e+03   29.908s
  74000 +1.16251784e+07 +1.15753344e+07  4.98e+04   2.02e+01     1.83e+03   30.084s
  75000 +1.16260802e+07 +1.15755128e+07  5.06e+04   1.96e+01     1.82e+03   30.261s
  76000 +1.16258818e+07 +1.15757071e+07  5.02e+04   1.93e+01     1.80e+03   30.436s
  77000 +1.16266690e+07 +1.15760073e+07  5.07e+04   1.90e+01     1.78e+03   30.610s
  78000 +1.16242737e+07 +1.15762392e+07  4.80e+04   1.85e+01     1.75e+03   30.785s
  79000 +1.16234348e+07 +1.15765549e+07  4.69e+04   1.81e+01     1.75e+03   30.959s
  80000 +1.16307799e+07 +1.15757979e+07  5.50e+04   1.75e+01     1.46e+04   31.137s
  81000 +1.16246974e+07 +1.15772037e+07  4.75e+04   1.48e+01     1.31e+04   31.313s
  82000 +1.16223522e+07 +1.15785506e+07  4.38e+04   1.26e+01     1.21e+04   31.489s
  83000 +1.16233235e+07 +1.15796615e+07  4.37e+04   1.11e+01     1.13e+04   31.663s
  84000 +1.16211266e+07 +1.15819111e+07  3.92e+04   1.05e+01     1.07e+04   31.837s
  85000 +1.16213846e+07 +1.15823032e+07  3.91e+04   9.63e+00     1.01e+04   32.013s
  86000 +1.16199721e+07 +1.15839547e+07  3.60e+04   8.95e+00     9.43e+03   32.187s
  87000 +1.16195192e+07 +1.15859573e+07  3.36e+04   8.40e+00     9.12e+03   32.362s
  88000 +1.16187110e+07 +1.15859486e+07  3.28e+04   7.74e+00     8.85e+03   32.536s
  89000 +1.16193429e+07 +1.15876699e+07  3.17e+04   6.85e+00     8.25e+03   32.712s
  90000 +1.16189738e+07 +1.15874633e+07  3.15e+04   6.15e+00     7.64e+03   32.886s
  91000 +1.16185330e+07 +1.15888320e+07  2.97e+04   5.49e+00     7.22e+03   33.061s
  92000 +1.16166187e+07 +1.15898340e+07  2.68e+04   4.67e+00     6.89e+03   33.235s
  93000 +1.16177328e+07 +1.15902563e+07  2.75e+04   4.43e+00     6.41e+03   33.410s
  94000 +1.16147583e+07 +1.15908597e+07  2.39e+04   4.04e+00     5.86e+03   33.584s
  95000 +1.16153903e+07 +1.15909601e+07  2.44e+04   3.58e+00     5.55e+03   33.759s
  96000 +1.16141795e+07 +1.15916741e+07  2.25e+04   3.75e+00     5.30e+03   33.933s
  97000 +1.16141586e+07 +1.15923992e+07  2.18e+04   3.39e+00     5.12e+03   34.107s
  98000 +1.16125505e+07 +1.15930471e+07  1.95e+04   3.17e+00     4.83e+03   34.282s
  99000 +1.16125835e+07 +1.15928808e+07  1.97e+04   3.20e+00     4.66e+03   34.456s
 100000 +1.16126851e+07 +1.15936516e+07  1.90e+04   2.89e+00     4.58e+03   34.630s
 101000 +1.16130506e+07 +1.15933175e+07  1.97e+04   2.78e+00     4.44e+03   34.805s
 102000 +1.16114575e+07 +1.15938989e+07  1.76e+04   2.65e+00     4.27e+03   34.979s
 103000 +1.16158239e+07 +1.15778463e+07  3.80e+04   2.24e+00     4.64e+04   35.155s
 104000 +1.16066086e+07 +1.15861305e+07  2.05e+04   1.54e+00     3.05e+04   35.329s
 105000 +1.16068519e+07 +1.15894097e+07  1.74e+04   1.16e+00     2.69e+04   35.503s
 106000 +1.16055246e+07 +1.15919422e+07  1.36e+04   8.24e-01     2.41e+04   35.679s
 107000 +1.16051571e+07 +1.15939923e+07  1.12e+04   6.31e-01     2.03e+04   35.853s
 108000 +1.16041043e+07 +1.15958039e+07  8.30e+03   4.99e-01     1.89e+04   36.027s
 109000 +1.16042260e+07 +1.15964571e+07  7.77e+03   3.77e-01     1.67e+04   36.202s
 110000 +1.16036552e+07 +1.15979852e+07  5.67e+03   3.83e-01     1.46e+04   36.377s
 111000 +1.16033807e+07 +1.15990802e+07  4.30e+03   3.47e-01     1.30e+04   36.552s
 112000 +1.16033960e+07 +1.15993671e+07  4.03e+03   3.59e-01     1.12e+04   36.726s
 113000 +1.16033179e+07 +1.15994563e+07  3.86e+03   3.24e-01     1.10e+04   36.901s
 114000 +1.16043762e+07 +1.15975233e+07  6.85e+03   3.03e-01     3.46e+04   37.077s
 115000 +1.16017428e+07 +1.15983295e+07  3.41e+03   3.16e-01     1.46e+04   37.251s
 116000 +1.16016217e+07 +1.16012756e+07  3.46e+02   3.05e-01     9.81e+03   37.425s
 117000 +1.16014457e+07 +1.16012088e+07  2.37e+02   2.69e-01     8.87e+03   37.599s
 118000 +1.16014204e+07 +1.16021702e+07  7.50e+02   2.58e-01     6.99e+03   37.774s
 119000 +1.16014312e+07 +1.16025937e+07  1.16e+03   2.52e-01     6.17e+03   37.948s
 120000 +1.16014534e+07 +1.16025379e+07  1.08e+03   2.37e-01     5.64e+03   38.122s
 121000 +1.16013691e+07 +1.16020472e+07  6.78e+02   2.28e-01     5.81e+03   38.299s
 122000 +1.16013164e+07 +1.16032044e+07  1.89e+03   2.18e-01     3.98e+03   38.473s
 123000 +1.16013409e+07 +1.16034032e+07  2.06e+03   1.97e-01     3.64e+03   38.646s
 124000 +1.16013185e+07 +1.16025166e+07  1.20e+03   1.68e-01     2.05e+03   38.820s
 125000 +1.16013382e+07 +1.16027817e+07  1.44e+03   1.40e-01     1.70e+03   38.994s
 126000 +1.16013243e+07 +1.16026147e+07  1.29e+03   1.18e-01     1.12e+03   39.170s
 127000 +1.16013432e+07 +1.16027779e+07  1.43e+03   1.01e-01     7.94e+02   39.344s
 128000 +1.16013533e+07 +1.16026633e+07  1.31e+03   8.71e-02     5.49e+02   39.518s
 129000 +1.16013536e+07 +1.16026482e+07  1.29e+03   7.62e-02     3.46e+02   39.694s
 130000 +1.16013574e+07 +1.16026973e+07  1.34e+03   6.52e-02     2.69e+02   39.868s
 131000 +1.16013584e+07 +1.16027178e+07  1.36e+03   5.35e-02     2.20e+02   40.042s
 132000 +1.16013593e+07 +1.16027334e+07  1.37e+03   4.15e-02     1.68e+02   40.216s
 133000 +1.16013581e+07 +1.16027566e+07  1.40e+03   2.95e-02     1.27e+02   40.390s
 134000 +1.16013612e+07 +1.16027516e+07  1.39e+03   1.73e-02     7.89e+01   40.564s
 135000 +1.16013607e+07 +1.16026624e+07  1.30e+03   5.85e-03     4.24e+01   40.738s
 136000 +1.16013627e+07 +1.16026248e+07  1.26e+03   3.38e-03     3.52e+01   40.912s
 137000 +1.16013736e+07 +1.16024457e+07  1.07e+03   3.40e-02     8.10e+01   41.087s
 138000 +1.16013437e+07 +1.16022904e+07  9.47e+02   5.02e-02     1.31e+02   41.261s
 139000 +1.16013432e+07 +1.16023286e+07  9.85e+02   5.93e-02     1.40e+02   41.435s
 140000 +1.16013376e+07 +1.16021786e+07  8.41e+02   4.71e-02     1.08e+02   41.610s
 141000 +1.16013332e+07 +1.16021253e+07  7.92e+02   3.33e-02     6.73e+01   41.784s
 142000 +1.16013216e+07 +1.16021685e+07  8.47e+02   2.61e-02     6.69e+01   41.958s
 143000 +1.16010442e+07 +1.16020993e+07  1.06e+03   2.25e-01     1.51e+02   42.134s
 144000 +1.16008212e+07 +1.16020817e+07  1.26e+03   4.09e-01     2.44e+02   42.308s
 145000 +1.16009172e+07 +1.16020408e+07  1.12e+03   5.10e-01     2.28e+02   42.481s
 146000 +1.16008075e+07 +1.16018958e+07  1.09e+03   4.97e-01     2.36e+02   42.655s
 147000 +1.16008893e+07 +1.16016774e+07  7.88e+02   4.70e-01     2.18e+02   42.828s
 148000 +1.16009607e+07 +1.16014789e+07  5.18e+02   4.13e-01     1.74e+02   43.001s
 149000 +1.16009841e+07 +1.16013384e+07  3.54e+02   3.27e-01     1.41e+02   43.176s
 150000 +1.16010785e+07 +1.16012031e+07  1.25e+02   2.64e-01     1.27e+02   43.350s
 151000 +1.16011567e+07 +1.16013593e+07  2.03e+02   2.27e-01     8.91e+01   43.524s
 152000 +1.16010959e+07 +1.16013663e+07  2.70e+02   2.12e-01     9.36e+01   43.697s
 153000 +1.16012153e+07 +1.16013432e+07  1.28e+02   1.77e-01     9.59e+01   43.871s
 154000 +1.16011886e+07 +1.16013127e+07  1.24e+02   1.93e-01     9.55e+01   44.045s
 154800 +1.16012140e+07 +1.16012014e+07  1.26e+01   1.96e-01     8.61e+01   44.184s
LP Solver status:                Optimal
Primal objective:                +1.16012140e+07
Dual objective:                  +1.16012014e+07
Duality gap (abs/rel):           +1.26e+01 / +5.43e-07
Primal infeasibility (abs/rel):  +1.96e-01 / +6.02e-07
Dual infeasibility (abs/rel):    +8.61e+01 / +5.15e-08
Distributed PDLP finished
Status: Optimal   Objective: 1.16012140e+07  Iterations: 154800  Time: 46.530s

### exit_code=0
### finished=2026-07-23T14:06:48.080677
### gpu_peak_mb=6234.4
### gpu_peak2_mb=5498.4
### per_gpu_peak_mb=[6234.375, 5498.375, 5466.375, 5434.375, 5466.375, 5466.375, 5466.375, 5466.375]
