### solver=cuopt-distributed
### instance=/home/scratch.vmostovoi_gpu/datasets/mittleman_mps/Dual2_5000.mps
### n_gpus=8
### CUDA_VISIBLE_DEVICES=0,1,2,3,4,5,6,7
### started=2026-07-23T14:04:53.704670
### argv=/home/scratch.vmostovoi_gpu/mostovoi_cuopt/cpp/build/cuopt_cli --use-distributed-pdlp true --method 1 --mps-reader experimental-fast --time-limit 3600 --iteration-limit 1000000000 --relative-primal-tolerance 1e-6 --relative-dual-tolerance 1e-6 --relative-gap-tolerance 1e-6 --log-to-console true /home/scratch.vmostovoi_gpu/datasets/mittleman_mps/Dual2_5000.mps
### --- solver output ---
Setting parameter iteration_limit to 1000000000
Setting parameter log_to_console to true
Setting parameter method to 1
Setting parameter relative_dual_tolerance to 1.000000e-06
Setting parameter relative_gap_tolerance to 1.000000e-06
Setting parameter relative_primal_tolerance to 1.000000e-06
Setting parameter time_limit to 3.600000e+03
Setting parameter use_distributed_pdlp to true
Reading file Dual2_5000.mps
Using experimental fast MPS parser for '/home/scratch.vmostovoi_gpu/datasets/mittleman_mps/Dual2_5000.mps'
Read file Dual2_5000.mps in 12.30 seconds
cuOpt version: 26.8.0, git hash: 7116ead1, host arch: x86_64, device archs: 100a-real
CPU: INTEL(R) XEON(R) PLATINUM 8570, threads (physical/logical): 112/224, RAM: 1803.18 GiB
CUDA 13.3, device: NVIDIA B200 (ID 0), VRAM: 178.34 GiB
CUDA device UUID: 1101c152-91de-d40c-4303-b5ce8c0f2273
CUDA 13.3, device: NVIDIA B200 (ID 1), VRAM: 178.34 GiB
CUDA device UUID: 49be7011-908d-9c3a-b85d-1e9d54a2cf8e
CUDA 13.3, device: NVIDIA B200 (ID 2), VRAM: 178.34 GiB
CUDA device UUID: c614d33b-3b33-0212-03db-a5a3d4d53c09
CUDA 13.3, device: NVIDIA B200 (ID 3), VRAM: 178.34 GiB
CUDA device UUID: f0efe03d-7a32-7393-9416-2efd0f75b715
CUDA 13.3, device: NVIDIA B200 (ID 4), VRAM: 178.34 GiB
CUDA device UUID: f4d480a1-39f3-40e0-6e96-bb5c4d165711
CUDA 13.3, device: NVIDIA B200 (ID 5), VRAM: 178.34 GiB
CUDA device UUID: 95da5925-7088-4fc6-b10d-a260ca702b29
CUDA 13.3, device: NVIDIA B200 (ID 6), VRAM: 178.34 GiB
CUDA device UUID: 68992ffe-0591-7d4f-b826-1cb98b6bde20
CUDA 13.3, device: NVIDIA B200 (ID 7), VRAM: 178.34 GiB
CUDA device UUID: 5656cf7f-5639-9407-be3e-a913830b7634
Solving a problem with 30000600 constraints, 33050602 variables (0 integers), and 93001800 nonzeros
Using PSLP presolver
PSLP Presolved problem: 30000600 constraints, 33050002 variables, 93001200 non-zeros
PSLP presolve time: 9.46s
Solving with distributed PDLP on 8 GPUs.
NCCL version 2.30.7+cuda13.3
      0 +0.00000000e+00 +0.00000000e+00  0.00e+00   3.75e+02     1.80e+06   21.292s
   1000 -1.19209824e+04 -1.14515429e+04  4.69e+02   1.39e+01     1.07e+02   21.849s
   2000 -9.99038420e+03 -1.00384635e+04  4.81e+01   4.23e+00     1.27e+02   22.293s
   3000 -8.99468348e+03 -9.34812903e+03  3.53e+02   7.02e-01     8.00e+01   22.738s
   4000 -8.96332838e+03 -9.05024029e+03  8.69e+01   1.56e-01     6.87e+00   23.183s
   5000 -9.01906929e+03 -9.01510421e+03  3.97e+00   2.29e-03     1.17e+00   23.627s
   6000 -9.01810165e+03 -9.01898045e+03  8.79e-01   4.20e-04     1.56e-01   24.073s
   7000 -9.01824985e+03 -9.01756243e+03  6.87e-01   4.61e-07     1.45e-01   24.518s
   7500 -9.01825100e+03 -9.01823575e+03  1.52e-02   2.77e-06     3.04e-03   24.742s
LP Solver status:                Optimal
Primal objective:                -9.01825100e+03
Dual objective:                  -9.01823575e+03
Duality gap (abs/rel):           +1.52e-02 / +8.45e-07
Primal infeasibility (abs/rel):  +2.77e-06 / +7.37e-09
Dual infeasibility (abs/rel):    +3.04e-03 / +1.69e-09
Distributed PDLP finished
Status: Optimal   Objective: -9.01825100e+03  Iterations: 7500  Time: 27.378s

### exit_code=0
### finished=2026-07-23T14:05:44.343450
### gpu_peak_mb=9274.4
### gpu_peak2_mb=8154.4
### per_gpu_peak_mb=[9274.375, 7482.375, 7962.375, 8154.375, 7898.375, 7898.375, 7578.375, 8026.375]
