### solver=cuopt-distributed
### instance=/home/scratch.cmaes_sw/hans_lps/fhnw-binschedule1.mps
### n_gpus=8
### CUDA_VISIBLE_DEVICES=0,1,2,3,4,5,6,7
### started=2026-08-10T12:12:25.229314
### argv=/home/scratch.vmostovoi_gpu/mostovoi_cuopt/cpp/build/cuopt_cli --method 1 --mps-reader experimental-fast --time-limit 3600 --iteration-limit 1000000000 --relative-primal-tolerance 1e-6 --relative-dual-tolerance 1e-6 --relative-gap-tolerance 1e-6 --log-to-console true --num-gpus 8 /home/scratch.cmaes_sw/hans_lps/fhnw-binschedule1.mps
### --- solver output ---
Setting parameter iteration_limit to 1000000000
Setting parameter log_to_console to true
Setting parameter method to 1
Setting parameter num_gpus to 8
Setting parameter relative_dual_tolerance to 1.000000e-06
Setting parameter relative_gap_tolerance to 1.000000e-06
Setting parameter relative_primal_tolerance to 1.000000e-06
Setting parameter time_limit to 3.600000e+03
Reading file fhnw-binschedule1.mps
Using experimental fast MPS parser for '/home/scratch.cmaes_sw/hans_lps/fhnw-binschedule1.mps'
Read file fhnw-binschedule1.mps in 0.76 seconds
cuOpt version: 26.10.0, git hash: f3ebc673, host arch: x86_64, device archs: 100a-real
CPU: INTEL(R) XEON(R) PLATINUM 8570, threads (physical/logical): 112/224, RAM (available/total): 1962.54 / 2015.54 GiB
CUDA 13.3, device: NVIDIA B200 (ID 0), VRAM: 178.34 GiB
CUDA device UUID: 48ab7b4d-7b0a-65b7-4538-4e37338d2330
CUDA 13.3, device: NVIDIA B200 (ID 1), VRAM: 178.34 GiB
CUDA device UUID: 5dd43d25-54eb-687e-91f8-d4c917f40a3c
CUDA 13.3, device: NVIDIA B200 (ID 2), VRAM: 178.34 GiB
CUDA device UUID: a40e62a0-1502-ea41-88b7-8ebfb62f67b6
CUDA 13.3, device: NVIDIA B200 (ID 3), VRAM: 178.34 GiB
CUDA device UUID: 69c2235c-eda1-228c-f9ee-e444f16a4e31
CUDA 13.3, device: NVIDIA B200 (ID 4), VRAM: 178.34 GiB
CUDA device UUID: 92e986d5-fb1f-ac84-bd70-b03e127c762a
CUDA 13.3, device: NVIDIA B200 (ID 5), VRAM: 178.34 GiB
CUDA device UUID: fb4dfdcf-c8fe-1714-a140-0823be2fde13
CUDA 13.3, device: NVIDIA B200 (ID 6), VRAM: 178.34 GiB
CUDA device UUID: 3519c8dd-244c-a241-e2ee-ef61e97ec465
CUDA 13.3, device: NVIDIA B200 (ID 7), VRAM: 178.34 GiB
CUDA device UUID: b80ee313-5762-b760-dd9a-a5669634bef9
Solving a problem with 772872 constraints, 1141653 variables (0 integers), and 8611326 nonzeros
Using PSLP presolver
PSLP Presolved problem: 769966 constraints, 1140237 variables, 8603480 non-zeros
PSLP presolve time: 0.82s
Solving with distributed PDLP on 8 GPUs.
NCCL version 2.30.7+cuda13.3
      0 +0.00000000e+00 +0.00000000e+00  0.00e+00   4.64e+01     1.00e+00   5.223s
   1000 +1.79374621e+03 +2.77103049e+05  2.75e+05   3.05e+04     9.03e+01   5.593s
   2000 +1.37567577e+04 +3.20077560e+05  3.06e+05   1.55e+04     1.76e+02   5.795s
   3000 +1.91298522e+04 +5.64338333e+05  5.45e+05   1.13e+04     1.20e+02   5.998s
   4000 +2.69693007e+04 +7.02817398e+05  6.76e+05   5.07e+03     5.45e+01   6.199s
   5000 +3.56281260e+04 +6.93566586e+05  6.58e+05   1.02e+00     2.78e+01   6.399s
   6000 +5.01719694e+04 +5.58141866e+05  5.08e+05   7.72e+00     2.48e+01   6.600s
   7000 +8.88790514e+04 +4.44566037e+05  3.56e+05   2.58e+01     6.22e+01   6.800s
   8000 +1.07418396e+05 +2.44721119e+05  1.37e+05   3.47e+01     8.07e+01   7.001s
   9000 +1.01453461e+05 +4.63323085e+04  5.51e+04   3.19e+01     7.38e+01   7.201s
  10000 +9.59346813e+04 -1.57780117e+02  9.61e+04   1.24e-02     1.00e+00   7.406s
  11000 +9.22051616e+04 -1.57748075e+02  9.24e+04   1.35e-02     1.00e+00   7.605s
  12000 +8.84756418e+04 -1.57715950e+02  8.86e+04   1.38e-02     1.00e+00   7.804s
  13000 +8.47461221e+04 -1.57683059e+02  8.49e+04   1.38e-02     1.00e+00   8.003s
  14000 +8.10166023e+04 -1.57650546e+02  8.12e+04   1.39e-02     1.00e+00   8.201s
  15000 +7.72870826e+04 -1.57617744e+02  7.74e+04   1.39e-02     1.00e+00   8.400s
  16000 +0.00000000e+00 +3.62185341e+02  3.62e+02   3.00e+04     1.33e-01   8.604s
  17000 +0.00000000e+00 +2.13487694e+03  2.13e+03   3.00e+04     1.33e-01   8.802s
  18000 +0.00000000e+00 +3.90767268e+03  3.91e+03   3.00e+04     1.33e-01   9.001s
  19000 +0.00000000e+00 +5.68043845e+03  5.68e+03   3.00e+04     1.33e-01   9.199s
  20000 +0.00000000e+00 +7.45327289e+03  7.45e+03   3.00e+04     1.33e-01   9.397s
  21000 +0.00000000e+00 +9.22605957e+03  9.23e+03   3.00e+04     1.33e-01   9.596s
  22000 +8.32046046e+03 +1.04775477e+04  2.16e+03   2.18e+04     1.74e-01   9.795s
  23000 +9.08609630e+03 +1.50070899e+04  5.92e+03   2.12e+04     3.90e+00   9.996s
  24000 +8.99251363e+03 +2.04181195e+04  1.14e+04   2.12e+04     3.84e+00   10.195s
  25000 +8.96543424e+03 +2.59023697e+04  1.69e+04   2.13e+04     3.82e+00   10.393s
  26000 +8.95234325e+03 +3.14019772e+04  2.24e+04   2.13e+04     3.81e+00   10.592s
  27000 +1.08084668e+04 +3.78415478e+04  2.70e+04   1.97e+04     3.33e+00   10.790s
  28000 +1.92971403e+04 +4.19901835e+04  2.27e+04   1.23e+04     2.14e+00   10.988s
  29000 +2.88125562e+04 +4.12432001e+04  1.24e+04   3.99e+03     1.01e+00   11.186s
  30000 +3.39433830e+04 +3.71234859e+04  3.18e+03   5.03e-01     5.57e-01   11.384s
  31000 +3.49383093e+04 +3.55538683e+04  6.16e+02   6.91e-01     4.28e-01   11.584s
  32000 +3.53729629e+04 +3.43337040e+04  1.04e+03   8.98e-01     5.36e-01   11.783s
  33000 +3.52021941e+04 +3.31195653e+04  2.08e+03   8.24e-01     4.82e-01   11.981s
  34000 +3.46001513e+04 +3.23761006e+04  2.22e+03   5.43e-01     3.23e-01   12.181s
  35000 +3.39146585e+04 +3.22839341e+04  1.63e+03   2.25e-01     1.44e-01   12.380s
  36000 +3.34675815e+04 +3.26810400e+04  7.87e+02   3.39e-02     2.85e-02   12.578s
  37000 +3.34076027e+04 +3.26236416e+04  7.84e+02   1.55e-02     2.88e-02   12.778s
  38000 +3.33538116e+04 +3.27306626e+04  6.23e+02   4.09e+01     4.15e-02   12.976s
  39000 +3.33259393e+04 +3.29421729e+04  3.84e+02   6.50e+01     6.41e-02   13.175s
  40000 +3.33297512e+04 +3.31562160e+04  1.74e+02   6.17e+01     5.79e-02   13.374s
  41000 +3.33554254e+04 +3.32855089e+04  6.99e+01   3.94e+01     3.49e-02   13.573s
  42000 +3.33846240e+04 +3.33003816e+04  8.42e+01   1.39e+01     1.01e-02   13.771s
  43000 +3.33948434e+04 +3.32963928e+04  9.85e+01   5.03e+00     1.54e-02   13.971s
  44000 +3.33981447e+04 +3.33093046e+04  8.88e+01   2.16e+00     1.96e-02   14.169s
  45000 +3.34013911e+04 +3.33028081e+04  9.86e+01   1.42e-02     2.44e-02   14.368s
  46000 +3.34033487e+04 +3.32826105e+04  1.21e+02   1.45e-02     2.76e-02   14.567s
  47000 +3.34035452e+04 +3.32599509e+04  1.44e+02   1.45e-02     2.80e-02   14.765s
  48000 +3.34024234e+04 +3.32452015e+04  1.57e+02   1.44e-02     2.60e-02   14.963s
  49000 +3.34009764e+04 +3.32425858e+04  1.58e+02   1.41e-02     2.37e-02   15.161s
  50000 +3.34001210e+04 +3.32489734e+04  1.51e+02   4.39e-01     2.23e-02   15.360s
  51000 +3.34002036e+04 +3.32570243e+04  1.43e+02   3.67e-01     2.25e-02   15.559s
  52000 +3.34009146e+04 +3.32602888e+04  1.41e+02   1.41e-02     2.36e-02   15.757s
  53000 +3.34016091e+04 +3.32569375e+04  1.45e+02   1.42e-02     2.47e-02   15.955s
  54000 +3.34017816e+04 +3.32500201e+04  1.52e+02   1.42e-02     2.50e-02   16.154s
  55000 +3.34013733e+04 +3.32445766e+04  1.57e+02   1.42e-02     2.43e-02   16.353s
  56000 +3.34007390e+04 +3.32439032e+04  1.57e+02   1.41e-02     2.33e-02   16.552s
  57000 +3.34003423e+04 +3.32475429e+04  1.53e+02   2.47e-01     2.27e-02   16.750s
  58000 +3.34004189e+04 +3.32521103e+04  1.48e+02   1.81e-01     2.28e-02   16.948s
  59000 +3.34008407e+04 +3.32540292e+04  1.47e+02   1.41e-02     2.35e-02   17.146s
  60000 +3.34012506e+04 +3.32520725e+04  1.49e+02   1.41e-02     2.41e-02   17.344s
  61000 +3.34013417e+04 +3.32479589e+04  1.53e+02   1.42e-02     2.43e-02   17.543s
  62000 +3.34010713e+04 +3.32447981e+04  1.56e+02   1.41e-02     2.38e-02   17.741s
  63000 +3.34006641e+04 +3.32447097e+04  1.56e+02   1.40e-02     2.32e-02   17.939s
  64000 +3.34004233e+04 +3.32473876e+04  1.53e+02   1.77e-01     2.28e-02   18.138s
  65000 +3.34005034e+04 +3.32505473e+04  1.50e+02   1.07e-01     2.29e-02   18.337s
  66000 +3.34008110e+04 +3.32517639e+04  1.49e+02   1.41e-02     2.34e-02   18.535s
  67000 +3.34009318e+04 +3.32250639e+04  1.76e+02   1.41e-02     8.36e-01   18.736s
  68000 +3.34008533e+04 +3.31904941e+04  2.10e+02   1.41e-02     8.32e-01   18.934s
  69000 +3.34007333e+04 +3.31786251e+04  2.22e+02   1.41e-02     8.25e-01   19.133s
  70000 +3.34006244e+04 +3.31912754e+04  2.09e+02   1.41e-02     8.19e-01   19.331s
  71000 +3.34005673e+04 +3.32187246e+04  1.82e+02   5.27e-02     8.16e-01   19.530s
  72000 +3.34005706e+04 +3.32460342e+04  1.55e+02   5.00e-02     8.16e-01   19.728s
  73000 +3.34006115e+04 +3.32615988e+04  1.39e+02   1.87e-02     8.18e-01   19.927s
  74000 +3.34006534e+04 +3.32627863e+04  1.38e+02   1.40e-02     8.21e-01   20.125s
  75000 +3.34006685e+04 +3.32556856e+04  1.45e+02   1.40e-02     8.21e-01   20.323s
  76000 +3.34006526e+04 +3.32498209e+04  1.51e+02   1.40e-02     8.20e-01   20.522s
  77000 +3.34006224e+04 +3.32516772e+04  1.49e+02   1.43e-02     8.19e-01   20.720s
  78000 +3.34006012e+04 +3.32611826e+04  1.39e+02   2.56e-02     8.18e-01   20.919s
  79000 +3.34006021e+04 +3.32729404e+04  1.28e+02   2.49e-02     8.18e-01   21.117s
  80000 +3.34006210e+04 +3.32807471e+04  1.20e+02   1.46e-02     8.19e-01   21.316s
  81000 +3.34006418e+04 +3.32819780e+04  1.19e+02   1.40e-02     8.20e-01   21.515s
  82000 +3.34006494e+04 +3.32789260e+04  1.22e+02   1.40e-02     8.20e-01   21.713s
  83000 +3.34006398e+04 +3.32765735e+04  1.24e+02   1.40e-02     8.20e-01   21.911s
  84000 +3.34006220e+04 +3.32787601e+04  1.22e+02   1.44e-02     8.19e-01   22.110s
  85000 +3.34006097e+04 +3.32855944e+04  1.15e+02   1.98e-02     8.18e-01   22.309s
  86000 +3.34006112e+04 +3.32937891e+04  1.07e+02   1.89e-02     8.18e-01   22.507s
  87000 +3.34006241e+04 +3.32993794e+04  1.01e+02   1.41e-02     8.19e-01   22.706s
  88000 +3.34006377e+04 +3.33006571e+04  1.00e+02   1.40e-02     8.20e-01   22.904s
  89000 +3.34006420e+04 +3.32992000e+04  1.01e+02   1.40e-02     8.20e-01   23.103s
  90000 +3.34006346e+04 +3.32984320e+04  1.02e+02   1.40e-02     8.19e-01   23.301s
  91000 +3.34006218e+04 +3.33009664e+04  9.97e+01   1.44e-02     8.19e-01   23.500s
  92000 +3.34006136e+04 +3.33067607e+04  9.39e+01   1.75e-02     8.18e-01   23.698s
  93000 +3.34006156e+04 +3.33133598e+04  8.73e+01   1.66e-02     8.18e-01   23.896s
  94000 +3.34006256e+04 +3.33178878e+04  8.27e+01   1.40e-02     8.19e-01   24.095s
  95000 +3.34006355e+04 +3.33192018e+04  8.14e+01   1.40e-02     8.20e-01   24.294s
  96000 +3.34006380e+04 +3.33186149e+04  8.20e+01   1.40e-02     8.20e-01   24.493s
  97000 +3.34006317e+04 +3.33187567e+04  8.19e+01   1.40e-02     8.19e-01   24.691s
  98000 +3.34006218e+04 +3.33215361e+04  7.91e+01   1.44e-02     8.19e-01   24.890s
  99000 +3.34006160e+04 +3.33267699e+04  7.38e+01   1.64e-02     8.18e-01   25.087s
 100000 +3.34006183e+04 +3.33324493e+04  6.82e+01   1.55e-02     8.19e-01   25.285s
 101000 +3.34006265e+04 +3.33363472e+04  6.43e+01   1.40e-02     8.19e-01   25.482s
 102000 +3.34006341e+04 +3.33376930e+04  6.29e+01   1.40e-02     8.19e-01   25.680s
 103000 +3.34006355e+04 +3.33376657e+04  6.30e+01   1.40e-02     8.20e-01   25.877s
 104000 +3.34006246e+04 -3.90956246e+01  3.34e+04   6.73e-04     7.86e+01   26.076s
 105000 +1.17710480e+04 +4.02418869e+03  7.75e+03   1.71e+04     3.12e+00   26.275s
 106000 +9.97547925e+03 +1.51304351e+04  5.15e+03   1.85e+04     4.70e+00   26.473s
 107000 +8.85132222e+03 +2.20829404e+04  1.32e+04   1.94e+04     3.22e+00   26.672s
 108000 +9.94499070e+03 +6.87697911e+04  5.88e+04   1.85e+04     3.09e+01   26.871s
 109000 +1.61318249e+04 +1.16427882e+05  1.00e+05   1.36e+04     2.28e+01   27.069s
 110000 +2.50457181e+04 +1.34491880e+05  1.09e+05   6.59e+03     1.17e+01   27.266s
 111000 +3.30972260e+04 +1.21485385e+05  8.84e+04   2.28e+02     3.89e+00   27.464s
 112000 +3.75027015e+04 +8.82544595e+04  5.08e+04   1.91e+00     5.69e+00   27.661s
 113000 +3.74315746e+04 +5.36871678e+04  1.63e+04   1.87e+00     5.30e+00   27.858s
 114000 +4.07802823e+04 +4.54441503e+04  4.66e+03   3.43e+00     1.95e+00   28.058s
 115000 +4.32610044e+04 +3.95100284e+04  3.75e+03   4.60e+00     2.55e+00   28.255s
 116000 +4.26439835e+04 +3.33902240e+04  9.25e+03   4.32e+00     2.38e+00   28.453s
 117000 +3.97208860e+04 +2.94699127e+04  1.03e+04   2.95e+00     1.64e+00   28.650s
 118000 +3.62332384e+04 +2.87718334e+04  7.46e+03   1.32e+00     7.57e-01   28.847s
 119000 +3.38616957e+04 +3.05966772e+04  3.27e+03   2.03e-01     1.72e-01   29.045s
 120000 +3.35917614e+04 +2.98586239e+04  3.73e+03   8.09e-02     2.52e-01   29.244s
 121000 +3.33091164e+04 +3.01136060e+04  3.20e+03   7.99e+01     1.44e-01   29.441s
 122000 +3.31228852e+04 +3.11443599e+04  1.98e+03   2.42e+02     3.20e-01   29.639s
 123000 +3.30863913e+04 +3.24030219e+04  6.83e+02   2.73e+02     3.49e-01   29.836s
 124000 +3.31752949e+04 +3.33205169e+04  1.45e+02   1.96e+02     2.51e-01   30.034s
 125000 +3.32882638e+04 +3.36521882e+04  3.64e+02   9.78e+01     1.11e-01   30.233s
 126000 +3.33260640e+04 +3.38599818e+04  5.34e+02   6.49e+01     7.04e-02   30.431s
 127000 +3.33768033e+04 +3.39137534e+04  5.37e+02   2.07e+01     2.27e-02   30.628s
 128000 +3.34193982e+04 +3.38138292e+04  3.94e+02   1.80e-02     3.44e-02   30.826s
 129000 +3.34389651e+04 +3.36309610e+04  1.92e+02   2.33e-02     5.29e-02   31.023s
 130000 +3.34337828e+04 +3.34629785e+04  2.92e+01   2.18e-02     4.70e-02   31.221s
 131000 +3.34144065e+04 +3.33805555e+04  3.39e+01   1.68e-02     2.66e-02   31.419s
 132000 +3.34054573e+04 +3.33710016e+04  3.45e+01   1.49e-02     1.22e-02   31.618s
 133000 +3.34034085e+04 +3.33657684e+04  3.76e+01   1.45e-02     1.08e-02   31.816s
 134000 +3.34010777e+04 +3.33657615e+04  3.53e+01   1.41e-02     9.33e-03   32.013s
 135000 +3.33994035e+04 +3.33701349e+04  2.93e+01   1.06e+00     8.30e-03   32.211s
 136000 +3.33988946e+04 +3.33761406e+04  2.28e+01   1.51e+00     7.99e-03   32.408s
 137000 +3.33994185e+04 +3.33807576e+04  1.87e+01   1.05e+00     8.30e-03   32.605s
 138000 +3.34003649e+04 +3.33823068e+04  1.81e+01   2.27e-01     8.88e-03   32.803s
 139000 +3.34010545e+04 +3.33811188e+04  1.99e+01   1.41e-02     9.31e-03   33.000s
 140000 +3.34011293e+04 +3.33789671e+04  2.22e+01   1.41e-02     9.35e-03   33.198s
 141000 +3.34006951e+04 +3.33777493e+04  2.29e+01   1.41e-02     9.08e-03   33.395s
 142000 +3.34001631e+04 +3.33783114e+04  2.19e+01   4.03e-01     8.75e-03   33.593s
 143000 +3.33999299e+04 +3.33801166e+04  1.98e+01   6.06e-01     8.61e-03   33.790s
 144000 +3.34001186e+04 +3.33818484e+04  1.83e+01   4.41e-01     8.72e-03   33.987s
 145000 +3.34005405e+04 +3.33824284e+04  1.81e+01   7.54e-02     8.99e-03   34.185s
 146000 +3.34008709e+04 +3.33817224e+04  1.91e+01   1.41e-02     9.19e-03   34.383s
 147000 +3.34008924e+04 +3.33805065e+04  2.04e+01   1.41e-02     9.20e-03   34.580s
 148000 +3.34006340e+04 +3.33798087e+04  2.08e+01   1.40e-02     9.04e-03   34.778s
 149000 +3.34003199e+04 +3.33801549e+04  2.02e+01   2.66e-01     8.85e-03   34.974s
 150000 +3.34001886e+04 +3.33812547e+04  1.89e+01   3.81e-01     8.77e-03   35.172s
 151000 +3.34003204e+04 +3.33822992e+04  1.80e+01   2.66e-01     8.85e-03   35.369s
 152000 +3.34005965e+04 +3.33825969e+04  1.80e+01   2.90e-02     9.02e-03   35.567s
 153000 +3.34008043e+04 +3.33820622e+04  1.87e+01   1.41e-02     9.15e-03   35.764s
 154000 +3.34008002e+04 +3.33812212e+04  1.96e+01   1.41e-02     9.15e-03   35.961s
 155000 +3.34006085e+04 +3.33807746e+04  1.98e+01   2.05e-02     9.03e-03   36.159s
 156000 +3.34003886e+04 +3.33810711e+04  1.93e+01   2.07e-01     8.89e-03   36.357s
 157000 +3.34003078e+04 +3.33818821e+04  1.84e+01   2.77e-01     8.84e-03   36.555s
 158000 +3.34004173e+04 +3.33826148e+04  1.78e+01   1.82e-01     8.91e-03   36.754s
 159000 +3.34006238e+04 +3.33827768e+04  1.78e+01   1.41e-02     9.04e-03   36.952s
 160000 +3.34007687e+04 +3.33823326e+04  1.84e+01   1.41e-02     9.13e-03   37.151s
 161000 +3.34007501e+04 +3.33816968e+04  1.91e+01   1.41e-02     9.12e-03   37.350s
 162000 +3.34005943e+04 +3.33813975e+04  1.92e+01   3.07e-02     9.02e-03   37.548s
 163000 +3.34004279e+04 +3.33816761e+04  1.88e+01   1.73e-01     8.92e-03   37.747s
 164000 +3.34003773e+04 +3.33823274e+04  1.80e+01   2.17e-01     8.88e-03   37.945s
 165000 +3.34004747e+04 +3.33828793e+04  1.76e+01   1.32e-01     8.94e-03   38.144s
 166000 +3.34006396e+04 +3.33829613e+04  1.77e+01   1.40e-02     9.05e-03   38.342s
 167000 +3.34007458e+04 +3.33825747e+04  1.82e+01   1.41e-02     9.11e-03   38.541s
 168000 +3.34007180e+04 +3.33820709e+04  1.86e+01   1.41e-02     9.10e-03   38.740s
 169000 +3.34005852e+04 +3.33818690e+04  1.87e+01   3.79e-02     9.01e-03   38.938s
 170000 +3.34004538e+04 +3.33821389e+04  1.83e+01   1.50e-01     8.93e-03   39.136s
 171000 +3.34004235e+04 +3.33826867e+04  1.77e+01   1.76e-01     8.91e-03   39.334s
 172000 +3.34005129e+04 +3.33831190e+04  1.74e+01   9.91e-02     8.97e-03   39.531s
 173000 +3.34006497e+04 +3.33831482e+04  1.75e+01   1.40e-02     9.05e-03   39.729s
 174000 +3.34007293e+04 +3.33828030e+04  1.79e+01   1.41e-02     9.10e-03   39.927s
 175000 +3.34006952e+04 +3.33823927e+04  1.83e+01   1.41e-02     9.08e-03   40.124s
 176000 +3.34005789e+04 +3.33822606e+04  1.83e+01   4.31e-02     9.01e-03   40.321s
 177000 +3.34004726e+04 +3.33825247e+04  1.79e+01   1.34e-01     8.94e-03   40.519s
 178000 +3.34004569e+04 +3.33829984e+04  1.75e+01   1.48e-01     8.93e-03   40.717s
 179000 +3.34005404e+04 +3.33833447e+04  1.72e+01   7.56e-02     8.99e-03   40.914s
 180000 +3.34006564e+04 +3.33833365e+04  1.73e+01   1.40e-02     9.06e-03   41.112s
 181000 +3.34007165e+04 +3.33830236e+04  1.77e+01   1.41e-02     9.09e-03   41.309s
 182000 +3.34006780e+04 +3.33826841e+04  1.80e+01   1.41e-02     9.07e-03   41.506s
 183000 +3.34005744e+04 +3.33826046e+04  1.80e+01   4.68e-02     9.01e-03   41.704s
 184000 +3.34004872e+04 +3.33828640e+04  1.76e+01   1.21e-01     8.95e-03   41.901s
 185000 +3.34004824e+04 +3.33832810e+04  1.72e+01   1.25e-01     8.95e-03   42.099s
 186000 +3.34005611e+04 +3.33835617e+04  1.70e+01   5.79e-02     9.00e-03   42.296s
 187000 +3.34006610e+04 +3.33835259e+04  1.71e+01   1.40e-02     9.06e-03   42.493s
 188000 +3.34007060e+04 +3.33832397e+04  1.75e+01   1.41e-02     9.09e-03   42.691s
 189000 +3.34006644e+04 +3.33829564e+04  1.77e+01   1.40e-02     9.06e-03   42.888s
 190000 +3.34005711e+04 +3.33829182e+04  1.77e+01   4.96e-02     9.00e-03   43.085s
 191000 +3.34004991e+04 +3.33831729e+04  1.73e+01   1.11e-01     8.96e-03   43.283s
 192000 +3.34005029e+04 +3.33835441e+04  1.70e+01   1.08e-01     8.96e-03   43.480s
 193000 +3.34005773e+04 +3.33837727e+04  1.68e+01   4.44e-02     9.01e-03   43.678s
 194000 +3.34006640e+04 +3.33837161e+04  1.69e+01   1.40e-02     9.06e-03   43.875s
 195000 +3.34006970e+04 +3.33834529e+04  1.72e+01   1.41e-02     9.08e-03   44.072s
 196000 +3.34006532e+04 +3.33832160e+04  1.74e+01   1.40e-02     9.06e-03   44.269s
 197000 +3.34005686e+04 +3.33832110e+04  1.74e+01   5.16e-02     9.00e-03   44.465s
 198000 +3.34005092e+04 +3.33834609e+04  1.70e+01   1.02e-01     8.97e-03   44.663s
 199000 +3.34005197e+04 +3.33837937e+04  1.67e+01   9.33e-02     8.97e-03   44.860s
 200000 +3.34005904e+04 +3.33839797e+04  1.66e+01   3.38e-02     9.02e-03   45.058s
 201000 +3.34006660e+04 +3.33839071e+04  1.68e+01   1.40e-02     9.06e-03   45.255s
 202000 +3.34006891e+04 +3.33836644e+04  1.70e+01   1.41e-02     9.08e-03   45.453s
 203000 +3.34006438e+04 +3.33834667e+04  1.72e+01   1.40e-02     9.05e-03   45.651s
 204000 +3.34005668e+04 +3.33834890e+04  1.71e+01   5.31e-02     9.00e-03   45.850s
 205000 +3.34005180e+04 +3.33837336e+04  1.68e+01   9.48e-02     8.97e-03   46.047s
 206000 +3.34005214e+04 +3.34016855e+04  1.16e+00   9.19e-02     1.30e+00   46.246s
 207000 +3.34005506e+04 +3.34255884e+04  2.50e+01   6.68e-02     1.30e+00   46.444s
 208000 +3.34002375e+04 +3.25943486e+04  8.06e+02   6.14e-03     4.71e+00   46.642s
 209000 +3.33992393e+04 +1.23796421e+04  2.10e+04   2.63e-03     1.69e+01   46.840s
 210000 +3.33978203e+04 -1.77018021e-01  3.34e+04   8.32e-04     5.68e+00   47.039s
 211000 +3.33964810e+04 +5.15724754e-02  3.34e+04   5.08e-04     3.39e+00   47.236s
 212000 +3.33951943e+04 -1.17744371e-01  3.34e+04   3.70e-04     2.41e+00   47.434s
 213000 +3.33939259e+04 -2.21417122e-02  3.34e+04   2.85e-04     2.03e+00   47.631s
 214000 +3.33927298e+04 +3.01451661e+03  3.04e+04   1.49e-01     3.82e+00   47.828s
 215000 +3.33920005e+04 +1.30945942e+04  2.03e+04   7.11e-01     4.40e+00   48.025s
 216000 +3.33893057e+04 +1.76115962e+04  1.58e+04   2.84e+00     1.96e+00   48.224s
 217000 +3.33871236e+04 +2.32737037e+04  1.01e+04   4.56e+00     2.89e+00   48.422s
 218000 +3.33867547e+04 +3.00972296e+04  3.29e+03   4.85e+00     3.06e+00   48.619s
 219000 +3.33880320e+04 +3.54947833e+04  2.11e+03   3.84e+00     2.39e+00   48.816s
 220000 +3.33901158e+04 +3.78230941e+04  4.43e+03   2.20e+00     1.41e+00   49.014s
 221000 +3.33919630e+04 +3.70550548e+04  3.66e+03   7.35e-01     5.14e-01   49.211s
 222000 +3.33923017e+04 +4.87467456e+04  1.54e+04   4.68e-01     7.35e+00   49.410s
 223000 +3.33925058e+04 +5.90137503e+04  2.56e+04   3.07e-01     4.91e+00   49.607s
 224000 +3.33927575e+04 +6.11077521e+04  2.77e+04   1.08e-01     2.03e+00   49.805s
 225000 +3.33929604e+04 +5.56286061e+04  2.22e+04   2.73e-05     1.10e+00   50.002s
 226000 +3.33930518e+04 +4.62952191e+04  1.29e+04   6.51e-05     1.99e+00   50.200s
 227000 +3.33930279e+04 +3.78493531e+04  4.46e+03   5.52e-05     1.66e+00   50.397s
 228000 +3.50901788e+04 +3.63320255e+04  1.24e+03   7.57e-01     2.52e-01   50.596s
 229000 +3.65691089e+04 +3.53518692e+04  1.22e+03   1.45e+00     4.38e-01   50.795s
 230000 +3.68939479e+04 +3.40993554e+04  2.79e+03   1.61e+00     4.74e-01   50.992s
 231000 +3.61464760e+04 +3.31041517e+04  3.04e+03   1.26e+00     3.72e-01   51.190s
 232000 +3.48917669e+04 +3.27005448e+04  2.19e+03   6.81e-01     2.04e-01   51.387s
 233000 +3.38288507e+04 +3.28789854e+04  9.50e+02   1.86e-01     6.25e-02   51.585s
 234000 +3.37467261e+04 +3.13918657e+04  2.35e+03   1.50e-01     6.22e-01   51.783s
 235000 +3.35875918e+04 +3.06101529e+04  2.98e+03   7.91e-02     3.48e-01   51.981s
 236000 +3.34213438e+04 +3.07470428e+04  2.67e+03   1.87e-02     1.20e-01   52.179s
 237000 +3.33135502e+04 +3.15709990e+04  1.74e+03   7.57e+01     1.42e-01   52.378s
 238000 +3.32925832e+04 +3.25697087e+04  7.23e+02   9.41e+01     1.78e-01   52.577s
 239000 +3.33097525e+04 +3.31627146e+04  1.47e+02   7.95e+01     2.43e-02   52.776s
 240000 +3.32446746e+04 +3.32428280e+04  1.85e+00   1.36e+02     3.70e-02   52.975s
 241000 +3.32293988e+04 +3.33482633e+04  1.19e+02   1.49e+02     4.03e-02   53.174s
 242000 +3.32630238e+04 +3.34354363e+04  1.72e+02   1.20e+02     3.21e-02   53.373s
 243000 +3.33223305e+04 +3.34742185e+04  1.52e+02   6.81e+01     1.73e-02   53.572s
 244000 +3.33759303e+04 +3.34619532e+04  8.60e+01   2.15e+01     4.48e-03   53.771s
 245000 +3.33999925e+04 +3.34303655e+04  3.04e+01   5.50e-01     9.61e-03   53.971s
 246000 +3.34040442e+04 +3.34259922e+04  2.19e+01   1.46e-02     1.24e-02   54.170s
 247000 +3.34065901e+04 +3.34138683e+04  7.28e+00   1.51e-02     1.43e-02   54.369s
 248000 +3.34068631e+04 +3.33996726e+04  7.19e+00   1.52e-02     1.45e-02   54.567s
 249000 +3.34052283e+04 +3.33893700e+04  1.59e+01   1.49e-02     1.33e-02   54.766s
 250000 +3.34028798e+04 +3.33861365e+04  1.67e+01   1.44e-02     1.15e-02   54.965s
 251000 +3.34011116e+04 +3.33890929e+04  1.20e+01   1.41e-02     1.03e-02   55.164s
 252000 +3.34006169e+04 +3.33944296e+04  6.19e+00   1.60e-02     9.94e-03   55.362s
 253000 +3.34011245e+04 +3.33946301e+04  6.49e+00   7.78e-03     2.88e-02   55.558s
 254000 +3.34004653e+04 +3.29252622e+04  4.75e+02   3.13e-03     4.06e-01   55.756s
 255000 +3.33981562e+04 +3.25015332e+04  8.97e+02   2.18e-03     2.37e-01   55.953s
 256000 +3.33951077e+04 +3.23766866e+04  1.02e+03   9.17e-04     1.22e-01   56.150s
 257000 +3.33925122e+04 +3.25454963e+04  8.47e+02   3.06e-01     6.77e-02   56.348s
 258000 +3.33912150e+04 +3.28807040e+04  5.11e+02   1.34e+00     7.98e-02   56.545s
 259000 +3.33895090e+04 +3.31017626e+04  2.88e+02   2.66e+00     3.00e-02   56.743s
 260000 +3.33863177e+04 +3.31856936e+04  2.01e+02   5.19e+00     4.67e-02   56.941s
 261000 +3.33851857e+04 +3.33037219e+04  8.15e+01   6.09e+00     5.38e-02   57.138s
 262000 +3.33862267e+04 +3.34099578e+04  2.37e+01   5.27e+00     4.64e-02   57.335s
 263000 +3.33886284e+04 +3.34687728e+04  8.01e+01   3.37e+00     2.98e-02   57.533s
 264000 +3.33911248e+04 +3.34704302e+04  7.93e+01   1.40e+00     1.27e-02   57.731s
 265000 +3.33922433e+04 +3.34904269e+04  9.82e+01   5.14e-01     5.07e-02   57.930s
 266000 +3.33924483e+04 +3.35658595e+04  1.73e+02   3.53e-01     3.50e-02   58.127s
 267000 +3.33927227e+04 +3.35885391e+04  1.96e+02   1.36e-01     1.56e-02   58.325s
 268000 +3.33929612e+04 +3.35577450e+04  1.65e+02   2.83e-05     7.16e-03   58.521s
 269000 +3.33930853e+04 +3.34950707e+04  1.02e+02   8.09e-05     1.39e-02   58.718s
 270000 +3.33930778e+04 +3.34327860e+04  3.97e+01   7.77e-05     1.31e-02   58.915s
 271000 +3.33930702e+04 +3.34055522e+04  1.25e+01   7.45e-05     1.94e-03   59.114s
 272000 +3.33931395e+04 +3.33999946e+04  6.86e+00   1.04e-04     2.66e-03   59.311s
 273000 +3.33931398e+04 +3.33937108e+04  5.71e-01   1.04e-04     2.66e-03   59.507s
 274000 +3.33930805e+04 +3.33890131e+04  4.07e+00   7.88e-05     2.02e-03   59.704s
 275000 +3.33929953e+04 +3.33872728e+04  5.72e+00   4.27e-05     1.10e-03   59.901s
 276000 +3.33929234e+04 +3.33883686e+04  4.55e+00   1.22e-05     3.40e-04   60.098s
 277000 +3.33928943e+04 +3.33898239e+04  3.07e+00   2.16e-04     9.27e-05   60.297s
 278000 +3.33928852e+04 +3.33902816e+04  2.60e+00   7.50e-03     2.67e-04   60.493s
 279000 +3.33928798e+04 +3.33912737e+04  1.61e+00   1.18e-02     4.04e-04   60.691s
 280000 +3.33928795e+04 +3.33923773e+04  5.02e-01   1.20e-02     4.09e-04   60.888s
 281000 +3.33928834e+04 +3.33931714e+04  2.88e-01   8.91e-03     3.03e-04   61.085s
 282000 +3.33928889e+04 +3.33934354e+04  5.46e-01   4.54e-03     1.55e-04   61.281s
 283000 +3.33928920e+04 +3.33936056e+04  7.14e-01   2.10e-03     2.86e-04   61.481s
 284000 +3.33928929e+04 +3.33940628e+04  1.17e+00   1.38e-03     1.90e-04   61.677s
 285000 +3.33928940e+04 +3.33941698e+04  1.28e+00   4.50e-04     7.21e-05   61.874s
 286000 +3.33928950e+04 +3.33939371e+04  1.04e+00   1.72e-07     5.39e-05   62.071s
 287000 +3.33928955e+04 +3.33935180e+04  6.23e-01   3.70e-07     9.61e-05   62.268s
 288000 +3.33928954e+04 +3.33931218e+04  2.26e-01   3.35e-07     8.57e-05   62.466s
 288800 +3.33928952e+04 +3.33929595e+04  6.43e-02   2.58e-07     1.43e-05   62.625s
LP Solver status:                Optimal
Primal objective:                +3.33928952e+04
Dual objective:                  +3.33929595e+04
Duality gap (abs/rel):           +6.43e-02 / +9.62e-07
Primal infeasibility (abs/rel):  +2.58e-07 / +1.72e-12
Dual infeasibility (abs/rel):    +1.43e-05 / +7.15e-06
PDLP finished
Status: Optimal   Objective: 3.33928952e+04  Iterations: 288800  Time: 62.698s

### exit_code=0
### finished=2026-08-10T12:13:37.138287
### gpu_peak_mb=5594.4
### gpu_peak2_mb=5402.4
### per_gpu_peak_mb=[5594.375, 5306.375, 5370.375, 5306.375, 5306.375, 5306.375, 5306.375, 5402.375]
