### solver=cuopt-distributed
### instance=/home/scratch.cmaes_sw/hans_lps/fome13.mps
### n_gpus=8
### CUDA_VISIBLE_DEVICES=0,1,2,3,4,5,6,7
### started=2026-08-10T12:13:37.151461
### argv=/home/scratch.vmostovoi_gpu/mostovoi_cuopt/cpp/build/cuopt_cli --method 1 --mps-reader experimental-fast --time-limit 3600 --iteration-limit 1000000000 --relative-primal-tolerance 1e-6 --relative-dual-tolerance 1e-6 --relative-gap-tolerance 1e-6 --log-to-console true --num-gpus 8 /home/scratch.cmaes_sw/hans_lps/fome13.mps
### --- solver output ---
Setting parameter iteration_limit to 1000000000
Setting parameter log_to_console to true
Setting parameter method to 1
Setting parameter num_gpus to 8
Setting parameter relative_dual_tolerance to 1.000000e-06
Setting parameter relative_gap_tolerance to 1.000000e-06
Setting parameter relative_primal_tolerance to 1.000000e-06
Setting parameter time_limit to 3.600000e+03
Reading file fome13.mps
Using experimental fast MPS parser for '/home/scratch.cmaes_sw/hans_lps/fome13.mps'
Read file fome13.mps in 0.13 seconds
cuOpt version: 26.10.0, git hash: f3ebc673, host arch: x86_64, device archs: 100a-real
CPU: INTEL(R) XEON(R) PLATINUM 8570, threads (physical/logical): 112/224, RAM (available/total): 1963.50 / 2015.54 GiB
CUDA 13.3, device: NVIDIA B200 (ID 0), VRAM: 178.34 GiB
CUDA device UUID: 48ab7b4d-7b0a-65b7-4538-4e37338d2330
CUDA 13.3, device: NVIDIA B200 (ID 1), VRAM: 178.34 GiB
CUDA device UUID: 5dd43d25-54eb-687e-91f8-d4c917f40a3c
CUDA 13.3, device: NVIDIA B200 (ID 2), VRAM: 178.34 GiB
CUDA device UUID: a40e62a0-1502-ea41-88b7-8ebfb62f67b6
CUDA 13.3, device: NVIDIA B200 (ID 3), VRAM: 178.34 GiB
CUDA device UUID: 69c2235c-eda1-228c-f9ee-e444f16a4e31
CUDA 13.3, device: NVIDIA B200 (ID 4), VRAM: 178.34 GiB
CUDA device UUID: 92e986d5-fb1f-ac84-bd70-b03e127c762a
CUDA 13.3, device: NVIDIA B200 (ID 5), VRAM: 178.34 GiB
CUDA device UUID: fb4dfdcf-c8fe-1714-a140-0823be2fde13
CUDA 13.3, device: NVIDIA B200 (ID 6), VRAM: 178.34 GiB
CUDA device UUID: 3519c8dd-244c-a241-e2ee-ef61e97ec465
CUDA 13.3, device: NVIDIA B200 (ID 7), VRAM: 178.34 GiB
CUDA device UUID: b80ee313-5762-b760-dd9a-a5669634bef9
Solving a problem with 48568 constraints, 97840 variables (0 integers), and 285056 nonzeros
Using PSLP presolver
PSLP Presolved problem: 47680 constraints, 85864 variables, 270176 non-zeros
PSLP presolve time: 0.06s
Solving with distributed PDLP on 8 GPUs.
NCCL version 2.30.7+cuda13.3
      0 +6.43218942e+10 +6.43218942e+10  0.00e+00   2.10e+03     2.81e+09   3.601s
   1000 +4.69808486e+08 +2.05589488e+09  1.59e+09   2.03e+01     8.39e+05   3.937s
   2000 +1.92555289e+08 +3.44229931e+07  1.58e+08   1.43e+00     3.71e+04   4.111s
   3000 +1.14096308e+08 +8.86043370e+07  2.55e+07   7.20e-01     4.30e+03   4.281s
   4000 +1.00648278e+08 +8.36610122e+07  1.70e+07   2.61e-01     1.65e+04   4.454s
   5000 +8.87135859e+07 +8.99573931e+07  1.24e+06   8.62e-03     1.68e+03   4.627s
   6000 +8.96454580e+07 +8.99870980e+07  3.42e+05   4.00e-03     1.20e+03   4.798s
   7000 +8.97184944e+07 +8.99712276e+07  2.53e+05   3.63e-03     7.86e+02   4.969s
   8000 +9.03865922e+07 +9.01257137e+07  2.61e+05   2.55e-02     2.90e+02   5.140s
   9000 +9.00703910e+07 +9.01160600e+07  4.57e+04   1.51e-02     1.52e+02   5.310s
  10000 +9.51077038e+07 +9.01310086e+07  4.98e+06   8.69e-02     2.49e+01   5.482s
  11000 +9.04004366e+07 +9.01315552e+07  2.69e+05   1.99e-02     1.03e+01   5.648s
  12000 +8.98379865e+07 +9.01310169e+07  2.93e+05   1.07e-02     4.99e+00   5.812s
  13000 +8.98445744e+07 +9.01313129e+07  2.87e+05   1.86e-02     2.65e+00   5.975s
  14000 +9.05145130e+07 +9.01311971e+07  3.83e+05   2.05e-02     1.11e+00   6.138s
  15000 +9.04941564e+07 +9.01311086e+07  3.63e+05   1.11e-02     4.70e-01   6.301s
  16000 +9.02621255e+07 +9.01311660e+07  1.31e+05   6.82e-03     3.36e-01   6.464s
  17000 +9.00492005e+07 +9.01311674e+07  8.20e+04   1.30e-03     1.69e-01   6.625s
  18000 +9.01027778e+07 +9.01311672e+07  2.84e+04   8.98e-04     6.08e-02   6.788s
  19000 +9.01007323e+07 +9.01311699e+07  3.04e+04   6.19e-04     4.07e-02   6.952s
  20000 +9.01166593e+07 +9.01311672e+07  1.45e+04   2.41e-04     3.92e-02   7.114s
  21000 +9.01144361e+07 +9.01311685e+07  1.67e+04   1.71e-04     3.20e-02   7.275s
  22000 +9.01235865e+07 +9.01311695e+07  7.58e+03   1.72e-04     3.05e-02   7.436s
  23000 +9.01037553e+07 +9.01311684e+07  2.74e+04   1.59e-04     2.92e-02   7.598s
  24000 +9.01247467e+07 +9.01311683e+07  6.42e+03   7.73e-05     2.93e-02   7.759s
  25000 +9.01320012e+07 +9.01311683e+07  8.33e+02   5.15e-05     2.92e-02   7.921s
  26000 +9.01332865e+07 +9.01311684e+07  2.12e+03   6.60e-05     2.90e-02   8.082s
  26800 +9.01311439e+07 +9.01311684e+07  2.45e+01   3.94e-05     2.90e-02   8.211s
LP Solver status:                Optimal
Primal objective:                +9.01311439e+07
Dual objective:                  +9.01311684e+07
Duality gap (abs/rel):           +2.45e+01 / +1.36e-07
Primal infeasibility (abs/rel):  +3.94e-05 / +1.19e-08
Dual infeasibility (abs/rel):    +2.90e-02 / +1.03e-11
PDLP finished
Status: Optimal   Objective: 9.01311439e+07  Iterations: 26800  Time: 8.221s

### exit_code=0
### finished=2026-08-10T12:13:53.914840
### gpu_peak_mb=5274.4
### gpu_peak2_mb=5210.4
### per_gpu_peak_mb=[5274.375, 5210.375, 5210.375, 5210.375, 5210.375, 5210.375, 5210.375, 5210.375]
