### solver=cuopt-distributed
### instance=/home/scratch.cmaes_sw/hans_lps/i_n13.mps
### n_gpus=8
### CUDA_VISIBLE_DEVICES=0,1,2,3,4,5,6,7
### started=2026-08-10T12:14:06.997470
### argv=/home/scratch.vmostovoi_gpu/mostovoi_cuopt/cpp/build/cuopt_cli --method 1 --mps-reader experimental-fast --time-limit 3600 --iteration-limit 1000000000 --relative-primal-tolerance 1e-6 --relative-dual-tolerance 1e-6 --relative-gap-tolerance 1e-6 --log-to-console true --num-gpus 8 /home/scratch.cmaes_sw/hans_lps/i_n13.mps
### --- solver output ---
Setting parameter iteration_limit to 1000000000
Setting parameter log_to_console to true
Setting parameter method to 1
Setting parameter num_gpus to 8
Setting parameter relative_dual_tolerance to 1.000000e-06
Setting parameter relative_gap_tolerance to 1.000000e-06
Setting parameter relative_primal_tolerance to 1.000000e-06
Setting parameter time_limit to 3.600000e+03
Reading file i_n13.mps
Using experimental fast MPS parser for '/home/scratch.cmaes_sw/hans_lps/i_n13.mps'
Read file i_n13.mps in 0.49 seconds
cuOpt version: 26.10.0, git hash: f3ebc673, host arch: x86_64, device archs: 100a-real
CPU: INTEL(R) XEON(R) PLATINUM 8570, threads (physical/logical): 112/224, RAM (available/total): 1963.32 / 2015.54 GiB
CUDA 13.3, device: NVIDIA B200 (ID 0), VRAM: 178.34 GiB
CUDA device UUID: 48ab7b4d-7b0a-65b7-4538-4e37338d2330
CUDA 13.3, device: NVIDIA B200 (ID 1), VRAM: 178.34 GiB
CUDA device UUID: 5dd43d25-54eb-687e-91f8-d4c917f40a3c
CUDA 13.3, device: NVIDIA B200 (ID 2), VRAM: 178.34 GiB
CUDA device UUID: a40e62a0-1502-ea41-88b7-8ebfb62f67b6
CUDA 13.3, device: NVIDIA B200 (ID 3), VRAM: 178.34 GiB
CUDA device UUID: 69c2235c-eda1-228c-f9ee-e444f16a4e31
CUDA 13.3, device: NVIDIA B200 (ID 4), VRAM: 178.34 GiB
CUDA device UUID: 92e986d5-fb1f-ac84-bd70-b03e127c762a
CUDA 13.3, device: NVIDIA B200 (ID 5), VRAM: 178.34 GiB
CUDA device UUID: fb4dfdcf-c8fe-1714-a140-0823be2fde13
CUDA 13.3, device: NVIDIA B200 (ID 6), VRAM: 178.34 GiB
CUDA device UUID: 3519c8dd-244c-a241-e2ee-ef61e97ec465
CUDA 13.3, device: NVIDIA B200 (ID 7), VRAM: 178.34 GiB
CUDA device UUID: b80ee313-5762-b760-dd9a-a5669634bef9
Solving a problem with 8192 constraints, 741455 variables (0 integers), and 1482910 nonzeros
Using PSLP presolver
PSLP Presolved problem: 8191 constraints, 739976 variables, 1479952 non-zeros
PSLP presolve time: 0.19s
Solving with distributed PDLP on 8 GPUs.
NCCL version 2.30.7+cuda13.3
      0 +0.00000000e+00 +0.00000000e+00  0.00e+00   1.28e+07     1.79e+06   4.606s
   1000 +7.60399722e+11 +1.12422756e+12  3.64e+11   1.03e+05     1.65e+05   4.983s
   2000 +8.64221375e+11 +1.07901308e+12  2.15e+11   4.07e+04     8.78e+04   5.175s
   3000 +9.00421616e+11 +1.06359106e+12  1.63e+11   1.99e+04     6.50e+04   5.366s
   4000 +9.21356713e+11 +1.05403281e+12  1.33e+11   8.63e+03     5.59e+04   5.557s
   5000 +9.33962545e+11 +1.04937056e+12  1.15e+11   3.01e+03     5.21e+04   5.744s
   6000 +9.42557588e+11 +1.03610001e+12  9.35e+10   5.67e+03     4.67e+04   5.935s
   7000 +9.49755018e+11 +1.01081641e+12  6.11e+10   1.83e+04     3.89e+04   6.125s
   8000 +9.52930111e+11 +9.85370588e+11  3.24e+10   2.30e+04     3.24e+04   6.315s
   9000 +9.54644226e+11 +9.65505612e+11  1.09e+10   2.50e+04     2.75e+04   6.503s
  10000 +9.66062069e+11 +9.18566296e+11  4.75e+10   4.66e+04     2.05e+04   6.694s
  11000 +9.79121760e+11 +8.97672607e+11  8.14e+10   5.82e+04     1.74e+04   6.874s
  12000 +9.88965741e+11 +8.80055329e+11  1.09e+11   6.49e+04     1.50e+04   7.053s
  13000 +9.96605473e+11 +8.64393632e+11  1.32e+11   6.92e+04     1.31e+04   7.231s
  14000 +1.00263813e+12 +8.53138265e+11  1.49e+11   6.89e+04     1.16e+04   7.409s
  15000 +1.01717227e+12 +8.19493565e+11  1.98e+11   7.60e+04     9.02e+03   7.590s
  16000 +1.03523902e+12 +8.00687812e+11  2.35e+11   8.73e+04     7.39e+03   7.771s
  17000 +1.04956154e+12 +7.86154859e+11  2.63e+11   9.06e+04     6.18e+03   7.952s
  18000 +1.06092863e+12 +7.76509736e+11  2.84e+11   9.51e+04     5.29e+03   8.133s
  19000 +1.06979691e+12 +7.67598637e+11  3.02e+11   9.55e+04     4.52e+03   8.313s
  20000 +1.07628007e+12 +7.61326245e+11  3.15e+11   9.79e+04     3.89e+03   8.493s
  21000 +1.08107963e+12 +7.57422189e+11  3.24e+11   9.58e+04     3.40e+03   8.674s
  22000 +1.08450801e+12 +7.54588725e+11  3.30e+11   9.59e+04     3.00e+03   8.856s
  23000 +1.08861557e+12 +7.43271096e+11  3.45e+11   9.66e+04     2.32e+03   9.043s
  24000 +1.09346417e+12 +7.39830281e+11  3.54e+11   9.66e+04     1.94e+03   9.224s
  25000 +1.09676707e+12 +7.37923316e+11  3.59e+11   9.55e+04     1.65e+03   9.407s
  26000 +1.09889502e+12 +7.36926855e+11  3.62e+11   9.45e+04     1.42e+03   9.589s
  27000 +1.10014855e+12 +7.36250277e+11  3.64e+11   9.29e+04     1.21e+03   9.772s
  28000 +1.10032429e+12 +7.36205030e+11  3.64e+11   9.09e+04     1.04e+03   9.959s
  29000 +1.09953683e+12 +7.36930136e+11  3.63e+11   9.02e+04     9.17e+02   10.146s
  30000 +1.09836322e+12 +7.37952425e+11  3.60e+11   8.83e+04     8.19e+02   10.327s
  31000 +1.09701115e+12 +7.39743940e+11  3.57e+11   8.73e+04     7.53e+02   10.508s
  32000 +1.09553009e+12 +7.41503960e+11  3.54e+11   8.66e+04     7.01e+02   10.689s
  33000 +1.09387765e+12 +7.43175152e+11  3.51e+11   8.47e+04     6.56e+02   10.870s
  34000 +1.09180174e+12 +7.45005971e+11  3.47e+11   8.35e+04     6.33e+02   11.051s
  35000 +1.08946262e+12 +7.47087464e+11  3.42e+11   8.13e+04     6.16e+02   11.232s
  36000 +1.08794495e+12 +7.51519900e+11  3.36e+11   8.07e+04     2.86e+03   11.415s
  37000 +1.08409957e+12 +7.59519270e+11  3.25e+11   7.89e+04     3.34e+03   11.596s
  38000 +1.07682212e+12 +7.66843378e+11  3.10e+11   7.45e+04     3.81e+03   11.778s
  39000 +1.06782202e+12 +7.74675763e+11  2.93e+11   7.13e+04     4.14e+03   11.960s
  40000 +1.05789243e+12 +7.80874778e+11  2.77e+11   6.83e+04     4.42e+03   12.143s
  41000 +1.04715031e+12 +7.86756903e+11  2.60e+11   6.48e+04     4.65e+03   12.324s
  42000 +1.03642235e+12 +7.92209183e+11  2.44e+11   6.23e+04     4.85e+03   12.504s
  43000 +1.02529075e+12 +7.96602195e+11  2.29e+11   5.88e+04     5.02e+03   12.685s
  44000 +1.01532209e+12 +8.00612944e+11  2.15e+11   5.47e+04     5.09e+03   12.866s
  45000 +1.00434881e+12 +8.03175248e+11  2.01e+11   5.31e+04     5.25e+03   13.047s
  46000 +9.93134652e+11 +8.05335300e+11  1.88e+11   4.93e+04     5.32e+03   13.228s
  47000 +9.81300658e+11 +8.07325441e+11  1.74e+11   4.61e+04     5.41e+03   13.408s
  48000 +9.70531245e+11 +8.08300565e+11  1.62e+11   4.25e+04     5.41e+03   13.589s
  49000 +9.60433511e+11 +8.09977982e+11  1.50e+11   3.85e+04     5.38e+03   13.770s
  50000 +9.51412697e+11 +8.10300972e+11  1.41e+11   3.45e+04     5.30e+03   13.950s
  51000 +9.43170715e+11 +8.11275878e+11  1.32e+11   3.31e+04     5.22e+03   14.131s
  52000 +9.35308703e+11 +8.11779308e+11  1.24e+11   2.97e+04     5.12e+03   14.312s
  53000 +9.28248857e+11 +8.12081434e+11  1.16e+11   2.66e+04     5.02e+03   14.493s
  54000 +9.22153982e+11 +8.13309028e+11  1.09e+11   2.47e+04     4.87e+03   14.675s
  55000 +9.16978465e+11 +8.14118931e+11  1.03e+11   2.27e+04     4.76e+03   14.856s
  56000 +9.13055668e+11 +8.12801679e+11  1.00e+11   2.19e+04     5.34e+03   15.039s
  57000 +9.02773296e+11 +8.09218133e+11  9.36e+10   1.88e+04     6.83e+03   15.220s
  58000 +8.89899257e+11 +8.07570663e+11  8.23e+10   1.06e+04     6.78e+03   15.400s
  59000 +8.81637185e+11 +8.07637179e+11  7.40e+10   7.42e+03     6.11e+03   15.581s
  60000 +8.76847719e+11 +8.07863744e+11  6.90e+10   4.79e+03     5.64e+03   15.762s
  61000 +8.73952837e+11 +8.08669776e+11  6.53e+10   3.64e+03     5.34e+03   15.943s
  62000 +8.72042941e+11 +8.09399663e+11  6.26e+10   3.03e+03     5.12e+03   16.124s
  63000 +8.70595744e+11 +8.10206550e+11  6.04e+10   2.33e+03     4.95e+03   16.305s
  64000 +8.69414592e+11 +8.10627035e+11  5.88e+10   2.01e+03     4.85e+03   16.486s
  65000 +8.68397850e+11 +8.11334684e+11  5.71e+10   1.79e+03     4.76e+03   16.667s
  66000 +8.67480176e+11 +8.11634254e+11  5.58e+10   1.55e+03     4.68e+03   16.847s
  67000 +8.66633626e+11 +8.12332574e+11  5.43e+10   1.35e+03     4.59e+03   17.030s
  68000 +8.65889984e+11 +8.12875918e+11  5.30e+10   1.21e+03     4.52e+03   17.211s
  69000 +8.65165075e+11 +8.13440268e+11  5.17e+10   1.04e+03     4.46e+03   17.394s
  70000 +8.64485350e+11 +8.13990154e+11  5.05e+10   9.32e+02     4.39e+03   17.575s
  71000 +8.63840323e+11 +8.14530405e+11  4.93e+10   7.58e+02     4.32e+03   17.756s
  72000 +8.63261370e+11 +8.14944446e+11  4.83e+10   7.01e+02     4.27e+03   17.936s
  73000 +8.62716244e+11 +8.15654789e+11  4.71e+10   6.71e+02     4.20e+03   18.117s
  74000 +8.62227770e+11 +8.16103874e+11  4.61e+10   5.84e+02     4.14e+03   18.298s
  75000 +8.61764179e+11 +8.16479206e+11  4.53e+10   5.80e+02     4.09e+03   18.479s
  76000 +8.61335917e+11 +8.16951959e+11  4.44e+10   5.07e+02     4.04e+03   18.660s
  77000 +8.60901609e+11 +8.17362307e+11  4.35e+10   4.04e+02     3.98e+03   18.841s
  78000 +8.60470797e+11 +8.17886939e+11  4.26e+10   4.35e+02     3.92e+03   19.021s
  79000 +8.60053014e+11 +8.18312727e+11  4.17e+10   3.51e+02     3.88e+03   19.202s
  80000 +8.59653419e+11 +8.18961564e+11  4.07e+10   2.81e+02     3.81e+03   19.383s
  81000 +8.59274047e+11 +8.19419108e+11  3.99e+10   3.94e+02     3.75e+03   19.565s
  82000 +8.58900806e+11 +8.19981470e+11  3.89e+10   3.54e+02     3.68e+03   19.748s
  83000 +8.58564162e+11 +8.20339579e+11  3.82e+10   2.13e+02     3.64e+03   19.929s
  84000 +8.58258900e+11 +8.20828201e+11  3.74e+10   1.74e+02     3.59e+03   20.110s
  85000 +8.57996876e+11 +8.21230908e+11  3.68e+10   2.09e+02     3.55e+03   20.291s
  86000 +8.57744064e+11 +8.21446736e+11  3.63e+10   2.00e+02     3.51e+03   20.471s
  87000 +8.55286626e+11 +8.22698150e+11  3.26e+10   9.23e+02     3.28e+03   20.654s
  88000 +8.49687316e+11 +8.24693887e+11  2.50e+10   2.14e+03     3.05e+03   20.834s
  89000 +8.44637336e+11 +8.26619738e+11  1.80e+10   3.70e+03     2.80e+03   21.015s
  90000 +8.40394469e+11 +8.28613554e+11  1.18e+10   5.25e+03     2.55e+03   21.196s
  91000 +8.36904905e+11 +8.30625410e+11  6.28e+09   6.47e+03     2.28e+03   21.377s
  92000 +8.34045529e+11 +8.32378517e+11  1.67e+09   7.87e+03     2.06e+03   21.558s
  93000 +8.31759154e+11 +8.34237415e+11  2.48e+09   8.82e+03     1.83e+03   21.738s
  94000 +8.30171807e+11 +8.35540682e+11  5.37e+09   8.94e+03     1.65e+03   21.919s
  95000 +8.28955186e+11 +8.36740984e+11  7.79e+09   9.48e+03     1.48e+03   22.100s
  96000 +8.28101691e+11 +8.37654374e+11  9.55e+09   9.33e+03     1.36e+03   22.281s
  97000 +8.27699091e+11 +8.38446678e+11  1.07e+10   1.00e+04     1.25e+03   22.462s
  98000 +8.27352841e+11 +8.39167148e+11  1.18e+10   1.03e+04     1.16e+03   22.643s
  99000 +8.27204402e+11 +8.39802844e+11  1.26e+10   9.60e+03     1.07e+03   22.824s
 100000 +8.27313484e+11 +8.40435129e+11  1.31e+10   9.68e+03     9.92e+02   23.005s
 101000 +8.27432108e+11 +8.40976475e+11  1.35e+10   9.53e+03     9.23e+02   23.187s
 102000 +8.27751923e+11 +8.41349157e+11  1.36e+10   9.09e+03     8.74e+02   23.367s
 103000 +8.28004524e+11 +8.41680285e+11  1.37e+10   9.51e+03     8.28e+02   23.545s
 104000 +8.28355921e+11 +8.42090017e+11  1.37e+10   9.55e+03     7.81e+02   23.725s
 105000 +8.28649382e+11 +8.42437180e+11  1.38e+10   8.87e+03     7.34e+02   23.904s
 106000 +8.28950502e+11 +8.42758384e+11  1.38e+10   8.90e+03     6.96e+02   24.082s
 107000 +8.29403205e+11 +8.43071792e+11  1.37e+10   8.69e+03     6.56e+02   24.260s
 108000 +8.29759142e+11 +8.43327109e+11  1.36e+10   8.82e+03     6.23e+02   24.439s
 109000 +8.30281270e+11 +8.43588963e+11  1.33e+10   8.27e+03     5.89e+02   24.618s
 110000 +8.30871780e+11 +8.43783429e+11  1.29e+10   7.88e+03     5.68e+02   24.796s
 111000 +8.31203165e+11 +8.44892878e+11  1.37e+10   7.68e+03     4.16e+02   24.977s
 112000 +8.30836260e+11 +8.45239004e+11  1.44e+10   7.72e+03     3.60e+02   25.156s
 113000 +8.30384149e+11 +8.45620550e+11  1.52e+10   7.61e+03     3.02e+02   25.334s
 114000 +8.30133167e+11 +8.45931733e+11  1.58e+10   7.57e+03     2.54e+02   25.512s
 115000 +8.30029610e+11 +8.46191945e+11  1.62e+10   7.59e+03     2.16e+02   25.691s
 116000 +8.30019188e+11 +8.46340751e+11  1.63e+10   7.83e+03     1.89e+02   25.870s
 117000 +8.30115942e+11 +8.46496797e+11  1.64e+10   7.67e+03     1.68e+02   26.048s
 118000 +8.30271447e+11 +8.46648435e+11  1.64e+10   7.60e+03     1.44e+02   26.226s
 119000 +8.30474929e+11 +8.46737829e+11  1.63e+10   7.77e+03     1.34e+02   26.405s
 120000 +8.30718927e+11 +8.46840437e+11  1.61e+10   7.66e+03     1.18e+02   26.584s
 121000 +8.31025112e+11 +8.46884841e+11  1.59e+10   7.44e+03     1.13e+02   26.763s
 122000 +8.31349125e+11 +8.46953719e+11  1.56e+10   7.43e+03     1.04e+02   26.944s
 123000 +8.31676438e+11 +8.47038015e+11  1.54e+10   7.34e+03     9.66e+01   27.123s
 124000 +8.32019442e+11 +8.47092802e+11  1.51e+10   7.10e+03     9.15e+01   27.302s
 125000 +8.32419862e+11 +8.47107575e+11  1.47e+10   6.85e+03     8.97e+01   27.480s
 126000 +8.32744346e+11 +8.47144903e+11  1.44e+10   6.59e+03     8.49e+01   27.659s
 127000 +8.33067268e+11 +8.47187978e+11  1.41e+10   6.38e+03     7.92e+01   27.839s
 128000 +8.33256583e+11 +8.47206325e+11  1.39e+10   6.05e+03     7.41e+01   28.018s
 129000 +8.33459231e+11 +8.47238124e+11  1.38e+10   6.14e+03     7.06e+01   28.196s
 130000 +8.33621204e+11 +8.47272237e+11  1.37e+10   6.06e+03     6.68e+01   28.374s
 131000 +8.33807921e+11 +8.47303513e+11  1.35e+10   6.30e+03     6.20e+01   28.554s
 132000 +8.34030806e+11 +8.47323054e+11  1.33e+10   6.25e+03     6.28e+01   28.732s
 133000 +8.34244096e+11 +8.47355454e+11  1.31e+10   5.98e+03     5.97e+01   28.911s
 134000 +8.34461958e+11 +8.47374168e+11  1.29e+10   6.00e+03     5.85e+01   29.091s
 135000 +8.34711147e+11 +8.47405124e+11  1.27e+10   5.92e+03     5.74e+01   29.269s
 136000 +8.34985953e+11 +8.47424147e+11  1.24e+10   5.80e+03     5.71e+01   29.448s
 137000 +8.35265636e+11 +8.47445981e+11  1.22e+10   5.52e+03     5.69e+01   29.626s
 138000 +8.35515137e+11 +8.47460066e+11  1.19e+10   5.42e+03     5.52e+01   29.805s
 139000 +8.35719355e+11 +8.47474972e+11  1.18e+10   5.38e+03     5.37e+01   29.984s
 140000 +8.35917882e+11 +8.47461540e+11  1.15e+10   5.48e+03     5.25e+01   30.162s
 141000 +8.36088913e+11 +8.47479231e+11  1.14e+10   5.28e+03     5.15e+01   30.341s
 142000 +8.36284827e+11 +8.47493987e+11  1.12e+10   5.32e+03     4.97e+01   30.520s
 143000 +8.36464023e+11 +8.47510302e+11  1.10e+10   5.22e+03     4.81e+01   30.699s
 144000 +8.36636833e+11 +8.47514278e+11  1.09e+10   5.01e+03     4.59e+01   30.878s
 145000 +8.36809533e+11 +8.47525376e+11  1.07e+10   4.95e+03     4.57e+01   31.057s
 146000 +8.37009257e+11 +8.47538198e+11  1.05e+10   4.76e+03     4.53e+01   31.236s
 147000 +8.37242794e+11 +8.47572512e+11  1.03e+10   4.57e+03     4.44e+01   31.416s
 148000 +8.37481941e+11 +8.47576538e+11  1.01e+10   4.49e+03     4.52e+01   31.595s
 149000 +8.37702170e+11 +8.47555473e+11  9.85e+09   4.59e+03     4.54e+01   31.774s
 150000 +8.37889891e+11 +8.47578115e+11  9.69e+09   4.48e+03     4.37e+01   31.953s
 151000 +8.38069539e+11 +8.47581634e+11  9.51e+09   4.43e+03     4.22e+01   32.132s
 152000 +8.38243471e+11 +8.47588773e+11  9.35e+09   4.36e+03     4.12e+01   32.311s
 153000 +8.38414564e+11 +8.47588296e+11  9.17e+09   4.29e+03     4.05e+01   32.489s
 154000 +8.38574216e+11 +8.47586330e+11  9.01e+09   4.32e+03     3.95e+01   32.667s
 155000 +8.38751907e+11 +8.47607965e+11  8.86e+09   4.23e+03     3.91e+01   32.846s
 156000 +8.38912107e+11 +8.47623151e+11  8.71e+09   4.11e+03     3.78e+01   33.024s
 157000 +8.39079152e+11 +8.47617986e+11  8.54e+09   3.70e+03     3.65e+01   33.202s
 158000 +8.39216183e+11 +8.47615141e+11  8.40e+09   3.50e+03     3.51e+01   33.381s
 159000 +8.39347467e+11 +8.47618521e+11  8.27e+09   3.59e+03     3.50e+01   33.560s
 160000 +8.39476074e+11 +8.47615244e+11  8.14e+09   3.62e+03     3.51e+01   33.738s
 161000 +8.39602261e+11 +8.47629706e+11  8.03e+09   3.78e+03     3.35e+01   33.917s
 162000 +8.39704167e+11 +8.47634685e+11  7.93e+09   3.62e+03     3.22e+01   34.096s
 163000 +8.39825180e+11 +8.47637989e+11  7.81e+09   3.48e+03     3.25e+01   34.275s
 164000 +8.39951603e+11 +8.47643530e+11  7.69e+09   3.42e+03     3.27e+01   34.453s
 165000 +8.39993791e+11 +8.47795108e+11  7.80e+09   3.43e+03     1.04e+02   34.634s
 166000 +8.40103476e+11 +8.47914664e+11  7.81e+09   3.46e+03     1.23e+02   34.812s
 167000 +8.40316196e+11 +8.48039079e+11  7.72e+09   3.49e+03     1.57e+02   34.991s
 168000 +8.40674828e+11 +8.48175763e+11  7.50e+09   3.43e+03     1.93e+02   35.170s
 169000 +8.41126890e+11 +8.48269467e+11  7.14e+09   3.23e+03     2.14e+02   35.348s
 170000 +8.41639486e+11 +8.48379628e+11  6.74e+09   2.97e+03     2.38e+02   35.527s
 171000 +8.42260290e+11 +8.48441987e+11  6.18e+09   2.64e+03     2.55e+02   35.706s
 172000 +8.42906820e+11 +8.48463028e+11  5.56e+09   2.35e+03     2.65e+02   35.884s
 173000 +8.43463647e+11 +8.48511679e+11  5.05e+09   2.07e+03     2.56e+02   36.063s
 174000 +8.43936592e+11 +8.48486503e+11  4.55e+09   1.67e+03     2.42e+02   36.243s
 175000 +8.44317319e+11 +8.48467211e+11  4.15e+09   1.51e+03     2.25e+02   36.423s
 176000 +8.44619118e+11 +8.48456190e+11  3.84e+09   1.52e+03     2.13e+02   36.604s
 177000 +8.44910560e+11 +8.48427403e+11  3.52e+09   1.46e+03     2.05e+02   36.783s
 178000 +8.45182501e+11 +8.48452921e+11  3.27e+09   1.24e+03     2.00e+02   36.965s
 179000 +8.45437382e+11 +8.48415733e+11  2.98e+09   1.05e+03     1.90e+02   37.146s
 180000 +8.45687587e+11 +8.48388586e+11  2.70e+09   1.01e+03     1.84e+02   37.327s
 181000 +8.45914052e+11 +8.48390197e+11  2.48e+09   8.55e+02     1.79e+02   37.508s
 182000 +8.46108378e+11 +8.48358751e+11  2.25e+09   7.46e+02     1.69e+02   37.689s
 183000 +8.46259148e+11 +8.48322727e+11  2.06e+09   7.36e+02     1.59e+02   37.870s
 184000 +8.46391102e+11 +8.48281495e+11  1.89e+09   6.68e+02     1.50e+02   38.051s
 185000 +8.46504698e+11 +8.48291278e+11  1.79e+09   5.52e+02     1.44e+02   38.232s
 186000 +8.46603928e+11 +8.48195897e+11  1.59e+09   5.08e+02     1.27e+02   38.414s
 187000 +8.46716397e+11 +8.48198868e+11  1.48e+09   4.48e+02     1.27e+02   38.595s
 188000 +8.46843263e+11 +8.48209586e+11  1.37e+09   3.77e+02     1.30e+02   38.776s
 189000 +8.46973297e+11 +8.48216279e+11  1.24e+09   3.21e+02     1.32e+02   38.957s
 190000 +8.47098255e+11 +8.48217073e+11  1.12e+09   2.53e+02     1.30e+02   39.138s
 191000 +8.47208658e+11 +8.48196986e+11  9.88e+08   2.04e+02     1.26e+02   39.319s
 192000 +8.47313059e+11 +8.48190108e+11  8.77e+08   1.74e+02     1.25e+02   39.501s
 193000 +8.47410905e+11 +8.48190031e+11  7.79e+08   1.48e+02     1.22e+02   39.682s
 194000 +8.47499528e+11 +8.48174137e+11  6.75e+08   1.25e+02     1.17e+02   39.863s
 195000 +8.47575157e+11 +8.48168980e+11  5.94e+08   1.18e+02     1.15e+02   40.044s
 196000 +8.47650569e+11 +8.48156299e+11  5.06e+08   6.31e+01     1.12e+02   40.225s
 197000 +8.47714957e+11 +8.48141002e+11  4.26e+08   5.37e+01     1.07e+02   40.406s
 198000 +8.47772939e+11 +8.48131150e+11  3.58e+08   4.84e+01     1.04e+02   40.587s
 199000 +8.47825682e+11 +8.48112922e+11  2.87e+08   6.39e+01     1.01e+02   40.768s
 200000 +8.47924867e+11 +8.48074699e+11  1.50e+08   1.04e+02     8.94e+01   40.950s
 201000 +8.48076435e+11 +8.48055529e+11  2.09e+07   1.86e+02     8.28e+01   41.131s
 202000 +8.48217578e+11 +8.48036821e+11  1.81e+08   2.70e+02     7.92e+01   41.312s
 203000 +8.48348146e+11 +8.48007803e+11  3.40e+08   3.64e+02     7.27e+01   41.493s
 204000 +8.48447657e+11 +8.47993963e+11  4.54e+08   3.79e+02     6.91e+01   41.674s
 205000 +8.48541476e+11 +8.47972843e+11  5.69e+08   4.10e+02     6.48e+01   41.854s
 206000 +8.48631732e+11 +8.47956932e+11  6.75e+08   4.40e+02     6.10e+01   42.035s
 207000 +8.48788610e+11 +8.47922771e+11  8.66e+08   5.04e+02     5.53e+01   42.217s
 208000 +8.48992271e+11 +8.47880477e+11  1.11e+09   6.02e+02     4.77e+01   42.398s
 209000 +8.49113851e+11 +8.47856525e+11  1.26e+09   5.80e+02     4.20e+01   42.578s
 210000 +8.49221434e+11 +8.47844380e+11  1.38e+09   6.56e+02     3.83e+01   42.759s
 211000 +8.49312980e+11 +8.47833379e+11  1.48e+09   6.52e+02     3.57e+01   42.939s
 212000 +8.49389109e+11 +8.47807475e+11  1.58e+09   6.93e+02     2.99e+01   43.120s
 213000 +8.49437400e+11 +8.47796195e+11  1.64e+09   8.07e+02     2.70e+01   43.301s
 214000 +8.49466673e+11 +8.47779907e+11  1.69e+09   8.79e+02     2.35e+01   43.481s
 215000 +8.49478445e+11 +8.47775263e+11  1.70e+09   8.66e+02     2.14e+01   43.662s
 216000 +8.49475375e+11 +8.47764207e+11  1.71e+09   8.87e+02     1.91e+01   43.843s
 217000 +8.49458599e+11 +8.47755496e+11  1.70e+09   8.33e+02     1.74e+01   44.023s
 218000 +8.49436145e+11 +8.47749609e+11  1.69e+09   7.78e+02     1.59e+01   44.204s
 219000 +8.49413844e+11 +8.47745307e+11  1.67e+09   7.89e+02     1.50e+01   44.385s
 220000 +8.49385675e+11 +8.47741091e+11  1.64e+09   7.47e+02     1.41e+01   44.565s
 221000 +8.49351396e+11 +8.47741801e+11  1.61e+09   7.59e+02     1.35e+01   44.746s
 222000 +8.49320090e+11 +8.47740443e+11  1.58e+09   7.30e+02     1.29e+01   44.926s
 223000 +8.49323495e+11 +8.47728265e+11  1.60e+09   6.73e+02     1.06e+01   45.109s
 224000 +8.49330904e+11 +8.47724733e+11  1.61e+09   6.74e+02     1.01e+01   45.289s
 225000 +8.49330832e+11 +8.47720808e+11  1.61e+09   6.77e+02     9.51e+00   45.470s
 226000 +8.49326289e+11 +8.47719349e+11  1.61e+09   7.17e+02     9.25e+00   45.651s
 227000 +8.49316435e+11 +8.47715405e+11  1.60e+09   7.47e+02     8.00e+00   45.831s
 228000 +8.49301214e+11 +8.47712753e+11  1.59e+09   7.35e+02     7.38e+00   46.012s
 229000 +8.49283929e+11 +8.47710906e+11  1.57e+09   7.04e+02     6.61e+00   46.193s
 230000 +8.49269415e+11 +8.47707240e+11  1.56e+09   6.84e+02     7.91e+00   46.375s
 231000 +8.49259711e+11 +8.47703366e+11  1.56e+09   6.89e+02     8.07e+00   46.556s
 232000 +8.49245707e+11 +8.47700524e+11  1.55e+09   6.85e+02     8.15e+00   46.736s
 233000 +8.49226339e+11 +8.47696501e+11  1.53e+09   6.73e+02     8.53e+00   46.917s
 234000 +8.49203205e+11 +8.47695260e+11  1.51e+09   6.56e+02     8.78e+00   47.098s
 235000 +8.49180525e+11 +8.47695508e+11  1.49e+09   6.44e+02     8.85e+00   47.278s
 236000 +8.49152380e+11 +8.47693624e+11  1.46e+09   6.28e+02     9.26e+00   47.459s
 237000 +8.49119126e+11 +8.47692296e+11  1.43e+09   6.10e+02     9.67e+00   47.639s
 238000 +8.49087003e+11 +8.47691175e+11  1.40e+09   6.07e+02     9.91e+00   47.819s
 239000 +8.49054347e+11 +8.47691706e+11  1.36e+09   5.51e+02     9.87e+00   47.998s
 240000 +8.49019846e+11 +8.47692389e+11  1.33e+09   5.42e+02     1.02e+01   48.177s
 241000 +8.48985982e+11 +8.47690902e+11  1.30e+09   5.43e+02     1.01e+01   48.355s
 242000 +8.48963573e+11 +8.47694148e+11  1.27e+09   5.31e+02     9.86e+00   48.534s
 243000 +8.48942745e+11 +8.47693985e+11  1.25e+09   4.96e+02     9.80e+00   48.712s
 244000 +8.48917735e+11 +8.47694259e+11  1.22e+09   5.26e+02     9.68e+00   48.890s
 245000 +8.48899670e+11 +8.47696672e+11  1.20e+09   5.45e+02     9.31e+00   49.069s
 246000 +8.48878761e+11 +8.47693285e+11  1.19e+09   5.30e+02     9.40e+00   49.248s
 247000 +8.48851584e+11 +8.47693545e+11  1.16e+09   4.90e+02     9.47e+00   49.426s
 248000 +8.48819858e+11 +8.47691273e+11  1.13e+09   4.56e+02     9.76e+00   49.605s
 249000 +8.48787159e+11 +8.47690890e+11  1.10e+09   5.08e+02     1.01e+01   49.783s
 250000 +8.48755867e+11 +8.47690295e+11  1.07e+09   5.32e+02     9.92e+00   49.962s
 251000 +8.48727631e+11 +8.47690188e+11  1.04e+09   5.22e+02     9.83e+00   50.141s
 252000 +8.48693500e+11 +8.47691154e+11  1.00e+09   4.90e+02     9.87e+00   50.319s
 253000 +8.48655474e+11 +8.47691365e+11  9.64e+08   4.03e+02     9.95e+00   50.498s
 254000 +8.48617981e+11 +8.47689141e+11  9.29e+08   3.47e+02     9.84e+00   50.677s
 255000 +8.48582326e+11 +8.47688858e+11  8.93e+08   3.35e+02     1.01e+01   50.857s
 256000 +8.48551191e+11 +8.47690155e+11  8.61e+08   3.56e+02     1.01e+01   51.038s
 257000 +8.48523623e+11 +8.47691607e+11  8.32e+08   3.38e+02     9.79e+00   51.216s
 258000 +8.48493139e+11 +8.47691728e+11  8.01e+08   3.31e+02     9.53e+00   51.394s
 259000 +8.48466723e+11 +8.47695083e+11  7.72e+08   3.29e+02     9.35e+00   51.575s
 260000 +8.48446918e+11 +8.47696029e+11  7.51e+08   3.19e+02     9.27e+00   51.755s
 261000 +8.48429607e+11 +8.47696226e+11  7.33e+08   2.87e+02     8.90e+00   51.935s
 262000 +8.48421231e+11 +8.47699032e+11  7.22e+08   3.18e+02     8.70e+00   52.116s
 263000 +8.48413663e+11 +8.47698046e+11  7.16e+08   3.40e+02     8.55e+00   52.296s
 264000 +8.48400164e+11 +8.47697291e+11  7.03e+08   3.62e+02     8.50e+00   52.477s
 265000 +8.48382903e+11 +8.47693972e+11  6.89e+08   3.35e+02     8.36e+00   52.657s
 266000 +8.48360078e+11 +8.47693425e+11  6.67e+08   2.99e+02     8.42e+00   52.836s
 267000 +8.48334078e+11 +8.47692195e+11  6.42e+08   2.94e+02     8.51e+00   53.017s
 268000 +8.48310218e+11 +8.47693662e+11  6.17e+08   2.74e+02     8.36e+00   53.197s
 269000 +8.48297330e+11 +8.47690638e+11  6.07e+08   2.62e+02     1.42e+01   53.380s
 270000 +8.48284252e+11 +8.47687190e+11  5.97e+08   2.57e+02     1.46e+01   53.560s
 271000 +8.48268561e+11 +8.47682771e+11  5.86e+08   2.42e+02     1.52e+01   53.741s
 272000 +8.48250554e+11 +8.47679343e+11  5.71e+08   2.27e+02     1.59e+01   53.921s
 273000 +8.48231798e+11 +8.47678150e+11  5.54e+08   2.22e+02     1.60e+01   54.102s
 274000 +8.48212993e+11 +8.47676429e+11  5.37e+08   2.11e+02     1.62e+01   54.282s
 275000 +8.48191296e+11 +8.47674047e+11  5.17e+08   1.99e+02     1.67e+01   54.463s
 276000 +8.48168636e+11 +8.47672403e+11  4.96e+08   1.88e+02     1.69e+01   54.643s
 277000 +8.48144651e+11 +8.47671243e+11  4.73e+08   1.76e+02     1.73e+01   54.823s
 278000 +8.48119231e+11 +8.47668686e+11  4.51e+08   1.80e+02     1.77e+01   55.004s
 279000 +8.48091706e+11 +8.47667810e+11  4.24e+08   1.49e+02     1.80e+01   55.184s
 280000 +8.48063704e+11 +8.47666994e+11  3.97e+08   1.43e+02     1.82e+01   55.364s
 281000 +8.48035006e+11 +8.47664245e+11  3.71e+08   1.32e+02     1.85e+01   55.545s
 282000 +8.48006547e+11 +8.47664207e+11  3.42e+08   1.15e+02     1.86e+01   55.726s
 283000 +8.47978081e+11 +8.47664586e+11  3.13e+08   1.08e+02     1.87e+01   55.906s
 284000 +8.47949791e+11 +8.47664620e+11  2.85e+08   1.09e+02     1.87e+01   56.087s
 285000 +8.47921961e+11 +8.47664518e+11  2.57e+08   9.37e+01     1.85e+01   56.268s
 286000 +8.47896149e+11 +8.47667191e+11  2.29e+08   8.79e+01     1.78e+01   56.449s
 287000 +8.47875019e+11 +8.47672070e+11  2.03e+08   8.68e+01     1.69e+01   56.630s
 288000 +8.47858956e+11 +8.47675263e+11  1.84e+08   6.55e+01     1.64e+01   56.811s
 289000 +8.47844990e+11 +8.47676336e+11  1.69e+08   6.96e+01     1.61e+01   56.992s
 290000 +8.47832066e+11 +8.47676462e+11  1.56e+08   5.14e+01     1.58e+01   57.171s
 291000 +8.47820668e+11 +8.47680805e+11  1.40e+08   4.31e+01     1.55e+01   57.349s
 292000 +8.47811701e+11 +8.47683886e+11  1.28e+08   4.85e+01     1.49e+01   57.528s
 293000 +8.47805853e+11 +8.47685211e+11  1.21e+08   5.83e+01     1.47e+01   57.706s
 294000 +8.47799747e+11 +8.47686041e+11  1.14e+08   6.85e+01     1.44e+01   57.885s
 295000 +8.47792239e+11 +8.47686960e+11  1.05e+08   5.03e+01     1.41e+01   58.063s
 296000 +8.47784087e+11 +8.47688034e+11  9.61e+07   4.37e+01     1.74e+01   58.244s
 297000 +8.47774828e+11 +8.47688405e+11  8.64e+07   4.25e+01     1.71e+01   58.423s
 298000 +8.47765838e+11 +8.47689274e+11  7.66e+07   3.96e+01     1.70e+01   58.603s
 299000 +8.47757122e+11 +8.47689664e+11  6.75e+07   4.01e+01     1.69e+01   58.784s
 300000 +8.47748882e+11 +8.47690119e+11  5.88e+07   4.17e+01     1.69e+01   58.964s
 301000 +8.47741139e+11 +8.47690592e+11  5.05e+07   4.16e+01     1.68e+01   59.145s
 302000 +8.47734492e+11 +8.47692572e+11  4.19e+07   4.10e+01     1.67e+01   59.325s
 303000 +8.47728263e+11 +8.47692965e+11  3.53e+07   4.03e+01     1.66e+01   59.506s
 304000 +8.47721763e+11 +8.47694131e+11  2.76e+07   4.09e+01     1.65e+01   59.686s
 305000 +8.47715355e+11 +8.47694039e+11  2.13e+07   4.14e+01     1.64e+01   59.867s
 306000 +8.47709198e+11 +8.47694814e+11  1.44e+07   4.29e+01     1.64e+01   60.047s
 307000 +8.47703229e+11 +8.47695361e+11  7.87e+06   4.45e+01     1.63e+01   60.228s
 308000 +8.47697836e+11 +8.47696015e+11  1.82e+06   4.56e+01     1.62e+01   60.408s
 309000 +8.47692925e+11 +8.47697094e+11  4.17e+06   4.69e+01     1.61e+01   60.588s
 310000 +8.47688662e+11 +8.47698140e+11  9.48e+06   4.79e+01     1.60e+01   60.769s
 311000 +8.47685259e+11 +8.47699868e+11  1.46e+07   4.70e+01     1.59e+01   60.949s
 312000 +8.47682822e+11 +8.47700874e+11  1.81e+07   4.79e+01     1.58e+01   61.129s
 313000 +8.47681219e+11 +8.47702443e+11  2.12e+07   4.80e+01     1.57e+01   61.310s
 314000 +8.47680464e+11 +8.47703550e+11  2.31e+07   4.86e+01     1.57e+01   61.490s
 315000 +8.47680181e+11 +8.47704556e+11  2.44e+07   4.81e+01     1.56e+01   61.670s
 316000 +8.47680049e+11 +8.47705218e+11  2.52e+07   4.89e+01     1.56e+01   61.851s
 317000 +8.47680158e+11 +8.47705919e+11  2.58e+07   4.89e+01     1.55e+01   62.032s
 318000 +8.47680415e+11 +8.47706394e+11  2.60e+07   4.92e+01     1.55e+01   62.212s
 319000 +8.47680975e+11 +8.47707179e+11  2.62e+07   4.89e+01     1.55e+01   62.391s
 320000 +8.47681876e+11 +8.47708063e+11  2.62e+07   5.02e+01     1.55e+01   62.570s
 321000 +8.47683077e+11 +8.47709029e+11  2.60e+07   4.95e+01     1.54e+01   62.749s
 322000 +8.47684734e+11 +8.47709908e+11  2.52e+07   4.89e+01     1.54e+01   62.928s
 323000 +8.47686908e+11 +8.47710756e+11  2.38e+07   4.80e+01     1.54e+01   63.107s
 324000 +8.47689445e+11 +8.47711475e+11  2.20e+07   4.79e+01     1.54e+01   63.286s
 325000 +8.47692156e+11 +8.47711886e+11  1.97e+07   4.71e+01     1.54e+01   63.465s
 326000 +8.47694857e+11 +8.47711894e+11  1.70e+07   4.56e+01     1.54e+01   63.644s
 327000 +8.47697152e+11 +8.47712014e+11  1.49e+07   4.42e+01     1.54e+01   63.823s
 328000 +8.47699189e+11 +8.47712286e+11  1.31e+07   4.29e+01     1.54e+01   64.003s
 329000 +8.47701275e+11 +8.47712617e+11  1.13e+07   4.29e+01     1.54e+01   64.181s
 330000 +8.47703331e+11 +8.47712610e+11  9.28e+06   4.33e+01     1.54e+01   64.361s
 331000 +8.47705560e+11 +8.47712928e+11  7.37e+06   4.35e+01     1.54e+01   64.540s
 332000 +8.47708040e+11 +8.47713502e+11  5.46e+06   4.27e+01     1.54e+01   64.719s
 333000 +8.47710627e+11 +8.47713674e+11  3.05e+06   4.14e+01     1.54e+01   64.898s
 334000 +8.47713112e+11 +8.47713539e+11  4.27e+05   4.12e+01     1.54e+01   65.077s
 335000 +8.47715623e+11 +8.47713665e+11  1.96e+06   4.09e+01     1.54e+01   65.256s
 336000 +8.47717891e+11 +8.47713517e+11  4.37e+06   4.03e+01     1.54e+01   65.435s
 337000 +8.47720107e+11 +8.47713328e+11  6.78e+06   4.05e+01     1.54e+01   65.617s
 338000 +8.47722210e+11 +8.47713655e+11  8.56e+06   4.05e+01     1.54e+01   65.798s
 339000 +8.47724142e+11 +8.47713498e+11  1.06e+07   3.99e+01     1.54e+01   65.979s
 340000 +8.47725844e+11 +8.47713367e+11  1.25e+07   4.09e+01     1.54e+01   66.160s
 341000 +8.47727344e+11 +8.47713363e+11  1.40e+07   4.07e+01     1.54e+01   66.341s
 342000 +8.47728712e+11 +8.47713244e+11  1.55e+07   4.02e+01     1.54e+01   66.522s
 343000 +8.47729982e+11 +8.47713287e+11  1.67e+07   4.06e+01     1.54e+01   66.701s
 344000 +8.47731291e+11 +8.47713379e+11  1.79e+07   4.11e+01     1.54e+01   66.879s
 345000 +8.47732401e+11 +8.47713211e+11  1.92e+07   4.02e+01     1.54e+01   67.059s
 346000 +8.47733473e+11 +8.47713175e+11  2.03e+07   3.97e+01     1.54e+01   67.240s
 347000 +8.47734131e+11 +8.47713086e+11  2.10e+07   3.91e+01     1.54e+01   67.421s
 348000 +8.47734706e+11 +8.47712824e+11  2.19e+07   3.93e+01     1.54e+01   67.602s
 349000 +8.47734978e+11 +8.47712442e+11  2.25e+07   3.93e+01     1.54e+01   67.783s
 350000 +8.47735136e+11 +8.47712540e+11  2.26e+07   3.94e+01     1.54e+01   67.964s
 351000 +8.47735155e+11 +8.47712266e+11  2.29e+07   3.91e+01     1.54e+01   68.145s
 352000 +8.47735119e+11 +8.47712114e+11  2.30e+07   3.91e+01     1.54e+01   68.326s
 353000 +8.47734889e+11 +8.47712164e+11  2.27e+07   3.90e+01     1.54e+01   68.507s
 354000 +8.47734603e+11 +8.47711866e+11  2.27e+07   3.89e+01     1.54e+01   68.688s
 355000 +8.47734200e+11 +8.47711803e+11  2.24e+07   3.91e+01     1.54e+01   68.868s
 356000 +8.47733683e+11 +8.47711694e+11  2.20e+07   3.90e+01     1.54e+01   69.049s
 357000 +8.47733137e+11 +8.47711734e+11  2.14e+07   3.93e+01     1.54e+01   69.230s
 358000 +8.47732541e+11 +8.47711759e+11  2.08e+07   3.93e+01     1.54e+01   69.410s
 359000 +8.47731881e+11 +8.47711724e+11  2.02e+07   3.92e+01     1.54e+01   69.591s
 360000 +8.47731051e+11 +8.47711700e+11  1.94e+07   3.96e+01     1.54e+01   69.771s
 361000 +8.47730307e+11 +8.47711724e+11  1.86e+07   3.92e+01     1.54e+01   69.952s
 362000 +8.47729439e+11 +8.47711701e+11  1.77e+07   3.95e+01     1.54e+01   70.132s
 363000 +8.47728698e+11 +8.47711892e+11  1.68e+07   3.99e+01     1.54e+01   70.313s
 364000 +8.47728047e+11 +8.47711929e+11  1.61e+07   4.02e+01     1.54e+01   70.493s
 365000 +8.47727418e+11 +8.47712210e+11  1.52e+07   4.01e+01     1.54e+01   70.674s
 366000 +8.47726799e+11 +8.47712421e+11  1.44e+07   4.01e+01     1.53e+01   70.855s
 367000 +8.47726285e+11 +8.47712340e+11  1.39e+07   3.99e+01     1.53e+01   71.036s
 368000 +8.47725771e+11 +8.47712660e+11  1.31e+07   4.00e+01     1.53e+01   71.214s
 369000 +8.47725263e+11 +8.47712739e+11  1.25e+07   4.05e+01     1.53e+01   71.392s
 370000 +8.47724896e+11 +8.47712930e+11  1.20e+07   4.07e+01     1.53e+01   71.570s
 371000 +8.47724638e+11 +8.47713188e+11  1.15e+07   4.08e+01     1.53e+01   71.748s
 372000 +8.47724670e+11 +8.47713525e+11  1.11e+07   4.03e+01     1.53e+01   71.926s
 373000 +8.47724926e+11 +8.47713780e+11  1.11e+07   4.03e+01     1.53e+01   72.104s
 374000 +8.47725240e+11 +8.47713866e+11  1.14e+07   3.98e+01     1.53e+01   72.282s
 375000 +8.47725609e+11 +8.47713995e+11  1.16e+07   4.00e+01     1.53e+01   72.463s
 376000 +8.47726036e+11 +8.47714044e+11  1.20e+07   3.97e+01     1.53e+01   72.645s
 377000 +8.47726440e+11 +8.47714457e+11  1.20e+07   3.96e+01     1.53e+01   72.826s
 378000 +8.47726976e+11 +8.47714439e+11  1.25e+07   3.95e+01     1.53e+01   73.007s
 379000 +8.47727632e+11 +8.47714525e+11  1.31e+07   3.95e+01     1.53e+01   73.188s
 380000 +8.47728365e+11 +8.47714726e+11  1.36e+07   3.97e+01     1.53e+01   73.369s
 381000 +8.47729171e+11 +8.47714734e+11  1.44e+07   3.92e+01     1.53e+01   73.549s
 382000 +8.47729926e+11 +8.47714795e+11  1.51e+07   3.92e+01     1.53e+01   73.728s
 383000 +8.47730627e+11 +8.47714799e+11  1.58e+07   3.93e+01     1.53e+01   73.907s
 384000 +8.47731364e+11 +8.47714870e+11  1.65e+07   3.95e+01     1.53e+01   74.086s
 385000 +8.47732102e+11 +8.47714893e+11  1.72e+07   3.93e+01     1.53e+01   74.265s
 386000 +8.47732785e+11 +8.47714787e+11  1.80e+07   3.93e+01     1.53e+01   74.444s
 387000 +8.47733478e+11 +8.47714920e+11  1.86e+07   3.94e+01     1.53e+01   74.623s
 388000 +8.47734130e+11 +8.47715001e+11  1.91e+07   3.95e+01     1.53e+01   74.802s
 389000 +8.47734700e+11 +8.47715049e+11  1.97e+07   3.96e+01     1.53e+01   74.981s
 390000 +8.47735269e+11 +8.47714900e+11  2.04e+07   3.95e+01     1.53e+01   75.160s
 391000 +8.47735796e+11 +8.47714998e+11  2.08e+07   3.96e+01     1.53e+01   75.339s
 392000 +8.47736382e+11 +8.47715021e+11  2.14e+07   3.93e+01     1.53e+01   75.518s
 393000 +8.47737033e+11 +8.47715138e+11  2.19e+07   3.94e+01     1.53e+01   75.697s
 394000 +8.47737632e+11 +8.47715096e+11  2.25e+07   3.94e+01     1.53e+01   75.876s
 395000 +8.47737981e+11 +8.47714890e+11  2.31e+07   3.88e+01     1.52e+01   76.056s
 396000 +8.47738193e+11 +8.47714612e+11  2.36e+07   3.81e+01     1.51e+01   76.236s
 397000 +8.47738241e+11 +8.47715245e+11  2.30e+07   3.82e+01     1.50e+01   76.417s
 398000 +8.47738229e+11 +8.47715648e+11  2.26e+07   3.80e+01     1.50e+01   76.598s
 399000 +8.47738146e+11 +8.47715285e+11  2.29e+07   3.75e+01     1.50e+01   76.780s
 400000 +8.47738007e+11 +8.47714858e+11  2.31e+07   3.78e+01     1.50e+01   76.962s
 401000 +8.47737902e+11 +8.47714352e+11  2.35e+07   3.74e+01     1.49e+01   77.143s
 402000 +8.47737748e+11 +8.47714126e+11  2.36e+07   3.75e+01     1.49e+01   77.324s
 403000 +8.47737519e+11 +8.47714402e+11  2.31e+07   3.67e+01     1.48e+01   77.505s
 404000 +8.47737094e+11 +8.47714844e+11  2.23e+07   3.71e+01     1.48e+01   77.686s
 405000 +8.47736785e+11 +8.47714929e+11  2.19e+07   3.72e+01     1.48e+01   77.866s
 406000 +8.47736355e+11 +8.47714953e+11  2.14e+07   3.69e+01     1.48e+01   78.046s
 407000 +8.47735956e+11 +8.47714714e+11  2.12e+07   3.71e+01     1.48e+01   78.227s
 408000 +8.47735430e+11 +8.47714483e+11  2.09e+07   3.66e+01     1.46e+01   78.407s
 409000 +8.47734939e+11 +8.47714242e+11  2.07e+07   3.64e+01     1.46e+01   78.587s
 410000 +8.47734413e+11 +8.47714275e+11  2.01e+07   3.68e+01     1.46e+01   78.768s
 411000 +8.47733963e+11 +8.47714357e+11  1.96e+07   3.66e+01     1.46e+01   78.948s
 412000 +8.47733479e+11 +8.47714828e+11  1.87e+07   3.73e+01     1.46e+01   79.129s
 413000 +8.47733047e+11 +8.47714896e+11  1.82e+07   3.68e+01     1.46e+01   79.310s
 414000 +8.47732608e+11 +8.47715058e+11  1.75e+07   3.70e+01     1.46e+01   79.490s
 415000 +8.47732214e+11 +8.47714785e+11  1.74e+07   3.65e+01     1.46e+01   79.671s
 416000 +8.47731717e+11 +8.47714913e+11  1.68e+07   3.66e+01     1.46e+01   79.852s
 417000 +8.47731221e+11 +8.47714605e+11  1.66e+07   3.66e+01     1.46e+01   80.034s
 418000 +8.47730717e+11 +8.47714804e+11  1.59e+07   3.66e+01     1.45e+01   80.214s
 419000 +8.47730384e+11 +8.47715068e+11  1.53e+07   3.68e+01     1.45e+01   80.395s
 420000 +8.47730091e+11 +8.47715332e+11  1.48e+07   3.69e+01     1.44e+01   80.577s
 421000 +8.47729963e+11 +8.47715710e+11  1.43e+07   3.66e+01     1.44e+01   80.757s
 422000 +8.47729868e+11 +8.47716019e+11  1.38e+07   3.62e+01     1.44e+01   80.938s
 423000 +8.47729955e+11 +8.47715891e+11  1.41e+07   3.62e+01     1.43e+01   81.120s
 424000 +8.47729944e+11 +8.47715714e+11  1.42e+07   3.60e+01     1.43e+01   81.301s
 425000 +8.47730032e+11 +8.47715397e+11  1.46e+07   3.63e+01     1.43e+01   81.482s
 426000 +8.47730120e+11 +8.47715402e+11  1.47e+07   3.61e+01     1.43e+01   81.663s
 427000 +8.47730348e+11 +8.47715835e+11  1.45e+07   3.59e+01     1.42e+01   81.844s
 428000 +8.47730581e+11 +8.47716024e+11  1.46e+07   3.56e+01     1.42e+01   82.025s
 429000 +8.47730953e+11 +8.47716171e+11  1.48e+07   3.59e+01     1.42e+01   82.206s
 430000 +8.47731236e+11 +8.47716311e+11  1.49e+07   3.56e+01     1.42e+01   82.387s
 431000 +8.47731634e+11 +8.47716281e+11  1.54e+07   3.60e+01     1.42e+01   82.568s
 432000 +8.47731990e+11 +8.47716156e+11  1.58e+07   3.42e+01     1.39e+01   82.749s
 433000 +8.47732335e+11 +8.47716036e+11  1.63e+07   3.39e+01     1.37e+01   82.930s
 434000 +8.47732774e+11 +8.47715824e+11  1.70e+07   3.40e+01     1.37e+01   83.111s
 435000 +8.47732815e+11 +8.47717876e+11  1.49e+07   2.99e+01     1.62e+02   83.294s
 436000 +8.47732706e+11 +8.47715232e+11  1.75e+07   2.51e+01     1.37e+02   83.474s
 437000 +8.47732470e+11 +8.47709649e+11  2.28e+07   2.11e+01     1.14e+02   83.655s
 438000 +8.47732165e+11 +8.47708007e+11  2.42e+07   1.95e+01     1.01e+02   83.835s
 439000 +8.47731699e+11 +8.47708221e+11  2.35e+07   1.72e+01     9.15e+01   84.015s
 440000 +8.47731260e+11 +8.47709121e+11  2.21e+07   1.45e+01     8.11e+01   84.196s
 441000 +8.47730812e+11 +8.47707454e+11  2.34e+07   1.24e+01     7.13e+01   84.377s
 442000 +8.47730385e+11 +8.47702528e+11  2.79e+07   1.20e+01     6.43e+01   84.557s
 443000 +8.47729923e+11 +8.47704913e+11  2.50e+07   1.06e+01     5.94e+01   84.738s
 444000 +8.47729503e+11 +8.47702963e+11  2.65e+07   9.59e+00     5.31e+01   84.919s
 445000 +8.47728959e+11 +8.47702379e+11  2.66e+07   8.44e+00     4.44e+01   85.100s
 446000 +8.47728423e+11 +8.47700815e+11  2.76e+07   7.51e+00     4.20e+01   85.281s
 447000 +8.47727840e+11 +8.47699751e+11  2.81e+07   7.20e+00     4.06e+01   85.462s
 448000 +8.47727412e+11 +8.47692972e+11  3.44e+07   5.54e+00     1.75e+02   85.644s
 449000 +8.47727299e+11 +8.47671446e+11  5.59e+07   6.14e+00     6.05e+01   85.825s
 450000 +8.47727064e+11 +8.47661151e+11  6.59e+07   6.25e+00     4.10e+01   86.006s
 451000 +8.47726714e+11 +8.47649272e+11  7.74e+07   5.15e+00     4.01e+01   86.186s
 452000 +8.47726316e+11 +8.47638771e+11  8.75e+07   4.45e+00     3.75e+01   86.367s
 453000 +8.47726145e+11 +8.47608105e+11  1.18e+08   4.45e+00     4.97e+01   86.550s
 454000 +8.47725886e+11 +8.47582504e+11  1.43e+08   4.11e+00     5.48e+01   86.730s
 455000 +8.47725539e+11 +8.47552755e+11  1.73e+08   3.94e+00     6.20e+01   86.911s
 456000 +8.47725103e+11 +8.47526103e+11  1.99e+08   3.76e+00     6.96e+01   87.092s
 457000 +8.47724552e+11 +8.47501597e+11  2.23e+08   3.53e+00     7.72e+01   87.273s
 458000 +8.47723901e+11 +8.47477943e+11  2.46e+08   3.37e+00     8.35e+01   87.454s
 459000 +8.47723172e+11 +8.47456838e+11  2.66e+08   3.21e+00     8.84e+01   87.634s
 460000 +8.47722365e+11 +8.47440125e+11  2.82e+08   2.98e+00     9.21e+01   87.815s
 461000 +8.47721502e+11 +8.47425783e+11  2.96e+08   2.59e+00     9.48e+01   87.996s
 462000 +8.47720611e+11 +8.47418700e+11  3.02e+08   2.14e+00     9.64e+01   88.176s
 463000 +8.47719714e+11 +8.47417058e+11  3.03e+08   1.76e+00     9.70e+01   88.357s
 464000 +8.47718825e+11 +8.47418844e+11  3.00e+08   1.40e+00     9.64e+01   88.538s
 465000 +8.47717984e+11 +8.47421934e+11  2.96e+08   1.07e+00     9.45e+01   88.719s
 466000 +8.47717210e+11 +8.47431278e+11  2.86e+08   3.76e-01     9.14e+01   88.899s
 467000 +8.47716523e+11 +8.47444456e+11  2.72e+08   1.21e-01     8.72e+01   89.077s
 468000 +8.47715940e+11 +8.47460780e+11  2.55e+08   3.38e-01     8.21e+01   89.255s
 469000 +8.47715476e+11 +8.47475884e+11  2.40e+08   4.55e-01     7.67e+01   89.433s
 470000 +8.47715114e+11 +8.47492270e+11  2.23e+08   6.02e-01     7.12e+01   89.612s
 471000 +8.47714855e+11 +8.47508658e+11  2.06e+08   6.86e-01     6.58e+01   89.790s
 472000 +8.47714691e+11 +8.47527057e+11  1.88e+08   7.43e-01     6.09e+01   89.968s
 473000 +8.47714625e+11 +8.47539304e+11  1.75e+08   7.62e-01     5.64e+01   90.146s
 474000 +8.47714632e+11 +8.47558948e+11  1.56e+08   9.17e-01     5.22e+01   90.324s
 475000 +8.47714686e+11 +8.47575770e+11  1.39e+08   9.14e-01     4.84e+01   90.502s
 476000 +8.47714798e+11 +8.47594243e+11  1.21e+08   7.23e-01     4.50e+01   90.680s
 477000 +8.47714947e+11 +8.47601460e+11  1.13e+08   5.92e-01     4.21e+01   90.858s
 478000 +8.47715105e+11 +8.47611742e+11  1.03e+08   5.85e-01     3.95e+01   91.036s
 479000 +8.47715258e+11 +8.47620272e+11  9.50e+07   4.92e-01     3.70e+01   91.214s
 480000 +8.47715391e+11 +8.47623018e+11  9.24e+07   4.64e-01     3.52e+01   91.392s
 481000 +8.47715536e+11 +8.47633417e+11  8.21e+07   3.11e-01     3.35e+01   91.571s
 482000 +8.47715682e+11 +8.47636749e+11  7.89e+07   3.74e-01     3.20e+01   91.749s
 483000 +8.47715822e+11 +8.47640122e+11  7.57e+07   3.27e-01     3.08e+01   91.927s
 484000 +8.47715974e+11 +8.47637370e+11  7.86e+07   2.53e-01     3.02e+01   92.104s
 485000 +8.47716115e+11 +8.47646180e+11  6.99e+07   8.75e-02     2.94e+01   92.282s
 486000 +8.47716242e+11 +8.47640706e+11  7.55e+07   1.77e-01     2.87e+01   92.460s
 487000 +8.47716059e+11 +8.47643674e+11  7.24e+07   4.26e-01     2.54e+01   92.639s
 488000 +8.47714729e+11 +8.47641678e+11  7.31e+07   8.78e-01     2.38e+01   92.817s
 489000 +8.47713323e+11 +8.47640843e+11  7.25e+07   1.99e+00     2.32e+01   92.995s
 490000 +8.47711877e+11 +8.47643805e+11  6.81e+07   2.88e+00     2.25e+01   93.173s
 491000 +8.47710479e+11 +8.47645780e+11  6.47e+07   3.16e+00     2.19e+01   93.351s
 492000 +8.47709142e+11 +8.47647846e+11  6.13e+07   3.60e+00     2.12e+01   93.530s
 493000 +8.47707908e+11 +8.47649329e+11  5.86e+07   4.11e+00     2.05e+01   93.709s
 494000 +8.47706756e+11 +8.47652430e+11  5.43e+07   4.57e+00     1.97e+01   93.887s
 495000 +8.47705685e+11 +8.47655344e+11  5.03e+07   4.84e+00     1.88e+01   94.067s
 496000 +8.47704682e+11 +8.47658833e+11  4.58e+07   5.23e+00     1.77e+01   94.245s
 497000 +8.47703756e+11 +8.47662664e+11  4.11e+07   5.60e+00     1.67e+01   94.425s
 498000 +8.47702961e+11 +8.47665924e+11  3.70e+07   6.06e+00     1.57e+01   94.604s
 499000 +8.47702292e+11 +8.47669803e+11  3.25e+07   6.65e+00     1.46e+01   94.783s
 500000 +8.47701765e+11 +8.47674643e+11  2.71e+07   6.95e+00     1.35e+01   94.962s
 501000 +8.47701392e+11 +8.47678493e+11  2.29e+07   6.88e+00     1.25e+01   95.140s
 502000 +8.47701149e+11 +8.47682518e+11  1.86e+07   6.89e+00     1.14e+01   95.319s
 503000 +8.47701050e+11 +8.47686184e+11  1.49e+07   7.12e+00     1.04e+01   95.500s
 504000 +8.47701081e+11 +8.47690521e+11  1.06e+07   6.80e+00     9.55e+00   95.681s
 505000 +8.47701206e+11 +8.47694315e+11  6.89e+06   6.77e+00     8.65e+00   95.862s
 506000 +8.47701401e+11 +8.47697802e+11  3.60e+06   6.63e+00     7.88e+00   96.043s
 507000 +8.47701707e+11 +8.47701684e+11  2.28e+04   6.63e+00     7.22e+00   96.223s
 508000 +8.47702085e+11 +8.47704499e+11  2.41e+06   6.45e+00     6.61e+00   96.404s
 509000 +8.47702536e+11 +8.47708257e+11  5.72e+06   6.24e+00     6.12e+00   96.585s
 510000 +8.47703047e+11 +8.47710194e+11  7.15e+06   5.87e+00     5.57e+00   96.765s
 511000 +8.47703571e+11 +8.47712315e+11  8.74e+06   5.31e+00     5.21e+00   96.946s
 512000 +8.47704126e+11 +8.47715483e+11  1.14e+07   5.29e+00     4.96e+00   97.127s
 513000 +8.47704706e+11 +8.47716896e+11  1.22e+07   5.18e+00     4.78e+00   97.308s
 514000 +8.47705309e+11 +8.47718449e+11  1.31e+07   5.09e+00     4.74e+00   97.490s
 515000 +8.47705933e+11 +8.47721116e+11  1.52e+07   5.06e+00     4.69e+00   97.671s
 516000 +8.47706609e+11 +8.47721538e+11  1.49e+07   4.64e+00     4.65e+00   97.852s
 517000 +8.47707298e+11 +8.47723494e+11  1.62e+07   4.35e+00     4.59e+00   98.032s
 518000 +8.47708007e+11 +8.47724283e+11  1.63e+07   3.56e+00     4.57e+00   98.213s
 519000 +8.47708706e+11 +8.47724400e+11  1.57e+07   3.42e+00     4.51e+00   98.394s
 520000 +8.47709409e+11 +8.47725575e+11  1.62e+07   2.70e+00     4.52e+00   98.575s
 521000 +8.47710067e+11 +8.47725760e+11  1.57e+07   2.40e+00     4.43e+00   98.756s
 522000 +8.47710676e+11 +8.47724524e+11  1.38e+07   2.15e+00     4.42e+00   98.938s
 523000 +8.47711244e+11 +8.47724276e+11  1.30e+07   2.12e+00     4.41e+00   99.119s
 524000 +8.47711785e+11 +8.47723893e+11  1.21e+07   2.27e+00     4.27e+00   99.299s
 525000 +8.47712284e+11 +8.47724208e+11  1.19e+07   2.15e+00     4.06e+00   99.481s
 526000 +8.47712779e+11 +8.47723056e+11  1.03e+07   1.80e+00     3.89e+00   99.662s
 527000 +8.47712845e+11 +8.47726269e+11  1.34e+07   1.91e+00     4.40e+00   99.844s
 528000 +8.47712941e+11 +8.47728869e+11  1.59e+07   1.87e+00     4.51e+00   100.025s
 529000 +8.47713060e+11 +8.47730688e+11  1.76e+07   1.70e+00     4.85e+00   100.206s
 530000 +8.47713197e+11 +8.47732551e+11  1.94e+07   1.47e+00     5.26e+00   100.387s
 531000 +8.47713348e+11 +8.47734150e+11  2.08e+07   1.32e+00     5.64e+00   100.567s
 532000 +8.47713510e+11 +8.47735588e+11  2.21e+07   1.21e+00     5.99e+00   100.748s
 533000 +8.47713680e+11 +8.47736777e+11  2.31e+07   1.10e+00     6.33e+00   100.929s
 534000 +8.47713851e+11 +8.47737998e+11  2.41e+07   1.01e+00     6.52e+00   101.109s
 535000 +8.47714031e+11 +8.47739028e+11  2.50e+07   9.60e-01     6.81e+00   101.288s
 536000 +8.47714218e+11 +8.47739830e+11  2.56e+07   9.70e-01     7.06e+00   101.467s
 537000 +8.47714416e+11 +8.47740565e+11  2.61e+07   8.17e-01     7.25e+00   101.646s
 538000 +8.47714619e+11 +8.47741308e+11  2.67e+07   7.38e-01     7.41e+00   101.826s
 539000 +8.47714824e+11 +8.47741460e+11  2.66e+07   6.33e-01     7.51e+00   102.007s
 540000 +8.47715031e+11 +8.47741718e+11  2.67e+07   5.18e-01     7.57e+00   102.188s
 541000 +8.47715236e+11 +8.47741681e+11  2.64e+07   4.40e-01     7.57e+00   102.365s
 542000 +8.47715437e+11 +8.47741513e+11  2.61e+07   3.22e-01     7.53e+00   102.543s
 543000 +8.47715632e+11 +8.47741182e+11  2.56e+07   2.43e-01     7.45e+00   102.721s
 544000 +8.47715817e+11 +8.47740511e+11  2.47e+07   1.90e-01     7.22e+00   102.900s
 545000 +8.47715992e+11 +8.47740254e+11  2.43e+07   1.28e-01     7.04e+00   103.078s
 546000 +8.47716156e+11 +8.47739566e+11  2.34e+07   6.14e-02     6.86e+00   103.255s
 547000 +8.47716314e+11 +8.47738663e+11  2.23e+07   3.37e-02     6.60e+00   103.433s
 548000 +8.47716460e+11 +8.47738169e+11  2.17e+07   8.13e-02     6.36e+00   103.612s
 549000 +8.47716594e+11 +8.47736758e+11  2.02e+07   1.83e-01     6.03e+00   103.790s
 550000 +8.47716713e+11 +8.47735639e+11  1.89e+07   2.61e-01     5.73e+00   103.968s
 551000 +8.47716817e+11 +8.47734315e+11  1.75e+07   2.72e-01     5.38e+00   104.146s
 552000 +8.47716905e+11 +8.47733490e+11  1.66e+07   3.26e-01     5.03e+00   104.324s
 553000 +8.47716978e+11 +8.47731968e+11  1.50e+07   3.35e-01     4.66e+00   104.502s
 554000 +8.47717037e+11 +8.47730769e+11  1.37e+07   3.91e-01     4.32e+00   104.680s
 555000 +8.47717080e+11 +8.47729495e+11  1.24e+07   3.85e-01     3.96e+00   104.858s
 556000 +8.47717109e+11 +8.47728007e+11  1.09e+07   3.85e-01     3.60e+00   105.040s
 557000 +8.47717123e+11 +8.47727031e+11  9.91e+06   4.07e-01     3.26e+00   105.221s
 558000 +8.47717125e+11 +8.47725727e+11  8.60e+06   3.94e-01     2.95e+00   105.401s
 559000 +8.47717114e+11 +8.47724498e+11  7.38e+06   3.77e-01     2.64e+00   105.582s
 560000 +8.47717093e+11 +8.47723499e+11  6.41e+06   4.00e-01     2.33e+00   105.762s
 561000 +8.47717061e+11 +8.47722460e+11  5.40e+06   3.77e-01     2.10e+00   105.943s
 562000 +8.47717020e+11 +8.47721425e+11  4.41e+06   3.73e-01     1.84e+00   106.124s
 563000 +8.47716967e+11 +8.47720743e+11  3.78e+06   3.41e-01     1.66e+00   106.304s
 564000 +8.47716908e+11 +8.47719886e+11  2.98e+06   3.10e-01     1.51e+00   106.485s
 565000 +8.47716883e+11 +8.47719262e+11  2.38e+06   2.48e-01     1.29e+00   106.667s
 566000 +8.47717028e+11 +8.47719222e+11  2.19e+06   3.40e-01     1.22e+00   106.847s
 567000 +8.47717166e+11 +8.47719124e+11  1.96e+06   4.88e-01     1.20e+00   107.028s
 568000 +8.47717297e+11 +8.47719037e+11  1.74e+06   5.45e-01     1.18e+00   107.208s
 568200 +8.47717322e+11 +8.47719010e+11  1.69e+06   5.57e-01     1.18e+00   107.245s
LP Solver status:                Optimal
Primal objective:                +8.47717322e+11
Dual objective:                  +8.47719010e+11
Duality gap (abs/rel):           +1.69e+06 / +9.96e-07
Primal infeasibility (abs/rel):  +5.57e-01 / +4.36e-08
Dual infeasibility (abs/rel):    +1.18e+00 / +6.56e-07
PDLP finished
Status: Optimal   Objective: 8.47717322e+11  Iterations: 568200  Time: 107.283s

### exit_code=0
### finished=2026-08-10T12:16:03.260337
### gpu_peak_mb=5338.4
### gpu_peak2_mb=5242.4
### per_gpu_peak_mb=[5338.375, 5242.375, 5242.375, 5242.375, 5242.375, 5242.375, 5242.375, 5242.375]
