### solver=cuopt-distributed
### instance=/home/scratch.cmaes_sw/hans_lps/irish-electricity.mps
### n_gpus=8
### CUDA_VISIBLE_DEVICES=0,1,2,3,4,5,6,7
### started=2026-08-10T12:16:03.276306
### argv=/home/scratch.vmostovoi_gpu/mostovoi_cuopt/cpp/build/cuopt_cli --method 1 --mps-reader experimental-fast --time-limit 3600 --iteration-limit 1000000000 --relative-primal-tolerance 1e-6 --relative-dual-tolerance 1e-6 --relative-gap-tolerance 1e-6 --log-to-console true --num-gpus 8 /home/scratch.cmaes_sw/hans_lps/irish-electricity.mps
### --- solver output ---
Setting parameter iteration_limit to 1000000000
Setting parameter log_to_console to true
Setting parameter method to 1
Setting parameter num_gpus to 8
Setting parameter relative_dual_tolerance to 1.000000e-06
Setting parameter relative_gap_tolerance to 1.000000e-06
Setting parameter relative_primal_tolerance to 1.000000e-06
Setting parameter time_limit to 3.600000e+03
Reading file irish-electricity.mps
Using experimental fast MPS parser for '/home/scratch.cmaes_sw/hans_lps/irish-electricity.mps'
Read file irish-electricity.mps in 0.68 seconds
cuOpt version: 26.10.0, git hash: f3ebc673, host arch: x86_64, device archs: 100a-real
CPU: INTEL(R) XEON(R) PLATINUM 8570, threads (physical/logical): 112/224, RAM (available/total): 1963.41 / 2015.54 GiB
CUDA 13.3, device: NVIDIA B200 (ID 0), VRAM: 178.34 GiB
CUDA device UUID: 48ab7b4d-7b0a-65b7-4538-4e37338d2330
CUDA 13.3, device: NVIDIA B200 (ID 1), VRAM: 178.34 GiB
CUDA device UUID: 5dd43d25-54eb-687e-91f8-d4c917f40a3c
CUDA 13.3, device: NVIDIA B200 (ID 2), VRAM: 178.34 GiB
CUDA device UUID: a40e62a0-1502-ea41-88b7-8ebfb62f67b6
CUDA 13.3, device: NVIDIA B200 (ID 3), VRAM: 178.34 GiB
CUDA device UUID: 69c2235c-eda1-228c-f9ee-e444f16a4e31
CUDA 13.3, device: NVIDIA B200 (ID 4), VRAM: 178.34 GiB
CUDA device UUID: 92e986d5-fb1f-ac84-bd70-b03e127c762a
CUDA 13.3, device: NVIDIA B200 (ID 5), VRAM: 178.34 GiB
CUDA device UUID: fb4dfdcf-c8fe-1714-a140-0823be2fde13
CUDA 13.3, device: NVIDIA B200 (ID 6), VRAM: 178.34 GiB
CUDA device UUID: 3519c8dd-244c-a241-e2ee-ef61e97ec465
CUDA 13.3, device: NVIDIA B200 (ID 7), VRAM: 178.34 GiB
CUDA device UUID: b80ee313-5762-b760-dd9a-a5669634bef9
Solving a problem with 104259 constraints, 61728 variables (0 integers), and 523257 nonzeros
Using PSLP presolver
PSLP Presolved problem: 71918 constraints, 41271 variables, 412742 non-zeros
PSLP presolve time: 0.07s
Solving with distributed PDLP on 8 GPUs.
NCCL version 2.30.7+cuda13.3
      0 +0.00000000e+00 +0.00000000e+00  0.00e+00   3.90e+04     9.42e+05   3.853s
   1000 +2.48072337e+06 +2.55460335e+06  7.39e+04   8.18e+01     1.15e+02   4.231s
   2000 +2.47038693e+06 +2.47570220e+06  5.32e+03   3.85e+01     7.14e+00   4.421s
   3000 +2.47046383e+06 +2.47579132e+06  5.33e+03   1.37e+01     2.79e+00   4.611s
   4000 +2.47083238e+06 +2.47710430e+06  6.27e+03   6.78e+00     6.00e+00   4.801s
   5000 +2.47156035e+06 +2.47948035e+06  7.92e+03   4.42e+00     6.46e+00   4.989s
   6000 +2.47214606e+06 +2.48171871e+06  9.57e+03   3.05e+00     1.86e+01   5.182s
   7000 +2.47421103e+06 +2.48618276e+06  1.20e+04   2.26e+00     2.52e+01   5.369s
   8000 +2.47572187e+06 +2.49012367e+06  1.44e+04   1.61e+00     2.34e+01   5.557s
   9000 +2.47692947e+06 +2.49351828e+06  1.66e+04   1.55e+00     2.15e+01   5.744s
  10000 +2.48275854e+06 +2.49989048e+06  1.71e+04   1.08e+00     5.16e+01   5.932s
  11000 +2.48524957e+06 +2.50492056e+06  1.97e+04   9.69e-01     5.69e+01   6.112s
  12000 +2.48791796e+06 +2.50914003e+06  2.12e+04   8.17e-01     6.13e+01   6.296s
  13000 +2.48948656e+06 +2.51343678e+06  2.40e+04   7.88e-01     5.54e+01   6.484s
  14000 +2.49111906e+06 +2.51592540e+06  2.48e+04   7.11e-01     5.35e+01   6.674s
  15000 +2.49615306e+06 +2.52022997e+06  2.41e+04   5.27e-01     8.61e+01   6.857s
  16000 +2.49819148e+06 +2.52532114e+06  2.71e+04   4.35e-01     9.23e+01   7.037s
  17000 +2.50119031e+06 +2.52832319e+06  2.71e+04   4.24e-01     9.99e+01   7.219s
  18000 +2.50303829e+06 +2.53126364e+06  2.82e+04   3.94e-01     9.68e+01   7.400s
  19000 +2.50586268e+06 +2.53329073e+06  2.74e+04   4.05e-01     9.30e+01   7.581s
  20000 +2.50780119e+06 +2.53596139e+06  2.82e+04   3.88e-01     8.82e+01   7.761s
  21000 +2.50943372e+06 +2.53746069e+06  2.80e+04   3.91e-01     8.35e+01   7.942s
  22000 +2.51081587e+06 +2.53991520e+06  2.91e+04   3.80e-01     8.31e+01   8.122s
  23000 +2.51581520e+06 +2.54210049e+06  2.63e+04   2.36e-01     1.17e+02   8.304s
  24000 +2.52107305e+06 +2.54419647e+06  2.31e+04   2.26e-01     1.66e+02   8.484s
  25000 +2.52622019e+06 +2.54527941e+06  1.91e+04   2.05e-01     1.85e+02   8.665s
  26000 +2.53029840e+06 +2.54643843e+06  1.61e+04   1.85e-01     1.98e+02   8.845s
  27000 +2.53293969e+06 +2.54796625e+06  1.50e+04   1.68e-01     1.87e+02   9.027s
  28000 +2.53484394e+06 +2.54777977e+06  1.29e+04   1.69e-01     1.84e+02   9.208s
  29000 +2.53671378e+06 +2.54711926e+06  1.04e+04   1.50e-01     1.73e+02   9.389s
  30000 +2.53792854e+06 +2.54836095e+06  1.04e+04   1.69e-01     1.66e+02   9.570s
  31000 +2.53891302e+06 +2.54855443e+06  9.64e+03   1.26e-01     1.54e+02   9.750s
  32000 +2.53981408e+06 +2.54979992e+06  9.99e+03   1.29e-01     1.42e+02   9.930s
  33000 +2.54042317e+06 +2.54877246e+06  8.35e+03   1.15e-01     1.32e+02   10.111s
  34000 +2.54090982e+06 +2.54827548e+06  7.37e+03   1.04e-01     1.24e+02   10.289s
  35000 +2.54126623e+06 +2.54904795e+06  7.78e+03   9.92e-02     1.18e+02   10.469s
  36000 +2.54262401e+06 +2.54654762e+06  3.92e+03   6.05e-02     1.08e+02   10.648s
  37000 +2.54327061e+06 +2.54491697e+06  1.65e+03   5.99e-02     1.00e+02   10.828s
  38000 +2.54381569e+06 +2.54428454e+06  4.69e+02   5.93e-02     9.83e+01   11.009s
  39000 +2.54426324e+06 +2.54425307e+06  1.02e+01   6.59e-02     9.70e+01   11.190s
  40000 +2.54451777e+06 +2.54439217e+06  1.26e+02   6.17e-02     9.39e+01   11.371s
  41000 +2.54466829e+06 +2.54447973e+06  1.89e+02   5.04e-02     9.16e+01   11.552s
  42000 +2.54480976e+06 +2.54456600e+06  2.44e+02   5.48e-02     9.04e+01   11.732s
  43000 +2.54491300e+06 +2.54485436e+06  5.86e+01   4.91e-02     8.73e+01   11.913s
  44000 +2.54505146e+06 +2.54520012e+06  1.49e+02   4.38e-02     8.48e+01   12.094s
  45000 +2.54521907e+06 +2.54542965e+06  2.11e+02   4.76e-02     8.16e+01   12.276s
  46000 +2.54529567e+06 +2.54593339e+06  6.38e+02   4.38e-02     7.86e+01   12.456s
  47000 +2.54535098e+06 +2.54631008e+06  9.59e+02   4.44e-02     7.69e+01   12.638s
  48000 +2.54535387e+06 +2.54672359e+06  1.37e+03   4.50e-02     6.99e+01   12.818s
  49000 +2.54532485e+06 +2.54680655e+06  1.48e+03   4.30e-02     6.61e+01   12.998s
  50000 +2.54539785e+06 +2.54627502e+06  8.77e+02   3.89e-02     6.49e+01   13.178s
  51000 +2.54545393e+06 +2.54639700e+06  9.43e+02   3.82e-02     6.23e+01   13.358s
  52000 +2.54555015e+06 +2.54608173e+06  5.32e+02   4.38e-02     6.13e+01   13.537s
  53000 +2.54556167e+06 +2.54564694e+06  8.53e+01   4.17e-02     6.10e+01   13.717s
  54000 +2.54558659e+06 +2.54537755e+06  2.09e+02   4.42e-02     6.06e+01   13.898s
  55000 +2.54554337e+06 +2.54540003e+06  1.43e+02   4.02e-02     5.83e+01   14.078s
  56000 +2.54566662e+06 +2.54499948e+06  6.67e+02   3.50e-02     5.23e+01   14.260s
  57000 +2.54574166e+06 +2.54502090e+06  7.21e+02   3.15e-02     5.13e+01   14.441s
  58000 +2.54580747e+06 +2.54566874e+06  1.39e+02   4.22e-02     5.05e+01   14.621s
  59000 +2.54588235e+06 +2.54693638e+06  1.05e+03   6.00e-02     4.61e+01   14.801s
  60000 +2.54599187e+06 +2.54736666e+06  1.37e+03   4.00e-02     4.40e+01   14.981s
  61000 +2.54608098e+06 +2.54759510e+06  1.51e+03   4.42e-02     4.19e+01   15.162s
  62000 +2.54615016e+06 +2.54780084e+06  1.65e+03   3.55e-02     3.97e+01   15.342s
  63000 +2.54620800e+06 +2.54795921e+06  1.75e+03   3.40e-02     3.93e+01   15.520s
  64000 +2.54626647e+06 +2.54853386e+06  2.27e+03   3.05e-02     3.78e+01   15.698s
  65000 +2.54630532e+06 +2.54856129e+06  2.26e+03   2.64e-02     3.76e+01   15.875s
  66000 +2.54634814e+06 +2.54848454e+06  2.14e+03   3.18e-02     3.51e+01   16.053s
  67000 +2.54646930e+06 +2.54860852e+06  2.14e+03   2.10e-02     3.03e+01   16.233s
  68000 +2.54652900e+06 +2.54862644e+06  2.10e+03   1.93e-02     2.96e+01   16.411s
  69000 +2.54655636e+06 +2.54859223e+06  2.04e+03   2.02e-02     2.95e+01   16.589s
  70000 +2.54657673e+06 +2.54855161e+06  1.97e+03   2.00e-02     2.89e+01   16.766s
  71000 +2.54656918e+06 +2.54857231e+06  2.00e+03   2.15e-02     2.80e+01   16.944s
  72000 +2.54655413e+06 +2.54881037e+06  2.26e+03   2.12e-02     2.82e+01   17.122s
  73000 +2.54654175e+06 +2.54883134e+06  2.29e+03   2.28e-02     2.73e+01   17.300s
  74000 +2.54651315e+06 +2.54863652e+06  2.12e+03   2.48e-02     2.71e+01   17.480s
  75000 +2.54648545e+06 +2.54891230e+06  2.43e+03   2.13e-02     2.66e+01   17.661s
  76000 +2.54650169e+06 +2.54897642e+06  2.47e+03   1.97e-02     2.65e+01   17.841s
  77000 +2.54652343e+06 +2.54907278e+06  2.55e+03   1.78e-02     2.58e+01   18.019s
  78000 +2.54651756e+06 +2.54915886e+06  2.64e+03   2.12e-02     2.59e+01   18.197s
  79000 +2.54649708e+06 +2.54933283e+06  2.84e+03   2.21e-02     2.59e+01   18.376s
  80000 +2.54650899e+06 +2.54948076e+06  2.97e+03   2.11e-02     2.57e+01   18.555s
  81000 +2.54650549e+06 +2.54957529e+06  3.07e+03   2.03e-02     2.54e+01   18.733s
  82000 +2.54653570e+06 +2.54962178e+06  3.09e+03   2.29e-02     2.52e+01   18.912s
  83000 +2.54652110e+06 +2.54964623e+06  3.13e+03   1.92e-02     2.49e+01   19.091s
  84000 +2.54650366e+06 +2.54986507e+06  3.36e+03   1.99e-02     2.45e+01   19.269s
  85000 +2.54651167e+06 +2.54988778e+06  3.38e+03   2.25e-02     2.39e+01   19.448s
  86000 +2.54650619e+06 +2.54983429e+06  3.33e+03   2.30e-02     2.34e+01   19.626s
  87000 +2.54649938e+06 +2.54975286e+06  3.25e+03   2.03e-02     2.29e+01   19.805s
  88000 +2.54648406e+06 +2.54978290e+06  3.30e+03   2.29e-02     2.29e+01   19.983s
  89000 +2.54650253e+06 +2.54947383e+06  2.97e+03   1.99e-02     2.22e+01   20.161s
  90000 +2.54649362e+06 +2.54936347e+06  2.87e+03   2.22e-02     2.18e+01   20.339s
  91000 +2.54646763e+06 +2.54919757e+06  2.73e+03   1.97e-02     2.18e+01   20.517s
  92000 +2.54643013e+06 +2.54911697e+06  2.69e+03   2.00e-02     2.16e+01   20.696s
  93000 +2.54638986e+06 +2.54908311e+06  2.69e+03   2.02e-02     2.13e+01   20.874s
  94000 +2.54637196e+06 +2.54904874e+06  2.68e+03   2.03e-02     2.07e+01   21.052s
  95000 +2.54633609e+06 +2.54900078e+06  2.66e+03   1.83e-02     2.07e+01   21.230s
  96000 +2.54632877e+06 +2.54899608e+06  2.67e+03   1.98e-02     2.04e+01   21.409s
  97000 +2.54632149e+06 +2.54903178e+06  2.71e+03   1.85e-02     2.01e+01   21.587s
  98000 +2.54631710e+06 +2.54902085e+06  2.70e+03   1.88e-02     1.99e+01   21.764s
  99000 +2.54629651e+06 +2.54882669e+06  2.53e+03   1.98e-02     2.00e+01   21.941s
 100000 +2.54626030e+06 +2.54881570e+06  2.56e+03   2.19e-02     1.97e+01   22.119s
 101000 +2.54624219e+06 +2.54856015e+06  2.32e+03   2.00e-02     1.95e+01   22.296s
 102000 +2.54624191e+06 +2.54863747e+06  2.40e+03   1.92e-02     1.92e+01   22.475s
 103000 +2.54619780e+06 +2.54884438e+06  2.65e+03   1.95e-02     1.92e+01   22.653s
 104000 +2.54617177e+06 +2.54866610e+06  2.49e+03   1.71e-02     1.81e+01   22.832s
 105000 +2.54618364e+06 +2.54863982e+06  2.46e+03   1.92e-02     1.78e+01   23.009s
 106000 +2.54621060e+06 +2.54870178e+06  2.49e+03   2.32e-02     1.77e+01   23.187s
 107000 +2.54621436e+06 +2.54866393e+06  2.45e+03   2.43e-02     1.72e+01   23.364s
 108000 +2.54621297e+06 +2.54863583e+06  2.42e+03   2.63e-02     1.67e+01   23.542s
 109000 +2.54620746e+06 +2.54848484e+06  2.28e+03   2.63e-02     1.60e+01   23.719s
 110000 +2.54620679e+06 +2.54854385e+06  2.34e+03   2.24e-02     1.58e+01   23.896s
 111000 +2.54622436e+06 +2.54847919e+06  2.25e+03   2.64e-02     1.51e+01   24.075s
 112000 +2.54621918e+06 +2.54843167e+06  2.21e+03   1.96e-02     1.47e+01   24.252s
 113000 +2.54620403e+06 +2.54836660e+06  2.16e+03   2.03e-02     1.45e+01   24.430s
 114000 +2.54619081e+06 +2.54831775e+06  2.13e+03   2.00e-02     1.41e+01   24.608s
 115000 +2.54615514e+06 +2.54836287e+06  2.21e+03   1.94e-02     1.39e+01   24.785s
 116000 +2.54611956e+06 +2.54832368e+06  2.20e+03   1.81e-02     1.38e+01   24.962s
 117000 +2.54609020e+06 +2.54830019e+06  2.21e+03   1.80e-02     1.37e+01   25.140s
 118000 +2.54607515e+06 +2.54827326e+06  2.20e+03   1.80e-02     1.38e+01   25.317s
 119000 +2.54600475e+06 +2.54817628e+06  2.17e+03   1.81e-02     1.37e+01   25.494s
 120000 +2.54595138e+06 +2.54804673e+06  2.10e+03   2.90e-02     1.36e+01   25.671s
 121000 +2.54592717e+06 +2.54798779e+06  2.06e+03   1.94e-02     1.36e+01   25.848s
 122000 +2.54588450e+06 +2.54803015e+06  2.15e+03   1.85e-02     1.36e+01   26.026s
 123000 +2.54590215e+06 +2.54797282e+06  2.07e+03   2.87e-02     1.32e+01   26.206s
 124000 +2.54588426e+06 +2.54792867e+06  2.04e+03   7.89e-02     1.29e+01   26.383s
 125000 +2.54582345e+06 +2.54790102e+06  2.08e+03   4.14e-02     1.24e+01   26.561s
 126000 +2.54582995e+06 +2.54787349e+06  2.04e+03   4.56e-02     1.23e+01   26.738s
 127000 +2.54581492e+06 +2.54791924e+06  2.10e+03   3.16e-02     1.22e+01   26.916s
 128000 +2.54577529e+06 +2.54792382e+06  2.15e+03   3.69e-02     1.20e+01   27.093s
 129000 +2.54575082e+06 +2.54793355e+06  2.18e+03   4.59e-02     1.18e+01   27.271s
 130000 +2.54570026e+06 +2.54787960e+06  2.18e+03   4.29e-02     1.15e+01   27.448s
 131000 +2.54570363e+06 +2.54774076e+06  2.04e+03   4.34e-02     1.13e+01   27.626s
 132000 +2.54573190e+06 +2.54757089e+06  1.84e+03   4.51e-02     1.11e+01   27.803s
 133000 +2.54567688e+06 +2.54741010e+06  1.73e+03   4.51e-02     1.10e+01   27.980s
 134000 +2.54567774e+06 +2.54738081e+06  1.70e+03   3.85e-02     1.05e+01   28.157s
 135000 +2.54564589e+06 +2.54725453e+06  1.61e+03   3.99e-02     1.03e+01   28.335s
 136000 +2.54556271e+06 +2.54716281e+06  1.60e+03   3.47e-02     9.63e+00   28.512s
 137000 +2.54552390e+06 +2.54711194e+06  1.59e+03   3.75e-02     9.39e+00   28.689s
 138000 +2.54551271e+06 +2.54712369e+06  1.61e+03   4.06e-02     9.14e+00   28.866s
 139000 +2.54547880e+06 +2.54706307e+06  1.58e+03   3.76e-02     8.84e+00   29.044s
 140000 +2.54544908e+06 +2.54701680e+06  1.57e+03   4.07e-02     8.77e+00   29.221s
 141000 +2.54543147e+06 +2.54685901e+06  1.43e+03   4.03e-02     8.55e+00   29.399s
 142000 +2.54543536e+06 +2.54678828e+06  1.35e+03   4.33e-02     8.58e+00   29.577s
 143000 +2.54546763e+06 +2.54673668e+06  1.27e+03   4.56e-02     7.72e+00   29.754s
 144000 +2.54551860e+06 +2.54667761e+06  1.16e+03   4.33e-02     7.07e+00   29.932s
 145000 +2.54554748e+06 +2.54663151e+06  1.08e+03   3.71e-02     6.58e+00   30.109s
 146000 +2.54551182e+06 +2.54666166e+06  1.15e+03   3.64e-02     6.42e+00   30.286s
 147000 +2.54555958e+06 +2.54656205e+06  1.00e+03   6.16e-02     5.15e+00   30.466s
 148000 +2.54560512e+06 +2.54638826e+06  7.83e+02   6.09e-02     4.72e+00   30.643s
 149000 +2.54567523e+06 +2.54623148e+06  5.56e+02   5.19e-02     4.39e+00   30.820s
 150000 +2.54562854e+06 +2.54619452e+06  5.66e+02   5.29e-02     4.23e+00   30.997s
 151000 +2.54553640e+06 +2.54616897e+06  6.33e+02   5.14e-02     4.16e+00   31.174s
 152000 +2.54546233e+06 +2.54612625e+06  6.64e+02   4.33e-02     4.08e+00   31.352s
 153000 +2.54545988e+06 +2.54611785e+06  6.58e+02   4.37e-02     4.10e+00   31.529s
 154000 +2.54547142e+06 +2.54611897e+06  6.48e+02   6.01e-02     3.96e+00   31.706s
 155000 +2.54546430e+06 +2.54608981e+06  6.26e+02   5.25e-02     3.85e+00   31.883s
 156000 +2.54541705e+06 +2.54609086e+06  6.74e+02   3.83e-02     3.86e+00   32.060s
 157000 +2.54538810e+06 +2.54607784e+06  6.90e+02   5.05e-02     3.73e+00   32.238s
 158000 +2.54542168e+06 +2.54605991e+06  6.38e+02   5.03e-02     3.72e+00   32.415s
 159000 +2.54543357e+06 +2.54605595e+06  6.22e+02   5.15e-02     3.62e+00   32.592s
 160000 +2.54541925e+06 +2.54604687e+06  6.28e+02   4.99e-02     3.59e+00   32.771s
 161000 +2.54541504e+06 +2.54607683e+06  6.62e+02   4.10e-02     3.46e+00   32.948s
 162000 +2.54537450e+06 +2.54606871e+06  6.94e+02   4.75e-02     3.45e+00   33.125s
 163000 +2.54535924e+06 +2.54605009e+06  6.91e+02   4.70e-02     3.45e+00   33.303s
 164000 +2.54533936e+06 +2.54606251e+06  7.23e+02   4.54e-02     3.35e+00   33.481s
 165000 +2.54533232e+06 +2.54607814e+06  7.46e+02   4.10e-02     3.37e+00   33.658s
 166000 +2.54532687e+06 +2.54608045e+06  7.54e+02   3.86e-02     3.38e+00   33.836s
 167000 +2.54532323e+06 +2.54606336e+06  7.40e+02   4.75e-02     3.35e+00   34.013s
 168000 +2.54532339e+06 +2.54604476e+06  7.21e+02   8.60e-02     3.27e+00   34.193s
 169000 +2.54537872e+06 +2.54600513e+06  6.26e+02   7.16e-02     3.01e+00   34.371s
 170000 +2.54524247e+06 +2.54601835e+06  7.76e+02   6.11e-02     2.90e+00   34.549s
 171000 +2.54519842e+06 +2.54600681e+06  8.08e+02   5.94e-02     2.83e+00   34.728s
 172000 +2.54531021e+06 +2.54598928e+06  6.79e+02   4.89e-02     2.73e+00   34.906s
 173000 +2.54537723e+06 +2.54597762e+06  6.00e+02   5.99e-02     2.59e+00   35.083s
 174000 +2.54536941e+06 +2.54598266e+06  6.13e+02   1.13e-01     2.14e+00   35.261s
 175000 +2.54527531e+06 +2.54599046e+06  7.15e+02   7.13e-02     1.86e+00   35.439s
 176000 +2.54516118e+06 +2.54600543e+06  8.44e+02   7.28e-02     1.51e+00   35.617s
 177000 +2.54512007e+06 +2.54602019e+06  9.00e+02   6.89e-02     1.33e+00   35.795s
 178000 +2.54510761e+06 +2.54604449e+06  9.37e+02   6.13e-02     1.25e+00   35.973s
 179000 +2.54517485e+06 +2.54602047e+06  8.46e+02   5.93e-02     1.11e+00   36.150s
 180000 +2.54520014e+06 +2.54603177e+06  8.32e+02   5.17e-02     1.09e+00   36.329s
 181000 +2.54522789e+06 +2.54604264e+06  8.15e+02   5.09e-02     9.97e-01   36.506s
 182000 +2.54527972e+06 +2.54603602e+06  7.56e+02   5.28e-02     8.57e-01   36.684s
 183000 +2.54525716e+06 +2.54603222e+06  7.75e+02   4.17e-02     7.74e-01   36.862s
 184000 +2.54526027e+06 +2.54603321e+06  7.73e+02   4.31e-02     7.61e-01   37.040s
 185000 +2.54524769e+06 +2.54604370e+06  7.96e+02   3.40e-02     7.40e-01   37.218s
 186000 +2.54528430e+06 +2.54603247e+06  7.48e+02   4.24e-02     6.81e-01   37.396s
 187000 +2.54531196e+06 +2.54603104e+06  7.19e+02   4.16e-02     6.85e-01   37.574s
 188000 +2.54534605e+06 +2.54602697e+06  6.81e+02   3.92e-02     6.28e-01   37.751s
 189000 +2.54538157e+06 +2.54603211e+06  6.51e+02   2.97e-02     5.46e-01   37.928s
 190000 +2.54536070e+06 +2.54602290e+06  6.62e+02   3.54e-02     5.12e-01   38.106s
 191000 +2.54532687e+06 +2.54601587e+06  6.89e+02   2.83e-02     5.20e-01   38.284s
 192000 +2.54530109e+06 +2.54602483e+06  7.24e+02   3.51e-02     5.19e-01   38.461s
 193000 +2.54529221e+06 +2.54602235e+06  7.30e+02   2.52e-02     4.97e-01   38.638s
 194000 +2.54529361e+06 +2.54603050e+06  7.37e+02   2.10e-02     3.77e-01   38.817s
 195000 +2.54528410e+06 +2.54602843e+06  7.44e+02   1.83e-02     3.52e-01   38.995s
 196000 +2.54527091e+06 +2.54602665e+06  7.56e+02   1.77e-02     3.30e-01   39.173s
 197000 +2.54525695e+06 +2.54602633e+06  7.69e+02   1.64e-02     3.34e-01   39.350s
 198000 +2.54524848e+06 +2.54602800e+06  7.80e+02   1.54e-02     3.31e-01   39.528s
 199000 +2.54524244e+06 +2.54602874e+06  7.86e+02   1.43e-02     3.55e-01   39.705s
 200000 +2.54524818e+06 +2.54602799e+06  7.80e+02   1.29e-02     3.50e-01   39.882s
 201000 +2.54525162e+06 +2.54602723e+06  7.76e+02   1.28e-02     3.56e-01   40.059s
 202000 +2.54525528e+06 +2.54602819e+06  7.73e+02   1.18e-02     3.61e-01   40.236s
 203000 +2.54525974e+06 +2.54602909e+06  7.69e+02   1.18e-02     3.67e-01   40.413s
 204000 +2.54526077e+06 +2.54603292e+06  7.72e+02   1.45e-02     3.62e-01   40.591s
 205000 +2.54526594e+06 +2.54603870e+06  7.73e+02   1.12e-02     3.39e-01   40.768s
 206000 +2.54527243e+06 +2.54604125e+06  7.69e+02   1.34e-02     3.28e-01   40.945s
 207000 +2.54527605e+06 +2.54604502e+06  7.69e+02   1.28e-02     3.17e-01   41.122s
 208000 +2.54528360e+06 +2.54604659e+06  7.63e+02   1.24e-02     3.10e-01   41.299s
 209000 +2.54529004e+06 +2.54604658e+06  7.57e+02   1.35e-02     3.00e-01   41.475s
 210000 +2.54529491e+06 +2.54604994e+06  7.55e+02   1.30e-02     2.77e-01   41.653s
 211000 +2.54529694e+06 +2.54605142e+06  7.54e+02   1.36e-02     2.63e-01   41.830s
 212000 +2.54529547e+06 +2.54605098e+06  7.56e+02   1.58e-02     2.55e-01   42.007s
 213000 +2.54529194e+06 +2.54605066e+06  7.59e+02   1.44e-02     2.40e-01   42.185s
 214000 +2.54528618e+06 +2.54604864e+06  7.62e+02   1.41e-02     2.16e-01   42.362s
 215000 +2.54528297e+06 +2.54604453e+06  7.62e+02   1.39e-02     2.18e-01   42.539s
 216000 +2.54528135e+06 +2.54603917e+06  7.58e+02   1.21e-02     2.30e-01   42.716s
 217000 +2.54528480e+06 +2.54603989e+06  7.55e+02   1.24e-02     2.16e-01   42.893s
 218000 +2.54527922e+06 +2.54604040e+06  7.61e+02   1.26e-02     1.97e-01   43.071s
 219000 +2.54528493e+06 +2.54604420e+06  7.59e+02   1.29e-02     1.71e-01   43.248s
 220000 +2.54527788e+06 +2.54604529e+06  7.67e+02   1.26e-02     1.58e-01   43.426s
 221000 +2.54527052e+06 +2.54604567e+06  7.75e+02   1.21e-02     1.48e-01   43.604s
 222000 +2.54526837e+06 +2.54604427e+06  7.76e+02   1.14e-02     1.54e-01   43.782s
 223000 +2.54526264e+06 +2.54604384e+06  7.81e+02   1.26e-02     1.40e-01   43.959s
 224000 +2.54525495e+06 +2.54604361e+06  7.89e+02   1.14e-02     1.45e-01   44.136s
 225000 +2.54525480e+06 +2.54604565e+06  7.91e+02   1.19e-02     1.46e-01   44.314s
 226000 +2.54525289e+06 +2.54604400e+06  7.91e+02   9.71e-03     1.46e-01   44.492s
 227000 +2.54524596e+06 +2.54604500e+06  7.99e+02   1.09e-02     1.44e-01   44.669s
 228000 +2.54525395e+06 +2.54604199e+06  7.88e+02   1.15e-02     1.43e-01   44.846s
 229000 +2.54525974e+06 +2.54604264e+06  7.83e+02   1.06e-02     1.35e-01   45.023s
 230000 +2.54526305e+06 +2.54604257e+06  7.80e+02   1.05e-02     1.26e-01   45.200s
 231000 +2.54527187e+06 +2.54604145e+06  7.70e+02   9.79e-03     1.24e-01   45.378s
 232000 +2.54527518e+06 +2.54604348e+06  7.68e+02   1.01e-02     1.15e-01   45.556s
 233000 +2.54527940e+06 +2.54604706e+06  7.68e+02   8.97e-03     1.13e-01   45.733s
 234000 +2.54528128e+06 +2.54605013e+06  7.69e+02   9.06e-03     1.63e-01   45.912s
 235000 +2.54528060e+06 +2.54605340e+06  7.73e+02   8.71e-03     1.75e-01   46.089s
 236000 +2.54527821e+06 +2.54605380e+06  7.76e+02   8.58e-03     1.70e-01   46.267s
 237000 +2.54527613e+06 +2.54605389e+06  7.78e+02   8.55e-03     1.74e-01   46.444s
 238000 +2.54527534e+06 +2.54605529e+06  7.80e+02   8.43e-03     1.76e-01   46.622s
 239000 +2.54527487e+06 +2.54605659e+06  7.82e+02   8.29e-03     1.81e-01   46.799s
 240000 +2.54527500e+06 +2.54605744e+06  7.82e+02   8.16e-03     1.83e-01   46.976s
 241000 +2.54527578e+06 +2.54605770e+06  7.82e+02   7.78e-03     1.91e-01   47.153s
 242000 +2.54527679e+06 +2.54605688e+06  7.80e+02   7.62e-03     1.93e-01   47.330s
 243000 +2.54527874e+06 +2.54605597e+06  7.77e+02   7.55e-03     1.88e-01   47.508s
 244000 +2.54528062e+06 +2.54605496e+06  7.74e+02   7.61e-03     1.79e-01   47.685s
 245000 +2.54528102e+06 +2.54605505e+06  7.74e+02   7.51e-03     1.74e-01   47.862s
 246000 +2.54528158e+06 +2.54605390e+06  7.72e+02   7.52e-03     1.73e-01   48.039s
 247000 +2.54528333e+06 +2.54605267e+06  7.69e+02   7.60e-03     1.79e-01   48.217s
 248000 +2.54528586e+06 +2.54605088e+06  7.65e+02   7.40e-03     1.84e-01   48.394s
 249000 +2.54528886e+06 +2.54605094e+06  7.62e+02   7.20e-03     1.88e-01   48.572s
 250000 +2.54529093e+06 +2.54604985e+06  7.59e+02   6.93e-03     1.88e-01   48.749s
 251000 +2.54529168e+06 +2.54605106e+06  7.59e+02   6.80e-03     1.78e-01   48.925s
 252000 +2.54529335e+06 +2.54605008e+06  7.57e+02   6.82e-03     1.79e-01   49.102s
 253000 +2.54529393e+06 +2.54605260e+06  7.59e+02   7.36e-03     1.84e-01   49.280s
 254000 +2.54529800e+06 +2.54605446e+06  7.56e+02   6.93e-03     1.81e-01   49.457s
 255000 +2.54530213e+06 +2.54605432e+06  7.52e+02   7.30e-03     1.84e-01   49.634s
 256000 +2.54530370e+06 +2.54605467e+06  7.51e+02   6.84e-03     1.87e-01   49.811s
 257000 +2.54530598e+06 +2.54605459e+06  7.49e+02   6.89e-03     1.74e-01   49.988s
 258000 +2.54530920e+06 +2.54605542e+06  7.46e+02   6.85e-03     1.62e-01   50.166s
 259000 +2.54530961e+06 +2.54605615e+06  7.47e+02   6.81e-03     1.56e-01   50.343s
 260000 +2.54531287e+06 +2.54605662e+06  7.44e+02   7.01e-03     1.74e-01   50.520s
 261000 +2.54531173e+06 +2.54605627e+06  7.45e+02   7.75e-03     1.62e-01   50.697s
 262000 +2.54531117e+06 +2.54605958e+06  7.48e+02   8.20e-03     1.62e-01   50.874s
 263000 +2.54530782e+06 +2.54605937e+06  7.52e+02   6.97e-03     1.51e-01   51.053s
 264000 +2.54530762e+06 +2.54605775e+06  7.50e+02   6.91e-03     1.50e-01   51.230s
 265000 +2.54531029e+06 +2.54605888e+06  7.49e+02   7.04e-03     1.51e-01   51.407s
 266000 +2.54530817e+06 +2.54605719e+06  7.49e+02   6.71e-03     1.45e-01   51.585s
 267000 +2.54530946e+06 +2.54605738e+06  7.48e+02   7.07e-03     1.46e-01   51.762s
 268000 +2.54530770e+06 +2.54605359e+06  7.46e+02   6.80e-03     1.47e-01   51.939s
 269000 +2.54530781e+06 +2.54605822e+06  7.50e+02   6.97e-03     1.47e-01   52.117s
 270000 +2.54530757e+06 +2.54605815e+06  7.51e+02   7.10e-03     1.43e-01   52.296s
 271000 +2.54530620e+06 +2.54605805e+06  7.52e+02   6.91e-03     1.63e-01   52.474s
 272000 +2.54530513e+06 +2.54605804e+06  7.53e+02   6.63e-03     1.55e-01   52.652s
 273000 +2.54530678e+06 +2.54605861e+06  7.52e+02   6.45e-03     1.54e-01   52.830s
 274000 +2.54530608e+06 +2.54605856e+06  7.52e+02   7.28e-03     1.53e-01   53.008s
 275000 +2.54530617e+06 +2.54605955e+06  7.53e+02   6.47e-03     1.54e-01   53.186s
 276000 +2.54530740e+06 +2.54605737e+06  7.50e+02   6.86e-03     1.59e-01   53.364s
 277000 +2.54530670e+06 +2.54605925e+06  7.53e+02   6.48e-03     1.55e-01   53.542s
 278000 +2.54530543e+06 +2.54605834e+06  7.53e+02   6.83e-03     1.54e-01   53.721s
 279000 +2.54530573e+06 +2.54605396e+06  7.48e+02   6.49e-03     1.54e-01   53.899s
 280000 +2.54530749e+06 +2.54605728e+06  7.50e+02   6.64e-03     1.63e-01   54.077s
 281000 +2.54531047e+06 +2.54605927e+06  7.49e+02   6.34e-03     1.65e-01   54.255s
 282000 +2.54531040e+06 +2.54605949e+06  7.49e+02   6.73e-03     1.71e-01   54.433s
 283000 +2.54531151e+06 +2.54605468e+06  7.43e+02   6.81e-03     1.70e-01   54.612s
 284000 +2.54531503e+06 +2.54605528e+06  7.40e+02   6.49e-03     1.71e-01   54.790s
 285000 +2.54531809e+06 +2.54605450e+06  7.36e+02   6.64e-03     1.72e-01   54.968s
 286000 +2.54531907e+06 +2.54605535e+06  7.36e+02   6.37e-03     1.74e-01   55.147s
 287000 +2.54531647e+06 +2.54605074e+06  7.34e+02   6.83e-03     1.78e-01   55.326s
 288000 +2.54531824e+06 +2.54604987e+06  7.32e+02   6.45e-03     1.90e-01   55.505s
 289000 +2.54532024e+06 +2.54604975e+06  7.30e+02   6.89e-03     1.84e-01   55.684s
 290000 +2.54532141e+06 +2.54605157e+06  7.30e+02   6.82e-03     1.87e-01   55.862s
 291000 +2.54532458e+06 +2.54605541e+06  7.31e+02   6.77e-03     1.82e-01   56.039s
 292000 +2.54532680e+06 +2.54605428e+06  7.27e+02   6.88e-03     1.75e-01   56.217s
 293000 +2.54532626e+06 +2.54605260e+06  7.26e+02   7.37e-03     1.78e-01   56.395s
 294000 +2.54533197e+06 +2.54605663e+06  7.25e+02   6.87e-03     1.78e-01   56.573s
 295000 +2.54533301e+06 +2.54605326e+06  7.20e+02   6.56e-03     1.71e-01   56.750s
 296000 +2.54533606e+06 +2.54605949e+06  7.23e+02   7.32e-03     1.68e-01   56.928s
 297000 +2.54533739e+06 +2.54606120e+06  7.24e+02   6.72e-03     1.63e-01   57.106s
 298000 +2.54533470e+06 +2.54606392e+06  7.29e+02   6.81e-03     1.57e-01   57.284s
 299000 +2.54533256e+06 +2.54606561e+06  7.33e+02   6.73e-03     1.66e-01   57.461s
 300000 +2.54533111e+06 +2.54606742e+06  7.36e+02   6.74e-03     1.56e-01   57.639s
 301000 +2.54533098e+06 +2.54607060e+06  7.40e+02   6.51e-03     1.51e-01   57.817s
 302000 +2.54533223e+06 +2.54606676e+06  7.35e+02   6.55e-03     1.51e-01   57.994s
 303000 +2.54533022e+06 +2.54607193e+06  7.42e+02   6.56e-03     1.44e-01   58.172s
 304000 +2.54532777e+06 +2.54607510e+06  7.47e+02   6.71e-03     1.46e-01   58.350s
 305000 +2.54532505e+06 +2.54607365e+06  7.49e+02   6.48e-03     1.42e-01   58.527s
 306000 +2.54532446e+06 +2.54607338e+06  7.49e+02   6.42e-03     1.51e-01   58.705s
 307000 +2.54532331e+06 +2.54607219e+06  7.49e+02   6.65e-03     1.43e-01   58.883s
 308000 +2.54532363e+06 +2.54607324e+06  7.50e+02   6.24e-03     1.45e-01   59.060s
 309000 +2.54532516e+06 +2.54607252e+06  7.47e+02   6.14e-03     1.48e-01   59.238s
 310000 +2.54532237e+06 +2.54607354e+06  7.51e+02   6.37e-03     1.53e-01   59.416s
 311000 +2.54532334e+06 +2.54607486e+06  7.52e+02   6.19e-03     1.59e-01   59.594s
 312000 +2.54532443e+06 +2.54606915e+06  7.45e+02   6.19e-03     1.57e-01   59.772s
 313000 +2.54532874e+06 +2.54606773e+06  7.39e+02   6.33e-03     1.56e-01   59.950s
 314000 +2.54533189e+06 +2.54606800e+06  7.36e+02   6.05e-03     1.58e-01   60.127s
 315000 +2.54533464e+06 +2.54607235e+06  7.38e+02   6.02e-03     1.53e-01   60.305s
 316000 +2.54533973e+06 +2.54607563e+06  7.36e+02   6.16e-03     1.58e-01   60.483s
 317000 +2.54534408e+06 +2.54607420e+06  7.30e+02   6.19e-03     1.56e-01   60.661s
 318000 +2.54534517e+06 +2.54607355e+06  7.28e+02   6.09e-03     1.57e-01   60.838s
 319000 +2.54534902e+06 +2.54607190e+06  7.23e+02   6.02e-03     1.59e-01   61.016s
 320000 +2.54534822e+06 +2.54607113e+06  7.23e+02   6.32e-03     1.51e-01   61.194s
 321000 +2.54535461e+06 +2.54607032e+06  7.16e+02   5.97e-03     1.54e-01   61.371s
 322000 +2.54535355e+06 +2.54607195e+06  7.18e+02   6.38e-03     1.46e-01   61.549s
 323000 +2.54535357e+06 +2.54607350e+06  7.20e+02   5.92e-03     1.45e-01   61.726s
 324000 +2.54535328e+06 +2.54606801e+06  7.15e+02   5.91e-03     1.50e-01   61.904s
 325000 +2.54535452e+06 +2.54606768e+06  7.13e+02   5.86e-03     1.50e-01   62.082s
 326000 +2.54535638e+06 +2.54607310e+06  7.17e+02   5.98e-03     1.57e-01   62.260s
 327000 +2.54535632e+06 +2.54607042e+06  7.14e+02   5.82e-03     1.55e-01   62.437s
 328000 +2.54535750e+06 +2.54606950e+06  7.12e+02   5.82e-03     1.48e-01   62.615s
 329000 +2.54535769e+06 +2.54606846e+06  7.11e+02   5.69e-03     9.34e-01   62.795s
 330000 +2.54535808e+06 +2.54606128e+06  7.03e+02   5.46e-03     9.80e-01   62.972s
 331000 +2.54535788e+06 +2.54605916e+06  7.01e+02   5.38e-03     1.09e+00   63.150s
 332000 +2.54535778e+06 +2.54602897e+06  6.71e+02   5.43e-03     1.17e+00   63.327s
 333000 +2.54535676e+06 +2.54603241e+06  6.76e+02   5.42e-03     1.22e+00   63.505s
 334000 +2.54535638e+06 +2.54601069e+06  6.54e+02   5.39e-03     1.32e+00   63.682s
 335000 +2.54535775e+06 +2.54600245e+06  6.45e+02   5.47e-03     1.47e+00   63.859s
 336000 +2.54536095e+06 +2.54598452e+06  6.24e+02   5.50e-03     1.60e+00   64.037s
 337000 +2.54536379e+06 +2.54598114e+06  6.17e+02   5.17e-03     1.73e+00   64.216s
 338000 +2.54536963e+06 +2.54598906e+06  6.19e+02   5.25e-03     2.00e+00   64.395s
 339000 +2.54537502e+06 +2.54597660e+06  6.02e+02   5.26e-03     2.11e+00   64.573s
 340000 +2.54538028e+06 +2.54596012e+06  5.80e+02   5.17e-03     2.26e+00   64.752s
 341000 +2.54538559e+06 +2.54594104e+06  5.55e+02   5.31e-03     2.42e+00   64.930s
 342000 +2.54538974e+06 +2.54594059e+06  5.51e+02   5.40e-03     2.38e+00   65.108s
 343000 +2.54539806e+06 +2.54595798e+06  5.60e+02   5.26e-03     2.40e+00   65.286s
 344000 +2.54540398e+06 +2.54593039e+06  5.26e+02   5.55e-03     2.35e+00   65.464s
 345000 +2.54540757e+06 +2.54590888e+06  5.01e+02   5.12e-03     2.53e+00   65.643s
 346000 +2.54541068e+06 +2.54592537e+06  5.15e+02   5.29e-03     2.56e+00   65.820s
 347000 +2.54542339e+06 +2.54592483e+06  5.01e+02   5.15e-03     2.59e+00   65.997s
 348000 +2.54542742e+06 +2.54592375e+06  4.96e+02   5.14e-03     2.70e+00   66.174s
 349000 +2.54543616e+06 +2.54586327e+06  4.27e+02   5.25e-03     2.83e+00   66.351s
 350000 +2.54544383e+06 +2.54586387e+06  4.20e+02   4.88e-03     2.90e+00   66.528s
 351000 +2.54545053e+06 +2.54585131e+06  4.01e+02   4.86e-03     2.88e+00   66.705s
 352000 +2.54545928e+06 +2.54584289e+06  3.84e+02   4.92e-03     2.96e+00   66.882s
 353000 +2.54546693e+06 +2.54580566e+06  3.39e+02   4.79e-03     3.08e+00   67.060s
 354000 +2.54547366e+06 +2.54580690e+06  3.33e+02   4.64e-03     3.13e+00   67.237s
 355000 +2.54548005e+06 +2.54580764e+06  3.28e+02   4.63e-03     3.25e+00   67.414s
 356000 +2.54549292e+06 +2.54584208e+06  3.49e+02   4.52e-03     3.25e+00   67.592s
 357000 +2.54550542e+06 +2.54582821e+06  3.23e+02   4.56e-03     3.28e+00   67.769s
 358000 +2.54551391e+06 +2.54584094e+06  3.27e+02   4.57e-03     3.27e+00   67.946s
 359000 +2.54551734e+06 +2.54584311e+06  3.26e+02   4.48e-03     3.23e+00   68.124s
 360000 +2.54552338e+06 +2.54583863e+06  3.15e+02   4.55e-03     3.28e+00   68.303s
 361000 +2.54553752e+06 +2.54586336e+06  3.26e+02   4.46e-03     3.26e+00   68.482s
 362000 +2.54554492e+06 +2.54588445e+06  3.40e+02   4.65e-03     3.33e+00   68.661s
 363000 +2.54555532e+06 +2.54588078e+06  3.25e+02   4.78e-03     3.37e+00   68.839s
 364000 +2.54556123e+06 +2.54590159e+06  3.40e+02   4.91e-03     3.23e+00   69.017s
 365000 +2.54556740e+06 +2.54593079e+06  3.63e+02   4.69e-03     3.19e+00   69.195s
 366000 +2.54557583e+06 +2.54593855e+06  3.63e+02   4.98e-03     3.08e+00   69.373s
 367000 +2.54558349e+06 +2.54594029e+06  3.57e+02   5.04e-03     3.10e+00   69.552s
 368000 +2.54559270e+06 +2.54594624e+06  3.54e+02   4.90e-03     3.00e+00   69.731s
 369000 +2.54559697e+06 +2.54595132e+06  3.54e+02   4.95e-03     2.97e+00   69.909s
 370000 +2.54559811e+06 +2.54594391e+06  3.46e+02   4.77e-03     2.85e+00   70.087s
 371000 +2.54560019e+06 +2.54591911e+06  3.19e+02   4.67e-03     2.71e+00   70.265s
 372000 +2.54560491e+06 +2.54594009e+06  3.35e+02   4.47e-03     2.58e+00   70.444s
 373000 +2.54561030e+06 +2.54594722e+06  3.37e+02   4.48e-03     2.49e+00   70.623s
 374000 +2.54561477e+06 +2.54595946e+06  3.45e+02   4.64e-03     2.38e+00   70.801s
 375000 +2.54561816e+06 +2.54599800e+06  3.80e+02   4.42e-03     2.31e+00   70.978s
 376000 +2.54562239e+06 +2.54602868e+06  4.06e+02   4.44e-03     2.20e+00   71.156s
 377000 +2.54562221e+06 +2.54601953e+06  3.97e+02   4.25e-03     2.11e+00   71.334s
 378000 +2.54562748e+06 +2.54605111e+06  4.24e+02   4.38e-03     2.09e+00   71.511s
 379000 +2.54563020e+06 +2.54603683e+06  4.07e+02   4.65e-03     2.06e+00   71.689s
 380000 +2.54563269e+06 +2.54610807e+06  4.75e+02   4.54e-03     1.97e+00   71.867s
 381000 +2.54563276e+06 +2.54608458e+06  4.52e+02   4.58e-03     1.98e+00   72.045s
 382000 +2.54563627e+06 +2.54606061e+06  4.24e+02   4.39e-03     1.88e+00   72.222s
 383000 +2.54563839e+06 +2.54606495e+06  4.27e+02   4.31e-03     1.80e+00   72.400s
 384000 +2.54563670e+06 +2.54608047e+06  4.44e+02   4.14e-03     1.82e+00   72.578s
 385000 +2.54563566e+06 +2.54609174e+06  4.56e+02   4.33e-03     1.69e+00   72.755s
 386000 +2.54563408e+06 +2.54610181e+06  4.68e+02   4.50e-03     1.70e+00   72.933s
 387000 +2.54563472e+06 +2.54613922e+06  5.04e+02   4.37e-03     1.65e+00   73.111s
 388000 +2.54563251e+06 +2.54612805e+06  4.96e+02   4.22e-03     1.66e+00   73.288s
 389000 +2.54563433e+06 +2.54612686e+06  4.93e+02   4.14e-03     1.59e+00   73.466s
 390000 +2.54563614e+06 +2.54613824e+06  5.02e+02   4.22e-03     1.58e+00   73.644s
 391000 +2.54563434e+06 +2.54617041e+06  5.36e+02   4.02e-03     1.57e+00   73.822s
 392000 +2.54563051e+06 +2.54614999e+06  5.19e+02   4.14e-03     1.56e+00   73.999s
 393000 +2.54562920e+06 +2.54614759e+06  5.18e+02   4.13e-03     1.47e+00   74.177s
 394000 +2.54562643e+06 +2.54615636e+06  5.30e+02   4.10e-03     1.46e+00   74.354s
 395000 +2.54562376e+06 +2.54617434e+06  5.51e+02   4.00e-03     1.49e+00   74.532s
 396000 +2.54562287e+06 +2.54617515e+06  5.52e+02   4.04e-03     1.45e+00   74.710s
 397000 +2.54562188e+06 +2.54617870e+06  5.57e+02   3.93e-03     1.42e+00   74.887s
 398000 +2.54561875e+06 +2.54617594e+06  5.57e+02   3.92e-03     1.43e+00   75.065s
 399000 +2.54561691e+06 +2.54619363e+06  5.77e+02   4.02e-03     1.42e+00   75.242s
 400000 +2.54561578e+06 +2.54619120e+06  5.75e+02   4.02e-03     1.39e+00   75.419s
 401000 +2.54561434e+06 +2.54620420e+06  5.90e+02   3.99e-03     1.38e+00   75.597s
 402000 +2.54561167e+06 +2.54617724e+06  5.66e+02   4.00e-03     1.35e+00   75.774s
 403000 +2.54560908e+06 +2.54618382e+06  5.75e+02   3.98e-03     1.40e+00   75.950s
 404000 +2.54561099e+06 +2.54614951e+06  5.39e+02   3.98e-03     1.38e+00   76.127s
 405000 +2.54561189e+06 +2.54618222e+06  5.70e+02   3.98e-03     1.41e+00   76.305s
 406000 +2.54561349e+06 +2.54621113e+06  5.98e+02   3.92e-03     1.39e+00   76.484s
 407000 +2.54561343e+06 +2.54621647e+06  6.03e+02   4.06e-03     1.38e+00   76.662s
 408000 +2.54561755e+06 +2.54615196e+06  5.34e+02   3.61e-03     3.06e+00   76.842s
 409000 +2.54562000e+06 +2.54610611e+06  4.86e+02   3.55e-03     3.37e+00   77.021s
 410000 +2.54562149e+06 +2.54605271e+06  4.31e+02   3.52e-03     3.22e+00   77.200s
 411000 +2.54565928e+06 +2.54620706e+06  5.48e+02   3.47e-03     6.65e+00   77.378s
 412000 +2.54568456e+06 +2.54630354e+06  6.19e+02   3.49e-03     7.86e+00   77.557s
 413000 +2.54574785e+06 +2.54633661e+06  5.89e+02   3.65e-03     9.29e+00   77.735s
 414000 +2.54577578e+06 +2.54626534e+06  4.90e+02   3.44e-03     7.96e+00   77.913s
 415000 +2.54579356e+06 +2.54633184e+06  5.38e+02   3.40e-03     7.20e+00   78.092s
 416000 +2.54580781e+06 +2.54639107e+06  5.83e+02   3.32e-03     7.37e+00   78.269s
 417000 +2.54582369e+06 +2.54647323e+06  6.50e+02   3.27e-03     7.47e+00   78.446s
 418000 +2.54583236e+06 +2.54652440e+06  6.92e+02   3.13e-03     7.96e+00   78.624s
 419000 +2.54584464e+06 +2.54663724e+06  7.93e+02   3.18e-03     7.81e+00   78.801s
 420000 +2.54586419e+06 +2.54675109e+06  8.87e+02   3.33e-03     8.97e+00   78.977s
 421000 +2.54588926e+06 +2.54681683e+06  9.28e+02   3.77e-03     8.69e+00   79.156s
 422000 +2.54590790e+06 +2.54693536e+06  1.03e+03   3.15e-03     9.43e+00   79.335s
 423000 +2.54592642e+06 +2.54720932e+06  1.28e+03   3.05e-03     9.24e+00   79.514s
 424000 +2.54594518e+06 +2.54738529e+06  1.44e+03   2.82e-03     1.01e+01   79.692s
 425000 +2.54596459e+06 +2.54752682e+06  1.56e+03   2.64e-03     1.01e+01   79.870s
 426000 +2.54598237e+06 +2.54769146e+06  1.71e+03   2.91e-03     1.02e+01   80.049s
 427000 +2.54599825e+06 +2.54794013e+06  1.94e+03   2.76e-03     9.81e+00   80.228s
 428000 +2.54600828e+06 +2.54807432e+06  2.07e+03   2.76e-03     9.66e+00   80.406s
 429000 +2.54601512e+06 +2.54815362e+06  2.14e+03   2.53e-03     9.78e+00   80.585s
 430000 +2.54602255e+06 +2.54809718e+06  2.07e+03   2.84e-03     9.89e+00   80.763s
 431000 +2.54603836e+06 +2.54808064e+06  2.04e+03   2.71e-03     1.01e+01   80.942s
 432000 +2.54604815e+06 +2.54802611e+06  1.98e+03   2.61e-03     9.82e+00   81.120s
 433000 +2.54605761e+06 +2.54793305e+06  1.88e+03   2.69e-03     9.84e+00   81.299s
 434000 +2.54606705e+06 +2.54783653e+06  1.77e+03   2.63e-03     9.80e+00   81.477s
 435000 +2.54607107e+06 +2.54784004e+06  1.77e+03   2.65e-03     9.22e+00   81.655s
 436000 +2.54607209e+06 +2.54779132e+06  1.72e+03   2.46e-03     9.60e+00   81.833s
 437000 +2.54607915e+06 +2.54772532e+06  1.65e+03   2.36e-03     9.74e+00   82.011s
 438000 +2.54608945e+06 +2.54781722e+06  1.73e+03   2.13e-03     9.36e+00   82.189s
 439000 +2.54609806e+06 +2.54770508e+06  1.61e+03   2.87e-03     9.30e+00   82.367s
 440000 +2.54610349e+06 +2.54771568e+06  1.61e+03   3.66e-03     9.03e+00   82.544s
 441000 +2.54610529e+06 +2.54773862e+06  1.63e+03   2.68e-03     8.95e+00   82.722s
 442000 +2.54610745e+06 +2.54765987e+06  1.55e+03   2.26e-03     9.58e+00   82.900s
 443000 +2.54611443e+06 +2.54765231e+06  1.54e+03   2.29e-03     9.59e+00   83.077s
 444000 +2.54612148e+06 +2.54759852e+06  1.48e+03   2.40e-03     9.10e+00   83.255s
 445000 +2.54612750e+06 +2.54777859e+06  1.65e+03   2.07e-03     9.32e+00   83.433s
 446000 +2.54613383e+06 +2.54772211e+06  1.59e+03   2.03e-03     9.21e+00   83.611s
 447000 +2.54613561e+06 +2.54772996e+06  1.59e+03   2.04e-03     9.41e+00   83.788s
 448000 +2.54614074e+06 +2.54780672e+06  1.67e+03   1.79e-03     9.21e+00   83.966s
 449000 +2.54614350e+06 +2.54781432e+06  1.67e+03   1.83e-03     9.55e+00   84.145s
 450000 +2.54614602e+06 +2.54785185e+06  1.71e+03   1.80e-03     9.12e+00   84.323s
 451000 +2.54614889e+06 +2.54782008e+06  1.67e+03   1.82e-03     9.23e+00   84.500s
 452000 +2.54615109e+06 +2.54782951e+06  1.68e+03   1.70e-03     9.32e+00   84.678s
 453000 +2.54615309e+06 +2.54779151e+06  1.64e+03   1.69e-03     9.29e+00   84.855s
 454000 +2.54615501e+06 +2.54775796e+06  1.60e+03   1.67e-03     9.01e+00   85.033s
 455000 +2.54615818e+06 +2.54775787e+06  1.60e+03   1.54e-03     8.83e+00   85.211s
 456000 +2.54616089e+06 +2.54778573e+06  1.62e+03   1.61e-03     9.01e+00   85.389s
 457000 +2.54616412e+06 +2.54773216e+06  1.57e+03   1.43e-03     8.90e+00   85.566s
 458000 +2.54617071e+06 +2.54770503e+06  1.53e+03   1.51e-03     8.86e+00   85.744s
 459000 +2.54617405e+06 +2.54769273e+06  1.52e+03   1.38e-03     8.94e+00   85.922s
 460000 +2.54617799e+06 +2.54770944e+06  1.53e+03   1.31e-03     8.83e+00   86.100s
 461000 +2.54617928e+06 +2.54769163e+06  1.51e+03   1.39e-03     8.68e+00   86.278s
 462000 +2.54618296e+06 +2.54764677e+06  1.46e+03   1.32e-03     8.67e+00   86.455s
 463000 +2.54618854e+06 +2.54772556e+06  1.54e+03   1.31e-03     8.44e+00   86.634s
 464000 +2.54619221e+06 +2.54773568e+06  1.54e+03   1.10e-03     8.39e+00   86.811s
 465000 +2.54619617e+06 +2.54774020e+06  1.54e+03   1.14e-03     8.27e+00   86.989s
 466000 +2.54619986e+06 +2.54773994e+06  1.54e+03   1.16e-03     8.21e+00   87.166s
 467000 +2.54620107e+06 +2.54770526e+06  1.50e+03   9.86e-04     7.96e+00   87.344s
 468000 +2.54620411e+06 +2.54765204e+06  1.45e+03   1.09e-03     7.92e+00   87.522s
 469000 +2.54620712e+06 +2.54759459e+06  1.39e+03   9.45e-04     7.69e+00   87.699s
 470000 +2.54621011e+06 +2.54759061e+06  1.38e+03   9.06e-04     7.54e+00   87.877s
 471000 +2.54621224e+06 +2.54759371e+06  1.38e+03   1.08e-03     7.50e+00   88.055s
 472000 +2.54621558e+06 +2.54756815e+06  1.35e+03   8.85e-04     7.46e+00   88.233s
 473000 +2.54621994e+06 +2.54749763e+06  1.28e+03   1.04e-03     7.22e+00   88.410s
 474000 +2.54622515e+06 +2.54738654e+06  1.16e+03   1.10e-03     7.02e+00   88.588s
 475000 +2.54622894e+06 +2.54705219e+06  8.23e+02   1.99e-03     6.44e+00   88.766s
 476000 +2.54623179e+06 +2.54694681e+06  7.15e+02   1.93e-03     5.46e+00   88.943s
 477000 +2.54623833e+06 +2.54654691e+06  3.09e+02   1.54e-03     3.67e+00   89.123s
 478000 +2.54624214e+06 +2.54652718e+06  2.85e+02   1.51e-03     3.49e+00   89.300s
 479000 +2.54624355e+06 +2.54651466e+06  2.71e+02   1.33e-03     3.31e+00   89.478s
 480000 +2.54624411e+06 +2.54653905e+06  2.95e+02   1.01e-03     3.33e+00   89.656s
 481000 +2.54624355e+06 +2.54654502e+06  3.01e+02   7.70e-04     3.30e+00   89.834s
 482000 +2.54624380e+06 +2.54653051e+06  2.87e+02   8.80e-04     3.19e+00   90.011s
 483000 +2.54624429e+06 +2.54650273e+06  2.58e+02   8.95e-04     3.03e+00   90.189s
 484000 +2.54624602e+06 +2.54652246e+06  2.76e+02   8.30e-04     3.07e+00   90.367s
 485000 +2.54624625e+06 +2.54651436e+06  2.68e+02   7.87e-04     2.99e+00   90.544s
 486000 +2.54624652e+06 +2.54649205e+06  2.46e+02   7.71e-04     2.86e+00   90.722s
 487000 +2.54624730e+06 +2.54649351e+06  2.46e+02   6.03e-04     2.76e+00   90.900s
 488000 +2.54624754e+06 +2.54646689e+06  2.19e+02   7.65e-04     2.65e+00   91.078s
 489000 +2.54624689e+06 +2.54645412e+06  2.07e+02   6.29e-04     2.61e+00   91.255s
 490000 +2.54624691e+06 +2.54643950e+06  1.93e+02   6.27e-04     2.64e+00   91.433s
 491000 +2.54624709e+06 +2.54644255e+06  1.95e+02   6.88e-04     2.61e+00   91.611s
 492000 +2.54624657e+06 +2.54643189e+06  1.85e+02   5.98e-04     2.58e+00   91.788s
 493000 +2.54624603e+06 +2.54642827e+06  1.82e+02   5.83e-04     2.51e+00   91.966s
 494000 +2.54624607e+06 +2.54642608e+06  1.80e+02   5.30e-04     2.52e+00   92.143s
 495000 +2.54624598e+06 +2.54641503e+06  1.69e+02   5.92e-04     2.53e+00   92.321s
 496000 +2.54624686e+06 +2.54635782e+06  1.11e+02   6.42e-04     2.28e+00   92.499s
 497000 +2.54624709e+06 +2.54634275e+06  9.57e+01   5.18e-04     2.23e+00   92.676s
 498000 +2.54624691e+06 +2.54634259e+06  9.57e+01   6.03e-04     2.31e+00   92.854s
 499000 +2.54624754e+06 +2.54634325e+06  9.57e+01   5.24e-04     2.28e+00   93.031s
 500000 +2.54624833e+06 +2.54633364e+06  8.53e+01   5.04e-04     2.23e+00   93.210s
 501000 +2.54624932e+06 +2.54630563e+06  5.63e+01   4.70e-04     2.12e+00   93.389s
 502000 +2.54624973e+06 +2.54629833e+06  4.86e+01   4.30e-04     2.09e+00   93.566s
 503000 +2.54625023e+06 +2.54629749e+06  4.73e+01   4.18e-04     2.07e+00   93.743s
 504000 +2.54625066e+06 +2.54629752e+06  4.69e+01   3.62e-04     2.07e+00   93.920s
 505000 +2.54625092e+06 +2.54629532e+06  4.44e+01   3.35e-04     2.07e+00   94.097s
 506000 +2.54625106e+06 +2.54629863e+06  4.76e+01   3.42e-04     2.06e+00   94.274s
 507000 +2.54625111e+06 +2.54630175e+06  5.06e+01   2.95e-04     2.05e+00   94.452s
 508000 +2.54625094e+06 +2.54630249e+06  5.16e+01   2.95e-04     2.04e+00   94.629s
 509000 +2.54625092e+06 +2.54630193e+06  5.10e+01   2.93e-04     2.04e+00   94.806s
 510000 +2.54625065e+06 +2.54630191e+06  5.13e+01   2.53e-04     2.03e+00   94.984s
 511000 +2.54625008e+06 +2.54630264e+06  5.26e+01   2.78e-04     2.03e+00   95.161s
 512000 +2.54625003e+06 +2.54630527e+06  5.52e+01   4.52e-04     2.01e+00   95.338s
 513000 +2.54625000e+06 +2.54631065e+06  6.07e+01   5.63e-04     1.97e+00   95.516s
 514000 +2.54624913e+06 +2.54631377e+06  6.46e+01   6.80e-04     1.94e+00   95.694s
 515000 +2.54624956e+06 +2.54631253e+06  6.30e+01   5.29e-04     1.90e+00   95.871s
 516000 +2.54624954e+06 +2.54632622e+06  7.67e+01   5.14e-04     1.88e+00   96.048s
 517000 +2.54625065e+06 +2.54634739e+06  9.67e+01   5.50e-04     1.87e+00   96.225s
 518000 +2.54624986e+06 +2.54636351e+06  1.14e+02   4.72e-04     1.84e+00   96.402s
 519000 +2.54624970e+06 +2.54636181e+06  1.12e+02   4.99e-04     1.80e+00   96.579s
 520000 +2.54624867e+06 +2.54634905e+06  1.00e+02   4.51e-04     1.78e+00   96.756s
 521000 +2.54624812e+06 +2.54633411e+06  8.60e+01   6.08e-04     1.66e+00   96.934s
 522000 +2.54624775e+06 +2.54632504e+06  7.73e+01   6.12e-04     1.60e+00   97.111s
 523000 +2.54624714e+06 +2.54631908e+06  7.19e+01   5.64e-04     1.56e+00   97.289s
 524000 +2.54624749e+06 +2.54631859e+06  7.11e+01   7.97e-04     1.49e+00   97.466s
 525000 +2.54624814e+06 +2.54631694e+06  6.88e+01   5.67e-04     1.51e+00   97.644s
 526000 +2.54624842e+06 +2.54631499e+06  6.66e+01   5.82e-04     1.52e+00   97.821s
 527000 +2.54624792e+06 +2.54631426e+06  6.63e+01   5.97e-04     1.49e+00   97.999s
 528000 +2.54624673e+06 +2.54632476e+06  7.80e+01   5.72e-04     1.41e+00   98.176s
 529000 +2.54624613e+06 +2.54631227e+06  6.61e+01   6.36e-04     1.33e+00   98.353s
 530000 +2.54624708e+06 +2.54631188e+06  6.48e+01   6.26e-04     1.29e+00   98.531s
 531000 +2.54624789e+06 +2.54630514e+06  5.72e+01   6.44e-04     1.26e+00   98.708s
 532000 +2.54624871e+06 +2.54630224e+06  5.35e+01   6.22e-04     1.30e+00   98.885s
 533000 +2.54624852e+06 +2.54629362e+06  4.51e+01   6.07e-04     1.27e+00   99.062s
 534000 +2.54624858e+06 +2.54629031e+06  4.17e+01   6.78e-04     1.27e+00   99.239s
 535000 +2.54624673e+06 +2.54627604e+06  2.93e+01   6.47e-04     1.11e+00   99.417s
 536000 +2.54624474e+06 +2.54627753e+06  3.28e+01   5.90e-04     1.04e+00   99.594s
 537000 +2.54624353e+06 +2.54627453e+06  3.10e+01   6.33e-04     9.76e-01   99.772s
 538000 +2.54624276e+06 +2.54627542e+06  3.27e+01   4.94e-04     9.42e-01   99.949s
 539000 +2.54624142e+06 +2.54627958e+06  3.82e+01   4.99e-04     9.23e-01   100.128s
 540000 +2.54623947e+06 +2.54627925e+06  3.98e+01   4.98e-04     9.04e-01   100.306s
 541000 +2.54623917e+06 +2.54628023e+06  4.11e+01   8.93e-04     8.33e-01   100.485s
 542000 +2.54623894e+06 +2.54629398e+06  5.50e+01   6.35e-04     8.20e-01   100.664s
 543000 +2.54623873e+06 +2.54628912e+06  5.04e+01   6.31e-04     8.15e-01   100.842s
 544000 +2.54623886e+06 +2.54628830e+06  4.94e+01   6.31e-04     7.88e-01   101.020s
 545000 +2.54623963e+06 +2.54629602e+06  5.64e+01   4.95e-04     7.50e-01   101.198s
 546000 +2.54624015e+06 +2.54629057e+06  5.04e+01   5.05e-04     7.31e-01   101.377s
 547000 +2.54624085e+06 +2.54629170e+06  5.08e+01   4.73e-04     7.34e-01   101.556s
 548000 +2.54624095e+06 +2.54629184e+06  5.09e+01   4.22e-04     7.24e-01   101.734s
 549000 +2.54624165e+06 +2.54629426e+06  5.26e+01   4.10e-04     7.22e-01   101.912s
 550000 +2.54624245e+06 +2.54629268e+06  5.02e+01   3.44e-04     7.28e-01   102.091s
 551000 +2.54624308e+06 +2.54629397e+06  5.09e+01   3.57e-04     7.29e-01   102.270s
 552000 +2.54624357e+06 +2.54629499e+06  5.14e+01   3.55e-04     7.22e-01   102.448s
 553000 +2.54624411e+06 +2.54629391e+06  4.98e+01   3.29e-04     7.16e-01   102.627s
 554000 +2.54624429e+06 +2.54629685e+06  5.26e+01   3.02e-04     7.27e-01   102.806s
 555000 +2.54624467e+06 +2.54629633e+06  5.17e+01   5.97e-04     7.30e-01   102.984s
 556000 +2.54624532e+06 +2.54629881e+06  5.35e+01   5.44e-04     7.07e-01   103.164s
 557000 +2.54624599e+06 +2.54629277e+06  4.68e+01   8.24e-04     6.34e-01   103.342s
 558000 +2.54624671e+06 +2.54628952e+06  4.28e+01   5.99e-04     6.06e-01   103.520s
 559000 +2.54624643e+06 +2.54628291e+06  3.65e+01   5.54e-04     5.59e-01   103.697s
 560000 +2.54624616e+06 +2.54628206e+06  3.59e+01   5.38e-04     5.37e-01   103.875s
 561000 +2.54624681e+06 +2.54628249e+06  3.57e+01   4.38e-04     5.39e-01   104.053s
 562000 +2.54624752e+06 +2.54628006e+06  3.25e+01   4.54e-04     5.28e-01   104.230s
 563000 +2.54624788e+06 +2.54628214e+06  3.43e+01   4.18e-04     5.25e-01   104.408s
 564000 +2.54624817e+06 +2.54628350e+06  3.53e+01   4.12e-04     5.29e-01   104.586s
 565000 +2.54624846e+06 +2.54628411e+06  3.57e+01   3.69e-04     5.21e-01   104.764s
 566000 +2.54624823e+06 +2.54628562e+06  3.74e+01   3.55e-04     5.16e-01   104.942s
 567000 +2.54624878e+06 +2.54628228e+06  3.35e+01   3.22e-04     5.06e-01   105.119s
 568000 +2.54624839e+06 +2.54628133e+06  3.29e+01   7.07e-04     4.99e-01   105.297s
 569000 +2.54624847e+06 +2.54627816e+06  2.97e+01   7.88e-04     4.66e-01   105.476s
 570000 +2.54624774e+06 +2.54627663e+06  2.89e+01   4.06e-04     4.58e-01   105.654s
 571000 +2.54624757e+06 +2.54627600e+06  2.84e+01   5.02e-04     4.56e-01   105.831s
 572000 +2.54624745e+06 +2.54627559e+06  2.81e+01   4.74e-04     4.48e-01   106.009s
 573000 +2.54624742e+06 +2.54627584e+06  2.84e+01   4.71e-04     4.39e-01   106.187s
 574000 +2.54624725e+06 +2.54627640e+06  2.91e+01   5.10e-04     4.30e-01   106.364s
 575000 +2.54624728e+06 +2.54627629e+06  2.90e+01   5.83e-04     4.21e-01   106.542s
 576000 +2.54624781e+06 +2.54627600e+06  2.82e+01   5.88e-04     4.09e-01   106.720s
 577000 +2.54624751e+06 +2.54627644e+06  2.89e+01   6.24e-04     3.98e-01   106.897s
 578000 +2.54624779e+06 +2.54627798e+06  3.02e+01   6.45e-04     3.87e-01   107.074s
 579000 +2.54624794e+06 +2.54627751e+06  2.96e+01   6.83e-04     3.79e-01   107.252s
 580000 +2.54624836e+06 +2.54627839e+06  3.00e+01   7.37e-04     3.63e-01   107.429s
 581000 +2.54624896e+06 +2.54627548e+06  2.65e+01   8.65e-04     3.53e-01   107.607s
 582000 +2.54624929e+06 +2.54627453e+06  2.52e+01   9.15e-04     3.41e-01   107.784s
 583000 +2.54624965e+06 +2.54627521e+06  2.56e+01   1.07e-03     3.30e-01   107.961s
 584000 +2.54624955e+06 +2.54627530e+06  2.57e+01   1.01e-03     3.15e-01   108.138s
 585000 +2.54625014e+06 +2.54627589e+06  2.58e+01   1.05e-03     3.04e-01   108.315s
 586000 +2.54625044e+06 +2.54627414e+06  2.37e+01   1.11e-03     2.97e-01   108.493s
 587000 +2.54625049e+06 +2.54627675e+06  2.63e+01   7.31e-04     3.25e-01   108.670s
 588000 +2.54624985e+06 +2.54627695e+06  2.71e+01   6.33e-04     3.25e-01   108.847s
 589000 +2.54625067e+06 +2.54627789e+06  2.72e+01   6.61e-04     3.06e-01   109.024s
 590000 +2.54625097e+06 +2.54627806e+06  2.71e+01   1.11e-03     3.05e-01   109.202s
 591000 +2.54625157e+06 +2.54627690e+06  2.53e+01   1.09e-03     2.94e-01   109.379s
 592000 +2.54625311e+06 +2.54627583e+06  2.27e+01   1.15e-03     2.82e-01   109.558s
 593000 +2.54625362e+06 +2.54627426e+06  2.06e+01   8.38e-04     2.80e-01   109.735s
 594000 +2.54625250e+06 +2.54627411e+06  2.16e+01   6.59e-04     2.81e-01   109.912s
 595000 +2.54625223e+06 +2.54627485e+06  2.26e+01   5.58e-04     2.81e-01   110.089s
 596000 +2.54625352e+06 +2.54627550e+06  2.20e+01   4.10e-04     2.80e-01   110.266s
 597000 +2.54625582e+06 +2.54627558e+06  1.98e+01   3.88e-04     2.78e-01   110.443s
 598000 +2.54625684e+06 +2.54627413e+06  1.73e+01   1.59e-03     2.72e-01   110.621s
 599000 +2.54625750e+06 +2.54627348e+06  1.60e+01   2.00e-03     2.57e-01   110.798s
 600000 +2.54625750e+06 +2.54627264e+06  1.51e+01   1.87e-03     2.48e-01   110.975s
 601000 +2.54625761e+06 +2.54627107e+06  1.35e+01   2.03e-03     2.44e-01   111.152s
 602000 +2.54625802e+06 +2.54627103e+06  1.30e+01   2.00e-03     2.39e-01   111.331s
 603000 +2.54625785e+06 +2.54626927e+06  1.14e+01   1.51e-03     2.36e-01   111.508s
 604000 +2.54625737e+06 +2.54626836e+06  1.10e+01   1.24e-03     2.33e-01   111.686s
 605000 +2.54625685e+06 +2.54626817e+06  1.13e+01   1.10e-03     2.29e-01   111.863s
 606000 +2.54625581e+06 +2.54626620e+06  1.04e+01   1.11e-03     2.28e-01   112.040s
 607000 +2.54625606e+06 +2.54626594e+06  9.88e+00   1.42e-03     2.25e-01   112.218s
 608000 +2.54625540e+06 +2.54626790e+06  1.25e+01   1.13e-03     2.24e-01   112.395s
 609000 +2.54625541e+06 +2.54626827e+06  1.29e+01   1.21e-03     2.23e-01   112.572s
 610000 +2.54625474e+06 +2.54626935e+06  1.46e+01   1.03e-03     2.19e-01   112.749s
 611000 +2.54625327e+06 +2.54627048e+06  1.72e+01   1.38e-03     2.13e-01   112.927s
 612000 +2.54625238e+06 +2.54626915e+06  1.68e+01   1.27e-03     2.14e-01   113.105s
 613000 +2.54625305e+06 +2.54626977e+06  1.67e+01   1.74e-03     2.08e-01   113.284s
 614000 +2.54625357e+06 +2.54627005e+06  1.65e+01   1.56e-03     2.02e-01   113.463s
 615000 +2.54625327e+06 +2.54626849e+06  1.52e+01   1.54e-03     2.00e-01   113.641s
 616000 +2.54625239e+06 +2.54626691e+06  1.45e+01   1.63e-03     1.95e-01   113.820s
 617000 +2.54625137e+06 +2.54626545e+06  1.41e+01   1.46e-03     1.91e-01   113.999s
 618000 +2.54625102e+06 +2.54626496e+06  1.39e+01   1.36e-03     1.90e-01   114.178s
 619000 +2.54625131e+06 +2.54626562e+06  1.43e+01   1.60e-03     1.88e-01   114.356s
 620000 +2.54625210e+06 +2.54626478e+06  1.27e+01   1.45e-03     1.85e-01   114.535s
 621000 +2.54625293e+06 +2.54626548e+06  1.25e+01   1.28e-03     1.83e-01   114.713s
 622000 +2.54625290e+06 +2.54626565e+06  1.27e+01   1.14e-03     1.78e-01   114.892s
 623000 +2.54625327e+06 +2.54626615e+06  1.29e+01   1.09e-03     1.76e-01   115.070s
 624000 +2.54625289e+06 +2.54626679e+06  1.39e+01   1.03e-03     1.74e-01   115.249s
 625000 +2.54625312e+06 +2.54626656e+06  1.34e+01   8.59e-04     1.71e-01   115.428s
 626000 +2.54625349e+06 +2.54626839e+06  1.49e+01   9.08e-04     1.73e-01   115.606s
 627000 +2.54625344e+06 +2.54626827e+06  1.48e+01   8.12e-04     1.71e-01   115.785s
 628000 +2.54625352e+06 +2.54626654e+06  1.30e+01   1.06e-03     1.72e-01   115.964s
 629000 +2.54625410e+06 +2.54626686e+06  1.28e+01   1.65e-03     1.67e-01   116.144s
 630000 +2.54625510e+06 +2.54626614e+06  1.10e+01   1.41e-03     1.67e-01   116.322s
 631000 +2.54625655e+06 +2.54626596e+06  9.41e+00   1.44e-03     1.66e-01   116.501s
 632000 +2.54625705e+06 +2.54626589e+06  8.83e+00   1.90e-03     1.65e-01   116.679s
 633000 +2.54625683e+06 +2.54626505e+06  8.22e+00   2.03e-03     1.64e-01   116.858s
 634000 +2.54625594e+06 +2.54626419e+06  8.25e+00   1.79e-03     1.63e-01   117.036s
 635000 +2.54625442e+06 +2.54626331e+06  8.89e+00   1.80e-03     1.63e-01   117.214s
 636000 +2.54625325e+06 +2.54626233e+06  9.09e+00   1.78e-03     1.63e-01   117.393s
 637000 +2.54625440e+06 +2.54626098e+06  6.58e+00   2.45e-03     1.58e-01   117.572s
 638000 +2.54625351e+06 +2.54626079e+06  7.28e+00   1.92e-03     1.56e-01   117.750s
 639000 +2.54625353e+06 +2.54626059e+06  7.06e+00   2.07e-03     1.56e-01   117.928s
 640000 +2.54624979e+06 +2.54625962e+06  9.83e+00   2.13e-03     1.55e-01   118.106s
 641000 +2.54624918e+06 +2.54625849e+06  9.31e+00   2.24e-03     1.47e-01   118.284s
 642000 +2.54624842e+06 +2.54625675e+06  8.33e+00   2.71e-03     1.34e-01   118.462s
 643000 +2.54624941e+06 +2.54625534e+06  5.93e+00   3.17e-03     1.12e-01   118.641s
 643400 +2.54624978e+06 +2.54625447e+06  4.69e+00   2.83e-03     1.05e-01   118.712s
LP Solver status:                Optimal
Primal objective:                +2.54624978e+06
Dual objective:                  +2.54625447e+06
Duality gap (abs/rel):           +4.69e+00 / +9.21e-07
Primal infeasibility (abs/rel):  +2.83e-03 / +7.01e-08
Dual infeasibility (abs/rel):    +1.05e-01 / +1.11e-07
PDLP finished
Status: Optimal   Objective: 2.54624978e+06  Iterations: 643400  Time: 118.722s

### exit_code=0
### finished=2026-08-10T12:18:10.998271
### gpu_peak_mb=5274.4
### gpu_peak2_mb=5210.4
### per_gpu_peak_mb=[5274.375, 5210.375, 5210.375, 5210.375, 5210.375, 5210.375, 5210.375, 5210.375]
