### solver=cuopt-distributed
### instance=/home/scratch.cmaes_sw/hans_lps/karted.mps
### n_gpus=8
### CUDA_VISIBLE_DEVICES=0,1,2,3,4,5,6,7
### started=2026-08-10T12:18:11.013783
### argv=/home/scratch.vmostovoi_gpu/mostovoi_cuopt/cpp/build/cuopt_cli --method 1 --mps-reader experimental-fast --time-limit 3600 --iteration-limit 1000000000 --relative-primal-tolerance 1e-6 --relative-dual-tolerance 1e-6 --relative-gap-tolerance 1e-6 --log-to-console true --num-gpus 8 /home/scratch.cmaes_sw/hans_lps/karted.mps
### --- solver output ---
Setting parameter iteration_limit to 1000000000
Setting parameter log_to_console to true
Setting parameter method to 1
Setting parameter num_gpus to 8
Setting parameter relative_dual_tolerance to 1.000000e-06
Setting parameter relative_gap_tolerance to 1.000000e-06
Setting parameter relative_primal_tolerance to 1.000000e-06
Setting parameter time_limit to 3.600000e+03
Reading file karted.mps
Using experimental fast MPS parser for '/home/scratch.cmaes_sw/hans_lps/karted.mps'
Read file karted.mps in 0.44 seconds
cuOpt version: 26.10.0, git hash: f3ebc673, host arch: x86_64, device archs: 100a-real
CPU: INTEL(R) XEON(R) PLATINUM 8570, threads (physical/logical): 112/224, RAM (available/total): 1963.53 / 2015.54 GiB
CUDA 13.3, device: NVIDIA B200 (ID 0), VRAM: 178.34 GiB
CUDA device UUID: 48ab7b4d-7b0a-65b7-4538-4e37338d2330
CUDA 13.3, device: NVIDIA B200 (ID 1), VRAM: 178.34 GiB
CUDA device UUID: 5dd43d25-54eb-687e-91f8-d4c917f40a3c
CUDA 13.3, device: NVIDIA B200 (ID 2), VRAM: 178.34 GiB
CUDA device UUID: a40e62a0-1502-ea41-88b7-8ebfb62f67b6
CUDA 13.3, device: NVIDIA B200 (ID 3), VRAM: 178.34 GiB
CUDA device UUID: 69c2235c-eda1-228c-f9ee-e444f16a4e31
CUDA 13.3, device: NVIDIA B200 (ID 4), VRAM: 178.34 GiB
CUDA device UUID: 92e986d5-fb1f-ac84-bd70-b03e127c762a
CUDA 13.3, device: NVIDIA B200 (ID 5), VRAM: 178.34 GiB
CUDA device UUID: fb4dfdcf-c8fe-1714-a140-0823be2fde13
CUDA 13.3, device: NVIDIA B200 (ID 6), VRAM: 178.34 GiB
CUDA device UUID: 3519c8dd-244c-a241-e2ee-ef61e97ec465
CUDA 13.3, device: NVIDIA B200 (ID 7), VRAM: 178.34 GiB
CUDA device UUID: b80ee313-5762-b760-dd9a-a5669634bef9
Solving a problem with 46502 constraints, 133115 variables (0 integers), and 1770349 nonzeros
Using PSLP presolver
PSLP Presolved problem: 46501 constraints, 133114 variables, 1770336 non-zeros
PSLP presolve time: 0.20s
Solving with distributed PDLP on 8 GPUs.
NCCL version 2.30.7+cuda13.3
      0 +0.00000000e+00 +0.00000000e+00  0.00e+00   2.34e+06     4.78e+02   4.160s
   1000 -4.72944814e+05 -4.72950933e+05  6.12e+00   8.23e+00     1.18e-01   4.532s
   2000 -4.72952777e+05 -4.72951209e+05  1.57e+00   1.36e+00     2.43e-02   4.718s
   3000 -4.72952479e+05 -4.72951710e+05  7.70e-01   7.92e-01     1.11e-02   4.906s
   4000 -4.72951461e+05 -4.72951606e+05  1.45e-01   5.00e-01     6.42e-03   5.096s
   5000 -4.72951512e+05 -4.72951727e+05  2.14e-01   2.22e-01     4.10e-03   5.285s
   6000 -4.72951600e+05 -4.72951692e+05  9.25e-02   1.50e-01     3.08e-03   5.473s
   7000 -4.72951801e+05 -4.72951685e+05  1.15e-01   1.34e-01     2.42e-03   5.661s
   8000 -4.72951810e+05 -4.72951667e+05  1.43e-01   1.04e-01     1.85e-03   5.848s
   9000 -4.72951783e+05 -4.72951697e+05  8.60e-02   7.72e-02     1.55e-03   6.035s
  10000 -4.72951789e+05 -4.72951699e+05  8.97e-02   6.03e-02     1.46e-03   6.224s
  11000 -4.72951793e+05 -4.72951719e+05  7.40e-02   5.70e-02     1.25e-03   6.404s
  12000 -4.72951772e+05 -4.72951719e+05  5.31e-02   4.21e-02     1.06e-03   6.584s
  13000 -4.72951757e+05 -4.72951730e+05  2.79e-02   3.31e-02     9.23e-04   6.763s
  14000 -4.72951746e+05 -4.72951713e+05  3.31e-02   2.95e-02     7.91e-04   6.946s
  15000 -4.72951731e+05 -4.72951706e+05  2.48e-02   2.54e-02     6.85e-04   7.133s
  16000 -4.72951696e+05 -4.72951700e+05  3.47e-03   2.46e-02     6.09e-04   7.317s
  16600 -4.72951689e+05 -4.72951700e+05  1.12e-02   2.26e-02     5.73e-04   7.425s
LP Solver status:                Optimal
Primal objective:                -4.72951689e+05
Dual objective:                  -4.72951700e+05
Duality gap (abs/rel):           +1.12e-02 / +1.18e-08
Primal infeasibility (abs/rel):  +2.26e-02 / +9.68e-09
Dual infeasibility (abs/rel):    +5.73e-04 / +1.20e-06
PDLP finished
Status: Optimal   Objective: -4.72951689e+05  Iterations: 16600  Time: 7.436s

### exit_code=0
### finished=2026-08-10T12:18:27.409245
### gpu_peak_mb=5274.4
### gpu_peak2_mb=5242.4
### per_gpu_peak_mb=[5274.375, 5210.375, 5210.375, 5210.375, 5210.375, 5210.375, 5210.375, 5242.375]
