### solver=cuopt-distributed
### instance=/home/scratch.cmaes_sw/hans_lps/L1_sixm250obs.mps
### n_gpus=8
### CUDA_VISIBLE_DEVICES=0,1,2,3,4,5,6,7
### started=2026-08-10T11:15:46.155108
### argv=/home/scratch.vmostovoi_gpu/mostovoi_cuopt/cpp/build/cuopt_cli --method 1 --mps-reader experimental-fast --time-limit 3600 --iteration-limit 1000000000 --relative-primal-tolerance 1e-6 --relative-dual-tolerance 1e-6 --relative-gap-tolerance 1e-6 --log-to-console true --num-gpus 8 /home/scratch.cmaes_sw/hans_lps/L1_sixm250obs.mps
### --- solver output ---
Setting parameter iteration_limit to 1000000000
Setting parameter log_to_console to true
Setting parameter method to 1
Setting parameter num_gpus to 8
Setting parameter relative_dual_tolerance to 1.000000e-06
Setting parameter relative_gap_tolerance to 1.000000e-06
Setting parameter relative_primal_tolerance to 1.000000e-06
Setting parameter time_limit to 3.600000e+03
Reading file L1_sixm250obs.mps
Using experimental fast MPS parser for '/home/scratch.cmaes_sw/hans_lps/L1_sixm250obs.mps'
Read file L1_sixm250obs.mps in 0.51 seconds
cuOpt version: 26.10.0, git hash: f3ebc673, host arch: x86_64, device archs: 100a-real
CPU: INTEL(R) XEON(R) PLATINUM 8570, threads (physical/logical): 112/224, RAM (available/total): 1962.68 / 2015.54 GiB
CUDA 13.3, device: NVIDIA B200 (ID 0), VRAM: 178.34 GiB
CUDA device UUID: 48ab7b4d-7b0a-65b7-4538-4e37338d2330
CUDA 13.3, device: NVIDIA B200 (ID 1), VRAM: 178.34 GiB
CUDA device UUID: 5dd43d25-54eb-687e-91f8-d4c917f40a3c
CUDA 13.3, device: NVIDIA B200 (ID 2), VRAM: 178.34 GiB
CUDA device UUID: a40e62a0-1502-ea41-88b7-8ebfb62f67b6
CUDA 13.3, device: NVIDIA B200 (ID 3), VRAM: 178.34 GiB
CUDA device UUID: 69c2235c-eda1-228c-f9ee-e444f16a4e31
CUDA 13.3, device: NVIDIA B200 (ID 4), VRAM: 178.34 GiB
CUDA device UUID: 92e986d5-fb1f-ac84-bd70-b03e127c762a
CUDA 13.3, device: NVIDIA B200 (ID 5), VRAM: 178.34 GiB
CUDA device UUID: fb4dfdcf-c8fe-1714-a140-0823be2fde13
CUDA 13.3, device: NVIDIA B200 (ID 6), VRAM: 178.34 GiB
CUDA device UUID: 3519c8dd-244c-a241-e2ee-ef61e97ec465
CUDA 13.3, device: NVIDIA B200 (ID 7), VRAM: 178.34 GiB
CUDA device UUID: b80ee313-5762-b760-dd9a-a5669634bef9
Solving a problem with 986069 constraints, 428032 variables (0 integers), and 4280320 nonzeros
Using PSLP presolver
PSLP Presolved problem: 721574 constraints, 310388 variables, 3151794 non-zeros
PSLP presolve time: 0.89s
Solving with distributed PDLP on 8 GPUs.
NCCL version 2.30.7+cuda13.3
      0 +0.00000000e+00 +0.00000000e+00  0.00e+00   0.00e+00     6.85e+01   4.816s
   1000 +6.03830501e+03 +6.08869227e+03  5.04e+01   3.93e+00     3.27e-01   5.188s
   2000 +4.79560127e+03 +4.91094533e+03  1.15e+02   8.98e+01     7.09e-03   5.377s
   3000 +4.66591332e+03 +4.72341058e+03  5.75e+01   7.06e+01     1.44e-03   5.566s
   4000 +4.64667338e+03 +4.64716667e+03  4.93e-01   9.82e+01     2.44e-04   5.755s
   5000 +4.63452867e+03 +4.63687080e+03  2.34e+00   2.33e+01     9.04e-05   5.944s
   6000 +4.63258262e+03 +4.63594341e+03  3.36e+00   2.12e+01     8.14e-05   6.132s
   7000 +4.63423005e+03 +4.62960835e+03  4.62e+00   1.03e+02     5.38e-06   6.323s
   8000 +4.62961993e+03 +4.54232200e+03  8.73e+01   6.88e-01     1.42e-03   6.513s
   9000 +4.62948858e+03 +4.61209077e+03  1.74e+01   1.27e-01     4.00e-04   6.701s
  10000 +4.62947046e+03 +4.62658479e+03  2.89e+00   4.26e-02     3.07e-05   6.890s
  11000 +4.62945544e+03 +4.62719586e+03  2.26e+00   1.85e-01     2.71e-05   7.072s
  12000 +4.62938681e+03 +4.62844543e+03  9.41e-01   8.79e-01     1.53e-05   7.253s
  13000 +4.62938392e+03 +4.62953699e+03  1.53e-01   1.38e+00     1.40e-06   7.436s
  14000 +4.62959043e+03 +4.62949455e+03  9.59e-02   1.85e+00     6.20e-07   7.620s
  15000 +4.62946280e+03 +4.62946179e+03  1.01e-03   4.29e-03     3.54e-08   7.803s
  16000 +4.62946278e+03 +4.62946279e+03  7.65e-06   1.64e-04     9.53e-10   7.987s
  16400 +4.62946280e+03 +4.62946280e+03  1.41e-06   4.18e-05     7.74e-11   8.061s
LP Solver status:                Optimal
Primal objective:                +4.62946280e+03
Dual objective:                  +4.62946280e+03
Duality gap (abs/rel):           +1.41e-06 / +1.52e-10
Primal infeasibility (abs/rel):  +4.18e-05 / +4.18e-05
Dual infeasibility (abs/rel):    +7.74e-11 / +1.11e-12
PDLP finished
Status: Optimal   Objective: 4.62946280e+03  Iterations: 16400  Time: 8.117s

### exit_code=0
### finished=2026-08-10T11:16:03.234165
### gpu_peak_mb=5338.4
### gpu_peak2_mb=5242.4
### per_gpu_peak_mb=[5338.375, 5242.375, 5242.375, 5242.375, 5242.375, 5242.375, 5242.375, 5242.375]
