### solver=cuopt-distributed
### instance=/home/scratch.cmaes_sw/hans_lps/L1_sixm1000obs.mps
### n_gpus=8
### CUDA_VISIBLE_DEVICES=0,1,2,3,4,5,6,7
### started=2026-08-10T11:15:14.029242
### argv=/home/scratch.vmostovoi_gpu/mostovoi_cuopt/cpp/build/cuopt_cli --method 1 --mps-reader experimental-fast --time-limit 3600 --iteration-limit 1000000000 --relative-primal-tolerance 1e-6 --relative-dual-tolerance 1e-6 --relative-gap-tolerance 1e-6 --log-to-console true --num-gpus 8 /home/scratch.cmaes_sw/hans_lps/L1_sixm1000obs.mps
### --- solver output ---
Setting parameter iteration_limit to 1000000000
Setting parameter log_to_console to true
Setting parameter method to 1
Setting parameter num_gpus to 8
Setting parameter relative_dual_tolerance to 1.000000e-06
Setting parameter relative_gap_tolerance to 1.000000e-06
Setting parameter relative_primal_tolerance to 1.000000e-06
Setting parameter time_limit to 3.600000e+03
Reading file L1_sixm1000obs.mps
Using experimental fast MPS parser for '/home/scratch.cmaes_sw/hans_lps/L1_sixm1000obs.mps'
Read file L1_sixm1000obs.mps in 0.91 seconds
cuOpt version: 26.10.0, git hash: f3ebc673, host arch: x86_64, device archs: 100a-real
CPU: INTEL(R) XEON(R) PLATINUM 8570, threads (physical/logical): 112/224, RAM (available/total): 1962.23 / 2015.54 GiB
CUDA 13.3, device: NVIDIA B200 (ID 0), VRAM: 178.34 GiB
CUDA device UUID: 48ab7b4d-7b0a-65b7-4538-4e37338d2330
CUDA 13.3, device: NVIDIA B200 (ID 1), VRAM: 178.34 GiB
CUDA device UUID: 5dd43d25-54eb-687e-91f8-d4c917f40a3c
CUDA 13.3, device: NVIDIA B200 (ID 2), VRAM: 178.34 GiB
CUDA device UUID: a40e62a0-1502-ea41-88b7-8ebfb62f67b6
CUDA 13.3, device: NVIDIA B200 (ID 3), VRAM: 178.34 GiB
CUDA device UUID: 69c2235c-eda1-228c-f9ee-e444f16a4e31
CUDA 13.3, device: NVIDIA B200 (ID 4), VRAM: 178.34 GiB
CUDA device UUID: 92e986d5-fb1f-ac84-bd70-b03e127c762a
CUDA 13.3, device: NVIDIA B200 (ID 5), VRAM: 178.34 GiB
CUDA device UUID: fb4dfdcf-c8fe-1714-a140-0823be2fde13
CUDA 13.3, device: NVIDIA B200 (ID 6), VRAM: 178.34 GiB
CUDA device UUID: 3519c8dd-244c-a241-e2ee-ef61e97ec465
CUDA 13.3, device: NVIDIA B200 (ID 7), VRAM: 178.34 GiB
CUDA device UUID: b80ee313-5762-b760-dd9a-a5669634bef9
Solving a problem with 3082940 constraints, 1426256 variables (0 integers), and 14262560 nonzeros
Using PSLP presolver
PSLP Presolved problem: 2276082 constraints, 1035909 variables, 10651701 non-zeros
PSLP presolve time: 3.29s
Solving with distributed PDLP on 8 GPUs.
NCCL version 2.30.7+cuda13.3
      0 +0.00000000e+00 +0.00000000e+00  0.00e+00   0.00e+00     1.99e+02   7.787s
   1000 +2.51149596e+04 +1.18794065e+04  1.32e+04   1.78e+00     2.19e+00   8.167s
   2000 +1.75701916e+04 +1.77670209e+04  1.97e+02   3.01e+02     6.20e-03   8.361s
   3000 +1.72860682e+04 +1.73936069e+04  1.08e+02   3.88e+02     1.10e-03   8.555s
   4000 +1.72433005e+04 +1.72410468e+04  2.25e+00   3.50e+02     2.31e-04   8.751s
   5000 +1.72329371e+04 +4.92741767e+03  1.23e+04   6.58e-01     9.90e-01   8.947s
   6000 +1.72024709e+04 +1.68603834e+04  3.42e+02   5.31e-01     7.06e-03   9.143s
   7000 +1.72022771e+04 +1.72069320e+04  4.65e+00   2.38e-01     4.69e-04   9.341s
   8000 +1.72022387e+04 +1.72031569e+04  9.18e-01   2.09e-01     2.56e-04   9.531s
   9000 +1.72022198e+04 +1.72025206e+04  3.01e-01   1.61e-01     2.05e-04   9.726s
  10000 +1.72022086e+04 +1.72018209e+04  3.88e-01   6.74e-02     1.75e-04   9.922s
  11000 +1.72020538e+04 +1.72050188e+04  2.96e+00   1.76e+00     7.83e-05   10.120s
  12000 +1.72020035e+04 +1.72058563e+04  3.85e+00   9.62e-01     6.79e-05   10.301s
  13000 +1.72019596e+04 +1.72060281e+04  4.07e+00   7.06e-01     6.19e-05   10.486s
  14000 +1.72013754e+04 +1.72057836e+04  4.41e+00   1.47e+01     5.43e-05   10.670s
  15000 +1.72007254e+04 +1.72044132e+04  3.69e+00   2.80e+01     4.23e-05   10.847s
  16000 +1.72008307e+04 +1.72028336e+04  2.00e+00   2.67e+01     3.01e-05   11.028s
  17000 +1.72003572e+04 +1.72025349e+04  2.18e+00   1.74e+01     2.63e-05   11.203s
  18000 +1.72002116e+04 +1.72022482e+04  2.04e+00   1.34e+01     2.41e-05   11.379s
  19000 +1.72000114e+04 +1.72019789e+04  1.97e+00   9.72e+00     2.30e-05   11.558s
  20000 +1.71996909e+04 +1.72019224e+04  2.23e+00   7.43e+00     2.27e-05   11.734s
  21000 +1.71824968e+04 +1.71991725e+04  1.67e+01   2.82e+02     1.25e-05   11.911s
  22000 +1.72027927e+04 +1.74024697e+04  2.00e+02   3.35e+00     3.10e-02   12.091s
  23000 +1.72001505e+04 +1.72484525e+04  4.83e+01   9.82e-02     5.25e-03   12.273s
  24000 +1.71994108e+04 +1.72030304e+04  3.62e+00   1.18e+00     1.93e-04   12.452s
  25000 +1.71992923e+04 +1.72013196e+04  2.03e+00   1.28e+00     5.99e-05   12.636s
  26000 +1.71992792e+04 +1.72008966e+04  1.62e+00   1.00e+00     4.05e-05   12.817s
  27000 +1.71992527e+04 +1.72006951e+04  1.44e+00   7.19e-01     3.37e-05   13.012s
  28000 +1.71992332e+04 +1.72005552e+04  1.32e+00   3.99e-01     3.04e-05   13.205s
  29000 +1.72001004e+04 +1.71997239e+04  3.76e-01   1.27e+01     1.30e-05   13.397s
  30000 +1.71996433e+04 +1.71994177e+04  2.26e-01   6.43e+00     7.24e-06   13.593s
  31000 +1.71991506e+04 +1.69087627e+04  2.90e+02   1.10e-01     6.27e-03   13.787s
  32000 +1.71991563e+04 +1.72128339e+04  1.37e+01   1.01e-02     3.12e-04   13.985s
  33000 +1.71991556e+04 +1.72091078e+04  9.95e+00   1.02e-02     1.82e-04   14.171s
  34000 +1.71991513e+04 +1.71999153e+04  7.64e-01   5.69e-02     4.52e-05   14.358s
  35000 +1.71991491e+04 +1.71992478e+04  9.86e-02   9.69e-02     9.35e-06   14.550s
  36000 +1.71991474e+04 +1.71992870e+04  1.40e-01   9.78e-02     5.57e-06   14.743s
  37000 +1.71991325e+04 +1.71993034e+04  1.71e-01   1.34e+00     4.52e-06   14.939s
  38000 +1.71992128e+04 +1.71992202e+04  7.39e-03   2.54e+00     1.84e-06   15.123s
  39000 +1.71992086e+04 +1.71991939e+04  1.48e-02   1.52e+00     1.29e-06   15.318s
  40000 +1.71991496e+04 +1.71995162e+04  3.67e-01   1.19e-03     4.64e-05   15.509s
  41000 +1.71991495e+04 +1.71992961e+04  1.47e-01   6.29e-04     2.86e-05   15.701s
  42000 +1.71991496e+04 +1.71991753e+04  2.56e-02   7.37e-03     1.00e-05   15.900s
  43000 +1.71991507e+04 +1.71991529e+04  2.14e-03   4.22e-02     3.43e-06   16.091s
  44000 +1.71991487e+04 +1.71991827e+04  3.39e-02   2.04e-02     1.26e-06   16.278s
  45000 +1.71991496e+04 +1.71991937e+04  4.41e-02   5.51e-03     1.12e-06   16.474s
  46000 +1.71991495e+04 +1.71991894e+04  3.99e-02   1.99e-03     1.11e-06   16.665s
  47000 +1.71991493e+04 +1.71991891e+04  3.98e-02   3.51e-03     1.10e-06   16.848s
  48000 +1.71991493e+04 +1.71991902e+04  4.09e-02   1.85e-03     1.10e-06   17.044s
  49000 +1.71991494e+04 +1.71991902e+04  4.08e-02   1.30e-03     1.10e-06   17.236s
  50000 +1.71991494e+04 +1.71991896e+04  4.02e-02   1.37e-03     1.10e-06   17.430s
  51000 +1.71991493e+04 +1.71991893e+04  3.99e-02   8.03e-04     1.10e-06   17.621s
  52000 +1.71991493e+04 +1.71991895e+04  4.02e-02   1.24e-03     1.10e-06   17.814s
  53000 +1.71991493e+04 +1.71991897e+04  4.04e-02   5.97e-04     1.10e-06   18.006s
  54000 +1.71991494e+04 +1.71991897e+04  4.03e-02   9.38e-04     1.10e-06   18.200s
  55000 +1.71991493e+04 +1.71991893e+04  3.99e-02   5.78e-04     1.10e-06   18.392s
  56000 +1.71991493e+04 +1.71991893e+04  3.99e-02   5.90e-04     1.10e-06   18.583s
  57000 +1.71991493e+04 +1.71991896e+04  4.03e-02   8.52e-04     1.10e-06   18.778s
  58000 +1.71991493e+04 +1.71991896e+04  4.03e-02   2.58e-04     1.10e-06   18.970s
  59000 +1.71991493e+04 +1.71991893e+04  4.00e-02   4.96e-04     1.10e-06   19.160s
  60000 +1.71991493e+04 +1.71991892e+04  3.99e-02   4.48e-04     1.10e-06   19.353s
  61000 +1.71993028e+04 +1.71991686e+04  1.34e-01   2.83e+00     4.83e-07   19.548s
  62000 +1.71991485e+04 +1.68870997e+04  3.12e+02   1.51e-02     7.88e-03   19.748s
  63000 +1.71991495e+04 +1.71998317e+04  6.82e-01   8.27e-04     1.43e-04   19.944s
  64000 +1.71991489e+04 +1.71989566e+04  1.92e-01   7.33e-03     4.04e-05   20.137s
  65000 +1.71991492e+04 +1.71988761e+04  2.73e-01   4.11e-03     2.15e-05   20.329s
  66000 +1.71991493e+04 +1.71990054e+04  1.44e-01   6.20e-03     7.50e-06   20.519s
  67000 +1.71991487e+04 +1.71990878e+04  6.09e-02   1.59e-02     2.13e-06   20.713s
  68000 +1.71991486e+04 +1.71991190e+04  2.96e-02   1.45e-02     1.13e-06   20.912s
  69000 +1.71991451e+04 +1.71991301e+04  1.50e-02   8.10e-02     5.20e-07   21.104s
  70000 +1.71991389e+04 +1.71991379e+04  9.97e-04   1.85e-01     3.02e-07   21.290s
  71000 +1.71991478e+04 +1.71991569e+04  9.15e-03   2.55e-02     2.11e-07   21.489s
  72000 +1.71991496e+04 +1.71991498e+04  1.78e-04   6.55e-03     3.60e-08   21.666s
  73000 +1.71991493e+04 +1.71991490e+04  2.78e-04   6.20e-04     4.87e-09   21.843s
  74000 +1.71991492e+04 +1.71991493e+04  6.82e-05   6.41e-04     1.13e-09   22.022s
  74400 +1.71991492e+04 +1.71991493e+04  2.24e-05   3.41e-05     4.08e-10   22.095s
LP Solver status:                Optimal
Primal objective:                +1.71991492e+04
Dual objective:                  +1.71991493e+04
Duality gap (abs/rel):           +2.24e-05 / +6.50e-10
Primal infeasibility (abs/rel):  +3.41e-05 / +3.41e-05
Dual infeasibility (abs/rel):    +4.08e-10 / +2.04e-12
PDLP finished
Status: Optimal   Objective: 1.71991492e+04  Iterations: 74400  Time: 22.326s

### exit_code=0
### finished=2026-08-10T11:15:46.140284
### gpu_peak_mb=5562.4
### gpu_peak2_mb=5402.4
### per_gpu_peak_mb=[5562.375, 5402.375, 5402.375, 5402.375, 5402.375, 5402.375, 5402.375, 5402.375]
