### solver=cuopt-distributed
### instance=/home/scratch.cmaes_sw/hans_lps/L2CTA3D.mps
### n_gpus=8
### CUDA_VISIBLE_DEVICES=0,1,2,3,4,5,6,7
### started=2026-08-10T11:16:03.249116
### argv=/home/scratch.vmostovoi_gpu/mostovoi_cuopt/cpp/build/cuopt_cli --method 1 --mps-reader experimental-fast --time-limit 3600 --iteration-limit 1000000000 --relative-primal-tolerance 1e-6 --relative-dual-tolerance 1e-6 --relative-gap-tolerance 1e-6 --log-to-console true --num-gpus 8 /home/scratch.cmaes_sw/hans_lps/L2CTA3D.mps
### --- solver output ---
Setting parameter iteration_limit to 1000000000
Setting parameter log_to_console to true
Setting parameter method to 1
Setting parameter num_gpus to 8
Setting parameter relative_dual_tolerance to 1.000000e-06
Setting parameter relative_gap_tolerance to 1.000000e-06
Setting parameter relative_primal_tolerance to 1.000000e-06
Setting parameter time_limit to 3.600000e+03
Reading file L2CTA3D.mps
Using experimental fast MPS parser for '/home/scratch.cmaes_sw/hans_lps/L2CTA3D.mps'
Read file L2CTA3D.mps in 2.39 seconds
cuOpt version: 26.10.0, git hash: f3ebc673, host arch: x86_64, device archs: 100a-real
CPU: INTEL(R) XEON(R) PLATINUM 8570, threads (physical/logical): 112/224, RAM (available/total): 1960.85 / 2015.54 GiB
CUDA 13.3, device: NVIDIA B200 (ID 0), VRAM: 178.34 GiB
CUDA device UUID: 48ab7b4d-7b0a-65b7-4538-4e37338d2330
CUDA 13.3, device: NVIDIA B200 (ID 1), VRAM: 178.34 GiB
CUDA device UUID: 5dd43d25-54eb-687e-91f8-d4c917f40a3c
CUDA 13.3, device: NVIDIA B200 (ID 2), VRAM: 178.34 GiB
CUDA device UUID: a40e62a0-1502-ea41-88b7-8ebfb62f67b6
CUDA 13.3, device: NVIDIA B200 (ID 3), VRAM: 178.34 GiB
CUDA device UUID: 69c2235c-eda1-228c-f9ee-e444f16a4e31
CUDA 13.3, device: NVIDIA B200 (ID 4), VRAM: 178.34 GiB
CUDA device UUID: 92e986d5-fb1f-ac84-bd70-b03e127c762a
CUDA 13.3, device: NVIDIA B200 (ID 5), VRAM: 178.34 GiB
CUDA device UUID: fb4dfdcf-c8fe-1714-a140-0823be2fde13
CUDA 13.3, device: NVIDIA B200 (ID 6), VRAM: 178.34 GiB
CUDA device UUID: 3519c8dd-244c-a241-e2ee-ef61e97ec465
CUDA 13.3, device: NVIDIA B200 (ID 7), VRAM: 178.34 GiB
CUDA device UUID: b80ee313-5762-b760-dd9a-a5669634bef9
Solving a problem with 210000 constraints, 10000000 variables (0 integers), and 30000000 nonzeros
Using PSLP presolver
PSLP Presolved problem: 210000 constraints, 8002135 variables, 24006405 non-zeros
PSLP presolve time: 4.56s
Solving with distributed PDLP on 8 GPUs.
NCCL version 2.30.7+cuda13.3
      0 -3.73594412e+09 -3.73594412e+09  0.00e+00   4.39e+07     3.27e+06   10.645s
   1000 -5.49802918e+12 -5.49802972e+12  5.41e+05   1.03e+02     3.73e+01   11.038s
   2000 -5.49802862e+12 -5.49802870e+12  7.69e+04   1.77e+01     9.24e+00   11.339s
   3000 -5.49802859e+12 -5.49802861e+12  2.64e+04   8.08e+00     4.62e+00   11.640s
   3700 -5.49802858e+12 -5.49802860e+12  1.46e+04   5.47e+00     3.20e+00   11.850s
LP Solver status:                Optimal
Primal objective:                -5.49802858e+12
Dual objective:                  -5.49802860e+12
Duality gap (abs/rel):           +1.46e+04 / +1.33e-09
Primal infeasibility (abs/rel):  +5.47e+00 / +1.25e-07
Dual infeasibility (abs/rel):    +3.20e+00 / +9.79e-07
PDLP finished
Status: Optimal   Objective: -5.49802858e+12  Iterations: 3700  Time: 12.384s

### exit_code=0
### finished=2026-08-10T11:16:27.081951
### gpu_peak_mb=6202.4
### gpu_peak2_mb=5978.4
### per_gpu_peak_mb=[6202.375, 5882.375, 5882.375, 5882.375, 5978.375, 5882.375, 5786.375, 5882.375]
