### solver=cuopt-distributed
### instance=/home/scratch.cmaes_sw/hans_lps/lo10.mps
### n_gpus=8
### CUDA_VISIBLE_DEVICES=0,1,2,3,4,5,6,7
### started=2026-08-10T12:18:27.423367
### argv=/home/scratch.vmostovoi_gpu/mostovoi_cuopt/cpp/build/cuopt_cli --method 1 --mps-reader experimental-fast --time-limit 3600 --iteration-limit 1000000000 --relative-primal-tolerance 1e-6 --relative-dual-tolerance 1e-6 --relative-gap-tolerance 1e-6 --log-to-console true --num-gpus 8 /home/scratch.cmaes_sw/hans_lps/lo10.mps
### --- solver output ---
Setting parameter iteration_limit to 1000000000
Setting parameter log_to_console to true
Setting parameter method to 1
Setting parameter num_gpus to 8
Setting parameter relative_dual_tolerance to 1.000000e-06
Setting parameter relative_gap_tolerance to 1.000000e-06
Setting parameter relative_primal_tolerance to 1.000000e-06
Setting parameter time_limit to 3.600000e+03
Reading file lo10.mps
Using experimental fast MPS parser for '/home/scratch.cmaes_sw/hans_lps/lo10.mps'
Read file lo10.mps in 0.36 seconds
cuOpt version: 26.10.0, git hash: f3ebc673, host arch: x86_64, device archs: 100a-real
CPU: INTEL(R) XEON(R) PLATINUM 8570, threads (physical/logical): 112/224, RAM (available/total): 1963.59 / 2015.54 GiB
CUDA 13.3, device: NVIDIA B200 (ID 0), VRAM: 178.34 GiB
CUDA device UUID: 48ab7b4d-7b0a-65b7-4538-4e37338d2330
CUDA 13.3, device: NVIDIA B200 (ID 1), VRAM: 178.34 GiB
CUDA device UUID: 5dd43d25-54eb-687e-91f8-d4c917f40a3c
CUDA 13.3, device: NVIDIA B200 (ID 2), VRAM: 178.34 GiB
CUDA device UUID: a40e62a0-1502-ea41-88b7-8ebfb62f67b6
CUDA 13.3, device: NVIDIA B200 (ID 3), VRAM: 178.34 GiB
CUDA device UUID: 69c2235c-eda1-228c-f9ee-e444f16a4e31
CUDA 13.3, device: NVIDIA B200 (ID 4), VRAM: 178.34 GiB
CUDA device UUID: 92e986d5-fb1f-ac84-bd70-b03e127c762a
CUDA 13.3, device: NVIDIA B200 (ID 5), VRAM: 178.34 GiB
CUDA device UUID: fb4dfdcf-c8fe-1714-a140-0823be2fde13
CUDA 13.3, device: NVIDIA B200 (ID 6), VRAM: 178.34 GiB
CUDA device UUID: 3519c8dd-244c-a241-e2ee-ef61e97ec465
CUDA 13.3, device: NVIDIA B200 (ID 7), VRAM: 178.34 GiB
CUDA device UUID: b80ee313-5762-b760-dd9a-a5669634bef9
Solving a problem with 46341 constraints, 406225 variables (0 integers), and 812450 nonzeros
Using PSLP presolver
PSLP Presolved problem: 45655 constraints, 405539 variables, 811078 non-zeros
PSLP presolve time: 0.10s
Solving with distributed PDLP on 8 GPUs.
NCCL version 2.30.7+cuda13.3
      0 +1.58663572e+10 +1.58663572e+10  0.00e+00   2.24e+06     1.68e+06   4.112s
   1000 +1.45048813e+12 +1.45220851e+12  1.72e+09   1.86e+04     5.21e+03   4.492s
   2000 +1.45131601e+12 +1.45143717e+12  1.21e+08   1.13e+03     1.07e+03   4.684s
   3000 +1.45134599e+12 +1.45135727e+12  1.13e+07   7.41e+01     5.08e+02   4.876s
   4000 +1.45134660e+12 +1.45134804e+12  1.43e+06   2.47e+01     3.10e+02   5.067s
   5000 +1.45134532e+12 +1.45134736e+12  2.04e+06   2.06e+01     2.29e+02   5.256s
   6000 +1.45134552e+12 +1.45134491e+12  6.17e+05   3.05e+01     1.04e+02   5.445s
   7000 +1.45134409e+12 +1.45134416e+12  6.84e+04   1.72e+01     6.42e+01   5.635s
   8000 +1.45134357e+12 +1.45134364e+12  7.06e+04   1.15e+01     4.34e+01   5.823s
   9000 +1.45134325e+12 +1.45134317e+12  7.66e+04   1.58e+01     1.86e+01   6.012s
  10000 +1.45134318e+12 +1.45134320e+12  2.77e+04   1.10e+01     1.08e+01   6.200s
  11000 +1.45134324e+12 +1.45134316e+12  8.51e+04   7.16e+00     7.60e+00   6.382s
  12000 +1.45134308e+12 +1.45134317e+12  8.09e+04   5.10e+00     3.85e+00   6.565s
  13000 +1.45134302e+12 +1.45134313e+12  1.07e+05   3.28e+00     2.28e+00   6.746s
  14000 +1.45134306e+12 +1.45134313e+12  7.18e+04   2.42e+00     1.53e+00   6.927s
  14400 +1.45134307e+12 +1.45134313e+12  6.42e+04   2.14e+00     1.38e+00   6.999s
LP Solver status:                Optimal
Primal objective:                +1.45134307e+12
Dual objective:                  +1.45134313e+12
Duality gap (abs/rel):           +6.42e+04 / +2.21e-08
Primal infeasibility (abs/rel):  +2.14e+00 / +9.58e-07
Dual infeasibility (abs/rel):    +1.38e+00 / +8.23e-07
PDLP finished
Status: Optimal   Objective: 1.45134307e+12  Iterations: 14400  Time: 7.025s

### exit_code=0
### finished=2026-08-10T12:18:43.126404
### gpu_peak_mb=5306.4
### gpu_peak2_mb=5242.4
### per_gpu_peak_mb=[5306.375, 5210.375, 5242.375, 5210.375, 5242.375, 5242.375, 5242.375, 5242.375]
