### solver=cuopt-distributed
### instance=/home/scratch.cmaes_sw/hans_lps/long15.mps
### n_gpus=8
### CUDA_VISIBLE_DEVICES=0,1,2,3,4,5,6,7
### started=2026-08-10T12:18:43.139950
### argv=/home/scratch.vmostovoi_gpu/mostovoi_cuopt/cpp/build/cuopt_cli --method 1 --mps-reader experimental-fast --time-limit 3600 --iteration-limit 1000000000 --relative-primal-tolerance 1e-6 --relative-dual-tolerance 1e-6 --relative-gap-tolerance 1e-6 --log-to-console true --num-gpus 8 /home/scratch.cmaes_sw/hans_lps/long15.mps
### --- solver output ---
Setting parameter iteration_limit to 1000000000
Setting parameter log_to_console to true
Setting parameter method to 1
Setting parameter num_gpus to 8
Setting parameter relative_dual_tolerance to 1.000000e-06
Setting parameter relative_gap_tolerance to 1.000000e-06
Setting parameter relative_primal_tolerance to 1.000000e-06
Setting parameter time_limit to 3.600000e+03
Reading file long15.mps
Using experimental fast MPS parser for '/home/scratch.cmaes_sw/hans_lps/long15.mps'
Read file long15.mps in 0.51 seconds
cuOpt version: 26.10.0, git hash: f3ebc673, host arch: x86_64, device archs: 100a-real
CPU: INTEL(R) XEON(R) PLATINUM 8570, threads (physical/logical): 112/224, RAM (available/total): 1963.10 / 2015.54 GiB
CUDA 13.3, device: NVIDIA B200 (ID 0), VRAM: 178.34 GiB
CUDA device UUID: 48ab7b4d-7b0a-65b7-4538-4e37338d2330
CUDA 13.3, device: NVIDIA B200 (ID 1), VRAM: 178.34 GiB
CUDA device UUID: 5dd43d25-54eb-687e-91f8-d4c917f40a3c
CUDA 13.3, device: NVIDIA B200 (ID 2), VRAM: 178.34 GiB
CUDA device UUID: a40e62a0-1502-ea41-88b7-8ebfb62f67b6
CUDA 13.3, device: NVIDIA B200 (ID 3), VRAM: 178.34 GiB
CUDA device UUID: 69c2235c-eda1-228c-f9ee-e444f16a4e31
CUDA 13.3, device: NVIDIA B200 (ID 4), VRAM: 178.34 GiB
CUDA device UUID: 92e986d5-fb1f-ac84-bd70-b03e127c762a
CUDA 13.3, device: NVIDIA B200 (ID 5), VRAM: 178.34 GiB
CUDA device UUID: fb4dfdcf-c8fe-1714-a140-0823be2fde13
CUDA 13.3, device: NVIDIA B200 (ID 6), VRAM: 178.34 GiB
CUDA device UUID: 3519c8dd-244c-a241-e2ee-ef61e97ec465
CUDA 13.3, device: NVIDIA B200 (ID 7), VRAM: 178.34 GiB
CUDA device UUID: b80ee313-5762-b760-dd9a-a5669634bef9
Solving a problem with 32769 constraints, 753687 variables (0 integers), and 1507374 nonzeros
Using PSLP presolver
PSLP Presolved problem: 32769 constraints, 753687 variables, 1507374 non-zeros
PSLP presolve time: 0.18s
Solving with distributed PDLP on 8 GPUs.
NCCL version 2.30.7+cuda13.3
      0 +0.00000000e+00 +0.00000000e+00  0.00e+00   1.67e+06     2.28e+06   4.217s
   1000 +6.33340745e+10 +6.33367538e+10  2.68e+06   7.04e+02     3.12e+01   4.595s
   2000 +6.33352937e+10 +6.33349721e+10  3.22e+05   1.77e+02     5.55e+00   4.789s
   3000 +6.33350270e+10 +6.33350110e+10  1.60e+04   9.20e+01     4.73e+00   4.977s
   4000 +6.33349138e+10 +6.33350348e+10  1.21e+05   5.51e+01     2.81e+00   5.165s
   5000 +6.33350045e+10 +6.33350430e+10  3.85e+04   1.62e+01     2.26e+00   5.356s
   6000 +6.33350282e+10 +6.33350445e+10  1.63e+04   9.64e+00     1.41e+00   5.542s
   7000 +6.33350353e+10 +6.33350404e+10  5.12e+03   4.10e+00     1.32e+00   5.732s
   8000 +6.33350335e+10 +6.33350432e+10  9.75e+03   2.97e+00     1.01e+00   5.920s
   8400 +6.33350353e+10 +6.33350440e+10  8.75e+03   1.62e+00     9.53e-01   5.996s
LP Solver status:                Optimal
Primal objective:                +6.33350353e+10
Dual objective:                  +6.33350440e+10
Duality gap (abs/rel):           +8.75e+03 / +6.91e-08
Primal infeasibility (abs/rel):  +1.62e+00 / +9.69e-07
Dual infeasibility (abs/rel):    +9.53e-01 / +4.17e-07
PDLP finished
Status: Optimal   Objective: 6.33350353e+10  Iterations: 8400  Time: 6.031s

### exit_code=0
### finished=2026-08-10T12:18:58.037784
### gpu_peak_mb=5338.4
### gpu_peak2_mb=5242.4
### per_gpu_peak_mb=[5338.375, 5242.375, 5242.375, 5242.375, 5242.375, 5242.375, 5242.375, 5242.375]
