### solver=cuopt-distributed
### instance=/home/scratch.cmaes_sw/large-scale-LP-test-problems/large-problem-instances/multicommodity-flow-instance_2500_100_500.mps.gz
### n_gpus=8
### CUDA_VISIBLE_DEVICES=0,1,2,3,4,5,6,7
### started=2026-07-23T14:25:09.850939
### argv=/home/scratch.vmostovoi_gpu/mostovoi_cuopt/cpp/build/cuopt_cli --use-distributed-pdlp true --method 1 --mps-reader experimental-fast --time-limit 3600 --iteration-limit 1000000000 --relative-primal-tolerance 1e-6 --relative-dual-tolerance 1e-6 --relative-gap-tolerance 1e-6 --log-to-console true /home/scratch.cmaes_sw/large-scale-LP-test-problems/large-problem-instances/multicommodity-flow-instance_2500_100_500.mps.gz
### --- solver output ---
Setting parameter iteration_limit to 1000000000
Setting parameter log_to_console to true
Setting parameter method to 1
Setting parameter relative_dual_tolerance to 1.000000e-06
Setting parameter relative_gap_tolerance to 1.000000e-06
Setting parameter relative_primal_tolerance to 1.000000e-06
Setting parameter time_limit to 3.600000e+03
Setting parameter use_distributed_pdlp to true
Reading file multicommodity-flow-instance_2500_100_500.mps.gz
Using experimental fast MPS parser for '/home/scratch.cmaes_sw/large-scale-LP-test-problems/large-problem-instances/multicommodity-flow-instance_2500_100_500.mps.gz'
Read file multicommodity-flow-instance_2500_100_500.mps.gz in 89.33 seconds
cuOpt version: 26.8.0, git hash: 7116ead1, host arch: x86_64, device archs: 100a-real
CPU: INTEL(R) XEON(R) PLATINUM 8570, threads (physical/logical): 112/224, RAM: 1921.62 GiB
CUDA 13.3, device: NVIDIA B200 (ID 0), VRAM: 178.34 GiB
CUDA device UUID: ce7561ee-5e85-cb9e-50c1-948db9fb2044
CUDA 13.3, device: NVIDIA B200 (ID 1), VRAM: 178.34 GiB
CUDA device UUID: c9f138e1-709b-d00d-181e-2f8145bd6261
CUDA 13.3, device: NVIDIA B200 (ID 2), VRAM: 178.34 GiB
CUDA device UUID: c0027a4b-4a41-7a22-9104-23982281523e
CUDA 13.3, device: NVIDIA B200 (ID 3), VRAM: 178.34 GiB
CUDA device UUID: 8074d1cc-eebf-023c-9ebd-7d3977f3ce38
CUDA 13.3, device: NVIDIA B200 (ID 4), VRAM: 178.34 GiB
CUDA device UUID: fadea3f4-063b-c9ce-bb91-2d94752680ac
CUDA 13.3, device: NVIDIA B200 (ID 5), VRAM: 178.34 GiB
CUDA device UUID: 929d1d7e-b877-15c6-71c5-7e6442b39848
CUDA 13.3, device: NVIDIA B200 (ID 6), VRAM: 178.34 GiB
CUDA device UUID: 567d3507-3fc0-e9c7-757c-a788dbed624f
CUDA 13.3, device: NVIDIA B200 (ID 7), VRAM: 178.34 GiB
CUDA device UUID: dea6852f-1d11-b79d-3ada-336fd4c1ec39
Solving a problem with 1512600 constraints, 126250100 variables (0 integers), and 253750100 nonzeros
Using PSLP presolver
PSLP Presolved problem: 1512586 constraints, 126248700 variables, 253747300 non-zeros
PSLP presolve time: 53.82s
Solving with distributed PDLP on 8 GPUs.
NCCL version 2.30.7+cuda13.3
      0 +0.00000000e+00 +0.00000000e+00  0.00e+00   1.12e+03     1.12e+04   85.762s
   1000 +6.75362320e+07 +7.23785641e+07  4.84e+06   3.05e+03     1.26e+02   86.640s
   2000 +6.64144118e+07 +6.97004411e+07  3.29e+06   2.37e+03     3.70e+01   87.340s
   3000 +6.61916128e+07 +6.89860243e+07  2.79e+06   2.25e+03     1.46e+01   88.041s
   4000 +6.61150382e+07 +6.87985033e+07  2.68e+06   2.14e+03     7.75e+00   88.742s
   5000 +6.60782267e+07 +6.87958027e+07  2.72e+06   2.11e+03     5.27e+00   89.442s
   6000 +6.60711993e+07 +6.88040984e+07  2.73e+06   2.04e+03     3.43e+00   90.142s
   7000 +6.62208641e+07 +6.89047231e+07  2.68e+06   2.02e+03     3.44e+00   90.842s
   8000 +6.65617371e+07 +6.89773990e+07  2.42e+06   1.91e+03     3.54e+00   91.542s
   9000 +6.69105745e+07 +6.90229292e+07  2.11e+06   1.70e+03     3.41e+00   92.241s
  10000 +6.73553072e+07 +6.91285134e+07  1.77e+06   1.47e+03     9.59e+00   92.942s
  11000 +6.81326414e+07 +6.91545594e+07  1.02e+06   9.34e+02     1.10e+01   93.632s
  12000 +6.86172092e+07 +6.91350456e+07  5.18e+05   5.22e+02     8.50e+00   94.322s
  13000 +6.88013696e+07 +6.91233083e+07  3.22e+05   3.34e+02     6.38e+00   95.013s
  14000 +6.88552985e+07 +6.91159155e+07  2.61e+05   2.58e+02     5.19e+00   95.703s
  15000 +6.89275509e+07 +6.90934211e+07  1.66e+05   1.90e+02     3.89e+00   96.395s
  16000 +6.90147305e+07 +6.90894535e+07  7.47e+04   1.23e+02     3.60e+00   97.085s
  17000 +6.90684950e+07 +6.90865830e+07  1.81e+04   8.70e+01     3.18e+00   97.775s
  18000 +6.90914825e+07 +6.90852128e+07  6.27e+03   6.81e+01     2.79e+00   98.465s
  19000 +6.90926105e+07 +6.90844358e+07  8.17e+03   5.66e+01     2.49e+00   99.154s
  20000 +6.90840559e+07 +6.90831733e+07  8.83e+02   5.07e+01     2.28e+00   99.844s
  21000 +6.90748964e+07 +6.90817464e+07  6.85e+03   4.51e+01     2.11e+00   100.534s
  22000 +6.90699842e+07 +6.90804629e+07  1.05e+04   4.12e+01     1.98e+00   101.224s
  23000 +6.90820568e+07 +6.90735192e+07  8.54e+03   1.39e+02     1.53e+00   101.915s
  24000 +6.91014317e+07 +6.90699803e+07  3.15e+04   9.74e+01     1.23e+00   102.605s
  25000 +6.91085488e+07 +6.90675129e+07  4.10e+04   8.68e+01     9.72e-01   103.295s
  26000 +6.91100294e+07 +6.90656881e+07  4.43e+04   7.66e+01     8.38e-01   103.985s
  27000 +6.91083723e+07 +6.90644770e+07  4.39e+04   7.09e+01     7.34e-01   104.675s
  28000 +6.91050796e+07 +6.90633954e+07  4.17e+04   6.30e+01     6.64e-01   105.365s
  29000 +6.91011736e+07 +6.90624986e+07  3.87e+04   5.88e+01     5.99e-01   106.055s
  30000 +6.90968993e+07 +6.90615442e+07  3.54e+04   5.42e+01     5.41e-01   106.745s
  31000 +6.90924526e+07 +6.90609696e+07  3.15e+04   4.94e+01     5.02e-01   107.434s
  32000 +6.90877599e+07 +6.90603867e+07  2.74e+04   4.65e+01     4.62e-01   108.124s
  33000 +6.90837421e+07 +6.90597350e+07  2.40e+04   4.34e+01     4.20e-01   108.814s
  34000 +6.90800536e+07 +6.90593754e+07  2.07e+04   3.97e+01     3.97e-01   109.504s
  35000 +6.90773161e+07 +6.90588979e+07  1.84e+04   3.65e+01     3.72e-01   110.194s
  36000 +6.90762533e+07 +6.90556654e+07  2.06e+04   7.87e+01     2.37e-01   110.885s
  37000 +6.90757602e+07 +6.90549817e+07  2.08e+04   7.06e+01     1.99e-01   111.576s
  38000 +6.90753110e+07 +6.90545146e+07  2.08e+04   6.30e+01     1.76e-01   112.266s
  39000 +6.90751538e+07 +6.90541257e+07  2.10e+04   5.18e+01     1.57e-01   112.956s
  40000 +6.90748689e+07 +6.90539277e+07  2.09e+04   4.75e+01     1.45e-01   113.646s
  41000 +6.90741173e+07 +6.90537170e+07  2.04e+04   4.49e+01     1.32e-01   114.336s
  42000 +6.90735077e+07 +6.90534879e+07  2.00e+04   4.47e+01     1.02e-01   115.026s
  43000 +6.90728579e+07 +6.90533047e+07  1.96e+04   3.87e+01     8.92e-02   115.716s
  44000 +6.90722166e+07 +6.90532123e+07  1.90e+04   3.29e+01     8.30e-02   116.406s
  45000 +6.90715017e+07 +6.90531171e+07  1.84e+04   3.06e+01     7.57e-02   117.096s
  46000 +6.90704477e+07 +6.90530536e+07  1.74e+04   2.95e+01     6.96e-02   117.786s
  47000 +6.90690792e+07 +6.90524791e+07  1.66e+04   8.67e+01     3.02e-02   118.478s
  48000 +6.90674118e+07 +6.90523770e+07  1.50e+04   5.62e+01     2.45e-02   119.168s
  49000 +6.90660645e+07 +6.90523023e+07  1.38e+04   4.41e+01     2.06e-02   119.858s
  50000 +6.90651021e+07 +6.90522460e+07  1.29e+04   4.00e+01     1.73e-02   120.548s
  51000 +6.90645367e+07 +6.90522104e+07  1.23e+04   3.61e+01     1.46e-02   121.238s
  52000 +6.90641897e+07 +6.90521948e+07  1.20e+04   3.09e+01     1.31e-02   121.930s
  53000 +6.90641397e+07 +6.90521821e+07  1.20e+04   2.98e+01     1.21e-02   122.620s
  54000 +6.90641555e+07 +6.90521703e+07  1.20e+04   2.74e+01     1.11e-02   123.310s
  55000 +6.90641515e+07 +6.90521183e+07  1.20e+04   7.30e+01     8.11e-03   124.001s
  56000 +6.90638789e+07 +6.90521106e+07  1.18e+04   3.17e+01     7.11e-03   124.691s
  57000 +6.90637020e+07 +6.90520940e+07  1.16e+04   3.75e+01     3.61e-03   125.381s
  58000 +6.90635800e+07 +6.90520905e+07  1.15e+04   2.96e+01     2.68e-03   126.071s
  59000 +6.90635952e+07 +6.90520872e+07  1.15e+04   2.62e+01     2.19e-03   126.761s
  60000 +6.90636149e+07 +6.90520854e+07  1.15e+04   2.39e+01     1.91e-03   127.451s
  61000 +6.90636114e+07 +6.90520839e+07  1.15e+04   2.57e+01     1.70e-03   128.141s
  62000 +6.90635699e+07 +6.90520780e+07  1.15e+04   2.19e+01     9.46e-04   128.833s
  63000 +6.90634814e+07 +6.90520772e+07  1.14e+04   1.99e+01     7.06e-04   129.523s
  64000 +6.90634360e+07 +6.90520771e+07  1.14e+04   1.99e+01     6.77e-04   130.213s
  65000 +6.90633876e+07 +6.90520769e+07  1.13e+04   1.94e+01     6.09e-04   130.903s
  66000 +6.90633469e+07 +6.90520767e+07  1.13e+04   1.91e+01     5.82e-04   131.593s
  67000 +6.90632993e+07 +6.90520755e+07  1.12e+04   2.75e+01     3.14e-04   132.284s
  68000 +6.90632800e+07 +6.90520754e+07  1.12e+04   1.96e+01     2.14e-04   132.974s
  69000 +6.90632758e+07 +6.90520753e+07  1.12e+04   1.84e+01     1.54e-04   133.664s
  70000 +6.90632627e+07 +6.90520753e+07  1.12e+04   1.79e+01     1.39e-04   134.355s
  71000 +6.90632387e+07 +6.90520753e+07  1.12e+04   1.78e+01     1.25e-04   135.044s
  72000 +6.90632205e+07 +6.90520752e+07  1.11e+04   1.78e+01     8.67e-05   135.734s
  73000 +6.90632073e+07 +6.90520753e+07  1.11e+04   1.77e+01     7.68e-05   136.424s
  74000 +6.90631977e+07 +6.90520753e+07  1.11e+04   1.75e+01     7.14e-05   137.114s
  75000 +6.90631858e+07 +6.90520753e+07  1.11e+04   1.73e+01     6.58e-05   137.804s
  76000 +6.90631750e+07 +6.90520752e+07  1.11e+04   1.70e+01     6.33e-05   138.496s
  77000 +6.90631669e+07 +6.90520753e+07  1.11e+04   1.69e+01     8.64e-05   139.186s
  78000 +6.90631532e+07 +6.90520753e+07  1.11e+04   1.66e+01     1.16e-04   139.876s
  79000 +6.90631325e+07 +6.90520753e+07  1.11e+04   1.63e+01     1.31e-04   140.566s
  80000 +6.90631099e+07 +6.90520753e+07  1.10e+04   1.61e+01     1.40e-04   141.255s
  81000 +6.90630823e+07 +6.90520754e+07  1.10e+04   1.59e+01     1.30e-04   141.945s
  82000 +6.90630556e+07 +6.90520755e+07  1.10e+04   1.58e+01     1.30e-04   142.636s
  83000 +6.90630197e+07 +6.90520755e+07  1.09e+04   1.56e+01     1.30e-04   143.326s
  84000 +6.90629827e+07 +6.90520756e+07  1.09e+04   1.55e+01     1.28e-04   144.015s
  85000 +6.90629608e+07 +6.90520757e+07  1.09e+04   1.54e+01     1.03e-04   144.705s
  86000 +6.90629408e+07 +6.90520757e+07  1.09e+04   1.52e+01     1.01e-04   145.395s
  87000 +6.90629177e+07 +6.90520758e+07  1.08e+04   1.52e+01     9.96e-05   146.085s
  88000 +6.90629007e+07 +6.90520758e+07  1.08e+04   1.51e+01     1.04e-04   146.775s
  89000 +6.90628878e+07 +6.90520759e+07  1.08e+04   1.49e+01     1.12e-04   147.466s
  90000 +6.90628824e+07 +6.90520759e+07  1.08e+04   1.48e+01     1.16e-04   148.155s
  91000 +6.90628863e+07 +6.90520759e+07  1.08e+04   1.46e+01     1.16e-04   148.845s
  92000 +6.90628913e+07 +6.90520760e+07  1.08e+04   1.45e+01     1.18e-04   149.536s
  93000 +6.90629146e+07 +6.90520760e+07  1.08e+04   1.44e+01     1.14e-04   150.226s
  94000 +6.90629390e+07 +6.90520760e+07  1.09e+04   1.43e+01     1.08e-04   150.915s
  95000 +6.90629449e+07 +6.90520761e+07  1.09e+04   1.42e+01     1.09e-04   151.605s
  96000 +6.90629443e+07 +6.90520761e+07  1.09e+04   1.41e+01     1.10e-04   152.295s
  97000 +6.90629323e+07 +6.90520762e+07  1.09e+04   1.41e+01     1.04e-04   152.985s
  98000 +6.90629052e+07 +6.90520762e+07  1.08e+04   1.40e+01     1.04e-04   153.675s
  99000 +6.90628842e+07 +6.90520762e+07  1.08e+04   1.39e+01     9.89e-05   154.366s
 100000 +6.90628529e+07 +6.90520763e+07  1.08e+04   1.39e+01     9.91e-05   155.056s
 101000 +6.90628419e+07 +6.90520764e+07  1.08e+04   1.39e+01     9.72e-05   155.746s
 102000 +6.90628267e+07 +6.90520764e+07  1.08e+04   1.39e+01     8.97e-05   156.436s
 103000 +6.90628212e+07 +6.90520764e+07  1.07e+04   1.39e+01     9.14e-05   157.125s
 104000 +6.90628101e+07 +6.90520765e+07  1.07e+04   1.38e+01     8.57e-05   157.815s
 105000 +6.90627862e+07 +6.90520765e+07  1.07e+04   1.38e+01     8.75e-05   158.505s
 106000 +6.90627698e+07 +6.90520766e+07  1.07e+04   1.38e+01     8.87e-05   159.195s
 107000 +6.90627507e+07 +6.90520767e+07  1.07e+04   1.37e+01     9.04e-05   159.885s
 108000 +6.90627258e+07 +6.90520767e+07  1.06e+04   1.37e+01     9.41e-05   160.575s
 109000 +6.90626985e+07 +6.90520768e+07  1.06e+04   1.36e+01     8.20e-05   161.265s
 110000 +6.90626807e+07 +6.90520768e+07  1.06e+04   1.36e+01     7.86e-05   161.955s
 111000 +6.90626616e+07 +6.90520768e+07  1.06e+04   1.36e+01     7.85e-05   162.645s
 112000 +6.90626389e+07 +6.90520769e+07  1.06e+04   1.36e+01     7.07e-05   163.335s
 113000 +6.90626194e+07 +6.90520769e+07  1.05e+04   1.36e+01     6.77e-05   164.025s
 114000 +6.90625968e+07 +6.90520770e+07  1.05e+04   1.35e+01     6.71e-05   164.715s
 115000 +6.90625807e+07 +6.90520770e+07  1.05e+04   1.36e+01     6.41e-05   165.405s
 116000 +6.90625576e+07 +6.90520770e+07  1.05e+04   1.35e+01     6.52e-05   166.095s
 117000 +6.90625251e+07 +6.90520771e+07  1.04e+04   1.35e+01     6.67e-05   166.785s
 118000 +6.90624801e+07 +6.90520771e+07  1.04e+04   1.35e+01     6.80e-05   167.475s
 119000 +6.90624630e+07 +6.90520773e+07  1.04e+04   1.34e+01     3.22e-04   168.167s
 120000 +6.90624355e+07 +6.90520777e+07  1.04e+04   1.34e+01     4.84e-04   168.857s
 121000 +6.90623838e+07 +6.90520781e+07  1.03e+04   1.33e+01     6.92e-04   169.547s
 122000 +6.90623027e+07 +6.90520785e+07  1.02e+04   1.30e+01     8.49e-04   170.237s
 123000 +6.90622091e+07 +6.90520789e+07  1.01e+04   1.29e+01     9.15e-04   170.927s
 124000 +6.90620998e+07 +6.90520793e+07  1.00e+04   1.28e+01     9.31e-04   171.617s
 125000 +6.90619667e+07 +6.90520798e+07  9.89e+03   1.27e+01     1.07e-03   172.306s
 126000 +6.90618555e+07 +6.90520803e+07  9.78e+03   1.26e+01     1.11e-03   172.996s
 127000 +6.90617220e+07 +6.90520808e+07  9.64e+03   1.24e+01     1.18e-03   173.686s
 128000 +6.90615462e+07 +6.90520812e+07  9.46e+03   1.23e+01     1.24e-03   174.376s
 129000 +6.90613312e+07 +6.90520816e+07  9.25e+03   1.23e+01     1.33e-03   175.067s
 130000 +6.90610990e+07 +6.90520820e+07  9.02e+03   1.22e+01     1.35e-03   175.757s
 131000 +6.90608511e+07 +6.90520822e+07  8.77e+03   1.22e+01     1.40e-03   176.446s
 132000 +6.90605788e+07 +6.90520827e+07  8.50e+03   1.21e+01     1.45e-03   177.136s
 133000 +6.90602873e+07 +6.90520830e+07  8.20e+03   1.20e+01     1.48e-03   177.826s
 134000 +6.90599998e+07 +6.90520827e+07  7.92e+03   1.20e+01     1.50e-03   178.516s
 135000 +6.90597202e+07 +6.90520828e+07  7.64e+03   1.19e+01     1.44e-03   179.206s
 136000 +6.90594671e+07 +6.90520829e+07  7.38e+03   1.18e+01     1.45e-03   179.896s
 137000 +6.90592499e+07 +6.90520832e+07  7.17e+03   1.18e+01     1.25e-03   180.586s
 138000 +6.90590631e+07 +6.90520831e+07  6.98e+03   1.17e+01     1.29e-03   181.276s
 139000 +6.90588765e+07 +6.90520833e+07  6.79e+03   1.16e+01     1.27e-03   181.966s
 140000 +6.90586690e+07 +6.90520834e+07  6.59e+03   1.15e+01     1.27e-03   182.656s
 141000 +6.90584708e+07 +6.90520835e+07  6.39e+03   1.14e+01     1.29e-03   183.346s
 142000 +6.90582740e+07 +6.90520838e+07  6.19e+03   1.13e+01     1.26e-03   184.036s
 143000 +6.90580908e+07 +6.90520836e+07  6.01e+03   1.13e+01     1.22e-03   184.726s
 144000 +6.90579013e+07 +6.90520836e+07  5.82e+03   1.12e+01     1.19e-03   185.416s
 145000 +6.90577168e+07 +6.90520838e+07  5.63e+03   1.12e+01     1.12e-03   186.106s
 146000 +6.90575626e+07 +6.90520839e+07  5.48e+03   1.11e+01     1.13e-03   186.795s
 147000 +6.90574272e+07 +6.90520838e+07  5.34e+03   1.11e+01     1.13e-03   187.485s
 148000 +6.90572906e+07 +6.90520840e+07  5.21e+03   1.12e+01     1.12e-03   188.175s
 149000 +6.90571655e+07 +6.90520842e+07  5.08e+03   1.12e+01     1.09e-03   188.865s
 150000 +6.90570421e+07 +6.90520843e+07  4.96e+03   1.11e+01     1.08e-03   189.555s
 151000 +6.90569095e+07 +6.90520845e+07  4.83e+03   1.10e+01     1.10e-03   190.244s
 152000 +6.90567835e+07 +6.90520840e+07  4.70e+03   1.09e+01     1.09e-03   190.934s
 153000 +6.90566672e+07 +6.90520843e+07  4.58e+03   1.09e+01     1.11e-03   191.624s
 154000 +6.90565593e+07 +6.90520841e+07  4.48e+03   1.08e+01     1.08e-03   192.313s
 155000 +6.90564485e+07 +6.90520840e+07  4.36e+03   1.08e+01     1.08e-03   193.003s
 156000 +6.90563420e+07 +6.90520839e+07  4.26e+03   1.08e+01     9.98e-04   193.693s
 157000 +6.90562414e+07 +6.90520844e+07  4.16e+03   1.08e+01     8.88e-04   194.383s
 158000 +6.90561475e+07 +6.90520841e+07  4.06e+03   1.07e+01     8.88e-04   195.074s
 159000 +6.90560523e+07 +6.90520842e+07  3.97e+03   1.06e+01     8.42e-04   195.766s
 160000 +6.90559432e+07 +6.90520843e+07  3.86e+03   1.07e+01     8.56e-04   196.458s
 161000 +6.90558352e+07 +6.90520846e+07  3.75e+03   1.06e+01     8.47e-04   197.149s
 162000 +6.90557220e+07 +6.90520846e+07  3.64e+03   1.06e+01     8.50e-04   197.839s
 163000 +6.90556156e+07 +6.90520845e+07  3.53e+03   1.05e+01     8.59e-04   198.528s
 164000 +6.90555126e+07 +6.90520846e+07  3.43e+03   1.05e+01     8.51e-04   199.218s
 165000 +6.90554894e+07 +6.90520843e+07  3.41e+03   1.03e+01     1.11e-03   199.909s
 166000 +6.90554461e+07 +6.90520846e+07  3.36e+03   1.02e+01     1.33e-03   200.599s
 167000 +6.90553748e+07 +6.90520849e+07  3.29e+03   1.02e+01     1.49e-03   201.289s
 168000 +6.90552889e+07 +6.90520851e+07  3.20e+03   9.94e+00     1.71e-03   201.979s
 169000 +6.90551857e+07 +6.90520854e+07  3.10e+03   9.91e+00     1.85e-03   202.669s
 170000 +6.90550684e+07 +6.90520855e+07  2.98e+03   9.89e+00     1.97e-03   203.358s
 171000 +6.90549479e+07 +6.90520857e+07  2.86e+03   9.63e+00     2.17e-03   204.048s
 172000 +6.90548044e+07 +6.90520858e+07  2.72e+03   9.60e+00     2.27e-03   204.737s
 173000 +6.90546569e+07 +6.90520859e+07  2.57e+03   9.58e+00     2.40e-03   205.427s
 174000 +6.90544997e+07 +6.90520861e+07  2.41e+03   9.38e+00     2.56e-03   206.117s
 175000 +6.90543263e+07 +6.90520861e+07  2.24e+03   9.38e+00     2.59e-03   206.807s
 176000 +6.90541515e+07 +6.90520863e+07  2.07e+03   9.27e+00     2.65e-03   207.497s
 177000 +6.90539887e+07 +6.90520865e+07  1.90e+03   9.06e+00     2.72e-03   208.187s
 178000 +6.90538117e+07 +6.90520865e+07  1.73e+03   9.05e+00     2.75e-03   208.876s
 179000 +6.90536347e+07 +6.90520866e+07  1.55e+03   8.95e+00     2.75e-03   209.566s
 180000 +6.90534708e+07 +6.90520866e+07  1.38e+03   8.51e+00     2.79e-03   210.256s
 181000 +6.90533136e+07 +6.90520867e+07  1.23e+03   8.52e+00     2.78e-03   210.945s
 182000 +6.90531732e+07 +6.90520867e+07  1.09e+03   8.36e+00     2.74e-03   211.635s
 183000 +6.90530362e+07 +6.90520869e+07  9.49e+02   8.35e+00     2.70e-03   212.325s
 184000 +6.90529078e+07 +6.90520871e+07  8.21e+02   8.29e+00     2.68e-03   213.015s
 185000 +6.90527903e+07 +6.90520871e+07  7.03e+02   8.03e+00     2.57e-03   213.704s
 186000 +6.90526958e+07 +6.90520871e+07  6.09e+02   7.95e+00     2.45e-03   214.394s
 187000 +6.90526170e+07 +6.90520871e+07  5.30e+02   7.78e+00     2.41e-03   215.084s
 188000 +6.90525395e+07 +6.90520872e+07  4.52e+02   7.73e+00     2.37e-03   215.774s
 189000 +6.90524772e+07 +6.90520873e+07  3.90e+02   7.66e+00     2.31e-03   216.463s
 190000 +6.90524183e+07 +6.90520876e+07  3.31e+02   7.66e+00     2.27e-03   217.153s
 191000 +6.90523617e+07 +6.90520876e+07  2.74e+02   7.62e+00     2.23e-03   217.843s
 192000 +6.90523322e+07 +6.90520873e+07  2.45e+02   7.40e+00     2.29e-03   218.534s
 193000 +6.90523220e+07 +6.90520874e+07  2.35e+02   7.30e+00     2.17e-03   219.224s
 194000 +6.90522977e+07 +6.90520875e+07  2.10e+02   7.24e+00     2.19e-03   219.914s
 195000 +6.90522731e+07 +6.90520876e+07  1.85e+02   6.98e+00     2.31e-03   220.603s
 196000 +6.90522439e+07 +6.90520876e+07  1.56e+02   6.91e+00     2.30e-03   221.293s
 197000 +6.90522138e+07 +6.90520877e+07  1.26e+02   6.70e+00     2.48e-03   221.983s
 198000 +6.90521799e+07 +6.90520878e+07  9.21e+01   6.45e+00     2.53e-03   222.673s
 199000 +6.90521490e+07 +6.90520879e+07  6.10e+01   6.29e+00     2.45e-03   223.362s
 200000 +6.90521036e+07 +6.90520880e+07  1.56e+01   6.31e+00     2.43e-03   224.052s
 201000 +6.90520798e+07 +6.90520880e+07  8.18e+00   5.85e+00     2.58e-03   224.742s
 202000 +6.90520525e+07 +6.90520869e+07  3.44e+01   5.71e+00     4.36e-03   225.433s
 203000 +6.90520719e+07 +6.90520874e+07  1.55e+01   5.29e+00     5.38e-03   226.123s
 204000 +6.90520726e+07 +6.90520875e+07  1.49e+01   5.15e+00     4.51e-03   226.813s
 205000 +6.90520666e+07 +6.90520877e+07  2.11e+01   4.95e+00     4.52e-03   227.502s
 206000 +6.90520588e+07 +6.90520879e+07  2.91e+01   4.57e+00     4.74e-03   228.192s
 207000 +6.90520502e+07 +6.90520879e+07  3.77e+01   4.40e+00     4.71e-03   228.881s
 208000 +6.90520448e+07 +6.90520880e+07  4.33e+01   4.08e+00     4.98e-03   229.571s
 209000 +6.90520636e+07 +6.90520821e+07  1.85e+01   3.33e+00     3.22e-02   230.263s
 210000 +6.90521046e+07 +6.90520815e+07  2.30e+01   2.12e+00     6.65e-02   230.952s
 211000 +6.90521180e+07 +6.90520803e+07  3.78e+01   1.49e+00     1.92e-02   231.642s
 212000 +6.90521193e+07 +6.90520809e+07  3.84e+01   1.22e+00     1.42e-02   232.332s
 213000 +6.90521183e+07 +6.90520818e+07  3.64e+01   9.85e-01     1.44e-02   233.022s
 214000 +6.90521188e+07 +6.90520825e+07  3.63e+01   8.27e-01     1.11e-02   233.712s
 215000 +6.90521183e+07 +6.90520817e+07  3.66e+01   7.66e-01     9.60e-03   234.402s
 216000 +6.90521190e+07 +6.90520695e+07  4.95e+01   5.66e-01     2.02e-02   235.093s
 217000 +6.90521252e+07 +6.90520725e+07  5.27e+01   3.74e-01     1.66e-02   235.783s
 218000 +6.90521257e+07 +6.90520731e+07  5.26e+01   2.75e-01     1.21e-02   236.473s
 219000 +6.90521245e+07 +6.90520732e+07  5.12e+01   2.38e-01     9.92e-03   237.163s
 220000 +6.90521210e+07 +6.90520746e+07  4.64e+01   2.15e-01     9.26e-03   237.853s
 221000 +6.90521191e+07 +6.90520761e+07  4.30e+01   1.66e-01     9.29e-03   238.543s
 222000 +6.90521155e+07 +6.90520769e+07  3.86e+01   1.59e-01     8.82e-03   239.232s
 223000 +6.90521138e+07 +6.90520698e+07  4.40e+01   1.32e-01     9.82e-03   239.924s
 224000 +6.90521119e+07 +6.90520722e+07  3.97e+01   1.20e-01     9.93e-03   240.614s
 225000 +6.90521092e+07 +6.90520727e+07  3.65e+01   1.15e-01     9.86e-03   241.304s
 226000 +6.90521063e+07 +6.90520733e+07  3.30e+01   1.06e-01     1.01e-02   241.994s
 227000 +6.90521033e+07 +6.90520738e+07  2.96e+01   9.94e-02     9.90e-03   242.683s
 228000 +6.90521000e+07 +6.90520746e+07  2.54e+01   9.65e-02     9.80e-03   243.373s
 229000 +6.90520966e+07 +6.90520748e+07  2.18e+01   9.44e-02     9.54e-03   244.063s
 230000 +6.90520934e+07 +6.90520750e+07  1.84e+01   9.03e-02     9.28e-03   244.753s
 231000 +6.90520903e+07 +6.90520755e+07  1.48e+01   8.77e-02     8.94e-03   245.443s
 232000 +6.90520875e+07 +6.90520758e+07  1.16e+01   8.58e-02     8.61e-03   246.132s
 233000 +6.90520851e+07 +6.90520768e+07  8.26e+00   8.34e-02     8.27e-03   246.822s
 234000 +6.90520831e+07 +6.90520763e+07  6.81e+00   8.12e-02     7.89e-03   247.512s
 235000 +6.90520815e+07 +6.90520771e+07  4.38e+00   7.95e-02     7.52e-03   248.202s
 236000 +6.90520804e+07 +6.90520779e+07  2.50e+00   7.80e-02     7.12e-03   248.892s
 237000 +6.90520799e+07 +6.90520782e+07  1.70e+00   7.61e-02     6.77e-03   249.582s
 238000 +6.90520797e+07 +6.90520794e+07  2.57e-01   7.46e-02     6.40e-03   250.271s
 239000 +6.90520797e+07 +6.90520795e+07  2.16e-01   7.33e-02     6.14e-03   250.961s
 240000 +6.90520800e+07 +6.90520796e+07  4.36e-01   7.18e-02     5.87e-03   251.651s
 241000 +6.90520806e+07 +6.90520804e+07  1.85e-01   6.99e-02     5.66e-03   252.341s
 242000 +6.90520813e+07 +6.90520808e+07  5.84e-01   6.86e-02     5.51e-03   253.031s
 243000 +6.90520823e+07 +6.90520812e+07  1.03e+00   6.75e-02     5.35e-03   253.721s
 244000 +6.90520833e+07 +6.90520815e+07  1.81e+00   6.61e-02     5.23e-03   254.411s
 245000 +6.90520843e+07 +6.90520822e+07  2.03e+00   6.48e-02     5.13e-03   255.100s
 246000 +6.90520852e+07 +6.90520817e+07  3.50e+00   6.38e-02     5.01e-03   255.790s
 247000 +6.90520860e+07 +6.90520821e+07  3.89e+00   6.29e-02     4.93e-03   256.480s
 248000 +6.90520868e+07 +6.90520813e+07  5.58e+00   6.19e-02     4.85e-03   257.170s
 249000 +6.90520876e+07 +6.90520823e+07  5.27e+00   6.08e-02     4.80e-03   257.860s
 250000 +6.90520883e+07 +6.90520828e+07  5.48e+00   6.01e-02     4.73e-03   258.549s
 251000 +6.90520889e+07 +6.90520830e+07  5.97e+00   5.90e-02     4.73e-03   259.239s
 252000 +6.90520895e+07 +6.90520825e+07  7.00e+00   5.82e-02     4.64e-03   259.929s
 253000 +6.90520899e+07 +6.90520823e+07  7.64e+00   5.75e-02     4.61e-03   260.619s
 254000 +6.90520903e+07 +6.90520833e+07  6.95e+00   5.65e-02     4.58e-03   261.309s
 255000 +6.90520905e+07 +6.90520828e+07  7.67e+00   5.55e-02     4.56e-03   261.999s
 256000 +6.90520906e+07 +6.90520828e+07  7.77e+00   5.48e-02     4.53e-03   262.689s
 257000 +6.90520906e+07 +6.90520830e+07  7.64e+00   5.41e-02     4.51e-03   263.378s
 258000 +6.90520907e+07 +6.90520834e+07  7.32e+00   5.33e-02     4.47e-03   264.068s
 259000 +6.90520907e+07 +6.90520827e+07  7.98e+00   5.27e-02     4.45e-03   264.758s
 260000 +6.90520907e+07 +6.90520833e+07  7.41e+00   5.21e-02     4.47e-03   265.448s
 261000 +6.90520906e+07 +6.90520832e+07  7.46e+00   5.16e-02     4.45e-03   266.138s
 262000 +6.90520905e+07 +6.90520836e+07  6.96e+00   5.08e-02     4.43e-03   266.828s
 263000 +6.90520904e+07 +6.90520841e+07  6.26e+00   5.02e-02     4.40e-03   267.518s
 264000 +6.90520902e+07 +6.90520833e+07  6.91e+00   4.97e-02     4.42e-03   268.207s
 265000 +6.90520900e+07 +6.90520838e+07  6.25e+00   4.92e-02     4.38e-03   268.897s
 266000 +6.90520899e+07 +6.90520839e+07  5.98e+00   4.87e-02     4.35e-03   269.587s
 267000 +6.90520896e+07 +6.90520841e+07  5.54e+00   4.82e-02     4.34e-03   270.277s
 268000 +6.90520894e+07 +6.90520833e+07  6.11e+00   4.77e-02     4.29e-03   270.967s
 269000 +6.90520892e+07 +6.90520841e+07  5.11e+00   4.71e-02     4.27e-03   271.657s
 270000 +6.90520890e+07 +6.90520837e+07  5.26e+00   4.67e-02     4.23e-03   272.347s
 271000 +6.90520888e+07 +6.90520834e+07  5.37e+00   4.61e-02     4.18e-03   273.036s
 272000 +6.90520886e+07 +6.90520847e+07  3.95e+00   4.58e-02     4.13e-03   273.726s
 273000 +6.90520885e+07 +6.90520843e+07  4.21e+00   4.52e-02     4.09e-03   274.416s
 274000 +6.90520885e+07 +6.90520847e+07  3.76e+00   4.48e-02     4.08e-03   275.106s
 275000 +6.90520885e+07 +6.90520849e+07  3.64e+00   4.43e-02     4.03e-03   275.796s
 276000 +6.90520885e+07 +6.90520845e+07  4.05e+00   4.39e-02     3.98e-03   276.487s
 277000 +6.90520886e+07 +6.90520843e+07  4.29e+00   4.36e-02     3.97e-03   277.177s
 278000 +6.90520887e+07 +6.90520850e+07  3.67e+00   4.33e-02     3.89e-03   277.867s
 279000 +6.90520888e+07 +6.90520847e+07  4.09e+00   4.28e-02     3.87e-03   278.557s
 280000 +6.90520889e+07 +6.90520849e+07  4.05e+00   4.22e-02     3.83e-03   279.247s
 281000 +6.90520890e+07 +6.90520848e+07  4.25e+00   4.18e-02     3.83e-03   279.937s
 282000 +6.90520892e+07 +6.90520855e+07  3.68e+00   4.14e-02     3.80e-03   280.627s
 283000 +6.90520894e+07 +6.90520852e+07  4.14e+00   4.11e-02     3.78e-03   281.317s
 284000 +6.90520895e+07 +6.90520849e+07  4.61e+00   4.06e-02     3.75e-03   282.009s
 285000 +6.90520897e+07 +6.90520855e+07  4.22e+00   4.04e-02     3.75e-03   282.699s
 286000 +6.90520899e+07 +6.90520852e+07  4.66e+00   4.00e-02     3.71e-03   283.390s
 287000 +6.90520900e+07 +6.90520850e+07  5.03e+00   3.96e-02     3.68e-03   284.080s
 288000 +6.90520902e+07 +6.90520851e+07  5.09e+00   3.94e-02     3.66e-03   284.770s
 289000 +6.90520904e+07 +6.90520864e+07  4.06e+00   3.89e-02     3.67e-03   285.460s
 290000 +6.90520905e+07 +6.90520542e+07  3.63e+01   2.82e-02     6.37e-03   286.151s
 291000 +6.90520906e+07 +6.90520733e+07  1.72e+01   2.65e-02     6.11e-03   286.841s
 292000 +6.90520906e+07 +6.90520762e+07  1.43e+01   2.58e-02     6.12e-03   287.531s
 293000 +6.90520906e+07 +6.90520770e+07  1.36e+01   2.51e-02     6.19e-03   288.221s
 294000 +6.90520906e+07 +6.90520779e+07  1.28e+01   2.44e-02     6.22e-03   288.911s
 295000 +6.90520907e+07 +6.90520797e+07  1.10e+01   2.38e-02     6.24e-03   289.601s
 296000 +6.90520907e+07 +6.90520796e+07  1.11e+01   2.32e-02     6.29e-03   290.291s
 297000 +6.90520908e+07 +6.90520805e+07  1.03e+01   2.26e-02     6.30e-03   290.981s
 298000 +6.90520909e+07 +6.90520796e+07  1.12e+01   2.20e-02     6.23e-03   291.672s
 299000 +6.90520909e+07 +6.90520796e+07  1.13e+01   2.15e-02     6.29e-03   292.362s
 300000 +6.90520910e+07 +6.90520800e+07  1.10e+01   2.11e-02     6.34e-03   293.052s
 301000 +6.90520911e+07 +6.90520815e+07  9.63e+00   2.06e-02     6.34e-03   293.742s
 302000 +6.90520912e+07 +6.90520815e+07  9.79e+00   2.01e-02     6.41e-03   294.432s
 303000 +6.90520914e+07 +6.90520812e+07  1.02e+01   1.97e-02     6.42e-03   295.122s
 304000 +6.90520915e+07 +6.90520825e+07  9.00e+00   1.92e-02     6.45e-03   295.812s
 305000 +6.90520916e+07 +6.90520824e+07  9.21e+00   1.88e-02     6.44e-03   296.502s
 306000 +6.90520917e+07 +6.90520828e+07  8.91e+00   1.84e-02     6.56e-03   297.192s
 307000 +6.90520919e+07 +6.90520839e+07  7.99e+00   1.81e-02     6.44e-03   297.882s
 308000 +6.90520920e+07 +6.90520825e+07  9.53e+00   1.76e-02     6.43e-03   298.572s
 309000 +6.90520921e+07 +6.90520832e+07  8.96e+00   1.74e-02     6.57e-03   299.263s
 310000 +6.90520922e+07 +6.90520843e+07  7.90e+00   1.70e-02     6.43e-03   299.953s
 311000 +6.90520924e+07 +6.90520851e+07  7.21e+00   1.66e-02     6.44e-03   300.643s
 312000 +6.90520925e+07 +6.90520839e+07  8.54e+00   1.63e-02     6.33e-03   301.333s
 313000 +6.90520926e+07 +6.90520850e+07  7.56e+00   1.60e-02     6.40e-03   302.023s
 314000 +6.90520927e+07 +6.90520846e+07  8.11e+00   1.57e-02     6.33e-03   302.713s
 315000 +6.90520927e+07 +6.90520854e+07  7.33e+00   1.54e-02     6.32e-03   303.403s
 316000 +6.90520928e+07 +6.90520843e+07  8.49e+00   1.52e-02     6.22e-03   304.093s
 317000 +6.90520929e+07 +6.90520848e+07  8.10e+00   1.48e-02     6.31e-03   304.784s
 318000 +6.90520929e+07 +6.90520844e+07  8.53e+00   1.46e-02     6.21e-03   305.474s
 319000 +6.90520929e+07 +6.90520845e+07  8.46e+00   1.43e-02     6.23e-03   306.164s
 320000 +6.90520930e+07 +6.90520859e+07  7.06e+00   1.40e-02     6.29e-03   306.854s
 321000 +6.90520930e+07 +6.90520850e+07  7.99e+00   1.38e-02     6.23e-03   307.544s
 322000 +6.90520930e+07 +6.90520844e+07  8.53e+00   1.36e-02     6.20e-03   308.234s
 323000 +6.90520929e+07 +6.90520867e+07  6.26e+00   1.33e-02     6.46e-03   308.924s
 324000 +6.90520929e+07 +6.90520851e+07  7.86e+00   1.31e-02     6.26e-03   309.614s
 325000 +6.90520929e+07 +6.90520847e+07  8.25e+00   1.29e-02     6.24e-03   310.304s
 326000 +6.90520929e+07 +6.90520858e+07  7.04e+00   1.27e-02     6.14e-03   310.994s
 327000 +6.90520929e+07 +6.90520865e+07  6.37e+00   1.25e-02     6.13e-03   311.684s
 328000 +6.90520928e+07 +6.90520854e+07  7.41e+00   1.24e-02     6.19e-03   312.374s
 329000 +6.90520928e+07 +6.90520858e+07  7.01e+00   1.21e-02     6.24e-03   313.064s
 330000 +6.90520927e+07 +6.90520858e+07  6.99e+00   1.19e-02     6.35e-03   313.754s
 331000 +6.90520927e+07 +6.90520862e+07  6.50e+00   1.17e-02     6.06e-03   314.444s
 332000 +6.90520927e+07 +6.90520159e+07  7.68e+01   7.43e-03     3.07e-02   315.135s
 333000 +6.90520927e+07 +6.90520389e+07  5.38e+01   6.56e-03     3.16e-02   315.826s
 334000 +6.90520927e+07 +6.90520551e+07  3.76e+01   5.91e-03     3.27e-02   316.515s
 335000 +6.90520928e+07 +6.90520531e+07  3.97e+01   5.31e-03     3.27e-02   317.205s
 336000 +6.90520928e+07 +6.90520550e+07  3.78e+01   4.89e-03     3.27e-02   317.895s
 337000 +6.90520928e+07 +6.90520655e+07  2.73e+01   4.48e-03     3.27e-02   318.586s
 338000 +6.90520928e+07 +6.90520697e+07  2.31e+01   4.18e-03     3.32e-02   319.276s
 339000 +6.90520928e+07 +6.90520733e+07  1.95e+01   3.92e-03     3.19e-02   319.966s
 340000 +6.90520929e+07 +6.90520666e+07  2.62e+01   3.72e-03     3.15e-02   320.656s
 341000 +6.90520929e+07 +6.90520730e+07  1.99e+01   3.55e-03     3.07e-02   321.346s
 342000 +6.90520929e+07 +6.90520765e+07  1.64e+01   3.43e-03     3.02e-02   322.037s
 343000 +6.90520929e+07 +6.90520770e+07  1.59e+01   3.30e-03     3.07e-02   322.727s
 344000 +6.90520930e+07 +6.90520782e+07  1.48e+01   3.22e-03     2.98e-02   323.417s
 345000 +6.90520930e+07 +6.90520795e+07  1.35e+01   3.15e-03     3.04e-02   324.106s
 346000 +6.90520930e+07 +6.90520801e+07  1.29e+01   3.07e-03     2.99e-02   324.797s
 347000 +6.90520930e+07 +6.90520817e+07  1.14e+01   3.04e-03     2.91e-02   325.487s
 348000 +6.90520931e+07 +6.90520787e+07  1.43e+01   2.99e-03     2.81e-02   326.177s
 349000 +6.90520931e+07 +6.90520825e+07  1.06e+01   2.97e-03     2.75e-02   326.867s
 350000 +6.90520931e+07 +6.90520816e+07  1.15e+01   2.94e-03     2.70e-02   327.557s
 351000 +6.90520931e+07 +6.90520794e+07  1.37e+01   2.93e-03     2.72e-02   328.247s
 352000 +6.90520931e+07 +6.90520815e+07  1.16e+01   2.90e-03     2.62e-02   328.937s
 353000 +6.90520931e+07 +6.90520827e+07  1.04e+01   2.90e-03     2.59e-02   329.627s
 354000 +6.90520931e+07 +6.90520840e+07  9.14e+00   2.89e-03     2.62e-02   330.317s
 355000 +6.90520931e+07 +6.90520820e+07  1.11e+01   2.88e-03     2.57e-02   331.007s
 356000 +6.90520932e+07 +6.90520842e+07  8.96e+00   2.89e-03     2.57e-02   331.697s
 357000 +6.90520932e+07 +6.90520852e+07  7.93e+00   2.87e-03     2.44e-02   332.387s
 358000 +6.90520932e+07 +6.90520844e+07  8.75e+00   2.89e-03     2.39e-02   333.077s
 359000 +6.90520932e+07 +6.90520829e+07  1.03e+01   2.89e-03     2.39e-02   333.767s
 360000 +6.90520932e+07 +6.90520868e+07  6.34e+00   2.89e-03     2.29e-02   334.457s
 361000 +6.90520932e+07 +6.90520861e+07  7.05e+00   2.90e-03     2.36e-02   335.147s
 362000 +6.90520932e+07 +6.90520845e+07  8.70e+00   2.90e-03     2.25e-02   335.837s
 363000 +6.90520932e+07 +6.90520868e+07  6.39e+00   2.90e-03     2.21e-02   336.527s
 364000 +6.90520932e+07 +6.90520863e+07  6.88e+00   2.90e-03     2.17e-02   337.217s
 365000 +6.90520932e+07 +6.90520876e+07  5.59e+00   2.91e-03     2.13e-02   337.907s
 366000 +6.90520932e+07 +6.90520865e+07  6.66e+00   2.90e-03     2.09e-02   338.597s
 367000 +6.90520932e+07 +6.90520882e+07  5.00e+00   2.92e-03     2.09e-02   339.287s
 368000 +6.90520932e+07 +6.90518777e+07  2.16e+02   3.35e-03     1.12e-01   339.978s
 369000 +6.90520932e+07 +6.90519863e+07  1.07e+02   3.34e-03     9.36e-02   340.669s
 370000 +6.90520932e+07 +6.90520026e+07  9.06e+01   3.35e-03     7.77e-02   341.359s
 371000 +6.90520932e+07 +6.90520188e+07  7.44e+01   3.32e-03     7.11e-02   342.049s
 372000 +6.90520932e+07 +6.90520426e+07  5.06e+01   3.30e-03     5.56e-02   342.739s
 373000 +6.90520931e+07 +6.90520285e+07  6.46e+01   3.26e-03     4.60e-02   343.429s
 374000 +6.90520931e+07 +6.90520472e+07  4.59e+01   3.22e-03     4.29e-02   344.119s
 375000 +6.90520931e+07 +6.90520362e+07  5.69e+01   3.16e-03     3.84e-02   344.808s
 376000 +6.90520930e+07 +6.90520665e+07  2.66e+01   3.13e-03     3.77e-02   345.499s
 377000 +6.90520930e+07 +6.90520620e+07  3.11e+01   3.10e-03     3.29e-02   346.189s
 378000 +6.90520930e+07 +6.90520355e+07  5.74e+01   3.06e-03     3.37e-02   346.879s
 379000 +6.90520929e+07 +6.90520526e+07  4.04e+01   3.04e-03     3.19e-02   347.569s
 380000 +6.90520929e+07 +6.90520396e+07  5.33e+01   3.02e-03     3.22e-02   348.258s
 381000 +6.90520929e+07 +6.90520459e+07  4.70e+01   2.98e-03     2.97e-02   348.948s
 382000 +6.90520928e+07 +6.90520679e+07  2.49e+01   2.95e-03     3.05e-02   349.638s
 383000 +6.90520928e+07 +6.90520465e+07  4.63e+01   2.92e-03     2.93e-02   350.328s
 384000 +6.90520928e+07 +6.90520601e+07  3.26e+01   2.89e-03     2.84e-02   351.018s
 385000 +6.90520927e+07 +6.90520476e+07  4.51e+01   2.87e-03     2.89e-02   351.708s
 386000 +6.90520927e+07 +6.90520631e+07  2.96e+01   2.84e-03     2.76e-02   352.398s
 387000 +6.90520927e+07 +6.90520652e+07  2.75e+01   2.83e-03     2.69e-02   353.088s
 388000 +6.90520926e+07 +6.90520501e+07  4.26e+01   2.82e-03     2.71e-02   353.778s
 389000 +6.90520926e+07 +6.90520552e+07  3.74e+01   2.79e-03     2.72e-02   354.469s
 390000 +6.90520926e+07 +6.90520431e+07  4.94e+01   2.77e-03     2.66e-02   355.159s
 391000 +6.90520926e+07 +6.90520715e+07  2.10e+01   2.77e-03     2.48e-02   355.849s
 392000 +6.90520925e+07 +6.90520517e+07  4.08e+01   2.75e-03     2.43e-02   356.538s
 393000 +6.90520925e+07 +6.90520660e+07  2.65e+01   2.73e-03     2.37e-02   357.228s
 394000 +6.90520925e+07 +6.90520605e+07  3.20e+01   2.72e-03     2.41e-02   357.918s
 395000 +6.90520925e+07 +6.90520751e+07  1.73e+01   2.70e-03     2.30e-02   358.608s
 396000 +6.90520925e+07 +6.90520590e+07  3.35e+01   2.69e-03     2.22e-02   359.298s
 397000 +6.90520924e+07 +6.90520626e+07  2.98e+01   2.68e-03     2.15e-02   359.988s
 398000 +6.90520924e+07 +6.90494736e+07  2.62e+03   2.70e-03     1.96e-01   360.679s
 399000 +6.90520923e+07 +6.90498707e+07  2.22e+03   2.49e-03     3.16e-01   361.369s
 400000 +6.90520922e+07 +6.90507008e+07  1.39e+03   2.28e-03     3.14e-01   362.059s
 401000 +6.90520922e+07 +6.90503279e+07  1.76e+03   1.94e-03     3.84e-01   362.749s
 402000 +6.90520921e+07 +6.90503811e+07  1.71e+03   1.67e-03     3.59e-01   363.440s
 403000 +6.90520920e+07 +6.90505684e+07  1.52e+03   1.48e-03     3.77e-01   364.129s
 404000 +6.90520920e+07 +6.90510984e+07  9.94e+02   1.32e-03     3.56e-01   364.819s
 405000 +6.90520919e+07 +6.90511292e+07  9.63e+02   1.15e-03     3.38e-01   365.509s
 406000 +6.90520919e+07 +6.90505833e+07  1.51e+03   8.46e-04     3.46e-01   366.200s
 407000 +6.90520918e+07 +6.90384016e+07  1.37e+04   4.48e-04     1.43e+00   366.891s
 408000 +6.90520918e+07 +6.90489444e+07  3.15e+03   7.75e-05     6.21e-01   367.581s
 409000 +6.90520918e+07 +6.90494847e+07  2.61e+03   6.09e-05     4.54e-01   368.273s
 410000 +6.90520918e+07 +6.90516723e+07  4.19e+02   6.89e-05     2.83e-01   368.963s
 411000 +6.90520917e+07 +6.90517377e+07  3.54e+02   4.30e-05     2.31e-01   369.653s
 412000 +6.90520917e+07 +6.90518741e+07  2.18e+02   3.64e-05     1.87e-01   370.343s
 413000 +6.90520917e+07 +6.90519297e+07  1.62e+02   3.35e-05     1.49e-01   371.033s
 414000 +6.90520917e+07 +6.90519410e+07  1.51e+02   3.17e-05     1.26e-01   371.723s
 415000 +6.90520917e+07 +6.90519500e+07  1.42e+02   2.83e-05     1.09e-01   372.413s
 416000 +6.90520917e+07 +6.90519900e+07  1.02e+02   2.33e-05     1.07e-01   373.104s
 417000 +6.90520918e+07 +6.90520243e+07  6.75e+01   1.91e-05     1.02e-01   373.793s
 418000 +6.90520918e+07 +6.90519929e+07  9.89e+01   1.44e-05     9.92e-02   374.483s
 419000 +6.90520918e+07 +6.90520029e+07  8.88e+01   1.24e-05     9.65e-02   375.173s
 420000 +6.90520918e+07 +6.90519889e+07  1.03e+02   1.63e-05     8.46e-02   375.864s
 421000 +6.90520918e+07 +6.90520507e+07  4.11e+01   1.20e-05     7.64e-02   376.554s
 422000 +6.90520918e+07 +6.90520442e+07  4.75e+01   7.30e-06     7.23e-02   377.244s
 423000 +6.90520918e+07 +6.90520522e+07  3.96e+01   5.07e-06     7.08e-02   377.934s
 424000 +6.90520918e+07 +6.90520484e+07  4.33e+01   4.89e-06     6.91e-02   378.624s
 425000 +6.90520918e+07 +6.90520558e+07  3.60e+01   5.81e-06     6.70e-02   379.314s
 426000 +6.90520918e+07 +6.90520560e+07  3.58e+01   5.16e-06     6.44e-02   380.004s
 427000 +6.90520918e+07 +6.90520624e+07  2.94e+01   5.00e-06     6.22e-02   380.694s
 428000 +6.90520918e+07 +6.90520589e+07  3.29e+01   5.54e-06     6.03e-02   381.384s
 429000 +6.90520918e+07 +6.90520630e+07  2.87e+01   4.69e-06     5.90e-02   382.074s
 430000 +6.90520918e+07 +6.90520631e+07  2.87e+01   4.57e-06     5.81e-02   382.764s
 431000 +6.90520918e+07 +6.90520592e+07  3.26e+01   4.53e-06     5.70e-02   383.454s
 432000 +6.90520918e+07 +6.90520710e+07  2.08e+01   4.60e-06     5.60e-02   384.143s
 433000 +6.90520918e+07 +6.90520667e+07  2.51e+01   4.43e-06     5.48e-02   384.833s
 434000 +6.90520918e+07 +6.90520771e+07  1.47e+01   3.83e-06     5.43e-02   385.523s
 435000 +6.90520918e+07 +6.90520672e+07  2.45e+01   4.71e-06     5.30e-02   386.213s
 436000 +6.90520918e+07 +6.90520637e+07  2.80e+01   4.42e-06     5.24e-02   386.903s
 437000 +6.90520918e+07 +6.90520526e+07  3.91e+01   5.25e-05     4.62e-02   387.595s
 438000 +6.90520918e+07 +6.90520580e+07  3.37e+01   8.48e-05     4.03e-02   388.285s
 439000 +6.90520917e+07 +6.90520693e+07  2.24e+01   6.51e-05     3.67e-02   388.975s
 440000 +6.90520917e+07 +6.90520805e+07  1.12e+01   4.91e-05     3.37e-02   389.665s
 441000 +6.90520917e+07 +6.90520781e+07  1.37e+01   4.84e-05     3.13e-02   390.355s
 442000 +6.90520917e+07 +6.90520802e+07  1.15e+01   5.26e-05     2.90e-02   391.046s
 443000 +6.90520917e+07 +6.90520839e+07  7.82e+00   5.49e-05     2.66e-02   391.736s
 444000 +6.90520917e+07 +6.90520813e+07  1.04e+01   5.28e-05     2.46e-02   392.426s
 445000 +6.90520917e+07 +6.90520808e+07  1.09e+01   5.31e-05     2.27e-02   393.116s
 446000 +6.90520917e+07 +6.90520839e+07  7.86e+00   5.31e-05     2.09e-02   393.806s
 447000 +6.90520917e+07 +6.90520841e+07  7.61e+00   4.99e-05     1.94e-02   394.496s
 448000 +6.90520917e+07 +6.90520868e+07  4.96e+00   4.72e-05     1.85e-02   395.186s
 449000 +6.90520917e+07 +6.90520834e+07  8.33e+00   4.55e-05     1.74e-02   395.876s
 450000 +6.90520917e+07 +6.90520886e+07  3.09e+00   4.18e-05     1.64e-02   396.566s
 451000 +6.90520917e+07 +6.90520847e+07  7.04e+00   3.84e-05     1.60e-02   397.257s
 452000 +6.90520917e+07 +6.90520851e+07  6.66e+00   3.61e-05     1.55e-02   397.947s
 453000 +6.90520917e+07 +6.90520858e+07  5.95e+00   3.24e-05     1.50e-02   398.637s
 454000 +6.90520917e+07 +6.90520847e+07  7.08e+00   2.99e-05     1.42e-02   399.327s
 455000 +6.90520917e+07 +6.90520862e+07  5.51e+00   2.80e-05     1.39e-02   400.017s
 456000 +6.90520918e+07 +6.90520864e+07  5.40e+00   2.71e-05     1.35e-02   400.707s
 457000 +6.90520918e+07 +6.90520849e+07  6.83e+00   2.54e-05     1.34e-02   401.397s
 458000 +6.90520918e+07 +6.90520834e+07  8.40e+00   2.45e-05     1.30e-02   402.087s
 459000 +6.90520918e+07 +6.90520877e+07  4.06e+00   2.50e-05     1.27e-02   402.778s
 460000 +6.90520918e+07 +6.90520882e+07  3.56e+00   2.35e-05     1.24e-02   403.468s
 461000 +6.90520918e+07 +6.90520851e+07  6.67e+00   2.29e-05     1.23e-02   404.158s
 461400 +6.90520918e+07 +6.90520812e+07  1.05e+01   2.37e-05     1.12e-02   404.436s
LP Solver status:                Optimal
Primal objective:                +6.90520918e+07
Dual objective:                  +6.90520812e+07
Duality gap (abs/rel):           +1.05e+01 / +7.62e-08
Primal infeasibility (abs/rel):  +2.37e-05 / +2.11e-08
Dual infeasibility (abs/rel):    +1.12e-02 / +9.99e-07
Distributed PDLP finished
Status: Optimal   Objective: 6.90520918e+07  Iterations: 461400  Time: 415.643s

### exit_code=0
### finished=2026-07-23T14:33:54.269529
### gpu_peak_mb=14746.4
### gpu_peak2_mb=11322.4
### per_gpu_peak_mb=[14746.375, 10906.375, 10906.375, 10938.375, 11034.375, 11034.375, 11322.375, 11034.375]
