### solver=cuopt-distributed
### instance=/home/scratch.cmaes_sw/hans_lps/neos-5052403-cygnet.mps
### n_gpus=8
### CUDA_VISIBLE_DEVICES=0,1,2,3,4,5,6,7
### started=2026-08-10T12:20:17.597952
### argv=/home/scratch.vmostovoi_gpu/mostovoi_cuopt/cpp/build/cuopt_cli --method 1 --mps-reader experimental-fast --time-limit 3600 --iteration-limit 1000000000 --relative-primal-tolerance 1e-6 --relative-dual-tolerance 1e-6 --relative-gap-tolerance 1e-6 --log-to-console true --num-gpus 8 /home/scratch.cmaes_sw/hans_lps/neos-5052403-cygnet.mps
### --- solver output ---
Setting parameter iteration_limit to 1000000000
Setting parameter log_to_console to true
Setting parameter method to 1
Setting parameter num_gpus to 8
Setting parameter relative_dual_tolerance to 1.000000e-06
Setting parameter relative_gap_tolerance to 1.000000e-06
Setting parameter relative_primal_tolerance to 1.000000e-06
Setting parameter time_limit to 3.600000e+03
Reading file neos-5052403-cygnet.mps
Using experimental fast MPS parser for '/home/scratch.cmaes_sw/hans_lps/neos-5052403-cygnet.mps'
Read file neos-5052403-cygnet.mps in 0.52 seconds
cuOpt version: 26.10.0, git hash: f3ebc673, host arch: x86_64, device archs: 100a-real
CPU: INTEL(R) XEON(R) PLATINUM 8570, threads (physical/logical): 112/224, RAM (available/total): 1963.04 / 2015.54 GiB
CUDA 13.3, device: NVIDIA B200 (ID 0), VRAM: 178.34 GiB
CUDA device UUID: 48ab7b4d-7b0a-65b7-4538-4e37338d2330
CUDA 13.3, device: NVIDIA B200 (ID 1), VRAM: 178.34 GiB
CUDA device UUID: 5dd43d25-54eb-687e-91f8-d4c917f40a3c
CUDA 13.3, device: NVIDIA B200 (ID 2), VRAM: 178.34 GiB
CUDA device UUID: a40e62a0-1502-ea41-88b7-8ebfb62f67b6
CUDA 13.3, device: NVIDIA B200 (ID 3), VRAM: 178.34 GiB
CUDA device UUID: 69c2235c-eda1-228c-f9ee-e444f16a4e31
CUDA 13.3, device: NVIDIA B200 (ID 4), VRAM: 178.34 GiB
CUDA device UUID: 92e986d5-fb1f-ac84-bd70-b03e127c762a
CUDA 13.3, device: NVIDIA B200 (ID 5), VRAM: 178.34 GiB
CUDA device UUID: fb4dfdcf-c8fe-1714-a140-0823be2fde13
CUDA 13.3, device: NVIDIA B200 (ID 6), VRAM: 178.34 GiB
CUDA device UUID: 3519c8dd-244c-a241-e2ee-ef61e97ec465
CUDA 13.3, device: NVIDIA B200 (ID 7), VRAM: 178.34 GiB
CUDA device UUID: b80ee313-5762-b760-dd9a-a5669634bef9
Solving a problem with 38268 constraints, 32868 variables (0 integers), and 4898304 nonzeros
Using PSLP presolver
PSLP Presolved problem: 19134 constraints, 27593 variables, 2448853 non-zeros
PSLP presolve time: 0.28s
Solving with distributed PDLP on 8 GPUs.
NCCL version 2.30.7+cuda13.3
      0 +0.00000000e+00 +0.00000000e+00  0.00e+00   1.38e+02     1.66e+02   3.933s
   1000 +1.79416841e+02 +1.80253405e+02  8.37e-01   2.01e-01     2.79e-01   4.282s
   2000 +1.79196785e+02 +1.79545656e+02  3.49e-01   1.54e-01     7.82e-02   4.467s
   3000 +1.79295441e+02 +1.79418137e+02  1.23e-01   9.03e-02     2.63e-02   4.654s
   4000 +1.79346183e+02 +1.79424927e+02  7.87e-02   6.09e-02     2.76e-02   4.841s
   5000 +1.79374870e+02 +1.79456155e+02  8.13e-02   4.96e-02     1.96e-02   5.026s
   6000 +1.79397722e+02 +1.79464904e+02  6.72e-02   4.21e-02     1.73e-02   5.214s
   7000 +1.79438631e+02 +1.79489574e+02  5.09e-02   2.69e-02     1.95e-02   5.398s
   8000 +1.79476304e+02 +1.79502709e+02  2.64e-02   1.10e-02     1.36e-02   5.585s
   9000 +1.79484971e+02 +1.79502163e+02  1.72e-02   6.99e-03     1.03e-02   5.769s
  10000 +1.79501434e+02 +1.79501282e+02  1.51e-04   1.36e-03     7.44e-03   5.957s
  11000 +1.79501333e+02 +1.79501165e+02  1.68e-04   8.11e-04     6.58e-03   6.135s
  12000 +1.79500707e+02 +1.79500517e+02  1.90e-04   2.76e-04     6.13e-03   6.312s
  13000 +1.79500700e+02 +1.79500528e+02  1.73e-04   1.76e-04     5.83e-03   6.489s
  14000 +1.79500528e+02 +1.79500382e+02  1.45e-04   2.76e-04     5.39e-03   6.669s
  15000 +1.79500476e+02 +1.79500557e+02  8.14e-05   3.98e-04     4.86e-03   6.845s
  16000 +1.79500482e+02 +1.79500479e+02  3.59e-06   3.90e-04     4.45e-03   7.021s
  17000 +1.79500471e+02 +1.79500304e+02  1.67e-04   3.40e-04     4.22e-03   7.198s
  18000 +1.79500373e+02 +1.79499923e+02  4.50e-04   2.38e-04     4.16e-03   7.373s
  19000 +1.79500403e+02 +1.79500227e+02  1.76e-04   1.68e-04     4.07e-03   7.549s
  20000 +1.79500878e+02 +1.79500117e+02  7.61e-04   1.28e-03     2.61e-03   7.728s
  21000 +1.79501114e+02 +1.79500318e+02  7.96e-04   1.64e-03     1.48e-03   7.906s
  22000 +1.79500912e+02 +1.79500442e+02  4.70e-04   1.35e-03     8.49e-04   8.083s
  23000 +1.79500507e+02 +1.79500321e+02  1.87e-04   7.86e-04     7.99e-04   8.261s
  24000 +1.79500352e+02 +1.79500302e+02  5.00e-05   4.25e-04     7.35e-04   8.438s
  25000 +1.79500510e+02 +1.79500254e+02  2.56e-04   3.00e-04     7.70e-04   8.614s
  26000 +1.79500640e+02 +1.79500264e+02  3.77e-04   4.56e-04     5.52e-04   8.792s
  27000 +1.79500620e+02 +1.79500276e+02  3.44e-04   4.17e-04     5.02e-04   8.973s
  28000 +1.79500504e+02 +1.79500321e+02  1.83e-04   2.96e-04     4.88e-04   9.151s
  29000 +1.79500408e+02 +1.79500368e+02  3.99e-05   2.72e-04     2.48e-04   9.328s
LP Solver status:                Optimal
Primal objective:                +1.79500408e+02
Dual objective:                  +1.79500368e+02
Duality gap (abs/rel):           +3.99e-05 / +1.11e-07
Primal infeasibility (abs/rel):  +2.72e-04 / +8.77e-07
Dual infeasibility (abs/rel):    +2.48e-04 / +1.48e-06
PDLP finished
Status: Optimal   Objective: 1.79500408e+02  Iterations: 29000  Time: 9.341s

### exit_code=0
### finished=2026-08-10T12:20:35.956864
### gpu_peak_mb=5274.4
### gpu_peak2_mb=5210.4
### per_gpu_peak_mb=[5274.375, 5210.375, 5210.375, 5210.375, 5210.375, 5210.375, 5210.375, 5210.375]
