### solver=cuopt-distributed
### instance=/home/scratch.cmaes_sw/hans_lps/pds-100.mps
### n_gpus=8
### CUDA_VISIBLE_DEVICES=0,1,2,3,4,5,6,7
### started=2026-08-10T14:23:27.139414
### argv=/home/scratch.vmostovoi_gpu/mostovoi_cuopt/cpp/build/cuopt_cli --method 1 --mps-reader experimental-fast --time-limit 3600 --iteration-limit 1000000000 --relative-primal-tolerance 1e-6 --relative-dual-tolerance 1e-6 --relative-gap-tolerance 1e-6 --log-to-console true --num-gpus 8 /home/scratch.cmaes_sw/hans_lps/pds-100.mps
### --- solver output ---
Setting parameter iteration_limit to 1000000000
Setting parameter log_to_console to true
Setting parameter method to 1
Setting parameter num_gpus to 8
Setting parameter relative_dual_tolerance to 1.000000e-06
Setting parameter relative_gap_tolerance to 1.000000e-06
Setting parameter relative_primal_tolerance to 1.000000e-06
Setting parameter time_limit to 3.600000e+03
Reading file pds-100.mps
Using experimental fast MPS parser for '/home/scratch.cmaes_sw/hans_lps/pds-100.mps'
Read file pds-100.mps in 0.41 seconds
cuOpt version: 26.10.0, git hash: f3ebc673, host arch: x86_64, device archs: 100a-real
CPU: INTEL(R) XEON(R) PLATINUM 8570, threads (physical/logical): 112/224, RAM (available/total): 1963.62 / 2015.54 GiB
CUDA 13.3, device: NVIDIA B200 (ID 0), VRAM: 178.34 GiB
CUDA device UUID: 48ab7b4d-7b0a-65b7-4538-4e37338d2330
CUDA 13.3, device: NVIDIA B200 (ID 1), VRAM: 178.34 GiB
CUDA device UUID: 5dd43d25-54eb-687e-91f8-d4c917f40a3c
CUDA 13.3, device: NVIDIA B200 (ID 2), VRAM: 178.34 GiB
CUDA device UUID: a40e62a0-1502-ea41-88b7-8ebfb62f67b6
CUDA 13.3, device: NVIDIA B200 (ID 3), VRAM: 178.34 GiB
CUDA device UUID: 69c2235c-eda1-228c-f9ee-e444f16a4e31
CUDA 13.3, device: NVIDIA B200 (ID 4), VRAM: 178.34 GiB
CUDA device UUID: 92e986d5-fb1f-ac84-bd70-b03e127c762a
CUDA 13.3, device: NVIDIA B200 (ID 5), VRAM: 178.34 GiB
CUDA device UUID: fb4dfdcf-c8fe-1714-a140-0823be2fde13
CUDA 13.3, device: NVIDIA B200 (ID 6), VRAM: 178.34 GiB
CUDA device UUID: 3519c8dd-244c-a241-e2ee-ef61e97ec465
CUDA 13.3, device: NVIDIA B200 (ID 7), VRAM: 178.34 GiB
CUDA device UUID: b80ee313-5762-b760-dd9a-a5669634bef9
Solving a problem with 156243 constraints, 505360 variables (0 integers), and 1086785 nonzeros
Using PSLP presolver
PSLP Presolved problem: 140263 constraints, 478729 variables, 1021214 non-zeros
PSLP presolve time: 0.23s
Solving with distributed PDLP on 8 GPUs.
NCCL version 2.30.7+cuda13.3
      0 +0.00000000e+00 +0.00000000e+00  0.00e+00   1.67e+05     9.56e+05   4.221s
   1000 +8.82665921e+09 +1.12438433e+10  2.42e+09   3.19e+02     3.09e+04   4.584s
   2000 +1.08655815e+10 +1.11108416e+10  2.45e+08   1.60e+01     7.14e+03   4.773s
   3000 +1.09409794e+10 +1.09181315e+10  2.28e+07   1.71e+00     7.79e+02   4.962s
   4000 +1.09334749e+10 +1.09283223e+10  5.15e+06   3.36e-01     5.34e+02   5.148s
   5000 +1.09322657e+10 +1.09316763e+10  5.89e+05   5.14e+00     2.72e+02   5.337s
   6000 +1.09322021e+10 +1.09314086e+10  7.94e+05   3.26e+00     1.76e+02   5.524s
   7000 +1.09307989e+10 +1.09310468e+10  2.48e+05   1.58e+00     1.41e+02   5.710s
   8000 +1.09636879e+10 +1.09289177e+10  3.48e+07   2.19e+01     3.10e+01   5.899s
   9000 +1.09472533e+10 +1.09283396e+10  1.89e+07   2.02e+01     8.43e+00   6.086s
  10000 +1.09400043e+10 +1.09282724e+10  1.17e+07   9.49e+00     3.29e+00   6.272s
  11000 +1.09308374e+10 +1.09282306e+10  2.61e+06   4.61e+00     8.64e-01   6.451s
  12000 +1.09283906e+10 +1.09282314e+10  1.59e+05   2.65e+00     4.36e-01   6.629s
  13000 +1.09280707e+10 +1.09282299e+10  1.59e+05   1.83e+00     1.36e-01   6.810s
  14000 +1.09282797e+10 +1.09282297e+10  5.00e+04   1.37e+00     2.62e-01   6.990s
  15000 +1.09280187e+10 +1.09282299e+10  2.11e+05   9.53e-01     2.01e-01   7.169s
  16000 +1.09280372e+10 +1.09282295e+10  1.92e+05   3.94e-01     1.31e-01   7.346s
  17000 +1.09283131e+10 +1.09282298e+10  8.33e+04   5.71e-02     1.95e-01   7.527s
  17600 +1.09282471e+10 +1.09282300e+10  1.71e+04   7.05e-02     8.43e-02   7.634s
LP Solver status:                Optimal
Primal objective:                +1.09282471e+10
Dual objective:                  +1.09282300e+10
Duality gap (abs/rel):           +1.71e+04 / +7.82e-07
Primal infeasibility (abs/rel):  +7.05e-02 / +3.79e-07
Dual infeasibility (abs/rel):    +8.43e-02 / +8.82e-08
PDLP finished
Status: Optimal   Objective: 1.09282471e+10  Iterations: 17600  Time: 7.672s

### exit_code=0
### finished=2026-08-10T14:23:43.624052
### gpu_peak_mb=5306.4
### gpu_peak2_mb=5210.4
### per_gpu_peak_mb=[5306.375, 5210.375, 5210.375, 5210.375, 5210.375, 5210.375, 5210.375, 5210.375]
