### solver=cuopt-distributed
### instance=/home/scratch.cmaes_sw/hans_lps/Primal2_1000.mps
### n_gpus=8
### CUDA_VISIBLE_DEVICES=0,1,2,3,4,5,6,7
### started=2026-08-10T11:16:53.543233
### argv=/home/scratch.vmostovoi_gpu/mostovoi_cuopt/cpp/build/cuopt_cli --method 1 --mps-reader experimental-fast --time-limit 3600 --iteration-limit 1000000000 --relative-primal-tolerance 1e-6 --relative-dual-tolerance 1e-6 --relative-gap-tolerance 1e-6 --log-to-console true --num-gpus 8 /home/scratch.cmaes_sw/hans_lps/Primal2_1000.mps
### --- solver output ---
Setting parameter iteration_limit to 1000000000
Setting parameter log_to_console to true
Setting parameter method to 1
Setting parameter num_gpus to 8
Setting parameter relative_dual_tolerance to 1.000000e-06
Setting parameter relative_gap_tolerance to 1.000000e-06
Setting parameter relative_primal_tolerance to 1.000000e-06
Setting parameter time_limit to 3.600000e+03
Reading file Primal2_1000.mps
Using experimental fast MPS parser for '/home/scratch.cmaes_sw/hans_lps/Primal2_1000.mps'
Read file Primal2_1000.mps in 0.79 seconds
cuOpt version: 26.10.0, git hash: f3ebc673, host arch: x86_64, device archs: 100a-real
CPU: INTEL(R) XEON(R) PLATINUM 8570, threads (physical/logical): 112/224, RAM (available/total): 1961.62 / 2015.54 GiB
CUDA 13.3, device: NVIDIA B200 (ID 0), VRAM: 178.34 GiB
CUDA device UUID: 48ab7b4d-7b0a-65b7-4538-4e37338d2330
CUDA 13.3, device: NVIDIA B200 (ID 1), VRAM: 178.34 GiB
CUDA device UUID: 5dd43d25-54eb-687e-91f8-d4c917f40a3c
CUDA 13.3, device: NVIDIA B200 (ID 2), VRAM: 178.34 GiB
CUDA device UUID: a40e62a0-1502-ea41-88b7-8ebfb62f67b6
CUDA 13.3, device: NVIDIA B200 (ID 3), VRAM: 178.34 GiB
CUDA device UUID: 69c2235c-eda1-228c-f9ee-e444f16a4e31
CUDA 13.3, device: NVIDIA B200 (ID 4), VRAM: 178.34 GiB
CUDA device UUID: 92e986d5-fb1f-ac84-bd70-b03e127c762a
CUDA 13.3, device: NVIDIA B200 (ID 5), VRAM: 178.34 GiB
CUDA device UUID: fb4dfdcf-c8fe-1714-a140-0823be2fde13
CUDA 13.3, device: NVIDIA B200 (ID 6), VRAM: 178.34 GiB
CUDA device UUID: 3519c8dd-244c-a241-e2ee-ef61e97ec465
CUDA 13.3, device: NVIDIA B200 (ID 7), VRAM: 178.34 GiB
CUDA device UUID: b80ee313-5762-b760-dd9a-a5669634bef9
Solving a problem with 1299380 constraints, 2559380 variables (0 integers), and 5498140 nonzeros
Using PSLP presolver
PSLP Presolved problem: 684139 constraints, 654759 variables, 2978278 non-zeros
PSLP presolve time: 1.61s
Solving with distributed PDLP on 8 GPUs.
NCCL version 2.30.7+cuda13.3
      0 +4.24338052e+08 +4.24338052e+08  0.00e+00   0.00e+00     1.33e+06   5.281s
   1000 +3.93424882e+08 +3.93685501e+08  2.61e+05   1.12e+02     2.62e+03   5.654s
   2000 +3.93470631e+08 +3.93607157e+08  1.37e+05   2.40e+01     5.42e+02   5.840s
   3000 +3.93458415e+08 +3.93561383e+08  1.03e+05   1.00e+01     9.37e+01   6.025s
   4000 +3.93370653e+08 +3.93426058e+08  5.54e+04   3.10e+02     9.30e+01   6.213s
   5000 +3.93483042e+08 +3.93363162e+08  1.20e+05   9.04e+01     1.64e+01   6.398s
   6000 +3.93390534e+08 +3.93357904e+08  3.26e+04   7.54e+01     1.62e+00   6.585s
   7000 +3.93382868e+08 +3.93357851e+08  2.50e+04   6.65e+01     9.37e-01   6.772s
   8000 +3.93382298e+08 +3.93357869e+08  2.44e+04   6.62e+01     9.24e-01   6.957s
   9000 +3.93375732e+08 +3.93357895e+08  1.78e+04   4.98e+01     1.25e+01   7.144s
  10000 +3.93358471e+08 +3.93358020e+08  4.52e+02   6.68e+00     1.06e+00   7.327s
  11000 +3.93357882e+08 +3.93357953e+08  7.07e+01   3.29e+00     1.11e+00   7.504s
  12000 +3.93358026e+08 +3.93358080e+08  5.47e+01   3.02e+00     1.17e+00   7.680s
  13000 +3.93357997e+08 +3.93358061e+08  6.44e+01   2.02e+00     9.21e-01   7.855s
  14000 +3.93357246e+08 +3.93358104e+08  8.58e+02   1.83e+00     1.03e+00   8.031s
  15000 +3.93358098e+08 +3.93358182e+08  8.47e+01   1.61e+00     6.68e-01   8.206s
  16000 +3.93358190e+08 +3.93357473e+08  7.17e+02   1.46e+00     4.89e+00   8.382s
  17000 +3.93357796e+08 +3.93357590e+08  2.06e+02   8.87e-01     2.64e+00   8.558s
  18000 +3.93357823e+08 +3.93357978e+08  1.55e+02   8.20e-01     2.26e+00   8.733s
  19000 +3.93358042e+08 +3.93358118e+08  7.60e+01   6.97e-01     1.01e+00   8.908s
  20000 +3.93358145e+08 +3.93358177e+08  3.24e+01   6.12e-01     1.23e+00   9.083s
  21000 +3.93358071e+08 +3.93357999e+08  7.20e+01   5.88e-01     7.04e-01   9.258s
  22000 +3.93358048e+08 +3.93358081e+08  3.29e+01   5.23e-01     4.49e-01   9.432s
  23000 +3.93358153e+08 +3.93358201e+08  4.82e+01   4.99e-01     6.86e-01   9.609s
  24000 +3.93358144e+08 +3.93357930e+08  2.14e+02   3.75e-01     1.46e+00   9.787s
  25000 +3.93358156e+08 +3.93357333e+08  8.23e+02   3.28e-01     1.79e+00   9.964s
  26000 +3.93358267e+08 +3.93357159e+08  1.11e+03   2.86e-01     2.20e+00   10.139s
  27000 +3.93358256e+08 +3.93357914e+08  3.42e+02   2.43e-01     1.08e+00   10.313s
  28000 +3.93358284e+08 +3.93357234e+08  1.05e+03   2.20e-01     1.36e+00   10.488s
  29000 +3.93358315e+08 +3.93358556e+08  2.40e+02   2.10e-01     1.12e+00   10.664s
  30000 +3.93358321e+08 +3.93357274e+08  1.05e+03   1.63e-01     2.25e+00   10.841s
  31000 +3.93358415e+08 +3.93356506e+08  1.91e+03   1.13e-01     4.31e+00   11.017s
  32000 +3.93358472e+08 +3.93354863e+08  3.61e+03   8.15e-02     3.34e+00   11.193s
  33000 +3.93358469e+08 +3.93356094e+08  2.37e+03   8.33e-02     4.13e+00   11.368s
  34000 +3.93358469e+08 +3.93357274e+08  1.19e+03   8.24e-02     3.20e+00   11.545s
  35000 +3.93358494e+08 +3.93357832e+08  6.62e+02   8.25e-02     2.95e+00   11.722s
  36000 +3.93358496e+08 +3.93358091e+08  4.05e+02   5.98e-02     1.96e+00   11.900s
  36400 +3.93358493e+08 +3.93357855e+08  6.38e+02   5.57e-02     1.28e+00   11.971s
LP Solver status:                Optimal
Primal objective:                +3.93358493e+08
Dual objective:                  +3.93357855e+08
Duality gap (abs/rel):           +6.38e+02 / +8.12e-07
Primal infeasibility (abs/rel):  +5.57e-02 / +3.67e-07
Dual infeasibility (abs/rel):    +1.28e+00 / +9.66e-07
PDLP finished
Status: Optimal   Objective: 3.93358493e+08  Iterations: 36400  Time: 12.121s

### exit_code=0
### finished=2026-08-10T11:17:15.100280
### gpu_peak_mb=5402.4
### gpu_peak2_mb=5274.4
### per_gpu_peak_mb=[5402.375, 5274.375, 5274.375, 5274.375, 5274.375, 5274.375, 5274.375, 5274.375]
