### solver=cuopt-distributed
### instance=/home/scratch.vmostovoi_gpu/datasets/PSLP_presolved/qap-tho-150_PSLP_presolved.mps
### n_gpus=8
### CUDA_VISIBLE_DEVICES=0,1,2,3,4,5,6,7
### started=2026-08-09T19:54:43.819696
### argv=/home/scratch.vmostovoi_gpu/mostovoi_cuopt/cpp/build/cuopt_cli --method 1 --presolve 0 --mps-reader experimental-fast --time-limit 3600 --iteration-limit 1000000000 --relative-primal-tolerance 1e-6 --relative-dual-tolerance 1e-6 --relative-gap-tolerance 1e-6 --log-to-console true --num-gpus 8 /home/scratch.vmostovoi_gpu/datasets/PSLP_presolved/qap-tho-150_PSLP_presolved.mps
### --- solver output ---
Setting parameter iteration_limit to 1000000000
Setting parameter log_to_console to true
Setting parameter method to 1
Setting parameter num_gpus to 8
Setting parameter presolve to 0
Setting parameter relative_dual_tolerance to 1.000000e-06
Setting parameter relative_gap_tolerance to 1.000000e-06
Setting parameter relative_primal_tolerance to 1.000000e-06
Setting parameter time_limit to 3.600000e+03
Reading file qap-tho-150_PSLP_presolved.mps
Using experimental fast MPS parser for '/home/scratch.vmostovoi_gpu/datasets/PSLP_presolved/qap-tho-150_PSLP_presolved.mps'
Read file qap-tho-150_PSLP_presolved.mps in 14.16 seconds
cuOpt version: 26.10.0, git hash: f3ebc673, host arch: x86_64, device archs: 100a-real
CPU: INTEL(R) XEON(R) PLATINUM 8570, threads (physical/logical): 112/224, RAM (available/total): 1542.38 / 2015.54 GiB
CUDA 13.3, device: NVIDIA B200 (ID 0), VRAM: 178.34 GiB
CUDA device UUID: 681a378c-9967-0edf-3943-b009e5595378
CUDA 13.3, device: NVIDIA B200 (ID 1), VRAM: 178.34 GiB
CUDA device UUID: f362e9ae-1176-2fdc-bc5f-44f36e3f008b
CUDA 13.3, device: NVIDIA B200 (ID 2), VRAM: 178.34 GiB
CUDA device UUID: 12fd6dd7-3383-bd42-35f5-31ce1246a7b2
CUDA 13.3, device: NVIDIA B200 (ID 3), VRAM: 178.34 GiB
CUDA device UUID: bf38f101-598c-c6a6-4396-7a12a540e9b0
CUDA 13.3, device: NVIDIA B200 (ID 4), VRAM: 178.34 GiB
CUDA device UUID: 18e03214-c1f8-c0cc-2376-566dd06569da
CUDA 13.3, device: NVIDIA B200 (ID 5), VRAM: 178.34 GiB
CUDA device UUID: a614b617-6398-7625-f7e1-08fd2ec48ca6
CUDA 13.3, device: NVIDIA B200 (ID 6), VRAM: 178.34 GiB
CUDA device UUID: 30d73ef0-1aa5-e1c9-bd4a-2c000df06cde
CUDA 13.3, device: NVIDIA B200 (ID 7), VRAM: 178.34 GiB
CUDA device UUID: 303952f7-5df8-2cb3-91d7-e18ea6249e44
Solving a problem with 6705300 constraints, 249783750 variables (0 integers), and 1005795000 nonzeros
Solving with distributed PDLP on 8 GPUs.
NCCL version 2.30.7+cuda13.3
      0 +0.00000000e+00 +0.00000000e+00  0.00e+00   1.73e+01     1.03e+04   126.993s
   1000 +4.35211124e+06 +4.36380425e+06  1.17e+04   1.33e-01     2.28e+04   131.558s
   2000 +4.34512672e+06 +4.34591390e+06  7.87e+02   4.18e-02     1.31e+03   135.535s
   3000 +4.34482676e+06 +4.34496409e+06  1.37e+02   1.67e-02     1.99e+02   139.509s
   4000 +4.34483439e+06 +4.34486657e+06  3.22e+01   8.81e-03     6.57e+01   143.475s
   5000 +4.34485396e+06 +4.34485584e+06  1.88e+00   5.20e-03     3.44e+01   147.438s
   6000 +4.34483816e+06 +4.34484634e+06  8.18e+00   3.64e-03     2.00e+01   151.404s
   7000 +4.34484531e+06 +4.34484352e+06  1.79e+00   2.66e-03     1.19e+01   155.369s
   8000 +4.34484181e+06 +4.34484232e+06  5.06e-01   1.95e-03     8.47e+00   159.333s
   9000 +4.34484738e+06 +4.34484147e+06  5.91e+00   1.51e-03     6.33e+00   163.297s
  10000 +4.34484304e+06 +4.34484005e+06  2.99e+00   1.31e-03     4.28e+00   167.263s
  11000 +4.34484089e+06 +4.34483973e+06  1.16e+00   1.08e-03     3.23e+00   171.195s
  12000 +4.34483716e+06 +4.34483953e+06  2.37e+00   8.84e-04     2.58e+00   175.130s
  13000 +4.34483726e+06 +4.34483941e+06  2.15e+00   7.34e-04     2.12e+00   179.059s
  14000 +4.34483616e+06 +4.34483929e+06  3.13e+00   6.24e-04     1.78e+00   182.989s
  15000 +4.34483515e+06 +4.34483903e+06  3.88e+00   5.80e-04     1.38e+00   186.922s
  16000 +4.34483631e+06 +4.34483895e+06  2.65e+00   5.29e-04     1.15e+00   190.851s
  17000 +4.34483768e+06 +4.34483891e+06  1.23e+00   4.70e-04     9.55e-01   194.781s
  18000 +4.34483820e+06 +4.34483888e+06  6.83e-01   4.15e-04     8.24e-01   198.710s
  19000 +4.34483965e+06 +4.34483886e+06  7.91e-01   3.65e-04     7.07e-01   202.645s
  20000 +4.34484032e+06 +4.34483884e+06  1.48e+00   3.27e-04     6.31e-01   206.577s
  21000 +4.34484048e+06 +4.34483883e+06  1.65e+00   2.95e-04     5.70e-01   210.506s
  22000 +4.34484164e+06 +4.34483881e+06  2.82e+00   2.69e-04     5.22e-01   214.436s
  23000 +4.34484176e+06 +4.34483878e+06  2.98e+00   2.53e-04     4.35e-01   218.369s
  24000 +4.34484167e+06 +4.34483876e+06  2.91e+00   2.43e-04     3.87e-01   222.298s
  25000 +4.34484170e+06 +4.34483875e+06  2.94e+00   2.30e-04     3.51e-01   226.228s
  26000 +4.34484183e+06 +4.34483875e+06  3.08e+00   2.16e-04     3.15e-01   230.161s
  27000 +4.34484129e+06 +4.34483874e+06  2.55e+00   2.00e-04     2.85e-01   234.091s
  28000 +4.34484105e+06 +4.34483874e+06  2.32e+00   1.86e-04     2.59e-01   238.021s
  29000 +4.34484136e+06 +4.34483873e+06  2.63e+00   1.73e-04     2.38e-01   241.953s
  30000 +4.34484088e+06 +4.34483873e+06  2.15e+00   1.60e-04     2.20e-01   245.886s
  31000 +4.34484071e+06 +4.34483873e+06  1.98e+00   1.49e-04     2.03e-01   249.820s
  32000 +4.34484026e+06 +4.34483873e+06  1.54e+00   1.40e-04     1.91e-01   253.750s
  33000 +4.34484028e+06 +4.34483872e+06  1.56e+00   1.31e-04     1.78e-01   257.679s
  34000 +4.34484011e+06 +4.34483872e+06  1.39e+00   1.24e-04     1.68e-01   261.609s
  35000 +4.34484003e+06 +4.34483872e+06  1.31e+00   1.18e-04     1.59e-01   265.541s
  36000 +4.34483987e+06 +4.34483871e+06  1.16e+00   1.14e-04     1.45e-01   269.475s
  37000 +4.34483963e+06 +4.34483871e+06  9.24e-01   1.12e-04     1.36e-01   273.404s
  38000 +4.34483950e+06 +4.34483871e+06  7.91e-01   1.09e-04     1.28e-01   277.336s
  39000 +4.34483952e+06 +4.34483871e+06  8.13e-01   1.05e-04     1.22e-01   281.271s
  40000 +4.34483944e+06 +4.34483871e+06  7.36e-01   1.01e-04     1.16e-01   285.205s
  41000 +4.34483928e+06 +4.34483871e+06  5.75e-01   9.73e-05     1.11e-01   289.135s
  42000 +4.34483908e+06 +4.34483871e+06  3.79e-01   9.33e-05     1.04e-01   293.064s
  43000 +4.34483891e+06 +4.34483870e+06  2.07e-01   8.95e-05     9.97e-02   296.994s
  44000 +4.34483886e+06 +4.34483870e+06  1.59e-01   8.58e-05     9.36e-02   300.923s
  45000 +4.34483891e+06 +4.34483870e+06  2.04e-01   8.22e-05     8.92e-02   304.855s
  46000 +4.34483892e+06 +4.34483870e+06  2.15e-01   7.89e-05     8.52e-02   308.789s
  47000 +4.34483880e+06 +4.34483870e+06  9.45e-02   7.60e-05     8.14e-02   312.719s
  48000 +4.34483884e+06 +4.34483870e+06  1.39e-01   7.32e-05     7.77e-02   316.648s
  49000 +4.34483894e+06 +4.34483870e+06  2.37e-01   7.07e-05     7.44e-02   320.577s
  50000 +4.34483897e+06 +4.34483870e+06  2.74e-01   6.84e-05     7.14e-02   324.513s
  51000 +4.34483901e+06 +4.34483870e+06  3.14e-01   6.62e-05     6.93e-02   328.450s
  52000 +4.34483898e+06 +4.34483870e+06  2.77e-01   6.42e-05     6.65e-02   332.382s
  53000 +4.34483895e+06 +4.34483870e+06  2.46e-01   6.22e-05     6.42e-02   336.319s
  54000 +4.34483904e+06 +4.34483870e+06  3.39e-01   6.04e-05     6.17e-02   340.251s
  55000 +4.34483895e+06 +4.34483870e+06  2.48e-01   5.87e-05     5.90e-02   344.181s
  56000 +4.34483891e+06 +4.34483870e+06  2.08e-01   5.73e-05     5.60e-02   348.119s
  57000 +4.34483883e+06 +4.34483870e+06  1.36e-01   5.61e-05     5.41e-02   352.048s
  58000 +4.34483875e+06 +4.34483870e+06  4.91e-02   5.49e-05     5.31e-02   355.981s
  59000 +4.34483872e+06 +4.34483870e+06  2.07e-02   5.37e-05     5.17e-02   359.911s
  60000 +4.34483872e+06 +4.34483870e+06  2.52e-02   5.25e-05     5.05e-02   363.841s
  61000 +4.34483878e+06 +4.34483870e+06  8.73e-02   5.12e-05     4.92e-02   367.771s
  62000 +4.34483881e+06 +4.34483870e+06  1.17e-01   5.00e-05     4.85e-02   371.700s
  63000 +4.34483886e+06 +4.34483870e+06  1.67e-01   4.88e-05     4.74e-02   375.633s
  64000 +4.34483888e+06 +4.34483870e+06  1.84e-01   4.77e-05     4.60e-02   379.568s
  65000 +4.34483891e+06 +4.34483870e+06  2.14e-01   4.65e-05     4.49e-02   383.503s
  66000 +4.34483890e+06 +4.34483870e+06  2.01e-01   4.54e-05     4.37e-02   387.436s
  67000 +4.34483893e+06 +4.34483870e+06  2.38e-01   4.43e-05     4.25e-02   391.366s
  68000 +4.34483898e+06 +4.34483870e+06  2.86e-01   4.32e-05     4.14e-02   395.296s
  69000 +4.34483892e+06 +4.34483870e+06  2.21e-01   4.23e-05     4.04e-02   399.233s
  70000 +4.34483890e+06 +4.34483870e+06  2.02e-01   4.14e-05     3.96e-02   403.164s
  71000 +4.34483889e+06 +4.34483870e+06  1.99e-01   4.06e-05     3.86e-02   407.095s
  72000 +4.34483886e+06 +4.34483870e+06  1.66e-01   3.98e-05     3.76e-02   411.032s
  73000 +4.34483886e+06 +4.34483870e+06  1.66e-01   3.91e-05     3.68e-02   414.962s
  74000 +4.34483880e+06 +4.34483870e+06  1.06e-01   3.84e-05     3.58e-02   418.892s
  75000 +4.34483879e+06 +4.34483870e+06  9.66e-02   3.77e-05     3.50e-02   422.827s
  76000 +4.34483882e+06 +4.34483870e+06  1.28e-01   3.71e-05     3.42e-02   426.757s
  77000 +4.34483882e+06 +4.34483870e+06  1.28e-01   3.65e-05     3.32e-02   430.691s
  78000 +4.34483879e+06 +4.34483870e+06  9.72e-02   3.59e-05     3.22e-02   434.626s
  79000 +4.34483875e+06 +4.34483870e+06  5.74e-02   3.53e-05     3.14e-02   438.560s
  80000 +4.34483873e+06 +4.34483870e+06  3.86e-02   3.47e-05     3.10e-02   442.493s
  81000 +4.34483871e+06 +4.34483870e+06  1.40e-02   3.42e-05     3.03e-02   446.422s
  82000 +4.34483870e+06 +4.34483870e+06  8.83e-03   3.37e-05     2.98e-02   450.352s
  83000 +4.34483869e+06 +4.34483870e+06  1.28e-03   3.32e-05     2.94e-02   454.282s
  84000 +4.34483871e+06 +4.34483870e+06  1.89e-02   3.28e-05     2.85e-02   458.213s
  85000 +4.34483868e+06 +4.34483870e+06  1.54e-02   3.23e-05     2.83e-02   462.146s
  86000 +4.34483866e+06 +4.34483870e+06  3.20e-02   3.19e-05     2.80e-02   466.075s
  87000 +4.34483861e+06 +4.34483869e+06  8.04e-02   3.15e-05     2.91e-02   470.008s
  88000 +4.34483860e+06 +4.34483869e+06  9.80e-02   3.12e-05     2.87e-02   473.938s
  89000 +4.34483858e+06 +4.34483869e+06  1.14e-01   3.09e-05     2.85e-02   477.868s
  90000 +4.34483856e+06 +4.34483869e+06  1.35e-01   3.06e-05     2.84e-02   481.797s
  91000 +4.34483854e+06 +4.34483869e+06  1.50e-01   3.03e-05     2.83e-02   485.732s
  92000 +4.34483853e+06 +4.34483869e+06  1.64e-01   3.00e-05     2.81e-02   489.664s
  93000 +4.34483853e+06 +4.34483869e+06  1.63e-01   2.97e-05     2.80e-02   493.594s
  94000 +4.34483853e+06 +4.34483869e+06  1.64e-01   2.93e-05     2.77e-02   497.526s
  95000 +4.34483854e+06 +4.34483869e+06  1.56e-01   2.90e-05     2.76e-02   501.460s
  96000 +4.34483856e+06 +4.34483869e+06  1.35e-01   2.87e-05     2.74e-02   505.390s
  97000 +4.34483856e+06 +4.34483869e+06  1.31e-01   2.83e-05     2.72e-02   509.322s
  98000 +4.34483859e+06 +4.34483869e+06  1.04e-01   2.70e-05     2.73e-02   513.255s
  99000 +4.34483859e+06 +4.34483869e+06  1.09e-01   2.61e-05     2.74e-02   517.189s
 100000 +4.34483861e+06 +4.34483869e+06  8.39e-02   2.53e-05     2.70e-02   521.120s
 101000 +4.34483863e+06 +4.34483869e+06  6.20e-02   2.45e-05     2.66e-02   525.052s
 102000 +4.34483863e+06 +4.34483869e+06  6.21e-02   2.39e-05     2.61e-02   528.982s
 103000 +4.34483868e+06 +4.34483869e+06  1.97e-02   2.33e-05     2.55e-02   532.911s
 104000 +4.34483867e+06 +4.34483869e+06  2.11e-02   2.28e-05     2.51e-02   536.841s
 105000 +4.34483866e+06 +4.34483869e+06  3.52e-02   2.23e-05     2.45e-02   540.775s
 106000 +4.34483866e+06 +4.34483869e+06  3.72e-02   2.18e-05     2.41e-02   544.705s
 107000 +4.34483869e+06 +4.34483870e+06  5.92e-03   2.13e-05     2.37e-02   548.635s
 108000 +4.34483868e+06 +4.34483870e+06  1.28e-02   2.09e-05     2.33e-02   552.564s
 109000 +4.34483868e+06 +4.34483870e+06  1.59e-02   2.05e-05     2.30e-02   556.494s
 110000 +4.34483867e+06 +4.34483870e+06  2.50e-02   2.01e-05     2.26e-02   560.423s
 111000 +4.34483868e+06 +4.34483870e+06  1.39e-02   1.97e-05     2.22e-02   564.354s
 112000 +4.34483870e+06 +4.34483869e+06  2.82e-04   1.93e-05     2.18e-02   568.291s
 113000 +4.34483869e+06 +4.34483869e+06  8.73e-03   1.89e-05     2.15e-02   572.224s
 114000 +4.34483870e+06 +4.34483870e+06  7.49e-03   1.86e-05     2.12e-02   576.157s
 115000 +4.34483868e+06 +4.34483869e+06  1.84e-02   1.83e-05     2.08e-02   580.088s
 116000 +4.34483867e+06 +4.34483870e+06  2.76e-02   1.80e-05     2.04e-02   584.023s
 117000 +4.34483868e+06 +4.34483869e+06  1.79e-02   1.77e-05     2.02e-02   587.955s
 118000 +4.34483868e+06 +4.34483870e+06  1.74e-02   1.74e-05     1.99e-02   591.889s
 119000 +4.34483869e+06 +4.34483870e+06  8.53e-03   1.71e-05     1.95e-02   595.823s
 120000 +4.34483867e+06 +4.34483869e+06  2.15e-02   1.69e-05     1.92e-02   599.758s
 121000 +4.34483870e+06 +4.34483869e+06  8.99e-03   1.66e-05     1.91e-02   603.690s
 122000 +4.34483870e+06 +4.34483869e+06  3.31e-03   1.63e-05     1.89e-02   607.625s
 123000 +4.34483868e+06 +4.34483870e+06  1.56e-02   1.61e-05     1.83e-02   611.558s
 124000 +4.34483866e+06 +4.34483870e+06  3.38e-02   1.57e-05     1.84e-02   615.488s
 125000 +4.34483865e+06 +4.34483869e+06  4.20e-02   1.54e-05     1.81e-02   619.420s
 126000 +4.34483864e+06 +4.34483869e+06  5.18e-02   1.50e-05     1.79e-02   623.354s
 127000 +4.34483862e+06 +4.34483869e+06  7.10e-02   1.48e-05     1.77e-02   627.284s
 128000 +4.34483866e+06 +4.34483869e+06  3.69e-02   1.45e-05     1.75e-02   631.213s
 129000 +4.34483870e+06 +4.34483870e+06  2.96e-03   1.42e-05     1.75e-02   635.144s
 130000 +4.34483872e+06 +4.34483870e+06  2.77e-02   1.40e-05     1.72e-02   639.078s
 131000 +4.34483872e+06 +4.34483870e+06  2.59e-02   1.38e-05     1.71e-02   643.008s
 132000 +4.34483873e+06 +4.34483870e+06  3.84e-02   1.36e-05     1.68e-02   646.936s
 133000 +4.34483874e+06 +4.34483869e+06  4.69e-02   1.34e-05     1.66e-02   650.869s
 134000 +4.34483873e+06 +4.34483869e+06  4.02e-02   1.32e-05     1.65e-02   654.801s
 135000 +4.34483874e+06 +4.34483869e+06  4.56e-02   1.30e-05     1.60e-02   658.730s
 136000 +4.34483873e+06 +4.34483869e+06  3.26e-02   1.27e-05     1.66e-02   662.667s
 137000 +4.34483872e+06 +4.34483869e+06  2.41e-02   1.24e-05     1.63e-02   666.604s
 138000 +4.34483871e+06 +4.34483869e+06  1.73e-02   1.22e-05     1.63e-02   670.535s
 139000 +4.34483871e+06 +4.34483869e+06  1.29e-02   1.20e-05     1.62e-02   674.464s
 140000 +4.34483870e+06 +4.34483869e+06  7.02e-03   1.18e-05     1.60e-02   678.394s
 141000 +4.34483870e+06 +4.34483869e+06  8.05e-04   1.16e-05     1.60e-02   682.323s
 142000 +4.34483869e+06 +4.34483869e+06  3.10e-03   1.14e-05     1.59e-02   686.255s
 143000 +4.34483868e+06 +4.34483869e+06  1.38e-02   1.12e-05     1.58e-02   690.186s
 144000 +4.34483868e+06 +4.34483869e+06  1.95e-02   1.11e-05     1.58e-02   694.120s
 145000 +4.34483868e+06 +4.34483869e+06  1.92e-02   1.09e-05     1.57e-02   698.050s
 146000 +4.34483868e+06 +4.34483869e+06  1.86e-02   1.07e-05     1.56e-02   701.984s
 147000 +4.34483868e+06 +4.34483869e+06  1.83e-02   1.06e-05     1.55e-02   705.915s
 148000 +4.34483867e+06 +4.34483869e+06  2.05e-02   1.04e-05     1.54e-02   709.844s
 149000 +4.34483867e+06 +4.34483869e+06  2.42e-02   1.02e-05     1.53e-02   713.773s
 150000 +4.34483867e+06 +4.34483869e+06  2.63e-02   1.01e-05     1.52e-02   717.703s
 151000 +4.34483867e+06 +4.34483869e+06  2.78e-02   9.93e-06     1.51e-02   721.638s
 152000 +4.34483867e+06 +4.34483869e+06  2.87e-02   9.77e-06     1.50e-02   725.574s
 153000 +4.34483866e+06 +4.34483869e+06  3.11e-02   9.62e-06     1.49e-02   729.508s
 154000 +4.34483866e+06 +4.34483869e+06  3.15e-02   9.47e-06     1.48e-02   733.439s
 155000 +4.34483866e+06 +4.34483869e+06  3.86e-02   9.32e-06     1.47e-02   737.372s
 156000 +4.34483865e+06 +4.34483869e+06  4.00e-02   9.18e-06     1.45e-02   741.307s
 157000 +4.34483865e+06 +4.34483869e+06  4.32e-02   9.05e-06     1.44e-02   745.241s
 158000 +4.34483865e+06 +4.34483869e+06  4.29e-02   8.92e-06     1.43e-02   749.175s
 159000 +4.34483865e+06 +4.34483869e+06  4.15e-02   8.78e-06     1.41e-02   753.109s
 160000 +4.34483866e+06 +4.34483869e+06  3.25e-02   8.65e-06     1.40e-02   757.041s
 161000 +4.34483866e+06 +4.34483869e+06  3.16e-02   8.53e-06     1.38e-02   760.974s
 162000 +4.34483867e+06 +4.34483869e+06  2.95e-02   8.41e-06     1.36e-02   764.905s
 163000 +4.34483867e+06 +4.34483869e+06  2.35e-02   8.29e-06     1.35e-02   768.835s
 164000 +4.34483868e+06 +4.34483869e+06  1.92e-02   8.16e-06     1.32e-02   772.764s
 165000 +4.34483868e+06 +4.34483869e+06  1.86e-02   8.05e-06     1.30e-02   776.696s
 166000 +4.34483867e+06 +4.34483869e+06  2.09e-02   7.93e-06     1.29e-02   780.630s
 167000 +4.34483868e+06 +4.34483869e+06  1.80e-02   7.82e-06     1.28e-02   784.567s
 168000 +4.34483868e+06 +4.34483869e+06  1.59e-02   7.71e-06     1.27e-02   788.503s
 169000 +4.34483868e+06 +4.34483869e+06  1.62e-02   7.60e-06     1.25e-02   792.433s
 170000 +4.34483868e+06 +4.34483869e+06  1.08e-02   7.49e-06     1.22e-02   796.362s
 171000 +4.34483868e+06 +4.34483869e+06  1.31e-02   7.39e-06     1.21e-02   800.292s
 172000 +4.34483868e+06 +4.34483869e+06  1.40e-02   7.30e-06     1.20e-02   804.221s
 173000 +4.34483868e+06 +4.34483869e+06  1.61e-02   7.21e-06     1.19e-02   808.156s
 174000 +4.34483868e+06 +4.34483869e+06  1.80e-02   7.13e-06     1.18e-02   812.086s
 175000 +4.34483867e+06 +4.34483869e+06  2.12e-02   7.05e-06     1.17e-02   816.015s
 176000 +4.34483868e+06 +4.34483869e+06  1.65e-02   6.97e-06     1.16e-02   819.944s
 177000 +4.34483867e+06 +4.34483869e+06  2.56e-02   6.89e-06     1.15e-02   823.873s
 178000 +4.34483866e+06 +4.34483869e+06  3.14e-02   6.81e-06     1.14e-02   827.802s
 179000 +4.34483865e+06 +4.34483869e+06  4.25e-02   6.74e-06     1.12e-02   831.735s
 180000 +4.34483866e+06 +4.34483869e+06  3.82e-02   6.66e-06     1.12e-02   835.668s
 181000 +4.34483866e+06 +4.34483869e+06  3.27e-02   6.59e-06     1.11e-02   839.601s
 182000 +4.34483866e+06 +4.34483869e+06  3.11e-02   6.51e-06     1.09e-02   843.531s
 183000 +4.34483867e+06 +4.34483869e+06  2.83e-02   6.44e-06     1.08e-02   847.460s
 184000 +4.34483867e+06 +4.34483869e+06  2.28e-02   6.37e-06     1.07e-02   851.389s
 185000 +4.34483867e+06 +4.34483869e+06  2.22e-02   6.30e-06     1.06e-02   855.318s
 186000 +4.34483868e+06 +4.34483869e+06  1.44e-02   6.23e-06     1.04e-02   859.248s
 186600 +4.34483868e+06 +4.34483869e+06  1.82e-02   6.20e-06     1.03e-02   861.606s
LP Solver status:                Optimal
Primal objective:                +4.34483868e+06
Dual objective:                  +4.34483869e+06
Duality gap (abs/rel):           +1.82e-02 / +2.10e-09
Primal infeasibility (abs/rel):  +6.20e-06 / +3.38e-07
Dual infeasibility (abs/rel):    +1.03e-02 / +1.01e-06
PDLP finished
Status: Optimal   Objective: 4.34483868e+06  Iterations: 186600  Time: 867.499s

### exit_code=0
### finished=2026-08-09T20:10:17.105932
### gpu_peak_mb=33498.4
### gpu_peak2_mb=33370.4
### per_gpu_peak_mb=[33498.375, 28954.375, 28474.375, 28538.375, 33370.375, 27450.375, 28602.375, 28442.375]
