### solver=cuopt-distributed
### instance=/home/scratch.vmostovoi_gpu/gurobi_things/gurobi_presolved/qap-tho-150_gurobi_presolved.mps
### n_gpus=8
### CUDA_VISIBLE_DEVICES=0,1,2,3,4,5,6,7
### started=2026-07-23T13:30:50.601985
### argv=/home/scratch.vmostovoi_gpu/mostovoi_cuopt/cpp/build/cuopt_cli --use-distributed-pdlp true --method 1 --presolve 0 --mps-reader experimental-fast --time-limit 3600 --iteration-limit 1000000000 --relative-primal-tolerance 1e-6 --relative-dual-tolerance 1e-6 --relative-gap-tolerance 1e-6 --log-to-console true /home/scratch.vmostovoi_gpu/gurobi_things/gurobi_presolved/qap-tho-150_gurobi_presolved.mps
### --- solver output ---
Setting parameter iteration_limit to 1000000000
Setting parameter log_to_console to true
Setting parameter method to 1
Setting parameter presolve to 0
Setting parameter relative_dual_tolerance to 1.000000e-06
Setting parameter relative_gap_tolerance to 1.000000e-06
Setting parameter relative_primal_tolerance to 1.000000e-06
Setting parameter time_limit to 3.600000e+03
Setting parameter use_distributed_pdlp to true
Reading file qap-tho-150_gurobi_presolved.mps
Using experimental fast MPS parser for '/home/scratch.vmostovoi_gpu/gurobi_things/gurobi_presolved/qap-tho-150_gurobi_presolved.mps'
Read file qap-tho-150_gurobi_presolved.mps in 49.60 seconds
cuOpt version: 26.8.0, git hash: 7116ead1, host arch: x86_64, device archs: 100a-real
CPU: INTEL(R) XEON(R) PLATINUM 8570, threads (physical/logical): 112/224, RAM: 1857.64 GiB
CUDA 13.3, device: NVIDIA B200 (ID 0), VRAM: 178.34 GiB
CUDA device UUID: 1101c152-91de-d40c-4303-b5ce8c0f2273
CUDA 13.3, device: NVIDIA B200 (ID 1), VRAM: 178.34 GiB
CUDA device UUID: 49be7011-908d-9c3a-b85d-1e9d54a2cf8e
CUDA 13.3, device: NVIDIA B200 (ID 2), VRAM: 178.34 GiB
CUDA device UUID: c614d33b-3b33-0212-03db-a5a3d4d53c09
CUDA 13.3, device: NVIDIA B200 (ID 3), VRAM: 178.34 GiB
CUDA device UUID: f0efe03d-7a32-7393-9416-2efd0f75b715
CUDA 13.3, device: NVIDIA B200 (ID 4), VRAM: 178.34 GiB
CUDA device UUID: f4d480a1-39f3-40e0-6e96-bb5c4d165711
CUDA 13.3, device: NVIDIA B200 (ID 5), VRAM: 178.34 GiB
CUDA device UUID: 95da5925-7088-4fc6-b10d-a260ca702b29
CUDA 13.3, device: NVIDIA B200 (ID 6), VRAM: 178.34 GiB
CUDA device UUID: 68992ffe-0591-7d4f-b826-1cb98b6bde20
CUDA 13.3, device: NVIDIA B200 (ID 7), VRAM: 178.34 GiB
CUDA device UUID: 5656cf7f-5639-9407-be3e-a913830b7634
Solving a problem with 6705050 constraints, 249783750 variables (0 integers), and 1005757500 nonzeros
Solving with distributed PDLP on 8 GPUs.
NCCL version 2.30.7+cuda13.3
      0 +0.00000000e+00 +0.00000000e+00  0.00e+00   1.73e+01     1.03e+04   108.202s
   1000 +4.35169176e+06 +4.36392168e+06  1.22e+04   1.30e-01     2.31e+04   112.918s
   2000 +4.34463882e+06 +4.34580817e+06  1.17e+03   4.23e-02     1.35e+03   117.030s
   3000 +4.34435793e+06 +4.34483253e+06  4.75e+02   1.84e-02     2.04e+02   121.142s
   4000 +4.34439096e+06 +4.34473935e+06  3.48e+02   1.13e-02     7.04e+01   125.253s
   5000 +4.34440428e+06 +4.34473802e+06  3.34e+02   8.65e-03     4.07e+01   129.365s
   6000 +4.34442739e+06 +4.34473567e+06  3.08e+02   7.58e-03     2.72e+01   133.485s
   7000 +4.34444100e+06 +4.34474501e+06  3.04e+02   6.84e-03     2.64e+01   137.597s
   8000 +4.34445799e+06 +4.34475378e+06  2.96e+02   6.30e-03     2.44e+01   141.709s
   9000 +4.34447580e+06 +4.34476121e+06  2.85e+02   5.93e-03     2.27e+01   145.819s
  10000 +4.34448960e+06 +4.34477710e+06  2.87e+02   5.65e-03     3.91e+01   149.931s
  11000 +4.34451785e+06 +4.34479524e+06  2.77e+02   5.20e-03     5.98e+01   154.006s
  12000 +4.34456058e+06 +4.34480844e+06  2.48e+02   4.55e-03     6.98e+01   158.079s
  13000 +4.34460065e+06 +4.34481680e+06  2.16e+02   3.94e-03     7.07e+01   162.156s
  14000 +4.34462536e+06 +4.34482280e+06  1.97e+02   3.53e-03     6.74e+01   166.230s
  15000 +4.34464606e+06 +4.34483078e+06  1.85e+02   3.14e-03     9.79e+01   170.307s
  16000 +4.34468794e+06 +4.34483999e+06  1.52e+02   2.62e-03     1.44e+02   174.381s
  17000 +4.34472756e+06 +4.34484494e+06  1.17e+02   2.10e-03     1.59e+02   178.455s
  18000 +4.34475191e+06 +4.34484976e+06  9.79e+01   1.78e-03     1.51e+02   182.530s
  19000 +4.34476878e+06 +4.34485204e+06  8.33e+01   1.48e-03     1.42e+02   186.604s
  20000 +4.34478071e+06 +4.34485259e+06  7.19e+01   1.23e-03     1.34e+02   190.679s
  21000 +4.34478970e+06 +4.34485250e+06  6.28e+01   1.03e-03     1.24e+02   194.753s
  22000 +4.34479851e+06 +4.34485232e+06  5.38e+01   8.73e-04     1.13e+02   198.827s
  23000 +4.34480817e+06 +4.34484941e+06  4.12e+01   6.84e-04     9.43e+01   202.905s
  24000 +4.34481848e+06 +4.34484925e+06  3.08e+01   5.32e-04     9.23e+01   206.979s
  25000 +4.34482828e+06 +4.34484904e+06  2.08e+01   4.27e-04     8.85e+01   211.053s
  26000 +4.34483437e+06 +4.34484882e+06  1.44e+01   3.69e-04     8.20e+01   215.128s
  27000 +4.34483778e+06 +4.34484876e+06  1.10e+01   3.37e-04     7.61e+01   219.202s
  28000 +4.34484019e+06 +4.34484857e+06  8.38e+00   3.18e-04     7.01e+01   223.278s
  29000 +4.34484179e+06 +4.34484854e+06  6.75e+00   3.04e-04     6.48e+01   227.355s
  30000 +4.34484255e+06 +4.34484822e+06  5.67e+00   2.88e-04     6.07e+01   231.429s
  31000 +4.34484236e+06 +4.34484811e+06  5.75e+00   2.70e-04     5.74e+01   235.504s
  32000 +4.34484160e+06 +4.34484782e+06  6.21e+00   2.52e-04     5.44e+01   239.578s
  33000 +4.34484151e+06 +4.34484772e+06  6.21e+00   2.35e-04     5.18e+01   243.652s
  34000 +4.34484070e+06 +4.34484738e+06  6.68e+00   2.15e-04     4.95e+01   247.727s
  35000 +4.34484048e+06 +4.34484717e+06  6.69e+00   1.97e-04     4.72e+01   251.801s
  36000 +4.34484161e+06 +4.34484529e+06  3.68e+00   2.08e-04     3.86e+01   255.879s
  37000 +4.34484252e+06 +4.34484498e+06  2.47e+00   1.91e-04     3.43e+01   259.953s
  38000 +4.34484368e+06 +4.34484462e+06  9.45e-01   1.74e-04     3.12e+01   264.027s
  39000 +4.34484379e+06 +4.34484429e+06  5.02e-01   1.63e-04     2.87e+01   268.102s
  40000 +4.34484407e+06 +4.34484403e+06  3.32e-02   1.58e-04     2.62e+01   272.176s
  41000 +4.34484434e+06 +4.34484380e+06  5.40e-01   1.52e-04     2.44e+01   276.250s
  42000 +4.34484440e+06 +4.34484360e+06  8.07e-01   1.48e-04     2.26e+01   280.325s
  43000 +4.34484436e+06 +4.34484338e+06  9.79e-01   1.43e-04     2.10e+01   284.400s
  44000 +4.34484411e+06 +4.34484319e+06  9.25e-01   1.38e-04     1.95e+01   288.474s
  45000 +4.34484401e+06 +4.34484298e+06  1.03e+00   1.33e-04     1.82e+01   292.549s
  46000 +4.34484364e+06 +4.34484281e+06  8.28e-01   1.27e-04     1.67e+01   296.623s
  47000 +4.34484309e+06 +4.34484264e+06  4.53e-01   1.20e-04     1.58e+01   300.697s
  48000 +4.34484296e+06 +4.34484248e+06  4.85e-01   1.12e-04     1.51e+01   304.772s
  49000 +4.34484260e+06 +4.34484237e+06  2.30e-01   1.06e-04     1.44e+01   308.846s
  50000 +4.34484202e+06 +4.34484225e+06  2.29e-01   1.00e-04     1.38e+01   312.923s
  51000 +4.34484167e+06 +4.34484208e+06  4.07e-01   9.43e-05     1.32e+01   316.999s
  52000 +4.34484137e+06 +4.34484199e+06  6.19e-01   8.94e-05     1.27e+01   321.074s
  53000 +4.34484127e+06 +4.34484188e+06  6.05e-01   8.53e-05     1.22e+01   325.152s
  54000 +4.34484100e+06 +4.34484177e+06  7.66e-01   8.15e-05     1.18e+01   329.230s
  55000 +4.34484110e+06 +4.34484171e+06  6.07e-01   7.84e-05     1.13e+01   333.305s
  56000 +4.34484176e+06 +4.34484071e+06  1.04e+00   2.64e-04     8.58e+00   337.382s
  57000 +4.34484185e+06 +4.34484041e+06  1.44e+00   2.82e-04     6.97e+00   341.457s
  58000 +4.34484206e+06 +4.34484020e+06  1.86e+00   2.70e-04     5.84e+00   345.531s
  59000 +4.34484180e+06 +4.34484003e+06  1.77e+00   2.49e-04     5.02e+00   349.606s
  60000 +4.34484220e+06 +4.34483988e+06  2.32e+00   2.26e-04     4.44e+00   353.680s
  61000 +4.34484190e+06 +4.34483977e+06  2.13e+00   2.07e-04     3.95e+00   357.758s
  62000 +4.34484177e+06 +4.34483969e+06  2.08e+00   1.91e-04     3.57e+00   361.833s
  63000 +4.34484120e+06 +4.34483961e+06  1.59e+00   1.76e-04     3.28e+00   365.908s
  64000 +4.34484095e+06 +4.34483954e+06  1.41e+00   1.64e-04     3.02e+00   369.983s
  65000 +4.34484102e+06 +4.34483949e+06  1.53e+00   1.54e-04     2.80e+00   374.058s
  66000 +4.34484108e+06 +4.34483943e+06  1.65e+00   1.45e-04     2.60e+00   378.132s
  67000 +4.34484118e+06 +4.34483938e+06  1.80e+00   1.37e-04     2.43e+00   382.208s
  68000 +4.34484086e+06 +4.34483935e+06  1.51e+00   1.30e-04     2.28e+00   386.283s
  69000 +4.34484066e+06 +4.34483932e+06  1.34e+00   1.23e-04     2.16e+00   390.359s
  70000 +4.34484072e+06 +4.34483929e+06  1.44e+00   1.18e-04     2.04e+00   394.437s
  71000 +4.34484049e+06 +4.34483926e+06  1.23e+00   1.13e-04     1.93e+00   398.515s
  72000 +4.34484056e+06 +4.34483923e+06  1.33e+00   1.08e-04     1.84e+00   402.590s
  73000 +4.34484049e+06 +4.34483921e+06  1.28e+00   1.03e-04     1.75e+00   406.667s
  74000 +4.34484047e+06 +4.34483918e+06  1.28e+00   9.89e-05     1.65e+00   410.742s
  75000 +4.34484024e+06 +4.34483916e+06  1.07e+00   9.51e-05     1.59e+00   414.816s
  76000 +4.34484015e+06 +4.34483915e+06  1.00e+00   9.13e-05     1.52e+00   418.890s
  77000 +4.34484066e+06 +4.34483898e+06  1.68e+00   2.01e-04     1.31e+00   422.967s
  78000 +4.34484131e+06 +4.34483890e+06  2.41e+00   2.46e-04     9.79e-01   427.042s
  79000 +4.34484161e+06 +4.34483886e+06  2.75e+00   2.50e-04     8.02e-01   431.116s
  80000 +4.34484175e+06 +4.34483884e+06  2.92e+00   2.41e-04     6.78e-01   435.190s
  81000 +4.34484154e+06 +4.34483882e+06  2.72e+00   2.27e-04     5.78e-01   439.264s
  82000 +4.34484183e+06 +4.34483880e+06  3.03e+00   2.12e-04     5.09e-01   443.339s
  83000 +4.34484167e+06 +4.34483879e+06  2.88e+00   1.97e-04     4.55e-01   447.413s
  84000 +4.34484165e+06 +4.34483878e+06  2.86e+00   1.83e-04     4.07e-01   451.487s
  85000 +4.34484183e+06 +4.34483878e+06  3.05e+00   1.71e-04     3.69e-01   455.562s
  86000 +4.34484173e+06 +4.34483877e+06  2.96e+00   1.59e-04     3.38e-01   459.639s
  87000 +4.34484154e+06 +4.34483876e+06  2.77e+00   1.49e-04     3.10e-01   463.717s
  88000 +4.34484139e+06 +4.34483876e+06  2.63e+00   1.39e-04     2.91e-01   467.795s
  89000 +4.34484094e+06 +4.34483875e+06  2.18e+00   1.31e-04     2.72e-01   471.869s
  90000 +4.34484083e+06 +4.34483875e+06  2.08e+00   1.23e-04     2.56e-01   475.943s
  91000 +4.34484072e+06 +4.34483875e+06  1.98e+00   1.16e-04     2.42e-01   480.018s
  92000 +4.34484061e+06 +4.34483875e+06  1.86e+00   1.10e-04     2.31e-01   484.092s
  93000 +4.34484033e+06 +4.34483874e+06  1.59e+00   1.05e-04     2.18e-01   488.166s
  94000 +4.34484017e+06 +4.34483874e+06  1.43e+00   9.98e-05     2.07e-01   492.241s
  95000 +4.34483991e+06 +4.34483874e+06  1.17e+00   9.53e-05     1.96e-01   496.315s
  96000 +4.34484004e+06 +4.34483872e+06  1.32e+00   1.04e-04     1.54e-01   500.393s
  97000 +4.34484009e+06 +4.34483872e+06  1.38e+00   1.05e-04     1.31e-01   504.467s
  98000 +4.34483998e+06 +4.34483871e+06  1.26e+00   1.04e-04     1.17e-01   508.542s
  99000 +4.34483985e+06 +4.34483871e+06  1.14e+00   1.01e-04     1.07e-01   512.619s
 100000 +4.34483979e+06 +4.34483871e+06  1.08e+00   9.80e-05     9.84e-02   516.694s
 101000 +4.34483983e+06 +4.34483871e+06  1.12e+00   9.52e-05     9.06e-02   520.770s
 102000 +4.34483974e+06 +4.34483871e+06  1.03e+00   9.22e-05     8.41e-02   524.845s
 103000 +4.34483971e+06 +4.34483870e+06  1.00e+00   8.90e-05     7.88e-02   528.919s
 104000 +4.34483964e+06 +4.34483870e+06  9.39e-01   8.59e-05     7.40e-02   532.993s
 105000 +4.34483972e+06 +4.34483870e+06  1.02e+00   8.28e-05     6.97e-02   537.068s
 106000 +4.34483974e+06 +4.34483870e+06  1.03e+00   7.99e-05     6.59e-02   541.141s
 107000 +4.34483972e+06 +4.34483870e+06  1.02e+00   7.70e-05     6.24e-02   545.216s
 108000 +4.34483970e+06 +4.34483870e+06  1.00e+00   7.43e-05     5.89e-02   549.290s
 109000 +4.34483962e+06 +4.34483870e+06  9.24e-01   7.16e-05     5.60e-02   553.364s
 110000 +4.34483960e+06 +4.34483870e+06  8.97e-01   6.90e-05     5.33e-02   557.438s
 111000 +4.34483961e+06 +4.34483870e+06  9.06e-01   6.64e-05     5.13e-02   561.512s
 112000 +4.34483955e+06 +4.34483870e+06  8.50e-01   6.40e-05     4.92e-02   565.587s
 113000 +4.34483941e+06 +4.34483870e+06  7.10e-01   6.17e-05     4.69e-02   569.661s
 114000 +4.34483929e+06 +4.34483870e+06  5.93e-01   5.95e-05     4.50e-02   573.735s
 115000 +4.34483925e+06 +4.34483870e+06  5.55e-01   5.76e-05     4.35e-02   577.809s
 116000 +4.34483925e+06 +4.34483870e+06  5.52e-01   5.58e-05     4.16e-02   581.883s
 117000 +4.34483925e+06 +4.34483870e+06  5.56e-01   5.40e-05     4.07e-02   585.958s
 118000 +4.34483926e+06 +4.34483870e+06  5.67e-01   5.22e-05     3.95e-02   590.032s
 119000 +4.34483921e+06 +4.34483870e+06  5.16e-01   5.06e-05     3.82e-02   594.106s
 120000 +4.34483920e+06 +4.34483870e+06  5.04e-01   4.91e-05     3.70e-02   598.180s
 121000 +4.34483916e+06 +4.34483870e+06  4.61e-01   4.77e-05     3.60e-02   602.256s
 122000 +4.34483911e+06 +4.34483870e+06  4.13e-01   4.63e-05     3.50e-02   606.333s
 123000 +4.34483904e+06 +4.34483870e+06  3.42e-01   4.50e-05     3.37e-02   610.410s
 124000 +4.34483908e+06 +4.34483870e+06  3.87e-01   4.38e-05     3.29e-02   614.486s
 125000 +4.34483904e+06 +4.34483870e+06  3.45e-01   4.27e-05     3.20e-02   618.562s
 126000 +4.34483910e+06 +4.34483870e+06  3.98e-01   4.16e-05     3.13e-02   622.637s
 127000 +4.34483914e+06 +4.34483870e+06  4.46e-01   4.05e-05     3.06e-02   626.713s
 128000 +4.34483911e+06 +4.34483870e+06  4.13e-01   3.95e-05     2.99e-02   630.788s
 129000 +4.34483905e+06 +4.34483870e+06  3.48e-01   3.85e-05     2.93e-02   634.864s
 130000 +4.34483906e+06 +4.34483870e+06  3.65e-01   3.76e-05     2.87e-02   638.940s
 131000 +4.34483904e+06 +4.34483870e+06  3.45e-01   3.67e-05     2.83e-02   643.017s
 132000 +4.34483900e+06 +4.34483870e+06  3.07e-01   3.58e-05     2.75e-02   647.095s
 133000 +4.34483896e+06 +4.34483870e+06  2.68e-01   3.50e-05     2.70e-02   651.172s
 134000 +4.34483896e+06 +4.34483870e+06  2.67e-01   3.41e-05     2.49e-02   655.253s
 135000 +4.34483890e+06 +4.34483870e+06  2.03e-01   3.29e-05     2.15e-02   659.329s
 136000 +4.34483887e+06 +4.34483869e+06  1.70e-01   3.19e-05     2.02e-02   663.404s
 137000 +4.34483886e+06 +4.34483869e+06  1.63e-01   3.11e-05     1.95e-02   667.478s
 138000 +4.34483884e+06 +4.34483869e+06  1.48e-01   3.03e-05     1.88e-02   671.555s
 139000 +4.34483882e+06 +4.34483869e+06  1.28e-01   2.96e-05     1.84e-02   675.631s
 140000 +4.34483880e+06 +4.34483869e+06  1.01e-01   2.90e-05     1.79e-02   679.707s
 141000 +4.34483878e+06 +4.34483869e+06  8.05e-02   2.83e-05     1.74e-02   683.781s
 142000 +4.34483876e+06 +4.34483869e+06  6.35e-02   2.77e-05     1.69e-02   687.855s
 143000 +4.34483874e+06 +4.34483869e+06  4.30e-02   2.71e-05     1.64e-02   691.930s
 144000 +4.34483874e+06 +4.34483869e+06  4.59e-02   2.66e-05     1.59e-02   696.004s
 145000 +4.34483875e+06 +4.34483869e+06  5.74e-02   2.60e-05     1.55e-02   700.078s
 146000 +4.34483875e+06 +4.34483869e+06  5.96e-02   2.55e-05     1.51e-02   704.153s
 147000 +4.34483876e+06 +4.34483869e+06  6.67e-02   2.50e-05     1.46e-02   708.227s
 148000 +4.34483876e+06 +4.34483869e+06  6.69e-02   2.45e-05     1.42e-02   712.302s
 149000 +4.34483877e+06 +4.34483869e+06  7.88e-02   2.41e-05     1.39e-02   716.376s
 150000 +4.34483878e+06 +4.34483869e+06  8.35e-02   2.36e-05     1.35e-02   720.450s
 151000 +4.34483877e+06 +4.34483869e+06  7.54e-02   2.31e-05     1.32e-02   724.524s
 152000 +4.34483877e+06 +4.34483869e+06  7.64e-02   2.27e-05     1.29e-02   728.599s
 153000 +4.34483877e+06 +4.34483869e+06  7.19e-02   2.22e-05     1.26e-02   732.673s
 154000 +4.34483877e+06 +4.34483869e+06  8.06e-02   2.18e-05     1.23e-02   736.748s
 155000 +4.34483877e+06 +4.34483869e+06  7.73e-02   2.14e-05     1.21e-02   740.823s
 156000 +4.34483876e+06 +4.34483869e+06  6.33e-02   2.10e-05     1.19e-02   744.897s
 157000 +4.34483876e+06 +4.34483869e+06  6.71e-02   2.06e-05     1.17e-02   748.971s
 158000 +4.34483877e+06 +4.34483869e+06  8.02e-02   2.03e-05     1.14e-02   753.046s
 159000 +4.34483880e+06 +4.34483869e+06  1.02e-01   1.99e-05     1.12e-02   757.120s
 160000 +4.34483880e+06 +4.34483869e+06  1.05e-01   1.95e-05     1.09e-02   761.198s
 161000 +4.34483879e+06 +4.34483869e+06  9.83e-02   1.91e-05     1.08e-02   765.274s
 162000 +4.34483880e+06 +4.34483869e+06  1.04e-01   1.88e-05     1.06e-02   769.351s
 163000 +4.34483879e+06 +4.34483869e+06  9.89e-02   1.85e-05     1.04e-02   773.429s
 163400 +4.34483879e+06 +4.34483869e+06  9.63e-02   1.83e-05     1.03e-02   775.060s
LP Solver status:                Optimal
Primal objective:                +4.34483879e+06
Dual objective:                  +4.34483869e+06
Duality gap (abs/rel):           +9.63e-02 / +1.11e-08
Primal infeasibility (abs/rel):  +1.83e-05 / +1.00e-06
Dual infeasibility (abs/rel):    +1.03e-02 / +1.01e-06
Distributed PDLP finished
Status: Optimal   Objective: 4.34483879e+06  Iterations: 163400  Time: 780.868s

### exit_code=0
### finished=2026-07-23T13:45:33.052666
### gpu_peak_mb=31770.4
### gpu_peak2_mb=30650.4
### per_gpu_peak_mb=[31770.375, 29466.375, 30202.375, 30650.375, 29242.375, 28762.375, 27834.375, 29690.375]
