### solver=cuopt-distributed
### instance=/home/scratch.cmaes_sw/hans_lps/shs1023.mps
### n_gpus=8
### CUDA_VISIBLE_DEVICES=0,1,2,3,4,5,6,7
### started=2026-08-10T14:54:32.692835
### argv=/home/scratch.vmostovoi_gpu/mostovoi_cuopt/cpp/build/cuopt_cli --method 1 --mps-reader experimental-fast --time-limit 3600 --iteration-limit 1000000000 --relative-primal-tolerance 1e-6 --relative-dual-tolerance 1e-6 --relative-gap-tolerance 1e-6 --log-to-console true --num-gpus 8 /home/scratch.cmaes_sw/hans_lps/shs1023.mps
### --- solver output ---
Setting parameter iteration_limit to 1000000000
Setting parameter log_to_console to true
Setting parameter method to 1
Setting parameter num_gpus to 8
Setting parameter relative_dual_tolerance to 1.000000e-06
Setting parameter relative_gap_tolerance to 1.000000e-06
Setting parameter relative_primal_tolerance to 1.000000e-06
Setting parameter time_limit to 3.600000e+03
Reading file shs1023.mps
Using experimental fast MPS parser for '/home/scratch.cmaes_sw/hans_lps/shs1023.mps'
Read file shs1023.mps in 0.82 seconds
cuOpt version: 26.10.0, git hash: f3ebc673, host arch: x86_64, device archs: 100a-real
CPU: INTEL(R) XEON(R) PLATINUM 8570, threads (physical/logical): 112/224, RAM (available/total): 1961.84 / 2015.54 GiB
CUDA 13.3, device: NVIDIA B200 (ID 0), VRAM: 178.34 GiB
CUDA device UUID: 48ab7b4d-7b0a-65b7-4538-4e37338d2330
CUDA 13.3, device: NVIDIA B200 (ID 1), VRAM: 178.34 GiB
CUDA device UUID: 5dd43d25-54eb-687e-91f8-d4c917f40a3c
CUDA 13.3, device: NVIDIA B200 (ID 2), VRAM: 178.34 GiB
CUDA device UUID: a40e62a0-1502-ea41-88b7-8ebfb62f67b6
CUDA 13.3, device: NVIDIA B200 (ID 3), VRAM: 178.34 GiB
CUDA device UUID: 69c2235c-eda1-228c-f9ee-e444f16a4e31
CUDA 13.3, device: NVIDIA B200 (ID 4), VRAM: 178.34 GiB
CUDA device UUID: 92e986d5-fb1f-ac84-bd70-b03e127c762a
CUDA 13.3, device: NVIDIA B200 (ID 5), VRAM: 178.34 GiB
CUDA device UUID: fb4dfdcf-c8fe-1714-a140-0823be2fde13
CUDA 13.3, device: NVIDIA B200 (ID 6), VRAM: 178.34 GiB
CUDA device UUID: 3519c8dd-244c-a241-e2ee-ef61e97ec465
CUDA 13.3, device: NVIDIA B200 (ID 7), VRAM: 178.34 GiB
CUDA device UUID: b80ee313-5762-b760-dd9a-a5669634bef9
Solving a problem with 133944 constraints, 444625 variables (0 integers), and 1044725 nonzeros
Using PSLP presolver
PSLP Presolved problem: 129238 constraints, 434184 variables, 1015594 non-zeros
PSLP presolve time: 0.13s
Solving with distributed PDLP on 8 GPUs.
NCCL version 2.30.7+cuda13.3
      0 +3.49305556e+03 +3.49305556e+03  0.00e+00   5.38e+03     6.56e+03   7.305s
   1000 +8.87800003e+03 +9.32936093e+03  4.51e+02   8.26e+00     2.09e+01   7.674s
   2000 +9.22705128e+03 +1.03584802e+04  1.13e+03   3.61e+00     5.67e+00   7.860s
   3000 +9.53507523e+03 +1.08080627e+04  1.27e+03   3.25e+00     4.47e+00   8.045s
   4000 +9.96479972e+03 +1.12567229e+04  1.29e+03   2.29e+00     4.48e+00   8.230s
   5000 +1.06297641e+04 +1.15080045e+04  8.78e+02   1.18e+00     4.16e+00   8.414s
   6000 +1.06898277e+04 +1.15111338e+04  8.21e+02   9.53e-01     3.98e+00   8.599s
   7000 +1.08125946e+04 +1.16662769e+04  8.54e+02   6.69e-01     3.71e+00   8.783s
   8000 +1.09102196e+04 +1.17449189e+04  8.35e+02   5.90e-01     3.52e+00   8.967s
   9000 +1.10656656e+04 +1.17690505e+04  7.03e+02   3.76e-01     3.72e+00   9.151s
  10000 +1.12297150e+04 +1.17281869e+04  4.98e+02   2.90e-01     7.63e+00   9.336s
  11000 +1.12982573e+04 +1.15885213e+04  2.90e+02   2.52e-01     1.16e+01   9.511s
  12000 +1.13807817e+04 +1.14687587e+04  8.80e+01   2.29e-01     1.43e+01   9.688s
  13000 +1.14560064e+04 +1.14263866e+04  2.96e+01   2.06e-01     1.50e+01   9.864s
  14000 +1.15506311e+04 +1.15146218e+04  3.60e+01   1.90e-01     1.42e+01   10.041s
  15000 +1.16239821e+04 +1.15217933e+04  1.02e+02   1.47e-01     1.50e+01   10.218s
  16000 +1.17199533e+04 +1.14422059e+04  2.78e+02   1.15e-01     1.69e+01   10.393s
  17000 +1.18010224e+04 +1.13157308e+04  4.85e+02   9.43e-02     1.86e+01   10.569s
  18000 +1.18809443e+04 +1.12094825e+04  6.71e+02   7.53e-02     2.04e+01   10.744s
  19000 +1.19494906e+04 +1.11617049e+04  7.88e+02   6.69e-02     2.04e+01   10.920s
  20000 +1.19695220e+04 +1.12025304e+04  7.67e+02   6.11e-02     1.97e+01   11.096s
  21000 +1.20042649e+04 +1.12508018e+04  7.53e+02   5.75e-02     1.85e+01   11.271s
  22000 +1.20369036e+04 +1.13565021e+04  6.80e+02   4.94e-02     1.70e+01   11.447s
  23000 +1.20832040e+04 +1.14989253e+04  5.84e+02   4.26e-02     1.57e+01   11.624s
  24000 +1.21250936e+04 +1.14963750e+04  6.29e+02   3.21e-02     1.55e+01   11.800s
  25000 +1.21577027e+04 +1.15436493e+04  6.14e+02   2.06e-02     1.49e+01   11.976s
  26000 +1.21931777e+04 +1.15758357e+04  6.17e+02   2.02e-02     1.39e+01   12.153s
  27000 +1.22165858e+04 +1.15947260e+04  6.22e+02   1.68e-02     1.35e+01   12.328s
  28000 +1.22297515e+04 +1.15847252e+04  6.45e+02   1.36e-02     1.31e+01   12.504s
  29000 +1.22449790e+04 +1.16224845e+04  6.22e+02   8.04e-03     1.26e+01   12.680s
  30000 +1.22649496e+04 +1.16703751e+04  5.95e+02   1.33e-02     1.15e+01   12.856s
  31000 +1.23600380e+04 +1.17750122e+04  5.85e+02   5.18e-02     9.35e+00   13.033s
  32000 +1.23946115e+04 +1.18722337e+04  5.22e+02   7.91e-02     7.13e+00   13.209s
  33000 +1.23881493e+04 +1.19360138e+04  4.52e+02   4.62e-02     5.39e+00   13.384s
  34000 +1.24110914e+04 +1.20336757e+04  3.77e+02   9.76e-02     4.09e+00   13.561s
  35000 +1.24055202e+04 +1.20551915e+04  3.50e+02   7.20e-02     3.22e+00   13.737s
  36000 +1.24035857e+04 +1.20822661e+04  3.21e+02   6.30e-02     2.75e+00   13.912s
  37000 +1.23955624e+04 +1.21412519e+04  2.54e+02   3.83e-01     1.59e+00   14.089s
  38000 +1.23872302e+04 +1.21259307e+04  2.61e+02   1.29e-01     1.28e+00   14.264s
  39000 +1.23815300e+04 +1.21284598e+04  2.53e+02   6.99e-02     1.12e+00   14.440s
  40000 +1.23748972e+04 +1.21137171e+04  2.61e+02   8.73e-02     8.77e-01   14.616s
  41000 +1.23607519e+04 +1.21110662e+04  2.50e+02   4.74e-01     7.81e-01   14.794s
  42000 +1.23501789e+04 +1.20783696e+04  2.72e+02   1.60e-01     3.38e-01   14.971s
  43000 +1.23489794e+04 +1.20754799e+04  2.73e+02   8.16e-02     2.82e-01   15.147s
  44000 +1.23470636e+04 +1.20667428e+04  2.80e+02   7.19e-02     1.66e-01   15.323s
  45000 +1.23488415e+04 +1.20664732e+04  2.82e+02   7.01e-02     1.56e-01   15.499s
  46000 +1.23543330e+04 +1.20582724e+04  2.96e+02   1.25e-01     6.37e-02   15.676s
  47000 +1.23539269e+04 +1.20593787e+04  2.95e+02   8.34e-02     1.88e-02   15.852s
  48000 +1.23516817e+04 +1.20591698e+04  2.93e+02   7.89e-02     1.46e-02   16.028s
  49000 +1.23506505e+04 +1.20590108e+04  2.92e+02   7.26e-02     1.14e-02   16.203s
  50000 +1.23495660e+04 +1.20590528e+04  2.91e+02   6.41e-02     9.65e-03   16.379s
  51000 +1.23460044e+04 +1.20591505e+04  2.87e+02   6.13e-02     8.02e-03   16.554s
  52000 +1.23484324e+04 +1.20590342e+04  2.89e+02   6.06e-02     6.81e-03   16.730s
  53000 +1.23468831e+04 +1.20587862e+04  2.88e+02   7.25e-02     3.79e-03   16.908s
  54000 +1.23448404e+04 +1.20584726e+04  2.86e+02   6.03e-02     2.86e-03   17.083s
  55000 +1.23446529e+04 +1.20584617e+04  2.86e+02   5.63e-02     2.38e-03   17.258s
  56000 +1.23442194e+04 +1.20580988e+04  2.86e+02   6.08e-02     1.11e-03   17.434s
  57000 +1.23437875e+04 +1.20578439e+04  2.86e+02   5.57e-02     1.31e-04   17.611s
  58000 +1.23437425e+04 +1.20578418e+04  2.86e+02   5.55e-02     2.59e-04   17.789s
  59000 +1.23439533e+04 +1.20578438e+04  2.86e+02   5.54e-02     3.12e-04   17.966s
  60000 +1.23442552e+04 +1.20578492e+04  2.86e+02   5.54e-02     2.38e-04   18.141s
  61000 +1.23441434e+04 +1.20578558e+04  2.86e+02   5.53e-02     1.26e-04   18.318s
  62000 +1.23441085e+04 +1.20578613e+04  2.86e+02   5.53e-02     8.47e-05   18.494s
  63000 +1.23441291e+04 +1.20578916e+04  2.86e+02   5.52e-02     1.13e-03   18.671s
  64000 +1.23446090e+04 +1.20579177e+04  2.87e+02   5.51e-02     1.54e-03   18.847s
  65000 +1.23465056e+04 +1.20579515e+04  2.89e+02   5.49e-02     1.96e-03   19.022s
  66000 +1.23479855e+04 +1.20579958e+04  2.90e+02   5.47e-02     2.00e-03   19.198s
  67000 +1.23473198e+04 +1.20580389e+04  2.89e+02   5.46e-02     1.95e-03   19.373s
  68000 +1.23476895e+04 +1.20580825e+04  2.90e+02   5.47e-02     1.93e-03   19.549s
  69000 +1.23480216e+04 +1.20581273e+04  2.90e+02   5.46e-02     1.95e-03   19.725s
  70000 +1.23474301e+04 +1.20581731e+04  2.89e+02   5.45e-02     1.99e-03   19.900s
  71000 +1.23476451e+04 +1.20582205e+04  2.89e+02   5.45e-02     1.93e-03   20.076s
  72000 +1.23479812e+04 +1.20582692e+04  2.90e+02   5.45e-02     1.72e-03   20.251s
  73000 +1.23476702e+04 +1.20583236e+04  2.89e+02   5.46e-02     1.46e-03   20.427s
  74000 +1.23479093e+04 +1.20583750e+04  2.90e+02   5.45e-02     1.22e-03   20.603s
  75000 +1.23478837e+04 +1.20584271e+04  2.89e+02   5.45e-02     1.08e-03   20.779s
  76000 +1.23476576e+04 +1.20584775e+04  2.89e+02   5.45e-02     1.04e-03   20.955s
  77000 +1.23478690e+04 +1.20585241e+04  2.89e+02   5.45e-02     1.03e-03   21.131s
  78000 +1.23478597e+04 +1.20585676e+04  2.89e+02   5.45e-02     1.03e-03   21.309s
  79000 +1.23478580e+04 +1.20586101e+04  2.89e+02   5.45e-02     1.05e-03   21.486s
  80000 +1.23479139e+04 +1.20586505e+04  2.89e+02   5.45e-02     1.10e-03   21.664s
  81000 +1.23481357e+04 +1.20586918e+04  2.89e+02   5.45e-02     1.17e-03   21.841s
  82000 +1.23478074e+04 +1.20587334e+04  2.89e+02   5.45e-02     1.22e-03   22.017s
  83000 +1.23480946e+04 +1.20587796e+04  2.89e+02   5.45e-02     1.22e-03   22.194s
  84000 +1.23479718e+04 +1.20588247e+04  2.89e+02   5.45e-02     1.18e-03   22.370s
  85000 +1.23481778e+04 +1.20588730e+04  2.89e+02   5.44e-02     1.12e-03   22.546s
  86000 +1.23481632e+04 +1.20589215e+04  2.89e+02   5.44e-02     1.06e-03   22.723s
  87000 +1.23481988e+04 +1.20589684e+04  2.89e+02   5.45e-02     1.02e-03   22.900s
  88000 +1.23480633e+04 +1.20590149e+04  2.89e+02   5.44e-02     1.01e-03   23.076s
  89000 +1.23481491e+04 +1.20590618e+04  2.89e+02   5.44e-02     1.01e-03   23.252s
  90000 +1.23481644e+04 +1.20591040e+04  2.89e+02   5.44e-02     1.01e-03   23.429s
  91000 +1.23481353e+04 +1.20591477e+04  2.89e+02   5.44e-02     1.01e-03   23.605s
  92000 +1.23482302e+04 +1.20591910e+04  2.89e+02   5.44e-02     1.03e-03   23.781s
  93000 +1.23482550e+04 +1.20592323e+04  2.89e+02   5.44e-02     1.06e-03   23.958s
  94000 +1.23481585e+04 +1.20592759e+04  2.89e+02   5.44e-02     1.08e-03   24.134s
  95000 +1.23482035e+04 +1.20593190e+04  2.89e+02   5.44e-02     1.09e-03   24.310s
  96000 +1.23482274e+04 +1.20593657e+04  2.89e+02   5.43e-02     1.07e-03   24.487s
  97000 +1.23481498e+04 +1.20594139e+04  2.89e+02   5.43e-02     1.04e-03   24.663s
  98000 +1.23482133e+04 +1.20606086e+04  2.88e+02   5.42e-02     5.17e-02   24.841s
  99000 +1.23483177e+04 +1.20629736e+04  2.85e+02   5.41e-02     5.54e-02   25.018s
 100000 +1.23477902e+04 +1.20653103e+04  2.82e+02   5.38e-02     8.10e-02   25.194s
 101000 +1.23472073e+04 +1.20677143e+04  2.79e+02   5.35e-02     1.15e-01   25.370s
 102000 +1.23461902e+04 +1.20708239e+04  2.75e+02   5.32e-02     1.54e-01   25.546s
 103000 +1.23447841e+04 +1.20738473e+04  2.71e+02   5.29e-02     1.95e-01   25.722s
 104000 +1.23428017e+04 +1.20768725e+04  2.66e+02   5.23e-02     2.36e-01   25.899s
 105000 +1.23404853e+04 +1.20797318e+04  2.61e+02   5.11e-02     2.77e-01   26.076s
 106000 +1.23391512e+04 +1.20823907e+04  2.57e+02   5.14e-02     2.77e-01   26.251s
 107000 +1.23430570e+04 +1.20850498e+04  2.58e+02   4.91e-02     2.71e-01   26.427s
 108000 +1.23385028e+04 +1.20862729e+04  2.52e+02   4.77e-02     2.71e-01   26.603s
 109000 +1.23334807e+04 +1.20883661e+04  2.45e+02   4.60e-02     2.54e-01   26.779s
 110000 +1.23296146e+04 +1.20892812e+04  2.40e+02   4.43e-02     2.54e-01   26.956s
 111000 +1.23219362e+04 +1.20910824e+04  2.31e+02   4.25e-02     2.86e-01   27.132s
 112000 +1.23188092e+04 +1.20911954e+04  2.28e+02   4.01e-02     2.88e-01   27.308s
 113000 +1.23176828e+04 +1.20930269e+04  2.25e+02   3.84e-02     2.73e-01   27.484s
 114000 +1.23211974e+04 +1.21060877e+04  2.15e+02   3.65e-02     4.99e-01   27.662s
 115000 +1.23244830e+04 +1.21194761e+04  2.05e+02   3.56e-02     7.39e-01   27.838s
 116000 +1.23245797e+04 +1.21392464e+04  1.85e+02   3.53e-02     1.04e+00   28.015s
 117000 +1.23264575e+04 +1.21561919e+04  1.70e+02   3.24e-02     1.26e+00   28.191s
 118000 +1.23235519e+04 +1.21698965e+04  1.54e+02   3.11e-02     1.62e+00   28.368s
 119000 +1.23143650e+04 +1.21829490e+04  1.31e+02   2.87e-02     1.89e+00   28.544s
 120000 +1.23034213e+04 +1.21949648e+04  1.08e+02   2.65e-02     2.13e+00   28.720s
 121000 +1.22914025e+04 +1.22034514e+04  8.80e+01   2.44e-02     2.29e+00   28.897s
 122000 +1.22802488e+04 +1.22078680e+04  7.24e+01   2.23e-02     2.37e+00   29.073s
 123000 +1.22689085e+04 +1.22091905e+04  5.97e+01   2.07e-02     2.33e+00   29.250s
 124000 +1.22576459e+04 +1.22073342e+04  5.03e+01   1.99e-02     2.21e+00   29.426s
 125000 +1.22499246e+04 +1.22052151e+04  4.47e+01   1.92e-02     2.12e+00   29.602s
 126000 +1.22418840e+04 +1.22008468e+04  4.10e+01   1.87e-02     2.03e+00   29.778s
 127000 +1.22404647e+04 +1.22011215e+04  3.93e+01   1.65e-02     2.02e+00   29.957s
 128000 +1.22371356e+04 +1.22095858e+04  2.75e+01   1.53e-02     2.22e+00   30.133s
 129000 +1.22361364e+04 +1.22144861e+04  2.17e+01   1.46e-02     2.08e+00   30.309s
 130000 +1.22340544e+04 +1.22102808e+04  2.38e+01   1.37e-02     2.13e+00   30.485s
 131000 +1.22268937e+04 +1.22158270e+04  1.11e+01   1.30e-02     2.20e+00   30.662s
 132000 +1.22187893e+04 +1.22152746e+04  3.51e+00   1.21e-02     2.13e+00   30.838s
 133000 +1.22092693e+04 +1.22105953e+04  1.33e+00   1.13e-02     2.04e+00   31.014s
 134000 +1.22042935e+04 +1.22134472e+04  9.15e+00   1.06e-02     2.11e+00   31.192s
 135000 +1.22024236e+04 +1.22229626e+04  2.05e+01   1.00e-02     2.33e+00   31.368s
 136000 +1.21993269e+04 +1.22311675e+04  3.18e+01   9.45e-03     2.50e+00   31.545s
 137000 +1.21961898e+04 +1.22348967e+04  3.87e+01   8.95e-03     2.58e+00   31.721s
 138000 +1.21918908e+04 +1.22366005e+04  4.47e+01   8.60e-03     2.60e+00   31.896s
 139000 +1.21888109e+04 +1.22360024e+04  4.72e+01   8.21e-03     2.53e+00   32.072s
 140000 +1.21863800e+04 +1.22339317e+04  4.76e+01   7.87e-03     2.48e+00   32.247s
 141000 +1.21780721e+04 +1.22294775e+04  5.14e+01   6.52e-03     2.40e+00   32.423s
 142000 +1.21683147e+04 +1.22366124e+04  6.83e+01   5.44e-03     2.51e+00   32.598s
 143000 +1.21611258e+04 +1.22408776e+04  7.98e+01   5.10e-03     2.57e+00   32.774s
 144000 +1.21544354e+04 +1.22446775e+04  9.02e+01   4.02e-03     2.69e+00   32.950s
 145000 +1.21502197e+04 +1.22419381e+04  9.17e+01   3.21e-03     2.72e+00   33.125s
 146000 +1.21465971e+04 +1.22344874e+04  8.79e+01   2.85e-03     2.50e+00   33.301s
 147000 +1.21411875e+04 +1.22353026e+04  9.41e+01   2.44e-03     2.45e+00   33.476s
 148000 +1.21347473e+04 +1.22246706e+04  8.99e+01   1.84e-03     2.21e+00   33.652s
 149000 +1.21295733e+04 +1.22257198e+04  9.61e+01   1.51e-03     2.24e+00   33.828s
 150000 +1.21267504e+04 +1.22270109e+04  1.00e+02   1.45e-03     2.23e+00   34.003s
 151000 +1.21250790e+04 +1.22232903e+04  9.82e+01   1.59e-03     2.08e+00   34.179s
 152000 +1.21215309e+04 +1.22164196e+04  9.49e+01   1.93e-03     1.98e+00   34.357s
 153000 +1.21157352e+04 +1.22144135e+04  9.87e+01   2.69e-03     1.85e+00   34.535s
 154000 +1.21103293e+04 +1.22116842e+04  1.01e+02   3.40e-03     1.79e+00   34.712s
 155000 +1.21060951e+04 +1.21979228e+04  9.18e+01   4.39e-03     1.60e+00   34.888s
 156000 +1.21032856e+04 +1.21992461e+04  9.60e+01   4.93e-03     1.62e+00   35.064s
 157000 +1.21014059e+04 +1.21938683e+04  9.25e+01   5.86e-03     1.42e+00   35.239s
 158000 +1.20995249e+04 +1.21861621e+04  8.66e+01   6.08e-03     1.25e+00   35.417s
 159000 +1.20955967e+04 +1.21830242e+04  8.74e+01   6.62e-03     1.20e+00   35.595s
 160000 +1.20924746e+04 +1.21815683e+04  8.91e+01   7.16e-03     1.16e+00   35.771s
 161000 +1.20905290e+04 +1.21795484e+04  8.90e+01   7.56e-03     1.12e+00   35.948s
 162000 +1.20894463e+04 +1.21771515e+04  8.77e+01   7.77e-03     1.07e+00   36.124s
 163000 +1.20886147e+04 +1.21754708e+04  8.69e+01   8.05e-03     1.02e+00   36.300s
 164000 +1.20882090e+04 +1.21733134e+04  8.51e+01   8.09e-03     9.83e-01   36.476s
 165000 +1.20880220e+04 +1.21718121e+04  8.38e+01   8.16e-03     9.46e-01   36.653s
 166000 +1.20880869e+04 +1.21699380e+04  8.19e+01   8.07e-03     9.10e-01   36.829s
 167000 +1.20884227e+04 +1.21672425e+04  7.88e+01   8.15e-03     8.72e-01   37.005s
 168000 +1.20889178e+04 +1.21634917e+04  7.46e+01   8.28e-03     7.86e-01   37.181s
 169000 +1.20893092e+04 +1.21591645e+04  6.99e+01   7.84e-03     7.52e-01   37.357s
 170000 +1.20897877e+04 +1.21562212e+04  6.64e+01   7.81e-03     7.24e-01   37.534s
 171000 +1.20907131e+04 +1.21518628e+04  6.11e+01   7.60e-03     6.98e-01   37.711s
 172000 +1.20916079e+04 +1.21471461e+04  5.55e+01   7.47e-03     6.62e-01   37.888s
 173000 +1.20924313e+04 +1.21472045e+04  5.48e+01   7.40e-03     6.27e-01   38.064s
 174000 +1.20929537e+04 +1.21450214e+04  5.21e+01   7.24e-03     6.21e-01   38.240s
 175000 +1.20935538e+04 +1.21428197e+04  4.93e+01   6.95e-03     6.15e-01   38.416s
 176000 +1.20945717e+04 +1.21416917e+04  4.71e+01   6.72e-03     6.20e-01   38.593s
 177000 +1.20960733e+04 +1.21407250e+04  4.47e+01   6.33e-03     6.24e-01   38.769s
 178000 +1.20976993e+04 +1.21392480e+04  4.15e+01   5.97e-03     6.33e-01   38.945s
 179000 +1.20995297e+04 +1.21381060e+04  3.86e+01   5.47e-03     6.42e-01   39.122s
 180000 +1.21017678e+04 +1.21373405e+04  3.56e+01   4.92e-03     6.52e-01   39.298s
 181000 +1.21040322e+04 +1.21366563e+04  3.26e+01   4.32e-03     6.59e-01   39.474s
 182000 +1.21064473e+04 +1.21360082e+04  2.96e+01   3.82e-03     6.66e-01   39.651s
 183000 +1.21088790e+04 +1.21361499e+04  2.73e+01   3.30e-03     6.50e-01   39.827s
 184000 +1.21110681e+04 +1.21349172e+04  2.38e+01   2.84e-03     6.29e-01   40.005s
 185000 +1.21129672e+04 +1.21342441e+04  2.13e+01   2.45e-03     6.20e-01   40.181s
 186000 +1.21144042e+04 +1.21338195e+04  1.94e+01   1.95e-03     6.22e-01   40.357s
 187000 +1.21159116e+04 +1.21325449e+04  1.66e+01   1.77e-03     5.90e-01   40.534s
 188000 +1.21188242e+04 +1.21319764e+04  1.32e+01   1.07e-03     5.56e-01   40.712s
 189000 +1.21238853e+04 +1.21318094e+04  7.92e+00   1.76e-03     5.52e-01   40.888s
 190000 +1.21292157e+04 +1.21343404e+04  5.12e+00   3.34e-03     5.22e-01   41.065s
 191000 +1.21326899e+04 +1.21339933e+04  1.30e+00   4.12e-03     4.99e-01   41.241s
 192000 +1.21427621e+04 +1.21288423e+04  1.39e+01   1.35e-02     2.20e-01   41.419s
 193000 +1.21491000e+04 +1.21291050e+04  2.00e+01   1.74e-02     1.90e-01   41.595s
 194000 +1.21470975e+04 +1.21286200e+04  1.85e+01   1.18e-02     1.82e-01   41.771s
 195000 +1.21401662e+04 +1.21267477e+04  1.34e+01   8.48e-03     1.29e-01   41.948s
 196000 +1.21411550e+04 +1.21238073e+04  1.73e+01   9.84e-03     5.91e-02   42.126s
 197000 +1.21415114e+04 +1.21238092e+04  1.77e+01   8.87e-03     5.86e-02   42.302s
 198000 +1.21386947e+04 +1.21215180e+04  1.72e+01   1.82e-02     1.21e-02   42.478s
 199000 +1.21304571e+04 +1.21212484e+04  9.21e+00   3.82e-02     6.82e-03   42.656s
 200000 +1.21229847e+04 +1.21212223e+04  1.76e+00   3.18e-02     4.65e-03   42.832s
 201000 +1.21203206e+04 +1.21211070e+04  7.86e-01   3.08e-02     6.05e-04   43.010s
 202000 +1.21209970e+04 +1.21211134e+04  1.16e-01   2.18e-02     7.58e-04   43.186s
 203000 +1.21305999e+04 +1.21211185e+04  9.48e+00   9.93e-03     1.77e-04   43.362s
 204000 +1.21377438e+04 +1.21211189e+04  1.66e+01   8.05e-03     1.51e-04   43.540s
 205000 +1.21372660e+04 +1.21211225e+04  1.61e+01   8.00e-03     2.68e-04   43.716s
 206000 +1.21361520e+04 +1.21211263e+04  1.50e+01   7.98e-03     1.25e-04   43.893s
 207000 +1.21356619e+04 +1.21211270e+04  1.45e+01   7.58e-03     3.35e-04   44.069s
 208000 +1.21351175e+04 +1.21211266e+04  1.40e+01   7.12e-03     6.53e-04   44.245s
 209000 +1.21351098e+04 +1.21211283e+04  1.40e+01   7.13e-03     6.22e-04   44.421s
 210000 +1.21354249e+04 +1.21211287e+04  1.43e+01   7.19e-03     3.46e-04   44.598s
 211000 +1.21351175e+04 +1.21211242e+04  1.40e+01   5.84e-03     4.81e-04   44.775s
 212000 +1.21352157e+04 +1.21211182e+04  1.41e+01   3.33e-03     5.19e-04   44.952s
 213000 +1.21360516e+04 +1.21211236e+04  1.49e+01   3.23e-03     4.39e-04   45.128s
 214000 +1.21360381e+04 +1.21211258e+04  1.49e+01   3.16e-03     5.19e-04   45.306s
 215000 +1.21360199e+04 +1.21211273e+04  1.49e+01   3.10e-03     5.31e-04   45.482s
 216000 +1.21357798e+04 +1.21211261e+04  1.47e+01   3.09e-03     5.44e-04   45.658s
 217000 +1.21358591e+04 +1.21211270e+04  1.47e+01   3.07e-03     5.59e-04   45.834s
 218000 +1.21357119e+04 +1.21211280e+04  1.46e+01   3.05e-03     5.69e-04   46.011s
 219000 +1.21356942e+04 +1.21211290e+04  1.46e+01   3.03e-03     5.88e-04   46.187s
 220000 +1.21356546e+04 +1.21211274e+04  1.45e+01   3.02e-03     6.04e-04   46.363s
 221000 +1.21356457e+04 +1.21211294e+04  1.45e+01   2.98e-03     6.28e-04   46.540s
 222000 +1.21353499e+04 +1.21211271e+04  1.42e+01   2.98e-03     6.43e-04   46.716s
 223000 +1.21354215e+04 +1.21211292e+04  1.43e+01   2.99e-03     4.89e-04   46.892s
 224000 +1.21354660e+04 +1.21211276e+04  1.43e+01   2.97e-03     5.88e-04   47.068s
 225000 +1.21354819e+04 +1.21211287e+04  1.44e+01   2.94e-03     5.40e-04   47.245s
 226000 +1.21353322e+04 +1.21211282e+04  1.42e+01   2.93e-03     4.77e-04   47.421s
 227000 +1.21352814e+04 +1.21211312e+04  1.42e+01   2.92e-03     4.82e-04   47.598s
 228000 +1.21353475e+04 +1.21211323e+04  1.42e+01   2.92e-03     5.14e-04   47.774s
 229000 +1.21353855e+04 +1.21211338e+04  1.43e+01   2.92e-03     5.10e-04   47.950s
 230000 +1.21353265e+04 +1.21211312e+04  1.42e+01   2.91e-03     4.78e-04   48.126s
 231000 +1.21352820e+04 +1.21211314e+04  1.42e+01   2.90e-03     4.76e-04   48.302s
 232000 +1.21353270e+04 +1.21211336e+04  1.42e+01   2.89e-03     4.91e-04   48.479s
 233000 +1.21353212e+04 +1.21211328e+04  1.42e+01   2.88e-03     4.96e-04   48.655s
 234000 +1.21353490e+04 +1.21211336e+04  1.42e+01   2.87e-03     4.74e-04   48.831s
 235000 +1.21353041e+04 +1.21211354e+04  1.42e+01   2.87e-03     4.71e-04   49.007s
 236000 +1.21352837e+04 +1.21211358e+04  1.41e+01   2.86e-03     4.77e-04   49.183s
 237000 +1.21353056e+04 +1.21211366e+04  1.42e+01   2.86e-03     4.80e-04   49.360s
 238000 +1.21353043e+04 +1.21211344e+04  1.42e+01   2.86e-03     4.70e-04   49.536s
 239000 +1.21353069e+04 +1.21211357e+04  1.42e+01   2.85e-03     4.74e-04   49.712s
 240000 +1.21352919e+04 +1.21211351e+04  1.42e+01   2.85e-03     4.77e-04   49.888s
 241000 +1.21352891e+04 +1.21211354e+04  1.42e+01   2.85e-03     4.76e-04   50.066s
 242000 +1.21352886e+04 +1.21211353e+04  1.42e+01   2.84e-03     4.67e-04   50.241s
 243000 +1.21352682e+04 +1.21211369e+04  1.41e+01   2.85e-03     4.65e-04   50.416s
 244000 +1.21352985e+04 +1.21211386e+04  1.42e+01   2.84e-03     4.69e-04   50.592s
 245000 +1.21352638e+04 +1.21211389e+04  1.41e+01   2.83e-03     4.70e-04   50.767s
 246000 +1.21352478e+04 +1.21211398e+04  1.41e+01   2.83e-03     4.68e-04   50.943s
 247000 +1.21352701e+04 +1.21211385e+04  1.41e+01   2.83e-03     4.68e-04   51.119s
 248000 +1.21352566e+04 +1.21211396e+04  1.41e+01   2.83e-03     4.69e-04   51.294s
 249000 +1.21352489e+04 +1.21211401e+04  1.41e+01   2.82e-03     4.65e-04   51.471s
 250000 +1.21352370e+04 +1.21211405e+04  1.41e+01   2.81e-03     4.64e-04   51.648s
 251000 +1.21352509e+04 +1.21211397e+04  1.41e+01   2.81e-03     4.66e-04   51.825s
 252000 +1.21352535e+04 +1.21211411e+04  1.41e+01   2.81e-03     4.67e-04   52.001s
 253000 +1.21352290e+04 +1.21211416e+04  1.41e+01   2.81e-03     4.66e-04   52.177s
 254000 +1.21352492e+04 +1.21211409e+04  1.41e+01   2.81e-03     4.64e-04   52.353s
 255000 +1.21352355e+04 +1.21211407e+04  1.41e+01   2.81e-03     4.64e-04   52.530s
 256000 +1.21352162e+04 +1.21211420e+04  1.41e+01   2.80e-03     4.63e-04   52.706s
 257000 +1.21352302e+04 +1.21211426e+04  1.41e+01   2.80e-03     4.61e-04   52.882s
 258000 +1.21352057e+04 +1.21211422e+04  1.41e+01   2.79e-03     4.61e-04   53.058s
 259000 +1.21352084e+04 +1.21211437e+04  1.41e+01   2.80e-03     4.63e-04   53.235s
 260000 +1.21352167e+04 +1.21211438e+04  1.41e+01   2.79e-03     4.62e-04   53.411s
 261000 +1.21352131e+04 +1.21211439e+04  1.41e+01   2.79e-03     4.62e-04   53.587s
 262000 +1.21352004e+04 +1.21211445e+04  1.41e+01   2.79e-03     4.62e-04   53.763s
 263000 +1.21351867e+04 +1.21211450e+04  1.40e+01   2.79e-03     4.61e-04   53.940s
 264000 +1.21351929e+04 +1.21211456e+04  1.40e+01   2.79e-03     4.61e-04   54.116s
 265000 +1.21352085e+04 +1.21211469e+04  1.41e+01   2.79e-03     4.61e-04   54.292s
 266000 +1.21351915e+04 +1.21211476e+04  1.40e+01   2.78e-03     4.59e-04   54.468s
 267000 +1.21351825e+04 +1.21211464e+04  1.40e+01   2.78e-03     4.61e-04   54.644s
 268000 +1.21351442e+04 +1.21211473e+04  1.40e+01   2.78e-03     4.59e-04   54.821s
 269000 +1.21351682e+04 +1.21211477e+04  1.40e+01   2.77e-03     4.60e-04   54.998s
 270000 +1.21351769e+04 +1.21211481e+04  1.40e+01   2.78e-03     4.60e-04   55.174s
 271000 +1.21351613e+04 +1.21211494e+04  1.40e+01   2.77e-03     4.60e-04   55.350s
 272000 +1.21351641e+04 +1.21211486e+04  1.40e+01   2.77e-03     4.59e-04   55.526s
 273000 +1.21351546e+04 +1.21211489e+04  1.40e+01   2.77e-03     4.59e-04   55.703s
 274000 +1.21351389e+04 +1.21211500e+04  1.40e+01   2.76e-03     4.60e-04   55.879s
 275000 +1.21351588e+04 +1.21211493e+04  1.40e+01   2.76e-03     4.61e-04   56.055s
 276000 +1.21351638e+04 +1.21211501e+04  1.40e+01   2.76e-03     4.60e-04   56.231s
 277000 +1.21351359e+04 +1.21211507e+04  1.40e+01   2.76e-03     4.57e-04   56.407s
 278000 +1.21351503e+04 +1.21211510e+04  1.40e+01   2.76e-03     4.57e-04   56.584s
 279000 +1.21351474e+04 +1.21211505e+04  1.40e+01   2.76e-03     4.57e-04   56.762s
 280000 +1.21351424e+04 +1.21211521e+04  1.40e+01   2.76e-03     4.58e-04   56.939s
 281000 +1.21351443e+04 +1.21211517e+04  1.40e+01   2.76e-03     4.60e-04   57.115s
 282000 +1.21351443e+04 +1.21211528e+04  1.40e+01   2.76e-03     4.59e-04   57.292s
 283000 +1.21351431e+04 +1.21211529e+04  1.40e+01   2.76e-03     4.58e-04   57.470s
 284000 +1.21351251e+04 +1.21211533e+04  1.40e+01   2.75e-03     4.57e-04   57.648s
 285000 +1.21351137e+04 +1.21211540e+04  1.40e+01   2.75e-03     4.58e-04   57.825s
 286000 +1.21351221e+04 +1.21211539e+04  1.40e+01   2.75e-03     4.58e-04   58.002s
 287000 +1.21350940e+04 +1.21211530e+04  1.39e+01   2.75e-03     4.56e-04   58.179s
 288000 +1.21351299e+04 +1.21211540e+04  1.40e+01   2.75e-03     4.56e-04   58.356s
 289000 +1.21351326e+04 +1.21211543e+04  1.40e+01   2.75e-03     4.53e-04   58.533s
 290000 +1.21350915e+04 +1.21211558e+04  1.39e+01   2.75e-03     4.54e-04   58.710s
 291000 +1.21351238e+04 +1.21211561e+04  1.40e+01   2.74e-03     4.57e-04   58.887s
 292000 +1.21351047e+04 +1.21211570e+04  1.39e+01   2.75e-03     4.58e-04   59.064s
 293000 +1.21351074e+04 +1.21211565e+04  1.40e+01   2.74e-03     4.60e-04   59.241s
 294000 +1.21351127e+04 +1.21211563e+04  1.40e+01   2.74e-03     4.59e-04   59.418s
 295000 +1.21351134e+04 +1.21211567e+04  1.40e+01   2.74e-03     4.57e-04   59.596s
 296000 +1.21351001e+04 +1.21211560e+04  1.39e+01   2.74e-03     4.56e-04   59.773s
 297000 +1.21351006e+04 +1.21211576e+04  1.39e+01   2.74e-03     4.53e-04   59.950s
 298000 +1.21351043e+04 +1.21211573e+04  1.39e+01   2.74e-03     4.54e-04   60.127s
 299000 +1.21351062e+04 +1.21211581e+04  1.39e+01   2.74e-03     4.55e-04   60.305s
 300000 +1.21350967e+04 +1.21211589e+04  1.39e+01   2.74e-03     4.57e-04   60.482s
 301000 +1.21351028e+04 +1.21211591e+04  1.39e+01   2.74e-03     4.58e-04   60.659s
 302000 +1.21350960e+04 +1.21211600e+04  1.39e+01   2.74e-03     4.58e-04   60.836s
 303000 +1.21350922e+04 +1.21211598e+04  1.39e+01   2.74e-03     4.56e-04   61.012s
 304000 +1.21351010e+04 +1.21211597e+04  1.39e+01   2.73e-03     4.55e-04   61.188s
 305000 +1.21350882e+04 +1.21211603e+04  1.39e+01   2.73e-03     4.53e-04   61.365s
 306000 +1.21350893e+04 +1.21211605e+04  1.39e+01   2.73e-03     4.53e-04   61.541s
 307000 +1.21350951e+04 +1.21211618e+04  1.39e+01   2.73e-03     4.55e-04   61.717s
 308000 +1.21350858e+04 +1.21211631e+04  1.39e+01   2.73e-03     4.57e-04   61.893s
 309000 +1.21350932e+04 +1.21211633e+04  1.39e+01   2.73e-03     4.58e-04   62.069s
 310000 +1.21350880e+04 +1.21211633e+04  1.39e+01   2.73e-03     4.55e-04   62.245s
 311000 +1.21350795e+04 +1.21211629e+04  1.39e+01   2.73e-03     4.54e-04   62.422s
 312000 +1.21350928e+04 +1.21211631e+04  1.39e+01   2.73e-03     4.53e-04   62.598s
 313000 +1.21350822e+04 +1.21211632e+04  1.39e+01   2.73e-03     4.52e-04   62.774s
 314000 +1.21350837e+04 +1.21211645e+04  1.39e+01   2.73e-03     4.53e-04   62.950s
 315000 +1.21350892e+04 +1.21211647e+04  1.39e+01   2.72e-03     4.54e-04   63.127s
 316000 +1.21350738e+04 +1.21211652e+04  1.39e+01   2.73e-03     4.55e-04   63.303s
 317000 +1.21350834e+04 +1.21211660e+04  1.39e+01   2.72e-03     4.55e-04   63.479s
 318000 +1.21350826e+04 +1.21211655e+04  1.39e+01   2.72e-03     4.54e-04   63.655s
 319000 +1.21350775e+04 +1.21211664e+04  1.39e+01   2.73e-03     4.53e-04   63.831s
 320000 +1.21350844e+04 +1.21211665e+04  1.39e+01   2.72e-03     4.54e-04   64.008s
 321000 +1.21350777e+04 +1.21211661e+04  1.39e+01   2.72e-03     4.54e-04   64.184s
 322000 +1.21350772e+04 +1.21211670e+04  1.39e+01   2.72e-03     4.54e-04   64.360s
 323000 +1.21350772e+04 +1.21211669e+04  1.39e+01   2.72e-03     4.54e-04   64.536s
 324000 +1.21350671e+04 +1.21211673e+04  1.39e+01   2.72e-03     4.53e-04   64.712s
 325000 +1.21350813e+04 +1.21211681e+04  1.39e+01   2.72e-03     4.54e-04   64.888s
 326000 +1.21350762e+04 +1.21211684e+04  1.39e+01   2.72e-03     4.53e-04   65.065s
 327000 +1.21350626e+04 +1.21211690e+04  1.39e+01   2.72e-03     4.53e-04   65.241s
 328000 +1.21350770e+04 +1.21211694e+04  1.39e+01   2.72e-03     4.53e-04   65.417s
 329000 +1.21350746e+04 +1.21211702e+04  1.39e+01   2.72e-03     4.53e-04   65.593s
 330000 +1.21350628e+04 +1.21211703e+04  1.39e+01   2.72e-03     4.53e-04   65.769s
 331000 +1.21350740e+04 +1.21211704e+04  1.39e+01   2.72e-03     4.53e-04   65.946s
 332000 +1.21350719e+04 +1.21211706e+04  1.39e+01   2.72e-03     4.53e-04   66.122s
 333000 +1.21350659e+04 +1.21211708e+04  1.39e+01   2.72e-03     4.53e-04   66.298s
 334000 +1.21350495e+04 +1.21211778e+04  1.39e+01   2.70e-03     2.23e-03   66.476s
 335000 +1.21350031e+04 +1.21211792e+04  1.38e+01   2.70e-03     2.21e-03   66.652s
 336000 +1.21349850e+04 +1.21211830e+04  1.38e+01   2.70e-03     2.21e-03   66.828s
 337000 +1.21349872e+04 +1.21211870e+04  1.38e+01   2.70e-03     2.21e-03   67.005s
 338000 +1.21349919e+04 +1.21211896e+04  1.38e+01   2.69e-03     2.20e-03   67.181s
 339000 +1.21349875e+04 +1.21211921e+04  1.38e+01   2.67e-03     2.18e-03   67.357s
 340000 +1.21349552e+04 +1.21211974e+04  1.38e+01   2.67e-03     2.15e-03   67.534s
 341000 +1.21349484e+04 +1.21211984e+04  1.37e+01   2.66e-03     2.16e-03   67.710s
 342000 +1.21349294e+04 +1.21212042e+04  1.37e+01   2.65e-03     2.12e-03   67.886s
 343000 +1.21349274e+04 +1.21212143e+04  1.37e+01   2.65e-03     2.11e-03   68.062s
 344000 +1.21349180e+04 +1.21212206e+04  1.37e+01   2.64e-03     2.10e-03   68.238s
 345000 +1.21349263e+04 +1.21212190e+04  1.37e+01   2.64e-03     2.09e-03   68.414s
 346000 +1.21348498e+04 +1.21212153e+04  1.36e+01   2.63e-03     2.08e-03   68.591s
 347000 +1.21348137e+04 +1.21212202e+04  1.36e+01   2.62e-03     2.04e-03   68.767s
 348000 +1.21348595e+04 +1.21212236e+04  1.36e+01   2.61e-03     2.02e-03   68.943s
 349000 +1.21348424e+04 +1.21212315e+04  1.36e+01   2.61e-03     2.01e-03   69.119s
 350000 +1.21348352e+04 +1.21212396e+04  1.36e+01   2.61e-03     2.01e-03   69.296s
 351000 +1.21348379e+04 +1.21212346e+04  1.36e+01   2.60e-03     2.01e-03   69.472s
 352000 +1.21348055e+04 +1.21212405e+04  1.36e+01   2.59e-03     1.97e-03   69.648s
 353000 +1.21347808e+04 +1.21212378e+04  1.35e+01   2.59e-03     1.96e-03   69.825s
 354000 +1.21348046e+04 +1.21212404e+04  1.36e+01   2.59e-03     1.96e-03   70.002s
 355000 +1.21348136e+04 +1.21212443e+04  1.36e+01   2.59e-03     1.95e-03   70.179s
 356000 +1.21347832e+04 +1.21212520e+04  1.35e+01   2.59e-03     1.95e-03   70.356s
 357000 +1.21347903e+04 +1.21212515e+04  1.35e+01   2.59e-03     1.94e-03   70.533s
 358000 +1.21347813e+04 +1.21212545e+04  1.35e+01   2.58e-03     1.93e-03   70.710s
 359000 +1.21347911e+04 +1.21212594e+04  1.35e+01   2.58e-03     1.93e-03   70.887s
 360000 +1.21347806e+04 +1.21212599e+04  1.35e+01   2.58e-03     1.91e-03   71.064s
 361000 +1.21347691e+04 +1.21212630e+04  1.35e+01   2.58e-03     1.91e-03   71.241s
 362000 +1.21347596e+04 +1.21212707e+04  1.35e+01   2.57e-03     1.91e-03   71.417s
 363000 +1.21347497e+04 +1.21212711e+04  1.35e+01   2.57e-03     1.90e-03   71.594s
 364000 +1.21347615e+04 +1.21212702e+04  1.35e+01   2.57e-03     1.90e-03   71.771s
 365000 +1.21347662e+04 +1.21212756e+04  1.35e+01   2.57e-03     1.90e-03   71.947s
 366000 +1.21347515e+04 +1.21212855e+04  1.35e+01   2.57e-03     1.90e-03   72.124s
 367000 +1.21347463e+04 +1.21212823e+04  1.35e+01   2.57e-03     1.89e-03   72.300s
 368000 +1.21347468e+04 +1.21212883e+04  1.35e+01   2.57e-03     1.89e-03   72.477s
 369000 +1.21347541e+04 +1.21212906e+04  1.35e+01   2.56e-03     1.88e-03   72.653s
 370000 +1.21347406e+04 +1.21212998e+04  1.34e+01   2.56e-03     1.87e-03   72.829s
 371000 +1.21347326e+04 +1.21213020e+04  1.34e+01   2.56e-03     1.86e-03   73.004s
 372000 +1.21347207e+04 +1.21213057e+04  1.34e+01   2.55e-03     1.85e-03   73.179s
 373000 +1.21347143e+04 +1.21213054e+04  1.34e+01   2.56e-03     1.85e-03   73.354s
 374000 +1.21347255e+04 +1.21213124e+04  1.34e+01   2.55e-03     1.84e-03   73.530s
 375000 +1.21347281e+04 +1.21213140e+04  1.34e+01   2.55e-03     1.84e-03   73.705s
 376000 +1.21347062e+04 +1.21213146e+04  1.34e+01   2.55e-03     1.84e-03   73.881s
 377000 +1.21347094e+04 +1.21213237e+04  1.34e+01   2.55e-03     1.83e-03   74.056s
 378000 +1.21347044e+04 +1.21213239e+04  1.34e+01   2.54e-03     2.06e-03   74.231s
 379000 +1.21346538e+04 +1.21213259e+04  1.33e+01   2.54e-03     2.64e-03   74.406s
 380000 +1.21345940e+04 +1.21213295e+04  1.33e+01   2.52e-03     3.45e-03   74.581s
 381000 +1.21344659e+04 +1.21213305e+04  1.31e+01   2.50e-03     4.29e-03   74.756s
 382000 +1.21343231e+04 +1.21213351e+04  1.30e+01   2.47e-03     5.16e-03   74.932s
 383000 +1.21341799e+04 +1.21213419e+04  1.28e+01   2.44e-03     6.03e-03   75.107s
 384000 +1.21340014e+04 +1.21213443e+04  1.27e+01   2.40e-03     6.92e-03   75.282s
 385000 +1.21337857e+04 +1.21213503e+04  1.24e+01   2.37e-03     7.75e-03   75.457s
 386000 +1.21335404e+04 +1.21213505e+04  1.22e+01   2.32e-03     8.58e-03   75.632s
 387000 +1.21332786e+04 +1.21213533e+04  1.19e+01   2.27e-03     9.38e-03   75.807s
 388000 +1.21330083e+04 +1.21213594e+04  1.16e+01   2.22e-03     1.01e-02   75.982s
 389000 +1.21327185e+04 +1.21213619e+04  1.14e+01   2.16e-03     1.09e-02   76.157s
 390000 +1.21324123e+04 +1.21213618e+04  1.11e+01   2.10e-03     1.16e-02   76.332s
 391000 +1.21320835e+04 +1.21213668e+04  1.07e+01   2.04e-03     1.22e-02   76.509s
 392000 +1.21317184e+04 +1.21213656e+04  1.04e+01   1.97e-03     1.28e-02   76.686s
 393000 +1.21313619e+04 +1.21213719e+04  9.99e+00   1.91e-03     1.34e-02   76.863s
 394000 +1.21310043e+04 +1.21213738e+04  9.63e+00   1.84e-03     1.39e-02   77.039s
 395000 +1.21306340e+04 +1.21213707e+04  9.26e+00   1.77e-03     1.40e-02   77.216s
 396000 +1.21302565e+04 +1.21213785e+04  8.88e+00   1.70e-03     1.40e-02   77.392s
 397000 +1.21298637e+04 +1.21213738e+04  8.49e+00   1.63e-03     1.46e-02   77.569s
 398000 +1.21294799e+04 +1.21213783e+04  8.10e+00   1.55e-03     1.53e-02   77.746s
 399000 +1.21290791e+04 +1.21213757e+04  7.70e+00   1.47e-03     1.53e-02   77.922s
 400000 +1.21286886e+04 +1.21213811e+04  7.31e+00   1.40e-03     1.53e-02   78.099s
 401000 +1.21283013e+04 +1.21213773e+04  6.92e+00   1.33e-03     1.54e-02   78.276s
 402000 +1.21278927e+04 +1.21213815e+04  6.51e+00   1.25e-03     1.55e-02   78.452s
 403000 +1.21275652e+04 +1.21213294e+04  6.24e+00   1.44e-03     1.86e-03   78.629s
 404000 +1.21275834e+04 +1.21213537e+04  6.23e+00   1.19e-03     3.30e-03   78.807s
 405000 +1.21275856e+04 +1.21213569e+04  6.23e+00   1.19e-03     3.28e-03   78.984s
 406000 +1.21275679e+04 +1.21213477e+04  6.22e+00   1.19e-03     3.32e-03   79.160s
 407000 +1.21275591e+04 +1.21213503e+04  6.21e+00   1.18e-03     3.97e-03   79.336s
 408000 +1.21275353e+04 +1.21213677e+04  6.17e+00   1.18e-03     5.22e-03   79.513s
 409000 +1.21274820e+04 +1.21213807e+04  6.10e+00   1.17e-03     7.07e-03   79.689s
 410000 +1.21274124e+04 +1.21213959e+04  6.02e+00   1.15e-03     9.15e-03   79.866s
 411000 +1.21273335e+04 +1.21214089e+04  5.92e+00   1.14e-03     1.13e-02   80.044s
 412000 +1.21272276e+04 +1.21214265e+04  5.80e+00   1.12e-03     1.35e-02   80.220s
 413000 +1.21271136e+04 +1.21214459e+04  5.67e+00   1.10e-03     1.57e-02   80.397s
 414000 +1.21269893e+04 +1.21214532e+04  5.54e+00   1.07e-03     1.78e-02   80.574s
 415000 +1.21268461e+04 +1.21214694e+04  5.38e+00   1.04e-03     1.98e-02   80.751s
 416000 +1.21266918e+04 +1.21214826e+04  5.21e+00   1.01e-03     2.18e-02   80.927s
 417000 +1.21265201e+04 +1.21214935e+04  5.03e+00   9.82e-04     2.36e-02   81.104s
 418000 +1.21263456e+04 +1.21215079e+04  4.84e+00   9.48e-04     2.54e-02   81.280s
 419000 +1.21261602e+04 +1.21215186e+04  4.64e+00   9.12e-04     2.70e-02   81.457s
 420000 +1.21259594e+04 +1.21215299e+04  4.43e+00   8.75e-04     2.86e-02   81.633s
 421000 +1.21257535e+04 +1.21215366e+04  4.22e+00   8.35e-04     3.00e-02   81.810s
 422000 +1.21255396e+04 +1.21215470e+04  3.99e+00   7.95e-04     3.13e-02   81.987s
 423000 +1.21253201e+04 +1.21215549e+04  3.77e+00   7.53e-04     3.25e-02   82.163s
 424000 +1.21250946e+04 +1.21215632e+04  3.53e+00   7.10e-04     3.35e-02   82.340s
 425000 +1.21248642e+04 +1.21215686e+04  3.30e+00   6.66e-04     3.44e-02   82.518s
 426000 +1.21246317e+04 +1.21215739e+04  3.06e+00   6.22e-04     3.52e-02   82.695s
 427000 +1.21243949e+04 +1.21215776e+04  2.82e+00   5.77e-04     3.58e-02   82.871s
 428000 +1.21241554e+04 +1.21215813e+04  2.57e+00   5.32e-04     3.63e-02   83.048s
 429000 +1.21239206e+04 +1.21215834e+04  2.34e+00   4.87e-04     3.67e-02   83.224s
 430000 +1.21236846e+04 +1.21215852e+04  2.10e+00   4.42e-04     3.69e-02   83.400s
 431000 +1.21234476e+04 +1.21215852e+04  1.86e+00   3.97e-04     3.70e-02   83.577s
 432000 +1.21232152e+04 +1.21215860e+04  1.63e+00   3.53e-04     3.70e-02   83.754s
 433000 +1.21229895e+04 +1.21215860e+04  1.40e+00   3.17e-04     3.68e-02   83.930s
 434000 +1.21227748e+04 +1.21215813e+04  1.19e+00   2.74e-04     3.58e-02   84.107s
 435000 +1.21225637e+04 +1.21215792e+04  9.85e-01   2.31e-04     3.61e-02   84.283s
 436000 +1.21223578e+04 +1.21215730e+04  7.85e-01   1.91e-04     3.50e-02   84.460s
 437000 +1.21221599e+04 +1.21215734e+04  5.87e-01   1.53e-04     3.49e-02   84.636s
 438000 +1.21219651e+04 +1.21215660e+04  3.99e-01   1.18e-04     3.37e-02   84.813s
 439000 +1.21217825e+04 +1.21215623e+04  2.20e-01   8.39e-05     3.34e-02   84.990s
 440000 +1.21216081e+04 +1.21215561e+04  5.20e-02   5.44e-05     3.21e-02   85.167s
 441000 +1.21214425e+04 +1.21215468e+04  1.04e-01   3.05e-05     3.15e-02   85.344s
 442000 +1.21212874e+04 +1.21215411e+04  2.54e-01   3.57e-05     3.02e-02   85.520s
 443000 +1.21211293e+04 +1.21215329e+04  4.04e-01   7.76e-05     2.92e-02   85.697s
 444000 +1.21209753e+04 +1.21215233e+04  5.48e-01   1.13e-04     2.78e-02   85.874s
 445000 +1.21208472e+04 +1.21215160e+04  6.69e-01   1.54e-04     2.63e-02   86.051s
 446000 +1.21207350e+04 +1.21215068e+04  7.72e-01   1.85e-04     2.50e-02   86.227s
 447000 +1.21206293e+04 +1.21214959e+04  8.67e-01   2.20e-04     2.34e-02   86.404s
 448000 +1.21205527e+04 +1.21214905e+04  9.38e-01   2.37e-04     2.17e-02   86.581s
 449000 +1.21204805e+04 +1.21214763e+04  9.96e-01   2.51e-04     2.01e-02   86.758s
 450000 +1.21204291e+04 +1.21214588e+04  1.03e+00   2.62e-04     1.86e-02   86.935s
 451000 +1.21204014e+04 +1.21214479e+04  1.05e+00   2.76e-04     1.69e-02   87.111s
 452000 +1.21203658e+04 +1.21214426e+04  1.08e+00   2.85e-04     1.54e-02   87.288s
 453000 +1.21203542e+04 +1.21214183e+04  1.06e+00   2.88e-04     1.39e-02   87.465s
 454000 +1.21203603e+04 +1.21214357e+04  1.08e+00   2.78e-04     1.24e-02   87.642s
 455000 +1.21203660e+04 +1.21214112e+04  1.05e+00   2.81e-04     1.10e-02   87.819s
 456000 +1.21203866e+04 +1.21213961e+04  1.01e+00   2.67e-04     9.73e-03   87.996s
 457000 +1.21204263e+04 +1.21213815e+04  9.55e-01   2.56e-04     8.36e-03   88.172s
 458000 +1.21202836e+04 +1.21213929e+04  1.11e+00   2.86e-04     8.02e-03   88.350s
 459000 +1.21201429e+04 +1.21213911e+04  1.25e+00   3.29e-04     7.76e-03   88.527s
 460000 +1.21200023e+04 +1.21213893e+04  1.39e+00   3.61e-04     7.57e-03   88.704s
 461000 +1.21198583e+04 +1.21213870e+04  1.53e+00   3.97e-04     7.28e-03   88.881s
 462000 +1.21197248e+04 +1.21213856e+04  1.66e+00   4.26e-04     7.02e-03   89.058s
 463000 +1.21196134e+04 +1.21213834e+04  1.77e+00   4.56e-04     6.72e-03   89.234s
 464000 +1.21195038e+04 +1.21213830e+04  1.88e+00   4.84e-04     6.42e-03   89.411s
 465000 +1.21193985e+04 +1.21213781e+04  1.98e+00   5.11e-04     6.08e-03   89.588s
 466000 +1.21192983e+04 +1.21213751e+04  2.08e+00   5.32e-04     5.74e-03   89.765s
 467000 +1.21192051e+04 +1.21213731e+04  2.17e+00   5.60e-04     5.39e-03   89.942s
 468000 +1.21191206e+04 +1.21213719e+04  2.25e+00   5.76e-04     5.03e-03   90.119s
 469000 +1.21190593e+04 +1.21213669e+04  2.31e+00   5.87e-04     4.66e-03   90.294s
 470000 +1.21189880e+04 +1.21213655e+04  2.38e+00   6.00e-04     4.31e-03   90.470s
 471000 +1.21189320e+04 +1.21213624e+04  2.43e+00   6.16e-04     3.95e-03   90.645s
 472000 +1.21189007e+04 +1.21213559e+04  2.46e+00   6.18e-04     3.51e-03   90.821s
 473000 +1.21189094e+04 +1.21213546e+04  2.45e+00   6.28e-04     2.39e-03   90.996s
 474000 +1.21188998e+04 +1.21213491e+04  2.45e+00   6.07e-04     7.75e-04   91.173s
 475000 +1.21189060e+04 +1.21213483e+04  2.44e+00   6.16e-04     7.15e-04   91.349s
 476000 +1.21189176e+04 +1.21213448e+04  2.43e+00   6.08e-04     7.88e-04   91.526s
 477000 +1.21189268e+04 +1.21213440e+04  2.42e+00   6.08e-04     9.73e-04   91.703s
 478000 +1.21189398e+04 +1.21213402e+04  2.40e+00   6.04e-04     1.22e-03   91.880s
 479000 +1.21189469e+04 +1.21213368e+04  2.39e+00   5.97e-04     1.48e-03   92.056s
 480000 +1.21189563e+04 +1.21213352e+04  2.38e+00   5.97e-04     1.77e-03   92.233s
 481000 +1.21189719e+04 +1.21213323e+04  2.36e+00   5.93e-04     2.06e-03   92.410s
 482000 +1.21189829e+04 +1.21213294e+04  2.35e+00   5.89e-04     2.35e-03   92.587s
 483000 +1.21189941e+04 +1.21213278e+04  2.33e+00   5.85e-04     2.65e-03   92.764s
 484000 +1.21190128e+04 +1.21213262e+04  2.31e+00   5.81e-04     2.94e-03   92.940s
 485000 +1.21190303e+04 +1.21213236e+04  2.29e+00   5.77e-04     3.23e-03   93.117s
 486000 +1.21190475e+04 +1.21213214e+04  2.27e+00   5.71e-04     3.53e-03   93.294s
 487000 +1.21190679e+04 +1.21213206e+04  2.25e+00   5.66e-04     3.82e-03   93.471s
 488000 +1.21190978e+04 +1.21213186e+04  2.22e+00   5.56e-04     4.10e-03   93.648s
 489000 +1.21191283e+04 +1.21213159e+04  2.19e+00   5.50e-04     4.39e-03   93.825s
 490000 +1.21191734e+04 +1.21213124e+04  2.14e+00   5.38e-04     4.68e-03   94.002s
 491000 +1.21192264e+04 +1.21213090e+04  2.08e+00   5.26e-04     4.96e-03   94.178s
 492000 +1.21192854e+04 +1.21213062e+04  2.02e+00   5.09e-04     5.24e-03   94.355s
 493000 +1.21193452e+04 +1.21213044e+04  1.96e+00   4.97e-04     5.50e-03   94.532s
 494000 +1.21194164e+04 +1.21213026e+04  1.89e+00   4.79e-04     5.75e-03   94.709s
 495000 +1.21194913e+04 +1.21213022e+04  1.81e+00   4.59e-04     5.98e-03   94.886s
 496000 +1.21195730e+04 +1.21213005e+04  1.73e+00   4.40e-04     6.19e-03   95.063s
 497000 +1.21196540e+04 +1.21213000e+04  1.65e+00   4.20e-04     6.40e-03   95.239s
 498000 +1.21197422e+04 +1.21212986e+04  1.56e+00   3.98e-04     6.58e-03   95.415s
 499000 +1.21198341e+04 +1.21212961e+04  1.46e+00   3.74e-04     6.74e-03   95.591s
 500000 +1.21199251e+04 +1.21212962e+04  1.37e+00   3.53e-04     6.87e-03   95.767s
 501000 +1.21200177e+04 +1.21212953e+04  1.28e+00   3.29e-04     6.99e-03   95.943s
 502000 +1.21201171e+04 +1.21212934e+04  1.18e+00   3.06e-04     7.09e-03   96.119s
 503000 +1.21202118e+04 +1.21212925e+04  1.08e+00   2.82e-04     7.17e-03   96.295s
 504000 +1.21203039e+04 +1.21212920e+04  9.88e-01   2.60e-04     7.22e-03   96.471s
 505000 +1.21204031e+04 +1.21212931e+04  8.90e-01   2.35e-04     7.26e-03   96.647s
 506000 +1.21205001e+04 +1.21212928e+04  7.93e-01   2.13e-04     7.27e-03   96.823s
 507000 +1.21205903e+04 +1.21212934e+04  7.03e-01   1.89e-04     7.26e-03   96.999s
 508000 +1.21206808e+04 +1.21212944e+04  6.14e-01   1.68e-04     7.22e-03   97.175s
 509000 +1.21207739e+04 +1.21212944e+04  5.20e-01   1.44e-04     7.17e-03   97.352s
 510000 +1.21208579e+04 +1.21212947e+04  4.37e-01   1.25e-04     7.09e-03   97.529s
 511000 +1.21209400e+04 +1.21212957e+04  3.56e-01   1.04e-04     7.00e-03   97.706s
 512000 +1.21210206e+04 +1.21212958e+04  2.75e-01   8.47e-05     6.91e-03   97.882s
 513000 +1.21210977e+04 +1.21212969e+04  1.99e-01   6.50e-05     6.79e-03   98.060s
 514000 +1.21211671e+04 +1.21212979e+04  1.31e-01   4.80e-05     6.65e-03   98.236s
 515000 +1.21212334e+04 +1.21212992e+04  6.59e-02   3.20e-05     6.51e-03   98.413s
 515800 +1.21212851e+04 +1.21212998e+04  1.47e-02   1.93e-05     6.39e-03   98.555s
LP Solver status:                Optimal
Primal objective:                +1.21212851e+04
Dual objective:                  +1.21212998e+04
Duality gap (abs/rel):           +1.47e-02 / +6.08e-07
Primal infeasibility (abs/rel):  +1.93e-05 / +3.60e-09
Dual infeasibility (abs/rel):    +6.39e-03 / +9.74e-07
PDLP finished
Status: Optimal   Objective: 1.21212851e+04  Iterations: 515800  Time: 98.588s

### exit_code=0
### finished=2026-08-10T14:56:20.649551
### gpu_peak_mb=5306.4
### gpu_peak2_mb=5210.4
### per_gpu_peak_mb=[5306.375, 5210.375, 5210.375, 5210.375, 5210.375, 5210.375, 5210.375, 5210.375]
