### solver=cuopt-distributed
### instance=/home/scratch.cmaes_sw/hans_lps/square15.mps
### n_gpus=8
### CUDA_VISIBLE_DEVICES=0,1,2,3,4,5,6,7
### started=2026-08-10T14:56:20.664573
### argv=/home/scratch.vmostovoi_gpu/mostovoi_cuopt/cpp/build/cuopt_cli --method 1 --mps-reader experimental-fast --time-limit 3600 --iteration-limit 1000000000 --relative-primal-tolerance 1e-6 --relative-dual-tolerance 1e-6 --relative-gap-tolerance 1e-6 --log-to-console true --num-gpus 8 /home/scratch.cmaes_sw/hans_lps/square15.mps
### --- solver output ---
Setting parameter iteration_limit to 1000000000
Setting parameter log_to_console to true
Setting parameter method to 1
Setting parameter num_gpus to 8
Setting parameter relative_dual_tolerance to 1.000000e-06
Setting parameter relative_gap_tolerance to 1.000000e-06
Setting parameter relative_primal_tolerance to 1.000000e-06
Setting parameter time_limit to 3.600000e+03
Reading file square15.mps
Using experimental fast MPS parser for '/home/scratch.cmaes_sw/hans_lps/square15.mps'
Read file square15.mps in 0.52 seconds
cuOpt version: 26.10.0, git hash: f3ebc673, host arch: x86_64, device archs: 100a-real
CPU: INTEL(R) XEON(R) PLATINUM 8570, threads (physical/logical): 112/224, RAM (available/total): 1962.45 / 2015.54 GiB
CUDA 13.3, device: NVIDIA B200 (ID 0), VRAM: 178.34 GiB
CUDA device UUID: 48ab7b4d-7b0a-65b7-4538-4e37338d2330
CUDA 13.3, device: NVIDIA B200 (ID 1), VRAM: 178.34 GiB
CUDA device UUID: 5dd43d25-54eb-687e-91f8-d4c917f40a3c
CUDA 13.3, device: NVIDIA B200 (ID 2), VRAM: 178.34 GiB
CUDA device UUID: a40e62a0-1502-ea41-88b7-8ebfb62f67b6
CUDA 13.3, device: NVIDIA B200 (ID 3), VRAM: 178.34 GiB
CUDA device UUID: 69c2235c-eda1-228c-f9ee-e444f16a4e31
CUDA 13.3, device: NVIDIA B200 (ID 4), VRAM: 178.34 GiB
CUDA device UUID: 92e986d5-fb1f-ac84-bd70-b03e127c762a
CUDA 13.3, device: NVIDIA B200 (ID 5), VRAM: 178.34 GiB
CUDA device UUID: fb4dfdcf-c8fe-1714-a140-0823be2fde13
CUDA 13.3, device: NVIDIA B200 (ID 6), VRAM: 178.34 GiB
CUDA device UUID: 3519c8dd-244c-a241-e2ee-ef61e97ec465
CUDA 13.3, device: NVIDIA B200 (ID 7), VRAM: 178.34 GiB
CUDA device UUID: b80ee313-5762-b760-dd9a-a5669634bef9
Solving a problem with 32762 constraints, 753526 variables (0 integers), and 1507052 nonzeros
Using PSLP presolver
PSLP Presolved problem: 32762 constraints, 753526 variables, 1507052 non-zeros
PSLP presolve time: 0.29s
Solving with distributed PDLP on 8 GPUs.
NCCL version 2.30.7+cuda13.3
      0 +0.00000000e+00 +0.00000000e+00  0.00e+00   1.57e+06     2.28e+06   4.109s
   1000 +6.14509538e+10 +6.14567151e+10  5.76e+06   9.90e+02     3.18e+01   4.480s
   2000 +6.14541886e+10 +6.14549048e+10  7.16e+05   1.96e+02     4.85e+00   4.669s
   3000 +6.14547197e+10 +6.14548767e+10  1.57e+05   1.00e+02     3.49e+00   4.855s
   4000 +6.14548183e+10 +6.14548955e+10  7.72e+04   6.51e+01     2.15e+00   5.040s
   5000 +6.14548576e+10 +6.14548941e+10  3.64e+04   2.93e+01     2.73e+00   5.227s
   6000 +6.14549270e+10 +6.14549169e+10  1.02e+04   1.94e+01     1.76e+00   5.412s
   7000 +6.14549400e+10 +6.14549129e+10  2.71e+04   7.85e+00     2.91e+00   5.598s
   7900 +6.14549127e+10 +6.14549155e+10  2.86e+03   1.43e+00     1.51e+00   5.765s
LP Solver status:                Optimal
Primal objective:                +6.14549127e+10
Dual objective:                  +6.14549155e+10
Duality gap (abs/rel):           +2.86e+03 / +2.32e-08
Primal infeasibility (abs/rel):  +1.43e+00 / +9.07e-07
Dual infeasibility (abs/rel):    +1.51e+00 / +6.59e-07
PDLP finished
Status: Optimal   Objective: 6.14549127e+10  Iterations: 7900  Time: 5.797s

### exit_code=0
### finished=2026-08-10T14:56:35.535884
### gpu_peak_mb=5338.4
### gpu_peak2_mb=5242.4
### per_gpu_peak_mb=[5338.375, 5242.375, 5242.375, 5242.375, 5242.375, 5242.375, 5242.375, 5242.375]
