### solver=cuopt-distributed
### instance=/home/scratch.cmaes_sw/hans_lps/square41.mps
### n_gpus=8
### CUDA_VISIBLE_DEVICES=0,1,2,3,4,5,6,7
### started=2026-08-10T14:56:35.549895
### argv=/home/scratch.vmostovoi_gpu/mostovoi_cuopt/cpp/build/cuopt_cli --method 1 --mps-reader experimental-fast --time-limit 3600 --iteration-limit 1000000000 --relative-primal-tolerance 1e-6 --relative-dual-tolerance 1e-6 --relative-gap-tolerance 1e-6 --log-to-console true --num-gpus 8 /home/scratch.cmaes_sw/hans_lps/square41.mps
### --- solver output ---
Setting parameter iteration_limit to 1000000000
Setting parameter log_to_console to true
Setting parameter method to 1
Setting parameter num_gpus to 8
Setting parameter relative_dual_tolerance to 1.000000e-06
Setting parameter relative_gap_tolerance to 1.000000e-06
Setting parameter relative_primal_tolerance to 1.000000e-06
Setting parameter time_limit to 3.600000e+03
Reading file square41.mps
Using experimental fast MPS parser for '/home/scratch.cmaes_sw/hans_lps/square41.mps'
Read file square41.mps in 1.09 seconds
cuOpt version: 26.10.0, git hash: f3ebc673, host arch: x86_64, device archs: 100a-real
CPU: INTEL(R) XEON(R) PLATINUM 8570, threads (physical/logical): 112/224, RAM (available/total): 1962.05 / 2015.54 GiB
CUDA 13.3, device: NVIDIA B200 (ID 0), VRAM: 178.34 GiB
CUDA device UUID: 48ab7b4d-7b0a-65b7-4538-4e37338d2330
CUDA 13.3, device: NVIDIA B200 (ID 1), VRAM: 178.34 GiB
CUDA device UUID: 5dd43d25-54eb-687e-91f8-d4c917f40a3c
CUDA 13.3, device: NVIDIA B200 (ID 2), VRAM: 178.34 GiB
CUDA device UUID: a40e62a0-1502-ea41-88b7-8ebfb62f67b6
CUDA 13.3, device: NVIDIA B200 (ID 3), VRAM: 178.34 GiB
CUDA device UUID: 69c2235c-eda1-228c-f9ee-e444f16a4e31
CUDA 13.3, device: NVIDIA B200 (ID 4), VRAM: 178.34 GiB
CUDA device UUID: 92e986d5-fb1f-ac84-bd70-b03e127c762a
CUDA 13.3, device: NVIDIA B200 (ID 5), VRAM: 178.34 GiB
CUDA device UUID: fb4dfdcf-c8fe-1714-a140-0823be2fde13
CUDA 13.3, device: NVIDIA B200 (ID 6), VRAM: 178.34 GiB
CUDA device UUID: 3519c8dd-244c-a241-e2ee-ef61e97ec465
CUDA 13.3, device: NVIDIA B200 (ID 7), VRAM: 178.34 GiB
CUDA device UUID: b80ee313-5762-b760-dd9a-a5669634bef9
Solving a problem with 40160 constraints, 62234 variables (0 integers), and 13566426 nonzeros
Using PSLP presolver
PSLP Presolved problem: 1754 constraints, 23828 variables, 4336554 non-zeros
PSLP presolve time: 0.56s
Solving with distributed PDLP on 8 GPUs.
NCCL version 2.30.7+cuda13.3
      0 +0.00000000e+00 +0.00000000e+00  0.00e+00   4.14e+01     1.54e+02   4.444s
   1000 +5.51365912e+00 +6.38737050e+00  8.74e-01   6.69e-01     1.31e+00   4.812s
   2000 +5.03410110e+00 +6.61098063e+00  1.58e+00   6.14e-01     1.03e+00   5.000s
   3000 +4.84788134e+00 +6.50124413e+00  1.65e+00   6.53e-01     4.42e-01   5.189s
   4000 +4.88632616e+00 +6.56417450e+00  1.68e+00   6.56e-01     2.89e-01   5.378s
   5000 +5.19961644e+00 +7.09735891e+00  1.90e+00   5.75e-01     7.46e-01   5.565s
   6000 +5.65615490e+00 +7.55422495e+00  1.90e+00   4.59e-01     1.31e+00   5.753s
   7000 +6.66763411e+00 +8.43157447e+00  1.76e+00   2.96e-01     2.12e+00   5.942s
   8000 +7.81501646e+00 +8.27347301e+00  4.58e-01   1.72e-01     1.92e+00   6.129s
   9000 +7.83548169e+00 +8.18950220e+00  3.54e-01   1.44e-01     1.58e+00   6.315s
  10000 +7.96103471e+00 +8.19682609e+00  2.36e-01   1.25e-01     1.53e+00   6.502s
  11000 +8.11983329e+00 +8.18951250e+00  6.97e-02   1.19e-01     1.42e+00   6.681s
  12000 +7.99101996e+00 +8.19732224e+00  2.06e-01   1.11e-01     1.33e+00   6.860s
  13000 +7.84682581e+00 +8.24287616e+00  3.96e-01   1.04e-01     1.25e+00   7.038s
  14000 +7.83009674e+00 +8.35027178e+00  5.20e-01   1.07e-01     1.16e+00   7.217s
  15000 +7.87646150e+00 +8.39879995e+00  5.22e-01   1.14e-01     1.05e+00   7.397s
  16000 +7.90396228e+00 +8.42545446e+00  5.21e-01   1.21e-01     9.16e-01   7.575s
  17000 +7.86913319e+00 +8.41573889e+00  5.47e-01   1.20e-01     8.03e-01   7.754s
  18000 +7.78168317e+00 +8.38899014e+00  6.07e-01   1.10e-01     6.65e-01   7.933s
  19000 +7.77488171e+00 +8.46050006e+00  6.86e-01   1.02e-01     5.95e-01   8.112s
  20000 +7.87853708e+00 +8.50031082e+00  6.22e-01   9.38e-02     5.15e-01   8.292s
  21000 +7.93559577e+00 +8.50775066e+00  5.72e-01   9.35e-02     4.74e-01   8.473s
  22000 +7.94906048e+00 +8.53242751e+00  5.83e-01   9.45e-02     4.41e-01   8.653s
  23000 +7.97691109e+00 +8.52491095e+00  5.48e-01   9.62e-02     3.70e-01   8.833s
  24000 +8.00389526e+00 +8.50575026e+00  5.02e-01   9.55e-02     2.15e-01   9.012s
  25000 +8.02334741e+00 +8.51294248e+00  4.90e-01   9.39e-02     1.75e-01   9.191s
  26000 +8.02560815e+00 +8.53392467e+00  5.08e-01   9.02e-02     1.67e-01   9.369s
  27000 +8.02923730e+00 +8.57390939e+00  5.45e-01   8.73e-02     1.66e-01   9.548s
  28000 +8.07461990e+00 +8.61410647e+00  5.39e-01   8.54e-02     1.60e-01   9.726s
  29000 +8.10148248e+00 +8.61432152e+00  5.13e-01   8.24e-02     1.63e-01   9.904s
  30000 +8.09071767e+00 +8.62733613e+00  5.37e-01   7.73e-02     1.92e-01   10.083s
  31000 +8.08924100e+00 +8.64331891e+00  5.54e-01   7.16e-02     2.11e-01   10.261s
  32000 +8.13163848e+00 +8.68951391e+00  5.58e-01   6.64e-02     2.17e-01   10.439s
  33000 +8.23728093e+00 +8.69869903e+00  4.61e-01   6.13e-02     1.96e-01   10.617s
  34000 +8.29247863e+00 +8.71810285e+00  4.26e-01   5.66e-02     1.91e-01   10.796s
  35000 +8.29046100e+00 +8.73098887e+00  4.41e-01   5.34e-02     1.80e-01   10.977s
  36000 +8.29529590e+00 +8.75379672e+00  4.59e-01   5.10e-02     2.18e-01   11.160s
  37000 +8.32669419e+00 +8.80640818e+00  4.80e-01   4.84e-02     2.65e-01   11.344s
  38000 +8.38241344e+00 +8.83150859e+00  4.49e-01   4.53e-02     3.11e-01   11.524s
  39000 +8.42803140e+00 +8.84200147e+00  4.14e-01   4.04e-02     3.46e-01   11.709s
  40000 +8.48261285e+00 +8.91280056e+00  4.30e-01   3.43e-02     3.84e-01   11.891s
  41000 +8.55008595e+00 +8.89833463e+00  3.48e-01   2.88e-02     3.90e-01   12.073s
  42000 +8.62407351e+00 +8.91919872e+00  2.95e-01   2.54e-02     3.85e-01   12.254s
  43000 +8.68512693e+00 +8.90597034e+00  2.21e-01   2.19e-02     3.78e-01   12.436s
  44000 +8.72494284e+00 +8.88137684e+00  1.56e-01   2.01e-02     3.51e-01   12.616s
  45000 +8.74220331e+00 +8.86249249e+00  1.20e-01   1.89e-02     3.24e-01   12.796s
  46000 +8.74824317e+00 +8.85729805e+00  1.09e-01   1.82e-02     2.97e-01   12.976s
  47000 +8.73603808e+00 +8.85052592e+00  1.14e-01   1.69e-02     2.72e-01   13.156s
  48000 +8.73126139e+00 +8.88660194e+00  1.55e-01   1.59e-02     2.68e-01   13.336s
  49000 +8.73608108e+00 +8.89968770e+00  1.64e-01   1.48e-02     2.65e-01   13.516s
  50000 +8.74580693e+00 +8.92228970e+00  1.76e-01   1.41e-02     2.79e-01   13.695s
  51000 +8.73985389e+00 +8.90075371e+00  1.61e-01   1.34e-02     2.49e-01   13.875s
  52000 +8.72647753e+00 +8.88791543e+00  1.61e-01   1.25e-02     2.00e-01   14.055s
  53000 +8.72872479e+00 +8.88585494e+00  1.57e-01   1.22e-02     1.78e-01   14.237s
  54000 +8.75123627e+00 +8.89707688e+00  1.46e-01   1.14e-02     1.74e-01   14.416s
  55000 +8.78520053e+00 +8.89785248e+00  1.13e-01   1.08e-02     1.73e-01   14.596s
  56000 +8.80788214e+00 +8.88465752e+00  7.68e-02   1.07e-02     1.60e-01   14.779s
  57000 +8.81826611e+00 +8.87362013e+00  5.54e-02   1.07e-02     1.53e-01   14.959s
  58000 +8.82227924e+00 +8.87213298e+00  4.99e-02   1.07e-02     1.44e-01   15.139s
  59000 +8.82568529e+00 +8.87231095e+00  4.66e-02   1.08e-02     1.37e-01   15.319s
  60000 +8.82980035e+00 +8.86970338e+00  3.99e-02   8.94e-03     1.30e-01   15.500s
  61000 +8.83650317e+00 +8.86877279e+00  3.23e-02   8.71e-03     1.22e-01   15.681s
  62000 +8.83888778e+00 +8.86566447e+00  2.68e-02   8.39e-03     1.10e-01   15.860s
  63000 +8.84106183e+00 +8.86922723e+00  2.82e-02   7.94e-03     1.06e-01   16.040s
  64000 +8.84439567e+00 +8.86982467e+00  2.54e-02   7.42e-03     1.09e-01   16.220s
  65000 +8.84764284e+00 +8.87062774e+00  2.30e-02   6.86e-03     1.12e-01   16.400s
  66000 +8.85095217e+00 +8.87073269e+00  1.98e-02   6.26e-03     1.19e-01   16.580s
  67000 +8.85344982e+00 +8.86909091e+00  1.56e-02   5.85e-03     1.21e-01   16.760s
  68000 +8.85467423e+00 +8.86748763e+00  1.28e-02   5.54e-03     1.30e-01   16.941s
  69000 +8.85366302e+00 +8.86553536e+00  1.19e-02   5.26e-03     1.37e-01   17.121s
  70000 +8.85363290e+00 +8.86668484e+00  1.31e-02   4.97e-03     1.39e-01   17.301s
  71000 +8.85170565e+00 +8.86590352e+00  1.42e-02   4.79e-03     1.34e-01   17.482s
  72000 +8.84721101e+00 +8.86269840e+00  1.55e-02   4.55e-03     1.30e-01   17.662s
  73000 +8.84170436e+00 +8.86569413e+00  2.40e-02   4.37e-03     1.26e-01   17.844s
  74000 +8.84522139e+00 +8.87214303e+00  2.69e-02   4.06e-03     1.20e-01   18.025s
  75000 +8.84686657e+00 +8.86733832e+00  2.05e-02   3.85e-03     1.16e-01   18.208s
  76000 +8.84327728e+00 +8.86635614e+00  2.31e-02   3.68e-03     1.11e-01   18.391s
  77000 +8.84184729e+00 +8.87019279e+00  2.83e-02   3.58e-03     1.09e-01   18.571s
  78000 +8.84475815e+00 +8.86771321e+00  2.30e-02   3.45e-03     1.09e-01   18.751s
  79000 +8.84460096e+00 +8.86465626e+00  2.01e-02   3.28e-03     1.08e-01   18.929s
  80000 +8.84429838e+00 +8.86653534e+00  2.22e-02   3.16e-03     1.02e-01   19.106s
  81000 +8.84369756e+00 +8.86640880e+00  2.27e-02   3.00e-03     9.88e-02   19.283s
  82000 +8.84304472e+00 +8.86521883e+00  2.22e-02   2.90e-03     9.57e-02   19.461s
  83000 +8.84268985e+00 +8.86702587e+00  2.43e-02   2.78e-03     9.66e-02   19.641s
  84000 +8.84342350e+00 +8.86808863e+00  2.47e-02   2.71e-03     9.61e-02   19.821s
  85000 +8.84261138e+00 +8.86830675e+00  2.57e-02   2.68e-03     9.13e-02   20.002s
  86000 +8.84007583e+00 +8.86603394e+00  2.60e-02   2.69e-03     9.05e-02   20.182s
  87000 +8.83787351e+00 +8.86937043e+00  3.15e-02   2.72e-03     8.67e-02   20.362s
  88000 +8.83948688e+00 +8.87129932e+00  3.18e-02   2.73e-03     8.60e-02   20.542s
  89000 +8.84105898e+00 +8.87123255e+00  3.02e-02   2.69e-03     8.43e-02   20.720s
  90000 +8.84239525e+00 +8.87158855e+00  2.92e-02   2.66e-03     8.36e-02   20.899s
  91000 +8.84163305e+00 +8.86789705e+00  2.63e-02   2.62e-03     8.25e-02   21.077s
  92000 +8.84038290e+00 +8.86915987e+00  2.88e-02   2.53e-03     8.19e-02   21.255s
  93000 +8.84085758e+00 +8.87121792e+00  3.04e-02   2.30e-03     8.07e-02   21.434s
  94000 +8.84301093e+00 +8.87181537e+00  2.88e-02   1.67e-03     8.07e-02   21.614s
  95000 +8.84518060e+00 +8.87218834e+00  2.70e-02   1.50e-03     8.10e-02   21.793s
  96000 +8.84684922e+00 +8.86959917e+00  2.27e-02   1.67e-03     7.99e-02   21.971s
  97000 +8.84736016e+00 +8.86452801e+00  1.72e-02   1.84e-03     7.73e-02   22.150s
  98000 +8.84807318e+00 +8.86198748e+00  1.39e-02   1.93e-03     7.61e-02   22.328s
  99000 +8.84791267e+00 +8.86019449e+00  1.23e-02   1.94e-03     7.48e-02   22.507s
 100000 +8.84832022e+00 +8.86009734e+00  1.18e-02   1.97e-03     7.38e-02   22.685s
 101000 +8.84988746e+00 +8.85951900e+00  9.63e-03   2.08e-03     7.11e-02   22.862s
 102000 +8.85043910e+00 +8.85893614e+00  8.50e-03   2.26e-03     6.89e-02   23.039s
 103000 +8.85133026e+00 +8.85793261e+00  6.60e-03   2.47e-03     6.58e-02   23.218s
 104000 +8.85234948e+00 +8.85697810e+00  4.63e-03   2.49e-03     6.25e-02   23.398s
 105000 +8.85396752e+00 +8.85595679e+00  1.99e-03   2.54e-03     6.10e-02   23.577s
 106000 +8.85348918e+00 +8.85621843e+00  2.73e-03   2.67e-03     5.99e-02   23.756s
 107000 +8.85337820e+00 +8.85541326e+00  2.04e-03   2.76e-03     5.78e-02   23.936s
 108000 +8.85567851e+00 +8.85599245e+00  3.14e-04   2.80e-03     5.58e-02   24.115s
 109000 +8.85872345e+00 +8.85471652e+00  4.01e-03   2.86e-03     5.37e-02   24.295s
 110000 +8.85903812e+00 +8.85362517e+00  5.41e-03   2.88e-03     5.12e-02   24.474s
 111000 +8.85893274e+00 +8.85260829e+00  6.32e-03   2.89e-03     4.85e-02   24.653s
 112000 +8.85810864e+00 +8.85236617e+00  5.74e-03   2.91e-03     4.56e-02   24.833s
 113000 +8.85761923e+00 +8.85286701e+00  4.75e-03   2.90e-03     4.26e-02   25.013s
 114000 +8.85655853e+00 +8.85267663e+00  3.88e-03   2.87e-03     3.98e-02   25.192s
 115000 +8.85529604e+00 +8.85307102e+00  2.23e-03   2.81e-03     3.77e-02   25.372s
 116000 +8.85499878e+00 +8.85227173e+00  2.73e-03   2.74e-03     3.47e-02   25.551s
 117000 +8.85420224e+00 +8.85107354e+00  3.13e-03   2.66e-03     3.30e-02   25.731s
 118000 +8.85244101e+00 +8.85117612e+00  1.26e-03   2.57e-03     3.18e-02   25.911s
 119000 +8.85290702e+00 +8.85275611e+00  1.51e-04   2.48e-03     3.10e-02   26.091s
 120000 +8.85316961e+00 +8.85140777e+00  1.76e-03   2.37e-03     2.98e-02   26.271s
 121000 +8.85172225e+00 +8.85063185e+00  1.09e-03   2.25e-03     2.95e-02   26.451s
 122000 +8.85234912e+00 +8.85105863e+00  1.29e-03   2.16e-03     2.90e-02   26.631s
 123000 +8.85377768e+00 +8.85094410e+00  2.83e-03   2.06e-03     2.96e-02   26.811s
 124000 +8.85378257e+00 +8.85086676e+00  2.92e-03   1.98e-03     2.74e-02   26.991s
 125000 +8.85452028e+00 +8.85148970e+00  3.03e-03   1.90e-03     2.67e-02   27.170s
 126000 +8.85454657e+00 +8.85041434e+00  4.13e-03   1.83e-03     2.68e-02   27.350s
 127000 +8.85288401e+00 +8.85019396e+00  2.69e-03   1.78e-03     2.63e-02   27.530s
 128000 +8.85199390e+00 +8.84983152e+00  2.16e-03   1.73e-03     2.59e-02   27.710s
 129000 +8.85062745e+00 +8.84899662e+00  1.63e-03   1.70e-03     2.52e-02   27.890s
 130000 +8.84957613e+00 +8.84893430e+00  6.42e-04   1.66e-03     2.48e-02   28.070s
 131000 +8.84984124e+00 +8.84935167e+00  4.90e-04   1.63e-03     2.43e-02   28.250s
 132000 +8.84945349e+00 +8.84857179e+00  8.82e-04   1.63e-03     2.32e-02   28.429s
 133000 +8.84815682e+00 +8.84886042e+00  7.04e-04   1.63e-03     2.28e-02   28.609s
 134000 +8.84778302e+00 +8.84910452e+00  1.32e-03   1.62e-03     2.27e-02   28.789s
 135000 +8.84735405e+00 +8.84894898e+00  1.59e-03   1.61e-03     2.12e-02   28.969s
 136000 +8.84630755e+00 +8.84843338e+00  2.13e-03   1.60e-03     2.00e-02   29.149s
 137000 +8.84557949e+00 +8.84781844e+00  2.24e-03   1.59e-03     1.96e-02   29.330s
 138000 +8.84608907e+00 +8.84827317e+00  2.18e-03   1.48e-03     2.05e-02   29.510s
 139000 +8.84646686e+00 +8.84703850e+00  5.72e-04   1.27e-03     2.22e-02   29.690s
 140000 +8.84660932e+00 +8.84783987e+00  1.23e-03   1.02e-03     2.33e-02   29.870s
 141000 +8.84679801e+00 +8.84704905e+00  2.51e-04   8.14e-04     2.20e-02   30.050s
 142000 +8.84623432e+00 +8.84699575e+00  7.61e-04   7.17e-04     2.13e-02   30.230s
 143000 +8.84468224e+00 +8.84748194e+00  2.80e-03   6.95e-04     2.01e-02   30.410s
 144000 +8.84451285e+00 +8.84859076e+00  4.08e-03   6.27e-04     1.95e-02   30.590s
 145000 +8.84393471e+00 +8.84822776e+00  4.29e-03   5.56e-04     1.95e-02   30.773s
 146000 +8.84308770e+00 +8.84813544e+00  5.05e-03   4.67e-04     1.96e-02   30.953s
 147000 +8.84271566e+00 +8.84839745e+00  5.68e-03   4.44e-04     1.95e-02   31.134s
 148000 +8.84248635e+00 +8.84850951e+00  6.02e-03   5.14e-04     1.89e-02   31.314s
 149000 +8.84245580e+00 +8.84831732e+00  5.86e-03   5.55e-04     1.81e-02   31.493s
 150000 +8.84261025e+00 +8.84809009e+00  5.48e-03   5.61e-04     1.77e-02   31.673s
 151000 +8.84288472e+00 +8.84803410e+00  5.15e-03   5.56e-04     1.76e-02   31.853s
 152000 +8.84287253e+00 +8.84810572e+00  5.23e-03   5.64e-04     1.73e-02   32.033s
 153000 +8.84296123e+00 +8.84833046e+00  5.37e-03   5.78e-04     1.71e-02   32.213s
 154000 +8.84294384e+00 +8.84838187e+00  5.44e-03   5.95e-04     1.69e-02   32.393s
 155000 +8.84274024e+00 +8.84847736e+00  5.74e-03   6.04e-04     1.68e-02   32.571s
 156000 +8.84257150e+00 +8.84851444e+00  5.94e-03   6.04e-04     1.66e-02   32.748s
 157000 +8.84234143e+00 +8.84856389e+00  6.22e-03   5.99e-04     1.65e-02   32.926s
 158000 +8.84217359e+00 +8.84865509e+00  6.48e-03   5.90e-04     1.62e-02   33.103s
 159000 +8.84221881e+00 +8.84868827e+00  6.47e-03   5.79e-04     1.61e-02   33.281s
 160000 +8.84224162e+00 +8.84861796e+00  6.38e-03   5.64e-04     1.61e-02   33.458s
 161000 +8.84205709e+00 +8.84855103e+00  6.49e-03   5.45e-04     1.60e-02   33.635s
 162000 +8.84214429e+00 +8.84854785e+00  6.40e-03   5.23e-04     1.58e-02   33.813s
 163000 +8.84225167e+00 +8.84835682e+00  6.11e-03   5.00e-04     1.57e-02   33.991s
 164000 +8.84216181e+00 +8.84842750e+00  6.27e-03   4.76e-04     1.57e-02   34.169s
 165000 +8.84214161e+00 +8.84846292e+00  6.32e-03   4.48e-04     1.57e-02   34.347s
 166000 +8.84209860e+00 +8.84842799e+00  6.33e-03   4.21e-04     1.59e-02   34.525s
 167000 +8.84188982e+00 +8.84829725e+00  6.41e-03   3.90e-04     1.59e-02   34.704s
 168000 +8.84184782e+00 +8.84833237e+00  6.48e-03   3.59e-04     1.59e-02   34.884s
 169000 +8.84187221e+00 +8.84830883e+00  6.44e-03   3.29e-04     1.61e-02   35.065s
 170000 +8.84174901e+00 +8.84831520e+00  6.57e-03   2.98e-04     1.61e-02   35.246s
 171000 +8.84176047e+00 +8.84839160e+00  6.63e-03   2.72e-04     1.61e-02   35.426s
 172000 +8.84172302e+00 +8.84829991e+00  6.58e-03   2.51e-04     1.60e-02   35.603s
 173000 +8.84163304e+00 +8.84828200e+00  6.65e-03   2.32e-04     1.60e-02   35.780s
 174000 +8.84154932e+00 +8.84828864e+00  6.74e-03   2.17e-04     1.59e-02   35.958s
 175000 +8.84140404e+00 +8.84844757e+00  7.04e-03   2.06e-04     1.59e-02   36.135s
 176000 +8.84134919e+00 +8.84851287e+00  7.16e-03   1.95e-04     1.59e-02   36.312s
 177000 +8.84129451e+00 +8.84848145e+00  7.19e-03   1.86e-04     1.58e-02   36.490s
 178000 +8.84126989e+00 +8.84853032e+00  7.26e-03   1.71e-04     1.57e-02   36.671s
 179000 +8.84132699e+00 +8.84855299e+00  7.23e-03   1.56e-04     1.57e-02   36.851s
 180000 +8.84140156e+00 +8.84862647e+00  7.22e-03   1.37e-04     1.57e-02   37.031s
 181000 +8.84149713e+00 +8.84868661e+00  7.19e-03   1.20e-04     1.58e-02   37.210s
 182000 +8.84149839e+00 +8.84861662e+00  7.12e-03   1.03e-04     1.57e-02   37.390s
 183000 +8.84138298e+00 +8.84860530e+00  7.22e-03   8.91e-05     1.57e-02   37.570s
 184000 +8.84131385e+00 +8.84864364e+00  7.33e-03   7.72e-05     1.58e-02   37.750s
 185000 +8.84125201e+00 +8.84859871e+00  7.35e-03   7.04e-05     1.58e-02   37.930s
 186000 +8.84109450e+00 +8.84856657e+00  7.47e-03   6.98e-05     1.59e-02   38.109s
 187000 +8.84111943e+00 +8.84860384e+00  7.48e-03   7.27e-05     1.59e-02   38.289s
 188000 +8.84120615e+00 +8.84858709e+00  7.38e-03   8.14e-05     1.59e-02   38.470s
 189000 +8.84126204e+00 +8.84859406e+00  7.33e-03   9.14e-05     1.59e-02   38.650s
 190000 +8.84133625e+00 +8.84853616e+00  7.20e-03   1.02e-04     1.60e-02   38.830s
 191000 +8.84129723e+00 +8.84851209e+00  7.21e-03   1.13e-04     1.60e-02   39.010s
 192000 +8.84124332e+00 +8.84855081e+00  7.31e-03   1.25e-04     1.59e-02   39.190s
 193000 +8.84125582e+00 +8.84852185e+00  7.27e-03   1.36e-04     1.59e-02   39.369s
 194000 +8.84114014e+00 +8.84847416e+00  7.33e-03   1.45e-04     1.59e-02   39.549s
 195000 +8.84095140e+00 +8.84849230e+00  7.54e-03   1.53e-04     1.59e-02   39.729s
 196000 +8.84092595e+00 +8.84854236e+00  7.62e-03   1.58e-04     1.59e-02   39.907s
 197000 +8.84095671e+00 +8.84850378e+00  7.55e-03   1.60e-04     1.59e-02   40.085s
 198000 +8.84087934e+00 +8.84842889e+00  7.55e-03   1.59e-04     1.53e-02   40.263s
 199000 +8.84019811e+00 +8.84782121e+00  7.62e-03   2.38e-04     1.52e-02   40.443s
 200000 +8.83771117e+00 +8.84766431e+00  9.95e-03   1.25e-03     1.50e-02   40.626s
 201000 +8.83256017e+00 +8.84759656e+00  1.50e-02   1.89e-03     1.49e-02   40.806s
 202000 +8.82880199e+00 +8.84756944e+00  1.88e-02   2.67e-03     1.48e-02   40.987s
 203000 +8.82644456e+00 +8.84751143e+00  2.11e-02   3.26e-03     1.47e-02   41.167s
 204000 +8.82582325e+00 +8.84748623e+00  2.17e-02   3.67e-03     1.46e-02   41.347s
 205000 +8.82692476e+00 +8.84741905e+00  2.05e-02   4.09e-03     1.46e-02   41.527s
 206000 +8.83020590e+00 +8.84735410e+00  1.71e-02   4.63e-03     1.49e-02   41.707s
 207000 +8.83190718e+00 +8.84693055e+00  1.50e-02   5.04e-03     1.47e-02   41.888s
 208000 +8.83346938e+00 +8.84674292e+00  1.33e-02   5.44e-03     1.45e-02   42.070s
 209000 +8.83535284e+00 +8.84652659e+00  1.12e-02   5.65e-03     1.45e-02   42.251s
 210000 +8.83849807e+00 +8.84619868e+00  7.70e-03   5.74e-03     1.41e-02   42.431s
 211000 +8.83183647e+00 +8.84463207e+00  1.28e-02   6.21e-03     1.19e-02   42.608s
 212000 +8.82295171e+00 +8.84299015e+00  2.00e-02   6.46e-03     1.07e-02   42.786s
 213000 +8.82752493e+00 +8.84235890e+00  1.48e-02   6.07e-03     8.81e-03   42.964s
 214000 +8.82896331e+00 +8.84069654e+00  1.17e-02   8.93e-03     7.33e-03   43.143s
 215000 +8.83109308e+00 +8.84060756e+00  9.51e-03   1.05e-02     7.14e-03   43.321s
 216000 +8.83121703e+00 +8.84018766e+00  8.97e-03   1.15e-02     6.40e-03   43.499s
 217000 +8.82751834e+00 +8.84018882e+00  1.27e-02   1.26e-02     5.94e-03   43.677s
 218000 +8.82646044e+00 +8.83993579e+00  1.35e-02   1.33e-02     5.34e-03   43.854s
 219000 +8.82743906e+00 +8.83961408e+00  1.22e-02   1.36e-02     4.80e-03   44.032s
 220000 +8.82585040e+00 +8.83951232e+00  1.37e-02   1.38e-02     4.51e-03   44.209s
 221000 +8.82667082e+00 +8.83940640e+00  1.27e-02   1.40e-02     4.20e-03   44.387s
 222000 +8.83244198e+00 +8.83928739e+00  6.85e-03   1.41e-02     4.05e-03   44.567s
 223000 +8.83731421e+00 +8.83909139e+00  1.78e-03   1.38e-02     3.87e-03   44.743s
 224000 +8.84276682e+00 +8.83904019e+00  3.73e-03   1.36e-02     3.78e-03   44.920s
 225000 +8.84958507e+00 +8.83890254e+00  1.07e-02   1.32e-02     3.62e-03   45.098s
 226000 +8.85651651e+00 +8.83877974e+00  1.77e-02   1.27e-02     3.45e-03   45.275s
 227000 +8.86168102e+00 +8.83872225e+00  2.30e-02   1.23e-02     3.29e-03   45.452s
 228000 +8.86537563e+00 +8.83858889e+00  2.68e-02   1.19e-02     2.98e-03   45.629s
 229000 +8.86686343e+00 +8.83852958e+00  2.83e-02   1.14e-02     2.69e-03   45.807s
 230000 +8.86473651e+00 +8.83848471e+00  2.63e-02   1.09e-02     2.36e-03   45.985s
 231000 +8.86043640e+00 +8.83851429e+00  2.19e-02   1.06e-02     2.00e-03   46.163s
 232000 +8.85666384e+00 +8.83852413e+00  1.81e-02   1.03e-02     1.56e-03   46.340s
 233000 +8.85443474e+00 +8.83863610e+00  1.58e-02   1.01e-02     1.28e-03   46.517s
 234000 +8.85448026e+00 +8.83867295e+00  1.58e-02   9.87e-03     1.04e-03   46.693s
 235000 +8.85768398e+00 +8.83867267e+00  1.90e-02   9.56e-03     7.44e-04   46.870s
 236000 +8.86348465e+00 +8.83867546e+00  2.48e-02   9.19e-03     5.26e-04   47.047s
 237000 +8.86336188e+00 +8.83868043e+00  2.47e-02   8.89e-03     4.04e-04   47.224s
 238000 +8.86233654e+00 +8.83868610e+00  2.37e-02   8.54e-03     4.28e-04   47.400s
 239000 +8.86265604e+00 +8.83853352e+00  2.41e-02   8.13e-03     6.69e-04   47.577s
 240000 +8.85592075e+00 +8.83858198e+00  1.73e-02   7.68e-03     7.57e-04   47.754s
 241000 +8.85132852e+00 +8.83855749e+00  1.28e-02   7.31e-03     9.25e-04   47.931s
 242000 +8.85094731e+00 +8.83850941e+00  1.24e-02   6.90e-03     1.09e-03   48.107s
 243000 +8.84687048e+00 +8.83851662e+00  8.35e-03   6.47e-03     1.10e-03   48.284s
 244000 +8.84055979e+00 +8.83859034e+00  1.97e-03   6.13e-03     1.10e-03   48.461s
 245000 +8.84108413e+00 +8.83855789e+00  2.53e-03   5.82e-03     1.12e-03   48.638s
 246000 +8.84213869e+00 +8.83857984e+00  3.56e-03   5.50e-03     9.76e-04   48.815s
 247000 +8.83967089e+00 +8.83860500e+00  1.07e-03   5.27e-03     9.13e-04   48.992s
 248000 +8.84271296e+00 +8.83854785e+00  4.17e-03   5.07e-03     8.45e-04   49.168s
 249000 +8.84670591e+00 +8.83850707e+00  8.20e-03   4.83e-03     8.12e-04   49.345s
 250000 +8.84633504e+00 +8.83841270e+00  7.92e-03   4.76e-03     1.10e-03   49.523s
 251000 +8.84596275e+00 +8.83820331e+00  7.76e-03   4.61e-03     1.54e-03   49.701s
 252000 +8.84624495e+00 +8.83795121e+00  8.29e-03   4.45e-03     1.90e-03   49.877s
 253000 +8.84635380e+00 +8.83776187e+00  8.59e-03   4.29e-03     2.13e-03   50.053s
 254000 +8.84568912e+00 +8.83768526e+00  8.00e-03   4.17e-03     2.23e-03   50.230s
 255000 +8.84464888e+00 +8.83764430e+00  7.00e-03   4.08e-03     2.22e-03   50.406s
 256000 +8.84351148e+00 +8.83764868e+00  5.86e-03   4.01e-03     2.18e-03   50.582s
 257000 +8.84214065e+00 +8.83766772e+00  4.47e-03   3.92e-03     2.18e-03   50.759s
 258000 +8.84098224e+00 +8.83779984e+00  3.18e-03   3.85e-03     2.16e-03   50.935s
 259000 +8.84053895e+00 +8.83793703e+00  2.60e-03   3.77e-03     2.14e-03   51.111s
 260000 +8.84063168e+00 +8.83803032e+00  2.60e-03   3.71e-03     2.12e-03   51.288s
 261000 +8.84093975e+00 +8.83805776e+00  2.88e-03   3.63e-03     2.14e-03   51.464s
 262000 +8.84179997e+00 +8.83817073e+00  3.63e-03   3.57e-03     2.07e-03   51.641s
 263000 +8.84277092e+00 +8.83824970e+00  4.52e-03   3.53e-03     1.98e-03   51.817s
 264000 +8.84346643e+00 +8.83830375e+00  5.16e-03   3.49e-03     2.20e-03   51.993s
 265000 +8.84292851e+00 +8.83824969e+00  4.68e-03   3.42e-03     2.37e-03   52.169s
 266000 +8.84165676e+00 +8.83834249e+00  3.31e-03   3.35e-03     2.57e-03   52.346s
 267000 +8.84129064e+00 +8.83827128e+00  3.02e-03   3.25e-03     2.86e-03   52.522s
 268000 +8.84037079e+00 +8.83811328e+00  2.26e-03   3.16e-03     2.98e-03   52.699s
 269000 +8.83801551e+00 +8.83814542e+00  1.30e-04   3.10e-03     2.92e-03   52.876s
 270000 +8.83672077e+00 +8.83817553e+00  1.45e-03   3.05e-03     2.90e-03   53.052s
 271000 +8.83739935e+00 +8.83824223e+00  8.43e-04   3.00e-03     2.77e-03   53.229s
 272000 +8.83811730e+00 +8.83824020e+00  1.23e-04   2.95e-03     2.61e-03   53.404s
 273000 +8.83830547e+00 +8.83824516e+00  6.03e-05   2.91e-03     2.41e-03   53.580s
 274000 +8.83920430e+00 +8.83823621e+00  9.68e-04   2.91e-03     2.22e-03   53.757s
 275000 +8.84063024e+00 +8.83839188e+00  2.24e-03   2.90e-03     2.13e-03   53.933s
 276000 +8.84134856e+00 +8.83837278e+00  2.98e-03   2.90e-03     1.93e-03   54.109s
 277000 +8.84167476e+00 +8.83841385e+00  3.26e-03   2.90e-03     1.70e-03   54.285s
 278000 +8.84157461e+00 +8.83847175e+00  3.10e-03   2.90e-03     1.57e-03   54.463s
 279000 +8.84069818e+00 +8.83857148e+00  2.13e-03   2.90e-03     1.43e-03   54.640s
 280000 +8.84037177e+00 +8.83864662e+00  1.73e-03   2.90e-03     1.31e-03   54.817s
 281000 +8.84038481e+00 +8.83868020e+00  1.70e-03   2.90e-03     1.09e-03   54.994s
 282000 +8.83913252e+00 +8.83867471e+00  4.58e-04   2.92e-03     9.59e-04   55.171s
 283000 +8.83802852e+00 +8.83881552e+00  7.87e-04   2.91e-03     8.50e-04   55.348s
 284000 +8.83842351e+00 +8.83896969e+00  5.46e-04   2.93e-03     6.72e-04   55.526s
 285000 +8.83902563e+00 +8.83906637e+00  4.07e-05   2.93e-03     5.38e-04   55.702s
 286000 +8.83883975e+00 +8.83907181e+00  2.32e-04   2.93e-03     4.36e-04   55.879s
 287000 +8.83880114e+00 +8.83919492e+00  3.94e-04   2.92e-03     4.15e-04   56.055s
 288000 +8.83977485e+00 +8.83926434e+00  5.11e-04   2.89e-03     4.58e-04   56.231s
 289000 +8.84012213e+00 +8.83923927e+00  8.83e-04   2.85e-03     5.52e-04   56.407s
 290000 +8.84016822e+00 +8.83918352e+00  9.85e-04   2.83e-03     7.12e-04   56.585s
 291000 +8.84003013e+00 +8.83909090e+00  9.39e-04   2.82e-03     1.08e-03   56.762s
 292000 +8.83979042e+00 +8.83915523e+00  6.35e-04   2.81e-03     1.15e-03   56.938s
 293000 +8.83951219e+00 +8.83925404e+00  2.58e-04   2.79e-03     1.31e-03   57.115s
 294000 +8.83972699e+00 +8.83931313e+00  4.14e-04   2.74e-03     1.60e-03   57.291s
 295000 +8.84007492e+00 +8.83935756e+00  7.17e-04   2.69e-03     1.64e-03   57.469s
 296000 +8.83977439e+00 +8.83896227e+00  8.12e-04   2.66e-03     1.83e-03   57.646s
 297000 +8.83906057e+00 +8.83874479e+00  3.16e-04   2.61e-03     2.14e-03   57.824s
 298000 +8.83875422e+00 +8.83859144e+00  1.63e-04   2.57e-03     2.57e-03   58.002s
 299000 +8.83854939e+00 +8.83842735e+00  1.22e-04   2.51e-03     2.97e-03   58.180s
 300000 +8.83845844e+00 +8.83825293e+00  2.06e-04   2.44e-03     3.26e-03   58.357s
 301000 +8.83884135e+00 +8.83794793e+00  8.93e-04   2.37e-03     3.69e-03   58.534s
 302000 +8.83923501e+00 +8.83777133e+00  1.46e-03   2.29e-03     3.99e-03   58.712s
 303000 +8.83949731e+00 +8.83762006e+00  1.88e-03   2.21e-03     4.23e-03   58.889s
 304000 +8.83948978e+00 +8.83744273e+00  2.05e-03   2.13e-03     4.44e-03   59.066s
 305000 +8.83941171e+00 +8.83721099e+00  2.20e-03   2.05e-03     4.79e-03   59.243s
 306000 +8.83939824e+00 +8.83711851e+00  2.28e-03   1.97e-03     4.94e-03   59.421s
 307000 +8.83923899e+00 +8.83697725e+00  2.26e-03   1.89e-03     5.02e-03   59.598s
 308000 +8.83910378e+00 +8.83698287e+00  2.12e-03   1.81e-03     5.07e-03   59.776s
 309000 +8.83896382e+00 +8.83692924e+00  2.03e-03   1.74e-03     5.12e-03   59.953s
 310000 +8.83883432e+00 +8.83688082e+00  1.95e-03   1.68e-03     5.06e-03   60.131s
 311000 +8.83866597e+00 +8.83689627e+00  1.77e-03   1.63e-03     5.13e-03   60.308s
 312000 +8.83842730e+00 +8.83697716e+00  1.45e-03   1.57e-03     5.16e-03   60.486s
 313000 +8.83877570e+00 +8.83711608e+00  1.66e-03   1.47e-03     4.91e-03   60.663s
 314000 +8.83874872e+00 +8.83714021e+00  1.61e-03   1.37e-03     4.79e-03   60.840s
 315000 +8.83805028e+00 +8.83704608e+00  1.00e-03   1.28e-03     4.88e-03   61.017s
 316000 +8.83847604e+00 +8.83733360e+00  1.14e-03   1.19e-03     5.20e-03   61.195s
 317000 +8.83979591e+00 +8.83725133e+00  2.54e-03   1.11e-03     5.29e-03   61.372s
 318000 +8.84010998e+00 +8.83711057e+00  3.00e-03   1.03e-03     5.58e-03   61.550s
 319000 +8.84003298e+00 +8.83715582e+00  2.88e-03   9.89e-04     5.67e-03   61.727s
 320000 +8.83989219e+00 +8.83694811e+00  2.94e-03   9.33e-04     5.58e-03   61.905s
 321000 +8.83889806e+00 +8.83701015e+00  1.89e-03   8.79e-04     5.39e-03   62.081s
 322000 +8.83844204e+00 +8.83694695e+00  1.50e-03   8.06e-04     5.32e-03   62.258s
 323000 +8.83869389e+00 +8.83697102e+00  1.72e-03   7.33e-04     5.08e-03   62.435s
 324000 +8.83899455e+00 +8.83698952e+00  2.01e-03   6.97e-04     5.09e-03   62.612s
 325000 +8.83934362e+00 +8.83714457e+00  2.20e-03   6.64e-04     4.95e-03   62.789s
 326000 +8.83952576e+00 +8.83718410e+00  2.34e-03   6.48e-04     5.08e-03   62.966s
 327000 +8.83936230e+00 +8.83729667e+00  2.07e-03   6.38e-04     5.08e-03   63.144s
 328000 +8.83925550e+00 +8.83736469e+00  1.89e-03   6.10e-04     4.98e-03   63.321s
 329000 +8.83850920e+00 +8.83739324e+00  1.12e-03   5.91e-04     4.55e-03   63.498s
 330000 +8.83784193e+00 +8.83755446e+00  2.87e-04   5.75e-04     4.44e-03   63.676s
 331000 +8.83812719e+00 +8.83782164e+00  3.06e-04   5.70e-04     4.27e-03   63.853s
 332000 +8.83893408e+00 +8.83784140e+00  1.09e-03   5.76e-04     4.06e-03   64.031s
 333000 +8.83929319e+00 +8.83796250e+00  1.33e-03   5.98e-04     3.96e-03   64.208s
 334000 +8.84011050e+00 +8.83816073e+00  1.95e-03   6.04e-04     3.75e-03   64.386s
 335000 +8.84037183e+00 +8.83816814e+00  2.20e-03   6.14e-04     3.52e-03   64.564s
 336000 +8.83999221e+00 +8.83827839e+00  1.71e-03   6.19e-04     3.33e-03   64.742s
 337000 +8.83967828e+00 +8.83834563e+00  1.33e-03   6.26e-04     3.30e-03   64.919s
 338000 +8.83903835e+00 +8.83854892e+00  4.89e-04   6.47e-04     2.94e-03   65.097s
 339000 +8.83879249e+00 +8.83863618e+00  1.56e-04   6.57e-04     2.73e-03   65.274s
 340000 +8.83877921e+00 +8.83873070e+00  4.85e-05   6.60e-04     2.62e-03   65.451s
 341000 +8.83903033e+00 +8.83885585e+00  1.74e-04   6.64e-04     2.23e-03   65.629s
 342000 +8.83936147e+00 +8.83906394e+00  2.98e-04   6.72e-04     2.16e-03   65.806s
 343000 +8.84010217e+00 +8.83910055e+00  1.00e-03   6.73e-04     1.73e-03   65.983s
 344000 +8.84019294e+00 +8.83902110e+00  1.17e-03   6.71e-04     1.71e-03   66.161s
 345000 +8.83994249e+00 +8.83901349e+00  9.29e-04   6.72e-04     1.47e-03   66.338s
 346000 +8.84002831e+00 +8.83908348e+00  9.45e-04   6.73e-04     1.40e-03   66.515s
 347000 +8.84041780e+00 +8.83920953e+00  1.21e-03   6.67e-04     1.21e-03   66.692s
 348000 +8.84106896e+00 +8.83912897e+00  1.94e-03   6.62e-04     1.17e-03   66.870s
 349000 +8.84099034e+00 +8.83910000e+00  1.89e-03   6.63e-04     1.04e-03   67.046s
 350000 +8.84037519e+00 +8.83908824e+00  1.29e-03   6.53e-04     8.64e-04   67.223s
 351000 +8.83978180e+00 +8.83916507e+00  6.17e-04   6.41e-04     8.60e-04   67.400s
 352000 +8.83946256e+00 +8.83918545e+00  2.77e-04   6.22e-04     9.20e-04   67.576s
 353000 +8.83918254e+00 +8.83916200e+00  2.05e-05   6.13e-04     8.83e-04   67.755s
 354000 +8.83911376e+00 +8.83916619e+00  5.24e-05   6.06e-04     8.16e-04   67.932s
 355000 +8.83922471e+00 +8.83915271e+00  7.20e-05   6.01e-04     7.71e-04   68.108s
 356000 +8.83930379e+00 +8.83913695e+00  1.67e-04   5.99e-04     7.26e-04   68.285s
 357000 +8.83938699e+00 +8.83911910e+00  2.68e-04   5.96e-04     6.98e-04   68.462s
 358000 +8.83939369e+00 +8.83910475e+00  2.89e-04   5.94e-04     6.69e-04   68.639s
 359000 +8.83934906e+00 +8.83910296e+00  2.46e-04   5.90e-04     6.26e-04   68.816s
 360000 +8.83928727e+00 +8.83910307e+00  1.84e-04   5.86e-04     5.83e-04   68.992s
 361000 +8.83922452e+00 +8.83911417e+00  1.10e-04   5.83e-04     5.41e-04   69.168s
 362000 +8.83914672e+00 +8.83913391e+00  1.28e-05   5.81e-04     5.06e-04   69.345s
 363000 +8.83911992e+00 +8.83916928e+00  4.94e-05   5.79e-04     4.81e-04   69.521s
 364000 +8.83917680e+00 +8.83920452e+00  2.77e-05   5.78e-04     4.67e-04   69.698s
 365000 +8.83925208e+00 +8.83923454e+00  1.75e-05   5.76e-04     4.63e-04   69.874s
 366000 +8.83933019e+00 +8.83926042e+00  6.98e-05   5.75e-04     4.63e-04   70.050s
 367000 +8.83936962e+00 +8.83928648e+00  8.31e-05   5.74e-04     4.60e-04   70.227s
 368000 +8.83938426e+00 +8.83931437e+00  6.99e-05   5.72e-04     4.56e-04   70.403s
 369000 +8.83939939e+00 +8.83934054e+00  5.89e-05   5.71e-04     4.48e-04   70.579s
 370000 +8.83943262e+00 +8.83936709e+00  6.55e-05   5.69e-04     4.31e-04   70.756s
 371000 +8.83947195e+00 +8.83939091e+00  8.10e-05   5.67e-04     4.13e-04   70.934s
 372000 +8.83951629e+00 +8.83941693e+00  9.94e-05   5.65e-04     3.93e-04   71.111s
 373000 +8.83956028e+00 +8.83944200e+00  1.18e-04   5.63e-04     3.72e-04   71.288s
 374000 +8.83961277e+00 +8.83947174e+00  1.41e-04   5.61e-04     3.53e-04   71.464s
 375000 +8.83969335e+00 +8.83949750e+00  1.96e-04   5.60e-04     3.38e-04   71.641s
 376000 +8.83976519e+00 +8.83952116e+00  2.44e-04   5.58e-04     3.25e-04   71.819s
 377000 +8.83982520e+00 +8.83954015e+00  2.85e-04   5.55e-04     3.17e-04   71.995s
 378000 +8.83986900e+00 +8.83955888e+00  3.10e-04   5.53e-04     3.07e-04   72.172s
 379000 +8.83988680e+00 +8.83957202e+00  3.15e-04   5.50e-04     3.01e-04   72.349s
 380000 +8.83989294e+00 +8.83958080e+00  3.12e-04   5.47e-04     2.90e-04   72.526s
 381000 +8.83987107e+00 +8.83959152e+00  2.80e-04   5.45e-04     2.78e-04   72.703s
 382000 +8.83984798e+00 +8.83960853e+00  2.39e-04   5.42e-04     2.88e-04   72.880s
 383000 +8.83983022e+00 +8.83961206e+00  2.18e-04   5.39e-04     2.69e-04   73.056s
 384000 +8.83981109e+00 +8.83961631e+00  1.95e-04   5.38e-04     2.73e-04   73.233s
 385000 +8.83981134e+00 +8.83962822e+00  1.83e-04   5.36e-04     2.75e-04   73.410s
 386000 +8.83982187e+00 +8.83963665e+00  1.85e-04   5.34e-04     2.72e-04   73.587s
 387000 +8.83982706e+00 +8.83963417e+00  1.93e-04   5.32e-04     2.81e-04   73.763s
 388000 +8.83979403e+00 +8.83962921e+00  1.65e-04   5.31e-04     2.68e-04   73.940s
 389000 +8.83975083e+00 +8.83962376e+00  1.27e-04   5.30e-04     2.83e-04   74.117s
 390000 +8.83973353e+00 +8.83963737e+00  9.62e-05   5.29e-04     2.70e-04   74.294s
 391000 +8.83972067e+00 +8.83962172e+00  9.89e-05   5.29e-04     2.73e-04   74.471s
 392000 +8.83971921e+00 +8.83961854e+00  1.01e-04   5.28e-04     2.56e-04   74.647s
 393000 +8.83968480e+00 +8.83960157e+00  8.32e-05   5.28e-04     2.44e-04   74.824s
 394000 +8.83965590e+00 +8.83959770e+00  5.82e-05   5.28e-04     2.32e-04   75.001s
 395000 +8.83963758e+00 +8.83959918e+00  3.84e-05   5.28e-04     2.08e-04   75.178s
 396000 +8.83965310e+00 +8.83958321e+00  6.99e-05   5.28e-04     1.98e-04   75.355s
 397000 +8.83964618e+00 +8.83957064e+00  7.55e-05   5.29e-04     1.71e-04   75.531s
 398000 +8.83961523e+00 +8.83956225e+00  5.30e-05   5.29e-04     1.60e-04   75.708s
 399000 +8.83961367e+00 +8.83956040e+00  5.33e-05   5.29e-04     1.44e-04   75.885s
 400000 +8.83960333e+00 +8.83955538e+00  4.79e-05   5.29e-04     1.63e-04   76.063s
 401000 +8.83961427e+00 +8.83954287e+00  7.14e-05   5.29e-04     1.75e-04   76.240s
 402000 +8.83961649e+00 +8.83954863e+00  6.79e-05   5.29e-04     1.89e-04   76.416s
 403000 +8.83961684e+00 +8.83953835e+00  7.85e-05   5.28e-04     2.50e-04   76.593s
 404000 +8.83960309e+00 +8.83954861e+00  5.45e-05   5.28e-04     2.51e-04   76.770s
 405000 +8.83960787e+00 +8.83956175e+00  4.61e-05   5.28e-04     2.87e-04   76.946s
 406000 +8.83963034e+00 +8.83956087e+00  6.95e-05   5.28e-04     3.12e-04   77.123s
 407000 +8.83964832e+00 +8.83956417e+00  8.41e-05   5.27e-04     4.23e-04   77.301s
 408000 +8.83966627e+00 +8.83953924e+00  1.27e-04   5.27e-04     4.87e-04   77.477s
 409000 +8.83967403e+00 +8.83956980e+00  1.04e-04   5.26e-04     5.40e-04   77.653s
 410000 +8.83967256e+00 +8.83952073e+00  1.52e-04   5.25e-04     6.18e-04   77.829s
 411000 +8.83969762e+00 +8.83951596e+00  1.82e-04   5.22e-04     7.21e-04   78.006s
 412000 +8.83967790e+00 +8.83929425e+00  3.84e-04   5.17e-04     8.68e-04   78.182s
 413000 +8.83958563e+00 +8.83921771e+00  3.68e-04   5.07e-04     1.47e-03   78.358s
 414000 +8.83951351e+00 +8.83913686e+00  3.77e-04   4.95e-04     1.87e-03   78.535s
 415000 +8.83956088e+00 +8.83942470e+00  1.36e-04   4.78e-04     1.69e-03   78.711s
 416000 +8.83972324e+00 +8.83938350e+00  3.40e-04   4.65e-04     1.91e-03   78.888s
 417000 +8.83972596e+00 +8.83927750e+00  4.48e-04   4.49e-04     2.18e-03   79.064s
 418000 +8.83973728e+00 +8.83914495e+00  5.92e-04   4.29e-04     2.49e-03   79.240s
 419000 +8.83976955e+00 +8.83923137e+00  5.38e-04   4.13e-04     2.72e-03   79.416s
 420000 +8.83993671e+00 +8.83908185e+00  8.55e-04   3.94e-04     2.68e-03   79.593s
 421000 +8.83988755e+00 +8.83873307e+00  1.15e-03   3.80e-04     2.81e-03   79.769s
 422000 +8.83970316e+00 +8.83865571e+00  1.05e-03   3.65e-04     2.85e-03   79.946s
 423000 +8.83965181e+00 +8.83852471e+00  1.13e-03   3.49e-04     2.91e-03   80.122s
 424000 +8.83966191e+00 +8.83844836e+00  1.21e-03   3.30e-04     2.85e-03   80.299s
 425000 +8.83968143e+00 +8.83813307e+00  1.55e-03   3.12e-04     2.86e-03   80.477s
 426000 +8.83963187e+00 +8.83814229e+00  1.49e-03   2.97e-04     2.87e-03   80.654s
 427000 +8.83970469e+00 +8.83815422e+00  1.55e-03   2.82e-04     2.84e-03   80.832s
 428000 +8.83974782e+00 +8.83812186e+00  1.63e-03   2.70e-04     2.78e-03   81.009s
 429000 +8.83969249e+00 +8.83803864e+00  1.65e-03   2.54e-04     2.83e-03   81.185s
 430000 +8.83962812e+00 +8.83797843e+00  1.65e-03   2.42e-04     2.87e-03   81.362s
 431000 +8.83960425e+00 +8.83799073e+00  1.61e-03   2.29e-04     2.88e-03   81.539s
 432000 +8.83967691e+00 +8.83783541e+00  1.84e-03   2.16e-04     2.79e-03   81.715s
 433000 +8.83961199e+00 +8.83771503e+00  1.90e-03   2.05e-04     2.74e-03   81.892s
 434000 +8.83945487e+00 +8.83770145e+00  1.75e-03   1.86e-04     2.78e-03   82.069s
 435000 +8.83934322e+00 +8.83773625e+00  1.61e-03   1.72e-04     2.83e-03   82.245s
 436000 +8.83927246e+00 +8.83781437e+00  1.46e-03   1.57e-04     2.88e-03   82.423s
 437000 +8.83922519e+00 +8.83778546e+00  1.44e-03   1.45e-04     2.76e-03   82.600s
 438000 +8.83924698e+00 +8.83788359e+00  1.36e-03   1.34e-04     2.88e-03   82.778s
 439000 +8.83939556e+00 +8.83789855e+00  1.50e-03   1.21e-04     2.78e-03   82.955s
 440000 +8.83954313e+00 +8.83787517e+00  1.67e-03   1.15e-04     2.83e-03   83.132s
 441000 +8.83966057e+00 +8.83796363e+00  1.70e-03   1.08e-04     2.70e-03   83.309s
 442000 +8.83967153e+00 +8.83798459e+00  1.69e-03   1.03e-04     2.70e-03   83.486s
 443000 +8.83968324e+00 +8.83810812e+00  1.58e-03   9.83e-05     2.63e-03   83.663s
 444000 +8.83970896e+00 +8.83807820e+00  1.63e-03   9.09e-05     2.62e-03   83.840s
 445000 +8.83969948e+00 +8.83809927e+00  1.60e-03   8.47e-05     2.49e-03   84.016s
 446000 +8.83964998e+00 +8.83811683e+00  1.53e-03   7.65e-05     2.45e-03   84.193s
 447000 +8.83959956e+00 +8.83829845e+00  1.30e-03   7.42e-05     2.43e-03   84.370s
 448000 +8.83961126e+00 +8.83846154e+00  1.15e-03   6.86e-05     2.40e-03   84.547s
 449000 +8.83960169e+00 +8.83848921e+00  1.11e-03   6.61e-05     2.44e-03   84.724s
 450000 +8.83964489e+00 +8.83864309e+00  1.00e-03   6.17e-05     2.29e-03   84.901s
 451000 +8.83969506e+00 +8.83862681e+00  1.07e-03   6.12e-05     2.19e-03   85.079s
 452000 +8.83973427e+00 +8.83866320e+00  1.07e-03   6.27e-05     2.01e-03   85.256s
 453000 +8.83975920e+00 +8.83870227e+00  1.06e-03   6.08e-05     1.85e-03   85.434s
 454000 +8.83972610e+00 +8.83873544e+00  9.91e-04   6.15e-05     1.78e-03   85.611s
 455000 +8.83973065e+00 +8.83877850e+00  9.52e-04   5.87e-05     1.71e-03   85.788s
 456000 +8.83974625e+00 +8.83889612e+00  8.50e-04   6.02e-05     1.55e-03   85.966s
 457000 +8.83976692e+00 +8.83895933e+00  8.08e-04   5.89e-05     1.47e-03   86.143s
 458000 +8.83976231e+00 +8.83899359e+00  7.69e-04   5.38e-05     1.39e-03   86.320s
 459000 +8.83975620e+00 +8.83903981e+00  7.16e-04   5.12e-05     1.40e-03   86.499s
 460000 +8.83976951e+00 +8.83907631e+00  6.93e-04   5.11e-05     1.41e-03   86.676s
 461000 +8.83976849e+00 +8.83908057e+00  6.88e-04   5.13e-05     1.43e-03   86.854s
 462000 +8.83975405e+00 +8.83907573e+00  6.78e-04   5.16e-05     1.43e-03   87.031s
 463000 +8.83972688e+00 +8.83907926e+00  6.48e-04   5.22e-05     1.42e-03   87.208s
 464000 +8.83969378e+00 +8.83908620e+00  6.08e-04   5.34e-05     1.40e-03   87.386s
 465000 +8.83965983e+00 +8.83908919e+00  5.71e-04   5.50e-05     1.36e-03   87.562s
 466000 +8.83962758e+00 +8.83910009e+00  5.27e-04   5.67e-05     1.31e-03   87.738s
 467000 +8.83960878e+00 +8.83911817e+00  4.91e-04   5.82e-05     1.27e-03   87.915s
 468000 +8.83960046e+00 +8.83913988e+00  4.61e-04   5.94e-05     1.23e-03   88.091s
 469000 +8.83959734e+00 +8.83914953e+00  4.48e-04   6.04e-05     1.19e-03   88.267s
 470000 +8.83959153e+00 +8.83916164e+00  4.30e-04   6.12e-05     1.15e-03   88.442s
 471000 +8.83958173e+00 +8.83917679e+00  4.05e-04   6.18e-05     1.12e-03   88.618s
 472000 +8.83957162e+00 +8.83919706e+00  3.75e-04   6.23e-05     1.10e-03   88.794s
 473000 +8.83956122e+00 +8.83921970e+00  3.42e-04   6.27e-05     1.06e-03   88.970s
 474000 +8.83954746e+00 +8.83924081e+00  3.07e-04   6.29e-05     1.04e-03   89.145s
 475000 +8.83953131e+00 +8.83926763e+00  2.64e-04   6.28e-05     1.01e-03   89.321s
 476000 +8.83951796e+00 +8.83929688e+00  2.21e-04   6.24e-05     9.85e-04   89.497s
 477000 +8.83951000e+00 +8.83932193e+00  1.88e-04   6.18e-05     9.66e-04   89.673s
 478000 +8.83950481e+00 +8.83934754e+00  1.57e-04   6.10e-05     9.50e-04   89.849s
 479000 +8.83950195e+00 +8.83937093e+00  1.31e-04   5.99e-05     9.35e-04   90.025s
 480000 +8.83950454e+00 +8.83939704e+00  1.08e-04   5.86e-05     9.20e-04   90.201s
 481000 +8.83951235e+00 +8.83941847e+00  9.39e-05   5.70e-05     9.10e-04   90.377s
 482000 +8.83952391e+00 +8.83943860e+00  8.53e-05   5.53e-05     9.01e-04   90.553s
 483000 +8.83953817e+00 +8.83945807e+00  8.01e-05   5.33e-05     8.93e-04   90.729s
 484000 +8.83955308e+00 +8.83947662e+00  7.65e-05   5.12e-05     8.86e-04   90.905s
 485000 +8.83956638e+00 +8.83949437e+00  7.20e-05   4.90e-05     8.80e-04   91.081s
 486000 +8.83957575e+00 +8.83951082e+00  6.49e-05   4.67e-05     8.74e-04   91.257s
 487000 +8.83958261e+00 +8.83952762e+00  5.50e-05   4.42e-05     8.68e-04   91.433s
 488000 +8.83958891e+00 +8.83954491e+00  4.40e-05   4.17e-05     8.62e-04   91.609s
 489000 +8.83959463e+00 +8.83955778e+00  3.68e-05   3.91e-05     8.57e-04   91.785s
 490000 +8.83959802e+00 +8.83956804e+00  3.00e-05   3.65e-05     8.53e-04   91.961s
 491000 +8.83959896e+00 +8.83957542e+00  2.35e-05   3.38e-05     8.50e-04   92.137s
 492000 +8.83960040e+00 +8.83958274e+00  1.77e-05   3.11e-05     8.50e-04   92.313s
 493000 +8.83960201e+00 +8.83958614e+00  1.59e-05   2.84e-05     8.52e-04   92.489s
 494000 +8.83960348e+00 +8.83958648e+00  1.70e-05   2.58e-05     8.53e-04   92.665s
 495000 +8.83960495e+00 +8.83958703e+00  1.79e-05   2.32e-05     8.55e-04   92.841s
 496000 +8.83960792e+00 +8.83958807e+00  1.98e-05   2.07e-05     8.56e-04   93.016s
 497000 +8.83961283e+00 +8.83958690e+00  2.59e-05   1.82e-05     8.59e-04   93.192s
 498000 +8.83961790e+00 +8.83958423e+00  3.37e-05   1.59e-05     8.61e-04   93.367s
 499000 +8.83962139e+00 +8.83957856e+00  4.28e-05   1.37e-05     8.63e-04   93.543s
 500000 +8.83962209e+00 +8.83957310e+00  4.90e-05   1.18e-05     8.65e-04   93.719s
 501000 +8.83962029e+00 +8.83956523e+00  5.51e-05   1.01e-05     8.67e-04   93.895s
 502000 +8.83961668e+00 +8.83955632e+00  6.04e-05   8.65e-06     8.68e-04   94.071s
 503000 +8.83961188e+00 +8.83954753e+00  6.43e-05   7.63e-06     8.68e-04   94.246s
 504000 +8.83960775e+00 +8.83953891e+00  6.88e-05   6.98e-06     8.66e-04   94.422s
 505000 +8.83960437e+00 +8.83952869e+00  7.57e-05   6.65e-06     8.64e-04   94.598s
 506000 +8.83960150e+00 +8.83951618e+00  8.53e-05   6.52e-06     8.62e-04   94.775s
 507000 +8.83959892e+00 +8.83950375e+00  9.52e-05   6.50e-06     8.62e-04   94.952s
 508000 +8.83959796e+00 +8.83949249e+00  1.05e-04   6.46e-06     8.62e-04   95.129s
 509000 +8.83959834e+00 +8.83948003e+00  1.18e-04   6.36e-06     8.64e-04   95.307s
 510000 +8.83959890e+00 +8.83946835e+00  1.31e-04   6.19e-06     8.64e-04   95.484s
 511000 +8.83959911e+00 +8.83945661e+00  1.43e-04   5.94e-06     8.67e-04   95.661s
 512000 +8.83959974e+00 +8.83944738e+00  1.52e-04   5.62e-06     8.70e-04   95.839s
 513000 +8.83960068e+00 +8.83943801e+00  1.63e-04   5.23e-06     8.74e-04   96.016s
 514000 +8.83960138e+00 +8.83942810e+00  1.73e-04   4.77e-06     8.78e-04   96.193s
 515000 +8.83960053e+00 +8.83941919e+00  1.81e-04   4.26e-06     8.83e-04   96.371s
 516000 +8.83959912e+00 +8.83941154e+00  1.88e-04   3.76e-06     8.88e-04   96.548s
 517000 +8.83959885e+00 +8.83940477e+00  1.94e-04   3.36e-06     8.91e-04   96.726s
 518000 +8.83959695e+00 +8.83940308e+00  1.94e-04   3.67e-06     8.92e-04   96.904s
 519000 +8.83959483e+00 +8.83940235e+00  1.92e-04   4.67e-06     8.91e-04   97.082s
 520000 +8.83959288e+00 +8.83940171e+00  1.91e-04   5.91e-06     8.90e-04   97.259s
 521000 +8.83959207e+00 +8.83940138e+00  1.91e-04   7.17e-06     8.88e-04   97.436s
 522000 +8.83959247e+00 +8.83940122e+00  1.91e-04   8.36e-06     8.86e-04   97.614s
 523000 +8.83959394e+00 +8.83940110e+00  1.93e-04   9.46e-06     8.84e-04   97.791s
 524000 +8.83959613e+00 +8.83940122e+00  1.95e-04   1.05e-05     8.82e-04   97.968s
 525000 +8.83959913e+00 +8.83940169e+00  1.97e-04   1.14e-05     8.80e-04   98.145s
 526000 +8.83960251e+00 +8.83940235e+00  2.00e-04   1.22e-05     8.79e-04   98.321s
 527000 +8.83960555e+00 +8.83940306e+00  2.02e-04   1.29e-05     8.77e-04   98.497s
 528000 +8.83960755e+00 +8.83940388e+00  2.04e-04   1.35e-05     8.76e-04   98.673s
 529000 +8.83960845e+00 +8.83940492e+00  2.04e-04   1.40e-05     8.75e-04   98.850s
 530000 +8.83960837e+00 +8.83940609e+00  2.02e-04   1.44e-05     8.74e-04   99.026s
 531000 +8.83960745e+00 +8.83940725e+00  2.00e-04   1.46e-05     8.73e-04   99.202s
 532000 +8.83960584e+00 +8.83940841e+00  1.97e-04   1.47e-05     8.72e-04   99.379s
 533000 +8.83960403e+00 +8.83940964e+00  1.94e-04   1.47e-05     8.71e-04   99.555s
 534000 +8.83960259e+00 +8.83941092e+00  1.92e-04   1.45e-05     8.71e-04   99.731s
 535000 +8.83960184e+00 +8.83941212e+00  1.90e-04   1.43e-05     8.70e-04   99.907s
 536000 +8.83960178e+00 +8.83941323e+00  1.89e-04   1.39e-05     8.70e-04   100.083s
 537000 +8.83960239e+00 +8.83941430e+00  1.88e-04   1.34e-05     8.70e-04   100.259s
 538000 +8.83960356e+00 +8.83941532e+00  1.88e-04   1.28e-05     8.70e-04   100.435s
 539000 +8.83960511e+00 +8.83941625e+00  1.89e-04   1.21e-05     8.69e-04   100.611s
 540000 +8.83960667e+00 +8.83941711e+00  1.90e-04   1.13e-05     8.69e-04   100.788s
 541000 +8.83960807e+00 +8.83941796e+00  1.90e-04   1.05e-05     8.69e-04   100.965s
 542000 +8.83960911e+00 +8.83941877e+00  1.90e-04   9.69e-06     8.69e-04   101.141s
 543000 +8.83960970e+00 +8.83941950e+00  1.90e-04   8.83e-06     8.69e-04   101.317s
 544000 +8.83960978e+00 +8.83942012e+00  1.90e-04   7.95e-06     8.69e-04   101.493s
 545000 +8.83960951e+00 +8.83942065e+00  1.89e-04   7.07e-06     8.69e-04   101.669s
 546000 +8.83960912e+00 +8.83942107e+00  1.88e-04   6.21e-06     8.69e-04   101.846s
 547000 +8.83960875e+00 +8.83942131e+00  1.87e-04   5.39e-06     8.68e-04   102.022s
 548000 +8.83960843e+00 +8.83942138e+00  1.87e-04   4.61e-06     8.68e-04   102.198s
 549000 +8.83960828e+00 +8.83942135e+00  1.87e-04   3.89e-06     8.68e-04   102.375s
 550000 +8.83960841e+00 +8.83942125e+00  1.87e-04   3.24e-06     8.68e-04   102.552s
 551000 +8.83960886e+00 +8.83942107e+00  1.88e-04   2.66e-06     8.68e-04   102.728s
 552000 +8.83960946e+00 +8.83942084e+00  1.89e-04   2.16e-06     8.68e-04   102.904s
 553000 +8.83961015e+00 +8.83942062e+00  1.90e-04   1.76e-06     8.68e-04   103.080s
 554000 +8.83961089e+00 +8.83942043e+00  1.90e-04   1.45e-06     8.69e-04   103.256s
 555000 +8.83961161e+00 +8.83942020e+00  1.91e-04   1.23e-06     8.69e-04   103.433s
 556000 +8.83961218e+00 +8.83941992e+00  1.92e-04   1.07e-06     8.69e-04   103.609s
 557000 +8.83961250e+00 +8.83941960e+00  1.93e-04   9.54e-07     8.69e-04   103.785s
 558000 +8.83961275e+00 +8.83942046e+00  1.92e-04   4.07e-06     8.67e-04   103.962s
 559000 +8.83962083e+00 +8.83943306e+00  1.88e-04   2.07e-05     8.45e-04   104.137s
 560000 +8.83964445e+00 +8.83944189e+00  2.03e-04   2.89e-05     8.19e-04   104.314s
 561000 +8.83963230e+00 +8.83943202e+00  2.00e-04   3.24e-05     8.14e-04   104.492s
 562000 +8.83961805e+00 +8.83941729e+00  2.01e-04   3.58e-05     8.06e-04   104.670s
 563000 +8.83959881e+00 +8.83940897e+00  1.90e-04   3.84e-05     7.79e-04   104.847s
 564000 +8.83957138e+00 +8.83938971e+00  1.82e-04   4.04e-05     7.69e-04   105.025s
 565000 +8.83951707e+00 +8.83937482e+00  1.42e-04   4.14e-05     7.42e-04   105.202s
 566000 +8.83950604e+00 +8.83938840e+00  1.18e-04   4.16e-05     7.16e-04   105.379s
 567000 +8.83959319e+00 +8.83940515e+00  1.88e-04   4.14e-05     7.02e-04   105.556s
 568000 +8.83971744e+00 +8.83940746e+00  3.10e-04   4.36e-05     6.79e-04   105.733s
 569000 +8.83978853e+00 +8.83938684e+00  4.02e-04   4.78e-05     6.50e-04   105.910s
 570000 +8.83975959e+00 +8.83937252e+00  3.87e-04   4.99e-05     6.26e-04   106.087s
 571000 +8.83967372e+00 +8.83937935e+00  2.94e-04   5.10e-05     6.21e-04   106.265s
 572000 +8.83960883e+00 +8.83939923e+00  2.10e-04   5.28e-05     6.08e-04   106.442s
 573000 +8.83959698e+00 +8.83940962e+00  1.87e-04   5.47e-05     5.85e-04   106.620s
 574000 +8.83958137e+00 +8.83940548e+00  1.76e-04   5.60e-05     5.64e-04   106.797s
 575000 +8.83956198e+00 +8.83941344e+00  1.49e-04   5.65e-05     5.44e-04   106.974s
 576000 +8.83955139e+00 +8.83942338e+00  1.28e-04   5.75e-05     5.23e-04   107.151s
 577000 +8.83955941e+00 +8.83942722e+00  1.32e-04   5.93e-05     5.17e-04   107.329s
 578000 +8.83956689e+00 +8.83943932e+00  1.28e-04   6.17e-05     4.92e-04   107.506s
 579000 +8.83957520e+00 +8.83946000e+00  1.15e-04   6.39e-05     4.65e-04   107.683s
 580000 +8.83959446e+00 +8.83946263e+00  1.32e-04   6.49e-05     4.46e-04   107.861s
 581000 +8.83958225e+00 +8.83945806e+00  1.24e-04   6.55e-05     4.34e-04   108.038s
 582000 +8.83957253e+00 +8.83946006e+00  1.12e-04   6.62e-05     4.25e-04   108.216s
 583000 +8.83956556e+00 +8.83947087e+00  9.47e-05   6.64e-05     4.11e-04   108.393s
 584000 +8.83954816e+00 +8.83947770e+00  7.05e-05   6.60e-05     4.03e-04   108.571s
 585000 +8.83953357e+00 +8.83949212e+00  4.15e-05   6.58e-05     3.74e-04   108.749s
 586000 +8.83956077e+00 +8.83952011e+00  4.07e-05   6.61e-05     3.47e-04   108.926s
 587000 +8.83963520e+00 +8.83954103e+00  9.42e-05   6.61e-05     3.39e-04   109.103s
 588000 +8.83969634e+00 +8.83955433e+00  1.42e-04   6.65e-05     3.19e-04   109.281s
 589000 +8.83970646e+00 +8.83954988e+00  1.57e-04   6.65e-05     3.00e-04   109.458s
 590000 +8.83965997e+00 +8.83955235e+00  1.08e-04   6.59e-05     2.94e-04   109.636s
 591000 +8.83960120e+00 +8.83956801e+00  3.32e-05   6.52e-05     2.85e-04   109.814s
 592000 +8.83958043e+00 +8.83958402e+00  3.59e-06   6.44e-05     2.67e-04   109.991s
 592600 +8.83958708e+00 +8.83958462e+00  2.46e-06   6.37e-05     2.53e-04   110.097s
LP Solver status:                Optimal
Primal objective:                +8.83958708e+00
Dual objective:                  +8.83958462e+00
Duality gap (abs/rel):           +2.46e-06 / +1.32e-07
Primal infeasibility (abs/rel):  +6.37e-05 / +1.50e-06
Dual infeasibility (abs/rel):    +2.53e-04 / +1.63e-06
PDLP finished
Status: Optimal   Objective: 8.83958708e+00  Iterations: 592600  Time: 110.170s

### exit_code=0
### finished=2026-08-10T14:58:35.331876
### gpu_peak_mb=5274.4
### gpu_peak2_mb=5274.4
### per_gpu_peak_mb=[5274.375, 5274.375, 5210.375, 5210.375, 5274.375, 5274.375, 5210.375, 5210.375]
