### solver=cuopt-distributed
### instance=/home/scratch.cmaes_sw/hans_lps/stormG2_1000.mps
### n_gpus=8
### CUDA_VISIBLE_DEVICES=0,1,2,3,4,5,6,7
### started=2026-08-10T14:59:11.366280
### argv=/home/scratch.vmostovoi_gpu/mostovoi_cuopt/cpp/build/cuopt_cli --method 1 --mps-reader experimental-fast --time-limit 3600 --iteration-limit 1000000000 --relative-primal-tolerance 1e-6 --relative-dual-tolerance 1e-6 --relative-gap-tolerance 1e-6 --log-to-console true --num-gpus 8 /home/scratch.cmaes_sw/hans_lps/stormG2_1000.mps
### --- solver output ---
Setting parameter iteration_limit to 1000000000
Setting parameter log_to_console to true
Setting parameter method to 1
Setting parameter num_gpus to 8
Setting parameter relative_dual_tolerance to 1.000000e-06
Setting parameter relative_gap_tolerance to 1.000000e-06
Setting parameter relative_primal_tolerance to 1.000000e-06
Setting parameter time_limit to 3.600000e+03
Reading file stormG2_1000.mps
Using experimental fast MPS parser for '/home/scratch.cmaes_sw/hans_lps/stormG2_1000.mps'
Read file stormG2_1000.mps in 0.59 seconds
cuOpt version: 26.10.0, git hash: f3ebc673, host arch: x86_64, device archs: 100a-real
CPU: INTEL(R) XEON(R) PLATINUM 8570, threads (physical/logical): 112/224, RAM (available/total): 1962.51 / 2015.54 GiB
CUDA 13.3, device: NVIDIA B200 (ID 0), VRAM: 178.34 GiB
CUDA device UUID: 48ab7b4d-7b0a-65b7-4538-4e37338d2330
CUDA 13.3, device: NVIDIA B200 (ID 1), VRAM: 178.34 GiB
CUDA device UUID: 5dd43d25-54eb-687e-91f8-d4c917f40a3c
CUDA 13.3, device: NVIDIA B200 (ID 2), VRAM: 178.34 GiB
CUDA device UUID: a40e62a0-1502-ea41-88b7-8ebfb62f67b6
CUDA 13.3, device: NVIDIA B200 (ID 3), VRAM: 178.34 GiB
CUDA device UUID: 69c2235c-eda1-228c-f9ee-e444f16a4e31
CUDA 13.3, device: NVIDIA B200 (ID 4), VRAM: 178.34 GiB
CUDA device UUID: 92e986d5-fb1f-ac84-bd70-b03e127c762a
CUDA 13.3, device: NVIDIA B200 (ID 5), VRAM: 178.34 GiB
CUDA device UUID: fb4dfdcf-c8fe-1714-a140-0823be2fde13
CUDA 13.3, device: NVIDIA B200 (ID 6), VRAM: 178.34 GiB
CUDA device UUID: 3519c8dd-244c-a241-e2ee-ef61e97ec465
CUDA 13.3, device: NVIDIA B200 (ID 7), VRAM: 178.34 GiB
CUDA device UUID: b80ee313-5762-b760-dd9a-a5669634bef9
Solving a problem with 528185 constraints, 1259121 variables (0 integers), and 3341696 nonzeros
Using PSLP presolver
PSLP Presolved problem: 409036 constraints, 1067119 variables, 2926373 non-zeros
PSLP presolve time: 0.70s
Solving with distributed PDLP on 8 GPUs.
NCCL version 2.30.7+cuda13.3
      0 +2.30625000e+03 +2.30625000e+03  0.00e+00   7.81e+04     1.48e+06   4.711s
   1000 +1.32672039e+07 +1.40770290e+07  8.10e+05   8.03e+01     2.25e+02   5.082s
   2000 +1.45801942e+07 +1.59185058e+07  1.34e+06   5.52e+01     6.13e+02   5.269s
   3000 +1.55793088e+07 +1.59627082e+07  3.83e+05   1.60e+01     3.17e+02   5.456s
   4000 +1.57679140e+07 +1.58994810e+07  1.32e+05   8.63e+00     1.89e+02   5.643s
   5000 +1.58160937e+07 +1.58878505e+07  7.18e+04   4.78e+00     9.22e+01   5.828s
   6000 +1.58363990e+07 +1.58804142e+07  4.40e+04   8.69e-01     6.85e+01   6.015s
   7000 +1.58412326e+07 +1.58624000e+07  2.12e+04   1.79e+00     3.14e+01   6.200s
   8000 +1.58329210e+07 +1.58538511e+07  2.09e+04   1.81e+00     2.55e+01   6.386s
   9000 +1.58268751e+07 +1.58491304e+07  2.23e+04   2.19e+00     1.63e+01   6.571s
  10000 +1.58613826e+07 +1.58399444e+07  2.14e+04   8.82e+00     1.24e+01   6.758s
  11000 +1.58726987e+07 +1.58038446e+07  6.89e+04   6.60e+00     7.14e+00   6.935s
  12000 +1.58332545e+07 +1.58073870e+07  2.59e+04   3.66e+00     5.43e+00   7.114s
  13000 +1.58362279e+07 +1.58014110e+07  3.48e+04   1.20e+00     1.65e+00   7.291s
  14000 +1.58260735e+07 +1.58026166e+07  2.35e+04   1.22e+00     1.34e+00   7.468s
  15000 +1.58180382e+07 +1.57979083e+07  2.01e+04   7.65e-01     6.67e+00   7.647s
  16000 +1.58076633e+07 +1.57976483e+07  1.00e+04   7.53e-01     1.00e+01   7.824s
  17000 +1.58016634e+07 +1.57979234e+07  3.74e+03   3.20e+00     7.78e+00   8.001s
  18000 +1.57970875e+07 +1.57999597e+07  2.87e+03   1.23e+00     5.24e+00   8.179s
  19000 +1.58028290e+07 +1.58012716e+07  1.56e+03   7.47e-01     3.04e+00   8.356s
  20000 +1.58009587e+07 +1.58013041e+07  3.45e+02   1.65e-01     2.86e+00   8.535s
  21000 +1.57994332e+07 +1.58017053e+07  2.27e+03   8.37e-01     1.82e+00   8.712s
  22000 +1.57993316e+07 +1.58025035e+07  3.17e+03   6.34e-01     6.58e-01   8.893s
  23000 +1.58015181e+07 +1.58025725e+07  1.05e+03   3.83e-01     3.05e-01   9.073s
  24000 +1.58021550e+07 +1.58026336e+07  4.79e+02   1.77e-01     2.86e-01   9.254s
  25000 +1.58023601e+07 +1.58026490e+07  2.89e+02   6.45e-02     3.55e-01   9.433s
  25400 +1.58025931e+07 +1.58025894e+07  3.70e+00   6.97e-02     3.15e-01   9.504s
LP Solver status:                Optimal
Primal objective:                +1.58025931e+07
Dual objective:                  +1.58025894e+07
Duality gap (abs/rel):           +3.70e+00 / +1.17e-07
Primal infeasibility (abs/rel):  +6.97e-02 / +8.92e-07
Dual infeasibility (abs/rel):    +3.15e-01 / +2.12e-07
PDLP finished
Status: Optimal   Objective: 1.58025931e+07  Iterations: 25400  Time: 9.615s

### exit_code=0
### finished=2026-08-10T14:59:30.113154
### gpu_peak_mb=5370.4
### gpu_peak2_mb=5274.4
### per_gpu_peak_mb=[5370.375, 5242.375, 5274.375, 5274.375, 5274.375, 5274.375, 5274.375, 5242.375]
