### solver=cuopt-distributed
### instance=/home/scratch.vmostovoi_gpu/datasets/big_lp/google/supply-chain.mps
### n_gpus=8
### CUDA_VISIBLE_DEVICES=0,1,2,3,4,5,6,7
### started=2026-07-23T13:47:28.399438
### argv=/home/scratch.vmostovoi_gpu/mostovoi_cuopt/cpp/build/cuopt_cli --use-distributed-pdlp true --method 1 --mps-reader experimental-fast --time-limit 3600 --iteration-limit 1000000000 --relative-primal-tolerance 1e-6 --relative-dual-tolerance 1e-6 --relative-gap-tolerance 1e-6 --log-to-console true /home/scratch.vmostovoi_gpu/datasets/big_lp/google/supply-chain.mps
### --- solver output ---
Setting parameter iteration_limit to 1000000000
Setting parameter log_to_console to true
Setting parameter method to 1
Setting parameter relative_dual_tolerance to 1.000000e-06
Setting parameter relative_gap_tolerance to 1.000000e-06
Setting parameter relative_primal_tolerance to 1.000000e-06
Setting parameter time_limit to 3.600000e+03
Setting parameter use_distributed_pdlp to true
Reading file supply-chain.mps
Using experimental fast MPS parser for '/home/scratch.vmostovoi_gpu/datasets/big_lp/google/supply-chain.mps'
Read file supply-chain.mps in 30.51 seconds
cuOpt version: 26.8.0, git hash: 7116ead1, host arch: x86_64, device archs: 100a-real
CPU: INTEL(R) XEON(R) PLATINUM 8570, threads (physical/logical): 112/224, RAM: 1822.74 GiB
CUDA 13.3, device: NVIDIA B200 (ID 0), VRAM: 178.34 GiB
CUDA device UUID: 1101c152-91de-d40c-4303-b5ce8c0f2273
CUDA 13.3, device: NVIDIA B200 (ID 1), VRAM: 178.34 GiB
CUDA device UUID: 49be7011-908d-9c3a-b85d-1e9d54a2cf8e
CUDA 13.3, device: NVIDIA B200 (ID 2), VRAM: 178.34 GiB
CUDA device UUID: c614d33b-3b33-0212-03db-a5a3d4d53c09
CUDA 13.3, device: NVIDIA B200 (ID 3), VRAM: 178.34 GiB
CUDA device UUID: f0efe03d-7a32-7393-9416-2efd0f75b715
CUDA 13.3, device: NVIDIA B200 (ID 4), VRAM: 178.34 GiB
CUDA device UUID: f4d480a1-39f3-40e0-6e96-bb5c4d165711
CUDA 13.3, device: NVIDIA B200 (ID 5), VRAM: 178.34 GiB
CUDA device UUID: 95da5925-7088-4fc6-b10d-a260ca702b29
CUDA 13.3, device: NVIDIA B200 (ID 6), VRAM: 178.34 GiB
CUDA device UUID: 68992ffe-0591-7d4f-b826-1cb98b6bde20
CUDA 13.3, device: NVIDIA B200 (ID 7), VRAM: 178.34 GiB
CUDA device UUID: 5656cf7f-5639-9407-be3e-a913830b7634
Solving a problem with 2210100 constraints, 201000100 variables (0 integers), and 403000100 nonzeros
Using PSLP presolver
PSLP Presolved problem: 2210077 constraints, 200997800 variables, 402995500 non-zeros
PSLP presolve time: 87.63s
Solving with distributed PDLP on 8 GPUs.
NCCL version 2.30.7+cuda13.3
      0 +0.00000000e+00 +0.00000000e+00  0.00e+00   1.41e+03     1.42e+04   136.083s
   1000 +1.07052251e+08 +1.14987842e+08  7.94e+06   8.14e+03     1.44e+02   137.409s
   2000 +1.04872600e+08 +1.09882242e+08  5.01e+06   6.11e+03     4.52e+01   138.511s
   3000 +1.04365067e+08 +1.08521360e+08  4.16e+06   5.51e+03     1.71e+01   139.613s
   4000 +1.04360745e+08 +1.08112662e+08  3.75e+06   5.05e+03     8.18e+00   140.714s
   5000 +1.04441216e+08 +1.08019062e+08  3.58e+06   4.77e+03     5.17e+00   141.814s
   6000 +1.04596492e+08 +1.07954547e+08  3.36e+06   4.52e+03     3.36e+00   142.920s
   7000 +1.04792955e+08 +1.07961786e+08  3.17e+06   4.34e+03     2.63e+00   144.024s
   8000 +1.05019416e+08 +1.07971760e+08  2.95e+06   4.09e+03     2.13e+00   145.123s
   9000 +1.05251808e+08 +1.07983557e+08  2.73e+06   3.84e+03     1.84e+00   146.223s
  10000 +1.05533653e+08 +1.08008291e+08  2.47e+06   3.51e+03     2.01e+00   147.324s
  11000 +1.05980836e+08 +1.08036330e+08  2.06e+06   3.08e+03     2.10e+00   148.414s
  12000 +1.06382420e+08 +1.08048936e+08  1.67e+06   2.63e+03     1.97e+00   149.503s
  13000 +1.06683398e+08 +1.08052845e+08  1.37e+06   2.27e+03     1.74e+00   150.593s
  14000 +1.06891476e+08 +1.08055437e+08  1.16e+06   1.99e+03     1.59e+00   151.684s
  15000 +1.07062824e+08 +1.08058713e+08  9.96e+05   1.68e+03     1.85e+00   152.776s
  16000 +1.07330089e+08 +1.08069093e+08  7.39e+05   1.33e+03     2.23e+00   153.865s
  17000 +1.07550712e+08 +1.08071091e+08  5.20e+05   1.04e+03     2.10e+00   154.955s
  18000 +1.07690831e+08 +1.08069976e+08  3.79e+05   8.44e+02     1.84e+00   156.045s
  19000 +1.07776364e+08 +1.08068526e+08  2.92e+05   7.01e+02     1.61e+00   157.135s
  20000 +1.07830467e+08 +1.08067252e+08  2.37e+05   6.00e+02     1.45e+00   158.224s
  21000 +1.07865060e+08 +1.08065858e+08  2.01e+05   5.22e+02     1.33e+00   159.314s
  22000 +1.07887101e+08 +1.08065018e+08  1.78e+05   4.63e+02     1.23e+00   160.404s
  23000 +1.07909878e+08 +1.08059997e+08  1.50e+05   3.96e+02     1.07e+00   161.497s
  24000 +1.07942278e+08 +1.08059707e+08  1.17e+05   3.16e+02     1.06e+00   162.587s
  25000 +1.07969720e+08 +1.08059374e+08  8.97e+04   2.58e+02     1.04e+00   163.677s
  26000 +1.07992299e+08 +1.08058924e+08  6.66e+04   2.18e+02     1.01e+00   164.767s
  27000 +1.08008974e+08 +1.08058531e+08  4.96e+04   1.86e+02     9.68e-01   165.857s
  28000 +1.08019657e+08 +1.08057963e+08  3.83e+04   1.60e+02     9.31e-01   166.947s
  29000 +1.08025652e+08 +1.08057385e+08  3.17e+04   1.40e+02     8.95e-01   168.037s
  30000 +1.08029003e+08 +1.08056870e+08  2.79e+04   1.23e+02     8.63e-01   169.127s
  31000 +1.08030315e+08 +1.08056430e+08  2.61e+04   1.10e+02     8.39e-01   170.217s
  32000 +1.08030196e+08 +1.08055711e+08  2.55e+04   9.97e+01     8.15e-01   171.307s
  33000 +1.08029796e+08 +1.08055283e+08  2.55e+04   9.07e+01     7.94e-01   172.397s
  34000 +1.08029346e+08 +1.08054772e+08  2.54e+04   8.41e+01     7.76e-01   173.487s
  35000 +1.08029336e+08 +1.08054508e+08  2.52e+04   7.84e+01     7.66e-01   174.576s
  36000 +1.08031829e+08 +1.08052417e+08  2.06e+04   7.11e+01     7.14e-01   175.668s
  37000 +1.08034254e+08 +1.08051232e+08  1.70e+04   6.42e+01     6.56e-01   176.758s
  38000 +1.08036017e+08 +1.08049899e+08  1.39e+04   5.80e+01     5.87e-01   177.849s
  39000 +1.08036927e+08 +1.08049255e+08  1.23e+04   5.42e+01     5.60e-01   178.938s
  40000 +1.08037297e+08 +1.08048890e+08  1.16e+04   5.04e+01     5.43e-01   180.028s
  41000 +1.08037294e+08 +1.08048494e+08  1.12e+04   4.69e+01     5.34e-01   181.119s
  42000 +1.08036874e+08 +1.08048089e+08  1.12e+04   4.51e+01     5.22e-01   182.208s
  43000 +1.08036567e+08 +1.08047380e+08  1.08e+04   4.28e+01     5.02e-01   183.298s
  44000 +1.08036326e+08 +1.08046942e+08  1.06e+04   4.01e+01     4.89e-01   184.389s
  45000 +1.08036038e+08 +1.08046662e+08  1.06e+04   3.80e+01     4.82e-01   185.478s
  46000 +1.08035788e+08 +1.08046416e+08  1.06e+04   3.64e+01     4.73e-01   186.568s
  47000 +1.08035508e+08 +1.08045987e+08  1.05e+04   3.36e+01     4.61e-01   187.658s
  48000 +1.08035240e+08 +1.08045708e+08  1.05e+04   3.26e+01     4.53e-01   188.748s
  49000 +1.08035004e+08 +1.08045489e+08  1.05e+04   3.11e+01     4.47e-01   189.839s
  50000 +1.08034723e+08 +1.08045056e+08  1.03e+04   3.03e+01     4.40e-01   190.929s
  51000 +1.08034470e+08 +1.08044805e+08  1.03e+04   2.90e+01     4.36e-01   192.019s
  52000 +1.08034318e+08 +1.08044589e+08  1.03e+04   2.77e+01     4.29e-01   193.109s
  53000 +1.08034181e+08 +1.08044265e+08  1.01e+04   2.64e+01     4.20e-01   194.199s
  54000 +1.08034105e+08 +1.08044137e+08  1.00e+04   2.57e+01     4.17e-01   195.289s
  55000 +1.08034046e+08 +1.08043904e+08  9.86e+03   2.49e+01     4.10e-01   196.379s
  56000 +1.08034434e+08 +1.08041310e+08  6.88e+03   9.74e+01     3.55e-01   197.471s
  57000 +1.08034183e+08 +1.08040220e+08  6.04e+03   9.51e+01     3.35e-01   198.561s
  58000 +1.08033956e+08 +1.08039363e+08  5.41e+03   7.68e+01     3.15e-01   199.651s
  59000 +1.08033598e+08 +1.08038756e+08  5.16e+03   7.95e+01     3.02e-01   200.741s
  60000 +1.08033789e+08 +1.08038155e+08  4.37e+03   7.90e+01     2.91e-01   201.831s
  61000 +1.08033939e+08 +1.08037795e+08  3.86e+03   7.21e+01     2.83e-01   202.921s
  62000 +1.08033967e+08 +1.08037509e+08  3.54e+03   6.97e+01     2.76e-01   204.011s
  63000 +1.08033861e+08 +1.08037152e+08  3.29e+03   6.75e+01     2.67e-01   205.101s
  64000 +1.08033545e+08 +1.08036875e+08  3.33e+03   6.22e+01     2.61e-01   206.191s
  65000 +1.08033434e+08 +1.08036676e+08  3.24e+03   5.86e+01     2.55e-01   207.281s
  66000 +1.08033192e+08 +1.08036076e+08  2.88e+03   6.32e+01     2.10e-01   208.370s
  67000 +1.08032812e+08 +1.08035849e+08  3.04e+03   5.69e+01     2.07e-01   209.461s
  68000 +1.08032534e+08 +1.08035562e+08  3.03e+03   5.52e+01     1.89e-01   210.551s
  69000 +1.08032315e+08 +1.08035196e+08  2.88e+03   6.35e+01     1.67e-01   211.641s
  70000 +1.08032158e+08 +1.08034933e+08  2.77e+03   5.60e+01     1.49e-01   212.731s
  71000 +1.08031019e+08 +1.08032529e+08  1.51e+03   7.06e+02     4.03e-02   213.824s
  72000 +1.08030492e+08 +1.08032060e+08  1.57e+03   4.32e+02     1.83e-02   214.913s
  73000 +1.08031056e+08 +1.08031684e+08  6.28e+02   7.36e+02     3.70e-03   216.006s
  74000 +1.08030360e+08 +1.08031641e+08  1.28e+03   4.89e+02     8.39e-04   217.097s
  75000 +1.08030382e+08 +1.08031639e+08  1.26e+03   3.73e+02     3.76e-04   218.188s
  76000 +1.08030385e+08 +1.08031638e+08  1.25e+03   3.62e+02     2.30e-04   219.278s
  77000 +1.08030472e+08 +1.08031638e+08  1.17e+03   3.55e+02     1.63e-04   220.368s
  78000 +1.08030505e+08 +1.08031637e+08  1.13e+03   3.52e+02     1.37e-04   221.458s
  79000 +1.08030361e+08 +1.08031637e+08  1.28e+03   1.64e+02     1.37e-04   222.548s
  80000 +1.08030357e+08 +1.08031636e+08  1.28e+03   1.51e+02     2.22e-04   223.640s
  81000 +1.08030356e+08 +1.08031637e+08  1.28e+03   1.39e+02     3.03e-04   224.730s
  82000 +1.08030413e+08 +1.08031637e+08  1.22e+03   1.28e+02     3.76e-04   225.820s
  83000 +1.08030476e+08 +1.08031637e+08  1.16e+03   1.18e+02     3.62e-04   226.910s
  84000 +1.08030452e+08 +1.08031638e+08  1.19e+03   1.07e+02     2.77e-04   228.000s
  85000 +1.08030428e+08 +1.08031638e+08  1.21e+03   9.95e+01     2.14e-04   229.090s
  86000 +1.08030410e+08 +1.08031638e+08  1.23e+03   9.51e+01     2.22e-04   230.180s
  87000 +1.08030404e+08 +1.08031638e+08  1.23e+03   9.07e+01     2.09e-04   231.270s
  88000 +1.08030397e+08 +1.08031638e+08  1.24e+03   8.61e+01     1.67e-04   232.360s
  89000 +1.08030354e+08 +1.08031638e+08  1.28e+03   8.46e+01     1.77e-04   233.450s
  90000 +1.08030294e+08 +1.08031639e+08  1.34e+03   8.12e+01     1.51e-04   234.540s
  91000 +1.08030189e+08 +1.08031639e+08  1.45e+03   8.01e+01     1.47e-04   235.629s
  92000 +1.08030152e+08 +1.08031639e+08  1.49e+03   7.79e+01     1.47e-04   236.719s
  93000 +1.08030106e+08 +1.08031639e+08  1.53e+03   7.70e+01     1.40e-04   237.809s
  94000 +1.08030063e+08 +1.08031639e+08  1.58e+03   7.49e+01     1.28e-04   238.899s
  95000 +1.08030025e+08 +1.08031639e+08  1.61e+03   7.44e+01     1.30e-04   239.989s
  96000 +1.08030012e+08 +1.08031639e+08  1.63e+03   7.26e+01     1.19e-04   241.079s
  97000 +1.08030014e+08 +1.08031639e+08  1.63e+03   7.07e+01     1.28e-04   242.169s
  98000 +1.08030048e+08 +1.08031640e+08  1.59e+03   6.81e+01     1.58e-04   243.260s
  99000 +1.08030060e+08 +1.08031640e+08  1.58e+03   6.78e+01     1.30e-04   244.350s
 100000 +1.08030071e+08 +1.08031640e+08  1.57e+03   6.58e+01     1.24e-04   245.440s
 101000 +1.08030074e+08 +1.08031640e+08  1.57e+03   6.40e+01     1.35e-04   246.530s
 102000 +1.08030095e+08 +1.08031640e+08  1.54e+03   6.31e+01     1.18e-04   247.620s
 103000 +1.08030128e+08 +1.08031640e+08  1.51e+03   6.19e+01     1.23e-04   248.710s
 104000 +1.08030190e+08 +1.08031640e+08  1.45e+03   5.98e+01     1.26e-04   249.800s
 105000 +1.08030195e+08 +1.08031640e+08  1.45e+03   5.82e+01     1.22e-04   250.890s
 106000 +1.08030252e+08 +1.08031640e+08  1.39e+03   5.71e+01     1.27e-04   251.980s
 107000 +1.08030300e+08 +1.08031640e+08  1.34e+03   5.55e+01     1.27e-04   253.070s
 108000 +1.08030387e+08 +1.08031640e+08  1.25e+03   5.47e+01     1.12e-04   254.160s
 109000 +1.08030405e+08 +1.08031640e+08  1.23e+03   5.25e+01     1.03e-04   255.250s
 110000 +1.08030431e+08 +1.08031640e+08  1.21e+03   5.13e+01     1.04e-04   256.340s
 111000 +1.08030482e+08 +1.08031640e+08  1.16e+03   5.09e+01     9.70e-05   257.430s
 112000 +1.08030541e+08 +1.08031640e+08  1.10e+03   4.92e+01     9.79e-05   258.519s
 113000 +1.08030529e+08 +1.08031640e+08  1.11e+03   4.88e+01     8.86e-05   259.609s
 114000 +1.08030514e+08 +1.08031638e+08  1.12e+03   4.37e+01     5.04e-04   260.701s
 115000 +1.08030547e+08 +1.08031639e+08  1.09e+03   4.01e+01     7.69e-04   261.791s
 116000 +1.08030612e+08 +1.08031638e+08  1.03e+03   3.64e+01     8.61e-04   262.881s
 117000 +1.08030687e+08 +1.08031638e+08  9.52e+02   3.32e+01     7.68e-04   263.971s
 118000 +1.08030770e+08 +1.08031639e+08  8.68e+02   3.09e+01     6.95e-04   265.061s
 119000 +1.08030875e+08 +1.08031639e+08  7.64e+02   2.92e+01     6.43e-04   266.151s
 120000 +1.08030966e+08 +1.08031640e+08  6.74e+02   2.79e+01     5.73e-04   267.241s
 121000 +1.08031055e+08 +1.08031640e+08  5.85e+02   2.70e+01     5.47e-04   268.331s
 122000 +1.08031144e+08 +1.08031640e+08  4.96e+02   2.62e+01     5.12e-04   269.421s
 123000 +1.08031234e+08 +1.08031640e+08  4.06e+02   2.56e+01     4.73e-04   270.510s
 124000 +1.08031314e+08 +1.08031641e+08  3.27e+02   2.46e+01     4.77e-04   271.600s
 125000 +1.08031390e+08 +1.08031640e+08  2.51e+02   2.39e+01     4.40e-04   272.690s
 126000 +1.08031437e+08 +1.08031641e+08  2.03e+02   2.33e+01     4.25e-04   273.780s
 127000 +1.08031505e+08 +1.08031640e+08  1.35e+02   2.23e+01     4.08e-04   274.870s
 128000 +1.08031563e+08 +1.08031641e+08  7.78e+01   2.19e+01     3.82e-04   275.960s
 129000 +1.08031615e+08 +1.08031640e+08  2.58e+01   2.14e+01     3.63e-04   277.050s
 130000 +1.08031618e+08 +1.08031641e+08  2.24e+01   2.07e+01     3.82e-04   278.142s
 131000 +1.08031683e+08 +1.08031641e+08  4.18e+01   1.98e+01     4.95e-04   279.232s
 132000 +1.08031766e+08 +1.08031641e+08  1.25e+02   1.92e+01     5.42e-04   280.322s
 133000 +1.08031807e+08 +1.08031641e+08  1.66e+02   1.87e+01     5.24e-04   281.412s
 134000 +1.08031849e+08 +1.08031641e+08  2.08e+02   1.84e+01     5.03e-04   282.502s
 135000 +1.08031893e+08 +1.08031641e+08  2.52e+02   1.81e+01     4.97e-04   283.591s
 136000 +1.08031944e+08 +1.08031641e+08  3.03e+02   1.78e+01     4.89e-04   284.681s
 137000 +1.08031993e+08 +1.08031641e+08  3.52e+02   1.76e+01     4.75e-04   285.771s
 138000 +1.08032035e+08 +1.08031641e+08  3.94e+02   1.74e+01     4.58e-04   286.861s
 139000 +1.08032069e+08 +1.08031641e+08  4.28e+02   1.73e+01     4.47e-04   287.951s
 140000 +1.08032111e+08 +1.08031641e+08  4.70e+02   1.72e+01     4.49e-04   289.041s
 141000 +1.08032147e+08 +1.08031641e+08  5.06e+02   1.71e+01     4.40e-04   290.131s
 142000 +1.08032180e+08 +1.08031641e+08  5.39e+02   1.70e+01     4.40e-04   291.221s
 143000 +1.08032200e+08 +1.08031641e+08  5.59e+02   1.68e+01     4.36e-04   292.311s
 144000 +1.08032212e+08 +1.08031641e+08  5.70e+02   1.67e+01     4.24e-04   293.400s
 145000 +1.08032223e+08 +1.08031641e+08  5.81e+02   1.66e+01     4.16e-04   294.490s
 146000 +1.08032229e+08 +1.08031642e+08  5.88e+02   1.66e+01     4.01e-04   295.580s
 147000 +1.08032241e+08 +1.08031642e+08  5.99e+02   1.64e+01     3.95e-04   296.670s
 148000 +1.08032248e+08 +1.08031642e+08  6.06e+02   1.64e+01     3.89e-04   297.760s
 149000 +1.08032246e+08 +1.08031642e+08  6.05e+02   1.63e+01     3.89e-04   298.850s
 150000 +1.08032239e+08 +1.08031642e+08  5.97e+02   1.61e+01     3.75e-04   299.939s
 151000 +1.08032225e+08 +1.08031642e+08  5.83e+02   1.60e+01     3.86e-04   301.029s
 152000 +1.08032209e+08 +1.08031642e+08  5.67e+02   1.60e+01     3.56e-04   302.119s
 153000 +1.08032196e+08 +1.08031642e+08  5.54e+02   1.59e+01     3.56e-04   303.210s
 154000 +1.08032182e+08 +1.08031642e+08  5.40e+02   1.58e+01     3.38e-04   304.299s
 155000 +1.08032159e+08 +1.08031642e+08  5.17e+02   1.57e+01     3.31e-04   305.389s
 156000 +1.08032138e+08 +1.08031642e+08  4.96e+02   1.58e+01     3.28e-04   306.479s
 157000 +1.08032122e+08 +1.08031642e+08  4.80e+02   1.57e+01     3.31e-04   307.569s
 158000 +1.08032125e+08 +1.08031642e+08  4.83e+02   1.55e+01     7.05e-04   308.661s
 159000 +1.08032138e+08 +1.08031642e+08  4.96e+02   1.54e+01     7.36e-04   309.750s
 160000 +1.08032134e+08 +1.08031642e+08  4.92e+02   1.54e+01     7.35e-04   310.841s
 161000 +1.08032135e+08 +1.08031642e+08  4.92e+02   1.51e+01     7.55e-04   311.936s
 162000 +1.08032120e+08 +1.08031642e+08  4.77e+02   1.51e+01     7.96e-04   313.031s
 163000 +1.08032109e+08 +1.08031643e+08  4.67e+02   1.48e+01     8.84e-04   314.126s
 164000 +1.08032089e+08 +1.08031643e+08  4.46e+02   1.48e+01     9.13e-04   315.221s
 165000 +1.08032070e+08 +1.08031643e+08  4.27e+02   1.46e+01     1.00e-03   316.316s
 166000 +1.08032051e+08 +1.08031643e+08  4.08e+02   1.45e+01     1.03e-03   317.411s
 167000 +1.08032028e+08 +1.08031643e+08  3.84e+02   1.43e+01     1.04e-03   318.506s
 168000 +1.08032011e+08 +1.08031643e+08  3.68e+02   1.40e+01     1.07e-03   319.601s
 169000 +1.08031987e+08 +1.08031643e+08  3.43e+02   1.38e+01     1.08e-03   320.697s
 170000 +1.08031968e+08 +1.08031643e+08  3.24e+02   1.37e+01     1.09e-03   321.791s
 171000 +1.08031939e+08 +1.08031644e+08  2.95e+02   1.37e+01     1.06e-03   322.881s
 172000 +1.08031907e+08 +1.08031644e+08  2.63e+02   1.36e+01     1.07e-03   323.974s
 173000 +1.08031873e+08 +1.08031644e+08  2.29e+02   1.35e+01     1.10e-03   325.069s
 174000 +1.08031836e+08 +1.08031644e+08  1.92e+02   1.34e+01     1.10e-03   326.159s
 175000 +1.08031804e+08 +1.08031644e+08  1.60e+02   1.34e+01     1.11e-03   327.249s
 176000 +1.08031776e+08 +1.08031644e+08  1.32e+02   1.33e+01     1.10e-03   328.339s
 177000 +1.08031766e+08 +1.08031644e+08  1.21e+02   1.31e+01     1.15e-03   329.429s
 178000 +1.08031745e+08 +1.08031645e+08  1.00e+02   1.31e+01     1.16e-03   330.519s
 179000 +1.08031708e+08 +1.08031645e+08  6.36e+01   1.30e+01     1.14e-03   331.609s
 180000 +1.08031686e+08 +1.08031645e+08  4.08e+01   1.28e+01     1.22e-03   332.699s
 181000 +1.08031659e+08 +1.08031645e+08  1.36e+01   1.26e+01     1.17e-03   333.789s
 182000 +1.08031630e+08 +1.08031645e+08  1.56e+01   1.26e+01     1.16e-03   334.878s
 183000 +1.08031601e+08 +1.08031645e+08  4.37e+01   1.26e+01     1.15e-03   335.969s
 184000 +1.08031569e+08 +1.08031645e+08  7.64e+01   1.24e+01     1.14e-03   337.058s
 185000 +1.08031546e+08 +1.08031645e+08  9.93e+01   1.23e+01     1.11e-03   338.148s
 186000 +1.08031507e+08 +1.08031645e+08  1.38e+02   1.23e+01     1.07e-03   339.238s
 187000 +1.08031528e+08 +1.08031645e+08  1.17e+02   1.18e+01     2.61e-03   340.330s
 188000 +1.08031562e+08 +1.08031645e+08  8.31e+01   1.14e+01     2.61e-03   341.420s
 189000 +1.08031584e+08 +1.08031645e+08  6.08e+01   1.10e+01     2.75e-03   342.510s
 190000 +1.08031582e+08 +1.08031645e+08  6.34e+01   1.08e+01     2.75e-03   343.601s
 191000 +1.08031585e+08 +1.08031646e+08  6.07e+01   1.03e+01     3.42e-03   344.691s
 192000 +1.08031589e+08 +1.08031646e+08  5.66e+01   9.65e+00     3.10e-03   345.781s
 193000 +1.08031603e+08 +1.08031646e+08  4.29e+01   8.97e+00     3.84e-03   346.871s
 194000 +1.08031595e+08 +1.08031646e+08  5.14e+01   8.55e+00     4.16e-03   347.960s
 195000 +1.08031594e+08 +1.08031646e+08  5.22e+01   8.14e+00     3.58e-03   349.050s
 196000 +1.08031583e+08 +1.08031646e+08  6.33e+01   7.93e+00     3.29e-03   350.140s
 197000 +1.08031606e+08 +1.08031643e+08  3.73e+01   7.22e+00     1.95e-02   351.232s
 198000 +1.08031659e+08 +1.08031644e+08  1.52e+01   5.53e+00     1.67e-02   352.323s
 199000 +1.08031689e+08 +1.08031645e+08  4.44e+01   4.79e+00     1.21e-02   353.412s
 200000 +1.08031705e+08 +1.08031645e+08  6.02e+01   4.32e+00     9.34e-03   354.502s
 201000 +1.08031718e+08 +1.08031646e+08  7.18e+01   3.99e+00     1.01e-02   355.592s
 202000 +1.08031722e+08 +1.08031646e+08  7.62e+01   3.73e+00     9.96e-03   356.682s
 203000 +1.08031719e+08 +1.08031646e+08  7.36e+01   3.51e+00     9.94e-03   357.772s
 204000 +1.08031713e+08 +1.08031647e+08  6.59e+01   3.21e+00     1.08e-02   358.861s
 205000 +1.08031705e+08 +1.08031646e+08  5.83e+01   2.99e+00     1.03e-02   359.951s
 206000 +1.08031693e+08 +1.08031646e+08  4.67e+01   2.39e+00     1.05e-02   361.040s
 207000 +1.08031672e+08 +1.08031635e+08  3.71e+01   2.11e+00     1.39e-02   362.132s
 208000 +1.08031687e+08 +1.08031640e+08  4.75e+01   1.62e+00     1.64e-02   363.222s
 209000 +1.08031693e+08 +1.08031640e+08  5.33e+01   1.36e+00     1.43e-02   364.312s
 210000 +1.08031692e+08 +1.08031640e+08  5.26e+01   1.03e+00     1.57e-02   365.401s
 211000 +1.08031688e+08 +1.08031640e+08  4.76e+01   7.79e-01     1.41e-02   366.491s
 212000 +1.08031680e+08 +1.08031642e+08  3.79e+01   6.93e-01     1.37e-02   367.582s
 213000 +1.08031670e+08 +1.08031641e+08  2.91e+01   6.08e-01     1.33e-02   368.672s
 214000 +1.08031657e+08 +1.08031641e+08  1.67e+01   5.01e-01     1.31e-02   369.762s
 215000 +1.08031645e+08 +1.08031641e+08  3.30e+00   4.76e-01     1.26e-02   370.851s
 216000 +1.08031631e+08 +1.08031642e+08  1.13e+01   4.79e-01     1.21e-02   371.941s
 217000 +1.08031620e+08 +1.08031643e+08  2.26e+01   4.50e-01     1.13e-02   373.031s
 218000 +1.08031611e+08 +1.08031642e+08  3.16e+01   4.19e-01     1.04e-02   374.120s
 219000 +1.08031603e+08 +1.08031642e+08  3.99e+01   4.02e-01     9.66e-03   375.210s
 220000 +1.08031596e+08 +1.08031643e+08  4.65e+01   3.84e-01     8.88e-03   376.300s
 221000 +1.08031593e+08 +1.08031643e+08  5.00e+01   3.56e-01     8.16e-03   377.389s
 222000 +1.08031591e+08 +1.08031644e+08  5.30e+01   3.47e-01     7.53e-03   378.479s
 223000 +1.08031591e+08 +1.08031643e+08  5.21e+01   3.58e-01     6.75e-03   379.568s
 224000 +1.08031593e+08 +1.08031644e+08  5.08e+01   3.38e-01     6.15e-03   380.658s
 225000 +1.08031596e+08 +1.08031643e+08  4.72e+01   3.20e-01     5.68e-03   381.748s
 226000 +1.08031598e+08 +1.08031643e+08  4.48e+01   3.19e-01     5.27e-03   382.838s
 227000 +1.08031601e+08 +1.08031643e+08  4.23e+01   3.21e-01     4.95e-03   383.928s
 228000 +1.08031605e+08 +1.08031644e+08  3.93e+01   3.12e-01     4.69e-03   385.018s
 229000 +1.08031609e+08 +1.08031643e+08  3.41e+01   2.96e-01     4.45e-03   386.108s
 230000 +1.08031611e+08 +1.08031641e+08  2.99e+01   2.64e-01     4.28e-03   387.200s
 231000 +1.08031613e+08 +1.08031642e+08  2.94e+01   2.47e-01     3.94e-03   388.290s
 232000 +1.08031613e+08 +1.08031642e+08  2.90e+01   2.39e-01     3.66e-03   389.380s
 233000 +1.08031614e+08 +1.08031643e+08  2.91e+01   2.35e-01     3.54e-03   390.469s
 234000 +1.08031615e+08 +1.08031643e+08  2.84e+01   2.29e-01     3.50e-03   391.559s
 235000 +1.08031616e+08 +1.08031643e+08  2.76e+01   2.26e-01     3.40e-03   392.648s
 236000 +1.08031617e+08 +1.08031643e+08  2.63e+01   2.20e-01     3.42e-03   393.738s
 237000 +1.08031618e+08 +1.08031643e+08  2.44e+01   2.15e-01     3.41e-03   394.827s
 238000 +1.08031620e+08 +1.08031644e+08  2.39e+01   2.12e-01     3.39e-03   395.917s
 239000 +1.08031622e+08 +1.08031644e+08  2.15e+01   2.10e-01     3.41e-03   397.007s
 240000 +1.08031625e+08 +1.08031643e+08  1.88e+01   2.09e-01     3.41e-03   398.097s
 241000 +1.08031627e+08 +1.08031645e+08  1.76e+01   2.06e-01     3.39e-03   399.187s
 242000 +1.08031629e+08 +1.08031644e+08  1.46e+01   2.02e-01     3.39e-03   400.276s
 243000 +1.08031632e+08 +1.08031644e+08  1.20e+01   1.99e-01     3.41e-03   401.366s
 244000 +1.08031634e+08 +1.08031644e+08  1.06e+01   1.98e-01     3.19e-03   402.456s
 245000 +1.08031635e+08 +1.08031644e+08  8.44e+00   1.96e-01     3.17e-03   403.546s
 246000 +1.08031637e+08 +1.08031644e+08  6.55e+00   1.94e-01     3.07e-03   404.636s
 247000 +1.08031639e+08 +1.08031644e+08  5.00e+00   1.92e-01     3.01e-03   405.725s
 248000 +1.08031641e+08 +1.08031644e+08  2.90e+00   1.90e-01     2.97e-03   406.815s
 249000 +1.08031643e+08 +1.08031644e+08  1.62e+00   1.89e-01     2.92e-03   407.904s
 250000 +1.08031644e+08 +1.08031644e+08  3.48e-01   1.88e-01     2.89e-03   408.994s
 251000 +1.08031646e+08 +1.08031644e+08  1.69e+00   1.86e-01     2.86e-03   410.084s
 252000 +1.08031647e+08 +1.08031644e+08  2.84e+00   1.85e-01     2.82e-03   411.174s
 253000 +1.08031648e+08 +1.08031644e+08  3.50e+00   1.84e-01     2.78e-03   412.263s
 254000 +1.08031649e+08 +1.08031644e+08  4.19e+00   1.83e-01     2.73e-03   413.352s
 255000 +1.08031649e+08 +1.08031644e+08  4.60e+00   1.82e-01     2.70e-03   414.442s
 256000 +1.08031649e+08 +1.08031645e+08  4.55e+00   1.80e-01     2.66e-03   415.532s
 257000 +1.08031649e+08 +1.08031645e+08  4.35e+00   1.80e-01     2.63e-03   416.622s
 258000 +1.08031649e+08 +1.08031645e+08  4.23e+00   1.78e-01     2.61e-03   417.713s
 259000 +1.08031649e+08 +1.08031645e+08  3.98e+00   1.75e-01     2.58e-03   418.802s
 260000 +1.08031648e+08 +1.08031645e+08  3.31e+00   1.73e-01     2.58e-03   419.893s
 261000 +1.08031648e+08 +1.08031645e+08  3.17e+00   1.73e-01     2.58e-03   420.982s
 262000 +1.08031647e+08 +1.08031645e+08  2.18e+00   1.73e-01     2.56e-03   422.072s
 263000 +1.08031646e+08 +1.08031645e+08  1.38e+00   1.72e-01     2.55e-03   423.162s
 264000 +1.08031646e+08 +1.08031645e+08  7.18e-01   1.70e-01     2.53e-03   424.251s
 265000 +1.08031645e+08 +1.08031645e+08  2.62e-01   1.68e-01     2.50e-03   425.341s
 266000 +1.08031645e+08 +1.08031640e+08  5.23e+00   1.56e-01     2.74e-03   426.433s
 267000 +1.08031645e+08 +1.08031641e+08  3.68e+00   1.54e-01     2.71e-03   427.523s
 268000 +1.08031645e+08 +1.08031642e+08  3.04e+00   1.51e-01     2.72e-03   428.613s
 269000 +1.08031645e+08 +1.08031642e+08  3.33e+00   1.50e-01     2.70e-03   429.703s
 270000 +1.08031645e+08 +1.08031642e+08  3.19e+00   1.48e-01     2.72e-03   430.793s
 271000 +1.08031646e+08 +1.08031642e+08  3.37e+00   1.45e-01     2.73e-03   431.883s
 272000 +1.08031646e+08 +1.08031642e+08  3.64e+00   1.43e-01     2.69e-03   432.973s
 273000 +1.08031646e+08 +1.08031642e+08  3.51e+00   1.42e-01     2.71e-03   434.062s
 274000 +1.08031646e+08 +1.08031642e+08  4.00e+00   1.41e-01     2.71e-03   435.152s
 275000 +1.08031646e+08 +1.08031642e+08  4.13e+00   1.39e-01     2.69e-03   436.242s
 276000 +1.08031647e+08 +1.08031643e+08  4.20e+00   1.38e-01     2.70e-03   437.332s
 277000 +1.08031647e+08 +1.08031643e+08  4.21e+00   1.37e-01     2.69e-03   438.422s
 278000 +1.08031647e+08 +1.08031643e+08  4.49e+00   1.36e-01     2.69e-03   439.512s
 279000 +1.08031647e+08 +1.08031643e+08  4.70e+00   1.35e-01     2.68e-03   440.602s
 280000 +1.08031648e+08 +1.08031643e+08  4.63e+00   1.34e-01     2.68e-03   441.693s
 281000 +1.08031648e+08 +1.08031643e+08  5.13e+00   1.33e-01     2.69e-03   442.783s
 282000 +1.08031648e+08 +1.08031643e+08  5.53e+00   1.31e-01     2.72e-03   443.872s
 283000 +1.08031648e+08 +1.08031643e+08  5.46e+00   1.30e-01     2.68e-03   444.962s
 284000 +1.08031649e+08 +1.08031643e+08  5.63e+00   1.30e-01     2.66e-03   446.052s
 285000 +1.08031649e+08 +1.08031643e+08  6.11e+00   1.28e-01     2.65e-03   447.142s
 286000 +1.08031649e+08 +1.08031643e+08  5.92e+00   1.28e-01     2.64e-03   448.232s
 287000 +1.08031649e+08 +1.08031643e+08  5.96e+00   1.27e-01     2.63e-03   449.321s
 288000 +1.08031650e+08 +1.08031643e+08  6.16e+00   1.26e-01     2.62e-03   450.411s
 289000 +1.08031650e+08 +1.08031644e+08  6.32e+00   1.25e-01     2.62e-03   451.501s
 290000 +1.08031650e+08 +1.08031643e+08  6.77e+00   1.24e-01     2.62e-03   452.591s
 291000 +1.08031650e+08 +1.08031644e+08  6.59e+00   1.23e-01     2.60e-03   453.681s
 292000 +1.08031650e+08 +1.08031644e+08  6.54e+00   1.22e-01     2.60e-03   454.771s
 293000 +1.08031650e+08 +1.08031643e+08  6.81e+00   1.21e-01     2.60e-03   455.860s
 294000 +1.08031650e+08 +1.08031643e+08  6.80e+00   1.21e-01     2.59e-03   456.950s
 295000 +1.08031650e+08 +1.08031643e+08  7.12e+00   1.20e-01     2.58e-03   458.039s
 296000 +1.08031650e+08 +1.08031644e+08  6.49e+00   1.19e-01     2.58e-03   459.129s
 297000 +1.08031650e+08 +1.08031644e+08  6.26e+00   1.18e-01     2.58e-03   460.219s
 298000 +1.08031650e+08 +1.08031644e+08  6.04e+00   1.17e-01     2.57e-03   461.308s
 299000 +1.08031650e+08 +1.08031644e+08  5.82e+00   1.16e-01     2.56e-03   462.398s
 300000 +1.08031650e+08 +1.08031644e+08  5.61e+00   1.16e-01     2.55e-03   463.488s
 301000 +1.08031650e+08 +1.08031644e+08  5.93e+00   1.15e-01     2.55e-03   464.578s
 302000 +1.08031650e+08 +1.08031644e+08  6.06e+00   1.14e-01     2.55e-03   465.668s
 303000 +1.08031650e+08 +1.08031644e+08  5.21e+00   1.14e-01     2.56e-03   466.757s
 304000 +1.08031650e+08 +1.08031644e+08  5.72e+00   1.13e-01     2.54e-03   467.847s
 305000 +1.08031649e+08 +1.08031644e+08  5.08e+00   1.12e-01     2.53e-03   468.937s
 306000 +1.08031649e+08 +1.08031644e+08  5.24e+00   1.11e-01     2.52e-03   470.027s
 307000 +1.08031649e+08 +1.08031645e+08  4.66e+00   1.11e-01     2.52e-03   471.117s
 308000 +1.08031649e+08 +1.08031644e+08  5.30e+00   1.10e-01     2.52e-03   472.206s
 309000 +1.08031649e+08 +1.08031644e+08  4.71e+00   1.09e-01     2.52e-03   473.296s
 310000 +1.08031649e+08 +1.08031644e+08  5.47e+00   1.09e-01     2.51e-03   474.386s
 311000 +1.08031649e+08 +1.08031645e+08  4.33e+00   1.08e-01     2.50e-03   475.476s
 312000 +1.08031649e+08 +1.08031644e+08  4.63e+00   1.07e-01     2.51e-03   476.566s
 313000 +1.08031649e+08 +1.08031644e+08  4.82e+00   1.07e-01     2.50e-03   477.655s
 314000 +1.08031649e+08 +1.08031644e+08  5.27e+00   1.06e-01     2.50e-03   478.744s
 315000 +1.08031649e+08 +1.08031645e+08  4.65e+00   1.05e-01     2.50e-03   479.834s
 316000 +1.08031649e+08 +1.08031644e+08  4.96e+00   1.05e-01     2.48e-03   480.924s
 317000 +1.08031649e+08 +1.08031644e+08  5.16e+00   1.04e-01     2.48e-03   482.013s
 318000 +1.08031649e+08 +1.08031645e+08  4.70e+00   1.04e-01     2.49e-03   483.103s
 319000 +1.08031649e+08 +1.08031645e+08  4.46e+00   1.03e-01     2.47e-03   484.192s
 320000 +1.08031649e+08 +1.08031645e+08  4.67e+00   1.02e-01     2.47e-03   485.282s
 321000 +1.08031649e+08 +1.08031645e+08  4.84e+00   1.02e-01     2.46e-03   486.372s
 322000 +1.08031649e+08 +1.08031645e+08  4.45e+00   1.01e-01     2.46e-03   487.462s
 323000 +1.08031649e+08 +1.08031645e+08  4.74e+00   1.01e-01     2.45e-03   488.552s
 324000 +1.08031650e+08 +1.08031645e+08  4.71e+00   1.00e-01     2.46e-03   489.641s
 325000 +1.08031650e+08 +1.08031645e+08  4.63e+00   9.96e-02     2.45e-03   490.731s
 326000 +1.08031650e+08 +1.08031645e+08  4.94e+00   9.92e-02     2.45e-03   491.821s
 327000 +1.08031650e+08 +1.08031645e+08  4.54e+00   9.86e-02     2.45e-03   492.910s
 328000 +1.08031650e+08 +1.08031645e+08  4.59e+00   9.79e-02     2.47e-03   494.000s
 329000 +1.08031650e+08 +1.08031645e+08  5.01e+00   9.74e-02     2.47e-03   495.089s
 330000 +1.08031650e+08 +1.08031645e+08  4.75e+00   9.69e-02     2.46e-03   496.179s
 331000 +1.08031650e+08 +1.08031645e+08  4.87e+00   9.66e-02     2.45e-03   497.269s
 332000 +1.08031650e+08 +1.08031645e+08  5.39e+00   9.58e-02     2.44e-03   498.358s
 333000 +1.08031650e+08 +1.08031645e+08  5.41e+00   9.53e-02     2.43e-03   499.448s
 334000 +1.08031650e+08 +1.08031645e+08  5.37e+00   9.49e-02     2.43e-03   500.538s
 335000 +1.08031650e+08 +1.08031645e+08  5.11e+00   9.44e-02     2.42e-03   501.628s
 336000 +1.08031650e+08 +1.08031645e+08  4.59e+00   9.39e-02     2.42e-03   502.718s
 337000 +1.08031650e+08 +1.08031646e+08  4.40e+00   9.36e-02     2.42e-03   503.807s
 338000 +1.08031650e+08 +1.08031645e+08  5.09e+00   9.31e-02     2.42e-03   504.897s
 339000 +1.08031650e+08 +1.08031645e+08  4.72e+00   9.25e-02     2.41e-03   505.987s
 340000 +1.08031650e+08 +1.08031645e+08  4.40e+00   9.21e-02     2.42e-03   507.077s
 341000 +1.08031650e+08 +1.08031645e+08  4.62e+00   9.15e-02     2.42e-03   508.166s
 342000 +1.08031650e+08 +1.08031645e+08  4.30e+00   9.12e-02     2.41e-03   509.256s
 343000 +1.08031650e+08 +1.08031646e+08  3.95e+00   9.08e-02     2.41e-03   510.345s
 344000 +1.08031650e+08 +1.08031645e+08  4.29e+00   9.02e-02     2.40e-03   511.435s
 345000 +1.08031650e+08 +1.08031646e+08  3.88e+00   8.95e-02     2.40e-03   512.525s
 346000 +1.08031650e+08 +1.08031645e+08  4.20e+00   8.93e-02     2.40e-03   513.614s
 347000 +1.08031650e+08 +1.08031646e+08  3.86e+00   8.89e-02     2.41e-03   514.704s
 348000 +1.08031649e+08 +1.08031623e+08  2.63e+01   7.41e-02     4.09e-03   515.796s
 349000 +1.08031649e+08 +1.08031633e+08  1.64e+01   7.21e-02     4.06e-03   516.885s
 350000 +1.08031649e+08 +1.08031635e+08  1.48e+01   7.09e-02     4.08e-03   517.975s
 351000 +1.08031649e+08 +1.08031635e+08  1.42e+01   6.98e-02     4.09e-03   519.065s
 352000 +1.08031649e+08 +1.08031636e+08  1.36e+01   6.88e-02     4.11e-03   520.155s
 353000 +1.08031649e+08 +1.08031637e+08  1.25e+01   6.77e-02     4.10e-03   521.244s
 354000 +1.08031650e+08 +1.08031637e+08  1.22e+01   6.68e-02     4.12e-03   522.334s
 355000 +1.08031650e+08 +1.08031637e+08  1.26e+01   6.58e-02     4.14e-03   523.423s
 356000 +1.08031650e+08 +1.08031637e+08  1.26e+01   6.49e-02     4.17e-03   524.513s
 357000 +1.08031650e+08 +1.08031638e+08  1.16e+01   6.40e-02     4.12e-03   525.603s
 358000 +1.08031650e+08 +1.08031638e+08  1.19e+01   6.31e-02     4.16e-03   526.692s
 359000 +1.08031650e+08 +1.08031638e+08  1.16e+01   6.22e-02     4.14e-03   527.782s
 360000 +1.08031650e+08 +1.08031637e+08  1.24e+01   6.14e-02     4.15e-03   528.871s
 361000 +1.08031650e+08 +1.08031638e+08  1.14e+01   6.06e-02     4.15e-03   529.961s
 362000 +1.08031650e+08 +1.08031639e+08  1.12e+01   5.98e-02     4.17e-03   531.051s
 363000 +1.08031650e+08 +1.08031639e+08  1.13e+01   5.91e-02     4.21e-03   532.140s
 364000 +1.08031650e+08 +1.08031639e+08  1.13e+01   5.83e-02     4.20e-03   533.230s
 365000 +1.08031650e+08 +1.08031639e+08  1.10e+01   5.76e-02     4.22e-03   534.320s
 366000 +1.08031650e+08 +1.08031639e+08  1.09e+01   5.68e-02     4.20e-03   535.410s
 367000 +1.08031650e+08 +1.08031639e+08  1.11e+01   5.61e-02     4.23e-03   536.499s
 368000 +1.08031650e+08 +1.08031640e+08  1.02e+01   5.54e-02     4.23e-03   537.589s
 369000 +1.08031650e+08 +1.08031640e+08  1.01e+01   5.48e-02     4.23e-03   538.679s
 370000 +1.08031650e+08 +1.08031640e+08  1.06e+01   5.41e-02     4.25e-03   539.768s
 371000 +1.08031650e+08 +1.08031640e+08  1.03e+01   5.34e-02     4.24e-03   540.857s
 372000 +1.08031650e+08 +1.08031641e+08  9.78e+00   5.28e-02     4.22e-03   541.947s
 373000 +1.08031650e+08 +1.08031640e+08  9.87e+00   5.21e-02     4.22e-03   543.037s
 374000 +1.08031650e+08 +1.08031641e+08  9.50e+00   5.16e-02     4.21e-03   544.127s
 375000 +1.08031650e+08 +1.08031640e+08  1.04e+01   5.09e-02     4.23e-03   545.217s
 376000 +1.08031650e+08 +1.08031640e+08  1.01e+01   5.04e-02     4.20e-03   546.307s
 377000 +1.08031650e+08 +1.08031641e+08  9.45e+00   4.99e-02     4.19e-03   547.397s
 378000 +1.08031650e+08 +1.08031641e+08  9.20e+00   4.93e-02     4.20e-03   548.487s
 379000 +1.08031650e+08 +1.08031641e+08  9.67e+00   4.87e-02     4.20e-03   549.577s
 380000 +1.08031650e+08 +1.08031641e+08  9.61e+00   4.82e-02     4.20e-03   550.667s
 381000 +1.08031650e+08 +1.08031641e+08  9.65e+00   4.77e-02     4.19e-03   551.757s
 382000 +1.08031650e+08 +1.08031640e+08  1.04e+01   4.73e-02     4.16e-03   552.847s
 383000 +1.08031650e+08 +1.08031641e+08  9.41e+00   4.67e-02     4.21e-03   553.936s
 384000 +1.08031650e+08 +1.08031642e+08  8.49e+00   4.62e-02     4.24e-03   555.026s
 385000 +1.08031650e+08 +1.08031641e+08  9.46e+00   4.57e-02     4.19e-03   556.116s
 386000 +1.08031650e+08 +1.08031642e+08  8.58e+00   4.52e-02     4.16e-03   557.206s
 387000 +1.08031650e+08 +1.08031641e+08  9.38e+00   4.48e-02     4.21e-03   558.296s
 388000 +1.08031650e+08 +1.08031642e+08  7.95e+00   4.43e-02     4.17e-03   559.389s
 389000 +1.08031650e+08 +1.08031642e+08  8.11e+00   4.39e-02     4.17e-03   560.479s
 390000 +1.08031650e+08 +1.08031643e+08  7.39e+00   4.35e-02     4.16e-03   561.570s
 391000 +1.08031650e+08 +1.08031642e+08  8.00e+00   4.30e-02     4.17e-03   562.659s
 392000 +1.08031650e+08 +1.08031642e+08  8.05e+00   4.26e-02     4.17e-03   563.750s
 393000 +1.08031650e+08 +1.08031642e+08  8.17e+00   4.22e-02     4.17e-03   564.839s
 394000 +1.08031650e+08 +1.08031642e+08  8.20e+00   4.17e-02     4.11e-03   565.929s
 395000 +1.08031650e+08 +1.08031644e+08  6.89e+00   4.14e-02     4.14e-03   567.019s
 396000 +1.08031650e+08 +1.08031643e+08  7.66e+00   4.10e-02     4.12e-03   568.109s
 397000 +1.08031650e+08 +1.08031642e+08  8.73e+00   4.06e-02     4.13e-03   569.199s
 398000 +1.08031650e+08 +1.08031643e+08  7.69e+00   4.02e-02     4.13e-03   570.289s
 399000 +1.08031650e+08 +1.08031644e+08  6.82e+00   3.99e-02     4.14e-03   571.378s
 400000 +1.08031650e+08 +1.08031642e+08  8.00e+00   3.95e-02     4.16e-03   572.468s
 401000 +1.08031650e+08 +1.08031643e+08  7.52e+00   3.92e-02     4.12e-03   573.558s
 402000 +1.08031650e+08 +1.08031642e+08  7.99e+00   3.88e-02     4.17e-03   574.647s
 403000 +1.08031650e+08 +1.08031643e+08  7.17e+00   3.84e-02     4.12e-03   575.737s
 404000 +1.08031650e+08 +1.08031643e+08  7.88e+00   3.81e-02     4.16e-03   576.827s
 405000 +1.08031650e+08 +1.08031643e+08  7.92e+00   3.77e-02     4.14e-03   577.917s
 406000 +1.08031651e+08 +1.08031643e+08  7.46e+00   3.73e-02     4.16e-03   579.007s
 407000 +1.08031651e+08 +1.08031643e+08  7.76e+00   3.71e-02     4.15e-03   580.096s
 408000 +1.08031651e+08 +1.08031643e+08  7.91e+00   3.68e-02     4.11e-03   581.186s
 409000 +1.08031651e+08 +1.08031643e+08  7.14e+00   3.64e-02     4.12e-03   582.276s
 410000 +1.08031651e+08 +1.08031644e+08  6.62e+00   3.61e-02     4.11e-03   583.366s
 411000 +1.08031651e+08 +1.08031644e+08  6.39e+00   3.58e-02     4.12e-03   584.455s
 412000 +1.08031651e+08 +1.08031644e+08  6.48e+00   3.56e-02     4.12e-03   585.545s
 413000 +1.08031651e+08 +1.08031643e+08  7.79e+00   3.52e-02     4.05e-03   586.635s
 414000 +1.08031651e+08 +1.08031644e+08  6.70e+00   3.49e-02     4.10e-03   587.725s
 415000 +1.08031651e+08 +1.08031644e+08  6.59e+00   3.46e-02     4.11e-03   588.815s
 416000 +1.08031651e+08 +1.08031644e+08  6.26e+00   3.44e-02     4.09e-03   589.904s
 417000 +1.08031651e+08 +1.08031644e+08  7.20e+00   3.41e-02     4.07e-03   590.994s
 418000 +1.08031651e+08 +1.08031643e+08  7.55e+00   3.37e-02     4.11e-03   592.084s
 419000 +1.08031651e+08 +1.08031644e+08  6.77e+00   3.35e-02     4.07e-03   593.174s
 420000 +1.08031651e+08 +1.08031644e+08  6.48e+00   3.32e-02     4.07e-03   594.264s
 421000 +1.08031651e+08 +1.08031644e+08  7.04e+00   3.29e-02     4.06e-03   595.354s
 422000 +1.08031651e+08 +1.08031644e+08  6.56e+00   3.27e-02     4.05e-03   596.443s
 423000 +1.08031651e+08 +1.08031645e+08  6.15e+00   3.24e-02     4.06e-03   597.532s
 424000 +1.08031651e+08 +1.08031568e+08  8.26e+01   2.28e-02     1.60e-02   598.624s
 425000 +1.08031651e+08 +1.08031595e+08  5.59e+01   2.14e-02     1.65e-02   599.714s
 426000 +1.08031651e+08 +1.08031605e+08  4.62e+01   2.03e-02     1.70e-02   600.804s
 427000 +1.08031651e+08 +1.08031608e+08  4.27e+01   1.92e-02     1.78e-02   601.894s
 428000 +1.08031651e+08 +1.08031609e+08  4.21e+01   1.82e-02     1.79e-02   602.983s
 429000 +1.08031651e+08 +1.08031613e+08  3.75e+01   1.74e-02     1.84e-02   604.073s
 430000 +1.08031651e+08 +1.08031616e+08  3.52e+01   1.66e-02     1.86e-02   605.163s
 431000 +1.08031651e+08 +1.08031621e+08  3.04e+01   1.59e-02     1.88e-02   606.252s
 432000 +1.08031651e+08 +1.08031619e+08  3.17e+01   1.52e-02     1.87e-02   607.343s
 433000 +1.08031651e+08 +1.08031619e+08  3.16e+01   1.46e-02     1.89e-02   608.432s
 434000 +1.08031651e+08 +1.08031623e+08  2.79e+01   1.40e-02     1.86e-02   609.521s
 435000 +1.08031651e+08 +1.08031627e+08  2.39e+01   1.35e-02     1.90e-02   610.611s
 436000 +1.08031651e+08 +1.08031627e+08  2.44e+01   1.30e-02     1.88e-02   611.701s
 437000 +1.08031651e+08 +1.08031625e+08  2.62e+01   1.25e-02     1.90e-02   612.790s
 438000 +1.08031651e+08 +1.08031626e+08  2.50e+01   1.21e-02     1.88e-02   613.880s
 439000 +1.08031651e+08 +1.08031629e+08  2.21e+01   1.17e-02     1.89e-02   614.970s
 440000 +1.08031651e+08 +1.08031629e+08  2.26e+01   1.13e-02     1.86e-02   616.059s
 441000 +1.08031651e+08 +1.08031633e+08  1.87e+01   1.09e-02     1.88e-02   617.150s
 442000 +1.08031651e+08 +1.08031630e+08  2.16e+01   1.06e-02     1.90e-02   618.239s
 443000 +1.08031651e+08 +1.08031629e+08  2.21e+01   1.03e-02     1.89e-02   619.329s
 444000 +1.08031651e+08 +1.08031634e+08  1.76e+01   9.92e-03     1.89e-02   620.419s
 445000 +1.08031651e+08 +1.08031635e+08  1.62e+01   9.64e-03     1.89e-02   621.508s
 446000 +1.08031651e+08 +1.08031632e+08  1.91e+01   9.33e-03     1.88e-02   622.598s
 447000 +1.08031651e+08 +1.08031634e+08  1.71e+01   9.12e-03     1.88e-02   623.688s
 448000 +1.08031652e+08 +1.08031630e+08  2.14e+01   8.90e-03     1.84e-02   624.777s
 449000 +1.08031652e+08 +1.08031635e+08  1.61e+01   8.63e-03     1.83e-02   625.867s
 450000 +1.08031652e+08 +1.08031633e+08  1.84e+01   8.41e-03     1.84e-02   626.957s
 451000 +1.08031652e+08 +1.08031635e+08  1.70e+01   8.19e-03     1.83e-02   628.046s
 452000 +1.08031652e+08 +1.08031636e+08  1.53e+01   8.02e-03     1.82e-02   629.136s
 453000 +1.08031652e+08 +1.08031637e+08  1.44e+01   7.82e-03     1.82e-02   630.225s
 454000 +1.08031652e+08 +1.08031636e+08  1.58e+01   7.64e-03     1.84e-02   631.316s
 455000 +1.08031652e+08 +1.08031639e+08  1.30e+01   7.45e-03     1.80e-02   632.406s
 456000 +1.08031652e+08 +1.08031637e+08  1.48e+01   7.33e-03     1.85e-02   633.495s
 457000 +1.08031652e+08 +1.08031639e+08  1.25e+01   7.16e-03     1.77e-02   634.585s
 458000 +1.08031652e+08 +1.08031640e+08  1.17e+01   7.02e-03     1.81e-02   635.675s
 459000 +1.08031652e+08 +1.08031639e+08  1.28e+01   6.88e-03     1.77e-02   636.765s
 460000 +1.08031652e+08 +1.08031643e+08  9.07e+00   6.75e-03     1.74e-02   637.854s
 461000 +1.08031652e+08 +1.08031641e+08  1.12e+01   6.64e-03     1.74e-02   638.944s
 462000 +1.08031652e+08 +1.08031637e+08  1.44e+01   6.56e-03     1.74e-02   640.034s
 463000 +1.08031652e+08 +1.08031642e+08  9.41e+00   6.42e-03     1.70e-02   641.124s
 464000 +1.08031652e+08 +1.08031638e+08  1.39e+01   6.34e-03     1.71e-02   642.213s
 465000 +1.08031652e+08 +1.08031641e+08  1.09e+01   6.25e-03     1.69e-02   643.303s
 466000 +1.08031652e+08 +1.08031638e+08  1.41e+01   6.15e-03     1.69e-02   644.393s
 467000 +1.08031652e+08 +1.08031639e+08  1.26e+01   6.06e-03     1.65e-02   645.483s
 468000 +1.08031652e+08 +1.08031641e+08  1.07e+01   5.98e-03     1.62e-02   646.573s
 469000 +1.08031652e+08 +1.08031640e+08  1.15e+01   5.89e-03     1.62e-02   647.663s
 470000 +1.08031652e+08 +1.08031643e+08  8.88e+00   5.81e-03     1.63e-02   648.753s
 471000 +1.08031652e+08 +1.08031643e+08  8.85e+00   5.74e-03     1.59e-02   649.843s
 472000 +1.08031652e+08 +1.08031643e+08  8.77e+00   5.68e-03     1.59e-02   650.933s
 473000 +1.08031652e+08 +1.08031645e+08  6.55e+00   5.63e-03     1.58e-02   652.023s
 474000 +1.08031652e+08 +1.08031641e+08  1.07e+01   5.59e-03     1.57e-02   653.113s
 475000 +1.08031652e+08 +1.08031643e+08  8.25e+00   5.54e-03     1.54e-02   654.203s
 476000 +1.08031652e+08 +1.08031641e+08  1.03e+01   5.48e-03     1.56e-02   655.293s
 477000 +1.08031652e+08 +1.08031643e+08  8.99e+00   5.45e-03     1.51e-02   656.383s
 478000 +1.08031652e+08 +1.08031642e+08  9.91e+00   5.39e-03     1.50e-02   657.473s
 479000 +1.08031652e+08 +1.08031644e+08  8.15e+00   5.33e-03     1.49e-02   658.563s
 480000 +1.08031652e+08 +1.08031642e+08  9.50e+00   5.29e-03     1.50e-02   659.653s
 481000 +1.08031652e+08 +1.08031303e+08  3.49e+02   5.59e-03     1.10e-01   660.745s
 482000 +1.08031652e+08 +1.08031452e+08  1.99e+02   5.64e-03     1.16e-01   661.835s
 483000 +1.08031652e+08 +1.08031503e+08  1.49e+02   5.68e-03     1.08e-01   662.925s
 484000 +1.08031652e+08 +1.08031536e+08  1.15e+02   5.71e-03     1.04e-01   664.015s
 485000 +1.08031652e+08 +1.08031543e+08  1.08e+02   5.69e-03     9.49e-02   665.105s
 486000 +1.08031652e+08 +1.08031564e+08  8.72e+01   5.68e-03     8.83e-02   666.195s
 487000 +1.08031652e+08 +1.08031576e+08  7.59e+01   5.67e-03     8.34e-02   667.285s
 488000 +1.08031652e+08 +1.08031582e+08  7.00e+01   5.65e-03     7.46e-02   668.374s
 489000 +1.08031652e+08 +1.08031602e+08  5.00e+01   5.63e-03     6.64e-02   669.464s
 490000 +1.08031652e+08 +1.08031597e+08  5.50e+01   5.61e-03     6.07e-02   670.554s
 491000 +1.08031652e+08 +1.08031602e+08  4.95e+01   5.60e-03     5.65e-02   671.644s
 492000 +1.08031652e+08 +1.08031601e+08  5.08e+01   5.58e-03     5.21e-02   672.734s
 493000 +1.08031651e+08 +1.08029712e+08  1.94e+03   5.52e-03     2.19e-01   673.826s
 494000 +1.08031651e+08 +1.08030456e+08  1.19e+03   5.39e-03     1.71e-01   674.916s
 495000 +1.08031651e+08 +1.08030816e+08  8.35e+02   5.37e-03     1.23e-01   676.005s
 496000 +1.08031651e+08 +1.08030825e+08  8.26e+02   5.35e-03     1.21e-01   677.096s
 497000 +1.08031651e+08 +1.08030923e+08  7.28e+02   5.32e-03     1.13e-01   678.186s
 498000 +1.08031651e+08 +1.08031073e+08  5.78e+02   5.30e-03     1.10e-01   679.276s
 499000 +1.08031651e+08 +1.08031087e+08  5.63e+02   5.26e-03     1.17e-01   680.366s
 500000 +1.08031651e+08 +1.08031150e+08  5.01e+02   5.22e-03     1.13e-01   681.456s
 501000 +1.08031651e+08 +1.08031110e+08  5.41e+02   5.19e-03     1.21e-01   682.546s
 502000 +1.08031651e+08 +1.08031273e+08  3.78e+02   5.11e-03     1.12e-01   683.636s
 503000 +1.08031651e+08 +1.08031197e+08  4.54e+02   5.06e-03     1.24e-01   684.725s
 504000 +1.08031651e+08 +1.08031106e+08  5.44e+02   5.02e-03     1.13e-01   685.815s
 505000 +1.08031651e+08 +1.08031198e+08  4.52e+02   5.00e-03     1.02e-01   686.905s
 506000 +1.08031651e+08 +1.08031017e+08  6.33e+02   4.91e-03     1.18e-01   687.995s
 507000 +1.08031651e+08 +1.08031112e+08  5.38e+02   4.81e-03     1.23e-01   689.085s
 508000 +1.08031651e+08 +1.08031215e+08  4.36e+02   4.77e-03     1.28e-01   690.175s
 509000 +1.08031651e+08 +1.08031272e+08  3.79e+02   4.66e-03     1.40e-01   691.265s
 510000 +1.08031651e+08 +1.08031231e+08  4.20e+02   4.54e-03     1.45e-01   692.355s
 511000 +1.08031651e+08 +1.08031069e+08  5.81e+02   4.47e-03     1.51e-01   693.445s
 512000 +1.08031651e+08 +1.08031167e+08  4.83e+02   4.39e-03     1.40e-01   694.535s
 513000 +1.08031651e+08 +1.08030955e+08  6.95e+02   4.27e-03     1.61e-01   695.624s
 514000 +1.08031651e+08 +1.08031051e+08  6.00e+02   4.07e-03     1.66e-01   696.714s
 515000 +1.08031650e+08 +1.07967704e+08  6.39e+04   3.85e-03     2.17e+00   697.806s
 516000 +1.08031650e+08 +1.07969379e+08  6.23e+04   1.43e-03     4.22e+00   698.895s
 517000 +1.08031650e+08 +1.08002246e+08  2.94e+04   6.25e-04     2.81e+00   699.985s
 518000 +1.08031650e+08 +1.07997646e+08  3.40e+04   2.00e-04     2.23e+00   701.078s
 519000 +1.08031650e+08 +1.08020748e+08  1.09e+04   8.04e-05     1.76e+00   702.167s
 520000 +1.08031650e+08 +1.08022600e+08  9.05e+03   5.15e-05     1.56e+00   703.257s
 521000 +1.08031650e+08 +1.08025949e+08  5.70e+03   6.36e-05     1.17e+00   704.347s
 522000 +1.08031650e+08 +1.08028603e+08  3.05e+03   6.33e-05     8.89e-01   705.437s
 523000 +1.08031650e+08 +1.08029452e+08  2.20e+03   4.65e-05     7.54e-01   706.527s
 524000 +1.08031650e+08 +1.08029623e+08  2.03e+03   3.40e-05     6.92e-01   707.616s
 525000 +1.08031650e+08 +1.08029801e+08  1.85e+03   2.88e-05     6.35e-01   708.707s
 526000 +1.08031650e+08 +1.08029526e+08  2.12e+03   8.65e-05     5.07e-01   709.799s
 527000 +1.08031650e+08 +1.08030642e+08  1.01e+03   6.75e-05     4.34e-01   710.888s
 528000 +1.08031650e+08 +1.08030715e+08  9.35e+02   7.13e-05     3.85e-01   711.978s
 529000 +1.08031650e+08 +1.08031009e+08  6.41e+02   6.90e-05     3.41e-01   713.068s
 530000 +1.08031650e+08 +1.08031186e+08  4.64e+02   6.59e-05     3.04e-01   714.157s
 531000 +1.08031650e+08 +1.08031354e+08  2.96e+02   5.66e-05     2.84e-01   715.247s
 532000 +1.08031650e+08 +1.08031736e+08  8.62e+01   4.96e-05     2.64e-01   716.337s
 533000 +1.08031650e+08 +1.08031746e+08  9.62e+01   4.00e-05     2.53e-01   717.427s
 534000 +1.08031650e+08 +1.08031696e+08  4.61e+01   3.61e-05     2.44e-01   718.517s
 535000 +1.08031650e+08 +1.08031736e+08  8.64e+01   3.23e-05     2.28e-01   719.607s
 536000 +1.08031650e+08 +1.08031615e+08  3.52e+01   3.26e-05     2.12e-01   720.697s
 537000 +1.08031650e+08 +1.08031659e+08  8.88e+00   3.08e-05     2.05e-01   721.787s
 538000 +1.08031650e+08 +1.08031560e+08  8.96e+01   3.15e-05     1.97e-01   722.876s
 539000 +1.08031650e+08 +1.08031691e+08  4.09e+01   3.02e-05     1.84e-01   723.967s
 540000 +1.08031650e+08 +1.08031646e+08  3.50e+00   2.99e-05     1.72e-01   725.056s
 541000 +1.08031650e+08 +1.08031652e+08  1.79e+00   2.93e-05     1.65e-01   726.146s
 542000 +1.08031650e+08 +1.08031631e+08  1.90e+01   2.69e-05     1.53e-01   727.236s
 543000 +1.08031650e+08 +1.08031632e+08  1.76e+01   2.63e-05     1.48e-01   728.325s
 544000 +1.08031650e+08 +1.08031633e+08  1.68e+01   2.40e-05     1.47e-01   729.415s
 545000 +1.08031650e+08 +1.08031636e+08  1.35e+01   2.36e-05     1.38e-01   730.505s
 546000 +1.08031650e+08 +1.08031589e+08  6.09e+01   2.16e-05     1.35e-01   731.595s
 547000 +1.08031650e+08 +1.08031488e+08  1.62e+02   2.09e-05     1.35e-01   732.685s
 548000 +1.08031650e+08 +1.08031579e+08  7.13e+01   1.96e-05     1.32e-01   733.774s
 549000 +1.08031650e+08 +1.08031593e+08  5.74e+01   2.06e-05     1.27e-01   734.864s
 550000 +1.08031650e+08 +1.08031629e+08  2.12e+01   2.01e-05     1.26e-01   735.955s
 551000 +1.08031650e+08 +1.08031567e+08  8.26e+01   1.92e-05     1.25e-01   737.044s
 552000 +1.08031650e+08 +1.08031393e+08  2.57e+02   6.79e-05     1.05e-01   738.136s
 553000 +1.08031650e+08 +1.08031554e+08  9.58e+01   6.40e-05     9.48e-02   739.226s
 554000 +1.08031650e+08 +1.08031548e+08  1.02e+02   5.10e-05     8.61e-02   740.316s
 555000 +1.08031650e+08 +1.08031568e+08  8.19e+01   4.55e-05     8.11e-02   741.405s
 556000 +1.08031650e+08 +1.08031616e+08  3.43e+01   4.22e-05     7.57e-02   742.495s
 557000 +1.08031650e+08 +1.08031626e+08  2.41e+01   4.04e-05     7.13e-02   743.585s
 558000 +1.08031650e+08 +1.08031629e+08  2.11e+01   4.02e-05     6.80e-02   744.675s
 559000 +1.08031650e+08 +1.08031635e+08  1.47e+01   3.51e-05     6.53e-02   745.765s
 560000 +1.08031650e+08 +1.08031622e+08  2.81e+01   3.26e-05     6.01e-02   746.855s
 561000 +1.08031650e+08 +1.08031606e+08  4.42e+01   3.00e-05     5.89e-02   747.944s
 562000 +1.08031650e+08 +1.08031595e+08  5.45e+01   2.89e-05     5.54e-02   749.034s
 563000 +1.08031650e+08 +1.08031630e+08  1.95e+01   2.63e-05     5.21e-02   750.124s
 564000 +1.08031650e+08 +1.08031618e+08  3.15e+01   2.33e-05     5.20e-02   751.213s
 565000 +1.08031650e+08 +1.08031597e+08  5.30e+01   2.27e-05     5.04e-02   752.304s
 566000 +1.08031650e+08 +1.08031606e+08  4.42e+01   2.20e-05     4.83e-02   753.393s
 567000 +1.08031650e+08 +1.08031618e+08  3.16e+01   2.13e-05     4.69e-02   754.483s
 568000 +1.08031650e+08 +1.08031600e+08  5.05e+01   1.99e-05     4.63e-02   755.573s
 569000 +1.08031650e+08 +1.08031612e+08  3.81e+01   1.92e-05     4.60e-02   756.663s
 570000 +1.08031650e+08 +1.08031612e+08  3.80e+01   2.03e-05     4.24e-02   757.753s
 571000 +1.08031650e+08 +1.08031603e+08  4.69e+01   2.07e-05     4.09e-02   758.843s
 572000 +1.08031650e+08 +1.08031630e+08  1.99e+01   2.00e-05     4.11e-02   759.932s
 573000 +1.08031650e+08 +1.08031630e+08  2.01e+01   1.89e-05     3.99e-02   761.022s
 574000 +1.08031650e+08 +1.08031605e+08  4.49e+01   1.94e-05     3.75e-02   762.112s
 575000 +1.08031650e+08 +1.08031623e+08  2.68e+01   1.72e-05     3.70e-02   763.201s
 576000 +1.08031650e+08 +1.08031627e+08  2.29e+01   1.75e-05     3.77e-02   764.291s
 577000 +1.08031650e+08 +1.08031610e+08  4.03e+01   4.96e-05     3.18e-02   765.383s
 578000 +1.08031650e+08 +1.08031635e+08  1.49e+01   5.11e-05     2.94e-02   766.473s
 579000 +1.08031650e+08 +1.08031633e+08  1.73e+01   4.16e-05     2.82e-02   767.563s
 580000 +1.08031650e+08 +1.08031628e+08  2.15e+01   3.45e-05     2.72e-02   768.653s
 581000 +1.08031650e+08 +1.08031622e+08  2.76e+01   3.44e-05     2.63e-02   769.743s
 582000 +1.08031650e+08 +1.08031620e+08  2.97e+01   3.41e-05     2.52e-02   770.832s
 583000 +1.08031650e+08 +1.08031621e+08  2.93e+01   3.66e-05     2.43e-02   771.922s
 584000 +1.08031650e+08 +1.08031617e+08  3.25e+01   3.57e-05     2.35e-02   773.012s
 585000 +1.08031650e+08 +1.08031630e+08  1.95e+01   3.33e-05     2.25e-02   774.103s
 586000 +1.08031650e+08 +1.08031629e+08  2.08e+01   3.35e-05     2.18e-02   775.193s
 587000 +1.08031650e+08 +1.08031626e+08  2.39e+01   2.91e-05     2.12e-02   776.283s
 588000 +1.08031650e+08 +1.08031629e+08  2.15e+01   2.69e-05     2.08e-02   777.373s
 589000 +1.08031650e+08 +1.08031635e+08  1.49e+01   2.52e-05     2.03e-02   778.463s
 590000 +1.08031650e+08 +1.08031636e+08  1.38e+01   2.36e-05     2.01e-02   779.553s
 591000 +1.08031650e+08 +1.08031629e+08  2.07e+01   2.41e-05     1.96e-02   780.643s
 592000 +1.08031650e+08 +1.08031633e+08  1.66e+01   2.18e-05     1.92e-02   781.733s
 593000 +1.08031650e+08 +1.08031636e+08  1.44e+01   2.19e-05     1.87e-02   782.822s
 594000 +1.08031650e+08 +1.08031633e+08  1.66e+01   2.06e-05     1.84e-02   783.913s
 595000 +1.08031650e+08 +1.08031631e+08  1.90e+01   1.95e-05     1.83e-02   785.003s
 596000 +1.08031650e+08 +1.08031631e+08  1.93e+01   7.99e-05     1.60e-02   786.094s
 597000 +1.08031650e+08 +1.08031636e+08  1.44e+01   1.02e-04     1.51e-02   787.184s
 598000 +1.08031650e+08 +1.08031640e+08  1.04e+01   9.44e-05     1.44e-02   788.275s
 598200 +1.08031650e+08 +1.08031639e+08  1.08e+01   8.92e-05     1.43e-02   788.493s
LP Solver status:                Optimal
Primal objective:                +1.08031650e+08
Dual objective:                  +1.08031639e+08
Duality gap (abs/rel):           +1.08e+01 / +5.00e-08
Primal infeasibility (abs/rel):  +8.92e-05 / +6.29e-08
Dual infeasibility (abs/rel):    +1.43e-02 / +1.01e-06
Distributed PDLP finished
Status: Optimal   Objective: 1.08031650e+08  Iterations: 598200  Time: 807.857s

### exit_code=0
### finished=2026-07-23T14:01:49.202865
### gpu_peak_mb=20506.4
### gpu_peak2_mb=14842.4
### per_gpu_peak_mb=[20506.375, 14842.375, 14426.375, 14458.375, 14298.375, 14298.375, 14298.375, 14298.375]
