### solver=cuopt-distributed
### instance=/home/scratch.cmaes_sw/hans_lps/thk_48.mps
### n_gpus=8
### CUDA_VISIBLE_DEVICES=0,1,2,3,4,5,6,7
### started=2026-08-10T15:55:27.406213
### argv=/home/scratch.vmostovoi_gpu/mostovoi_cuopt/cpp/build/cuopt_cli --method 1 --mps-reader experimental-fast --time-limit 3600 --iteration-limit 1000000000 --relative-primal-tolerance 1e-6 --relative-dual-tolerance 1e-6 --relative-gap-tolerance 1e-6 --log-to-console true --num-gpus 8 /home/scratch.cmaes_sw/hans_lps/thk_48.mps
### --- solver output ---
Setting parameter iteration_limit to 1000000000
Setting parameter log_to_console to true
Setting parameter method to 1
Setting parameter num_gpus to 8
Setting parameter relative_dual_tolerance to 1.000000e-06
Setting parameter relative_gap_tolerance to 1.000000e-06
Setting parameter relative_primal_tolerance to 1.000000e-06
Setting parameter time_limit to 3.600000e+03
Reading file thk_48.mps
Using experimental fast MPS parser for '/home/scratch.cmaes_sw/hans_lps/thk_48.mps'
Read file thk_48.mps in 2.39 seconds
cuOpt version: 26.10.0, git hash: f3ebc673, host arch: x86_64, device archs: 100a-real
CPU: INTEL(R) XEON(R) PLATINUM 8570, threads (physical/logical): 112/224, RAM (available/total): 1961.07 / 2015.54 GiB
CUDA 13.3, device: NVIDIA B200 (ID 0), VRAM: 178.34 GiB
CUDA device UUID: 48ab7b4d-7b0a-65b7-4538-4e37338d2330
CUDA 13.3, device: NVIDIA B200 (ID 1), VRAM: 178.34 GiB
CUDA device UUID: 5dd43d25-54eb-687e-91f8-d4c917f40a3c
CUDA 13.3, device: NVIDIA B200 (ID 2), VRAM: 178.34 GiB
CUDA device UUID: a40e62a0-1502-ea41-88b7-8ebfb62f67b6
CUDA 13.3, device: NVIDIA B200 (ID 3), VRAM: 178.34 GiB
CUDA device UUID: 69c2235c-eda1-228c-f9ee-e444f16a4e31
CUDA 13.3, device: NVIDIA B200 (ID 4), VRAM: 178.34 GiB
CUDA device UUID: 92e986d5-fb1f-ac84-bd70-b03e127c762a
CUDA 13.3, device: NVIDIA B200 (ID 5), VRAM: 178.34 GiB
CUDA device UUID: fb4dfdcf-c8fe-1714-a140-0823be2fde13
CUDA 13.3, device: NVIDIA B200 (ID 6), VRAM: 178.34 GiB
CUDA device UUID: 3519c8dd-244c-a241-e2ee-ef61e97ec465
CUDA 13.3, device: NVIDIA B200 (ID 7), VRAM: 178.34 GiB
CUDA device UUID: b80ee313-5762-b760-dd9a-a5669634bef9
Solving a problem with 6366377 constraints, 8609262 variables (0 integers), and 27802878 nonzeros
Using PSLP presolver
PSLP Presolved problem: 6045895 constraints, 8170669 variables, 26476289 non-zeros
PSLP presolve time: 3.03s
Solving with distributed PDLP on 8 GPUs.
NCCL version 2.30.7+cuda13.3
      0 +6.00000000e+00 +6.00000000e+00  0.00e+00   1.71e+01     1.76e+03   11.503s
   1000 +4.62948200e+03 +5.48756815e+03  8.58e+02   9.11e-02     5.96e+01   11.861s
   2000 +4.81762200e+03 +4.92792196e+03  1.10e+02   8.41e-03     1.32e+01   12.085s
   3000 +4.71735504e+03 +4.76747006e+03  5.01e+01   2.18e-02     4.48e+00   12.308s
   4000 +4.71434977e+03 +4.67745587e+03  3.69e+01   1.55e-01     1.38e+00   12.530s
   5000 +4.65854504e+03 +4.65482728e+03  3.72e+00   7.39e-02     5.53e-01   12.751s
   6000 +4.64896780e+03 +4.64004561e+03  8.92e+00   1.27e-01     1.23e-01   12.974s
   7000 +4.64585055e+03 +4.63832761e+03  7.52e+00   8.73e-02     5.35e-02   13.197s
   8000 +4.64188794e+03 +4.63805408e+03  3.83e+00   6.12e-02     3.07e-02   13.418s
   9000 +4.64035042e+03 +4.63796029e+03  2.39e+00   4.24e-02     2.18e-02   13.639s
  10000 +4.63942730e+03 +4.63791247e+03  1.51e+00   3.64e-02     1.65e-02   13.861s
  11000 +4.63908822e+03 +4.63780061e+03  1.29e+00   3.63e-02     1.07e-02   14.081s
  12000 +4.63895840e+03 +4.63777267e+03  1.19e+00   3.39e-02     7.65e-03   14.300s
  13000 +4.63911272e+03 +4.63776044e+03  1.35e+00   3.11e-02     5.91e-03   14.520s
  14000 +4.63904589e+03 +4.63775311e+03  1.29e+00   2.73e-02     4.83e-03   14.741s
  15000 +4.63883628e+03 +4.63775486e+03  1.08e+00   2.37e-02     4.45e-03   14.959s
  16000 +4.63848028e+03 +4.63775825e+03  7.22e-01   2.22e-02     3.73e-03   15.179s
  17000 +4.63842386e+03 +4.63774483e+03  6.79e-01   1.93e-02     5.34e-03   15.399s
  18000 +4.63823660e+03 +4.63774024e+03  4.96e-01   1.48e-02     5.61e-03   15.618s
  19000 +4.63799107e+03 +4.63774635e+03  2.45e-01   1.13e-02     4.74e-03   15.837s
  20000 +4.63793352e+03 +4.63774812e+03  1.85e-01   8.71e-03     3.99e-03   16.056s
  21000 +4.63778698e+03 +4.63775216e+03  3.48e-02   7.31e-03     3.31e-03   16.275s
  22000 +4.63771480e+03 +4.63775208e+03  3.73e-02   6.53e-03     2.83e-03   16.495s
  23000 +4.63775235e+03 +4.63775211e+03  2.34e-04   5.82e-03     2.31e-03   16.713s
  24000 +4.63778054e+03 +4.63775156e+03  2.90e-02   5.03e-03     2.04e-03   16.933s
  25000 +4.63776954e+03 +4.63775203e+03  1.75e-02   4.43e-03     1.75e-03   17.152s
  26000 +4.63778803e+03 +4.63775068e+03  3.73e-02   3.73e-03     1.78e-03   17.373s
  27000 +4.63776123e+03 +4.63775135e+03  9.88e-03   3.21e-03     1.71e-03   17.592s
  28000 +4.63776220e+03 +4.63775394e+03  8.27e-03   3.05e-03     1.57e-03   17.811s
  29000 +4.63776314e+03 +4.63775407e+03  9.07e-03   2.85e-03     1.44e-03   18.030s
  30000 +4.63776185e+03 +4.63775420e+03  7.65e-03   2.64e-03     1.31e-03   18.249s
  31000 +4.63775094e+03 +4.63775403e+03  3.09e-03   2.54e-03     1.14e-03   18.468s
  32000 +4.63775892e+03 +4.63775432e+03  4.60e-03   2.35e-03     1.06e-03   18.686s
  33000 +4.63776725e+03 +4.63775368e+03  1.36e-02   2.17e-03     1.03e-03   18.904s
  34000 +4.63776775e+03 +4.63775394e+03  1.38e-02   1.77e-03     1.03e-03   19.124s
  35000 +4.63776020e+03 +4.63775402e+03  6.18e-03   1.44e-03     9.65e-04   19.345s
  36000 +4.63776338e+03 +4.63775420e+03  9.18e-03   1.31e-03     8.39e-04   19.564s
  37000 +4.63776870e+03 +4.63775362e+03  1.51e-02   1.21e-03     7.08e-04   19.782s
  38000 +4.63775163e+03 +4.63775255e+03  9.17e-04   1.23e-03     6.52e-04   20.000s
  39000 +4.63776253e+03 +4.63775303e+03  9.51e-03   1.17e-03     5.88e-04   20.219s
  40000 +4.63775495e+03 +4.63775318e+03  1.76e-03   1.18e-03     5.42e-04   20.437s
  41000 +4.63776147e+03 +4.63775312e+03  8.35e-03   1.06e-03     6.26e-04   20.657s
  42000 +4.63776457e+03 +4.63775327e+03  1.13e-02   9.90e-04     5.92e-04   20.875s
  43000 +4.63776473e+03 +4.63775318e+03  1.16e-02   9.38e-04     5.52e-04   21.094s
  44000 +4.63776504e+03 +4.63775298e+03  1.21e-02   8.98e-04     5.21e-04   21.313s
  45000 +4.63776251e+03 +4.63775265e+03  9.86e-03   8.47e-04     4.85e-04   21.532s
  46000 +4.63776173e+03 +4.63775252e+03  9.20e-03   7.89e-04     4.52e-04   21.750s
  47000 +4.63776221e+03 +4.63775238e+03  9.82e-03   7.47e-04     4.22e-04   21.969s
  48000 +4.63776120e+03 +4.63775246e+03  8.74e-03   7.33e-04     3.99e-04   22.188s
  49000 +4.63775946e+03 +4.63775241e+03  7.04e-03   7.29e-04     3.87e-04   22.407s
  50000 +4.63775885e+03 +4.63775254e+03  6.31e-03   6.52e-04     3.72e-04   22.626s
  51000 +4.63775770e+03 +4.63775222e+03  5.48e-03   6.21e-04     3.60e-04   22.846s
  52000 +4.63776171e+03 +4.63775248e+03  9.23e-03   6.01e-04     3.53e-04   23.065s
  53000 +4.63776439e+03 +4.63775247e+03  1.19e-02   5.46e-04     3.45e-04   23.284s
  54000 +4.63776266e+03 +4.63775257e+03  1.01e-02   5.12e-04     3.41e-04   23.502s
  55000 +4.63776062e+03 +4.63775244e+03  8.18e-03   4.93e-04     3.43e-04   23.721s
  56000 +4.63775854e+03 +4.63775244e+03  6.10e-03   4.52e-04     3.40e-04   23.939s
  57000 +4.63775552e+03 +4.63775225e+03  3.28e-03   4.17e-04     3.36e-04   24.158s
  58000 +4.63775308e+03 +4.63775233e+03  7.41e-04   3.98e-04     3.30e-04   24.377s
  59000 +4.63775237e+03 +4.63775240e+03  3.07e-05   3.78e-04     3.20e-04   24.596s
  60000 +4.63775230e+03 +4.63775257e+03  2.70e-04   3.63e-04     3.10e-04   24.816s
  61000 +4.63775357e+03 +4.63775240e+03  1.17e-03   3.40e-04     3.04e-04   25.035s
  62000 +4.63775740e+03 +4.63775239e+03  5.01e-03   3.21e-04     2.98e-04   25.254s
  63000 +4.63775331e+03 +4.63775250e+03  8.13e-04   3.35e-04     2.78e-04   25.473s
  64000 +4.63775262e+03 +4.63775233e+03  2.91e-04   3.04e-04     3.40e-04   25.694s
  65000 +4.63775181e+03 +4.63775233e+03  5.28e-04   2.87e-04     3.30e-04   25.913s
  66000 +4.63775042e+03 +4.63775248e+03  2.06e-03   2.81e-04     3.10e-04   26.131s
  67000 +4.63774915e+03 +4.63775269e+03  3.55e-03   2.85e-04     2.85e-04   26.351s
  68000 +4.63774834e+03 +4.63775292e+03  4.58e-03   2.84e-04     2.65e-04   26.570s
  69000 +4.63774845e+03 +4.63775304e+03  4.59e-03   2.83e-04     2.51e-04   26.789s
  70000 +4.63774900e+03 +4.63775311e+03  4.12e-03   2.76e-04     2.40e-04   27.008s
  71000 +4.63775012e+03 +4.63775324e+03  3.12e-03   2.67e-04     2.33e-04   27.227s
  72000 +4.63774969e+03 +4.63775328e+03  3.59e-03   2.62e-04     2.25e-04   27.446s
  73000 +4.63775058e+03 +4.63775329e+03  2.71e-03   2.58e-04     2.20e-04   27.664s
  73400 +4.63775070e+03 +4.63775334e+03  2.63e-03   2.56e-04     2.18e-04   27.752s
LP Solver status:                Optimal
Primal objective:                +4.63775070e+03
Dual objective:                  +4.63775334e+03
Duality gap (abs/rel):           +2.63e-03 / +2.84e-07
Primal infeasibility (abs/rel):  +2.56e-04 / +1.63e-06
Dual infeasibility (abs/rel):    +2.18e-04 / +1.24e-07
PDLP finished
Status: Optimal   Objective: 4.63775070e+03  Iterations: 73400  Time: 28.451s

### exit_code=0
### finished=2026-08-10T15:56:07.424492
### gpu_peak_mb=6202.4
### gpu_peak2_mb=5818.4
### per_gpu_peak_mb=[6202.375, 5818.375, 5818.375, 5818.375, 5818.375, 5818.375, 5818.375, 5818.375]
