### solver=cuopt-distributed
### instance=/home/scratch.vmostovoi_gpu/datasets/open_energy_benchmark/times-ireland-noco2-40-1ts.mps
### n_gpus=8
### CUDA_VISIBLE_DEVICES=0,1,2,3,4,5,6,7
### started=2026-07-29T19:35:57.306023
### argv=/home/scratch.vmostovoi_gpu/mostovoi_cuopt/cpp/build/cuopt_cli --use-distributed-pdlp true --method 1 --mps-reader experimental-fast --time-limit 3600 --iteration-limit 1000000000 --relative-primal-tolerance 1e-6 --relative-dual-tolerance 1e-6 --relative-gap-tolerance 1e-6 --log-to-console true /home/scratch.vmostovoi_gpu/datasets/open_energy_benchmark/times-ireland-noco2-40-1ts.mps
### --- solver output ---
Setting parameter iteration_limit to 1000000000
Setting parameter log_to_console to true
Setting parameter method to 1
Setting parameter relative_dual_tolerance to 1.000000e-06
Setting parameter relative_gap_tolerance to 1.000000e-06
Setting parameter relative_primal_tolerance to 1.000000e-06
Setting parameter time_limit to 3.600000e+03
Setting parameter use_distributed_pdlp to true
Reading file times-ireland-noco2-40-1ts.mps
Using experimental fast MPS parser for '/home/scratch.vmostovoi_gpu/datasets/open_energy_benchmark/times-ireland-noco2-40-1ts.mps'
Read file times-ireland-noco2-40-1ts.mps in 1.15 seconds
cuOpt version: 26.8.0, git hash: 7116ead1, host arch: x86_64, device archs: 100a-real
CPU: INTEL(R) XEON(R) PLATINUM 8570, threads (physical/logical): 112/224, RAM: 1671.39 GiB
CUDA 13.3, device: NVIDIA B200 (ID 0), VRAM: 178.34 GiB
CUDA device UUID: 25ea7360-bde4-6e76-ebb2-4451e475f9fd
CUDA 13.3, device: NVIDIA B200 (ID 1), VRAM: 178.34 GiB
CUDA device UUID: 6e87e572-8178-8707-57dc-c70c06f8c8b6
CUDA 13.3, device: NVIDIA B200 (ID 2), VRAM: 178.34 GiB
CUDA device UUID: c8c0f073-ac39-f7c9-37e2-d58e9b73665e
CUDA 13.3, device: NVIDIA B200 (ID 3), VRAM: 178.34 GiB
CUDA device UUID: b589f902-b1cb-08d0-5e85-23ad31f5b038
CUDA 13.3, device: NVIDIA B200 (ID 4), VRAM: 178.34 GiB
CUDA device UUID: 6faaac0d-7c95-3d39-7135-782cb0414944
CUDA 13.3, device: NVIDIA B200 (ID 5), VRAM: 178.34 GiB
CUDA device UUID: 9fe0bc05-0acb-c86f-ba57-8df0f4832497
CUDA 13.3, device: NVIDIA B200 (ID 6), VRAM: 178.34 GiB
CUDA device UUID: bd40d93e-0cd2-a91b-9127-e6480bc29a22
CUDA 13.3, device: NVIDIA B200 (ID 7), VRAM: 178.34 GiB
CUDA device UUID: 38445b17-7296-c477-94f5-609f11b6b352
Solving a problem with 4809283 constraints, 4534121 variables (0 integers), and 21872822 nonzeros
Using PSLP presolver
PSLP Presolved problem: 2919321 constraints, 2951708 variables, 17104731 non-zeros
PSLP presolve time: 10.78s
Solving with distributed PDLP on 8 GPUs.
NCCL version 2.30.7+cuda13.3
      0 +2.95646697e+04 +2.95646697e+04  0.00e+00   3.67e+04     9.18e+04   17.623s
   1000 +8.82965874e+04 +1.81397910e+05  9.31e+04   8.18e+04     4.63e+01   18.008s
   2000 +2.20010055e+05 +3.02174053e+05  8.22e+04   2.02e+04     1.18e+02   18.221s
   3000 +3.03285283e+05 +3.37501013e+05  3.42e+04   2.94e+01     5.85e+01   18.435s
   4000 +3.20355200e+05 +3.44063784e+05  2.37e+04   1.45e+01     5.57e+01   18.648s
   5000 +3.25528439e+05 +3.47793220e+05  2.23e+04   9.94e+00     5.06e+01   18.860s
   6000 +3.28835417e+05 +3.52653293e+05  2.38e+04   1.31e+01     1.05e+02   19.074s
   7000 +3.30945389e+05 +3.62227090e+05  3.13e+04   7.22e+00     1.04e+02   19.286s
   8000 +3.31169039e+05 +3.70719295e+05  3.96e+04   7.19e+00     1.03e+02   19.499s
   9000 +3.31351643e+05 +3.80413813e+05  4.91e+04   7.12e+00     1.03e+02   19.711s
  10000 +3.37615638e+05 +5.08117413e+05  1.71e+05   1.52e+02     1.27e+03   19.925s
  11000 +3.57873083e+05 +5.91502141e+05  2.34e+05   4.29e+01     1.55e+03   20.134s
  12000 +3.67534783e+05 +5.11770692e+05  1.44e+05   3.68e+01     5.10e+02   20.344s
  13000 +3.73471346e+05 +6.21766528e+05  2.48e+05   5.98e+01     9.62e+02   20.555s
  14000 +3.85357759e+05 +6.93879195e+05  3.09e+05   4.46e+01     1.58e+03   20.765s
  15000 +4.01398505e+05 +7.61563835e+05  3.60e+05   3.92e+01     1.77e+03   20.975s
  16000 +4.20560852e+05 +8.01363679e+05  3.81e+05   2.18e+01     1.77e+03   21.184s
  17000 +4.38818527e+05 +7.81197706e+05  3.42e+05   4.87e+00     1.70e+03   21.394s
  18000 +4.52391723e+05 +7.51352288e+05  2.99e+05   4.97e-01     1.41e+03   21.603s
  19000 +4.60290571e+05 +6.63730200e+05  2.03e+05   6.03e-01     1.15e+03   21.804s
  20000 +4.74095182e+05 +6.28432238e+05  1.54e+05   9.70e-01     8.73e+02   22.006s
  21000 +4.89916112e+05 +5.90103643e+05  1.00e+05   7.46e-01     6.74e+02   22.207s
  22000 +4.97916064e+05 +5.42385242e+05  4.45e+04   9.36e-01     6.00e+02   22.407s
  23000 +5.00185453e+05 +5.10279162e+05  1.01e+04   8.40e-01     3.56e+02   22.611s
  24000 +4.98263538e+05 +4.83145420e+05  1.51e+04   7.10e-01     2.38e+02   22.813s
  25000 +4.93072279e+05 +4.60465511e+05  3.26e+04   6.56e-01     1.97e+02   23.016s
  26000 +4.85991172e+05 +4.45746248e+05  4.02e+04   5.43e-01     2.34e+02   23.218s
  27000 +4.78178695e+05 +4.36349818e+05  4.18e+04   4.19e-01     2.13e+02   23.423s
  28000 +4.70786174e+05 +4.36243880e+05  3.45e+04   3.60e-01     1.90e+02   23.633s
  29000 +4.64547986e+05 +4.38070668e+05  2.65e+04   2.55e-01     1.51e+02   23.845s
  30000 +4.63683552e+05 +4.16955865e+05  4.67e+04   1.95e-01     4.35e+02   24.056s
  31000 +4.62160724e+05 +4.01083249e+05  6.11e+04   1.79e-01     5.52e+02   24.265s
  32000 +4.60218130e+05 +3.92621417e+05  6.76e+04   1.78e-01     6.15e+02   24.475s
  33000 +4.58197147e+05 +3.89368761e+05  6.88e+04   1.79e-01     4.73e+02   24.684s
  34000 +4.56182130e+05 +3.90389928e+05  6.58e+04   1.65e-01     3.93e+02   24.893s
  35000 +4.54344952e+05 +3.95096985e+05  5.92e+04   1.25e-01     4.87e+02   25.102s
  36000 +4.52869301e+05 +4.03936845e+05  4.89e+04   5.39e+00     4.00e+02   25.312s
  37000 +4.51943247e+05 +4.14697121e+05  3.72e+04   8.56e-02     3.16e+02   25.520s
  38000 +4.51533433e+05 +4.27241027e+05  2.43e+04   2.63e+00     2.62e+02   25.730s
  39000 +4.51648928e+05 +4.38765503e+05  1.29e+04   2.00e+00     2.12e+02   25.939s
  40000 +4.51911294e+05 +4.46379221e+05  5.53e+03   1.09e+00     8.59e+01   26.150s
  41000 +4.51338895e+05 +4.48042078e+05  3.30e+03   1.83e+00     7.39e+01   26.359s
  42000 +4.50999376e+05 +4.51231626e+05  2.32e+02   2.36e+00     6.35e+01   26.568s
  43000 +4.50952241e+05 +4.54485670e+05  3.53e+03   2.37e+00     5.51e+01   26.777s
  44000 +4.51174324e+05 +4.57201783e+05  6.03e+03   2.32e+00     5.05e+01   26.986s
  45000 +4.51552062e+05 +4.59166157e+05  7.61e+03   1.55e+00     4.79e+01   27.196s
  46000 +4.51998525e+05 +4.59934527e+05  7.94e+03   1.21e+00     4.75e+01   27.405s
  47000 +4.52424135e+05 +4.60055170e+05  7.63e+03   6.40e-01     4.78e+01   27.614s
  48000 +4.52761754e+05 +4.59411571e+05  6.65e+03   3.62e-01     4.29e+01   27.823s
  49000 +4.52977818e+05 +4.58453351e+05  5.48e+03   1.36e-01     4.10e+01   28.033s
  50000 +4.53061076e+05 +4.57424791e+05  4.36e+03   1.16e-01     3.88e+01   28.244s
  51000 +4.53029155e+05 +4.56528207e+05  3.50e+03   1.92e-01     3.91e+01   28.453s
  52000 +4.52926934e+05 +4.55985008e+05  3.06e+03   1.91e-01     3.85e+01   28.661s
  53000 +4.52860371e+05 +4.55989331e+05  3.13e+03   2.78e-01     3.64e+01   28.866s
  54000 +4.52858883e+05 +4.56295851e+05  3.44e+03   2.74e-01     3.51e+01   29.067s
  55000 +4.52885704e+05 +4.56614908e+05  3.73e+03   2.51e-01     3.45e+01   29.278s
  56000 +4.52932671e+05 +4.56815480e+05  3.88e+03   2.09e-01     3.42e+01   29.488s
  57000 +4.52987728e+05 +4.56931400e+05  3.94e+03   1.47e-01     3.39e+01   29.692s
  58000 +4.53042269e+05 +4.56901710e+05  3.86e+03   1.11e-01     3.34e+01   29.901s
  59000 +4.53088563e+05 +4.56789141e+05  3.70e+03   8.72e-02     3.31e+01   30.112s
  60000 +4.53117327e+05 +4.56574388e+05  3.46e+03   8.70e-02     2.94e+01   30.323s
  61000 +4.53126223e+05 +4.56334527e+05  3.21e+03   8.73e-02     2.87e+01   30.536s
  62000 +4.53115306e+05 +4.56147245e+05  3.03e+03   8.72e-02     2.82e+01   30.746s
  63000 +4.53090805e+05 +4.56009129e+05  2.92e+03   8.72e-02     2.81e+01   30.955s
  64000 +4.53061566e+05 +4.55932453e+05  2.87e+03   8.67e-02     2.74e+01   31.164s
  65000 +4.53035438e+05 +4.55958042e+05  2.92e+03   8.97e-02     2.69e+01   31.373s
  66000 +4.53016570e+05 +4.55993180e+05  2.98e+03   1.04e-01     2.68e+01   31.582s
  67000 +4.53007100e+05 +4.56042888e+05  3.04e+03   8.64e-02     2.65e+01   31.792s
  68000 +4.53006858e+05 +4.56115674e+05  3.11e+03   1.12e-01     2.64e+01   32.001s
  69000 +4.53014422e+05 +4.56150806e+05  3.14e+03   8.66e-02     2.53e+01   32.210s
  70000 +4.53025235e+05 +4.56148447e+05  3.12e+03   1.19e-01     2.51e+01   32.420s
  71000 +4.53034720e+05 +4.56101652e+05  3.07e+03   8.70e-02     2.49e+01   32.629s
  72000 +4.53037058e+05 +4.56034998e+05  3.00e+03   8.70e-02     2.49e+01   32.838s
  73000 +4.53031963e+05 +4.55969851e+05  2.94e+03   8.71e-02     2.48e+01   33.047s
  74000 +4.53020255e+05 +4.55907494e+05  2.89e+03   8.69e-02     2.47e+01   33.256s
  75000 +4.53005943e+05 +4.55851008e+05  2.85e+03   8.68e-02     2.20e+01   33.466s
  76000 +4.52991844e+05 +4.55856448e+05  2.86e+03   9.94e-02     2.16e+01   33.675s
  77000 +4.52980388e+05 +4.55864880e+05  2.88e+03   1.11e-01     2.14e+01   33.884s
  78000 +4.52972529e+05 +4.55905368e+05  2.93e+03   8.66e-02     2.13e+01   34.093s
  79000 +4.52968964e+05 +4.55940817e+05  2.97e+03   8.94e-02     2.09e+01   34.302s
  80000 +4.52969975e+05 +4.55940371e+05  2.97e+03   8.77e-02     2.08e+01   34.511s
  81000 +4.52974393e+05 +4.55953505e+05  2.98e+03   8.67e-02     2.07e+01   34.720s
  82000 +4.52977379e+05 +4.55949424e+05  2.97e+03   8.68e-02     2.06e+01   34.930s
  83000 +4.52982546e+05 +4.55860176e+05  2.88e+03   8.68e-02     2.05e+01   35.141s
  84000 +4.52985939e+05 +4.55840330e+05  2.85e+03   8.68e-02     2.04e+01   35.350s
  85000 +4.52987949e+05 +4.55821442e+05  2.83e+03   8.69e-02     2.03e+01   35.559s
  86000 +4.52987057e+05 +4.55780715e+05  2.79e+03   8.69e-02     2.03e+01   35.769s
  87000 +4.52983120e+05 +4.55751522e+05  2.77e+03   8.69e-02     2.03e+01   35.978s
  88000 +4.52976879e+05 +4.55717399e+05  2.74e+03   8.69e-02     2.03e+01   36.187s
  89000 +4.52968863e+05 +4.55692441e+05  2.72e+03   8.68e-02     2.02e+01   36.397s
  90000 +4.52960358e+05 +4.55698853e+05  2.74e+03   8.68e-02     2.02e+01   36.606s
  91000 +4.52952250e+05 +4.55708280e+05  2.76e+03   8.67e-02     2.01e+01   36.815s
  92000 +4.52944397e+05 +4.55693690e+05  2.75e+03   7.46e-02     2.03e+01   37.024s
  93000 +4.52925073e+05 +4.55492168e+05  2.57e+03   1.07e-01     2.13e+01   37.233s
  94000 +4.52884697e+05 +4.55219652e+05  2.33e+03   1.22e-01     2.16e+01   37.443s
  95000 +4.52824971e+05 +4.55052012e+05  2.23e+03   7.21e-02     2.09e+01   37.652s
  96000 +4.52763403e+05 +4.55071138e+05  2.31e+03   6.77e-02     2.09e+01   37.861s
  97000 +4.52710597e+05 +4.55225969e+05  2.52e+03   1.21e-01     2.06e+01   38.070s
  98000 +4.52684520e+05 +4.55546995e+05  2.86e+03   6.67e-02     2.03e+01   38.280s
  99000 +4.52693252e+05 +4.55888069e+05  3.19e+03   6.73e-02     2.01e+01   38.489s
 100000 +4.52725731e+05 +4.56078074e+05  3.35e+03   1.23e-01     2.00e+01   38.699s
 101000 +4.52768809e+05 +4.56144099e+05  3.38e+03   6.71e-02     1.98e+01   38.909s
 102000 +4.52810493e+05 +4.56087895e+05  3.28e+03   6.70e-02     1.97e+01   39.118s
 103000 +4.52838937e+05 +4.55952606e+05  3.11e+03   6.69e-02     1.98e+01   39.327s
 104000 +4.52849707e+05 +4.55752362e+05  2.90e+03   6.42e-02     2.00e+01   39.536s
 105000 +4.52836646e+05 +4.55379194e+05  2.54e+03   5.19e-02     2.12e+01   39.747s
 106000 +4.52803480e+05 +4.55059656e+05  2.26e+03   5.17e-02     2.25e+01   39.956s
 107000 +4.52756115e+05 +4.54809894e+05  2.05e+03   5.17e-02     2.25e+01   40.166s
 108000 +4.52700242e+05 +4.54660317e+05  1.96e+03   5.14e-02     2.17e+01   40.375s
 109000 +4.52643230e+05 +4.54612305e+05  1.97e+03   5.11e-02     2.13e+01   40.585s
 110000 +4.52590788e+05 +4.54673752e+05  2.08e+03   5.07e-02     2.10e+01   40.794s
 111000 +4.52547821e+05 +4.54814352e+05  2.27e+03   5.17e-02     2.06e+01   41.003s
 112000 +4.52517308e+05 +4.55010385e+05  2.49e+03   5.69e-02     2.03e+01   41.213s
 113000 +4.52501575e+05 +4.55203289e+05  2.70e+03   6.76e-02     2.00e+01   41.422s
 114000 +4.52499326e+05 +4.55410221e+05  2.91e+03   7.16e-02     1.97e+01   41.632s
 115000 +4.52508972e+05 +4.55548702e+05  3.04e+03   5.98e-02     1.94e+01   41.841s
 116000 +4.52525499e+05 +4.55635372e+05  3.11e+03   5.20e-02     1.92e+01   42.050s
 117000 +4.52544193e+05 +4.55676369e+05  3.13e+03   5.03e-02     1.92e+01   42.259s
 118000 +4.52560417e+05 +4.55684269e+05  3.12e+03   5.03e-02     1.92e+01   42.468s
 119000 +4.52570601e+05 +4.55637157e+05  3.07e+03   5.04e-02     1.92e+01   42.677s
 120000 +4.52573574e+05 +4.55548971e+05  2.98e+03   5.05e-02     1.92e+01   42.886s
 121000 +4.52566075e+05 +4.55295192e+05  2.73e+03   1.44e-02     1.97e+01   43.097s
 122000 +4.52542684e+05 +4.54984328e+05  2.44e+03   1.58e-02     2.12e+01   43.307s
 123000 +4.52506876e+05 +4.54739314e+05  2.23e+03   1.38e-02     2.26e+01   43.516s
 124000 +4.52462105e+05 +4.54569089e+05  2.11e+03   1.23e-02     2.26e+01   43.726s
 125000 +4.52412108e+05 +4.54494433e+05  2.08e+03   1.18e-02     2.17e+01   43.935s
 126000 +4.52361886e+05 +4.54512803e+05  2.15e+03   1.16e-02     2.08e+01   44.144s
 127000 +4.52317035e+05 +4.54617802e+05  2.30e+03   1.15e-02     2.03e+01   44.353s
 128000 +4.52282113e+05 +4.54789496e+05  2.51e+03   2.94e-02     2.00e+01   44.562s
 129000 +4.52260181e+05 +4.54999921e+05  2.74e+03   4.03e-02     1.97e+01   44.771s
 130000 +4.52251813e+05 +4.55214720e+05  2.96e+03   6.80e-02     1.95e+01   44.980s
 131000 +4.52255366e+05 +4.55402049e+05  3.15e+03   2.99e-02     1.93e+01   45.189s
 132000 +4.52267240e+05 +4.55543732e+05  3.28e+03   1.61e-02     1.91e+01   45.399s
 133000 +4.52283480e+05 +4.55626333e+05  3.34e+03   1.14e-02     1.89e+01   45.608s
 134000 +4.52300136e+05 +4.55656053e+05  3.36e+03   1.17e-02     1.87e+01   45.817s
 135000 +4.52313886e+05 +4.55634528e+05  3.32e+03   1.15e-02     1.87e+01   46.026s
 136000 +4.52306677e+05 +4.55626334e+05  3.32e+03   1.13e-02     1.80e+01   46.237s
 137000 +4.52299102e+05 +4.55614873e+05  3.32e+03   1.14e-02     1.79e+01   46.446s
 138000 +4.52291670e+05 +4.55608145e+05  3.32e+03   1.23e-02     1.79e+01   46.655s
 139000 +4.52284683e+05 +4.55604756e+05  3.32e+03   1.14e-02     1.79e+01   46.865s
 140000 +4.52277985e+05 +4.55586726e+05  3.31e+03   2.68e-02     1.78e+01   47.074s
 141000 +4.52271996e+05 +4.55586422e+05  3.31e+03   1.14e-02     1.78e+01   47.283s
 142000 +4.52266202e+05 +4.55582871e+05  3.32e+03   1.53e-02     1.78e+01   47.492s
 143000 +4.52259812e+05 +4.55581906e+05  3.32e+03   1.13e-02     1.79e+01   47.702s
 144000 +4.52254754e+05 +4.55578777e+05  3.32e+03   1.49e-02     1.78e+01   47.911s
 145000 +4.52250150e+05 +4.55580811e+05  3.33e+03   1.14e-02     1.77e+01   48.120s
 146000 +4.52245578e+05 +4.55577643e+05  3.33e+03   1.15e-02     1.77e+01   48.330s
 147000 +4.52241921e+05 +4.55569465e+05  3.33e+03   1.24e-02     1.77e+01   48.539s
 148000 +4.52238267e+05 +4.55516488e+05  3.28e+03   1.23e-02     1.74e+01   48.748s
 149000 +4.52234580e+05 +4.55507342e+05  3.27e+03   1.23e-02     1.73e+01   48.957s
 150000 +4.52230254e+05 +4.55482426e+05  3.25e+03   1.18e-02     1.73e+01   49.167s
 151000 +4.52226120e+05 +4.55481247e+05  3.26e+03   1.56e-02     1.73e+01   49.376s
 152000 +4.52221418e+05 +4.55460576e+05  3.24e+03   1.91e-02     1.73e+01   49.585s
 153000 +4.52216157e+05 +4.55451926e+05  3.24e+03   1.59e-02     1.73e+01   49.794s
 154000 +4.52210587e+05 +4.55447345e+05  3.24e+03   1.15e-02     1.72e+01   50.003s
 155000 +4.52204213e+05 +4.55437132e+05  3.23e+03   1.83e-02     1.73e+01   50.212s
 156000 +4.52198249e+05 +4.55444747e+05  3.25e+03   1.15e-02     1.71e+01   50.422s
 157000 +4.52193487e+05 +4.55402196e+05  3.21e+03   1.19e-02     1.53e+01   50.631s
 158000 +4.52189966e+05 +4.55411156e+05  3.22e+03   1.18e-02     1.48e+01   50.840s
 159000 +4.52186503e+05 +4.55408303e+05  3.22e+03   1.17e-02     1.47e+01   51.049s
 160000 +4.52182525e+05 +4.55396009e+05  3.21e+03   1.15e-02     1.49e+01   51.259s
 161000 +4.52178038e+05 +4.55396504e+05  3.22e+03   1.16e-02     1.47e+01   51.467s
 162000 +4.52173167e+05 +4.55375964e+05  3.20e+03   1.16e-02     1.46e+01   51.677s
 163000 +4.52167967e+05 +4.55385294e+05  3.22e+03   1.94e-02     1.45e+01   51.886s
 164000 +4.52162737e+05 +4.55370703e+05  3.21e+03   1.17e-02     1.44e+01   52.095s
 165000 +4.52156777e+05 +4.55362560e+05  3.21e+03   1.18e-02     1.41e+01   52.304s
 166000 +4.52142693e+05 +4.55177610e+05  3.03e+03   2.12e-02     1.42e+01   52.513s
 167000 +4.52130885e+05 +4.55390052e+05  3.26e+03   2.16e-02     1.39e+01   52.723s
 168000 +4.52121037e+05 +4.55361422e+05  3.24e+03   6.39e-02     1.39e+01   52.932s
 169000 +4.52106788e+05 +4.55327728e+05  3.22e+03   7.39e-02     1.40e+01   53.141s
 170000 +4.52091231e+05 +4.55302481e+05  3.21e+03   5.43e-02     1.38e+01   53.350s
 171000 +4.52082549e+05 +4.55324102e+05  3.24e+03   4.43e-02     1.37e+01   53.560s
 172000 +4.52076926e+05 +4.55312845e+05  3.24e+03   2.26e-02     1.36e+01   53.769s
 173000 +4.52071385e+05 +4.55313509e+05  3.24e+03   1.25e-02     1.36e+01   53.978s
 174000 +4.52071088e+05 +4.55371042e+05  3.30e+03   2.09e-02     1.35e+01   54.187s
 175000 +4.52074989e+05 +4.55381357e+05  3.31e+03   7.76e-03     1.35e+01   54.397s
 176000 +4.52078786e+05 +4.55317338e+05  3.24e+03   5.39e-03     1.20e+01   54.606s
 177000 +4.52080345e+05 +4.55312766e+05  3.23e+03   1.65e-02     1.18e+01   54.815s
 178000 +4.52082957e+05 +4.55303470e+05  3.22e+03   5.35e-03     1.17e+01   55.024s
 179000 +4.52081480e+05 +4.55246861e+05  3.17e+03   1.44e-02     1.16e+01   55.233s
 180000 +4.52073157e+05 +4.55233182e+05  3.16e+03   1.04e-02     1.15e+01   55.443s
 181000 +4.52063819e+05 +4.55220259e+05  3.16e+03   1.29e-02     1.15e+01   55.652s
 182000 +4.52053731e+05 +4.55174037e+05  3.12e+03   5.58e-03     1.15e+01   55.861s
 183000 +4.52040809e+05 +4.55138486e+05  3.10e+03   1.19e-02     1.16e+01   56.070s
 184000 +4.52028046e+05 +4.55176702e+05  3.15e+03   2.54e-02     1.14e+01   56.279s
 185000 +4.52020737e+05 +4.55197880e+05  3.18e+03   3.21e-02     1.13e+01   56.488s
 186000 +4.52015251e+05 +4.55187590e+05  3.17e+03   3.62e-02     1.12e+01   56.697s
 187000 +4.52011683e+05 +4.55221435e+05  3.21e+03   4.11e-03     1.11e+01   56.906s
 188000 +4.52013185e+05 +4.55229424e+05  3.22e+03   6.69e-03     1.12e+01   57.115s
 189000 +4.52016110e+05 +4.55241276e+05  3.23e+03   4.41e-03     1.12e+01   57.325s
 190000 +4.52019410e+05 +4.55228378e+05  3.21e+03   8.59e-03     1.11e+01   57.534s
 191000 +4.52021742e+05 +4.55210773e+05  3.19e+03   4.19e-02     1.10e+01   57.743s
 192000 +4.52022039e+05 +4.55192218e+05  3.17e+03   4.26e-03     1.10e+01   57.952s
 193000 +4.52018914e+05 +4.55163904e+05  3.14e+03   9.01e-03     1.10e+01   58.161s
 194000 +4.52011635e+05 +4.55155731e+05  3.14e+03   5.56e-03     1.10e+01   58.371s
 195000 +4.52002905e+05 +4.55140064e+05  3.14e+03   4.64e-03     1.10e+01   58.580s
 196000 +4.51992908e+05 +4.55115277e+05  3.12e+03   4.39e-03     1.08e+01   58.789s
 197000 +4.51982903e+05 +4.55111056e+05  3.13e+03   2.89e-02     1.09e+01   58.998s
 198000 +4.51974950e+05 +4.55119260e+05  3.14e+03   7.28e-03     1.08e+01   59.207s
 199000 +4.51968850e+05 +4.55136637e+05  3.17e+03   1.87e-02     1.08e+01   59.416s
 200000 +4.51964595e+05 +4.55144450e+05  3.18e+03   3.67e-03     1.07e+01   59.625s
 201000 +4.51962860e+05 +4.55143213e+05  3.18e+03   4.10e-03     1.07e+01   59.834s
 202000 +4.51962369e+05 +4.55156093e+05  3.19e+03   3.29e-02     1.08e+01   60.043s
 203000 +4.51963683e+05 +4.55158592e+05  3.19e+03   5.97e-03     1.07e+01   60.252s
 204000 +4.51964917e+05 +4.55155209e+05  3.19e+03   1.63e-02     1.07e+01   60.461s
 205000 +4.51965877e+05 +4.55139182e+05  3.17e+03   3.71e-03     1.07e+01   60.670s
 206000 +4.51965867e+05 +4.55126136e+05  3.16e+03   4.28e-03     1.05e+01   60.879s
 207000 +4.51963321e+05 +4.55102822e+05  3.14e+03   3.63e-03     1.05e+01   61.088s
 208000 +4.51958488e+05 +4.55085630e+05  3.13e+03   4.01e-03     1.06e+01   61.298s
 209000 +4.51947024e+05 +4.54995707e+05  3.05e+03   1.84e-02     1.03e+01   61.509s
 210000 +4.51909636e+05 +4.54869334e+05  2.96e+03   5.42e-02     1.02e+01   61.718s
 211000 +4.51874555e+05 +4.54835591e+05  2.96e+03   7.12e-02     1.01e+01   61.927s
 212000 +4.51839290e+05 +4.54786362e+05  2.95e+03   1.96e-02     9.93e+00   62.137s
 213000 +4.51813787e+05 +4.54746563e+05  2.93e+03   1.99e-02     9.64e+00   62.346s
 214000 +4.51791002e+05 +4.54732656e+05  2.94e+03   2.99e-02     9.53e+00   62.555s
 215000 +4.51775274e+05 +4.54707634e+05  2.93e+03   1.79e-02     9.41e+00   62.764s
 216000 +4.51757862e+05 +4.54676350e+05  2.92e+03   1.40e-01     9.30e+00   62.974s
 217000 +4.51745652e+05 +4.54677154e+05  2.93e+03   1.69e-02     9.25e+00   63.183s
 218000 +4.51727217e+05 +4.54668277e+05  2.94e+03   1.70e-01     9.18e+00   63.392s
 219000 +4.51708513e+05 +4.54611983e+05  2.90e+03   2.95e-02     8.14e+00   63.601s
 220000 +4.51697182e+05 +4.54577916e+05  2.88e+03   7.01e-02     7.97e+00   63.810s
 221000 +4.51677962e+05 +4.54555933e+05  2.88e+03   2.76e-02     7.71e+00   64.019s
 222000 +4.51655605e+05 +4.54518897e+05  2.86e+03   4.34e-02     7.57e+00   64.228s
 223000 +4.51635945e+05 +4.54515756e+05  2.88e+03   2.33e-02     7.49e+00   64.438s
 224000 +4.51604066e+05 +4.54456351e+05  2.85e+03   2.13e-02     7.31e+00   64.647s
 225000 +4.51581467e+05 +4.54427199e+05  2.85e+03   1.97e-02     7.20e+00   64.856s
 226000 +4.51551611e+05 +4.54400507e+05  2.85e+03   1.90e-02     7.14e+00   65.066s
 227000 +4.51527908e+05 +4.54391507e+05  2.86e+03   3.16e-02     7.06e+00   65.275s
 228000 +4.51509848e+05 +4.54356690e+05  2.85e+03   2.11e-01     6.99e+00   65.484s
 229000 +4.51489328e+05 +4.54302726e+05  2.81e+03   5.98e-01     6.91e+00   65.693s
 230000 +4.51477736e+05 +4.54146776e+05  2.67e+03   6.97e-02     6.86e+00   65.903s
 231000 +4.51297932e+05 +4.53737830e+05  2.44e+03   1.17e+00     5.41e+00   66.114s
 232000 +4.51231642e+05 +4.53523943e+05  2.29e+03   1.08e+00     4.88e+00   66.323s
 233000 +4.51184708e+05 +4.53339407e+05  2.15e+03   1.42e+00     4.26e+00   66.532s
 234000 +4.51280548e+05 +4.53197172e+05  1.92e+03   9.77e-01     3.86e+00   66.741s
 235000 +4.51232844e+05 +4.53049888e+05  1.82e+03   6.85e-01     3.43e+00   66.950s
 236000 +4.51152551e+05 +4.52898484e+05  1.75e+03   7.00e-01     3.04e+00   67.160s
 237000 +4.51005681e+05 +4.52797878e+05  1.79e+03   3.56e-01     2.87e+00   67.369s
 238000 +4.50757172e+05 +4.52724018e+05  1.97e+03   4.94e-01     2.75e+00   67.578s
 239000 +4.50529934e+05 +4.52612576e+05  2.08e+03   5.99e-01     2.60e+00   67.787s
 240000 +4.50209539e+05 +4.52521252e+05  2.31e+03   3.12e-01     2.52e+00   67.997s
 241000 +4.49930201e+05 +4.52444445e+05  2.51e+03   9.33e-01     2.42e+00   68.206s
 242000 +4.49640823e+05 +4.52366875e+05  2.73e+03   3.73e-01     2.29e+00   68.415s
 243000 +4.49414253e+05 +4.52346304e+05  2.93e+03   1.49e+00     2.22e+00   68.624s
 244000 +4.49249299e+05 +4.52263487e+05  3.01e+03   3.43e-01     2.16e+00   68.834s
 245000 +4.49133152e+05 +4.52163386e+05  3.03e+03   3.28e-01     2.00e+00   69.043s
 246000 +4.49068061e+05 +4.52038172e+05  2.97e+03   2.57e-01     1.90e+00   69.253s
 247000 +4.49042505e+05 +4.51955317e+05  2.91e+03   3.63e-01     1.82e+00   69.462s
 248000 +4.48523352e+05 +4.51376110e+05  2.85e+03   2.58e+00     1.33e+00   69.673s
 249000 +4.48309701e+05 +4.50306479e+05  2.00e+03   2.81e+00     9.73e-01   69.882s
 250000 +4.47825870e+05 +4.49979347e+05  2.15e+03   3.27e+00     7.76e-01   70.091s
 251000 +4.45481907e+05 +4.48211251e+05  2.73e+03   9.71e+00     5.61e-01   70.302s
 252000 +4.43026829e+05 +4.47354650e+05  4.33e+03   1.60e+01     4.17e-01   70.511s
 253000 +4.41599376e+05 +4.46730102e+05  5.13e+03   1.94e+01     3.40e-01   70.720s
 254000 +4.40164305e+05 +4.46301183e+05  6.14e+03   1.96e+01     3.13e-01   70.929s
 255000 +4.38799726e+05 +4.45898631e+05  7.10e+03   3.22e+01     2.82e-01   71.139s
 256000 +4.37456092e+05 +4.45717713e+05  8.26e+03   5.50e+01     2.60e-01   71.348s
 257000 +4.36115769e+05 +4.45459950e+05  9.34e+03   4.60e+01     2.29e-01   71.557s
 258000 +4.35692472e+05 +4.45217508e+05  9.53e+03   2.18e+01     2.10e-01   71.766s
 259000 +4.35484528e+05 +4.45074377e+05  9.59e+03   2.15e+01     1.94e-01   71.975s
 260000 +4.36103208e+05 +4.44867937e+05  8.76e+03   1.99e+01     1.81e-01   72.184s
 261000 +4.36398142e+05 +4.44770124e+05  8.37e+03   1.93e+01     1.61e-01   72.394s
 262000 +4.36863700e+05 +4.44671076e+05  7.81e+03   1.89e+01     1.53e-01   72.603s
 263000 +4.37690139e+05 +4.44515699e+05  6.83e+03   1.86e+01     1.36e-01   72.812s
 264000 +4.37991966e+05 +4.44389116e+05  6.40e+03   1.99e+01     1.24e-01   73.021s
 265000 +4.38513080e+05 +4.44308450e+05  5.80e+03   1.74e+01     1.12e-01   73.230s
 266000 +4.38828178e+05 +4.43814418e+05  4.99e+03   1.70e+01     8.76e-02   73.441s
 267000 +4.38437702e+05 +4.43732669e+05  5.29e+03   1.78e+01     8.09e-02   73.651s
 268000 +4.38310064e+05 +4.43628390e+05  5.32e+03   1.84e+01     7.93e-02   73.860s
 269000 +4.38467534e+05 +4.43547994e+05  5.08e+03   1.86e+01     7.44e-02   74.069s
 270000 +4.38734328e+05 +4.43466632e+05  4.73e+03   2.06e+01     7.43e-02   74.278s
 271000 +4.38990131e+05 +4.43397593e+05  4.41e+03   1.67e+01     7.50e-02   74.487s
 272000 +4.39108754e+05 +4.43307377e+05  4.20e+03   1.58e+01     7.26e-02   74.696s
 273000 +4.39355189e+05 +4.43290497e+05  3.94e+03   1.50e+01     6.48e-02   74.906s
 274000 +4.39435594e+05 +4.43260190e+05  3.82e+03   1.44e+01     5.32e-02   75.115s
 275000 +4.39359974e+05 +4.43215573e+05  3.86e+03   1.43e+01     4.45e-02   75.324s
 276000 +4.39442830e+05 +4.43198361e+05  3.76e+03   1.40e+01     4.06e-02   75.533s
 277000 +4.39467116e+05 +4.43128103e+05  3.66e+03   1.60e+01     3.48e-02   75.743s
 278000 +4.39727374e+05 +4.43106873e+05  3.38e+03   1.48e+01     3.15e-02   75.952s
 279000 +4.39899897e+05 +4.43103004e+05  3.20e+03   1.25e+01     3.05e-02   76.161s
 280000 +4.40169026e+05 +4.43080854e+05  2.91e+03   1.42e+01     2.77e-02   76.370s
 281000 +4.40598312e+05 +4.43105429e+05  2.51e+03   1.30e+01     2.84e-02   76.579s
 282000 +4.40719274e+05 +4.43118064e+05  2.40e+03   1.09e+01     3.17e-02   76.789s
 283000 +4.40799821e+05 +4.43118706e+05  2.32e+03   2.63e+01     2.86e-02   76.998s
 284000 +4.40954229e+05 +4.43133751e+05  2.18e+03   1.23e+01     2.60e-02   77.207s
 285000 +4.40878754e+05 +4.43132949e+05  2.25e+03   1.04e+01     2.34e-02   77.416s
 286000 +4.40910721e+05 +4.43139957e+05  2.23e+03   1.02e+01     2.23e-02   77.625s
 287000 +4.40855045e+05 +4.43158215e+05  2.30e+03   1.01e+01     2.21e-02   77.834s
 288000 +4.40858143e+05 +4.43157107e+05  2.30e+03   1.00e+01     2.29e-02   78.044s
 289000 +4.40774768e+05 +4.43169832e+05  2.40e+03   9.98e+00     2.43e-02   78.253s
 290000 +4.40782338e+05 +4.43171479e+05  2.39e+03   9.85e+00     2.48e-02   78.462s
 291000 +4.40919458e+05 +4.43157499e+05  2.24e+03   9.62e+00     2.39e-02   78.671s
 292000 +4.40937000e+05 +4.43157251e+05  2.22e+03   9.42e+00     2.26e-02   78.880s
 293000 +4.41057564e+05 +4.43141860e+05  2.08e+03   9.13e+00     2.08e-02   79.090s
 294000 +4.41188534e+05 +4.43134708e+05  1.95e+03   8.85e+00     1.95e-02   79.299s
 295000 +4.41249365e+05 +4.43140985e+05  1.89e+03   8.68e+00     1.77e-02   79.508s
 296000 +4.41333136e+05 +4.43135688e+05  1.80e+03   8.57e+00     1.76e-02   79.717s
 297000 +4.41427432e+05 +4.43138903e+05  1.71e+03   8.44e+00     1.73e-02   79.926s
 298000 +4.41445029e+05 +4.43143730e+05  1.70e+03   8.45e+00     1.70e-02   80.135s
 299000 +4.41423162e+05 +4.43140696e+05  1.72e+03   9.44e+00     1.65e-02   80.344s
 300000 +4.41411607e+05 +4.43091739e+05  1.68e+03   8.32e+00     1.85e-02   80.555s
 301000 +4.41401378e+05 +4.43086707e+05  1.69e+03   8.20e+00     1.95e-02   80.764s
 302000 +4.41440585e+05 +4.43084347e+05  1.64e+03   8.04e+00     2.27e-02   80.973s
 303000 +4.41423341e+05 +4.43083695e+05  1.66e+03   7.78e+00     2.60e-02   81.183s
 304000 +4.41430558e+05 +4.43088206e+05  1.66e+03   7.75e+00     2.56e-02   81.392s
 305000 +4.41548470e+05 +4.43090394e+05  1.54e+03   2.22e+01     2.42e-02   81.601s
 306000 +4.41598274e+05 +4.43084085e+05  1.49e+03   2.09e+01     2.27e-02   81.810s
 307000 +4.41650257e+05 +4.43080558e+05  1.43e+03   1.73e+01     2.36e-02   82.019s
 308000 +4.41753162e+05 +4.43076626e+05  1.32e+03   1.96e+01     2.45e-02   82.228s
 309000 +4.41790621e+05 +4.43075853e+05  1.29e+03   6.53e+00     2.20e-02   82.438s
 310000 +4.41849401e+05 +4.43080411e+05  1.23e+03   6.37e+00     2.25e-02   82.647s
 311000 +4.41883128e+05 +4.43091020e+05  1.21e+03   8.97e+00     2.25e-02   82.856s
 312000 +4.41949472e+05 +4.43105657e+05  1.16e+03   6.28e+00     2.09e-02   83.065s
 313000 +4.42029942e+05 +4.43123115e+05  1.09e+03   6.16e+00     1.91e-02   83.274s
 314000 +4.42078624e+05 +4.43139840e+05  1.06e+03   6.15e+00     1.76e-02   83.484s
 315000 +4.42133117e+05 +4.43152443e+05  1.02e+03   6.14e+00     2.03e-02   83.693s
 316000 +4.42147901e+05 +4.43161457e+05  1.01e+03   6.13e+00     1.84e-02   83.902s
 317000 +4.42164474e+05 +4.43164178e+05  1.00e+03   6.13e+00     1.85e-02   84.111s
 318000 +4.42144029e+05 +4.43167863e+05  1.02e+03   6.29e+00     1.69e-02   84.320s
 319000 +4.42111641e+05 +4.43169272e+05  1.06e+03   6.26e+00     1.65e-02   84.529s
 320000 +4.42067892e+05 +4.43173859e+05  1.11e+03   6.07e+00     1.50e-02   84.738s
 321000 +4.42031239e+05 +4.43178824e+05  1.15e+03   6.61e+00     1.34e-02   84.948s
 322000 +4.42014996e+05 +4.43177708e+05  1.16e+03   5.98e+00     2.26e-02   85.158s
 323000 +4.42084762e+05 +4.43164801e+05  1.08e+03   5.79e+00     2.84e-02   85.368s
 324000 +4.42122339e+05 +4.43146115e+05  1.02e+03   5.88e+00     3.92e-02   85.577s
 325000 +4.42156732e+05 +4.43123949e+05  9.67e+02   5.87e+00     4.36e-02   85.786s
 326000 +4.42215607e+05 +4.43101231e+05  8.86e+02   5.37e+00     4.68e-02   85.996s
 327000 +4.42275740e+05 +4.43080241e+05  8.05e+02   5.17e+00     5.21e-02   86.205s
 328000 +4.42339827e+05 +4.43061895e+05  7.22e+02   6.30e+00     5.40e-02   86.414s
 329000 +4.42419987e+05 +4.43044367e+05  6.24e+02   5.05e+00     5.33e-02   86.623s
 330000 +4.42470858e+05 +4.43029862e+05  5.59e+02   4.50e+00     5.29e-02   86.832s
 331000 +4.42530601e+05 +4.43017583e+05  4.87e+02   4.26e+00     5.49e-02   87.041s
 332000 +4.42592550e+05 +4.43012415e+05  4.20e+02   4.10e+00     5.54e-02   87.251s
 333000 +4.42636189e+05 +4.43037649e+05  4.01e+02   9.05e+00     5.69e-02   87.460s
 334000 +4.42731752e+05 +4.43023894e+05  2.92e+02   3.65e+00     6.26e-02   87.671s
 335000 +4.42774257e+05 +4.42998759e+05  2.25e+02   3.52e+00     7.16e-02   87.880s
 336000 +4.42821835e+05 +4.42985968e+05  1.64e+02   3.35e+00     8.23e-02   88.090s
 337000 +4.42857706e+05 +4.42987483e+05  1.30e+02   3.18e+00     9.66e-02   88.299s
 338000 +4.42890352e+05 +4.43002826e+05  1.12e+02   4.89e+00     1.07e-01   88.508s
 339000 +4.42937088e+05 +4.43028396e+05  9.13e+01   3.64e+00     1.08e-01   88.717s
 340000 +4.42971413e+05 +4.43059781e+05  8.84e+01   2.61e+00     9.96e-02   88.927s
 341000 +4.42992684e+05 +4.43096229e+05  1.04e+02   2.46e+00     8.55e-02   89.136s
 342000 +4.42986140e+05 +4.43140537e+05  1.54e+02   2.34e+00     7.23e-02   89.345s
 343000 +4.43028989e+05 +4.43187951e+05  1.59e+02   2.52e+00     6.52e-02   89.554s
 344000 +4.43042905e+05 +4.43229810e+05  1.87e+02   2.37e+00     6.18e-02   89.763s
 345000 +4.43153668e+05 +4.43219911e+05  6.62e+01   1.89e+00     7.87e-02   89.974s
 346000 +4.43187192e+05 +4.43208743e+05  2.16e+01   1.74e+00     9.89e-02   90.183s
 347000 +4.43218433e+05 +4.43195771e+05  2.27e+01   1.59e+00     1.18e-01   90.393s
 348000 +4.43253685e+05 +4.43184138e+05  6.95e+01   1.42e+00     1.20e-01   90.602s
 349000 +4.43285519e+05 +4.43174738e+05  1.11e+02   1.26e+00     1.22e-01   90.811s
 350000 +4.43318415e+05 +4.43165603e+05  1.53e+02   1.16e+00     1.23e-01   91.020s
 351000 +4.43356243e+05 +4.43161837e+05  1.94e+02   9.80e-01     1.29e-01   91.230s
 352000 +4.43423488e+05 +4.43158421e+05  2.65e+02   7.88e-01     1.31e-01   91.439s
 353000 +4.43448354e+05 +4.43157866e+05  2.90e+02   8.33e-01     1.28e-01   91.648s
 354000 +4.43470459e+05 +4.43160152e+05  3.10e+02   6.64e-01     1.23e-01   91.857s
 355000 +4.43478812e+05 +4.43170694e+05  3.08e+02   2.21e+00     1.13e-01   92.067s
 356000 +4.43481595e+05 +4.43186836e+05  2.95e+02   6.28e-01     9.51e-02   92.276s
 357000 +4.43477297e+05 +4.43203104e+05  2.74e+02   5.43e-01     8.05e-02   92.485s
 358000 +4.43482301e+05 +4.43215108e+05  2.67e+02   5.52e-01     6.49e-02   92.694s
 359000 +4.43475532e+05 +4.43220505e+05  2.55e+02   5.55e-01     5.35e-02   92.904s
 360000 +4.43474592e+05 +4.43220380e+05  2.54e+02   5.59e-01     4.65e-02   93.113s
 361000 +4.43478344e+05 +4.43218351e+05  2.60e+02   7.95e-01     4.40e-02   93.322s
 362000 +4.43482963e+05 +4.43217097e+05  2.66e+02   1.01e+00     4.55e-02   93.531s
 363000 +4.43475164e+05 +4.43217946e+05  2.57e+02   5.43e-01     4.51e-02   93.742s
 364000 +4.43480643e+05 +4.43222874e+05  2.58e+02   5.29e-01     4.27e-02   93.952s
 365000 +4.43480309e+05 +4.43232777e+05  2.48e+02   5.20e-01     4.03e-02   94.161s
 366000 +4.43474554e+05 +4.43245739e+05  2.29e+02   5.09e-01     3.66e-02   94.371s
 367000 +4.43457286e+05 +4.43256545e+05  2.01e+02   5.58e-01     3.62e-02   94.580s
 368000 +4.43449555e+05 +4.43264079e+05  1.85e+02   7.74e-01     3.14e-02   94.789s
 369000 +4.43458826e+05 +4.43268913e+05  1.90e+02   6.86e-01     3.19e-02   94.998s
 370000 +4.43456341e+05 +4.43266490e+05  1.90e+02   4.92e-01     4.10e-02   95.209s
 371000 +4.43451622e+05 +4.43264117e+05  1.88e+02   5.09e-01     6.79e-02   95.419s
 372000 +4.43450961e+05 +4.43265813e+05  1.85e+02   4.48e-01     5.87e-02   95.628s
 373000 +4.43450629e+05 +4.43268784e+05  1.82e+02   4.61e-01     6.27e-02   95.837s
 374000 +4.43451812e+05 +4.43271314e+05  1.80e+02   4.51e-01     6.32e-02   96.047s
 375000 +4.43454077e+05 +4.43272736e+05  1.81e+02   4.38e-01     6.34e-02   96.256s
 376000 +4.43447738e+05 +4.43272225e+05  1.76e+02   4.83e-01     5.88e-02   96.465s
 377000 +4.43440274e+05 +4.43271815e+05  1.68e+02   6.20e-01     5.37e-02   96.674s
 378000 +4.43429267e+05 +4.43269012e+05  1.60e+02   5.70e-01     4.91e-02   96.884s
 379000 +4.43430103e+05 +4.43265040e+05  1.65e+02   4.08e-01     4.84e-02   97.093s
 380000 +4.43435248e+05 +4.43262307e+05  1.73e+02   3.97e-01     5.01e-02   97.302s
 381000 +4.43435607e+05 +4.43259753e+05  1.76e+02   3.91e-01     4.88e-02   97.511s
 382000 +4.43434709e+05 +4.43256604e+05  1.78e+02   4.13e-01     4.93e-02   97.720s
 383000 +4.43425957e+05 +4.43251808e+05  1.74e+02   3.74e-01     5.02e-02   97.929s
 384000 +4.43428242e+05 +4.43245797e+05  1.82e+02   3.70e-01     4.73e-02   98.138s
 385000 +4.43419851e+05 +4.43241660e+05  1.78e+02   3.61e-01     4.32e-02   98.348s
 386000 +4.43408851e+05 +4.43237221e+05  1.72e+02   3.43e-01     4.62e-02   98.557s
 387000 +4.43409845e+05 +4.43234049e+05  1.76e+02   3.36e-01     4.14e-02   98.766s
 388000 +4.43393830e+05 +4.43228452e+05  1.65e+02   3.23e-01     5.68e-02   98.976s
 389000 +4.43387755e+05 +4.43222789e+05  1.65e+02   3.15e-01     5.24e-02   99.186s
 390000 +4.43385953e+05 +4.43215474e+05  1.70e+02   3.20e-01     5.63e-02   99.395s
 391000 +4.43385970e+05 +4.43207683e+05  1.78e+02   3.08e-01     6.03e-02   99.604s
 392000 +4.43385067e+05 +4.43200295e+05  1.85e+02   3.04e-01     6.40e-02   99.813s
 393000 +4.43385349e+05 +4.43194060e+05  1.91e+02   3.07e-01     6.62e-02   100.022s
 394000 +4.43388646e+05 +4.43189363e+05  1.99e+02   3.17e-01     6.67e-02   100.231s
 395000 +4.43392539e+05 +4.43184137e+05  2.08e+02   3.03e-01     6.93e-02   100.441s
 396000 +4.43393812e+05 +4.43179206e+05  2.15e+02   2.95e-01     7.12e-02   100.650s
 397000 +4.43387961e+05 +4.43173820e+05  2.14e+02   2.94e-01     7.24e-02   100.859s
 398000 +4.43391360e+05 +4.43168483e+05  2.23e+02   2.83e-01     7.41e-02   101.068s
 399000 +4.43386743e+05 +4.43163017e+05  2.24e+02   2.74e-01     7.43e-02   101.277s
 400000 +4.43384399e+05 +4.43158348e+05  2.26e+02   2.69e-01     7.44e-02   101.487s
 401000 +4.43379187e+05 +4.43151931e+05  2.27e+02   2.69e-01     7.31e-02   101.696s
 402000 +4.43375744e+05 +4.43146146e+05  2.30e+02   2.63e-01     7.09e-02   101.905s
 403000 +4.43372366e+05 +4.43141669e+05  2.31e+02   3.10e-01     6.97e-02   102.115s
 404000 +4.43371765e+05 +4.43138750e+05  2.33e+02   3.30e-01     6.57e-02   102.324s
 405000 +4.43373617e+05 +4.43136714e+05  2.37e+02   3.42e-01     6.40e-02   102.533s
 406000 +4.43359467e+05 +4.43131798e+05  2.28e+02   2.50e-01     6.79e-02   102.744s
 407000 +4.43362609e+05 +4.43123959e+05  2.39e+02   2.49e-01     6.85e-02   102.953s
 408000 +4.43358554e+05 +4.43115512e+05  2.43e+02   2.44e-01     7.69e-02   103.163s
 409000 +4.43354059e+05 +4.43103815e+05  2.50e+02   2.37e-01     8.73e-02   103.372s
 410000 +4.43355908e+05 +4.43092429e+05  2.63e+02   2.34e-01     9.50e-02   103.581s
 411000 +4.43352963e+05 +4.43081038e+05  2.72e+02   2.30e-01     1.02e-01   103.790s
 412000 +4.43353906e+05 +4.43071799e+05  2.82e+02   2.41e-01     1.06e-01   103.999s
 413000 +4.43354761e+05 +4.43062646e+05  2.92e+02   2.24e-01     1.07e-01   104.208s
 414000 +4.43355299e+05 +4.43053806e+05  3.01e+02   2.25e-01     1.06e-01   104.417s
 415000 +4.43355553e+05 +4.43045712e+05  3.10e+02   2.23e-01     1.04e-01   104.626s
 416000 +4.43354532e+05 +4.43038012e+05  3.17e+02   2.14e-01     1.00e-01   104.836s
 417000 +4.43354604e+05 +4.43029239e+05  3.25e+02   2.11e-01     9.61e-02   105.045s
 418000 +4.43352810e+05 +4.43021212e+05  3.32e+02   2.30e-01     9.34e-02   105.254s
 419000 +4.43351755e+05 +4.43013895e+05  3.38e+02   2.35e-01     9.20e-02   105.464s
 420000 +4.43351057e+05 +4.43006972e+05  3.44e+02   2.01e-01     9.17e-02   105.673s
 421000 +4.43350310e+05 +4.43000662e+05  3.50e+02   1.97e-01     9.07e-02   105.882s
 422000 +4.43350112e+05 +4.42994941e+05  3.55e+02   1.95e-01     9.16e-02   106.091s
 423000 +4.43349445e+05 +4.42989537e+05  3.60e+02   1.99e-01     9.19e-02   106.301s
 424000 +4.43349775e+05 +4.42984402e+05  3.65e+02   1.87e-01     9.35e-02   106.510s
 425000 +4.43348429e+05 +4.42979701e+05  3.69e+02   1.84e-01     9.38e-02   106.719s
 426000 +4.43348169e+05 +4.42975934e+05  3.72e+02   1.82e-01     9.43e-02   106.928s
 427000 +4.43343179e+05 +4.42972599e+05  3.71e+02   1.69e-01     9.74e-02   107.137s
 428000 +4.43343845e+05 +4.42968280e+05  3.76e+02   1.67e-01     9.65e-02   107.346s
 429000 +4.43341145e+05 +4.42964622e+05  3.77e+02   1.63e-01     9.67e-02   107.555s
 430000 +4.43342399e+05 +4.42959188e+05  3.83e+02   3.28e-01     9.57e-02   107.765s
 431000 +4.43341668e+05 +4.42953604e+05  3.88e+02   1.60e-01     9.43e-02   107.974s
 432000 +4.43335170e+05 +4.42940002e+05  3.95e+02   1.40e-01     9.75e-02   108.185s
 433000 +4.43334516e+05 +4.42926644e+05  4.08e+02   1.38e-01     9.41e-02   108.394s
 434000 +4.43333129e+05 +4.42914915e+05  4.18e+02   1.35e-01     9.52e-02   108.604s
 435000 +4.43327863e+05 +4.42904012e+05  4.24e+02   1.59e-01     9.70e-02   108.813s
 436000 +4.43325684e+05 +4.42896168e+05  4.30e+02   1.23e-01     9.69e-02   109.022s
 437000 +4.43324581e+05 +4.42890128e+05  4.34e+02   1.68e-01     9.73e-02   109.231s
 438000 +4.43322381e+05 +4.42885748e+05  4.37e+02   1.39e-01     9.76e-02   109.440s
 439000 +4.43320393e+05 +4.42882955e+05  4.37e+02   1.16e-01     9.85e-02   109.649s
 440000 +4.43319129e+05 +4.42881392e+05  4.38e+02   1.08e-01     9.96e-02   109.858s
 441000 +4.43319529e+05 +4.42881356e+05  4.38e+02   2.20e-01     1.00e-01   110.068s
 442000 +4.43318624e+05 +4.42882269e+05  4.36e+02   1.08e-01     1.01e-01   110.277s
 443000 +4.43318820e+05 +4.42883572e+05  4.35e+02   9.26e-02     1.02e-01   110.486s
 444000 +4.43320355e+05 +4.42883726e+05  4.37e+02   8.91e-02     1.03e-01   110.695s
 445000 +4.43320193e+05 +4.42882928e+05  4.37e+02   8.59e-02     1.03e-01   110.905s
 446000 +4.43320693e+05 +4.42881610e+05  4.39e+02   8.30e-02     1.04e-01   111.114s
 447000 +4.43315571e+05 +4.42880096e+05  4.35e+02   7.18e-02     1.05e-01   111.323s
 448000 +4.43313233e+05 +4.42880203e+05  4.33e+02   6.28e-02     1.05e-01   111.534s
 449000 +4.43310842e+05 +4.42880720e+05  4.30e+02   5.88e-02     1.05e-01   111.743s
 450000 +4.43310721e+05 +4.42880531e+05  4.30e+02   5.55e-02     1.06e-01   111.952s
 451000 +4.43310618e+05 +4.42880395e+05  4.30e+02   5.24e-02     1.07e-01   112.161s
 452000 +4.43310389e+05 +4.42880200e+05  4.30e+02   4.98e-02     1.08e-01   112.370s
 453000 +4.43310120e+05 +4.42879825e+05  4.30e+02   4.74e-02     1.09e-01   112.579s
 454000 +4.43309925e+05 +4.42879447e+05  4.30e+02   4.54e-02     1.09e-01   112.789s
 455000 +4.43309852e+05 +4.42878885e+05  4.31e+02   4.40e-02     1.09e-01   112.998s
 456000 +4.43309543e+05 +4.42878166e+05  4.31e+02   4.64e-02     1.09e-01   113.207s
 457000 +4.43309098e+05 +4.42875521e+05  4.34e+02   4.19e-02     1.08e-01   113.416s
 458000 +4.43309142e+05 +4.42873058e+05  4.36e+02   4.11e-02     1.07e-01   113.625s
 459000 +4.43309782e+05 +4.42870726e+05  4.39e+02   4.08e-02     1.06e-01   113.834s
 460000 +4.43309509e+05 +4.42868721e+05  4.41e+02   4.07e-02     1.05e-01   114.043s
 461000 +4.43309107e+05 +4.42866786e+05  4.42e+02   4.07e-02     1.04e-01   114.253s
 462000 +4.43309632e+05 +4.42865686e+05  4.44e+02   4.06e-02     1.02e-01   114.462s
 463000 +4.43310547e+05 +4.42865556e+05  4.45e+02   4.11e-02     1.01e-01   114.671s
 464000 +4.43309846e+05 +4.42865670e+05  4.44e+02   4.40e-02     9.96e-02   114.881s
 465000 +4.43309615e+05 +4.42866740e+05  4.43e+02   4.17e-02     9.83e-02   115.090s
 466000 +4.43310070e+05 +4.42868596e+05  4.41e+02   4.25e-02     9.71e-02   115.299s
 467000 +4.43310048e+05 +4.42871078e+05  4.39e+02   5.40e-02     9.61e-02   115.508s
 468000 +4.43309131e+05 +4.42873899e+05  4.35e+02   4.83e-02     9.48e-02   115.717s
 469000 +4.43309391e+05 +4.42877012e+05  4.32e+02   4.61e-02     9.37e-02   115.927s
 470000 +4.43309837e+05 +4.42880803e+05  4.29e+02   4.95e-02     9.24e-02   116.136s
 471000 +4.43309396e+05 +4.42885187e+05  4.24e+02   5.64e-02     9.15e-02   116.345s
 472000 +4.43308871e+05 +4.42890129e+05  4.19e+02   5.11e-02     9.04e-02   116.554s
 473000 +4.43309270e+05 +4.42895676e+05  4.14e+02   5.21e-02     8.93e-02   116.763s
 474000 +4.43309404e+05 +4.42901725e+05  4.08e+02   5.38e-02     8.81e-02   116.972s
 475000 +4.43308723e+05 +4.42907456e+05  4.01e+02   5.56e-02     8.69e-02   117.182s
 476000 +4.43309024e+05 +4.42913317e+05  3.96e+02   5.76e-02     8.57e-02   117.391s
 477000 +4.43309309e+05 +4.42919272e+05  3.90e+02   5.97e-02     8.44e-02   117.600s
 478000 +4.43309160e+05 +4.42925301e+05  3.84e+02   6.20e-02     8.30e-02   117.809s
 479000 +4.43308828e+05 +4.42930887e+05  3.78e+02   6.52e-02     8.16e-02   118.018s
 480000 +4.43309244e+05 +4.42936590e+05  3.73e+02   6.69e-02     8.00e-02   118.227s
 481000 +4.43309352e+05 +4.42942250e+05  3.67e+02   6.93e-02     7.84e-02   118.436s
 482000 +4.43309292e+05 +4.42947928e+05  3.61e+02   7.30e-02     7.65e-02   118.645s
 483000 +4.43309609e+05 +4.42954093e+05  3.56e+02   7.35e-02     7.48e-02   118.855s
 484000 +4.43309890e+05 +4.42960290e+05  3.50e+02   7.59e-02     7.30e-02   119.064s
 485000 +4.43309776e+05 +4.42966829e+05  3.43e+02   7.81e-02     7.14e-02   119.273s
 486000 +4.43310054e+05 +4.42973440e+05  3.37e+02   7.99e-02     6.98e-02   119.483s
 487000 +4.43310423e+05 +4.42980649e+05  3.30e+02   8.19e-02     6.83e-02   119.692s
 488000 +4.43310085e+05 +4.42986003e+05  3.24e+02   8.39e-02     6.68e-02   119.901s
 489000 +4.43309737e+05 +4.42994902e+05  3.15e+02   8.66e-02     6.52e-02   120.110s
 490000 +4.43309776e+05 +4.43003536e+05  3.06e+02   8.78e-02     6.36e-02   120.319s
 491000 +4.43309103e+05 +4.43012084e+05  2.97e+02   8.86e-02     6.21e-02   120.528s
 492000 +4.43308190e+05 +4.43021795e+05  2.86e+02   8.97e-02     6.08e-02   120.738s
 493000 +4.43307722e+05 +4.43031895e+05  2.76e+02   9.10e-02     5.93e-02   120.947s
 494000 +4.43307417e+05 +4.43042594e+05  2.65e+02   9.20e-02     5.78e-02   121.156s
 495000 +4.43307169e+05 +4.43053850e+05  2.53e+02   9.31e-02     5.63e-02   121.365s
 496000 +4.43307097e+05 +4.43065121e+05  2.42e+02   9.41e-02     5.50e-02   121.575s
 497000 +4.43307395e+05 +4.43076140e+05  2.31e+02   9.52e-02     5.36e-02   121.784s
 498000 +4.43307536e+05 +4.43087049e+05  2.20e+02   9.62e-02     5.19e-02   121.993s
 499000 +4.43308400e+05 +4.43097929e+05  2.10e+02   9.57e-02     5.04e-02   122.202s
 500000 +4.43308190e+05 +4.43107941e+05  2.00e+02   9.74e-02     4.88e-02   122.412s
 501000 +4.43308379e+05 +4.43117746e+05  1.91e+02   9.78e-02     4.71e-02   122.621s
 502000 +4.43308339e+05 +4.43127377e+05  1.81e+02   9.84e-02     4.56e-02   122.830s
 503000 +4.43308310e+05 +4.43136795e+05  1.72e+02   9.87e-02     4.36e-02   123.039s
 504000 +4.43308171e+05 +4.43146102e+05  1.62e+02   1.01e-01     4.20e-02   123.248s
 505000 +4.43307971e+05 +4.43155363e+05  1.53e+02   9.90e-02     4.04e-02   123.457s
 506000 +4.43307759e+05 +4.43164686e+05  1.43e+02   9.93e-02     3.90e-02   123.667s
 507000 +4.43307889e+05 +4.43174192e+05  1.34e+02   9.82e-02     3.76e-02   123.876s
 508000 +4.43307943e+05 +4.43183613e+05  1.24e+02   9.86e-02     3.61e-02   124.085s
 509000 +4.43308184e+05 +4.43192778e+05  1.15e+02   9.78e-02     3.40e-02   124.294s
 510000 +4.43308409e+05 +4.43202708e+05  1.06e+02   9.66e-02     3.27e-02   124.504s
 511000 +4.43308639e+05 +4.43212349e+05  9.63e+01   9.59e-02     3.14e-02   124.713s
 512000 +4.43308584e+05 +4.43222180e+05  8.64e+01   9.52e-02     3.02e-02   124.922s
 513000 +4.43308664e+05 +4.43231894e+05  7.68e+01   9.44e-02     2.91e-02   125.131s
 514000 +4.43308657e+05 +4.43241089e+05  6.76e+01   9.36e-02     2.81e-02   125.340s
 515000 +4.43308774e+05 +4.43249970e+05  5.88e+01   9.31e-02     2.70e-02   125.550s
 516000 +4.43309162e+05 +4.43258496e+05  5.07e+01   9.30e-02     2.61e-02   125.759s
 517000 +4.43309631e+05 +4.43266247e+05  4.34e+01   9.43e-02     2.56e-02   125.968s
 518000 +4.43309803e+05 +4.43273205e+05  3.66e+01   9.00e-02     2.51e-02   126.177s
 519000 +4.43310206e+05 +4.43279851e+05  3.04e+01   8.92e-02     2.43e-02   126.387s
 520000 +4.43310587e+05 +4.43284424e+05  2.62e+01   8.69e-02     2.35e-02   126.597s
 521000 +4.43310608e+05 +4.43289464e+05  2.11e+01   8.70e-02     2.28e-02   126.806s
 522000 +4.43310678e+05 +4.43294484e+05  1.62e+01   8.71e-02     2.24e-02   127.015s
 523000 +4.43310645e+05 +4.43299448e+05  1.12e+01   8.72e-02     2.21e-02   127.225s
 524000 +4.43310652e+05 +4.43304449e+05  6.20e+00   8.72e-02     2.19e-02   127.434s
 525000 +4.43310756e+05 +4.43309344e+05  1.41e+00   8.71e-02     2.18e-02   127.643s
 526000 +4.43310921e+05 +4.43314024e+05  3.10e+00   8.70e-02     2.17e-02   127.852s
 527000 +4.43311070e+05 +4.43318528e+05  7.46e+00   8.69e-02     2.16e-02   128.062s
 528000 +4.43311197e+05 +4.43322913e+05  1.17e+01   8.67e-02     2.16e-02   128.271s
 529000 +4.43311312e+05 +4.43327132e+05  1.58e+01   8.64e-02     2.17e-02   128.480s
 530000 +4.43311490e+05 +4.43331178e+05  1.97e+01   8.60e-02     2.18e-02   128.689s
 531000 +4.43311599e+05 +4.43335116e+05  2.35e+01   8.56e-02     2.20e-02   128.898s
 532000 +4.43311703e+05 +4.43338900e+05  2.72e+01   8.52e-02     2.23e-02   129.108s
 533000 +4.43311744e+05 +4.43342686e+05  3.09e+01   8.47e-02     2.26e-02   129.317s
 534000 +4.43311866e+05 +4.43346360e+05  3.45e+01   8.42e-02     2.29e-02   129.526s
 535000 +4.43311996e+05 +4.43349864e+05  3.79e+01   8.36e-02     2.33e-02   129.735s
 536000 +4.43312173e+05 +4.43353227e+05  4.11e+01   8.31e-02     2.38e-02   129.944s
 537000 +4.43312310e+05 +4.43356487e+05  4.42e+01   8.25e-02     2.43e-02   130.153s
 538000 +4.43312544e+05 +4.43359609e+05  4.71e+01   8.18e-02     2.47e-02   130.363s
 539000 +4.43312815e+05 +4.43362523e+05  4.97e+01   8.11e-02     2.53e-02   130.572s
 540000 +4.43313103e+05 +4.43365411e+05  5.23e+01   8.04e-02     2.58e-02   130.781s
 541000 +4.43313369e+05 +4.43368076e+05  5.47e+01   7.97e-02     2.63e-02   130.990s
 542000 +4.43313630e+05 +4.43370606e+05  5.70e+01   7.90e-02     2.66e-02   131.199s
 543000 +4.43313927e+05 +4.43373100e+05  5.92e+01   7.83e-02     2.70e-02   131.408s
 544000 +4.43314356e+05 +4.43375288e+05  6.09e+01   7.76e-02     2.72e-02   131.617s
 545000 +4.43314820e+05 +4.43377231e+05  6.24e+01   7.68e-02     2.74e-02   131.826s
 546000 +4.43315224e+05 +4.43379176e+05  6.40e+01   7.61e-02     2.78e-02   132.036s
 547000 +4.43315621e+05 +4.43380798e+05  6.52e+01   7.54e-02     2.77e-02   132.245s
 548000 +4.43315915e+05 +4.43382287e+05  6.64e+01   7.47e-02     2.79e-02   132.454s
 549000 +4.43316207e+05 +4.43383603e+05  6.74e+01   7.41e-02     2.79e-02   132.663s
 550000 +4.43316433e+05 +4.43384704e+05  6.83e+01   7.34e-02     2.81e-02   132.872s
 551000 +4.43310952e+05 +4.43387468e+05  7.65e+01   6.60e-02     2.90e-02   133.081s
 552000 +4.43311467e+05 +4.43391313e+05  7.98e+01   1.10e-01     2.95e-02   133.290s
 553000 +4.43311607e+05 +4.43395128e+05  8.35e+01   6.42e-02     2.90e-02   133.500s
 554000 +4.43312005e+05 +4.43399004e+05  8.70e+01   6.83e-02     2.88e-02   133.709s
 555000 +4.43310873e+05 +4.43402116e+05  9.12e+01   6.09e-02     2.87e-02   133.918s
 556000 +4.43311130e+05 +4.43405151e+05  9.40e+01   6.00e-02     2.89e-02   134.127s
 557000 +4.43312385e+05 +4.43407953e+05  9.56e+01   5.74e-02     2.92e-02   134.336s
 558000 +4.43312097e+05 +4.43410664e+05  9.86e+01   7.04e-02     2.97e-02   134.545s
 559000 +4.43311452e+05 +4.43412516e+05  1.01e+02   5.48e-02     2.97e-02   134.755s
 560000 +4.43311658e+05 +4.43413862e+05  1.02e+02   5.25e-02     2.99e-02   134.963s
 561000 +4.43312570e+05 +4.43415037e+05  1.02e+02   5.09e-02     3.04e-02   135.172s
 562000 +4.43312501e+05 +4.43416096e+05  1.04e+02   4.95e-02     3.06e-02   135.382s
 563000 +4.43311778e+05 +4.43416875e+05  1.05e+02   4.81e-02     3.11e-02   135.591s
 564000 +4.43311322e+05 +4.43417556e+05  1.06e+02   4.64e-02     3.12e-02   135.800s
 565000 +4.43311867e+05 +4.43418210e+05  1.06e+02   4.59e-02     3.20e-02   136.009s
 566000 +4.43311882e+05 +4.43418481e+05  1.07e+02   4.25e-02     3.22e-02   136.218s
 567000 +4.43311602e+05 +4.43419196e+05  1.08e+02   4.09e-02     3.25e-02   136.427s
 568000 +4.43311279e+05 +4.43419919e+05  1.09e+02   4.21e-02     3.26e-02   136.637s
 569000 +4.43311163e+05 +4.43420486e+05  1.09e+02   3.75e-02     3.31e-02   136.846s
 570000 +4.43311453e+05 +4.43421009e+05  1.10e+02   3.57e-02     3.34e-02   137.055s
 571000 +4.43311465e+05 +4.43421788e+05  1.10e+02   3.77e-02     3.35e-02   137.264s
 572000 +4.43311377e+05 +4.43422830e+05  1.11e+02   3.64e-02     3.36e-02   137.473s
 573000 +4.43311353e+05 +4.43423645e+05  1.12e+02   3.07e-02     3.37e-02   137.683s
 574000 +4.43311869e+05 +4.43424380e+05  1.13e+02   2.91e-02     3.37e-02   137.892s
 575000 +4.43311844e+05 +4.43425020e+05  1.13e+02   2.74e-02     3.37e-02   138.102s
 576000 +4.43311318e+05 +4.43425177e+05  1.14e+02   2.88e-02     3.38e-02   138.311s
 577000 +4.43311743e+05 +4.43425187e+05  1.13e+02   2.43e-02     3.38e-02   138.520s
 578000 +4.43312006e+05 +4.43424922e+05  1.13e+02   2.27e-02     3.38e-02   138.729s
 579000 +4.43311793e+05 +4.43424127e+05  1.12e+02   2.26e-02     3.38e-02   138.938s
 580000 +4.43311537e+05 +4.43423005e+05  1.11e+02   1.97e-02     3.37e-02   139.147s
 581000 +4.43311562e+05 +4.43421942e+05  1.10e+02   1.82e-02     3.36e-02   139.356s
 582000 +4.43311690e+05 +4.43420523e+05  1.09e+02   1.67e-02     3.34e-02   139.565s
 583000 +4.43311615e+05 +4.43418855e+05  1.07e+02   1.86e-02     3.33e-02   139.775s
 584000 +4.43311617e+05 +4.43416982e+05  1.05e+02   2.12e-02     3.31e-02   139.984s
 585000 +4.43311666e+05 +4.43415344e+05  1.04e+02   1.83e-02     3.30e-02   140.193s
 586000 +4.43311743e+05 +4.43413417e+05  1.02e+02   1.13e-02     3.27e-02   140.402s
 587000 +4.43311907e+05 +4.43411427e+05  9.95e+01   1.02e-02     3.23e-02   140.611s
 588000 +4.43311931e+05 +4.43409528e+05  9.76e+01   9.04e-03     3.20e-02   140.820s
 589000 +4.43311874e+05 +4.43407794e+05  9.59e+01   8.16e-03     3.16e-02   141.029s
 590000 +4.43311756e+05 +4.43405958e+05  9.42e+01   7.43e-03     3.13e-02   141.239s
 591000 +4.43311785e+05 +4.43404189e+05  9.24e+01   1.15e-02     3.06e-02   141.448s
 592000 +4.43311687e+05 +4.43402637e+05  9.10e+01   1.14e-02     3.01e-02   141.657s
 593000 +4.43311494e+05 +4.43401312e+05  8.98e+01   7.03e-03     2.95e-02   141.866s
 594000 +4.43311400e+05 +4.43399765e+05  8.84e+01   7.14e-03     2.90e-02   142.076s
 595000 +4.43311377e+05 +4.43398152e+05  8.68e+01   7.40e-03     2.83e-02   142.284s
 596000 +4.43311433e+05 +4.43396577e+05  8.51e+01   7.73e-03     2.74e-02   142.493s
 597000 +4.43311444e+05 +4.43395115e+05  8.37e+01   8.03e-03     2.67e-02   142.703s
 598000 +4.43311322e+05 +4.43393327e+05  8.20e+01   9.28e-03     2.62e-02   142.912s
 599000 +4.43311316e+05 +4.43391300e+05  8.00e+01   8.66e-03     2.55e-02   143.121s
 600000 +4.43311546e+05 +4.43389345e+05  7.78e+01   9.12e-03     2.47e-02   143.330s
 601000 +4.43311764e+05 +4.43387431e+05  7.57e+01   9.88e-03     2.38e-02   143.539s
 602000 +4.43311806e+05 +4.43385193e+05  7.34e+01   1.03e-02     2.31e-02   143.748s
 603000 +4.43311754e+05 +4.43382595e+05  7.08e+01   1.07e-02     2.25e-02   143.958s
 604000 +4.43311712e+05 +4.43379812e+05  6.81e+01   1.13e-02     2.20e-02   144.167s
 605000 +4.43311619e+05 +4.43376965e+05  6.53e+01   1.19e-02     2.12e-02   144.377s
 606000 +4.43311475e+05 +4.43374157e+05  6.27e+01   1.22e-02     2.03e-02   144.586s
 607000 +4.43311218e+05 +4.43371249e+05  6.00e+01   1.26e-02     1.96e-02   144.795s
 608000 +4.43311026e+05 +4.43368265e+05  5.72e+01   1.74e-02     1.91e-02   145.004s
 609000 +4.43311212e+05 +4.43365346e+05  5.41e+01   1.38e-02     1.86e-02   145.214s
 610000 +4.43311272e+05 +4.43362681e+05  5.14e+01   1.34e-02     1.78e-02   145.423s
 611000 +4.43311162e+05 +4.43359965e+05  4.88e+01   1.36e-02     1.72e-02   145.632s
 612000 +4.43311210e+05 +4.43357268e+05  4.61e+01   1.37e-02     1.67e-02   145.841s
 613000 +4.43311408e+05 +4.43354860e+05  4.35e+01   1.39e-02     1.63e-02   146.050s
 614000 +4.43311334e+05 +4.43352631e+05  4.13e+01   1.39e-02     1.58e-02   146.259s
 615000 +4.43311132e+05 +4.43350351e+05  3.92e+01   1.40e-02     1.52e-02   146.468s
 616000 +4.43311072e+05 +4.43348031e+05  3.70e+01   1.51e-02     1.47e-02   146.677s
 617000 +4.43311040e+05 +4.43345990e+05  3.49e+01   1.55e-02     1.44e-02   146.886s
 618000 +4.43310903e+05 +4.43344160e+05  3.33e+01   1.50e-02     1.43e-02   147.096s
 619000 +4.43310849e+05 +4.43342372e+05  3.15e+01   1.51e-02     1.40e-02   147.305s
 620000 +4.43310814e+05 +4.43340287e+05  2.95e+01   1.38e-02     1.36e-02   147.514s
 621000 +4.43310842e+05 +4.43338324e+05  2.75e+01   1.32e-02     1.35e-02   147.724s
 622000 +4.43310799e+05 +4.43336339e+05  2.55e+01   1.29e-02     1.33e-02   147.933s
 623000 +4.43310646e+05 +4.43334398e+05  2.38e+01   1.26e-02     1.34e-02   148.142s
 624000 +4.43310648e+05 +4.43332258e+05  2.16e+01   1.23e-02     1.32e-02   148.351s
 625000 +4.43310881e+05 +4.43330264e+05  1.94e+01   1.22e-02     1.29e-02   148.560s
 626000 +4.43311040e+05 +4.43328472e+05  1.74e+01   1.22e-02     1.28e-02   148.769s
 627000 +4.43310984e+05 +4.43326555e+05  1.56e+01   1.32e-02     1.28e-02   148.979s
 628000 +4.43311009e+05 +4.43324629e+05  1.36e+01   1.09e-02     1.29e-02   149.188s
 629000 +4.43311061e+05 +4.43322712e+05  1.17e+01   1.05e-02     1.27e-02   149.397s
 630000 +4.43310976e+05 +4.43321185e+05  1.02e+01   1.01e-02     1.25e-02   149.607s
 631000 +4.43310773e+05 +4.43319649e+05  8.88e+00   9.58e-03     1.26e-02   149.816s
 632000 +4.43310565e+05 +4.43318346e+05  7.78e+00   9.17e-03     1.25e-02   150.025s
 633000 +4.43310413e+05 +4.43316802e+05  6.39e+00   9.57e-03     1.26e-02   150.234s
 634000 +4.43310347e+05 +4.43315635e+05  5.29e+00   9.72e-03     1.24e-02   150.444s
 635000 +4.43310393e+05 +4.43314518e+05  4.12e+00   7.88e-03     1.22e-02   150.653s
 636000 +4.43310502e+05 +4.43313676e+05  3.17e+00   7.79e-03     1.21e-02   150.862s
 637000 +4.43310641e+05 +4.43312916e+05  2.27e+00   7.12e-03     1.22e-02   151.071s
 638000 +4.43310819e+05 +4.43312319e+05  1.50e+00   6.76e-03     1.21e-02   151.281s
 639000 +4.43310899e+05 +4.43311919e+05  1.02e+00   6.46e-03     1.18e-02   151.489s
 639400 +4.43310925e+05 +4.43311585e+05  6.60e-01   6.75e-03     1.18e-02   151.573s
LP Solver status:                Optimal
Primal objective:                +4.43310925e+05
Dual objective:                  +4.43311585e+05
Duality gap (abs/rel):           +6.60e-01 / +7.45e-07
Primal infeasibility (abs/rel):  +6.75e-03 / +1.84e-07
Dual infeasibility (abs/rel):    +1.18e-02 / +1.28e-07
Distributed PDLP finished
Status: Optimal   Objective: 4.43310925e+05  Iterations: 639400  Time: 152.153s

### exit_code=0
### finished=2026-07-29T19:38:43.311566
### gpu_peak_mb=5722.4
### gpu_peak2_mb=5594.4
### per_gpu_peak_mb=[5722.375, 5498.375, 5498.375, 5594.375, 5498.375, 5498.375, 5498.375, 5530.375]
