### solver=cuopt-distributed
### instance=/home/scratch.cmaes_sw/hans_lps/tpl-tub-ws1617.mps
### n_gpus=8
### CUDA_VISIBLE_DEVICES=0,1,2,3,4,5,6,7
### started=2026-08-10T15:56:34.836542
### argv=/home/scratch.vmostovoi_gpu/mostovoi_cuopt/cpp/build/cuopt_cli --method 1 --mps-reader experimental-fast --time-limit 3600 --iteration-limit 1000000000 --relative-primal-tolerance 1e-6 --relative-dual-tolerance 1e-6 --relative-gap-tolerance 1e-6 --log-to-console true --num-gpus 8 /home/scratch.cmaes_sw/hans_lps/tpl-tub-ws1617.mps
### --- solver output ---
Setting parameter iteration_limit to 1000000000
Setting parameter log_to_console to true
Setting parameter method to 1
Setting parameter num_gpus to 8
Setting parameter relative_dual_tolerance to 1.000000e-06
Setting parameter relative_gap_tolerance to 1.000000e-06
Setting parameter relative_primal_tolerance to 1.000000e-06
Setting parameter time_limit to 3.600000e+03
Reading file tpl-tub-ws1617.mps
Using experimental fast MPS parser for '/home/scratch.cmaes_sw/hans_lps/tpl-tub-ws1617.mps'
Read file tpl-tub-ws1617.mps in 2.14 seconds
cuOpt version: 26.10.0, git hash: f3ebc673, host arch: x86_64, device archs: 100a-real
CPU: INTEL(R) XEON(R) PLATINUM 8570, threads (physical/logical): 112/224, RAM (available/total): 1961.91 / 2015.54 GiB
CUDA 13.3, device: NVIDIA B200 (ID 0), VRAM: 178.34 GiB
CUDA device UUID: 48ab7b4d-7b0a-65b7-4538-4e37338d2330
CUDA 13.3, device: NVIDIA B200 (ID 1), VRAM: 178.34 GiB
CUDA device UUID: 5dd43d25-54eb-687e-91f8-d4c917f40a3c
CUDA 13.3, device: NVIDIA B200 (ID 2), VRAM: 178.34 GiB
CUDA device UUID: a40e62a0-1502-ea41-88b7-8ebfb62f67b6
CUDA 13.3, device: NVIDIA B200 (ID 3), VRAM: 178.34 GiB
CUDA device UUID: 69c2235c-eda1-228c-f9ee-e444f16a4e31
CUDA 13.3, device: NVIDIA B200 (ID 4), VRAM: 178.34 GiB
CUDA device UUID: 92e986d5-fb1f-ac84-bd70-b03e127c762a
CUDA 13.3, device: NVIDIA B200 (ID 5), VRAM: 178.34 GiB
CUDA device UUID: fb4dfdcf-c8fe-1714-a140-0823be2fde13
CUDA 13.3, device: NVIDIA B200 (ID 6), VRAM: 178.34 GiB
CUDA device UUID: 3519c8dd-244c-a241-e2ee-ef61e97ec465
CUDA 13.3, device: NVIDIA B200 (ID 7), VRAM: 178.34 GiB
CUDA device UUID: b80ee313-5762-b760-dd9a-a5669634bef9
Solving a problem with 1154615 constraints, 747601 variables (0 integers), and 4720567 nonzeros
Using PSLP presolver
PSLP Presolved problem: 322542 constraints, 685986 variables, 2470435 non-zeros
PSLP presolve time: 0.72s
Solving with distributed PDLP on 8 GPUs.
NCCL version 2.30.7+cuda13.3
      0 +1.61167730e+07 +1.61167730e+07  0.00e+00   5.08e+02     9.75e+05   5.260s
   1000 +1.40000915e+05 +1.50584094e+05  1.06e+04   7.97e-03     9.09e+02   5.632s
   2000 +1.25122354e+05 +1.31960414e+05  6.84e+03   1.89e-01     1.73e+02   5.819s
   3000 +1.23999419e+05 +1.20675801e+05  3.32e+03   3.47e+00     7.70e-01   6.009s
   4000 +1.28364300e+05 +1.20674810e+05  7.69e+03   2.04e-01     2.83e-01   6.194s
   5000 +1.28780016e+05 +1.20678888e+05  8.10e+03   9.30e-02     3.46e-01   6.381s
   6000 +1.27549628e+05 +1.20685320e+05  6.86e+03   9.18e-02     2.91e-01   6.564s
   7000 +1.26365901e+05 +1.20688961e+05  5.68e+03   8.10e-02     2.93e-01   6.748s
   8000 +1.24737557e+05 +1.20697912e+05  4.04e+03   7.68e-02     1.36e+00   6.936s
   9000 +1.23795440e+05 +1.20700221e+05  3.10e+03   1.10e-01     9.54e-01   7.123s
  10000 +1.23168218e+05 +1.20700979e+05  2.47e+03   8.37e-02     6.72e-01   7.310s
  11000 +1.22113772e+05 +1.20700807e+05  1.41e+03   3.38e-02     5.40e-01   7.489s
  12000 +1.21739102e+05 +1.20700676e+05  1.04e+03   2.25e-02     5.46e-01   7.668s
  13000 +1.21186779e+05 +1.20700569e+05  4.86e+02   1.44e-02     5.48e-01   7.846s
  14000 +1.20792156e+05 +1.20700317e+05  9.18e+01   1.74e-02     4.44e-01   8.025s
  15000 +1.20650153e+05 +1.20700286e+05  5.01e+01   2.58e-02     3.09e-01   8.208s
  16000 +1.20633691e+05 +1.20700116e+05  6.64e+01   1.91e-02     2.65e-01   8.395s
  17000 +1.20644279e+05 +1.20700002e+05  5.57e+01   8.11e-03     2.40e-01   8.586s
  18000 +1.20451552e+05 +1.20699387e+05  2.48e+02   7.79e-02     1.43e-01   8.786s
  19000 +1.20369419e+05 +1.20699067e+05  3.30e+02   6.05e-02     8.79e-02   8.990s
  20000 +1.20359475e+05 +1.20698856e+05  3.39e+02   4.17e-02     6.15e-02   9.194s
  21000 +1.20393880e+05 +1.20698728e+05  3.05e+02   3.23e-02     5.24e-02   9.401s
  22000 +1.20431902e+05 +1.20698629e+05  2.67e+02   3.23e-02     4.64e-02   9.603s
  23000 +1.20486358e+05 +1.20698596e+05  2.12e+02   3.68e-02     4.39e-02   9.804s
  24000 +1.20524348e+05 +1.20698531e+05  1.74e+02   4.34e-02     3.94e-02   10.008s
  25000 +1.20583632e+05 +1.20698274e+05  1.15e+02   5.98e-02     2.39e-02   10.215s
  26000 +1.20635441e+05 +1.20698208e+05  6.28e+01   4.06e-02     1.89e-02   10.423s
  27000 +1.20684802e+05 +1.20698182e+05  1.34e+01   3.31e-02     1.40e-02   10.625s
  28000 +1.20723872e+05 +1.20698124e+05  2.57e+01   1.55e-02     9.75e-03   10.829s
  29000 +1.20723040e+05 +1.20698127e+05  2.49e+01   1.32e-02     8.39e-03   11.036s
  30000 +1.20738959e+05 +1.20698110e+05  4.08e+01   2.64e-02     7.07e-03   11.244s
  31000 +1.20750393e+05 +1.20698105e+05  5.23e+01   2.04e-02     6.69e-03   11.454s
  32000 +1.20759116e+05 +1.20698100e+05  6.10e+01   1.36e-02     6.06e-03   11.664s
  33000 +1.20756942e+05 +1.20698094e+05  5.88e+01   1.32e-02     5.66e-03   11.871s
  34000 +1.20748484e+05 +1.20698052e+05  5.04e+01   2.41e-02     3.07e-03   12.080s
  35000 +1.20757311e+05 +1.20698048e+05  5.93e+01   1.41e-02     2.53e-03   12.283s
  36000 +1.20759447e+05 +1.20698043e+05  6.14e+01   2.04e-02     1.89e-03   12.487s
  37000 +1.20757583e+05 +1.20698041e+05  5.95e+01   2.23e-02     1.52e-03   12.689s
  38000 +1.20757290e+05 +1.20698040e+05  5.92e+01   2.94e-02     1.24e-03   12.891s
  39000 +1.20762444e+05 +1.20698039e+05  6.44e+01   2.83e-02     1.09e-03   13.083s
  40000 +1.20762858e+05 +1.20698037e+05  6.48e+01   2.73e-02     9.14e-04   13.263s
  41000 +1.20752810e+05 +1.20698035e+05  5.48e+01   3.27e-02     5.22e-04   13.444s
  42000 +1.20748266e+05 +1.20698034e+05  5.02e+01   3.79e-02     3.39e-04   13.623s
  43000 +1.20749827e+05 +1.20698034e+05  5.18e+01   4.33e-02     3.46e-04   13.800s
  44000 +1.20752403e+05 +1.20698034e+05  5.44e+01   4.66e-02     2.46e-04   13.976s
  45000 +1.20752111e+05 +1.20698034e+05  5.41e+01   4.49e-02     2.22e-04   14.151s
  46000 +1.20759537e+05 +1.20698034e+05  6.15e+01   2.43e-02     2.97e-04   14.326s
  47000 +1.20758296e+05 +1.20698034e+05  6.03e+01   1.88e-02     4.99e-04   14.503s
  48000 +1.20765056e+05 +1.20698034e+05  6.70e+01   1.24e-02     5.69e-04   14.678s
  49000 +1.20765684e+05 +1.20698034e+05  6.77e+01   1.02e-02     2.64e-04   14.853s
  50000 +1.20765880e+05 +1.20698034e+05  6.78e+01   7.27e-03     3.59e-04   15.029s
  51000 +1.20766299e+05 +1.20698034e+05  6.83e+01   4.58e-03     2.35e-04   15.206s
  52000 +1.20766075e+05 +1.20698034e+05  6.80e+01   2.16e-03     2.17e-04   15.382s
  53000 +1.20764939e+05 +1.20698034e+05  6.69e+01   2.10e-03     2.11e-04   15.559s
  54000 +1.20764421e+05 +1.20698034e+05  6.64e+01   2.26e-03     2.40e-04   15.738s
  55000 +1.20764799e+05 +1.20698034e+05  6.68e+01   2.51e-03     2.80e-04   15.915s
  56000 +1.20764086e+05 +1.20698034e+05  6.61e+01   2.64e-03     3.16e-04   16.091s
  57000 +1.20762662e+05 +1.20698034e+05  6.46e+01   2.74e-03     3.17e-04   16.268s
  58000 +1.20760874e+05 +1.20698034e+05  6.28e+01   2.81e-03     2.76e-04   16.444s
  59000 +1.20759049e+05 +1.20698034e+05  6.10e+01   2.77e-03     2.26e-04   16.621s
  60000 +1.20757290e+05 +1.20698034e+05  5.93e+01   2.67e-03     2.15e-04   16.798s
  61000 +1.20755239e+05 +1.20698034e+05  5.72e+01   2.46e-03     2.29e-04   16.974s
  62000 +1.20748951e+05 +1.20698034e+05  5.09e+01   2.07e-03     2.83e-04   17.150s
  63000 +1.20737906e+05 +1.20698034e+05  3.99e+01   1.73e-03     3.12e-04   17.327s
  64000 +1.20727251e+05 +1.20698034e+05  2.92e+01   1.57e-03     3.31e-04   17.503s
  65000 +1.20719540e+05 +1.20698034e+05  2.15e+01   1.79e-03     2.86e-04   17.680s
  66000 +1.20715716e+05 +1.20698034e+05  1.77e+01   1.93e-03     2.52e-04   17.856s
  67000 +1.20713979e+05 +1.20698034e+05  1.59e+01   1.79e-03     2.68e-04   18.032s
  68000 +1.20708022e+05 +1.20698034e+05  9.99e+00   1.28e-03     3.29e-04   18.209s
  69000 +1.20704134e+05 +1.20698034e+05  6.10e+00   5.73e-04     3.03e-04   18.385s
  70000 +1.20700271e+05 +1.20698034e+05  2.24e+00   6.87e-04     2.06e-04   18.561s
  71000 +1.20698424e+05 +1.20698034e+05  3.90e-01   4.15e-04     1.56e-04   18.737s
  71200 +1.20698105e+05 +1.20698034e+05  7.13e-02   5.42e-04     1.54e-04   18.773s
LP Solver status:                Optimal
Primal objective:                +1.20698105e+05
Dual objective:                  +1.20698034e+05
Duality gap (abs/rel):           +7.13e-02 / +2.95e-07
Primal infeasibility (abs/rel):  +5.42e-04 / +4.73e-07
Dual infeasibility (abs/rel):    +1.54e-04 / +1.58e-10
PDLP finished
Status: Optimal   Objective: 1.20698105e+05  Iterations: 71200  Time: 18.905s

### exit_code=0
### finished=2026-08-10T15:57:04.640154
### gpu_peak_mb=5338.4
### gpu_peak2_mb=5274.4
### per_gpu_peak_mb=[5338.375, 5242.375, 5242.375, 5242.375, 5242.375, 5242.375, 5274.375, 5242.375]
