### solver=cuopt-distributed
### instance=/home/scratch.cmaes_sw/hans_lps/woodlands09.mps
### n_gpus=8
### CUDA_VISIBLE_DEVICES=0,1,2,3,4,5,6,7
### started=2026-08-10T15:57:19.814065
### argv=/home/scratch.vmostovoi_gpu/mostovoi_cuopt/cpp/build/cuopt_cli --method 1 --mps-reader experimental-fast --time-limit 3600 --iteration-limit 1000000000 --relative-primal-tolerance 1e-6 --relative-dual-tolerance 1e-6 --relative-gap-tolerance 1e-6 --log-to-console true --num-gpus 8 /home/scratch.cmaes_sw/hans_lps/woodlands09.mps
### --- solver output ---
Setting parameter iteration_limit to 1000000000
Setting parameter log_to_console to true
Setting parameter method to 1
Setting parameter num_gpus to 8
Setting parameter relative_dual_tolerance to 1.000000e-06
Setting parameter relative_gap_tolerance to 1.000000e-06
Setting parameter relative_primal_tolerance to 1.000000e-06
Setting parameter time_limit to 3.600000e+03
Reading file woodlands09.mps
Using experimental fast MPS parser for '/home/scratch.cmaes_sw/hans_lps/woodlands09.mps'
Read file woodlands09.mps in 0.80 seconds
cuOpt version: 26.10.0, git hash: f3ebc673, host arch: x86_64, device archs: 100a-real
CPU: INTEL(R) XEON(R) PLATINUM 8570, threads (physical/logical): 112/224, RAM (available/total): 1962.25 / 2015.54 GiB
CUDA 13.3, device: NVIDIA B200 (ID 0), VRAM: 178.34 GiB
CUDA device UUID: 48ab7b4d-7b0a-65b7-4538-4e37338d2330
CUDA 13.3, device: NVIDIA B200 (ID 1), VRAM: 178.34 GiB
CUDA device UUID: 5dd43d25-54eb-687e-91f8-d4c917f40a3c
CUDA 13.3, device: NVIDIA B200 (ID 2), VRAM: 178.34 GiB
CUDA device UUID: a40e62a0-1502-ea41-88b7-8ebfb62f67b6
CUDA 13.3, device: NVIDIA B200 (ID 3), VRAM: 178.34 GiB
CUDA device UUID: 69c2235c-eda1-228c-f9ee-e444f16a4e31
CUDA 13.3, device: NVIDIA B200 (ID 4), VRAM: 178.34 GiB
CUDA device UUID: 92e986d5-fb1f-ac84-bd70-b03e127c762a
CUDA 13.3, device: NVIDIA B200 (ID 5), VRAM: 178.34 GiB
CUDA device UUID: fb4dfdcf-c8fe-1714-a140-0823be2fde13
CUDA 13.3, device: NVIDIA B200 (ID 6), VRAM: 178.34 GiB
CUDA device UUID: 3519c8dd-244c-a241-e2ee-ef61e97ec465
CUDA 13.3, device: NVIDIA B200 (ID 7), VRAM: 178.34 GiB
CUDA device UUID: b80ee313-5762-b760-dd9a-a5669634bef9
Solving a problem with 194599 constraints, 382147 variables (0 integers), and 2646003 nonzeros
Using PSLP presolver
PSLP Presolved problem: 114131 constraints, 304396 variables, 1859001 non-zeros
PSLP presolve time: 0.24s
Solving with distributed PDLP on 8 GPUs.
NCCL version 2.30.7+cuda13.3
      0 +0.00000000e+00 +0.00000000e+00  0.00e+00   2.52e+02     2.04e+02   4.090s
   1000 +0.00000000e+00 -2.34037374e-06  2.34e-06   7.28e-04     2.59e-05   4.463s
   1300 +0.00000000e+00 +5.22166734e-08  5.22e-08   9.52e-05     1.46e-06   4.521s
LP Solver status:                Optimal
Primal objective:                +0.00000000e+00
Dual objective:                  +5.22166734e-08
Duality gap (abs/rel):           +5.22e-08 / +5.22e-08
Primal infeasibility (abs/rel):  +9.52e-05 / +3.16e-07
Dual infeasibility (abs/rel):    +1.46e-06 / +7.15e-09
PDLP finished
Status: Optimal   Objective: 0.00000000e+00  Iterations: 1300  Time: 4.545s

### exit_code=0
### finished=2026-08-10T15:57:33.492011
### gpu_peak_mb=5306.4
### gpu_peak2_mb=5242.4
### per_gpu_peak_mb=[5306.375, 5210.375, 5242.375, 5210.375, 5210.375, 5210.375, 5210.375, 5210.375]
