### solver=dpdlp
### instance=/home/scratch.vmostovoi_gpu/datasets/big_lp/google/supply-chain.mps
### n_gpus=2
### CUDA_VISIBLE_DEVICES=0,1
### started=2026-06-28T20:06:53.726764
### argv=/home/scratch.vmostovoi_gpu/.conda/envs/dpdlp/bin/mpirun -n 2 /home/scratch.vmostovoi_gpu/D-PDLP/build/cupdlpx-dist /home/scratch.vmostovoi_gpu/datasets/big_lp/google/supply-chain.mps /home/scratch.vmostovoi_gpu/scaling_bench/runs/dpdlp/supply-chain__N2 --iter_limit 20000 --time_limit 1e9 --eps_opt 1e-30 --eps_feas 1e-30 --eps_infeas_detect 1e-30 --verbose --no_presolve
### --- solver output ---
Rank 0: Loading MPS file '/home/scratch.vmostovoi_gpu/datasets/big_lp/google/supply-chain.mps'...
[Auto-Grid] Decided grid shape: 1 x 2 for 2 processes.
[Timer] Permuting LP Problem took 11.039 seconds.
---------------------------------------------------------------------------------------
                                     D-PDLP                                                
             A First-Order LP Solver Powered by Multiple GPU System                        
                              (c) Hongpei Li, 2026                                           
                          Contact: ishongpeili@gmail.com                                      
                                                                                           
   Based on cuPDLPx by Haihao Lu, MIT (2025): https://github.com/MIT-Lu-Lab/cuPDLPx  
---------------------------------------------------------------------------------------
problem: 2210100 rows, 201000100 columns, 403000100 nonzeros
settings:
  iter_limit         : 20000
  time_limit         : 1000000000.00 sec
  eps_opt            : 1.0e-30
  eps_feas           : 1.0e-30
  eps_infeas_detect  : 1.0e-30
------------------------------ Distributed Configuration ------------------------------
   Grid Size         : 1 x 2 (Rows x Cols)
  Partition Method   : NNZ Balance
  Permute Method     : Block Random (Block-wise Random shuffle)
---------------------------------------------------------------------------------------

[Timer] Data Distribution (Bcast -> Partition) took 33.284 seconds.
---------------------------------------------------------------------------------------
   runtime     |     objective      |   absolute residuals    |   relative residuals    
  iter   time  |  pr obj    du obj  |  pr res  du res   gap   |  pr res  du res   gap   
---------------------------------------------------------------------------------------
     0 5.7e-03 |  0.0e+00   0.0e+00 | 1.4e+03 1.4e+04 0.0e+00 | 1.0e+00 1.0e+00 0.0e+00 
    10 6.6e-02 |  1.2e+07   1.2e+08 | 5.3e+05 4.5e+03 1.1e+08 | 3.8e+02 3.2e-01 8.2e-01 
    20 1.3e-01 |  1.7e+07   2.1e+08 | 5.3e+05 2.7e+03 1.9e+08 | 3.8e+02 1.9e-01 8.5e-01 
    30 1.8e-01 |  3.2e+07   2.9e+08 | 4.5e+05 3.2e+03 2.6e+08 | 3.2e+02 2.3e-01 8.0e-01 
    40 2.4e-01 |  5.7e+07   3.3e+08 | 3.2e+05 3.7e+03 2.7e+08 | 2.3e+02 2.6e-01 7.1e-01 
    50 3.0e-01 |  8.6e+07   3.2e+08 | 2.2e+05 3.7e+03 2.3e+08 | 1.5e+02 2.6e-01 5.8e-01 
    60 3.6e-01 |  1.1e+08   2.8e+08 | 1.6e+05 3.2e+03 1.7e+08 | 1.1e+02 2.2e-01 4.5e-01 
    70 4.2e-01 |  1.2e+08   2.6e+08 | 1.2e+05 2.8e+03 1.4e+08 | 8.3e+01 2.0e-01 3.8e-01 
    80 4.8e-01 |  1.2e+08   2.4e+08 | 9.3e+04 2.5e+03 1.2e+08 | 6.5e+01 1.7e-01 3.4e-01 
    90 5.4e-01 |  1.2e+08   2.3e+08 | 7.8e+04 2.2e+03 1.1e+08 | 5.5e+01 1.6e-01 3.1e-01 
   100 6.0e-01 |  1.2e+08   2.2e+08 | 6.9e+04 2.0e+03 9.8e+07 | 4.9e+01 1.4e-01 2.9e-01 
   110 6.6e-01 |  1.2e+08   2.1e+08 | 6.6e+04 1.8e+03 9.2e+07 | 4.7e+01 1.3e-01 2.8e-01 
   120 7.2e-01 |  1.1e+08   2.0e+08 | 6.7e+04 1.7e+03 9.0e+07 | 4.7e+01 1.2e-01 2.8e-01 
   130 7.8e-01 |  1.1e+08   2.0e+08 | 6.7e+04 1.7e+03 9.0e+07 | 4.7e+01 1.2e-01 2.9e-01 
   140 8.4e-01 |  1.1e+08   2.0e+08 | 6.5e+04 1.6e+03 9.0e+07 | 4.6e+01 1.1e-01 2.9e-01 
   150 9.0e-01 |  1.1e+08   2.0e+08 | 6.2e+04 1.6e+03 9.0e+07 | 4.3e+01 1.1e-01 2.9e-01 
   160 9.6e-01 |  1.1e+08   2.0e+08 | 5.7e+04 1.5e+03 8.8e+07 | 4.0e+01 1.1e-01 2.8e-01 
   170 1.0e+00 |  1.1e+08   2.0e+08 | 5.3e+04 1.5e+03 8.5e+07 | 3.8e+01 1.1e-01 2.8e-01 
   180 1.1e+00 |  1.1e+08   1.9e+08 | 5.0e+04 1.4e+03 8.2e+07 | 3.5e+01 1.0e-01 2.7e-01 
   190 1.1e+00 |  1.1e+08   1.9e+08 | 4.7e+04 1.4e+03 7.9e+07 | 3.3e+01 9.8e-02 2.6e-01 
   200 1.2e+00 |  1.1e+08   1.9e+08 | 4.4e+04 1.3e+03 7.6e+07 | 3.1e+01 9.4e-02 2.5e-01 
   210 1.3e+00 |  1.1e+08   1.7e+08 | 5.1e+04 1.1e+03 5.2e+07 | 3.6e+01 7.5e-02 1.9e-01 
   220 1.3e+00 |  1.1e+08   1.6e+08 | 4.3e+04 9.9e+02 4.8e+07 | 3.1e+01 7.0e-02 1.8e-01 
   230 1.4e+00 |  1.1e+08   1.6e+08 | 4.0e+04 9.4e+02 4.5e+07 | 2.8e+01 6.6e-02 1.6e-01 
   240 1.4e+00 |  1.1e+08   1.6e+08 | 3.7e+04 9.0e+02 4.2e+07 | 2.6e+01 6.4e-02 1.5e-01 
   250 1.5e+00 |  1.2e+08   1.5e+08 | 3.3e+04 8.6e+02 3.9e+07 | 2.3e+01 6.0e-02 1.5e-01 
   260 1.6e+00 |  1.2e+08   1.5e+08 | 3.0e+04 8.2e+02 3.7e+07 | 2.1e+01 5.8e-02 1.4e-01 
   270 1.6e+00 |  1.2e+08   1.5e+08 | 2.7e+04 7.9e+02 3.5e+07 | 1.9e+01 5.6e-02 1.3e-01 
   280 1.7e+00 |  1.2e+08   1.5e+08 | 2.5e+04 7.6e+02 3.4e+07 | 1.8e+01 5.4e-02 1.3e-01 
   290 1.7e+00 |  1.2e+08   1.5e+08 | 2.3e+04 7.3e+02 3.3e+07 | 1.6e+01 5.2e-02 1.3e-01 
   300 1.8e+00 |  1.1e+08   1.5e+08 | 2.2e+04 7.1e+02 3.2e+07 | 1.5e+01 5.0e-02 1.2e-01 
   310 1.9e+00 |  1.1e+08   1.5e+08 | 2.0e+04 6.9e+02 3.1e+07 | 1.4e+01 4.9e-02 1.2e-01 
   320 1.9e+00 |  1.1e+08   1.4e+08 | 1.9e+04 6.7e+02 3.0e+07 | 1.4e+01 4.7e-02 1.2e-01 
   330 2.0e+00 |  1.1e+08   1.4e+08 | 1.8e+04 6.5e+02 3.0e+07 | 1.3e+01 4.6e-02 1.2e-01 
   340 2.0e+00 |  1.1e+08   1.4e+08 | 1.8e+04 6.4e+02 2.9e+07 | 1.2e+01 4.5e-02 1.1e-01 
   350 2.1e+00 |  1.1e+08   1.4e+08 | 1.7e+04 6.2e+02 2.9e+07 | 1.2e+01 4.4e-02 1.1e-01 
   360 2.2e+00 |  1.1e+08   1.4e+08 | 1.6e+04 6.1e+02 2.8e+07 | 1.2e+01 4.3e-02 1.1e-01 
   370 2.2e+00 |  1.1e+08   1.4e+08 | 1.6e+04 5.9e+02 2.8e+07 | 1.1e+01 4.2e-02 1.1e-01 
   380 2.3e+00 |  1.1e+08   1.4e+08 | 1.6e+04 5.8e+02 2.7e+07 | 1.1e+01 4.1e-02 1.1e-01 
   390 2.3e+00 |  1.1e+08   1.4e+08 | 1.5e+04 5.7e+02 2.7e+07 | 1.1e+01 4.0e-02 1.1e-01 
   400 2.4e+00 |  1.1e+08   1.4e+08 | 1.5e+04 5.5e+02 2.7e+07 | 1.0e+01 3.9e-02 1.1e-01 
   410 2.5e+00 |  1.1e+08   1.3e+08 | 1.7e+04 4.9e+02 2.2e+07 | 1.2e+01 3.5e-02 8.7e-02 
   420 2.5e+00 |  1.1e+08   1.3e+08 | 1.7e+04 4.8e+02 2.1e+07 | 1.2e+01 3.4e-02 8.5e-02 
   430 2.6e+00 |  1.1e+08   1.3e+08 | 1.7e+04 4.6e+02 2.0e+07 | 1.2e+01 3.3e-02 8.2e-02 
   440 2.7e+00 |  1.1e+08   1.3e+08 | 1.6e+04 4.5e+02 1.9e+07 | 1.1e+01 3.2e-02 8.0e-02 
   450 2.7e+00 |  1.1e+08   1.3e+08 | 1.5e+04 4.3e+02 1.9e+07 | 1.1e+01 3.1e-02 7.8e-02 
   460 2.8e+00 |  1.1e+08   1.3e+08 | 1.5e+04 4.2e+02 1.8e+07 | 1.0e+01 3.0e-02 7.6e-02 
   470 2.8e+00 |  1.1e+08   1.3e+08 | 1.4e+04 4.1e+02 1.8e+07 | 9.8e+00 2.9e-02 7.5e-02 
   480 2.9e+00 |  1.1e+08   1.3e+08 | 1.3e+04 4.0e+02 1.8e+07 | 9.4e+00 2.8e-02 7.4e-02 
   490 2.9e+00 |  1.1e+08   1.3e+08 | 1.3e+04 3.9e+02 1.7e+07 | 9.0e+00 2.7e-02 7.2e-02 
   500 3.0e+00 |  1.1e+08   1.3e+08 | 1.2e+04 3.8e+02 1.7e+07 | 8.7e+00 2.7e-02 7.1e-02 
   510 3.1e+00 |  1.1e+08   1.3e+08 | 1.2e+04 3.7e+02 1.7e+07 | 8.5e+00 2.6e-02 7.1e-02 
   520 3.1e+00 |  1.1e+08   1.3e+08 | 1.2e+04 3.6e+02 1.7e+07 | 8.3e+00 2.6e-02 7.0e-02 
   530 3.2e+00 |  1.1e+08   1.3e+08 | 1.2e+04 3.6e+02 1.6e+07 | 8.2e+00 2.5e-02 6.9e-02 
   540 3.2e+00 |  1.1e+08   1.3e+08 | 1.1e+04 3.5e+02 1.6e+07 | 8.0e+00 2.5e-02 6.8e-02 
   550 3.3e+00 |  1.1e+08   1.3e+08 | 1.1e+04 3.4e+02 1.6e+07 | 7.9e+00 2.4e-02 6.7e-02 
   560 3.4e+00 |  1.1e+08   1.3e+08 | 1.1e+04 3.4e+02 1.6e+07 | 7.8e+00 2.4e-02 6.7e-02 
   570 3.4e+00 |  1.1e+08   1.3e+08 | 1.1e+04 3.3e+02 1.6e+07 | 7.6e+00 2.3e-02 6.6e-02 
   580 3.5e+00 |  1.1e+08   1.3e+08 | 1.1e+04 3.3e+02 1.5e+07 | 7.5e+00 2.3e-02 6.5e-02 
   590 3.5e+00 |  1.1e+08   1.2e+08 | 1.1e+04 3.2e+02 1.5e+07 | 7.4e+00 2.3e-02 6.5e-02 
   600 3.6e+00 |  1.1e+08   1.2e+08 | 1.0e+04 3.1e+02 1.5e+07 | 7.3e+00 2.2e-02 6.4e-02 
   610 3.7e+00 |  1.1e+08   1.2e+08 | 1.0e+04 3.1e+02 1.5e+07 | 7.2e+00 2.2e-02 6.3e-02 
   620 3.7e+00 |  1.1e+08   1.2e+08 | 1.0e+04 3.1e+02 1.5e+07 | 7.0e+00 2.2e-02 6.3e-02 
   630 3.8e+00 |  1.1e+08   1.2e+08 | 9.8e+03 3.0e+02 1.4e+07 | 6.9e+00 2.1e-02 6.2e-02 
   640 3.8e+00 |  1.1e+08   1.2e+08 | 9.6e+03 3.0e+02 1.4e+07 | 6.8e+00 2.1e-02 6.1e-02 
   650 3.9e+00 |  1.1e+08   1.2e+08 | 9.4e+03 2.9e+02 1.4e+07 | 6.7e+00 2.1e-02 6.1e-02 
   660 4.0e+00 |  1.1e+08   1.2e+08 | 9.3e+03 2.9e+02 1.4e+07 | 6.5e+00 2.0e-02 6.0e-02 
   670 4.0e+00 |  1.1e+08   1.2e+08 | 9.1e+03 2.8e+02 1.4e+07 | 6.4e+00 2.0e-02 6.0e-02 
   680 4.1e+00 |  1.1e+08   1.2e+08 | 9.0e+03 2.8e+02 1.4e+07 | 6.3e+00 2.0e-02 5.9e-02 
   690 4.1e+00 |  1.1e+08   1.2e+08 | 8.9e+03 2.7e+02 1.4e+07 | 6.2e+00 1.9e-02 5.9e-02 
   700 4.2e+00 |  1.1e+08   1.2e+08 | 8.7e+03 2.7e+02 1.4e+07 | 6.2e+00 1.9e-02 5.9e-02 
   710 4.3e+00 |  1.1e+08   1.2e+08 | 8.6e+03 2.7e+02 1.3e+07 | 6.1e+00 1.9e-02 5.8e-02 
   720 4.3e+00 |  1.1e+08   1.2e+08 | 8.5e+03 2.6e+02 1.3e+07 | 6.0e+00 1.8e-02 5.7e-02 
   730 4.4e+00 |  1.1e+08   1.2e+08 | 8.4e+03 2.6e+02 1.3e+07 | 6.0e+00 1.8e-02 5.7e-02 
   740 4.4e+00 |  1.1e+08   1.2e+08 | 8.4e+03 2.5e+02 1.3e+07 | 5.9e+00 1.8e-02 5.7e-02 
   750 4.5e+00 |  1.1e+08   1.2e+08 | 8.3e+03 2.5e+02 1.3e+07 | 5.8e+00 1.8e-02 5.6e-02 
   760 4.6e+00 |  1.1e+08   1.2e+08 | 8.2e+03 2.5e+02 1.3e+07 | 5.8e+00 1.7e-02 5.6e-02 
   770 4.6e+00 |  1.1e+08   1.2e+08 | 8.1e+03 2.4e+02 1.3e+07 | 5.7e+00 1.7e-02 5.5e-02 
   780 4.7e+00 |  1.1e+08   1.2e+08 | 8.1e+03 2.4e+02 1.3e+07 | 5.7e+00 1.7e-02 5.5e-02 
   790 4.7e+00 |  1.1e+08   1.2e+08 | 8.0e+03 2.4e+02 1.3e+07 | 5.6e+00 1.7e-02 5.5e-02 
   800 4.8e+00 |  1.1e+08   1.2e+08 | 7.9e+03 2.3e+02 1.2e+07 | 5.6e+00 1.7e-02 5.4e-02 
   810 4.9e+00 |  1.1e+08   1.2e+08 | 1.1e+04 2.1e+02 1.0e+07 | 7.6e+00 1.5e-02 4.5e-02 
   820 4.9e+00 |  1.1e+08   1.2e+08 | 1.2e+04 2.0e+02 1.0e+07 | 8.2e+00 1.4e-02 4.4e-02 
   830 5.0e+00 |  1.1e+08   1.2e+08 | 1.2e+04 2.0e+02 9.8e+06 | 8.7e+00 1.4e-02 4.3e-02 
   840 5.0e+00 |  1.1e+08   1.2e+08 | 1.3e+04 1.9e+02 9.6e+06 | 8.8e+00 1.4e-02 4.2e-02 
   850 5.1e+00 |  1.1e+08   1.2e+08 | 1.2e+04 1.9e+02 9.3e+06 | 8.6e+00 1.3e-02 4.2e-02 
   860 5.2e+00 |  1.1e+08   1.2e+08 | 1.2e+04 1.8e+02 9.2e+06 | 8.3e+00 1.3e-02 4.1e-02 
   870 5.2e+00 |  1.1e+08   1.2e+08 | 1.1e+04 1.8e+02 9.0e+06 | 7.9e+00 1.3e-02 4.0e-02 
   880 5.3e+00 |  1.1e+08   1.2e+08 | 1.1e+04 1.8e+02 8.8e+06 | 7.5e+00 1.2e-02 3.9e-02 
   890 5.3e+00 |  1.1e+08   1.2e+08 | 1.0e+04 1.7e+02 8.7e+06 | 7.1e+00 1.2e-02 3.9e-02 
   900 5.4e+00 |  1.1e+08   1.2e+08 | 9.7e+03 1.7e+02 8.6e+06 | 6.9e+00 1.2e-02 3.9e-02 
   910 5.5e+00 |  1.1e+08   1.2e+08 | 9.4e+03 1.7e+02 8.5e+06 | 6.6e+00 1.2e-02 3.8e-02 
   920 5.5e+00 |  1.1e+08   1.2e+08 | 9.1e+03 1.6e+02 8.4e+06 | 6.4e+00 1.2e-02 3.8e-02 
   930 5.6e+00 |  1.1e+08   1.2e+08 | 8.9e+03 1.6e+02 8.4e+06 | 6.3e+00 1.1e-02 3.7e-02 
   940 5.6e+00 |  1.1e+08   1.2e+08 | 8.8e+03 1.6e+02 8.3e+06 | 6.2e+00 1.1e-02 3.7e-02 
   950 5.7e+00 |  1.1e+08   1.2e+08 | 8.6e+03 1.6e+02 8.2e+06 | 6.1e+00 1.1e-02 3.7e-02 
   960 5.8e+00 |  1.1e+08   1.2e+08 | 8.5e+03 1.5e+02 8.2e+06 | 6.0e+00 1.1e-02 3.7e-02 
   970 5.8e+00 |  1.1e+08   1.2e+08 | 8.4e+03 1.5e+02 8.1e+06 | 5.9e+00 1.1e-02 3.6e-02 
   980 5.9e+00 |  1.1e+08   1.2e+08 | 8.3e+03 1.5e+02 8.0e+06 | 5.8e+00 1.1e-02 3.6e-02 
   990 5.9e+00 |  1.1e+08   1.2e+08 | 8.2e+03 1.5e+02 8.0e+06 | 5.8e+00 1.0e-02 3.6e-02 
  1000 6.0e+00 |  1.1e+08   1.2e+08 | 8.1e+03 1.5e+02 7.9e+06 | 5.7e+00 1.0e-02 3.6e-02 
  1100 6.5e+00 |  1.1e+08   1.1e+08 | 7.6e+03 1.3e+02 7.5e+06 | 5.3e+00 9.0e-03 3.4e-02 
  1200 7.1e+00 |  1.1e+08   1.1e+08 | 7.1e+03 1.2e+02 7.2e+06 | 5.0e+00 8.1e-03 3.3e-02 
  1300 7.6e+00 |  1.1e+08   1.1e+08 | 6.8e+03 1.1e+02 7.0e+06 | 4.8e+00 7.5e-03 3.2e-02 
  1400 8.2e+00 |  1.1e+08   1.1e+08 | 6.5e+03 9.8e+01 6.8e+06 | 4.6e+00 6.9e-03 3.1e-02 
  1500 8.7e+00 |  1.1e+08   1.1e+08 | 8.9e+03 7.5e+01 5.6e+06 | 6.3e+00 5.3e-03 2.6e-02 
  1600 9.3e+00 |  1.1e+08   1.1e+08 | 7.3e+03 6.6e+01 5.4e+06 | 5.1e+00 4.7e-03 2.5e-02 
  1700 9.8e+00 |  1.1e+08   1.1e+08 | 6.8e+03 5.9e+01 5.2e+06 | 4.8e+00 4.1e-03 2.4e-02 
  1800 1.0e+01 |  1.1e+08   1.1e+08 | 6.5e+03 5.3e+01 5.1e+06 | 4.6e+00 3.8e-03 2.4e-02 
  1900 1.1e+01 |  1.0e+08   1.1e+08 | 6.3e+03 4.9e+01 5.1e+06 | 4.4e+00 3.5e-03 2.3e-02 
  2000 1.1e+01 |  1.0e+08   1.1e+08 | 6.1e+03 4.6e+01 5.0e+06 | 4.3e+00 3.2e-03 2.3e-02 
  2100 1.2e+01 |  1.0e+08   1.1e+08 | 6.0e+03 4.3e+01 4.9e+06 | 4.2e+00 3.0e-03 2.3e-02 
  2200 1.3e+01 |  1.0e+08   1.1e+08 | 5.8e+03 4.0e+01 4.9e+06 | 4.1e+00 2.8e-03 2.3e-02 
  2300 1.3e+01 |  1.0e+08   1.1e+08 | 7.9e+03 3.1e+01 4.4e+06 | 5.6e+00 2.2e-03 2.1e-02 
  2400 1.4e+01 |  1.0e+08   1.1e+08 | 6.5e+03 2.8e+01 4.4e+06 | 4.6e+00 2.0e-03 2.0e-02 
  2500 1.4e+01 |  1.0e+08   1.1e+08 | 6.2e+03 2.5e+01 4.3e+06 | 4.3e+00 1.8e-03 2.0e-02 
  2600 1.5e+01 |  1.0e+08   1.1e+08 | 5.9e+03 2.3e+01 4.3e+06 | 4.2e+00 1.6e-03 2.0e-02 
  2700 1.5e+01 |  1.0e+08   1.1e+08 | 5.8e+03 2.1e+01 4.2e+06 | 4.1e+00 1.5e-03 2.0e-02 
  2800 1.6e+01 |  1.0e+08   1.1e+08 | 5.6e+03 2.0e+01 4.2e+06 | 4.0e+00 1.4e-03 2.0e-02 
  2900 1.6e+01 |  1.0e+08   1.1e+08 | 5.6e+03 1.8e+01 4.2e+06 | 3.9e+00 1.3e-03 2.0e-02 
  3000 1.7e+01 |  1.0e+08   1.1e+08 | 5.5e+03 1.7e+01 4.1e+06 | 3.9e+00 1.2e-03 1.9e-02 
  3100 1.7e+01 |  1.0e+08   1.1e+08 | 5.4e+03 1.6e+01 4.1e+06 | 3.8e+00 1.2e-03 1.9e-02 
  3200 1.8e+01 |  1.0e+08   1.1e+08 | 5.3e+03 1.5e+01 4.1e+06 | 3.8e+00 1.1e-03 1.9e-02 
  3300 1.8e+01 |  1.0e+08   1.1e+08 | 5.3e+03 1.5e+01 4.1e+06 | 3.7e+00 1.0e-03 1.9e-02 
  3400 1.9e+01 |  1.0e+08   1.1e+08 | 5.2e+03 1.4e+01 4.0e+06 | 3.7e+00 1.0e-03 1.9e-02 
  3500 2.0e+01 |  1.0e+08   1.1e+08 | 5.2e+03 1.3e+01 4.0e+06 | 3.7e+00 9.4e-04 1.9e-02 
  3600 2.0e+01 |  1.0e+08   1.1e+08 | 5.1e+03 1.3e+01 4.0e+06 | 3.6e+00 9.0e-04 1.9e-02 
  3700 2.1e+01 |  1.0e+08   1.1e+08 | 5.7e+03 1.0e+01 3.8e+06 | 4.0e+00 7.2e-04 1.8e-02 
  3800 2.1e+01 |  1.0e+08   1.1e+08 | 5.1e+03 9.5e+00 3.8e+06 | 3.6e+00 6.7e-04 1.8e-02 
  3900 2.2e+01 |  1.0e+08   1.1e+08 | 5.1e+03 8.9e+00 3.8e+06 | 3.6e+00 6.2e-04 1.8e-02 
  4000 2.2e+01 |  1.0e+08   1.1e+08 | 5.0e+03 8.3e+00 3.7e+06 | 3.5e+00 5.9e-04 1.8e-02 
  4100 2.3e+01 |  1.0e+08   1.1e+08 | 5.0e+03 7.8e+00 3.7e+06 | 3.5e+00 5.5e-04 1.8e-02 
  4200 2.3e+01 |  1.0e+08   1.1e+08 | 4.9e+03 7.4e+00 3.7e+06 | 3.5e+00 5.2e-04 1.7e-02 
  4300 2.4e+01 |  1.0e+08   1.1e+08 | 4.9e+03 7.0e+00 3.7e+06 | 3.4e+00 4.9e-04 1.7e-02 
  4400 2.4e+01 |  1.0e+08   1.1e+08 | 4.9e+03 6.7e+00 3.7e+06 | 3.4e+00 4.7e-04 1.7e-02 
  4500 2.5e+01 |  1.0e+08   1.1e+08 | 4.8e+03 6.4e+00 3.6e+06 | 3.4e+00 4.5e-04 1.7e-02 
  4600 2.6e+01 |  1.0e+08   1.1e+08 | 4.8e+03 6.1e+00 3.6e+06 | 3.4e+00 4.3e-04 1.7e-02 
  4700 2.6e+01 |  1.0e+08   1.1e+08 | 4.8e+03 5.8e+00 3.6e+06 | 3.4e+00 4.1e-04 1.7e-02 
  4800 2.7e+01 |  1.0e+08   1.1e+08 | 4.8e+03 5.6e+00 3.6e+06 | 3.4e+00 4.0e-04 1.7e-02 
  4900 2.7e+01 |  1.0e+08   1.1e+08 | 4.7e+03 5.4e+00 3.6e+06 | 3.3e+00 3.8e-04 1.7e-02 
  5000 2.8e+01 |  1.0e+08   1.1e+08 | 4.7e+03 5.2e+00 3.6e+06 | 3.3e+00 3.7e-04 1.7e-02 
  5100 2.8e+01 |  1.0e+08   1.1e+08 | 4.7e+03 5.1e+00 3.5e+06 | 3.3e+00 3.6e-04 1.7e-02 
  5200 2.9e+01 |  1.0e+08   1.1e+08 | 4.7e+03 5.0e+00 3.5e+06 | 3.3e+00 3.5e-04 1.7e-02 
  5300 2.9e+01 |  1.0e+08   1.1e+08 | 4.7e+03 4.8e+00 3.5e+06 | 3.3e+00 3.4e-04 1.7e-02 
  5400 3.0e+01 |  1.0e+08   1.1e+08 | 4.6e+03 4.7e+00 3.5e+06 | 3.3e+00 3.3e-04 1.6e-02 
  5500 3.0e+01 |  1.0e+08   1.1e+08 | 4.6e+03 4.5e+00 3.5e+06 | 3.3e+00 3.2e-04 1.6e-02 
  5600 3.1e+01 |  1.0e+08   1.1e+08 | 4.6e+03 4.4e+00 3.5e+06 | 3.2e+00 3.1e-04 1.6e-02 
  5700 3.1e+01 |  1.0e+08   1.1e+08 | 4.6e+03 4.3e+00 3.4e+06 | 3.2e+00 3.0e-04 1.6e-02 
  5800 3.2e+01 |  1.0e+08   1.1e+08 | 4.6e+03 4.2e+00 3.4e+06 | 3.2e+00 2.9e-04 1.6e-02 
  5900 3.3e+01 |  1.0e+08   1.1e+08 | 4.6e+03 3.5e+00 3.4e+06 | 3.2e+00 2.5e-04 1.6e-02 
  6000 3.3e+01 |  1.0e+08   1.1e+08 | 4.5e+03 3.4e+00 3.3e+06 | 3.1e+00 2.4e-04 1.6e-02 
  6100 3.4e+01 |  1.0e+08   1.1e+08 | 4.4e+03 3.3e+00 3.3e+06 | 3.1e+00 2.3e-04 1.6e-02 
  6200 3.4e+01 |  1.0e+08   1.1e+08 | 4.4e+03 3.2e+00 3.3e+06 | 3.1e+00 2.3e-04 1.6e-02 
  6300 3.5e+01 |  1.0e+08   1.1e+08 | 4.4e+03 3.2e+00 3.3e+06 | 3.1e+00 2.2e-04 1.5e-02 
  6400 3.5e+01 |  1.0e+08   1.1e+08 | 4.4e+03 3.1e+00 3.3e+06 | 3.1e+00 2.2e-04 1.5e-02 
  6500 3.6e+01 |  1.0e+08   1.1e+08 | 4.4e+03 3.0e+00 3.2e+06 | 3.1e+00 2.1e-04 1.5e-02 
  6600 3.6e+01 |  1.0e+08   1.1e+08 | 4.4e+03 3.0e+00 3.2e+06 | 3.1e+00 2.1e-04 1.5e-02 
  6700 3.7e+01 |  1.0e+08   1.1e+08 | 4.3e+03 2.9e+00 3.2e+06 | 3.1e+00 2.0e-04 1.5e-02 
  6800 3.7e+01 |  1.0e+08   1.1e+08 | 4.3e+03 2.8e+00 3.2e+06 | 3.0e+00 2.0e-04 1.5e-02 
  6900 3.8e+01 |  1.0e+08   1.1e+08 | 4.3e+03 2.8e+00 3.2e+06 | 3.0e+00 1.9e-04 1.5e-02 
  7000 3.9e+01 |  1.0e+08   1.1e+08 | 4.3e+03 2.7e+00 3.1e+06 | 3.0e+00 1.9e-04 1.5e-02 
  7100 3.9e+01 |  1.0e+08   1.1e+08 | 4.3e+03 2.6e+00 3.1e+06 | 3.0e+00 1.9e-04 1.5e-02 
  7200 4.0e+01 |  1.0e+08   1.1e+08 | 4.2e+03 2.6e+00 3.1e+06 | 3.0e+00 1.8e-04 1.5e-02 
  7300 4.0e+01 |  1.0e+08   1.1e+08 | 4.2e+03 2.5e+00 3.1e+06 | 3.0e+00 1.8e-04 1.4e-02 
  7400 4.1e+01 |  1.0e+08   1.1e+08 | 4.2e+03 2.4e+00 3.1e+06 | 3.0e+00 1.7e-04 1.4e-02 
  7500 4.1e+01 |  1.0e+08   1.1e+08 | 4.2e+03 2.4e+00 3.0e+06 | 2.9e+00 1.7e-04 1.4e-02 
  7600 4.2e+01 |  1.0e+08   1.1e+08 | 4.1e+03 2.4e+00 3.0e+06 | 2.9e+00 1.7e-04 1.4e-02 
  7700 4.2e+01 |  1.0e+08   1.1e+08 | 4.1e+03 2.3e+00 3.0e+06 | 2.9e+00 1.6e-04 1.4e-02 
  7800 4.3e+01 |  1.1e+08   1.1e+08 | 4.1e+03 2.3e+00 3.0e+06 | 2.9e+00 1.6e-04 1.4e-02 
  7900 4.3e+01 |  1.1e+08   1.1e+08 | 4.1e+03 2.2e+00 2.9e+06 | 2.9e+00 1.6e-04 1.4e-02 
  8000 4.4e+01 |  1.1e+08   1.1e+08 | 4.0e+03 2.2e+00 2.9e+06 | 2.8e+00 1.6e-04 1.4e-02 
  8100 4.5e+01 |  1.1e+08   1.1e+08 | 4.0e+03 2.2e+00 2.9e+06 | 2.8e+00 1.5e-04 1.4e-02 
  8200 4.5e+01 |  1.1e+08   1.1e+08 | 4.0e+03 2.1e+00 2.9e+06 | 2.8e+00 1.5e-04 1.4e-02 
  8300 4.6e+01 |  1.1e+08   1.1e+08 | 4.0e+03 2.1e+00 2.9e+06 | 2.8e+00 1.5e-04 1.3e-02 
  8400 4.6e+01 |  1.1e+08   1.1e+08 | 3.9e+03 2.1e+00 2.8e+06 | 2.8e+00 1.5e-04 1.3e-02 
  8500 4.7e+01 |  1.1e+08   1.1e+08 | 3.9e+03 2.0e+00 2.8e+06 | 2.8e+00 1.4e-04 1.3e-02 
  8600 4.7e+01 |  1.1e+08   1.1e+08 | 3.9e+03 2.0e+00 2.8e+06 | 2.7e+00 1.4e-04 1.3e-02 
  8700 4.8e+01 |  1.1e+08   1.1e+08 | 3.9e+03 2.0e+00 2.8e+06 | 2.7e+00 1.4e-04 1.3e-02 
  8800 4.8e+01 |  1.1e+08   1.1e+08 | 3.8e+03 2.0e+00 2.7e+06 | 2.7e+00 1.4e-04 1.3e-02 
  8900 4.9e+01 |  1.1e+08   1.1e+08 | 3.8e+03 1.9e+00 2.7e+06 | 2.7e+00 1.4e-04 1.3e-02 
  9000 4.9e+01 |  1.1e+08   1.1e+08 | 3.8e+03 1.9e+00 2.7e+06 | 2.7e+00 1.4e-04 1.3e-02 
  9100 5.0e+01 |  1.1e+08   1.1e+08 | 3.8e+03 1.9e+00 2.7e+06 | 2.7e+00 1.3e-04 1.3e-02 
  9200 5.0e+01 |  1.1e+08   1.1e+08 | 3.7e+03 1.9e+00 2.7e+06 | 2.6e+00 1.3e-04 1.2e-02 
  9300 5.1e+01 |  1.1e+08   1.1e+08 | 3.7e+03 1.7e+00 2.6e+06 | 2.6e+00 1.2e-04 1.2e-02 
  9400 5.2e+01 |  1.1e+08   1.1e+08 | 3.7e+03 1.7e+00 2.6e+06 | 2.6e+00 1.2e-04 1.2e-02 
  9500 5.2e+01 |  1.1e+08   1.1e+08 | 3.6e+03 1.8e+00 2.6e+06 | 2.6e+00 1.2e-04 1.2e-02 
  9600 5.3e+01 |  1.1e+08   1.1e+08 | 3.6e+03 1.8e+00 2.6e+06 | 2.5e+00 1.3e-04 1.2e-02 
  9700 5.3e+01 |  1.1e+08   1.1e+08 | 3.6e+03 1.9e+00 2.5e+06 | 2.5e+00 1.3e-04 1.2e-02 
  9800 5.4e+01 |  1.1e+08   1.1e+08 | 3.5e+03 1.9e+00 2.5e+06 | 2.5e+00 1.4e-04 1.2e-02 
  9900 5.4e+01 |  1.1e+08   1.1e+08 | 3.5e+03 2.0e+00 2.5e+06 | 2.5e+00 1.4e-04 1.2e-02 
 10000 5.5e+01 |  1.1e+08   1.1e+08 | 3.5e+03 2.0e+00 2.4e+06 | 2.4e+00 1.4e-04 1.1e-02 
 11000 6.0e+01 |  1.1e+08   1.1e+08 | 3.0e+03 2.1e+00 2.0e+06 | 2.1e+00 1.5e-04 9.5e-03 
 12000 6.6e+01 |  1.1e+08   1.1e+08 | 2.6e+03 2.0e+00 1.6e+06 | 1.8e+00 1.4e-04 7.7e-03 
 13000 7.1e+01 |  1.1e+08   1.1e+08 | 2.3e+03 1.8e+00 1.4e+06 | 1.6e+00 1.3e-04 6.3e-03 
 14000 7.6e+01 |  1.1e+08   1.1e+08 | 2.0e+03 1.7e+00 1.2e+06 | 1.4e+00 1.2e-04 5.4e-03 
 15000 8.2e+01 |  1.1e+08   1.1e+08 | 1.7e+03 1.8e+00 9.9e+05 | 1.2e+00 1.3e-04 4.6e-03 
 16000 8.7e+01 |  1.1e+08   1.1e+08 | 1.3e+03 2.2e+00 7.4e+05 | 9.3e-01 1.6e-04 3.4e-03 
 17000 9.3e+01 |  1.1e+08   1.1e+08 | 1.0e+03 2.1e+00 5.2e+05 | 7.4e-01 1.5e-04 2.4e-03 
 18000 9.8e+01 |  1.1e+08   1.1e+08 | 8.5e+02 1.9e+00 3.8e+05 | 6.0e-01 1.3e-04 1.8e-03 
 19000 1.0e+02 |  1.1e+08   1.1e+08 | 7.1e+02 1.7e+00 2.9e+05 | 5.0e-01 1.2e-04 1.4e-03 
 20000 1.1e+02 |  1.1e+08   1.1e+08 | 6.1e+02 1.5e+00 2.4e+05 | 4.3e-01 1.1e-04 1.1e-03 
---------------------------------------------------------------------------------------
Solution Summary
  Status             : ITERATION_LIMIT
  Solve time         : 108 sec
  Iterations         : 20000
  Primal objective   : 107828658.8
  Dual objective     : 108067217
  Objective gap      : 1.105e-03
  Primal infeas      : 4.299e-01
  Dual infeas        : 1.058e-04

### exit_code=0
### finished=2026-06-28T20:18:15.366522
### gpu_peak_mb=21122.5
### gpu_peak2_mb=20500.4
### per_gpu_peak_mb=[21122.5, 20500.4375]
