### solver=cuopt-distributed
### instance=/home/scratch.cmaes_sw/hans_lps/16_n14.mps
### n_gpus=8
### CUDA_VISIBLE_DEVICES=0,1,2,3,4,5,6,7
### started=2026-08-09T18:17:53.073994
### argv=/home/scratch.vmostovoi_gpu/mostovoi_cuopt/cpp/build/cuopt_cli --method 1 --mps-reader experimental-fast --time-limit 3600 --iteration-limit 1000000000 --relative-primal-tolerance 1e-4 --relative-dual-tolerance 1e-4 --relative-gap-tolerance 1e-4 --log-to-console true --num-gpus 8 /home/scratch.cmaes_sw/hans_lps/16_n14.mps
### --- solver output ---
Setting parameter iteration_limit to 1000000000
Setting parameter log_to_console to true
Setting parameter method to 1
Setting parameter num_gpus to 8
Setting parameter relative_dual_tolerance to 1.000000e-04
Setting parameter relative_gap_tolerance to 1.000000e-04
Setting parameter relative_primal_tolerance to 1.000000e-04
Setting parameter time_limit to 3.600000e+03
Reading file 16_n14.mps
Using experimental fast MPS parser for '/home/scratch.cmaes_sw/hans_lps/16_n14.mps'
Read file 16_n14.mps in 0.34 seconds
cuOpt version: 26.10.0, git hash: f3ebc673, host arch: x86_64, device archs: 100a-real
CPU: INTEL(R) XEON(R) PLATINUM 8570, threads (physical/logical): 112/224, RAM (available/total): 1969.78 / 2015.54 GiB
CUDA 13.3, device: NVIDIA B200 (ID 0), VRAM: 178.34 GiB
CUDA device UUID: 60b1e1cb-ecc0-0b03-f242-03b708f69ef9
CUDA 13.3, device: NVIDIA B200 (ID 1), VRAM: 178.34 GiB
CUDA device UUID: 0aa5b660-20d3-b569-c712-8704c8049681
CUDA 13.3, device: NVIDIA B200 (ID 2), VRAM: 178.34 GiB
CUDA device UUID: ed2455df-4e5f-44a6-c58e-ce3537049d32
CUDA 13.3, device: NVIDIA B200 (ID 3), VRAM: 178.34 GiB
CUDA device UUID: de85800a-4950-7a4c-1834-7a30fcf4bbe1
CUDA 13.3, device: NVIDIA B200 (ID 4), VRAM: 178.34 GiB
CUDA device UUID: 392681e6-30ed-fa8b-27a9-eaf56b595c32
CUDA 13.3, device: NVIDIA B200 (ID 5), VRAM: 178.34 GiB
CUDA device UUID: 31e6ca9e-2ac3-affe-a481-429c89c88f05
CUDA 13.3, device: NVIDIA B200 (ID 6), VRAM: 178.34 GiB
CUDA device UUID: a9047ee9-473a-2050-e125-75f8a005a35d
CUDA 13.3, device: NVIDIA B200 (ID 7), VRAM: 178.34 GiB
CUDA device UUID: 86ff0bbe-6d2a-ed72-a882-9abe402ba79e
Solving a problem with 16384 constraints, 262144 variables (0 integers), and 524288 nonzeros
Using PSLP presolver
PSLP Presolved problem: 16383 constraints, 261884 variables, 523768 non-zeros
PSLP presolve time: 0.04s
Solving with distributed PDLP on 8 GPUs.
NCCL version 2.30.7+cuda13.3
      0 +0.00000000e+00 +0.00000000e+00  0.00e+00   8.98e+05     9.11e+05   5.304s
   1000 +1.49702265e+11 +6.77695840e+11  5.28e+11   1.81e+04     3.69e+05   5.659s
   2000 +2.92703584e+11 +9.79917940e+11  6.87e+11   1.17e+04     4.60e+05   5.841s
   3000 +3.69874969e+11 +9.77456965e+11  6.08e+11   7.14e+03     4.25e+05   6.020s
   4000 +4.08477483e+11 +7.81082038e+11  3.73e+11   4.63e+03     2.69e+05   6.201s
   5000 +4.26362754e+11 +7.03269964e+11  2.77e+11   2.09e+03     2.04e+05   6.381s
   6000 +4.39411796e+11 +6.05599426e+11  1.66e+11   8.77e+02     1.52e+05   6.559s
   7000 +4.52902378e+11 +5.39077779e+11  8.62e+10   1.22e+03     1.16e+05   6.740s
   8000 +4.58172041e+11 +4.94216103e+11  3.60e+10   1.47e+03     9.71e+04   6.920s
   9000 +4.60572709e+11 +4.60520858e+11  5.19e+07   1.60e+03     8.35e+04   7.098s
  10000 +4.67522674e+11 +3.61378763e+11  1.06e+11   2.19e+03     6.04e+04   7.279s
  11000 +4.74373764e+11 +3.16708919e+11  1.58e+11   2.49e+03     4.91e+04   7.451s
  12000 +4.80058271e+11 +2.86946622e+11  1.93e+11   2.65e+03     4.20e+04   7.624s
  13000 +4.85107445e+11 +2.65618908e+11  2.19e+11   2.76e+03     3.68e+04   7.794s
  14000 +4.89934217e+11 +2.50392236e+11  2.40e+11   2.84e+03     3.29e+04   7.967s
  15000 +4.99339774e+11 +1.98681786e+11  3.01e+11   3.16e+03     2.67e+04   8.139s
  16000 +5.11252666e+11 +1.82757435e+11  3.28e+11   3.26e+03     2.37e+04   8.310s
  17000 +5.22649921e+11 +1.72604155e+11  3.50e+11   3.42e+03     2.17e+04   8.481s
  18000 +5.33436032e+11 +1.66042326e+11  3.67e+11   3.53e+03     2.02e+04   8.651s
  19000 +5.43547838e+11 +1.61524959e+11  3.82e+11   3.63e+03     1.90e+04   8.821s
  20000 +5.53219954e+11 +1.59694681e+11  3.94e+11   3.72e+03     1.80e+04   8.991s
  21000 +5.62543794e+11 +1.59250225e+11  4.03e+11   3.82e+03     1.73e+04   9.164s
  22000 +5.71463971e+11 +1.59992603e+11  4.11e+11   3.92e+03     1.66e+04   9.334s
  23000 +5.82151156e+11 +1.52460157e+11  4.30e+11   4.03e+03     1.56e+04   9.508s
  24000 +5.95586907e+11 +1.52907565e+11  4.43e+11   4.20e+03     1.52e+04   9.678s
  25000 +6.08443743e+11 +1.54028773e+11  4.54e+11   4.34e+03     1.47e+04   9.848s
  26000 +6.20808223e+11 +1.55814275e+11  4.65e+11   4.49e+03     1.43e+04   10.021s
  27000 +6.32707055e+11 +1.57932890e+11  4.75e+11   4.64e+03     1.39e+04   10.192s
  28000 +6.44151788e+11 +1.60145724e+11  4.84e+11   4.78e+03     1.35e+04   10.363s
  29000 +6.55189918e+11 +1.62842486e+11  4.92e+11   4.92e+03     1.31e+04   10.533s
  30000 +6.65770207e+11 +1.65446519e+11  5.00e+11   5.06e+03     1.26e+04   10.703s
  31000 +6.75895195e+11 +1.68330048e+11  5.08e+11   5.20e+03     1.21e+04   10.873s
  32000 +6.85519251e+11 +1.71259845e+11  5.14e+11   5.30e+03     1.16e+04   11.043s
  33000 +6.94730419e+11 +1.74442495e+11  5.20e+11   5.45e+03     1.11e+04   11.215s
  34000 +7.03391318e+11 +1.77669554e+11  5.26e+11   5.54e+03     1.06e+04   11.389s
  35000 +7.11500620e+11 +1.80871357e+11  5.31e+11   5.65e+03     1.01e+04   11.560s
  36000 +7.19500143e+11 +1.83432744e+11  5.36e+11   5.76e+03     9.58e+03   11.732s
  37000 +7.27347513e+11 +1.87033829e+11  5.40e+11   5.85e+03     9.07e+03   11.902s
  38000 +7.34739553e+11 +1.90548028e+11  5.44e+11   5.94e+03     8.56e+03   12.072s
  39000 +7.41658267e+11 +1.94240604e+11  5.47e+11   6.03e+03     8.05e+03   12.242s
  40000 +7.48021075e+11 +1.98028421e+11  5.50e+11   6.11e+03     7.54e+03   12.414s
  41000 +7.53864649e+11 +2.01854739e+11  5.52e+11   6.17e+03     7.04e+03   12.584s
  42000 +7.59108194e+11 +2.05851844e+11  5.53e+11   6.24e+03     6.56e+03   12.754s
  43000 +7.63778365e+11 +2.09848242e+11  5.54e+11   6.28e+03     6.08e+03   12.924s
  44000 +7.67847416e+11 +2.13980717e+11  5.54e+11   6.33e+03     5.63e+03   13.095s
  45000 +7.71333754e+11 +2.18187644e+11  5.53e+11   6.36e+03     5.20e+03   13.265s
  46000 +7.74258883e+11 +2.22503822e+11  5.52e+11   6.40e+03     4.80e+03   13.435s
  47000 +7.76517524e+11 +2.26828905e+11  5.50e+11   6.41e+03     4.43e+03   13.605s
  48000 +7.78129838e+11 +2.31242921e+11  5.47e+11   6.43e+03     4.08e+03   13.776s
  49000 +7.79054230e+11 +2.35624981e+11  5.43e+11   6.44e+03     3.77e+03   13.953s
  50000 +7.79292350e+11 +2.40194512e+11  5.39e+11   6.42e+03     3.51e+03   14.126s
  51000 +7.78794425e+11 +2.44845634e+11  5.34e+11   6.43e+03     3.32e+03   14.297s
  52000 +7.76858587e+11 +2.49377328e+11  5.27e+11   6.40e+03     3.25e+03   14.468s
  53000 +7.72806853e+11 +2.53879439e+11  5.19e+11   6.36e+03     3.29e+03   14.638s
  54000 +7.66849186e+11 +2.58211166e+11  5.09e+11   6.28e+03     3.41e+03   14.808s
  55000 +7.59328859e+11 +2.62596907e+11  4.97e+11   6.21e+03     3.57e+03   14.978s
  56000 +7.53719128e+11 +2.77668289e+11  4.76e+11   6.13e+03     1.77e+04   15.150s
  57000 +7.29771417e+11 +2.87701904e+11  4.42e+11   5.83e+03     2.91e+04   15.320s
  58000 +6.79933973e+11 +2.87526869e+11  3.92e+11   5.21e+03     3.55e+04   15.490s
  59000 +6.24617654e+11 +2.81846079e+11  3.43e+11   3.96e+03     3.40e+04   15.662s
  60000 +5.82837492e+11 +2.75560039e+11  3.07e+11   2.97e+03     2.90e+04   15.832s
  61000 +5.56562158e+11 +2.73573587e+11  2.83e+11   2.25e+03     2.43e+04   16.001s
  62000 +5.40871208e+11 +2.71630508e+11  2.69e+11   1.83e+03     2.11e+04   16.171s
  63000 +5.31040491e+11 +2.70810261e+11  2.60e+11   1.56e+03     1.90e+04   16.341s
  64000 +5.24110255e+11 +2.70329600e+11  2.54e+11   1.38e+03     1.76e+04   16.510s
  65000 +5.18522789e+11 +2.69619742e+11  2.49e+11   1.24e+03     1.67e+04   16.680s
  66000 +5.13707846e+11 +2.68800229e+11  2.45e+11   1.12e+03     1.60e+04   16.850s
  67000 +5.09514383e+11 +2.68516326e+11  2.41e+11   1.03e+03     1.54e+04   17.019s
  68000 +5.05756562e+11 +2.68182285e+11  2.38e+11   9.39e+02     1.50e+04   17.189s
  69000 +5.02252284e+11 +2.67787127e+11  2.34e+11   8.65e+02     1.46e+04   17.359s
  70000 +4.97322814e+11 +2.56328409e+11  2.41e+11   7.27e+02     1.69e+04   17.530s
  71000 +4.87692392e+11 +2.50194570e+11  2.37e+11   3.67e+02     1.81e+04   17.699s
  72000 +4.80909877e+11 +2.51183387e+11  2.30e+11   1.41e+02     1.61e+04   17.869s
  73000 +4.78184210e+11 +2.55140683e+11  2.23e+11   8.86e+01     1.48e+04   18.042s
  74000 +4.77134576e+11 +2.57304297e+11  2.20e+11   8.50e+01     1.41e+04   18.212s
  75000 +4.76456563e+11 +2.58590366e+11  2.18e+11   8.95e+01     1.37e+04   18.382s
  76000 +4.75581134e+11 +2.59066697e+11  2.17e+11   8.80e+01     1.35e+04   18.555s
  77000 +4.74561799e+11 +2.59344392e+11  2.15e+11   8.38e+01     1.34e+04   18.725s
  78000 +4.73527940e+11 +2.59763578e+11  2.14e+11   7.98e+01     1.32e+04   18.895s
  79000 +4.72515742e+11 +2.60264030e+11  2.12e+11   7.76e+01     1.31e+04   19.069s
  80000 +4.71575667e+11 +2.60835151e+11  2.11e+11   7.67e+01     1.30e+04   19.239s
  81000 +4.70714050e+11 +2.61354318e+11  2.09e+11   7.62e+01     1.29e+04   19.409s
  82000 +4.69924121e+11 +2.61879939e+11  2.08e+11   7.62e+01     1.28e+04   19.580s
  83000 +4.69167362e+11 +2.62302576e+11  2.07e+11   7.60e+01     1.28e+04   19.750s
  84000 +4.68414449e+11 +2.62675643e+11  2.06e+11   7.61e+01     1.27e+04   19.921s
  85000 +4.67642134e+11 +2.62898904e+11  2.05e+11   7.61e+01     1.26e+04   20.091s
  86000 +4.66854354e+11 +2.63179707e+11  2.04e+11   7.57e+01     1.26e+04   20.261s
  87000 +4.66068808e+11 +2.63526014e+11  2.03e+11   7.57e+01     1.25e+04   20.431s
  88000 +4.65300867e+11 +2.63799003e+11  2.02e+11   7.55e+01     1.25e+04   20.601s
  89000 +4.64535075e+11 +2.64036939e+11  2.00e+11   7.57e+01     1.25e+04   20.772s
  90000 +4.63771607e+11 +2.64378400e+11  1.99e+11   7.56e+01     1.24e+04   20.942s
  91000 +4.63022780e+11 +2.64688059e+11  1.98e+11   7.57e+01     1.24e+04   21.112s
  92000 +4.62287875e+11 +2.64968150e+11  1.97e+11   7.58e+01     1.23e+04   21.282s
  93000 +4.61560507e+11 +2.65227172e+11  1.96e+11   7.56e+01     1.23e+04   21.456s
  94000 +4.60843333e+11 +2.65537785e+11  1.95e+11   7.58e+01     1.23e+04   21.626s
  95000 +4.60123190e+11 +2.65786112e+11  1.94e+11   7.57e+01     1.22e+04   21.797s
  96000 +4.59402678e+11 +2.66144389e+11  1.93e+11   7.58e+01     1.22e+04   21.967s
  97000 +4.58683709e+11 +2.66352712e+11  1.92e+11   7.58e+01     1.22e+04   22.137s
  98000 +4.57983115e+11 +2.66654361e+11  1.91e+11   7.57e+01     1.21e+04   22.308s
  99000 +4.57299862e+11 +2.66966512e+11  1.90e+11   7.57e+01     1.21e+04   22.478s
 100000 +4.56626360e+11 +2.67225575e+11  1.89e+11   7.57e+01     1.21e+04   22.648s
 101000 +4.55953195e+11 +2.67494555e+11  1.88e+11   7.55e+01     1.20e+04   22.819s
 102000 +4.55277625e+11 +2.67732433e+11  1.88e+11   7.55e+01     1.20e+04   22.990s
 103000 +4.54590419e+11 +2.67906585e+11  1.87e+11   7.56e+01     1.20e+04   23.160s
 104000 +4.53893814e+11 +2.68102839e+11  1.86e+11   7.57e+01     1.20e+04   23.330s
 105000 +4.53190423e+11 +2.68321168e+11  1.85e+11   7.57e+01     1.19e+04   23.500s
 106000 +4.52501155e+11 +2.68577483e+11  1.84e+11   7.57e+01     1.19e+04   23.670s
 107000 +4.51818751e+11 +2.68837170e+11  1.83e+11   7.61e+01     1.19e+04   23.840s
 108000 +4.51150377e+11 +2.69117292e+11  1.82e+11   7.61e+01     1.19e+04   24.013s
 109000 +3.94463181e+11 +2.70791017e+11  1.24e+11   1.32e+03     1.13e+04   24.185s
 110000 +3.41965862e+11 +2.73231543e+11  6.87e+10   1.94e+03     1.08e+04   24.355s
 111000 +2.95969427e+11 +2.76542326e+11  1.94e+10   2.60e+03     1.01e+04   24.525s
 112000 +2.60226944e+11 +2.80967698e+11  2.07e+10   3.13e+03     8.85e+03   24.696s
 113000 +2.37987155e+11 +2.86069995e+11  4.81e+10   3.38e+03     6.93e+03   24.866s
 114000 +2.28436352e+11 +2.90325453e+11  6.19e+10   3.27e+03     5.05e+03   25.036s
 115000 +2.25379224e+11 +2.93079076e+11  6.77e+10   3.09e+03     3.95e+03   25.207s
 116000 +2.24449685e+11 +2.94820380e+11  7.04e+10   2.98e+03     3.35e+03   25.377s
 117000 +2.24145972e+11 +2.96195330e+11  7.20e+10   2.91e+03     2.94e+03   25.547s
 118000 +2.24364568e+11 +2.97316346e+11  7.30e+10   2.84e+03     2.64e+03   25.717s
 119000 +2.24974727e+11 +2.98299710e+11  7.33e+10   2.80e+03     2.39e+03   25.887s
 120000 +2.25511617e+11 +2.99156475e+11  7.36e+10   2.76e+03     2.18e+03   26.057s
 121000 +2.26195509e+11 +2.99922957e+11  7.37e+10   2.72e+03     2.02e+03   26.227s
 122000 +2.25066110e+11 +3.02364143e+11  7.73e+10   2.85e+03     4.14e+02   26.398s
 123000 +2.24646734e+11 +3.02887695e+11  7.82e+10   2.77e+03     2.11e+02   26.569s
 124000 +2.24837622e+11 +3.03189435e+11  7.84e+10   2.75e+03     1.45e+02   26.739s
 125000 +2.25101306e+11 +3.03417834e+11  7.83e+10   2.74e+03     1.21e+02   26.909s
 126000 +2.25448049e+11 +3.03630986e+11  7.82e+10   2.72e+03     1.08e+02   27.080s
 127000 +2.25761811e+11 +3.03830956e+11  7.81e+10   2.71e+03     1.01e+02   27.251s
 128000 +2.26048875e+11 +3.04022991e+11  7.80e+10   2.70e+03     9.51e+01   27.422s
 129000 +2.26322629e+11 +3.04210095e+11  7.79e+10   2.69e+03     9.00e+01   27.592s
 130000 +2.26681969e+11 +3.04385326e+11  7.77e+10   2.66e+03     8.86e+01   27.763s
 131000 +2.26989633e+11 +3.04561465e+11  7.76e+10   2.65e+03     8.67e+01   27.933s
 132000 +2.27354393e+11 +3.04733975e+11  7.74e+10   2.64e+03     8.53e+01   28.104s
 133000 +2.27665917e+11 +3.04899916e+11  7.72e+10   2.63e+03     8.33e+01   28.275s
 134000 +2.27945703e+11 +3.05064877e+11  7.71e+10   2.61e+03     8.27e+01   28.445s
 135000 +2.28306874e+11 +3.05232753e+11  7.69e+10   2.60e+03     8.26e+01   28.616s
 136000 +2.28673116e+11 +3.05390155e+11  7.67e+10   2.59e+03     8.09e+01   28.786s
 137000 +2.28939315e+11 +3.05548790e+11  7.66e+10   2.58e+03     7.98e+01   28.957s
 138000 +2.29303282e+11 +3.05705031e+11  7.64e+10   2.56e+03     8.01e+01   29.128s
 139000 +2.29681126e+11 +3.05854263e+11  7.62e+10   2.55e+03     8.00e+01   29.298s
 140000 +2.30044232e+11 +3.06005923e+11  7.60e+10   2.54e+03     7.87e+01   29.468s
 141000 +2.30465242e+11 +3.06151559e+11  7.57e+10   2.52e+03     7.91e+01   29.638s
 142000 +2.30826101e+11 +3.06300247e+11  7.55e+10   2.52e+03     7.76e+01   29.809s
 143000 +2.31150044e+11 +3.06444430e+11  7.53e+10   2.51e+03     7.73e+01   29.979s
 144000 +2.31524983e+11 +3.06580766e+11  7.51e+10   2.49e+03     7.69e+01   30.149s
 145000 +2.31821764e+11 +3.06720241e+11  7.49e+10   2.48e+03     7.56e+01   30.319s
 146000 +2.32173976e+11 +3.06859713e+11  7.47e+10   2.47e+03     7.55e+01   30.490s
 147000 +2.32537843e+11 +3.06995891e+11  7.45e+10   2.46e+03     7.47e+01   30.660s
 148000 +2.32809484e+11 +3.07127936e+11  7.43e+10   2.46e+03     7.36e+01   30.830s
 149000 +2.33050846e+11 +3.07263180e+11  7.42e+10   2.44e+03     7.28e+01   31.000s
 150000 +2.33389358e+11 +3.07398633e+11  7.40e+10   2.44e+03     7.30e+01   31.171s
 151000 +2.33800748e+11 +3.07530974e+11  7.37e+10   2.43e+03     7.36e+01   31.341s
 152000 +2.34202909e+11 +3.07657956e+11  7.35e+10   2.42e+03     7.47e+01   31.511s
 153000 +2.34565581e+11 +3.07780604e+11  7.32e+10   2.40e+03     7.41e+01   31.681s
 154000 +2.34889667e+11 +3.07907856e+11  7.30e+10   2.39e+03     7.25e+01   31.851s
 155000 +2.35126491e+11 +3.08032354e+11  7.29e+10   2.39e+03     7.18e+01   32.021s
 156000 +2.35395462e+11 +3.08153064e+11  7.28e+10   2.37e+03     7.17e+01   32.192s
 157000 +2.35633953e+11 +3.08276192e+11  7.26e+10   2.36e+03     7.09e+01   32.362s
 158000 +2.35999795e+11 +3.08395866e+11  7.24e+10   2.35e+03     7.22e+01   32.532s
 159000 +2.36248796e+11 +3.08514287e+11  7.23e+10   2.34e+03     7.03e+01   32.702s
 160000 +2.36525681e+11 +3.08634119e+11  7.21e+10   2.34e+03     7.01e+01   32.872s
 161000 +2.36867285e+11 +3.08753971e+11  7.19e+10   2.33e+03     7.12e+01   33.042s
 162000 +2.37191894e+11 +3.08865770e+11  7.17e+10   2.32e+03     7.06e+01   33.213s
 163000 +2.37522626e+11 +3.08980875e+11  7.15e+10   2.31e+03     7.04e+01   33.383s
 164000 +2.37840086e+11 +3.09092390e+11  7.13e+10   2.30e+03     6.99e+01   33.553s
 165000 +2.38167820e+11 +3.09206090e+11  7.10e+10   2.29e+03     7.02e+01   33.723s
 166000 +2.38442036e+11 +3.09312128e+11  7.09e+10   2.29e+03     6.91e+01   33.894s
 167000 +2.38700539e+11 +3.09427133e+11  7.07e+10   2.27e+03     6.84e+01   34.064s
 168000 +2.38980283e+11 +3.09529293e+11  7.05e+10   2.27e+03     6.79e+01   34.234s
 169000 +2.39207699e+11 +3.09639261e+11  7.04e+10   2.26e+03     6.72e+01   34.404s
 170000 +2.39505700e+11 +3.09747481e+11  7.02e+10   2.25e+03     6.76e+01   34.574s
 171000 +2.39756112e+11 +3.09852088e+11  7.01e+10   2.24e+03     6.70e+01   34.744s
 172000 +2.40020920e+11 +3.09954712e+11  6.99e+10   2.24e+03     6.75e+01   34.914s
 173000 +2.40371335e+11 +3.10065635e+11  6.97e+10   2.22e+03     6.86e+01   35.084s
 174000 +2.40751003e+11 +3.10164762e+11  6.94e+10   2.20e+03     6.85e+01   35.254s
 175000 +2.40968908e+11 +3.10258568e+11  6.93e+10   2.20e+03     6.71e+01   35.425s
 176000 +2.41230861e+11 +3.10363833e+11  6.91e+10   2.19e+03     6.73e+01   35.595s
 177000 +2.41520568e+11 +3.10459955e+11  6.89e+10   2.18e+03     6.64e+01   35.765s
 178000 +2.41827350e+11 +3.10564819e+11  6.87e+10   2.17e+03     6.73e+01   35.935s
 179000 +2.42207573e+11 +3.10657535e+11  6.84e+10   2.17e+03     6.70e+01   36.105s
 180000 +2.42604657e+11 +3.10750021e+11  6.81e+10   2.15e+03     6.74e+01   36.275s
 181000 +2.42879255e+11 +3.10845164e+11  6.80e+10   2.14e+03     6.62e+01   36.446s
 182000 +2.43068078e+11 +3.10937324e+11  6.79e+10   2.14e+03     6.53e+01   36.616s
 183000 +2.43281998e+11 +3.11028202e+11  6.77e+10   2.13e+03     6.48e+01   36.786s
 184000 +2.43522243e+11 +3.11122132e+11  6.76e+10   2.13e+03     6.44e+01   36.956s
 185000 +2.43739902e+11 +3.11210431e+11  6.75e+10   2.11e+03     6.42e+01   37.126s
 186000 +2.43937009e+11 +3.11302148e+11  6.74e+10   2.12e+03     6.40e+01   37.297s
 187000 +2.44171394e+11 +3.11394378e+11  6.72e+10   2.11e+03     6.40e+01   37.467s
 188000 +2.44494754e+11 +3.11484754e+11  6.70e+10   2.09e+03     6.48e+01   37.637s
 189000 +2.44831144e+11 +3.11572028e+11  6.67e+10   2.09e+03     6.43e+01   37.807s
 190000 +2.45069230e+11 +3.12625025e+11  6.76e+10   2.07e+03     2.21e+03   37.979s
 191000 +2.47167632e+11 +3.17363382e+11  7.02e+10   2.02e+03     3.48e+03   38.149s
 192000 +2.53395338e+11 +3.21452906e+11  6.81e+10   1.87e+03     4.72e+03   38.319s
 193000 +2.61300171e+11 +3.24587381e+11  6.33e+10   1.67e+03     4.99e+03   38.490s
 194000 +2.68832527e+11 +3.26507456e+11  5.77e+10   1.42e+03     4.96e+03   38.660s
 195000 +2.75317061e+11 +3.27725470e+11  5.24e+10   1.24e+03     4.61e+03   38.830s
 196000 +2.80656196e+11 +3.28448681e+11  4.78e+10   1.08e+03     4.33e+03   39.000s
 197000 +2.85093154e+11 +3.28907901e+11  4.38e+10   9.77e+02     4.03e+03   39.170s
 198000 +2.88911800e+11 +3.29146587e+11  4.02e+10   8.61e+02     3.79e+03   39.341s
 199000 +2.92156546e+11 +3.29206828e+11  3.71e+10   7.92e+02     3.53e+03   39.511s
 200000 +2.95033059e+11 +3.29227516e+11  3.42e+10   6.98e+02     3.33e+03   39.681s
 201000 +2.97531727e+11 +3.29201663e+11  3.17e+10   6.44e+02     3.13e+03   39.851s
 202000 +2.99670528e+11 +3.29017564e+11  2.93e+10   5.85e+02     2.92e+03   40.021s
 203000 +3.01451498e+11 +3.28845196e+11  2.74e+10   5.49e+02     2.74e+03   40.193s
 204000 +3.03066540e+11 +3.28713347e+11  2.56e+10   5.04e+02     2.59e+03   40.363s
 205000 +3.04448656e+11 +3.28569530e+11  2.41e+10   4.70e+02     2.45e+03   40.533s
 206000 +3.05686878e+11 +3.28402174e+11  2.27e+10   4.36e+02     2.33e+03   40.703s
 207000 +3.06804085e+11 +3.28202180e+11  2.14e+10   4.09e+02     2.20e+03   40.873s
 208000 +3.07744289e+11 +3.28072204e+11  2.03e+10   3.87e+02     2.10e+03   41.043s
 209000 +3.08584707e+11 +3.27852626e+11  1.93e+10   3.76e+02     1.98e+03   41.214s
 210000 +3.09310855e+11 +3.27659151e+11  1.83e+10   3.50e+02     1.88e+03   41.384s
 211000 +3.09901742e+11 +3.26743587e+11  1.68e+10   3.33e+02     1.59e+03   41.556s
 212000 +3.10413667e+11 +3.27252403e+11  1.68e+10   3.22e+02     1.83e+03   41.726s
 213000 +3.11207614e+11 +3.27680377e+11  1.65e+10   3.04e+02     2.10e+03   41.897s
 214000 +3.12244892e+11 +3.27997263e+11  1.58e+10   2.81e+02     2.33e+03   42.067s
 215000 +3.13466467e+11 +3.28275385e+11  1.48e+10   2.57e+02     2.49e+03   42.238s
 216000 +3.14751782e+11 +3.28396259e+11  1.36e+10   2.27e+02     2.55e+03   42.408s
 217000 +3.16032924e+11 +3.28454998e+11  1.24e+10   1.99e+02     2.56e+03   42.578s
 218000 +3.17231740e+11 +3.28357273e+11  1.11e+10   1.73e+02     2.48e+03   42.749s
 219000 +3.18298893e+11 +3.28255675e+11  9.96e+09   1.55e+02     2.39e+03   42.919s
 220000 +3.19259364e+11 +3.28146845e+11  8.89e+09   1.34e+02     2.29e+03   43.089s
 221000 +3.20089868e+11 +3.27967839e+11  7.88e+09   1.19e+02     2.17e+03   43.260s
 222000 +3.20794728e+11 +3.27826359e+11  7.03e+09   1.08e+02     2.06e+03   43.430s
 223000 +3.21392024e+11 +3.27659178e+11  6.27e+09   9.68e+01     1.94e+03   43.601s
 224000 +3.21869860e+11 +3.27492259e+11  5.62e+09   9.01e+01     1.82e+03   43.771s
 225000 +3.22237530e+11 +3.27270535e+11  5.03e+09   8.68e+01     1.72e+03   43.942s
 226000 +3.22542669e+11 +3.27125236e+11  4.58e+09   8.27e+01     1.62e+03   44.112s
 227000 +3.22782717e+11 +3.26965464e+11  4.18e+09   8.09e+01     1.54e+03   44.283s
 228000 +3.22991799e+11 +3.26814853e+11  3.82e+09   7.85e+01     1.46e+03   44.453s
 229000 +3.23153302e+11 +3.26656425e+11  3.50e+09   7.83e+01     1.38e+03   44.624s
 230000 +3.23280363e+11 +3.26560696e+11  3.28e+09   7.71e+01     1.32e+03   44.794s
 231000 +3.23369542e+11 +3.26435535e+11  3.07e+09   7.63e+01     1.27e+03   44.965s
 232000 +3.23439479e+11 +3.26325284e+11  2.89e+09   7.62e+01     1.21e+03   45.135s
 233000 +3.23488279e+11 +3.26204591e+11  2.72e+09   7.56e+01     1.16e+03   45.306s
 234000 +3.23516341e+11 +3.26115374e+11  2.60e+09   7.55e+01     1.11e+03   45.476s
 235000 +3.23528715e+11 +3.26033881e+11  2.51e+09   7.53e+01     1.07e+03   45.647s
 236000 +3.23531661e+11 +3.25922384e+11  2.39e+09   7.52e+01     1.03e+03   45.817s
 237000 +3.23525980e+11 +3.25842570e+11  2.32e+09   7.51e+01     9.99e+02   45.988s
 238000 +3.23516195e+11 +3.25780778e+11  2.26e+09   7.52e+01     9.69e+02   46.158s
 239000 +3.23501557e+11 +3.25719563e+11  2.22e+09   7.51e+01     9.43e+02   46.328s
 240000 +3.23477611e+11 +3.25675491e+11  2.20e+09   7.51e+01     9.19e+02   46.499s
 241000 +3.23455367e+11 +3.25605150e+11  2.15e+09   7.52e+01     8.91e+02   46.670s
 242000 +3.23434285e+11 +3.25539963e+11  2.11e+09   7.53e+01     8.67e+02   46.840s
 243000 +3.23536866e+11 +3.25099176e+11  1.56e+09   7.56e+01     7.41e+02   47.012s
 244000 +3.23793744e+11 +3.24985041e+11  1.19e+09   7.58e+01     6.91e+02   47.182s
 245000 +3.24040734e+11 +3.24886268e+11  8.46e+08   7.63e+01     6.52e+02   47.353s
 246000 +3.24259423e+11 +3.24788577e+11  5.29e+08   7.71e+01     6.13e+02   47.523s
 247000 +3.24454110e+11 +3.24699929e+11  2.46e+08   7.78e+01     5.76e+02   47.694s
 248000 +3.24614560e+11 +3.24605522e+11  9.04e+06   7.86e+01     5.42e+02   47.864s
 249000 +3.24750873e+11 +3.24504763e+11  2.46e+08   7.93e+01     5.01e+02   48.035s
 250000 +3.24859165e+11 +3.24440826e+11  4.18e+08   7.98e+01     4.72e+02   48.205s
 251000 +3.24932658e+11 +3.24372019e+11  5.61e+08   7.98e+01     4.44e+02   48.376s
 252000 +3.24993422e+11 +3.24327898e+11  6.66e+08   8.01e+01     4.22e+02   48.546s
 253000 +3.25039651e+11 +3.24275275e+11  7.64e+08   8.00e+01     4.03e+02   48.717s
 254000 +3.25071940e+11 +3.24234415e+11  8.38e+08   8.06e+01     3.83e+02   48.887s
 255000 +3.25091676e+11 +3.24198727e+11  8.93e+08   8.00e+01     3.68e+02   49.058s
 256000 +3.25106938e+11 +3.24164567e+11  9.42e+08   8.03e+01     3.53e+02   49.228s
 257000 +3.25110880e+11 +3.24135356e+11  9.76e+08   8.06e+01     3.39e+02   49.399s
 258000 +3.25104594e+11 +3.24089528e+11  1.02e+09   8.05e+01     3.21e+02   49.569s
 259000 +3.25093465e+11 +3.24052808e+11  1.04e+09   8.03e+01     3.04e+02   49.740s
 260000 +3.25081589e+11 +3.24022180e+11  1.06e+09   8.02e+01     2.87e+02   49.910s
 261000 +3.25067398e+11 +3.23991021e+11  1.08e+09   8.00e+01     2.73e+02   50.081s
 262000 +3.25049058e+11 +3.23964917e+11  1.08e+09   7.98e+01     2.62e+02   50.251s
 263000 +3.25023254e+11 +3.23946754e+11  1.08e+09   7.97e+01     2.54e+02   50.421s
 264000 +3.24990748e+11 +3.23929483e+11  1.06e+09   7.93e+01     2.43e+02   50.592s
 265000 +3.24984703e+11 +3.23773759e+11  1.21e+09   8.10e+01     1.96e+02   50.764s
 266000 +3.25016974e+11 +3.23745123e+11  1.27e+09   8.02e+01     1.79e+02   50.934s
 267000 +3.25039033e+11 +3.23717266e+11  1.32e+09   8.03e+01     1.66e+02   51.104s
 268000 +3.25047975e+11 +3.23695950e+11  1.35e+09   8.01e+01     1.56e+02   51.275s
 269000 +3.25054139e+11 +3.23675094e+11  1.38e+09   8.07e+01     1.44e+02   51.445s
 270000 +3.25061131e+11 +3.23652255e+11  1.41e+09   8.08e+01     1.32e+02   51.616s
 271000 +3.25062993e+11 +3.23643716e+11  1.42e+09   8.03e+01     1.26e+02   51.786s
 272000 +3.25063912e+11 +3.23627191e+11  1.44e+09   8.05e+01     1.19e+02   51.957s
 273000 +3.25059604e+11 +3.23614857e+11  1.44e+09   8.08e+01     1.12e+02   52.127s
 274000 +3.25047101e+11 +3.23609216e+11  1.44e+09   8.02e+01     1.06e+02   52.298s
 275000 +3.25027400e+11 +3.23594968e+11  1.43e+09   7.97e+01     1.00e+02   52.468s
 276000 +3.25008321e+11 +3.23588219e+11  1.42e+09   7.98e+01     9.54e+01   52.638s
 277000 +3.24986265e+11 +3.23583614e+11  1.40e+09   7.97e+01     9.21e+01   52.809s
 278000 +3.24987958e+11 +3.23532534e+11  1.46e+09   7.99e+01     6.63e+01   52.982s
 279000 +3.24979739e+11 +3.23527301e+11  1.45e+09   7.95e+01     6.03e+01   53.152s
 280000 +3.24973102e+11 +3.23520468e+11  1.45e+09   7.96e+01     5.41e+01   53.323s
 281000 +3.24965090e+11 +3.23513253e+11  1.45e+09   7.95e+01     5.02e+01   53.493s
 282000 +3.24955219e+11 +3.23512782e+11  1.44e+09   7.96e+01     4.69e+01   53.664s
 283000 +3.24939691e+11 +3.23505883e+11  1.43e+09   7.99e+01     4.22e+01   53.834s
 284000 +3.24920210e+11 +3.23505207e+11  1.42e+09   7.90e+01     3.99e+01   54.004s
 285000 +3.24905523e+11 +3.23503781e+11  1.40e+09   7.91e+01     3.73e+01   54.175s
 286000 +3.24891485e+11 +3.23502586e+11  1.39e+09   7.88e+01     3.59e+01   54.345s
 287000 +3.24875998e+11 +3.23499490e+11  1.38e+09   7.88e+01     3.19e+01   54.515s
 288000 +3.24852104e+11 +3.23488537e+11  1.36e+09   7.87e+01     2.30e+01   54.688s
 289000 +3.24834097e+11 +3.23487473e+11  1.35e+09   7.84e+01     2.08e+01   54.858s
 290000 +3.24820754e+11 +3.23486336e+11  1.33e+09   7.82e+01     1.86e+01   55.029s
 291000 +3.24805018e+11 +3.23485275e+11  1.32e+09   7.82e+01     1.71e+01   55.199s
 292000 +3.24789794e+11 +3.23484209e+11  1.31e+09   7.80e+01     1.59e+01   55.369s
 293000 +3.24777289e+11 +3.23483902e+11  1.29e+09   7.80e+01     1.48e+01   55.539s
 294000 +3.24768548e+11 +3.23482897e+11  1.29e+09   7.80e+01     1.31e+01   55.709s
 295000 +3.24761409e+11 +3.23483049e+11  1.28e+09   7.81e+01     1.23e+01   55.880s
 296000 +3.24755858e+11 +3.23482897e+11  1.27e+09   7.79e+01     1.17e+01   56.050s
 297000 +3.24747231e+11 +3.23480879e+11  1.27e+09   7.75e+01     8.65e+00   56.222s
 298000 +3.24737912e+11 +3.23480676e+11  1.26e+09   7.75e+01     7.95e+00   56.392s
 299000 +3.24733270e+11 +3.23480371e+11  1.25e+09   7.75e+01     7.28e+00   56.563s
 300000 +3.24732686e+11 +3.23480297e+11  1.25e+09   7.75e+01     6.69e+00   56.733s
 301000 +3.24734133e+11 +3.23480526e+11  1.25e+09   7.74e+01     6.23e+00   56.903s
 302000 +3.24738263e+11 +3.23480406e+11  1.26e+09   7.75e+01     5.77e+00   57.073s
 303000 +3.24742689e+11 +3.23480248e+11  1.26e+09   7.75e+01     5.31e+00   57.243s
 304000 +3.24745464e+11 +3.23480166e+11  1.27e+09   7.74e+01     5.06e+00   57.413s
 305000 +3.24746130e+11 +3.23479888e+11  1.27e+09   7.72e+01     3.93e+00   57.585s
 306000 +3.24745463e+11 +3.23479704e+11  1.27e+09   7.73e+01     3.42e+00   57.755s
 307000 +3.24745730e+11 +3.23479694e+11  1.27e+09   7.73e+01     3.19e+00   57.925s
 308000 +3.24747673e+11 +3.23479692e+11  1.27e+09   7.73e+01     2.94e+00   58.095s
 309000 +3.24748921e+11 +3.23479536e+11  1.27e+09   7.73e+01     2.72e+00   58.265s
 310000 +3.24747375e+11 +3.23479472e+11  1.27e+09   7.73e+01     2.55e+00   58.436s
 311000 +3.24747680e+11 +3.23479510e+11  1.27e+09   7.72e+01     2.27e+00   58.608s
 312000 +3.24747872e+11 +3.23479505e+11  1.27e+09   7.71e+01     2.24e+00   58.779s
 313000 +3.24746671e+11 +3.23479473e+11  1.27e+09   7.72e+01     2.18e+00   58.957s
 314000 +3.24744856e+11 +3.23479469e+11  1.27e+09   7.72e+01     2.09e+00   59.144s
 315000 +3.24743713e+11 +3.23479147e+11  1.26e+09   7.71e+01     1.07e+00   59.342s
 316000 +3.24742079e+11 +3.23479115e+11  1.26e+09   7.71e+01     1.03e+00   59.537s
 317000 +3.24738176e+11 +3.23479011e+11  1.26e+09   7.71e+01     8.71e-01   59.736s
 318000 +3.24733620e+11 +3.23478992e+11  1.25e+09   7.71e+01     1.11e+00   59.939s
 319000 +3.24730761e+11 +3.23478949e+11  1.25e+09   7.70e+01     1.12e+00   60.148s
 320000 +3.24726995e+11 +3.23478879e+11  1.25e+09   7.70e+01     1.01e+00   60.346s
 321000 +3.24721231e+11 +3.23478890e+11  1.24e+09   7.69e+01     1.00e+00   60.552s
 322000 +3.24715781e+11 +3.23478897e+11  1.24e+09   7.68e+01     1.00e+00   60.764s
 323000 +3.24711122e+11 +3.23478911e+11  1.23e+09   7.68e+01     1.01e+00   60.971s
 324000 +3.24706593e+11 +3.23478921e+11  1.23e+09   7.67e+01     9.98e-01   61.180s
 325000 +3.24702240e+11 +3.23478964e+11  1.22e+09   7.67e+01     9.75e-01   61.384s
 326000 +3.24700522e+11 +3.23479041e+11  1.22e+09   7.67e+01     9.39e-01   61.587s
 327000 +3.24700292e+11 +3.23478993e+11  1.22e+09   7.67e+01     9.24e-01   61.792s
 328000 +3.24698287e+11 +3.23478944e+11  1.22e+09   7.66e+01     9.45e-01   61.993s
 329000 +3.24695679e+11 +3.23479002e+11  1.22e+09   7.67e+01     9.35e-01   62.194s
 330000 +3.24694387e+11 +3.23479050e+11  1.22e+09   7.67e+01     9.14e-01   62.371s
 331000 +3.24693609e+11 +3.23479082e+11  1.21e+09   7.67e+01     9.14e-01   62.554s
 332000 +3.24693726e+11 +3.23479143e+11  1.21e+09   7.66e+01     9.14e-01   62.751s
 333000 +3.24694986e+11 +3.23479137e+11  1.22e+09   7.67e+01     9.05e-01   62.949s
 334000 +3.24695503e+11 +3.23479122e+11  1.22e+09   7.67e+01     9.01e-01   63.150s
 335000 +3.24694840e+11 +3.23479077e+11  1.22e+09   7.66e+01     9.01e-01   63.360s
 336000 +3.24692569e+11 +3.23479068e+11  1.21e+09   7.66e+01     9.10e-01   63.564s
 337000 +3.24689025e+11 +3.23479051e+11  1.21e+09   7.66e+01     9.20e-01   63.766s
 338000 +3.24684559e+11 +3.23479036e+11  1.21e+09   7.66e+01     9.26e-01   63.968s
 339000 +3.24680384e+11 +3.23479078e+11  1.20e+09   7.66e+01     9.05e-01   64.142s
 340000 +3.24677617e+11 +3.23479107e+11  1.20e+09   7.66e+01     8.93e-01   64.311s
 341000 +3.24676775e+11 +3.23479143e+11  1.20e+09   7.66e+01     8.90e-01   64.481s
 342000 +3.24676834e+11 +3.23479158e+11  1.20e+09   7.65e+01     8.88e-01   64.650s
 343000 +3.24676636e+11 +3.23479182e+11  1.20e+09   7.65e+01     8.92e-01   64.820s
 344000 +3.24675818e+11 +3.23479175e+11  1.20e+09   7.66e+01     8.87e-01   64.990s
 345000 +3.24675071e+11 +3.23479161e+11  1.20e+09   7.66e+01     8.80e-01   65.159s
 346000 +3.24673560e+11 +3.23479159e+11  1.19e+09   7.66e+01     8.84e-01   65.329s
 347000 +3.24672438e+11 +3.23479200e+11  1.19e+09   7.66e+01     8.90e-01   65.498s
 348000 +3.24671803e+11 +3.23479208e+11  1.19e+09   7.66e+01     8.92e-01   65.668s
 349000 +3.24671479e+11 +3.23479221e+11  1.19e+09   7.66e+01     8.79e-01   65.837s
 350000 +3.24669983e+11 +3.23479213e+11  1.19e+09   7.65e+01     8.81e-01   66.007s
 351000 +3.24668430e+11 +3.23479215e+11  1.19e+09   7.65e+01     8.88e-01   66.177s
 352000 +3.24666848e+11 +3.23479231e+11  1.19e+09   7.65e+01     8.97e-01   66.346s
 353000 +3.24663919e+11 +3.23479229e+11  1.18e+09   7.65e+01     9.04e-01   66.516s
 354000 +3.24661069e+11 +3.23479238e+11  1.18e+09   7.65e+01     8.99e-01   66.685s
 355000 +3.24659512e+11 +3.23479265e+11  1.18e+09   7.65e+01     9.00e-01   66.855s
 356000 +3.24658004e+11 +3.23479249e+11  1.18e+09   7.65e+01     9.32e-01   67.024s
 357000 +3.24654051e+11 +3.23479178e+11  1.17e+09   7.64e+01     9.53e-01   67.194s
 358000 +3.24646903e+11 +3.23479092e+11  1.17e+09   7.64e+01     9.75e-01   67.364s
 359000 +3.24637850e+11 +3.23479144e+11  1.16e+09   7.64e+01     9.61e-01   67.533s
 360000 +3.24631466e+11 +3.23479207e+11  1.15e+09   7.64e+01     9.62e-01   67.703s
 361000 +3.24629898e+11 +3.23479276e+11  1.15e+09   7.64e+01     9.37e-01   67.873s
 362000 +3.24629561e+11 +3.23479329e+11  1.15e+09   7.64e+01     9.33e-01   68.043s
 363000 +3.24633554e+11 +3.23479458e+11  1.15e+09   7.63e+01     9.34e-01   68.212s
 364000 +3.24635171e+11 +3.23479296e+11  1.16e+09   7.63e+01     9.20e-01   68.382s
 365000 +3.24633535e+11 +3.23479299e+11  1.15e+09   7.62e+01     9.28e-01   68.552s
 366000 +3.24631125e+11 +3.23479322e+11  1.15e+09   7.63e+01     9.32e-01   68.722s
 367000 +3.24630077e+11 +3.23479302e+11  1.15e+09   7.63e+01     9.28e-01   68.892s
 368000 +3.24630107e+11 +3.23479380e+11  1.15e+09   7.63e+01     9.19e-01   69.062s
 369000 +3.24630444e+11 +3.23479389e+11  1.15e+09   7.63e+01     9.06e-01   69.232s
 370000 +3.24632791e+11 +3.23479473e+11  1.15e+09   7.63e+01     9.22e-01   69.402s
 371000 +3.24636403e+11 +3.23479425e+11  1.16e+09   7.63e+01     9.13e-01   69.572s
 372000 +3.24636642e+11 +3.23479391e+11  1.16e+09   7.64e+01     9.10e-01   69.741s
 373000 +3.24635129e+11 +3.23479399e+11  1.16e+09   7.63e+01     9.12e-01   69.911s
 374000 +3.24632890e+11 +3.23479313e+11  1.15e+09   7.63e+01     9.12e-01   70.081s
 375000 +3.24630106e+11 +3.23479376e+11  1.15e+09   7.63e+01     9.09e-01   70.251s
 376000 +3.24628450e+11 +3.23479436e+11  1.15e+09   7.63e+01     9.06e-01   70.421s
 377000 +3.24630405e+11 +3.23479519e+11  1.15e+09   7.63e+01     8.99e-01   70.591s
 378000 +3.24632808e+11 +3.23479449e+11  1.15e+09   7.63e+01     8.94e-01   70.761s
 379000 +3.24632177e+11 +3.23479420e+11  1.15e+09   7.63e+01     8.97e-01   70.931s
 380000 +3.24631829e+11 +3.23479445e+11  1.15e+09   7.63e+01     8.95e-01   71.101s
 381000 +3.24631788e+11 +3.23479467e+11  1.15e+09   7.63e+01     8.94e-01   71.271s
 382000 +3.24632183e+11 +3.23479497e+11  1.15e+09   7.63e+01     8.95e-01   71.441s
 383000 +3.24632593e+11 +3.23479510e+11  1.15e+09   7.63e+01     8.93e-01   71.611s
 384000 +3.24633525e+11 +3.23479471e+11  1.15e+09   7.63e+01     8.90e-01   71.781s
 385000 +3.24633634e+11 +3.23479452e+11  1.15e+09   7.63e+01     8.87e-01   71.950s
 386000 +3.24632063e+11 +3.23479487e+11  1.15e+09   7.63e+01     8.86e-01   72.121s
 387000 +3.24631403e+11 +3.23479539e+11  1.15e+09   7.63e+01     8.84e-01   72.291s
 388000 +3.24631399e+11 +3.23479505e+11  1.15e+09   7.63e+01     8.84e-01   72.460s
 389000 +3.24630671e+11 +3.23479525e+11  1.15e+09   7.63e+01     8.83e-01   72.630s
 390000 +3.24630311e+11 +3.23479488e+11  1.15e+09   7.63e+01     8.83e-01   72.800s
 391000 +3.24630972e+11 +3.23479528e+11  1.15e+09   7.63e+01     8.83e-01   72.970s
 392000 +3.24631656e+11 +3.23479552e+11  1.15e+09   7.63e+01     8.78e-01   73.141s
 393000 +3.24631439e+11 +3.23479559e+11  1.15e+09   7.63e+01     8.80e-01   73.311s
 394000 +3.24631642e+11 +3.23479573e+11  1.15e+09   7.64e+01     8.76e-01   73.481s
 395000 +3.24632808e+11 +3.23479566e+11  1.15e+09   7.63e+01     8.73e-01   73.651s
 396000 +3.24632506e+11 +3.23479554e+11  1.15e+09   7.63e+01     8.80e-01   73.821s
 397000 +3.24631523e+11 +3.23479561e+11  1.15e+09   7.63e+01     8.80e-01   73.991s
 398000 +3.24628725e+11 +3.23479521e+11  1.15e+09   7.63e+01     8.82e-01   74.161s
 399000 +3.24625923e+11 +3.23479516e+11  1.15e+09   7.63e+01     8.82e-01   74.330s
 400000 +3.24624499e+11 +3.23479613e+11  1.14e+09   7.63e+01     8.86e-01   74.500s
 401000 +3.24623307e+11 +3.23479602e+11  1.14e+09   7.63e+01     8.93e-01   74.670s
 402000 +3.24622235e+11 +3.23479587e+11  1.14e+09   7.62e+01     8.86e-01   74.841s
 403000 +3.24620193e+11 +3.23479588e+11  1.14e+09   7.63e+01     8.90e-01   75.010s
 404000 +3.24618751e+11 +3.23479595e+11  1.14e+09   7.62e+01     8.87e-01   75.180s
 405000 +3.24618431e+11 +3.23479632e+11  1.14e+09   7.62e+01     8.90e-01   75.350s
 406000 +3.24617984e+11 +3.23479663e+11  1.14e+09   7.62e+01     9.03e-01   75.520s
 407000 +3.24615129e+11 +3.23479568e+11  1.14e+09   7.62e+01     9.16e-01   75.690s
 408000 +3.24608591e+11 +3.23479546e+11  1.13e+09   7.62e+01     9.20e-01   75.860s
 409000 +3.24601941e+11 +3.23479544e+11  1.12e+09   7.62e+01     9.12e-01   76.030s
 410000 +3.24596965e+11 +3.23479543e+11  1.12e+09   7.62e+01     9.09e-01   76.200s
 411000 +3.24592849e+11 +3.23479537e+11  1.11e+09   7.61e+01     9.16e-01   76.370s
 412000 +3.24591120e+11 +3.23479669e+11  1.11e+09   7.61e+01     9.30e-01   76.540s
 413000 +3.24592692e+11 +3.23479743e+11  1.11e+09   7.61e+01     9.10e-01   76.710s
 414000 +3.24594843e+11 +3.23479681e+11  1.12e+09   7.61e+01     8.94e-01   76.880s
 415000 +3.24594876e+11 +3.23479722e+11  1.12e+09   7.61e+01     9.12e-01   77.050s
 416000 +3.24593753e+11 +3.23479682e+11  1.11e+09   7.62e+01     9.21e-01   77.220s
 417000 +3.24591800e+11 +3.23479654e+11  1.11e+09   7.60e+01     9.04e-01   77.390s
 418000 +3.24589980e+11 +3.23479701e+11  1.11e+09   7.61e+01     9.03e-01   77.560s
 419000 +3.24590414e+11 +3.23479758e+11  1.11e+09   7.61e+01     9.06e-01   77.730s
 420000 +3.24592457e+11 +3.23479717e+11  1.11e+09   7.61e+01     9.03e-01   77.900s
 421000 +3.24594157e+11 +3.23479780e+11  1.11e+09   7.61e+01     8.98e-01   78.070s
 422000 +3.24595774e+11 +3.23479782e+11  1.12e+09   7.61e+01     8.97e-01   78.240s
 423000 +3.24595768e+11 +3.23479736e+11  1.12e+09   7.61e+01     9.13e-01   78.410s
 424000 +3.24593240e+11 +3.23479771e+11  1.11e+09   7.60e+01     9.07e-01   78.580s
 425000 +3.24590585e+11 +3.23479707e+11  1.11e+09   7.62e+01     9.06e-01   78.750s
 426000 +3.24586781e+11 +3.23479676e+11  1.11e+09   7.61e+01     9.04e-01   78.920s
 427000 +3.24583662e+11 +3.23479706e+11  1.10e+09   7.60e+01     8.90e-01   79.090s
 428000 +3.24582928e+11 +3.23479775e+11  1.10e+09   7.61e+01     8.96e-01   79.260s
 429000 +3.24585786e+11 +3.23479871e+11  1.11e+09   7.61e+01     9.05e-01   79.430s
 430000 +3.24590035e+11 +3.23479845e+11  1.11e+09   7.60e+01     8.98e-01   79.600s
 431000 +3.24591569e+11 +3.23479812e+11  1.11e+09   7.60e+01     9.03e-01   79.769s
 432000 +3.24590810e+11 +3.23479696e+11  1.11e+09   7.61e+01     9.05e-01   79.939s
 433000 +3.24583947e+11 +3.23479618e+11  1.10e+09   7.61e+01     9.22e-01   80.109s
 434000 +3.24574766e+11 +3.23479606e+11  1.10e+09   7.59e+01     9.51e-01   80.278s
 435000 +3.24565035e+11 +3.23479659e+11  1.09e+09   7.60e+01     9.61e-01   80.448s
 436000 +3.24561505e+11 +3.23479900e+11  1.08e+09   7.60e+01     9.09e-01   80.618s
 437000 +3.24564232e+11 +3.23479919e+11  1.08e+09   7.60e+01     9.23e-01   80.788s
 438000 +3.24568018e+11 +3.23479913e+11  1.09e+09   7.60e+01     9.17e-01   80.957s
 439000 +3.24570907e+11 +3.23479843e+11  1.09e+09   7.61e+01     9.15e-01   81.127s
 440000 +3.24571323e+11 +3.23479780e+11  1.09e+09   7.60e+01     9.20e-01   81.297s
 441000 +3.24566943e+11 +3.23479771e+11  1.09e+09   7.60e+01     9.29e-01   81.467s
 442000 +3.24566014e+11 +3.23479843e+11  1.09e+09   7.60e+01     9.27e-01   81.637s
 443000 +3.24564172e+11 +3.23479834e+11  1.08e+09   7.61e+01     9.34e-01   81.806s
 444000 +3.24560792e+11 +3.23479835e+11  1.08e+09   7.60e+01     9.31e-01   81.976s
 445000 +3.24557638e+11 +3.23479823e+11  1.08e+09   7.60e+01     9.41e-01   82.146s
 446000 +3.24552409e+11 +3.23479690e+11  1.07e+09   7.59e+01     9.31e-01   82.315s
 447000 +3.24546559e+11 +3.23479824e+11  1.07e+09   7.59e+01     9.41e-01   82.485s
 448000 +3.24546971e+11 +3.23479969e+11  1.07e+09   7.59e+01     9.29e-01   82.654s
 449000 +3.24551040e+11 +3.23479964e+11  1.07e+09   7.59e+01     9.30e-01   82.824s
 450000 +3.24552656e+11 +3.23479899e+11  1.07e+09   7.60e+01     9.34e-01   82.994s
 451000 +3.24551743e+11 +3.23479855e+11  1.07e+09   7.60e+01     9.21e-01   83.163s
 452000 +3.24550131e+11 +3.23479867e+11  1.07e+09   7.59e+01     9.43e-01   83.333s
 453000 +3.24547517e+11 +3.23479901e+11  1.07e+09   7.59e+01     9.31e-01   83.503s
 454000 +3.24545267e+11 +3.23480007e+11  1.07e+09   7.60e+01     9.37e-01   83.672s
 455000 +3.24547316e+11 +3.23479972e+11  1.07e+09   7.60e+01     9.41e-01   83.842s
 456000 +3.24552325e+11 +3.23480073e+11  1.07e+09   7.60e+01     9.16e-01   84.012s
 457000 +3.24553006e+11 +3.23479923e+11  1.07e+09   7.60e+01     9.25e-01   84.181s
 458000 +3.24550405e+11 +3.23479874e+11  1.07e+09   7.59e+01     9.29e-01   84.351s
 459000 +3.24548805e+11 +3.23479922e+11  1.07e+09   7.59e+01     9.24e-01   84.521s
 460000 +3.24549312e+11 +3.23480033e+11  1.07e+09   7.59e+01     9.18e-01   84.690s
 461000 +3.24549506e+11 +3.23479979e+11  1.07e+09   7.59e+01     9.24e-01   84.860s
 462000 +3.24548392e+11 +3.23479949e+11  1.07e+09   7.59e+01     9.20e-01   85.030s
 463000 +3.24545764e+11 +3.23479887e+11  1.07e+09   7.59e+01     9.40e-01   85.200s
 464000 +3.24539956e+11 +3.23479855e+11  1.06e+09   7.58e+01     9.58e-01   85.370s
 465000 +3.24532545e+11 +3.23479928e+11  1.05e+09   7.59e+01     9.54e-01   85.539s
 466000 +3.24529178e+11 +3.23480012e+11  1.05e+09   7.58e+01     9.24e-01   85.709s
 467000 +3.24529199e+11 +3.23479604e+11  1.05e+09   7.57e+01     2.86e+01   85.880s
 468000 +3.24526708e+11 +3.23476214e+11  1.05e+09   7.57e+01     2.85e+01   86.050s
 469000 +3.24520563e+11 +3.23472944e+11  1.05e+09   7.57e+01     2.91e+01   86.219s
 470000 +3.24511049e+11 +3.23469265e+11  1.04e+09   7.57e+01     3.03e+01   86.389s
 471000 +3.24498697e+11 +3.23467327e+11  1.03e+09   7.56e+01     3.17e+01   86.559s
 472000 +3.24485550e+11 +3.23466071e+11  1.02e+09   7.56e+01     3.23e+01   86.728s
 473000 +3.24471958e+11 +3.23464390e+11  1.01e+09   7.55e+01     3.34e+01   86.898s
 474000 +3.24455410e+11 +3.23463280e+11  9.92e+08   7.54e+01     3.48e+01   87.068s
 475000 +3.24438906e+11 +3.23462978e+11  9.76e+08   7.54e+01     3.47e+01   87.237s
 476000 +3.24420993e+11 +3.23459011e+11  9.62e+08   7.53e+01     3.66e+01   87.407s
 477000 +3.24399863e+11 +3.23458224e+11  9.42e+08   7.52e+01     3.83e+01   87.577s
 478000 +3.24376688e+11 +3.23455761e+11  9.21e+08   7.51e+01     3.97e+01   87.746s
 479000 +3.24350764e+11 +3.23454021e+11  8.97e+08   7.50e+01     4.12e+01   87.916s
 480000 +3.24323817e+11 +3.23454347e+11  8.69e+08   7.49e+01     4.20e+01   88.086s
 481000 +3.24296745e+11 +3.23453727e+11  8.43e+08   7.48e+01     4.27e+01   88.256s
 482000 +3.24271697e+11 +3.23456683e+11  8.15e+08   7.48e+01     4.20e+01   88.426s
 483000 +3.24250713e+11 +3.23459181e+11  7.92e+08   7.47e+01     4.11e+01   88.596s
 484000 +3.24232201e+11 +3.23457699e+11  7.75e+08   7.46e+01     4.05e+01   88.766s
 485000 +3.24213034e+11 +3.23456100e+11  7.57e+08   7.46e+01     4.11e+01   88.936s
 486000 +3.24193400e+11 +3.23458310e+11  7.35e+08   7.45e+01     4.17e+01   89.106s
 487000 +3.24173719e+11 +3.23458636e+11  7.15e+08   7.45e+01     4.14e+01   89.276s
 488000 +3.24155543e+11 +3.23458637e+11  6.97e+08   7.45e+01     4.10e+01   89.446s
 489000 +3.24139591e+11 +3.23462189e+11  6.77e+08   7.45e+01     3.99e+01   89.616s
 490000 +3.24123144e+11 +3.23458641e+11  6.65e+08   7.44e+01     3.87e+01   89.786s
 491000 +3.24109052e+11 +3.23459825e+11  6.49e+08   7.43e+01     3.80e+01   89.956s
 492000 +3.24097937e+11 +3.23466107e+11  6.32e+08   7.43e+01     3.72e+01   90.126s
 493000 +3.24088342e+11 +3.23463422e+11  6.25e+08   7.43e+01     3.66e+01   90.296s
 494000 +3.24076471e+11 +3.23462821e+11  6.14e+08   7.43e+01     3.69e+01   90.466s
 495000 +3.24065256e+11 +3.23466016e+11  5.99e+08   7.43e+01     3.60e+01   90.636s
 496000 +3.24056268e+11 +3.23465049e+11  5.91e+08   7.43e+01     3.58e+01   90.805s
 497000 +3.24047496e+11 +3.23465834e+11  5.82e+08   7.42e+01     3.49e+01   90.975s
 498000 +3.24039653e+11 +3.23468277e+11  5.71e+08   7.42e+01     3.47e+01   91.145s
 499000 +3.24033536e+11 +3.23465090e+11  5.68e+08   7.42e+01     5.79e+01   91.317s
 500000 +3.24026406e+11 +3.23461743e+11  5.65e+08   7.42e+01     5.85e+01   91.486s
 501000 +3.24018100e+11 +3.23459480e+11  5.59e+08   7.41e+01     5.95e+01   91.656s
 502000 +3.24008901e+11 +3.23457046e+11  5.52e+08   7.41e+01     6.05e+01   91.826s
 503000 +3.23998801e+11 +3.23454267e+11  5.45e+08   7.41e+01     6.17e+01   91.996s
 504000 +3.23988095e+11 +3.23453061e+11  5.35e+08   7.41e+01     6.25e+01   92.166s
 505000 +3.23976928e+11 +3.23452043e+11  5.25e+08   7.40e+01     6.33e+01   92.336s
 506000 +3.23965603e+11 +3.23451704e+11  5.14e+08   7.40e+01     6.40e+01   92.506s
 507000 +3.23954026e+11 +3.23450733e+11  5.03e+08   7.40e+01     6.45e+01   92.676s
 508000 +3.23942793e+11 +3.23451620e+11  4.91e+08   7.40e+01     6.44e+01   92.846s
 509000 +3.23930722e+11 +3.23447890e+11  4.83e+08   7.40e+01     6.49e+01   93.016s
 510000 +3.23918945e+11 +3.23449663e+11  4.69e+08   7.40e+01     6.44e+01   93.186s
 511000 +3.23908147e+11 +3.23451946e+11  4.56e+08   7.40e+01     6.39e+01   93.356s
 512000 +3.23897975e+11 +3.23453624e+11  4.44e+08   7.40e+01     6.37e+01   93.526s
 513000 +3.23888250e+11 +3.23453994e+11  4.34e+08   7.40e+01     6.36e+01   93.696s
 514000 +3.23878123e+11 +3.23451232e+11  4.27e+08   7.40e+01     6.36e+01   93.866s
 515000 +3.23867777e+11 +3.23450822e+11  4.17e+08   7.39e+01     6.35e+01   94.036s
 516000 +3.23857371e+11 +3.23451698e+11  4.06e+08   7.39e+01     6.34e+01   94.206s
 517000 +3.23846858e+11 +3.23451997e+11  3.95e+08   7.39e+01     6.35e+01   94.376s
 518000 +3.23836671e+11 +3.23453964e+11  3.83e+08   7.39e+01     6.24e+01   94.552s
 519000 +3.23828770e+11 +3.23458195e+11  3.71e+08   7.39e+01     6.10e+01   94.737s
 520000 +3.23821981e+11 +3.23457729e+11  3.64e+08   7.39e+01     6.05e+01   94.935s
 521000 +3.23815014e+11 +3.23458817e+11  3.56e+08   7.39e+01     6.01e+01   95.134s
 522000 +3.23809034e+11 +3.23460991e+11  3.48e+08   7.39e+01     5.90e+01   95.334s
 523000 +3.23804149e+11 +3.23463163e+11  3.41e+08   7.39e+01     5.86e+01   95.527s
 524000 +3.23801048e+11 +3.23466675e+11  3.34e+08   7.39e+01     5.79e+01   95.725s
 525000 +3.23798699e+11 +3.23465433e+11  3.33e+08   7.39e+01     5.75e+01   95.927s
 526000 +3.23796289e+11 +3.23466412e+11  3.30e+08   7.39e+01     5.73e+01   96.130s
 527000 +3.23794090e+11 +3.23468483e+11  3.26e+08   7.39e+01     1.19e+02   96.341s
 528000 +3.23791853e+11 +3.23468010e+11  3.24e+08   7.39e+01     1.19e+02   96.537s
 529000 +3.23789603e+11 +3.23468339e+11  3.21e+08   7.39e+01     1.19e+02   96.740s
 530000 +3.23787301e+11 +3.23468410e+11  3.19e+08   7.39e+01     1.19e+02   96.953s
 531000 +3.23785011e+11 +3.23468171e+11  3.17e+08   7.39e+01     1.19e+02   97.164s
 532000 +3.23782748e+11 +3.23468372e+11  3.14e+08   7.39e+01     1.19e+02   97.373s
 533000 +3.23780494e+11 +3.23468483e+11  3.12e+08   7.39e+01     1.19e+02   97.577s
 534000 +3.23778372e+11 +3.23470249e+11  3.08e+08   7.39e+01     1.19e+02   97.779s
 535000 +3.23776496e+11 +3.23470557e+11  3.06e+08   7.39e+01     1.18e+02   97.977s
 536000 +3.23774671e+11 +3.23470775e+11  3.04e+08   7.39e+01     1.18e+02   98.174s
 537000 +3.23772823e+11 +3.23471130e+11  3.02e+08   7.39e+01     1.18e+02   98.351s
 538000 +3.23771079e+11 +3.23471900e+11  2.99e+08   7.39e+01     1.18e+02   98.521s
 539000 +3.23769408e+11 +3.23472146e+11  2.97e+08   7.39e+01     1.18e+02   98.691s
 540000 +3.23767864e+11 +3.23473073e+11  2.95e+08   7.39e+01     1.18e+02   98.861s
 541000 +3.23766442e+11 +3.23473928e+11  2.93e+08   7.39e+01     1.18e+02   99.031s
 542000 +3.23765128e+11 +3.23473810e+11  2.91e+08   7.39e+01     1.18e+02   99.200s
 543000 +3.23763928e+11 +3.23474974e+11  2.89e+08   7.39e+01     1.18e+02   99.370s
 544000 +3.23762895e+11 +3.23476090e+11  2.87e+08   7.39e+01     1.18e+02   99.539s
 545000 +3.23762016e+11 +3.23476647e+11  2.85e+08   7.39e+01     1.18e+02   99.709s
 546000 +3.23761289e+11 +3.23477670e+11  2.84e+08   7.39e+01     1.18e+02   99.879s
 547000 +3.23760741e+11 +3.23478804e+11  2.82e+08   7.39e+01     1.18e+02   100.048s
 548000 +3.23760360e+11 +3.23479635e+11  2.81e+08   7.39e+01     1.18e+02   100.218s
 549000 +3.23760122e+11 +3.23480319e+11  2.80e+08   7.39e+01     1.18e+02   100.394s
 550000 +3.23760022e+11 +3.23481211e+11  2.79e+08   7.39e+01     1.18e+02   100.579s
 551000 +3.23760079e+11 +3.23482058e+11  2.78e+08   7.39e+01     1.18e+02   100.775s
 552000 +3.23760277e+11 +3.23482810e+11  2.77e+08   7.39e+01     1.17e+02   100.976s
 553000 +3.23760578e+11 +3.23483055e+11  2.78e+08   7.39e+01     1.17e+02   101.188s
 554000 +3.23760963e+11 +3.23484036e+11  2.77e+08   7.39e+01     1.17e+02   101.399s
 555000 +3.23761470e+11 +3.23484805e+11  2.77e+08   7.39e+01     1.17e+02   101.602s
 556000 +3.23762070e+11 +3.23485375e+11  2.77e+08   7.39e+01     1.17e+02   101.809s
 557000 +3.23762739e+11 +3.23485913e+11  2.77e+08   7.39e+01     1.17e+02   102.018s
 558000 +3.23763483e+11 +3.23486646e+11  2.77e+08   7.39e+01     1.17e+02   102.221s
 559000 +3.23764295e+11 +3.23487096e+11  2.77e+08   7.39e+01     1.17e+02   102.417s
 560000 +3.23765191e+11 +3.23487854e+11  2.77e+08   7.39e+01     1.17e+02   102.624s
 561000 +3.23766148e+11 +3.23488283e+11  2.78e+08   7.39e+01     1.17e+02   102.825s
 562000 +3.23767151e+11 +3.23488554e+11  2.79e+08   7.39e+01     1.17e+02   103.028s
 563000 +3.23768185e+11 +3.23488856e+11  2.79e+08   7.39e+01     1.17e+02   103.241s
 564000 +3.23769256e+11 +3.23489325e+11  2.80e+08   7.39e+01     1.17e+02   103.451s
 565000 +3.23770301e+11 +3.23489527e+11  2.81e+08   7.39e+01     1.17e+02   103.653s
 566000 +3.23771327e+11 +3.23489642e+11  2.82e+08   7.39e+01     1.17e+02   103.849s
 567000 +3.23772343e+11 +3.23489754e+11  2.83e+08   7.39e+01     1.17e+02   104.038s
 568000 +3.23773354e+11 +3.23490256e+11  2.83e+08   7.39e+01     1.17e+02   104.231s
 569000 +3.23774342e+11 +3.23490359e+11  2.84e+08   7.39e+01     1.17e+02   104.426s
 570000 +3.23775285e+11 +3.23490260e+11  2.85e+08   7.39e+01     1.17e+02   104.599s
 571000 +3.23776178e+11 +3.23490412e+11  2.86e+08   7.39e+01     1.17e+02   104.769s
 572000 +3.23777009e+11 +3.23490495e+11  2.87e+08   7.39e+01     1.17e+02   104.939s
 573000 +3.23777775e+11 +3.23490500e+11  2.87e+08   7.39e+01     1.17e+02   105.109s
 574000 +3.23778463e+11 +3.23490297e+11  2.88e+08   7.39e+01     1.17e+02   105.279s
 575000 +3.23779056e+11 +3.23489994e+11  2.89e+08   7.39e+01     1.17e+02   105.449s
 576000 +3.23779489e+11 +3.23489541e+11  2.90e+08   7.39e+01     1.17e+02   105.618s
 577000 +3.23779766e+11 +3.23489206e+11  2.91e+08   7.39e+01     1.17e+02   105.788s
 578000 +3.23779933e+11 +3.23489186e+11  2.91e+08   7.39e+01     1.17e+02   105.958s
 579000 +3.23780030e+11 +3.23489066e+11  2.91e+08   7.39e+01     1.17e+02   106.128s
 580000 +3.23780057e+11 +3.23489080e+11  2.91e+08   7.39e+01     1.17e+02   106.298s
 581000 +3.23780010e+11 +3.23488923e+11  2.91e+08   7.39e+01     1.17e+02   106.468s
 582000 +3.23779893e+11 +3.23489167e+11  2.91e+08   7.39e+01     1.17e+02   106.637s
 583000 +3.23779708e+11 +3.23489053e+11  2.91e+08   7.39e+01     1.17e+02   106.807s
 584000 +3.23779445e+11 +3.23488793e+11  2.91e+08   7.39e+01     1.17e+02   106.977s
 585000 +3.23779128e+11 +3.23488545e+11  2.91e+08   7.39e+01     1.17e+02   107.147s
 586000 +3.23778789e+11 +3.23488547e+11  2.90e+08   7.39e+01     1.17e+02   107.317s
 587000 +3.23778444e+11 +3.23488814e+11  2.90e+08   7.39e+01     1.17e+02   107.487s
 588000 +3.23778113e+11 +3.23488921e+11  2.89e+08   7.39e+01     1.17e+02   107.657s
 589000 +3.23777799e+11 +3.23489223e+11  2.89e+08   7.39e+01     1.17e+02   107.827s
 590000 +3.23777512e+11 +3.23489408e+11  2.88e+08   7.39e+01     1.17e+02   107.997s
 591000 +3.23777288e+11 +3.23489988e+11  2.87e+08   7.39e+01     1.17e+02   108.167s
 592000 +3.23777144e+11 +3.23490228e+11  2.87e+08   7.39e+01     1.17e+02   108.337s
 593000 +3.23777021e+11 +3.23490490e+11  2.87e+08   7.39e+01     1.17e+02   108.507s
 594000 +3.23776906e+11 +3.23490551e+11  2.86e+08   7.39e+01     1.17e+02   108.677s
 595000 +3.23776781e+11 +3.23490774e+11  2.86e+08   7.39e+01     1.17e+02   108.847s
 596000 +3.23776671e+11 +3.23490853e+11  2.86e+08   7.39e+01     1.17e+02   109.016s
 597000 +3.23776592e+11 +3.23491013e+11  2.86e+08   7.39e+01     1.17e+02   109.186s
 598000 +3.23776526e+11 +3.23490899e+11  2.86e+08   7.39e+01     1.17e+02   109.356s
 599000 +3.23776486e+11 +3.23491340e+11  2.85e+08   7.39e+01     1.17e+02   109.526s
 600000 +3.23776446e+11 +3.23491481e+11  2.85e+08   7.39e+01     1.17e+02   109.696s
 601000 +3.23776411e+11 +3.23491596e+11  2.85e+08   7.39e+01     1.17e+02   109.866s
 602000 +3.23776364e+11 +3.23491731e+11  2.85e+08   7.39e+01     1.17e+02   110.036s
 603000 +3.23776313e+11 +3.23491711e+11  2.85e+08   7.39e+01     1.17e+02   110.206s
 604000 +3.23776276e+11 +3.23492071e+11  2.84e+08   7.39e+01     1.17e+02   110.376s
 605000 +3.23776255e+11 +3.23492271e+11  2.84e+08   7.39e+01     1.17e+02   110.546s
 606000 +3.23776257e+11 +3.23492582e+11  2.84e+08   7.39e+01     1.17e+02   110.716s
 607000 +3.23776269e+11 +3.23492554e+11  2.84e+08   7.39e+01     1.17e+02   110.886s
 608000 +3.23776309e+11 +3.23492920e+11  2.83e+08   7.39e+01     1.17e+02   111.056s
 609000 +3.23776379e+11 +3.23492971e+11  2.83e+08   7.39e+01     1.17e+02   111.226s
 610000 +3.23776469e+11 +3.23493370e+11  2.83e+08   7.39e+01     1.17e+02   111.396s
 611000 +3.23776591e+11 +3.23493803e+11  2.83e+08   7.39e+01     1.17e+02   111.566s
 612000 +3.23776740e+11 +3.23493819e+11  2.83e+08   7.39e+01     1.17e+02   111.736s
 613000 +3.23776903e+11 +3.23494027e+11  2.83e+08   7.39e+01     1.17e+02   111.906s
 614000 +3.23777093e+11 +3.23494296e+11  2.83e+08   7.39e+01     1.17e+02   112.076s
 615000 +3.23777286e+11 +3.23494533e+11  2.83e+08   7.39e+01     1.17e+02   112.246s
 616000 +3.23777496e+11 +3.23494727e+11  2.83e+08   7.39e+01     1.17e+02   112.416s
 617000 +3.23777706e+11 +3.23494798e+11  2.83e+08   7.39e+01     1.17e+02   112.586s
 618000 +3.23777888e+11 +3.23494718e+11  2.83e+08   7.39e+01     1.17e+02   112.756s
 619000 +3.23778055e+11 +3.23494939e+11  2.83e+08   7.39e+01     1.17e+02   112.926s
 620000 +3.23778199e+11 +3.23495141e+11  2.83e+08   7.39e+01     1.17e+02   113.096s
 621000 +3.23778344e+11 +3.23495235e+11  2.83e+08   7.39e+01     1.17e+02   113.265s
 622000 +3.23778489e+11 +3.23495150e+11  2.83e+08   7.39e+01     1.17e+02   113.435s
 623000 +3.23778625e+11 +3.23495209e+11  2.83e+08   7.39e+01     1.17e+02   113.610s
 624000 +3.23778727e+11 +3.23494915e+11  2.84e+08   7.39e+01     1.17e+02   113.795s
 625000 +3.23778785e+11 +3.23495041e+11  2.84e+08   7.39e+01     1.17e+02   113.990s
 626000 +3.23778785e+11 +3.23494973e+11  2.84e+08   7.39e+01     1.17e+02   114.187s
 627000 +3.23778748e+11 +3.23495229e+11  2.84e+08   7.39e+01     1.17e+02   114.385s
 628000 +3.23778713e+11 +3.23495492e+11  2.83e+08   7.39e+01     1.17e+02   114.575s
 629000 +3.23778706e+11 +3.23495598e+11  2.83e+08   7.39e+01     1.17e+02   114.772s
 630000 +3.23778713e+11 +3.23495897e+11  2.83e+08   7.39e+01     1.17e+02   114.965s
 631000 +3.23778707e+11 +3.23495921e+11  2.83e+08   7.39e+01     1.17e+02   115.161s
 632000 +3.23778667e+11 +3.23496033e+11  2.83e+08   7.39e+01     1.17e+02   115.349s
 633000 +3.23778614e+11 +3.23496183e+11  2.82e+08   7.39e+01     1.17e+02   115.535s
 634000 +3.23778553e+11 +3.23496125e+11  2.82e+08   7.39e+01     1.17e+02   115.724s
 635000 +3.23778487e+11 +3.23495952e+11  2.83e+08   7.39e+01     1.17e+02   115.917s
 636000 +3.23778429e+11 +3.23496214e+11  2.82e+08   7.39e+01     1.17e+02   116.105s
 637000 +3.23778379e+11 +3.23496430e+11  2.82e+08   7.39e+01     1.17e+02   116.278s
 638000 +3.23778335e+11 +3.23496802e+11  2.82e+08   7.39e+01     1.17e+02   116.448s
 639000 +3.23778312e+11 +3.23497135e+11  2.81e+08   7.39e+01     1.17e+02   116.617s
 640000 +3.23778307e+11 +3.23497173e+11  2.81e+08   7.39e+01     1.17e+02   116.787s
 641000 +3.23778325e+11 +3.23497313e+11  2.81e+08   7.39e+01     1.17e+02   116.957s
 642000 +3.23778366e+11 +3.23497627e+11  2.81e+08   7.39e+01     1.17e+02   117.126s
 643000 +3.23778397e+11 +3.23497550e+11  2.81e+08   7.39e+01     1.17e+02   117.296s
 644000 +3.23778402e+11 +3.23497671e+11  2.81e+08   7.39e+01     1.17e+02   117.466s
 645000 +3.23778389e+11 +3.23497729e+11  2.81e+08   7.39e+01     1.17e+02   117.635s
 646000 +3.23778374e+11 +3.23497697e+11  2.81e+08   7.39e+01     1.17e+02   117.805s
 647000 +3.23778367e+11 +3.23497968e+11  2.80e+08   7.39e+01     1.17e+02   117.975s
 648000 +3.23778363e+11 +3.23498126e+11  2.80e+08   7.39e+01     1.17e+02   118.145s
 649000 +3.23778341e+11 +3.23498248e+11  2.80e+08   7.39e+01     1.17e+02   118.315s
 650000 +3.23778327e+11 +3.23498527e+11  2.80e+08   7.39e+01     1.17e+02   118.484s
 651000 +3.23778333e+11 +3.23498878e+11  2.79e+08   7.39e+01     1.17e+02   118.654s
 652000 +3.23778366e+11 +3.23498902e+11  2.79e+08   7.39e+01     1.17e+02   118.824s
 653000 +3.23778415e+11 +3.23499113e+11  2.79e+08   7.39e+01     1.17e+02   118.993s
 654000 +3.23778452e+11 +3.23499093e+11  2.79e+08   7.39e+01     1.17e+02   119.163s
 655000 +3.23778477e+11 +3.23499049e+11  2.79e+08   7.39e+01     1.17e+02   119.332s
 656000 +3.23778498e+11 +3.23499297e+11  2.79e+08   7.39e+01     1.17e+02   119.502s
 657000 +3.23778511e+11 +3.23499313e+11  2.79e+08   7.39e+01     1.17e+02   119.671s
 658000 +3.23778536e+11 +3.23499544e+11  2.79e+08   7.39e+01     1.17e+02   119.841s
 659000 +3.23778587e+11 +3.23499812e+11  2.79e+08   7.39e+01     1.17e+02   120.011s
 660000 +3.23778668e+11 +3.23499969e+11  2.79e+08   7.39e+01     1.17e+02   120.180s
 661000 +3.23778753e+11 +3.23500494e+11  2.78e+08   7.39e+01     1.17e+02   120.350s
 662000 +3.23778825e+11 +3.23500370e+11  2.78e+08   7.39e+01     1.17e+02   120.520s
 663000 +3.23778870e+11 +3.23500432e+11  2.78e+08   7.39e+01     1.17e+02   120.689s
 664000 +3.23778902e+11 +3.23500502e+11  2.78e+08   7.39e+01     1.17e+02   120.859s
 665000 +3.23778922e+11 +3.23500413e+11  2.79e+08   7.39e+01     1.17e+02   121.028s
 666000 +3.23778911e+11 +3.23500397e+11  2.79e+08   7.39e+01     1.17e+02   121.198s
 667000 +3.23778876e+11 +3.23500452e+11  2.78e+08   7.39e+01     1.17e+02   121.368s
 668000 +3.23778825e+11 +3.23500534e+11  2.78e+08   7.39e+01     1.17e+02   121.538s
 669000 +3.23778767e+11 +3.23500742e+11  2.78e+08   7.39e+01     1.17e+02   121.708s
 670000 +3.23778709e+11 +3.23500832e+11  2.78e+08   7.39e+01     1.17e+02   121.877s
 671000 +3.23778660e+11 +3.23501116e+11  2.78e+08   7.39e+01     1.17e+02   122.047s
 672000 +3.23778617e+11 +3.23501292e+11  2.77e+08   7.39e+01     1.17e+02   122.217s
 673000 +3.23778593e+11 +3.23501499e+11  2.77e+08   7.39e+01     1.17e+02   122.387s
 674000 +3.23778575e+11 +3.23501557e+11  2.77e+08   7.39e+01     1.17e+02   122.556s
 675000 +3.23778565e+11 +3.23501702e+11  2.77e+08   7.39e+01     1.17e+02   122.726s
 676000 +3.23778573e+11 +3.23501928e+11  2.77e+08   7.39e+01     1.17e+02   122.896s
 677000 +3.23778597e+11 +3.23501967e+11  2.77e+08   7.39e+01     1.17e+02   123.065s
 678000 +3.23778648e+11 +3.23502357e+11  2.76e+08   7.39e+01     1.17e+02   123.235s
 679000 +3.23778717e+11 +3.23502331e+11  2.76e+08   7.39e+01     1.17e+02   123.405s
 680000 +3.23778792e+11 +3.23502474e+11  2.76e+08   7.39e+01     1.17e+02   123.575s
 681000 +3.23778872e+11 +3.23502838e+11  2.76e+08   7.39e+01     1.17e+02   123.744s
 682000 +3.23778949e+11 +3.23502837e+11  2.76e+08   7.39e+01     1.17e+02   123.914s
 683000 +3.23779031e+11 +3.23502996e+11  2.76e+08   7.39e+01     1.17e+02   124.084s
 684000 +3.23779111e+11 +3.23503100e+11  2.76e+08   7.39e+01     1.17e+02   124.254s
 685000 +3.23779176e+11 +3.23503088e+11  2.76e+08   7.39e+01     1.17e+02   124.423s
 686000 +3.23779220e+11 +3.23503234e+11  2.76e+08   7.39e+01     1.17e+02   124.593s
 687000 +3.23779248e+11 +3.23503294e+11  2.76e+08   7.39e+01     1.17e+02   124.763s
 688000 +3.23779270e+11 +3.23503469e+11  2.76e+08   7.39e+01     1.17e+02   124.932s
 689000 +3.23779294e+11 +3.23503617e+11  2.76e+08   7.39e+01     1.17e+02   125.102s
 690000 +3.23779320e+11 +3.23503737e+11  2.76e+08   7.39e+01     1.17e+02   125.272s
 691000 +3.23779354e+11 +3.23503830e+11  2.76e+08   7.39e+01     1.17e+02   125.441s
 692000 +3.23779397e+11 +3.23504056e+11  2.75e+08   7.39e+01     1.17e+02   125.611s
 693000 +3.23779448e+11 +3.23504119e+11  2.75e+08   7.39e+01     1.17e+02   125.781s
 694000 +3.23779510e+11 +3.23504277e+11  2.75e+08   7.39e+01     1.17e+02   125.950s
 695000 +3.23779577e+11 +3.23504340e+11  2.75e+08   7.39e+01     1.17e+02   126.120s
 696000 +3.23779652e+11 +3.23504491e+11  2.75e+08   7.39e+01     1.17e+02   126.289s
 697000 +3.23779718e+11 +3.23504633e+11  2.75e+08   7.39e+01     1.17e+02   126.459s
 698000 +3.23779773e+11 +3.23504714e+11  2.75e+08   7.39e+01     1.17e+02   126.629s
 699000 +3.23779817e+11 +3.23504899e+11  2.75e+08   7.39e+01     1.17e+02   126.798s
 700000 +3.23779846e+11 +3.23504973e+11  2.75e+08   7.39e+01     1.17e+02   126.968s
 701000 +3.23779874e+11 +3.23505116e+11  2.75e+08   7.39e+01     1.17e+02   127.137s
 702000 +3.23779901e+11 +3.23505135e+11  2.75e+08   7.39e+01     1.17e+02   127.307s
 703000 +3.23779921e+11 +3.23505257e+11  2.75e+08   7.39e+01     1.17e+02   127.477s
 704000 +3.23779930e+11 +3.23505254e+11  2.75e+08   7.39e+01     1.17e+02   127.646s
 705000 +3.23779913e+11 +3.23505290e+11  2.75e+08   7.39e+01     1.17e+02   127.816s
 706000 +3.23779883e+11 +3.23505335e+11  2.75e+08   7.39e+01     1.17e+02   127.986s
 707000 +3.23779848e+11 +3.23505463e+11  2.74e+08   7.39e+01     1.17e+02   128.155s
 708000 +3.23779805e+11 +3.23505509e+11  2.74e+08   7.39e+01     1.17e+02   128.325s
 709000 +3.23779756e+11 +3.23505716e+11  2.74e+08   7.39e+01     1.17e+02   128.495s
 710000 +3.23779703e+11 +3.23505864e+11  2.74e+08   7.39e+01     1.17e+02   128.664s
 711000 +3.23779660e+11 +3.23506095e+11  2.74e+08   7.39e+01     1.17e+02   128.834s
 712000 +3.23779637e+11 +3.23506236e+11  2.73e+08   7.39e+01     1.17e+02   129.003s
 713000 +3.23779629e+11 +3.23506421e+11  2.73e+08   7.39e+01     1.17e+02   129.173s
 714000 +3.23779636e+11 +3.23506585e+11  2.73e+08   7.39e+01     1.17e+02   129.343s
 715000 +3.23779645e+11 +3.23506786e+11  2.73e+08   7.39e+01     1.17e+02   129.512s
 716000 +3.23779646e+11 +3.23506836e+11  2.73e+08   7.39e+01     1.17e+02   129.682s
 717000 +3.23779634e+11 +3.23506931e+11  2.73e+08   7.39e+01     1.17e+02   129.852s
 718000 +3.23779613e+11 +3.23506941e+11  2.73e+08   7.39e+01     1.17e+02   130.022s
 719000 +3.23779596e+11 +3.23507075e+11  2.73e+08   7.39e+01     1.17e+02   130.191s
 720000 +3.23779571e+11 +3.23507149e+11  2.72e+08   7.39e+01     1.17e+02   130.361s
 721000 +3.23779543e+11 +3.23507322e+11  2.72e+08   7.39e+01     1.17e+02   130.531s
 722000 +3.23779507e+11 +3.23507334e+11  2.72e+08   7.39e+01     1.17e+02   130.700s
 723000 +3.23779468e+11 +3.23507469e+11  2.72e+08   7.39e+01     1.17e+02   130.870s
 724000 +3.23779433e+11 +3.23507745e+11  2.72e+08   7.39e+01     1.17e+02   131.040s
 725000 +3.23779404e+11 +3.23507801e+11  2.72e+08   7.39e+01     1.17e+02   131.209s
 726000 +3.23779373e+11 +3.23508041e+11  2.71e+08   7.39e+01     1.17e+02   131.379s
 727000 +3.23779352e+11 +3.23508134e+11  2.71e+08   7.39e+01     1.17e+02   131.549s
 728000 +3.23779330e+11 +3.23508318e+11  2.71e+08   7.39e+01     1.17e+02   131.719s
 729000 +3.23779316e+11 +3.23508328e+11  2.71e+08   7.39e+01     1.17e+02   131.889s
 730000 +3.23779312e+11 +3.23508611e+11  2.71e+08   7.39e+01     1.17e+02   132.059s
 731000 +3.23779325e+11 +3.23508711e+11  2.71e+08   7.39e+01     1.17e+02   132.229s
 732000 +3.23779360e+11 +3.23508905e+11  2.70e+08   7.39e+01     1.17e+02   132.399s
 733000 +3.23779401e+11 +3.23509069e+11  2.70e+08   7.39e+01     1.17e+02   132.569s
 734000 +3.23779447e+11 +3.23509079e+11  2.70e+08   7.39e+01     1.17e+02   132.739s
 735000 +3.23779494e+11 +3.23509349e+11  2.70e+08   7.39e+01     1.17e+02   132.909s
 736000 +3.23779545e+11 +3.23509388e+11  2.70e+08   7.39e+01     1.17e+02   133.079s
 737000 +3.23779595e+11 +3.23509555e+11  2.70e+08   7.39e+01     1.17e+02   133.249s
 738000 +3.23779644e+11 +3.23509718e+11  2.70e+08   7.39e+01     1.17e+02   133.419s
 739000 +3.23779679e+11 +3.23509749e+11  2.70e+08   7.39e+01     1.17e+02   133.589s
 740000 +3.23779704e+11 +3.23509908e+11  2.70e+08   7.39e+01     1.17e+02   133.759s
 741000 +3.23779725e+11 +3.23510051e+11  2.70e+08   7.39e+01     1.17e+02   133.929s
 742000 +3.23779743e+11 +3.23510219e+11  2.70e+08   7.39e+01     1.17e+02   134.099s
 743000 +3.23779762e+11 +3.23510260e+11  2.70e+08   7.39e+01     1.17e+02   134.269s
 744000 +3.23779784e+11 +3.23510525e+11  2.69e+08   7.39e+01     1.17e+02   134.438s
 745000 +3.23779811e+11 +3.23510553e+11  2.69e+08   7.39e+01     1.17e+02   134.608s
 746000 +3.23779841e+11 +3.23510741e+11  2.69e+08   7.39e+01     1.17e+02   134.777s
 747000 +3.23779881e+11 +3.23510851e+11  2.69e+08   7.39e+01     1.17e+02   134.947s
 748000 +3.23779923e+11 +3.23510948e+11  2.69e+08   7.39e+01     1.17e+02   135.117s
 749000 +3.23779973e+11 +3.23511118e+11  2.69e+08   7.39e+01     1.17e+02   135.286s
 750000 +3.23780030e+11 +3.23511207e+11  2.69e+08   7.39e+01     1.17e+02   135.456s
 751000 +3.23780080e+11 +3.23511308e+11  2.69e+08   7.39e+01     1.17e+02   135.626s
 752000 +3.23780119e+11 +3.23511462e+11  2.69e+08   7.39e+01     1.17e+02   135.795s
 753000 +3.23780149e+11 +3.23511540e+11  2.69e+08   7.39e+01     1.17e+02   135.965s
 754000 +3.23780176e+11 +3.23511629e+11  2.69e+08   7.39e+01     1.17e+02   136.135s
 755000 +3.23780207e+11 +3.23511860e+11  2.68e+08   7.39e+01     1.17e+02   136.305s
 756000 +3.23780234e+11 +3.23511824e+11  2.68e+08   7.39e+01     1.17e+02   136.475s
 757000 +3.23780249e+11 +3.23511859e+11  2.68e+08   7.39e+01     1.17e+02   136.645s
 758000 +3.23780251e+11 +3.23512001e+11  2.68e+08   7.39e+01     1.17e+02   136.815s
 759000 +3.23780240e+11 +3.23512088e+11  2.68e+08   7.39e+01     1.17e+02   136.985s
 760000 +3.23780220e+11 +3.23512216e+11  2.68e+08   7.39e+01     1.17e+02   137.155s
 761000 +3.23780193e+11 +3.23512264e+11  2.68e+08   7.39e+01     1.17e+02   137.325s
 762000 +3.23780159e+11 +3.23512301e+11  2.68e+08   7.39e+01     1.17e+02   137.495s
 763000 +3.23780123e+11 +3.23512484e+11  2.68e+08   7.39e+01     1.17e+02   137.665s
 764000 +3.23780085e+11 +3.23512758e+11  2.67e+08   7.39e+01     1.17e+02   137.835s
 765000 +3.23780056e+11 +3.23512792e+11  2.67e+08   7.39e+01     1.17e+02   138.005s
 766000 +3.23780037e+11 +3.23513027e+11  2.67e+08   7.39e+01     1.17e+02   138.175s
 767000 +3.23780034e+11 +3.23513142e+11  2.67e+08   7.39e+01     1.17e+02   138.345s
 768000 +3.23780035e+11 +3.23513207e+11  2.67e+08   7.39e+01     1.17e+02   138.514s
 769000 +3.23780036e+11 +3.23513419e+11  2.67e+08   7.39e+01     1.17e+02   138.684s
 770000 +3.23780032e+11 +3.23513512e+11  2.67e+08   7.39e+01     1.17e+02   138.855s
 771000 +3.23780017e+11 +3.23513563e+11  2.66e+08   7.39e+01     1.17e+02   139.025s
 772000 +3.23779999e+11 +3.23513731e+11  2.66e+08   7.39e+01     1.17e+02   139.195s
 773000 +3.23779981e+11 +3.23513685e+11  2.66e+08   7.39e+01     1.17e+02   139.364s
 774000 +3.23779960e+11 +3.23513954e+11  2.66e+08   7.39e+01     1.17e+02   139.534s
 775000 +3.23779935e+11 +3.23514003e+11  2.66e+08   7.39e+01     1.17e+02   139.704s
 776000 +3.23779905e+11 +3.23514093e+11  2.66e+08   7.39e+01     1.17e+02   139.873s
 777000 +3.23779869e+11 +3.23514315e+11  2.66e+08   7.39e+01     1.17e+02   140.043s
 778000 +3.23779842e+11 +3.23514416e+11  2.65e+08   7.39e+01     1.17e+02   140.213s
 779000 +3.23779817e+11 +3.23514503e+11  2.65e+08   7.39e+01     1.17e+02   140.382s
 780000 +3.23779794e+11 +3.23514697e+11  2.65e+08   7.39e+01     1.17e+02   140.552s
 781000 +3.23779769e+11 +3.23514808e+11  2.65e+08   7.39e+01     1.17e+02   140.721s
 782000 +3.23779747e+11 +3.23514926e+11  2.65e+08   7.39e+01     1.17e+02   140.891s
 783000 +3.23779731e+11 +3.23515102e+11  2.65e+08   7.39e+01     1.17e+02   141.061s
 784000 +3.23779726e+11 +3.23515159e+11  2.65e+08   7.39e+01     1.17e+02   141.230s
 785000 +3.23779736e+11 +3.23515336e+11  2.64e+08   7.39e+01     1.17e+02   141.400s
 786000 +3.23779760e+11 +3.23515481e+11  2.64e+08   7.39e+01     1.17e+02   141.569s
 787000 +3.23779792e+11 +3.23515607e+11  2.64e+08   7.39e+01     1.17e+02   141.739s
 788000 +3.23779828e+11 +3.23515722e+11  2.64e+08   7.39e+01     1.17e+02   141.909s
 789000 +3.23779865e+11 +3.23515964e+11  2.64e+08   7.39e+01     1.17e+02   142.078s
 790000 +3.23779905e+11 +3.23516006e+11  2.64e+08   7.39e+01     1.17e+02   142.248s
 791000 +3.23779943e+11 +3.23516221e+11  2.64e+08   7.39e+01     1.17e+02   142.417s
 792000 +3.23779976e+11 +3.23516284e+11  2.64e+08   7.39e+01     1.17e+02   142.587s
 793000 +3.23780001e+11 +3.23516435e+11  2.64e+08   7.39e+01     1.17e+02   142.756s
 794000 +3.23780020e+11 +3.23516624e+11  2.63e+08   7.39e+01     1.17e+02   142.926s
 795000 +3.23780037e+11 +3.23516629e+11  2.63e+08   7.39e+01     1.17e+02   143.096s
 796000 +3.23780050e+11 +3.23516704e+11  2.63e+08   7.39e+01     1.17e+02   143.265s
 797000 +3.23780063e+11 +3.23516863e+11  2.63e+08   7.39e+01     1.17e+02   143.435s
 798000 +3.23780081e+11 +3.23517044e+11  2.63e+08   7.39e+01     1.17e+02   143.604s
 799000 +3.23780102e+11 +3.23517145e+11  2.63e+08   7.39e+01     1.17e+02   143.774s
 800000 +3.23780124e+11 +3.23517322e+11  2.63e+08   7.39e+01     1.17e+02   143.943s
 801000 +3.23780150e+11 +3.23517378e+11  2.63e+08   7.39e+01     1.17e+02   144.113s
 802000 +3.23780180e+11 +3.23517535e+11  2.63e+08   7.39e+01     1.17e+02   144.283s
 803000 +3.23780219e+11 +3.23517650e+11  2.63e+08   7.39e+01     1.17e+02   144.452s
 804000 +3.23780262e+11 +3.23517888e+11  2.62e+08   7.39e+01     1.17e+02   144.622s
 805000 +3.23780297e+11 +3.23517940e+11  2.62e+08   7.39e+01     1.17e+02   144.792s
 806000 +3.23780329e+11 +3.23518135e+11  2.62e+08   7.39e+01     1.17e+02   144.962s
 807000 +3.23780355e+11 +3.23518218e+11  2.62e+08   7.39e+01     1.17e+02   145.131s
 808000 +3.23780381e+11 +3.23518324e+11  2.62e+08   7.39e+01     1.17e+02   145.301s
 809000 +3.23780408e+11 +3.23518442e+11  2.62e+08   7.39e+01     1.17e+02   145.470s
 810000 +3.23780431e+11 +3.23518501e+11  2.62e+08   7.39e+01     1.17e+02   145.640s
 811000 +3.23780445e+11 +3.23518569e+11  2.62e+08   7.39e+01     1.17e+02   145.810s
 812000 +3.23780445e+11 +3.23518657e+11  2.62e+08   7.39e+01     1.17e+02   145.979s
 813000 +3.23780437e+11 +3.23518774e+11  2.62e+08   7.39e+01     1.17e+02   146.149s
 814000 +3.23780421e+11 +3.23518824e+11  2.62e+08   7.39e+01     1.17e+02   146.318s
 815000 +3.23780398e+11 +3.23518949e+11  2.61e+08   7.39e+01     1.17e+02   146.488s
 816000 +3.23780372e+11 +3.23519046e+11  2.61e+08   7.39e+01     1.17e+02   146.658s
 817000 +3.23780343e+11 +3.23519203e+11  2.61e+08   7.39e+01     1.17e+02   146.827s
 818000 +3.23780312e+11 +3.23519380e+11  2.61e+08   7.39e+01     1.17e+02   146.997s
 819000 +3.23780288e+11 +3.23519554e+11  2.61e+08   7.39e+01     1.17e+02   147.167s
 820000 +3.23780268e+11 +3.23519663e+11  2.61e+08   7.39e+01     1.17e+02   147.337s
 821000 +3.23780262e+11 +3.23519838e+11  2.60e+08   7.39e+01     1.17e+02   147.507s
 822000 +3.23780260e+11 +3.23519954e+11  2.60e+08   7.39e+01     1.17e+02   147.677s
 823000 +3.23780261e+11 +3.23528801e+11  2.51e+08   7.39e+01     8.25e+03   147.848s
 824000 +3.23780266e+11 +3.23538600e+11  2.42e+08   7.39e+01     8.25e+03   148.019s
 825000 +3.23780275e+11 +3.23548638e+11  2.32e+08   7.39e+01     8.25e+03   148.189s
 826000 +3.23780290e+11 +3.23558928e+11  2.21e+08   7.39e+01     8.25e+03   148.359s
 827000 +3.23780311e+11 +3.23569395e+11  2.11e+08   7.39e+01     8.25e+03   148.529s
 828000 +3.23780336e+11 +3.23579766e+11  2.01e+08   7.39e+01     8.25e+03   148.699s
 829000 +3.23780366e+11 +3.23590174e+11  1.90e+08   7.39e+01     8.25e+03   148.869s
 830000 +3.23780400e+11 +3.23600364e+11  1.80e+08   7.39e+01     8.25e+03   149.039s
 831000 +3.23780437e+11 +3.23610384e+11  1.70e+08   7.39e+01     8.25e+03   149.209s
 832000 +3.23780477e+11 +3.23620340e+11  1.60e+08   7.39e+01     8.25e+03   149.379s
 833000 +3.23780520e+11 +3.23630129e+11  1.50e+08   7.39e+01     8.25e+03   149.549s
 834000 +3.23780566e+11 +3.23639675e+11  1.41e+08   7.39e+01     8.25e+03   149.718s
 835000 +3.23780613e+11 +3.23649104e+11  1.32e+08   7.39e+01     8.25e+03   149.888s
 836000 +3.23780661e+11 +3.23658332e+11  1.22e+08   7.39e+01     8.25e+03   150.058s
 837000 +3.23780710e+11 +3.23667412e+11  1.13e+08   7.39e+01     8.25e+03   150.228s
 838000 +3.23780761e+11 +3.23676392e+11  1.04e+08   7.39e+01     8.25e+03   150.398s
 839000 +3.23780813e+11 +3.23685337e+11  9.55e+07   7.39e+01     8.25e+03   150.568s
 840000 +3.23780865e+11 +3.23694246e+11  8.66e+07   7.39e+01     8.25e+03   150.738s
 841000 +3.23780918e+11 +3.23702990e+11  7.79e+07   7.39e+01     8.25e+03   150.908s
 842000 +3.23780970e+11 +3.23711699e+11  6.93e+07   7.39e+01     8.25e+03   151.078s
 843000 +3.23775946e+11 +3.23093646e+11  6.82e+08   4.22e+01     5.21e+03   151.248s
 844000 +3.23769060e+11 +3.22933229e+11  8.36e+08   3.52e+01     4.36e+03   151.418s
 845000 +3.23761191e+11 +3.05731251e+11  1.80e+10   6.85e+00     4.59e+04   151.589s
 846000 +3.23741533e+11 +2.88763893e+11  3.50e+10   2.48e+00     4.36e+04   151.759s
 847000 +3.23724168e+11 +2.88183001e+11  3.55e+10   1.25e+00     3.62e+04   151.929s
 848000 +3.23709138e+11 +2.89630742e+11  3.41e+10   1.53e-01     3.29e+04   152.100s
 849000 +3.23695006e+11 +2.95002711e+11  2.87e+10   7.64e-01     2.87e+04   152.270s
 850000 +3.23690349e+11 +3.06536906e+11  1.72e+10   9.66e-01     2.07e+04   152.440s
 851000 +3.23693318e+11 +3.13135793e+11  1.06e+10   6.77e-01     1.68e+04   152.610s
 852000 +3.23696875e+11 +3.14340693e+11  9.36e+09   3.61e-01     1.49e+04   152.780s
 853000 +3.23697835e+11 +3.13427091e+11  1.03e+10   2.72e-01     1.38e+04   152.950s
 854000 +3.23696970e+11 +3.13313083e+11  1.04e+10   2.81e-01     1.32e+04   153.120s
 855000 +3.23695991e+11 +3.14094727e+11  9.60e+09   3.09e-01     1.24e+04   153.290s
 856000 +3.23695718e+11 +3.15392784e+11  8.30e+09   3.02e-01     1.14e+04   153.459s
 857000 +3.23696127e+11 +3.16358169e+11  7.34e+09   2.69e-01     1.06e+04   153.629s
 858000 +3.23696708e+11 +3.16600985e+11  7.10e+09   2.00e-01     1.00e+04   153.799s
 859000 +3.23696988e+11 +3.16555054e+11  7.14e+09   1.96e-01     9.68e+03   153.969s
 860000 +3.23696845e+11 +3.16395622e+11  7.30e+09   1.61e-01     9.43e+03   154.138s
 861000 +3.23696487e+11 +3.16378583e+11  7.32e+09   1.76e-01     9.14e+03   154.308s
 862000 +3.23696146e+11 +3.16763179e+11  6.93e+09   1.65e-01     8.76e+03   154.478s
 863000 +3.23695972e+11 +3.17214635e+11  6.48e+09   1.75e-01     8.36e+03   154.647s
 864000 +3.23696003e+11 +3.17657761e+11  6.04e+09   1.58e-01     7.98e+03   154.817s
 865000 +3.23696163e+11 +3.17817755e+11  5.88e+09   1.67e-01     7.68e+03   154.987s
 866000 +3.23696334e+11 +3.17945537e+11  5.75e+09   1.27e-01     7.43e+03   155.156s
 867000 +3.23696410e+11 +3.18034237e+11  5.66e+09   1.05e-01     7.28e+03   155.326s
 868000 +3.23696345e+11 +3.17864278e+11  5.83e+09   1.19e-01     7.17e+03   155.496s
 869000 +3.23696154e+11 +3.17949822e+11  5.75e+09   1.17e-01     7.02e+03   155.666s
 870000 +3.23695956e+11 +3.18067523e+11  5.63e+09   1.20e-01     6.86e+03   155.836s
 871000 +3.23695824e+11 +3.18247717e+11  5.45e+09   1.14e-01     6.67e+03   156.007s
 872000 +3.23695234e+11 +3.17810545e+11  5.88e+09   2.52e-01     6.19e+03   156.180s
 873000 +3.23692870e+11 +3.18192265e+11  5.50e+09   4.14e-01     5.86e+03   156.351s
 874000 +3.23691280e+11 +3.18770600e+11  4.92e+09   4.69e-01     5.47e+03   156.520s
 875000 +3.23690568e+11 +3.19327937e+11  4.36e+09   4.65e-01     5.10e+03   156.690s
 876000 +3.23690539e+11 +3.19865230e+11  3.83e+09   4.08e-01     4.77e+03   156.859s
 877000 +3.23690988e+11 +3.20339197e+11  3.35e+09   3.81e-01     4.52e+03   157.029s
 878000 +3.23691673e+11 +3.20672382e+11  3.02e+09   3.41e-01     4.28e+03   157.198s
 879000 +3.23692385e+11 +3.20840540e+11  2.85e+09   2.58e-01     4.08e+03   157.368s
 880000 +3.23692991e+11 +3.20923930e+11  2.77e+09   2.21e-01     3.89e+03   157.537s
 881000 +3.23693429e+11 +3.20986737e+11  2.71e+09   1.63e-01     3.74e+03   157.707s
 882000 +3.23693654e+11 +3.20949731e+11  2.74e+09   1.60e-01     3.61e+03   157.877s
 883000 +3.23693697e+11 +3.20917575e+11  2.78e+09   1.52e-01     3.51e+03   158.046s
 884000 +3.23693621e+11 +3.20960406e+11  2.73e+09   1.58e-01     3.41e+03   158.216s
 885000 +3.23693480e+11 +3.20978508e+11  2.71e+09   1.36e-01     3.31e+03   158.386s
 886000 +3.23693322e+11 +3.21068574e+11  2.62e+09   1.70e-01     3.22e+03   158.555s
 887000 +3.23693211e+11 +3.21132799e+11  2.56e+09   1.76e-01     3.12e+03   158.725s
 888000 +3.23693139e+11 +3.21220170e+11  2.47e+09   1.56e-01     3.01e+03   158.895s
 889000 +3.23693128e+11 +3.21300420e+11  2.39e+09   1.52e-01     2.93e+03   159.064s
 890000 +3.23693174e+11 +3.21424118e+11  2.27e+09   1.55e-01     2.84e+03   159.234s
 891000 +3.23693266e+11 +3.21496643e+11  2.20e+09   1.55e-01     2.76e+03   159.404s
 892000 +3.23693377e+11 +3.21553810e+11  2.14e+09   1.28e-01     2.69e+03   159.573s
 893000 +3.23693497e+11 +3.21569896e+11  2.12e+09   1.05e-01     2.63e+03   159.743s
 894000 +3.23693604e+11 +3.21636604e+11  2.06e+09   9.30e-02     2.58e+03   159.912s
 895000 +3.23693674e+11 +3.21621021e+11  2.07e+09   8.79e-02     2.53e+03   160.082s
 896000 +3.23693710e+11 +3.21635079e+11  2.06e+09   9.23e-02     2.48e+03   160.252s
 897000 +3.23693700e+11 +3.21664370e+11  2.03e+09   8.88e-02     2.44e+03   160.422s
 898000 +3.23693630e+11 +3.21658939e+11  2.03e+09   9.48e-02     2.40e+03   160.591s
 899000 +3.23693531e+11 +3.21676979e+11  2.02e+09   8.53e-02     2.35e+03   160.761s
 900000 +3.23693430e+11 +3.21704929e+11  1.99e+09   9.55e-02     2.31e+03   160.931s
 901000 +3.23693359e+11 +3.21759673e+11  1.93e+09   9.52e-02     2.27e+03   161.100s
 902000 +3.23693305e+11 +3.21820132e+11  1.87e+09   1.07e-01     2.22e+03   161.270s
 903000 +3.23693293e+11 +3.21846943e+11  1.85e+09   9.75e-02     2.18e+03   161.439s
 904000 +3.23693320e+11 +3.21895104e+11  1.80e+09   7.78e-02     2.14e+03   161.609s
 905000 +3.23693352e+11 +3.21938694e+11  1.75e+09   9.41e-02     2.11e+03   161.779s
 906000 +3.23693418e+11 +3.21996252e+11  1.70e+09   9.63e-02     2.06e+03   161.948s
 907000 +3.23693496e+11 +3.22003203e+11  1.69e+09   8.65e-02     2.03e+03   162.118s
 908000 +3.23693569e+11 +3.22026549e+11  1.67e+09   7.34e-02     2.01e+03   162.288s
 909000 +3.23693630e+11 +3.22030320e+11  1.66e+09   6.35e-02     1.99e+03   162.457s
 910000 +3.23693661e+11 +3.22026262e+11  1.67e+09   5.99e-02     1.97e+03   162.627s
 911000 +3.23693645e+11 +3.22029662e+11  1.66e+09   6.72e-02     1.94e+03   162.797s
 912000 +3.23693608e+11 +3.22028591e+11  1.67e+09   6.62e-02     1.92e+03   162.966s
 913000 +3.23693562e+11 +3.22054490e+11  1.64e+09   6.65e-02     1.90e+03   163.136s
 914000 +3.23693490e+11 +3.22033044e+11  1.66e+09   7.25e-02     1.87e+03   163.305s
 915000 +3.23693417e+11 +3.22019075e+11  1.67e+09   7.87e-02     1.84e+03   163.475s
 916000 +3.23693346e+11 +3.22086547e+11  1.61e+09   8.40e-02     1.81e+03   163.645s
 917000 +3.23693288e+11 +3.22119727e+11  1.57e+09   7.14e-02     1.78e+03   163.814s
 918000 +3.23693264e+11 +3.22156962e+11  1.54e+09   7.94e-02     1.76e+03   163.984s
 919000 +3.23693274e+11 +3.22212380e+11  1.48e+09   7.35e-02     1.72e+03   164.153s
 920000 +3.23693288e+11 +3.22240984e+11  1.45e+09   5.80e-02     1.70e+03   164.323s
 921000 +3.23693315e+11 +3.22279478e+11  1.41e+09   7.26e-02     1.67e+03   164.492s
 922000 +3.23693360e+11 +3.22291347e+11  1.40e+09   6.12e-02     1.65e+03   164.662s
 923000 +3.23693415e+11 +3.22306906e+11  1.39e+09   7.40e-02     1.64e+03   164.832s
 924000 +3.23693475e+11 +3.22333620e+11  1.36e+09   6.56e-02     1.62e+03   165.001s
 925000 +3.23693539e+11 +3.22326324e+11  1.37e+09   5.08e-02     1.61e+03   165.171s
 926000 +3.23693581e+11 +3.22355133e+11  1.34e+09   5.57e-02     1.60e+03   165.340s
 927000 +3.23693600e+11 +3.22342827e+11  1.35e+09   4.98e-02     1.59e+03   165.510s
 928000 +3.23693585e+11 +3.22307406e+11  1.39e+09   4.50e-02     1.58e+03   165.679s
 929000 +3.23693545e+11 +3.22312387e+11  1.38e+09   7.17e-02     1.57e+03   165.849s
 930000 +3.23693500e+11 +3.22318166e+11  1.38e+09   5.32e-02     1.55e+03   166.019s
 931000 +3.23693447e+11 +3.22316881e+11  1.38e+09   4.62e-02     1.54e+03   166.188s
 932000 +3.23693380e+11 +3.22328714e+11  1.36e+09   7.30e-02     1.52e+03   166.358s
 933000 +3.23693318e+11 +3.22360546e+11  1.33e+09   5.37e-02     1.50e+03   166.527s
 934000 +3.23693263e+11 +3.22364324e+11  1.33e+09   5.28e-02     1.49e+03   166.697s
 935000 +3.23693225e+11 +3.22404688e+11  1.29e+09   5.94e-02     1.47e+03   166.866s
 936000 +3.23693212e+11 +3.22440380e+11  1.25e+09   5.50e-02     1.45e+03   167.036s
 937000 +3.23693212e+11 +3.22473297e+11  1.22e+09   6.33e-02     1.43e+03   167.205s
 938000 +3.23693233e+11 +3.22498473e+11  1.19e+09   6.64e-02     1.41e+03   167.375s
 939000 +3.23693263e+11 +3.22519867e+11  1.17e+09   4.23e-02     1.40e+03   167.544s
 940000 +3.23693298e+11 +3.22519052e+11  1.17e+09   6.18e-02     1.38e+03   167.714s
 941000 +3.23693339e+11 +3.22546753e+11  1.15e+09   5.04e-02     1.37e+03   167.883s
 942000 +3.23693377e+11 +3.22544828e+11  1.15e+09   3.66e-02     1.35e+03   168.053s
 943000 +3.23693410e+11 +3.22547290e+11  1.15e+09   3.72e-02     1.34e+03   168.223s
 944000 +3.23693437e+11 +3.22544107e+11  1.15e+09   4.98e-02     1.33e+03   168.392s
 945000 +3.23693458e+11 +3.22544156e+11  1.15e+09   2.24e-02     1.32e+03   168.562s
 946000 +3.23692751e+11 +3.22437380e+11  1.26e+09   2.26e-01     1.24e+03   168.733s
 947000 +3.23691614e+11 +3.22475260e+11  1.22e+09   2.91e-01     1.21e+03   168.903s
 948000 +3.23690596e+11 +3.22517488e+11  1.17e+09   3.43e-01     1.18e+03   169.072s
 949000 +3.23689698e+11 +3.22570531e+11  1.12e+09   4.19e-01     1.14e+03   169.242s
 950000 +3.23688947e+11 +3.22640378e+11  1.05e+09   4.08e-01     1.09e+03   169.412s
 951000 +3.23688399e+11 +3.22692312e+11  9.96e+08   4.06e-01     1.05e+03   169.581s
 952000 +3.23688017e+11 +3.22759495e+11  9.29e+08   4.16e-01     1.01e+03   169.751s
 953000 +3.23687812e+11 +3.22831436e+11  8.56e+08   4.05e-01     9.82e+02   169.921s
 954000 +3.23687798e+11 +3.22901837e+11  7.86e+08   3.66e-01     9.53e+02   170.090s
 955000 +3.23687954e+11 +3.22955058e+11  7.33e+08   3.48e-01     9.31e+02   170.260s
 956000 +3.23688218e+11 +3.23026173e+11  6.62e+08   3.32e-01     9.02e+02   170.430s
 957000 +3.23688528e+11 +3.23069661e+11  6.19e+08   3.14e-01     8.70e+02   170.600s
 958000 +3.23688858e+11 +3.23118014e+11  5.71e+08   3.05e-01     8.47e+02   170.770s
 959000 +3.23689241e+11 +3.23154848e+11  5.34e+08   2.64e-01     8.29e+02   170.939s
 960000 +3.23689634e+11 +3.23199355e+11  4.90e+08   2.64e-01     8.08e+02   171.109s
 961000 +3.23690040e+11 +3.23208314e+11  4.82e+08   2.70e-01     7.94e+02   171.279s
 962000 +3.23690456e+11 +3.23218214e+11  4.72e+08   2.11e-01     7.77e+02   171.449s
 963000 +3.23690837e+11 +3.23237696e+11  4.53e+08   1.88e-01     7.63e+02   171.619s
 964000 +3.23691178e+11 +3.23239087e+11  4.52e+08   1.67e-01     7.48e+02   171.788s
 965000 +3.23691451e+11 +3.23220986e+11  4.70e+08   1.28e-01     7.37e+02   171.958s
 966000 +3.23691648e+11 +3.23226054e+11  4.66e+08   1.22e-01     7.27e+02   172.128s
 967000 +3.23691775e+11 +3.23210168e+11  4.82e+08   1.16e-01     7.22e+02   172.298s
 968000 +3.23691824e+11 +3.23204683e+11  4.87e+08   1.14e-01     7.10e+02   172.468s
 969000 +3.23691807e+11 +3.23191753e+11  5.00e+08   1.11e-01     6.98e+02   172.638s
 970000 +3.23691745e+11 +3.23202560e+11  4.89e+08   1.29e-01     6.85e+02   172.807s
 971000 +3.23691029e+11 +3.23182827e+11  5.08e+08   2.49e-01     6.35e+02   172.979s
 972000 +3.23690036e+11 +3.23198922e+11  4.91e+08   3.32e-01     6.14e+02   173.149s
 973000 +3.23689044e+11 +3.23206726e+11  4.82e+08   4.32e-01     5.96e+02   173.319s
 974000 +3.23688103e+11 +3.23224011e+11  4.64e+08   5.44e-01     5.73e+02   173.489s
 975000 +3.23687213e+11 +3.23249896e+11  4.37e+08   6.02e-01     5.51e+02   173.659s
 976000 +3.23686436e+11 +3.23268927e+11  4.18e+08   5.85e-01     5.29e+02   173.829s
 977000 +3.23685739e+11 +3.23287238e+11  3.99e+08   5.85e-01     5.14e+02   173.999s
 978000 +3.23685178e+11 +3.23315724e+11  3.69e+08   6.58e-01     4.94e+02   174.168s
 979000 +3.23684805e+11 +3.23336522e+11  3.48e+08   6.36e-01     4.80e+02   174.338s
 980000 +3.23684577e+11 +3.23356457e+11  3.28e+08   5.63e-01     4.68e+02   174.508s
 981000 +3.23684462e+11 +3.23373364e+11  3.11e+08   5.50e-01     4.52e+02   174.678s
 982000 +3.23684378e+11 +3.23393997e+11  2.90e+08   5.16e-01     4.37e+02   174.848s
 983000 +3.23684388e+11 +3.23414839e+11  2.70e+08   6.26e-01     4.26e+02   175.018s
 984000 +3.23684514e+11 +3.23442391e+11  2.42e+08   5.20e-01     4.15e+02   175.188s
 985000 +3.23684715e+11 +3.23456213e+11  2.29e+08   4.76e-01     4.05e+02   175.357s
 986000 +3.23684992e+11 +3.23469094e+11  2.16e+08   4.98e-01     3.95e+02   175.527s
 987000 +3.23685247e+11 +3.23490296e+11  1.95e+08   4.89e-01     3.80e+02   175.696s
 988000 +3.23685531e+11 +3.23506551e+11  1.79e+08   4.33e-01     3.70e+02   175.866s
 989000 +3.23685882e+11 +3.23522994e+11  1.63e+08   4.55e-01     3.65e+02   176.035s
 990000 +3.23686287e+11 +3.23536224e+11  1.50e+08   5.02e-01     3.59e+02   176.205s
 991000 +3.23686741e+11 +3.23542203e+11  1.45e+08   4.32e-01     3.51e+02   176.374s
 992000 +3.23687187e+11 +3.23552480e+11  1.35e+08   3.65e-01     3.44e+02   176.544s
 993000 +3.23687579e+11 +3.23557695e+11  1.30e+08   3.41e-01     3.33e+02   176.713s
 994000 +3.23687950e+11 +3.23559205e+11  1.29e+08   4.28e-01     3.27e+02   176.883s
 995000 +3.23688321e+11 +3.23559190e+11  1.29e+08   3.31e-01     3.19e+02   177.052s
 996000 +3.23688672e+11 +3.23558690e+11  1.30e+08   3.62e-01     3.13e+02   177.222s
 997000 +3.23688995e+11 +3.23570046e+11  1.19e+08   3.45e-01     3.05e+02   177.392s
 998000 +3.23689283e+11 +3.23561104e+11  1.28e+08   3.17e-01     2.97e+02   177.561s
 999000 +3.23688984e+11 +3.23533224e+11  1.56e+08   4.93e-01     2.68e+02   177.732s
1000000 +3.23688529e+11 +3.23531547e+11  1.57e+08   5.01e-01     2.60e+02   177.902s
1001000 +3.23688051e+11 +3.23536547e+11  1.52e+08   5.82e-01     2.54e+02   178.071s
1002000 +3.23687651e+11 +3.23539599e+11  1.48e+08   5.68e-01     2.48e+02   178.241s
1003000 +3.23687317e+11 +3.23541446e+11  1.46e+08   5.46e-01     2.43e+02   178.410s
1004000 +3.23687052e+11 +3.23543229e+11  1.44e+08   5.03e-01     2.39e+02   178.580s
1005000 +3.23686792e+11 +3.23552264e+11  1.35e+08   5.38e-01     2.33e+02   178.750s
1006000 +3.23686566e+11 +3.23552624e+11  1.34e+08   5.25e-01     2.27e+02   178.919s
1007000 +3.23686341e+11 +3.23562770e+11  1.24e+08   4.96e-01     2.23e+02   179.089s
1008000 +3.23686147e+11 +3.23567732e+11  1.18e+08   5.58e-01     2.19e+02   179.258s
1009000 +3.23685936e+11 +3.23573314e+11  1.13e+08   4.82e-01     2.09e+02   179.428s
1010000 +3.23685032e+11 +3.23561800e+11  1.23e+08   1.41e+00     1.90e+02   179.599s
1011000 +3.23682813e+11 +3.23565177e+11  1.18e+08   2.27e+00     1.76e+02   179.768s
1012000 +3.23680268e+11 +3.23563876e+11  1.16e+08   2.39e+00     1.64e+02   179.938s
1013000 +3.23677705e+11 +3.23570096e+11  1.08e+08   2.61e+00     1.56e+02   180.107s
1014000 +3.23675195e+11 +3.23575198e+11  1.00e+08   2.73e+00     1.49e+02   180.277s
1015000 +3.23672957e+11 +3.23582811e+11  9.01e+07   2.76e+00     1.43e+02   180.447s
1016000 +3.23670923e+11 +3.23586455e+11  8.45e+07   2.81e+00     1.36e+02   180.617s
1017000 +3.23669074e+11 +3.23591005e+11  7.81e+07   2.84e+00     1.30e+02   180.787s
1018000 +3.23667418e+11 +3.23596217e+11  7.12e+07   2.67e+00     1.24e+02   180.956s
1019000 +3.23665889e+11 +3.23600903e+11  6.50e+07   2.78e+00     1.17e+02   181.126s
1020000 +3.23664540e+11 +3.23610734e+11  5.38e+07   2.74e+00     1.11e+02   181.296s
1021000 +3.23663445e+11 +3.23616675e+11  4.68e+07   2.63e+00     1.06e+02   181.466s
1022000 +3.23662495e+11 +3.23620393e+11  4.21e+07   2.85e+00     1.02e+02   181.636s
1023000 +3.23661807e+11 +3.23630067e+11  3.17e+07   2.69e+00     9.64e+01   181.806s
1024000 +3.23661338e+11 +3.23635404e+11  2.59e+07   2.58e+00     9.15e+01   181.975s
1024200 +3.23661259e+11 +3.23635459e+11  2.58e+07   2.58e+00     9.08e+01   182.009s
LP Solver status:                Optimal
Primal objective:                +3.23661259e+11
Dual objective:                  +3.23635459e+11
Duality gap (abs/rel):           +2.58e+07 / +3.99e-05
Primal infeasibility (abs/rel):  +2.58e+00 / +2.87e-06
Dual infeasibility (abs/rel):    +9.08e+01 / +9.97e-05
PDLP finished
Status: Optimal   Objective: 3.23661259e+11  Iterations: 1024200  Time: 182.022s

### exit_code=0
### finished=2026-08-09T18:21:04.500010
### gpu_peak_mb=5274.4
### gpu_peak2_mb=5210.4
### per_gpu_peak_mb=[5274.375, 5210.375, 5210.375, 5210.375, 5210.375, 5210.375, 5210.375, 5210.375]
