### solver=cuopt-distributed
### instance=/home/scratch.cmaes_sw/hans_lps/cont11.mps
### n_gpus=8
### CUDA_VISIBLE_DEVICES=0,1,2,3,4,5,6,7
### started=2026-08-09T19:12:19.115585
### argv=/home/scratch.vmostovoi_gpu/mostovoi_cuopt/cpp/build/cuopt_cli --method 1 --mps-reader experimental-fast --time-limit 3600 --iteration-limit 1000000000 --relative-primal-tolerance 1e-4 --relative-dual-tolerance 1e-4 --relative-gap-tolerance 1e-4 --log-to-console true --num-gpus 8 /home/scratch.cmaes_sw/hans_lps/cont11.mps
### --- solver output ---
Setting parameter iteration_limit to 1000000000
Setting parameter log_to_console to true
Setting parameter method to 1
Setting parameter num_gpus to 8
Setting parameter relative_dual_tolerance to 1.000000e-04
Setting parameter relative_gap_tolerance to 1.000000e-04
Setting parameter relative_primal_tolerance to 1.000000e-04
Setting parameter time_limit to 3.600000e+03
Reading file cont11.mps
Using experimental fast MPS parser for '/home/scratch.cmaes_sw/hans_lps/cont11.mps'
Read file cont11.mps in 0.27 seconds
cuOpt version: 26.10.0, git hash: f3ebc673, host arch: x86_64, device archs: 100a-real
CPU: INTEL(R) XEON(R) PLATINUM 8570, threads (physical/logical): 112/224, RAM (available/total): 1970.04 / 2015.54 GiB
CUDA 13.3, device: NVIDIA B200 (ID 0), VRAM: 178.34 GiB
CUDA device UUID: 60b1e1cb-ecc0-0b03-f242-03b708f69ef9
CUDA 13.3, device: NVIDIA B200 (ID 1), VRAM: 178.34 GiB
CUDA device UUID: 0aa5b660-20d3-b569-c712-8704c8049681
CUDA 13.3, device: NVIDIA B200 (ID 2), VRAM: 178.34 GiB
CUDA device UUID: ed2455df-4e5f-44a6-c58e-ce3537049d32
CUDA 13.3, device: NVIDIA B200 (ID 3), VRAM: 178.34 GiB
CUDA device UUID: de85800a-4950-7a4c-1834-7a30fcf4bbe1
CUDA 13.3, device: NVIDIA B200 (ID 4), VRAM: 178.34 GiB
CUDA device UUID: 392681e6-30ed-fa8b-27a9-eaf56b595c32
CUDA 13.3, device: NVIDIA B200 (ID 5), VRAM: 178.34 GiB
CUDA device UUID: 31e6ca9e-2ac3-affe-a481-429c89c88f05
CUDA 13.3, device: NVIDIA B200 (ID 6), VRAM: 178.34 GiB
CUDA device UUID: a9047ee9-473a-2050-e125-75f8a005a35d
CUDA 13.3, device: NVIDIA B200 (ID 7), VRAM: 178.34 GiB
CUDA device UUID: 86ff0bbe-6d2a-ed72-a882-9abe402ba79e
Solving a problem with 160792 constraints, 80396 variables (0 integers), and 399990 nonzeros
Using PSLP presolver
PSLP Presolved problem: 120395 constraints, 80396 variables, 359593 non-zeros
PSLP presolve time: 0.05s
Solving with distributed PDLP on 8 GPUs.
NCCL version 2.30.7+cuda13.3
      0 +0.00000000e+00 +0.00000000e+00  0.00e+00   3.13e+00     2.00e+02   3.314s
   1000 +6.19496271e+02 +9.51135681e+02  3.32e+02   9.02e-02     7.93e+00   3.674s
   2000 +6.18606156e+02 +7.11166332e+03  6.49e+03   8.80e-02     1.08e+02   3.859s
   3000 +6.17673979e+02 +7.13255956e+04  7.07e+04   8.63e-02     9.73e+02   4.043s
   4000 +6.16367416e+02 +3.06289745e+05  3.06e+05   8.45e-02     3.50e+03   4.227s
   5000 +6.14968175e+02 +7.69881926e+05  7.69e+05   8.28e-02     8.12e+03   4.410s
   6000 +6.12937017e+02 +1.57003024e+06  1.57e+06   8.08e-02     1.47e+04   4.599s
   7000 +6.11753447e+02 +3.78320128e+06  3.78e+06   7.98e-02     3.28e+04   4.784s
   8000 +6.09616083e+02 +5.91434399e+06  5.91e+06   7.81e-02     4.84e+04   4.968s
   9000 +6.06679087e+02 +7.92763602e+06  7.93e+06   7.61e-02     6.08e+04   5.154s
  10000 +6.05241013e+02 +1.49351613e+07  1.49e+07   7.52e-02     1.06e+05   5.341s
  11000 +6.03795519e+02 +2.30327726e+07  2.30e+07   7.43e-02     1.56e+05   5.517s
  12000 +6.02231298e+02 +3.08539661e+07  3.09e+07   7.30e-02     1.99e+05   5.693s
  13000 +6.00582661e+02 +3.83325303e+07  3.83e+07   7.15e-02     2.39e+05   5.868s
  14000 +5.98896925e+02 +4.53984762e+07  4.54e+07   6.97e-02     2.77e+05   6.043s
  15000 +5.97946499e+02 +6.26612392e+07  6.27e+07   6.86e-02     3.80e+05   6.220s
  16000 +5.97473493e+02 +8.66421126e+07  8.66e+07   6.77e-02     5.28e+05   6.395s
  17000 +5.96987905e+02 +1.10163706e+08  1.10e+08   6.65e-02     6.75e+05   6.570s
  18000 +5.96492010e+02 +1.33110456e+08  1.33e+08   6.49e-02     8.18e+05   6.745s
  19000 +5.95986299e+02 +1.55333572e+08  1.55e+08   6.30e-02     9.54e+05   6.920s
  20000 +5.95473150e+02 +1.76690592e+08  1.77e+08   6.09e-02     1.08e+06   7.095s
  21000 +5.94950340e+02 +1.97003359e+08  1.97e+08   5.84e-02     1.21e+06   7.270s
  22000 +5.94419132e+02 +2.16045872e+08  2.16e+08   5.57e-02     1.32e+06   7.445s
  23000 +5.93997083e+02 +2.42912245e+08  2.43e+08   5.35e-02     1.48e+06   7.621s
  24000 +5.93743035e+02 +2.82365380e+08  2.82e+08   5.21e-02     1.72e+06   7.797s
  25000 +5.93486424e+02 +3.20262829e+08  3.20e+08   5.05e-02     1.95e+06   7.972s
  26000 +5.93228071e+02 +3.56292304e+08  3.56e+08   4.86e-02     2.17e+06   8.150s
  27000 +5.92968472e+02 +3.90166734e+08  3.90e+08   4.65e-02     2.37e+06   8.326s
  28000 +5.92707923e+02 +4.21633305e+08  4.22e+08   4.41e-02     2.57e+06   8.503s
  29000 +5.92446706e+02 +4.50474106e+08  4.50e+08   4.16e-02     2.74e+06   8.679s
  30000 +5.92185085e+02 +4.76506327e+08  4.77e+08   3.89e-02     2.90e+06   8.855s
  31000 +5.91923199e+02 +4.99581217e+08  5.00e+08   3.61e-02     3.04e+06   9.029s
  32000 +5.91661127e+02 +5.19579971e+08  5.20e+08   3.31e-02     3.16e+06   9.204s
  33000 +5.91398917e+02 +5.36408153e+08  5.36e+08   3.00e-02     3.27e+06   9.379s
  34000 +5.91136594e+02 +5.49990678e+08  5.50e+08   2.69e-02     3.35e+06   9.554s
  35000 +5.90874191e+02 +5.60272114e+08  5.60e+08   2.37e-02     3.41e+06   9.729s
  36000 +5.90590375e+02 +5.71769152e+08  5.72e+08   2.04e-02     3.48e+06   9.906s
  37000 +5.90292119e+02 +5.83290791e+08  5.83e+08   1.70e-02     3.55e+06   10.081s
  38000 +5.89993690e+02 +5.91815871e+08  5.92e+08   1.36e-02     3.60e+06   10.256s
  39000 +5.89695156e+02 +5.97287260e+08  5.97e+08   1.01e-02     3.64e+06   10.431s
  40000 +5.89396582e+02 +5.99678026e+08  6.00e+08   6.64e-03     3.65e+06   10.606s
  41000 +5.89098031e+02 +5.98991306e+08  5.99e+08   3.15e-03     3.65e+06   10.781s
  42000 +5.88799562e+02 +5.95259431e+08  5.95e+08   3.06e-04     3.62e+06   10.958s
  43000 +5.88501232e+02 +5.88542674e+08  5.89e+08   3.70e-03     3.58e+06   11.134s
  44000 +5.88203099e+02 +5.78927591e+08  5.79e+08   7.01e-03     3.52e+06   11.311s
  45000 +5.87905218e+02 +5.66525162e+08  5.67e+08   1.02e-02     3.45e+06   11.488s
  46000 +5.87607638e+02 +5.51469074e+08  5.51e+08   1.33e-02     3.36e+06   11.665s
  47000 +5.87310409e+02 +5.33914407e+08  5.34e+08   1.62e-02     3.25e+06   11.840s
  48000 +5.87013586e+02 +5.14036688e+08  5.14e+08   1.89e-02     3.13e+06   12.015s
  49000 +5.86717249e+02 +4.92030804e+08  4.92e+08   2.15e-02     3.00e+06   12.190s
  50000 +5.86421458e+02 +4.68109450e+08  4.68e+08   2.38e-02     2.85e+06   12.365s
  51000 +5.86126300e+02 +4.42501228e+08  4.43e+08   2.60e-02     2.69e+06   12.539s
  52000 +5.85831833e+02 +4.15448308e+08  4.15e+08   2.79e-02     2.53e+06   12.715s
  53000 +5.85538129e+02 +3.87203494e+08  3.87e+08   2.95e-02     2.36e+06   12.890s
  54000 +5.85245285e+02 +3.58026935e+08  3.58e+08   3.09e-02     2.18e+06   13.065s
  55000 +5.84953361e+02 +3.28182807e+08  3.28e+08   3.20e-02     2.00e+06   13.240s
  56000 +5.84420642e+02 +3.10422809e+08  3.10e+08   3.50e-02     1.89e+06   13.417s
  57000 +5.83727775e+02 +2.99697397e+08  3.00e+08   3.91e-02     1.82e+06   13.592s
  58000 +5.83036010e+02 +2.87503257e+08  2.88e+08   4.30e-02     1.75e+06   13.768s
  59000 +5.82345715e+02 +2.73937361e+08  2.74e+08   4.66e-02     1.67e+06   13.943s
  60000 +5.81657023e+02 +2.59108880e+08  2.59e+08   5.00e-02     1.58e+06   14.118s
  61000 +5.80970369e+02 +2.43138048e+08  2.43e+08   5.31e-02     1.48e+06   14.294s
  62000 +5.80286278e+02 +2.26154916e+08  2.26e+08   5.59e-02     1.38e+06   14.469s
  63000 +5.79604318e+02 +2.08298008e+08  2.08e+08   5.83e-02     1.27e+06   14.644s
  64000 +5.78924632e+02 +1.89712889e+08  1.90e+08   6.04e-02     1.16e+06   14.819s
  65000 +5.78247422e+02 +1.70550663e+08  1.71e+08   6.21e-02     1.04e+06   14.994s
  66000 +5.77573090e+02 +1.50966419e+08  1.51e+08   6.35e-02     9.19e+05   15.169s
  67000 +5.76901736e+02 +1.31117640e+08  1.31e+08   6.45e-02     7.98e+05   15.345s
  68000 +5.76233828e+02 +1.11162580e+08  1.11e+08   6.51e-02     6.77e+05   15.520s
  69000 +5.75569740e+02 +9.12586415e+07  9.13e+07   6.54e-02     5.56e+05   15.695s
  70000 +5.74909894e+02 +7.15607631e+07  7.16e+07   6.52e-02     4.36e+05   15.870s
  71000 +5.74254767e+02 +5.22198641e+07  5.22e+07   6.48e-02     3.18e+05   16.045s
  72000 +5.73605230e+02 +3.33813413e+07  3.34e+07   6.39e-02     2.03e+05   16.221s
  73000 +5.72962658e+02 +1.51836412e+07  1.52e+07   6.28e-02     9.24e+04   16.396s
  74000 +5.72323518e+02 -2.22108798e+06  2.22e+06   6.13e-02     4.87e+04   16.571s
  75000 +5.71634312e+02 -1.74063855e+07  1.74e+07   5.82e-02     2.49e+05   16.747s
  76000 +5.70960723e+02 -2.97589574e+07  2.98e+07   5.41e-02     4.02e+05   16.922s
  77000 +5.70300129e+02 -3.94720606e+07  3.95e+07   4.96e-02     5.12e+05   17.097s
  78000 +5.69653280e+02 -4.67663646e+07  4.68e+07   4.40e-02     6.16e+05   17.274s
  79000 +5.69002990e+02 -5.13685354e+07  5.14e+07   3.83e-02     7.00e+05   17.449s
  80000 +5.68352113e+02 -5.48670518e+07  5.49e+07   3.29e-02     7.45e+05   17.625s
  81000 +5.67709667e+02 -5.70857383e+07  5.71e+07   2.75e-02     7.52e+05   17.800s
  82000 +5.67078619e+02 -5.67393709e+07  5.67e+07   2.17e-02     7.35e+05   17.976s
  83000 +5.66440290e+02 -5.39662616e+07  5.40e+07   1.60e-02     6.98e+05   18.151s
  84000 +5.65801741e+02 -4.87246157e+07  4.87e+07   1.07e-02     6.27e+05   18.326s
  85000 +5.65151359e+02 -4.10290585e+07  4.10e+07   6.28e-03     5.31e+05   18.502s
  86000 +5.64472868e+02 -3.18871074e+07  3.19e+07   4.15e-03     4.34e+05   18.677s
  87000 +5.64085371e+02 -3.05111864e+07  3.05e+07   3.37e-03     4.29e+05   18.854s
  88000 +5.63899439e+02 -3.25489970e+07  3.25e+07   2.05e-03     4.45e+05   19.030s
  89000 +5.63711925e+02 -3.33434903e+07  3.33e+07   1.47e-03     4.29e+05   19.205s
  90000 +5.63522969e+02 -3.34394767e+07  3.34e+07   7.13e-04     4.31e+05   19.380s
  91000 +5.63335079e+02 -3.29394866e+07  3.29e+07   2.75e-04     4.25e+05   19.556s
  92000 +5.63146428e+02 -3.13988704e+07  3.14e+07   6.83e-04     4.04e+05   19.732s
  93000 +5.62955734e+02 -2.93788127e+07  2.94e+07   1.07e-03     3.81e+05   19.907s
  94000 +5.62764070e+02 -2.72881139e+07  2.73e+07   1.46e-03     3.56e+05   20.082s
  95000 +5.62572442e+02 -2.49361722e+07  2.49e+07   1.80e-03     3.25e+05   20.258s
  96000 +5.62379739e+02 -2.23932842e+07  2.24e+07   2.08e-03     2.91e+05   20.433s
  97000 +5.62186564e+02 -1.97774649e+07  1.98e+07   2.30e-03     2.55e+05   20.608s
  98000 +5.61993159e+02 -1.69357568e+07  1.69e+07   2.43e-03     2.18e+05   20.784s
  99000 +5.61798600e+02 -1.38077188e+07  1.38e+07   2.50e-03     1.78e+05   20.960s
 100000 +5.61603013e+02 -1.07454791e+07  1.07e+07   2.52e-03     1.38e+05   21.147s
 101000 +5.61406737e+02 -7.85145335e+06  7.85e+06   2.47e-03     1.03e+05   21.338s
 102000 +5.61209764e+02 -5.16281978e+06  5.16e+06   2.37e-03     6.76e+04   21.534s
 103000 +5.61011977e+02 -2.90456442e+06  2.91e+06   2.22e-03     3.77e+04   21.724s
 104000 +5.60814199e+02 -1.06225606e+06  1.06e+06   2.03e-03     2.16e+04   21.926s
 105000 +5.60616400e+02 +4.95327922e+05  4.95e+05   1.81e-03     2.20e+04   22.142s
 106000 +5.60418323e+02 +1.75177457e+06  1.75e+06   1.57e-03     3.23e+04   22.359s
 107000 +5.60220386e+02 +2.63194114e+06  2.63e+06   1.32e-03     4.14e+04   22.573s
 108000 +5.60022573e+02 +3.21692751e+06  3.22e+06   1.07e-03     4.48e+04   22.773s
 109000 +5.59871898e+02 +4.29594089e+06  4.30e+06   9.86e-04     5.65e+04   22.982s
 110000 +5.59733172e+02 +5.45404484e+06  5.45e+06   9.25e-04     7.10e+04   23.188s
 111000 +5.59594558e+02 +6.46291432e+06  6.46e+06   8.51e-04     8.39e+04   23.393s
 112000 +5.59456027e+02 +7.32854366e+06  7.33e+06   7.65e-04     9.52e+04   23.594s
 113000 +5.59317596e+02 +8.03583232e+06  8.04e+06   6.68e-04     1.04e+05   23.788s
 114000 +5.59179272e+02 +8.55516440e+06  8.55e+06   5.64e-04     1.11e+05   23.993s
 115000 +5.59040976e+02 +8.89518491e+06  8.89e+06   4.55e-04     1.16e+05   24.191s
 116000 +5.58902759e+02 +9.06673692e+06  9.07e+06   3.44e-04     1.18e+05   24.378s
 117000 +5.58764594e+02 +9.06548527e+06  9.06e+06   2.35e-04     1.18e+05   24.564s
 118000 +5.58626493e+02 +8.89464580e+06  8.89e+06   1.29e-04     1.16e+05   24.747s
 119000 +5.58488447e+02 +8.57012564e+06  8.57e+06   3.19e-05     1.12e+05   24.936s
 120000 +5.58350410e+02 +8.09940766e+06  8.10e+06   5.94e-05     1.06e+05   25.147s
 121000 +5.58212341e+02 +7.49783137e+06  7.50e+06   1.38e-04     9.78e+04   25.361s
 122000 +5.58074229e+02 +6.79975223e+06  6.80e+06   2.04e-04     8.87e+04   25.556s
 123000 +5.57936034e+02 +6.03383317e+06  6.03e+06   2.56e-04     7.88e+04   25.746s
 124000 +5.57797766e+02 +5.22709022e+06  5.23e+06   2.94e-04     6.83e+04   25.956s
 125000 +5.57659451e+02 +4.41188525e+06  4.41e+06   3.17e-04     5.76e+04   26.170s
 126000 +5.57521111e+02 +3.61438732e+06  3.61e+06   3.27e-04     4.71e+04   26.377s
 127000 +5.57382769e+02 +2.85169007e+06  2.85e+06   3.23e-04     3.71e+04   26.569s
 128000 +5.57244391e+02 +2.14558115e+06  2.15e+06   3.08e-04     2.79e+04   26.759s
 129000 +5.57105962e+02 +1.51768168e+06  1.52e+06   2.83e-04     1.97e+04   26.964s
 130000 +5.56967541e+02 +9.80343193e+05  9.80e+05   2.49e-04     1.28e+04   27.182s
 131000 +5.56829111e+02 +5.47533673e+05  5.47e+05   2.10e-04     7.16e+03   27.401s
 132000 +5.56317726e+02 +4.28796366e+05  4.28e+05   2.18e-04     5.61e+03   27.609s
 133000 +5.55713778e+02 +3.65355466e+05  3.65e+05   2.36e-04     4.78e+03   27.795s
 134000 +5.55110648e+02 +2.96466710e+05  2.96e+05   2.49e-04     3.88e+03   27.975s
 135000 +5.54508268e+02 +2.24077816e+05  2.24e+05   2.58e-04     2.93e+03   28.154s
 136000 +5.53906877e+02 +1.50119480e+05  1.50e+05   2.62e-04     1.97e+03   28.332s
 137000 +5.53306247e+02 +7.64275312e+04  7.59e+04   2.61e-04     1.01e+03   28.509s
 138000 +5.52706335e+02 +5.00405582e+03  4.45e+03   2.56e-04     2.04e+02   28.690s
 139000 +5.52107632e+02 -6.22319031e+04  6.28e+04   2.46e-04     8.36e+02   28.870s
 140000 +5.51509790e+02 -1.23664738e+05  1.24e+05   2.33e-04     1.63e+03   29.050s
 141000 +5.50913083e+02 -1.77903993e+05  1.78e+05   2.16e-04     2.33e+03   29.227s
 142000 +5.50317458e+02 -2.23800558e+05  2.24e+05   1.96e-04     2.93e+03   29.402s
 143000 +5.49722445e+02 -2.60595283e+05  2.61e+05   1.74e-04     3.41e+03   29.576s
 144000 +5.49127968e+02 -2.87842793e+05  2.88e+05   1.51e-04     3.77e+03   29.751s
 145000 +5.48534330e+02 -3.05323242e+05  3.06e+05   1.28e-04     3.99e+03   29.926s
 146000 +5.47941520e+02 -3.13167555e+05  3.14e+05   1.04e-04     4.10e+03   30.101s
 147000 +5.47349208e+02 -3.11832306e+05  3.12e+05   8.14e-05     4.08e+03   30.275s
 148000 +5.46757618e+02 -3.02023454e+05  3.03e+05   6.01e-05     3.95e+03   30.450s
 149000 +5.46166860e+02 -2.84731651e+05  2.85e+05   4.08e-05     3.73e+03   30.625s
 150000 +5.45576781e+02 -2.61205959e+05  2.62e+05   2.40e-05     3.42e+03   30.799s
 151000 +5.44987338e+02 -2.32817596e+05  2.33e+05   1.00e-05     3.05e+03   30.974s
 152000 +5.44398603e+02 -2.01004776e+05  2.02e+05   9.31e-07     2.63e+03   31.149s
 153000 +5.43810785e+02 -1.67269531e+05  1.68e+05   8.78e-06     2.19e+03   31.324s
 154000 +5.43223608e+02 -1.33055069e+05  1.34e+05   1.35e-05     1.75e+03   31.498s
 155000 +5.42699386e+02 -1.22044452e+05  1.23e+05   1.82e-05     1.61e+03   31.676s
 156000 +5.42191442e+02 -1.14925293e+05  1.15e+05   2.30e-05     1.51e+03   31.853s
 157000 +5.41684176e+02 -1.05951701e+05  1.06e+05   2.73e-05     1.40e+03   32.031s
 158000 +5.41177310e+02 -9.53730898e+04  9.59e+04   3.10e-05     1.26e+03   32.207s
 159000 +5.40670991e+02 -8.34895644e+04  8.40e+04   3.41e-05     1.11e+03   32.383s
 160000 +5.40165289e+02 -7.06382379e+04  7.12e+04   3.65e-05     9.43e+02   32.557s
 161000 +5.39660261e+02 -5.71772329e+04  5.77e+04   3.81e-05     7.72e+02   32.732s
 162000 +5.39155662e+02 -4.34764109e+04  4.40e+04   3.89e-05     6.00e+02   32.906s
 163000 +5.38651764e+02 -2.99072755e+04  3.04e+04   3.89e-05     4.35e+02   33.080s
 164000 +5.38148315e+02 -1.68272704e+04  1.74e+04   3.82e-05     2.91e+02   33.255s
 165000 +5.37645507e+02 -4.56742598e+03  5.11e+03   3.68e-05     2.00e+02   33.429s
 166000 +5.37143381e+02 +6.57766750e+03  6.04e+03   3.48e-05     2.09e+02   33.603s
 167000 +5.36641815e+02 +1.63577078e+04  1.58e+04   3.23e-05     2.86e+02   33.777s
 168000 +5.36140686e+02 +2.45807075e+04  2.40e+04   2.93e-05     3.73e+02   33.952s
 169000 +5.35640148e+02 +3.11127927e+04  3.06e+04   2.61e-05     4.48e+02   34.126s
 170000 +5.35140543e+02 +3.58790522e+04  3.53e+04   2.26e-05     5.05e+02   34.300s
 171000 +5.34641318e+02 +3.88723912e+04  3.83e+04   1.91e-05     5.42e+02   34.474s
 172000 +5.34142539e+02 +4.01423421e+04  3.96e+04   1.57e-05     5.57e+02   34.649s
 173000 +5.33644475e+02 +3.97948705e+04  3.93e+04   1.24e-05     5.53e+02   34.824s
 174000 +5.33147233e+02 +3.79891430e+04  3.75e+04   9.32e-06     5.31e+02   34.998s
 175000 +5.32650407e+02 +3.49240463e+04  3.44e+04   6.61e-06     4.93e+02   35.172s
 176000 +5.32154068e+02 +3.08345276e+04  3.03e+04   4.30e-06     4.44e+02   35.347s
 177000 +5.31658456e+02 +2.59786092e+04  2.54e+04   2.44e-06     3.88e+02   35.521s
 178000 +5.31163527e+02 +2.06242578e+04  2.01e+04   1.05e-06     3.29e+02   35.700s
 179000 +5.30669131e+02 +1.50434794e+04  1.45e+04   1.48e-07     2.72e+02   35.893s
 180000 +5.30175353e+02 +9.49683400e+03  8.97e+03   3.01e-07     2.26e+02   36.076s
 181000 +5.29682147e+02 +4.22485504e+03  3.70e+03   3.09e-07     1.97e+02   36.256s
 182000 +5.29189522e+02 -5.56888694e+02  1.09e+03   8.17e-08     1.89e+02   36.434s
 183000 +5.28776401e+02 -1.36588885e+03  1.89e+03   2.29e-07     1.89e+02   36.610s
 184000 +5.28383452e+02 -1.25960964e+03  1.79e+03   2.73e-07     1.89e+02   36.785s
 185000 +5.27990766e+02 -1.13237216e+03  1.66e+03   3.12e-07     1.89e+02   36.960s
 186000 +5.27598450e+02 -9.87783469e+02  1.52e+03   3.45e-07     1.89e+02   37.134s
 187000 +5.27206539e+02 -8.29260156e+02  1.36e+03   3.70e-07     1.88e+02   37.309s
 188000 +5.26815134e+02 -6.61225783e+02  1.19e+03   3.88e-07     1.88e+02   37.483s
 189000 +5.26424239e+02 -4.89214660e+02  1.02e+03   3.98e-07     1.88e+02   37.657s
 190000 +5.26033588e+02 -3.16885045e+02  8.43e+02   4.01e-07     1.88e+02   37.832s
 191000 +5.25643288e+02 -1.49288658e+02  6.75e+02   3.96e-07     1.88e+02   38.006s
 192000 +5.25253433e+02 +9.23168778e+00  5.16e+02   3.83e-07     1.88e+02   38.181s
 193000 +5.24864006e+02 +1.55195704e+02  3.70e+02   3.64e-07     1.87e+02   38.356s
 194000 +5.24475122e+02 +2.84918284e+02  2.40e+02   3.40e-07     1.87e+02   38.530s
 195000 +5.24086557e+02 +3.95782265e+02  1.28e+02   3.11e-07     1.87e+02   38.705s
 196000 +5.23698358e+02 +4.86066488e+02  3.76e+01   2.79e-07     1.87e+02   38.879s
 197000 +5.23310615e+02 +5.54006742e+02  3.07e+01   2.45e-07     1.87e+02   39.054s
 198000 +5.22923238e+02 +6.00078405e+02  7.72e+01   2.09e-07     1.87e+02   39.229s
 199000 +5.22536270e+02 +6.23879430e+02  1.01e+02   1.74e-07     1.87e+02   39.403s
 200000 +5.22149890e+02 +6.26101876e+02  1.04e+02   1.40e-07     1.87e+02   39.578s
 201000 +5.21763850e+02 +6.09914473e+02  8.82e+01   1.07e-07     1.87e+02   39.752s
 202000 +5.21378253e+02 +5.76111235e+02  5.47e+01   7.83e-08     1.87e+02   39.927s
 203000 +5.20992955e+02 +5.27831154e+02  6.84e+00   5.45e-08     1.87e+02   40.101s
 204000 +5.20607996e+02 +4.70034787e+02  5.06e+01   3.97e-08     1.86e+02   40.276s
 205000 +5.20223773e+02 +4.03008491e+02  1.17e+02   2.87e-08     1.86e+02   40.450s
 206000 +5.19839924e+02 +3.32326284e+02  1.88e+02   3.13e-08     1.86e+02   40.625s
 207000 +5.19456470e+02 +2.61025337e+02  2.58e+02   2.18e-08     1.86e+02   40.801s
 208000 +5.19073319e+02 +1.90635459e+02  3.28e+02   2.57e-08     1.86e+02   40.982s
 209000 +5.18690597e+02 +1.26773288e+02  3.92e+02   3.01e-08     1.86e+02   41.173s
 210000 +5.18308417e+02 +7.00710336e+01  4.48e+02   2.72e-08     1.86e+02   41.385s
 211000 +5.17926720e+02 +2.19971745e+01  4.96e+02   2.61e-08     1.86e+02   41.593s
 212000 +5.17545440e+02 -1.37600003e+01  5.31e+02   3.27e-08     1.86e+02   41.786s
 213000 +5.17164535e+02 -3.85559598e+01  5.56e+02   4.09e-08     1.86e+02   41.999s
 214000 +5.16784093e+02 -5.17928720e+01  5.69e+02   5.42e-08     1.86e+02   42.211s
 215000 +5.16404082e+02 -5.13402313e+01  5.68e+02   6.46e-08     1.85e+02   42.426s
 216000 +5.16024466e+02 -4.17862109e+01  5.58e+02   7.61e-08     1.85e+02   42.628s
 217000 +5.15645411e+02 -2.16918596e+01  5.37e+02   8.58e-08     1.85e+02   42.833s
 218000 +5.15266827e+02 +7.16769509e+00  5.08e+02   9.50e-08     1.85e+02   43.040s
 219000 +5.14888701e+02 +4.06799803e+01  4.74e+02   1.01e-07     1.85e+02   43.239s
 220000 +5.14510897e+02 +7.98295318e+01  4.35e+02   1.06e-07     1.85e+02   43.442s
 221000 +5.14133484e+02 +1.20597505e+02  3.94e+02   1.07e-07     1.85e+02   43.641s
 222000 +5.13756641e+02 +1.60469352e+02  3.53e+02   1.07e-07     1.85e+02   43.826s
 223000 +5.13380391e+02 +1.99198932e+02  3.14e+02   1.02e-07     1.85e+02   44.000s
 224000 +5.13004551e+02 +2.33315117e+02  2.80e+02   9.58e-08     1.85e+02   44.175s
 225000 +5.12629073e+02 +2.61648557e+02  2.51e+02   8.83e-08     1.84e+02   44.350s
 226000 +5.12253996e+02 +2.83631037e+02  2.29e+02   7.99e-08     1.84e+02   44.525s
 227000 +5.11879427e+02 +2.97899476e+02  2.14e+02   6.90e-08     1.84e+02   44.700s
 228000 +5.11505380e+02 +3.04142320e+02  2.07e+02   5.98e-08     1.84e+02   44.875s
 229000 +5.11131862e+02 +3.02358370e+02  2.09e+02   5.25e-08     1.84e+02   45.050s
 230000 +5.10758781e+02 +2.92846923e+02  2.18e+02   4.30e-08     1.84e+02   45.224s
 231000 +5.10386123e+02 +2.76552804e+02  2.34e+02   3.86e-08     1.84e+02   45.399s
 232000 +5.10013957e+02 +2.54265994e+02  2.56e+02   3.13e-08     1.84e+02   45.574s
 233000 +5.09642173e+02 +2.28050953e+02  2.82e+02   3.25e-08     1.84e+02   45.749s
 234000 +5.09270943e+02 +1.97589415e+02  3.12e+02   3.35e-08     1.84e+02   45.924s
 235000 +5.08900300e+02 +1.66380477e+02  3.43e+02   3.74e-08     1.83e+02   46.099s
 236000 +5.08530108e+02 +1.35896067e+02  3.73e+02   3.39e-08     1.83e+02   46.274s
 237000 +5.08160366e+02 +1.05289089e+02  4.03e+02   3.55e-08     1.83e+02   46.449s
 238000 +5.07790993e+02 +7.92800711e+01  4.29e+02   4.53e-08     1.83e+02   46.623s
 239000 +5.07422137e+02 +5.69534487e+01  4.50e+02   4.07e-08     1.83e+02   46.798s
 240000 +5.07053810e+02 +3.90714314e+01  4.68e+02   4.06e-08     1.83e+02   46.973s
 241000 +5.06686111e+02 +2.83859058e+01  4.78e+02   4.64e-08     1.83e+02   47.147s
 242000 +5.06318826e+02 +2.28343547e+01  4.83e+02   5.07e-08     1.83e+02   47.322s
 243000 +5.05951960e+02 +2.34165916e+01  4.83e+02   4.87e-08     1.83e+02   47.497s
 244000 +5.05585624e+02 +3.10029508e+01  4.75e+02   6.01e-08     1.82e+02   47.671s
 245000 +5.05219675e+02 +4.27714304e+01  4.62e+02   6.08e-08     1.82e+02   47.846s
 246000 +5.04854304e+02 +5.98568208e+01  4.45e+02   7.13e-08     1.82e+02   48.020s
 247000 +5.04489549e+02 +8.08433128e+01  4.24e+02   7.06e-08     1.82e+02   48.195s
 248000 +5.04125332e+02 +1.03101303e+02  4.01e+02   7.29e-08     1.82e+02   48.370s
 249000 +5.03761429e+02 +1.27828857e+02  3.76e+02   7.33e-08     1.82e+02   48.546s
 250000 +5.03398074e+02 +1.52207347e+02  3.51e+02   7.28e-08     1.82e+02   48.720s
 251000 +5.03035212e+02 +1.74334436e+02  3.29e+02   7.06e-08     1.82e+02   48.895s
 252000 +5.02672891e+02 +1.95633393e+02  3.07e+02   6.71e-08     1.82e+02   49.070s
 253000 +5.02311100e+02 +2.13188789e+02  2.89e+02   6.65e-08     1.81e+02   49.245s
 254000 +5.01949882e+02 +2.25399174e+02  2.77e+02   5.65e-08     1.81e+02   49.420s
 255000 +5.01589205e+02 +2.34620924e+02  2.67e+02   5.97e-08     1.81e+02   49.594s
 256000 +5.01228894e+02 +2.38193985e+02  2.63e+02   5.06e-08     1.81e+02   49.769s
 257000 +5.00869116e+02 +2.35833983e+02  2.65e+02   4.85e-08     1.81e+02   49.944s
 258000 +5.00509772e+02 +2.30579815e+02  2.70e+02   5.32e-08     1.81e+02   50.119s
 259000 +5.00151298e+02 +2.19907554e+02  2.80e+02   4.56e-08     1.81e+02   50.294s
 260000 +4.99793199e+02 +2.04732963e+02  2.95e+02   4.70e-08     1.81e+02   50.468s
 261000 +4.99435583e+02 +1.89143870e+02  3.10e+02   4.53e-08     1.80e+02   50.643s
 262000 +4.99078435e+02 +1.68498905e+02  3.31e+02   4.70e-08     1.81e+02   50.820s
 263000 +4.98721922e+02 +1.48975163e+02  3.50e+02   4.05e-08     1.80e+02   50.997s
 264000 +4.98365873e+02 +1.29932664e+02  3.68e+02   4.80e-08     1.80e+02   51.174s
 265000 +4.98010318e+02 +1.09691462e+02  3.88e+02   4.23e-08     1.80e+02   51.351s
 266000 +4.97655561e+02 +9.42992093e+01  4.03e+02   4.63e-08     1.80e+02   51.527s
 267000 +4.97301287e+02 +8.02040275e+01  4.17e+02   4.73e-08     1.80e+02   51.702s
 268000 +4.96947416e+02 +6.88839659e+01  4.28e+02   4.65e-08     1.80e+02   51.877s
 269000 +4.96594014e+02 +6.39459724e+01  4.33e+02   5.10e-08     1.80e+02   52.051s
 270000 +4.96241291e+02 +6.07971669e+01  4.35e+02   5.10e-08     1.80e+02   52.226s
 271000 +4.95889160e+02 +6.28099758e+01  4.33e+02   5.24e-08     1.79e+02   52.401s
 272000 +4.95537561e+02 +6.99899200e+01  4.26e+02   5.42e-08     1.79e+02   52.590s
 273000 +4.95186608e+02 +7.86224532e+01  4.17e+02   6.05e-08     1.79e+02   52.796s
 274000 +4.94836172e+02 +9.17738304e+01  4.03e+02   6.27e-08     1.79e+02   53.007s
 275000 +4.94486235e+02 +1.07331007e+02  3.87e+02   6.19e-08     1.79e+02   53.223s
 276000 +4.94136758e+02 +1.23383635e+02  3.71e+02   6.55e-08     1.79e+02   53.429s
 277000 +4.93787944e+02 +1.41573897e+02  3.52e+02   6.20e-08     1.79e+02   53.634s
 278000 +4.93439869e+02 +1.58747543e+02  3.35e+02   5.96e-08     1.78e+02   53.831s
 279000 +4.93092253e+02 +1.74879638e+02  3.18e+02   6.01e-08     1.78e+02   54.048s
 280000 +4.92745302e+02 +1.89683227e+02  3.03e+02   6.51e-08     1.78e+02   54.260s
 281000 +4.92398835e+02 +2.01478356e+02  2.91e+02   6.00e-08     1.78e+02   54.478s
 282000 +4.92052879e+02 +2.10581308e+02  2.81e+02   5.80e-08     1.78e+02   54.690s
 283000 +4.91707546e+02 +2.16159241e+02  2.76e+02   5.79e-08     1.78e+02   54.897s
 284000 +4.91362831e+02 +2.17917927e+02  2.73e+02   5.40e-08     1.78e+02   55.102s
 285000 +4.77803773e+02 +2.63957190e+02  2.14e+02   2.61e-06     1.70e+02   55.319s
 286000 +4.29545039e+02 +4.12786429e+02  1.68e+01   1.23e-05     1.32e+02   55.522s
 287000 +4.05116057e+02 +5.30770024e+02  1.26e+02   1.36e-05     9.28e+01   55.713s
 288000 +4.00318581e+02 +6.16451311e+02  2.16e+02   1.53e-05     4.94e+01   55.912s
 289000 +4.00314868e+02 +6.34297371e+02  2.34e+02   1.24e-05     3.78e+01   56.129s
 290000 +4.00271054e+02 +7.06932406e+02  3.07e+02   6.78e-05     1.51e+00   56.346s
 291000 +3.99783065e+02 +7.06049041e+02  3.06e+02   5.80e-04     1.50e+00   56.530s
 292000 +3.99291414e+02 +7.03938524e+02  3.05e+02   1.07e-03     1.47e+00   56.704s
 293000 +3.98800034e+02 +7.00467543e+02  3.02e+02   1.54e-03     1.44e+00   56.879s
 294000 +3.98309145e+02 +6.95651030e+02  2.97e+02   1.98e-03     1.39e+00   57.054s
 295000 +3.97818923e+02 +6.89654654e+02  2.92e+02   2.36e-03     1.34e+00   57.228s
 296000 +3.97329579e+02 +6.82586515e+02  2.85e+02   2.70e-03     1.27e+00   57.403s
 297000 +3.96841382e+02 +6.74703207e+02  2.78e+02   2.96e-03     1.21e+00   57.578s
 298000 +3.96354432e+02 +6.66324179e+02  2.70e+02   3.16e-03     1.15e+00   57.753s
 299000 +3.95868654e+02 +6.57708230e+02  2.62e+02   3.28e-03     1.10e+00   57.928s
 300000 +3.95384049e+02 +6.49112704e+02  2.54e+02   3.33e-03     1.05e+00   58.103s
 301000 +3.94900505e+02 +6.40756041e+02  2.46e+02   3.31e-03     1.02e+00   58.278s
 302000 +3.94417943e+02 +6.32828489e+02  2.38e+02   3.23e-03     9.95e-01   58.452s
 303000 +3.93936287e+02 +6.25495655e+02  2.32e+02   3.08e-03     9.83e-01   58.627s
 304000 +3.93455452e+02 +6.18925702e+02  2.25e+02   2.88e-03     9.81e-01   58.802s
 305000 +3.92975337e+02 +6.13270266e+02  2.20e+02   2.64e-03     9.85e-01   58.976s
 306000 +3.92495755e+02 +6.08646609e+02  2.16e+02   2.37e-03     9.92e-01   59.151s
 307000 +3.92016571e+02 +6.05140661e+02  2.13e+02   2.08e-03     1.00e+00   59.325s
 308000 +3.91537533e+02 +6.02784344e+02  2.11e+02   1.77e-03     1.01e+00   59.500s
 309000 +3.91058433e+02 +6.01535700e+02  2.10e+02   1.47e-03     1.01e+00   59.674s
 310000 +3.90579149e+02 +6.01312229e+02  2.11e+02   1.17e-03     1.01e+00   59.849s
 311000 +3.90099528e+02 +6.02021773e+02  2.12e+02   9.00e-04     1.01e+00   60.023s
 312000 +3.89619481e+02 +6.03537752e+02  2.14e+02   6.54e-04     1.00e+00   60.198s
 313000 +3.89138925e+02 +6.05731993e+02  2.17e+02   4.43e-04     9.98e-01   60.372s
 314000 +3.88657782e+02 +6.08464192e+02  2.20e+02   2.71e-04     9.92e-01   60.546s
 315000 +3.88175983e+02 +6.11572106e+02  2.23e+02   1.41e-04     9.87e-01   60.721s
 316000 +3.87693496e+02 +6.14882607e+02  2.27e+02   5.56e-05     9.83e-01   60.895s
 317000 +3.87210320e+02 +6.18216382e+02  2.31e+02   1.80e-05     9.81e-01   61.070s
 318000 +3.86556260e+02 +6.20790711e+02  2.34e+02   9.61e-06     9.81e-01   61.246s
 319000 +3.85221041e+02 +6.20785003e+02  2.36e+02   9.82e-06     9.81e-01   61.420s
 320000 +3.83885845e+02 +6.20766339e+02  2.37e+02   1.85e-05     9.81e-01   61.595s
 321000 +3.82550677e+02 +6.20738037e+02  2.38e+02   2.59e-05     9.81e-01   61.769s
 322000 +3.81215537e+02 +6.20704113e+02  2.39e+02   3.08e-05     9.81e-01   61.944s
 323000 +3.79880424e+02 +6.20667234e+02  2.41e+02   3.43e-05     9.81e-01   62.118s
 324000 +3.78545330e+02 +6.20630088e+02  2.42e+02   3.76e-05     9.81e-01   62.293s
 325000 +3.77210243e+02 +6.20593170e+02  2.43e+02   4.08e-05     9.81e-01   62.467s
 326000 +3.75875158e+02 +6.20555222e+02  2.45e+02   4.32e-05     9.81e-01   62.642s
 327000 +3.74540079e+02 +6.20515320e+02  2.46e+02   4.47e-05     9.81e-01   62.816s
 328000 +3.73205010e+02 +6.20473411e+02  2.47e+02   4.53e-05     9.81e-01   62.991s
 329000 +3.71869958e+02 +6.20430695e+02  2.49e+02   4.50e-05     9.81e-01   63.165s
 330000 +3.70534929e+02 +6.20389516e+02  2.50e+02   4.36e-05     9.81e-01   63.340s
 331000 +3.69199920e+02 +6.20352649e+02  2.51e+02   4.14e-05     9.81e-01   63.514s
 332000 +3.67864922e+02 +6.20321467e+02  2.52e+02   3.85e-05     9.81e-01   63.689s
 333000 +3.66529930e+02 +6.20296155e+02  2.54e+02   3.51e-05     9.81e-01   63.864s
 334000 +3.65194938e+02 +6.20276356e+02  2.55e+02   3.13e-05     9.81e-01   64.038s
 335000 +3.63859946e+02 +6.20261235e+02  2.56e+02   2.73e-05     9.81e-01   64.213s
 336000 +3.62524954e+02 +6.20250293e+02  2.58e+02   2.33e-05     9.81e-01   64.388s
 337000 +3.61189965e+02 +6.20243759e+02  2.59e+02   1.93e-05     9.81e-01   64.562s
 338000 +3.59854978e+02 +6.20242247e+02  2.60e+02   1.53e-05     9.81e-01   64.736s
 339000 +3.58519990e+02 +6.20245976e+02  2.62e+02   1.16e-05     9.81e-01   64.911s
 340000 +3.57184996e+02 +6.20254713e+02  2.63e+02   8.24e-06     9.81e-01   65.090s
 341000 +3.55849991e+02 +6.20267389e+02  2.64e+02   5.48e-06     9.81e-01   65.289s
 342000 +3.54514972e+02 +6.20282269e+02  2.66e+02   3.28e-06     9.81e-01   65.505s
 343000 +3.53179943e+02 +6.20297955e+02  2.67e+02   2.02e-06     9.81e-01   65.708s
 344000 +3.51844906e+02 +6.20313603e+02  2.68e+02   1.99e-06     9.81e-01   65.913s
 345000 +3.50509862e+02 +6.20328809e+02  2.70e+02   2.01e-06     9.81e-01   66.128s
 346000 +3.49174814e+02 +6.20343386e+02  2.71e+02   1.43e-06     9.81e-01   66.340s
 347000 +3.47839759e+02 +6.20357213e+02  2.73e+02   8.50e-07     9.81e-01   66.558s
 348000 +3.46504697e+02 +6.20369704e+02  2.74e+02   1.51e-06     9.81e-01   66.764s
 349000 +3.45169627e+02 +6.20379928e+02  2.75e+02   2.73e-06     9.81e-01   66.967s
 350000 +3.43834551e+02 +6.20387105e+02  2.77e+02   4.22e-06     9.81e-01   67.173s
 351000 +3.42499471e+02 +6.20390706e+02  2.78e+02   5.90e-06     9.81e-01   67.368s
 352000 +3.41164393e+02 +6.20390800e+02  2.79e+02   7.55e-06     9.81e-01   67.566s
 353000 +3.39829319e+02 +6.20388028e+02  2.81e+02   9.04e-06     9.81e-01   67.767s
 354000 +3.38494249e+02 +6.20383190e+02  2.82e+02   1.04e-05     9.81e-01   67.960s
 355000 +3.37159183e+02 +6.20376749e+02  2.83e+02   1.15e-05     9.81e-01   68.166s
 356000 +3.35824119e+02 +6.20368949e+02  2.85e+02   1.24e-05     9.81e-01   68.379s
 357000 +3.34489057e+02 +6.20359941e+02  2.86e+02   1.31e-05     9.81e-01   68.595s
 358000 +3.33153999e+02 +6.20349792e+02  2.87e+02   1.34e-05     9.81e-01   68.799s
 359000 +3.31818947e+02 +6.20338937e+02  2.89e+02   1.33e-05     9.81e-01   69.003s
 360000 +3.30483902e+02 +6.20328160e+02  2.90e+02   1.29e-05     9.81e-01   69.205s
 361000 +3.29148864e+02 +6.20318339e+02  2.91e+02   1.22e-05     9.81e-01   69.384s
 362000 +3.27813831e+02 +6.20310202e+02  2.92e+02   1.12e-05     9.81e-01   69.558s
 363000 +3.26478801e+02 +6.20304177e+02  2.94e+02   1.00e-05     9.81e-01   69.733s
 364000 +3.25143771e+02 +6.20300212e+02  2.95e+02   8.73e-06     9.81e-01   69.908s
 365000 +3.23808740e+02 +6.20297984e+02  2.96e+02   7.33e-06     9.81e-01   70.082s
 366000 +3.22473710e+02 +6.20297373e+02  2.98e+02   5.96e-06     9.81e-01   70.257s
 367000 +3.21138679e+02 +6.20298384e+02  2.99e+02   4.66e-06     9.81e-01   70.431s
 368000 +3.19803649e+02 +6.20301120e+02  3.00e+02   3.41e-06     9.81e-01   70.606s
 369000 +3.18468618e+02 +6.20305694e+02  3.02e+02   2.23e-06     9.81e-01   70.781s
 370000 +3.17133583e+02 +6.20312004e+02  3.03e+02   1.25e-06     9.81e-01   70.956s
 371000 +3.15798544e+02 +6.20319565e+02  3.05e+02   5.77e-07     9.81e-01   71.130s
 372000 +3.14463499e+02 +6.20327681e+02  3.06e+02   1.88e-07     9.81e-01   71.305s
 373000 +3.13128449e+02 +6.20335692e+02  3.07e+02   4.93e-07     9.81e-01   71.480s
 374000 +3.11793395e+02 +6.20343033e+02  3.09e+02   8.75e-07     9.81e-01   71.656s
 375000 +3.10458338e+02 +6.20349503e+02  3.10e+02   1.06e-06     9.81e-01   71.831s
 376000 +3.09123280e+02 +6.20355132e+02  3.11e+02   1.23e-06     9.81e-01   72.006s
 377000 +3.07788220e+02 +6.20359889e+02  3.13e+02   1.74e-06     9.81e-01   72.180s
 378000 +3.06453157e+02 +6.20363566e+02  3.14e+02   2.55e-06     9.81e-01   72.354s
 379000 +3.05118092e+02 +6.20365875e+02  3.15e+02   3.46e-06     9.81e-01   72.529s
 380000 +3.03783026e+02 +6.20366512e+02  3.17e+02   4.40e-06     9.81e-01   72.703s
 381000 +3.02447959e+02 +6.20365261e+02  3.18e+02   5.33e-06     9.81e-01   72.878s
 382000 +3.01112894e+02 +6.20362281e+02  3.19e+02   6.18e-06     9.81e-01   73.052s
 383000 +2.99777832e+02 +6.20357961e+02  3.21e+02   6.88e-06     9.81e-01   73.227s
 384000 +2.98442774e+02 +6.20352780e+02  3.22e+02   7.40e-06     9.81e-01   73.401s
 385000 +2.97107719e+02 +6.20347191e+02  3.23e+02   7.76e-06     9.81e-01   73.576s
 386000 +2.95772666e+02 +6.20341456e+02  3.25e+02   7.93e-06     9.81e-01   73.751s
 387000 +2.94437616e+02 +6.20335623e+02  3.26e+02   7.91e-06     9.81e-01   73.926s
 388000 +2.93102567e+02 +6.20329742e+02  3.27e+02   7.69e-06     9.81e-01   74.100s
 389000 +2.91767521e+02 +6.20324077e+02  3.29e+02   7.29e-06     9.81e-01   74.275s
 390000 +2.90432479e+02 +6.20318976e+02  3.30e+02   6.73e-06     9.81e-01   74.449s
 391000 +2.89097440e+02 +6.20314870e+02  3.31e+02   6.01e-06     9.81e-01   74.624s
 392000 +2.87762404e+02 +6.20312155e+02  3.33e+02   5.19e-06     9.81e-01   74.798s
 393000 +2.86427367e+02 +6.20310974e+02  3.34e+02   4.33e-06     9.81e-01   74.973s
 394000 +2.85092331e+02 +6.20311217e+02  3.35e+02   3.46e-06     9.81e-01   75.147s
 395000 +2.83757292e+02 +6.20312635e+02  3.37e+02   2.62e-06     9.81e-01   75.322s
 396000 +2.82422252e+02 +6.20314974e+02  3.38e+02   1.91e-06     9.81e-01   75.496s
 397000 +2.81087211e+02 +6.20318038e+02  3.39e+02   1.36e-06     9.81e-01   75.670s
 398000 +2.79752168e+02 +6.20321840e+02  3.41e+02   9.18e-07     9.81e-01   75.845s
 399000 +2.78417125e+02 +6.20326395e+02  3.42e+02   4.93e-07     9.81e-01   76.019s
 400000 +2.77082079e+02 +6.20331541e+02  3.43e+02   1.45e-07     9.81e-01   76.194s
 401000 +2.75747029e+02 +6.20336969e+02  3.45e+02   7.88e-08     9.81e-01   76.368s
 402000 +2.74411976e+02 +6.20342254e+02  3.46e+02   1.49e-07     9.81e-01   76.543s
 403000 +2.73076920e+02 +6.20346951e+02  3.47e+02   4.98e-07     9.81e-01   76.717s
 404000 +2.71741862e+02 +6.20350723e+02  3.49e+02   9.84e-07     9.81e-01   76.892s
 405000 +2.70406802e+02 +6.20353496e+02  3.50e+02   1.49e-06     9.81e-01   77.066s
 406000 +2.69071742e+02 +6.20355306e+02  3.51e+02   2.02e-06     9.81e-01   77.241s
 407000 +2.67736683e+02 +6.20356238e+02  3.53e+02   2.61e-06     9.81e-01   77.415s
 408000 +2.66401623e+02 +6.20356354e+02  3.54e+02   3.26e-06     9.81e-01   77.590s
 409000 +2.65066562e+02 +6.20355557e+02  3.55e+02   3.89e-06     9.81e-01   77.764s
 410000 +2.63731501e+02 +6.20353705e+02  3.57e+02   4.47e-06     9.81e-01   77.938s
 411000 +2.62396442e+02 +6.20350784e+02  3.58e+02   4.96e-06     9.81e-01   78.113s
 412000 +2.61061384e+02 +6.20346984e+02  3.59e+02   5.35e-06     9.81e-01   78.287s
 413000 +2.59726330e+02 +6.20342600e+02  3.61e+02   5.59e-06     9.81e-01   78.462s
 414000 +2.58391278e+02 +6.20338036e+02  3.62e+02   5.67e-06     9.81e-01   78.636s
 415000 +2.57056230e+02 +6.20333660e+02  3.63e+02   5.62e-06     9.81e-01   78.810s
 416000 +2.55721182e+02 +6.20329649e+02  3.65e+02   5.43e-06     9.81e-01   78.985s
 417000 +2.54386136e+02 +6.20326077e+02  3.66e+02   5.11e-06     9.81e-01   79.160s
 418000 +2.53051092e+02 +6.20322966e+02  3.67e+02   4.68e-06     9.81e-01   79.334s
 419000 +2.51716048e+02 +6.20320366e+02  3.69e+02   4.18e-06     9.81e-01   79.508s
 420000 +2.50381006e+02 +6.20318430e+02  3.70e+02   3.61e-06     9.81e-01   79.683s
 421000 +2.49045965e+02 +6.20317424e+02  3.71e+02   2.99e-06     9.81e-01   79.857s
 422000 +2.47710925e+02 +6.20317526e+02  3.73e+02   2.34e-06     9.81e-01   80.032s
 423000 +2.46375885e+02 +6.20318726e+02  3.74e+02   1.73e-06     9.81e-01   80.207s
 424000 +2.45040843e+02 +6.20320890e+02  3.75e+02   1.19e-06     9.81e-01   80.382s
 425000 +2.43705799e+02 +6.20323744e+02  3.77e+02   7.38e-07     9.81e-01   80.556s
 426000 +2.42370753e+02 +6.20327001e+02  3.78e+02   4.87e-07     9.81e-01   80.731s
 427000 +2.41035705e+02 +6.20330462e+02  3.79e+02   4.95e-07     9.81e-01   80.906s
 428000 +2.39700656e+02 +6.20334058e+02  3.81e+02   4.87e-07     9.81e-01   81.080s
 429000 +2.38365606e+02 +6.20337729e+02  3.82e+02   3.36e-07     9.81e-01   81.255s
 430000 +2.37030554e+02 +6.20341397e+02  3.83e+02   1.97e-07     9.81e-01   81.429s
 431000 +2.35695500e+02 +6.20344898e+02  3.85e+02   4.04e-07     9.81e-01   81.604s
 432000 +2.34360443e+02 +6.20347912e+02  3.86e+02   7.51e-07     9.81e-01   81.779s
 433000 +2.33025385e+02 +6.20350148e+02  3.87e+02   1.19e-06     9.81e-01   81.953s
 434000 +2.31690326e+02 +6.20351450e+02  3.89e+02   1.69e-06     9.81e-01   82.128s
 435000 +2.30355267e+02 +6.20351806e+02  3.90e+02   2.21e-06     9.81e-01   82.303s
 436000 +2.29020208e+02 +6.20351316e+02  3.91e+02   2.69e-06     9.81e-01   82.477s
 437000 +2.27685151e+02 +6.20350158e+02  3.93e+02   3.15e-06     9.81e-01   82.652s
 438000 +2.26350094e+02 +6.20348462e+02  3.94e+02   3.57e-06     9.81e-01   82.826s
 439000 +2.25015038e+02 +6.20346245e+02  3.95e+02   3.93e-06     9.81e-01   83.001s
 440000 +2.23679983e+02 +6.20343523e+02  3.97e+02   4.19e-06     9.81e-01   83.176s
 441000 +2.22344929e+02 +6.20340322e+02  3.98e+02   4.36e-06     9.81e-01   83.351s
 442000 +2.21009876e+02 +6.20336768e+02  3.99e+02   4.42e-06     9.81e-01   83.525s
 443000 +2.19674826e+02 +6.20333135e+02  4.01e+02   4.36e-06     9.81e-01   83.700s
 444000 +2.18339779e+02 +6.20329761e+02  4.02e+02   4.18e-06     9.81e-01   83.875s
 445000 +2.17004733e+02 +6.20326891e+02  4.03e+02   3.90e-06     9.81e-01   84.050s
 446000 +2.15669689e+02 +6.20324648e+02  4.05e+02   3.54e-06     9.81e-01   84.224s
 447000 +2.14334645e+02 +6.20323066e+02  4.06e+02   3.12e-06     9.81e-01   84.399s
 448000 +2.12999600e+02 +6.20322080e+02  4.07e+02   2.65e-06     9.81e-01   84.574s
 449000 +2.11664556e+02 +6.20321656e+02  4.09e+02   2.19e-06     9.81e-01   84.749s
 450000 +2.10329513e+02 +6.20321837e+02  4.10e+02   1.73e-06     9.81e-01   84.924s
 451000 +2.08994470e+02 +6.20322705e+02  4.11e+02   1.28e-06     9.81e-01   85.098s
 452000 +2.07659426e+02 +6.20324313e+02  4.13e+02   8.40e-07     9.81e-01   85.273s
 453000 +2.06324381e+02 +6.20326637e+02  4.14e+02   4.77e-07     9.81e-01   85.448s
 454000 +2.04989335e+02 +6.20329513e+02  4.15e+02   2.22e-07     9.81e-01   85.622s
 455000 +2.03654286e+02 +6.20332638e+02  4.17e+02   9.40e-08     9.81e-01   85.797s
 456000 +2.02319236e+02 +6.20335761e+02  4.18e+02   2.27e-07     9.81e-01   85.972s
 457000 +2.00984183e+02 +6.20338707e+02  4.19e+02   3.67e-07     9.81e-01   86.147s
 458000 +1.99649130e+02 +6.20341383e+02  4.21e+02   4.29e-07     9.81e-01   86.322s
 459000 +1.98314077e+02 +6.20343766e+02  4.22e+02   4.97e-07     9.81e-01   86.497s
 460000 +1.96979022e+02 +6.20345838e+02  4.23e+02   7.23e-07     9.81e-01   86.671s
 461000 +1.95643966e+02 +6.20347500e+02  4.25e+02   1.07e-06     9.81e-01   86.846s
 462000 +1.94308909e+02 +6.20348585e+02  4.26e+02   1.47e-06     9.81e-01   87.021s
 463000 +1.92973851e+02 +6.20348956e+02  4.27e+02   1.89e-06     9.81e-01   87.196s
 464000 +1.91638793e+02 +6.20348512e+02  4.29e+02   2.31e-06     9.81e-01   87.371s
 465000 +1.90303736e+02 +6.20347294e+02  4.30e+02   2.70e-06     9.81e-01   87.545s
 466000 +1.88968680e+02 +6.20345487e+02  4.31e+02   3.03e-06     9.81e-01   87.720s
 467000 +1.87633626e+02 +6.20343302e+02  4.33e+02   3.29e-06     9.81e-01   87.895s
 468000 +1.86298572e+02 +6.20340888e+02  4.34e+02   3.47e-06     9.81e-01   88.070s
 469000 +1.84963520e+02 +6.20338337e+02  4.35e+02   3.58e-06     9.81e-01   88.245s
 470000 +1.83628469e+02 +6.20335697e+02  4.37e+02   3.59e-06     9.81e-01   88.419s
 471000 +1.82293419e+02 +6.20332990e+02  4.38e+02   3.52e-06     9.81e-01   88.594s
 472000 +1.80958370e+02 +6.20330333e+02  4.39e+02   3.37e-06     9.81e-01   88.769s
 473000 +1.79623323e+02 +6.20327917e+02  4.41e+02   3.13e-06     9.81e-01   88.944s
 474000 +1.78288277e+02 +6.20325950e+02  4.42e+02   2.81e-06     9.81e-01   89.119s
 475000 +1.76953233e+02 +6.20324619e+02  4.43e+02   2.44e-06     9.81e-01   89.293s
 476000 +1.75618189e+02 +6.20324006e+02  4.45e+02   2.05e-06     9.81e-01   89.468s
 477000 +1.74283144e+02 +6.20324059e+02  4.46e+02   1.65e-06     9.81e-01   89.643s
 478000 +1.72948099e+02 +6.20324643e+02  4.47e+02   1.26e-06     9.81e-01   89.818s
 479000 +1.71613054e+02 +6.20325676e+02  4.49e+02   9.28e-07     9.81e-01   89.993s
 480000 +1.70278007e+02 +6.20327110e+02  4.50e+02   6.65e-07     9.81e-01   90.168s
 481000 +1.68942961e+02 +6.20328933e+02  4.51e+02   4.41e-07     9.81e-01   90.343s
 482000 +1.67607914e+02 +6.20331155e+02  4.53e+02   2.26e-07     9.81e-01   90.518s
 483000 +1.66272865e+02 +6.20333707e+02  4.54e+02   6.30e-08     9.81e-01   90.693s
 484000 +1.64937815e+02 +6.20336424e+02  4.55e+02   3.35e-08     9.81e-01   90.868s
 485000 +1.63602763e+02 +6.20339081e+02  4.57e+02   7.49e-08     9.81e-01   91.043s
 486000 +1.62267709e+02 +6.20341463e+02  4.58e+02   2.67e-07     9.81e-01   91.218s
 487000 +1.60932654e+02 +6.20343396e+02  4.59e+02   5.13e-07     9.81e-01   91.393s
 488000 +1.59597599e+02 +6.20344836e+02  4.61e+02   7.66e-07     9.81e-01   91.567s
 489000 +1.58262544e+02 +6.20345829e+02  4.62e+02   1.04e-06     9.81e-01   91.742s
 490000 +1.56927488e+02 +6.20346394e+02  4.63e+02   1.36e-06     9.81e-01   91.917s
 491000 +1.55592433e+02 +6.20346517e+02  4.65e+02   1.70e-06     9.81e-01   92.092s
 492000 +1.54257377e+02 +6.20346144e+02  4.66e+02   2.04e-06     9.81e-01   92.266s
 493000 +1.52922320e+02 +6.20345211e+02  4.67e+02   2.35e-06     9.81e-01   92.441s
 494000 +1.51587265e+02 +6.20343694e+02  4.69e+02   2.63e-06     9.81e-01   92.616s
 495000 +1.50252210e+02 +6.20341694e+02  4.70e+02   2.85e-06     9.81e-01   92.791s
 496000 +1.48917157e+02 +6.20339383e+02  4.71e+02   2.99e-06     9.81e-01   92.965s
 497000 +9.82593485e+00 -6.13451190e+01  7.12e+01   3.83e-01     2.87e-05   93.143s
 498000 +5.88948711e+01 -6.20270040e+02  6.79e+02   9.44e-02     1.03e+00   93.320s
 499000 +4.67948087e+01 -6.14763948e+02  6.62e+02   7.61e-02     1.03e+00   93.496s
 500000 +2.94380101e+01 -5.30942568e+02  5.60e+02   7.08e-02     9.67e-01   93.670s
 501000 +1.49578254e+01 -4.83730012e+02  4.99e+02   6.34e-02     8.95e-01   93.845s
 502000 +8.75780811e+00 -2.78543497e+02  2.87e+02   6.89e-02     5.73e-01   94.020s
 503000 +9.84425233e+00 -1.52374711e+02  1.62e+02   6.45e-02     3.48e-01   94.196s
 504000 +1.17800752e+01 -5.72636480e+00  1.75e+01   5.83e-02     1.42e-01   94.371s
 505000 +1.27189931e+01 +1.43214804e+01  1.60e+00   5.57e-02     8.13e-02   94.546s
 506000 +1.32752726e+01 +1.57407825e+01  2.47e+00   5.41e-02     6.14e-02   94.720s
 507000 +1.38581997e+01 +1.91162010e+01  5.26e+00   5.27e-02     5.73e-02   94.895s
 508000 +1.45518338e+01 +2.12546533e+01  6.70e+00   5.12e-02     5.69e-02   95.070s
 509000 +1.53400725e+01 +2.48971800e+01  9.56e+00   4.99e-02     5.76e-02   95.244s
 510000 +1.62598565e+01 +2.67936328e+01  1.05e+01   4.84e-02     5.73e-02   95.419s
 511000 +1.71485881e+01 +2.83130033e+01  1.12e+01   4.70e-02     5.66e-02   95.594s
 512000 +1.80514729e+01 +2.97996091e+01  1.17e+01   4.58e-02     5.48e-02   95.769s
 513000 +1.88615417e+01 +3.08732921e+01  1.20e+01   4.48e-02     5.22e-02   95.944s
 514000 +1.95424703e+01 +3.19514056e+01  1.24e+01   4.39e-02     4.95e-02   96.119s
 515000 +2.01571585e+01 +3.38994175e+01  1.37e+01   4.31e-02     4.71e-02   96.293s
 516000 +2.07481928e+01 +3.54941283e+01  1.47e+01   4.23e-02     4.53e-02   96.468s
 517000 +2.13200861e+01 +3.70403652e+01  1.57e+01   4.16e-02     4.41e-02   96.643s
 518000 +2.19118724e+01 +3.81841043e+01  1.63e+01   4.09e-02     4.35e-02   96.818s
 519000 +2.25035903e+01 +3.83987727e+01  1.59e+01   4.02e-02     4.34e-02   96.992s
 520000 +2.31102092e+01 +4.01688249e+01  1.71e+01   3.95e-02     4.34e-02   97.167s
 521000 +2.36811763e+01 +4.05924074e+01  1.69e+01   3.88e-02     4.31e-02   97.342s
 522000 +2.42893407e+01 +4.09786757e+01  1.67e+01   3.83e-02     4.26e-02   97.517s
 523000 +2.48091111e+01 +4.18312928e+01  1.70e+01   3.77e-02     4.20e-02   97.692s
 524000 +2.53648145e+01 +4.25248234e+01  1.72e+01   3.71e-02     4.15e-02   97.867s
 525000 +2.58600771e+01 +4.33944259e+01  1.75e+01   3.66e-02     4.06e-02   98.042s
 526000 +2.63747114e+01 +4.44528151e+01  1.81e+01   3.60e-02     4.01e-02   98.217s
 527000 +2.68622253e+01 +4.56428277e+01  1.88e+01   3.55e-02     3.95e-02   98.392s
 528000 +2.73830554e+01 +4.63190722e+01  1.89e+01   3.50e-02     3.93e-02   98.567s
 529000 +2.78796716e+01 +4.75063737e+01  1.96e+01   3.43e-02     3.95e-02   98.742s
 530000 +2.84608366e+01 +4.88803938e+01  2.04e+01   3.36e-02     4.08e-02   98.917s
 531000 +2.92385969e+01 +5.30950851e+01  2.39e+01   3.21e-02     5.07e-02   99.092s
 532000 +3.03789601e+01 +5.85327460e+01  2.82e+01   3.00e-02     6.11e-02   99.267s
 533000 +3.21128778e+01 +6.37872617e+01  3.17e+01   2.73e-02     7.03e-02   99.442s
 534000 +3.41280174e+01 +6.70917852e+01  3.30e+01   2.47e-02     7.79e-02   99.617s
 535000 +3.64421226e+01 +6.34270519e+01  2.70e+01   2.24e-02     7.89e-02   99.792s
 536000 +3.85791870e+01 +5.49672656e+01  1.64e+01   2.09e-02     7.27e-02   99.967s
 537000 +3.98700360e+01 +4.54110106e+01  5.54e+00   2.08e-02     6.52e-02   100.142s
 538000 +4.06853186e+01 +3.71870073e+01  3.50e+00   2.06e-02     5.86e-02   100.317s
 539000 +4.08184367e+01 +3.55518690e+01  5.27e+00   1.96e-02     5.50e-02   100.492s
 540000 +4.07361673e+01 +4.03617359e+01  3.74e-01   1.87e-02     4.80e-02   100.667s
 541000 +4.04228074e+01 +4.78429587e+01  7.42e+00   1.92e-02     3.86e-02   100.842s
 542000 +4.05371698e+01 +5.36861372e+01  1.31e+01   1.87e-02     3.65e-02   101.017s
 543000 +4.07444324e+01 +5.56573752e+01  1.49e+01   1.80e-02     3.75e-02   101.193s
 544000 +4.10237377e+01 +5.41890684e+01  1.32e+01   1.76e-02     5.31e-02   101.369s
 545000 +4.13309611e+01 +5.07512807e+01  9.42e+00   1.75e-02     5.47e-02   101.544s
 546000 +4.16263702e+01 +4.54806983e+01  3.85e+00   1.73e-02     5.38e-02   101.719s
 547000 +4.18921218e+01 +4.05950885e+01  1.30e+00   1.71e-02     5.86e-02   101.894s
 548000 +4.21733001e+01 +3.66198723e+01  5.55e+00   1.69e-02     6.49e-02   102.069s
 549000 +4.24467486e+01 +3.41513605e+01  8.30e+00   1.67e-02     7.02e-02   102.245s
 550000 +4.27078763e+01 +3.25058049e+01  1.02e+01   1.64e-02     7.45e-02   102.420s
 551000 +4.29869925e+01 +3.10717895e+01  1.19e+01   1.62e-02     7.85e-02   102.595s
 552000 +4.32832406e+01 +2.99242704e+01  1.34e+01   1.59e-02     8.21e-02   102.770s
 553000 +4.35658883e+01 +2.97207572e+01  1.38e+01   1.56e-02     8.51e-02   102.945s
 554000 +4.38725265e+01 +2.91152701e+01  1.48e+01   1.53e-02     8.86e-02   103.120s
 555000 +4.42138372e+01 +2.86459319e+01  1.56e+01   1.50e-02     9.12e-02   103.295s
 556000 +4.45360995e+01 +2.86937899e+01  1.58e+01   1.47e-02     9.30e-02   103.470s
 557000 +4.48607407e+01 +2.83376192e+01  1.65e+01   1.44e-02     9.57e-02   103.645s
 558000 +4.52202453e+01 +2.83435128e+01  1.69e+01   1.41e-02     9.80e-02   103.820s
 559000 +4.55648082e+01 +2.85208260e+01  1.70e+01   1.37e-02     9.89e-02   103.995s
 560000 +4.58986134e+01 +2.78403946e+01  1.81e+01   1.34e-02     1.01e-01   104.170s
 561000 +4.62585942e+01 +2.79762501e+01  1.83e+01   1.31e-02     1.02e-01   104.345s
 562000 +4.66133079e+01 +2.84869845e+01  1.81e+01   1.28e-02     1.03e-01   104.520s
 563000 +4.69664106e+01 +2.83535286e+01  1.86e+01   1.25e-02     1.04e-01   104.695s
 564000 +4.73168943e+01 +2.90851175e+01  1.82e+01   1.22e-02     1.04e-01   104.870s
 565000 +4.76645463e+01 +2.94830167e+01  1.82e+01   1.19e-02     1.04e-01   105.048s
 566000 +4.80203082e+01 +2.95769709e+01  1.84e+01   1.16e-02     1.05e-01   105.244s
 567000 +4.83617037e+01 +3.01667478e+01  1.82e+01   1.13e-02     1.05e-01   105.444s
 568000 +4.86929788e+01 +3.05755912e+01  1.81e+01   1.10e-02     1.05e-01   105.643s
 569000 +4.90395299e+01 +3.11389382e+01  1.79e+01   1.07e-02     1.05e-01   105.838s
 570000 +4.93683165e+01 +3.16110602e+01  1.78e+01   1.04e-02     1.05e-01   106.051s
 571000 +4.96877599e+01 +3.21426395e+01  1.75e+01   1.01e-02     1.04e-01   106.268s
 572000 +5.00107965e+01 +3.27255291e+01  1.73e+01   9.86e-03     1.04e-01   106.483s
 573000 +5.03317904e+01 +3.33569071e+01  1.70e+01   9.59e-03     1.04e-01   106.698s
 574000 +5.06365725e+01 +3.39443733e+01  1.67e+01   9.33e-03     1.03e-01   106.905s
 575000 +5.09332092e+01 +3.44223077e+01  1.65e+01   9.08e-03     1.02e-01   107.123s
 576000 +5.12427104e+01 +3.50765468e+01  1.62e+01   8.82e-03     1.03e-01   107.332s
 577000 +5.15314211e+01 +3.55335722e+01  1.60e+01   8.58e-03     1.01e-01   107.536s
 578000 +5.18020036e+01 +3.61617841e+01  1.56e+01   8.35e-03     1.00e-01   107.730s
 579000 +5.20634497e+01 +3.68672774e+01  1.52e+01   8.13e-03     9.99e-02   107.925s
 580000 +5.23607777e+01 +3.69784309e+01  1.54e+01   7.88e-03     9.97e-02   108.128s
 581000 +5.26113562e+01 +3.71622893e+01  1.54e+01   7.66e-03     9.80e-02   108.338s
 582000 +5.28519475e+01 +3.86809921e+01  1.42e+01   7.46e-03     9.71e-02   108.532s
 583000 +5.30986465e+01 +3.95254397e+01  1.36e+01   7.26e-03     9.61e-02   108.720s
 584000 +5.33679544e+01 +3.93262514e+01  1.40e+01   7.07e-03     9.58e-02   108.911s
 585000 +5.35799639e+01 +3.93896759e+01  1.42e+01   6.86e-03     9.46e-02   109.106s
 586000 +5.37818171e+01 +4.04036196e+01  1.34e+01   6.68e-03     9.34e-02   109.288s
 587000 +5.40086711e+01 +4.20543837e+01  1.20e+01   6.49e-03     9.24e-02   109.466s
 588000 +5.42394923e+01 +4.20861580e+01  1.22e+01   6.34e-03     9.12e-02   109.642s
 589000 +5.44300187e+01 +4.15609948e+01  1.29e+01   6.15e-03     9.08e-02   109.817s
 590000 +5.45927798e+01 +4.14074678e+01  1.32e+01   5.99e-03     8.97e-02   109.992s
 591000 +5.47901441e+01 +4.29214498e+01  1.19e+01   5.81e-03     8.91e-02   110.166s
 592000 +5.49928202e+01 +4.41454555e+01  1.08e+01   5.63e-03     8.74e-02   110.341s
 593000 +5.51596625e+01 +4.41672354e+01  1.10e+01   5.51e-03     8.57e-02   110.515s
 594000 +5.53142236e+01 +4.44658303e+01  1.08e+01   5.39e-03     8.54e-02   110.689s
 595000 +5.54766465e+01 +4.49635813e+01  1.05e+01   5.25e-03     8.46e-02   110.864s
 596000 +5.56497087e+01 +4.40323068e+01  1.16e+01   5.10e-03     8.34e-02   111.038s
 597000 +5.57969581e+01 +4.43396675e+01  1.15e+01   4.95e-03     8.28e-02   111.213s
 598000 +5.59196342e+01 +4.60242376e+01  9.90e+00   4.81e-03     8.14e-02   111.387s
 599000 +5.60754560e+01 +4.73717040e+01  8.70e+00   4.71e-03     8.01e-02   111.561s
 600000 +5.62166561e+01 +4.73925605e+01  8.82e+00   4.63e-03     7.92e-02   111.737s
 601000 +5.63322831e+01 +4.72805538e+01  9.05e+00   4.53e-03     7.81e-02   111.911s
 602000 +5.64427570e+01 +4.68102988e+01  9.63e+00   4.42e-03     7.75e-02   112.085s
 603000 +5.65734549e+01 +4.69110108e+01  9.66e+00   4.30e-03     7.67e-02   112.260s
 604000 +5.66867394e+01 +4.73006927e+01  9.39e+00   4.17e-03     7.63e-02   112.434s
 605000 +5.67721486e+01 +4.73097624e+01  9.46e+00   4.04e-03     7.47e-02   112.609s
 606000 +5.68808533e+01 +4.81994960e+01  8.68e+00   3.96e-03     7.36e-02   112.783s
 607000 +5.69915688e+01 +5.00710331e+01  6.92e+00   3.88e-03     7.34e-02   112.958s
 608000 +5.70955582e+01 +5.01574840e+01  6.94e+00   3.81e-03     7.14e-02   113.132s
 609000 +5.71857163e+01 +4.96703644e+01  7.52e+00   3.77e-03     7.05e-02   113.307s
 610000 +5.72554784e+01 +5.00828369e+01  7.17e+00   3.73e-03     7.06e-02   113.481s
 611000 +5.73533484e+01 +4.94967469e+01  7.86e+00   3.61e-03     6.96e-02   113.656s
 612000 +5.74414234e+01 +4.84838382e+01  8.96e+00   3.52e-03     6.83e-02   113.830s
 613000 +5.75118704e+01 +4.90039130e+01  8.51e+00   3.43e-03     6.76e-02   114.004s
 614000 +5.75841801e+01 +5.02674165e+01  7.32e+00   3.32e-03     6.71e-02   114.179s
 615000 +5.76476946e+01 +5.10964194e+01  6.55e+00   3.25e-03     6.61e-02   114.353s
 616000 +5.77228580e+01 +5.14222856e+01  6.30e+00   3.20e-03     6.51e-02   114.528s
 617000 +5.77789745e+01 +5.16361078e+01  6.14e+00   3.15e-03     6.43e-02   114.702s
 618000 +5.78401802e+01 +5.17816603e+01  6.06e+00   3.10e-03     6.38e-02   114.877s
 619000 +5.79172806e+01 +5.16666123e+01  6.25e+00   3.04e-03     6.35e-02   115.051s
 620000 +5.79715184e+01 +5.13706857e+01  6.60e+00   2.99e-03     6.28e-02   115.226s
 621000 +5.80204880e+01 +5.14474017e+01  6.57e+00   2.92e-03     6.19e-02   115.400s
 622000 +5.80863768e+01 +5.16272163e+01  6.46e+00   2.87e-03     6.11e-02   115.574s
 623000 +5.81579923e+01 +5.22535520e+01  5.90e+00   2.83e-03     6.04e-02   115.750s
 624000 +5.82173264e+01 +5.22796544e+01  5.94e+00   2.79e-03     5.99e-02   115.924s
 625000 +5.82590576e+01 +5.23129642e+01  5.95e+00   2.74e-03     5.94e-02   116.099s
 626000 +5.82986981e+01 +5.21266016e+01  6.17e+00   2.70e-03     5.86e-02   116.274s
 627000 +5.83554833e+01 +5.23801257e+01  5.98e+00   2.64e-03     5.75e-02   116.448s
 628000 +5.84072223e+01 +5.20895793e+01  6.32e+00   2.58e-03     5.70e-02   116.622s
 629000 +5.84426998e+01 +5.24624008e+01  5.98e+00   2.54e-03     5.65e-02   116.796s
 630000 +5.84876894e+01 +5.32819249e+01  5.21e+00   2.48e-03     5.62e-02   116.971s
 631000 +5.85174490e+01 +5.35845763e+01  4.93e+00   2.43e-03     5.57e-02   117.145s
 632000 +5.85425643e+01 +5.35570511e+01  4.99e+00   2.41e-03     5.44e-02   117.319s
 633000 +5.85850764e+01 +5.37078397e+01  4.88e+00   2.38e-03     5.40e-02   117.494s
 634000 +5.86208344e+01 +5.35730625e+01  5.05e+00   2.36e-03     5.36e-02   117.668s
 635000 +5.86739546e+01 +5.37449842e+01  4.93e+00   2.32e-03     5.31e-02   117.842s
 636000 +5.87004177e+01 +5.34921030e+01  5.21e+00   2.28e-03     5.30e-02   118.017s
 637000 +5.87104147e+01 +5.34539396e+01  5.26e+00   2.25e-03     5.25e-02   118.191s
 638000 +5.87529745e+01 +5.35983371e+01  5.15e+00   2.19e-03     5.20e-02   118.366s
 639000 +5.87891983e+01 +5.36201778e+01  5.17e+00   2.16e-03     5.11e-02   118.540s
 640000 +5.88274397e+01 +5.37235984e+01  5.10e+00   2.13e-03     5.07e-02   118.714s
 641000 +5.88583633e+01 +5.44679575e+01  4.39e+00   2.10e-03     5.04e-02   118.889s
 642000 +5.88812454e+01 +5.45440671e+01  4.34e+00   2.08e-03     5.02e-02   119.064s
 643000 +5.89171886e+01 +5.44374354e+01  4.48e+00   2.05e-03     4.96e-02   119.263s
 644000 +5.89416049e+01 +5.44374967e+01  4.50e+00   2.03e-03     4.93e-02   119.473s
 645000 +5.89633152e+01 +5.44822771e+01  4.48e+00   2.01e-03     4.87e-02   119.681s
 646000 +5.89972709e+01 +5.46719350e+01  4.33e+00   1.98e-03     4.81e-02   119.874s
 647000 +5.90277221e+01 +5.47851778e+01  4.24e+00   1.96e-03     4.78e-02   120.068s
 648000 +5.90426445e+01 +5.47090777e+01  4.33e+00   1.94e-03     4.70e-02   120.252s
 649000 +5.90665879e+01 +5.49720715e+01  4.09e+00   1.92e-03     4.67e-02   120.430s
 650000 +5.90922552e+01 +5.51045773e+01  3.99e+00   1.90e-03     4.62e-02   120.607s
 651000 +5.91158294e+01 +5.51624854e+01  3.95e+00   1.88e-03     4.58e-02   120.784s
 652000 +5.91239855e+01 +5.53435853e+01  3.78e+00   1.85e-03     4.55e-02   120.963s
 653000 +5.91226800e+01 +5.53103427e+01  3.81e+00   1.83e-03     4.50e-02   121.144s
 654000 +5.91450114e+01 +5.54648252e+01  3.68e+00   1.80e-03     4.47e-02   121.321s
 655000 +5.91628199e+01 +5.54298924e+01  3.73e+00   1.78e-03     4.38e-02   121.498s
 656000 +5.91803603e+01 +5.51463105e+01  4.03e+00   1.77e-03     4.35e-02   121.676s
 657000 +5.91963149e+01 +5.53484171e+01  3.85e+00   1.76e-03     4.34e-02   121.853s
 658000 +5.92142404e+01 +5.54848020e+01  3.73e+00   1.73e-03     4.33e-02   122.031s
 659000 +5.92334418e+01 +5.51521970e+01  4.08e+00   1.70e-03     4.29e-02   122.208s
 660000 +5.92432371e+01 +5.52795877e+01  3.96e+00   1.68e-03     4.24e-02   122.385s
 661000 +5.93511262e+01 +5.44592284e+01  4.89e+00   1.55e-03     4.09e-02   122.564s
 662000 +5.94952564e+01 +5.34574939e+01  6.04e+00   1.46e-03     4.08e-02   122.742s
 663000 +5.96448280e+01 +5.31547533e+01  6.49e+00   1.37e-03     4.08e-02   122.919s
 664000 +5.97868704e+01 +5.35824433e+01  6.20e+00   1.29e-03     4.07e-02   123.096s
 665000 +5.99265784e+01 +5.41526587e+01  5.77e+00   1.22e-03     3.99e-02   123.273s
 666000 +6.00630428e+01 +5.48109570e+01  5.25e+00   1.20e-03     3.98e-02   123.448s
 667000 +6.01906225e+01 +5.53157917e+01  4.87e+00   1.18e-03     3.93e-02   123.623s
 668000 +6.03115800e+01 +5.55280237e+01  4.78e+00   1.16e-03     3.90e-02   123.801s
 669000 +6.04295716e+01 +5.55838372e+01  4.85e+00   1.15e-03     3.87e-02   123.977s
 670000 +6.05407622e+01 +5.57501208e+01  4.79e+00   1.13e-03     3.83e-02   124.152s
 671000 +6.06431810e+01 +5.59921422e+01  4.65e+00   1.10e-03     3.79e-02   124.327s
 672000 +6.07388184e+01 +5.63505393e+01  4.39e+00   1.07e-03     3.74e-02   124.501s
 673000 +6.08239962e+01 +5.68830950e+01  3.94e+00   1.06e-03     3.69e-02   124.676s
 674000 +6.09038071e+01 +5.73703002e+01  3.53e+00   1.05e-03     3.63e-02   124.851s
 675000 +6.09748302e+01 +5.76895093e+01  3.29e+00   1.05e-03     3.56e-02   125.026s
 676000 +6.10742148e+01 +5.77976662e+01  3.28e+00   1.07e-03     3.45e-02   125.202s
 677000 +6.13106088e+01 +5.77702766e+01  3.54e+00   1.14e-03     3.43e-02   125.377s
 678000 +6.15412064e+01 +5.78731470e+01  3.67e+00   1.24e-03     3.40e-02   125.551s
 679000 +6.17614886e+01 +5.81273534e+01  3.63e+00   1.44e-03     3.31e-02   125.726s
 680000 +6.19628100e+01 +5.84085507e+01  3.55e+00   1.63e-03     3.13e-02   125.909s
 681000 +6.21380950e+01 +5.86506516e+01  3.49e+00   1.74e-03     3.02e-02   126.102s
 682000 +6.22898441e+01 +5.90385316e+01  3.25e+00   1.88e-03     2.88e-02   126.285s
 683000 +6.24125318e+01 +5.93510689e+01  3.06e+00   1.98e-03     2.78e-02   126.460s
 684000 +6.25142620e+01 +5.95830640e+01  2.93e+00   2.05e-03     2.65e-02   126.635s
 685000 +6.25932769e+01 +5.96726134e+01  2.92e+00   2.13e-03     2.43e-02   126.809s
 686000 +6.28138875e+01 +5.96795125e+01  3.13e+00   2.80e-03     2.18e-02   126.986s
 687000 +6.31164396e+01 +5.96976854e+01  3.42e+00   2.87e-03     2.01e-02   127.160s
 688000 +6.33371710e+01 +5.97022387e+01  3.63e+00   2.89e-03     1.77e-02   127.335s
 689000 +6.34958126e+01 +6.01148946e+01  3.38e+00   3.02e-03     1.63e-02   127.511s
 690000 +6.36064614e+01 +6.05593597e+01  3.05e+00   3.14e-03     1.37e-02   127.686s
 691000 +6.39697729e+01 +6.06476990e+01  3.32e+00   5.82e-03     1.01e-02   127.862s
 692000 +6.43092210e+01 +6.05899463e+01  3.72e+00   5.65e-03     7.22e-03   128.037s
 693000 +6.44633761e+01 +6.06258515e+01  3.84e+00   5.41e-03     4.72e-03   128.212s
 694000 +6.46013316e+01 +6.07603553e+01  3.84e+00   5.00e-03     3.55e-03   128.388s
 695000 +6.48417068e+01 +6.08094960e+01  4.03e+00   4.99e-03     1.13e-03   128.563s
 696000 +6.50009109e+01 +6.08961745e+01  4.10e+00   4.26e-03     7.46e-04   128.739s
 697000 +6.50984890e+01 +6.09756111e+01  4.12e+00   4.26e-03     6.89e-04   128.914s
 698000 +6.51210963e+01 +6.10259485e+01  4.10e+00   4.42e-03     6.56e-04   129.089s
 699000 +6.51431609e+01 +6.10358784e+01  4.11e+00   4.67e-03     6.03e-04   129.264s
 700000 +6.51957664e+01 +6.10081188e+01  4.19e+00   4.88e-03     5.45e-04   129.438s
 701000 +6.52851669e+01 +6.09711159e+01  4.31e+00   4.99e-03     4.93e-04   129.613s
 702000 +6.53914497e+01 +6.09514699e+01  4.44e+00   5.01e-03     4.46e-04   129.788s
 703000 +6.54991337e+01 +6.09521440e+01  4.55e+00   5.01e-03     3.93e-04   129.962s
 704000 +6.55449540e+01 +6.09675498e+01  4.58e+00   5.06e-03     3.14e-04   130.139s
 705000 +6.55736626e+01 +6.09783462e+01  4.60e+00   5.10e-03     2.47e-04   130.313s
 706000 +6.55878248e+01 +6.09881093e+01  4.60e+00   5.12e-03     1.95e-04   130.488s
 707000 +6.55911326e+01 +6.09987176e+01  4.59e+00   5.11e-03     1.59e-04   130.664s
 708000 +6.55838608e+01 +6.10085936e+01  4.58e+00   5.09e-03     1.36e-04   130.839s
 709000 +6.55615032e+01 +6.10193389e+01  4.54e+00   5.05e-03     1.38e-04   131.013s
 710000 +6.55237101e+01 +6.10271120e+01  4.50e+00   4.99e-03     1.58e-04   131.188s
 711000 +6.54714684e+01 +6.10351495e+01  4.44e+00   4.91e-03     1.93e-04   131.363s
 712000 +6.54079155e+01 +6.10424850e+01  4.37e+00   4.83e-03     2.34e-04   131.538s
 713000 +6.53342552e+01 +6.10504859e+01  4.28e+00   4.73e-03     2.81e-04   131.712s
 714000 +6.52486782e+01 +6.10583961e+01  4.19e+00   4.63e-03     3.30e-04   131.887s
 715000 +6.51495475e+01 +6.10661438e+01  4.08e+00   4.51e-03     3.79e-04   132.062s
 716000 +6.50385630e+01 +6.10753613e+01  3.96e+00   4.38e-03     4.27e-04   132.237s
 717000 +6.49197812e+01 +6.10823591e+01  3.84e+00   4.24e-03     4.72e-04   132.412s
 718000 +6.47925375e+01 +6.10870816e+01  3.71e+00   4.08e-03     5.15e-04   132.587s
 719000 +6.46569931e+01 +6.10915788e+01  3.57e+00   3.91e-03     5.54e-04   132.761s
 720000 +6.45144452e+01 +6.10979781e+01  3.42e+00   3.73e-03     5.90e-04   132.936s
 721000 +6.43650317e+01 +6.11049273e+01  3.26e+00   3.54e-03     6.23e-04   133.111s
 722000 +6.42096283e+01 +6.11112730e+01  3.10e+00   3.36e-03     6.52e-04   133.286s
 723000 +6.40471931e+01 +6.11167032e+01  2.93e+00   3.17e-03     6.77e-04   133.461s
 724000 +6.38798174e+01 +6.11204112e+01  2.76e+00   2.98e-03     6.99e-04   133.636s
 725000 +6.37107912e+01 +6.11224832e+01  2.59e+00   2.78e-03     7.16e-04   133.811s
 726000 +6.35415428e+01 +6.11229240e+01  2.42e+00   2.59e-03     7.29e-04   133.986s
 727000 +6.33736747e+01 +6.11239603e+01  2.25e+00   2.39e-03     7.39e-04   134.161s
 728000 +6.32062222e+01 +6.11266054e+01  2.08e+00   2.20e-03     7.45e-04   134.336s
 729000 +6.30399130e+01 +6.11269473e+01  1.91e+00   2.02e-03     7.05e-04   134.510s
 730000 +6.29153009e+01 +6.10976281e+01  1.82e+00   2.17e-03     2.97e-04   134.685s
 731000 +6.28834072e+01 +6.10644902e+01  1.82e+00   2.16e-03     2.99e-04   134.862s
 732000 +6.29091643e+01 +6.10262304e+01  1.88e+00   2.17e-03     1.89e-04   135.037s
 733000 +6.29591069e+01 +6.09739624e+01  1.99e+00   2.14e-03     1.72e-04   135.212s
 734000 +6.30022927e+01 +6.09394809e+01  2.06e+00   2.10e-03     1.72e-04   135.386s
 735000 +6.30268405e+01 +6.09414928e+01  2.09e+00   2.05e-03     1.59e-04   135.561s
 736000 +6.30424609e+01 +6.09681947e+01  2.07e+00   2.01e-03     1.28e-04   135.736s
 737000 +6.30495780e+01 +6.09946935e+01  2.05e+00   1.99e-03     9.73e-05   135.911s
 738000 +6.30484101e+01 +6.10098723e+01  2.04e+00   2.00e-03     8.90e-05   136.086s
 739000 +6.30382004e+01 +6.10143726e+01  2.02e+00   2.01e-03     8.48e-05   136.261s
 740000 +6.30245936e+01 +6.10135111e+01  2.01e+00   2.01e-03     8.75e-05   136.436s
 741000 +6.30275236e+01 +6.09544483e+01  2.07e+00   2.01e-03     2.42e-04   136.612s
 742000 +6.30334147e+01 +6.09085441e+01  2.12e+00   2.00e-03     3.87e-04   136.787s
 743000 +6.30384088e+01 +6.08534092e+01  2.18e+00   1.98e-03     6.56e-04   136.962s
 744000 +6.30379945e+01 +6.08531483e+01  2.18e+00   1.94e-03     8.64e-04   137.137s
 745000 +6.30303682e+01 +6.09187031e+01  2.11e+00   1.89e-03     1.05e-03   137.312s
 746000 +6.30155042e+01 +6.10145700e+01  2.00e+00   1.85e-03     1.23e-03   137.487s
 747000 +6.29942305e+01 +6.11002208e+01  1.89e+00   1.81e-03     1.42e-03   137.661s
 748000 +6.29678956e+01 +6.11824102e+01  1.79e+00   1.77e-03     1.64e-03   137.836s
 749000 +6.29362063e+01 +6.12482046e+01  1.69e+00   1.73e-03     1.87e-03   138.011s
 750000 +6.29010857e+01 +6.12782622e+01  1.62e+00   1.68e-03     2.08e-03   138.186s
 751000 +6.28613314e+01 +6.12825666e+01  1.58e+00   1.63e-03     2.28e-03   138.361s
 752000 +6.28191853e+01 +6.13024621e+01  1.52e+00   1.56e-03     2.47e-03   138.536s
 753000 +6.27767548e+01 +6.13356114e+01  1.44e+00   1.50e-03     2.64e-03   138.710s
 754000 +6.27312008e+01 +6.13778087e+01  1.35e+00   1.44e-03     2.79e-03   138.890s
 755000 +6.26829422e+01 +6.14404843e+01  1.24e+00   1.39e-03     2.93e-03   139.078s
 756000 +6.26305108e+01 +6.14963040e+01  1.13e+00   1.34e-03     3.07e-03   139.271s
 757000 +6.25744407e+01 +6.15066316e+01  1.07e+00   1.28e-03     3.20e-03   139.464s
 758000 +6.25167964e+01 +6.14925126e+01  1.02e+00   1.22e-03     3.30e-03   139.650s
 759000 +6.24604573e+01 +6.14684126e+01  9.92e-01   1.15e-03     3.38e-03   139.835s
 760000 +6.24074327e+01 +6.14523808e+01  9.55e-01   1.09e-03     3.45e-03   140.036s
 761000 +6.23563714e+01 +6.14567425e+01  9.00e-01   1.03e-03     3.49e-03   140.253s
 762000 +6.23042902e+01 +6.15114911e+01  7.93e-01   9.79e-04     3.53e-03   140.463s
 763000 +6.22483977e+01 +6.15682493e+01  6.80e-01   9.23e-04     3.57e-03   140.667s
 764000 +6.21895167e+01 +6.15900181e+01  5.99e-01   8.65e-04     3.58e-03   140.871s
 765000 +6.21304335e+01 +6.16035332e+01  5.27e-01   8.14e-04     3.58e-03   141.084s
 766000 +6.20744021e+01 +6.16034839e+01  4.71e-01   7.69e-04     3.56e-03   141.295s
 767000 +6.20451404e+01 +6.15333906e+01  5.12e-01   7.23e-04     3.66e-03   141.507s
 768000 +6.20130136e+01 +6.14526952e+01  5.60e-01   6.89e-04     3.75e-03   141.709s
 769000 +6.19813034e+01 +6.13971095e+01  5.84e-01   6.58e-04     3.81e-03   141.912s
 770000 +6.19523052e+01 +6.13962540e+01  5.56e-01   6.29e-04     3.86e-03   142.123s
 771000 +6.19230628e+01 +6.14760267e+01  4.47e-01   6.02e-04     3.89e-03   142.339s
 772000 +6.18900625e+01 +6.15426352e+01  3.47e-01   5.78e-04     3.92e-03   142.541s
 773000 +6.18538084e+01 +6.16017238e+01  2.52e-01   5.59e-04     3.93e-03   142.737s
 774000 +6.18168369e+01 +6.16762677e+01  1.41e-01   5.42e-04     3.94e-03   142.934s
 775000 +6.17800261e+01 +6.17315827e+01  4.84e-02   5.26e-04     3.94e-03   143.131s
 775600 +6.17580999e+01 +6.17463958e+01  1.17e-02   5.16e-04     3.94e-03   143.254s
LP Solver status:                Optimal
Primal objective:                +6.17580999e+01
Dual objective:                  +6.17463958e+01
Duality gap (abs/rel):           +1.17e-02 / +9.40e-05
Primal infeasibility (abs/rel):  +5.16e-04 / +9.51e-05
Dual infeasibility (abs/rel):    +3.94e-03 / +1.96e-05
PDLP finished
Status: Optimal   Objective: 6.17580999e+01  Iterations: 775600  Time: 143.266s

### exit_code=0
### finished=2026-08-09T19:14:51.251958
### gpu_peak_mb=5274.4
### gpu_peak2_mb=5210.4
### per_gpu_peak_mb=[5274.375, 5210.375, 5210.375, 5210.375, 5210.375, 5210.375, 5210.375, 5210.375]
