### solver=cuopt-distributed
### instance=/home/scratch.cmaes_sw/hans_lps/degme.mps
### n_gpus=8
### CUDA_VISIBLE_DEVICES=0,1,2,3,4,5,6,7
### started=2026-08-09T19:13:34.501639
### argv=/home/scratch.vmostovoi_gpu/mostovoi_cuopt/cpp/build/cuopt_cli --method 1 --mps-reader experimental-fast --time-limit 3600 --iteration-limit 1000000000 --relative-primal-tolerance 1e-4 --relative-dual-tolerance 1e-4 --relative-gap-tolerance 1e-4 --log-to-console true --num-gpus 8 /home/scratch.cmaes_sw/hans_lps/degme.mps
### --- solver output ---
Setting parameter iteration_limit to 1000000000
Setting parameter log_to_console to true
Setting parameter method to 1
Setting parameter num_gpus to 8
Setting parameter relative_dual_tolerance to 1.000000e-04
Setting parameter relative_gap_tolerance to 1.000000e-04
Setting parameter relative_primal_tolerance to 1.000000e-04
Setting parameter time_limit to 3.600000e+03
Reading file degme.mps
Using experimental fast MPS parser for '/home/scratch.cmaes_sw/hans_lps/degme.mps'
Read file degme.mps in 0.49 seconds
cuOpt version: 26.10.0, git hash: f3ebc673, host arch: x86_64, device archs: 100a-real
CPU: INTEL(R) XEON(R) PLATINUM 8570, threads (physical/logical): 112/224, RAM (available/total): 1570.21 / 2015.54 GiB
CUDA 13.3, device: NVIDIA B200 (ID 0), VRAM: 178.34 GiB
CUDA device UUID: 681a378c-9967-0edf-3943-b009e5595378
CUDA 13.3, device: NVIDIA B200 (ID 1), VRAM: 178.34 GiB
CUDA device UUID: f362e9ae-1176-2fdc-bc5f-44f36e3f008b
CUDA 13.3, device: NVIDIA B200 (ID 2), VRAM: 178.34 GiB
CUDA device UUID: 12fd6dd7-3383-bd42-35f5-31ce1246a7b2
CUDA 13.3, device: NVIDIA B200 (ID 3), VRAM: 178.34 GiB
CUDA device UUID: bf38f101-598c-c6a6-4396-7a12a540e9b0
CUDA 13.3, device: NVIDIA B200 (ID 4), VRAM: 178.34 GiB
CUDA device UUID: 18e03214-c1f8-c0cc-2376-566dd06569da
CUDA 13.3, device: NVIDIA B200 (ID 5), VRAM: 178.34 GiB
CUDA device UUID: a614b617-6398-7625-f7e1-08fd2ec48ca6
CUDA 13.3, device: NVIDIA B200 (ID 6), VRAM: 178.34 GiB
CUDA device UUID: 30d73ef0-1aa5-e1c9-bd4a-2c000df06cde
CUDA 13.3, device: NVIDIA B200 (ID 7), VRAM: 178.34 GiB
CUDA device UUID: 303952f7-5df8-2cb3-91d7-e18ea6249e44
Solving a problem with 185501 constraints, 659415 variables (0 integers), and 8127528 nonzeros
Using PSLP presolver
PSLP Presolved problem: 185501 constraints, 659415 variables, 8127528 non-zeros
PSLP presolve time: 0.53s
Solving with distributed PDLP on 8 GPUs.
NCCL version 2.30.7+cuda13.3
      0 +0.00000000e+00 +0.00000000e+00  0.00e+00   8.16e+06     1.06e+03   5.048s
   1000 -4.68610599e+06 -4.68429987e+06  1.81e+03   3.34e+02     4.16e-01   5.420s
   2000 -4.68980612e+06 -4.68519236e+06  4.61e+03   1.46e+03     2.42e-01   5.605s
   3000 -4.70980348e+06 -4.68574958e+06  2.41e+04   1.09e+04     1.95e-01   5.790s
   4000 -4.73385515e+06 -4.68734512e+06  4.65e+04   2.43e+04     1.29e-01   5.976s
   5000 -4.74574558e+06 -4.69062929e+06  5.51e+04   3.18e+04     7.18e-02   6.159s
   6000 -4.71767067e+06 -4.69318338e+06  2.45e+04   1.52e+04     7.05e-02   6.344s
   7000 -4.70155587e+06 -4.69482828e+06  6.73e+03   5.67e+03     6.47e-02   6.528s
   8000 -4.69345425e+06 -4.69438042e+06  9.26e+02   7.26e+02     5.44e-02   6.712s
LP Solver status:                Optimal
Primal objective:                -4.69345425e+06
Dual objective:                  -4.69438042e+06
Duality gap (abs/rel):           +9.26e+02 / +9.87e-05
Primal infeasibility (abs/rel):  +7.26e+02 / +8.90e-05
Dual infeasibility (abs/rel):    +5.44e-02 / +5.11e-05
PDLP finished
Status: Optimal   Objective: -4.69345425e+06  Iterations: 8000  Time: 6.746s

### exit_code=0
### finished=2026-08-09T19:13:49.738416
### gpu_peak_mb=5530.4
### gpu_peak2_mb=5274.4
### per_gpu_peak_mb=[5530.375, 5274.375, 5274.375, 5274.375, 5274.375, 5274.375, 5274.375, 5274.375]
