### solver=cuopt-distributed
### instance=/home/scratch.vmostovoi_gpu/datasets/mittleman_mps/dlr2.mps
### n_gpus=8
### CUDA_VISIBLE_DEVICES=0,1,2,3,4,5,6,7
### started=2026-07-23T13:31:44.587530
### argv=/home/scratch.vmostovoi_gpu/mostovoi_cuopt/cpp/build/cuopt_cli --use-distributed-pdlp true --method 1 --mps-reader experimental-fast --time-limit 3600 --iteration-limit 1000000000 --relative-primal-tolerance 1e-4 --relative-dual-tolerance 1e-4 --relative-gap-tolerance 1e-4 --log-to-console true /home/scratch.vmostovoi_gpu/datasets/mittleman_mps/dlr2.mps
### --- solver output ---
Setting parameter iteration_limit to 1000000000
Setting parameter log_to_console to true
Setting parameter method to 1
Setting parameter relative_dual_tolerance to 1.000000e-04
Setting parameter relative_gap_tolerance to 1.000000e-04
Setting parameter relative_primal_tolerance to 1.000000e-04
Setting parameter time_limit to 3.600000e+03
Setting parameter use_distributed_pdlp to true
Reading file dlr2.mps
Using experimental fast MPS parser for '/home/scratch.vmostovoi_gpu/datasets/mittleman_mps/dlr2.mps'
Read file dlr2.mps in 8.51 seconds
cuOpt version: 26.8.0, git hash: 7116ead1, host arch: x86_64, device archs: 100a-real
CPU: INTEL(R) XEON(R) PLATINUM 8570, threads (physical/logical): 112/224, RAM: 1584.99 GiB
CUDA 13.3, device: NVIDIA B200 (ID 0), VRAM: 178.34 GiB
CUDA device UUID: 8a66a624-18d0-b6e2-3a57-51f9c8ee79d5
CUDA 13.3, device: NVIDIA B200 (ID 1), VRAM: 178.34 GiB
CUDA device UUID: a95cef4d-4b2e-b2ec-e608-339df4d73538
CUDA 13.3, device: NVIDIA B200 (ID 2), VRAM: 178.34 GiB
CUDA device UUID: d7aa3a8f-e107-db98-5d88-0e5576cb471c
CUDA 13.3, device: NVIDIA B200 (ID 3), VRAM: 178.34 GiB
CUDA device UUID: b7bc8c92-020e-76f0-25f2-f1ece267cc9e
CUDA 13.3, device: NVIDIA B200 (ID 4), VRAM: 178.34 GiB
CUDA device UUID: 43eb1646-5a5c-dae1-8224-2915cd8310c0
CUDA 13.3, device: NVIDIA B200 (ID 5), VRAM: 178.34 GiB
CUDA device UUID: b86f4c01-79e3-92e3-287a-78d01ef792fd
CUDA 13.3, device: NVIDIA B200 (ID 6), VRAM: 178.34 GiB
CUDA device UUID: fede491e-b7b6-ed3f-a7dd-cf1d00b7a753
CUDA 13.3, device: NVIDIA B200 (ID 7), VRAM: 178.34 GiB
CUDA device UUID: f6a76f64-75da-d5be-1a7c-7156bd2cff2e
Solving a problem with 7132926 constraints, 38868107 variables (0 integers), and 78091589 nonzeros
Using PSLP presolver
PSLP Presolved problem: 3252252 constraints, 3101514 variables, 10483700 non-zeros
PSLP presolve time: 9.35s
Solving with distributed PDLP on 8 GPUs.
NCCL version 2.30.7+cuda13.3
      0 +4.27582215e+09 +4.27582215e+09  0.00e+00   4.39e-02     1.67e+09   17.266s
   1000 +1.71529029e+07 +1.90209525e+07  1.87e+06   1.25e+02     4.50e+04   17.628s
   2000 +1.40130441e+07 +1.36659163e+07  3.47e+05   8.92e+01     1.73e+04   17.815s
   3000 +1.50595468e+07 +1.23233478e+07  2.74e+06   9.28e+01     2.85e+03   18.000s
   4000 +1.53282363e+07 +1.19703226e+07  3.36e+06   9.82e+01     1.21e+03   18.185s
   5000 +1.31861349e+07 +1.18510400e+07  1.34e+06   9.50e+01     1.10e+03   18.372s
   6000 +1.33289484e+07 +1.17883014e+07  1.54e+06   8.59e+01     4.75e+02   18.563s
   7000 +1.28745107e+07 +1.17442469e+07  1.13e+06   8.07e+01     4.58e+02   18.746s
   8000 +1.27306618e+07 +1.17244766e+07  1.01e+06   7.83e+01     4.61e+02   18.933s
   9000 +1.25183064e+07 +1.17167643e+07  8.02e+05   7.63e+01     5.00e+02   19.117s
  10000 +1.27856621e+07 +1.17000075e+07  1.09e+06   7.69e+01     1.50e+02   19.304s
  11000 +1.27496099e+07 +1.16819443e+07  1.07e+06   7.58e+01     1.12e+02   19.486s
  12000 +1.28547076e+07 +1.16681834e+07  1.19e+06   7.55e+01     1.06e+02   19.687s
  13000 +1.29155577e+07 +1.16551539e+07  1.26e+06   7.51e+01     1.02e+02   19.908s
  14000 +1.27895001e+07 +1.16442840e+07  1.15e+06   7.48e+01     1.11e+02   20.131s
  15000 +1.30281708e+07 +1.16309322e+07  1.40e+06   7.51e+01     5.44e+01   20.356s
  16000 +1.34257587e+07 +1.16112016e+07  1.81e+06   7.55e+01     4.84e+01   20.578s
  17000 +1.33736032e+07 +1.15974695e+07  1.78e+06   7.48e+01     4.98e+01   20.800s
  18000 +1.29886464e+07 +1.15873179e+07  1.40e+06   7.42e+01     5.28e+01   21.021s
  19000 +1.29305170e+07 +1.15804083e+07  1.35e+06   7.49e+01     5.10e+01   21.231s
  20000 +1.28534219e+07 +1.15756747e+07  1.28e+06   7.41e+01     5.07e+01   21.445s
  21000 +1.27678142e+07 +1.15726686e+07  1.20e+06   7.37e+01     5.61e+01   21.667s
  22000 +1.26653088e+07 +1.15707534e+07  1.09e+06   7.38e+01     5.46e+01   21.890s
  23000 +1.25030610e+07 +1.15684730e+07  9.35e+05   7.32e+01     6.40e+01   22.105s
  24000 +1.23912751e+07 +1.15651184e+07  8.26e+05   7.30e+01     6.50e+01   22.320s
  25000 +1.22730883e+07 +1.15646039e+07  7.08e+05   7.26e+01     6.65e+01   22.539s
  26000 +1.22082447e+07 +1.15645608e+07  6.44e+05   7.24e+01     6.96e+01   22.760s
  27000 +1.21236878e+07 +1.15646205e+07  5.59e+05   7.20e+01     6.95e+01   22.983s
  28000 +1.20558560e+07 +1.15643417e+07  4.92e+05   7.16e+01     7.22e+01   23.206s
  29000 +1.20238101e+07 +1.15645032e+07  4.59e+05   7.15e+01     7.25e+01   23.425s
  30000 +1.19944355e+07 +1.15645966e+07  4.30e+05   7.09e+01     7.45e+01   23.645s
  31000 +1.19707575e+07 +1.15646509e+07  4.06e+05   7.08e+01     7.49e+01   23.865s
  32000 +1.19363250e+07 +1.15644896e+07  3.72e+05   7.07e+01     7.59e+01   24.086s
  33000 +1.19337831e+07 +1.15644552e+07  3.69e+05   7.01e+01     7.83e+01   24.309s
  34000 +1.18898071e+07 +1.15643999e+07  3.25e+05   7.01e+01     8.03e+01   24.532s
  35000 +1.18735024e+07 +1.15645194e+07  3.09e+05   6.95e+01     8.08e+01   24.753s
  36000 +1.18825374e+07 +1.15637504e+07  3.19e+05   6.82e+01     2.57e+02   24.976s
  37000 +1.18018810e+07 +1.15635794e+07  2.38e+05   6.75e+01     2.61e+02   25.196s
  38000 +1.17540356e+07 +1.15637677e+07  1.90e+05   6.69e+01     2.67e+02   25.417s
  39000 +1.17199815e+07 +1.15642675e+07  1.56e+05   6.62e+01     2.69e+02   25.638s
  40000 +1.17039987e+07 +1.15646657e+07  1.39e+05   6.52e+01     2.72e+02   25.861s
  41000 +1.16915419e+07 +1.15648206e+07  1.27e+05   6.48e+01     2.73e+02   26.078s
  42000 +1.16920897e+07 +1.15650981e+07  1.27e+05   6.31e+01     2.74e+02   26.294s
  43000 +1.16764268e+07 +1.15654389e+07  1.11e+05   6.18e+01     2.77e+02   26.511s
  44000 +1.16846229e+07 +1.15655240e+07  1.19e+05   6.11e+01     2.79e+02   26.728s
  45000 +1.16811013e+07 +1.15657102e+07  1.15e+05   5.98e+01     2.80e+02   26.946s
  46000 +1.16676199e+07 +1.15659652e+07  1.02e+05   5.93e+01     2.81e+02   27.168s
  47000 +1.16637865e+07 +1.15661812e+07  9.76e+04   5.93e+01     2.81e+02   27.389s
  48000 +1.16609153e+07 +1.15663279e+07  9.46e+04   5.89e+01     2.82e+02   27.610s
  49000 +1.16533885e+07 +1.15664292e+07  8.70e+04   5.82e+01     2.82e+02   27.832s
  50000 +1.16461868e+07 +1.15664910e+07  7.97e+04   5.76e+01     2.81e+02   28.056s
  51000 +1.16479454e+07 +1.15666837e+07  8.13e+04   5.77e+01     2.81e+02   28.277s
  52000 +1.16409899e+07 +1.15668563e+07  7.41e+04   5.71e+01     2.83e+02   28.498s
  53000 +1.16408715e+07 +1.15670498e+07  7.38e+04   5.60e+01     2.81e+02   28.719s
  54000 +1.16433530e+07 +1.15671463e+07  7.62e+04   5.54e+01     2.81e+02   28.940s
  55000 +1.16389470e+07 +1.15672855e+07  7.17e+04   5.52e+01     2.81e+02   29.163s
  56000 +1.16470198e+07 +1.15671312e+07  7.99e+04   5.43e+01     2.45e+03   29.387s
  57000 +1.16335077e+07 +1.15673972e+07  6.61e+04   5.12e+01     2.41e+03   29.610s
  58000 +1.16260939e+07 +1.15684410e+07  5.77e+04   4.84e+01     2.36e+03   29.835s
  59000 +1.16217267e+07 +1.15691901e+07  5.25e+04   4.47e+01     2.30e+03   30.059s
  60000 +1.16239459e+07 +1.15696086e+07  5.43e+04   3.93e+01     2.23e+03   30.280s
  61000 +1.16257559e+07 +1.15699762e+07  5.58e+04   3.65e+01     2.19e+03   30.504s
  62000 +1.16217806e+07 +1.15703422e+07  5.14e+04   3.47e+01     2.17e+03   30.727s
  63000 +1.16257741e+07 +1.15707438e+07  5.50e+04   3.18e+01     2.11e+03   30.950s
  64000 +1.16257266e+07 +1.15712556e+07  5.45e+04   2.88e+01     2.07e+03   31.172s
  65000 +1.16213477e+07 +1.15715907e+07  4.98e+04   2.85e+01     2.06e+03   31.397s
  66000 +1.16250605e+07 +1.15722499e+07  5.28e+04   2.49e+01     2.01e+03   31.619s
  67000 +1.16264631e+07 +1.15724751e+07  5.40e+04   2.42e+01     1.99e+03   31.842s
  68000 +1.16216195e+07 +1.15729585e+07  4.87e+04   2.32e+01     1.96e+03   32.064s
  69000 +1.16229996e+07 +1.15732762e+07  4.97e+04   2.27e+01     1.92e+03   32.281s
  70000 +1.16255314e+07 +1.15738274e+07  5.17e+04   2.17e+01     1.90e+03   32.502s
  71000 +1.16263534e+07 +1.15742929e+07  5.21e+04   2.15e+01     1.89e+03   32.723s
  72000 +1.16267369e+07 +1.15745291e+07  5.22e+04   2.12e+01     1.87e+03   32.944s
  73000 +1.16247059e+07 +1.15750110e+07  4.97e+04   2.08e+01     1.85e+03   33.167s
  74000 +1.16251784e+07 +1.15753344e+07  4.98e+04   2.02e+01     1.83e+03   33.390s
  75000 +1.16260802e+07 +1.15755128e+07  5.06e+04   1.96e+01     1.82e+03   33.612s
  76000 +1.16258818e+07 +1.15757071e+07  5.02e+04   1.93e+01     1.80e+03   33.834s
  77000 +1.16266690e+07 +1.15760073e+07  5.07e+04   1.90e+01     1.78e+03   34.057s
  78000 +1.16242737e+07 +1.15762392e+07  4.80e+04   1.85e+01     1.75e+03   34.278s
  79000 +1.16234348e+07 +1.15765549e+07  4.69e+04   1.81e+01     1.75e+03   34.499s
  80000 +1.16307799e+07 +1.15757979e+07  5.50e+04   1.75e+01     1.46e+04   34.723s
  81000 +1.16246974e+07 +1.15772037e+07  4.75e+04   1.48e+01     1.31e+04   34.945s
  82000 +1.16223522e+07 +1.15785506e+07  4.38e+04   1.26e+01     1.21e+04   35.167s
  83000 +1.16233235e+07 +1.15796615e+07  4.37e+04   1.11e+01     1.13e+04   35.388s
  84000 +1.16211266e+07 +1.15819111e+07  3.92e+04   1.05e+01     1.07e+04   35.603s
  85000 +1.16213846e+07 +1.15823032e+07  3.91e+04   9.63e+00     1.01e+04   35.821s
  86000 +1.16199721e+07 +1.15839547e+07  3.60e+04   8.95e+00     9.43e+03   36.042s
  87000 +1.16195192e+07 +1.15859573e+07  3.36e+04   8.40e+00     9.12e+03   36.260s
  88000 +1.16187110e+07 +1.15859486e+07  3.28e+04   7.74e+00     8.85e+03   36.472s
  89000 +1.16193429e+07 +1.15876699e+07  3.17e+04   6.85e+00     8.25e+03   36.682s
  90000 +1.16189738e+07 +1.15874633e+07  3.15e+04   6.15e+00     7.64e+03   36.899s
  91000 +1.16185330e+07 +1.15888320e+07  2.97e+04   5.49e+00     7.22e+03   37.119s
  92000 +1.16166187e+07 +1.15898340e+07  2.68e+04   4.67e+00     6.89e+03   37.335s
  93000 +1.16177328e+07 +1.15902563e+07  2.75e+04   4.43e+00     6.41e+03   37.554s
  94000 +1.16147583e+07 +1.15908597e+07  2.39e+04   4.04e+00     5.86e+03   37.773s
  95000 +1.16153903e+07 +1.15909601e+07  2.44e+04   3.58e+00     5.55e+03   37.982s
  96000 +1.16141795e+07 +1.15916741e+07  2.25e+04   3.75e+00     5.30e+03   38.197s
  97000 +1.16141586e+07 +1.15923992e+07  2.18e+04   3.39e+00     5.12e+03   38.414s
  98000 +1.16125505e+07 +1.15930471e+07  1.95e+04   3.17e+00     4.83e+03   38.634s
  99000 +1.16125835e+07 +1.15928808e+07  1.97e+04   3.20e+00     4.66e+03   38.855s
 100000 +1.16126851e+07 +1.15936516e+07  1.90e+04   2.89e+00     4.58e+03   39.077s
 101000 +1.16130506e+07 +1.15933175e+07  1.97e+04   2.78e+00     4.44e+03   39.298s
 102000 +1.16114575e+07 +1.15938989e+07  1.76e+04   2.65e+00     4.27e+03   39.519s
 103000 +1.16158239e+07 +1.15778463e+07  3.80e+04   2.24e+00     4.64e+04   39.731s
 104000 +1.16066086e+07 +1.15861305e+07  2.05e+04   1.54e+00     3.05e+04   39.914s
 105000 +1.16068519e+07 +1.15894097e+07  1.74e+04   1.16e+00     2.69e+04   40.121s
 106000 +1.16055246e+07 +1.15919422e+07  1.36e+04   8.24e-01     2.41e+04   40.339s
 107000 +1.16051571e+07 +1.15939923e+07  1.12e+04   6.31e-01     2.03e+04   40.546s
 108000 +1.16041043e+07 +1.15958039e+07  8.30e+03   4.99e-01     1.89e+04   40.760s
 109000 +1.16042260e+07 +1.15964571e+07  7.77e+03   3.77e-01     1.67e+04   40.981s
 110000 +1.16036552e+07 +1.15979852e+07  5.67e+03   3.83e-01     1.46e+04   41.201s
 111000 +1.16033807e+07 +1.15990802e+07  4.30e+03   3.47e-01     1.30e+04   41.421s
 112000 +1.16033960e+07 +1.15993671e+07  4.03e+03   3.59e-01     1.12e+04   41.642s
 113000 +1.16033179e+07 +1.15994563e+07  3.86e+03   3.24e-01     1.10e+04   41.862s
 114000 +1.16043762e+07 +1.15975233e+07  6.85e+03   3.03e-01     3.46e+04   42.085s
 115000 +1.16017428e+07 +1.15983295e+07  3.41e+03   3.16e-01     1.46e+04   42.305s
 115400 +1.16015724e+07 +1.16000032e+07  1.57e+03   3.22e-01     1.17e+04   42.393s
LP Solver status:                Optimal
Primal objective:                +1.16015724e+07
Dual objective:                  +1.16000032e+07
Duality gap (abs/rel):           +1.57e+03 / +6.76e-05
Primal infeasibility (abs/rel):  +3.22e-01 / +9.89e-07
Dual infeasibility (abs/rel):    +1.17e+04 / +7.02e-06
Distributed PDLP finished
Status: Optimal   Objective: 1.16015724e+07  Iterations: 115400  Time: 44.851s

### exit_code=0
### finished=2026-07-23T13:32:47.314554
### gpu_peak_mb=6234.4
### gpu_peak2_mb=5498.4
### per_gpu_peak_mb=[6234.375, 5466.375, 5498.375, 5466.375, 5466.375, 5466.375, 5466.375, 5466.375]
