### solver=cuopt-distributed
### instance=/home/scratch.vmostovoi_gpu/datasets/mittleman_mps/Dual2_5000.mps
### n_gpus=8
### CUDA_VISIBLE_DEVICES=0,1,2,3,4,5,6,7
### started=2026-07-23T16:53:43.337557
### argv=/home/scratch.vmostovoi_gpu/mostovoi_cuopt/cpp/build/cuopt_cli --use-distributed-pdlp true --method 1 --mps-reader experimental-fast --time-limit 3600 --iteration-limit 1000000000 --relative-primal-tolerance 1e-4 --relative-dual-tolerance 1e-4 --relative-gap-tolerance 1e-4 --log-to-console true /home/scratch.vmostovoi_gpu/datasets/mittleman_mps/Dual2_5000.mps
### --- solver output ---
Setting parameter iteration_limit to 1000000000
Setting parameter log_to_console to true
Setting parameter method to 1
Setting parameter relative_dual_tolerance to 1.000000e-04
Setting parameter relative_gap_tolerance to 1.000000e-04
Setting parameter relative_primal_tolerance to 1.000000e-04
Setting parameter time_limit to 3.600000e+03
Setting parameter use_distributed_pdlp to true
Reading file Dual2_5000.mps
Using experimental fast MPS parser for '/home/scratch.vmostovoi_gpu/datasets/mittleman_mps/Dual2_5000.mps'
Read file Dual2_5000.mps in 15.35 seconds
cuOpt version: 26.8.0, git hash: 7116ead1, host arch: x86_64, device archs: 100a-real
CPU: INTEL(R) XEON(R) PLATINUM 8570, threads (physical/logical): 112/224, RAM: 1591.66 GiB
CUDA 13.3, device: NVIDIA B200 (ID 0), VRAM: 178.34 GiB
CUDA device UUID: e7dca740-cb67-c5c1-9f70-180590865924
CUDA 13.3, device: NVIDIA B200 (ID 1), VRAM: 178.34 GiB
CUDA device UUID: 942b2637-20fa-3c36-c6a8-f1aa04d0bd1a
CUDA 13.3, device: NVIDIA B200 (ID 2), VRAM: 178.34 GiB
CUDA device UUID: c274a42e-3dad-5b13-2f97-0e73dad9860f
CUDA 13.3, device: NVIDIA B200 (ID 3), VRAM: 178.34 GiB
CUDA device UUID: 76f36abb-b870-62b0-e656-86fa3d970c41
CUDA 13.3, device: NVIDIA B200 (ID 4), VRAM: 178.34 GiB
CUDA device UUID: 7436505e-bbaf-e0ad-fb4b-6f59c231b2ec
CUDA 13.3, device: NVIDIA B200 (ID 5), VRAM: 178.34 GiB
CUDA device UUID: 8c99648d-c914-d608-25cc-190e34a0c1e6
CUDA 13.3, device: NVIDIA B200 (ID 6), VRAM: 178.34 GiB
CUDA device UUID: f98c5d53-bc59-f20d-4b6c-3039aaae2dc2
CUDA 13.3, device: NVIDIA B200 (ID 7), VRAM: 178.34 GiB
CUDA device UUID: c926fe7e-7c1d-5dc5-d0fc-cdaa30d4f70d
Solving a problem with 30000600 constraints, 33050602 variables (0 integers), and 93001800 nonzeros
Using PSLP presolver
PSLP Presolved problem: 30000600 constraints, 33050002 variables, 93001200 non-zeros
PSLP presolve time: 9.45s
Solving with distributed PDLP on 8 GPUs.
NCCL version 2.30.7+cuda13.3
      0 +0.00000000e+00 +0.00000000e+00  0.00e+00   3.75e+02     1.80e+06   21.975s
   1000 -1.19209824e+04 -1.14515429e+04  4.69e+02   1.39e+01     1.07e+02   22.518s
   2000 -9.99038420e+03 -1.00384635e+04  4.81e+01   4.23e+00     1.27e+02   22.951s
   3000 -8.99468348e+03 -9.34812903e+03  3.53e+02   7.02e-01     8.00e+01   23.384s
   4000 -8.96332838e+03 -9.05024029e+03  8.69e+01   1.56e-01     6.87e+00   23.818s
   5000 -9.01906929e+03 -9.01510421e+03  3.97e+00   2.29e-03     1.17e+00   24.251s
   5200 -9.01886036e+03 -9.01821803e+03  6.42e-01   1.71e-03     6.45e-01   24.338s
LP Solver status:                Optimal
Primal objective:                -9.01886036e+03
Dual objective:                  -9.01821803e+03
Duality gap (abs/rel):           +6.42e-01 / +3.56e-05
Primal infeasibility (abs/rel):  +1.71e-03 / +4.55e-06
Dual infeasibility (abs/rel):    +6.45e-01 / +3.59e-07
Distributed PDLP finished
Status: Optimal   Objective: -9.01886036e+03  Iterations: 5200  Time: 27.135s

### exit_code=0
### finished=2026-07-23T16:54:37.344577
### gpu_peak_mb=9114.4
### gpu_peak2_mb=8026.4
### per_gpu_peak_mb=[9114.375, 7994.375, 7898.375, 7898.375, 7418.375, 8026.375, 7994.375, 7866.375]
