### solver=cuopt-distributed
### instance=/home/scratch.cmaes_sw/hans_lps/fhnw-binschedule1.mps
### n_gpus=8
### CUDA_VISIBLE_DEVICES=0,1,2,3,4,5,6,7
### started=2026-08-09T19:14:36.800850
### argv=/home/scratch.vmostovoi_gpu/mostovoi_cuopt/cpp/build/cuopt_cli --method 1 --mps-reader experimental-fast --time-limit 3600 --iteration-limit 1000000000 --relative-primal-tolerance 1e-4 --relative-dual-tolerance 1e-4 --relative-gap-tolerance 1e-4 --log-to-console true --num-gpus 8 /home/scratch.cmaes_sw/hans_lps/fhnw-binschedule1.mps
### --- solver output ---
Setting parameter iteration_limit to 1000000000
Setting parameter log_to_console to true
Setting parameter method to 1
Setting parameter num_gpus to 8
Setting parameter relative_dual_tolerance to 1.000000e-04
Setting parameter relative_gap_tolerance to 1.000000e-04
Setting parameter relative_primal_tolerance to 1.000000e-04
Setting parameter time_limit to 3.600000e+03
Reading file fhnw-binschedule1.mps
Using experimental fast MPS parser for '/home/scratch.cmaes_sw/hans_lps/fhnw-binschedule1.mps'
Read file fhnw-binschedule1.mps in 0.69 seconds
cuOpt version: 26.10.0, git hash: f3ebc673, host arch: x86_64, device archs: 100a-real
CPU: INTEL(R) XEON(R) PLATINUM 8570, threads (physical/logical): 112/224, RAM (available/total): 1569.80 / 2015.54 GiB
CUDA 13.3, device: NVIDIA B200 (ID 0), VRAM: 178.34 GiB
CUDA device UUID: 681a378c-9967-0edf-3943-b009e5595378
CUDA 13.3, device: NVIDIA B200 (ID 1), VRAM: 178.34 GiB
CUDA device UUID: f362e9ae-1176-2fdc-bc5f-44f36e3f008b
CUDA 13.3, device: NVIDIA B200 (ID 2), VRAM: 178.34 GiB
CUDA device UUID: 12fd6dd7-3383-bd42-35f5-31ce1246a7b2
CUDA 13.3, device: NVIDIA B200 (ID 3), VRAM: 178.34 GiB
CUDA device UUID: bf38f101-598c-c6a6-4396-7a12a540e9b0
CUDA 13.3, device: NVIDIA B200 (ID 4), VRAM: 178.34 GiB
CUDA device UUID: 18e03214-c1f8-c0cc-2376-566dd06569da
CUDA 13.3, device: NVIDIA B200 (ID 5), VRAM: 178.34 GiB
CUDA device UUID: a614b617-6398-7625-f7e1-08fd2ec48ca6
CUDA 13.3, device: NVIDIA B200 (ID 6), VRAM: 178.34 GiB
CUDA device UUID: 30d73ef0-1aa5-e1c9-bd4a-2c000df06cde
CUDA 13.3, device: NVIDIA B200 (ID 7), VRAM: 178.34 GiB
CUDA device UUID: 303952f7-5df8-2cb3-91d7-e18ea6249e44
Solving a problem with 772872 constraints, 1141653 variables (0 integers), and 8611326 nonzeros
Using PSLP presolver
PSLP Presolved problem: 769966 constraints, 1140237 variables, 8603480 non-zeros
PSLP presolve time: 0.57s
Solving with distributed PDLP on 8 GPUs.
NCCL version 2.30.7+cuda13.3
      0 +0.00000000e+00 +0.00000000e+00  0.00e+00   4.64e+01     1.00e+00   4.657s
   1000 +1.79374621e+03 +2.77103049e+05  2.75e+05   3.05e+04     9.03e+01   5.025s
   2000 +1.37567577e+04 +3.20077560e+05  3.06e+05   1.55e+04     1.76e+02   5.205s
   3000 +1.91298522e+04 +5.64338333e+05  5.45e+05   1.13e+04     1.20e+02   5.386s
   4000 +2.69693007e+04 +7.02817398e+05  6.76e+05   5.07e+03     5.45e+01   5.569s
   5000 +3.56281260e+04 +6.93566586e+05  6.58e+05   1.02e+00     2.78e+01   5.748s
   6000 +5.01719694e+04 +5.58141866e+05  5.08e+05   7.72e+00     2.48e+01   5.932s
   7000 +8.88790514e+04 +4.44566037e+05  3.56e+05   2.58e+01     6.22e+01   6.113s
   8000 +1.07418396e+05 +2.44721119e+05  1.37e+05   3.47e+01     8.07e+01   6.292s
   9000 +1.01453461e+05 +4.63323085e+04  5.51e+04   3.19e+01     7.38e+01   6.473s
  10000 +9.59346813e+04 -1.57780117e+02  9.61e+04   1.24e-02     1.00e+00   6.657s
  11000 +9.22051616e+04 -1.57748075e+02  9.24e+04   1.35e-02     1.00e+00   6.828s
  12000 +8.84756418e+04 -1.57715950e+02  8.86e+04   1.38e-02     1.00e+00   6.999s
  13000 +8.47461221e+04 -1.57683059e+02  8.49e+04   1.38e-02     1.00e+00   7.169s
  14000 +8.10166023e+04 -1.57650546e+02  8.12e+04   1.39e-02     1.00e+00   7.340s
  15000 +7.72870826e+04 -1.57617744e+02  7.74e+04   1.39e-02     1.00e+00   7.510s
  16000 +0.00000000e+00 +3.62185341e+02  3.62e+02   3.00e+04     1.33e-01   7.686s
  17000 +0.00000000e+00 +2.13487694e+03  2.13e+03   3.00e+04     1.33e-01   7.857s
  18000 +0.00000000e+00 +3.90767268e+03  3.91e+03   3.00e+04     1.33e-01   8.027s
  19000 +0.00000000e+00 +5.68043845e+03  5.68e+03   3.00e+04     1.33e-01   8.198s
  20000 +0.00000000e+00 +7.45327289e+03  7.45e+03   3.00e+04     1.33e-01   8.368s
  21000 +0.00000000e+00 +9.22605957e+03  9.23e+03   3.00e+04     1.33e-01   8.539s
  22000 +8.32046046e+03 +1.04775477e+04  2.16e+03   2.18e+04     1.74e-01   8.710s
  23000 +9.08609630e+03 +1.50070899e+04  5.92e+03   2.12e+04     3.90e+00   8.882s
  24000 +8.99251363e+03 +2.04181195e+04  1.14e+04   2.12e+04     3.84e+00   9.053s
  25000 +8.96543424e+03 +2.59023697e+04  1.69e+04   2.13e+04     3.82e+00   9.223s
  26000 +8.95234325e+03 +3.14019772e+04  2.24e+04   2.13e+04     3.81e+00   9.393s
  27000 +1.08084668e+04 +3.78415478e+04  2.70e+04   1.97e+04     3.33e+00   9.564s
  28000 +1.92971403e+04 +4.19901835e+04  2.27e+04   1.23e+04     2.14e+00   9.735s
  29000 +2.88125562e+04 +4.12432001e+04  1.24e+04   3.99e+03     1.01e+00   9.905s
  30000 +3.39433830e+04 +3.71234859e+04  3.18e+03   5.03e-01     5.57e-01   10.076s
  31000 +3.49383093e+04 +3.55538683e+04  6.16e+02   6.91e-01     4.28e-01   10.248s
  32000 +3.53729629e+04 +3.43337040e+04  1.04e+03   8.98e-01     5.36e-01   10.419s
  33000 +3.52021941e+04 +3.31195653e+04  2.08e+03   8.24e-01     4.82e-01   10.589s
  34000 +3.46001513e+04 +3.23761006e+04  2.22e+03   5.43e-01     3.23e-01   10.760s
  35000 +3.39146585e+04 +3.22839341e+04  1.63e+03   2.25e-01     1.44e-01   10.930s
  36000 +3.34675815e+04 +3.26810400e+04  7.87e+02   3.39e-02     2.85e-02   11.101s
  37000 +3.34076027e+04 +3.26236416e+04  7.84e+02   1.55e-02     2.88e-02   11.273s
  38000 +3.33538116e+04 +3.27306626e+04  6.23e+02   4.09e+01     4.15e-02   11.444s
  39000 +3.33259393e+04 +3.29421729e+04  3.84e+02   6.50e+01     6.41e-02   11.614s
  40000 +3.33297512e+04 +3.31562160e+04  1.74e+02   6.17e+01     5.79e-02   11.785s
  41000 +3.33554254e+04 +3.32855089e+04  6.99e+01   3.94e+01     3.49e-02   11.956s
  42000 +3.33846240e+04 +3.33003816e+04  8.42e+01   1.39e+01     1.01e-02   12.126s
  43000 +3.33948434e+04 +3.32963928e+04  9.85e+01   5.03e+00     1.54e-02   12.298s
  44000 +3.33981447e+04 +3.33093046e+04  8.88e+01   2.16e+00     1.96e-02   12.469s
  45000 +3.34013911e+04 +3.33028081e+04  9.86e+01   1.42e-02     2.44e-02   12.640s
  46000 +3.34033487e+04 +3.32826105e+04  1.21e+02   1.45e-02     2.76e-02   12.819s
  47000 +3.34035452e+04 +3.32599509e+04  1.44e+02   1.45e-02     2.80e-02   13.002s
  48000 +3.34024234e+04 +3.32452015e+04  1.57e+02   1.44e-02     2.60e-02   13.186s
  49000 +3.34009764e+04 +3.32425858e+04  1.58e+02   1.41e-02     2.37e-02   13.371s
  50000 +3.34001210e+04 +3.32489734e+04  1.51e+02   4.39e-01     2.23e-02   13.552s
  51000 +3.34002036e+04 +3.32570243e+04  1.43e+02   3.67e-01     2.25e-02   13.729s
  52000 +3.34009146e+04 +3.32602888e+04  1.41e+02   1.41e-02     2.36e-02   13.911s
  53000 +3.34016091e+04 +3.32569375e+04  1.45e+02   1.42e-02     2.47e-02   14.099s
  54000 +3.34017816e+04 +3.32500201e+04  1.52e+02   1.42e-02     2.50e-02   14.289s
  55000 +3.34013733e+04 +3.32445766e+04  1.57e+02   1.42e-02     2.43e-02   14.476s
  56000 +3.34007390e+04 +3.32439032e+04  1.57e+02   1.41e-02     2.33e-02   14.664s
  57000 +3.34003423e+04 +3.32475429e+04  1.53e+02   2.47e-01     2.27e-02   14.847s
  58000 +3.34004189e+04 +3.32521103e+04  1.48e+02   1.81e-01     2.28e-02   15.028s
  59000 +3.34008407e+04 +3.32540292e+04  1.47e+02   1.41e-02     2.35e-02   15.213s
  60000 +3.34012506e+04 +3.32520725e+04  1.49e+02   1.41e-02     2.41e-02   15.402s
  61000 +3.34013417e+04 +3.32479589e+04  1.53e+02   1.42e-02     2.43e-02   15.586s
  62000 +3.34010713e+04 +3.32447981e+04  1.56e+02   1.41e-02     2.38e-02   15.768s
  63000 +3.34006641e+04 +3.32447097e+04  1.56e+02   1.40e-02     2.32e-02   15.957s
  64000 +3.34004233e+04 +3.32473876e+04  1.53e+02   1.77e-01     2.28e-02   16.148s
  65000 +3.34005034e+04 +3.32505473e+04  1.50e+02   1.07e-01     2.29e-02   16.334s
  66000 +3.34008110e+04 +3.32517639e+04  1.49e+02   1.41e-02     2.34e-02   16.525s
  67000 +3.34009318e+04 +3.32250639e+04  1.76e+02   1.41e-02     8.36e-01   16.705s
  68000 +3.34008533e+04 +3.31904941e+04  2.10e+02   1.41e-02     8.32e-01   16.883s
  69000 +3.34007333e+04 +3.31786251e+04  2.22e+02   1.41e-02     8.25e-01   17.062s
  70000 +3.34006244e+04 +3.31912754e+04  2.09e+02   1.41e-02     8.19e-01   17.252s
  71000 +3.34005673e+04 +3.32187246e+04  1.82e+02   5.27e-02     8.16e-01   17.439s
  72000 +3.34005706e+04 +3.32460342e+04  1.55e+02   5.00e-02     8.16e-01   17.625s
  73000 +3.34006115e+04 +3.32615988e+04  1.39e+02   1.87e-02     8.18e-01   17.814s
  74000 +3.34006534e+04 +3.32627863e+04  1.38e+02   1.40e-02     8.21e-01   17.998s
  75000 +3.34006685e+04 +3.32556856e+04  1.45e+02   1.40e-02     8.21e-01   18.185s
  76000 +3.34006526e+04 +3.32498209e+04  1.51e+02   1.40e-02     8.20e-01   18.368s
  77000 +3.34006224e+04 +3.32516772e+04  1.49e+02   1.43e-02     8.19e-01   18.550s
  78000 +3.34006012e+04 +3.32611826e+04  1.39e+02   2.56e-02     8.18e-01   18.723s
  79000 +3.34006021e+04 +3.32729404e+04  1.28e+02   2.49e-02     8.18e-01   18.895s
  80000 +3.34006210e+04 +3.32807471e+04  1.20e+02   1.46e-02     8.19e-01   19.066s
  81000 +3.34006418e+04 +3.32819780e+04  1.19e+02   1.40e-02     8.20e-01   19.242s
  82000 +3.34006494e+04 +3.32789260e+04  1.22e+02   1.40e-02     8.20e-01   19.425s
  83000 +3.34006398e+04 +3.32765735e+04  1.24e+02   1.40e-02     8.20e-01   19.608s
  84000 +3.34006220e+04 +3.32787601e+04  1.22e+02   1.44e-02     8.19e-01   19.795s
  85000 +3.34006097e+04 +3.32855944e+04  1.15e+02   1.98e-02     8.18e-01   19.987s
  86000 +3.34006112e+04 +3.32937891e+04  1.07e+02   1.89e-02     8.18e-01   20.176s
  87000 +3.34006241e+04 +3.32993794e+04  1.01e+02   1.41e-02     8.19e-01   20.365s
  88000 +3.34006377e+04 +3.33006571e+04  1.00e+02   1.40e-02     8.20e-01   20.554s
  89000 +3.34006420e+04 +3.32992000e+04  1.01e+02   1.40e-02     8.20e-01   20.741s
  90000 +3.34006346e+04 +3.32984320e+04  1.02e+02   1.40e-02     8.19e-01   20.929s
  91000 +3.34006218e+04 +3.33009664e+04  9.97e+01   1.44e-02     8.19e-01   21.118s
  92000 +3.34006136e+04 +3.33067607e+04  9.39e+01   1.75e-02     8.18e-01   21.305s
  93000 +3.34006156e+04 +3.33133598e+04  8.73e+01   1.66e-02     8.18e-01   21.493s
  94000 +3.34006256e+04 +3.33178878e+04  8.27e+01   1.40e-02     8.19e-01   21.677s
  95000 +3.34006355e+04 +3.33192018e+04  8.14e+01   1.40e-02     8.20e-01   21.864s
  96000 +3.34006380e+04 +3.33186149e+04  8.20e+01   1.40e-02     8.20e-01   22.050s
  97000 +3.34006317e+04 +3.33187567e+04  8.19e+01   1.40e-02     8.19e-01   22.239s
  98000 +3.34006218e+04 +3.33215361e+04  7.91e+01   1.44e-02     8.19e-01   22.425s
  99000 +3.34006160e+04 +3.33267699e+04  7.38e+01   1.64e-02     8.18e-01   22.612s
 100000 +3.34006183e+04 +3.33324493e+04  6.82e+01   1.55e-02     8.19e-01   22.802s
 101000 +3.34006265e+04 +3.33363472e+04  6.43e+01   1.40e-02     8.19e-01   22.990s
 102000 +3.34006341e+04 +3.33376930e+04  6.29e+01   1.40e-02     8.19e-01   23.182s
 103000 +3.34006355e+04 +3.33376657e+04  6.30e+01   1.40e-02     8.20e-01   23.377s
 104000 +3.34006246e+04 -3.90956227e+01  3.34e+04   6.73e-04     7.86e+01   23.566s
 105000 +1.17710480e+04 +4.02418869e+03  7.75e+03   1.71e+04     3.12e+00   23.755s
 106000 +9.97547925e+03 +1.51304351e+04  5.15e+03   1.85e+04     4.70e+00   23.943s
 107000 +8.85132222e+03 +2.20829404e+04  1.32e+04   1.94e+04     3.22e+00   24.136s
 108000 +9.94499070e+03 +6.87697911e+04  5.88e+04   1.85e+04     3.09e+01   24.329s
 109000 +1.61318249e+04 +1.16427882e+05  1.00e+05   1.36e+04     2.28e+01   24.519s
 110000 +2.50457181e+04 +1.34491880e+05  1.09e+05   6.59e+03     1.17e+01   24.702s
 111000 +3.30972260e+04 +1.21485385e+05  8.84e+04   2.28e+02     3.89e+00   24.884s
 112000 +3.75027015e+04 +8.82544595e+04  5.08e+04   1.91e+00     5.69e+00   25.071s
 113000 +3.74315746e+04 +5.36871678e+04  1.63e+04   1.87e+00     5.30e+00   25.259s
 114000 +4.07802823e+04 +4.54441503e+04  4.66e+03   3.43e+00     1.95e+00   25.452s
 115000 +4.32610044e+04 +3.95100284e+04  3.75e+03   4.60e+00     2.55e+00   25.624s
 116000 +4.26439835e+04 +3.33902240e+04  9.25e+03   4.32e+00     2.38e+00   25.794s
 117000 +3.97208860e+04 +2.94699127e+04  1.03e+04   2.95e+00     1.64e+00   25.964s
 118000 +3.62332384e+04 +2.87718334e+04  7.46e+03   1.32e+00     7.57e-01   26.134s
 119000 +3.38616957e+04 +3.05966772e+04  3.27e+03   2.03e-01     1.72e-01   26.305s
 120000 +3.35917614e+04 +2.98586239e+04  3.73e+03   8.09e-02     2.52e-01   26.477s
 121000 +3.33091164e+04 +3.01136060e+04  3.20e+03   7.99e+01     1.44e-01   26.647s
 122000 +3.31228852e+04 +3.11443599e+04  1.98e+03   2.42e+02     3.20e-01   26.817s
 123000 +3.30863913e+04 +3.24030219e+04  6.83e+02   2.73e+02     3.49e-01   26.987s
 124000 +3.31752949e+04 +3.33205169e+04  1.45e+02   1.96e+02     2.51e-01   27.157s
 125000 +3.32882638e+04 +3.36521882e+04  3.64e+02   9.78e+01     1.11e-01   27.328s
 126000 +3.33260640e+04 +3.38599818e+04  5.34e+02   6.49e+01     7.04e-02   27.498s
 127000 +3.33768033e+04 +3.39137534e+04  5.37e+02   2.07e+01     2.27e-02   27.669s
 128000 +3.34193982e+04 +3.38138292e+04  3.94e+02   1.80e-02     3.44e-02   27.849s
 129000 +3.34389651e+04 +3.36309610e+04  1.92e+02   2.33e-02     5.29e-02   28.037s
 130000 +3.34337828e+04 +3.34629785e+04  2.92e+01   2.18e-02     4.70e-02   28.227s
 131000 +3.34144065e+04 +3.33805555e+04  3.39e+01   1.68e-02     2.66e-02   28.415s
 132000 +3.34054573e+04 +3.33710016e+04  3.45e+01   1.49e-02     1.22e-02   28.603s
 133000 +3.34034085e+04 +3.33657684e+04  3.76e+01   1.45e-02     1.08e-02   28.790s
 134000 +3.34010777e+04 +3.33657615e+04  3.53e+01   1.41e-02     9.33e-03   28.978s
 135000 +3.33994035e+04 +3.33701349e+04  2.93e+01   1.06e+00     8.30e-03   29.165s
 136000 +3.33988946e+04 +3.33761406e+04  2.28e+01   1.51e+00     7.99e-03   29.353s
 137000 +3.33994185e+04 +3.33807576e+04  1.87e+01   1.05e+00     8.30e-03   29.539s
 138000 +3.34003649e+04 +3.33823068e+04  1.81e+01   2.27e-01     8.88e-03   29.726s
 139000 +3.34010545e+04 +3.33811188e+04  1.99e+01   1.41e-02     9.31e-03   29.914s
 140000 +3.34011293e+04 +3.33789671e+04  2.22e+01   1.41e-02     9.35e-03   30.097s
 141000 +3.34006951e+04 +3.33777493e+04  2.29e+01   1.41e-02     9.08e-03   30.284s
 142000 +3.34001631e+04 +3.33783114e+04  2.19e+01   4.03e-01     8.75e-03   30.469s
 143000 +3.33999299e+04 +3.33801166e+04  1.98e+01   6.06e-01     8.61e-03   30.654s
 144000 +3.34001186e+04 +3.33818484e+04  1.83e+01   4.41e-01     8.72e-03   30.838s
 145000 +3.34005405e+04 +3.33824284e+04  1.81e+01   7.54e-02     8.99e-03   31.022s
 146000 +3.34008709e+04 +3.33817224e+04  1.91e+01   1.41e-02     9.19e-03   31.208s
 147000 +3.34008924e+04 +3.33805065e+04  2.04e+01   1.41e-02     9.20e-03   31.403s
 148000 +3.34006340e+04 +3.33798087e+04  2.08e+01   1.40e-02     9.04e-03   31.592s
 149000 +3.34003199e+04 +3.33801549e+04  2.02e+01   2.66e-01     8.85e-03   31.780s
 150000 +3.34001886e+04 +3.33812547e+04  1.89e+01   3.81e-01     8.77e-03   31.973s
 151000 +3.34003204e+04 +3.33822992e+04  1.80e+01   2.66e-01     8.85e-03   32.160s
 152000 +3.34005965e+04 +3.33825969e+04  1.80e+01   2.90e-02     9.02e-03   32.349s
 153000 +3.34008043e+04 +3.33820622e+04  1.87e+01   1.41e-02     9.15e-03   32.537s
 154000 +3.34008002e+04 +3.33812212e+04  1.96e+01   1.41e-02     9.15e-03   32.724s
 155000 +3.34006085e+04 +3.33807746e+04  1.98e+01   2.05e-02     9.03e-03   32.912s
 156000 +3.34003886e+04 +3.33810711e+04  1.93e+01   2.07e-01     8.89e-03   33.097s
 157000 +3.34003078e+04 +3.33818821e+04  1.84e+01   2.77e-01     8.84e-03   33.287s
 158000 +3.34004173e+04 +3.33826148e+04  1.78e+01   1.82e-01     8.91e-03   33.473s
 159000 +3.34006238e+04 +3.33827768e+04  1.78e+01   1.41e-02     9.04e-03   33.660s
 160000 +3.34007687e+04 +3.33823326e+04  1.84e+01   1.41e-02     9.13e-03   33.846s
 161000 +3.34007501e+04 +3.33816968e+04  1.91e+01   1.41e-02     9.12e-03   34.033s
 162000 +3.34005943e+04 +3.33813975e+04  1.92e+01   3.07e-02     9.02e-03   34.226s
 163000 +3.34004279e+04 +3.33816761e+04  1.88e+01   1.73e-01     8.92e-03   34.416s
 164000 +3.34003773e+04 +3.33823274e+04  1.80e+01   2.17e-01     8.88e-03   34.603s
 165000 +3.34004747e+04 +3.33828793e+04  1.76e+01   1.32e-01     8.94e-03   34.793s
 166000 +3.34006396e+04 +3.33829613e+04  1.77e+01   1.40e-02     9.05e-03   34.982s
 167000 +3.34007458e+04 +3.33825747e+04  1.82e+01   1.41e-02     9.11e-03   35.170s
 168000 +3.34007180e+04 +3.33820709e+04  1.86e+01   1.41e-02     9.10e-03   35.356s
 169000 +3.34005852e+04 +3.33818690e+04  1.87e+01   3.79e-02     9.01e-03   35.548s
 170000 +3.34004538e+04 +3.33821389e+04  1.83e+01   1.50e-01     8.93e-03   35.740s
 171000 +3.34004235e+04 +3.33826867e+04  1.77e+01   1.76e-01     8.91e-03   35.926s
 172000 +3.34005129e+04 +3.33831190e+04  1.74e+01   9.91e-02     8.97e-03   36.109s
 173000 +3.34006497e+04 +3.33831482e+04  1.75e+01   1.40e-02     9.05e-03   36.297s
 174000 +3.34007293e+04 +3.33828030e+04  1.79e+01   1.41e-02     9.10e-03   36.490s
 175000 +3.34006952e+04 +3.33823927e+04  1.83e+01   1.41e-02     9.08e-03   36.680s
 176000 +3.34005789e+04 +3.33822606e+04  1.83e+01   4.31e-02     9.01e-03   36.871s
 177000 +3.34004726e+04 +3.33825247e+04  1.79e+01   1.34e-01     8.94e-03   37.061s
 178000 +3.34004569e+04 +3.33829984e+04  1.75e+01   1.48e-01     8.93e-03   37.251s
 179000 +3.34005404e+04 +3.33833447e+04  1.72e+01   7.56e-02     8.99e-03   37.443s
 180000 +3.34006564e+04 +3.33833365e+04  1.73e+01   1.40e-02     9.06e-03   37.646s
 181000 +3.34007165e+04 +3.33830236e+04  1.77e+01   1.41e-02     9.09e-03   37.853s
 182000 +3.34006780e+04 +3.33826841e+04  1.80e+01   1.41e-02     9.07e-03   38.063s
 183000 +3.34005744e+04 +3.33826046e+04  1.80e+01   4.68e-02     9.01e-03   38.269s
 184000 +3.34004872e+04 +3.33828640e+04  1.76e+01   1.21e-01     8.95e-03   38.479s
 185000 +3.34004824e+04 +3.33832810e+04  1.72e+01   1.25e-01     8.95e-03   38.682s
 186000 +3.34005611e+04 +3.33835617e+04  1.70e+01   5.79e-02     9.00e-03   38.873s
 187000 +3.34006610e+04 +3.33835259e+04  1.71e+01   1.40e-02     9.06e-03   39.061s
 188000 +3.34007060e+04 +3.33832397e+04  1.75e+01   1.41e-02     9.09e-03   39.248s
 189000 +3.34006644e+04 +3.33829564e+04  1.77e+01   1.40e-02     9.06e-03   39.439s
 190000 +3.34005711e+04 +3.33829182e+04  1.77e+01   4.96e-02     9.00e-03   39.629s
 191000 +3.34004991e+04 +3.33831729e+04  1.73e+01   1.11e-01     8.96e-03   39.827s
 192000 +3.34005029e+04 +3.33835441e+04  1.70e+01   1.08e-01     8.96e-03   40.020s
 193000 +3.34005773e+04 +3.33837727e+04  1.68e+01   4.44e-02     9.01e-03   40.221s
 194000 +3.34006640e+04 +3.33837161e+04  1.69e+01   1.40e-02     9.06e-03   40.430s
 195000 +3.34006970e+04 +3.33834529e+04  1.72e+01   1.41e-02     9.08e-03   40.636s
 196000 +3.34006532e+04 +3.33832160e+04  1.74e+01   1.40e-02     9.06e-03   40.830s
 197000 +3.34005686e+04 +3.33832110e+04  1.74e+01   5.16e-02     9.00e-03   41.019s
 198000 +3.34005092e+04 +3.33834609e+04  1.70e+01   1.02e-01     8.97e-03   41.206s
 199000 +3.34005197e+04 +3.33837937e+04  1.67e+01   9.33e-02     8.97e-03   41.397s
 200000 +3.34005904e+04 +3.33839797e+04  1.66e+01   3.38e-02     9.02e-03   41.586s
 201000 +3.34006660e+04 +3.33839071e+04  1.68e+01   1.40e-02     9.06e-03   41.771s
 202000 +3.34006891e+04 +3.33836644e+04  1.70e+01   1.41e-02     9.08e-03   41.964s
 203000 +3.34006438e+04 +3.33834667e+04  1.72e+01   1.40e-02     9.05e-03   42.161s
 204000 +3.34005668e+04 +3.33834890e+04  1.71e+01   5.31e-02     9.00e-03   42.355s
 205000 +3.34005180e+04 +3.33837336e+04  1.68e+01   9.48e-02     8.97e-03   42.548s
 206000 +3.34005214e+04 +3.34016855e+04  1.16e+00   9.19e-02     1.30e+00   42.746s
 207000 +3.34005506e+04 +3.34255884e+04  2.50e+01   6.68e-02     1.30e+00   42.935s
 208000 +3.34002375e+04 +3.25943486e+04  8.06e+02   6.14e-03     4.71e+00   43.128s
 209000 +3.33992393e+04 +1.23796421e+04  2.10e+04   2.63e-03     1.69e+01   43.324s
 210000 +3.33978203e+04 -1.77018099e-01  3.34e+04   8.32e-04     5.68e+00   43.513s
 211000 +3.33964810e+04 +5.15726545e-02  3.34e+04   5.08e-04     3.39e+00   43.708s
 212000 +3.33951943e+04 -1.17744603e-01  3.34e+04   3.70e-04     2.41e+00   43.898s
 213000 +3.33939259e+04 -2.21414732e-02  3.34e+04   2.85e-04     2.03e+00   44.090s
 214000 +3.33927298e+04 +3.01451664e+03  3.04e+04   1.49e-01     3.82e+00   44.281s
 215000 +3.33920005e+04 +1.30945942e+04  2.03e+04   7.11e-01     4.40e+00   44.473s
 216000 +3.33893057e+04 +1.76115962e+04  1.58e+04   2.84e+00     1.96e+00   44.673s
 217000 +3.33871236e+04 +2.32737037e+04  1.01e+04   4.56e+00     2.89e+00   44.865s
 218000 +3.33867547e+04 +3.00972296e+04  3.29e+03   4.85e+00     3.06e+00   45.054s
 219000 +3.33880320e+04 +3.54947833e+04  2.11e+03   3.84e+00     2.39e+00   45.240s
 220000 +3.33901158e+04 +3.78230941e+04  4.43e+03   2.20e+00     1.41e+00   45.428s
 221000 +3.33919630e+04 +3.70550548e+04  3.66e+03   7.35e-01     5.14e-01   45.620s
 222000 +3.33923017e+04 +4.87467455e+04  1.54e+04   4.68e-01     7.35e+00   45.818s
 223000 +3.33925058e+04 +5.90137502e+04  2.56e+04   3.07e-01     4.91e+00   46.021s
 224000 +3.33927575e+04 +6.11077520e+04  2.77e+04   1.08e-01     2.03e+00   46.228s
 225000 +3.33929604e+04 +5.56286060e+04  2.22e+04   2.73e-05     1.10e+00   46.423s
 226000 +3.33930518e+04 +4.62952190e+04  1.29e+04   6.51e-05     1.99e+00   46.615s
 227000 +3.33930279e+04 +3.78493530e+04  4.46e+03   5.52e-05     1.66e+00   46.808s
 228000 +3.50901788e+04 +3.63320255e+04  1.24e+03   7.57e-01     2.52e-01   47.001s
 229000 +3.65691089e+04 +3.53518692e+04  1.22e+03   1.45e+00     4.38e-01   47.183s
 230000 +3.68939479e+04 +3.40993554e+04  2.79e+03   1.61e+00     4.74e-01   47.360s
 231000 +3.61464760e+04 +3.31041517e+04  3.04e+03   1.26e+00     3.72e-01   47.546s
 232000 +3.48917669e+04 +3.27005448e+04  2.19e+03   6.81e-01     2.04e-01   47.735s
 233000 +3.38288507e+04 +3.28789854e+04  9.50e+02   1.86e-01     6.25e-02   47.925s
 234000 +3.37467261e+04 +3.13918657e+04  2.35e+03   1.50e-01     6.22e-01   48.117s
 235000 +3.35875918e+04 +3.06101530e+04  2.98e+03   7.91e-02     3.48e-01   48.308s
 236000 +3.34213438e+04 +3.07470429e+04  2.67e+03   1.87e-02     1.20e-01   48.497s
 237000 +3.33135502e+04 +3.15709990e+04  1.74e+03   7.57e+01     1.42e-01   48.696s
 238000 +3.32925832e+04 +3.25697087e+04  7.23e+02   9.41e+01     1.78e-01   48.896s
 239000 +3.33097525e+04 +3.31627146e+04  1.47e+02   7.95e+01     2.43e-02   49.102s
 240000 +3.32446746e+04 +3.32428280e+04  1.85e+00   1.36e+02     3.70e-02   49.291s
 241000 +3.32293988e+04 +3.33482633e+04  1.19e+02   1.49e+02     4.03e-02   49.484s
 242000 +3.32630238e+04 +3.34354363e+04  1.72e+02   1.20e+02     3.21e-02   49.679s
 243000 +3.33223305e+04 +3.34742185e+04  1.52e+02   6.81e+01     1.73e-02   49.880s
 244000 +3.33759303e+04 +3.34619532e+04  8.60e+01   2.15e+01     4.48e-03   50.083s
 245000 +3.33999925e+04 +3.34303655e+04  3.04e+01   5.50e-01     9.61e-03   50.289s
 246000 +3.34040442e+04 +3.34259922e+04  2.19e+01   1.46e-02     1.24e-02   50.497s
 247000 +3.34065901e+04 +3.34138683e+04  7.28e+00   1.51e-02     1.43e-02   50.705s
 248000 +3.34068631e+04 +3.33996726e+04  7.19e+00   1.52e-02     1.45e-02   50.908s
 249000 +3.34052283e+04 +3.33893700e+04  1.59e+01   1.49e-02     1.33e-02   51.108s
 250000 +3.34028798e+04 +3.33861365e+04  1.67e+01   1.44e-02     1.15e-02   51.306s
 251000 +3.34011116e+04 +3.33890929e+04  1.20e+01   1.41e-02     1.03e-02   51.509s
 252000 +3.34006169e+04 +3.33944296e+04  6.19e+00   1.60e-02     9.94e-03   51.711s
 253000 +3.34011245e+04 +3.33946301e+04  6.49e+00   7.78e-03     2.88e-02   51.916s
 254000 +3.34004653e+04 +3.29252621e+04  4.75e+02   3.13e-03     4.06e-01   52.128s
 255000 +3.33981562e+04 +3.25015332e+04  8.97e+02   2.18e-03     2.37e-01   52.333s
 256000 +3.33951077e+04 +3.23766865e+04  1.02e+03   9.17e-04     1.22e-01   52.533s
 257000 +3.33925122e+04 +3.25454962e+04  8.47e+02   3.06e-01     6.77e-02   52.725s
 258000 +3.33912150e+04 +3.28807040e+04  5.11e+02   1.34e+00     7.98e-02   52.917s
 259000 +3.33895090e+04 +3.31017626e+04  2.88e+02   2.66e+00     3.00e-02   53.112s
 260000 +3.33863177e+04 +3.31856935e+04  2.01e+02   5.19e+00     4.67e-02   53.304s
 261000 +3.33851857e+04 +3.33037219e+04  8.15e+01   6.09e+00     5.38e-02   53.497s
 262000 +3.33862267e+04 +3.34099579e+04  2.37e+01   5.27e+00     4.64e-02   53.691s
 263000 +3.33886284e+04 +3.34687728e+04  8.01e+01   3.37e+00     2.98e-02   53.891s
 264000 +3.33911248e+04 +3.34704302e+04  7.93e+01   1.40e+00     1.27e-02   54.094s
 265000 +3.33922433e+04 +3.34904269e+04  9.82e+01   5.14e-01     5.07e-02   54.300s
 266000 +3.33924483e+04 +3.35658596e+04  1.73e+02   3.53e-01     3.50e-02   54.491s
 267000 +3.33927227e+04 +3.35885391e+04  1.96e+02   1.36e-01     1.56e-02   54.683s
 268000 +3.33929612e+04 +3.35577450e+04  1.65e+02   2.83e-05     7.16e-03   54.885s
 269000 +3.33930853e+04 +3.34950707e+04  1.02e+02   8.09e-05     1.39e-02   55.085s
 270000 +3.33930778e+04 +3.34327860e+04  3.97e+01   7.77e-05     1.31e-02   55.277s
 271000 +3.33930702e+04 +3.34055522e+04  1.25e+01   7.45e-05     1.94e-03   55.471s
 272000 +3.33931395e+04 +3.33999946e+04  6.86e+00   1.04e-04     2.66e-03   55.666s
 273000 +3.33931398e+04 +3.33937108e+04  5.71e-01   1.04e-04     2.66e-03   55.862s
 274000 +3.33930805e+04 +3.33890131e+04  4.07e+00   7.88e-05     2.02e-03   56.069s
 275000 +3.33929953e+04 +3.33872728e+04  5.72e+00   4.27e-05     1.10e-03   56.283s
 276000 +3.33929234e+04 +3.33883686e+04  4.55e+00   1.22e-05     3.40e-04   56.498s
 276400 +3.33929049e+04 +3.33893198e+04  3.59e+00   4.37e-06     1.55e-04   56.579s
LP Solver status:                Optimal
Primal objective:                +3.33929049e+04
Dual objective:                  +3.33893198e+04
Duality gap (abs/rel):           +3.59e+00 / +5.37e-05
Primal infeasibility (abs/rel):  +4.37e-06 / +2.91e-11
Dual infeasibility (abs/rel):    +1.55e-04 / +7.75e-05
PDLP finished
Status: Optimal   Objective: 3.33929049e+04  Iterations: 276400  Time: 56.655s

### exit_code=0
### finished=2026-08-09T19:15:42.591844
### gpu_peak_mb=5466.4
### gpu_peak2_mb=5434.4
### per_gpu_peak_mb=[5434.375, 5370.375, 5306.375, 5402.375, 5466.375, 5306.375, 5402.375, 5306.375]
