### solver=cuopt-distributed
### instance=/home/scratch.vmostovoi_gpu/datasets/big_lp/google/heat-source-easy.mps
### n_gpus=8
### CUDA_VISIBLE_DEVICES=0,1,2,3,4,5,6,7
### started=2026-07-23T16:43:01.289286
### argv=/home/scratch.vmostovoi_gpu/mostovoi_cuopt/cpp/build/cuopt_cli --use-distributed-pdlp true --method 1 --mps-reader experimental-fast --time-limit 3600 --iteration-limit 1000000000 --relative-primal-tolerance 1e-4 --relative-dual-tolerance 1e-4 --relative-gap-tolerance 1e-4 --log-to-console true /home/scratch.vmostovoi_gpu/datasets/big_lp/google/heat-source-easy.mps
### --- solver output ---
Setting parameter iteration_limit to 1000000000
Setting parameter log_to_console to true
Setting parameter method to 1
Setting parameter relative_dual_tolerance to 1.000000e-04
Setting parameter relative_gap_tolerance to 1.000000e-04
Setting parameter relative_primal_tolerance to 1.000000e-04
Setting parameter time_limit to 3.600000e+03
Setting parameter use_distributed_pdlp to true
Reading file heat-source-easy.mps
Using experimental fast MPS parser for '/home/scratch.vmostovoi_gpu/datasets/big_lp/google/heat-source-easy.mps'
Read file heat-source-easy.mps in 7.38 seconds
cuOpt version: 26.8.0, git hash: 7116ead1, host arch: x86_64, device archs: 100a-real
CPU: INTEL(R) XEON(R) PLATINUM 8570, threads (physical/logical): 112/224, RAM: 1648.69 GiB
CUDA 13.3, device: NVIDIA B200 (ID 0), VRAM: 178.34 GiB
CUDA device UUID: e7dca740-cb67-c5c1-9f70-180590865924
CUDA 13.3, device: NVIDIA B200 (ID 1), VRAM: 178.34 GiB
CUDA device UUID: 942b2637-20fa-3c36-c6a8-f1aa04d0bd1a
CUDA 13.3, device: NVIDIA B200 (ID 2), VRAM: 178.34 GiB
CUDA device UUID: c274a42e-3dad-5b13-2f97-0e73dad9860f
CUDA 13.3, device: NVIDIA B200 (ID 3), VRAM: 178.34 GiB
CUDA device UUID: 76f36abb-b870-62b0-e656-86fa3d970c41
CUDA 13.3, device: NVIDIA B200 (ID 4), VRAM: 178.34 GiB
CUDA device UUID: 7436505e-bbaf-e0ad-fb4b-6f59c231b2ec
CUDA 13.3, device: NVIDIA B200 (ID 5), VRAM: 178.34 GiB
CUDA device UUID: 8c99648d-c914-d608-25cc-190e34a0c1e6
CUDA 13.3, device: NVIDIA B200 (ID 6), VRAM: 178.34 GiB
CUDA device UUID: f98c5d53-bc59-f20d-4b6c-3039aaae2dc2
CUDA 13.3, device: NVIDIA B200 (ID 7), VRAM: 178.34 GiB
CUDA device UUID: c926fe7e-7c1d-5dc5-d0fc-cdaa30d4f70d
Solving a problem with 15625000 constraints, 31628008 variables (0 integers), and 125000000 nonzeros
Using PSLP presolver
PSLP Presolved problem: 15625000 constraints, 15624300 variables, 108995112 non-zeros
PSLP presolve time: 11.64s
Solving with distributed PDLP on 8 GPUs.
NCCL version 2.30.7+cuda13.3
      0 +0.00000000e+00 +0.00000000e+00  0.00e+00   1.03e+06     7.01e+06   25.013s
   1000 +1.52490607e+06 +2.51724597e+08  2.50e+08   1.65e+05     7.96e+05   25.423s
   2000 +9.18767274e+06 +2.95572900e+08  2.86e+08   9.77e+04     8.37e+05   25.732s
   3000 +2.31873465e+07 +2.17503793e+08  1.94e+08   1.38e+05     6.28e+05   26.043s
   4000 +2.85281422e+07 +9.39934356e+07  6.55e+07   1.74e+05     3.37e+05   26.354s
   5000 +2.86492402e+07 +9.77832515e+06  1.89e+07   1.61e+05     2.03e+05   26.662s
   6000 +2.29186407e+07 -3.40835054e+07  5.70e+07   1.04e+05     2.67e+05   26.972s
   7000 +2.16911790e+07 -7.77130720e+07  9.94e+07   6.25e+04     4.84e+05   27.281s
   8000 +2.18139285e+07 -4.78749325e+07  6.97e+07   3.32e+04     4.27e+05   27.591s
   9000 +2.37977980e+07 +1.31261944e+07  1.07e+07   3.06e+04     2.52e+05   27.903s
  10000 +2.83979156e+07 +3.80275279e+07  9.63e+06   4.91e+04     1.79e+05   28.217s
  11000 +3.36629704e+07 +6.04081145e+07  2.67e+07   5.70e+04     1.15e+05   28.534s
  12000 +3.78571144e+07 +7.36936833e+07  3.58e+07   4.26e+04     1.05e+05   28.850s
  13000 +4.12299448e+07 +7.18684392e+07  3.06e+07   2.20e+04     1.03e+05   29.169s
  14000 +4.37009654e+07 +6.28589163e+07  1.92e+07   1.43e+04     8.56e+04   29.489s
  15000 +4.65422684e+07 +5.89759428e+07  1.24e+07   1.72e+04     7.54e+04   29.811s
  16000 +5.01099750e+07 +5.70727700e+07  6.96e+06   2.10e+04     6.70e+04   30.131s
  17000 +5.28398850e+07 +5.37300936e+07  8.90e+05   2.39e+04     5.74e+04   30.448s
  18000 +5.44483776e+07 +4.99167684e+07  4.53e+06   2.59e+04     4.69e+04   30.759s
  19000 +5.48514875e+07 +4.67232685e+07  8.13e+06   2.69e+04     3.64e+04   31.068s
  20000 +5.43067810e+07 +4.43193862e+07  9.99e+06   2.71e+04     2.63e+04   31.376s
  21000 +5.31938464e+07 +4.22311498e+07  1.10e+07   2.63e+04     1.74e+04   31.686s
  22000 +5.16947003e+07 +4.01949386e+07  1.15e+07   2.48e+04     1.14e+04   31.998s
  23000 +5.05663869e+07 +3.71350078e+07  1.34e+07   2.34e+04     1.66e+04   32.310s
  24000 +5.00287213e+07 +3.26082391e+07  1.74e+07   2.25e+04     3.61e+04   32.620s
  25000 +4.91322126e+07 +2.88553379e+07  2.03e+07   2.08e+04     5.46e+04   32.929s
  26000 +4.79421540e+07 +2.60623613e+07  2.19e+07   1.84e+04     7.02e+04   33.238s
  27000 +4.65087529e+07 +2.41292237e+07  2.24e+07   1.56e+04     8.19e+04   33.550s
  28000 +4.48872114e+07 +2.29239015e+07  2.20e+07   1.27e+04     8.94e+04   33.865s
  29000 +4.31402764e+07 +2.24646024e+07  2.07e+07   9.78e+03     9.25e+04   34.184s
  30000 +4.14363870e+07 +2.28137073e+07  1.86e+07   7.24e+03     9.15e+04   34.502s
  31000 +3.98319733e+07 +2.37866341e+07  1.60e+07   5.58e+03     8.66e+04   34.813s
  32000 +3.83220799e+07 +2.56461957e+07  1.27e+07   5.18e+03     7.87e+04   35.120s
  33000 +3.72779465e+07 +2.81962301e+07  9.08e+06   5.58e+03     6.83e+04   35.427s
  34000 +3.66994426e+07 +3.09848963e+07  5.71e+06   6.24e+03     5.62e+04   35.735s
  35000 +3.62771021e+07 +3.37469649e+07  2.53e+06   6.76e+03     4.34e+04   36.042s
  36000 +3.52704630e+07 +3.52167541e+07  5.37e+04   8.06e+03     3.69e+04   36.353s
  37000 +3.39909737e+07 +3.61197460e+07  2.13e+06   1.01e+04     3.33e+04   36.661s
  38000 +3.29589148e+07 +3.73006258e+07  4.34e+06   1.18e+04     2.84e+04   36.968s
  39000 +3.21804527e+07 +3.86673748e+07  6.49e+06   1.31e+04     2.28e+04   37.276s
  40000 +3.16949467e+07 +4.01140484e+07  8.42e+06   1.39e+04     1.66e+04   37.583s
  41000 +3.15166875e+07 +4.15765497e+07  1.01e+07   1.41e+04     1.03e+04   37.891s
  42000 +3.16537623e+07 +4.29859039e+07  1.13e+07   1.38e+04     4.37e+03   38.199s
  43000 +3.20984564e+07 +4.42656239e+07  1.22e+07   1.30e+04     1.24e+03   38.506s
  44000 +3.28206313e+07 +4.53561594e+07  1.25e+07   1.18e+04     5.63e+03   38.812s
  45000 +3.37643964e+07 +4.62072912e+07  1.24e+07   1.03e+04     9.06e+03   39.118s
  46000 +3.48485784e+07 +4.67755355e+07  1.19e+07   8.81e+03     1.13e+04   39.425s
  47000 +3.59749073e+07 +4.70586529e+07  1.11e+07   7.33e+03     1.24e+04   39.730s
  48000 +3.70540350e+07 +4.70907659e+07  1.00e+07   6.08e+03     1.23e+04   40.040s
  49000 +3.80053714e+07 +4.69108023e+07  8.91e+06   5.20e+03     1.13e+04   40.346s
  50000 +3.87616761e+07 +4.65655704e+07  7.80e+06   4.72e+03     9.44e+03   40.653s
  51000 +3.92864861e+07 +4.61107572e+07  6.82e+06   4.54e+03     7.13e+03   40.960s
  52000 +3.95716428e+07 +4.56066782e+07  6.04e+06   4.51e+03     4.60e+03   41.266s
  53000 +3.96299180e+07 +4.51164571e+07  5.49e+06   4.51e+03     2.11e+03   41.573s
  54000 +3.94941266e+07 +4.46978141e+07  5.20e+06   4.51e+03     3.53e+02   41.880s
  55000 +3.94411733e+07 +4.49189802e+07  5.48e+06   4.51e+03     5.86e+02   42.190s
  56000 +3.94339374e+07 +4.52830150e+07  5.85e+06   4.51e+03     8.66e+02   42.497s
  57000 +3.94284586e+07 +4.56357774e+07  6.21e+06   4.51e+03     1.19e+03   42.806s
  58000 +3.94269634e+07 +4.59721430e+07  6.55e+06   4.51e+03     1.41e+03   43.116s
  59000 +3.94309068e+07 +4.62938481e+07  6.86e+06   4.51e+03     1.51e+03   43.425s
  60000 +3.94401021e+07 +4.66035883e+07  7.16e+06   4.50e+03     1.48e+03   43.731s
  61000 +3.94533044e+07 +4.69000401e+07  7.45e+06   4.50e+03     1.36e+03   44.038s
  62000 +3.94690863e+07 +4.71799911e+07  7.71e+06   4.50e+03     1.18e+03   44.346s
  63000 +3.94855974e+07 +4.74426246e+07  7.96e+06   4.50e+03     9.74e+02   44.656s
  64000 +3.95008001e+07 +4.76924659e+07  8.19e+06   4.50e+03     7.82e+02   44.965s
  65000 +3.95378897e+07 +4.79356882e+07  8.40e+06   4.50e+03     1.85e+03   45.273s
  66000 +3.96121798e+07 +4.81485976e+07  8.54e+06   4.48e+03     3.36e+03   45.580s
  67000 +3.97058992e+07 +4.83140822e+07  8.61e+06   4.45e+03     4.53e+03   45.889s
  68000 +3.97978027e+07 +4.84400534e+07  8.64e+06   4.43e+03     5.38e+03   46.198s
  69000 +3.98974389e+07 +4.85468826e+07  8.65e+06   4.39e+03     6.34e+03   46.505s
  70000 +4.00027333e+07 +4.86831528e+07  8.68e+06   4.35e+03     7.59e+03   46.812s
  71000 +4.01091385e+07 +4.88346633e+07  8.73e+06   4.29e+03     8.97e+03   47.118s
  72000 +4.02283314e+07 +4.90081787e+07  8.78e+06   4.22e+03     1.03e+04   47.424s
  73000 +4.03659816e+07 +4.92383775e+07  8.87e+06   4.15e+03     1.16e+04   47.731s
  74000 +4.05302490e+07 +4.95178128e+07  8.99e+06   4.07e+03     1.27e+04   48.037s
  75000 +4.07262553e+07 +4.98170244e+07  9.09e+06   3.98e+03     1.38e+04   48.344s
  76000 +4.09529228e+07 +5.01139864e+07  9.16e+06   3.89e+03     1.49e+04   48.651s
  77000 +4.12021823e+07 +5.04045914e+07  9.20e+06   3.79e+03     1.58e+04   48.958s
  78000 +4.14652182e+07 +5.06736755e+07  9.21e+06   3.69e+03     1.68e+04   49.264s
  79000 +4.17478165e+07 +5.09089123e+07  9.16e+06   3.58e+03     1.77e+04   49.571s
  80000 +4.20346088e+07 +5.11197752e+07  9.09e+06   3.46e+03     1.86e+04   49.877s
  81000 +4.23026699e+07 +5.13151185e+07  9.01e+06   3.34e+03     1.93e+04   50.184s
  82000 +4.25388412e+07 +5.15021607e+07  8.96e+06   3.23e+03     2.01e+04   50.491s
  83000 +4.27487571e+07 +5.16969447e+07  8.95e+06   3.12e+03     2.08e+04   50.798s
  84000 +4.29422567e+07 +5.18847023e+07  8.94e+06   3.01e+03     2.15e+04   51.105s
  85000 +4.31061300e+07 +5.21652421e+07  9.06e+06   2.92e+03     2.26e+04   51.413s
  86000 +4.31811183e+07 +5.28539514e+07  9.67e+06   2.89e+03     2.62e+04   51.719s
  87000 +4.32826137e+07 +5.35264431e+07  1.02e+07   2.86e+03     2.98e+04   52.027s
  88000 +4.34037481e+07 +5.41347658e+07  1.07e+07   2.82e+03     3.31e+04   52.335s
  89000 +4.35354589e+07 +5.46658921e+07  1.11e+07   2.78e+03     3.62e+04   52.644s
  90000 +4.36855203e+07 +5.51307973e+07  1.14e+07   2.73e+03     3.93e+04   52.954s
  91000 +4.38509884e+07 +5.55410498e+07  1.17e+07   2.67e+03     4.24e+04   53.262s
  92000 +4.40195671e+07 +5.59244820e+07  1.19e+07   2.61e+03     4.52e+04   53.569s
  93000 +4.41805949e+07 +5.62953804e+07  1.21e+07   2.55e+03     4.77e+04   53.875s
  94000 +4.43301397e+07 +5.66757022e+07  1.23e+07   2.49e+03     4.98e+04   54.183s
  95000 +4.44692575e+07 +5.70740555e+07  1.26e+07   2.44e+03     5.17e+04   54.489s
  96000 +4.46015173e+07 +5.74778111e+07  1.29e+07   2.38e+03     5.36e+04   54.795s
  97000 +4.47330363e+07 +5.78768981e+07  1.31e+07   2.33e+03     5.54e+04   55.102s
  98000 +4.48690256e+07 +5.82556063e+07  1.34e+07   2.27e+03     5.71e+04   55.411s
  99000 +4.50133024e+07 +5.85983780e+07  1.36e+07   2.22e+03     5.86e+04   55.720s
 100000 +4.51742056e+07 +5.89047651e+07  1.37e+07   2.17e+03     5.99e+04   56.029s
 101000 +4.53648300e+07 +5.91713082e+07  1.38e+07   2.11e+03     6.11e+04   56.338s
 102000 +4.55828439e+07 +5.93939320e+07  1.38e+07   2.04e+03     6.23e+04   56.648s
 103000 +4.58232483e+07 +5.95887591e+07  1.38e+07   1.97e+03     6.35e+04   56.957s
 104000 +4.60812727e+07 +5.97583219e+07  1.37e+07   1.90e+03     6.45e+04   57.266s
 105000 +4.63523665e+07 +5.99067102e+07  1.36e+07   1.82e+03     6.53e+04   57.574s
 106000 +4.66328734e+07 +6.00424106e+07  1.34e+07   1.74e+03     6.60e+04   57.882s
 107000 +4.69198292e+07 +6.01563351e+07  1.32e+07   1.66e+03     6.65e+04   58.191s
 108000 +4.72119795e+07 +6.02428432e+07  1.30e+07   1.58e+03     6.70e+04   58.500s
 109000 +4.75088164e+07 +6.02950674e+07  1.28e+07   1.50e+03     6.72e+04   58.809s
 110000 +4.78107503e+07 +6.03093602e+07  1.25e+07   1.42e+03     6.73e+04   59.117s
 111000 +4.81181325e+07 +6.02807888e+07  1.22e+07   1.34e+03     6.72e+04   59.424s
 112000 +4.84309029e+07 +6.02158911e+07  1.18e+07   1.26e+03     6.70e+04   59.732s
 113000 +4.87707606e+07 +6.01207354e+07  1.13e+07   1.19e+03     6.60e+04   60.042s
 114000 +4.91660153e+07 +5.98667408e+07  1.07e+07   1.12e+03     6.51e+04   60.351s
 115000 +4.95422539e+07 +5.94280883e+07  9.89e+06   1.07e+03     6.37e+04   60.659s
 116000 +4.98948123e+07 +5.89234507e+07  9.03e+06   1.02e+03     6.19e+04   60.966s
 117000 +5.02149545e+07 +5.84998418e+07  8.28e+06   9.85e+02     5.99e+04   61.273s
 118000 +5.05024348e+07 +5.81081590e+07  7.61e+06   9.53e+02     5.77e+04   61.579s
 119000 +5.07619869e+07 +5.77385352e+07  6.98e+06   9.29e+02     5.52e+04   61.886s
 120000 +5.10026956e+07 +5.74506414e+07  6.45e+06   9.10e+02     5.27e+04   62.193s
 121000 +5.12283415e+07 +5.72910740e+07  6.06e+06   8.91e+02     5.00e+04   62.499s
 122000 +5.14419295e+07 +5.71323987e+07  5.69e+06   8.67e+02     4.74e+04   62.808s
 123000 +5.16432258e+07 +5.68359561e+07  5.19e+06   8.39e+02     4.49e+04   63.117s
 124000 +5.18287713e+07 +5.64367736e+07  4.61e+06   8.06e+02     4.23e+04   63.426s
 125000 +5.19904726e+07 +5.59568260e+07  3.97e+06   7.70e+02     3.96e+04   63.735s
 126000 +5.21204813e+07 +5.54432411e+07  3.32e+06   7.28e+02     3.71e+04   64.044s
 127000 +5.22161407e+07 +5.48719974e+07  2.66e+06   6.80e+02     3.46e+04   64.353s
 128000 +5.22759436e+07 +5.43537131e+07  2.08e+06   6.25e+02     3.23e+04   64.662s
 129000 +5.23001283e+07 +5.39033165e+07  1.60e+06   5.64e+02     3.02e+04   64.970s
 130000 +5.22970675e+07 +5.35564458e+07  1.26e+06   5.02e+02     2.82e+04   65.278s
 131000 +5.22927034e+07 +5.33782062e+07  1.09e+06   4.54e+02     2.51e+04   65.587s
 132000 +5.22775280e+07 +5.32413712e+07  9.64e+05   4.06e+02     2.32e+04   65.896s
 133000 +5.23361131e+07 +5.31744394e+07  8.38e+05   4.03e+02     2.10e+04   66.207s
 134000 +5.24981632e+07 +5.31190947e+07  6.21e+05   4.44e+02     2.01e+04   66.516s
 135000 +5.26469843e+07 +5.29717286e+07  3.25e+05   5.08e+02     1.91e+04   66.825s
 136000 +5.27800583e+07 +5.27892378e+07  9.18e+03   5.78e+02     1.77e+04   67.134s
 137000 +5.28904994e+07 +5.25862909e+07  3.04e+05   6.42e+02     1.61e+04   67.443s
 138000 +5.29754154e+07 +5.23664496e+07  6.09e+05   6.96e+02     1.43e+04   67.752s
 139000 +5.30334879e+07 +5.21414194e+07  8.92e+05   7.38e+02     1.24e+04   68.061s
 140000 +5.30643147e+07 +5.19239496e+07  1.14e+06   7.66e+02     1.05e+04   68.370s
 141000 +5.30691832e+07 +5.17296018e+07  1.34e+06   7.80e+02     8.54e+03   68.678s
 142000 +5.30501901e+07 +5.15668686e+07  1.48e+06   7.81e+02     6.74e+03   68.988s
 143000 +5.30099737e+07 +5.14346393e+07  1.58e+06   7.68e+02     5.21e+03   69.297s
 144000 +5.29511160e+07 +5.13213910e+07  1.63e+06   7.42e+02     4.22e+03   69.606s
 145000 +5.28760733e+07 +5.12223800e+07  1.65e+06   7.05e+02     3.99e+03   69.915s
 146000 +5.27872586e+07 +5.11329690e+07  1.65e+06   6.57e+02     4.44e+03   70.223s
 147000 +5.26866411e+07 +5.10508930e+07  1.64e+06   6.01e+02     5.18e+03   70.530s
 148000 +5.25766415e+07 +5.09747041e+07  1.60e+06   5.38e+02     5.94e+03   70.838s
 149000 +5.24595466e+07 +5.09079416e+07  1.55e+06   4.72e+02     6.56e+03   71.147s
 150000 +5.23381869e+07 +5.08483387e+07  1.49e+06   4.04e+02     7.00e+03   71.456s
 151000 +5.22158826e+07 +5.08093485e+07  1.41e+06   3.36e+02     7.22e+03   71.766s
 152000 +5.20959598e+07 +5.07923880e+07  1.30e+06   2.70e+02     7.24e+03   72.075s
 153000 +5.19822285e+07 +5.08028606e+07  1.18e+06   2.08e+02     7.05e+03   72.384s
 154000 +5.18779765e+07 +5.08372629e+07  1.04e+06   1.52e+02     6.69e+03   72.693s
 155000 +5.17860895e+07 +5.08907149e+07  8.95e+05   1.04e+02     6.20e+03   73.001s
 156000 +5.17086927e+07 +5.09582602e+07  7.50e+05   6.32e+01     5.61e+03   73.310s
 157000 +5.16468663e+07 +5.10350623e+07  6.12e+05   3.17e+01     4.99e+03   73.618s
 158000 +5.16107740e+07 +5.10796085e+07  5.31e+05   1.62e+01     4.63e+03   73.927s
 159000 +5.15938078e+07 +5.10740356e+07  5.20e+05   1.38e+01     4.64e+03   74.234s
 160000 +5.15767645e+07 +5.10714882e+07  5.05e+05   1.61e+01     4.60e+03   74.541s
 161000 +5.15598062e+07 +5.10734714e+07  4.86e+05   2.14e+01     4.51e+03   74.847s
 162000 +5.15432206e+07 +5.10802158e+07  4.63e+05   2.78e+01     4.39e+03   75.154s
 163000 +5.15273414e+07 +5.10930230e+07  4.34e+05   3.45e+01     4.23e+03   75.462s
 164000 +5.15124915e+07 +5.11123034e+07  4.00e+05   4.09e+01     4.03e+03   75.770s
 165000 +5.14989799e+07 +5.11380258e+07  3.61e+05   4.69e+01     3.79e+03   76.078s
 166000 +5.14870841e+07 +5.11693038e+07  3.18e+05   5.23e+01     3.53e+03   76.385s
 167000 +5.14770120e+07 +5.12047723e+07  2.72e+05   5.70e+01     3.25e+03   76.692s
 168000 +5.14689023e+07 +5.12429071e+07  2.26e+05   6.09e+01     2.95e+03   77.002s
 169000 +5.14628094e+07 +5.12823783e+07  1.80e+05   6.40e+01     2.65e+03   77.310s
 170000 +5.14587194e+07 +5.13218152e+07  1.37e+05   6.62e+01     2.34e+03   77.616s
 171000 +5.14565494e+07 +5.13600819e+07  9.65e+04   6.76e+01     2.03e+03   77.922s
 172000 +5.14561758e+07 +5.13965828e+07  5.96e+04   6.82e+01     1.73e+03   78.229s
 173000 +5.14574441e+07 +5.14311236e+07  2.63e+04   6.82e+01     1.45e+03   78.536s
 174000 +5.14601854e+07 +5.14638045e+07  3.62e+03   6.74e+01     1.18e+03   78.842s
 175000 +5.14642294e+07 +5.14947201e+07  3.05e+04   6.61e+01     9.41e+02   79.149s
 176000 +5.14694001e+07 +5.15239851e+07  5.46e+04   6.43e+01     7.25e+02   79.455s
 177000 +5.14755226e+07 +5.15514718e+07  7.59e+04   6.21e+01     5.42e+02   79.763s
 178000 +5.14824188e+07 +5.15770406e+07  9.46e+04   5.95e+01     4.04e+02   80.069s
 179000 +5.14898973e+07 +5.16001811e+07  1.10e+05   5.67e+01     3.32e+02   80.376s
 180000 +5.14977620e+07 +5.16205382e+07  1.23e+05   5.37e+01     3.39e+02   80.682s
 181000 +5.15058072e+07 +5.16375587e+07  1.32e+05   5.05e+01     4.01e+02   80.990s
 182000 +5.15138337e+07 +5.16509796e+07  1.37e+05   4.71e+01     4.86e+02   81.297s
 183000 +5.15216491e+07 +5.16608306e+07  1.39e+05   4.37e+01     5.73e+02   81.603s
 184000 +5.15290903e+07 +5.16673110e+07  1.38e+05   4.03e+01     6.57e+02   81.911s
 185000 +5.15360250e+07 +5.16708927e+07  1.35e+05   3.67e+01     7.32e+02   82.218s
 186000 +5.15423622e+07 +5.16720901e+07  1.30e+05   3.31e+01     7.98e+02   82.525s
 187000 +5.15480536e+07 +5.16715497e+07  1.23e+05   2.96e+01     8.51e+02   82.834s
 188000 +5.15530858e+07 +5.16697367e+07  1.17e+05   2.60e+01     8.90e+02   83.143s
 189000 +5.15574789e+07 +5.16670208e+07  1.10e+05   2.26e+01     9.14e+02   83.452s
 190000 +5.15612732e+07 +5.16635756e+07  1.02e+05   1.94e+01     9.22e+02   83.761s
 191000 +5.15645178e+07 +5.16593647e+07  9.48e+04   1.64e+01     9.12e+02   84.070s
 192000 +5.15672671e+07 +5.16544112e+07  8.71e+04   1.37e+01     8.85e+02   84.379s
 193000 +5.15695732e+07 +5.16486309e+07  7.91e+04   1.17e+01     8.42e+02   84.688s
 194000 +5.15711455e+07 +5.16485677e+07  7.74e+04   1.05e+01     8.07e+02   84.999s
 195000 +5.15713428e+07 +5.16743384e+07  1.03e+05   1.03e+01     9.09e+02   85.308s
 196000 +5.15717596e+07 +5.16998166e+07  1.28e+05   1.01e+01     1.06e+03   85.617s
 197000 +5.15723920e+07 +5.17248101e+07  1.52e+05   9.77e+00     1.23e+03   85.926s
 198000 +5.15732325e+07 +5.17490410e+07  1.76e+05   9.35e+00     1.41e+03   86.235s
 199000 +5.15742689e+07 +5.17722066e+07  1.98e+05   8.84e+00     1.59e+03   86.544s
 200000 +5.15754840e+07 +5.17938119e+07  2.18e+05   8.24e+00     1.76e+03   86.853s
 201000 +5.15768559e+07 +5.18133052e+07  2.36e+05   7.58e+00     1.91e+03   87.161s
 202000 +5.15783574e+07 +5.18301714e+07  2.52e+05   6.86e+00     2.04e+03   87.469s
 203000 +5.15799577e+07 +5.18439436e+07  2.64e+05   6.10e+00     2.15e+03   87.777s
 204000 +5.15816231e+07 +5.18543096e+07  2.73e+05   5.31e+00     2.23e+03   88.085s
 205000 +5.15833183e+07 +5.18611150e+07  2.78e+05   4.52e+00     2.29e+03   88.394s
 206000 +5.15850086e+07 +5.18643723e+07  2.79e+05   3.73e+00     2.31e+03   88.704s
 207000 +5.15866611e+07 +5.18642904e+07  2.78e+05   2.96e+00     2.32e+03   89.013s
 208000 +5.15882460e+07 +5.18611910e+07  2.73e+05   2.24e+00     2.29e+03   89.322s
 209000 +5.15897375e+07 +5.18554575e+07  2.66e+05   1.57e+00     2.25e+03   89.631s
 210000 +5.15911144e+07 +5.18474736e+07  2.56e+05   9.82e-01     2.19e+03   89.940s
 211000 +5.15923600e+07 +5.18376090e+07  2.45e+05   5.86e-01     2.11e+03   90.249s
 212000 +5.15934620e+07 +5.18261700e+07  2.33e+05   6.17e-01     2.02e+03   90.558s
 213000 +5.15944123e+07 +5.18134159e+07  2.19e+05   9.35e-01     1.91e+03   90.867s
 214000 +5.15952066e+07 +5.17995660e+07  2.04e+05   1.28e+00     1.80e+03   91.176s
 215000 +5.15958440e+07 +5.17848326e+07  1.89e+05   1.60e+00     1.68e+03   91.485s
 216000 +5.15963272e+07 +5.17694509e+07  1.73e+05   1.87e+00     1.57e+03   91.794s
 217000 +5.15966621e+07 +5.17536910e+07  1.57e+05   2.09e+00     1.44e+03   92.103s
 218000 +5.15968576e+07 +5.17378568e+07  1.41e+05   2.28e+00     1.32e+03   92.412s
 219000 +5.15969261e+07 +5.17222864e+07  1.25e+05   2.42e+00     1.20e+03   92.721s
 220000 +5.15968822e+07 +5.17073000e+07  1.10e+05   2.53e+00     1.08e+03   93.030s
 221000 +5.15967430e+07 +5.16931858e+07  9.64e+04   2.61e+00     9.67e+02   93.338s
 222000 +5.15965264e+07 +5.16801715e+07  8.36e+04   2.66e+00     8.52e+02   93.646s
 223000 +5.15962510e+07 +5.16683936e+07  7.21e+04   2.68e+00     7.40e+02   93.955s
 224000 +5.15959347e+07 +5.16579003e+07  6.20e+04   2.67e+00     6.32e+02   94.262s
 225000 +5.15955942e+07 +5.16486687e+07  5.31e+04   2.63e+00     5.31e+02   94.569s
 226000 +5.15952437e+07 +5.16406197e+07  4.54e+04   2.56e+00     4.38e+02   94.875s
 227000 +5.15948954e+07 +5.16336529e+07  3.88e+04   2.46e+00     3.59e+02   95.183s
 228000 +5.15945586e+07 +5.16276705e+07  3.31e+04   2.32e+00     2.99e+02   95.490s
 229000 +5.15942404e+07 +5.16225938e+07  2.84e+04   2.16e+00     2.64e+02   95.796s
 230000 +5.15939455e+07 +5.16183737e+07  2.44e+04   1.96e+00     2.56e+02   96.103s
 231000 +5.15947349e+07 +5.16177451e+07  2.30e+04   1.96e+00     2.56e+02   96.411s
 232000 +5.15955111e+07 +5.16168499e+07  2.13e+04   2.03e+00     2.52e+02   96.717s
 233000 +5.15962580e+07 +5.16156942e+07  1.94e+04   2.18e+00     2.45e+02   97.023s
 234000 +5.15969602e+07 +5.16142899e+07  1.73e+04   2.36e+00     2.34e+02   97.330s
 235000 +5.15976030e+07 +5.16126529e+07  1.50e+04   2.57e+00     2.21e+02   97.639s
 236000 +5.15981734e+07 +5.16108033e+07  1.26e+04   2.78e+00     2.04e+02   97.948s
 237000 +5.15986596e+07 +5.16087688e+07  1.01e+04   2.98e+00     1.85e+02   98.257s
LP Solver status:                Optimal
Primal objective:                +5.15986596e+07
Dual objective:                  +5.16087688e+07
Duality gap (abs/rel):           +1.01e+04 / +9.80e-05
Primal infeasibility (abs/rel):  +2.98e+00 / +2.88e-06
Dual infeasibility (abs/rel):    +1.85e+02 / +2.64e-05
Distributed PDLP finished
Status: Optimal   Objective: 5.15986596e+07  Iterations: 237000  Time: 100.321s

### exit_code=0
### finished=2026-07-23T16:45:00.025320
### gpu_peak_mb=7898.4
### gpu_peak2_mb=6970.4
### per_gpu_peak_mb=[7898.375, 6842.375, 6906.375, 6970.375, 6906.375, 6970.375, 6938.375, 6970.375]
