### solver=cuopt-distributed
### instance=/home/scratch.vmostovoi_gpu/datasets/open_energy_benchmark/IESA-Opt-NL-5-3h.mps
### n_gpus=8
### CUDA_VISIBLE_DEVICES=0,1,2,3,4,5,6,7
### started=2026-07-27T22:18:21.261353
### argv=/home/scratch.vmostovoi_gpu/mostovoi_cuopt/cpp/build/cuopt_cli --use-distributed-pdlp true --method 1 --mps-reader experimental-fast --time-limit 3600 --iteration-limit 1000000000 --relative-primal-tolerance 1e-4 --relative-dual-tolerance 1e-4 --relative-gap-tolerance 1e-4 --log-to-console true /home/scratch.vmostovoi_gpu/datasets/open_energy_benchmark/IESA-Opt-NL-5-3h.mps
### --- solver output ---
Setting parameter iteration_limit to 1000000000
Setting parameter log_to_console to true
Setting parameter method to 1
Setting parameter relative_dual_tolerance to 1.000000e-04
Setting parameter relative_gap_tolerance to 1.000000e-04
Setting parameter relative_primal_tolerance to 1.000000e-04
Setting parameter time_limit to 3.600000e+03
Setting parameter use_distributed_pdlp to true
Reading file IESA-Opt-NL-5-3h.mps
Using experimental fast MPS parser for '/home/scratch.vmostovoi_gpu/datasets/open_energy_benchmark/IESA-Opt-NL-5-3h.mps'
Read file IESA-Opt-NL-5-3h.mps in 3.13 seconds
cuOpt version: 26.8.0, git hash: 7116ead1, host arch: x86_64, device archs: 100a-real
CPU: INTEL(R) XEON(R) PLATINUM 8570, threads (physical/logical): 112/224, RAM: 1645.12 GiB
CUDA 13.3, device: NVIDIA B200 (ID 0), VRAM: 178.34 GiB
CUDA device UUID: 8317f78c-f99d-83bd-c482-32dac10ef30c
CUDA 13.3, device: NVIDIA B200 (ID 1), VRAM: 178.34 GiB
CUDA device UUID: 8fc7a7b6-bcef-c33d-4892-d0fede2d5f0f
CUDA 13.3, device: NVIDIA B200 (ID 2), VRAM: 178.34 GiB
CUDA device UUID: b37834f6-e251-1183-1917-a2e8b43b9fc4
CUDA 13.3, device: NVIDIA B200 (ID 3), VRAM: 178.34 GiB
CUDA device UUID: 13fa1039-be1e-010e-413e-36eec85e98f8
CUDA 13.3, device: NVIDIA B200 (ID 4), VRAM: 178.34 GiB
CUDA device UUID: d878248b-2c48-d6bc-373f-f4fa503999bf
CUDA 13.3, device: NVIDIA B200 (ID 5), VRAM: 178.34 GiB
CUDA device UUID: 73ea9b4f-1089-1e83-fbe5-1e20e9021147
CUDA 13.3, device: NVIDIA B200 (ID 6), VRAM: 178.34 GiB
CUDA device UUID: 12f455bd-4fb9-9ac5-d065-962815ef9675
CUDA 13.3, device: NVIDIA B200 (ID 7), VRAM: 178.34 GiB
CUDA device UUID: d34404df-593a-d600-db7e-7b4b3bbeec38
Solving a problem with 15025409 constraints, 12077880 variables (0 integers), and 61521715 nonzeros
Using PSLP presolver
Maximum time limit of 60.00 seconds reached.
PSLP Presolved problem: 4619328 constraints, 2690479 variables, 27834521 non-zeros
PSLP presolve time: 96.76s
Solving with distributed PDLP on 8 GPUs.
NCCL version 2.30.7+cuda13.3
      0 -2.35871720e+03 -2.35871720e+03  0.00e+00   7.09e+03     2.48e+04   102.037s
   1000 +3.16268205e+04 +3.94432830e+04  7.82e+03   4.06e+02     2.07e+01   102.408s
   2000 +3.66101342e+04 +5.70222474e+04  2.04e+04   4.03e+02     2.31e+01   102.666s
   3000 +4.03669828e+04 +8.03396222e+04  4.00e+04   1.99e+02     4.00e+01   102.925s
   4000 +4.29620749e+04 +8.61073304e+04  4.31e+04   1.41e+02     4.50e+01   103.183s
   5000 +4.44475438e+04 +8.68530837e+04  4.24e+04   1.02e+02     3.88e+01   103.440s
   6000 +4.54696477e+04 +8.61196669e+04  4.07e+04   8.04e+01     3.56e+01   103.699s
   7000 +4.70312013e+04 +8.46628034e+04  3.76e+04   6.73e+01     3.14e+01   103.956s
   8000 +4.81081830e+04 +8.31552958e+04  3.50e+04   2.77e+01     2.69e+01   104.213s
   9000 +4.85402427e+04 +8.15296147e+04  3.30e+04   1.94e+01     1.93e+01   104.469s
  10000 +4.91036175e+04 +7.90225008e+04  2.99e+04   1.02e+01     1.79e+01   104.728s
  11000 +4.94797011e+04 +7.39521869e+04  2.45e+04   3.31e+00     1.56e+01   104.980s
  12000 +4.95687645e+04 +6.86832158e+04  1.91e+04   1.56e+00     1.84e+01   105.232s
  13000 +4.95753616e+04 +6.45998540e+04  1.50e+04   1.80e+00     1.71e+01   105.485s
  14000 +4.94145336e+04 +6.16777112e+04  1.23e+04   1.35e+00     1.74e+01   105.737s
  15000 +4.93099082e+04 +6.02086597e+04  1.09e+04   1.24e+00     1.67e+01   105.990s
  16000 +4.92667155e+04 +5.80455368e+04  8.78e+03   1.05e+00     1.52e+01   106.243s
  17000 +4.92452476e+04 +5.60342425e+04  6.79e+03   1.28e+00     1.30e+01   106.495s
  18000 +4.91769241e+04 +5.41032310e+04  4.93e+03   1.53e+00     1.20e+01   106.747s
  19000 +4.91199457e+04 +5.32765293e+04  4.16e+03   1.53e+00     9.93e+00   106.999s
  20000 +4.91267582e+04 +5.28045317e+04  3.68e+03   1.46e+00     8.33e+00   107.251s
  21000 +4.91516444e+04 +5.24049820e+04  3.25e+03   1.37e+00     7.06e+00   107.503s
  22000 +4.91747453e+04 +5.21561269e+04  2.98e+03   1.32e+00     6.19e+00   107.756s
  23000 +4.92235537e+04 +5.18594273e+04  2.64e+03   1.27e+00     5.51e+00   108.009s
  24000 +4.92550272e+04 +5.13321665e+04  2.08e+03   1.17e+00     4.73e+00   108.261s
  25000 +4.92674151e+04 +5.10447143e+04  1.78e+03   1.14e+00     3.93e+00   108.514s
  26000 +4.92848756e+04 +5.08794651e+04  1.59e+03   1.08e+00     3.41e+00   108.766s
  27000 +4.93138428e+04 +5.07420534e+04  1.43e+03   1.06e+00     3.17e+00   109.018s
  28000 +4.93377508e+04 +5.06677082e+04  1.33e+03   1.03e+00     2.79e+00   109.270s
  29000 +4.93646280e+04 +5.06447910e+04  1.28e+03   9.42e-01     2.33e+00   109.523s
  30000 +4.93913377e+04 +5.06319590e+04  1.24e+03   8.43e-01     2.13e+00   109.775s
  31000 +4.94179049e+04 +5.05998087e+04  1.18e+03   7.02e-01     1.99e+00   110.027s
  32000 +4.94414471e+04 +5.05480808e+04  1.11e+03   6.36e-01     1.89e+00   110.279s
  33000 +4.94636081e+04 +5.05332050e+04  1.07e+03   5.69e-01     1.75e+00   110.531s
  34000 +4.94850918e+04 +5.04973187e+04  1.01e+03   4.91e-01     1.64e+00   110.783s
  35000 +4.95032436e+04 +5.04591948e+04  9.56e+02   4.53e-01     1.51e+00   111.035s
  36000 +4.95187236e+04 +5.03997638e+04  8.81e+02   4.87e-01     1.44e+00   111.289s
  37000 +4.95329464e+04 +5.03702655e+04  8.37e+02   4.91e-01     1.39e+00   111.541s
  38000 +4.95519509e+04 +5.03283040e+04  7.76e+02   4.11e-01     1.30e+00   111.794s
  39000 +4.95682605e+04 +5.02321309e+04  6.64e+02   3.61e-01     1.23e+00   112.046s
  40000 +4.95789552e+04 +5.01622230e+04  5.83e+02   3.49e-01     1.13e+00   112.298s
  41000 +4.95879849e+04 +5.01188922e+04  5.31e+02   3.24e-01     1.04e+00   112.550s
  42000 +4.95962408e+04 +5.00819824e+04  4.86e+02   3.14e-01     9.81e-01   112.802s
  43000 +4.96060053e+04 +5.00464270e+04  4.40e+02   2.79e-01     9.00e-01   113.054s
  44000 +4.96153218e+04 +5.00073134e+04  3.92e+02   2.56e-01     8.48e-01   113.308s
  45000 +4.96214463e+04 +4.99748676e+04  3.53e+02   2.54e-01     7.98e-01   113.563s
  46000 +4.96293057e+04 +4.99610069e+04  3.32e+02   2.26e-01     7.60e-01   113.818s
  47000 +4.96423082e+04 +4.99439581e+04  3.02e+02   1.93e-01     7.39e-01   114.078s
  48000 +4.96608127e+04 +4.99165624e+04  2.56e+02   1.70e-01     7.12e-01   114.335s
  49000 +4.96746993e+04 +4.98957896e+04  2.21e+02   1.69e-01     6.73e-01   114.592s
  50000 +4.96816708e+04 +4.98937216e+04  2.12e+02   1.75e-01     6.40e-01   114.849s
  51000 +4.96843622e+04 +4.98893895e+04  2.05e+02   1.67e-01     6.07e-01   115.106s
  52000 +4.96790867e+04 +4.98789093e+04  2.00e+02   1.59e-01     5.97e-01   115.362s
  53000 +4.96709158e+04 +4.98803446e+04  2.09e+02   1.70e-01     5.72e-01   115.616s
  54000 +4.96636237e+04 +4.98897690e+04  2.26e+02   1.60e-01     5.46e-01   115.871s
  55000 +4.96577747e+04 +4.98842164e+04  2.26e+02   1.54e-01     5.13e-01   116.127s
  56000 +4.96529234e+04 +4.98795688e+04  2.27e+02   1.56e-01     4.87e-01   116.382s
  57000 +4.96499059e+04 +4.98756021e+04  2.26e+02   1.56e-01     4.68e-01   116.637s
  58000 +4.96497125e+04 +4.98685057e+04  2.19e+02   1.63e-01     4.52e-01   116.892s
  59000 +4.96511164e+04 +4.98650685e+04  2.14e+02   1.45e-01     4.45e-01   117.147s
  60000 +4.96520119e+04 +4.98620846e+04  2.10e+02   1.49e-01     4.40e-01   117.403s
  61000 +4.96547765e+04 +4.98336030e+04  1.79e+02   1.57e-01     4.02e-01   117.657s
  62000 +4.96550602e+04 +4.98268780e+04  1.72e+02   1.51e-01     3.89e-01   117.909s
  63000 +4.96537136e+04 +4.98148535e+04  1.61e+02   1.48e-01     3.67e-01   118.161s
  64000 +4.96527100e+04 +4.98172607e+04  1.65e+02   1.48e-01     3.54e-01   118.413s
  65000 +4.96495460e+04 +4.97980713e+04  1.49e+02   1.45e-01     3.34e-01   118.666s
  66000 +4.96444310e+04 +4.98019606e+04  1.58e+02   1.43e-01     3.22e-01   118.918s
  67000 +4.96373879e+04 +4.98022798e+04  1.65e+02   1.42e-01     3.11e-01   119.170s
  68000 +4.96269297e+04 +4.97839497e+04  1.57e+02   1.45e-01     2.88e-01   119.424s
  69000 +4.96087429e+04 +4.97742376e+04  1.65e+02   1.57e-01     2.64e-01   119.676s
  70000 +4.95922479e+04 +4.97687727e+04  1.77e+02   1.90e-01     2.46e-01   119.928s
  71000 +4.95788319e+04 +4.97663747e+04  1.88e+02   3.36e-01     2.37e-01   120.181s
  72000 +4.95685399e+04 +4.97665370e+04  1.98e+02   4.45e-01     2.33e-01   120.433s
  73000 +4.95601552e+04 +4.97641013e+04  2.04e+02   4.98e-01     2.27e-01   120.685s
  74000 +4.95538273e+04 +4.97644254e+04  2.11e+02   5.04e-01     2.26e-01   120.937s
  75000 +4.95341488e+04 +4.97386751e+04  2.05e+02   4.18e-01     2.00e-01   121.191s
  76000 +4.94840788e+04 +4.97036021e+04  2.20e+02   1.35e+00     1.67e-01   121.443s
  77000 +4.94475574e+04 +4.96586565e+04  2.11e+02   2.70e+00     1.33e-01   121.696s
  78000 +4.94249445e+04 +4.96425970e+04  2.18e+02   3.67e+00     1.18e-01   121.948s
  79000 +4.94104744e+04 +4.96265042e+04  2.16e+02   4.06e+00     1.06e-01   122.200s
  80000 +4.94079252e+04 +4.96091400e+04  2.01e+02   3.91e+00     9.35e-02   122.452s
  81000 +4.73168879e+04 +4.94763845e+04  2.16e+03   2.12e+02     4.23e-03   122.708s
  82000 +4.81788716e+04 +4.94755926e+04  1.30e+03   2.51e+02     3.05e-04   122.963s
  83000 +4.79689383e+04 +4.94756013e+04  1.51e+03   2.22e+02     1.64e-04   123.215s
  84000 +4.77566488e+04 +4.94755734e+04  1.72e+03   2.07e+02     1.33e-04   123.467s
  85000 +4.76928285e+04 +4.94755863e+04  1.78e+03   1.95e+02     9.01e-05   123.719s
  86000 +4.75747455e+04 +4.94755984e+04  1.90e+03   1.95e+02     7.01e-05   123.971s
  87000 +4.75503399e+04 +4.94754385e+04  1.93e+03   1.98e+02     9.64e-04   124.225s
  88000 +4.72466103e+04 +4.94753334e+04  2.23e+03   1.85e+02     6.77e-04   124.477s
  89000 +4.71093083e+04 +4.94754985e+04  2.37e+03   1.85e+02     4.66e-04   124.729s
  90000 +4.71054373e+04 +4.94756010e+04  2.37e+03   1.85e+02     4.41e-04   124.981s
  91000 +4.70420928e+04 +4.94756459e+04  2.43e+03   1.86e+02     2.99e-04   125.233s
  92000 +4.69872983e+04 +4.94756965e+04  2.49e+03   1.87e+02     2.92e-04   125.485s
  93000 +4.69762576e+04 +4.94757646e+04  2.50e+03   1.86e+02     2.26e-04   125.738s
  94000 +4.69507850e+04 +4.94758190e+04  2.53e+03   1.86e+02     1.92e-04   125.990s
  95000 +4.69486711e+04 +4.94758730e+04  2.53e+03   1.87e+02     1.82e-04   126.242s
  96000 +4.69681782e+04 +4.94759176e+04  2.51e+03   1.87e+02     1.65e-04   126.494s
  97000 +4.69811257e+04 +4.94759531e+04  2.49e+03   1.87e+02     1.59e-04   126.746s
  98000 +4.69706909e+04 +4.94759830e+04  2.51e+03   1.87e+02     1.55e-04   126.998s
  99000 +4.70302028e+04 +4.94760210e+04  2.45e+03   1.76e+02     1.52e-04   127.250s
 100000 +4.78474608e+04 +4.94760352e+04  1.63e+03   1.02e+02     1.57e-04   127.502s
 101000 +4.87018305e+04 +4.94760181e+04  7.74e+02   2.91e+01     2.01e-04   127.754s
 102000 +4.88986217e+04 +4.94760216e+04  5.77e+02   1.53e+01     1.79e-04   128.007s
 103000 +4.88842443e+04 +4.94760638e+04  5.92e+02   1.78e+01     1.17e-03   128.260s
 104000 +4.89789262e+04 +4.94760621e+04  4.97e+02   1.35e+01     9.99e-04   128.514s
 105000 +4.90869608e+04 +4.94760309e+04  3.89e+02   7.11e+00     6.83e-04   128.766s
 106000 +4.91774279e+04 +4.94760304e+04  2.99e+02   2.36e+00     5.59e-04   129.018s
 107000 +4.92286404e+04 +4.94760569e+04  2.47e+02   1.92e+00     4.70e-04   129.270s
 108000 +4.92666902e+04 +4.94760801e+04  2.09e+02   1.68e+00     4.04e-04   129.523s
 109000 +4.92565574e+04 +4.94760995e+04  2.20e+02   1.79e+00     3.96e-04   129.775s
 110000 +4.92447754e+04 +4.94761334e+04  2.31e+02   2.30e+00     3.36e-04   130.027s
 111000 +4.92546121e+04 +4.94761629e+04  2.22e+02   4.41e+00     1.54e-03   130.281s
 112000 +4.92839292e+04 +4.94761769e+04  1.92e+02   4.42e+00     1.44e-03   130.533s
 113000 +4.93267541e+04 +4.94761613e+04  1.49e+02   1.96e+00     1.44e-03   130.785s
 114000 +4.93579472e+04 +4.94761470e+04  1.18e+02   1.38e+00     1.54e-03   131.037s
 115000 +4.93805315e+04 +4.94761635e+04  9.56e+01   1.23e+00     1.49e-03   131.289s
 116000 +4.93872376e+04 +4.94762156e+04  8.90e+01   1.80e+00     1.43e-03   131.542s
 117000 +4.94054047e+04 +4.94762433e+04  7.08e+01   2.03e+00     1.37e-03   131.794s
 118000 +4.94386409e+04 +4.94762709e+04  3.76e+01   7.04e-01     1.30e-03   132.046s
 119000 +4.94703025e+04 +4.94763216e+04  6.02e+00   3.39e-01     1.17e-03   132.298s
LP Solver status:                Optimal
Primal objective:                +4.94703025e+04
Dual objective:                  +4.94763216e+04
Duality gap (abs/rel):           +6.02e+00 / +6.08e-05
Primal infeasibility (abs/rel):  +3.39e-01 / +4.79e-05
Dual infeasibility (abs/rel):    +1.17e-03 / +4.71e-08
Distributed PDLP finished
Status: Optimal   Objective: 4.94703025e+04  Iterations: 119000  Time: 133.874s

### exit_code=0
### finished=2026-07-27T22:20:47.499602
### gpu_peak_mb=6042.4
### gpu_peak2_mb=5786.4
### per_gpu_peak_mb=[6042.375, 5626.375, 5658.375, 5594.375, 5626.375, 5786.375, 5658.375, 5626.375]
