### solver=cuopt-distributed
### instance=/home/scratch.cmaes_sw/hans_lps/L1_sixm1000obs.mps
### n_gpus=8
### CUDA_VISIBLE_DEVICES=0,1,2,3,4,5,6,7
### started=2026-08-09T18:21:04.520537
### argv=/home/scratch.vmostovoi_gpu/mostovoi_cuopt/cpp/build/cuopt_cli --method 1 --mps-reader experimental-fast --time-limit 3600 --iteration-limit 1000000000 --relative-primal-tolerance 1e-4 --relative-dual-tolerance 1e-4 --relative-gap-tolerance 1e-4 --log-to-console true --num-gpus 8 /home/scratch.cmaes_sw/hans_lps/L1_sixm1000obs.mps
### --- solver output ---
Setting parameter iteration_limit to 1000000000
Setting parameter log_to_console to true
Setting parameter method to 1
Setting parameter num_gpus to 8
Setting parameter relative_dual_tolerance to 1.000000e-04
Setting parameter relative_gap_tolerance to 1.000000e-04
Setting parameter relative_primal_tolerance to 1.000000e-04
Setting parameter time_limit to 3.600000e+03
Reading file L1_sixm1000obs.mps
Using experimental fast MPS parser for '/home/scratch.cmaes_sw/hans_lps/L1_sixm1000obs.mps'
Read file L1_sixm1000obs.mps in 0.94 seconds
cuOpt version: 26.10.0, git hash: f3ebc673, host arch: x86_64, device archs: 100a-real
CPU: INTEL(R) XEON(R) PLATINUM 8570, threads (physical/logical): 112/224, RAM (available/total): 1968.54 / 2015.54 GiB
CUDA 13.3, device: NVIDIA B200 (ID 0), VRAM: 178.34 GiB
CUDA device UUID: 60b1e1cb-ecc0-0b03-f242-03b708f69ef9
CUDA 13.3, device: NVIDIA B200 (ID 1), VRAM: 178.34 GiB
CUDA device UUID: 0aa5b660-20d3-b569-c712-8704c8049681
CUDA 13.3, device: NVIDIA B200 (ID 2), VRAM: 178.34 GiB
CUDA device UUID: ed2455df-4e5f-44a6-c58e-ce3537049d32
CUDA 13.3, device: NVIDIA B200 (ID 3), VRAM: 178.34 GiB
CUDA device UUID: de85800a-4950-7a4c-1834-7a30fcf4bbe1
CUDA 13.3, device: NVIDIA B200 (ID 4), VRAM: 178.34 GiB
CUDA device UUID: 392681e6-30ed-fa8b-27a9-eaf56b595c32
CUDA 13.3, device: NVIDIA B200 (ID 5), VRAM: 178.34 GiB
CUDA device UUID: 31e6ca9e-2ac3-affe-a481-429c89c88f05
CUDA 13.3, device: NVIDIA B200 (ID 6), VRAM: 178.34 GiB
CUDA device UUID: a9047ee9-473a-2050-e125-75f8a005a35d
CUDA 13.3, device: NVIDIA B200 (ID 7), VRAM: 178.34 GiB
CUDA device UUID: 86ff0bbe-6d2a-ed72-a882-9abe402ba79e
Solving a problem with 3082940 constraints, 1426256 variables (0 integers), and 14262560 nonzeros
Using PSLP presolver
PSLP Presolved problem: 2276082 constraints, 1035909 variables, 10651701 non-zeros
PSLP presolve time: 3.20s
Solving with distributed PDLP on 8 GPUs.
NCCL version 2.30.7+cuda13.3
      0 +0.00000000e+00 +0.00000000e+00  0.00e+00   0.00e+00     1.99e+02   7.489s
   1000 +2.51149596e+04 +1.18794065e+04  1.32e+04   1.78e+00     2.19e+00   7.867s
   2000 +1.75701916e+04 +1.77670209e+04  1.97e+02   3.01e+02     6.20e-03   8.062s
   3000 +1.72860682e+04 +1.73936069e+04  1.08e+02   3.88e+02     1.10e-03   8.248s
   4000 +1.72433005e+04 +1.72410468e+04  2.25e+00   3.50e+02     2.31e-04   8.434s
   5000 +1.72329371e+04 +4.92741767e+03  1.23e+04   6.58e-01     9.90e-01   8.620s
   6000 +1.72024709e+04 +1.68603834e+04  3.42e+02   5.31e-01     7.06e-03   8.808s
   7000 +1.72022771e+04 +1.72069320e+04  4.65e+00   2.38e-01     4.69e-04   8.995s
   8000 +1.72022387e+04 +1.72031569e+04  9.18e-01   2.09e-01     2.56e-04   9.179s
   9000 +1.72022198e+04 +1.72025206e+04  3.01e-01   1.61e-01     2.05e-04   9.362s
  10000 +1.72022086e+04 +1.72018209e+04  3.88e-01   6.74e-02     1.75e-04   9.547s
  11000 +1.72020538e+04 +1.72050188e+04  2.96e+00   1.76e+00     7.83e-05   9.734s
  12000 +1.72020035e+04 +1.72058563e+04  3.85e+00   9.62e-01     6.79e-05   9.919s
  13000 +1.72019596e+04 +1.72060281e+04  4.07e+00   7.06e-01     6.19e-05   10.102s
  14000 +1.72013754e+04 +1.72057836e+04  4.41e+00   1.47e+01     5.43e-05   10.288s
  15000 +1.72007254e+04 +1.72044132e+04  3.69e+00   2.80e+01     4.23e-05   10.471s
  16000 +1.72008307e+04 +1.72028336e+04  2.00e+00   2.67e+01     3.01e-05   10.656s
  17000 +1.72003572e+04 +1.72025349e+04  2.18e+00   1.74e+01     2.63e-05   10.840s
  18000 +1.72002116e+04 +1.72022482e+04  2.04e+00   1.34e+01     2.41e-05   11.024s
  19000 +1.72000114e+04 +1.72019789e+04  1.97e+00   9.72e+00     2.30e-05   11.209s
  20000 +1.71996909e+04 +1.72019224e+04  2.23e+00   7.43e+00     2.27e-05   11.394s
  21000 +1.71824968e+04 +1.71991725e+04  1.67e+01   2.82e+02     1.25e-05   11.579s
  22000 +1.72027927e+04 +1.74024697e+04  2.00e+02   3.35e+00     3.10e-02   11.767s
  23000 +1.72001505e+04 +1.72484525e+04  4.83e+01   9.82e-02     5.25e-03   11.954s
  24000 +1.71994108e+04 +1.72030304e+04  3.62e+00   1.18e+00     1.93e-04   12.143s
  25000 +1.71992923e+04 +1.72013196e+04  2.03e+00   1.28e+00     5.99e-05   12.327s
  26000 +1.71992792e+04 +1.72008966e+04  1.62e+00   1.00e+00     4.05e-05   12.512s
  27000 +1.71992527e+04 +1.72006951e+04  1.44e+00   7.19e-01     3.37e-05   12.697s
  28000 +1.71992332e+04 +1.72005552e+04  1.32e+00   3.99e-01     3.04e-05   12.885s
  29000 +1.72001004e+04 +1.71997239e+04  3.76e-01   1.27e+01     1.30e-05   13.071s
  30000 +1.71996433e+04 +1.71994177e+04  2.26e-01   6.43e+00     7.24e-06   13.259s
  31000 +1.71991506e+04 +1.69087629e+04  2.90e+02   1.10e-01     6.27e-03   13.450s
  32000 +1.71991563e+04 +1.72128339e+04  1.37e+01   1.01e-02     3.12e-04   13.640s
  33000 +1.71991556e+04 +1.72090942e+04  9.94e+00   1.02e-02     1.82e-04   13.826s
  34000 +1.71991513e+04 +1.71999150e+04  7.64e-01   5.69e-02     4.52e-05   14.011s
  35000 +1.71991491e+04 +1.71992478e+04  9.86e-02   9.69e-02     9.35e-06   14.198s
  36000 +1.71991474e+04 +1.71992870e+04  1.40e-01   9.78e-02     5.57e-06   14.381s
  37000 +1.71991325e+04 +1.71993034e+04  1.71e-01   1.34e+00     4.52e-06   14.566s
  38000 +1.71992128e+04 +1.71992202e+04  7.39e-03   2.54e+00     1.84e-06   14.753s
  39000 +1.71992086e+04 +1.71991939e+04  1.48e-02   1.52e+00     1.29e-06   14.936s
  40000 +1.71991496e+04 +1.71995163e+04  3.67e-01   1.19e-03     4.64e-05   15.124s
  41000 +1.71991495e+04 +1.71992962e+04  1.47e-01   6.29e-04     2.86e-05   15.307s
  42000 +1.71991496e+04 +1.71991753e+04  2.57e-02   7.37e-03     1.00e-05   15.491s
  43000 +1.71991507e+04 +1.71991529e+04  2.14e-03   4.22e-02     3.43e-06   15.676s
  44000 +1.71991487e+04 +1.71991827e+04  3.39e-02   2.04e-02     1.26e-06   15.862s
  45000 +1.71991496e+04 +1.71991937e+04  4.41e-02   5.50e-03     1.12e-06   16.045s
  46000 +1.71991495e+04 +1.71991894e+04  3.99e-02   1.99e-03     1.11e-06   16.228s
  47000 +1.71991493e+04 +1.71991891e+04  3.98e-02   3.51e-03     1.10e-06   16.412s
  48000 +1.71991493e+04 +1.71991902e+04  4.09e-02   1.85e-03     1.10e-06   16.596s
  49000 +1.71991494e+04 +1.71991902e+04  4.08e-02   1.30e-03     1.10e-06   16.781s
  50000 +1.71991494e+04 +1.71991896e+04  4.02e-02   1.37e-03     1.10e-06   16.966s
  51000 +1.71991493e+04 +1.71991892e+04  3.99e-02   8.05e-04     1.10e-06   17.150s
  52000 +1.71991493e+04 +1.71991895e+04  4.02e-02   1.24e-03     1.10e-06   17.335s
  53000 +1.71991493e+04 +1.71991897e+04  4.04e-02   5.96e-04     1.10e-06   17.520s
  54000 +1.71991494e+04 +1.71991897e+04  4.03e-02   9.38e-04     1.10e-06   17.704s
  55000 +1.71991493e+04 +1.71991893e+04  3.99e-02   5.77e-04     1.10e-06   17.888s
  56000 +1.71991493e+04 +1.71991893e+04  3.99e-02   5.91e-04     1.10e-06   18.073s
  57000 +1.71991493e+04 +1.71991896e+04  4.03e-02   8.51e-04     1.10e-06   18.258s
  58000 +1.71991493e+04 +1.71991896e+04  4.03e-02   2.58e-04     1.10e-06   18.443s
  59000 +1.71991493e+04 +1.71991893e+04  4.00e-02   4.97e-04     1.10e-06   18.630s
  60000 +1.71991493e+04 +1.71991892e+04  3.99e-02   4.47e-04     1.10e-06   18.814s
  61000 +1.71993037e+04 +1.71991687e+04  1.35e-01   2.84e+00     4.86e-07   19.002s
  62000 +1.71991485e+04 +1.68810778e+04  3.18e+02   1.51e-02     7.94e-03   19.188s
  63000 +1.71991495e+04 +1.71997721e+04  6.23e-01   1.18e-03     1.48e-04   19.377s
  64000 +1.71991494e+04 +1.71988412e+04  3.08e-01   3.68e-03     3.37e-05   19.563s
  65000 +1.71991474e+04 +1.71989751e+04  1.72e-01   2.54e-02     1.24e-05   19.751s
  66000 +1.71991488e+04 +1.71990267e+04  1.22e-01   1.02e-02     6.76e-06   19.935s
  67000 +1.71991450e+04 +1.71990860e+04  5.90e-02   6.78e-02     3.16e-06   20.121s
  68000 +1.71991489e+04 +1.71991101e+04  3.88e-02   4.21e-02     1.36e-06   20.306s
  69000 +1.71991492e+04 +1.71991219e+04  2.73e-02   1.05e-02     7.19e-07   20.490s
  70000 +1.71991476e+04 +1.71991311e+04  1.65e-02   3.53e-02     4.12e-07   20.676s
  71000 +1.71991385e+04 +1.71991505e+04  1.20e-02   1.85e-01     1.72e-07   20.861s
  72000 +1.71991493e+04 +1.72000944e+04  9.45e-01   7.57e-04     8.73e-05   21.050s
  73000 +1.71991493e+04 +1.71995338e+04  3.85e-01   1.39e-04     2.22e-05   21.235s
  74000 +1.71991493e+04 +1.71994886e+04  3.39e-01   1.43e-04     1.76e-05   21.419s
  75000 +1.71991493e+04 +1.71992906e+04  1.41e-01   1.71e-03     4.64e-06   21.607s
  76000 +1.71991493e+04 +1.71992520e+04  1.03e-01   7.10e-04     2.61e-06   21.791s
  77000 +1.71991494e+04 +1.71992034e+04  5.39e-02   5.47e-03     1.30e-06   21.977s
  78000 +1.71991494e+04 +1.71991793e+04  2.99e-02   3.19e-03     8.67e-07   22.160s
  79000 +1.71991495e+04 +1.71991522e+04  2.76e-03   4.59e-03     2.02e-07   22.345s
  80000 +1.71991492e+04 +1.71991465e+04  2.76e-03   1.01e-04     5.69e-08   22.530s
  81000 +1.71991492e+04 +1.71991496e+04  3.95e-04   4.88e-05     9.32e-09   22.715s
LP Solver status:                Optimal
Primal objective:                +1.71991492e+04
Dual objective:                  +1.71991496e+04
Duality gap (abs/rel):           +3.95e-04 / +1.15e-08
Primal infeasibility (abs/rel):  +4.88e-05 / +4.88e-05
Dual infeasibility (abs/rel):    +9.32e-09 / +4.67e-11
PDLP finished
Status: Optimal   Objective: 1.71991492e+04  Iterations: 81000  Time: 22.944s

### exit_code=0
### finished=2026-08-09T18:21:37.202668
### gpu_peak_mb=5562.4
### gpu_peak2_mb=5402.4
### per_gpu_peak_mb=[5562.375, 5402.375, 5402.375, 5402.375, 5402.375, 5402.375, 5402.375, 5402.375]
