### solver=cuopt-distributed
### instance=/home/scratch.cmaes_sw/hans_lps/Linf_520c.mps
### n_gpus=8
### CUDA_VISIBLE_DEVICES=0,1,2,3,4,5,6,7
### started=2026-08-09T18:22:17.459626
### argv=/home/scratch.vmostovoi_gpu/mostovoi_cuopt/cpp/build/cuopt_cli --method 1 --mps-reader experimental-fast --time-limit 3600 --iteration-limit 1000000000 --relative-primal-tolerance 1e-4 --relative-dual-tolerance 1e-4 --relative-gap-tolerance 1e-4 --log-to-console true --num-gpus 8 /home/scratch.cmaes_sw/hans_lps/Linf_520c.mps
### --- solver output ---
Setting parameter iteration_limit to 1000000000
Setting parameter log_to_console to true
Setting parameter method to 1
Setting parameter num_gpus to 8
Setting parameter relative_dual_tolerance to 1.000000e-04
Setting parameter relative_gap_tolerance to 1.000000e-04
Setting parameter relative_primal_tolerance to 1.000000e-04
Setting parameter time_limit to 3.600000e+03
Reading file Linf_520c.mps
Using experimental fast MPS parser for '/home/scratch.cmaes_sw/hans_lps/Linf_520c.mps'
Read file Linf_520c.mps in 0.19 seconds
cuOpt version: 26.10.0, git hash: f3ebc673, host arch: x86_64, device archs: 100a-real
CPU: INTEL(R) XEON(R) PLATINUM 8570, threads (physical/logical): 112/224, RAM (available/total): 1968.69 / 2015.54 GiB
CUDA 13.3, device: NVIDIA B200 (ID 0), VRAM: 178.34 GiB
CUDA device UUID: 60b1e1cb-ecc0-0b03-f242-03b708f69ef9
CUDA 13.3, device: NVIDIA B200 (ID 1), VRAM: 178.34 GiB
CUDA device UUID: 0aa5b660-20d3-b569-c712-8704c8049681
CUDA 13.3, device: NVIDIA B200 (ID 2), VRAM: 178.34 GiB
CUDA device UUID: ed2455df-4e5f-44a6-c58e-ce3537049d32
CUDA 13.3, device: NVIDIA B200 (ID 3), VRAM: 178.34 GiB
CUDA device UUID: de85800a-4950-7a4c-1834-7a30fcf4bbe1
CUDA 13.3, device: NVIDIA B200 (ID 4), VRAM: 178.34 GiB
CUDA device UUID: 392681e6-30ed-fa8b-27a9-eaf56b595c32
CUDA 13.3, device: NVIDIA B200 (ID 5), VRAM: 178.34 GiB
CUDA device UUID: 31e6ca9e-2ac3-affe-a481-429c89c88f05
CUDA 13.3, device: NVIDIA B200 (ID 6), VRAM: 178.34 GiB
CUDA device UUID: a9047ee9-473a-2050-e125-75f8a005a35d
CUDA 13.3, device: NVIDIA B200 (ID 7), VRAM: 178.34 GiB
CUDA device UUID: 86ff0bbe-6d2a-ed72-a882-9abe402ba79e
Solving a problem with 93326 constraints, 69004 variables (0 integers), and 566193 nonzeros
Using PSLP presolver
PSLP Presolved problem: 78712 constraints, 62686 variables, 438131 non-zeros
PSLP presolve time: 0.06s
Solving with distributed PDLP on 8 GPUs.
NCCL version 2.30.7+cuda13.3
      0 +0.00000000e+00 +0.00000000e+00  0.00e+00   0.00e+00     1.41e+00   5.733s
   1000 +7.16256819e+00 +4.23666441e-02  7.12e+00   5.45e-02     1.00e+00   6.137s
   2000 +1.47461444e+00 +1.02655235e+00  4.48e-01   4.74e-01     1.85e-01   6.334s
   3000 +1.15219162e+00 +1.22312859e+00  7.09e-02   2.02e-01     4.27e-03   6.528s
   4000 +9.64197398e-01 +1.13224611e+00  1.68e-01   2.07e-01     3.60e-03   6.716s
   5000 +8.27719376e-01 +1.35878281e+00  5.31e-01   1.52e-01     2.02e-03   6.904s
   6000 +7.40139808e-01 +1.16598870e+00  4.26e-01   1.48e-01     1.76e-03   7.090s
   7000 +6.44491603e-01 +1.13838699e+00  4.94e-01   1.74e-01     1.13e-03   7.281s
   8000 +5.37103089e-01 +1.02048369e+00  4.83e-01   1.67e-01     1.02e-03   7.468s
   9000 +4.55638756e-01 +9.73002873e-01  5.17e-01   1.67e-01     7.61e-04   7.653s
  10000 +4.03559957e-01 +8.60474513e-01  4.57e-01   1.50e-01     5.95e-04   7.839s
  11000 +3.17945409e-01 +8.20182650e-01  5.02e-01   3.28e-01     3.90e-04   8.017s
  12000 +2.53763090e-01 +6.04436257e-01  3.51e-01   3.63e-01     2.71e-04   8.198s
  13000 +2.24515167e-01 +4.48563207e-01  2.24e-01   3.08e-01     1.89e-04   8.379s
  14000 +2.09263137e-01 +3.83133685e-01  1.74e-01   2.42e-01     1.53e-04   8.557s
  15000 +2.01581085e-01 +3.49892346e-01  1.48e-01   1.80e-01     1.16e-04   8.739s
  16000 +1.94927754e-01 +3.26259048e-01  1.31e-01   1.51e-01     1.12e-04   8.919s
  17000 +1.83387937e-01 +3.06851263e-01  1.23e-01   1.90e-01     7.71e-05   9.099s
  18000 +1.77275859e-01 +2.53055356e-01  7.58e-02   2.11e-01     6.22e-05   9.274s
  19000 +1.75245506e-01 +2.33474969e-01  5.82e-02   1.91e-01     5.18e-05   9.448s
  20000 +1.73194972e-01 +2.22305739e-01  4.91e-02   1.83e-01     4.32e-05   9.622s
  21000 +1.71941217e-01 +2.12244944e-01  4.03e-02   1.68e-01     3.74e-05   9.795s
  22000 +1.71223866e-01 +2.05369762e-01  3.41e-02   1.49e-01     3.26e-05   9.969s
  23000 +1.70667925e-01 +2.01654621e-01  3.10e-02   1.37e-01     3.24e-05   10.143s
  24000 +1.70263503e-01 +1.98803108e-01  2.85e-02   1.32e-01     2.52e-05   10.316s
  25000 +1.70140334e-01 +1.94646294e-01  2.45e-02   1.27e-01     2.21e-05   10.490s
  26000 +1.70404886e-01 +1.98477053e-01  2.81e-02   1.18e-01     1.92e-05   10.665s
  27000 +1.70364538e-01 +1.94495015e-01  2.41e-02   1.17e-01     1.78e-05   10.839s
  28000 +1.70522015e-01 +1.92907750e-01  2.24e-02   1.14e-01     1.68e-05   11.013s
  29000 +1.70759838e-01 +1.91383786e-01  2.06e-02   1.11e-01     1.56e-05   11.189s
  30000 +1.70874255e-01 +1.90279562e-01  1.94e-02   1.09e-01     1.38e-05   11.363s
  31000 +1.71076996e-01 +1.88830952e-01  1.78e-02   1.07e-01     1.22e-05   11.537s
  32000 +1.71381703e-01 +1.87536142e-01  1.62e-02   1.04e-01     1.10e-05   11.711s
  33000 +1.72094746e-01 +1.86143219e-01  1.40e-02   9.80e-02     9.64e-06   11.885s
  34000 +1.72725434e-01 +1.85588462e-01  1.29e-02   9.31e-02     8.52e-06   12.060s
  35000 +1.73130445e-01 +1.84259241e-01  1.11e-02   9.07e-02     6.98e-06   12.234s
  36000 +1.74026545e-01 +1.83276818e-01  9.25e-03   8.36e-02     8.22e-06   12.408s
  37000 +1.74803085e-01 +1.83533048e-01  8.73e-03   7.81e-02     7.82e-06   12.582s
  38000 +1.75308382e-01 +1.83111711e-01  7.80e-03   7.47e-02     6.11e-06   12.756s
  39000 +1.75547324e-01 +1.83400121e-01  7.85e-03   7.32e-02     4.17e-06   12.930s
  40000 +1.75901003e-01 +1.83234418e-01  7.33e-03   7.10e-02     4.80e-06   13.104s
  41000 +1.79366891e-01 +1.82812475e-01  3.45e-03   5.05e-02     2.57e-05   13.280s
  42000 +1.80266699e-01 +1.83595491e-01  3.33e-03   4.57e-02     6.57e-06   13.454s
  43000 +1.80552221e-01 +1.84569500e-01  4.02e-03   4.42e-02     6.34e-06   13.629s
  44000 +1.81242848e-01 +1.85341704e-01  4.10e-03   4.07e-02     3.90e-05   13.803s
  45000 +1.82083230e-01 +1.86250815e-01  4.17e-03   3.68e-02     3.61e-05   13.977s
  46000 +1.82373801e-01 +1.86681072e-01  4.31e-03   3.56e-02     6.46e-06   14.151s
  47000 +1.82687896e-01 +1.86912921e-01  4.23e-03   3.41e-02     4.62e-06   14.326s
  48000 +1.83082083e-01 +1.87156761e-01  4.07e-03   3.24e-02     2.93e-06   14.500s
  49000 +1.83284004e-01 +1.87323353e-01  4.04e-03   3.16e-02     5.31e-06   14.674s
  50000 +1.83498924e-01 +1.87505948e-01  4.01e-03   3.06e-02     7.59e-06   14.848s
  51000 +1.83737690e-01 +1.87664301e-01  3.93e-03   2.96e-02     7.23e-06   15.022s
  52000 +1.83915992e-01 +1.87838418e-01  3.92e-03   2.89e-02     3.57e-06   15.197s
  53000 +1.84104050e-01 +1.87979896e-01  3.88e-03   2.82e-02     7.49e-07   15.371s
  54000 +1.84273279e-01 +1.88119196e-01  3.85e-03   2.75e-02     4.00e-06   15.545s
  55000 +1.84396598e-01 +1.88259567e-01  3.86e-03   2.71e-02     5.42e-07   15.719s
  56000 +1.84924895e-01 +1.88385621e-01  3.46e-03   2.51e-02     1.48e-05   15.893s
  57000 +1.87621412e-01 +1.90714779e-01  3.09e-03   1.68e-02     4.36e-04   16.069s
  58000 +1.88695233e-01 +1.91940404e-01  3.25e-03   1.44e-02     2.86e-04   16.244s
  59000 +1.89208973e-01 +1.93149212e-01  3.94e-03   1.34e-02     3.17e-04   16.418s
  60000 +1.89987500e-01 +1.94257799e-01  4.27e-03   1.19e-02     3.68e-04   16.592s
  61000 +1.90305592e-01 +1.94889868e-01  4.58e-03   1.13e-02     4.44e-04   16.766s
  62000 +1.97090332e-01 +2.03466524e-01  6.38e-03   1.77e-03     5.04e-02   16.942s
  63000 +1.99215356e-01 +1.99375219e-01  1.60e-04   6.83e-09     5.09e-03   17.119s
  63800 +1.98872713e-01 +1.98851961e-01  2.08e-05   1.01e-07     1.68e-04   17.260s
LP Solver status:                Optimal
Primal objective:                +1.98872713e-01
Dual objective:                  +1.98851961e-01
Duality gap (abs/rel):           +2.08e-05 / +1.48e-05
Primal infeasibility (abs/rel):  +1.01e-07 / +1.01e-07
Dual infeasibility (abs/rel):    +1.68e-04 / +6.95e-05
PDLP finished
Status: Optimal   Objective: 1.98872713e-01  Iterations: 63800  Time: 17.267s

### exit_code=0
### finished=2026-08-09T18:22:43.235567
### gpu_peak_mb=5274.4
### gpu_peak2_mb=5210.4
### per_gpu_peak_mb=[5274.375, 5210.375, 5210.375, 5210.375, 5210.375, 5210.375, 5210.375, 5210.375]
