### solver=cuopt-distributed
### instance=/home/scratch.vmostovoi_gpu/datasets/big_lp/google/mediterranean-shipping.mps
### n_gpus=8
### CUDA_VISIBLE_DEVICES=0,1,2,3,4,5,6,7
### started=2026-07-24T02:50:09.713505
### argv=/home/scratch.vmostovoi_gpu/mostovoi_cuopt/cpp/build/cuopt_cli --use-distributed-pdlp true --method 1 --mps-reader experimental-fast --time-limit 3600 --iteration-limit 1000000000 --relative-primal-tolerance 1e-4 --relative-dual-tolerance 1e-4 --relative-gap-tolerance 1e-4 --log-to-console true /home/scratch.vmostovoi_gpu/datasets/big_lp/google/mediterranean-shipping.mps
### --- solver output ---
Setting parameter iteration_limit to 1000000000
Setting parameter log_to_console to true
Setting parameter method to 1
Setting parameter relative_dual_tolerance to 1.000000e-04
Setting parameter relative_gap_tolerance to 1.000000e-04
Setting parameter relative_primal_tolerance to 1.000000e-04
Setting parameter time_limit to 3.600000e+03
Setting parameter use_distributed_pdlp to true
Reading file mediterranean-shipping.mps
Using experimental fast MPS parser for '/home/scratch.vmostovoi_gpu/datasets/big_lp/google/mediterranean-shipping.mps'
Read file mediterranean-shipping.mps in 29.62 seconds
cuOpt version: 26.8.0, git hash: 7116ead1, host arch: x86_64, device archs: 100a-real
CPU: INTEL(R) XEON(R) PLATINUM 8570, threads (physical/logical): 112/224, RAM: 1812.73 GiB
CUDA 13.3, device: NVIDIA B200 (ID 0), VRAM: 178.34 GiB
CUDA device UUID: f36553ec-83f5-0954-de1e-14020b44a6e2
CUDA 13.3, device: NVIDIA B200 (ID 1), VRAM: 178.34 GiB
CUDA device UUID: 2eba6257-9bb3-2747-fc09-864946248a91
CUDA 13.3, device: NVIDIA B200 (ID 2), VRAM: 178.34 GiB
CUDA device UUID: 4ade4928-6fdc-11af-38d9-7cf5fda387b9
CUDA 13.3, device: NVIDIA B200 (ID 3), VRAM: 178.34 GiB
CUDA device UUID: 1894ac57-3a60-bdee-5ef9-6830f431eef1
CUDA 13.3, device: NVIDIA B200 (ID 4), VRAM: 178.34 GiB
CUDA device UUID: dabaf8f8-5fff-31ab-f66d-9fb9eead5bb2
CUDA 13.3, device: NVIDIA B200 (ID 5), VRAM: 178.34 GiB
CUDA device UUID: 392f828f-0b3e-6754-56d8-f6625df4d807
CUDA 13.3, device: NVIDIA B200 (ID 6), VRAM: 178.34 GiB
CUDA device UUID: 6cd3d5d5-ea39-07b6-4919-57b4bcc17eb6
CUDA 13.3, device: NVIDIA B200 (ID 7), VRAM: 178.34 GiB
CUDA device UUID: 9e3c10fd-3faa-ac89-1e74-35586597f53e
Solving a problem with 7490593 constraints, 208479461 variables (0 integers), and 628927462 nonzeros
Using PSLP presolver
PSLP Presolved problem: 7104076 constraints, 208289075 variables, 628364803 non-zeros
PSLP presolve time: 71.43s
Solving with distributed PDLP on 8 GPUs.
NCCL version 2.30.7+cuda13.3
      0 +0.00000000e+00 +0.00000000e+00  0.00e+00   0.00e+00     3.36e+03   140.890s
   1000 -2.22173848e+02 +0.00000000e+00  2.22e+02   5.40e-01     4.55e+01   144.337s
   2000 -1.16424880e+03 -3.98675743e+02  7.66e+02   2.09e+00     2.36e+01   147.347s
   3000 -1.32111433e+03 -1.11456759e+03  2.07e+02   2.51e+00     2.10e+00   150.357s
   4000 -1.30777083e+03 -1.14419302e+03  1.64e+02   2.02e+00     1.15e+00   153.367s
   5000 -1.27283242e+03 -1.12653340e+03  1.46e+02   1.66e+00     9.63e-01   156.375s
   6000 -1.24932780e+03 -1.10869690e+03  1.41e+02   1.43e+00     1.44e+00   159.386s
   7000 -1.17857834e+03 -1.08851196e+03  9.01e+01   8.65e-01     2.95e+00   162.394s
   8000 -1.12733831e+03 -1.08196272e+03  4.54e+01   5.12e-01     2.61e+00   165.402s
   9000 -1.11036659e+03 -1.07834452e+03  3.20e+01   3.62e-01     1.60e+00   168.410s
  10000 -1.09462779e+03 -1.07526181e+03  1.94e+01   2.58e-01     1.47e+00   171.421s
  11000 -1.08812397e+03 -1.07206590e+03  1.61e+01   1.91e-01     1.04e+00   174.408s
  12000 -1.08579616e+03 -1.07107510e+03  1.47e+01   1.70e-01     7.79e-01   177.395s
  13000 -1.08418796e+03 -1.07000154e+03  1.42e+01   1.51e-01     7.10e-01   180.382s
  14000 -1.08311493e+03 -1.06894522e+03  1.42e+01   1.35e-01     6.62e-01   183.369s
  15000 -1.08072210e+03 -1.06867193e+03  1.21e+01   1.18e-01     7.39e-01   186.359s
  16000 -1.07838029e+03 -1.06713814e+03  1.12e+01   9.70e-02     9.88e-01   189.347s
  17000 -1.07597169e+03 -1.06615583e+03  9.82e+00   7.81e-02     8.89e-01   192.334s
  18000 -1.07472769e+03 -1.06551070e+03  9.22e+00   6.73e-02     7.41e-01   195.321s
  19000 -1.07402627e+03 -1.06415390e+03  9.87e+00   6.28e-02     8.49e-01   198.308s
  20000 -1.07353296e+03 -1.06277059e+03  1.08e+01   6.38e-02     6.80e-01   201.296s
  21000 -1.07222100e+03 -1.06209993e+03  1.01e+01   4.75e-02     6.35e-01   204.283s
  22000 -1.07071566e+03 -1.06183968e+03  8.88e+00   4.22e-02     6.55e-01   207.270s
  23000 -1.06954084e+03 -1.06162710e+03  7.91e+00   3.66e-02     5.88e-01   210.260s
  24000 -1.06852721e+03 -1.06151331e+03  7.01e+00   3.79e-02     5.50e-01   213.247s
  25000 -1.06777415e+03 -1.06247028e+03  5.30e+00   3.65e-02     4.89e-01   216.234s
  26000 -1.06737833e+03 -1.06281964e+03  4.56e+00   2.73e-02     4.63e-01   219.221s
  27000 -1.06721629e+03 -1.06297951e+03  4.24e+00   2.44e-02     4.48e-01   222.208s
  28000 -1.06709658e+03 -1.06318714e+03  3.91e+00   2.14e-02     4.52e-01   225.194s
  29000 -1.06708017e+03 -1.06359200e+03  3.49e+00   2.17e-02     4.19e-01   228.182s
  30000 -1.06709691e+03 -1.06437642e+03  2.72e+00   2.11e-02     3.88e-01   231.169s
  31000 -1.06717374e+03 -1.06450315e+03  2.67e+00   2.02e-02     3.93e-01   234.156s
  32000 -1.06720915e+03 -1.06480626e+03  2.40e+00   2.08e-02     3.64e-01   237.143s
  33000 -1.06725721e+03 -1.06517200e+03  2.09e+00   1.86e-02     3.44e-01   240.130s
  34000 -1.06734021e+03 -1.06530109e+03  2.04e+00   1.69e-02     3.06e-01   243.117s
  35000 -1.06741970e+03 -1.06537206e+03  2.05e+00   1.63e-02     2.90e-01   246.105s
  36000 -1.06734688e+03 -1.06632790e+03  1.02e+00   1.74e-02     2.91e-01   249.094s
  37000 -1.06747490e+03 -1.06652041e+03  9.54e-01   1.79e-02     2.70e-01   252.081s
  38000 -1.06751848e+03 -1.06668287e+03  8.36e-01   1.71e-02     2.52e-01   255.068s
  39000 -1.06757483e+03 -1.06680084e+03  7.74e-01   1.65e-02     2.38e-01   258.055s
  40000 -1.06761990e+03 -1.06687583e+03  7.44e-01   1.68e-02     2.25e-01   261.042s
  41000 -1.06762380e+03 -1.06694536e+03  6.78e-01   1.65e-02     2.14e-01   264.030s
  42000 -1.06765265e+03 -1.06700706e+03  6.46e-01   1.61e-02     2.02e-01   267.017s
  43000 -1.06767616e+03 -1.06708569e+03  5.90e-01   1.58e-02     1.86e-01   270.004s
  44000 -1.06765971e+03 -1.06715843e+03  5.01e-01   1.54e-02     1.72e-01   272.991s
  45000 -1.06769321e+03 -1.06721281e+03  4.80e-01   1.50e-02     1.56e-01   275.978s
  46000 -1.06772041e+03 -1.06726147e+03  4.59e-01   1.54e-02     1.43e-01   278.965s
  47000 -1.06774386e+03 -1.06732420e+03  4.20e-01   1.49e-02     1.30e-01   281.952s
  48000 -1.06774988e+03 -1.06735915e+03  3.91e-01   1.46e-02     1.19e-01   284.939s
  49000 -1.06776343e+03 -1.06737419e+03  3.89e-01   1.45e-02     1.10e-01   287.926s
  50000 -1.06778674e+03 -1.06739207e+03  3.95e-01   1.44e-02     1.03e-01   290.914s
  51000 -1.06782060e+03 -1.06742174e+03  3.99e-01   1.18e-02     9.68e-02   293.900s
  52000 -1.06785058e+03 -1.06746760e+03  3.83e-01   1.03e-02     9.04e-02   296.887s
  53000 -1.06785548e+03 -1.06748952e+03  3.66e-01   9.25e-03     8.55e-02   299.875s
  54000 -1.06785247e+03 -1.06750011e+03  3.52e-01   7.56e-03     8.58e-02   302.861s
  55000 -1.06778708e+03 -1.06750243e+03  2.85e-01   6.25e-03     9.08e-02   305.848s
  56000 -1.06772937e+03 -1.06760088e+03  1.28e-01   1.01e-02     8.70e-02   308.837s
  57000 -1.06767908e+03 -1.06763964e+03  3.94e-02   1.19e-02     8.01e-02   311.824s
  58000 -1.06768258e+03 -1.06767100e+03  1.16e-02   1.10e-02     7.45e-02   314.811s
  59000 -1.06778652e+03 -1.06766486e+03  1.22e-01   9.74e-03     6.77e-02   317.798s
  60000 -1.06774690e+03 -1.06766577e+03  8.11e-02   9.31e-03     6.21e-02   320.787s
  61000 -1.06773213e+03 -1.06767611e+03  5.60e-02   9.58e-03     5.93e-02   323.774s
  62000 -1.06772108e+03 -1.06768260e+03  3.85e-02   1.00e-02     5.53e-02   326.766s
  63000 -1.06773375e+03 -1.06768501e+03  4.87e-02   1.03e-02     5.11e-02   329.753s
  64000 -1.06769717e+03 -1.06769546e+03  1.71e-03   1.04e-02     4.74e-02   332.742s
  65000 -1.06769914e+03 -1.06770448e+03  5.34e-03   1.08e-02     4.42e-02   335.731s
  66000 -1.06766819e+03 -1.06770980e+03  4.16e-02   1.07e-02     4.10e-02   338.719s
  67000 -1.06765907e+03 -1.06771297e+03  5.39e-02   9.23e-03     3.95e-02   341.705s
  68000 -1.06764889e+03 -1.06771614e+03  6.73e-02   8.09e-03     3.64e-02   344.693s
  69000 -1.06766536e+03 -1.06772033e+03  5.50e-02   6.82e-03     3.45e-02   347.680s
  70000 -1.06765523e+03 -1.06773301e+03  7.78e-02   7.12e-03     3.01e-02   350.667s
  71000 -1.06769286e+03 -1.06774900e+03  5.61e-02   7.17e-03     2.69e-02   353.654s
  72000 -1.06771498e+03 -1.06776210e+03  4.71e-02   6.81e-03     2.27e-02   356.641s
  73000 -1.06771304e+03 -1.06777409e+03  6.10e-02   6.00e-03     2.08e-02   359.628s
  74000 -1.06769311e+03 -1.06778769e+03  9.46e-02   6.17e-03     1.96e-02   362.615s
  75000 -1.06770024e+03 -1.06779845e+03  9.82e-02   6.14e-03     1.93e-02   365.602s
  76000 -1.06770870e+03 -1.06780017e+03  9.15e-02   5.23e-03     1.85e-02   368.590s
  77000 -1.06770156e+03 -1.06779833e+03  9.68e-02   4.18e-03     1.78e-02   371.577s
  78000 -1.06770280e+03 -1.06778636e+03  8.36e-02   3.57e-03     1.68e-02   374.565s
  79000 -1.06770647e+03 -1.06778048e+03  7.40e-02   3.13e-03     1.71e-02   377.552s
  80000 -1.06769759e+03 -1.06778066e+03  8.31e-02   3.26e-03     1.67e-02   380.539s
  81000 -1.06769216e+03 -1.06778211e+03  9.00e-02   3.29e-03     1.65e-02   383.526s
  82000 -1.06771236e+03 -1.06778500e+03  7.26e-02   3.19e-03     1.58e-02   386.513s
  83000 -1.06771715e+03 -1.06778575e+03  6.86e-02   3.21e-03     1.51e-02   389.500s
  84000 -1.06771688e+03 -1.06778518e+03  6.83e-02   3.54e-03     1.44e-02   392.487s
  85000 -1.06771679e+03 -1.06778724e+03  7.05e-02   3.70e-03     1.37e-02   395.474s
  86000 -1.06772110e+03 -1.06778869e+03  6.76e-02   3.47e-03     1.28e-02   398.461s
  87000 -1.06773266e+03 -1.06780216e+03  6.95e-02   5.14e-03     1.03e-02   401.451s
  88000 -1.06774314e+03 -1.06780957e+03  6.64e-02   5.22e-03     8.67e-03   404.439s
  89000 -1.06775198e+03 -1.06781886e+03  6.69e-02   5.17e-03     7.55e-03   407.426s
  90000 -1.06776112e+03 -1.06782531e+03  6.42e-02   4.91e-03     6.43e-03   410.412s
  91000 -1.06776694e+03 -1.06782814e+03  6.12e-02   4.66e-03     5.26e-03   413.400s
  92000 -1.06776638e+03 -1.06783036e+03  6.40e-02   4.35e-03     4.51e-03   416.386s
  93000 -1.06775007e+03 -1.06783120e+03  8.11e-02   4.01e-03     4.02e-03   419.374s
  94000 -1.06773776e+03 -1.06783111e+03  9.34e-02   3.68e-03     3.78e-03   422.361s
  95000 -1.06773105e+03 -1.06783158e+03  1.01e-01   3.39e-03     3.62e-03   425.348s
  96000 -1.06772557e+03 -1.06783223e+03  1.07e-01   3.21e-03     3.31e-03   428.335s
  97000 -1.06771885e+03 -1.06783340e+03  1.15e-01   3.04e-03     3.06e-03   431.323s
  98000 -1.06771646e+03 -1.06783420e+03  1.18e-01   2.89e-03     2.85e-03   434.309s
  99000 -1.06771650e+03 -1.06783526e+03  1.19e-01   2.77e-03     2.71e-03   437.297s
 100000 -1.06771615e+03 -1.06783596e+03  1.20e-01   2.63e-03     2.66e-03   440.284s
 101000 -1.06771982e+03 -1.06783570e+03  1.16e-01   2.53e-03     2.59e-03   443.271s
 102000 -1.06772396e+03 -1.06783527e+03  1.11e-01   2.51e-03     2.44e-03   446.258s
 103000 -1.06772358e+03 -1.06783515e+03  1.12e-01   2.46e-03     2.34e-03   449.245s
 104000 -1.06771950e+03 -1.06783570e+03  1.16e-01   2.40e-03     2.27e-03   452.232s
 105000 -1.06771567e+03 -1.06783583e+03  1.20e-01   2.32e-03     2.22e-03   455.219s
 106000 -1.06771531e+03 -1.06783609e+03  1.21e-01   2.26e-03     2.15e-03   458.206s
 107000 -1.06771558e+03 -1.06783593e+03  1.20e-01   2.18e-03     2.08e-03   461.193s
 108000 -1.06771391e+03 -1.06783553e+03  1.22e-01   2.14e-03     2.04e-03   464.180s
 109000 -1.06771283e+03 -1.06783511e+03  1.22e-01   2.09e-03     2.01e-03   467.167s
 110000 -1.06771310e+03 -1.06783499e+03  1.22e-01   2.09e-03     2.00e-03   470.154s
 111000 -1.06771489e+03 -1.06783531e+03  1.20e-01   2.08e-03     1.94e-03   473.141s
 112000 -1.06771669e+03 -1.06783602e+03  1.19e-01   2.05e-03     1.98e-03   476.128s
 113000 -1.06771998e+03 -1.06783652e+03  1.17e-01   2.04e-03     1.93e-03   479.115s
 114000 -1.06772234e+03 -1.06783657e+03  1.14e-01   2.04e-03     1.92e-03   482.102s
 115000 -1.06772259e+03 -1.06783659e+03  1.14e-01   2.03e-03     1.88e-03   485.089s
 116000 -1.06772295e+03 -1.06783661e+03  1.14e-01   2.03e-03     1.84e-03   488.076s
 117000 -1.06772329e+03 -1.06783668e+03  1.13e-01   2.04e-03     1.84e-03   491.063s
 118000 -1.06772384e+03 -1.06783675e+03  1.13e-01   2.05e-03     1.83e-03   494.049s
 119000 -1.06772329e+03 -1.06783705e+03  1.14e-01   2.06e-03     1.77e-03   497.037s
 120000 -1.06772335e+03 -1.06783712e+03  1.14e-01   2.07e-03     1.72e-03   500.024s
 121000 -1.06772399e+03 -1.06783713e+03  1.13e-01   2.07e-03     1.67e-03   503.011s
 122000 -1.06772439e+03 -1.06783709e+03  1.13e-01   2.09e-03     1.63e-03   505.998s
 123000 -1.06772542e+03 -1.06783703e+03  1.12e-01   2.09e-03     1.59e-03   508.985s
 124000 -1.06772651e+03 -1.06783702e+03  1.11e-01   2.11e-03     1.58e-03   511.972s
 125000 -1.06772953e+03 -1.06783703e+03  1.08e-01   2.10e-03     1.58e-03   514.959s
 126000 -1.06773232e+03 -1.06783694e+03  1.05e-01   2.08e-03     1.56e-03   517.945s
 127000 -1.06773538e+03 -1.06783693e+03  1.02e-01   2.04e-03     1.56e-03   520.933s
 128000 -1.06773814e+03 -1.06783685e+03  9.87e-02   1.99e-03     1.57e-03   523.920s
 129000 -1.06774008e+03 -1.06783697e+03  9.69e-02   1.96e-03     1.58e-03   526.906s
 130000 -1.06774136e+03 -1.06783722e+03  9.59e-02   1.91e-03     1.62e-03   529.893s
 131000 -1.06774245e+03 -1.06783750e+03  9.51e-02   1.87e-03     1.67e-03   532.880s
 132000 -1.06774285e+03 -1.06783804e+03  9.52e-02   1.83e-03     1.74e-03   535.867s
 133000 -1.06774074e+03 -1.06783849e+03  9.77e-02   1.77e-03     1.80e-03   538.854s
 134000 -1.06773885e+03 -1.06783885e+03  1.00e-01   1.72e-03     1.83e-03   541.840s
 135000 -1.06773645e+03 -1.06784021e+03  1.04e-01   1.72e-03     1.79e-03   544.830s
 136000 -1.06773383e+03 -1.06784060e+03  1.07e-01   1.67e-03     1.81e-03   547.817s
 137000 -1.06773446e+03 -1.06784059e+03  1.06e-01   1.65e-03     1.78e-03   550.804s
 138000 -1.06773575e+03 -1.06784036e+03  1.05e-01   1.64e-03     1.77e-03   553.791s
 139000 -1.06773616e+03 -1.06784021e+03  1.04e-01   1.66e-03     1.71e-03   556.778s
 140000 -1.06773691e+03 -1.06784016e+03  1.03e-01   1.65e-03     1.66e-03   559.766s
 141000 -1.06773899e+03 -1.06784012e+03  1.01e-01   1.65e-03     1.62e-03   562.752s
 142000 -1.06774173e+03 -1.06784013e+03  9.84e-02   1.64e-03     1.56e-03   565.740s
 143000 -1.06774509e+03 -1.06784014e+03  9.50e-02   1.61e-03     1.54e-03   568.727s
 144000 -1.06774863e+03 -1.06784022e+03  9.16e-02   1.61e-03     1.47e-03   571.713s
 145000 -1.06775325e+03 -1.06784047e+03  8.72e-02   1.65e-03     1.39e-03   574.700s
 146000 -1.06775581e+03 -1.06784028e+03  8.45e-02   1.61e-03     1.34e-03   577.687s
 147000 -1.06775870e+03 -1.06784034e+03  8.16e-02   1.62e-03     1.28e-03   580.675s
 148000 -1.06776129e+03 -1.06784066e+03  7.94e-02   1.65e-03     1.25e-03   583.662s
 149000 -1.06776282e+03 -1.06784089e+03  7.81e-02   1.66e-03     1.22e-03   586.649s
 150000 -1.06776292e+03 -1.06784117e+03  7.83e-02   1.64e-03     1.18e-03   589.636s
 151000 -1.06776224e+03 -1.06784149e+03  7.93e-02   1.65e-03     1.11e-03   592.623s
 152000 -1.06776083e+03 -1.06784166e+03  8.08e-02   1.59e-03     1.06e-03   595.610s
 153000 -1.06775959e+03 -1.06784172e+03  8.21e-02   1.56e-03     1.03e-03   598.597s
 154000 -1.06775832e+03 -1.06784169e+03  8.34e-02   1.53e-03     9.99e-04   601.584s
 155000 -1.06775722e+03 -1.06784163e+03  8.44e-02   1.50e-03     9.77e-04   604.571s
 156000 -1.06775579e+03 -1.06784165e+03  8.59e-02   1.48e-03     9.35e-04   607.558s
 157000 -1.06775420e+03 -1.06784162e+03  8.74e-02   1.45e-03     9.21e-04   610.545s
 158000 -1.06775267e+03 -1.06784166e+03  8.90e-02   1.43e-03     9.16e-04   613.533s
 159000 -1.06775219e+03 -1.06784171e+03  8.95e-02   1.41e-03     9.16e-04   616.520s
 160000 -1.06775182e+03 -1.06784176e+03  8.99e-02   1.39e-03     9.10e-04   619.507s
 161000 -1.06775195e+03 -1.06784179e+03  8.98e-02   1.39e-03     9.10e-04   622.494s
 162000 -1.06775215e+03 -1.06784193e+03  8.98e-02   1.41e-03     8.99e-04   625.481s
 163000 -1.06775264e+03 -1.06784201e+03  8.94e-02   1.42e-03     8.98e-04   628.467s
 164000 -1.06775264e+03 -1.06784211e+03  8.95e-02   1.43e-03     8.85e-04   631.454s
 165000 -1.06775297e+03 -1.06784216e+03  8.92e-02   1.42e-03     8.64e-04   634.440s
 166000 -1.06775321e+03 -1.06784218e+03  8.90e-02   1.41e-03     8.58e-04   637.428s
 167000 -1.06775400e+03 -1.06784215e+03  8.81e-02   1.40e-03     8.52e-04   640.414s
 168000 -1.06775450e+03 -1.06784204e+03  8.75e-02   1.39e-03     8.39e-04   643.401s
 169000 -1.06775475e+03 -1.06784207e+03  8.73e-02   1.39e-03     8.20e-04   646.388s
 170000 -1.06775541e+03 -1.06784212e+03  8.67e-02   1.38e-03     8.11e-04   649.375s
 171000 -1.06775571e+03 -1.06784214e+03  8.64e-02   1.36e-03     8.07e-04   652.362s
 172000 -1.06775586e+03 -1.06784221e+03  8.63e-02   1.36e-03     7.93e-04   655.349s
 173000 -1.06775616e+03 -1.06784231e+03  8.62e-02   1.35e-03     7.80e-04   658.336s
 174000 -1.06775607e+03 -1.06784236e+03  8.63e-02   1.34e-03     7.76e-04   661.323s
 175000 -1.06775557e+03 -1.06784232e+03  8.68e-02   1.33e-03     7.68e-04   664.310s
 176000 -1.06775497e+03 -1.06784230e+03  8.73e-02   1.33e-03     7.57e-04   667.296s
 177000 -1.06775452e+03 -1.06784229e+03  8.78e-02   1.33e-03     7.47e-04   670.283s
 178000 -1.06775415e+03 -1.06784230e+03  8.82e-02   1.32e-03     7.46e-04   673.270s
 179000 -1.06775350e+03 -1.06784220e+03  8.87e-02   1.33e-03     7.43e-04   676.257s
 180000 -1.06775357e+03 -1.06784221e+03  8.86e-02   1.33e-03     7.45e-04   679.244s
 181000 -1.06775284e+03 -1.06784225e+03  8.94e-02   1.33e-03     7.37e-04   682.231s
 182000 -1.06775268e+03 -1.06784227e+03  8.96e-02   1.33e-03     7.37e-04   685.218s
 183000 -1.06775320e+03 -1.06784226e+03  8.91e-02   1.32e-03     7.42e-04   688.204s
 184000 -1.06775322e+03 -1.06784237e+03  8.91e-02   1.32e-03     7.40e-04   691.191s
 185000 -1.06775263e+03 -1.06784243e+03  8.98e-02   1.32e-03     7.34e-04   694.177s
 186000 -1.06775239e+03 -1.06784248e+03  9.01e-02   1.31e-03     7.22e-04   697.165s
 187000 -1.06775328e+03 -1.06784248e+03  8.92e-02   1.31e-03     7.19e-04   700.152s
 188000 -1.06775416e+03 -1.06784245e+03  8.83e-02   1.31e-03     7.13e-04   703.139s
 189000 -1.06775447e+03 -1.06784234e+03  8.79e-02   1.32e-03     6.99e-04   706.126s
 190000 -1.06775457e+03 -1.06784232e+03  8.77e-02   1.32e-03     6.92e-04   709.113s
 191000 -1.06775435e+03 -1.06784232e+03  8.80e-02   1.33e-03     6.86e-04   712.100s
 192000 -1.06775430e+03 -1.06784242e+03  8.81e-02   1.34e-03     6.84e-04   715.087s
 193000 -1.06775464e+03 -1.06784249e+03  8.79e-02   1.34e-03     6.79e-04   718.074s
 194000 -1.06775471e+03 -1.06784253e+03  8.78e-02   1.35e-03     6.53e-04   721.061s
 195000 -1.06775422e+03 -1.06784247e+03  8.83e-02   1.33e-03     6.43e-04   724.048s
 196000 -1.06775356e+03 -1.06784246e+03  8.89e-02   1.32e-03     6.42e-04   727.035s
 197000 -1.06775371e+03 -1.06784239e+03  8.87e-02   1.30e-03     6.45e-04   730.022s
 198000 -1.06775383e+03 -1.06784232e+03  8.85e-02   1.30e-03     6.42e-04   733.009s
 199000 -1.06775327e+03 -1.06784229e+03  8.90e-02   1.29e-03     6.37e-04   735.996s
 200000 -1.06775285e+03 -1.06784235e+03  8.95e-02   1.28e-03     6.38e-04   738.983s
 201000 -1.06775321e+03 -1.06784240e+03  8.92e-02   1.28e-03     6.24e-04   741.970s
 202000 -1.06775356e+03 -1.06784239e+03  8.88e-02   1.28e-03     6.25e-04   744.957s
 203000 -1.06775354e+03 -1.06784239e+03  8.88e-02   1.28e-03     6.19e-04   747.944s
 204000 -1.06775370e+03 -1.06784243e+03  8.87e-02   1.28e-03     6.17e-04   750.931s
 205000 -1.06775430e+03 -1.06784247e+03  8.82e-02   1.29e-03     6.24e-04   753.918s
 206000 -1.06775460e+03 -1.06784248e+03  8.79e-02   1.29e-03     6.27e-04   756.905s
 207000 -1.06775474e+03 -1.06784246e+03  8.77e-02   1.29e-03     6.17e-04   759.891s
 208000 -1.06775516e+03 -1.06784247e+03  8.73e-02   1.28e-03     6.09e-04   762.878s
 209000 -1.06775563e+03 -1.06784245e+03  8.68e-02   1.28e-03     6.01e-04   765.865s
 210000 -1.06775587e+03 -1.06784241e+03  8.65e-02   1.28e-03     5.95e-04   768.852s
 211000 -1.06775567e+03 -1.06784289e+03  8.72e-02   1.28e-03     5.54e-04   771.841s
 212000 -1.06775509e+03 -1.06784291e+03  8.78e-02   1.29e-03     5.46e-04   774.828s
 213000 -1.06775518e+03 -1.06784291e+03  8.77e-02   1.29e-03     5.43e-04   777.815s
 214000 -1.06775563e+03 -1.06784291e+03  8.73e-02   1.29e-03     5.40e-04   780.801s
 215000 -1.06775642e+03 -1.06784292e+03  8.65e-02   1.28e-03     5.36e-04   783.788s
 216000 -1.06775682e+03 -1.06784291e+03  8.61e-02   1.28e-03     5.32e-04   786.775s
 217000 -1.06775717e+03 -1.06784289e+03  8.57e-02   1.27e-03     5.26e-04   789.762s
 218000 -1.06775727e+03 -1.06784287e+03  8.56e-02   1.26e-03     5.22e-04   792.750s
 219000 -1.06775725e+03 -1.06784285e+03  8.56e-02   1.25e-03     5.18e-04   795.736s
 220000 -1.06775717e+03 -1.06784285e+03  8.57e-02   1.25e-03     5.11e-04   798.723s
 221000 -1.06775696e+03 -1.06784287e+03  8.59e-02   1.25e-03     5.09e-04   801.710s
 222000 -1.06775679e+03 -1.06784288e+03  8.61e-02   1.24e-03     5.06e-04   804.697s
 223000 -1.06775660e+03 -1.06784290e+03  8.63e-02   1.24e-03     5.00e-04   807.685s
 224000 -1.06775639e+03 -1.06784290e+03  8.65e-02   1.24e-03     4.92e-04   810.671s
 225000 -1.06775630e+03 -1.06784288e+03  8.66e-02   1.24e-03     4.88e-04   813.658s
 226000 -1.06775607e+03 -1.06784285e+03  8.68e-02   1.24e-03     4.88e-04   816.645s
 227000 -1.06775596e+03 -1.06784282e+03  8.69e-02   1.24e-03     4.84e-04   819.633s
 228000 -1.06775597e+03 -1.06784280e+03  8.68e-02   1.24e-03     4.83e-04   822.632s
 229000 -1.06775595e+03 -1.06784279e+03  8.68e-02   1.24e-03     4.78e-04   825.641s
 230000 -1.06775602e+03 -1.06784279e+03  8.68e-02   1.24e-03     4.73e-04   828.650s
 231000 -1.06775606e+03 -1.06784280e+03  8.67e-02   1.24e-03     4.74e-04   831.647s
 232000 -1.06775625e+03 -1.06784279e+03  8.65e-02   1.24e-03     4.74e-04   834.655s
 233000 -1.06775642e+03 -1.06784277e+03  8.63e-02   1.24e-03     4.76e-04   837.663s
 234000 -1.06775660e+03 -1.06784277e+03  8.62e-02   1.24e-03     4.72e-04   840.651s
 235000 -1.06775694e+03 -1.06784277e+03  8.58e-02   1.24e-03     4.67e-04   843.638s
 236000 -1.06775716e+03 -1.06784275e+03  8.56e-02   1.24e-03     4.61e-04   846.624s
 237000 -1.06775727e+03 -1.06784274e+03  8.55e-02   1.25e-03     4.52e-04   849.611s
 238000 -1.06775725e+03 -1.06784273e+03  8.55e-02   1.25e-03     4.48e-04   852.598s
 239000 -1.06775735e+03 -1.06784272e+03  8.54e-02   1.25e-03     4.50e-04   855.585s
 240000 -1.06775732e+03 -1.06784272e+03  8.54e-02   1.25e-03     4.44e-04   858.572s
 241000 -1.06775718e+03 -1.06784272e+03  8.55e-02   1.25e-03     4.40e-04   861.559s
 242000 -1.06775721e+03 -1.06784273e+03  8.55e-02   1.25e-03     4.36e-04   864.546s
 243000 -1.06775714e+03 -1.06784273e+03  8.56e-02   1.24e-03     4.32e-04   867.533s
 244000 -1.06775714e+03 -1.06784272e+03  8.56e-02   1.24e-03     4.29e-04   870.519s
 245000 -1.06775718e+03 -1.06784270e+03  8.55e-02   1.24e-03     4.32e-04   873.506s
 246000 -1.06775713e+03 -1.06784267e+03  8.55e-02   1.24e-03     4.28e-04   876.494s
 247000 -1.06775725e+03 -1.06784266e+03  8.54e-02   1.24e-03     4.26e-04   879.481s
 248000 -1.06775750e+03 -1.06784265e+03  8.52e-02   1.24e-03     4.26e-04   882.468s
 249000 -1.06775762e+03 -1.06784265e+03  8.50e-02   1.24e-03     4.28e-04   885.454s
 250000 -1.06775782e+03 -1.06784262e+03  8.48e-02   1.23e-03     4.28e-04   888.442s
 251000 -1.06775799e+03 -1.06784263e+03  8.46e-02   1.23e-03     4.27e-04   891.428s
 252000 -1.06775820e+03 -1.06784263e+03  8.44e-02   1.23e-03     4.26e-04   894.415s
 253000 -1.06775835e+03 -1.06784261e+03  8.43e-02   1.23e-03     4.24e-04   897.402s
 254000 -1.06775866e+03 -1.06784260e+03  8.39e-02   1.23e-03     4.22e-04   900.389s
 255000 -1.06775885e+03 -1.06784259e+03  8.37e-02   1.23e-03     4.23e-04   903.375s
 256000 -1.06775891e+03 -1.06784257e+03  8.37e-02   1.23e-03     4.23e-04   906.363s
 257000 -1.06775898e+03 -1.06784257e+03  8.36e-02   1.23e-03     4.24e-04   909.350s
 258000 -1.06775896e+03 -1.06784257e+03  8.36e-02   1.23e-03     4.23e-04   912.337s
 259000 -1.06775915e+03 -1.06784253e+03  8.34e-02   1.23e-03     4.23e-04   915.324s
 260000 -1.06775914e+03 -1.06784253e+03  8.34e-02   1.23e-03     4.21e-04   918.311s
 261000 -1.06775916e+03 -1.06784253e+03  8.34e-02   1.22e-03     4.21e-04   921.297s
 262000 -1.06775926e+03 -1.06784252e+03  8.33e-02   1.23e-03     4.21e-04   924.284s
 263000 -1.06775947e+03 -1.06784250e+03  8.30e-02   1.22e-03     4.24e-04   927.272s
 264000 -1.06775938e+03 -1.06784250e+03  8.31e-02   1.22e-03     4.23e-04   930.258s
 265000 -1.06775943e+03 -1.06784252e+03  8.31e-02   1.22e-03     4.24e-04   933.245s
 266000 -1.06775958e+03 -1.06784251e+03  8.29e-02   1.22e-03     4.22e-04   936.232s
 267000 -1.06775967e+03 -1.06784248e+03  8.28e-02   1.22e-03     4.24e-04   939.219s
 268000 -1.06775962e+03 -1.06784246e+03  8.28e-02   1.22e-03     4.24e-04   942.206s
 269000 -1.06775957e+03 -1.06784246e+03  8.29e-02   1.22e-03     4.23e-04   945.193s
 270000 -1.06775985e+03 -1.06784247e+03  8.26e-02   1.22e-03     4.24e-04   948.180s
 271000 -1.06776012e+03 -1.06784247e+03  8.23e-02   1.22e-03     4.23e-04   951.167s
 272000 -1.06776025e+03 -1.06784243e+03  8.22e-02   1.22e-03     4.20e-04   954.154s
 273000 -1.06776031e+03 -1.06784243e+03  8.21e-02   1.22e-03     4.17e-04   957.141s
 274000 -1.06776046e+03 -1.06784242e+03  8.20e-02   1.22e-03     4.19e-04   960.128s
 275000 -1.06776047e+03 -1.06784243e+03  8.20e-02   1.22e-03     4.20e-04   963.115s
 276000 -1.06776050e+03 -1.06784243e+03  8.19e-02   1.22e-03     4.21e-04   966.102s
 277000 -1.06776063e+03 -1.06784240e+03  8.18e-02   1.22e-03     4.21e-04   969.089s
 278000 -1.06776075e+03 -1.06784240e+03  8.16e-02   1.22e-03     4.26e-04   972.076s
 279000 -1.06776082e+03 -1.06784244e+03  8.16e-02   1.22e-03     4.25e-04   975.063s
 280000 -1.06776086e+03 -1.06784241e+03  8.16e-02   1.22e-03     4.23e-04   978.049s
 281000 -1.06776081e+03 -1.06784238e+03  8.16e-02   1.22e-03     4.22e-04   981.037s
 282000 -1.06776067e+03 -1.06784238e+03  8.17e-02   1.22e-03     4.23e-04   984.024s
 283000 -1.06776045e+03 -1.06784239e+03  8.19e-02   1.22e-03     4.23e-04   987.010s
 284000 -1.06776066e+03 -1.06784242e+03  8.18e-02   1.22e-03     4.20e-04   989.997s
 285000 -1.06776092e+03 -1.06784243e+03  8.15e-02   1.22e-03     4.20e-04   992.984s
 286000 -1.06776082e+03 -1.06784236e+03  8.15e-02   1.22e-03     4.21e-04   995.971s
 287000 -1.06776072e+03 -1.06784236e+03  8.16e-02   1.22e-03     4.20e-04   998.958s
 288000 -1.06776099e+03 -1.06784245e+03  8.15e-02   1.22e-03     4.26e-04   1001.945s
 289000 -1.06776120e+03 -1.06784245e+03  8.13e-02   1.22e-03     4.25e-04   1004.932s
 290000 -1.06776142e+03 -1.06784239e+03  8.10e-02   1.22e-03     4.19e-04   1007.920s
 291000 -1.06776135e+03 -1.06784241e+03  8.11e-02   1.22e-03     4.23e-04   1010.906s
 292000 -1.06776130e+03 -1.06784245e+03  8.12e-02   1.22e-03     4.22e-04   1013.893s
 293000 -1.06776159e+03 -1.06784249e+03  8.09e-02   1.22e-03     4.17e-04   1016.880s
 294000 -1.06776194e+03 -1.06784245e+03  8.05e-02   1.21e-03     4.13e-04   1019.867s
 295000 -1.06776172e+03 -1.06784237e+03  8.06e-02   1.22e-03     4.14e-04   1022.854s
 296000 -1.06776151e+03 -1.06784237e+03  8.09e-02   1.22e-03     4.10e-04   1025.840s
 297000 -1.06776158e+03 -1.06784245e+03  8.09e-02   1.21e-03     4.09e-04   1028.828s
 298000 -1.06776199e+03 -1.06784247e+03  8.05e-02   1.21e-03     4.04e-04   1031.815s
 299000 -1.06776177e+03 -1.06784242e+03  8.07e-02   1.21e-03     4.00e-04   1034.801s
 300000 -1.06776134e+03 -1.06784239e+03  8.10e-02   1.21e-03     3.98e-04   1037.788s
 301000 -1.06776110e+03 -1.06784241e+03  8.13e-02   1.21e-03     3.99e-04   1040.775s
 302000 -1.06776153e+03 -1.06784248e+03  8.10e-02   1.21e-03     3.98e-04   1043.762s
 303000 -1.06776207e+03 -1.06784252e+03  8.05e-02   1.21e-03     3.98e-04   1046.749s
 304000 -1.06776245e+03 -1.06784246e+03  8.00e-02   1.21e-03     3.97e-04   1049.736s
 305000 -1.06776222e+03 -1.06784243e+03  8.02e-02   1.21e-03     3.93e-04   1052.723s
 306000 -1.06776201e+03 -1.06784249e+03  8.05e-02   1.21e-03     3.92e-04   1055.710s
 307000 -1.06776215e+03 -1.06784251e+03  8.04e-02   1.21e-03     3.91e-04   1058.697s
 308000 -1.06776252e+03 -1.06784249e+03  8.00e-02   1.21e-03     3.92e-04   1061.684s
 309000 -1.06776291e+03 -1.06784246e+03  7.96e-02   1.21e-03     3.88e-04   1064.671s
 310000 -1.06776291e+03 -1.06784244e+03  7.95e-02   1.21e-03     3.86e-04   1067.658s
 311000 -1.06776299e+03 -1.06784244e+03  7.95e-02   1.21e-03     3.84e-04   1070.645s
 312000 -1.06776295e+03 -1.06784246e+03  7.95e-02   1.21e-03     3.83e-04   1073.631s
 313000 -1.06776301e+03 -1.06784244e+03  7.94e-02   1.21e-03     3.82e-04   1076.618s
 314000 -1.06776276e+03 -1.06784238e+03  7.96e-02   1.21e-03     3.82e-04   1079.606s
 315000 -1.06776239e+03 -1.06784239e+03  8.00e-02   1.21e-03     3.80e-04   1082.592s
 316000 -1.06776230e+03 -1.06784242e+03  8.01e-02   1.21e-03     3.81e-04   1085.579s
 317000 -1.06776250e+03 -1.06784244e+03  7.99e-02   1.21e-03     3.81e-04   1088.566s
 318000 -1.06776261e+03 -1.06784241e+03  7.98e-02   1.21e-03     3.81e-04   1091.554s
 319000 -1.06776238e+03 -1.06784239e+03  8.00e-02   1.21e-03     3.80e-04   1094.540s
 320000 -1.06776221e+03 -1.06784242e+03  8.02e-02   1.21e-03     3.80e-04   1097.528s
 321000 -1.06776212e+03 -1.06784246e+03  8.03e-02   1.21e-03     3.82e-04   1100.515s
 322000 -1.06776237e+03 -1.06784244e+03  8.01e-02   1.21e-03     3.81e-04   1103.502s
 323000 -1.06776240e+03 -1.06784240e+03  8.00e-02   1.21e-03     3.81e-04   1106.489s
 324000 -1.06776247e+03 -1.06784239e+03  7.99e-02   1.21e-03     3.79e-04   1109.476s
 325000 -1.06776261e+03 -1.06784240e+03  7.98e-02   1.21e-03     3.81e-04   1112.463s
 326000 -1.06776308e+03 -1.06784243e+03  7.94e-02   1.21e-03     3.79e-04   1115.450s
 327000 -1.06776341e+03 -1.06784241e+03  7.90e-02   1.21e-03     3.78e-04   1118.437s
 328000 -1.06776330e+03 -1.06784236e+03  7.91e-02   1.21e-03     3.79e-04   1121.424s
 329000 -1.06776293e+03 -1.06784269e+03  7.98e-02   1.20e-03     4.61e-04   1124.414s
 330000 -1.06776276e+03 -1.06784263e+03  7.99e-02   1.20e-03     4.61e-04   1127.401s
 331000 -1.06776267e+03 -1.06784252e+03  7.98e-02   1.20e-03     4.60e-04   1130.388s
 332000 -1.06776260e+03 -1.06784251e+03  7.99e-02   1.20e-03     4.60e-04   1133.375s
 333000 -1.06776275e+03 -1.06784252e+03  7.98e-02   1.20e-03     4.63e-04   1136.362s
 334000 -1.06776327e+03 -1.06784250e+03  7.92e-02   1.19e-03     4.69e-04   1139.350s
 335000 -1.06776371e+03 -1.06784245e+03  7.87e-02   1.19e-03     4.76e-04   1142.336s
 336000 -1.06776398e+03 -1.06784240e+03  7.84e-02   1.19e-03     4.82e-04   1145.324s
 337000 -1.06776432e+03 -1.06784234e+03  7.80e-02   1.18e-03     4.89e-04   1148.311s
 338000 -1.06776467e+03 -1.06784228e+03  7.76e-02   1.18e-03     4.99e-04   1151.298s
 339000 -1.06776511e+03 -1.06784221e+03  7.71e-02   1.18e-03     5.06e-04   1154.285s
 340000 -1.06776563e+03 -1.06784215e+03  7.65e-02   1.17e-03     5.16e-04   1157.273s
 341000 -1.06776622e+03 -1.06784209e+03  7.59e-02   1.17e-03     5.24e-04   1160.259s
 342000 -1.06776695e+03 -1.06784205e+03  7.51e-02   1.16e-03     5.29e-04   1163.247s
 343000 -1.06776741e+03 -1.06784201e+03  7.46e-02   1.16e-03     5.29e-04   1166.234s
 344000 -1.06776796e+03 -1.06784201e+03  7.41e-02   1.16e-03     5.34e-04   1169.221s
 345000 -1.06776827e+03 -1.06784195e+03  7.37e-02   1.15e-03     5.41e-04   1172.208s
 346000 -1.06776864e+03 -1.06784187e+03  7.32e-02   1.15e-03     5.48e-04   1175.195s
 347000 -1.06776879e+03 -1.06784182e+03  7.30e-02   1.14e-03     5.55e-04   1178.181s
 348000 -1.06776898e+03 -1.06784180e+03  7.28e-02   1.14e-03     5.61e-04   1181.168s
 349000 -1.06776941e+03 -1.06784179e+03  7.24e-02   1.13e-03     5.71e-04   1184.155s
 350000 -1.06776998e+03 -1.06784175e+03  7.18e-02   1.12e-03     5.78e-04   1187.143s
 351000 -1.06777031e+03 -1.06784168e+03  7.14e-02   1.12e-03     5.88e-04   1190.129s
 352000 -1.06777057e+03 -1.06784165e+03  7.11e-02   1.11e-03     5.94e-04   1193.116s
 353000 -1.06777082e+03 -1.06784164e+03  7.08e-02   1.11e-03     6.02e-04   1196.103s
 354000 -1.06777149e+03 -1.06784161e+03  7.01e-02   1.10e-03     6.10e-04   1199.090s
 355000 -1.06777207e+03 -1.06784154e+03  6.95e-02   1.09e-03     6.18e-04   1202.077s
 356000 -1.06777238e+03 -1.06784150e+03  6.91e-02   1.09e-03     6.27e-04   1205.065s
 357000 -1.06777278e+03 -1.06784148e+03  6.87e-02   1.08e-03     6.35e-04   1208.052s
 358000 -1.06777349e+03 -1.06784147e+03  6.80e-02   1.08e-03     6.41e-04   1211.039s
 359000 -1.06777417e+03 -1.06784143e+03  6.73e-02   1.07e-03     6.50e-04   1214.026s
 360000 -1.06777461e+03 -1.06784140e+03  6.68e-02   1.06e-03     6.59e-04   1217.014s
 361000 -1.06777499e+03 -1.06784136e+03  6.64e-02   1.06e-03     6.63e-04   1220.000s
 362000 -1.06777557e+03 -1.06784133e+03  6.58e-02   1.05e-03     6.71e-04   1222.987s
 363000 -1.06777600e+03 -1.06784132e+03  6.53e-02   1.04e-03     6.79e-04   1225.974s
 364000 -1.06777641e+03 -1.06784130e+03  6.49e-02   1.04e-03     6.85e-04   1228.961s
 365000 -1.06777685e+03 -1.06784125e+03  6.44e-02   1.03e-03     6.92e-04   1231.948s
 366000 -1.06777745e+03 -1.06784123e+03  6.38e-02   1.02e-03     6.95e-04   1234.936s
 367000 -1.06777788e+03 -1.06784122e+03  6.33e-02   1.01e-03     7.02e-04   1237.922s
 368000 -1.06777828e+03 -1.06784121e+03  6.29e-02   1.00e-03     7.09e-04   1240.910s
 369000 -1.06777879e+03 -1.06784119e+03  6.24e-02   9.93e-04     7.06e-04   1243.897s
 370000 -1.06777947e+03 -1.06784116e+03  6.17e-02   9.87e-04     7.11e-04   1246.883s
 371000 -1.06777980e+03 -1.06784120e+03  6.14e-02   9.80e-04     7.09e-04   1249.870s
 372000 -1.06778025e+03 -1.06784119e+03  6.09e-02   9.78e-04     7.09e-04   1252.857s
 373000 -1.06778105e+03 -1.06784121e+03  6.02e-02   9.70e-04     7.09e-04   1255.844s
 374000 -1.06778155e+03 -1.06784118e+03  5.96e-02   9.62e-04     7.11e-04   1258.831s
 375000 -1.06778201e+03 -1.06784117e+03  5.92e-02   9.57e-04     7.12e-04   1261.818s
 376000 -1.06778276e+03 -1.06784120e+03  5.84e-02   9.50e-04     7.11e-04   1264.806s
 377000 -1.06778312e+03 -1.06784118e+03  5.81e-02   9.40e-04     7.07e-04   1267.793s
 378000 -1.06778409e+03 -1.06784118e+03  5.71e-02   9.36e-04     7.09e-04   1270.781s
 379000 -1.06778420e+03 -1.06784123e+03  5.70e-02   9.31e-04     7.03e-04   1273.767s
 380000 -1.06778467e+03 -1.06784120e+03  5.65e-02   9.22e-04     7.00e-04   1276.755s
 381000 -1.06778567e+03 -1.06784130e+03  5.56e-02   9.22e-04     6.84e-04   1279.742s
 382000 -1.06778581e+03 -1.06784135e+03  5.55e-02   9.12e-04     6.76e-04   1282.729s
 383000 -1.06778599e+03 -1.06784135e+03  5.54e-02   9.13e-04     6.66e-04   1285.716s
 384000 -1.06778671e+03 -1.06784138e+03  5.47e-02   9.04e-04     6.56e-04   1288.704s
 385000 -1.06778712e+03 -1.06784139e+03  5.43e-02   9.01e-04     6.54e-04   1291.691s
 386000 -1.06778710e+03 -1.06784145e+03  5.44e-02   8.97e-04     6.22e-04   1294.678s
 387000 -1.06778748e+03 -1.06784151e+03  5.40e-02   8.94e-04     6.02e-04   1297.665s
 388000 -1.06778824e+03 -1.06784169e+03  5.34e-02   8.97e-04     5.87e-04   1300.652s
 389000 -1.06778844e+03 -1.06784173e+03  5.33e-02   8.86e-04     5.74e-04   1303.640s
 390000 -1.06778848e+03 -1.06784165e+03  5.32e-02   8.83e-04     5.57e-04   1306.627s
 391000 -1.06778877e+03 -1.06784169e+03  5.29e-02   8.82e-04     5.45e-04   1309.614s
 392000 -1.06778883e+03 -1.06784184e+03  5.30e-02   8.82e-04     5.28e-04   1312.602s
 393000 -1.06778882e+03 -1.06784185e+03  5.30e-02   8.76e-04     5.13e-04   1315.589s
 394000 -1.06778987e+03 -1.06784195e+03  5.21e-02   8.74e-04     4.82e-04   1318.576s
 395000 -1.06778988e+03 -1.06784209e+03  5.22e-02   8.77e-04     4.54e-04   1321.563s
 396000 -1.06778955e+03 -1.06784213e+03  5.26e-02   8.71e-04     4.40e-04   1324.550s
 397000 -1.06778998e+03 -1.06784222e+03  5.22e-02   8.73e-04     4.11e-04   1327.537s
 398000 -1.06778982e+03 -1.06784222e+03  5.24e-02   8.66e-04     4.05e-04   1330.525s
 399000 -1.06778966e+03 -1.06784222e+03  5.26e-02   8.66e-04     3.97e-04   1333.512s
 400000 -1.06778950e+03 -1.06784217e+03  5.27e-02   8.62e-04     3.97e-04   1336.499s
 401000 -1.06778958e+03 -1.06784216e+03  5.26e-02   8.59e-04     3.98e-04   1339.486s
 402000 -1.06778959e+03 -1.06784221e+03  5.26e-02   8.55e-04     3.94e-04   1342.473s
 403000 -1.06778941e+03 -1.06784226e+03  5.28e-02   8.53e-04     3.87e-04   1345.460s
 404000 -1.06778919e+03 -1.06784229e+03  5.31e-02   8.49e-04     3.83e-04   1348.447s
 405000 -1.06778927e+03 -1.06784231e+03  5.30e-02   8.45e-04     3.81e-04   1351.434s
 406000 -1.06778886e+03 -1.06784223e+03  5.34e-02   8.42e-04     3.80e-04   1354.421s
 407000 -1.06778860e+03 -1.06784222e+03  5.36e-02   8.43e-04     3.76e-04   1357.408s
 408000 -1.06778848e+03 -1.06784226e+03  5.38e-02   8.43e-04     3.77e-04   1360.395s
 409000 -1.06778873e+03 -1.06784228e+03  5.35e-02   8.44e-04     3.75e-04   1363.382s
 410000 -1.06778895e+03 -1.06784228e+03  5.33e-02   8.45e-04     3.70e-04   1366.369s
 411000 -1.06778883e+03 -1.06784228e+03  5.35e-02   8.47e-04     3.68e-04   1369.356s
 412000 -1.06778875e+03 -1.06784229e+03  5.35e-02   8.47e-04     3.65e-04   1372.343s
 413000 -1.06778883e+03 -1.06784227e+03  5.34e-02   8.46e-04     3.62e-04   1375.329s
 414000 -1.06778887e+03 -1.06784228e+03  5.34e-02   8.47e-04     3.58e-04   1378.316s
 415000 -1.06778898e+03 -1.06784229e+03  5.33e-02   8.48e-04     3.54e-04   1381.303s
 416000 -1.06778919e+03 -1.06784229e+03  5.31e-02   8.48e-04     3.52e-04   1384.290s
 417000 -1.06778940e+03 -1.06784231e+03  5.29e-02   8.49e-04     3.52e-04   1387.276s
 418000 -1.06778979e+03 -1.06784235e+03  5.26e-02   8.49e-04     3.50e-04   1390.264s
 419000 -1.06778988e+03 -1.06784237e+03  5.25e-02   8.48e-04     3.45e-04   1393.251s
 420000 -1.06778996e+03 -1.06784237e+03  5.24e-02   8.46e-04     3.42e-04   1396.238s
 421000 -1.06779010e+03 -1.06784234e+03  5.22e-02   8.47e-04     3.43e-04   1399.225s
 422000 -1.06779002e+03 -1.06784233e+03  5.23e-02   8.47e-04     3.41e-04   1402.212s
 423000 -1.06778978e+03 -1.06784232e+03  5.25e-02   8.48e-04     3.40e-04   1405.199s
 424000 -1.06778969e+03 -1.06784235e+03  5.27e-02   8.49e-04     3.34e-04   1408.186s
 425000 -1.06778966e+03 -1.06784239e+03  5.27e-02   8.48e-04     3.33e-04   1411.173s
 426000 -1.06778965e+03 -1.06784239e+03  5.27e-02   8.49e-04     3.31e-04   1414.160s
 427000 -1.06778940e+03 -1.06784239e+03  5.30e-02   8.47e-04     3.29e-04   1417.148s
 428000 -1.06778918e+03 -1.06784240e+03  5.32e-02   8.46e-04     3.25e-04   1420.135s
 429000 -1.06778903e+03 -1.06784240e+03  5.34e-02   8.43e-04     3.21e-04   1423.122s
 430000 -1.06778889e+03 -1.06784239e+03  5.35e-02   8.43e-04     3.21e-04   1426.109s
 431000 -1.06778888e+03 -1.06784239e+03  5.35e-02   8.43e-04     3.19e-04   1429.096s
 432000 -1.06778894e+03 -1.06784240e+03  5.35e-02   8.42e-04     3.15e-04   1432.083s
 433000 -1.06778901e+03 -1.06784241e+03  5.34e-02   8.41e-04     3.10e-04   1435.070s
 434000 -1.06778917e+03 -1.06784243e+03  5.33e-02   8.41e-04     3.07e-04   1438.057s
 435000 -1.06778929e+03 -1.06784246e+03  5.32e-02   8.40e-04     3.02e-04   1441.044s
 436000 -1.06778937e+03 -1.06784244e+03  5.31e-02   8.41e-04     3.00e-04   1444.031s
 437000 -1.06778945e+03 -1.06784241e+03  5.30e-02   8.41e-04     2.98e-04   1447.018s
 438000 -1.06778948e+03 -1.06784242e+03  5.29e-02   8.44e-04     2.92e-04   1450.005s
 439000 -1.06778952e+03 -1.06784243e+03  5.29e-02   8.45e-04     2.91e-04   1452.992s
 440000 -1.06778967e+03 -1.06784244e+03  5.28e-02   8.47e-04     2.89e-04   1455.979s
 441000 -1.06778983e+03 -1.06784245e+03  5.26e-02   8.48e-04     2.89e-04   1458.966s
 442000 -1.06778992e+03 -1.06784246e+03  5.25e-02   8.48e-04     2.83e-04   1461.963s
 443000 -1.06778998e+03 -1.06784244e+03  5.25e-02   8.46e-04     2.81e-04   1464.973s
 444000 -1.06778998e+03 -1.06784244e+03  5.25e-02   8.45e-04     2.80e-04   1467.984s
 445000 -1.06778999e+03 -1.06784244e+03  5.25e-02   8.44e-04     2.73e-04   1470.993s
 446000 -1.06778998e+03 -1.06784242e+03  5.24e-02   8.42e-04     2.70e-04   1474.004s
 447000 -1.06778995e+03 -1.06784242e+03  5.25e-02   8.42e-04     2.68e-04   1477.013s
 448000 -1.06778983e+03 -1.06784243e+03  5.26e-02   8.40e-04     2.67e-04   1480.023s
 449000 -1.06778975e+03 -1.06784245e+03  5.27e-02   8.39e-04     2.66e-04   1483.034s
 450000 -1.06778971e+03 -1.06784246e+03  5.27e-02   8.38e-04     2.65e-04   1486.044s
 451000 -1.06778966e+03 -1.06784247e+03  5.28e-02   8.38e-04     2.63e-04   1489.052s
 452000 -1.06778957e+03 -1.06784246e+03  5.29e-02   8.38e-04     2.61e-04   1492.060s
 453000 -1.06778952e+03 -1.06784245e+03  5.29e-02   8.38e-04     2.60e-04   1495.071s
 454000 -1.06778945e+03 -1.06784245e+03  5.30e-02   8.39e-04     2.61e-04   1498.082s
 455000 -1.06778945e+03 -1.06784245e+03  5.30e-02   8.39e-04     2.59e-04   1501.092s
 456000 -1.06778953e+03 -1.06784245e+03  5.29e-02   8.39e-04     2.58e-04   1504.102s
 457000 -1.06778963e+03 -1.06784245e+03  5.28e-02   8.38e-04     2.57e-04   1507.111s
 458000 -1.06778974e+03 -1.06784244e+03  5.27e-02   8.38e-04     2.56e-04   1510.121s
 459000 -1.06778986e+03 -1.06784243e+03  5.26e-02   8.36e-04     2.55e-04   1513.132s
 460000 -1.06778992e+03 -1.06784242e+03  5.25e-02   8.36e-04     2.54e-04   1516.143s
 461000 -1.06778993e+03 -1.06784241e+03  5.25e-02   8.37e-04     2.54e-04   1519.155s
 462000 -1.06778996e+03 -1.06784241e+03  5.24e-02   8.37e-04     2.53e-04   1522.158s
 463000 -1.06778999e+03 -1.06784241e+03  5.24e-02   8.37e-04     2.51e-04   1525.169s
 464000 -1.06778999e+03 -1.06784243e+03  5.24e-02   8.38e-04     2.51e-04   1528.178s
 465000 -1.06779000e+03 -1.06784244e+03  5.24e-02   8.39e-04     2.49e-04   1531.188s
 466000 -1.06779002e+03 -1.06784244e+03  5.24e-02   8.39e-04     2.49e-04   1534.197s
 467000 -1.06779003e+03 -1.06784244e+03  5.24e-02   8.39e-04     2.49e-04   1537.207s
 468000 -1.06779006e+03 -1.06784242e+03  5.24e-02   8.40e-04     2.47e-04   1540.218s
 469000 -1.06779000e+03 -1.06784241e+03  5.24e-02   8.40e-04     2.46e-04   1543.226s
 470000 -1.06779000e+03 -1.06784240e+03  5.24e-02   8.40e-04     2.46e-04   1546.235s
 471000 -1.06779005e+03 -1.06784241e+03  5.24e-02   8.40e-04     2.44e-04   1549.244s
 472000 -1.06779007e+03 -1.06784241e+03  5.23e-02   8.39e-04     2.43e-04   1552.248s
 473000 -1.06779007e+03 -1.06784240e+03  5.23e-02   8.38e-04     2.42e-04   1555.258s
 474000 -1.06779007e+03 -1.06784240e+03  5.23e-02   8.37e-04     2.41e-04   1558.268s
 475000 -1.06779008e+03 -1.06784240e+03  5.23e-02   8.36e-04     2.41e-04   1561.278s
 476000 -1.06779008e+03 -1.06784240e+03  5.23e-02   8.36e-04     2.40e-04   1564.288s
 477000 -1.06778999e+03 -1.06784239e+03  5.24e-02   8.36e-04     2.40e-04   1567.294s
 478000 -1.06778995e+03 -1.06784239e+03  5.24e-02   8.36e-04     2.40e-04   1570.304s
 479000 -1.06778992e+03 -1.06784239e+03  5.25e-02   8.37e-04     2.39e-04   1573.315s
 480000 -1.06778993e+03 -1.06784239e+03  5.25e-02   8.37e-04     2.38e-04   1576.325s
 481000 -1.06778993e+03 -1.06784239e+03  5.25e-02   8.37e-04     2.38e-04   1579.336s
 482000 -1.06778993e+03 -1.06784238e+03  5.25e-02   8.38e-04     2.36e-04   1582.344s
 483000 -1.06778995e+03 -1.06784237e+03  5.24e-02   8.38e-04     2.37e-04   1585.352s
 484000 -1.06778998e+03 -1.06784237e+03  5.24e-02   8.38e-04     2.36e-04   1588.363s
 485000 -1.06778997e+03 -1.06784235e+03  5.24e-02   8.38e-04     2.34e-04   1591.372s
 486000 -1.06778998e+03 -1.06784234e+03  5.24e-02   8.38e-04     2.35e-04   1594.382s
 487000 -1.06778999e+03 -1.06784234e+03  5.24e-02   8.38e-04     2.34e-04   1597.392s
 488000 -1.06779006e+03 -1.06784235e+03  5.23e-02   8.38e-04     2.33e-04   1600.403s
 489000 -1.06779009e+03 -1.06784235e+03  5.23e-02   8.38e-04     2.33e-04   1603.411s
 490000 -1.06779017e+03 -1.06784236e+03  5.22e-02   8.38e-04     2.33e-04   1606.422s
 491000 -1.06779019e+03 -1.06784236e+03  5.22e-02   8.38e-04     2.33e-04   1609.433s
 492000 -1.06779026e+03 -1.06784236e+03  5.21e-02   8.38e-04     2.32e-04   1612.435s
 493000 -1.06779029e+03 -1.06784234e+03  5.21e-02   8.38e-04     2.33e-04   1615.443s
 494000 -1.06779029e+03 -1.06784234e+03  5.21e-02   8.38e-04     2.32e-04   1618.451s
 495000 -1.06779030e+03 -1.06784234e+03  5.20e-02   8.39e-04     2.31e-04   1621.463s
 496000 -1.06779034e+03 -1.06784234e+03  5.20e-02   8.39e-04     2.30e-04   1624.470s
 497000 -1.06779035e+03 -1.06784233e+03  5.20e-02   8.39e-04     2.30e-04   1627.477s
 498000 -1.06779031e+03 -1.06784232e+03  5.20e-02   8.39e-04     2.29e-04   1630.488s
 499000 -1.06779028e+03 -1.06784232e+03  5.20e-02   8.38e-04     2.29e-04   1633.499s
 500000 -1.06779030e+03 -1.06784232e+03  5.20e-02   8.38e-04     2.27e-04   1636.507s
 501000 -1.06779025e+03 -1.06784231e+03  5.21e-02   8.37e-04     2.26e-04   1639.517s
 502000 -1.06779017e+03 -1.06784231e+03  5.21e-02   8.36e-04     2.27e-04   1642.511s
 503000 -1.06779015e+03 -1.06784231e+03  5.22e-02   8.36e-04     2.26e-04   1645.522s
 504000 -1.06779014e+03 -1.06784231e+03  5.22e-02   8.36e-04     2.26e-04   1648.533s
 505000 -1.06779012e+03 -1.06784231e+03  5.22e-02   8.35e-04     2.26e-04   1651.543s
 506000 -1.06779013e+03 -1.06784231e+03  5.22e-02   8.35e-04     2.25e-04   1654.553s
 507000 -1.06779018e+03 -1.06784230e+03  5.21e-02   8.35e-04     2.25e-04   1657.563s
 508000 -1.06779022e+03 -1.06784230e+03  5.21e-02   8.35e-04     2.25e-04   1660.575s
 509000 -1.06779026e+03 -1.06784229e+03  5.20e-02   8.36e-04     2.24e-04   1663.585s
 510000 -1.06779022e+03 -1.06784228e+03  5.21e-02   8.36e-04     2.24e-04   1666.597s
 511000 -1.06779026e+03 -1.06784227e+03  5.20e-02   8.37e-04     2.23e-04   1669.606s
 512000 -1.06779029e+03 -1.06784227e+03  5.20e-02   8.37e-04     2.23e-04   1672.605s
 513000 -1.06779036e+03 -1.06784227e+03  5.19e-02   8.37e-04     2.22e-04   1675.616s
 514000 -1.06779035e+03 -1.06784256e+03  5.22e-02   8.37e-04     5.08e-04   1678.629s
 515000 -1.06779055e+03 -1.06784261e+03  5.21e-02   8.39e-04     5.07e-04   1681.640s
 516000 -1.06779077e+03 -1.06784271e+03  5.19e-02   8.41e-04     5.06e-04   1684.641s
 517000 -1.06779090e+03 -1.06784274e+03  5.18e-02   8.41e-04     5.05e-04   1687.628s
 518000 -1.06779098e+03 -1.06784269e+03  5.17e-02   8.41e-04     5.05e-04   1690.615s
 519000 -1.06779105e+03 -1.06784263e+03  5.16e-02   8.41e-04     5.05e-04   1693.602s
 520000 -1.06779108e+03 -1.06784261e+03  5.15e-02   8.42e-04     5.04e-04   1696.589s
 521000 -1.06779115e+03 -1.06784260e+03  5.14e-02   8.41e-04     5.05e-04   1699.576s
 522000 -1.06779127e+03 -1.06784258e+03  5.13e-02   8.41e-04     5.04e-04   1702.563s
 523000 -1.06779136e+03 -1.06784256e+03  5.12e-02   8.41e-04     5.04e-04   1705.550s
 524000 -1.06779137e+03 -1.06784253e+03  5.12e-02   8.41e-04     5.03e-04   1708.537s
 525000 -1.06779137e+03 -1.06784252e+03  5.11e-02   8.40e-04     5.03e-04   1711.524s
 526000 -1.06779138e+03 -1.06784250e+03  5.11e-02   8.40e-04     5.02e-04   1714.510s
 527000 -1.06779140e+03 -1.06784248e+03  5.11e-02   8.40e-04     5.02e-04   1717.497s
 528000 -1.06779140e+03 -1.06784245e+03  5.11e-02   8.39e-04     5.01e-04   1720.484s
 529000 -1.06779138e+03 -1.06784243e+03  5.11e-02   8.39e-04     4.99e-04   1723.472s
 530000 -1.06779129e+03 -1.06784241e+03  5.11e-02   8.38e-04     5.01e-04   1726.459s
 531000 -1.06779127e+03 -1.06784234e+03  5.11e-02   8.34e-04     5.11e-04   1729.446s
 532000 -1.06779136e+03 -1.06784223e+03  5.09e-02   8.30e-04     5.15e-04   1732.433s
 533000 -1.06779144e+03 -1.06784217e+03  5.07e-02   8.26e-04     5.14e-04   1735.420s
 534000 -1.06779148e+03 -1.06784214e+03  5.07e-02   8.25e-04     5.12e-04   1738.407s
 535000 -1.06779151e+03 -1.06784223e+03  5.07e-02   8.21e-04     5.17e-04   1741.394s
 536000 -1.06779201e+03 -1.06784239e+03  5.04e-02   8.17e-04     5.20e-04   1744.380s
 537000 -1.06779210e+03 -1.06784247e+03  5.04e-02   8.11e-04     5.29e-04   1747.367s
 538000 -1.06779200e+03 -1.06784249e+03  5.05e-02   8.07e-04     5.40e-04   1750.354s
 539000 -1.06779211e+03 -1.06784248e+03  5.04e-02   8.03e-04     5.51e-04   1753.341s
 540000 -1.06779196e+03 -1.06784241e+03  5.05e-02   8.01e-04     5.60e-04   1756.329s
 541000 -1.06779190e+03 -1.06784234e+03  5.04e-02   8.01e-04     5.71e-04   1759.316s
 542000 -1.06779200e+03 -1.06784232e+03  5.03e-02   8.02e-04     5.85e-04   1762.303s
 543000 -1.06779184e+03 -1.06784232e+03  5.05e-02   8.02e-04     6.03e-04   1765.290s
 544000 -1.06779176e+03 -1.06784229e+03  5.05e-02   8.02e-04     6.24e-04   1768.277s
 545000 -1.06779182e+03 -1.06784226e+03  5.04e-02   8.01e-04     6.44e-04   1771.264s
 546000 -1.06779179e+03 -1.06784221e+03  5.04e-02   7.98e-04     6.69e-04   1774.250s
 547000 -1.06779190e+03 -1.06784214e+03  5.02e-02   7.95e-04     6.98e-04   1777.237s
 548000 -1.06779207e+03 -1.06784210e+03  5.00e-02   7.92e-04     7.24e-04   1780.224s
 549000 -1.06779216e+03 -1.06784209e+03  4.99e-02   7.88e-04     7.52e-04   1783.211s
 550000 -1.06779245e+03 -1.06784210e+03  4.96e-02   7.83e-04     7.85e-04   1786.198s
 551000 -1.06779287e+03 -1.06784211e+03  4.92e-02   7.80e-04     8.12e-04   1789.186s
 552000 -1.06779311e+03 -1.06784212e+03  4.90e-02   7.76e-04     8.38e-04   1792.172s
 553000 -1.06779341e+03 -1.06784214e+03  4.87e-02   7.73e-04     8.63e-04   1795.159s
 554000 -1.06779371e+03 -1.06784215e+03  4.84e-02   7.70e-04     8.89e-04   1798.146s
 555000 -1.06779397e+03 -1.06784218e+03  4.82e-02   7.68e-04     9.13e-04   1801.133s
 556000 -1.06779425e+03 -1.06784219e+03  4.79e-02   7.66e-04     9.39e-04   1804.120s
 557000 -1.06779450e+03 -1.06784217e+03  4.77e-02   7.65e-04     9.67e-04   1807.107s
 558000 -1.06779465e+03 -1.06784218e+03  4.75e-02   7.62e-04     9.98e-04   1810.094s
 559000 -1.06779488e+03 -1.06784219e+03  4.73e-02   7.59e-04     1.03e-03   1813.081s
 560000 -1.06779514e+03 -1.06784215e+03  4.70e-02   7.55e-04     1.05e-03   1816.068s
 561000 -1.06779536e+03 -1.06784211e+03  4.67e-02   7.52e-04     1.08e-03   1819.056s
 562000 -1.06779555e+03 -1.06784205e+03  4.65e-02   7.49e-04     1.10e-03   1822.043s
 563000 -1.06779570e+03 -1.06784201e+03  4.63e-02   7.44e-04     1.13e-03   1825.030s
 564000 -1.06779585e+03 -1.06784201e+03  4.62e-02   7.40e-04     1.16e-03   1828.017s
 565000 -1.06779604e+03 -1.06784200e+03  4.60e-02   7.36e-04     1.18e-03   1831.004s
 566000 -1.06779626e+03 -1.06784199e+03  4.57e-02   7.32e-04     1.21e-03   1833.991s
 567000 -1.06779647e+03 -1.06784199e+03  4.55e-02   7.28e-04     1.23e-03   1836.978s
 568000 -1.06779677e+03 -1.06784198e+03  4.52e-02   7.25e-04     1.26e-03   1839.965s
 569000 -1.06779701e+03 -1.06784201e+03  4.50e-02   7.22e-04     1.28e-03   1842.952s
 570000 -1.06779722e+03 -1.06784204e+03  4.48e-02   7.20e-04     1.31e-03   1845.939s
 571000 -1.06779752e+03 -1.06784203e+03  4.45e-02   7.18e-04     1.33e-03   1848.926s
 572000 -1.06779782e+03 -1.06784202e+03  4.42e-02   7.16e-04     1.36e-03   1851.913s
 573000 -1.06779810e+03 -1.06784198e+03  4.39e-02   7.14e-04     1.38e-03   1854.900s
 574000 -1.06779847e+03 -1.06784197e+03  4.35e-02   7.12e-04     1.40e-03   1857.887s
 575000 -1.06779878e+03 -1.06784198e+03  4.32e-02   7.09e-04     1.43e-03   1860.874s
 576000 -1.06779914e+03 -1.06784196e+03  4.28e-02   7.05e-04     1.45e-03   1863.861s
 577000 -1.06779949e+03 -1.06784196e+03  4.25e-02   7.01e-04     1.47e-03   1866.848s
 578000 -1.06779982e+03 -1.06784191e+03  4.21e-02   6.98e-04     1.49e-03   1869.835s
 579000 -1.06780015e+03 -1.06784187e+03  4.17e-02   6.94e-04     1.50e-03   1872.822s
 580000 -1.06780040e+03 -1.06784186e+03  4.15e-02   6.91e-04     1.52e-03   1875.809s
 581000 -1.06780071e+03 -1.06784187e+03  4.12e-02   6.88e-04     1.54e-03   1878.796s
 582000 -1.06780111e+03 -1.06784186e+03  4.07e-02   6.85e-04     1.55e-03   1881.783s
 583000 -1.06780145e+03 -1.06784184e+03  4.04e-02   6.83e-04     1.57e-03   1884.770s
 584000 -1.06780178e+03 -1.06784185e+03  4.01e-02   6.81e-04     1.58e-03   1887.756s
 585000 -1.06780211e+03 -1.06784181e+03  3.97e-02   6.78e-04     1.59e-03   1890.743s
 586000 -1.06780595e+03 -1.06784098e+03  3.50e-02   7.14e-04     1.30e-03   1893.730s
 587000 -1.06780464e+03 -1.06784066e+03  3.60e-02   7.48e-04     1.13e-03   1896.718s
 588000 -1.06780151e+03 -1.06783997e+03  3.85e-02   7.92e-04     1.17e-03   1899.705s
 589000 -1.06780703e+03 -1.06784093e+03  3.39e-02   8.20e-04     1.09e-03   1902.691s
 590000 -1.06781019e+03 -1.06784118e+03  3.10e-02   8.28e-04     9.83e-04   1905.678s
 591000 -1.06781008e+03 -1.06784093e+03  3.08e-02   8.49e-04     1.00e-03   1908.666s
 592000 -1.06781178e+03 -1.06784114e+03  2.94e-02   8.68e-04     8.86e-04   1911.653s
 593000 -1.06781275e+03 -1.06784047e+03  2.77e-02   8.28e-04     8.99e-04   1914.639s
 594000 -1.06781086e+03 -1.06784022e+03  2.94e-02   8.18e-04     8.49e-04   1917.626s
 595000 -1.06780981e+03 -1.06784114e+03  3.13e-02   8.19e-04     7.37e-04   1920.613s
 596000 -1.06781080e+03 -1.06784233e+03  3.15e-02   7.89e-04     7.55e-04   1923.601s
 597000 -1.06781124e+03 -1.06784255e+03  3.13e-02   7.54e-04     7.46e-04   1926.587s
 598000 -1.06780851e+03 -1.06784186e+03  3.34e-02   7.33e-04     6.37e-04   1929.574s
 599000 -1.06780563e+03 -1.06784160e+03  3.60e-02   7.32e-04     6.69e-04   1932.562s
 600000 -1.06780519e+03 -1.06784153e+03  3.63e-02   7.32e-04     7.70e-04   1935.549s
 601000 -1.06780551e+03 -1.06784162e+03  3.61e-02   7.28e-04     6.54e-04   1938.536s
 602000 -1.06780379e+03 -1.06784150e+03  3.77e-02   7.37e-04     6.12e-04   1941.523s
 603000 -1.06780326e+03 -1.06784101e+03  3.78e-02   7.32e-04     6.90e-04   1944.510s
 604000 -1.06780402e+03 -1.06784093e+03  3.69e-02   7.22e-04     1.01e-03   1947.499s
 605000 -1.06780451e+03 -1.06784055e+03  3.60e-02   7.14e-04     1.07e-03   1950.486s
 606000 -1.06780475e+03 -1.06784013e+03  3.54e-02   7.11e-04     1.16e-03   1953.473s
 607000 -1.06780531e+03 -1.06783988e+03  3.46e-02   7.12e-04     1.24e-03   1956.460s
 608000 -1.06780579e+03 -1.06783991e+03  3.41e-02   7.12e-04     1.29e-03   1959.447s
 609000 -1.06780608e+03 -1.06783988e+03  3.38e-02   7.10e-04     1.33e-03   1962.434s
 610000 -1.06780506e+03 -1.06783832e+03  3.33e-02   6.82e-04     1.52e-03   1965.421s
 611000 -1.06780486e+03 -1.06783888e+03  3.40e-02   6.95e-04     1.51e-03   1968.408s
 612000 -1.06780448e+03 -1.06783906e+03  3.46e-02   6.85e-04     1.61e-03   1971.395s
 613000 -1.06780499e+03 -1.06783938e+03  3.44e-02   6.80e-04     1.76e-03   1974.382s
 614000 -1.06780524e+03 -1.06783916e+03  3.39e-02   6.76e-04     1.93e-03   1977.369s
 615000 -1.06780504e+03 -1.06783900e+03  3.40e-02   6.74e-04     2.03e-03   1980.356s
 616000 -1.06780457e+03 -1.06783842e+03  3.39e-02   6.71e-04     2.08e-03   1983.342s
 617000 -1.06780455e+03 -1.06783838e+03  3.38e-02   6.67e-04     2.15e-03   1986.329s
 618000 -1.06780443e+03 -1.06783847e+03  3.40e-02   6.62e-04     2.33e-03   1989.316s
 619000 -1.06780423e+03 -1.06783851e+03  3.43e-02   6.57e-04     2.47e-03   1992.303s
 620000 -1.06780426e+03 -1.06783845e+03  3.42e-02   6.53e-04     2.55e-03   1995.290s
 621000 -1.06780451e+03 -1.06783832e+03  3.38e-02   6.48e-04     2.60e-03   1998.276s
 622000 -1.06780502e+03 -1.06783803e+03  3.30e-02   6.40e-04     2.73e-03   2001.264s
 623000 -1.06780561e+03 -1.06783803e+03  3.24e-02   6.30e-04     2.86e-03   2004.250s
 624000 -1.06780617e+03 -1.06783815e+03  3.20e-02   6.20e-04     2.99e-03   2007.237s
 625000 -1.06780662e+03 -1.06783812e+03  3.15e-02   6.10e-04     3.10e-03   2010.224s
 626000 -1.06780728e+03 -1.06783779e+03  3.05e-02   5.96e-04     3.20e-03   2013.211s
 627000 -1.06780806e+03 -1.06783745e+03  2.94e-02   5.83e-04     3.28e-03   2016.198s
 628000 -1.06780879e+03 -1.06783723e+03  2.84e-02   5.68e-04     3.37e-03   2019.185s
 629000 -1.06780930e+03 -1.06783730e+03  2.80e-02   5.53e-04     3.50e-03   2022.172s
 630000 -1.06780986e+03 -1.06783731e+03  2.74e-02   5.36e-04     3.65e-03   2025.159s
 631000 -1.06781058e+03 -1.06783734e+03  2.68e-02   5.20e-04     3.76e-03   2028.146s
 632000 -1.06781161e+03 -1.06783739e+03  2.58e-02   5.03e-04     3.83e-03   2031.133s
 633000 -1.06781250e+03 -1.06783730e+03  2.48e-02   4.89e-04     3.89e-03   2034.119s
 634000 -1.06781313e+03 -1.06783728e+03  2.42e-02   4.73e-04     3.96e-03   2037.107s
 635000 -1.06781360e+03 -1.06783736e+03  2.38e-02   4.58e-04     4.03e-03   2040.094s
 636000 -1.06781433e+03 -1.06783730e+03  2.30e-02   4.44e-04     4.09e-03   2043.081s
 637000 -1.06781502e+03 -1.06783731e+03  2.23e-02   4.29e-04     4.14e-03   2046.068s
 638000 -1.06781568e+03 -1.06783716e+03  2.15e-02   4.16e-04     4.18e-03   2049.055s
 639000 -1.06781643e+03 -1.06783690e+03  2.05e-02   4.04e-04     4.23e-03   2052.042s
 640000 -1.06781727e+03 -1.06783671e+03  1.94e-02   3.91e-04     4.25e-03   2055.030s
 641000 -1.06781807e+03 -1.06783679e+03  1.87e-02   3.79e-04     4.27e-03   2058.016s
 642000 -1.06781887e+03 -1.06783699e+03  1.81e-02   3.68e-04     4.29e-03   2061.004s
 643000 -1.06781984e+03 -1.06783678e+03  1.69e-02   3.56e-04     4.29e-03   2063.990s
 644000 -1.06782035e+03 -1.06783670e+03  1.63e-02   3.44e-04     4.30e-03   2066.978s
 645000 -1.06782089e+03 -1.06783669e+03  1.58e-02   3.33e-04     4.27e-03   2069.964s
 646000 -1.06782177e+03 -1.06783668e+03  1.49e-02   3.22e-04     4.29e-03   2072.951s
 647000 -1.06782252e+03 -1.06783701e+03  1.45e-02   3.16e-04     4.29e-03   2075.938s
 648000 -1.06782321e+03 -1.06783687e+03  1.37e-02   3.08e-04     4.30e-03   2078.925s
 649000 -1.06782400e+03 -1.06783673e+03  1.27e-02   3.04e-04     4.28e-03   2081.912s
 650000 -1.06782452e+03 -1.06783669e+03  1.22e-02   2.99e-04     4.23e-03   2084.899s
 651000 -1.06782483e+03 -1.06783668e+03  1.18e-02   2.97e-04     4.19e-03   2087.886s
 652000 -1.06782530e+03 -1.06783674e+03  1.14e-02   2.96e-04     4.14e-03   2090.872s
 653000 -1.06782564e+03 -1.06783695e+03  1.13e-02   2.92e-04     4.08e-03   2093.859s
 654000 -1.06782592e+03 -1.06783727e+03  1.14e-02   2.93e-04     3.99e-03   2096.846s
 655000 -1.06782637e+03 -1.06783715e+03  1.08e-02   2.97e-04     3.91e-03   2099.833s
 656000 -1.06782685e+03 -1.06783752e+03  1.07e-02   3.05e-04     3.74e-03   2102.820s
 657000 -1.06782698e+03 -1.06783782e+03  1.08e-02   3.13e-04     3.62e-03   2105.807s
 658000 -1.06782725e+03 -1.06783779e+03  1.05e-02   3.18e-04     3.45e-03   2108.794s
 659000 -1.06782758e+03 -1.06783771e+03  1.01e-02   3.16e-04     3.32e-03   2111.781s
 660000 -1.06782797e+03 -1.06783831e+03  1.03e-02   3.37e-04     3.00e-03   2114.768s
 661000 -1.06782782e+03 -1.06783903e+03  1.12e-02   3.33e-04     2.83e-03   2117.755s
 662000 -1.06782804e+03 -1.06783859e+03  1.06e-02   3.49e-04     2.47e-03   2120.742s
 663000 -1.06782831e+03 -1.06783905e+03  1.07e-02   3.46e-04     2.12e-03   2123.729s
 664000 -1.06782920e+03 -1.06783797e+03  8.77e-03   3.37e-04     1.97e-03   2126.716s
 665000 -1.06783013e+03 -1.06783787e+03  7.73e-03   3.33e-04     1.74e-03   2129.703s
 666000 -1.06782968e+03 -1.06783803e+03  8.35e-03   3.12e-04     1.63e-03   2132.691s
 667000 -1.06782980e+03 -1.06783813e+03  8.33e-03   2.90e-04     1.58e-03   2135.678s
 668000 -1.06782977e+03 -1.06783812e+03  8.35e-03   2.75e-04     1.53e-03   2138.664s
 668200 -1.06782973e+03 -1.06783809e+03  8.36e-03   2.71e-04     1.52e-03   2139.262s
LP Solver status:                Optimal
Primal objective:                -1.06782973e+03
Dual objective:                  -1.06783809e+03
Duality gap (abs/rel):           +8.36e-03 / +3.91e-06
Primal infeasibility (abs/rel):  +2.71e-04 / +9.92e-05
Dual infeasibility (abs/rel):    +1.52e-03 / +4.54e-07
Distributed PDLP finished
Status: Optimal   Objective: -1.06782973e+03  Iterations: 668200  Time: 2152.621s

### exit_code=0
### finished=2026-07-24T03:27:13.438205
### gpu_peak_mb=27642.4
### gpu_peak2_mb=21690.4
### per_gpu_peak_mb=[27642.375, 21690.375, 21402.375, 17210.375, 21370.375, 21402.375, 21594.375, 19450.375]
