### solver=cuopt-distributed
### instance=/home/scratch.bbozkaya_gpu/datasets/PSR6/model_de_50_scenarios.mps.gz
### n_gpus=8
### CUDA_VISIBLE_DEVICES=0,1,2,3,4,5,6,7
### started=2026-07-27T17:42:50.437708
### argv=/home/scratch.vmostovoi_gpu/mostovoi_cuopt/cpp/build/cuopt_cli --use-distributed-pdlp true --method 1 --mps-reader experimental-fast --time-limit 3600 --iteration-limit 1000000000 --relative-primal-tolerance 1e-4 --relative-dual-tolerance 1e-4 --relative-gap-tolerance 1e-4 --log-to-console true /home/scratch.bbozkaya_gpu/datasets/PSR6/model_de_50_scenarios.mps.gz
### --- solver output ---
Setting parameter iteration_limit to 1000000000
Setting parameter log_to_console to true
Setting parameter method to 1
Setting parameter relative_dual_tolerance to 1.000000e-04
Setting parameter relative_gap_tolerance to 1.000000e-04
Setting parameter relative_primal_tolerance to 1.000000e-04
Setting parameter time_limit to 3.600000e+03
Setting parameter use_distributed_pdlp to true
Reading file model_de_50_scenarios.mps.gz
Using experimental fast MPS parser for '/home/scratch.bbozkaya_gpu/datasets/PSR6/model_de_50_scenarios.mps.gz'
Read file model_de_50_scenarios.mps.gz in 60.67 seconds
cuOpt version: 26.8.0, git hash: 7116ead1, host arch: x86_64, device archs: 100a-real
CPU: INTEL(R) XEON(R) PLATINUM 8570, threads (physical/logical): 112/224, RAM: 1930.13 GiB
CUDA 13.3, device: NVIDIA B200 (ID 0), VRAM: 178.34 GiB
CUDA device UUID: c16f67f8-60a0-997a-9e23-bd53aaf0c753
CUDA 13.3, device: NVIDIA B200 (ID 1), VRAM: 178.34 GiB
CUDA device UUID: feb79c2a-e1b7-af35-ab08-61c95da49e88
CUDA 13.3, device: NVIDIA B200 (ID 2), VRAM: 178.34 GiB
CUDA device UUID: 5dd54769-0a52-7384-8cec-eccce8cbb694
CUDA 13.3, device: NVIDIA B200 (ID 3), VRAM: 178.34 GiB
CUDA device UUID: fbf54e70-aaaf-2267-0833-b2b001d8b813
CUDA 13.3, device: NVIDIA B200 (ID 4), VRAM: 178.34 GiB
CUDA device UUID: 4e23b3b5-b22d-4a1e-633f-f6fa987c6996
CUDA 13.3, device: NVIDIA B200 (ID 5), VRAM: 178.34 GiB
CUDA device UUID: 3cb6542a-792d-eae6-b79c-693a26fb5f18
CUDA 13.3, device: NVIDIA B200 (ID 6), VRAM: 178.34 GiB
CUDA device UUID: af7262f3-479b-efc1-d5c8-f9c988fd2ac5
CUDA 13.3, device: NVIDIA B200 (ID 7), VRAM: 178.34 GiB
CUDA device UUID: 502f6def-af31-ba0a-c687-31b16dce7b66
Solving a problem with 70147846 constraints, 90191170 variables (0 integers), and 233107412 nonzeros
Using PSLP presolver
PSLP Presolved problem: 69271424 constraints, 79695922 variables, 220859742 non-zeros
PSLP presolve time: 88.64s
Solving with distributed PDLP on 8 GPUs.
NCCL version 2.30.7+cuda13.3
      0 +3.04590459e+04 +3.04590459e+04  0.00e+00   3.05e+06     2.47e+03   112.982s
   1000 +4.71627346e+03 -5.13754237e+06  5.14e+06   1.18e+05     5.69e-01   113.845s
   2000 +1.47068426e+05 +1.57884897e+06  1.43e+06   4.24e+04     5.57e-01   114.552s
   3000 +2.38986226e+05 +3.90302201e+06  3.66e+06   1.97e+04     4.13e-01   115.260s
   4000 +3.24675850e+05 +6.99523906e+06  6.67e+06   1.38e+04     2.02e-01   115.967s
   5000 +3.47425927e+05 +8.16984895e+06  7.82e+06   1.14e+04     1.80e-01   116.672s
   6000 +3.66356464e+05 +7.86486845e+06  7.50e+06   9.72e+03     1.75e-01   117.379s
   7000 +3.80824534e+05 +7.42808582e+06  7.05e+06   9.17e+03     1.59e-01   118.085s
   8000 +3.96747980e+05 +6.83512609e+06  6.44e+06   8.21e+03     1.35e-01   118.790s
   9000 +4.11095259e+05 +6.35857070e+06  5.95e+06   7.25e+03     1.12e-01   119.496s
  10000 +4.24595085e+05 +6.01484899e+06  5.59e+06   6.60e+03     8.68e-02   120.203s
  11000 +4.31562463e+05 +5.67811851e+06  5.25e+06   6.41e+03     8.12e-02   120.902s
  12000 +4.37909842e+05 +5.35088703e+06  4.91e+06   6.14e+03     7.62e-02   121.600s
  13000 +4.43729234e+05 +5.03405825e+06  4.59e+06   5.83e+03     7.06e-02   122.299s
  14000 +4.48513309e+05 +4.71759410e+06  4.27e+06   5.55e+03     6.54e-02   122.997s
  15000 +4.54906032e+05 +4.46444361e+06  4.01e+06   5.56e+03     5.35e-02   123.697s
  16000 +4.57647603e+05 +4.24755897e+06  3.79e+06   5.87e+03     5.09e-02   124.396s
  17000 +4.59963315e+05 +4.03411111e+06  3.57e+06   6.07e+03     4.81e-02   125.094s
  18000 +4.61913526e+05 +3.82706208e+06  3.37e+06   6.13e+03     4.53e-02   125.793s
  19000 +4.63797434e+05 +3.61596683e+06  3.15e+06   6.08e+03     4.23e-02   126.491s
  20000 +4.65429205e+05 +3.39621392e+06  2.93e+06   5.97e+03     3.90e-02   127.190s
  21000 +4.67101046e+05 +3.16522040e+06  2.70e+06   5.83e+03     3.57e-02   127.888s
  22000 +4.68682166e+05 +2.92932287e+06  2.46e+06   5.68e+03     3.26e-02   128.586s
  23000 +4.71279401e+05 +2.69646908e+06  2.23e+06   5.51e+03     2.75e-02   129.286s
  24000 +4.72603280e+05 +2.50139131e+06  2.03e+06   5.69e+03     2.57e-02   129.984s
  25000 +4.73855384e+05 +2.30739554e+06  1.83e+06   5.82e+03     2.39e-02   130.685s
  26000 +4.75023666e+05 +2.13114806e+06  1.66e+06   5.86e+03     2.22e-02   131.383s
  27000 +4.76108959e+05 +1.97043647e+06  1.49e+06   5.83e+03     2.06e-02   132.081s
  28000 +4.76884427e+05 +1.83367950e+06  1.36e+06   5.72e+03     1.91e-02   132.780s
  29000 +4.77338078e+05 +1.70984893e+06  1.23e+06   5.58e+03     1.77e-02   133.478s
  30000 +4.77345382e+05 +1.60695581e+06  1.13e+06   5.40e+03     1.65e-02   134.177s
  31000 +4.77091557e+05 +1.52918388e+06  1.05e+06   5.21e+03     1.53e-02   134.875s
  32000 +4.76369475e+05 +1.46468039e+06  9.88e+05   5.03e+03     1.44e-02   135.573s
  33000 +4.75704969e+05 +1.40987430e+06  9.34e+05   4.87e+03     1.36e-02   136.271s
  34000 +4.74923880e+05 +1.36352752e+06  8.89e+05   4.72e+03     1.31e-02   136.970s
  35000 +4.73925778e+05 +1.31934879e+06  8.45e+05   4.58e+03     1.25e-02   137.668s
  36000 +4.72623602e+05 +1.23357303e+06  7.61e+05   4.83e+03     1.94e-02   138.368s
  37000 +4.70854135e+05 +1.18467459e+06  7.14e+05   4.67e+03     1.93e-02   139.066s
  38000 +4.68559711e+05 +1.15908321e+06  6.91e+05   4.53e+03     1.91e-02   139.765s
  39000 +4.66279753e+05 +1.13996595e+06  6.74e+05   4.34e+03     1.88e-02   140.463s
  40000 +4.63268841e+05 +1.11959318e+06  6.56e+05   4.13e+03     1.83e-02   141.161s
  41000 +4.59585615e+05 +1.09824972e+06  6.39e+05   3.91e+03     1.74e-02   141.860s
  42000 +4.55587970e+05 +1.07552127e+06  6.20e+05   3.71e+03     1.65e-02   142.558s
  43000 +4.51726160e+05 +1.05305609e+06  6.01e+05   3.54e+03     1.54e-02   143.257s
  44000 +4.47585563e+05 +1.03058877e+06  5.83e+05   3.37e+03     1.45e-02   143.956s
  45000 +4.43208445e+05 +1.00762519e+06  5.64e+05   3.20e+03     1.37e-02   144.655s
  46000 +4.39074475e+05 +9.84726286e+05  5.46e+05   3.04e+03     1.30e-02   145.353s
  47000 +4.34934000e+05 +9.63001544e+05  5.28e+05   2.89e+03     1.21e-02   146.052s
  48000 +4.30853593e+05 +9.42433172e+05  5.12e+05   2.75e+03     1.15e-02   146.750s
  49000 +4.26350768e+05 +9.23137418e+05  4.97e+05   2.59e+03     1.09e-02   147.448s
  50000 +4.22282844e+05 +9.05011667e+05  4.83e+05   2.44e+03     1.02e-02   148.146s
  51000 +4.18810655e+05 +8.88715057e+05  4.70e+05   2.32e+03     9.76e-03   148.845s
  52000 +4.15508466e+05 +8.73437043e+05  4.58e+05   2.20e+03     9.27e-03   149.543s
  53000 +4.12235017e+05 +8.60127671e+05  4.48e+05   2.08e+03     8.83e-03   150.242s
  54000 +4.09694466e+05 +8.47897907e+05  4.38e+05   1.98e+03     8.39e-03   150.940s
  55000 +4.07141503e+05 +8.36401169e+05  4.29e+05   1.89e+03     8.08e-03   151.639s
  56000 +3.99019899e+05 +8.19008400e+05  4.20e+05   1.62e+03     8.78e-03   152.338s
  57000 +3.96599941e+05 +8.03362151e+05  4.07e+05   1.52e+03     7.86e-03   153.037s
  58000 +3.93983635e+05 +7.87533527e+05  3.94e+05   1.42e+03     7.80e-03   153.735s
  59000 +3.91716634e+05 +7.73391461e+05  3.82e+05   1.34e+03     7.14e-03   154.434s
  60000 +3.90501462e+05 +7.60206836e+05  3.70e+05   1.28e+03     6.86e-03   155.132s
  61000 +3.89486010e+05 +7.47810055e+05  3.58e+05   1.23e+03     6.68e-03   155.831s
  62000 +3.88466176e+05 +7.36305777e+05  3.48e+05   1.18e+03     6.58e-03   156.529s
  63000 +3.87596298e+05 +7.25149665e+05  3.38e+05   1.14e+03     6.38e-03   157.228s
  64000 +3.86716607e+05 +7.14677253e+05  3.28e+05   1.10e+03     6.19e-03   157.943s
  65000 +3.85857217e+05 +7.05324851e+05  3.19e+05   1.06e+03     6.13e-03   158.656s
  66000 +3.85014959e+05 +6.96605116e+05  3.12e+05   1.03e+03     6.01e-03   159.366s
  67000 +3.84192993e+05 +6.88630793e+05  3.04e+05   9.91e+02     5.90e-03   160.078s
  68000 +3.83359736e+05 +6.81358059e+05  2.98e+05   9.57e+02     5.81e-03   160.793s
  69000 +3.82567918e+05 +6.74830077e+05  2.92e+05   9.25e+02     5.69e-03   161.506s
  70000 +3.81799767e+05 +6.69127378e+05  2.87e+05   8.93e+02     5.59e-03   162.221s
  71000 +3.81054694e+05 +6.64507542e+05  2.83e+05   8.62e+02     5.46e-03   162.936s
  72000 +3.80346157e+05 +6.60447724e+05  2.80e+05   8.33e+02     5.38e-03   163.646s
  73000 +3.79644693e+05 +6.56814754e+05  2.77e+05   8.04e+02     5.29e-03   164.353s
  74000 +3.78957818e+05 +6.53985928e+05  2.75e+05   7.78e+02     5.18e-03   165.056s
  75000 +3.78261777e+05 +6.51575821e+05  2.73e+05   7.53e+02     5.11e-03   165.759s
  76000 +3.77600910e+05 +6.49456412e+05  2.72e+05   7.31e+02     5.04e-03   166.462s
  77000 +3.76970490e+05 +6.47753382e+05  2.71e+05   7.10e+02     4.97e-03   167.167s
  78000 +3.76354425e+05 +6.46307654e+05  2.70e+05   6.90e+02     4.89e-03   167.878s
  79000 +3.75770945e+05 +6.44939574e+05  2.69e+05   6.73e+02     4.83e-03   168.584s
  80000 +3.75212537e+05 +6.43904524e+05  2.69e+05   6.59e+02     4.75e-03   169.287s
  81000 +3.74675733e+05 +6.43115490e+05  2.68e+05   6.46e+02     4.70e-03   169.988s
  82000 +3.74153224e+05 +6.42545296e+05  2.68e+05   6.34e+02     4.63e-03   170.691s
  83000 +3.73663816e+05 +6.42216628e+05  2.69e+05   6.24e+02     4.56e-03   171.398s
  84000 +3.73165917e+05 +6.41769838e+05  2.69e+05   6.14e+02     4.53e-03   172.110s
  85000 +3.72640223e+05 +6.41550561e+05  2.69e+05   6.03e+02     4.45e-03   172.820s
  86000 +3.72147505e+05 +6.41482258e+05  2.69e+05   5.94e+02     4.39e-03   173.523s
  87000 +3.70728074e+05 +6.40082543e+05  2.69e+05   5.56e+02     4.01e-03   174.228s
  88000 +3.70230622e+05 +6.37450810e+05  2.67e+05   5.64e+02     3.76e-03   174.934s
  89000 +3.69745950e+05 +6.35162911e+05  2.65e+05   5.76e+02     3.74e-03   175.644s
  90000 +3.69260502e+05 +6.33311544e+05  2.64e+05   5.88e+02     3.72e-03   176.345s
  91000 +3.68765977e+05 +6.31882124e+05  2.63e+05   6.00e+02     3.71e-03   177.047s
  92000 +3.68241537e+05 +6.30698994e+05  2.62e+05   6.11e+02     3.72e-03   177.748s
  93000 +3.67717055e+05 +6.29802361e+05  2.62e+05   6.21e+02     3.68e-03   178.450s
  94000 +3.67187241e+05 +6.29110403e+05  2.62e+05   6.31e+02     3.71e-03   179.154s
  95000 +3.66678216e+05 +6.28610306e+05  2.62e+05   6.40e+02     3.62e-03   179.856s
  96000 +3.66195763e+05 +6.28368790e+05  2.62e+05   6.49e+02     3.62e-03   180.558s
  97000 +3.65730420e+05 +6.28270048e+05  2.63e+05   6.56e+02     3.57e-03   181.263s
  98000 +3.65265664e+05 +6.28246360e+05  2.63e+05   6.63e+02     3.54e-03   181.973s
  99000 +3.64817901e+05 +6.28359736e+05  2.64e+05   6.67e+02     3.50e-03   182.685s
 100000 +3.64378959e+05 +6.28452292e+05  2.64e+05   6.71e+02     3.46e-03   183.397s
 101000 +3.63959202e+05 +6.28725008e+05  2.65e+05   6.73e+02     3.44e-03   184.111s
 102000 +3.63555206e+05 +6.29090782e+05  2.66e+05   6.75e+02     3.40e-03   184.825s
 103000 +3.63148454e+05 +6.29516322e+05  2.66e+05   6.77e+02     3.37e-03   185.540s
 104000 +3.62759605e+05 +6.29881562e+05  2.67e+05   6.76e+02     3.34e-03   186.255s
 105000 +3.62364733e+05 +6.30192809e+05  2.68e+05   6.75e+02     3.30e-03   186.964s
 106000 +3.62010455e+05 +6.30389629e+05  2.68e+05   6.75e+02     3.27e-03   187.669s
 107000 +3.61652668e+05 +6.30638110e+05  2.69e+05   6.73e+02     3.22e-03   188.379s
 108000 +3.61303391e+05 +6.30839535e+05  2.70e+05   6.71e+02     3.20e-03   189.091s
 109000 +3.60978295e+05 +6.31134686e+05  2.70e+05   6.68e+02     3.16e-03   189.804s
 110000 +3.60649222e+05 +6.31270175e+05  2.71e+05   6.64e+02     3.13e-03   190.516s
 111000 +3.60307871e+05 +6.31237566e+05  2.71e+05   6.59e+02     3.10e-03   191.231s
 112000 +3.59971601e+05 +6.31150104e+05  2.71e+05   6.54e+02     3.06e-03   191.947s
 113000 +3.59628631e+05 +6.31017516e+05  2.71e+05   6.49e+02     3.04e-03   192.660s
 114000 +3.59294926e+05 +6.30631185e+05  2.71e+05   6.44e+02     2.98e-03   193.370s
 115000 +3.58979764e+05 +6.30120594e+05  2.71e+05   6.39e+02     2.95e-03   194.082s
 116000 +3.58695694e+05 +6.29560556e+05  2.71e+05   6.33e+02     2.91e-03   194.797s
 117000 +3.58401042e+05 +6.29166839e+05  2.71e+05   6.28e+02     2.88e-03   195.508s
 118000 +3.58103061e+05 +6.28651869e+05  2.71e+05   6.23e+02     2.85e-03   196.220s
 119000 +3.57805274e+05 +6.28054044e+05  2.70e+05   6.17e+02     2.82e-03   196.934s
 120000 +3.57516943e+05 +6.27371091e+05  2.70e+05   6.11e+02     2.79e-03   197.647s
 121000 +3.57211273e+05 +6.26706927e+05  2.69e+05   6.05e+02     2.78e-03   198.358s
 122000 +3.56915830e+05 +6.26032016e+05  2.69e+05   5.99e+02     2.74e-03   199.062s
 123000 +3.56639126e+05 +6.25217694e+05  2.69e+05   5.94e+02     2.71e-03   199.773s
 124000 +3.56343117e+05 +6.24342494e+05  2.68e+05   5.89e+02     2.68e-03   200.485s
 125000 +3.56074959e+05 +6.23585326e+05  2.68e+05   5.84e+02     2.67e-03   201.198s
 126000 +3.55821377e+05 +6.22757799e+05  2.67e+05   5.79e+02     2.63e-03   201.911s
 127000 +3.55554309e+05 +6.21857168e+05  2.66e+05   5.75e+02     2.60e-03   202.625s
 128000 +3.55300721e+05 +6.20878722e+05  2.66e+05   5.71e+02     2.58e-03   203.337s
 129000 +3.55054972e+05 +6.19885371e+05  2.65e+05   5.67e+02     2.56e-03   204.051s
 130000 +3.54801887e+05 +6.18808233e+05  2.64e+05   5.63e+02     2.54e-03   204.758s
 131000 +3.54575500e+05 +6.17695287e+05  2.63e+05   5.60e+02     2.52e-03   205.467s
 132000 +3.54345992e+05 +6.16580627e+05  2.62e+05   5.57e+02     2.50e-03   206.179s
 133000 +3.54132966e+05 +6.15361521e+05  2.61e+05   5.55e+02     2.48e-03   206.894s
 134000 +3.53903023e+05 +6.14046085e+05  2.60e+05   5.52e+02     2.46e-03   207.608s
 135000 +3.53670697e+05 +6.12748750e+05  2.59e+05   5.50e+02     2.44e-03   208.321s
 136000 +3.52858249e+05 +6.10927914e+05  2.58e+05   5.42e+02     2.17e-03   209.036s
 137000 +3.52581058e+05 +6.09682790e+05  2.57e+05   5.59e+02     2.13e-03   209.747s
 138000 +3.52310151e+05 +6.08127087e+05  2.56e+05   5.78e+02     2.12e-03   210.451s
 139000 +3.52041387e+05 +6.06287527e+05  2.54e+05   5.96e+02     2.10e-03   211.154s
 140000 +3.51762791e+05 +6.04266270e+05  2.53e+05   6.12e+02     2.09e-03   211.860s
 141000 +3.51477696e+05 +6.02105616e+05  2.51e+05   6.26e+02     2.07e-03   212.560s
 142000 +3.51199928e+05 +5.99945016e+05  2.49e+05   6.35e+02     2.05e-03   213.260s
 143000 +3.50914574e+05 +5.97985166e+05  2.47e+05   6.41e+02     2.04e-03   213.959s
 144000 +3.50655153e+05 +5.96108237e+05  2.45e+05   6.47e+02     2.02e-03   214.659s
 145000 +3.50392177e+05 +5.94213413e+05  2.44e+05   6.51e+02     2.01e-03   215.359s
 146000 +3.50140620e+05 +5.92450353e+05  2.42e+05   6.53e+02     1.99e-03   216.059s
 147000 +3.49884662e+05 +5.90788188e+05  2.41e+05   6.54e+02     1.98e-03   216.758s
 148000 +3.49645432e+05 +5.89077941e+05  2.39e+05   6.55e+02     1.97e-03   217.457s
 149000 +3.49380492e+05 +5.87415503e+05  2.38e+05   6.55e+02     1.95e-03   218.158s
 150000 +3.49123302e+05 +5.85863413e+05  2.37e+05   6.56e+02     1.94e-03   218.858s
 151000 +3.48885511e+05 +5.84379904e+05  2.35e+05   6.57e+02     1.92e-03   219.558s
 152000 +3.48625681e+05 +5.82918956e+05  2.34e+05   6.56e+02     1.91e-03   220.258s
 153000 +3.48383860e+05 +5.81633189e+05  2.33e+05   6.56e+02     1.90e-03   220.958s
 154000 +3.48123286e+05 +5.80273315e+05  2.32e+05   6.55e+02     1.89e-03   221.658s
 155000 +3.47860484e+05 +5.78940867e+05  2.31e+05   6.54e+02     1.88e-03   222.357s
 156000 +3.47609170e+05 +5.77681255e+05  2.30e+05   6.54e+02     1.86e-03   223.057s
 157000 +3.47372688e+05 +5.76420007e+05  2.29e+05   6.54e+02     1.85e-03   223.757s
 158000 +3.47131201e+05 +5.75160039e+05  2.28e+05   6.54e+02     1.84e-03   224.457s
 159000 +3.46902717e+05 +5.73911012e+05  2.27e+05   6.54e+02     1.83e-03   225.158s
 160000 +3.46679224e+05 +5.72697061e+05  2.26e+05   6.54e+02     1.82e-03   225.858s
 161000 +3.46443148e+05 +5.71506365e+05  2.25e+05   6.54e+02     1.81e-03   226.558s
 162000 +3.46212576e+05 +5.70319612e+05  2.24e+05   6.54e+02     1.80e-03   227.258s
 163000 +3.46001380e+05 +5.69175389e+05  2.23e+05   6.53e+02     1.80e-03   227.958s
 164000 +3.45782967e+05 +5.68074833e+05  2.22e+05   6.53e+02     1.79e-03   228.657s
 165000 +3.45560182e+05 +5.67019513e+05  2.21e+05   6.52e+02     1.78e-03   229.357s
 166000 +3.45343198e+05 +5.66023322e+05  2.21e+05   6.52e+02     1.77e-03   230.056s
 167000 +3.45119264e+05 +5.65055519e+05  2.20e+05   6.51e+02     1.76e-03   230.756s
 168000 +3.44903474e+05 +5.64111373e+05  2.19e+05   6.50e+02     1.76e-03   231.456s
 169000 +3.44689902e+05 +5.63156063e+05  2.18e+05   6.49e+02     1.75e-03   232.157s
 170000 +3.44443736e+05 +5.62258753e+05  2.18e+05   6.48e+02     1.76e-03   232.857s
 171000 +3.44213088e+05 +5.61400549e+05  2.17e+05   6.47e+02     1.75e-03   233.557s
 172000 +3.43979169e+05 +5.60602311e+05  2.17e+05   6.47e+02     1.73e-03   234.257s
 173000 +3.43757852e+05 +5.59804659e+05  2.16e+05   6.46e+02     1.72e-03   234.957s
 174000 +3.43542904e+05 +5.58948687e+05  2.15e+05   6.45e+02     1.72e-03   235.657s
 175000 +3.43306715e+05 +5.58117572e+05  2.15e+05   6.44e+02     1.71e-03   236.356s
 176000 +3.43068585e+05 +5.57298160e+05  2.14e+05   6.43e+02     1.73e-03   237.057s
 177000 +3.42828377e+05 +5.56385708e+05  2.14e+05   6.42e+02     1.69e-03   237.767s
 178000 +3.42600897e+05 +5.55520469e+05  2.13e+05   6.41e+02     1.69e-03   238.472s
 179000 +3.42386363e+05 +5.54650472e+05  2.12e+05   6.41e+02     1.68e-03   239.177s
 180000 +3.42169342e+05 +5.53818164e+05  2.12e+05   6.40e+02     1.68e-03   239.881s
 181000 +3.41951299e+05 +5.52971146e+05  2.11e+05   6.40e+02     1.66e-03   240.588s
 182000 +3.41743720e+05 +5.52128990e+05  2.10e+05   6.39e+02     1.66e-03   241.297s
 183000 +3.41526072e+05 +5.51333911e+05  2.10e+05   6.38e+02     1.65e-03   242.006s
 184000 +3.41320206e+05 +5.50504255e+05  2.09e+05   6.37e+02     1.64e-03   242.715s
 185000 +3.41110255e+05 +5.49676137e+05  2.09e+05   6.36e+02     1.63e-03   243.422s
 186000 +3.40913933e+05 +5.48790136e+05  2.08e+05   6.36e+02     1.63e-03   244.129s
 187000 +3.40722009e+05 +5.47894735e+05  2.07e+05   6.36e+02     1.62e-03   244.831s
 188000 +3.40516147e+05 +5.46986026e+05  2.06e+05   6.35e+02     1.62e-03   245.539s
 189000 +3.40314879e+05 +5.45989486e+05  2.06e+05   6.34e+02     1.61e-03   246.248s
 190000 +3.40115568e+05 +5.45014661e+05  2.05e+05   6.33e+02     1.60e-03   246.953s
 191000 +3.39930334e+05 +5.43992128e+05  2.04e+05   6.33e+02     1.59e-03   247.653s
 192000 +3.39742623e+05 +5.43005989e+05  2.03e+05   6.31e+02     1.58e-03   248.357s
 193000 +3.39556642e+05 +5.42146560e+05  2.03e+05   6.30e+02     1.57e-03   249.065s
 194000 +3.39379056e+05 +5.41289584e+05  2.02e+05   6.29e+02     1.57e-03   249.774s
 195000 +3.39201284e+05 +5.40478927e+05  2.01e+05   6.29e+02     1.56e-03   250.477s
 196000 +3.39024424e+05 +5.39640100e+05  2.01e+05   6.28e+02     1.55e-03   251.180s
 197000 +3.38848359e+05 +5.38809155e+05  2.00e+05   6.26e+02     1.55e-03   251.887s
 198000 +3.38702251e+05 +5.37988200e+05  1.99e+05   6.24e+02     1.55e-03   252.590s
 199000 +3.38543828e+05 +5.37186220e+05  1.99e+05   6.22e+02     1.53e-03   253.296s
 200000 +3.38358219e+05 +5.36340960e+05  1.98e+05   6.21e+02     1.52e-03   253.999s
 201000 +3.38172163e+05 +5.35546135e+05  1.97e+05   6.19e+02     1.51e-03   254.704s
 202000 +3.37994920e+05 +5.34818297e+05  1.97e+05   6.18e+02     1.50e-03   255.414s
 203000 +3.37810088e+05 +5.34125222e+05  1.96e+05   6.17e+02     1.50e-03   256.121s
 204000 +3.37631125e+05 +5.33426190e+05  1.96e+05   6.15e+02     1.49e-03   256.826s
 205000 +3.37462233e+05 +5.32750233e+05  1.95e+05   6.14e+02     1.48e-03   257.529s
 206000 +3.37289947e+05 +5.32048757e+05  1.95e+05   6.12e+02     1.48e-03   258.236s
 207000 +3.37115002e+05 +5.31370846e+05  1.94e+05   6.10e+02     1.47e-03   258.936s
 208000 +3.36957668e+05 +5.30675849e+05  1.94e+05   6.09e+02     1.46e-03   259.640s
 209000 +3.36802736e+05 +5.30049570e+05  1.93e+05   6.08e+02     1.46e-03   260.350s
 210000 +3.36639459e+05 +5.29372235e+05  1.93e+05   6.07e+02     1.45e-03   261.054s
 211000 +3.36480930e+05 +5.28648863e+05  1.92e+05   6.06e+02     1.45e-03   261.757s
 212000 +3.35941245e+05 +5.27666535e+05  1.92e+05   5.88e+02     1.34e-03   262.461s
 213000 +3.35690814e+05 +5.26910745e+05  1.91e+05   5.99e+02     1.31e-03   263.166s
 214000 +3.35442016e+05 +5.26156841e+05  1.91e+05   6.11e+02     1.31e-03   263.872s
 215000 +3.35193983e+05 +5.25368425e+05  1.90e+05   6.22e+02     1.30e-03   264.576s
 216000 +3.34945223e+05 +5.24565188e+05  1.90e+05   6.31e+02     1.30e-03   265.282s
 217000 +3.34691708e+05 +5.23784239e+05  1.89e+05   6.40e+02     1.30e-03   265.987s
 218000 +3.34452756e+05 +5.23019528e+05  1.89e+05   6.47e+02     1.29e-03   266.693s
 219000 +3.34248838e+05 +5.22261144e+05  1.88e+05   6.53e+02     1.34e-03   267.394s
 220000 +3.34019255e+05 +5.21483589e+05  1.87e+05   6.59e+02     1.30e-03   268.100s
 221000 +3.33790838e+05 +5.20735994e+05  1.87e+05   6.65e+02     1.29e-03   268.804s
 222000 +3.33557331e+05 +5.19949816e+05  1.86e+05   6.71e+02     1.28e-03   269.511s
 223000 +3.33309911e+05 +5.19214504e+05  1.86e+05   6.77e+02     1.28e-03   270.222s
 224000 +3.33067652e+05 +5.18356757e+05  1.85e+05   6.84e+02     1.27e-03   270.934s
 225000 +3.32829493e+05 +5.17321752e+05  1.84e+05   6.90e+02     1.27e-03   271.639s
 226000 +3.32587409e+05 +5.16416329e+05  1.84e+05   6.96e+02     1.27e-03   272.340s
 227000 +3.32338652e+05 +5.15501413e+05  1.83e+05   7.02e+02     1.26e-03   273.039s
 228000 +3.32101208e+05 +5.14614136e+05  1.83e+05   7.06e+02     1.25e-03   273.738s
 229000 +3.31855527e+05 +5.13759012e+05  1.82e+05   7.10e+02     1.25e-03   274.438s
 230000 +3.31616490e+05 +5.12891843e+05  1.81e+05   7.14e+02     1.24e-03   275.139s
 231000 +3.31380316e+05 +5.12081203e+05  1.81e+05   7.17e+02     1.24e-03   275.840s
 232000 +3.31141274e+05 +5.11346931e+05  1.80e+05   7.20e+02     1.24e-03   276.547s
 233000 +3.30902283e+05 +5.10558457e+05  1.80e+05   7.24e+02     1.23e-03   277.249s
 234000 +3.30672487e+05 +5.09788250e+05  1.79e+05   7.28e+02     1.23e-03   277.955s
 235000 +3.30448273e+05 +5.08855654e+05  1.78e+05   7.33e+02     1.22e-03   278.657s
 236000 +3.30224841e+05 +5.07825727e+05  1.78e+05   7.38e+02     1.22e-03   279.362s
 237000 +3.30008263e+05 +5.06827976e+05  1.77e+05   7.42e+02     1.21e-03   280.065s
 238000 +3.29805909e+05 +5.05799055e+05  1.76e+05   7.48e+02     1.21e-03   280.765s
 239000 +3.29586932e+05 +5.04592762e+05  1.75e+05   7.53e+02     1.20e-03   281.464s
 240000 +3.29373868e+05 +5.03393370e+05  1.74e+05   7.56e+02     1.20e-03   282.167s
 241000 +3.29154734e+05 +5.02237308e+05  1.73e+05   7.60e+02     1.19e-03   282.872s
 242000 +3.28942582e+05 +5.01059649e+05  1.72e+05   7.62e+02     1.18e-03   283.572s
 243000 +3.28727938e+05 +4.99860091e+05  1.71e+05   7.65e+02     1.17e-03   284.272s
 244000 +3.28528839e+05 +4.98694912e+05  1.70e+05   7.68e+02     1.17e-03   284.972s
 245000 +3.28326540e+05 +4.97553560e+05  1.69e+05   7.70e+02     1.16e-03   285.673s
 246000 +3.28131184e+05 +4.96283111e+05  1.68e+05   7.72e+02     1.16e-03   286.372s
 247000 +3.27937840e+05 +4.95093179e+05  1.67e+05   7.73e+02     1.16e-03   287.076s
 248000 +3.27754594e+05 +4.93955879e+05  1.66e+05   7.75e+02     1.14e-03   287.778s
 249000 +3.27571986e+05 +4.92813234e+05  1.65e+05   7.77e+02     1.14e-03   288.478s
 250000 +3.27384848e+05 +4.91648629e+05  1.64e+05   7.78e+02     1.13e-03   289.177s
 251000 +3.27214658e+05 +4.90594634e+05  1.63e+05   7.79e+02     1.12e-03   289.877s
 252000 +3.27046768e+05 +4.89532104e+05  1.62e+05   7.81e+02     1.12e-03   290.577s
 253000 +3.26886441e+05 +4.88481424e+05  1.62e+05   7.81e+02     1.12e-03   291.278s
 254000 +3.26694204e+05 +4.87436246e+05  1.61e+05   7.80e+02     1.10e-03   291.979s
 255000 +3.26522482e+05 +4.86457659e+05  1.60e+05   7.80e+02     1.09e-03   292.679s
 256000 +3.26354701e+05 +4.85494570e+05  1.59e+05   7.80e+02     1.09e-03   293.379s
 257000 +3.26196925e+05 +4.84422164e+05  1.58e+05   7.81e+02     1.08e-03   294.079s
 258000 +3.26040655e+05 +4.83328924e+05  1.57e+05   7.81e+02     1.07e-03   294.779s
 259000 +3.25883980e+05 +4.82289490e+05  1.56e+05   7.81e+02     1.07e-03   295.478s
 260000 +3.25726073e+05 +4.81291831e+05  1.56e+05   7.81e+02     1.06e-03   296.178s
 261000 +3.25568709e+05 +4.80285187e+05  1.55e+05   7.79e+02     1.05e-03   296.878s
 262000 +3.25429209e+05 +4.79363617e+05  1.54e+05   7.78e+02     1.06e-03   297.577s
 263000 +3.25280948e+05 +4.78482856e+05  1.53e+05   7.76e+02     1.05e-03   298.277s
 264000 +3.25133921e+05 +4.77631493e+05  1.52e+05   7.75e+02     1.04e-03   298.977s
 265000 +3.25008757e+05 +4.76798831e+05  1.52e+05   7.73e+02     1.03e-03   299.677s
 266000 +3.24861057e+05 +4.76021965e+05  1.51e+05   7.71e+02     1.03e-03   300.377s
 267000 +3.24736918e+05 +4.75181530e+05  1.50e+05   7.69e+02     1.02e-03   301.077s
 268000 +3.24596924e+05 +4.74373397e+05  1.50e+05   7.68e+02     1.01e-03   301.776s
 269000 +3.24460003e+05 +4.73587320e+05  1.49e+05   7.66e+02     1.01e-03   302.476s
 270000 +3.24321144e+05 +4.72797264e+05  1.48e+05   7.65e+02     1.00e-03   303.176s
 271000 +3.24186468e+05 +4.71983076e+05  1.48e+05   7.64e+02     1.00e-03   303.875s
 272000 +3.24056347e+05 +4.71126014e+05  1.47e+05   7.64e+02     9.93e-04   304.576s
 273000 +3.23920457e+05 +4.70217637e+05  1.46e+05   7.63e+02     9.87e-04   305.276s
 274000 +3.23793950e+05 +4.69328176e+05  1.46e+05   7.62e+02     9.84e-04   305.976s
 275000 +3.23662032e+05 +4.68431488e+05  1.45e+05   7.61e+02     9.77e-04   306.676s
 276000 +3.23533778e+05 +4.67509194e+05  1.44e+05   7.61e+02     9.72e-04   307.374s
 277000 +3.23401935e+05 +4.66657108e+05  1.43e+05   7.59e+02     9.66e-04   308.074s
 278000 +3.23303142e+05 +4.65816646e+05  1.43e+05   7.57e+02     9.68e-04   308.773s
 279000 +3.23196427e+05 +4.64982385e+05  1.42e+05   7.56e+02     9.53e-04   309.474s
 280000 +3.23076627e+05 +4.64073510e+05  1.41e+05   7.55e+02     9.49e-04   310.174s
 281000 +3.22963813e+05 +4.63190076e+05  1.40e+05   7.55e+02     9.43e-04   310.878s
 282000 +3.22870927e+05 +4.62305326e+05  1.39e+05   7.54e+02     9.39e-04   311.593s
 283000 +3.22761085e+05 +4.61419721e+05  1.39e+05   7.53e+02     9.34e-04   312.304s
 284000 +3.22665778e+05 +4.60592394e+05  1.38e+05   7.52e+02     9.30e-04   313.006s
 285000 +3.22620427e+05 +4.59730013e+05  1.37e+05   7.51e+02     9.37e-04   313.709s
 286000 +3.22533803e+05 +4.58830039e+05  1.36e+05   7.49e+02     9.26e-04   314.418s
 287000 +3.22483691e+05 +4.57941908e+05  1.35e+05   7.47e+02     9.23e-04   315.131s
 288000 +3.22378759e+05 +4.57071916e+05  1.35e+05   7.45e+02     9.09e-04   315.844s
 289000 +3.22288282e+05 +4.56211552e+05  1.34e+05   7.43e+02     9.05e-04   316.556s
 290000 +3.22201397e+05 +4.55361914e+05  1.33e+05   7.42e+02     9.04e-04   317.268s
 291000 +3.22113512e+05 +4.54596298e+05  1.32e+05   7.41e+02     9.02e-04   317.975s
 292000 +3.22014900e+05 +4.53846490e+05  1.32e+05   7.39e+02     8.93e-04   318.676s
 293000 +3.21915619e+05 +4.53111325e+05  1.31e+05   7.37e+02     8.88e-04   319.381s
 294000 +3.21827580e+05 +4.52372572e+05  1.31e+05   7.35e+02     8.86e-04   320.095s
 295000 +3.21728676e+05 +4.51656384e+05  1.30e+05   7.34e+02     8.79e-04   320.810s
 296000 +3.21637559e+05 +4.50909625e+05  1.29e+05   7.33e+02     8.75e-04   321.519s
 297000 +3.21574069e+05 +4.50237916e+05  1.29e+05   7.32e+02     8.79e-04   322.231s
 298000 +3.21469452e+05 +4.49547022e+05  1.28e+05   7.31e+02     8.77e-04   322.943s
 299000 +3.21390945e+05 +4.48836710e+05  1.27e+05   7.29e+02     8.64e-04   323.649s
 300000 +3.21300473e+05 +4.48055155e+05  1.27e+05   7.29e+02     8.63e-04   324.354s
 301000 +3.21231004e+05 +4.47303650e+05  1.26e+05   7.27e+02     8.73e-04   325.063s
 302000 +3.21154452e+05 +4.46580483e+05  1.25e+05   7.26e+02     8.61e-04   325.777s
 303000 +3.21081961e+05 +4.45835891e+05  1.25e+05   7.25e+02     8.49e-04   326.483s
 304000 +3.20989139e+05 +4.45097315e+05  1.24e+05   7.24e+02     8.44e-04   327.188s
 305000 +3.20907197e+05 +4.44362467e+05  1.23e+05   7.23e+02     8.38e-04   327.893s
 306000 +3.20821233e+05 +4.43656507e+05  1.23e+05   7.21e+02     8.33e-04   328.598s
 307000 +3.20757606e+05 +4.42961952e+05  1.22e+05   7.19e+02     8.29e-04   329.303s
 308000 +3.20679579e+05 +4.42259984e+05  1.22e+05   7.18e+02     8.26e-04   330.004s
 309000 +3.20608323e+05 +4.41551883e+05  1.21e+05   7.17e+02     8.24e-04   330.709s
 310000 +3.20545064e+05 +4.40798778e+05  1.20e+05   7.16e+02     8.26e-04   331.418s
 311000 +3.20473200e+05 +4.40034797e+05  1.20e+05   7.15e+02     8.15e-04   332.129s
 312000 +3.20392855e+05 +4.39304652e+05  1.19e+05   7.14e+02     8.13e-04   332.842s
 313000 +3.20325176e+05 +4.38586410e+05  1.18e+05   7.13e+02     8.17e-04   333.552s
 314000 +3.20245308e+05 +4.37876511e+05  1.18e+05   7.11e+02     8.06e-04   334.257s
 315000 +3.20176191e+05 +4.37177535e+05  1.17e+05   7.10e+02     8.11e-04   334.965s
 316000 +3.20101997e+05 +4.36477206e+05  1.16e+05   7.08e+02     8.10e-04   335.667s
 317000 +3.20036891e+05 +4.35695390e+05  1.16e+05   7.07e+02     7.96e-04   336.371s
 318000 +3.19969294e+05 +4.34920529e+05  1.15e+05   7.06e+02     7.90e-04   337.075s
 319000 +3.19889393e+05 +4.34168384e+05  1.14e+05   7.05e+02     7.93e-04   337.779s
 320000 +3.19830802e+05 +4.33314435e+05  1.13e+05   7.04e+02     7.84e-04   338.487s
 321000 +3.19768715e+05 +4.32464310e+05  1.13e+05   7.04e+02     7.74e-04   339.192s
 322000 +3.19705368e+05 +4.31613136e+05  1.12e+05   7.03e+02     7.76e-04   339.898s
 323000 +3.19648723e+05 +4.30773963e+05  1.11e+05   7.02e+02     7.83e-04   340.601s
 324000 +3.19600693e+05 +4.29899362e+05  1.10e+05   7.01e+02     7.59e-04   341.303s
 325000 +3.19533867e+05 +4.29112025e+05  1.10e+05   7.00e+02     7.58e-04   342.006s
 326000 +3.19471030e+05 +4.28318527e+05  1.09e+05   6.99e+02     7.54e-04   342.710s
 327000 +3.19420520e+05 +4.27562151e+05  1.08e+05   6.97e+02     7.50e-04   343.413s
 328000 +3.19393729e+05 +4.26823056e+05  1.07e+05   6.96e+02     7.46e-04   344.118s
 329000 +3.19344719e+05 +4.26107701e+05  1.07e+05   6.94e+02     7.39e-04   344.826s
 330000 +3.19307215e+05 +4.25285953e+05  1.06e+05   6.93e+02     7.49e-04   345.533s
 331000 +3.19531179e+05 +4.24519869e+05  1.05e+05   6.63e+02     7.58e-04   346.241s
 332000 +3.19480066e+05 +4.23674078e+05  1.04e+05   6.75e+02     6.68e-04   346.943s
 333000 +3.19348931e+05 +4.22807611e+05  1.03e+05   6.87e+02     6.63e-04   347.652s
 334000 +3.19219369e+05 +4.21936040e+05  1.03e+05   6.98e+02     6.59e-04   348.362s
 335000 +3.19093905e+05 +4.20989971e+05  1.02e+05   7.10e+02     6.56e-04   349.069s
 336000 +3.18972975e+05 +4.20071768e+05  1.01e+05   7.20e+02     6.53e-04   349.778s
 337000 +3.18856719e+05 +4.19128852e+05  1.00e+05   7.29e+02     6.49e-04   350.488s
 338000 +3.18744448e+05 +4.18231410e+05  9.95e+04   7.37e+02     6.46e-04   351.195s
 339000 +3.18628407e+05 +4.17263990e+05  9.86e+04   7.46e+02     6.43e-04   351.904s
 340000 +3.18512304e+05 +4.16270431e+05  9.78e+04   7.53e+02     6.38e-04   352.608s
 341000 +3.18402496e+05 +4.15323484e+05  9.69e+04   7.60e+02     6.34e-04   353.311s
 342000 +3.18289585e+05 +4.14373695e+05  9.61e+04   7.66e+02     6.31e-04   354.018s
 343000 +3.18179554e+05 +4.13495676e+05  9.53e+04   7.72e+02     6.27e-04   354.722s
 344000 +3.18075951e+05 +4.12614363e+05  9.45e+04   7.79e+02     6.23e-04   355.431s
 345000 +3.17974650e+05 +4.11651842e+05  9.37e+04   7.85e+02     6.19e-04   356.143s
 346000 +3.17872045e+05 +4.10631490e+05  9.28e+04   7.91e+02     6.15e-04   356.854s
 347000 +3.17776514e+05 +4.09617165e+05  9.18e+04   7.96e+02     6.10e-04   357.563s
 348000 +3.17685670e+05 +4.08619993e+05  9.09e+04   8.01e+02     6.06e-04   358.265s
 349000 +3.17596569e+05 +4.07623347e+05  9.00e+04   8.05e+02     6.01e-04   358.977s
 350000 +3.17508604e+05 +4.06637170e+05  8.91e+04   8.08e+02     5.97e-04   359.686s
 351000 +3.17418438e+05 +4.05668411e+05  8.82e+04   8.12e+02     5.93e-04   360.397s
 352000 +3.17343965e+05 +4.04713619e+05  8.74e+04   8.15e+02     5.87e-04   361.108s
 353000 +3.17260202e+05 +4.03695048e+05  8.64e+04   8.18e+02     5.83e-04   361.817s
 354000 +3.17178694e+05 +4.02686446e+05  8.55e+04   8.21e+02     5.78e-04   362.526s
 355000 +3.17107987e+05 +4.01708976e+05  8.46e+04   8.24e+02     5.73e-04   363.235s
 356000 +3.17080277e+05 +4.00712282e+05  8.36e+04   8.25e+02     5.69e-04   363.937s
 357000 +3.16999733e+05 +3.99786795e+05  8.28e+04   8.27e+02     5.66e-04   364.640s
 358000 +3.16927515e+05 +3.98850130e+05  8.19e+04   8.28e+02     5.59e-04   365.348s
 359000 +3.16858967e+05 +3.97946507e+05  8.11e+04   8.28e+02     5.54e-04   366.058s
 360000 +3.16797105e+05 +3.97028748e+05  8.02e+04   8.28e+02     5.50e-04   366.768s
 361000 +3.16741084e+05 +3.96044967e+05  7.93e+04   8.29e+02     5.44e-04   367.473s
 362000 +3.16692540e+05 +3.95098470e+05  7.84e+04   8.28e+02     5.45e-04   368.184s
 363000 +3.16645996e+05 +3.94159123e+05  7.75e+04   8.26e+02     5.35e-04   368.895s
 364000 +3.16594683e+05 +3.93279415e+05  7.67e+04   8.25e+02     5.30e-04   369.600s
 365000 +3.16552609e+05 +3.92404243e+05  7.59e+04   8.24e+02     5.26e-04   370.308s
 366000 +3.16514456e+05 +3.91561601e+05  7.50e+04   8.22e+02     5.21e-04   371.021s
 367000 +3.16487352e+05 +3.90700563e+05  7.42e+04   8.20e+02     5.19e-04   371.734s
 368000 +3.16500255e+05 +3.89865792e+05  7.34e+04   8.18e+02     5.14e-04   372.443s
 369000 +3.16483119e+05 +3.89042603e+05  7.26e+04   8.15e+02     5.47e-04   373.153s
 370000 +3.16468951e+05 +3.88251232e+05  7.18e+04   8.13e+02     5.21e-04   373.864s
 371000 +3.16438375e+05 +3.87498355e+05  7.11e+04   8.09e+02     5.00e-04   374.571s
 372000 +3.16405160e+05 +3.86768711e+05  7.04e+04   8.07e+02     4.95e-04   375.275s
 373000 +3.16377334e+05 +3.86039835e+05  6.97e+04   8.05e+02     4.91e-04   375.985s
 374000 +3.16348249e+05 +3.85330471e+05  6.90e+04   8.03e+02     4.87e-04   376.690s
 375000 +3.16331096e+05 +3.84606175e+05  6.83e+04   8.01e+02     4.86e-04   377.400s
 376000 +3.16310778e+05 +3.83915729e+05  6.76e+04   7.98e+02     4.84e-04   378.109s
 377000 +3.16303580e+05 +3.83197017e+05  6.69e+04   7.95e+02     4.82e-04   378.815s
 378000 +3.16306047e+05 +3.82464644e+05  6.62e+04   7.92e+02     4.77e-04   379.529s
 379000 +3.16300572e+05 +3.81715313e+05  6.54e+04   7.88e+02     4.75e-04   380.239s
 380000 +3.16317911e+05 +3.81018518e+05  6.47e+04   7.85e+02     4.70e-04   380.943s
 381000 +3.16301104e+05 +3.80306849e+05  6.40e+04   7.81e+02     4.65e-04   381.649s
 382000 +3.16293537e+05 +3.79634503e+05  6.33e+04   7.77e+02     4.64e-04   382.361s
 383000 +3.16294205e+05 +3.78958444e+05  6.27e+04   7.72e+02     4.59e-04   383.072s
 384000 +3.16281743e+05 +3.78318401e+05  6.20e+04   7.69e+02     4.57e-04   383.775s
 385000 +3.16277061e+05 +3.77700917e+05  6.14e+04   7.66e+02     4.55e-04   384.487s
 386000 +3.16277375e+05 +3.77097140e+05  6.08e+04   7.62e+02     4.50e-04   385.203s
 387000 +3.16286452e+05 +3.76479256e+05  6.02e+04   7.58e+02     4.50e-04   385.911s
 388000 +3.16280487e+05 +3.75845595e+05  5.96e+04   7.54e+02     4.46e-04   386.614s
 389000 +3.16283656e+05 +3.75243518e+05  5.90e+04   7.50e+02     4.45e-04   387.322s
 390000 +3.16283317e+05 +3.74644037e+05  5.84e+04   7.46e+02     4.45e-04   388.037s
 391000 +3.16289296e+05 +3.74068717e+05  5.78e+04   7.42e+02     4.49e-04   388.744s
 392000 +3.16285688e+05 +3.73551448e+05  5.73e+04   7.38e+02     4.41e-04   389.451s
 393000 +3.16290475e+05 +3.73010375e+05  5.67e+04   7.35e+02     4.41e-04   390.162s
 394000 +3.16283139e+05 +3.72457824e+05  5.62e+04   7.31e+02     4.35e-04   390.873s
 395000 +3.16281311e+05 +3.71918520e+05  5.56e+04   7.28e+02     4.28e-04   391.582s
 396000 +3.16283944e+05 +3.71396407e+05  5.51e+04   7.24e+02     4.28e-04   392.290s
 397000 +3.16279305e+05 +3.70885391e+05  5.46e+04   7.21e+02     4.23e-04   392.999s
 398000 +3.16263586e+05 +3.70398536e+05  5.41e+04   7.19e+02     4.22e-04   393.705s
 399000 +3.16266988e+05 +3.69897277e+05  5.36e+04   7.15e+02     4.19e-04   394.416s
 400000 +3.16288392e+05 +3.69364161e+05  5.31e+04   7.12e+02     4.19e-04   395.128s
 401000 +3.16284862e+05 +3.68850269e+05  5.26e+04   7.09e+02     4.20e-04   395.839s
 402000 +3.16278629e+05 +3.68380097e+05  5.21e+04   7.06e+02     4.14e-04   396.552s
 403000 +3.16283108e+05 +3.67912324e+05  5.16e+04   7.03e+02     4.08e-04   397.255s
 404000 +3.16285614e+05 +3.67454751e+05  5.12e+04   7.00e+02     4.06e-04   397.958s
 405000 +3.16289676e+05 +3.66994064e+05  5.07e+04   6.97e+02     4.06e-04   398.661s
 406000 +3.16284307e+05 +3.66532837e+05  5.02e+04   6.95e+02     4.00e-04   399.372s
 407000 +3.16288524e+05 +3.66037434e+05  4.97e+04   6.92e+02     3.98e-04   400.086s
 408000 +3.16283879e+05 +3.65589251e+05  4.93e+04   6.90e+02     3.95e-04   400.799s
 409000 +3.16296488e+05 +3.65143445e+05  4.88e+04   6.87e+02     3.92e-04   401.509s
 410000 +3.16312653e+05 +3.64707647e+05  4.84e+04   6.84e+02     3.91e-04   402.219s
 411000 +3.16316556e+05 +3.64283206e+05  4.80e+04   6.81e+02     3.93e-04   402.931s
 412000 +3.16340207e+05 +3.63858313e+05  4.75e+04   6.78e+02     3.88e-04   403.635s
 413000 +3.16342421e+05 +3.63434479e+05  4.71e+04   6.75e+02     3.83e-04   404.339s
 414000 +3.16346727e+05 +3.63043150e+05  4.67e+04   6.72e+02     3.78e-04   405.044s
 415000 +3.16353118e+05 +3.62637772e+05  4.63e+04   6.68e+02     3.77e-04   405.755s
 416000 +3.16361529e+05 +3.62229876e+05  4.59e+04   6.66e+02     3.79e-04   406.466s
 417000 +3.16366963e+05 +3.61828402e+05  4.55e+04   6.63e+02     3.76e-04   407.178s
 418000 +3.16354119e+05 +3.61395576e+05  4.50e+04   6.61e+02     3.68e-04   407.891s
 419000 +3.16358648e+05 +3.61006123e+05  4.46e+04   6.58e+02     3.67e-04   408.600s
 420000 +3.16376117e+05 +3.60602537e+05  4.42e+04   6.55e+02     3.69e-04   409.304s
 421000 +3.16398748e+05 +3.60180626e+05  4.38e+04   6.52e+02     3.68e-04   410.010s
 422000 +3.16420837e+05 +3.59766974e+05  4.33e+04   6.49e+02     3.61e-04   410.720s
 423000 +3.16417437e+05 +3.59355503e+05  4.29e+04   6.47e+02     3.56e-04   411.431s
 424000 +3.16415074e+05 +3.58950259e+05  4.25e+04   6.45e+02     3.50e-04   412.144s
 425000 +3.16417251e+05 +3.58579453e+05  4.22e+04   6.43e+02     3.46e-04   412.856s
 426000 +3.16429155e+05 +3.58202279e+05  4.18e+04   6.41e+02     3.47e-04   413.565s
 427000 +3.16439618e+05 +3.57834698e+05  4.14e+04   6.38e+02     3.42e-04   414.277s
 428000 +3.16457085e+05 +3.57483171e+05  4.10e+04   6.35e+02     3.39e-04   414.983s
 429000 +3.16469053e+05 +3.57133821e+05  4.07e+04   6.33e+02     3.35e-04   415.694s
 430000 +3.16499422e+05 +3.56783653e+05  4.03e+04   6.30e+02     3.33e-04   416.406s
 431000 +3.16546517e+05 +3.56452597e+05  3.99e+04   6.26e+02     3.43e-04   417.120s
 432000 +3.16549263e+05 +3.56130321e+05  3.96e+04   6.23e+02     3.28e-04   417.834s
 433000 +3.16565991e+05 +3.55835896e+05  3.93e+04   6.19e+02     3.24e-04   418.545s
 434000 +3.16569029e+05 +3.55560677e+05  3.90e+04   6.16e+02     3.21e-04   419.258s
 435000 +3.16580463e+05 +3.55279129e+05  3.87e+04   6.13e+02     3.19e-04   419.970s
 436000 +3.16592130e+05 +3.54957128e+05  3.84e+04   6.10e+02     3.16e-04   420.675s
 437000 +3.16607054e+05 +3.54617189e+05  3.80e+04   6.08e+02     3.14e-04   421.382s
 438000 +3.16620153e+05 +3.54293987e+05  3.77e+04   6.06e+02     3.11e-04   422.092s
 439000 +3.16636104e+05 +3.53967199e+05  3.73e+04   6.04e+02     3.08e-04   422.803s
 440000 +3.16662516e+05 +3.53652203e+05  3.70e+04   6.02e+02     3.07e-04   423.507s
 441000 +3.16685692e+05 +3.53328195e+05  3.66e+04   5.99e+02     3.03e-04   424.210s
 442000 +3.16713167e+05 +3.53016645e+05  3.63e+04   5.97e+02     3.01e-04   424.916s
 443000 +3.16731176e+05 +3.52743376e+05  3.60e+04   5.94e+02     2.99e-04   425.622s
 444000 +3.16753595e+05 +3.52481420e+05  3.57e+04   5.92e+02     3.06e-04   426.326s
 445000 +3.16765532e+05 +3.52207187e+05  3.54e+04   5.89e+02     2.92e-04   427.031s
 446000 +3.16788956e+05 +3.51966153e+05  3.52e+04   5.86e+02     2.92e-04   427.743s
 447000 +3.16826325e+05 +3.51748147e+05  3.49e+04   5.83e+02     2.89e-04   428.452s
 448000 +3.16846087e+05 +3.51566752e+05  3.47e+04   5.80e+02     2.87e-04   429.162s
 449000 +3.16873842e+05 +3.51418419e+05  3.45e+04   5.77e+02     2.88e-04   429.872s
 450000 +3.16921867e+05 +3.51292598e+05  3.44e+04   5.74e+02     3.04e-04   430.585s
 451000 +3.16944503e+05 +3.51187135e+05  3.42e+04   5.71e+02     2.84e-04   431.294s
 452000 +3.16979138e+05 +3.51118474e+05  3.41e+04   5.67e+02     2.81e-04   431.998s
 453000 +3.17000563e+05 +3.51005190e+05  3.40e+04   5.64e+02     2.78e-04   432.704s
 454000 +3.17024644e+05 +3.50886299e+05  3.39e+04   5.61e+02     2.76e-04   433.410s
 455000 +3.17049458e+05 +3.50760413e+05  3.37e+04   5.58e+02     2.74e-04   434.118s
 456000 +3.17063680e+05 +3.50623212e+05  3.36e+04   5.56e+02     2.72e-04   434.829s
 457000 +3.17084496e+05 +3.50477635e+05  3.34e+04   5.54e+02     2.72e-04   435.538s
 458000 +3.17108438e+05 +3.50336677e+05  3.32e+04   5.51e+02     2.69e-04   436.253s
 459000 +3.17155757e+05 +3.50190018e+05  3.30e+04   5.48e+02     2.77e-04   436.963s
 460000 +3.17182082e+05 +3.50061936e+05  3.29e+04   5.45e+02     2.66e-04   437.666s
 461000 +3.17202581e+05 +3.49948506e+05  3.27e+04   5.43e+02     2.72e-04   438.370s
 462000 +3.17243503e+05 +3.49839830e+05  3.26e+04   5.40e+02     2.72e-04   439.073s
 463000 +3.17274260e+05 +3.49741218e+05  3.25e+04   5.37e+02     2.62e-04   439.786s
 464000 +3.17320346e+05 +3.49666934e+05  3.23e+04   5.34e+02     2.78e-04   440.497s
 465000 +3.17338841e+05 +3.49578620e+05  3.22e+04   5.32e+02     2.59e-04   441.211s
 466000 +3.17365566e+05 +3.49480524e+05  3.21e+04   5.31e+02     2.59e-04   441.927s
 467000 +3.17386329e+05 +3.49363047e+05  3.20e+04   5.29e+02     2.58e-04   442.635s
 468000 +3.17402657e+05 +3.49255478e+05  3.19e+04   5.27e+02     2.57e-04   443.338s
 469000 +3.17425891e+05 +3.49153790e+05  3.17e+04   5.25e+02     2.56e-04   444.048s
 470000 +3.17442132e+05 +3.49033827e+05  3.16e+04   5.24e+02     2.54e-04   444.761s
 471000 +3.17461832e+05 +3.48893701e+05  3.14e+04   5.22e+02     2.54e-04   445.475s
 472000 +3.17485792e+05 +3.48763256e+05  3.13e+04   5.21e+02     2.58e-04   446.187s
 473000 +3.17507105e+05 +3.48618743e+05  3.11e+04   5.19e+02     2.50e-04   446.898s
 474000 +3.17539141e+05 +3.48476169e+05  3.09e+04   5.18e+02     2.60e-04   447.606s
 475000 +3.17562569e+05 +3.48321918e+05  3.08e+04   5.17e+02     2.48e-04   448.313s
 476000 +3.17578415e+05 +3.48160015e+05  3.06e+04   5.16e+02     2.45e-04   449.018s
 477000 +3.17598733e+05 +3.48006605e+05  3.04e+04   5.15e+02     2.40e-04   449.727s
 478000 +3.17615106e+05 +3.47856706e+05  3.02e+04   5.13e+02     2.40e-04   450.439s
 479000 +3.17643909e+05 +3.47709029e+05  3.01e+04   5.12e+02     2.37e-04   451.152s
 480000 +3.17666565e+05 +3.47567261e+05  2.99e+04   5.10e+02     2.36e-04   451.864s
 481000 +3.17690010e+05 +3.47424747e+05  2.97e+04   5.09e+02     2.35e-04   452.574s
 482000 +3.17710412e+05 +3.47279136e+05  2.96e+04   5.07e+02     2.33e-04   453.284s
 483000 +3.17731437e+05 +3.47126804e+05  2.94e+04   5.06e+02     2.30e-04   453.993s
 484000 +3.17747622e+05 +3.46963112e+05  2.92e+04   5.05e+02     2.29e-04   454.696s
 485000 +3.17769142e+05 +3.46809006e+05  2.90e+04   5.04e+02     2.26e-04   455.401s
 486000 +3.17790638e+05 +3.46674070e+05  2.89e+04   5.02e+02     2.25e-04   456.111s
 487000 +3.17819181e+05 +3.46544396e+05  2.87e+04   5.01e+02     2.27e-04   456.821s
 488000 +3.17843559e+05 +3.46417604e+05  2.86e+04   5.00e+02     2.23e-04   457.525s
 489000 +3.17869566e+05 +3.46302273e+05  2.84e+04   4.98e+02     2.25e-04   458.236s
 490000 +3.17891346e+05 +3.46198989e+05  2.83e+04   4.97e+02     2.36e-04   458.950s
 491000 +3.17907028e+05 +3.46094796e+05  2.82e+04   4.96e+02     2.30e-04   459.664s
 492000 +3.17943113e+05 +3.45979958e+05  2.80e+04   4.94e+02     2.36e-04   460.369s
 493000 +3.17969114e+05 +3.45876393e+05  2.79e+04   4.93e+02     2.22e-04   461.073s
 494000 +3.17994267e+05 +3.45772436e+05  2.78e+04   4.91e+02     2.23e-04   461.784s
 495000 +3.18041907e+05 +3.45666801e+05  2.76e+04   4.89e+02     2.17e-04   462.494s
 496000 +3.18062057e+05 +3.45569865e+05  2.75e+04   4.88e+02     2.16e-04   463.204s
 497000 +3.18082119e+05 +3.45465844e+05  2.74e+04   4.87e+02     2.13e-04   463.909s
 498000 +3.18111890e+05 +3.45367638e+05  2.73e+04   4.86e+02     2.16e-04   464.612s
 499000 +3.18125130e+05 +3.45269048e+05  2.71e+04   4.84e+02     2.11e-04   465.318s
 500000 +3.18140620e+05 +3.45161100e+05  2.70e+04   4.84e+02     2.09e-04   466.022s
 501000 +3.18155791e+05 +3.45059638e+05  2.69e+04   4.82e+02     2.10e-04   466.732s
 502000 +3.18171054e+05 +3.44950866e+05  2.68e+04   4.81e+02     2.08e-04   467.440s
 503000 +3.18186643e+05 +3.44854772e+05  2.67e+04   4.80e+02     2.07e-04   468.155s
 504000 +3.18202624e+05 +3.44767875e+05  2.66e+04   4.79e+02     2.05e-04   468.875s
 505000 +3.18221526e+05 +3.44669572e+05  2.64e+04   4.78e+02     2.04e-04   469.594s
 506000 +3.18240405e+05 +3.44576643e+05  2.63e+04   4.77e+02     2.04e-04   470.316s
 507000 +3.18259893e+05 +3.44482249e+05  2.62e+04   4.76e+02     2.02e-04   471.032s
 508000 +3.18278591e+05 +3.44386273e+05  2.61e+04   4.75e+02     2.03e-04   471.738s
 509000 +3.18294105e+05 +3.44286228e+05  2.60e+04   4.74e+02     2.01e-04   472.441s
 510000 +3.18311808e+05 +3.44196473e+05  2.59e+04   4.73e+02     2.01e-04   473.144s
 511000 +3.18331228e+05 +3.44111743e+05  2.58e+04   4.72e+02     2.00e-04   473.849s
 512000 +3.18357579e+05 +3.44022115e+05  2.57e+04   4.70e+02     2.06e-04   474.556s
 513000 +3.18397114e+05 +3.43928207e+05  2.55e+04   4.69e+02     2.00e-04   475.265s
 514000 +3.18409272e+05 +3.43848978e+05  2.54e+04   4.68e+02     1.97e-04   475.979s
 515000 +3.18464366e+05 +3.43768224e+05  2.53e+04   4.66e+02     2.26e-04   476.688s
 516000 +3.18515675e+05 +3.43694310e+05  2.52e+04   4.65e+02     2.04e-04   477.392s
 517000 +3.19652487e+05 +3.43398181e+05  2.37e+04   4.41e+02     2.59e-04   478.100s
 518000 +3.19665980e+05 +3.43052627e+05  2.34e+04   4.41e+02     2.10e-04   478.813s
 519000 +3.19678725e+05 +3.42707062e+05  2.30e+04   4.41e+02     2.02e-04   479.524s
 520000 +3.19690943e+05 +3.42360001e+05  2.27e+04   4.40e+02     2.01e-04   480.236s
 521000 +3.19702303e+05 +3.42029662e+05  2.23e+04   4.39e+02     1.98e-04   480.946s
 522000 +3.19719333e+05 +3.41705982e+05  2.20e+04   4.39e+02     1.97e-04   481.655s
 523000 +3.19743895e+05 +3.41383605e+05  2.16e+04   4.38e+02     1.99e-04   482.364s
 524000 +3.19772978e+05 +3.41060304e+05  2.13e+04   4.38e+02     2.23e-04   483.066s
 525000 +3.19807276e+05 +3.40752257e+05  2.09e+04   4.37e+02     2.02e-04   483.777s
 526000 +3.19838234e+05 +3.40452018e+05  2.06e+04   4.36e+02     2.04e-04   484.485s
 527000 +3.19854463e+05 +3.40155397e+05  2.03e+04   4.36e+02     1.91e-04   485.192s
 528000 +3.19867327e+05 +3.39864150e+05  2.00e+04   4.35e+02     1.90e-04   485.904s
 529000 +3.19883181e+05 +3.39584207e+05  1.97e+04   4.35e+02     1.89e-04   486.610s
 530000 +3.19900383e+05 +3.39311013e+05  1.94e+04   4.34e+02     1.88e-04   487.312s
 531000 +3.19914656e+05 +3.39043300e+05  1.91e+04   4.33e+02     1.87e-04   488.020s
 532000 +3.19936668e+05 +3.38782497e+05  1.88e+04   4.32e+02     2.16e-04   488.722s
 533000 +3.19951979e+05 +3.38536538e+05  1.86e+04   4.31e+02     1.91e-04   489.424s
 534000 +3.19969154e+05 +3.38306918e+05  1.83e+04   4.30e+02     1.88e-04   490.131s
 535000 +3.19989324e+05 +3.38085955e+05  1.81e+04   4.29e+02     1.84e-04   490.840s
 536000 +3.20001820e+05 +3.37871757e+05  1.79e+04   4.29e+02     1.91e-04   491.554s
 537000 +3.20035219e+05 +3.37664927e+05  1.76e+04   4.28e+02     1.82e-04   492.263s
 538000 +3.20050666e+05 +3.37469266e+05  1.74e+04   4.27e+02     1.81e-04   492.974s
 539000 +3.20065111e+05 +3.37281094e+05  1.72e+04   4.26e+02     1.82e-04   493.682s
 540000 +3.20086052e+05 +3.37098393e+05  1.70e+04   4.25e+02     1.80e-04   494.383s
 541000 +3.20108411e+05 +3.36916688e+05  1.68e+04   4.24e+02     1.82e-04   495.090s
 542000 +3.20118032e+05 +3.36734517e+05  1.66e+04   4.23e+02     1.77e-04   495.800s
 543000 +3.20133130e+05 +3.36561411e+05  1.64e+04   4.23e+02     1.77e-04   496.509s
 544000 +3.20150938e+05 +3.36390123e+05  1.62e+04   4.22e+02     1.79e-04   497.216s
 545000 +3.20171307e+05 +3.36230262e+05  1.61e+04   4.21e+02     1.75e-04   497.926s
 546000 +3.20186995e+05 +3.36063699e+05  1.59e+04   4.20e+02     1.75e-04   498.631s
 547000 +3.20196398e+05 +3.35914206e+05  1.57e+04   4.19e+02     2.13e-04   499.338s
 548000 +3.20216440e+05 +3.35763983e+05  1.55e+04   4.18e+02     1.75e-04   500.042s
 549000 +3.20239700e+05 +3.35630908e+05  1.54e+04   4.17e+02     1.79e-04   500.752s
 550000 +3.20256833e+05 +3.35494318e+05  1.52e+04   4.16e+02     1.74e-04   501.467s
 551000 +3.20273634e+05 +3.35370336e+05  1.51e+04   4.15e+02     1.73e-04   502.176s
 552000 +3.20298087e+05 +3.35256220e+05  1.50e+04   4.14e+02     1.90e-04   502.885s
 553000 +3.20321526e+05 +3.35134638e+05  1.48e+04   4.13e+02     1.70e-04   503.592s
 554000 +3.20343307e+05 +3.35027107e+05  1.47e+04   4.12e+02     1.69e-04   504.301s
 555000 +3.20362927e+05 +3.34917330e+05  1.46e+04   4.11e+02     1.68e-04   505.008s
 556000 +3.20385037e+05 +3.34807571e+05  1.44e+04   4.10e+02     1.67e-04   505.714s
 557000 +3.20406309e+05 +3.34710003e+05  1.43e+04   4.09e+02     1.68e-04   506.418s
 558000 +3.20426163e+05 +3.34615417e+05  1.42e+04   4.08e+02     1.66e-04   507.124s
 559000 +3.20445289e+05 +3.34533072e+05  1.41e+04   4.07e+02     1.72e-04   507.832s
 560000 +3.20469882e+05 +3.34451963e+05  1.40e+04   4.06e+02     1.70e-04   508.537s
 561000 +3.20486965e+05 +3.34366222e+05  1.39e+04   4.05e+02     1.66e-04   509.243s
 562000 +3.20514139e+05 +3.34287046e+05  1.38e+04   4.04e+02     1.66e-04   509.952s
 563000 +3.20537970e+05 +3.34214986e+05  1.37e+04   4.03e+02     1.65e-04   510.658s
 564000 +3.20565794e+05 +3.34146185e+05  1.36e+04   4.02e+02     1.76e-04   511.361s
 565000 +3.20636597e+05 +3.34081073e+05  1.34e+04   4.00e+02     2.65e-04   512.063s
 566000 +3.20641433e+05 +3.34024335e+05  1.34e+04   3.99e+02     1.68e-04   512.770s
 567000 +3.20675496e+05 +3.33971905e+05  1.33e+04   3.98e+02     1.85e-04   513.478s
 568000 +3.20698703e+05 +3.33929055e+05  1.32e+04   3.97e+02     1.65e-04   514.188s
 569000 +3.20711448e+05 +3.33889484e+05  1.32e+04   3.96e+02     1.69e-04   514.901s
 570000 +3.20737933e+05 +3.33851273e+05  1.31e+04   3.95e+02     1.64e-04   515.611s
 571000 +3.20752401e+05 +3.33820131e+05  1.31e+04   3.94e+02     1.60e-04   516.321s
 572000 +3.20782552e+05 +3.33788552e+05  1.30e+04   3.93e+02     1.57e-04   517.021s
 573000 +3.20802185e+05 +3.33760263e+05  1.30e+04   3.92e+02     1.56e-04   517.725s
 574000 +3.20818811e+05 +3.33742184e+05  1.29e+04   3.91e+02     1.56e-04   518.435s
 575000 +3.20833993e+05 +3.33722792e+05  1.29e+04   3.90e+02     1.55e-04   519.147s
 576000 +3.20850045e+05 +3.33705547e+05  1.29e+04   3.90e+02     1.53e-04   519.858s
 577000 +3.20867241e+05 +3.33687032e+05  1.28e+04   3.89e+02     1.53e-04   520.568s
 578000 +3.20882825e+05 +3.33664134e+05  1.28e+04   3.88e+02     1.51e-04   521.277s
 579000 +3.20897859e+05 +3.33644958e+05  1.27e+04   3.87e+02     1.50e-04   521.989s
 580000 +3.20916597e+05 +3.33628692e+05  1.27e+04   3.87e+02     1.63e-04   522.692s
 581000 +3.20929017e+05 +3.33607903e+05  1.27e+04   3.86e+02     1.51e-04   523.396s
 582000 +3.20947092e+05 +3.33589762e+05  1.26e+04   3.85e+02     1.50e-04   524.105s
 583000 +3.20964896e+05 +3.33584369e+05  1.26e+04   3.85e+02     1.49e-04   524.813s
 584000 +3.20980330e+05 +3.33583170e+05  1.26e+04   3.84e+02     1.49e-04   525.524s
 585000 +3.20998210e+05 +3.33584345e+05  1.26e+04   3.83e+02     1.49e-04   526.235s
 586000 +3.21016493e+05 +3.33582998e+05  1.26e+04   3.83e+02     1.70e-04   526.947s
 587000 +3.21031664e+05 +3.33583685e+05  1.26e+04   3.82e+02     1.47e-04   527.658s
 588000 +3.21044843e+05 +3.33580461e+05  1.25e+04   3.81e+02     1.46e-04   528.362s
 589000 +3.21061515e+05 +3.33568200e+05  1.25e+04   3.81e+02     1.44e-04   529.068s
 590000 +3.21079779e+05 +3.33554083e+05  1.25e+04   3.80e+02     1.49e-04   529.779s
 591000 +3.21091956e+05 +3.33542907e+05  1.25e+04   3.79e+02     1.44e-04   530.489s
 592000 +3.21107194e+05 +3.33520312e+05  1.24e+04   3.79e+02     1.44e-04   531.199s
 593000 +3.21123733e+05 +3.33500889e+05  1.24e+04   3.78e+02     1.43e-04   531.913s
 594000 +3.21135343e+05 +3.33480356e+05  1.23e+04   3.77e+02     1.42e-04   532.624s
 595000 +3.21152700e+05 +3.33465774e+05  1.23e+04   3.77e+02     1.41e-04   533.336s
 596000 +3.21168427e+05 +3.33443725e+05  1.23e+04   3.76e+02     1.42e-04   534.039s
 597000 +3.21191172e+05 +3.33428919e+05  1.22e+04   3.75e+02     1.42e-04   534.747s
 598000 +3.21201201e+05 +3.33421739e+05  1.22e+04   3.75e+02     1.41e-04   535.458s
 599000 +3.21218601e+05 +3.33411548e+05  1.22e+04   3.74e+02     1.41e-04   536.171s
 600000 +3.21237796e+05 +3.33404059e+05  1.22e+04   3.74e+02     1.39e-04   536.880s
 601000 +3.21252785e+05 +3.33388804e+05  1.21e+04   3.73e+02     1.39e-04   537.589s
 602000 +3.21272100e+05 +3.33372371e+05  1.21e+04   3.72e+02     1.54e-04   538.302s
 603000 +3.21290168e+05 +3.33352808e+05  1.21e+04   3.71e+02     1.46e-04   539.007s
 604000 +3.21306785e+05 +3.33338995e+05  1.20e+04   3.71e+02     1.45e-04   539.711s
 605000 +3.21327359e+05 +3.33324992e+05  1.20e+04   3.70e+02     1.40e-04   540.415s
 606000 +3.21350130e+05 +3.33311671e+05  1.20e+04   3.69e+02     1.49e-04   541.120s
 607000 +3.21362705e+05 +3.33297904e+05  1.19e+04   3.69e+02     1.40e-04   541.833s
 608000 +3.21377465e+05 +3.33282300e+05  1.19e+04   3.68e+02     1.39e-04   542.545s
 609000 +3.21396205e+05 +3.33265305e+05  1.19e+04   3.67e+02     1.36e-04   543.253s
 610000 +3.21407886e+05 +3.33252361e+05  1.18e+04   3.67e+02     1.36e-04   543.964s
 611000 +3.21422993e+05 +3.33238163e+05  1.18e+04   3.66e+02     1.34e-04   544.674s
 612000 +3.21434521e+05 +3.33224705e+05  1.18e+04   3.65e+02     1.33e-04   545.378s
 613000 +3.21450312e+05 +3.33208665e+05  1.18e+04   3.65e+02     1.33e-04   546.083s
 614000 +3.21464020e+05 +3.33191510e+05  1.17e+04   3.64e+02     1.32e-04   546.794s
 615000 +3.21478600e+05 +3.33172593e+05  1.17e+04   3.64e+02     1.33e-04   547.498s
 616000 +3.21494081e+05 +3.33151914e+05  1.17e+04   3.63e+02     1.32e-04   548.209s
 617000 +3.21506132e+05 +3.33133411e+05  1.16e+04   3.62e+02     1.31e-04   548.922s
 618000 +3.21519004e+05 +3.33117349e+05  1.16e+04   3.62e+02     1.31e-04   549.632s
 619000 +3.21531319e+05 +3.33103510e+05  1.16e+04   3.61e+02     1.31e-04   550.345s
 620000 +3.21542463e+05 +3.33090929e+05  1.15e+04   3.61e+02     1.31e-04   551.048s
 621000 +3.21555240e+05 +3.33081237e+05  1.15e+04   3.60e+02     1.33e-04   551.758s
 622000 +3.21572577e+05 +3.33076365e+05  1.15e+04   3.59e+02     1.35e-04   552.467s
 623000 +3.21584149e+05 +3.33072878e+05  1.15e+04   3.59e+02     1.30e-04   553.174s
 624000 +3.21595518e+05 +3.33066409e+05  1.15e+04   3.58e+02     1.31e-04   553.876s
 625000 +3.21610762e+05 +3.33060202e+05  1.14e+04   3.58e+02     1.30e-04   554.583s
 626000 +3.21624249e+05 +3.33055344e+05  1.14e+04   3.57e+02     1.32e-04   555.299s
 627000 +3.21644385e+05 +3.33047949e+05  1.14e+04   3.57e+02     1.68e-04   556.008s
 628000 +3.21653229e+05 +3.33042208e+05  1.14e+04   3.56e+02     1.30e-04   556.713s
 629000 +3.21679655e+05 +3.33038535e+05  1.14e+04   3.55e+02     1.31e-04   557.418s
 630000 +3.21707910e+05 +3.33027745e+05  1.13e+04   3.55e+02     1.30e-04   558.127s
 631000 +3.21718938e+05 +3.33012225e+05  1.13e+04   3.54e+02     1.29e-04   558.830s
 632000 +3.21731278e+05 +3.32993454e+05  1.13e+04   3.54e+02     1.28e-04   559.539s
 633000 +3.21741890e+05 +3.32975371e+05  1.12e+04   3.53e+02     1.29e-04   560.248s
 634000 +3.21754800e+05 +3.32958597e+05  1.12e+04   3.53e+02     1.25e-04   560.959s
 635000 +3.21770412e+05 +3.32939492e+05  1.12e+04   3.52e+02     1.27e-04   561.671s
 636000 +3.21787240e+05 +3.32920271e+05  1.11e+04   3.52e+02     1.28e-04   562.376s
 637000 +3.21797310e+05 +3.32900637e+05  1.11e+04   3.51e+02     1.26e-04   563.088s
 638000 +3.21814547e+05 +3.32880675e+05  1.11e+04   3.50e+02     1.26e-04   563.798s
 639000 +3.21834233e+05 +3.32859654e+05  1.10e+04   3.50e+02     1.27e-04   564.508s
 640000 +3.21857297e+05 +3.32843335e+05  1.10e+04   3.49e+02     1.28e-04   565.219s
 641000 +3.21875051e+05 +3.32822216e+05  1.09e+04   3.48e+02     1.26e-04   565.930s
 642000 +3.21894266e+05 +3.32801670e+05  1.09e+04   3.48e+02     1.26e-04   566.642s
 643000 +3.21914600e+05 +3.32781963e+05  1.09e+04   3.47e+02     1.31e-04   567.352s
 644000 +3.21928926e+05 +3.32763336e+05  1.08e+04   3.46e+02     1.27e-04   568.056s
 645000 +3.21945892e+05 +3.32746124e+05  1.08e+04   3.46e+02     1.27e-04   568.760s
 646000 +3.21964296e+05 +3.32731115e+05  1.08e+04   3.45e+02     1.29e-04   569.470s
 647000 +3.22003113e+05 +3.32713342e+05  1.07e+04   3.44e+02     1.33e-04   570.179s
 648000 +3.22019226e+05 +3.32697984e+05  1.07e+04   3.43e+02     1.28e-04   570.893s
 649000 +3.22055783e+05 +3.32682793e+05  1.06e+04   3.42e+02     1.33e-04   571.602s
 650000 +3.22083476e+05 +3.32667996e+05  1.06e+04   3.41e+02     1.36e-04   572.312s
 651000 +3.22110600e+05 +3.32654518e+05  1.05e+04   3.41e+02     1.44e-04   573.023s
 652000 +3.22130950e+05 +3.32639922e+05  1.05e+04   3.40e+02     1.30e-04   573.726s
 653000 +3.22147676e+05 +3.32627269e+05  1.05e+04   3.39e+02     1.24e-04   574.433s
 654000 +3.22164513e+05 +3.32613414e+05  1.04e+04   3.39e+02     1.28e-04   575.143s
 655000 +3.22184363e+05 +3.32602315e+05  1.04e+04   3.38e+02     1.27e-04   575.855s
 656000 +3.22201594e+05 +3.32592609e+05  1.04e+04   3.38e+02     1.39e-04   576.565s
 657000 +3.22213210e+05 +3.32584038e+05  1.04e+04   3.37e+02     1.35e-04   577.269s
 658000 +3.22226227e+05 +3.32573269e+05  1.03e+04   3.37e+02     1.33e-04   577.981s
 659000 +3.22241676e+05 +3.32564743e+05  1.03e+04   3.36e+02     1.57e-04   578.692s
 660000 +3.22260860e+05 +3.32557930e+05  1.03e+04   3.36e+02     1.30e-04   579.396s
 661000 +3.22279730e+05 +3.32553330e+05  1.03e+04   3.35e+02     1.24e-04   580.100s
 662000 +3.22295161e+05 +3.32551919e+05  1.03e+04   3.35e+02     1.21e-04   580.813s
 663000 +3.22321314e+05 +3.32549144e+05  1.02e+04   3.34e+02     1.24e-04   581.525s
 664000 +3.22328275e+05 +3.32549100e+05  1.02e+04   3.33e+02     1.24e-04   582.234s
 665000 +3.22346020e+05 +3.32547795e+05  1.02e+04   3.33e+02     1.21e-04   582.947s
 666000 +3.22358375e+05 +3.32548169e+05  1.02e+04   3.32e+02     1.22e-04   583.659s
 667000 +3.22369451e+05 +3.32545041e+05  1.02e+04   3.32e+02     1.22e-04   584.368s
 668000 +3.22381209e+05 +3.32543390e+05  1.02e+04   3.31e+02     1.22e-04   585.074s
 669000 +3.22393917e+05 +3.32541174e+05  1.01e+04   3.31e+02     1.19e-04   585.783s
 670000 +3.22404872e+05 +3.32538838e+05  1.01e+04   3.31e+02     1.16e-04   586.495s
 671000 +3.22414688e+05 +3.32533485e+05  1.01e+04   3.30e+02     1.17e-04   587.206s
 672000 +3.22428064e+05 +3.32529148e+05  1.01e+04   3.30e+02     1.17e-04   587.919s
 673000 +3.22439824e+05 +3.32527142e+05  1.01e+04   3.29e+02     1.16e-04   588.628s
 674000 +3.22451156e+05 +3.32525300e+05  1.01e+04   3.29e+02     1.14e-04   589.339s
 675000 +3.22469785e+05 +3.32519995e+05  1.01e+04   3.28e+02     1.17e-04   590.049s
 676000 +3.22480554e+05 +3.32518684e+05  1.00e+04   3.28e+02     1.17e-04   590.754s
 677000 +3.22493008e+05 +3.32518819e+05  1.00e+04   3.27e+02     1.18e-04   591.461s
 678000 +3.22506990e+05 +3.32517938e+05  1.00e+04   3.27e+02     1.16e-04   592.177s
 679000 +3.22519464e+05 +3.32522087e+05  1.00e+04   3.26e+02     1.16e-04   592.900s
 680000 +3.22534761e+05 +3.32525022e+05  9.99e+03   3.26e+02     1.16e-04   593.616s
 681000 +3.22544470e+05 +3.32527914e+05  9.98e+03   3.25e+02     1.19e-04   594.336s
 682000 +3.22553150e+05 +3.32532996e+05  9.98e+03   3.25e+02     1.15e-04   595.055s
 683000 +3.22565346e+05 +3.32532864e+05  9.97e+03   3.24e+02     1.15e-04   595.766s
 684000 +3.22576245e+05 +3.32532097e+05  9.96e+03   3.24e+02     1.13e-04   596.472s
 685000 +3.22588049e+05 +3.32530337e+05  9.94e+03   3.24e+02     1.14e-04   597.184s
 686000 +3.22600518e+05 +3.32529393e+05  9.93e+03   3.23e+02     1.13e-04   597.897s
 687000 +3.22608340e+05 +3.32527399e+05  9.92e+03   3.23e+02     1.15e-04   598.615s
 688000 +3.22616997e+05 +3.32527082e+05  9.91e+03   3.22e+02     1.20e-04   599.332s
 689000 +3.22629267e+05 +3.32528900e+05  9.90e+03   3.22e+02     1.18e-04   600.046s
 690000 +3.22640350e+05 +3.32530523e+05  9.89e+03   3.22e+02     1.15e-04   600.759s
 691000 +3.22650031e+05 +3.32531029e+05  9.88e+03   3.21e+02     1.12e-04   601.472s
 692000 +3.22661366e+05 +3.32532453e+05  9.87e+03   3.21e+02     1.11e-04   602.176s
 693000 +3.22669524e+05 +3.32536498e+05  9.87e+03   3.21e+02     1.11e-04   602.879s
 694000 +3.22680985e+05 +3.32542305e+05  9.86e+03   3.20e+02     1.12e-04   603.584s
 695000 +3.22689218e+05 +3.32548366e+05  9.86e+03   3.20e+02     1.12e-04   604.286s
 696000 +3.22697555e+05 +3.32553661e+05  9.86e+03   3.20e+02     1.10e-04   604.994s
 697000 +3.22708176e+05 +3.32556843e+05  9.85e+03   3.19e+02     1.11e-04   605.704s
 698000 +3.22718938e+05 +3.32558727e+05  9.84e+03   3.19e+02     1.11e-04   606.413s
 699000 +3.22730717e+05 +3.32560627e+05  9.83e+03   3.19e+02     1.11e-04   607.113s
 700000 +3.22741559e+05 +3.32562593e+05  9.82e+03   3.18e+02     1.08e-04   607.815s
 701000 +3.22759201e+05 +3.32568621e+05  9.81e+03   3.18e+02     1.14e-04   608.518s
 702000 +3.22781053e+05 +3.32572168e+05  9.79e+03   3.17e+02     1.11e-04   609.222s
 703000 +3.22794407e+05 +3.32572018e+05  9.78e+03   3.17e+02     1.10e-04   609.925s
 704000 +3.22803475e+05 +3.32570482e+05  9.77e+03   3.16e+02     1.07e-04   610.638s
 705000 +3.22815014e+05 +3.32570634e+05  9.76e+03   3.16e+02     1.08e-04   611.348s
 706000 +3.22826317e+05 +3.32570846e+05  9.74e+03   3.15e+02     1.07e-04   612.056s
 707000 +3.22836841e+05 +3.32571768e+05  9.73e+03   3.15e+02     1.09e-04   612.764s
 708000 +3.22846575e+05 +3.32570917e+05  9.72e+03   3.15e+02     1.07e-04   613.473s
 709000 +3.22858416e+05 +3.32569814e+05  9.71e+03   3.14e+02     1.05e-04   614.185s
 710000 +3.22867605e+05 +3.32566884e+05  9.70e+03   3.14e+02     1.06e-04   614.900s
 711000 +3.22880768e+05 +3.32562698e+05  9.68e+03   3.14e+02     1.07e-04   615.611s
 712000 +3.22887834e+05 +3.32558675e+05  9.67e+03   3.13e+02     1.07e-04   616.325s
 713000 +3.22898000e+05 +3.32551589e+05  9.65e+03   3.13e+02     1.06e-04   617.037s
 714000 +3.22911426e+05 +3.32545089e+05  9.63e+03   3.13e+02     1.04e-04   617.752s
 715000 +3.22921552e+05 +3.32541501e+05  9.62e+03   3.12e+02     1.07e-04   618.459s
 716000 +3.22933486e+05 +3.32536438e+05  9.60e+03   3.12e+02     1.06e-04   619.160s
 717000 +3.22944742e+05 +3.32533081e+05  9.59e+03   3.11e+02     1.14e-04   619.863s
 718000 +3.22957065e+05 +3.32529424e+05  9.57e+03   3.11e+02     1.16e-04   620.569s
 719000 +3.22966872e+05 +3.32525260e+05  9.56e+03   3.11e+02     1.06e-04   621.280s
 720000 +3.22978172e+05 +3.32521700e+05  9.54e+03   3.10e+02     1.04e-04   621.987s
 721000 +3.22989205e+05 +3.32516777e+05  9.53e+03   3.10e+02     1.05e-04   622.697s
 722000 +3.22999554e+05 +3.32512731e+05  9.51e+03   3.10e+02     1.03e-04   623.406s
 723000 +3.23007750e+05 +3.32508434e+05  9.50e+03   3.09e+02     1.03e-04   624.114s
 724000 +3.23016066e+05 +3.32501891e+05  9.49e+03   3.09e+02     1.03e-04   624.823s
 725000 +3.23026716e+05 +3.32488019e+05  9.46e+03   3.09e+02     1.02e-04   625.531s
 726000 +3.23036963e+05 +3.32475837e+05  9.44e+03   3.08e+02     1.02e-04   626.239s
 727000 +3.23048151e+05 +3.32462521e+05  9.41e+03   3.08e+02     1.06e-04   626.949s
 728000 +3.23057839e+05 +3.32450729e+05  9.39e+03   3.08e+02     1.09e-04   627.657s
 729000 +3.23075715e+05 +3.32436889e+05  9.36e+03   3.07e+02     1.04e-04   628.370s
 730000 +3.23086120e+05 +3.32424492e+05  9.34e+03   3.07e+02     1.04e-04   629.083s
 731000 +3.23093472e+05 +3.32416120e+05  9.32e+03   3.07e+02     1.01e-04   629.798s
 732000 +3.23120124e+05 +3.32407287e+05  9.29e+03   3.06e+02     2.25e-04   630.502s
 733000 +3.23139779e+05 +3.32395903e+05  9.26e+03   3.05e+02     1.15e-04   631.207s
 734000 +3.23160858e+05 +3.32388377e+05  9.23e+03   3.05e+02     1.07e-04   631.917s
 735000 +3.23172800e+05 +3.32381543e+05  9.21e+03   3.04e+02     1.05e-04   632.624s
 736000 +3.23188506e+05 +3.32377242e+05  9.19e+03   3.04e+02     1.35e-04   633.332s
 737000 +3.23193620e+05 +3.32369452e+05  9.18e+03   3.04e+02     1.09e-04   634.039s
 738000 +3.23206203e+05 +3.32358643e+05  9.15e+03   3.03e+02     9.92e-05   634.749s
 739000 +3.23222810e+05 +3.32349947e+05  9.13e+03   3.03e+02     1.27e-04   635.458s
 740000 +3.23237818e+05 +3.32337252e+05  9.10e+03   3.02e+02     1.04e-04   636.163s
 741000 +3.23247439e+05 +3.32325217e+05  9.08e+03   3.02e+02     1.07e-04   636.865s
 742000 +3.23256590e+05 +3.32312565e+05  9.06e+03   3.02e+02     1.08e-04   637.568s
 743000 +3.23273379e+05 +3.32299122e+05  9.03e+03   3.01e+02     1.67e-04   638.279s
 744000 +3.24041474e+05 +3.32231795e+05  8.19e+03   2.90e+02     1.02e-03   638.983s
 745000 +3.24128009e+05 +3.32095270e+05  7.97e+03   2.89e+02     4.73e-04   639.691s
 746000 +3.24199162e+05 +3.31969524e+05  7.77e+03   2.87e+02     4.34e-04   640.403s
 747000 +3.24256115e+05 +3.31866200e+05  7.61e+03   2.85e+02     4.36e-04   641.113s
 748000 +3.24304296e+05 +3.31773422e+05  7.47e+03   2.84e+02     4.14e-04   641.817s
 749000 +3.24349555e+05 +3.31681960e+05  7.33e+03   2.83e+02     4.06e-04   642.521s
 750000 +3.24412139e+05 +3.31595898e+05  7.18e+03   2.81e+02     5.17e-04   643.231s
 751000 +3.24438337e+05 +3.31510253e+05  7.07e+03   2.80e+02     4.05e-04   643.936s
 752000 +3.24464549e+05 +3.31432705e+05  6.97e+03   2.79e+02     3.94e-04   644.640s
 753000 +3.24496165e+05 +3.31356292e+05  6.86e+03   2.78e+02     3.97e-04   645.345s
 754000 +3.24533947e+05 +3.31286113e+05  6.75e+03   2.77e+02     4.78e-04   646.051s
 755000 +3.24592635e+05 +3.31213781e+05  6.62e+03   2.76e+02     4.92e-04   646.758s
 756000 +3.24633767e+05 +3.31151207e+05  6.52e+03   2.75e+02     4.08e-04   647.460s
 757000 +3.24662547e+05 +3.31086874e+05  6.42e+03   2.74e+02     3.83e-04   648.168s
 758000 +3.24706463e+05 +3.31027967e+05  6.32e+03   2.73e+02     4.96e-04   648.874s
 759000 +3.24744266e+05 +3.30981668e+05  6.24e+03   2.71e+02     4.35e-04   649.585s
 760000 +3.24782094e+05 +3.30944405e+05  6.16e+03   2.71e+02     3.98e-04   650.300s
 761000 +3.24813334e+05 +3.30916622e+05  6.10e+03   2.70e+02     3.79e-04   651.014s
 762000 +3.24848694e+05 +3.30898814e+05  6.05e+03   2.69e+02     3.81e-04   651.725s
 763000 +3.24878320e+05 +3.30884918e+05  6.01e+03   2.68e+02     4.02e-04   652.430s
 764000 +3.24910314e+05 +3.30875068e+05  5.96e+03   2.67e+02     4.65e-04   653.134s
 765000 +3.24938695e+05 +3.30869582e+05  5.93e+03   2.66e+02     3.76e-04   653.837s
 766000 +3.24972834e+05 +3.30860078e+05  5.89e+03   2.65e+02     4.06e-04   654.543s
 767000 +3.24997016e+05 +3.30852689e+05  5.86e+03   2.65e+02     3.73e-04   655.252s
 768000 +3.25021295e+05 +3.30843798e+05  5.82e+03   2.64e+02     3.71e-04   655.959s
 769000 +3.25046771e+05 +3.30833211e+05  5.79e+03   2.63e+02     3.64e-04   656.669s
 770000 +3.25070481e+05 +3.30825431e+05  5.75e+03   2.63e+02     3.63e-04   657.385s
 771000 +3.25099510e+05 +3.30819361e+05  5.72e+03   2.62e+02     3.70e-04   658.102s
 772000 +3.25123782e+05 +3.30820941e+05  5.70e+03   2.61e+02     3.69e-04   658.806s
 773000 +3.25150768e+05 +3.30815740e+05  5.66e+03   2.61e+02     3.68e-04   659.511s
 774000 +3.25178544e+05 +3.30813711e+05  5.64e+03   2.60e+02     3.81e-04   660.217s
 775000 +3.25220564e+05 +3.30811453e+05  5.59e+03   2.59e+02     4.26e-04   660.926s
 776000 +3.25248163e+05 +3.30810903e+05  5.56e+03   2.58e+02     4.01e-04   661.633s
 777000 +3.25291504e+05 +3.30812778e+05  5.52e+03   2.57e+02     4.83e-04   662.340s
 778000 +3.25315687e+05 +3.30814373e+05  5.50e+03   2.56e+02     3.75e-04   663.052s
 779000 +3.25342745e+05 +3.30822523e+05  5.48e+03   2.56e+02     3.61e-04   663.760s
 780000 +3.25365186e+05 +3.30831771e+05  5.47e+03   2.55e+02     3.57e-04   664.463s
 781000 +3.25387077e+05 +3.30843625e+05  5.46e+03   2.54e+02     3.50e-04   665.167s
 782000 +3.25413046e+05 +3.30859131e+05  5.45e+03   2.54e+02     3.52e-04   665.875s
 783000 +3.25437696e+05 +3.30870828e+05  5.43e+03   2.53e+02     3.52e-04   666.583s
 784000 +3.25459355e+05 +3.30888746e+05  5.43e+03   2.53e+02     3.54e-04   667.285s
 785000 +3.25482240e+05 +3.30904010e+05  5.42e+03   2.52e+02     3.54e-04   667.996s
 786000 +3.25504534e+05 +3.30921859e+05  5.42e+03   2.51e+02     3.55e-04   668.705s
 787000 +3.25523081e+05 +3.30942987e+05  5.42e+03   2.51e+02     3.48e-04   669.410s
 788000 +3.25545564e+05 +3.30966265e+05  5.42e+03   2.50e+02     3.51e-04   670.113s
 789000 +3.25568013e+05 +3.30988088e+05  5.42e+03   2.50e+02     3.45e-04   670.818s
 790000 +3.25589617e+05 +3.31011839e+05  5.42e+03   2.49e+02     3.44e-04   671.522s
 791000 +3.25611915e+05 +3.31048798e+05  5.44e+03   2.48e+02     3.51e-04   672.227s
 792000 +3.25631817e+05 +3.31085350e+05  5.45e+03   2.48e+02     3.57e-04   672.935s
 793000 +3.25653613e+05 +3.31119836e+05  5.47e+03   2.47e+02     3.53e-04   673.640s
 794000 +3.25685789e+05 +3.31146289e+05  5.46e+03   2.47e+02     3.93e-04   674.348s
 795000 +3.25709813e+05 +3.31174776e+05  5.46e+03   2.46e+02     3.67e-04   675.058s
 796000 +3.25735699e+05 +3.31209933e+05  5.47e+03   2.45e+02     3.59e-04   675.762s
 797000 +3.25761178e+05 +3.31247943e+05  5.49e+03   2.45e+02     3.58e-04   676.470s
 798000 +3.25778247e+05 +3.31283677e+05  5.51e+03   2.44e+02     3.56e-04   677.182s
 799000 +3.25806555e+05 +3.31318385e+05  5.51e+03   2.44e+02     3.79e-04   677.894s
 800000 +3.25838350e+05 +3.31351489e+05  5.51e+03   2.43e+02     4.55e-04   678.600s
 801000 +3.25860942e+05 +3.31382071e+05  5.52e+03   2.42e+02     3.76e-04   679.304s
 802000 +3.25886286e+05 +3.31418567e+05  5.53e+03   2.42e+02     3.42e-04   680.008s
 803000 +3.25919153e+05 +3.31457567e+05  5.54e+03   2.41e+02     3.96e-04   680.713s
 804000 +3.25961207e+05 +3.31498014e+05  5.54e+03   2.40e+02     3.35e-04   681.416s
 805000 +3.25989778e+05 +3.31547241e+05  5.56e+03   2.39e+02     3.51e-04   682.119s
 806000 +3.26013560e+05 +3.31604484e+05  5.59e+03   2.38e+02     3.38e-04   682.826s
 807000 +3.26036369e+05 +3.31662665e+05  5.63e+03   2.38e+02     3.33e-04   683.539s
 808000 +3.26059906e+05 +3.31714295e+05  5.65e+03   2.37e+02     3.46e-04   684.250s
 809000 +3.26080739e+05 +3.31761748e+05  5.68e+03   2.37e+02     3.39e-04   684.964s
 810000 +3.26106037e+05 +3.31810515e+05  5.70e+03   2.36e+02     3.45e-04   685.676s
 811000 +3.26127143e+05 +3.31867334e+05  5.74e+03   2.35e+02     3.34e-04   686.387s
 812000 +3.26146902e+05 +3.31920621e+05  5.77e+03   2.35e+02     3.34e-04   687.094s
 813000 +3.26177090e+05 +3.31972901e+05  5.80e+03   2.34e+02     4.39e-04   687.798s
 814000 +3.26198960e+05 +3.32031940e+05  5.83e+03   2.34e+02     4.02e-04   688.502s
 815000 +3.26218801e+05 +3.32084135e+05  5.87e+03   2.33e+02     3.83e-04   689.207s
 816000 +3.26247141e+05 +3.32132346e+05  5.89e+03   2.33e+02     3.96e-04   689.907s
 817000 +3.26264348e+05 +3.32183470e+05  5.92e+03   2.32e+02     3.62e-04   690.608s
 818000 +3.26286137e+05 +3.32231054e+05  5.94e+03   2.32e+02     3.86e-04   691.308s
 819000 +3.26310005e+05 +3.32284763e+05  5.97e+03   2.31e+02     3.86e-04   692.008s
 820000 +3.26329291e+05 +3.32338605e+05  6.01e+03   2.31e+02     3.72e-04   692.708s
 821000 +3.26387247e+05 +3.32381664e+05  5.99e+03   2.29e+02     6.10e-04   693.407s
 822000 +3.27475110e+05 +3.32716777e+05  5.24e+03   2.11e+02     1.80e-02   694.107s
 823000 +3.27879491e+05 +3.33169047e+05  5.29e+03   2.03e+02     1.56e-02   694.807s
 824000 +3.28238535e+05 +3.33477931e+05  5.24e+03   1.96e+02     1.40e-02   695.507s
 825000 +3.28545358e+05 +3.33693749e+05  5.15e+03   1.89e+02     1.16e-02   696.208s
 826000 +3.28880256e+05 +3.33865124e+05  4.98e+03   1.83e+02     2.04e-02   696.907s
 827000 +3.29179538e+05 +3.33970333e+05  4.79e+03   1.77e+02     1.39e-02   697.607s
 828000 +3.29450292e+05 +3.34045451e+05  4.60e+03   1.72e+02     1.12e-02   698.306s
 829000 +3.29706181e+05 +3.34333200e+05  4.63e+03   1.67e+02     1.05e-02   699.005s
 830000 +3.29918366e+05 +3.34585494e+05  4.67e+03   1.63e+02     9.91e-03   699.706s
 831000 +3.30162981e+05 +3.34766907e+05  4.60e+03   1.59e+02     1.17e-02   700.407s
 832000 +3.30369567e+05 +3.35023834e+05  4.65e+03   1.55e+02     1.11e-02   701.107s
 833000 +3.30553593e+05 +3.35226402e+05  4.67e+03   1.52e+02     9.58e-03   701.807s
 834000 +3.30739058e+05 +3.35443784e+05  4.70e+03   1.49e+02     1.15e-02   702.507s
 835000 +3.30911677e+05 +3.35453515e+05  4.54e+03   1.47e+02     1.18e-02   703.207s
 836000 +3.31079693e+05 +3.35433109e+05  4.35e+03   1.44e+02     1.09e-02   703.907s
 837000 +3.31243146e+05 +3.35333789e+05  4.09e+03   1.41e+02     8.65e-03   704.606s
 838000 +3.31420474e+05 +3.35377962e+05  3.96e+03   1.39e+02     1.04e-02   705.305s
 839000 +3.31602865e+05 +3.35312311e+05  3.71e+03   1.36e+02     1.11e-02   706.005s
 840000 +3.31735662e+05 +3.35148543e+05  3.41e+03   1.34e+02     1.03e-02   706.705s
 841000 +3.31888575e+05 +3.35077948e+05  3.19e+03   1.32e+02     9.75e-03   707.414s
 842000 +3.32003892e+05 +3.35024388e+05  3.02e+03   1.30e+02     8.28e-03   708.126s
 843000 +3.32148980e+05 +3.34959441e+05  2.81e+03   1.28e+02     9.69e-03   708.831s
 844000 +3.32274248e+05 +3.35027559e+05  2.75e+03   1.26e+02     1.02e-02   709.533s
 845000 +3.32404632e+05 +3.35174613e+05  2.77e+03   1.24e+02     9.34e-03   710.237s
 846000 +3.32531200e+05 +3.35209208e+05  2.68e+03   1.23e+02     9.02e-03   710.948s
 847000 +3.32665511e+05 +3.35234425e+05  2.57e+03   1.21e+02     8.89e-03   711.660s
 848000 +3.32779962e+05 +3.35238273e+05  2.46e+03   1.19e+02     8.97e-03   712.375s
 849000 +3.32891856e+05 +3.35313325e+05  2.42e+03   1.18e+02     8.96e-03   713.085s
 850000 +3.32993046e+05 +3.35435422e+05  2.44e+03   1.17e+02     8.69e-03   713.790s
 851000 +3.33108798e+05 +3.35426977e+05  2.32e+03   1.15e+02     7.84e-03   714.499s
 852000 +3.33226228e+05 +3.35387591e+05  2.16e+03   1.14e+02     7.45e-03   715.205s
 853000 +3.33335237e+05 +3.35320064e+05  1.98e+03   1.12e+02     7.74e-03   715.908s
 854000 +3.33430176e+05 +3.35082514e+05  1.65e+03   1.11e+02     8.68e-03   716.616s
 855000 +3.33543508e+05 +3.34871081e+05  1.33e+03   1.10e+02     8.56e-03   717.327s
 856000 +3.33654998e+05 +3.34675865e+05  1.02e+03   1.08e+02     8.42e-03   718.041s
 857000 +3.33771016e+05 +3.34498427e+05  7.27e+02   1.07e+02     9.00e-03   718.751s
 858000 +3.33850104e+05 +3.34467454e+05  6.17e+02   1.06e+02     8.80e-03   719.461s
 859000 +3.33937358e+05 +3.34337250e+05  4.00e+02   1.05e+02     8.45e-03   720.173s
 860000 +3.34036818e+05 +3.34225609e+05  1.89e+02   1.04e+02     8.35e-03   720.881s
 860600 +3.34076872e+05 +3.34124165e+05  4.73e+01   1.04e+02     7.74e-03   721.303s
LP Solver status:                Optimal
Primal objective:                +3.34076872e+05
Dual objective:                  +3.34124165e+05
Duality gap (abs/rel):           +4.73e+01 / +7.08e-05
Primal infeasibility (abs/rel):  +1.04e+02 / +3.40e-05
Dual infeasibility (abs/rel):    +7.74e-03 / +3.14e-06
Distributed PDLP finished
Status: Optimal   Objective: 3.34076872e+05  Iterations: 860600  Time: 730.625s

### exit_code=0
### finished=2026-07-27T17:56:16.694086
### gpu_peak_mb=14650.4
### gpu_peak2_mb=11450.4
### per_gpu_peak_mb=[14650.375, 11450.375, 11386.375, 11354.375, 10970.375, 10970.375, 11386.375, 11322.375]
