### solver=cuopt-distributed
### instance=/home/scratch.bbozkaya_gpu/datasets/PSR6/model_de_100_scenarios.mps.gz
### n_gpus=8
### CUDA_VISIBLE_DEVICES=0,1,2,3,4,5,6,7
### started=2026-07-27T17:56:16.708258
### argv=/home/scratch.vmostovoi_gpu/mostovoi_cuopt/cpp/build/cuopt_cli --use-distributed-pdlp true --method 1 --mps-reader experimental-fast --time-limit 3600 --iteration-limit 1000000000 --relative-primal-tolerance 1e-4 --relative-dual-tolerance 1e-4 --relative-gap-tolerance 1e-4 --log-to-console true /home/scratch.bbozkaya_gpu/datasets/PSR6/model_de_100_scenarios.mps.gz
### --- solver output ---
Setting parameter iteration_limit to 1000000000
Setting parameter log_to_console to true
Setting parameter method to 1
Setting parameter relative_dual_tolerance to 1.000000e-04
Setting parameter relative_gap_tolerance to 1.000000e-04
Setting parameter relative_primal_tolerance to 1.000000e-04
Setting parameter time_limit to 3.600000e+03
Setting parameter use_distributed_pdlp to true
Reading file model_de_100_scenarios.mps.gz
Using experimental fast MPS parser for '/home/scratch.bbozkaya_gpu/datasets/PSR6/model_de_100_scenarios.mps.gz'
Read file model_de_100_scenarios.mps.gz in 124.96 seconds
cuOpt version: 26.8.0, git hash: 7116ead1, host arch: x86_64, device archs: 100a-real
CPU: INTEL(R) XEON(R) PLATINUM 8570, threads (physical/logical): 112/224, RAM: 1915.51 GiB
CUDA 13.3, device: NVIDIA B200 (ID 0), VRAM: 178.34 GiB
CUDA device UUID: c16f67f8-60a0-997a-9e23-bd53aaf0c753
CUDA 13.3, device: NVIDIA B200 (ID 1), VRAM: 178.34 GiB
CUDA device UUID: feb79c2a-e1b7-af35-ab08-61c95da49e88
CUDA 13.3, device: NVIDIA B200 (ID 2), VRAM: 178.34 GiB
CUDA device UUID: 5dd54769-0a52-7384-8cec-eccce8cbb694
CUDA 13.3, device: NVIDIA B200 (ID 3), VRAM: 178.34 GiB
CUDA device UUID: fbf54e70-aaaf-2267-0833-b2b001d8b813
CUDA 13.3, device: NVIDIA B200 (ID 4), VRAM: 178.34 GiB
CUDA device UUID: 4e23b3b5-b22d-4a1e-633f-f6fa987c6996
CUDA 13.3, device: NVIDIA B200 (ID 5), VRAM: 178.34 GiB
CUDA device UUID: 3cb6542a-792d-eae6-b79c-693a26fb5f18
CUDA 13.3, device: NVIDIA B200 (ID 6), VRAM: 178.34 GiB
CUDA device UUID: af7262f3-479b-efc1-d5c8-f9c988fd2ac5
CUDA 13.3, device: NVIDIA B200 (ID 7), VRAM: 178.34 GiB
CUDA device UUID: 502f6def-af31-ba0a-c687-31b16dce7b66
Solving a problem with 140286462 constraints, 180370381 variables (0 integers), and 466184405 nonzeros
Using PSLP presolver
Maximum time limit of 60.00 seconds reached.
PSLP Presolved problem: 138533937 constraints, 159382350 variables, 441691849 non-zeros
PSLP presolve time: 98.26s
Solving with distributed PDLP on 8 GPUs.
NCCL version 2.30.7+cuda13.3
      0 +3.04458815e+04 +3.04458815e+04  0.00e+00   4.31e+06     1.27e+03   139.019s
   1000 +4.59764193e+03 -5.21618763e+06  5.22e+06   1.67e+05     2.83e-01   140.434s
   2000 +1.45481499e+05 +1.44470749e+06  1.30e+06   5.97e+04     3.79e-01   141.615s
   3000 +2.37475396e+05 +3.68872183e+06  3.45e+06   2.77e+04     2.92e-01   142.795s
   4000 +3.24289238e+05 +6.70618586e+06  6.38e+06   1.94e+04     1.41e-01   143.975s
   5000 +3.46642341e+05 +7.83770069e+06  7.49e+06   1.60e+04     1.25e-01   145.153s
   6000 +3.65121886e+05 +7.50578257e+06  7.14e+06   1.35e+04     1.21e-01   146.334s
   7000 +3.78740821e+05 +7.07130460e+06  6.69e+06   1.27e+04     1.09e-01   147.512s
   8000 +3.95086037e+05 +6.50294156e+06  6.11e+06   1.13e+04     9.38e-02   148.690s
   9000 +4.08598231e+05 +6.03633734e+06  5.63e+06   9.98e+03     7.77e-02   149.868s
  10000 +4.21931179e+05 +5.68646904e+06  5.26e+06   9.18e+03     5.99e-02   151.047s
  11000 +4.28756474e+05 +5.34580033e+06  4.92e+06   8.92e+03     5.58e-02   152.216s
  12000 +4.34948800e+05 +5.02194490e+06  4.59e+06   8.55e+03     5.24e-02   153.385s
  13000 +4.40746681e+05 +4.71259177e+06  4.27e+06   8.11e+03     4.85e-02   154.555s
  14000 +4.45489559e+05 +4.40402880e+06  3.96e+06   7.71e+03     4.50e-02   155.724s
  15000 +4.51672271e+05 +4.15280423e+06  3.70e+06   7.72e+03     3.65e-02   156.894s
  16000 +4.54532142e+05 +3.93802145e+06  3.48e+06   8.13e+03     3.48e-02   158.062s
  17000 +4.57029214e+05 +3.73023217e+06  3.27e+06   8.39e+03     3.29e-02   159.231s
  18000 +4.59056329e+05 +3.52957833e+06  3.07e+06   8.45e+03     3.09e-02   160.400s
  19000 +4.60893525e+05 +3.32726019e+06  2.87e+06   8.36e+03     2.89e-02   161.569s
  20000 +4.62453454e+05 +3.12013828e+06  2.66e+06   8.17e+03     2.66e-02   162.737s
  21000 +4.63806724e+05 +2.90692428e+06  2.44e+06   7.93e+03     2.43e-02   163.906s
  22000 +4.65129799e+05 +2.69393331e+06  2.23e+06   7.68e+03     2.21e-02   165.075s
  23000 +4.67547138e+05 +2.47658021e+06  2.01e+06   7.42e+03     1.86e-02   166.246s
  24000 +4.68677060e+05 +2.29308322e+06  1.82e+06   7.62e+03     1.73e-02   167.415s
  25000 +4.69768238e+05 +2.11575044e+06  1.65e+06   7.75e+03     1.60e-02   168.584s
  26000 +4.70763083e+05 +1.95645654e+06  1.49e+06   7.76e+03     1.48e-02   169.754s
  27000 +4.71562556e+05 +1.81371038e+06  1.34e+06   7.69e+03     1.38e-02   170.923s
  28000 +4.72016848e+05 +1.69159616e+06  1.22e+06   7.51e+03     1.28e-02   172.093s
  29000 +4.72143800e+05 +1.58507793e+06  1.11e+06   7.30e+03     1.19e-02   173.263s
  30000 +4.72021778e+05 +1.50126762e+06  1.03e+06   7.05e+03     1.12e-02   174.433s
  31000 +4.71561627e+05 +1.43801280e+06  9.66e+05   6.82e+03     1.04e-02   175.602s
  32000 +4.70684638e+05 +1.38678391e+06  9.16e+05   6.61e+03     9.89e-03   176.772s
  33000 +4.69742712e+05 +1.34366049e+06  8.74e+05   6.40e+03     9.46e-03   177.942s
  34000 +4.68656504e+05 +1.30547839e+06  8.37e+05   6.20e+03     8.97e-03   179.113s
  35000 +4.67464977e+05 +1.26877561e+06  8.01e+05   6.02e+03     8.59e-03   180.282s
  36000 +4.65652112e+05 +1.20249239e+06  7.37e+05   6.35e+03     1.34e-02   181.455s
  37000 +4.63600042e+05 +1.16491344e+06  7.01e+05   6.17e+03     1.33e-02   182.625s
  38000 +4.60956701e+05 +1.14334622e+06  6.82e+05   5.94e+03     1.31e-02   183.795s
  39000 +4.57656621e+05 +1.12185393e+06  6.64e+05   5.66e+03     1.29e-02   184.966s
  40000 +4.54157169e+05 +1.10077777e+06  6.47e+05   5.37e+03     1.23e-02   186.137s
  41000 +4.50363670e+05 +1.08205686e+06  6.32e+05   5.09e+03     1.16e-02   187.307s
  42000 +4.46458961e+05 +1.06142774e+06  6.15e+05   4.83e+03     1.10e-02   188.478s
  43000 +4.42663080e+05 +1.04010048e+06  5.97e+05   4.58e+03     1.03e-02   189.648s
  44000 +4.38431485e+05 +1.01885778e+06  5.80e+05   4.34e+03     9.80e-03   190.819s
  45000 +4.34366528e+05 +9.97358639e+05  5.63e+05   4.11e+03     9.33e-03   191.989s
  46000 +4.30445476e+05 +9.76440312e+05  5.46e+05   3.89e+03     8.65e-03   193.160s
  47000 +4.26556493e+05 +9.55954721e+05  5.29e+05   3.69e+03     8.17e-03   194.331s
  48000 +4.22618656e+05 +9.36283019e+05  5.14e+05   3.48e+03     7.78e-03   195.502s
  49000 +4.18904353e+05 +9.17711951e+05  4.99e+05   3.29e+03     7.38e-03   196.673s
  50000 +4.15516678e+05 +9.00768605e+05  4.85e+05   3.12e+03     7.09e-03   197.844s
  51000 +4.12704458e+05 +8.85513136e+05  4.73e+05   2.97e+03     6.65e-03   199.015s
  52000 +4.09963005e+05 +8.71291583e+05  4.61e+05   2.83e+03     6.32e-03   200.186s
  53000 +4.07304892e+05 +8.57999852e+05  4.51e+05   2.69e+03     6.04e-03   201.357s
  54000 +4.04988611e+05 +8.45886401e+05  4.41e+05   2.56e+03     5.77e-03   202.528s
  55000 +4.02856320e+05 +8.34994415e+05  4.32e+05   2.44e+03     5.49e-03   203.699s
  56000 +3.95455573e+05 +8.18482112e+05  4.23e+05   2.10e+03     5.80e-03   204.872s
  57000 +3.93019078e+05 +8.03925340e+05  4.11e+05   1.96e+03     5.28e-03   206.043s
  58000 +3.91040533e+05 +7.89240032e+05  3.98e+05   1.85e+03     5.03e-03   207.214s
  59000 +3.88986573e+05 +7.75651545e+05  3.87e+05   1.73e+03     4.83e-03   208.384s
  60000 +3.87602586e+05 +7.63357931e+05  3.76e+05   1.65e+03     4.57e-03   209.555s
  61000 +3.86573144e+05 +7.51910759e+05  3.65e+05   1.59e+03     4.43e-03   210.726s
  62000 +3.85574848e+05 +7.41284298e+05  3.56e+05   1.52e+03     4.34e-03   211.897s
  63000 +3.84720175e+05 +7.31413634e+05  3.47e+05   1.47e+03     4.23e-03   213.067s
  64000 +3.83856245e+05 +7.22023434e+05  3.38e+05   1.42e+03     4.14e-03   214.238s
  65000 +3.83008132e+05 +7.13620755e+05  3.31e+05   1.37e+03     4.06e-03   215.409s
  66000 +3.82219182e+05 +7.05906860e+05  3.24e+05   1.32e+03     3.99e-03   216.579s
  67000 +3.81444656e+05 +6.99032659e+05  3.18e+05   1.27e+03     3.91e-03   217.750s
  68000 +3.80663442e+05 +6.92893593e+05  3.12e+05   1.23e+03     3.85e-03   218.921s
  69000 +3.79902221e+05 +6.87362595e+05  3.07e+05   1.19e+03     3.79e-03   220.092s
  70000 +3.79191747e+05 +6.82516871e+05  3.03e+05   1.15e+03     3.73e-03   221.263s
  71000 +3.78512091e+05 +6.78336921e+05  3.00e+05   1.12e+03     3.66e-03   222.433s
  72000 +3.77845625e+05 +6.74874058e+05  2.97e+05   1.08e+03     3.60e-03   223.605s
  73000 +3.77205849e+05 +6.71818235e+05  2.95e+05   1.05e+03     3.54e-03   224.776s
  74000 +3.76576852e+05 +6.69160809e+05  2.93e+05   1.02e+03     3.48e-03   225.947s
  75000 +3.75963678e+05 +6.67035697e+05  2.91e+05   9.93e+02     3.43e-03   227.118s
  76000 +3.75383053e+05 +6.65176920e+05  2.90e+05   9.69e+02     3.38e-03   228.289s
  77000 +3.74820807e+05 +6.63611195e+05  2.89e+05   9.46e+02     3.36e-03   229.461s
  78000 +3.74266884e+05 +6.62329271e+05  2.88e+05   9.26e+02     3.31e-03   230.632s
  79000 +3.73712935e+05 +6.61417746e+05  2.88e+05   9.06e+02     3.26e-03   231.818s
  80000 +3.73193721e+05 +6.60769529e+05  2.88e+05   8.89e+02     3.22e-03   233.014s
  81000 +3.72695370e+05 +6.60191538e+05  2.87e+05   8.74e+02     3.20e-03   234.205s
  82000 +3.72218644e+05 +6.59804261e+05  2.88e+05   8.61e+02     3.15e-03   235.395s
  83000 +3.71755905e+05 +6.59616764e+05  2.88e+05   8.50e+02     3.10e-03   236.590s
  84000 +3.71304900e+05 +6.59357836e+05  2.88e+05   8.41e+02     3.08e-03   237.788s
  85000 +3.70844383e+05 +6.59064595e+05  2.88e+05   8.31e+02     3.03e-03   238.985s
  86000 +3.70401538e+05 +6.58735481e+05  2.88e+05   8.23e+02     3.00e-03   240.180s
  87000 +3.69213948e+05 +6.57280351e+05  2.88e+05   7.85e+02     2.72e-03   241.352s
  88000 +3.68740031e+05 +6.54914982e+05  2.86e+05   8.02e+02     2.59e-03   242.523s
  89000 +3.68283759e+05 +6.52841114e+05  2.85e+05   8.21e+02     2.57e-03   243.719s
  90000 +3.67826049e+05 +6.50954277e+05  2.83e+05   8.40e+02     2.55e-03   244.915s
  91000 +3.67353376e+05 +6.49373550e+05  2.82e+05   8.58e+02     2.54e-03   246.109s
  92000 +3.66887534e+05 +6.48097372e+05  2.81e+05   8.75e+02     2.53e-03   247.295s
  93000 +3.66422898e+05 +6.47050994e+05  2.81e+05   8.91e+02     2.51e-03   248.492s
  94000 +3.65957421e+05 +6.46195937e+05  2.80e+05   9.06e+02     2.50e-03   249.683s
  95000 +3.65488280e+05 +6.45449561e+05  2.80e+05   9.19e+02     2.48e-03   250.854s
  96000 +3.65033497e+05 +6.44818495e+05  2.80e+05   9.32e+02     2.47e-03   252.025s
  97000 +3.64558375e+05 +6.44353780e+05  2.80e+05   9.43e+02     2.45e-03   253.196s
  98000 +3.64102225e+05 +6.44002777e+05  2.80e+05   9.51e+02     2.45e-03   254.366s
  99000 +3.63673235e+05 +6.43725312e+05  2.80e+05   9.58e+02     2.41e-03   255.537s
 100000 +3.63225549e+05 +6.43466613e+05  2.80e+05   9.63e+02     2.41e-03   256.707s
 101000 +3.62796843e+05 +6.43160099e+05  2.80e+05   9.67e+02     2.38e-03   257.878s
 102000 +3.62371016e+05 +6.42900821e+05  2.81e+05   9.69e+02     2.35e-03   259.049s
 103000 +3.61960393e+05 +6.42634703e+05  2.81e+05   9.69e+02     2.33e-03   260.220s
 104000 +3.61561627e+05 +6.42386560e+05  2.81e+05   9.69e+02     2.31e-03   261.390s
 105000 +3.61176993e+05 +6.42072922e+05  2.81e+05   9.67e+02     2.29e-03   262.561s
 106000 +3.60798235e+05 +6.41688280e+05  2.81e+05   9.65e+02     2.27e-03   263.731s
 107000 +3.60419197e+05 +6.41228210e+05  2.81e+05   9.63e+02     2.25e-03   264.902s
 108000 +3.60058634e+05 +6.40697795e+05  2.81e+05   9.59e+02     2.22e-03   266.072s
 109000 +3.59698655e+05 +6.40194480e+05  2.80e+05   9.54e+02     2.20e-03   267.243s
 110000 +3.59348345e+05 +6.39517238e+05  2.80e+05   9.50e+02     2.19e-03   268.415s
 111000 +3.59013068e+05 +6.38775695e+05  2.80e+05   9.45e+02     2.16e-03   269.610s
 112000 +3.58678709e+05 +6.37830706e+05  2.79e+05   9.40e+02     2.13e-03   270.801s
 113000 +3.58346455e+05 +6.36798072e+05  2.78e+05   9.34e+02     2.11e-03   271.972s
 114000 +3.58021046e+05 +6.35781526e+05  2.78e+05   9.28e+02     2.10e-03   273.142s
 115000 +3.57693650e+05 +6.34763630e+05  2.77e+05   9.22e+02     2.07e-03   274.312s
 116000 +3.57385280e+05 +6.33722997e+05  2.76e+05   9.16e+02     2.05e-03   275.482s
 117000 +3.57078008e+05 +6.32679185e+05  2.76e+05   9.10e+02     2.02e-03   276.657s
 118000 +3.56776420e+05 +6.31547551e+05  2.75e+05   9.03e+02     2.00e-03   277.853s
 119000 +3.56466543e+05 +6.30430823e+05  2.74e+05   8.97e+02     1.99e-03   279.051s
 120000 +3.56156320e+05 +6.29281354e+05  2.73e+05   8.90e+02     1.98e-03   280.248s
 121000 +3.55847146e+05 +6.28135368e+05  2.72e+05   8.83e+02     1.97e-03   281.419s
 122000 +3.55557654e+05 +6.26992530e+05  2.71e+05   8.77e+02     1.94e-03   282.589s
 123000 +3.55273364e+05 +6.25856834e+05  2.71e+05   8.71e+02     1.91e-03   283.776s
 124000 +3.54985736e+05 +6.24678732e+05  2.70e+05   8.66e+02     1.89e-03   284.972s
 125000 +3.54720133e+05 +6.23472261e+05  2.69e+05   8.61e+02     1.88e-03   286.147s
 126000 +3.54445463e+05 +6.22263107e+05  2.68e+05   8.56e+02     1.86e-03   287.318s
 127000 +3.54184521e+05 +6.20995567e+05  2.67e+05   8.51e+02     1.85e-03   288.489s
 128000 +3.53924385e+05 +6.19718405e+05  2.66e+05   8.47e+02     1.83e-03   289.659s
 129000 +3.53667560e+05 +6.18456153e+05  2.65e+05   8.42e+02     1.82e-03   290.830s
 130000 +3.53415182e+05 +6.17237083e+05  2.64e+05   8.38e+02     1.81e-03   292.000s
 131000 +3.53172793e+05 +6.15950934e+05  2.63e+05   8.34e+02     1.79e-03   293.171s
 132000 +3.52941913e+05 +6.14697563e+05  2.62e+05   8.31e+02     1.77e-03   294.341s
 133000 +3.52701080e+05 +6.13405207e+05  2.61e+05   8.27e+02     1.76e-03   295.512s
 134000 +3.52466951e+05 +6.12003642e+05  2.60e+05   8.24e+02     1.75e-03   296.683s
 135000 +3.52233258e+05 +6.10616352e+05  2.58e+05   8.21e+02     1.74e-03   297.853s
 136000 +3.51352489e+05 +6.08711139e+05  2.57e+05   8.10e+02     1.53e-03   299.026s
 137000 +3.51066927e+05 +6.07367367e+05  2.56e+05   8.36e+02     1.50e-03   300.196s
 138000 +3.50793616e+05 +6.05943508e+05  2.55e+05   8.62e+02     1.49e-03   301.366s
 139000 +3.50517980e+05 +6.04305786e+05  2.54e+05   8.85e+02     1.49e-03   302.536s
 140000 +3.50231033e+05 +6.02579301e+05  2.52e+05   9.06e+02     1.48e-03   303.707s
 141000 +3.49946204e+05 +6.00762394e+05  2.51e+05   9.24e+02     1.47e-03   304.877s
 142000 +3.49660980e+05 +5.98945385e+05  2.49e+05   9.38e+02     1.46e-03   306.048s
 143000 +3.49385047e+05 +5.97084444e+05  2.48e+05   9.50e+02     1.45e-03   307.218s
 144000 +3.49112218e+05 +5.95177810e+05  2.46e+05   9.57e+02     1.44e-03   308.388s
 145000 +3.48838090e+05 +5.93490819e+05  2.45e+05   9.64e+02     1.43e-03   309.559s
 146000 +3.48568349e+05 +5.91897227e+05  2.43e+05   9.70e+02     1.42e-03   310.729s
 147000 +3.48300215e+05 +5.90282981e+05  2.42e+05   9.75e+02     1.41e-03   311.899s
 148000 +3.48021608e+05 +5.88665279e+05  2.41e+05   9.78e+02     1.40e-03   313.070s
 149000 +3.47755472e+05 +5.87065513e+05  2.39e+05   9.81e+02     1.39e-03   314.240s
 150000 +3.47486195e+05 +5.85509224e+05  2.38e+05   9.83e+02     1.38e-03   315.410s
 151000 +3.47227248e+05 +5.84042029e+05  2.37e+05   9.85e+02     1.38e-03   316.581s
 152000 +3.46971102e+05 +5.82630276e+05  2.36e+05   9.87e+02     1.37e-03   317.752s
 153000 +3.46708244e+05 +5.81235268e+05  2.35e+05   9.87e+02     1.36e-03   318.922s
 154000 +3.46438533e+05 +5.79838872e+05  2.33e+05   9.89e+02     1.35e-03   320.092s
 155000 +3.46172875e+05 +5.78518521e+05  2.32e+05   9.89e+02     1.34e-03   321.262s
 156000 +3.45902168e+05 +5.77199277e+05  2.31e+05   9.89e+02     1.33e-03   322.433s
 157000 +3.45639217e+05 +5.75958656e+05  2.30e+05   9.90e+02     1.33e-03   323.604s
 158000 +3.45377509e+05 +5.74727022e+05  2.29e+05   9.90e+02     1.32e-03   324.774s
 159000 +3.45122967e+05 +5.73501053e+05  2.28e+05   9.90e+02     1.31e-03   325.945s
 160000 +3.44871223e+05 +5.72349750e+05  2.27e+05   9.90e+02     1.30e-03   327.115s
 161000 +3.44630012e+05 +5.71240673e+05  2.27e+05   9.90e+02     1.30e-03   328.286s
 162000 +3.44393443e+05 +5.70132467e+05  2.26e+05   9.90e+02     1.29e-03   329.456s
 163000 +3.44144716e+05 +5.69003267e+05  2.25e+05   9.90e+02     1.29e-03   330.627s
 164000 +3.43904751e+05 +5.67869003e+05  2.24e+05   9.90e+02     1.28e-03   331.797s
 165000 +3.43666350e+05 +5.66755752e+05  2.23e+05   9.90e+02     1.27e-03   332.967s
 166000 +3.43423921e+05 +5.65678253e+05  2.22e+05   9.89e+02     1.27e-03   334.138s
 167000 +3.43181425e+05 +5.64590851e+05  2.21e+05   9.88e+02     1.26e-03   335.308s
 168000 +3.42949767e+05 +5.63445328e+05  2.20e+05   9.88e+02     1.25e-03   336.478s
 169000 +3.42722464e+05 +5.62329427e+05  2.20e+05   9.87e+02     1.25e-03   337.648s
 170000 +3.42496449e+05 +5.61228478e+05  2.19e+05   9.86e+02     1.24e-03   338.819s
 171000 +3.42273392e+05 +5.60131107e+05  2.18e+05   9.85e+02     1.23e-03   339.990s
 172000 +3.42041943e+05 +5.59100295e+05  2.17e+05   9.85e+02     1.23e-03   341.160s
 173000 +3.41812625e+05 +5.58128156e+05  2.16e+05   9.85e+02     1.22e-03   342.331s
 174000 +3.41572902e+05 +5.57181979e+05  2.16e+05   9.84e+02     1.22e-03   343.502s
 175000 +3.41339569e+05 +5.56202346e+05  2.15e+05   9.82e+02     1.22e-03   344.672s
 176000 +3.41121756e+05 +5.55219166e+05  2.14e+05   9.81e+02     1.21e-03   345.844s
 177000 +3.40889111e+05 +5.54262599e+05  2.13e+05   9.80e+02     1.20e-03   347.014s
 178000 +3.40677972e+05 +5.53285039e+05  2.13e+05   9.78e+02     1.19e-03   348.184s
 179000 +3.40458160e+05 +5.52286677e+05  2.12e+05   9.76e+02     1.19e-03   349.355s
 180000 +3.40237340e+05 +5.51288676e+05  2.11e+05   9.74e+02     1.18e-03   350.525s
 181000 +3.40012377e+05 +5.50288608e+05  2.10e+05   9.72e+02     1.18e-03   351.695s
 182000 +3.39791224e+05 +5.49318480e+05  2.10e+05   9.71e+02     1.17e-03   352.866s
 183000 +3.39574166e+05 +5.48373018e+05  2.09e+05   9.70e+02     1.16e-03   354.036s
 184000 +3.39364084e+05 +5.47412459e+05  2.08e+05   9.68e+02     1.16e-03   355.207s
 185000 +3.39150321e+05 +5.46437773e+05  2.07e+05   9.66e+02     1.15e-03   356.377s
 186000 +3.38933429e+05 +5.45456901e+05  2.07e+05   9.65e+02     1.15e-03   357.547s
 187000 +3.38732646e+05 +5.44470761e+05  2.06e+05   9.64e+02     1.14e-03   358.718s
 188000 +3.38526888e+05 +5.43446923e+05  2.05e+05   9.63e+02     1.14e-03   359.888s
 189000 +3.38326744e+05 +5.42465575e+05  2.04e+05   9.62e+02     1.14e-03   361.058s
 190000 +3.38126557e+05 +5.41509437e+05  2.03e+05   9.60e+02     1.13e-03   362.229s
 191000 +3.37926300e+05 +5.40577254e+05  2.03e+05   9.58e+02     1.12e-03   363.398s
 192000 +3.37749703e+05 +5.39689192e+05  2.02e+05   9.56e+02     1.12e-03   364.569s
 193000 +3.37553641e+05 +5.38785213e+05  2.01e+05   9.54e+02     1.11e-03   365.739s
 194000 +3.37363489e+05 +5.37875245e+05  2.01e+05   9.52e+02     1.10e-03   366.909s
 195000 +3.37157098e+05 +5.37013108e+05  2.00e+05   9.49e+02     1.10e-03   368.080s
 196000 +3.36981093e+05 +5.36130039e+05  1.99e+05   9.47e+02     1.09e-03   369.251s
 197000 +3.36805134e+05 +5.35287931e+05  1.98e+05   9.44e+02     1.09e-03   370.421s
 198000 +3.36614851e+05 +5.34427121e+05  1.98e+05   9.41e+02     1.08e-03   371.592s
 199000 +3.36447850e+05 +5.33615880e+05  1.97e+05   9.39e+02     1.09e-03   372.762s
 200000 +3.36269604e+05 +5.32828573e+05  1.97e+05   9.36e+02     1.07e-03   373.932s
 201000 +3.36096394e+05 +5.32070487e+05  1.96e+05   9.34e+02     1.06e-03   375.103s
 202000 +3.35911487e+05 +5.31308465e+05  1.95e+05   9.31e+02     1.06e-03   376.274s
 203000 +3.35739102e+05 +5.30615288e+05  1.95e+05   9.29e+02     1.06e-03   377.444s
 204000 +3.35558893e+05 +5.29961482e+05  1.94e+05   9.26e+02     1.05e-03   378.614s
 205000 +3.35384458e+05 +5.29292045e+05  1.94e+05   9.23e+02     1.07e-03   379.785s
 206000 +3.35211495e+05 +5.28606190e+05  1.93e+05   9.21e+02     1.04e-03   380.956s
 207000 +3.35047798e+05 +5.27860345e+05  1.93e+05   9.18e+02     1.03e-03   382.126s
 208000 +3.34872342e+05 +5.27168416e+05  1.92e+05   9.16e+02     1.03e-03   383.296s
 209000 +3.34714227e+05 +5.26496907e+05  1.92e+05   9.14e+02     1.02e-03   384.467s
 210000 +3.34557158e+05 +5.25779370e+05  1.91e+05   9.12e+02     1.02e-03   385.637s
 211000 +3.34400571e+05 +5.25070097e+05  1.91e+05   9.11e+02     1.01e-03   386.808s
 212000 +3.33839922e+05 +5.24199433e+05  1.90e+05   8.78e+02     9.40e-04   387.980s
 213000 +3.33579112e+05 +5.23483311e+05  1.90e+05   8.92e+02     9.13e-04   389.150s
 214000 +3.33333121e+05 +5.22722946e+05  1.89e+05   9.07e+02     9.10e-04   390.320s
 215000 +3.33084938e+05 +5.21929355e+05  1.89e+05   9.20e+02     9.09e-04   391.489s
 216000 +3.32844902e+05 +5.21135738e+05  1.88e+05   9.33e+02     9.05e-04   392.660s
 217000 +3.32595357e+05 +5.20344322e+05  1.88e+05   9.44e+02     9.04e-04   393.830s
 218000 +3.32346375e+05 +5.19544232e+05  1.87e+05   9.55e+02     9.01e-04   394.999s
 219000 +3.32091996e+05 +5.18711300e+05  1.87e+05   9.66e+02     8.99e-04   396.169s
 220000 +3.31847074e+05 +5.17880430e+05  1.86e+05   9.75e+02     8.97e-04   397.339s
 221000 +3.31604233e+05 +5.17026513e+05  1.85e+05   9.84e+02     8.96e-04   398.509s
 222000 +3.31356460e+05 +5.16188528e+05  1.85e+05   9.92e+02     8.92e-04   399.680s
 223000 +3.31112201e+05 +5.15222178e+05  1.84e+05   1.00e+03     8.89e-04   400.849s
 224000 +3.30869692e+05 +5.14331620e+05  1.83e+05   1.01e+03     8.85e-04   402.020s
 225000 +3.30634789e+05 +5.13472309e+05  1.83e+05   1.02e+03     8.83e-04   403.190s
 226000 +3.30397251e+05 +5.12568221e+05  1.82e+05   1.02e+03     8.80e-04   404.360s
 227000 +3.30171841e+05 +5.11689857e+05  1.82e+05   1.03e+03     8.78e-04   405.530s
 228000 +3.29948343e+05 +5.10861472e+05  1.81e+05   1.03e+03     8.73e-04   406.700s
 229000 +3.29720173e+05 +5.10116002e+05  1.80e+05   1.04e+03     8.74e-04   407.871s
 230000 +3.29501785e+05 +5.09360084e+05  1.80e+05   1.04e+03     8.70e-04   409.041s
 231000 +3.29268323e+05 +5.08574005e+05  1.79e+05   1.05e+03     8.65e-04   410.211s
 232000 +3.29033634e+05 +5.07676847e+05  1.79e+05   1.05e+03     8.62e-04   411.381s
 233000 +3.28809256e+05 +5.06800079e+05  1.78e+05   1.06e+03     8.58e-04   412.551s
 234000 +3.28583878e+05 +5.05927196e+05  1.77e+05   1.06e+03     8.55e-04   413.721s
 235000 +3.28357240e+05 +5.05071654e+05  1.77e+05   1.07e+03     8.52e-04   414.891s
 236000 +3.28134733e+05 +5.04098003e+05  1.76e+05   1.08e+03     8.51e-04   416.061s
 237000 +3.27917067e+05 +5.03088171e+05  1.75e+05   1.08e+03     8.45e-04   417.231s
 238000 +3.27700248e+05 +5.02050257e+05  1.74e+05   1.08e+03     8.42e-04   418.401s
 239000 +3.27480061e+05 +5.01033953e+05  1.74e+05   1.09e+03     8.36e-04   419.571s
 240000 +3.27271853e+05 +5.00006675e+05  1.73e+05   1.09e+03     8.33e-04   420.742s
 241000 +3.27059079e+05 +4.98995516e+05  1.72e+05   1.10e+03     8.27e-04   421.911s
 242000 +3.26844906e+05 +4.97960683e+05  1.71e+05   1.10e+03     8.23e-04   423.082s
 243000 +3.26632802e+05 +4.96945733e+05  1.70e+05   1.10e+03     8.21e-04   424.252s
 244000 +3.26428111e+05 +4.95909717e+05  1.69e+05   1.11e+03     8.14e-04   425.422s
 245000 +3.26230748e+05 +4.94877692e+05  1.69e+05   1.11e+03     8.10e-04   426.593s
 246000 +3.26031499e+05 +4.93838794e+05  1.68e+05   1.11e+03     8.06e-04   427.763s
 247000 +3.25837091e+05 +4.92862624e+05  1.67e+05   1.12e+03     8.04e-04   428.933s
 248000 +3.25657865e+05 +4.91884570e+05  1.66e+05   1.12e+03     8.01e-04   430.103s
 249000 +3.25473145e+05 +4.90934276e+05  1.65e+05   1.12e+03     7.94e-04   431.273s
 250000 +3.25285130e+05 +4.90020087e+05  1.65e+05   1.12e+03     7.91e-04   432.444s
 251000 +3.25102904e+05 +4.89066732e+05  1.64e+05   1.12e+03     7.87e-04   433.614s
 252000 +3.24926530e+05 +4.88131972e+05  1.63e+05   1.12e+03     7.82e-04   434.784s
 253000 +3.24741843e+05 +4.87184025e+05  1.62e+05   1.12e+03     7.81e-04   435.954s
 254000 +3.24581825e+05 +4.86232635e+05  1.62e+05   1.12e+03     7.74e-04   437.123s
 255000 +3.24405963e+05 +4.85282794e+05  1.61e+05   1.12e+03     7.72e-04   438.294s
 256000 +3.24231802e+05 +4.84363318e+05  1.60e+05   1.12e+03     7.66e-04   439.464s
 257000 +3.24066871e+05 +4.83477160e+05  1.59e+05   1.12e+03     7.62e-04   440.634s
 258000 +3.23899345e+05 +4.82620737e+05  1.59e+05   1.12e+03     7.59e-04   441.804s
 259000 +3.23739022e+05 +4.81829760e+05  1.58e+05   1.12e+03     7.56e-04   442.975s
 260000 +3.23581852e+05 +4.81070614e+05  1.57e+05   1.12e+03     7.63e-04   444.145s
 261000 +3.23416027e+05 +4.80298889e+05  1.57e+05   1.11e+03     7.49e-04   445.315s
 262000 +3.23263741e+05 +4.79527302e+05  1.56e+05   1.11e+03     7.46e-04   446.486s
 263000 +3.23126251e+05 +4.78726237e+05  1.56e+05   1.11e+03     7.43e-04   447.656s
 264000 +3.22972415e+05 +4.77956361e+05  1.55e+05   1.11e+03     7.42e-04   448.826s
 265000 +3.22839764e+05 +4.77208705e+05  1.54e+05   1.11e+03     7.39e-04   449.997s
 266000 +3.22682241e+05 +4.76460394e+05  1.54e+05   1.11e+03     7.33e-04   451.167s
 267000 +3.22520396e+05 +4.75687807e+05  1.53e+05   1.10e+03     7.28e-04   452.337s
 268000 +3.22375438e+05 +4.74932631e+05  1.53e+05   1.10e+03     7.24e-04   453.508s
 269000 +3.22226039e+05 +4.74184088e+05  1.52e+05   1.10e+03     7.21e-04   454.678s
 270000 +3.22099074e+05 +4.73452522e+05  1.51e+05   1.10e+03     7.18e-04   455.848s
 271000 +3.21959743e+05 +4.72685276e+05  1.51e+05   1.10e+03     7.14e-04   457.018s
 272000 +3.21819304e+05 +4.71919795e+05  1.50e+05   1.10e+03     7.14e-04   458.189s
 273000 +3.21689632e+05 +4.71102658e+05  1.49e+05   1.10e+03     7.09e-04   459.358s
 274000 +3.21553746e+05 +4.70173394e+05  1.49e+05   1.10e+03     7.03e-04   460.528s
 275000 +3.21428160e+05 +4.69200324e+05  1.48e+05   1.10e+03     7.01e-04   461.698s
 276000 +3.21284668e+05 +4.68224464e+05  1.47e+05   1.10e+03     6.95e-04   462.868s
 277000 +3.21152131e+05 +4.67253056e+05  1.46e+05   1.10e+03     6.91e-04   464.039s
 278000 +3.21022868e+05 +4.66223743e+05  1.45e+05   1.10e+03     6.87e-04   465.209s
 279000 +3.20898632e+05 +4.65261091e+05  1.44e+05   1.10e+03     6.88e-04   466.380s
 280000 +3.20791219e+05 +4.64348322e+05  1.44e+05   1.10e+03     6.84e-04   467.550s
 281000 +3.20681911e+05 +4.63470781e+05  1.43e+05   1.10e+03     6.80e-04   468.720s
 282000 +3.20553345e+05 +4.62567590e+05  1.42e+05   1.10e+03     6.91e-04   469.890s
 283000 +3.20436560e+05 +4.61647488e+05  1.41e+05   1.10e+03     6.71e-04   471.061s
 284000 +3.20327193e+05 +4.60776856e+05  1.40e+05   1.10e+03     6.69e-04   472.231s
 285000 +3.20215487e+05 +4.59897212e+05  1.40e+05   1.09e+03     6.66e-04   473.401s
 286000 +3.20127370e+05 +4.59024345e+05  1.39e+05   1.09e+03     6.60e-04   474.571s
 287000 +3.20034162e+05 +4.58130196e+05  1.38e+05   1.09e+03     6.58e-04   475.742s
 288000 +3.19930528e+05 +4.57246934e+05  1.37e+05   1.09e+03     6.54e-04   476.912s
 289000 +3.19834979e+05 +4.56403207e+05  1.37e+05   1.09e+03     6.50e-04   478.082s
 290000 +3.19742404e+05 +4.55576046e+05  1.36e+05   1.09e+03     6.48e-04   479.252s
 291000 +3.19682948e+05 +4.54778360e+05  1.35e+05   1.08e+03     6.51e-04   480.422s
 292000 +3.19612471e+05 +4.53984812e+05  1.34e+05   1.08e+03     6.57e-04   481.592s
 293000 +3.19504836e+05 +4.53192718e+05  1.34e+05   1.08e+03     6.37e-04   482.763s
 294000 +3.19412553e+05 +4.52415801e+05  1.33e+05   1.08e+03     6.34e-04   483.932s
 295000 +3.19320837e+05 +4.51630816e+05  1.32e+05   1.08e+03     6.31e-04   485.103s
 296000 +3.19228583e+05 +4.50813909e+05  1.32e+05   1.07e+03     6.28e-04   486.273s
 297000 +3.19145042e+05 +4.50010495e+05  1.31e+05   1.07e+03     6.32e-04   487.443s
 298000 +3.19054703e+05 +4.49218572e+05  1.30e+05   1.07e+03     6.30e-04   488.613s
 299000 +3.18964334e+05 +4.48427824e+05  1.29e+05   1.07e+03     6.18e-04   489.784s
 300000 +3.18892366e+05 +4.47667033e+05  1.29e+05   1.06e+03     6.20e-04   490.954s
 301000 +3.18811584e+05 +4.46916661e+05  1.28e+05   1.06e+03     6.11e-04   492.125s
 302000 +3.18728979e+05 +4.46177112e+05  1.27e+05   1.06e+03     6.08e-04   493.295s
 303000 +3.18643952e+05 +4.45450700e+05  1.27e+05   1.06e+03     6.05e-04   494.466s
 304000 +3.18563258e+05 +4.44728207e+05  1.26e+05   1.06e+03     6.01e-04   495.636s
 305000 +3.18490178e+05 +4.43997745e+05  1.26e+05   1.05e+03     6.01e-04   496.806s
 306000 +3.18403908e+05 +4.43280368e+05  1.25e+05   1.05e+03     5.97e-04   497.975s
 307000 +3.18321090e+05 +4.42573527e+05  1.24e+05   1.05e+03     5.94e-04   499.145s
 308000 +3.18251215e+05 +4.41903046e+05  1.24e+05   1.05e+03     5.92e-04   500.316s
 309000 +3.18191118e+05 +4.41239909e+05  1.23e+05   1.04e+03     5.88e-04   501.486s
 310000 +3.18135024e+05 +4.40541890e+05  1.22e+05   1.04e+03     5.92e-04   502.656s
 311000 +3.18065562e+05 +4.39777059e+05  1.22e+05   1.04e+03     5.89e-04   503.827s
 312000 +3.17999530e+05 +4.38996283e+05  1.21e+05   1.04e+03     5.84e-04   504.997s
 313000 +3.17940552e+05 +4.38217565e+05  1.20e+05   1.03e+03     5.78e-04   506.168s
 314000 +3.17869579e+05 +4.37381817e+05  1.20e+05   1.03e+03     5.75e-04   507.338s
 315000 +3.17807372e+05 +4.36539350e+05  1.19e+05   1.03e+03     5.71e-04   508.509s
 316000 +3.17753674e+05 +4.35699511e+05  1.18e+05   1.03e+03     5.68e-04   509.679s
 317000 +3.17690987e+05 +4.34839578e+05  1.17e+05   1.03e+03     5.65e-04   510.850s
 318000 +3.17611715e+05 +4.33986881e+05  1.16e+05   1.03e+03     5.63e-04   512.020s
 319000 +3.17540687e+05 +4.33168947e+05  1.16e+05   1.02e+03     5.56e-04   513.190s
 320000 +3.17485244e+05 +4.32361489e+05  1.15e+05   1.02e+03     5.53e-04   514.361s
 321000 +3.17424335e+05 +4.31608806e+05  1.14e+05   1.02e+03     5.53e-04   515.531s
 322000 +3.17365469e+05 +4.30872180e+05  1.14e+05   1.02e+03     5.48e-04   516.701s
 323000 +3.17301855e+05 +4.30127282e+05  1.13e+05   1.01e+03     5.45e-04   517.872s
 324000 +3.17244657e+05 +4.29388112e+05  1.12e+05   1.01e+03     5.41e-04   519.042s
 325000 +3.17187244e+05 +4.28680059e+05  1.11e+05   1.01e+03     5.37e-04   520.213s
 326000 +3.17143516e+05 +4.27952343e+05  1.11e+05   1.01e+03     5.63e-04   521.383s
 327000 +3.17091676e+05 +4.27248070e+05  1.10e+05   1.00e+03     5.35e-04   522.553s
 328000 +3.17043756e+05 +4.26603232e+05  1.10e+05   1.00e+03     5.33e-04   523.723s
 329000 +3.16994334e+05 +4.25969815e+05  1.09e+05   9.97e+02     5.27e-04   524.893s
 330000 +3.16955124e+05 +4.25328118e+05  1.08e+05   9.94e+02     5.25e-04   526.064s
 331000 +3.17226674e+05 +4.24643865e+05  1.07e+05   9.50e+02     5.43e-04   527.236s
 332000 +3.17188349e+05 +4.23823165e+05  1.07e+05   9.65e+02     4.80e-04   528.405s
 333000 +3.17058895e+05 +4.22989743e+05  1.06e+05   9.80e+02     4.77e-04   529.575s
 334000 +3.16927902e+05 +4.22158358e+05  1.05e+05   9.95e+02     4.74e-04   530.745s
 335000 +3.16819117e+05 +4.21303369e+05  1.04e+05   1.01e+03     4.73e-04   531.915s
 336000 +3.16703654e+05 +4.20412087e+05  1.04e+05   1.02e+03     4.75e-04   533.085s
 337000 +3.16579538e+05 +4.19551208e+05  1.03e+05   1.03e+03     4.71e-04   534.256s
 338000 +3.16470957e+05 +4.18696787e+05  1.02e+05   1.04e+03     4.68e-04   535.426s
 339000 +3.16360798e+05 +4.17843277e+05  1.01e+05   1.05e+03     4.64e-04   536.596s
 340000 +3.16271980e+05 +4.16970293e+05  1.01e+05   1.06e+03     4.65e-04   537.769s
 341000 +3.16199950e+05 +4.16079736e+05  9.99e+04   1.07e+03     4.63e-04   538.954s
 342000 +3.16090687e+05 +4.15189870e+05  9.91e+04   1.07e+03     4.56e-04   540.139s
 343000 +3.16003938e+05 +4.14275841e+05  9.83e+04   1.08e+03     4.55e-04   541.313s
 344000 +3.15915850e+05 +4.13340219e+05  9.74e+04   1.09e+03     4.51e-04   542.484s
 345000 +3.15808214e+05 +4.12432932e+05  9.66e+04   1.09e+03     4.48e-04   543.679s
 346000 +3.15708762e+05 +4.11564642e+05  9.59e+04   1.10e+03     4.45e-04   544.877s
 347000 +3.15611236e+05 +4.10716494e+05  9.51e+04   1.11e+03     4.43e-04   546.062s
 348000 +3.15516529e+05 +4.09845548e+05  9.43e+04   1.11e+03     4.41e-04   547.232s
 349000 +3.15428094e+05 +4.08991307e+05  9.36e+04   1.11e+03     4.37e-04   548.402s
 350000 +3.15339073e+05 +4.08145539e+05  9.28e+04   1.12e+03     4.35e-04   549.573s
 351000 +3.15248176e+05 +4.07307355e+05  9.21e+04   1.12e+03     4.32e-04   550.743s
 352000 +3.15169091e+05 +4.06510411e+05  9.13e+04   1.12e+03     4.29e-04   551.913s
 353000 +3.15083596e+05 +4.05705504e+05  9.06e+04   1.13e+03     4.26e-04   553.083s
 354000 +3.15010840e+05 +4.04906569e+05  8.99e+04   1.13e+03     4.24e-04   554.254s
 355000 +3.14927875e+05 +4.04100532e+05  8.92e+04   1.13e+03     4.21e-04   555.446s
 356000 +3.14855590e+05 +4.03259799e+05  8.84e+04   1.13e+03     4.18e-04   556.645s
 357000 +3.14777119e+05 +4.02422254e+05  8.76e+04   1.13e+03     4.15e-04   557.839s
 358000 +3.14699163e+05 +4.01587556e+05  8.69e+04   1.14e+03     4.12e-04   559.016s
 359000 +3.14633194e+05 +4.00782454e+05  8.61e+04   1.14e+03     4.09e-04   560.186s
 360000 +3.14579747e+05 +3.99968062e+05  8.54e+04   1.13e+03     4.07e-04   561.357s
 361000 +3.14519232e+05 +3.99178275e+05  8.47e+04   1.13e+03     4.04e-04   562.527s
 362000 +3.14468546e+05 +3.98375213e+05  8.39e+04   1.13e+03     4.01e-04   563.697s
 363000 +3.14419172e+05 +3.97549907e+05  8.31e+04   1.13e+03     4.00e-04   564.876s
 364000 +3.14360217e+05 +3.96778947e+05  8.24e+04   1.13e+03     3.95e-04   566.073s
 365000 +3.14301843e+05 +3.95995843e+05  8.17e+04   1.13e+03     3.92e-04   567.270s
 366000 +3.14249476e+05 +3.95259332e+05  8.10e+04   1.13e+03     3.89e-04   568.466s
 367000 +3.14195304e+05 +3.94545444e+05  8.04e+04   1.13e+03     3.86e-04   569.663s
 368000 +3.14143837e+05 +3.93869269e+05  7.97e+04   1.13e+03     3.84e-04   570.847s
 369000 +3.14101631e+05 +3.93204442e+05  7.91e+04   1.12e+03     3.81e-04   572.017s
 370000 +3.14076773e+05 +3.92526267e+05  7.84e+04   1.12e+03     3.80e-04   573.202s
 371000 +3.14049747e+05 +3.91861961e+05  7.78e+04   1.12e+03     3.77e-04   574.400s
 372000 +3.14008354e+05 +3.91192224e+05  7.72e+04   1.12e+03     3.74e-04   575.598s
 373000 +3.13978953e+05 +3.90517597e+05  7.65e+04   1.11e+03     3.71e-04   576.777s
 374000 +3.13937320e+05 +3.89833871e+05  7.59e+04   1.11e+03     3.69e-04   577.947s
 375000 +3.13917287e+05 +3.89156029e+05  7.52e+04   1.11e+03     3.67e-04   579.117s
 376000 +3.13903172e+05 +3.88477857e+05  7.46e+04   1.10e+03     3.64e-04   580.288s
 377000 +3.13880047e+05 +3.87827405e+05  7.39e+04   1.10e+03     3.64e-04   581.459s
 378000 +3.13864355e+05 +3.87204469e+05  7.33e+04   1.10e+03     3.61e-04   582.629s
 379000 +3.13846833e+05 +3.86593283e+05  7.27e+04   1.09e+03     3.59e-04   583.799s
 380000 +3.13833900e+05 +3.85987926e+05  7.22e+04   1.09e+03     3.57e-04   584.970s
 381000 +3.13821970e+05 +3.85369801e+05  7.15e+04   1.08e+03     3.55e-04   586.140s
 382000 +3.13806196e+05 +3.84717700e+05  7.09e+04   1.08e+03     3.54e-04   587.310s
 383000 +3.13796849e+05 +3.84081333e+05  7.03e+04   1.08e+03     3.51e-04   588.481s
 384000 +3.13778088e+05 +3.83453440e+05  6.97e+04   1.07e+03     3.48e-04   589.651s
 385000 +3.13759217e+05 +3.82848567e+05  6.91e+04   1.07e+03     3.46e-04   590.822s
 386000 +3.13773230e+05 +3.82233051e+05  6.85e+04   1.06e+03     3.45e-04   591.993s
 387000 +3.13763639e+05 +3.81630471e+05  6.79e+04   1.06e+03     3.45e-04   593.163s
 388000 +3.13737312e+05 +3.81057654e+05  6.73e+04   1.06e+03     3.40e-04   594.334s
 389000 +3.13715915e+05 +3.80492387e+05  6.68e+04   1.05e+03     3.37e-04   595.504s
 390000 +3.13697104e+05 +3.79914106e+05  6.62e+04   1.05e+03     3.35e-04   596.675s
 391000 +3.13677571e+05 +3.79330275e+05  6.57e+04   1.05e+03     3.34e-04   597.845s
 392000 +3.13664619e+05 +3.78777891e+05  6.51e+04   1.04e+03     3.34e-04   599.016s
 393000 +3.13691036e+05 +3.78223476e+05  6.45e+04   1.04e+03     3.31e-04   600.186s
 394000 +3.13677148e+05 +3.77649289e+05  6.40e+04   1.03e+03     3.29e-04   601.356s
 395000 +3.13667503e+05 +3.77095159e+05  6.34e+04   1.03e+03     3.26e-04   602.527s
 396000 +3.13658557e+05 +3.76562895e+05  6.29e+04   1.02e+03     3.24e-04   603.697s
 397000 +3.13645215e+05 +3.76037319e+05  6.24e+04   1.02e+03     3.23e-04   604.867s
 398000 +3.13640806e+05 +3.75529384e+05  6.19e+04   1.02e+03     3.21e-04   606.038s
 399000 +3.13628685e+05 +3.75011847e+05  6.14e+04   1.01e+03     3.21e-04   607.208s
 400000 +3.13617484e+05 +3.74494300e+05  6.09e+04   1.01e+03     3.18e-04   608.378s
 401000 +3.13609422e+05 +3.73986899e+05  6.04e+04   1.00e+03     3.15e-04   609.549s
 402000 +3.13600430e+05 +3.73490807e+05  5.99e+04   9.99e+02     3.13e-04   610.719s
 403000 +3.13592269e+05 +3.73014365e+05  5.94e+04   9.95e+02     3.11e-04   611.890s
 404000 +3.13584128e+05 +3.72542138e+05  5.90e+04   9.91e+02     3.09e-04   613.061s
 405000 +3.13572437e+05 +3.72082115e+05  5.85e+04   9.88e+02     3.07e-04   614.230s
 406000 +3.13566388e+05 +3.71638402e+05  5.81e+04   9.84e+02     3.06e-04   615.401s
 407000 +3.13572104e+05 +3.71193475e+05  5.76e+04   9.80e+02     3.04e-04   616.572s
 408000 +3.13584696e+05 +3.70767261e+05  5.72e+04   9.76e+02     3.12e-04   617.742s
 409000 +3.13591855e+05 +3.70317985e+05  5.67e+04   9.72e+02     3.02e-04   618.912s
 410000 +3.13582906e+05 +3.69871760e+05  5.63e+04   9.68e+02     2.98e-04   620.082s
 411000 +3.13596775e+05 +3.69442424e+05  5.58e+04   9.63e+02     2.96e-04   621.252s
 412000 +3.13597179e+05 +3.68980659e+05  5.54e+04   9.59e+02     2.95e-04   622.423s
 413000 +3.13605837e+05 +3.68511195e+05  5.49e+04   9.55e+02     2.93e-04   623.593s
 414000 +3.13605500e+05 +3.68059785e+05  5.45e+04   9.51e+02     2.91e-04   624.763s
 415000 +3.13609242e+05 +3.67605669e+05  5.40e+04   9.47e+02     2.89e-04   625.934s
 416000 +3.13610894e+05 +3.67161206e+05  5.36e+04   9.43e+02     3.08e-04   627.104s
 417000 +3.13616032e+05 +3.66700673e+05  5.31e+04   9.40e+02     2.85e-04   628.274s
 418000 +3.13611678e+05 +3.66265831e+05  5.27e+04   9.36e+02     2.85e-04   629.445s
 419000 +3.13611131e+05 +3.65833574e+05  5.22e+04   9.33e+02     2.81e-04   630.616s
 420000 +3.13628700e+05 +3.65421349e+05  5.18e+04   9.29e+02     2.85e-04   631.786s
 421000 +3.13632639e+05 +3.65033308e+05  5.14e+04   9.25e+02     2.78e-04   632.956s
 422000 +3.13633832e+05 +3.64650492e+05  5.10e+04   9.22e+02     2.75e-04   634.127s
 423000 +3.13649134e+05 +3.64275560e+05  5.06e+04   9.18e+02     2.71e-04   635.298s
 424000 +3.13655266e+05 +3.63907412e+05  5.03e+04   9.14e+02     2.71e-04   636.468s
 425000 +3.13669032e+05 +3.63555729e+05  4.99e+04   9.11e+02     2.70e-04   637.638s
 426000 +3.13680789e+05 +3.63199220e+05  4.95e+04   9.07e+02     2.70e-04   638.808s
 427000 +3.13689010e+05 +3.62842579e+05  4.92e+04   9.04e+02     2.65e-04   639.979s
 428000 +3.13691095e+05 +3.62521683e+05  4.88e+04   9.00e+02     2.63e-04   641.149s
 429000 +3.13713661e+05 +3.62186936e+05  4.85e+04   8.96e+02     2.60e-04   642.319s
 430000 +3.13722679e+05 +3.61844290e+05  4.81e+04   8.92e+02     2.60e-04   643.489s
 431000 +3.13729856e+05 +3.61458696e+05  4.77e+04   8.89e+02     2.56e-04   644.660s
 432000 +3.13734317e+05 +3.60994039e+05  4.73e+04   8.85e+02     2.54e-04   645.830s
 433000 +3.13741003e+05 +3.60567321e+05  4.68e+04   8.83e+02     2.51e-04   647.000s
 434000 +3.13748518e+05 +3.60150858e+05  4.64e+04   8.80e+02     2.49e-04   648.170s
 435000 +3.13773936e+05 +3.59754827e+05  4.60e+04   8.76e+02     2.48e-04   649.341s
 436000 +3.13791807e+05 +3.59396245e+05  4.56e+04   8.72e+02     2.47e-04   650.511s
 437000 +3.13816725e+05 +3.59021503e+05  4.52e+04   8.68e+02     2.43e-04   651.682s
 438000 +3.13839633e+05 +3.58691849e+05  4.49e+04   8.64e+02     2.42e-04   652.852s
 439000 +3.13850536e+05 +3.58390678e+05  4.45e+04   8.60e+02     2.41e-04   654.023s
 440000 +3.13861148e+05 +3.58104954e+05  4.42e+04   8.56e+02     2.38e-04   655.193s
 441000 +3.13871274e+05 +3.57818661e+05  4.39e+04   8.52e+02     2.36e-04   656.364s
 442000 +3.13883056e+05 +3.57559655e+05  4.37e+04   8.49e+02     2.35e-04   657.534s
 443000 +3.13894636e+05 +3.57311314e+05  4.34e+04   8.45e+02     2.33e-04   658.705s
 444000 +3.13917289e+05 +3.57058036e+05  4.31e+04   8.41e+02     2.34e-04   659.875s
 445000 +3.13934292e+05 +3.56826823e+05  4.29e+04   8.37e+02     2.31e-04   661.045s
 446000 +3.13948912e+05 +3.56578220e+05  4.26e+04   8.33e+02     2.28e-04   662.216s
 447000 +3.13965429e+05 +3.56349515e+05  4.24e+04   8.28e+02     2.27e-04   663.386s
 448000 +3.13988373e+05 +3.56132303e+05  4.21e+04   8.24e+02     2.26e-04   664.558s
 449000 +3.14008122e+05 +3.55894022e+05  4.19e+04   8.20e+02     2.24e-04   665.749s
 450000 +3.14023699e+05 +3.55671519e+05  4.16e+04   8.15e+02     2.22e-04   666.931s
 451000 +3.14046200e+05 +3.55465119e+05  4.14e+04   8.11e+02     2.21e-04   668.123s
 452000 +3.14064347e+05 +3.55277599e+05  4.12e+04   8.07e+02     2.20e-04   669.295s
 453000 +3.14092446e+05 +3.55087090e+05  4.10e+04   8.02e+02     2.20e-04   670.466s
 454000 +3.14109296e+05 +3.54889912e+05  4.08e+04   7.99e+02     2.18e-04   671.636s
 455000 +3.14129670e+05 +3.54721509e+05  4.06e+04   7.95e+02     2.16e-04   672.807s
 456000 +3.14154855e+05 +3.54557370e+05  4.04e+04   7.91e+02     2.15e-04   673.977s
 457000 +3.14191483e+05 +3.54396630e+05  4.02e+04   7.87e+02     2.20e-04   675.148s
 458000 +3.14216671e+05 +3.54237734e+05  4.00e+04   7.84e+02     2.14e-04   676.318s
 459000 +3.14247969e+05 +3.54093538e+05  3.98e+04   7.80e+02     2.16e-04   677.489s
 460000 +3.14262944e+05 +3.53945990e+05  3.97e+04   7.78e+02     2.10e-04   678.659s
 461000 +3.14286167e+05 +3.53804411e+05  3.95e+04   7.75e+02     2.09e-04   679.830s
 462000 +3.14306378e+05 +3.53650153e+05  3.93e+04   7.72e+02     2.08e-04   681.000s
 463000 +3.14323647e+05 +3.53495173e+05  3.92e+04   7.69e+02     2.06e-04   682.171s
 464000 +3.14340560e+05 +3.53330521e+05  3.90e+04   7.67e+02     2.05e-04   683.341s
 465000 +3.14363721e+05 +3.53151358e+05  3.88e+04   7.64e+02     2.04e-04   684.511s
 466000 +3.14395555e+05 +3.52945875e+05  3.86e+04   7.61e+02     2.03e-04   685.682s
 467000 +3.14419168e+05 +3.52737841e+05  3.83e+04   7.59e+02     2.01e-04   686.852s
 468000 +3.14446842e+05 +3.52529584e+05  3.81e+04   7.57e+02     2.00e-04   688.023s
 469000 +3.14469667e+05 +3.52329687e+05  3.79e+04   7.56e+02     1.99e-04   689.194s
 470000 +3.14502965e+05 +3.52126281e+05  3.76e+04   7.53e+02     1.98e-04   690.364s
 471000 +3.14522968e+05 +3.51911599e+05  3.74e+04   7.51e+02     1.96e-04   691.535s
 472000 +3.14551598e+05 +3.51697066e+05  3.71e+04   7.49e+02     1.95e-04   692.705s
 473000 +3.14571645e+05 +3.51484707e+05  3.69e+04   7.47e+02     1.94e-04   693.876s
 474000 +3.14599706e+05 +3.51261693e+05  3.67e+04   7.45e+02     1.92e-04   695.046s
 475000 +3.14612943e+05 +3.51038645e+05  3.64e+04   7.43e+02     1.91e-04   696.216s
 476000 +3.14633118e+05 +3.50821331e+05  3.62e+04   7.41e+02     1.89e-04   697.386s
 477000 +3.14653547e+05 +3.50616269e+05  3.60e+04   7.40e+02     1.88e-04   698.557s
 478000 +3.14672939e+05 +3.50413458e+05  3.57e+04   7.38e+02     1.86e-04   699.728s
 479000 +3.14691125e+05 +3.50197704e+05  3.55e+04   7.36e+02     1.85e-04   700.898s
 480000 +3.14702976e+05 +3.49983606e+05  3.53e+04   7.34e+02     1.84e-04   702.069s
 481000 +3.14718956e+05 +3.49773839e+05  3.51e+04   7.32e+02     1.83e-04   703.239s
 482000 +3.14734979e+05 +3.49571834e+05  3.48e+04   7.30e+02     1.82e-04   704.410s
 483000 +3.14760127e+05 +3.49377252e+05  3.46e+04   7.28e+02     1.85e-04   705.581s
 484000 +3.14778615e+05 +3.49190852e+05  3.44e+04   7.26e+02     1.82e-04   706.751s
 485000 +3.14797988e+05 +3.49010877e+05  3.42e+04   7.25e+02     1.78e-04   707.921s
 486000 +3.14821301e+05 +3.48848721e+05  3.40e+04   7.22e+02     1.78e-04   709.092s
 487000 +3.14849106e+05 +3.48692999e+05  3.38e+04   7.20e+02     1.76e-04   710.262s
 488000 +3.14866672e+05 +3.48545030e+05  3.37e+04   7.18e+02     1.76e-04   711.433s
 489000 +3.14895847e+05 +3.48398658e+05  3.35e+04   7.15e+02     1.76e-04   712.604s
 490000 +3.14916416e+05 +3.48257003e+05  3.33e+04   7.12e+02     1.74e-04   713.774s
 491000 +3.14941967e+05 +3.48103484e+05  3.32e+04   7.10e+02     1.74e-04   714.944s
 492000 +3.14965700e+05 +3.47959793e+05  3.30e+04   7.08e+02     1.71e-04   716.114s
 493000 +3.14985780e+05 +3.47816682e+05  3.28e+04   7.06e+02     1.70e-04   717.285s
 494000 +3.15008210e+05 +3.47677165e+05  3.27e+04   7.04e+02     1.70e-04   718.456s
 495000 +3.15029281e+05 +3.47542575e+05  3.25e+04   7.02e+02     1.69e-04   719.627s
 496000 +3.15051523e+05 +3.47397913e+05  3.23e+04   7.00e+02     1.81e-04   720.797s
 497000 +3.15083678e+05 +3.47252793e+05  3.22e+04   6.98e+02     1.69e-04   721.967s
 498000 +3.15105050e+05 +3.47113924e+05  3.20e+04   6.96e+02     1.66e-04   723.138s
 499000 +3.15125406e+05 +3.46966900e+05  3.18e+04   6.94e+02     1.68e-04   724.308s
 500000 +3.15148869e+05 +3.46817325e+05  3.17e+04   6.92e+02     1.64e-04   725.479s
 501000 +3.15174777e+05 +3.46669746e+05  3.15e+04   6.90e+02     1.64e-04   726.649s
 502000 +3.15199779e+05 +3.46530764e+05  3.13e+04   6.88e+02     1.65e-04   727.820s
 503000 +3.15233727e+05 +3.46387541e+05  3.12e+04   6.86e+02     1.66e-04   728.991s
 504000 +3.15253857e+05 +3.46234597e+05  3.10e+04   6.84e+02     1.61e-04   730.161s
 505000 +3.15282168e+05 +3.46088146e+05  3.08e+04   6.82e+02     1.62e-04   731.332s
 506000 +3.15301175e+05 +3.45952352e+05  3.07e+04   6.80e+02     1.59e-04   732.502s
 507000 +3.15326844e+05 +3.45806683e+05  3.05e+04   6.78e+02     1.58e-04   733.673s
 508000 +3.15341763e+05 +3.45659542e+05  3.03e+04   6.77e+02     1.57e-04   734.843s
 509000 +3.15359263e+05 +3.45480473e+05  3.01e+04   6.76e+02     1.56e-04   736.014s
 510000 +3.15378938e+05 +3.45300948e+05  2.99e+04   6.75e+02     1.55e-04   737.185s
 511000 +3.15406703e+05 +3.45135155e+05  2.97e+04   6.73e+02     1.61e-04   738.355s
 512000 +3.15427990e+05 +3.44978813e+05  2.96e+04   6.71e+02     1.52e-04   739.526s
 513000 +3.15448626e+05 +3.44826611e+05  2.94e+04   6.69e+02     1.56e-04   740.696s
 514000 +3.15472448e+05 +3.44694209e+05  2.92e+04   6.68e+02     1.51e-04   741.867s
 515000 +3.15494668e+05 +3.44564576e+05  2.91e+04   6.66e+02     1.52e-04   743.038s
 516000 +3.15512421e+05 +3.44437277e+05  2.89e+04   6.65e+02     1.50e-04   744.208s
 517000 +3.15529978e+05 +3.44323221e+05  2.88e+04   6.63e+02     1.48e-04   745.378s
 518000 +3.16703827e+05 +3.43876787e+05  2.72e+04   6.30e+02     1.67e-04   746.550s
 519000 +3.16726019e+05 +3.43430977e+05  2.67e+04   6.30e+02     1.49e-04   747.720s
 520000 +3.16758404e+05 +3.43006677e+05  2.62e+04   6.30e+02     1.45e-04   748.890s
 521000 +3.16781209e+05 +3.42595509e+05  2.58e+04   6.31e+02     1.43e-04   750.061s
 522000 +3.16814596e+05 +3.42199373e+05  2.54e+04   6.32e+02     1.44e-04   751.231s
 523000 +3.16822105e+05 +3.41794202e+05  2.50e+04   6.33e+02     1.39e-04   752.401s
 524000 +3.16839072e+05 +3.41405598e+05  2.46e+04   6.33e+02     1.38e-04   753.572s
 525000 +3.16853189e+05 +3.41018571e+05  2.42e+04   6.33e+02     1.36e-04   754.742s
 526000 +3.16867125e+05 +3.40649069e+05  2.38e+04   6.33e+02     1.35e-04   755.912s
 527000 +3.16879297e+05 +3.40276754e+05  2.34e+04   6.33e+02     1.34e-04   757.083s
 528000 +3.16892812e+05 +3.39908946e+05  2.30e+04   6.33e+02     1.33e-04   758.253s
 529000 +3.16899553e+05 +3.39563223e+05  2.27e+04   6.32e+02     1.32e-04   759.424s
 530000 +3.16907106e+05 +3.39241707e+05  2.23e+04   6.31e+02     1.31e-04   760.594s
 531000 +3.16914235e+05 +3.38924247e+05  2.20e+04   6.31e+02     1.30e-04   761.764s
 532000 +3.16928667e+05 +3.38619035e+05  2.17e+04   6.30e+02     1.30e-04   762.934s
 533000 +3.16935164e+05 +3.38321768e+05  2.14e+04   6.30e+02     1.28e-04   764.105s
 534000 +3.16947059e+05 +3.38036158e+05  2.11e+04   6.29e+02     1.31e-04   765.275s
 535000 +3.16958519e+05 +3.37760006e+05  2.08e+04   6.28e+02     1.28e-04   766.445s
 536000 +3.16974788e+05 +3.37486767e+05  2.05e+04   6.27e+02     1.27e-04   767.615s
 537000 +3.17001005e+05 +3.37228554e+05  2.02e+04   6.26e+02     1.26e-04   768.786s
 538000 +3.17016272e+05 +3.36959574e+05  1.99e+04   6.25e+02     1.26e-04   769.956s
 539000 +3.17029732e+05 +3.36701428e+05  1.97e+04   6.24e+02     1.24e-04   771.127s
 540000 +3.17041265e+05 +3.36445448e+05  1.94e+04   6.24e+02     1.23e-04   772.297s
 541000 +3.17057612e+05 +3.36194605e+05  1.91e+04   6.23e+02     1.26e-04   773.466s
 542000 +3.17075097e+05 +3.35939443e+05  1.89e+04   6.22e+02     1.23e-04   774.636s
 543000 +3.17104898e+05 +3.35688087e+05  1.86e+04   6.20e+02     1.22e-04   775.807s
 544000 +3.17115325e+05 +3.35446470e+05  1.83e+04   6.19e+02     1.20e-04   776.976s
 545000 +3.17136898e+05 +3.35213216e+05  1.81e+04   6.18e+02     1.19e-04   778.147s
 546000 +3.17152326e+05 +3.34988131e+05  1.78e+04   6.16e+02     1.19e-04   779.317s
 547000 +3.17168354e+05 +3.34774940e+05  1.76e+04   6.15e+02     1.18e-04   780.506s
 548000 +3.17188832e+05 +3.34560042e+05  1.74e+04   6.13e+02     1.19e-04   781.691s
 549000 +3.17205941e+05 +3.34354117e+05  1.71e+04   6.12e+02     1.16e-04   782.879s
 550000 +3.17216390e+05 +3.34153659e+05  1.69e+04   6.11e+02     1.19e-04   784.070s
 551000 +3.17236538e+05 +3.33965483e+05  1.67e+04   6.09e+02     1.19e-04   785.262s
 552000 +3.17262975e+05 +3.33785669e+05  1.65e+04   6.07e+02     1.15e-04   786.442s
 553000 +3.17293137e+05 +3.33612184e+05  1.63e+04   6.05e+02     1.23e-04   787.629s
 554000 +3.17311187e+05 +3.33444880e+05  1.61e+04   6.04e+02     1.14e-04   788.816s
 555000 +3.17329584e+05 +3.33283190e+05  1.60e+04   6.03e+02     1.14e-04   790.005s
 556000 +3.17352854e+05 +3.33127779e+05  1.58e+04   6.01e+02     1.16e-04   791.183s
 557000 +3.17381871e+05 +3.32974048e+05  1.56e+04   5.99e+02     1.16e-04   792.353s
 558000 +3.17401717e+05 +3.32825975e+05  1.54e+04   5.98e+02     1.15e-04   793.524s
 559000 +3.17435279e+05 +3.32683896e+05  1.52e+04   5.96e+02     1.16e-04   794.694s
 560000 +3.17454013e+05 +3.32547031e+05  1.51e+04   5.94e+02     1.11e-04   795.865s
 561000 +3.17471909e+05 +3.32413569e+05  1.49e+04   5.93e+02     1.13e-04   797.035s
 562000 +3.17497523e+05 +3.32290773e+05  1.48e+04   5.91e+02     1.09e-04   798.205s
 563000 +3.17520572e+05 +3.32177129e+05  1.47e+04   5.89e+02     1.08e-04   799.391s
 564000 +3.17539009e+05 +3.32066192e+05  1.45e+04   5.87e+02     1.06e-04   800.583s
 565000 +3.17556957e+05 +3.31965753e+05  1.44e+04   5.86e+02     1.06e-04   801.775s
 566000 +3.17581706e+05 +3.31878544e+05  1.43e+04   5.84e+02     1.09e-04   802.955s
 567000 +3.17604121e+05 +3.31790632e+05  1.42e+04   5.82e+02     1.06e-04   804.125s
 568000 +3.17627949e+05 +3.31710018e+05  1.41e+04   5.81e+02     1.04e-04   805.302s
 569000 +3.17650042e+05 +3.31631617e+05  1.40e+04   5.79e+02     1.04e-04   806.472s
 570000 +3.17677043e+05 +3.31562883e+05  1.39e+04   5.78e+02     1.08e-04   807.650s
 571000 +3.17710468e+05 +3.31494750e+05  1.38e+04   5.76e+02     1.05e-04   808.833s
 572000 +3.17730405e+05 +3.31430058e+05  1.37e+04   5.74e+02     1.03e-04   810.007s
 573000 +3.17755200e+05 +3.31360114e+05  1.36e+04   5.73e+02     1.06e-04   811.178s
 574000 +3.17776189e+05 +3.31297525e+05  1.35e+04   5.72e+02     1.06e-04   812.348s
 575000 +3.17795327e+05 +3.31227251e+05  1.34e+04   5.70e+02     1.03e-04   813.519s
 576000 +3.17831802e+05 +3.31155325e+05  1.33e+04   5.68e+02     1.10e-04   814.689s
 577000 +3.17854877e+05 +3.31075413e+05  1.32e+04   5.67e+02     1.02e-04   815.859s
 578000 +3.17885143e+05 +3.31002797e+05  1.31e+04   5.65e+02     1.05e-04   817.029s
 579000 +3.17908125e+05 +3.30935699e+05  1.30e+04   5.63e+02     1.00e-04   818.200s
 580000 +3.17929685e+05 +3.30873689e+05  1.29e+04   5.61e+02     9.75e-05   819.370s
 581000 +3.17961451e+05 +3.30822502e+05  1.29e+04   5.60e+02     1.00e-04   820.540s
 582000 +3.17985206e+05 +3.30772203e+05  1.28e+04   5.58e+02     1.01e-04   821.711s
 583000 +3.18007288e+05 +3.30720701e+05  1.27e+04   5.57e+02     9.56e-05   822.881s
 584000 +3.18025808e+05 +3.30665228e+05  1.26e+04   5.56e+02     9.58e-05   824.051s
 585000 +3.18046370e+05 +3.30615052e+05  1.26e+04   5.54e+02     9.58e-05   825.222s
 586000 +3.18063279e+05 +3.30573995e+05  1.25e+04   5.53e+02     9.58e-05   826.392s
 587000 +3.18085613e+05 +3.30526315e+05  1.24e+04   5.51e+02     9.87e-05   827.562s
 588000 +3.18099361e+05 +3.30479049e+05  1.24e+04   5.50e+02     9.35e-05   828.733s
 589000 +3.18113809e+05 +3.30427357e+05  1.23e+04   5.49e+02     9.28e-05   829.902s
 590000 +3.18130293e+05 +3.30376516e+05  1.22e+04   5.48e+02     9.17e-05   831.073s
 591000 +3.18145987e+05 +3.30330450e+05  1.22e+04   5.46e+02     9.30e-05   832.243s
 592000 +3.18166046e+05 +3.30289850e+05  1.21e+04   5.45e+02     1.07e-04   833.414s
 593000 +3.18182972e+05 +3.30248594e+05  1.21e+04   5.44e+02     1.06e-04   834.584s
 594000 +3.18196586e+05 +3.30207789e+05  1.20e+04   5.42e+02     9.25e-05   835.754s
 595000 +3.18215093e+05 +3.30167039e+05  1.20e+04   5.41e+02     9.26e-05   836.925s
 596000 +3.18245100e+05 +3.30127741e+05  1.19e+04   5.40e+02     9.38e-05   838.095s
 597000 +3.18264864e+05 +3.30083001e+05  1.18e+04   5.38e+02     9.09e-05   839.265s
 598000 +3.18283343e+05 +3.30037254e+05  1.18e+04   5.37e+02     9.04e-05   840.436s
 599000 +3.18297305e+05 +3.29992101e+05  1.17e+04   5.36e+02     8.83e-05   841.606s
 600000 +3.18309259e+05 +3.29949388e+05  1.16e+04   5.34e+02     8.78e-05   842.776s
 601000 +3.18324732e+05 +3.29911408e+05  1.16e+04   5.33e+02     8.75e-05   843.947s
 602000 +3.18336865e+05 +3.29873119e+05  1.15e+04   5.32e+02     8.75e-05   845.117s
 603000 +3.18354103e+05 +3.29843187e+05  1.15e+04   5.31e+02     8.80e-05   846.288s
 604000 +3.18366579e+05 +3.29813956e+05  1.14e+04   5.30e+02     8.62e-05   847.458s
 605000 +3.18379871e+05 +3.29786947e+05  1.14e+04   5.28e+02     8.57e-05   848.628s
 606000 +3.18394589e+05 +3.29764817e+05  1.14e+04   5.27e+02     8.55e-05   849.799s
 607000 +3.18408412e+05 +3.29746930e+05  1.13e+04   5.26e+02     8.57e-05   850.969s
 608000 +3.18424600e+05 +3.29732491e+05  1.13e+04   5.25e+02     8.65e-05   852.140s
 609000 +3.18445553e+05 +3.29706061e+05  1.13e+04   5.23e+02     9.54e-05   853.310s
 610000 +3.18460118e+05 +3.29676993e+05  1.12e+04   5.22e+02     8.45e-05   854.480s
 611000 +3.18474710e+05 +3.29651918e+05  1.12e+04   5.22e+02     8.50e-05   855.650s
 612000 +3.18488938e+05 +3.29623629e+05  1.11e+04   5.21e+02     8.61e-05   856.820s
 613000 +3.18502035e+05 +3.29598371e+05  1.11e+04   5.20e+02     8.43e-05   857.990s
 614000 +3.18516456e+05 +3.29575696e+05  1.11e+04   5.19e+02     8.35e-05   859.161s
 615000 +3.18533480e+05 +3.29550670e+05  1.10e+04   5.18e+02     8.22e-05   860.331s
 616000 +3.18547524e+05 +3.29531321e+05  1.10e+04   5.17e+02     8.20e-05   861.501s
 617000 +3.18562101e+05 +3.29512110e+05  1.10e+04   5.16e+02     8.17e-05   862.672s
 618000 +3.18577451e+05 +3.29493417e+05  1.09e+04   5.14e+02     8.23e-05   863.843s
 619000 +3.18591798e+05 +3.29481197e+05  1.09e+04   5.13e+02     8.15e-05   865.013s
 620000 +3.18609193e+05 +3.29466494e+05  1.09e+04   5.12e+02     8.11e-05   866.184s
 621000 +3.18627592e+05 +3.29459468e+05  1.08e+04   5.11e+02     8.22e-05   867.354s
 622000 +3.18651785e+05 +3.29450971e+05  1.08e+04   5.10e+02     8.36e-05   868.525s
 623000 +3.18676016e+05 +3.29444955e+05  1.08e+04   5.09e+02     1.02e-04   869.695s
 624000 +3.18693256e+05 +3.29443993e+05  1.08e+04   5.08e+02     7.98e-05   870.866s
 625000 +3.18710654e+05 +3.29438360e+05  1.07e+04   5.07e+02     7.96e-05   872.036s
 626000 +3.18726361e+05 +3.29432827e+05  1.07e+04   5.06e+02     7.96e-05   873.206s
 627000 +3.18739512e+05 +3.29425952e+05  1.07e+04   5.05e+02     7.90e-05   874.376s
 628000 +3.18751528e+05 +3.29417986e+05  1.07e+04   5.04e+02     7.88e-05   875.547s
 629000 +3.18767548e+05 +3.29412917e+05  1.06e+04   5.03e+02     7.91e-05   876.716s
 630000 +3.18785794e+05 +3.29404583e+05  1.06e+04   5.02e+02     8.11e-05   877.887s
 631000 +3.18798136e+05 +3.29391189e+05  1.06e+04   5.01e+02     8.02e-05   879.058s
 632000 +3.18812862e+05 +3.29377769e+05  1.06e+04   5.01e+02     7.84e-05   880.228s
 633000 +3.18826602e+05 +3.29365497e+05  1.05e+04   5.00e+02     7.72e-05   881.399s
 634000 +3.18841947e+05 +3.29348325e+05  1.05e+04   4.99e+02     7.75e-05   882.569s
 635000 +3.18854466e+05 +3.29332163e+05  1.05e+04   4.98e+02     7.76e-05   883.740s
 636000 +3.18869820e+05 +3.29317672e+05  1.04e+04   4.97e+02     7.71e-05   884.910s
 637000 +3.18885397e+05 +3.29302069e+05  1.04e+04   4.96e+02     7.89e-05   886.080s
 638000 +3.18900885e+05 +3.29287927e+05  1.04e+04   4.95e+02     7.76e-05   887.250s
 639000 +3.18914543e+05 +3.29274371e+05  1.04e+04   4.94e+02     7.62e-05   888.421s
 640000 +3.18928773e+05 +3.29264500e+05  1.03e+04   4.94e+02     7.58e-05   889.592s
 641000 +3.18942105e+05 +3.29253581e+05  1.03e+04   4.93e+02     8.05e-05   890.762s
 642000 +3.18955215e+05 +3.29242698e+05  1.03e+04   4.92e+02     7.60e-05   891.932s
 643000 +3.18967965e+05 +3.29232378e+05  1.03e+04   4.91e+02     7.52e-05   893.103s
 644000 +3.18982871e+05 +3.29224611e+05  1.02e+04   4.91e+02     7.54e-05   894.274s
 645000 +3.18995060e+05 +3.29215737e+05  1.02e+04   4.90e+02     7.46e-05   895.445s
 646000 +3.19010097e+05 +3.29205490e+05  1.02e+04   4.89e+02     7.51e-05   896.615s
 647000 +3.19024816e+05 +3.29194276e+05  1.02e+04   4.89e+02     7.43e-05   897.785s
 648000 +3.19044701e+05 +3.29183395e+05  1.01e+04   4.88e+02     7.87e-05   898.956s
 649000 +3.19064994e+05 +3.29174977e+05  1.01e+04   4.87e+02     7.63e-05   900.127s
 650000 +3.19079521e+05 +3.29166349e+05  1.01e+04   4.86e+02     7.56e-05   901.297s
 651000 +3.19099545e+05 +3.29155331e+05  1.01e+04   4.85e+02     8.62e-05   902.466s
 652000 +3.19108352e+05 +3.29144023e+05  1.00e+04   4.85e+02     7.42e-05   903.636s
 653000 +3.19121340e+05 +3.29137700e+05  1.00e+04   4.84e+02     7.42e-05   904.807s
 654000 +3.19135128e+05 +3.29129697e+05  9.99e+03   4.83e+02     7.32e-05   905.977s
 655000 +3.19145543e+05 +3.29120085e+05  9.97e+03   4.83e+02     7.25e-05   907.147s
 656000 +3.19155044e+05 +3.29112333e+05  9.96e+03   4.82e+02     7.25e-05   908.317s
 657000 +3.19168279e+05 +3.29105712e+05  9.94e+03   4.81e+02     7.25e-05   909.487s
 658000 +3.19181992e+05 +3.29100201e+05  9.92e+03   4.80e+02     7.26e-05   910.658s
 659000 +3.19194990e+05 +3.29094614e+05  9.90e+03   4.80e+02     7.23e-05   911.828s
 660000 +3.19206537e+05 +3.29088182e+05  9.88e+03   4.79e+02     7.19e-05   912.998s
 661000 +3.19219421e+05 +3.29079495e+05  9.86e+03   4.78e+02     7.21e-05   914.168s
 662000 +3.19230510e+05 +3.29073550e+05  9.84e+03   4.78e+02     7.19e-05   915.339s
 663000 +3.19243475e+05 +3.29065601e+05  9.82e+03   4.77e+02     7.39e-05   916.509s
 664000 +3.19259980e+05 +3.29061831e+05  9.80e+03   4.76e+02     7.67e-05   917.680s
 665000 +3.19271741e+05 +3.29058495e+05  9.79e+03   4.76e+02     7.14e-05   918.850s
 666000 +3.19283981e+05 +3.29054497e+05  9.77e+03   4.75e+02     7.08e-05   920.021s
 667000 +3.19296555e+05 +3.29054934e+05  9.76e+03   4.74e+02     7.17e-05   921.191s
 668000 +3.19307630e+05 +3.29052015e+05  9.74e+03   4.74e+02     7.15e-05   922.361s
 669000 +3.19321021e+05 +3.29049864e+05  9.73e+03   4.73e+02     7.01e-05   923.532s
 670000 +3.19333535e+05 +3.29047097e+05  9.71e+03   4.72e+02     7.27e-05   924.702s
 671000 +3.19344109e+05 +3.29041974e+05  9.70e+03   4.72e+02     7.08e-05   925.872s
 672000 +3.19358722e+05 +3.29039451e+05  9.68e+03   4.71e+02     7.23e-05   927.042s
 673000 +3.19371190e+05 +3.29034160e+05  9.66e+03   4.70e+02     7.02e-05   928.213s
 674000 +3.19385844e+05 +3.29027516e+05  9.64e+03   4.70e+02     8.24e-05   929.383s
 675000 +3.19402708e+05 +3.29018058e+05  9.62e+03   4.69e+02     7.31e-05   930.553s
 676000 +3.19414864e+05 +3.29008151e+05  9.59e+03   4.68e+02     7.00e-05   931.724s
 677000 +3.19427848e+05 +3.29002054e+05  9.57e+03   4.67e+02     6.88e-05   932.894s
 678000 +3.19439940e+05 +3.28996569e+05  9.56e+03   4.67e+02     6.92e-05   934.065s
 679000 +3.19454495e+05 +3.28989750e+05  9.54e+03   4.66e+02     7.42e-05   935.235s
 680000 +3.19469142e+05 +3.28988008e+05  9.52e+03   4.65e+02     7.01e-05   936.405s
 681000 +3.19482094e+05 +3.28987319e+05  9.51e+03   4.65e+02     6.79e-05   937.576s
 682000 +3.19494754e+05 +3.28988150e+05  9.49e+03   4.64e+02     7.11e-05   938.746s
 683000 +3.19508877e+05 +3.28988553e+05  9.48e+03   4.63e+02     6.80e-05   939.917s
 684000 +3.19523273e+05 +3.28993420e+05  9.47e+03   4.62e+02     6.96e-05   941.087s
 685000 +3.19538802e+05 +3.28995785e+05  9.46e+03   4.61e+02     6.88e-05   942.257s
 686000 +3.19550765e+05 +3.28995588e+05  9.44e+03   4.61e+02     6.72e-05   943.428s
 687000 +3.19566285e+05 +3.28993725e+05  9.43e+03   4.60e+02     7.27e-05   944.599s
 688000 +3.19577374e+05 +3.28997329e+05  9.42e+03   4.59e+02     6.96e-05   945.769s
 689000 +3.19590076e+05 +3.28997692e+05  9.41e+03   4.59e+02     6.90e-05   946.939s
 690000 +3.19600778e+05 +3.28995264e+05  9.39e+03   4.58e+02     6.67e-05   948.110s
 691000 +3.19612542e+05 +3.28990773e+05  9.38e+03   4.58e+02     6.89e-05   949.281s
 692000 +3.19626196e+05 +3.28989782e+05  9.36e+03   4.57e+02     6.71e-05   950.451s
 693000 +3.19644780e+05 +3.28987481e+05  9.34e+03   4.56e+02     7.71e-05   951.622s
 694000 +3.19659969e+05 +3.28984496e+05  9.32e+03   4.56e+02     7.73e-05   952.792s
 695000 +3.19676452e+05 +3.28979376e+05  9.30e+03   4.55e+02     6.73e-05   953.962s
 696000 +3.19688494e+05 +3.28972606e+05  9.28e+03   4.54e+02     6.81e-05   955.132s
 697000 +3.19703283e+05 +3.28968789e+05  9.27e+03   4.53e+02     6.95e-05   956.303s
 698000 +3.19724592e+05 +3.28968568e+05  9.24e+03   4.52e+02     7.20e-05   957.473s
 699000 +3.19741255e+05 +3.28968605e+05  9.23e+03   4.51e+02     7.67e-05   958.643s
 700000 +3.19756541e+05 +3.28966631e+05  9.21e+03   4.51e+02     6.73e-05   959.814s
 701000 +3.19770115e+05 +3.28965485e+05  9.20e+03   4.50e+02     6.76e-05   960.984s
 702000 +3.19783071e+05 +3.28962374e+05  9.18e+03   4.49e+02     6.84e-05   962.155s
 703000 +3.19795870e+05 +3.28958771e+05  9.16e+03   4.49e+02     6.73e-05   963.325s
 704000 +3.19809872e+05 +3.28956397e+05  9.15e+03   4.48e+02     6.63e-05   964.495s
 705000 +3.19821730e+05 +3.28955312e+05  9.13e+03   4.47e+02     6.66e-05   965.666s
 706000 +3.19837221e+05 +3.28952212e+05  9.11e+03   4.47e+02     6.71e-05   966.837s
 707000 +3.19857388e+05 +3.28949019e+05  9.09e+03   4.46e+02     6.73e-05   968.007s
 708000 +3.19867141e+05 +3.28946751e+05  9.08e+03   4.45e+02     6.73e-05   969.178s
 709000 +3.19886855e+05 +3.28944013e+05  9.06e+03   4.44e+02     7.59e-05   970.348s
 710000 +3.19900006e+05 +3.28938714e+05  9.04e+03   4.44e+02     6.56e-05   971.518s
 711000 +3.19913183e+05 +3.28935675e+05  9.02e+03   4.43e+02     6.52e-05   972.688s
 712000 +3.19924638e+05 +3.28935685e+05  9.01e+03   4.42e+02     6.55e-05   973.859s
 713000 +3.19935437e+05 +3.28936249e+05  9.00e+03   4.42e+02     6.48e-05   975.030s
 714000 +3.19944947e+05 +3.28936003e+05  8.99e+03   4.41e+02     6.40e-05   976.200s
 715000 +3.19953462e+05 +3.28936968e+05  8.98e+03   4.41e+02     6.27e-05   977.370s
 716000 +3.19962483e+05 +3.28939938e+05  8.98e+03   4.40e+02     6.29e-05   978.540s
 717000 +3.19971864e+05 +3.28940296e+05  8.97e+03   4.40e+02     6.37e-05   979.710s
 718000 +3.19982841e+05 +3.28940405e+05  8.96e+03   4.39e+02     6.37e-05   980.880s
 719000 +3.19992425e+05 +3.28943311e+05  8.95e+03   4.39e+02     6.74e-05   982.051s
 720000 +3.20002411e+05 +3.28945351e+05  8.94e+03   4.38e+02     6.33e-05   983.221s
 721000 +3.20010810e+05 +3.28945629e+05  8.93e+03   4.38e+02     6.42e-05   984.391s
 722000 +3.20024678e+05 +3.28946197e+05  8.92e+03   4.37e+02     6.40e-05   985.562s
 723000 +3.20034008e+05 +3.28948525e+05  8.91e+03   4.37e+02     6.46e-05   986.732s
 724000 +3.20043860e+05 +3.28951049e+05  8.91e+03   4.36e+02     6.35e-05   987.902s
 725000 +3.20055630e+05 +3.28952079e+05  8.90e+03   4.36e+02     6.28e-05   989.072s
 726000 +3.20066320e+05 +3.28954225e+05  8.89e+03   4.35e+02     6.45e-05   990.242s
 727000 +3.20077471e+05 +3.28957214e+05  8.88e+03   4.35e+02     6.34e-05   991.413s
 728000 +3.20090803e+05 +3.28959899e+05  8.87e+03   4.34e+02     6.19e-05   992.583s
 729000 +3.20100587e+05 +3.28961219e+05  8.86e+03   4.34e+02     6.19e-05   993.753s
 730000 +3.20109959e+05 +3.28964267e+05  8.85e+03   4.33e+02     6.10e-05   994.924s
 731000 +3.20119590e+05 +3.28968023e+05  8.85e+03   4.33e+02     6.18e-05   996.094s
 732000 +3.20129707e+05 +3.28970585e+05  8.84e+03   4.32e+02     6.25e-05   997.264s
 733000 +3.20140714e+05 +3.28972721e+05  8.83e+03   4.32e+02     6.23e-05   998.434s
 734000 +3.20147856e+05 +3.28974182e+05  8.83e+03   4.31e+02     6.47e-05   999.605s
 735000 +3.20160235e+05 +3.28975742e+05  8.82e+03   4.31e+02     6.69e-05   1000.775s
 736000 +3.20169647e+05 +3.28976905e+05  8.81e+03   4.30e+02     6.52e-05   1001.945s
 737000 +3.20180967e+05 +3.28978940e+05  8.80e+03   4.30e+02     6.27e-05   1003.116s
 738000 +3.20189601e+05 +3.28979918e+05  8.79e+03   4.29e+02     6.17e-05   1004.286s
 739000 +3.20199466e+05 +3.28983978e+05  8.78e+03   4.29e+02     6.22e-05   1005.457s
 740000 +3.20209641e+05 +3.28989052e+05  8.78e+03   4.28e+02     6.58e-05   1006.627s
 741000 +3.20220731e+05 +3.28993246e+05  8.77e+03   4.28e+02     6.18e-05   1007.797s
 742000 +3.20233286e+05 +3.28996896e+05  8.76e+03   4.27e+02     6.28e-05   1008.968s
 743000 +3.20244267e+05 +3.29001374e+05  8.76e+03   4.27e+02     6.60e-05   1010.138s
 744000 +3.20254370e+05 +3.29006099e+05  8.75e+03   4.26e+02     6.46e-05   1011.309s
 745000 +3.20266673e+05 +3.29010887e+05  8.74e+03   4.26e+02     6.34e-05   1012.479s
 746000 +3.20276103e+05 +3.29015755e+05  8.74e+03   4.25e+02     6.25e-05   1013.649s
 747000 +3.20285832e+05 +3.29018912e+05  8.73e+03   4.25e+02     6.06e-05   1014.820s
 748000 +3.20294560e+05 +3.29022532e+05  8.73e+03   4.25e+02     6.12e-05   1015.990s
 749000 +3.20308433e+05 +3.29028122e+05  8.72e+03   4.24e+02     6.20e-05   1017.160s
 750000 +3.20319866e+05 +3.29033169e+05  8.71e+03   4.24e+02     6.16e-05   1018.331s
 751000 +3.20334201e+05 +3.29038647e+05  8.70e+03   4.23e+02     6.75e-05   1019.501s
 752000 +3.21038149e+05 +3.28956605e+05  7.92e+03   4.10e+02     5.75e-04   1020.673s
 753000 +3.21107847e+05 +3.28814751e+05  7.71e+03   4.08e+02     3.90e-04   1021.843s
 754000 +3.21207082e+05 +3.28677061e+05  7.47e+03   4.04e+02     4.22e-04   1023.013s
 755000 +3.21265911e+05 +3.28552581e+05  7.29e+03   4.02e+02     3.47e-04   1024.183s
 756000 +3.21330887e+05 +3.28440585e+05  7.11e+03   3.99e+02     3.62e-04   1025.354s
 757000 +3.21391926e+05 +3.28341950e+05  6.95e+03   3.97e+02     3.52e-04   1026.524s
 758000 +3.21456056e+05 +3.28254727e+05  6.80e+03   3.94e+02     3.41e-04   1027.694s
 759000 +3.21533496e+05 +3.28166618e+05  6.63e+03   3.91e+02     4.35e-04   1028.865s
 760000 +3.21592245e+05 +3.28083498e+05  6.49e+03   3.89e+02     3.56e-04   1030.035s
 761000 +3.21641885e+05 +3.28015193e+05  6.37e+03   3.86e+02     3.75e-04   1031.205s
 762000 +3.21699857e+05 +3.27956887e+05  6.26e+03   3.84e+02     3.32e-04   1032.376s
 763000 +3.21743030e+05 +3.27893537e+05  6.15e+03   3.82e+02     3.19e-04   1033.546s
 764000 +3.21792738e+05 +3.27836216e+05  6.04e+03   3.81e+02     3.18e-04   1034.716s
 765000 +3.21842121e+05 +3.27778049e+05  5.94e+03   3.79e+02     3.98e-04   1035.886s
 766000 +3.21891689e+05 +3.27725147e+05  5.83e+03   3.77e+02     3.24e-04   1037.057s
 767000 +3.21934880e+05 +3.27676604e+05  5.74e+03   3.75e+02     3.18e-04   1038.227s
 768000 +3.21973642e+05 +3.27637913e+05  5.66e+03   3.74e+02     3.13e-04   1039.397s
 769000 +3.22019081e+05 +3.27602736e+05  5.58e+03   3.72e+02     3.33e-04   1040.567s
 770000 +3.22063488e+05 +3.27573242e+05  5.51e+03   3.71e+02     3.18e-04   1041.738s
 771000 +3.22105176e+05 +3.27548790e+05  5.44e+03   3.69e+02     3.11e-04   1042.908s
 772000 +3.22139629e+05 +3.27529047e+05  5.39e+03   3.68e+02     3.14e-04   1044.078s
 773000 +3.22170182e+05 +3.27509438e+05  5.34e+03   3.66e+02     3.12e-04   1045.249s
 774000 +3.22201977e+05 +3.27494216e+05  5.29e+03   3.65e+02     3.12e-04   1046.419s
 775000 +3.22233078e+05 +3.27489578e+05  5.26e+03   3.64e+02     3.04e-04   1047.589s
 776000 +3.22265991e+05 +3.27483560e+05  5.22e+03   3.63e+02     3.09e-04   1048.759s
 777000 +3.22298702e+05 +3.27480254e+05  5.18e+03   3.62e+02     3.02e-04   1049.929s
 778000 +3.22325958e+05 +3.27479093e+05  5.15e+03   3.61e+02     3.05e-04   1051.100s
 779000 +3.22356318e+05 +3.27487462e+05  5.13e+03   3.59e+02     2.94e-04   1052.269s
 780000 +3.22383767e+05 +3.27496286e+05  5.11e+03   3.58e+02     2.88e-04   1053.440s
 781000 +3.22412737e+05 +3.27497410e+05  5.08e+03   3.57e+02     2.88e-04   1054.611s
 782000 +3.22440106e+05 +3.27502337e+05  5.06e+03   3.56e+02     2.90e-04   1055.781s
 783000 +3.22468495e+05 +3.27508933e+05  5.04e+03   3.55e+02     2.86e-04   1056.950s
 784000 +3.22495390e+05 +3.27515879e+05  5.02e+03   3.54e+02     2.85e-04   1058.121s
 785000 +3.22519305e+05 +3.27520189e+05  5.00e+03   3.53e+02     2.83e-04   1059.291s
 786000 +3.22550058e+05 +3.27523221e+05  4.97e+03   3.52e+02     2.89e-04   1060.461s
 787000 +3.22585726e+05 +3.27526931e+05  4.94e+03   3.51e+02     3.03e-04   1061.633s
 788000 +3.22624268e+05 +3.27537220e+05  4.91e+03   3.49e+02     2.94e-04   1062.822s
 789000 +3.22653168e+05 +3.27556069e+05  4.90e+03   3.48e+02     2.89e-04   1064.012s
 790000 +3.22683098e+05 +3.27578084e+05  4.89e+03   3.47e+02     3.30e-04   1065.203s
 791000 +3.22707898e+05 +3.27606733e+05  4.90e+03   3.46e+02     3.26e-04   1066.390s
 792000 +3.22734835e+05 +3.27636623e+05  4.90e+03   3.45e+02     3.12e-04   1067.561s
 793000 +3.22768615e+05 +3.27671844e+05  4.90e+03   3.44e+02     3.14e-04   1068.731s
 794000 +3.22794595e+05 +3.27709838e+05  4.92e+03   3.43e+02     2.96e-04   1069.901s
 795000 +3.22825263e+05 +3.27748926e+05  4.92e+03   3.42e+02     2.84e-04   1071.072s
 796000 +3.22851425e+05 +3.27782804e+05  4.93e+03   3.41e+02     2.76e-04   1072.242s
 797000 +3.22882032e+05 +3.27816267e+05  4.93e+03   3.40e+02     2.82e-04   1073.413s
 798000 +3.22908379e+05 +3.27844021e+05  4.94e+03   3.39e+02     2.77e-04   1074.583s
 799000 +3.22935285e+05 +3.27872708e+05  4.94e+03   3.38e+02     2.85e-04   1075.754s
 800000 +3.22965151e+05 +3.27903214e+05  4.94e+03   3.37e+02     2.81e-04   1076.924s
 801000 +3.22993967e+05 +3.27938640e+05  4.94e+03   3.37e+02     2.81e-04   1078.095s
 802000 +3.23027708e+05 +3.27982928e+05  4.96e+03   3.35e+02     2.87e-04   1079.265s
 803000 +3.23056841e+05 +3.28021559e+05  4.96e+03   3.34e+02     3.03e-04   1080.435s
 804000 +3.23085952e+05 +3.28068169e+05  4.98e+03   3.33e+02     2.83e-04   1081.606s
 805000 +3.23112375e+05 +3.28121209e+05  5.01e+03   3.33e+02     2.71e-04   1082.776s
 806000 +3.23135959e+05 +3.28177787e+05  5.04e+03   3.32e+02     2.64e-04   1083.947s
 807000 +3.23158661e+05 +3.28224062e+05  5.07e+03   3.31e+02     2.77e-04   1085.117s
 808000 +3.23186301e+05 +3.28269583e+05  5.08e+03   3.30e+02     2.69e-04   1086.288s
 809000 +3.23214258e+05 +3.28318797e+05  5.10e+03   3.29e+02     2.69e-04   1087.458s
 810000 +3.23236243e+05 +3.28364891e+05  5.13e+03   3.28e+02     2.66e-04   1088.628s
 811000 +3.23263240e+05 +3.28409363e+05  5.15e+03   3.27e+02     2.62e-04   1089.799s
 812000 +3.23287104e+05 +3.28448479e+05  5.16e+03   3.27e+02     2.68e-04   1090.969s
 813000 +3.23309532e+05 +3.28487257e+05  5.18e+03   3.26e+02     2.64e-04   1092.139s
 814000 +3.23337150e+05 +3.28523097e+05  5.19e+03   3.25e+02     2.69e-04   1093.309s
 815000 +3.23376253e+05 +3.28556980e+05  5.18e+03   3.23e+02     2.72e-04   1094.479s
 816000 +3.23400188e+05 +3.28592388e+05  5.19e+03   3.23e+02     2.74e-04   1095.650s
 817000 +3.23427123e+05 +3.28629189e+05  5.20e+03   3.22e+02     2.64e-04   1096.820s
 818000 +3.23451971e+05 +3.28670242e+05  5.22e+03   3.21e+02     2.64e-04   1097.990s
 819000 +3.23494496e+05 +3.28712919e+05  5.22e+03   3.19e+02     2.83e-04   1099.160s
 820000 +3.23511263e+05 +3.28760676e+05  5.25e+03   3.19e+02     2.99e-04   1100.331s
 821000 +3.23535144e+05 +3.28806463e+05  5.27e+03   3.18e+02     2.86e-04   1101.501s
 822000 +3.23571140e+05 +3.28849521e+05  5.28e+03   3.17e+02     2.86e-04   1102.672s
 823000 +3.23589288e+05 +3.28893718e+05  5.30e+03   3.16e+02     2.80e-04   1103.843s
 824000 +3.23614492e+05 +3.28938108e+05  5.32e+03   3.15e+02     3.02e-04   1105.013s
 825000 +3.23637366e+05 +3.28981029e+05  5.34e+03   3.15e+02     2.83e-04   1106.184s
 826000 +3.23667768e+05 +3.29027024e+05  5.36e+03   3.14e+02     2.85e-04   1107.355s
 827000 +3.23703376e+05 +3.29069082e+05  5.37e+03   3.13e+02     2.93e-04   1108.525s
 828000 +3.23728656e+05 +3.29112652e+05  5.38e+03   3.12e+02     3.35e-04   1109.695s
 829000 +3.23783201e+05 +3.29152530e+05  5.37e+03   3.10e+02     3.73e-04   1110.865s
 830000 +3.23802427e+05 +3.29191509e+05  5.39e+03   3.09e+02     2.87e-04   1112.035s
 831000 +3.23826506e+05 +3.29233970e+05  5.41e+03   3.08e+02     2.56e-04   1113.205s
 832000 +3.23849809e+05 +3.29281765e+05  5.43e+03   3.08e+02     2.62e-04   1114.375s
 833000 +3.23870212e+05 +3.29329770e+05  5.46e+03   3.07e+02     2.59e-04   1115.544s
 834000 +3.23897684e+05 +3.29376830e+05  5.48e+03   3.06e+02     2.54e-04   1116.714s
 835000 +3.23920776e+05 +3.29414196e+05  5.49e+03   3.05e+02     2.53e-04   1117.885s
 836000 +3.23942132e+05 +3.29450214e+05  5.51e+03   3.04e+02     2.58e-04   1119.055s
 837000 +3.23962550e+05 +3.29484963e+05  5.52e+03   3.04e+02     2.62e-04   1120.224s
 838000 +3.23989020e+05 +3.29526886e+05  5.54e+03   3.03e+02     2.76e-04   1121.395s
 839000 +3.24030728e+05 +3.29572190e+05  5.54e+03   3.01e+02     3.17e-04   1122.565s
 840000 +3.24050811e+05 +3.29619825e+05  5.57e+03   3.01e+02     2.58e-04   1123.735s
 841000 +3.24073477e+05 +3.29669780e+05  5.60e+03   3.00e+02     2.69e-04   1124.905s
 842000 +3.24096672e+05 +3.29714759e+05  5.62e+03   2.99e+02     2.70e-04   1126.075s
 843000 +3.24116315e+05 +3.29755594e+05  5.64e+03   2.99e+02     2.67e-04   1127.245s
 844000 +3.24133585e+05 +3.29797893e+05  5.66e+03   2.98e+02     2.50e-04   1128.415s
 845000 +3.24155988e+05 +3.29838223e+05  5.68e+03   2.97e+02     2.54e-04   1129.585s
 846000 +3.24177075e+05 +3.29878038e+05  5.70e+03   2.97e+02     2.54e-04   1130.755s
 847000 +3.24199142e+05 +3.29918982e+05  5.72e+03   2.96e+02     2.55e-04   1131.925s
 848000 +3.24220033e+05 +3.29962199e+05  5.74e+03   2.95e+02     2.54e-04   1133.095s
 849000 +3.24241943e+05 +3.30003287e+05  5.76e+03   2.94e+02     2.51e-04   1134.265s
 850000 +3.24262117e+05 +3.30037117e+05  5.78e+03   2.94e+02     2.69e-04   1135.435s
 851000 +3.24280943e+05 +3.30066159e+05  5.79e+03   2.93e+02     2.56e-04   1136.605s
 852000 +3.24298059e+05 +3.30091871e+05  5.79e+03   2.93e+02     2.63e-04   1137.774s
 853000 +3.24318915e+05 +3.30116286e+05  5.80e+03   2.92e+02     2.62e-04   1138.944s
 854000 +3.24336997e+05 +3.30144800e+05  5.81e+03   2.91e+02     2.59e-04   1140.114s
 855000 +3.24353405e+05 +3.30174312e+05  5.82e+03   2.91e+02     2.57e-04   1141.284s
 856000 +3.24373619e+05 +3.30208316e+05  5.83e+03   2.90e+02     2.59e-04   1142.455s
 857000 +3.24392424e+05 +3.30241343e+05  5.85e+03   2.90e+02     2.52e-04   1143.625s
 858000 +3.24411617e+05 +3.30274111e+05  5.86e+03   2.89e+02     2.55e-04   1144.795s
 859000 +3.24434396e+05 +3.30305278e+05  5.87e+03   2.88e+02     2.81e-04   1145.965s
 860000 +3.24450356e+05 +3.30331717e+05  5.88e+03   2.88e+02     2.66e-04   1147.135s
 861000 +3.24470818e+05 +3.30361287e+05  5.89e+03   2.87e+02     2.63e-04   1148.306s
 862000 +3.24497049e+05 +3.30394493e+05  5.90e+03   2.86e+02     2.79e-04   1149.476s
 863000 +3.24511253e+05 +3.30424639e+05  5.91e+03   2.86e+02     2.61e-04   1150.646s
 864000 +3.24526856e+05 +3.30457929e+05  5.93e+03   2.85e+02     2.70e-04   1151.816s
 865000 +3.24543332e+05 +3.30489584e+05  5.95e+03   2.85e+02     2.57e-04   1152.986s
 866000 +3.24559192e+05 +3.30519095e+05  5.96e+03   2.85e+02     2.63e-04   1154.156s
 867000 +3.24574992e+05 +3.30545313e+05  5.97e+03   2.84e+02     2.50e-04   1155.327s
 868000 +3.24596427e+05 +3.30573738e+05  5.98e+03   2.84e+02     2.63e-04   1156.496s
 869000 +3.24615178e+05 +3.30599505e+05  5.98e+03   2.83e+02     2.62e-04   1157.666s
 870000 +3.24631258e+05 +3.30625154e+05  5.99e+03   2.83e+02     2.73e-04   1158.836s
 871000 +3.24648895e+05 +3.30651585e+05  6.00e+03   2.82e+02     2.52e-04   1160.029s
 872000 +3.24668922e+05 +3.30677111e+05  6.01e+03   2.82e+02     2.53e-04   1161.224s
 873000 +3.24686203e+05 +3.30699214e+05  6.01e+03   2.81e+02     2.40e-04   1162.419s
 874000 +3.24702555e+05 +3.30724485e+05  6.02e+03   2.81e+02     2.28e-04   1163.613s
 875000 +3.24725216e+05 +3.30748680e+05  6.02e+03   2.80e+02     2.34e-04   1164.806s
 876000 +3.24741683e+05 +3.30773219e+05  6.03e+03   2.79e+02     2.37e-04   1165.997s
 877000 +3.24757098e+05 +3.30797094e+05  6.04e+03   2.79e+02     2.89e-04   1167.191s
 878000 +3.24780398e+05 +3.30822189e+05  6.04e+03   2.78e+02     2.46e-04   1168.386s
 879000 +3.24801523e+05 +3.30850775e+05  6.05e+03   2.78e+02     2.46e-04   1169.580s
 880000 +3.24822521e+05 +3.30871955e+05  6.05e+03   2.77e+02     2.42e-04   1170.774s
 881000 +3.24840488e+05 +3.30893684e+05  6.05e+03   2.76e+02     2.44e-04   1171.964s
 882000 +3.24861305e+05 +3.30916430e+05  6.06e+03   2.76e+02     2.32e-04   1173.160s
 883000 +3.24873981e+05 +3.30942182e+05  6.07e+03   2.75e+02     2.21e-04   1174.356s
 884000 +3.24891255e+05 +3.30969181e+05  6.08e+03   2.75e+02     2.23e-04   1175.553s
 885000 +3.24911192e+05 +3.30995549e+05  6.08e+03   2.74e+02     2.30e-04   1176.735s
 886000 +3.24925994e+05 +3.31018285e+05  6.09e+03   2.74e+02     2.20e-04   1177.930s
 887000 +3.24947704e+05 +3.31041345e+05  6.09e+03   2.73e+02     2.65e-04   1179.126s
 888000 +3.24964959e+05 +3.31065102e+05  6.10e+03   2.73e+02     2.47e-04   1180.324s
 889000 +3.24983726e+05 +3.31083089e+05  6.10e+03   2.72e+02     2.21e-04   1181.522s
 890000 +3.24998220e+05 +3.31100659e+05  6.10e+03   2.72e+02     2.20e-04   1182.714s
 891000 +3.25014107e+05 +3.31116522e+05  6.10e+03   2.72e+02     2.22e-04   1183.883s
 892000 +3.25027402e+05 +3.31132858e+05  6.11e+03   2.71e+02     2.20e-04   1185.053s
 893000 +3.25046546e+05 +3.31149271e+05  6.10e+03   2.71e+02     2.21e-04   1186.222s
 894000 +3.25061081e+05 +3.31165595e+05  6.10e+03   2.70e+02     2.19e-04   1187.402s
 895000 +3.25080071e+05 +3.31179617e+05  6.10e+03   2.70e+02     2.22e-04   1188.577s
 896000 +3.25098581e+05 +3.31194690e+05  6.10e+03   2.69e+02     2.16e-04   1189.764s
 897000 +3.25111803e+05 +3.31213126e+05  6.10e+03   2.69e+02     2.04e-04   1190.957s
 898000 +3.25128239e+05 +3.31229330e+05  6.10e+03   2.68e+02     2.10e-04   1192.146s
 899000 +3.25144799e+05 +3.31247957e+05  6.10e+03   2.68e+02     2.15e-04   1193.340s
 900000 +3.25160591e+05 +3.31269244e+05  6.11e+03   2.67e+02     2.09e-04   1194.532s
 901000 +3.25175569e+05 +3.31289144e+05  6.11e+03   2.67e+02     2.06e-04   1195.725s
 902000 +3.25189385e+05 +3.31309656e+05  6.12e+03   2.67e+02     1.96e-04   1196.919s
 903000 +3.25204357e+05 +3.31328575e+05  6.12e+03   2.66e+02     2.04e-04   1198.113s
 904000 +3.25218690e+05 +3.31346671e+05  6.13e+03   2.66e+02     2.06e-04   1199.305s
 905000 +3.25239565e+05 +3.31365710e+05  6.13e+03   2.65e+02     2.17e-04   1200.491s
 906000 +3.25256669e+05 +3.31386103e+05  6.13e+03   2.65e+02     2.05e-04   1201.684s
 907000 +3.25269565e+05 +3.31408480e+05  6.14e+03   2.64e+02     2.03e-04   1202.873s
 908000 +3.25287138e+05 +3.31430263e+05  6.14e+03   2.64e+02     2.11e-04   1204.067s
 909000 +3.25303644e+05 +3.31451598e+05  6.15e+03   2.63e+02     2.06e-04   1205.261s
 910000 +3.25321710e+05 +3.31472214e+05  6.15e+03   2.63e+02     2.08e-04   1206.443s
 911000 +3.25336752e+05 +3.31491215e+05  6.15e+03   2.62e+02     2.05e-04   1207.634s
 912000 +3.25353165e+05 +3.31511336e+05  6.16e+03   2.62e+02     2.31e-04   1208.828s
 913000 +3.25373403e+05 +3.31527800e+05  6.15e+03   2.61e+02     2.37e-04   1210.023s
 914000 +3.25385567e+05 +3.31541028e+05  6.16e+03   2.61e+02     2.11e-04   1211.213s
 915000 +3.25401492e+05 +3.31552413e+05  6.15e+03   2.61e+02     2.34e-04   1212.407s
 916000 +3.25416300e+05 +3.31564953e+05  6.15e+03   2.60e+02     2.09e-04   1213.576s
 917000 +3.25426421e+05 +3.31578739e+05  6.15e+03   2.60e+02     2.05e-04   1214.746s
 918000 +3.25443483e+05 +3.31594745e+05  6.15e+03   2.59e+02     2.19e-04   1215.915s
 919000 +3.25458009e+05 +3.31609387e+05  6.15e+03   2.59e+02     2.19e-04   1217.084s
 920000 +3.25472780e+05 +3.31623439e+05  6.15e+03   2.59e+02     2.19e-04   1218.253s
 921000 +3.25490478e+05 +3.31641260e+05  6.15e+03   2.58e+02     2.16e-04   1219.423s
 922000 +3.25503768e+05 +3.31657481e+05  6.15e+03   2.58e+02     2.10e-04   1220.592s
 923000 +3.25517021e+05 +3.31671260e+05  6.15e+03   2.58e+02     2.05e-04   1221.781s
 924000 +3.25533406e+05 +3.31687900e+05  6.15e+03   2.57e+02     2.15e-04   1222.969s
 925000 +3.25546366e+05 +3.31708302e+05  6.16e+03   2.57e+02     2.07e-04   1224.153s
 926000 +3.25563270e+05 +3.31730577e+05  6.17e+03   2.56e+02     2.08e-04   1225.329s
 927000 +3.25603998e+05 +3.31754713e+05  6.15e+03   2.55e+02     3.69e-04   1226.518s
 928000 +3.26669656e+05 +3.32246556e+05  5.58e+03   2.40e+02     1.20e-02   1227.707s
 929000 +3.27016081e+05 +3.32744364e+05  5.73e+03   2.31e+02     1.08e-02   1228.898s
 930000 +3.27307981e+05 +3.32978366e+05  5.67e+03   2.24e+02     9.67e-03   1230.092s
 931000 +3.27576167e+05 +3.33256207e+05  5.68e+03   2.18e+02     9.36e-03   1231.287s
 932000 +3.27834580e+05 +3.33433891e+05  5.60e+03   2.11e+02     8.73e-03   1232.481s
 933000 +3.28053765e+05 +3.33510484e+05  5.46e+03   2.07e+02     8.84e-03   1233.671s
 934000 +3.28276420e+05 +3.33532738e+05  5.26e+03   2.02e+02     8.67e-03   1234.860s
 935000 +3.28481617e+05 +3.33596710e+05  5.12e+03   1.97e+02     8.36e-03   1236.051s
 936000 +3.28683627e+05 +3.33551622e+05  4.87e+03   1.93e+02     8.22e-03   1237.232s
 937000 +3.28883480e+05 +3.33612762e+05  4.73e+03   1.89e+02     8.35e-03   1238.402s
 938000 +3.29078351e+05 +3.33589756e+05  4.51e+03   1.84e+02     8.14e-03   1239.571s
 939000 +3.29249816e+05 +3.33675815e+05  4.43e+03   1.81e+02     8.06e-03   1240.740s
 940000 +3.29415114e+05 +3.33566190e+05  4.15e+03   1.78e+02     8.04e-03   1241.915s
 941000 +3.29572831e+05 +3.33677877e+05  4.11e+03   1.75e+02     7.81e-03   1243.084s
 942000 +3.29724243e+05 +3.33587137e+05  3.86e+03   1.72e+02     8.34e-03   1244.253s
 943000 +3.29883877e+05 +3.33678101e+05  3.79e+03   1.69e+02     7.80e-03   1245.424s
 944000 +3.30033115e+05 +3.33656871e+05  3.62e+03   1.66e+02     7.89e-03   1246.618s
 945000 +3.30177466e+05 +3.33528565e+05  3.35e+03   1.64e+02     7.78e-03   1247.807s
 946000 +3.30317529e+05 +3.33466443e+05  3.15e+03   1.61e+02     7.96e-03   1248.999s
 947000 +3.30453715e+05 +3.33421503e+05  2.97e+03   1.59e+02     8.07e-03   1250.192s
 948000 +3.30587602e+05 +3.33419409e+05  2.83e+03   1.56e+02     7.26e-03   1251.381s
 949000 +3.30719911e+05 +3.33439856e+05  2.72e+03   1.54e+02     7.62e-03   1252.575s
 950000 +3.30846224e+05 +3.33474316e+05  2.63e+03   1.52e+02     8.47e-03   1253.769s
 951000 +3.30982446e+05 +3.33535681e+05  2.55e+03   1.50e+02     8.25e-03   1254.962s
 952000 +3.31101267e+05 +3.33516316e+05  2.42e+03   1.48e+02     7.12e-03   1256.154s
 953000 +3.31214675e+05 +3.33377005e+05  2.16e+03   1.46e+02     7.47e-03   1257.345s
 954000 +3.31325408e+05 +3.33224903e+05  1.90e+03   1.44e+02     7.44e-03   1258.539s
 955000 +3.31448603e+05 +3.33036867e+05  1.59e+03   1.42e+02     7.98e-03   1259.732s
 956000 +3.31547456e+05 +3.32976192e+05  1.43e+03   1.41e+02     7.47e-03   1260.925s
 957000 +3.31664518e+05 +3.32870672e+05  1.21e+03   1.39e+02     7.21e-03   1262.115s
 958000 +3.31781111e+05 +3.32827911e+05  1.05e+03   1.37e+02     6.94e-03   1263.306s
 959000 +3.31899667e+05 +3.32841152e+05  9.41e+02   1.35e+02     7.86e-03   1264.498s
 960000 +3.32018078e+05 +3.33021065e+05  1.00e+03   1.33e+02     7.45e-03   1265.692s
 961000 +3.32123537e+05 +3.33084095e+05  9.61e+02   1.32e+02     7.27e-03   1266.872s
 962000 +3.32221809e+05 +3.33175520e+05  9.54e+02   1.30e+02     7.42e-03   1268.042s
 963000 +3.32315688e+05 +3.33375499e+05  1.06e+03   1.29e+02     7.17e-03   1269.210s
 964000 +3.32417340e+05 +3.33497316e+05  1.08e+03   1.27e+02     7.24e-03   1270.379s
 965000 +3.32500331e+05 +3.33662079e+05  1.16e+03   1.26e+02     7.01e-03   1271.549s
 966000 +3.32588761e+05 +3.33871895e+05  1.28e+03   1.25e+02     6.57e-03   1272.718s
 967000 +3.32675725e+05 +3.34133847e+05  1.46e+03   1.24e+02     6.28e-03   1273.887s
 968000 +3.32762396e+05 +3.34303233e+05  1.54e+03   1.23e+02     5.86e-03   1275.077s
 969000 +3.32851179e+05 +3.34456135e+05  1.60e+03   1.22e+02     5.98e-03   1276.271s
 970000 +3.32938965e+05 +3.34453614e+05  1.51e+03   1.21e+02     6.33e-03   1277.464s
 971000 +3.33014352e+05 +3.34476884e+05  1.46e+03   1.20e+02     6.34e-03   1278.657s
 972000 +3.33094534e+05 +3.34557639e+05  1.46e+03   1.19e+02     6.11e-03   1279.850s
 973000 +3.33178096e+05 +3.34548363e+05  1.37e+03   1.17e+02     5.83e-03   1281.044s
 974000 +3.33265186e+05 +3.34510464e+05  1.25e+03   1.16e+02     5.69e-03   1282.238s
 975000 +3.33349877e+05 +3.34469613e+05  1.12e+03   1.15e+02     5.78e-03   1283.431s
 976000 +3.33429512e+05 +3.34443326e+05  1.01e+03   1.14e+02     5.85e-03   1284.622s
 977000 +3.33514323e+05 +3.34545640e+05  1.03e+03   1.13e+02     6.10e-03   1285.817s
 978000 +3.33591158e+05 +3.34490615e+05  8.99e+02   1.12e+02     6.06e-03   1287.012s
 979000 +3.33664597e+05 +3.34288728e+05  6.24e+02   1.11e+02     5.67e-03   1288.206s
 980000 +3.33741884e+05 +3.34225022e+05  4.83e+02   1.10e+02     5.48e-03   1289.399s
 981000 +3.33814741e+05 +3.34127839e+05  3.13e+02   1.09e+02     5.76e-03   1290.590s
 982000 +3.33871237e+05 +3.34064641e+05  1.93e+02   1.09e+02     5.80e-03   1291.783s
 983000 +3.33939030e+05 +3.34097896e+05  1.59e+02   1.08e+02     5.77e-03   1292.977s
 984000 +3.34015361e+05 +3.34078619e+05  6.33e+01   1.07e+02     5.58e-03   1294.171s
LP Solver status:                Optimal
Primal objective:                +3.34015361e+05
Dual objective:                  +3.34078619e+05
Duality gap (abs/rel):           +6.33e+01 / +9.47e-05
Primal infeasibility (abs/rel):  +1.07e+02 / +2.49e-05
Dual infeasibility (abs/rel):    +5.58e-03 / +4.40e-06
Distributed PDLP finished
Status: Optimal   Objective: 3.34015361e+05  Iterations: 984000  Time: 1315.422s

### exit_code=0
### finished=2026-07-27T18:20:39.757689
### gpu_peak_mb=24410.4
### gpu_peak2_mb=17562.4
### per_gpu_peak_mb=[24410.375, 17562.375, 16730.375, 17530.375, 16730.375, 17530.375, 16730.375, 17530.375]
