### solver=cuopt-distributed
### instance=/home/scratch.cmaes_sw/large-scale-LP-test-problems/large-problem-instances/multicommodity-flow-instance_5000_100_250.mps
### n_gpus=8
### CUDA_VISIBLE_DEVICES=0,1,2,3,4,5,6,7
### started=2026-07-23T19:01:21.793300
### argv=/home/scratch.vmostovoi_gpu/mostovoi_cuopt/cpp/build/cuopt_cli --use-distributed-pdlp true --method 1 --mps-reader experimental-fast --time-limit 3600 --iteration-limit 1000000000 --relative-primal-tolerance 1e-4 --relative-dual-tolerance 1e-4 --relative-gap-tolerance 1e-4 --log-to-console true /home/scratch.cmaes_sw/large-scale-LP-test-problems/large-problem-instances/multicommodity-flow-instance_5000_100_250.mps
### --- solver output ---
Setting parameter iteration_limit to 1000000000
Setting parameter log_to_console to true
Setting parameter method to 1
Setting parameter relative_dual_tolerance to 1.000000e-04
Setting parameter relative_gap_tolerance to 1.000000e-04
Setting parameter relative_primal_tolerance to 1.000000e-04
Setting parameter time_limit to 3.600000e+03
Setting parameter use_distributed_pdlp to true
Reading file multicommodity-flow-instance_5000_100_250.mps
Using experimental fast MPS parser for '/home/scratch.cmaes_sw/large-scale-LP-test-problems/large-problem-instances/multicommodity-flow-instance_5000_100_250.mps'
Read file multicommodity-flow-instance_5000_100_250.mps in 24.22 seconds
cuOpt version: 26.8.0, git hash: 7116ead1, host arch: x86_64, device archs: 100a-real
CPU: INTEL(R) XEON(R) PLATINUM 8570, threads (physical/logical): 112/224, RAM: 1555.70 GiB
CUDA 13.3, device: NVIDIA B200 (ID 0), VRAM: 178.34 GiB
CUDA device UUID: e7dca740-cb67-c5c1-9f70-180590865924
CUDA 13.3, device: NVIDIA B200 (ID 1), VRAM: 178.34 GiB
CUDA device UUID: 942b2637-20fa-3c36-c6a8-f1aa04d0bd1a
CUDA 13.3, device: NVIDIA B200 (ID 2), VRAM: 178.34 GiB
CUDA device UUID: c274a42e-3dad-5b13-2f97-0e73dad9860f
CUDA 13.3, device: NVIDIA B200 (ID 3), VRAM: 178.34 GiB
CUDA device UUID: 76f36abb-b870-62b0-e656-86fa3d970c41
CUDA 13.3, device: NVIDIA B200 (ID 4), VRAM: 178.34 GiB
CUDA device UUID: 7436505e-bbaf-e0ad-fb4b-6f59c231b2ec
CUDA 13.3, device: NVIDIA B200 (ID 5), VRAM: 178.34 GiB
CUDA device UUID: 8c99648d-c914-d608-25cc-190e34a0c1e6
CUDA 13.3, device: NVIDIA B200 (ID 6), VRAM: 178.34 GiB
CUDA device UUID: f98c5d53-bc59-f20d-4b6c-3039aaae2dc2
CUDA 13.3, device: NVIDIA B200 (ID 7), VRAM: 178.34 GiB
CUDA device UUID: c926fe7e-7c1d-5dc5-d0fc-cdaa30d4f70d
Solving a problem with 1775100 constraints, 127500100 variables (0 integers), and 257500100 nonzeros
Using PSLP presolver
PSLP Presolved problem: 1775081 constraints, 127498200 variables, 257496300 non-zeros
PSLP presolve time: 53.81s
Solving with distributed PDLP on 8 GPUs.
NCCL version 2.30.7+cuda13.3
      0 +0.00000000e+00 +0.00000000e+00  0.00e+00   1.12e+03     1.13e+04   87.589s
   1000 +6.49582996e+07 +6.78994122e+07  2.94e+06   1.47e+03     9.80e+01   88.494s
   2000 +6.42312993e+07 +6.61275043e+07  1.90e+06   9.52e+02     2.73e+01   89.230s
   3000 +6.40151201e+07 +6.56559868e+07  1.64e+06   8.61e+02     9.80e+00   89.965s
   4000 +6.39344443e+07 +6.55377368e+07  1.60e+06   7.58e+02     4.61e+00   90.701s
   5000 +6.38878895e+07 +6.55380016e+07  1.65e+06   7.29e+02     3.12e+00   91.435s
   6000 +6.38638424e+07 +6.55466551e+07  1.68e+06   6.89e+02     2.10e+00   92.170s
   7000 +6.38397514e+07 +6.56062032e+07  1.77e+06   6.72e+02     2.06e+00   92.904s
   8000 +6.38216729e+07 +6.56647605e+07  1.84e+06   6.47e+02     1.91e+00   93.639s
   9000 +6.38092273e+07 +6.57219315e+07  1.91e+06   6.27e+02     1.67e+00   94.373s
  10000 +6.37897438e+07 +6.59514989e+07  2.16e+06   6.15e+02     3.40e+00   95.108s
  11000 +6.38240588e+07 +6.62217604e+07  2.40e+06   6.05e+02     5.15e+00   95.838s
  12000 +6.39357774e+07 +6.64647369e+07  2.53e+06   5.83e+02     6.70e+00   96.567s
  13000 +6.41430231e+07 +6.66591845e+07  2.52e+06   5.53e+02     7.96e+00   97.295s
  14000 +6.45891123e+07 +6.67795764e+07  2.19e+06   5.02e+02     1.00e+01   98.024s
  15000 +6.63621643e+07 +6.67459751e+07  3.84e+05   2.09e+02     4.38e+01   98.753s
  16000 +6.67639030e+07 +6.68060421e+07  4.21e+04   5.54e+01     2.69e+01   99.482s
  17000 +6.67680834e+07 +6.68025728e+07  3.45e+04   3.59e+01     2.13e+01   100.209s
  18000 +6.69804278e+07 +6.68051186e+07  1.75e+05   4.72e+01     1.38e+01   100.939s
  19000 +6.69052859e+07 +6.68109500e+07  9.43e+04   4.30e+01     1.02e+01   101.667s
  20000 +6.68512811e+07 +6.68036029e+07  4.77e+04   3.26e+01     8.74e+00   102.395s
  21000 +6.68400362e+07 +6.68000539e+07  4.00e+04   2.65e+01     7.69e+00   103.124s
  22000 +6.68340860e+07 +6.67980285e+07  3.61e+04   2.30e+01     6.82e+00   103.852s
  23000 +6.68191183e+07 +6.67956376e+07  2.35e+04   2.07e+01     6.17e+00   104.580s
  24000 +6.68078129e+07 +6.67933953e+07  1.44e+04   1.88e+01     5.64e+00   105.308s
  25000 +6.68063563e+07 +6.67911047e+07  1.53e+04   1.67e+01     5.22e+00   106.036s
  26000 +6.68004015e+07 +6.67894403e+07  1.10e+04   1.54e+01     4.84e+00   106.765s
  27000 +6.68160225e+07 +6.67780351e+07  3.80e+04   4.82e+01     3.63e+00   107.494s
  28000 +6.68609816e+07 +6.67753679e+07  8.56e+04   4.21e+01     2.90e+00   108.223s
  29000 +6.68700446e+07 +6.67726804e+07  9.74e+04   3.96e+01     2.41e+00   108.952s
  30000 +6.68614278e+07 +6.67713869e+07  9.00e+04   3.63e+01     2.04e+00   109.681s
  31000 +6.68434426e+07 +6.67698850e+07  7.36e+04   3.22e+01     1.80e+00   110.410s
  32000 +6.68253167e+07 +6.67684441e+07  5.69e+04   2.99e+01     1.60e+00   111.138s
  33000 +6.68119553e+07 +6.67671994e+07  4.48e+04   2.64e+01     1.45e+00   111.867s
  34000 +6.68031194e+07 +6.67661619e+07  3.70e+04   2.37e+01     1.31e+00   112.595s
  35000 +6.67956617e+07 +6.67651796e+07  3.05e+04   2.16e+01     1.22e+00   113.324s
  36000 +6.67904455e+07 +6.67643893e+07  2.61e+04   1.95e+01     1.13e+00   114.053s
  37000 +6.67862146e+07 +6.67636759e+07  2.25e+04   1.76e+01     1.05e+00   114.782s
  38000 +6.67830476e+07 +6.67629974e+07  2.01e+04   1.58e+01     9.98e-01   115.511s
  39000 +6.67806526e+07 +6.67624532e+07  1.82e+04   1.46e+01     9.49e-01   116.240s
  40000 +6.67786219e+07 +6.67618450e+07  1.68e+04   1.36e+01     9.03e-01   116.969s
  41000 +6.67768316e+07 +6.67613207e+07  1.55e+04   1.26e+01     8.60e-01   117.697s
  42000 +6.67769819e+07 +6.67566660e+07  2.03e+04   3.99e+01     6.22e-01   118.428s
  43000 +6.67814495e+07 +6.67554747e+07  2.60e+04   2.67e+01     5.31e-01   119.157s
  44000 +6.67831427e+07 +6.67546123e+07  2.85e+04   2.58e+01     4.70e-01   119.886s
  45000 +6.67827731e+07 +6.67538529e+07  2.89e+04   2.53e+01     4.18e-01   120.615s
  46000 +6.67827976e+07 +6.67532741e+07  2.95e+04   2.35e+01     3.74e-01   121.344s
  47000 +6.67821159e+07 +6.67528669e+07  2.92e+04   2.15e+01     3.39e-01   122.073s
  48000 +6.67803995e+07 +6.67525624e+07  2.78e+04   1.99e+01     3.16e-01   122.801s
  49000 +6.67784525e+07 +6.67521573e+07  2.63e+04   1.78e+01     2.91e-01   123.530s
  50000 +6.67762887e+07 +6.67518485e+07  2.44e+04   1.67e+01     2.75e-01   124.259s
  51000 +6.67742038e+07 +6.67515342e+07  2.27e+04   1.65e+01     2.54e-01   124.988s
  52000 +6.67722818e+07 +6.67512465e+07  2.10e+04   1.51e+01     2.38e-01   125.717s
  53000 +6.67701090e+07 +6.67510445e+07  1.91e+04   1.41e+01     2.26e-01   126.445s
  54000 +6.67681503e+07 +6.67508651e+07  1.73e+04   1.37e+01     2.15e-01   127.174s
  55000 +6.67664699e+07 +6.67506117e+07  1.59e+04   1.30e+01     2.04e-01   127.903s
  56000 +6.67649429e+07 +6.67504417e+07  1.45e+04   1.26e+01     1.92e-01   128.632s
  57000 +6.67636307e+07 +6.67502496e+07  1.34e+04   1.20e+01     1.81e-01   129.361s
  58000 +6.67624519e+07 +6.67501377e+07  1.23e+04   1.08e+01     1.76e-01   130.089s
  59000 +6.67612682e+07 +6.67500341e+07  1.12e+04   1.02e+01     1.71e-01   130.818s
  60000 +6.67601169e+07 +6.67498952e+07  1.02e+04   9.88e+00     1.64e-01   131.546s
  61000 +6.67590507e+07 +6.67497653e+07  9.29e+03   1.00e+01     1.58e-01   132.275s
  62000 +6.67580811e+07 +6.67496880e+07  8.39e+03   8.89e+00     1.55e-01   133.004s
  63000 +6.67572561e+07 +6.67495516e+07  7.70e+03   8.23e+00     1.50e-01   133.732s
  64000 +6.67565755e+07 +6.67494580e+07  7.12e+03   7.90e+00     1.45e-01   134.461s
  65000 +6.67549324e+07 +6.67480324e+07  6.90e+03   3.16e+01     9.26e-02   135.191s
  66000 +6.67538132e+07 +6.67477823e+07  6.03e+03   3.22e+01     7.57e-02   135.920s
  67000 +6.67532871e+07 +6.67475524e+07  5.73e+03   2.97e+01     6.65e-02   136.649s
  68000 +6.67530473e+07 +6.67474181e+07  5.63e+03   2.57e+01     6.01e-02   137.378s
  69000 +6.67527464e+07 +6.67473136e+07  5.43e+03   2.79e+01     5.26e-02   138.107s
  70000 +6.67524501e+07 +6.67472481e+07  5.20e+03   2.47e+01     4.94e-02   138.836s
  71000 +6.67521368e+07 +6.67471509e+07  4.99e+03   2.39e+01     4.66e-02   139.565s
  72000 +6.67522235e+07 +6.67465750e+07  5.65e+03   2.19e+02     2.02e-02   140.295s
  73000 +6.67525977e+07 +6.67463574e+07  6.24e+03   7.29e+01     7.92e-03   141.024s
  74000 +6.67526822e+07 +6.67462634e+07  6.42e+03   1.64e+02     8.95e-04   141.755s
  75000 +6.67526164e+07 +6.67462567e+07  6.36e+03   1.30e+02     3.83e-05   142.486s
  76000 +6.67523127e+07 +6.67462565e+07  6.06e+03   7.75e+01     1.80e-05   143.215s
  77000 +6.67523039e+07 +6.67462565e+07  6.05e+03   7.01e+01     1.31e-05   143.946s
  78000 +6.67523050e+07 +6.67462565e+07  6.05e+03   6.97e+01     1.30e-05   144.674s
  79000 +6.67523056e+07 +6.67462565e+07  6.05e+03   6.96e+01     1.30e-05   145.404s
  80000 +6.67523028e+07 +6.67462565e+07  6.05e+03   6.95e+01     1.31e-05   146.132s
  81000 +6.67523017e+07 +6.67462565e+07  6.05e+03   6.94e+01     1.30e-05   146.862s
  82000 +6.67522843e+07 +6.67462565e+07  6.03e+03   6.28e+01     1.30e-05   147.591s
  83000 +6.67522786e+07 +6.67462565e+07  6.02e+03   6.00e+01     7.03e-06   148.319s
  84000 +6.67522819e+07 +6.67462565e+07  6.03e+03   6.05e+01     9.07e-06   149.048s
  85000 +6.67522711e+07 +6.67462565e+07  6.01e+03   5.86e+01     7.82e-06   149.779s
  86000 +6.67522758e+07 +6.67462565e+07  6.02e+03   3.85e+01     7.15e-06   150.508s
  87000 +6.67522757e+07 +6.67462566e+07  6.02e+03   3.92e+01     7.47e-06   151.237s
  88000 +6.67522610e+07 +6.67462566e+07  6.00e+03   2.90e+01     9.42e-06   151.966s
  89000 +6.67522772e+07 +6.67462566e+07  6.02e+03   3.16e+01     7.11e-06   152.696s
  90000 +6.67522653e+07 +6.67462566e+07  6.01e+03   2.64e+01     8.29e-06   153.425s
  91000 +6.67522525e+07 +6.67462566e+07  6.00e+03   2.70e+01     7.31e-06   154.154s
  92000 +6.67522561e+07 +6.67462566e+07  6.00e+03   2.62e+01     7.35e-06   154.883s
  93000 +6.67522431e+07 +6.67462566e+07  5.99e+03   2.49e+01     7.31e-06   155.612s
  94000 +6.67522414e+07 +6.67462566e+07  5.98e+03   2.57e+01     6.95e-06   156.341s
  95000 +6.67522317e+07 +6.67462566e+07  5.98e+03   2.44e+01     3.83e-05   157.072s
  96000 +6.67522211e+07 +6.67462568e+07  5.96e+03   2.27e+01     5.59e-05   157.801s
  97000 +6.67522156e+07 +6.67462569e+07  5.96e+03   2.20e+01     8.41e-05   158.530s
  98000 +6.67522153e+07 +6.67462569e+07  5.96e+03   2.07e+01     9.67e-05   159.259s
  99000 +6.67522125e+07 +6.67462570e+07  5.96e+03   1.95e+01     1.11e-04   159.988s
 100000 +6.67521795e+07 +6.67462571e+07  5.92e+03   1.90e+01     1.05e-04   160.717s
 101000 +6.67521509e+07 +6.67462572e+07  5.89e+03   1.82e+01     1.09e-04   161.446s
 102000 +6.67521087e+07 +6.67462572e+07  5.85e+03   1.76e+01     9.38e-05   162.175s
 103000 +6.67520764e+07 +6.67462573e+07  5.82e+03   1.71e+01     1.06e-04   162.904s
 104000 +6.67520174e+07 +6.67462573e+07  5.76e+03   1.65e+01     9.79e-05   163.633s
 105000 +6.67519343e+07 +6.67462573e+07  5.68e+03   1.59e+01     1.07e-04   164.362s
 106000 +6.67518325e+07 +6.67462574e+07  5.58e+03   1.52e+01     1.18e-04   165.090s
 107000 +6.67517430e+07 +6.67462574e+07  5.49e+03   1.47e+01     1.13e-04   165.819s
 108000 +6.67516967e+07 +6.67462574e+07  5.44e+03   1.42e+01     1.04e-04   166.548s
 109000 +6.67516968e+07 +6.67462575e+07  5.44e+03   1.36e+01     1.14e-04   167.276s
 110000 +6.67517049e+07 +6.67462575e+07  5.45e+03   1.32e+01     1.03e-04   168.005s
 111000 +6.67517071e+07 +6.67462575e+07  5.45e+03   1.27e+01     1.04e-04   168.734s
 112000 +6.67517104e+07 +6.67462575e+07  5.45e+03   1.25e+01     7.95e-05   169.462s
 113000 +6.67517083e+07 +6.67462575e+07  5.45e+03   1.20e+01     8.70e-05   170.191s
 114000 +6.67517068e+07 +6.67462575e+07  5.45e+03   1.14e+01     8.31e-05   170.920s
 115000 +6.67517029e+07 +6.67462575e+07  5.45e+03   1.12e+01     7.99e-05   171.649s
 116000 +6.67517094e+07 +6.67462575e+07  5.45e+03   1.11e+01     7.98e-05   172.378s
 117000 +6.67517200e+07 +6.67462575e+07  5.46e+03   1.06e+01     8.68e-05   173.107s
 118000 +6.67517196e+07 +6.67462575e+07  5.46e+03   1.03e+01     8.42e-05   173.836s
 119000 +6.67517185e+07 +6.67462576e+07  5.46e+03   9.96e+00     7.70e-05   174.564s
 120000 +6.67517098e+07 +6.67462576e+07  5.45e+03   9.75e+00     7.58e-05   175.293s
 121000 +6.67516993e+07 +6.67462576e+07  5.44e+03   9.43e+00     6.74e-05   176.022s
 122000 +6.67516921e+07 +6.67462576e+07  5.43e+03   9.29e+00     6.43e-05   176.751s
 123000 +6.67516791e+07 +6.67462576e+07  5.42e+03   9.11e+00     6.31e-05   177.480s
 124000 +6.67516606e+07 +6.67462576e+07  5.40e+03   9.00e+00     5.92e-05   178.209s
 125000 +6.67516389e+07 +6.67462576e+07  5.38e+03   8.82e+00     5.89e-05   178.937s
 126000 +6.67516129e+07 +6.67462576e+07  5.36e+03   8.60e+00     5.83e-05   179.666s
 127000 +6.67515819e+07 +6.67462577e+07  5.32e+03   8.44e+00     5.56e-05   180.395s
 128000 +6.67515515e+07 +6.67462577e+07  5.29e+03   8.14e+00     5.51e-05   181.123s
 129000 +6.67515184e+07 +6.67462577e+07  5.26e+03   8.02e+00     5.66e-05   181.852s
 130000 +6.67514874e+07 +6.67462577e+07  5.23e+03   7.87e+00     5.77e-05   182.581s
 131000 +6.67514546e+07 +6.67462577e+07  5.20e+03   7.64e+00     5.83e-05   183.309s
 132000 +6.67514167e+07 +6.67462577e+07  5.16e+03   7.45e+00     5.72e-05   184.038s
 133000 +6.67513803e+07 +6.67462577e+07  5.12e+03   7.31e+00     5.38e-05   184.767s
 134000 +6.67513531e+07 +6.67462578e+07  5.10e+03   7.36e+00     5.22e-05   185.495s
 135000 +6.67513207e+07 +6.67462577e+07  5.06e+03   7.15e+00     5.10e-05   186.224s
 136000 +6.67513025e+07 +6.67462578e+07  5.04e+03   6.22e+00     5.82e-05   186.955s
 137000 +6.67512908e+07 +6.67462578e+07  5.03e+03   6.08e+00     9.84e-05   187.683s
 138000 +6.67512748e+07 +6.67462578e+07  5.02e+03   5.77e+00     1.60e-04   188.412s
 139000 +6.67512500e+07 +6.67462578e+07  4.99e+03   5.57e+00     1.93e-04   189.141s
 140000 +6.67512159e+07 +6.67462578e+07  4.96e+03   5.13e+00     2.19e-04   189.870s
 141000 +6.67511707e+07 +6.67462578e+07  4.91e+03   4.79e+00     2.28e-04   190.598s
 142000 +6.67511168e+07 +6.67462578e+07  4.86e+03   4.42e+00     2.28e-04   191.326s
 143000 +6.67510592e+07 +6.67462577e+07  4.80e+03   4.11e+00     2.22e-04   192.055s
 144000 +6.67510049e+07 +6.67462577e+07  4.75e+03   3.93e+00     2.21e-04   192.784s
 145000 +6.67509570e+07 +6.67462577e+07  4.70e+03   3.68e+00     2.25e-04   193.513s
 146000 +6.67509154e+07 +6.67462577e+07  4.66e+03   3.56e+00     2.13e-04   194.242s
 147000 +6.67508697e+07 +6.67462577e+07  4.61e+03   3.18e+00     2.08e-04   194.971s
 148000 +6.67508318e+07 +6.67462577e+07  4.57e+03   3.10e+00     2.00e-04   195.700s
 149000 +6.67507954e+07 +6.67462577e+07  4.54e+03   2.99e+00     1.89e-04   196.429s
 150000 +6.67507631e+07 +6.67462578e+07  4.51e+03   2.90e+00     1.81e-04   197.158s
 151000 +6.67507334e+07 +6.67462578e+07  4.48e+03   2.89e+00     1.57e-04   197.887s
 152000 +6.67507074e+07 +6.67462578e+07  4.45e+03   2.88e+00     1.54e-04   198.615s
 153000 +6.67506786e+07 +6.67462578e+07  4.42e+03   2.70e+00     1.49e-04   199.344s
 154000 +6.67506558e+07 +6.67462578e+07  4.40e+03   2.60e+00     1.37e-04   200.073s
 155000 +6.67506326e+07 +6.67462578e+07  4.37e+03   2.47e+00     1.31e-04   200.802s
 156000 +6.67506135e+07 +6.67462578e+07  4.36e+03   2.32e+00     1.27e-04   201.531s
 157000 +6.67505960e+07 +6.67462578e+07  4.34e+03   2.27e+00     1.25e-04   202.260s
 158000 +6.67505794e+07 +6.67462578e+07  4.32e+03   2.21e+00     1.16e-04   202.989s
 159000 +6.67505616e+07 +6.67462578e+07  4.30e+03   2.06e+00     1.11e-04   203.718s
 160000 +6.67505615e+07 +6.67462578e+07  4.30e+03   1.94e+00     1.06e-04   204.448s
 161000 +6.67505648e+07 +6.67462578e+07  4.31e+03   1.98e+00     9.70e-05   205.177s
 162000 +6.67505679e+07 +6.67462578e+07  4.31e+03   1.81e+00     9.45e-05   205.905s
 163000 +6.67505663e+07 +6.67462578e+07  4.31e+03   1.82e+00     9.01e-05   206.634s
 164000 +6.67505630e+07 +6.67462579e+07  4.31e+03   1.39e+00     6.94e-05   207.364s
 165000 +6.67505610e+07 +6.67462579e+07  4.30e+03   1.36e+00     7.72e-05   208.093s
 166000 +6.67505581e+07 +6.67462579e+07  4.30e+03   1.33e+00     8.67e-05   208.822s
 167000 +6.67505539e+07 +6.67462579e+07  4.30e+03   1.30e+00     9.12e-05   209.551s
 168000 +6.67505472e+07 +6.67462579e+07  4.29e+03   1.28e+00     9.89e-05   210.279s
 169000 +6.67505387e+07 +6.67462579e+07  4.28e+03   1.24e+00     1.08e-04   211.008s
 170000 +6.67505262e+07 +6.67462579e+07  4.27e+03   1.19e+00     1.15e-04   211.737s
 171000 +6.67505133e+07 +6.67462579e+07  4.26e+03   1.14e+00     1.18e-04   212.466s
 172000 +6.67504963e+07 +6.67462579e+07  4.24e+03   1.11e+00     1.24e-04   213.195s
 173000 +6.67504761e+07 +6.67462580e+07  4.22e+03   1.11e+00     1.11e-04   213.924s
 174000 +6.67504533e+07 +6.67462580e+07  4.20e+03   1.09e+00     1.12e-04   214.653s
 175000 +6.67504289e+07 +6.67462580e+07  4.17e+03   1.07e+00     1.09e-04   215.382s
 176000 +6.67504036e+07 +6.67462580e+07  4.15e+03   1.08e+00     1.05e-04   216.111s
 177000 +6.67503792e+07 +6.67462580e+07  4.12e+03   1.04e+00     1.07e-04   216.840s
 178000 +6.67503584e+07 +6.67462580e+07  4.10e+03   1.04e+00     1.03e-04   217.569s
 179000 +6.67503376e+07 +6.67462580e+07  4.08e+03   1.05e+00     1.04e-04   218.297s
 180000 +6.67503148e+07 +6.67462580e+07  4.06e+03   1.01e+00     1.07e-04   219.027s
 181000 +6.67502924e+07 +6.67462580e+07  4.03e+03   1.01e+00     1.03e-04   219.755s
 182000 +6.67502757e+07 +6.67462580e+07  4.02e+03   1.03e+00     1.01e-04   220.484s
 183000 +6.67502521e+07 +6.67462581e+07  3.99e+03   9.85e-01     1.04e-04   221.212s
 184000 +6.67502302e+07 +6.67462581e+07  3.97e+03   9.84e-01     9.82e-05   221.941s
 185000 +6.67502054e+07 +6.67462581e+07  3.95e+03   9.55e-01     1.03e-04   222.669s
 186000 +6.67501774e+07 +6.67462581e+07  3.92e+03   9.45e-01     1.07e-04   223.399s
 187000 +6.67501454e+07 +6.67462581e+07  3.89e+03   9.87e-01     1.07e-04   224.127s
 188000 +6.67501128e+07 +6.67462581e+07  3.85e+03   9.56e-01     1.09e-04   224.856s
 189000 +6.67500783e+07 +6.67462581e+07  3.82e+03   9.51e-01     1.12e-04   225.584s
 190000 +6.67500671e+07 +6.67462581e+07  3.81e+03   8.41e-01     1.24e-04   226.315s
 191000 +6.67500535e+07 +6.67462581e+07  3.80e+03   8.33e-01     1.41e-04   227.044s
 192000 +6.67500361e+07 +6.67462581e+07  3.78e+03   8.24e-01     1.60e-04   227.772s
 193000 +6.67500146e+07 +6.67462581e+07  3.76e+03   8.14e-01     1.79e-04   228.501s
 194000 +6.67499876e+07 +6.67462581e+07  3.73e+03   8.02e-01     1.98e-04   229.230s
 195000 +6.67499543e+07 +6.67462581e+07  3.70e+03   7.89e-01     2.18e-04   229.959s
 196000 +6.67499159e+07 +6.67462581e+07  3.66e+03   7.89e-01     2.25e-04   230.687s
 197000 +6.67498765e+07 +6.67462582e+07  3.62e+03   7.60e-01     2.39e-04   231.416s
 198000 +6.67498305e+07 +6.67462582e+07  3.57e+03   7.62e-01     2.51e-04   232.144s
 199000 +6.67497819e+07 +6.67462582e+07  3.52e+03   7.51e-01     2.60e-04   232.873s
 200000 +6.67497290e+07 +6.67462582e+07  3.47e+03   7.42e-01     2.61e-04   233.602s
 201000 +6.67496790e+07 +6.67462582e+07  3.42e+03   7.20e-01     2.69e-04   234.330s
 202000 +6.67496313e+07 +6.67462582e+07  3.37e+03   7.26e-01     2.73e-04   235.059s
 203000 +6.67495837e+07 +6.67462581e+07  3.33e+03   7.13e-01     2.78e-04   235.787s
 204000 +6.67495352e+07 +6.67462581e+07  3.28e+03   7.06e-01     2.83e-04   236.516s
 205000 +6.67494858e+07 +6.67462582e+07  3.23e+03   6.92e-01     2.85e-04   237.245s
 206000 +6.67494347e+07 +6.67462581e+07  3.18e+03   6.79e-01     2.86e-04   237.973s
 207000 +6.67493823e+07 +6.67462581e+07  3.12e+03   6.61e-01     2.87e-04   238.702s
 208000 +6.67493321e+07 +6.67462581e+07  3.07e+03   6.49e-01     2.90e-04   239.431s
 209000 +6.67492827e+07 +6.67462581e+07  3.02e+03   6.35e-01     2.93e-04   240.160s
 210000 +6.67492347e+07 +6.67462581e+07  2.98e+03   6.31e-01     2.97e-04   240.888s
 211000 +6.67491896e+07 +6.67462581e+07  2.93e+03   6.66e-01     2.88e-04   241.617s
 212000 +6.67491521e+07 +6.67462581e+07  2.89e+03   6.74e-01     2.82e-04   242.346s
 213000 +6.67491347e+07 +6.67462580e+07  2.88e+03   5.49e-01     2.96e-04   243.076s
 214000 +6.67491194e+07 +6.67462580e+07  2.86e+03   5.45e-01     3.21e-04   243.805s
 215000 +6.67491012e+07 +6.67462581e+07  2.84e+03   5.42e-01     3.49e-04   244.534s
 216000 +6.67490802e+07 +6.67462581e+07  2.82e+03   5.40e-01     3.67e-04   245.263s
 217000 +6.67490570e+07 +6.67462581e+07  2.80e+03   5.44e-01     3.42e-04   245.992s
 218000 +6.67490328e+07 +6.67462581e+07  2.77e+03   5.33e-01     3.55e-04   246.721s
 219000 +6.67490062e+07 +6.67462581e+07  2.75e+03   5.31e-01     3.66e-04   247.450s
 220000 +6.67489770e+07 +6.67462581e+07  2.72e+03   5.23e-01     3.73e-04   248.179s
 221000 +6.67489465e+07 +6.67462581e+07  2.69e+03   5.19e-01     3.74e-04   248.908s
 222000 +6.67489138e+07 +6.67462581e+07  2.66e+03   5.20e-01     3.82e-04   249.637s
 223000 +6.67488805e+07 +6.67462581e+07  2.62e+03   5.16e-01     3.93e-04   250.366s
 224000 +6.67488439e+07 +6.67462581e+07  2.59e+03   5.07e-01     4.07e-04   251.095s
 225000 +6.67488035e+07 +6.67462582e+07  2.55e+03   5.06e-01     4.20e-04   251.824s
 226000 +6.67487604e+07 +6.67462582e+07  2.50e+03   4.97e-01     4.32e-04   252.553s
 227000 +6.67487163e+07 +6.67462582e+07  2.46e+03   4.95e-01     4.48e-04   253.281s
 228000 +6.67486697e+07 +6.67462582e+07  2.41e+03   4.86e-01     4.65e-04   254.010s
 229000 +6.67486194e+07 +6.67462582e+07  2.36e+03   4.82e-01     4.80e-04   254.739s
 230000 +6.67485676e+07 +6.67462582e+07  2.31e+03   4.79e-01     4.90e-04   255.468s
 231000 +6.67485120e+07 +6.67462582e+07  2.25e+03   4.70e-01     5.03e-04   256.197s
 232000 +6.67484551e+07 +6.67462582e+07  2.20e+03   4.75e-01     5.11e-04   256.926s
 233000 +6.67483989e+07 +6.67462582e+07  2.14e+03   4.69e-01     5.20e-04   257.655s
 234000 +6.67483453e+07 +6.67462583e+07  2.09e+03   4.87e-01     4.87e-04   258.384s
 235000 +6.67482933e+07 +6.67462583e+07  2.03e+03   4.65e-01     4.80e-04   259.113s
 236000 +6.67482426e+07 +6.67462583e+07  1.98e+03   4.85e-01     4.20e-04   259.842s
 237000 +6.67481939e+07 +6.67462583e+07  1.94e+03   4.79e-01     4.14e-04   260.570s
 238000 +6.67481623e+07 +6.67462582e+07  1.90e+03   4.25e-01     3.88e-04   261.301s
 239000 +6.67481402e+07 +6.67462582e+07  1.88e+03   4.21e-01     4.11e-04   262.030s
 240000 +6.67481152e+07 +6.67462583e+07  1.86e+03   4.15e-01     4.35e-04   262.759s
 241000 +6.67480884e+07 +6.67462583e+07  1.83e+03   4.17e-01     4.41e-04   263.488s
 242000 +6.67480596e+07 +6.67462583e+07  1.80e+03   4.13e-01     4.57e-04   264.217s
 243000 +6.67480296e+07 +6.67462583e+07  1.77e+03   4.12e-01     4.62e-04   264.946s
 244000 +6.67479974e+07 +6.67462584e+07  1.74e+03   4.07e-01     4.83e-04   265.674s
 245000 +6.67479636e+07 +6.67462584e+07  1.71e+03   4.03e-01     4.99e-04   266.403s
 246000 +6.67479283e+07 +6.67462584e+07  1.67e+03   4.04e-01     5.21e-04   267.132s
 247000 +6.67478932e+07 +6.67462584e+07  1.63e+03   4.01e-01     5.41e-04   267.862s
 248000 +6.67478560e+07 +6.67462584e+07  1.60e+03   3.97e-01     5.60e-04   268.590s
 249000 +6.67478177e+07 +6.67462584e+07  1.56e+03   4.06e-01     5.77e-04   269.320s
 250000 +6.67477796e+07 +6.67462584e+07  1.52e+03   3.98e-01     5.93e-04   270.048s
 251000 +6.67477408e+07 +6.67462584e+07  1.48e+03   3.93e-01     6.10e-04   270.777s
 252000 +6.67477001e+07 +6.67462584e+07  1.44e+03   3.89e-01     6.26e-04   271.506s
 253000 +6.67476609e+07 +6.67462584e+07  1.40e+03   3.96e-01     6.17e-04   272.235s
 254000 +6.67476223e+07 +6.67462584e+07  1.36e+03   4.02e-01     6.27e-04   272.964s
 255000 +6.67475820e+07 +6.67462584e+07  1.32e+03   3.86e-01     6.37e-04   273.693s
 256000 +6.67475399e+07 +6.67462584e+07  1.28e+03   3.79e-01     6.43e-04   274.422s
 257000 +6.67474974e+07 +6.67462584e+07  1.24e+03   3.84e-01     6.34e-04   275.150s
 258000 +6.67474536e+07 +6.67462584e+07  1.20e+03   3.87e-01     6.26e-04   275.879s
 259000 +6.67474077e+07 +6.67462584e+07  1.15e+03   3.69e-01     6.27e-04   276.608s
 260000 +6.67473604e+07 +6.67462584e+07  1.10e+03   3.67e-01     6.53e-04   277.337s
 261000 +6.67473132e+07 +6.67462584e+07  1.05e+03   3.75e-01     6.45e-04   278.066s
 262000 +6.67472651e+07 +6.67462584e+07  1.01e+03   3.63e-01     6.45e-04   278.795s
 263000 +6.67472165e+07 +6.67462584e+07  9.58e+02   3.62e-01     6.63e-04   279.524s
 264000 +6.67471690e+07 +6.67462584e+07  9.11e+02   3.74e-01     6.53e-04   280.253s
 265000 +6.67471224e+07 +6.67462584e+07  8.64e+02   3.68e-01     6.48e-04   280.981s
 266000 +6.67470913e+07 +6.67462584e+07  8.33e+02   3.42e-01     6.42e-04   281.712s
 267000 +6.67470599e+07 +6.67462584e+07  8.02e+02   3.40e-01     6.54e-04   282.441s
 268000 +6.67470281e+07 +6.67462584e+07  7.70e+02   3.40e-01     6.53e-04   283.169s
 269000 +6.67469961e+07 +6.67462584e+07  7.38e+02   3.40e-01     6.61e-04   283.898s
 270000 +6.67469635e+07 +6.67462584e+07  7.05e+02   3.40e-01     6.62e-04   284.628s
 271000 +6.67469314e+07 +6.67462584e+07  6.73e+02   3.39e-01     6.30e-04   285.357s
 272000 +6.67468996e+07 +6.67462584e+07  6.41e+02   3.38e-01     6.33e-04   286.085s
 273000 +6.67468674e+07 +6.67462584e+07  6.09e+02   3.31e-01     6.38e-04   286.814s
 274000 +6.67468353e+07 +6.67462584e+07  5.77e+02   3.27e-01     6.45e-04   287.543s
 275000 +6.67468034e+07 +6.67462584e+07  5.45e+02   3.39e-01     6.42e-04   288.271s
 276000 +6.67467734e+07 +6.67462584e+07  5.15e+02   3.25e-01     6.47e-04   289.001s
 277000 +6.67467432e+07 +6.67462584e+07  4.85e+02   3.21e-01     6.44e-04   289.729s
 278000 +6.67467132e+07 +6.67462584e+07  4.55e+02   3.18e-01     6.46e-04   290.458s
 279000 +6.67466826e+07 +6.67462585e+07  4.24e+02   3.17e-01     6.49e-04   291.188s
 280000 +6.67466521e+07 +6.67462584e+07  3.94e+02   3.17e-01     6.48e-04   291.917s
 281000 +6.67466210e+07 +6.67462585e+07  3.63e+02   3.15e-01     6.48e-04   292.645s
 282000 +6.67465893e+07 +6.67462584e+07  3.31e+02   3.15e-01     6.48e-04   293.374s
 283000 +6.67465577e+07 +6.67462585e+07  2.99e+02   3.17e-01     6.46e-04   294.103s
 284000 +6.67465258e+07 +6.67462585e+07  2.67e+02   3.16e-01     6.45e-04   294.832s
 285000 +6.67464940e+07 +6.67462585e+07  2.35e+02   3.12e-01     6.44e-04   295.561s
 286000 +6.67464630e+07 +6.67462585e+07  2.05e+02   3.11e-01     6.37e-04   296.290s
 287000 +6.67464325e+07 +6.67462585e+07  1.74e+02   3.11e-01     6.32e-04   297.019s
 288000 +6.67464028e+07 +6.67462585e+07  1.44e+02   3.12e-01     6.30e-04   297.748s
 289000 +6.67463740e+07 +6.67462585e+07  1.16e+02   3.10e-01     6.27e-04   298.476s
 290000 +6.67463431e+07 +6.67462586e+07  8.45e+01   3.11e-01     6.16e-04   299.207s
 291000 +6.67462983e+07 +6.67462586e+07  3.97e+01   3.07e-01     5.91e-04   299.935s
 292000 +6.67462554e+07 +6.67462586e+07  3.22e+00   3.11e-01     5.80e-04   300.665s
 293000 +6.67462158e+07 +6.67462586e+07  4.28e+01   3.11e-01     5.70e-04   301.393s
 294000 +6.67461775e+07 +6.67462586e+07  8.11e+01   3.12e-01     5.61e-04   302.122s
 295000 +6.67461409e+07 +6.67462586e+07  1.18e+02   3.19e-01     5.54e-04   302.851s
 296000 +6.67461092e+07 +6.67462585e+07  1.49e+02   3.37e-01     5.28e-04   303.579s
 297000 +6.67460787e+07 +6.67462585e+07  1.80e+02   3.20e-01     5.22e-04   304.308s
 298000 +6.67460485e+07 +6.67462585e+07  2.10e+02   3.22e-01     5.17e-04   305.037s
 299000 +6.67460184e+07 +6.67462585e+07  2.40e+02   3.21e-01     5.11e-04   305.766s
 300000 +6.67459893e+07 +6.67462585e+07  2.69e+02   3.30e-01     5.00e-04   306.494s
 301000 +6.67459610e+07 +6.67462585e+07  2.98e+02   3.33e-01     4.93e-04   307.224s
 302000 +6.67459330e+07 +6.67462585e+07  3.26e+02   3.38e-01     4.81e-04   307.952s
 303000 +6.67459056e+07 +6.67462585e+07  3.53e+02   3.36e-01     4.71e-04   308.681s
 304000 +6.67458791e+07 +6.67462585e+07  3.79e+02   3.36e-01     4.62e-04   309.410s
 305000 +6.67458529e+07 +6.67462586e+07  4.06e+02   3.35e-01     4.52e-04   310.138s
 306000 +6.67458282e+07 +6.67462586e+07  4.30e+02   3.26e-01     4.43e-04   310.868s
 307000 +6.67458042e+07 +6.67462586e+07  4.54e+02   3.23e-01     4.35e-04   311.596s
 308000 +6.67457813e+07 +6.67462586e+07  4.77e+02   3.19e-01     4.27e-04   312.326s
 309000 +6.67457516e+07 +6.67462586e+07  5.07e+02   3.27e-01     4.15e-04   313.056s
 310000 +6.67456926e+07 +6.67462586e+07  5.66e+02   3.25e-01     4.07e-04   313.784s
 311000 +6.67456338e+07 +6.67462586e+07  6.25e+02   3.20e-01     4.04e-04   314.513s
 312000 +6.67455776e+07 +6.67462586e+07  6.81e+02   3.46e-01     3.82e-04   315.242s
 313000 +6.67455224e+07 +6.67462586e+07  7.36e+02   3.37e-01     3.78e-04   315.970s
 314000 +6.67454704e+07 +6.67462586e+07  7.88e+02   3.59e-01     3.68e-04   316.699s
 315000 +6.67454218e+07 +6.67462586e+07  8.37e+02   3.53e-01     3.63e-04   317.428s
 316000 +6.67453748e+07 +6.67462586e+07  8.84e+02   3.63e-01     3.54e-04   318.156s
 317000 +6.67453292e+07 +6.67462587e+07  9.29e+02   3.90e-01     3.28e-04   318.885s
 318000 +6.67452859e+07 +6.67462587e+07  9.73e+02   3.66e-01     3.21e-04   319.614s
 319000 +6.67452449e+07 +6.67462586e+07  1.01e+03   3.68e-01     3.13e-04   320.343s
 320000 +6.67452051e+07 +6.67462586e+07  1.05e+03   3.79e-01     3.04e-04   321.071s
 321000 +6.67451670e+07 +6.67462586e+07  1.09e+03   3.85e-01     2.95e-04   321.800s
 322000 +6.67451316e+07 +6.67462586e+07  1.13e+03   3.74e-01     2.89e-04   322.529s
 323000 +6.67450978e+07 +6.67462586e+07  1.16e+03   3.67e-01     2.82e-04   323.258s
 324000 +6.67450661e+07 +6.67462586e+07  1.19e+03   3.81e-01     2.76e-04   323.987s
 325000 +6.67450359e+07 +6.67462586e+07  1.22e+03   3.83e-01     2.70e-04   324.716s
 326000 +6.67450079e+07 +6.67462586e+07  1.25e+03   3.77e-01     2.63e-04   325.445s
 327000 +6.67449819e+07 +6.67462586e+07  1.28e+03   3.70e-01     2.58e-04   326.173s
 328000 +6.67449572e+07 +6.67462586e+07  1.30e+03   3.73e-01     2.54e-04   326.902s
 329000 +6.67449332e+07 +6.67462586e+07  1.33e+03   3.77e-01     2.49e-04   327.631s
 330000 +6.67449107e+07 +6.67462586e+07  1.35e+03   3.80e-01     2.40e-04   328.359s
 331000 +6.67448740e+07 +6.67462586e+07  1.38e+03   3.60e-01     2.25e-04   329.090s
 332000 +6.67448284e+07 +6.67462586e+07  1.43e+03   3.62e-01     2.21e-04   329.818s
 333000 +6.67447858e+07 +6.67462586e+07  1.47e+03   3.81e-01     2.04e-04   330.547s
 334000 +6.67447472e+07 +6.67462586e+07  1.51e+03   3.97e-01     1.95e-04   331.276s
 335000 +6.67447129e+07 +6.67462586e+07  1.55e+03   4.28e-01     1.87e-04   332.005s
 336000 +6.67446818e+07 +6.67462586e+07  1.58e+03   4.19e-01     1.80e-04   332.734s
 337000 +6.67446562e+07 +6.67462586e+07  1.60e+03   5.36e-01     1.67e-04   333.462s
 338000 +6.67446398e+07 +6.67462586e+07  1.62e+03   4.60e-01     1.65e-04   334.192s
 339000 +6.67446253e+07 +6.67462586e+07  1.63e+03   4.23e-01     1.61e-04   334.920s
 340000 +6.67446115e+07 +6.67462586e+07  1.65e+03   4.25e-01     1.57e-04   335.649s
 341000 +6.67445920e+07 +6.67462586e+07  1.67e+03   4.22e-01     1.50e-04   336.380s
 342000 +6.67445695e+07 +6.67462586e+07  1.69e+03   4.41e-01     1.49e-04   337.108s
 343000 +6.67445481e+07 +6.67462585e+07  1.71e+03   4.93e-01     1.36e-04   337.837s
 344000 +6.67445274e+07 +6.67462585e+07  1.73e+03   4.76e-01     1.32e-04   338.566s
 345000 +6.67445104e+07 +6.67462585e+07  1.75e+03   5.00e-01     1.29e-04   339.295s
 346000 +6.67444948e+07 +6.67462585e+07  1.76e+03   4.89e-01     1.26e-04   340.024s
 347000 +6.67444892e+07 +6.67462585e+07  1.77e+03   5.83e-01     1.17e-04   340.753s
 348000 +6.67444837e+07 +6.67462585e+07  1.77e+03   5.67e-01     1.12e-04   341.482s
 349000 +6.67444793e+07 +6.67462585e+07  1.78e+03   5.19e-01     1.13e-04   342.211s
 350000 +6.67444762e+07 +6.67462585e+07  1.78e+03   4.95e-01     1.08e-04   342.940s
 351000 +6.67444739e+07 +6.67462585e+07  1.78e+03   5.09e-01     1.09e-04   343.669s
 352000 +6.67444717e+07 +6.67462585e+07  1.79e+03   5.29e-01     1.04e-04   344.398s
 353000 +6.67444698e+07 +6.67462585e+07  1.79e+03   5.57e-01     9.43e-05   345.127s
 354000 +6.67444685e+07 +6.67462585e+07  1.79e+03   4.83e-01     8.93e-05   345.857s
 355000 +6.67444640e+07 +6.67462585e+07  1.79e+03   4.89e-01     8.80e-05   346.586s
 356000 +6.67444591e+07 +6.67462585e+07  1.80e+03   4.86e-01     8.67e-05   347.315s
 357000 +6.67444546e+07 +6.67462585e+07  1.80e+03   4.88e-01     8.61e-05   348.043s
 358000 +6.67444506e+07 +6.67462584e+07  1.81e+03   4.93e-01     8.36e-05   348.773s
 359000 +6.67444467e+07 +6.67462584e+07  1.81e+03   4.98e-01     8.30e-05   349.501s
 360000 +6.67444432e+07 +6.67462584e+07  1.82e+03   4.92e-01     8.28e-05   350.231s
 361000 +6.67444417e+07 +6.67462584e+07  1.82e+03   5.04e-01     7.93e-05   350.960s
 362000 +6.67444411e+07 +6.67462584e+07  1.82e+03   5.08e-01     7.90e-05   351.688s
 363000 +6.67444408e+07 +6.67462584e+07  1.82e+03   4.94e-01     7.84e-05   352.417s
 364000 +6.67444405e+07 +6.67462584e+07  1.82e+03   4.85e-01     7.81e-05   353.146s
 365000 +6.67444413e+07 +6.67462584e+07  1.82e+03   4.92e-01     7.35e-05   353.875s
 366000 +6.67444430e+07 +6.67462583e+07  1.82e+03   4.84e-01     7.22e-05   354.604s
 367000 +6.67444449e+07 +6.67462583e+07  1.81e+03   4.79e-01     7.03e-05   355.333s
 368000 +6.67444472e+07 +6.67462583e+07  1.81e+03   4.86e-01     6.39e-05   356.061s
 369000 +6.67444497e+07 +6.67462583e+07  1.81e+03   4.80e-01     6.01e-05   356.790s
 370000 +6.67444524e+07 +6.67462583e+07  1.81e+03   4.80e-01     5.82e-05   357.521s
 371000 +6.67444554e+07 +6.67462583e+07  1.80e+03   4.69e-01     5.70e-05   358.258s
 372000 +6.67444585e+07 +6.67462583e+07  1.80e+03   4.48e-01     5.70e-05   358.996s
 373000 +6.67444618e+07 +6.67462583e+07  1.80e+03   4.48e-01     5.53e-05   359.735s
 374000 +6.67444654e+07 +6.67462583e+07  1.79e+03   4.40e-01     5.42e-05   360.474s
 375000 +6.67444693e+07 +6.67462583e+07  1.79e+03   4.34e-01     5.35e-05   361.213s
 376000 +6.67444726e+07 +6.67462583e+07  1.79e+03   4.35e-01     5.13e-05   361.950s
 377000 +6.67444755e+07 +6.67462583e+07  1.78e+03   4.37e-01     5.13e-05   362.687s
 378000 +6.67444778e+07 +6.67462583e+07  1.78e+03   4.03e-01     4.83e-05   363.427s
 379000 +6.67444791e+07 +6.67462583e+07  1.78e+03   4.02e-01     4.98e-05   364.162s
 380000 +6.67444806e+07 +6.67462582e+07  1.78e+03   4.01e-01     5.14e-05   364.891s
 381000 +6.67444825e+07 +6.67462582e+07  1.78e+03   3.99e-01     5.35e-05   365.623s
 382000 +6.67444846e+07 +6.67462582e+07  1.77e+03   3.98e-01     5.62e-05   366.361s
 383000 +6.67444872e+07 +6.67462582e+07  1.77e+03   3.96e-01     5.90e-05   367.096s
 384000 +6.67444902e+07 +6.67462582e+07  1.77e+03   3.93e-01     6.20e-05   367.833s
 385000 +6.67444934e+07 +6.67462582e+07  1.76e+03   3.93e-01     6.47e-05   368.570s
 386000 +6.67444971e+07 +6.67462582e+07  1.76e+03   3.90e-01     6.77e-05   369.309s
 387000 +6.67445011e+07 +6.67462582e+07  1.76e+03   3.87e-01     7.00e-05   370.048s
 388000 +6.67445056e+07 +6.67462582e+07  1.75e+03   3.85e-01     7.26e-05   370.788s
 389000 +6.67445107e+07 +6.67462582e+07  1.75e+03   3.82e-01     7.54e-05   371.528s
 390000 +6.67445167e+07 +6.67462582e+07  1.74e+03   3.81e-01     7.62e-05   372.265s
 391000 +6.67445237e+07 +6.67462582e+07  1.73e+03   3.77e-01     7.87e-05   372.999s
 392000 +6.67445317e+07 +6.67462582e+07  1.73e+03   3.73e-01     8.15e-05   373.734s
 393000 +6.67445408e+07 +6.67462582e+07  1.72e+03   3.76e-01     8.20e-05   374.469s
 394000 +6.67445503e+07 +6.67462582e+07  1.71e+03   3.71e-01     8.48e-05   375.207s
 395000 +6.67445606e+07 +6.67462582e+07  1.70e+03   3.69e-01     8.75e-05   375.946s
 396000 +6.67445713e+07 +6.67462582e+07  1.69e+03   3.66e-01     9.01e-05   376.685s
 397000 +6.67445825e+07 +6.67462582e+07  1.68e+03   3.63e-01     9.26e-05   377.424s
 398000 +6.67445944e+07 +6.67462582e+07  1.66e+03   3.62e-01     9.45e-05   378.163s
 399000 +6.67446072e+07 +6.67462582e+07  1.65e+03   3.59e-01     9.68e-05   378.901s
 400000 +6.67446213e+07 +6.67462582e+07  1.64e+03   3.58e-01     9.92e-05   379.640s
 401000 +6.67446363e+07 +6.67462582e+07  1.62e+03   3.57e-01     1.01e-04   380.378s
 402000 +6.67446524e+07 +6.67462582e+07  1.61e+03   3.55e-01     1.03e-04   381.117s
 403000 +6.67446689e+07 +6.67462582e+07  1.59e+03   3.62e-01     1.03e-04   381.858s
 404000 +6.67446839e+07 +6.67462582e+07  1.57e+03   3.61e-01     9.51e-05   382.598s
 405000 +6.67446990e+07 +6.67462583e+07  1.56e+03   3.65e-01     9.53e-05   383.337s
 406000 +6.67447147e+07 +6.67462583e+07  1.54e+03   3.59e-01     9.61e-05   384.075s
 407000 +6.67447311e+07 +6.67462583e+07  1.53e+03   3.57e-01     9.66e-05   384.812s
 408000 +6.67447485e+07 +6.67462583e+07  1.51e+03   3.56e-01     9.65e-05   385.548s
 409000 +6.67447657e+07 +6.67462583e+07  1.49e+03   3.59e-01     9.49e-05   386.276s
 410000 +6.67447824e+07 +6.67462583e+07  1.48e+03   3.60e-01     8.29e-05   387.005s
 411000 +6.67447977e+07 +6.67462583e+07  1.46e+03   3.54e-01     8.30e-05   387.734s
 412000 +6.67448141e+07 +6.67462583e+07  1.44e+03   3.53e-01     8.45e-05   388.463s
 413000 +6.67448315e+07 +6.67462583e+07  1.43e+03   3.50e-01     8.35e-05   389.191s
 414000 +6.67448490e+07 +6.67462583e+07  1.41e+03   3.50e-01     8.35e-05   389.920s
 415000 +6.67448674e+07 +6.67462583e+07  1.39e+03   3.47e-01     8.42e-05   390.649s
 416000 +6.67448870e+07 +6.67462583e+07  1.37e+03   3.49e-01     8.48e-05   391.378s
 417000 +6.67449078e+07 +6.67462583e+07  1.35e+03   3.43e-01     8.54e-05   392.107s
 418000 +6.67449297e+07 +6.67462583e+07  1.33e+03   3.45e-01     8.35e-05   392.835s
 419000 +6.67449524e+07 +6.67462583e+07  1.31e+03   3.47e-01     8.41e-05   393.565s
 420000 +6.67449758e+07 +6.67462583e+07  1.28e+03   3.47e-01     8.42e-05   394.293s
 421000 +6.67449998e+07 +6.67462583e+07  1.26e+03   3.51e-01     8.42e-05   395.022s
 422000 +6.67450159e+07 +6.67462582e+07  1.24e+03   3.33e-01     7.54e-05   395.752s
 423000 +6.67450214e+07 +6.67462582e+07  1.24e+03   3.32e-01     7.81e-05   396.481s
 424000 +6.67450276e+07 +6.67462582e+07  1.23e+03   3.31e-01     8.15e-05   397.210s
 425000 +6.67450346e+07 +6.67462583e+07  1.22e+03   3.30e-01     8.56e-05   397.939s
 426000 +6.67450423e+07 +6.67462583e+07  1.22e+03   3.29e-01     9.01e-05   398.667s
 427000 +6.67450507e+07 +6.67462583e+07  1.21e+03   3.28e-01     9.47e-05   399.396s
 428000 +6.67450598e+07 +6.67462583e+07  1.20e+03   3.27e-01     9.97e-05   400.125s
 429000 +6.67450695e+07 +6.67462583e+07  1.19e+03   3.26e-01     1.05e-04   400.854s
 430000 +6.67450799e+07 +6.67462583e+07  1.18e+03   3.27e-01     1.08e-04   401.582s
 431000 +6.67450910e+07 +6.67462583e+07  1.17e+03   3.25e-01     1.14e-04   402.311s
 432000 +6.67451030e+07 +6.67462583e+07  1.16e+03   3.24e-01     1.18e-04   403.040s
 433000 +6.67451160e+07 +6.67462583e+07  1.14e+03   3.23e-01     1.23e-04   403.769s
 434000 +6.67451295e+07 +6.67462583e+07  1.13e+03   3.23e-01     1.27e-04   404.497s
 435000 +6.67451435e+07 +6.67462583e+07  1.11e+03   3.22e-01     1.32e-04   405.226s
 436000 +6.67451579e+07 +6.67462583e+07  1.10e+03   3.21e-01     1.36e-04   405.955s
 437000 +6.67451722e+07 +6.67462583e+07  1.09e+03   3.19e-01     1.41e-04   406.684s
 438000 +6.67451873e+07 +6.67462583e+07  1.07e+03   3.18e-01     1.46e-04   407.413s
 439000 +6.67452031e+07 +6.67462583e+07  1.06e+03   3.17e-01     1.50e-04   408.141s
 440000 +6.67452193e+07 +6.67462583e+07  1.04e+03   3.16e-01     1.51e-04   408.871s
 441000 +6.67452359e+07 +6.67462583e+07  1.02e+03   3.14e-01     1.48e-04   409.599s
 442000 +6.67452507e+07 +6.67462583e+07  1.01e+03   3.19e-01     1.50e-04   410.328s
 443000 +6.67452657e+07 +6.67462583e+07  9.93e+02   3.19e-01     1.51e-04   411.056s
 444000 +6.67452808e+07 +6.67462583e+07  9.77e+02   3.18e-01     1.54e-04   411.785s
 445000 +6.67452960e+07 +6.67462583e+07  9.62e+02   3.19e-01     1.54e-04   412.514s
 446000 +6.67453109e+07 +6.67462583e+07  9.47e+02   3.17e-01     1.56e-04   413.243s
 447000 +6.67453256e+07 +6.67462583e+07  9.33e+02   3.21e-01     1.46e-04   413.972s
 448000 +6.67453395e+07 +6.67462583e+07  9.19e+02   3.16e-01     1.47e-04   414.701s
 449000 +6.67453532e+07 +6.67462583e+07  9.05e+02   3.16e-01     1.48e-04   415.430s
 450000 +6.67453665e+07 +6.67462583e+07  8.92e+02   3.15e-01     1.48e-04   416.159s
 451000 +6.67453796e+07 +6.67462583e+07  8.79e+02   3.14e-01     1.49e-04   416.888s
 452000 +6.67453925e+07 +6.67462583e+07  8.66e+02   3.13e-01     1.50e-04   417.616s
 453000 +6.67454049e+07 +6.67462583e+07  8.53e+02   3.11e-01     1.49e-04   418.345s
 454000 +6.67454163e+07 +6.67462583e+07  8.42e+02   3.14e-01     1.49e-04   419.074s
 455000 +6.67454279e+07 +6.67462583e+07  8.30e+02   2.99e-01     1.51e-04   419.803s
 456000 +6.67454399e+07 +6.67462583e+07  8.18e+02   2.98e-01     1.52e-04   420.532s
 457000 +6.67454525e+07 +6.67462583e+07  8.06e+02   2.99e-01     1.53e-04   421.261s
 458000 +6.67454658e+07 +6.67462583e+07  7.93e+02   2.94e-01     1.55e-04   421.990s
 459000 +6.67454798e+07 +6.67462583e+07  7.79e+02   2.92e-01     1.58e-04   422.719s
 460000 +6.67454945e+07 +6.67462583e+07  7.64e+02   2.91e-01     1.59e-04   423.447s
 461000 +6.67455018e+07 +6.67462583e+07  7.56e+02   2.76e-01     1.66e-04   424.178s
 462000 +6.67455098e+07 +6.67462583e+07  7.48e+02   2.75e-01     1.75e-04   424.906s
 463000 +6.67455184e+07 +6.67462583e+07  7.40e+02   2.75e-01     1.68e-04   425.635s
 464000 +6.67455277e+07 +6.67462583e+07  7.31e+02   2.73e-01     1.74e-04   426.364s
 465000 +6.67455377e+07 +6.67462583e+07  7.21e+02   2.72e-01     1.80e-04   427.092s
 466000 +6.67455484e+07 +6.67462583e+07  7.10e+02   2.72e-01     1.86e-04   427.821s
 467000 +6.67455598e+07 +6.67462583e+07  6.98e+02   2.71e-01     1.92e-04   428.550s
 468000 +6.67455718e+07 +6.67462583e+07  6.86e+02   2.70e-01     1.97e-04   429.279s
 469000 +6.67455844e+07 +6.67462583e+07  6.74e+02   2.70e-01     2.03e-04   430.008s
 470000 +6.67455977e+07 +6.67462583e+07  6.61e+02   2.69e-01     2.09e-04   430.737s
 471000 +6.67456117e+07 +6.67462583e+07  6.47e+02   2.68e-01     2.15e-04   431.466s
 472000 +6.67456254e+07 +6.67462583e+07  6.33e+02   2.68e-01     2.18e-04   432.195s
 473000 +6.67456396e+07 +6.67462583e+07  6.19e+02   2.68e-01     2.24e-04   432.924s
 474000 +6.67456543e+07 +6.67462583e+07  6.04e+02   2.67e-01     2.25e-04   433.653s
 475000 +6.67456695e+07 +6.67462583e+07  5.89e+02   2.66e-01     2.31e-04   434.382s
 476000 +6.67456852e+07 +6.67462582e+07  5.73e+02   2.65e-01     2.36e-04   435.110s
 477000 +6.67457012e+07 +6.67462582e+07  5.57e+02   2.64e-01     2.41e-04   435.839s
 478000 +6.67457175e+07 +6.67462582e+07  5.41e+02   2.63e-01     2.45e-04   436.568s
 479000 +6.67457340e+07 +6.67462582e+07  5.24e+02   2.62e-01     2.49e-04   437.297s
 480000 +6.67457505e+07 +6.67462582e+07  5.08e+02   2.63e-01     2.47e-04   438.026s
 481000 +6.67457666e+07 +6.67462582e+07  4.92e+02   2.62e-01     2.51e-04   438.755s
 482000 +6.67457828e+07 +6.67462582e+07  4.75e+02   2.61e-01     2.54e-04   439.484s
 483000 +6.67457991e+07 +6.67462582e+07  4.59e+02   2.60e-01     2.57e-04   440.213s
 484000 +6.67458153e+07 +6.67462582e+07  4.43e+02   2.60e-01     2.61e-04   440.941s
 485000 +6.67458316e+07 +6.67462582e+07  4.27e+02   2.58e-01     2.63e-04   441.671s
 486000 +6.67458477e+07 +6.67462582e+07  4.11e+02   2.58e-01     2.66e-04   442.399s
 487000 +6.67458637e+07 +6.67462582e+07  3.95e+02   2.56e-01     2.69e-04   443.128s
 488000 +6.67458798e+07 +6.67462582e+07  3.78e+02   2.56e-01     2.71e-04   443.857s
 489000 +6.67458959e+07 +6.67462582e+07  3.62e+02   2.55e-01     2.72e-04   444.586s
 490000 +6.67459119e+07 +6.67462582e+07  3.46e+02   2.54e-01     2.74e-04   445.315s
 491000 +6.67459278e+07 +6.67462582e+07  3.30e+02   2.54e-01     2.71e-04   446.043s
 492000 +6.67459426e+07 +6.67462582e+07  3.16e+02   2.56e-01     2.58e-04   446.772s
 493000 +6.67459565e+07 +6.67462582e+07  3.02e+02   2.53e-01     2.59e-04   447.501s
 494000 +6.67459705e+07 +6.67462582e+07  2.88e+02   2.52e-01     2.59e-04   448.230s
 495000 +6.67459846e+07 +6.67462582e+07  2.74e+02   2.51e-01     2.58e-04   448.959s
 496000 +6.67459988e+07 +6.67462582e+07  2.59e+02   2.50e-01     2.58e-04   449.688s
 497000 +6.67460132e+07 +6.67462582e+07  2.45e+02   2.50e-01     2.58e-04   450.416s
 498000 +6.67460275e+07 +6.67462582e+07  2.31e+02   2.53e-01     2.57e-04   451.145s
 499000 +6.67460418e+07 +6.67462582e+07  2.16e+02   2.45e-01     2.52e-04   451.875s
 500000 +6.67460564e+07 +6.67462582e+07  2.02e+02   2.45e-01     2.53e-04   452.604s
 501000 +6.67460711e+07 +6.67462582e+07  1.87e+02   2.44e-01     2.54e-04   453.333s
 502000 +6.67460860e+07 +6.67462582e+07  1.72e+02   2.44e-01     2.54e-04   454.062s
 503000 +6.67461008e+07 +6.67462582e+07  1.57e+02   2.46e-01     2.54e-04   454.790s
 504000 +6.67461149e+07 +6.67462582e+07  1.43e+02   2.45e-01     2.53e-04   455.519s
 505000 +6.67461288e+07 +6.67462582e+07  1.29e+02   2.49e-01     2.50e-04   456.248s
 506000 +6.67461424e+07 +6.67462582e+07  1.16e+02   2.45e-01     2.49e-04   456.977s
 507000 +6.67461556e+07 +6.67462582e+07  1.03e+02   2.47e-01     2.46e-04   457.705s
 508000 +6.67461688e+07 +6.67462582e+07  8.95e+01   2.45e-01     2.40e-04   458.434s
 509000 +6.67461819e+07 +6.67462582e+07  7.64e+01   2.43e-01     2.39e-04   459.162s
 510000 +6.67461950e+07 +6.67462582e+07  6.32e+01   2.44e-01     2.36e-04   459.891s
 511000 +6.67462080e+07 +6.67462582e+07  5.02e+01   2.43e-01     2.35e-04   460.620s
 512000 +6.67462209e+07 +6.67462582e+07  3.73e+01   2.43e-01     2.34e-04   461.349s
 513000 +6.67462337e+07 +6.67462582e+07  2.45e+01   2.43e-01     2.33e-04   462.078s
 514000 +6.67462463e+07 +6.67462582e+07  1.19e+01   2.41e-01     2.32e-04   462.807s
 515000 +6.67462588e+07 +6.67462582e+07  5.93e-01   2.41e-01     2.30e-04   463.536s
 516000 +6.67462710e+07 +6.67462582e+07  1.28e+01   2.41e-01     2.30e-04   464.265s
 517000 +6.67462829e+07 +6.67462582e+07  2.47e+01   2.41e-01     2.29e-04   464.994s
 518000 +6.67462945e+07 +6.67462582e+07  3.63e+01   2.42e-01     2.21e-04   465.723s
 519000 +6.67463051e+07 +6.67462582e+07  4.69e+01   2.42e-01     2.21e-04   466.451s
 520000 +6.67463155e+07 +6.67462582e+07  5.73e+01   2.39e-01     2.19e-04   467.180s
 521000 +6.67463255e+07 +6.67462582e+07  6.73e+01   2.39e-01     2.18e-04   467.909s
 522000 +6.67463354e+07 +6.67462582e+07  7.72e+01   2.39e-01     2.16e-04   468.638s
 523000 +6.67463450e+07 +6.67462582e+07  8.67e+01   2.38e-01     2.14e-04   469.366s
 524000 +6.67463543e+07 +6.67462582e+07  9.61e+01   2.36e-01     2.11e-04   470.095s
 525000 +6.67463635e+07 +6.67462582e+07  1.05e+02   2.39e-01     2.09e-04   470.824s
 526000 +6.67463723e+07 +6.67462582e+07  1.14e+02   2.37e-01     2.06e-04   471.553s
 527000 +6.67463809e+07 +6.67462582e+07  1.23e+02   2.36e-01     2.03e-04   472.281s
 528000 +6.67463892e+07 +6.67462582e+07  1.31e+02   2.35e-01     2.00e-04   473.011s
 529000 +6.67464018e+07 +6.67462583e+07  1.44e+02   2.34e-01     1.91e-04   473.741s
 530000 +6.67464165e+07 +6.67462583e+07  1.58e+02   2.32e-01     1.90e-04   474.469s
 531000 +6.67464309e+07 +6.67462583e+07  1.73e+02   2.34e-01     1.88e-04   475.198s
 532000 +6.67464451e+07 +6.67462583e+07  1.87e+02   2.33e-01     1.86e-04   475.927s
 533000 +6.67464589e+07 +6.67462583e+07  2.01e+02   2.33e-01     1.83e-04   476.656s
 534000 +6.67464726e+07 +6.67462583e+07  2.14e+02   2.35e-01     1.81e-04   477.385s
 535000 +6.67464851e+07 +6.67462583e+07  2.27e+02   2.43e-01     1.69e-04   478.114s
 536000 +6.67464953e+07 +6.67462583e+07  2.37e+02   2.37e-01     1.66e-04   478.843s
 537000 +6.67465051e+07 +6.67462583e+07  2.47e+02   2.37e-01     1.63e-04   479.572s
 538000 +6.67465145e+07 +6.67462583e+07  2.56e+02   2.36e-01     1.59e-04   480.300s
 539000 +6.67465236e+07 +6.67462583e+07  2.65e+02   2.37e-01     1.56e-04   481.029s
 540000 +6.67465319e+07 +6.67462583e+07  2.74e+02   2.40e-01     1.52e-04   481.758s
 541000 +6.67465393e+07 +6.67462583e+07  2.81e+02   2.42e-01     1.49e-04   482.487s
 542000 +6.67465465e+07 +6.67462583e+07  2.88e+02   2.40e-01     1.45e-04   483.216s
 543000 +6.67465534e+07 +6.67462583e+07  2.95e+02   2.40e-01     1.42e-04   483.945s
 544000 +6.67465603e+07 +6.67462583e+07  3.02e+02   2.38e-01     1.38e-04   484.673s
 545000 +6.67465681e+07 +6.67462584e+07  3.10e+02   2.30e-01     1.32e-04   485.403s
 546000 +6.67465809e+07 +6.67462584e+07  3.23e+02   2.30e-01     1.29e-04   486.132s
 547000 +6.67465936e+07 +6.67462584e+07  3.35e+02   2.31e-01     1.27e-04   486.861s
 548000 +6.67466053e+07 +6.67462584e+07  3.47e+02   2.34e-01     1.23e-04   487.590s
 549000 +6.67466163e+07 +6.67462584e+07  3.58e+02   2.36e-01     1.21e-04   488.319s
 550000 +6.67466269e+07 +6.67462584e+07  3.69e+02   2.38e-01     1.18e-04   489.047s
 551000 +6.67466374e+07 +6.67462584e+07  3.79e+02   2.41e-01     1.16e-04   489.776s
 552000 +6.67466478e+07 +6.67462584e+07  3.89e+02   2.42e-01     1.13e-04   490.505s
 553000 +6.67466577e+07 +6.67462584e+07  3.99e+02   2.46e-01     1.08e-04   491.234s
 554000 +6.67466673e+07 +6.67462584e+07  4.09e+02   2.46e-01     1.06e-04   491.962s
 555000 +6.67466762e+07 +6.67462584e+07  4.18e+02   2.53e-01     1.02e-04   492.691s
 556000 +6.67466846e+07 +6.67462584e+07  4.26e+02   2.49e-01     1.00e-04   493.420s
 557000 +6.67466927e+07 +6.67462584e+07  4.34e+02   2.47e-01     9.82e-05   494.149s
 558000 +6.67467003e+07 +6.67462584e+07  4.42e+02   2.47e-01     9.61e-05   494.878s
 559000 +6.67467076e+07 +6.67462584e+07  4.49e+02   2.46e-01     9.43e-05   495.606s
 560000 +6.67467149e+07 +6.67462584e+07  4.57e+02   2.46e-01     9.27e-05   496.336s
 561000 +6.67467216e+07 +6.67462584e+07  4.63e+02   2.46e-01     9.10e-05   497.064s
 562000 +6.67467276e+07 +6.67462584e+07  4.69e+02   2.45e-01     8.96e-05   497.794s
 563000 +6.67467331e+07 +6.67462584e+07  4.75e+02   2.45e-01     8.71e-05   498.522s
 564000 +6.67467383e+07 +6.67462584e+07  4.80e+02   2.42e-01     8.56e-05   499.251s
 565000 +6.67467430e+07 +6.67462584e+07  4.85e+02   2.43e-01     8.40e-05   499.980s
 566000 +6.67467472e+07 +6.67462584e+07  4.89e+02   2.43e-01     8.20e-05   500.709s
 567000 +6.67467510e+07 +6.67462584e+07  4.93e+02   2.64e-01     7.89e-05   501.438s
 568000 +6.67467584e+07 +6.67462584e+07  5.00e+02   2.41e-01     7.42e-05   502.168s
 569000 +6.67467657e+07 +6.67462584e+07  5.07e+02   2.41e-01     7.32e-05   502.897s
 570000 +6.67467727e+07 +6.67462584e+07  5.14e+02   2.42e-01     7.21e-05   503.625s
 571000 +6.67467793e+07 +6.67462584e+07  5.21e+02   2.43e-01     7.11e-05   504.354s
 572000 +6.67467856e+07 +6.67462584e+07  5.27e+02   2.43e-01     7.00e-05   505.083s
 573000 +6.67467912e+07 +6.67462584e+07  5.33e+02   2.46e-01     6.84e-05   505.812s
 574000 +6.67467960e+07 +6.67462584e+07  5.38e+02   2.45e-01     6.73e-05   506.541s
 575000 +6.67468005e+07 +6.67462584e+07  5.42e+02   2.49e-01     6.46e-05   507.270s
 576000 +6.67468046e+07 +6.67462584e+07  5.46e+02   2.47e-01     6.06e-05   507.999s
 577000 +6.67468084e+07 +6.67462584e+07  5.50e+02   2.46e-01     5.92e-05   508.728s
 578000 +6.67468120e+07 +6.67462584e+07  5.54e+02   2.45e-01     5.81e-05   509.457s
 579000 +6.67468154e+07 +6.67462584e+07  5.57e+02   2.46e-01     5.70e-05   510.185s
 580000 +6.67468185e+07 +6.67462584e+07  5.60e+02   2.46e-01     5.60e-05   510.914s
 581000 +6.67468215e+07 +6.67462584e+07  5.63e+02   2.45e-01     5.51e-05   511.643s
 582000 +6.67468244e+07 +6.67462584e+07  5.66e+02   2.43e-01     5.43e-05   512.372s
 583000 +6.67468269e+07 +6.67462584e+07  5.69e+02   2.44e-01     5.25e-05   513.100s
 584000 +6.67468292e+07 +6.67462584e+07  5.71e+02   2.42e-01     5.17e-05   513.829s
 585000 +6.67468311e+07 +6.67462584e+07  5.73e+02   2.42e-01     5.08e-05   514.558s
 586000 +6.67468328e+07 +6.67462584e+07  5.74e+02   2.40e-01     4.98e-05   515.287s
 587000 +6.67468341e+07 +6.67462584e+07  5.76e+02   2.39e-01     4.91e-05   516.016s
 588000 +6.67468350e+07 +6.67462584e+07  5.77e+02   2.39e-01     4.84e-05   516.745s
 589000 +6.67468356e+07 +6.67462584e+07  5.77e+02   2.37e-01     4.79e-05   517.474s
 590000 +6.67468359e+07 +6.67462584e+07  5.77e+02   2.39e-01     4.70e-05   518.202s
 591000 +6.67468358e+07 +6.67462584e+07  5.77e+02   2.36e-01     4.62e-05   518.932s
 592000 +6.67468357e+07 +6.67462584e+07  5.77e+02   2.36e-01     4.58e-05   519.660s
 593000 +6.67468356e+07 +6.67462584e+07  5.77e+02   2.35e-01     4.53e-05   520.389s
 594000 +6.67468353e+07 +6.67462584e+07  5.77e+02   2.35e-01     4.48e-05   521.117s
 595000 +6.67468347e+07 +6.67462584e+07  5.76e+02   2.34e-01     4.44e-05   521.846s
 596000 +6.67468339e+07 +6.67462584e+07  5.76e+02   2.34e-01     4.39e-05   522.575s
 597000 +6.67468329e+07 +6.67462584e+07  5.74e+02   2.34e-01     4.37e-05   523.304s
 598000 +6.67468319e+07 +6.67462584e+07  5.74e+02   2.36e-01     4.32e-05   524.033s
 599000 +6.67468328e+07 +6.67462584e+07  5.74e+02   2.33e-01     4.28e-05   524.763s
 600000 +6.67468338e+07 +6.67462584e+07  5.75e+02   2.34e-01     4.29e-05   525.492s
 601000 +6.67468346e+07 +6.67462584e+07  5.76e+02   2.34e-01     4.31e-05   526.220s
 602000 +6.67468349e+07 +6.67462584e+07  5.77e+02   2.34e-01     4.16e-05   526.949s
 603000 +6.67468348e+07 +6.67462584e+07  5.76e+02   2.34e-01     4.14e-05   527.678s
 604000 +6.67468345e+07 +6.67462584e+07  5.76e+02   2.34e-01     4.15e-05   528.406s
 605000 +6.67468340e+07 +6.67462584e+07  5.76e+02   2.34e-01     4.16e-05   529.135s
 606000 +6.67468332e+07 +6.67462584e+07  5.75e+02   2.33e-01     4.18e-05   529.864s
 607000 +6.67468322e+07 +6.67462584e+07  5.74e+02   2.33e-01     4.14e-05   530.593s
 608000 +6.67468309e+07 +6.67462584e+07  5.73e+02   2.33e-01     4.13e-05   531.321s
 609000 +6.67468293e+07 +6.67462584e+07  5.71e+02   2.33e-01     4.11e-05   532.050s
 610000 +6.67468276e+07 +6.67462584e+07  5.69e+02   2.33e-01     4.09e-05   532.779s
 611000 +6.67468257e+07 +6.67462584e+07  5.67e+02   2.33e-01     4.05e-05   533.508s
 612000 +6.67468238e+07 +6.67462584e+07  5.65e+02   2.32e-01     4.02e-05   534.237s
 613000 +6.67468216e+07 +6.67462584e+07  5.63e+02   2.32e-01     3.99e-05   534.966s
 614000 +6.67468192e+07 +6.67462584e+07  5.61e+02   2.32e-01     3.97e-05   535.694s
 615000 +6.67468168e+07 +6.67462584e+07  5.58e+02   2.32e-01     3.94e-05   536.423s
 616000 +6.67468145e+07 +6.67462584e+07  5.56e+02   2.39e-01     3.75e-05   537.152s
 617000 +6.67468122e+07 +6.67462584e+07  5.54e+02   2.33e-01     3.71e-05   537.880s
 618000 +6.67468097e+07 +6.67462584e+07  5.51e+02   2.31e-01     3.66e-05   538.609s
 619000 +6.67468069e+07 +6.67462584e+07  5.49e+02   2.30e-01     3.65e-05   539.338s
 620000 +6.67468038e+07 +6.67462584e+07  5.45e+02   2.30e-01     3.63e-05   540.067s
 621000 +6.67468005e+07 +6.67462584e+07  5.42e+02   2.30e-01     3.61e-05   540.795s
 622000 +6.67467970e+07 +6.67462584e+07  5.39e+02   2.29e-01     3.59e-05   541.524s
 623000 +6.67467933e+07 +6.67462584e+07  5.35e+02   2.29e-01     3.60e-05   542.252s
 624000 +6.67467898e+07 +6.67462584e+07  5.31e+02   2.30e-01     3.51e-05   542.981s
 625000 +6.67467866e+07 +6.67462584e+07  5.28e+02   2.30e-01     3.47e-05   543.710s
 626000 +6.67467835e+07 +6.67462584e+07  5.25e+02   2.29e-01     3.39e-05   544.439s
 627000 +6.67467807e+07 +6.67462584e+07  5.22e+02   2.30e-01     3.32e-05   545.169s
 628000 +6.67467782e+07 +6.67462584e+07  5.20e+02   2.29e-01     3.32e-05   545.897s
 629000 +6.67467757e+07 +6.67462584e+07  5.17e+02   2.29e-01     3.27e-05   546.626s
 630000 +6.67467733e+07 +6.67462584e+07  5.15e+02   2.29e-01     3.25e-05   547.355s
 631000 +6.67467710e+07 +6.67462584e+07  5.13e+02   2.29e-01     3.24e-05   548.083s
 632000 +6.67467686e+07 +6.67462584e+07  5.10e+02   2.29e-01     3.21e-05   548.812s
 633000 +6.67467662e+07 +6.67462584e+07  5.08e+02   2.28e-01     3.20e-05   549.541s
 634000 +6.67467639e+07 +6.67462584e+07  5.06e+02   2.28e-01     3.10e-05   550.270s
 635000 +6.67467615e+07 +6.67462584e+07  5.03e+02   2.28e-01     3.10e-05   550.998s
 636000 +6.67467590e+07 +6.67462584e+07  5.01e+02   2.28e-01     3.10e-05   551.727s
 637000 +6.67467565e+07 +6.67462584e+07  4.98e+02   2.28e-01     3.13e-05   552.456s
 638000 +6.67467539e+07 +6.67462584e+07  4.96e+02   2.27e-01     3.14e-05   553.185s
 639000 +6.67467513e+07 +6.67462584e+07  4.93e+02   2.27e-01     3.16e-05   553.914s
 640000 +6.67467485e+07 +6.67462584e+07  4.90e+02   2.27e-01     3.19e-05   554.642s
 641000 +6.67467456e+07 +6.67462584e+07  4.87e+02   2.27e-01     3.21e-05   555.372s
 642000 +6.67467426e+07 +6.67462584e+07  4.84e+02   2.27e-01     3.25e-05   556.100s
 643000 +6.67467395e+07 +6.67462584e+07  4.81e+02   2.27e-01     3.30e-05   556.829s
 644000 +6.67467362e+07 +6.67462584e+07  4.78e+02   2.27e-01     3.34e-05   557.558s
 645000 +6.67467328e+07 +6.67462584e+07  4.74e+02   2.27e-01     3.38e-05   558.287s
 646000 +6.67467293e+07 +6.67462584e+07  4.71e+02   2.26e-01     3.43e-05   559.016s
 647000 +6.67467257e+07 +6.67462584e+07  4.67e+02   2.27e-01     3.45e-05   559.744s
 648000 +6.67467219e+07 +6.67462584e+07  4.64e+02   2.26e-01     3.50e-05   560.473s
 649000 +6.67467183e+07 +6.67462584e+07  4.60e+02   2.26e-01     3.50e-05   561.202s
 650000 +6.67467148e+07 +6.67462584e+07  4.56e+02   2.26e-01     3.52e-05   561.931s
 651000 +6.67467111e+07 +6.67462584e+07  4.53e+02   2.26e-01     3.45e-05   562.660s
 652000 +6.67467074e+07 +6.67462584e+07  4.49e+02   2.27e-01     3.49e-05   563.389s
 653000 +6.67467038e+07 +6.67462584e+07  4.45e+02   2.26e-01     3.53e-05   564.118s
 654000 +6.67467001e+07 +6.67462584e+07  4.42e+02   2.26e-01     3.57e-05   564.847s
 655000 +6.67466962e+07 +6.67462584e+07  4.38e+02   2.27e-01     3.56e-05   565.575s
 656000 +6.67466924e+07 +6.67462584e+07  4.34e+02   2.26e-01     3.58e-05   566.304s
 657000 +6.67466885e+07 +6.67462584e+07  4.30e+02   2.26e-01     3.61e-05   567.033s
 658000 +6.67466846e+07 +6.67462584e+07  4.26e+02   2.26e-01     3.63e-05   567.762s
 659000 +6.67466809e+07 +6.67462584e+07  4.23e+02   2.26e-01     3.55e-05   568.491s
 660000 +6.67466775e+07 +6.67462584e+07  4.19e+02   2.28e-01     3.43e-05   569.220s
 661000 +6.67466754e+07 +6.67462583e+07  4.17e+02   2.24e-01     3.55e-05   569.950s
 662000 +6.67466743e+07 +6.67462583e+07  4.16e+02   2.24e-01     3.69e-05   570.679s
 663000 +6.67466730e+07 +6.67462583e+07  4.15e+02   2.24e-01     3.86e-05   571.408s
 664000 +6.67466717e+07 +6.67462583e+07  4.13e+02   2.24e-01     4.06e-05   572.137s
 665000 +6.67466702e+07 +6.67462583e+07  4.12e+02   2.24e-01     3.91e-05   572.866s
 666000 +6.67466686e+07 +6.67462583e+07  4.10e+02   2.23e-01     4.09e-05   573.594s
 667000 +6.67466669e+07 +6.67462583e+07  4.09e+02   2.23e-01     4.25e-05   574.323s
 668000 +6.67466650e+07 +6.67462583e+07  4.07e+02   2.23e-01     4.40e-05   575.052s
 669000 +6.67466631e+07 +6.67462583e+07  4.05e+02   2.22e-01     4.52e-05   575.781s
 670000 +6.67466610e+07 +6.67462583e+07  4.03e+02   2.21e-01     4.67e-05   576.510s
 671000 +6.67466589e+07 +6.67462583e+07  4.01e+02   2.21e-01     4.82e-05   577.239s
 672000 +6.67466567e+07 +6.67462583e+07  3.98e+02   2.21e-01     4.98e-05   577.968s
 673000 +6.67466545e+07 +6.67462583e+07  3.96e+02   2.21e-01     5.11e-05   578.696s
 674000 +6.67466523e+07 +6.67462583e+07  3.94e+02   2.21e-01     5.26e-05   579.426s
 675000 +6.67466500e+07 +6.67462583e+07  3.92e+02   2.21e-01     5.41e-05   580.155s
 676000 +6.67466478e+07 +6.67462583e+07  3.90e+02   2.21e-01     5.54e-05   580.883s
 677000 +6.67466456e+07 +6.67462583e+07  3.87e+02   2.21e-01     5.65e-05   581.613s
 678000 +6.67466434e+07 +6.67462583e+07  3.85e+02   2.21e-01     5.75e-05   582.341s
 679000 +6.67466412e+07 +6.67462583e+07  3.83e+02   2.22e-01     5.76e-05   583.070s
 680000 +6.67466389e+07 +6.67462583e+07  3.81e+02   2.21e-01     5.81e-05   583.799s
 681000 +6.67466366e+07 +6.67462583e+07  3.78e+02   2.21e-01     5.91e-05   584.528s
 682000 +6.67466342e+07 +6.67462583e+07  3.76e+02   2.20e-01     5.93e-05   585.257s
 683000 +6.67466317e+07 +6.67462583e+07  3.73e+02   2.21e-01     5.98e-05   585.986s
 684000 +6.67466293e+07 +6.67462583e+07  3.71e+02   2.10e-01     6.03e-05   586.715s
 685000 +6.67466263e+07 +6.67462583e+07  3.68e+02   2.19e-01     6.10e-05   587.444s
 686000 +6.67466236e+07 +6.67462583e+07  3.65e+02   2.09e-01     6.19e-05   588.172s
 687000 +6.67466202e+07 +6.67462583e+07  3.62e+02   2.13e-01     6.27e-05   588.901s
 688000 +6.67466169e+07 +6.67462583e+07  3.59e+02   2.10e-01     6.37e-05   589.630s
 689000 +6.67466135e+07 +6.67462583e+07  3.55e+02   2.08e-01     6.44e-05   590.359s
 690000 +6.67466101e+07 +6.67462583e+07  3.52e+02   2.14e-01     6.53e-05   591.088s
 691000 +6.67466067e+07 +6.67462583e+07  3.48e+02   2.08e-01     6.62e-05   591.817s
 692000 +6.67466029e+07 +6.67462583e+07  3.45e+02   2.12e-01     6.73e-05   592.546s
 693000 +6.67465992e+07 +6.67462583e+07  3.41e+02   2.08e-01     6.83e-05   593.274s
 694000 +6.67465953e+07 +6.67462583e+07  3.37e+02   2.08e-01     6.92e-05   594.003s
 695000 +6.67465912e+07 +6.67462583e+07  3.33e+02   2.10e-01     7.01e-05   594.732s
 696000 +6.67465871e+07 +6.67462583e+07  3.29e+02   2.07e-01     7.08e-05   595.461s
 697000 +6.67465827e+07 +6.67462583e+07  3.24e+02   2.11e-01     7.18e-05   596.190s
 698000 +6.67465784e+07 +6.67462583e+07  3.20e+02   2.07e-01     7.26e-05   596.918s
 699000 +6.67465737e+07 +6.67462583e+07  3.15e+02   2.08e-01     7.34e-05   597.647s
 700000 +6.67465689e+07 +6.67462583e+07  3.11e+02   2.08e-01     7.42e-05   598.376s
 701000 +6.67465641e+07 +6.67462583e+07  3.06e+02   2.06e-01     7.49e-05   599.105s
 702000 +6.67465591e+07 +6.67462583e+07  3.01e+02   2.09e-01     7.57e-05   599.834s
 703000 +6.67465542e+07 +6.67462583e+07  2.96e+02   2.06e-01     7.62e-05   600.563s
 704000 +6.67465494e+07 +6.67462583e+07  2.91e+02   2.08e-01     7.69e-05   601.292s
 705000 +6.67465447e+07 +6.67462583e+07  2.86e+02   2.06e-01     7.77e-05   602.021s
 706000 +6.67465398e+07 +6.67462583e+07  2.82e+02   2.06e-01     7.84e-05   602.749s
 707000 +6.67465349e+07 +6.67462583e+07  2.77e+02   2.08e-01     7.91e-05   603.478s
 708000 +6.67465301e+07 +6.67462583e+07  2.72e+02   2.06e-01     7.98e-05   604.207s
 709000 +6.67465250e+07 +6.67462583e+07  2.67e+02   2.08e-01     8.06e-05   604.935s
 710000 +6.67465201e+07 +6.67462583e+07  2.62e+02   2.06e-01     8.14e-05   605.664s
 711000 +6.67465152e+07 +6.67462583e+07  2.57e+02   2.06e-01     8.22e-05   606.393s
 712000 +6.67465102e+07 +6.67462583e+07  2.52e+02   2.07e-01     8.29e-05   607.122s
 713000 +6.67465053e+07 +6.67462583e+07  2.47e+02   2.05e-01     8.36e-05   607.851s
 714000 +6.67465003e+07 +6.67462583e+07  2.42e+02   2.07e-01     8.44e-05   608.580s
 715000 +6.67464954e+07 +6.67462583e+07  2.37e+02   2.05e-01     8.51e-05   609.309s
 716000 +6.67464904e+07 +6.67462583e+07  2.32e+02   2.06e-01     8.55e-05   610.038s
 717000 +6.67464855e+07 +6.67462583e+07  2.27e+02   2.06e-01     8.60e-05   610.766s
 718000 +6.67464806e+07 +6.67462583e+07  2.22e+02   2.06e-01     8.53e-05   611.495s
 719000 +6.67464757e+07 +6.67462583e+07  2.17e+02   2.07e-01     8.59e-05   612.224s
 720000 +6.67464709e+07 +6.67462583e+07  2.13e+02   2.05e-01     8.65e-05   612.953s
 721000 +6.67464660e+07 +6.67462583e+07  2.08e+02   2.06e-01     8.68e-05   613.682s
 722000 +6.67464612e+07 +6.67462583e+07  2.03e+02   2.05e-01     8.71e-05   614.411s
 723000 +6.67464564e+07 +6.67462583e+07  1.98e+02   2.05e-01     8.73e-05   615.140s
 724000 +6.67464515e+07 +6.67462583e+07  1.93e+02   2.06e-01     8.76e-05   615.868s
 725000 +6.67464469e+07 +6.67462583e+07  1.89e+02   2.05e-01     8.67e-05   616.597s
 726000 +6.67464423e+07 +6.67462583e+07  1.84e+02   2.07e-01     8.64e-05   617.326s
 727000 +6.67464378e+07 +6.67462583e+07  1.79e+02   2.05e-01     8.63e-05   618.055s
 728000 +6.67464342e+07 +6.67462583e+07  1.76e+02   2.04e-01     8.96e-05   618.785s
 729000 +6.67464321e+07 +6.67462583e+07  1.74e+02   2.03e-01     9.10e-05   619.514s
 730000 +6.67464300e+07 +6.67462583e+07  1.72e+02   2.03e-01     9.24e-05   620.243s
 731000 +6.67464277e+07 +6.67462583e+07  1.69e+02   2.03e-01     9.35e-05   620.972s
 732000 +6.67464254e+07 +6.67462583e+07  1.67e+02   2.03e-01     9.50e-05   621.701s
 733000 +6.67464230e+07 +6.67462583e+07  1.65e+02   2.03e-01     9.62e-05   622.429s
 734000 +6.67464206e+07 +6.67462583e+07  1.62e+02   2.02e-01     9.81e-05   623.157s
 735000 +6.67464181e+07 +6.67462583e+07  1.60e+02   2.01e-01     9.93e-05   623.886s
 736000 +6.67464156e+07 +6.67462583e+07  1.57e+02   2.01e-01     1.00e-04   624.615s
 737000 +6.67464129e+07 +6.67462583e+07  1.55e+02   2.01e-01     1.02e-04   625.344s
 738000 +6.67464102e+07 +6.67462583e+07  1.52e+02   2.01e-01     1.03e-04   626.073s
 739000 +6.67464075e+07 +6.67462583e+07  1.49e+02   2.01e-01     1.05e-04   626.802s
 740000 +6.67464047e+07 +6.67462583e+07  1.46e+02   2.01e-01     9.99e-05   627.530s
 741000 +6.67464018e+07 +6.67462583e+07  1.44e+02   2.01e-01     1.01e-04   628.259s
 742000 +6.67463989e+07 +6.67462583e+07  1.41e+02   2.00e-01     1.01e-04   628.988s
 743000 +6.67463960e+07 +6.67462583e+07  1.38e+02   2.00e-01     1.02e-04   629.717s
 744000 +6.67463930e+07 +6.67462583e+07  1.35e+02   2.00e-01     1.03e-04   630.447s
 745000 +6.67463900e+07 +6.67462583e+07  1.32e+02   2.00e-01     1.03e-04   631.176s
 746000 +6.67463870e+07 +6.67462583e+07  1.29e+02   2.00e-01     1.04e-04   631.904s
 747000 +6.67463839e+07 +6.67462583e+07  1.26e+02   2.00e-01     1.04e-04   632.634s
 748000 +6.67463808e+07 +6.67462583e+07  1.22e+02   2.00e-01     1.05e-04   633.362s
 749000 +6.67463776e+07 +6.67462583e+07  1.19e+02   2.00e-01     1.05e-04   634.091s
 750000 +6.67463744e+07 +6.67462583e+07  1.16e+02   2.00e-01     1.05e-04   634.819s
 751000 +6.67463712e+07 +6.67462583e+07  1.13e+02   1.99e-01     1.06e-04   635.549s
 752000 +6.67463679e+07 +6.67462583e+07  1.10e+02   1.99e-01     1.07e-04   636.277s
 753000 +6.67463645e+07 +6.67462583e+07  1.06e+02   1.99e-01     1.07e-04   637.006s
 754000 +6.67463611e+07 +6.67462583e+07  1.03e+02   1.99e-01     1.08e-04   637.735s
 755000 +6.67463576e+07 +6.67462583e+07  9.93e+01   1.99e-01     1.09e-04   638.464s
 756000 +6.67463540e+07 +6.67462583e+07  9.57e+01   1.99e-01     1.09e-04   639.192s
 757000 +6.67463508e+07 +6.67462583e+07  9.25e+01   1.69e-01     1.12e-04   639.921s
 758000 +6.67463470e+07 +6.67462583e+07  8.87e+01   1.78e-01     1.13e-04   640.650s
 759000 +6.67463433e+07 +6.67462583e+07  8.50e+01   1.79e-01     1.13e-04   641.379s
 760000 +6.67463398e+07 +6.67462583e+07  8.15e+01   1.70e-01     1.12e-04   642.108s
 761000 +6.67463357e+07 +6.67462583e+07  7.74e+01   1.88e-01     1.11e-04   642.837s
 762000 +6.67463323e+07 +6.67462583e+07  7.40e+01   1.68e-01     1.10e-04   643.566s
 763000 +6.67463282e+07 +6.67462583e+07  6.99e+01   1.85e-01     1.11e-04   644.294s
 764000 +6.67463247e+07 +6.67462583e+07  6.64e+01   1.69e-01     1.11e-04   645.023s
 765000 +6.67463207e+07 +6.67462583e+07  6.24e+01   1.75e-01     1.12e-04   645.752s
 766000 +6.67463170e+07 +6.67462583e+07  5.87e+01   1.74e-01     1.12e-04   646.481s
 767000 +6.67463133e+07 +6.67462583e+07  5.50e+01   1.67e-01     1.11e-04   647.210s
 768000 +6.67463093e+07 +6.67462583e+07  5.10e+01   1.81e-01     1.10e-04   647.939s
 769000 +6.67463059e+07 +6.67462583e+07  4.76e+01   1.64e-01     1.10e-04   648.668s
 770000 +6.67463019e+07 +6.67462583e+07  4.36e+01   1.73e-01     1.09e-04   649.397s
 771000 +6.67462985e+07 +6.67462583e+07  4.02e+01   1.61e-01     1.08e-04   650.126s
 772000 +6.67462948e+07 +6.67462583e+07  3.65e+01   1.66e-01     1.08e-04   650.855s
 773000 +6.67462913e+07 +6.67462583e+07  3.30e+01   1.66e-01     1.07e-04   651.584s
 774000 +6.67462880e+07 +6.67462583e+07  2.97e+01   1.63e-01     1.06e-04   652.313s
 775000 +6.67462845e+07 +6.67462583e+07  2.62e+01   1.73e-01     1.04e-04   653.042s
 776000 +6.67462815e+07 +6.67462583e+07  2.32e+01   1.63e-01     1.02e-04   653.771s
 777000 +6.67462793e+07 +6.67462583e+07  2.11e+01   1.58e-01     1.04e-04   654.501s
 778000 +6.67462771e+07 +6.67462583e+07  1.88e+01   1.58e-01     1.03e-04   655.230s
 779000 +6.67462748e+07 +6.67462583e+07  1.66e+01   1.58e-01     1.03e-04   655.959s
 780000 +6.67462726e+07 +6.67462583e+07  1.43e+01   1.58e-01     1.02e-04   656.688s
 781000 +6.67462704e+07 +6.67462583e+07  1.21e+01   1.58e-01     1.02e-04   657.417s
 782000 +6.67462682e+07 +6.67462583e+07  9.93e+00   1.58e-01     1.02e-04   658.145s
 783000 +6.67462660e+07 +6.67462583e+07  7.74e+00   1.58e-01     1.01e-04   658.874s
 784000 +6.67462638e+07 +6.67462583e+07  5.58e+00   1.58e-01     1.01e-04   659.603s
 785000 +6.67462617e+07 +6.67462583e+07  3.45e+00   1.58e-01     1.01e-04   660.332s
 786000 +6.67462596e+07 +6.67462583e+07  1.34e+00   1.58e-01     1.00e-04   661.061s
 787000 +6.67462575e+07 +6.67462583e+07  7.49e-01   1.58e-01     9.96e-05   661.790s
 788000 +6.67462555e+07 +6.67462583e+07  2.80e+00   1.58e-01     9.92e-05   662.519s
 789000 +6.67462534e+07 +6.67462583e+07  4.83e+00   1.58e-01     9.88e-05   663.248s
 790000 +6.67462514e+07 +6.67462583e+07  6.83e+00   1.58e-01     9.82e-05   663.977s
 791000 +6.67462495e+07 +6.67462583e+07  8.80e+00   1.58e-01     9.78e-05   664.706s
 792000 +6.67462475e+07 +6.67462583e+07  1.07e+01   1.55e-01     9.79e-05   665.435s
 793000 +6.67462456e+07 +6.67462583e+07  1.27e+01   1.56e-01     9.74e-05   666.164s
 794000 +6.67462437e+07 +6.67462583e+07  1.45e+01   1.56e-01     9.63e-05   666.892s
 795000 +6.67462419e+07 +6.67462583e+07  1.63e+01   1.56e-01     9.59e-05   667.621s
 796000 +6.67462401e+07 +6.67462583e+07  1.81e+01   1.55e-01     9.52e-05   668.350s
 797000 +6.67462383e+07 +6.67462583e+07  1.99e+01   1.55e-01     9.46e-05   669.079s
 798000 +6.67462366e+07 +6.67462582e+07  2.17e+01   1.55e-01     9.42e-05   669.807s
 799000 +6.67462349e+07 +6.67462582e+07  2.34e+01   1.55e-01     9.34e-05   670.536s
 800000 +6.67462332e+07 +6.67462582e+07  2.50e+01   1.55e-01     9.29e-05   671.265s
 801000 +6.67462316e+07 +6.67462582e+07  2.67e+01   1.55e-01     9.23e-05   671.994s
 802000 +6.67462301e+07 +6.67462582e+07  2.82e+01   1.47e-01     9.41e-05   672.723s
 803000 +6.67462288e+07 +6.67462582e+07  2.94e+01   1.32e-01     9.41e-05   673.452s
 804000 +6.67462270e+07 +6.67462582e+07  3.12e+01   1.43e-01     9.36e-05   674.181s
 805000 +6.67462258e+07 +6.67462582e+07  3.24e+01   1.33e-01     9.20e-05   674.910s
 806000 +6.67462242e+07 +6.67462582e+07  3.41e+01   1.40e-01     9.18e-05   675.639s
 807000 +6.67462229e+07 +6.67462582e+07  3.53e+01   1.31e-01     9.07e-05   676.368s
 808000 +6.67462214e+07 +6.67462582e+07  3.68e+01   1.37e-01     8.92e-05   677.097s
 809000 +6.67462202e+07 +6.67462582e+07  3.80e+01   1.32e-01     8.87e-05   677.826s
 810000 +6.67462188e+07 +6.67462582e+07  3.94e+01   1.36e-01     8.84e-05   678.554s
 811000 +6.67462177e+07 +6.67462582e+07  4.06e+01   1.32e-01     8.62e-05   679.283s
 812000 +6.67462164e+07 +6.67462582e+07  4.18e+01   1.34e-01     8.50e-05   680.012s
 813000 +6.67462153e+07 +6.67462582e+07  4.29e+01   1.32e-01     8.41e-05   680.741s
 814000 +6.67462142e+07 +6.67462582e+07  4.41e+01   1.33e-01     8.32e-05   681.470s
 815000 +6.67462132e+07 +6.67462582e+07  4.51e+01   1.32e-01     8.18e-05   682.198s
 816000 +6.67462121e+07 +6.67462583e+07  4.61e+01   1.32e-01     8.10e-05   682.928s
 817000 +6.67462112e+07 +6.67462583e+07  4.71e+01   1.32e-01     8.02e-05   683.657s
 818000 +6.67462103e+07 +6.67462582e+07  4.80e+01   1.31e-01     7.99e-05   684.385s
 819000 +6.67462094e+07 +6.67462583e+07  4.89e+01   1.32e-01     7.81e-05   685.114s
 820000 +6.67462086e+07 +6.67462583e+07  4.96e+01   1.30e-01     7.75e-05   685.843s
 821000 +6.67462078e+07 +6.67462583e+07  5.04e+01   1.32e-01     7.67e-05   686.572s
 822000 +6.67462072e+07 +6.67462583e+07  5.10e+01   1.30e-01     7.62e-05   687.301s
 823000 +6.67462065e+07 +6.67462583e+07  5.17e+01   1.32e-01     7.53e-05   688.029s
 824000 +6.67462060e+07 +6.67462583e+07  5.22e+01   1.30e-01     7.46e-05   688.758s
 825000 +6.67462054e+07 +6.67462583e+07  5.28e+01   1.32e-01     7.35e-05   689.487s
 826000 +6.67462051e+07 +6.67462583e+07  5.31e+01   1.29e-01     7.30e-05   690.216s
 827000 +6.67462046e+07 +6.67462583e+07  5.36e+01   1.32e-01     7.17e-05   690.944s
 828000 +6.67462045e+07 +6.67462583e+07  5.38e+01   1.29e-01     7.11e-05   691.673s
 829000 +6.67462041e+07 +6.67462583e+07  5.42e+01   1.32e-01     7.03e-05   692.402s
 830000 +6.67462041e+07 +6.67462583e+07  5.42e+01   1.29e-01     6.96e-05   693.131s
 831000 +6.67462038e+07 +6.67462583e+07  5.45e+01   1.32e-01     6.87e-05   693.860s
 832000 +6.67462039e+07 +6.67462583e+07  5.44e+01   1.28e-01     6.82e-05   694.589s
 833000 +6.67462037e+07 +6.67462583e+07  5.46e+01   1.32e-01     6.77e-05   695.318s
 834000 +6.67462038e+07 +6.67462583e+07  5.44e+01   1.28e-01     6.70e-05   696.052s
 835000 +6.67462037e+07 +6.67462583e+07  5.45e+01   1.31e-01     6.61e-05   696.795s
 836000 +6.67462040e+07 +6.67462583e+07  5.43e+01   1.28e-01     6.59e-05   697.536s
 837000 +6.67462040e+07 +6.67462583e+07  5.43e+01   1.31e-01     6.57e-05   698.278s
 838000 +6.67462043e+07 +6.67462583e+07  5.39e+01   1.27e-01     6.49e-05   699.022s
 839000 +6.67462044e+07 +6.67462583e+07  5.38e+01   1.31e-01     6.43e-05   699.766s
 840000 +6.67462047e+07 +6.67462583e+07  5.36e+01   1.27e-01     6.35e-05   700.514s
 841000 +6.67462047e+07 +6.67462583e+07  5.36e+01   1.30e-01     6.30e-05   701.254s
 842000 +6.67462050e+07 +6.67462583e+07  5.32e+01   1.27e-01     6.25e-05   701.997s
 843000 +6.67462051e+07 +6.67462583e+07  5.32e+01   1.30e-01     6.19e-05   702.741s
 844000 +6.67462055e+07 +6.67462583e+07  5.27e+01   1.27e-01     6.13e-05   703.482s
 845000 +6.67462057e+07 +6.67462583e+07  5.26e+01   1.30e-01     6.10e-05   704.220s
 846000 +6.67462062e+07 +6.67462583e+07  5.21e+01   1.27e-01     6.03e-05   704.958s
 847000 +6.67462064e+07 +6.67462583e+07  5.18e+01   1.29e-01     5.94e-05   705.695s
 848000 +6.67462070e+07 +6.67462583e+07  5.13e+01   1.26e-01     5.91e-05   706.434s
 849000 +6.67462069e+07 +6.67462580e+07  5.11e+01   1.24e-01     9.91e-05   707.174s
 850000 +6.67462069e+07 +6.67462580e+07  5.11e+01   1.24e-01     9.86e-05   707.918s
 851000 +6.67462068e+07 +6.67462580e+07  5.12e+01   1.23e-01     9.83e-05   708.665s
 852000 +6.67462068e+07 +6.67462580e+07  5.12e+01   1.23e-01     9.80e-05   709.411s
 853000 +6.67462068e+07 +6.67462580e+07  5.12e+01   1.23e-01     9.80e-05   710.159s
 854000 +6.67462069e+07 +6.67462580e+07  5.11e+01   1.23e-01     9.76e-05   710.906s
 855000 +6.67462070e+07 +6.67462580e+07  5.10e+01   1.23e-01     9.83e-05   711.653s
 856000 +6.67462071e+07 +6.67462580e+07  5.09e+01   1.23e-01     9.80e-05   712.392s
 857000 +6.67462073e+07 +6.67462580e+07  5.08e+01   1.22e-01     9.83e-05   713.129s
 858000 +6.67462075e+07 +6.67462580e+07  5.06e+01   1.22e-01     9.86e-05   713.876s
 859000 +6.67462077e+07 +6.67462580e+07  5.03e+01   1.22e-01     9.84e-05   714.621s
 860000 +6.67462079e+07 +6.67462580e+07  5.01e+01   1.22e-01     9.77e-05   715.356s
 861000 +6.67462082e+07 +6.67462580e+07  4.98e+01   1.22e-01     9.81e-05   716.091s
 862000 +6.67462086e+07 +6.67462580e+07  4.95e+01   1.22e-01     9.81e-05   716.827s
 863000 +6.67462089e+07 +6.67462580e+07  4.91e+01   1.21e-01     9.82e-05   717.562s
 864000 +6.67462093e+07 +6.67462580e+07  4.88e+01   1.21e-01     9.84e-05   718.296s
 865000 +6.67462097e+07 +6.67462580e+07  4.84e+01   1.21e-01     9.87e-05   719.032s
 866000 +6.67462101e+07 +6.67462580e+07  4.79e+01   1.21e-01     9.89e-05   719.767s
 867000 +6.67462105e+07 +6.67462580e+07  4.75e+01   1.21e-01     9.91e-05   720.502s
 868000 +6.67462110e+07 +6.67462580e+07  4.70e+01   1.20e-01     9.95e-05   721.236s
 869000 +6.67462115e+07 +6.67462580e+07  4.65e+01   1.20e-01     1.00e-04   721.972s
 870000 +6.67462120e+07 +6.67462580e+07  4.60e+01   1.20e-01     1.01e-04   722.710s
 871000 +6.67462125e+07 +6.67462580e+07  4.55e+01   1.20e-01     1.01e-04   723.447s
 872000 +6.67462131e+07 +6.67462580e+07  4.49e+01   1.20e-01     1.01e-04   724.183s
 873000 +6.67462137e+07 +6.67462580e+07  4.43e+01   1.20e-01     1.02e-04   724.918s
 874000 +6.67462143e+07 +6.67462580e+07  4.37e+01   1.20e-01     1.03e-04   725.653s
 875000 +6.67462149e+07 +6.67462580e+07  4.31e+01   1.19e-01     1.03e-04   726.388s
 876000 +6.67462156e+07 +6.67462580e+07  4.24e+01   1.19e-01     1.04e-04   727.123s
 877000 +6.67462162e+07 +6.67462580e+07  4.18e+01   1.19e-01     1.04e-04   727.855s
 878000 +6.67462169e+07 +6.67462580e+07  4.11e+01   1.19e-01     1.05e-04   728.584s
 879000 +6.67462177e+07 +6.67462580e+07  4.04e+01   1.19e-01     1.05e-04   729.312s
 880000 +6.67462184e+07 +6.67462580e+07  3.97e+01   1.19e-01     1.06e-04   730.041s
 881000 +6.67462191e+07 +6.67462580e+07  3.89e+01   1.18e-01     1.07e-04   730.770s
 882000 +6.67462199e+07 +6.67462580e+07  3.81e+01   1.18e-01     1.07e-04   731.499s
 883000 +6.67462207e+07 +6.67462580e+07  3.74e+01   1.18e-01     1.10e-04   732.228s
 884000 +6.67462214e+07 +6.67462580e+07  3.66e+01   1.18e-01     1.09e-04   732.957s
 885000 +6.67462222e+07 +6.67462580e+07  3.59e+01   1.18e-01     1.09e-04   733.686s
 886000 +6.67462229e+07 +6.67462580e+07  3.51e+01   1.18e-01     1.09e-04   734.415s
 887000 +6.67462236e+07 +6.67462580e+07  3.44e+01   1.17e-01     1.10e-04   735.144s
 888000 +6.67462243e+07 +6.67462580e+07  3.37e+01   1.17e-01     1.10e-04   735.873s
 889000 +6.67462250e+07 +6.67462580e+07  3.30e+01   1.17e-01     1.10e-04   736.602s
 890000 +6.67462257e+07 +6.67462580e+07  3.23e+01   1.17e-01     1.11e-04   737.331s
 891000 +6.67462264e+07 +6.67462580e+07  3.16e+01   1.17e-01     1.12e-04   738.059s
 892000 +6.67462272e+07 +6.67462580e+07  3.09e+01   1.17e-01     1.12e-04   738.788s
 893000 +6.67462279e+07 +6.67462580e+07  3.01e+01   1.16e-01     1.12e-04   739.517s
 894000 +6.67462286e+07 +6.67462580e+07  2.94e+01   1.16e-01     1.12e-04   740.246s
 895000 +6.67462294e+07 +6.67462580e+07  2.86e+01   1.16e-01     1.12e-04   740.975s
 896000 +6.67462302e+07 +6.67462580e+07  2.78e+01   1.16e-01     1.12e-04   741.704s
 897000 +6.67462310e+07 +6.67462580e+07  2.70e+01   1.16e-01     1.11e-04   742.433s
 898000 +6.67462318e+07 +6.67462580e+07  2.63e+01   1.16e-01     1.11e-04   743.162s
 899000 +6.67462326e+07 +6.67462580e+07  2.54e+01   1.15e-01     1.11e-04   743.890s
 900000 +6.67462334e+07 +6.67462580e+07  2.46e+01   1.15e-01     1.12e-04   744.620s
 901000 +6.67462342e+07 +6.67462580e+07  2.39e+01   1.15e-01     1.11e-04   745.348s
 902000 +6.67462349e+07 +6.67462580e+07  2.32e+01   1.15e-01     1.11e-04   746.077s
 903000 +6.67462356e+07 +6.67462580e+07  2.24e+01   1.15e-01     1.11e-04   746.806s
 904000 +6.67462363e+07 +6.67462580e+07  2.17e+01   1.15e-01     1.11e-04   747.535s
 905000 +6.67462370e+07 +6.67462580e+07  2.10e+01   1.15e-01     1.11e-04   748.264s
 906000 +6.67462377e+07 +6.67462580e+07  2.03e+01   1.15e-01     1.11e-04   748.993s
 907000 +6.67462384e+07 +6.67462580e+07  1.96e+01   1.14e-01     1.11e-04   749.722s
 908000 +6.67462391e+07 +6.67462580e+07  1.89e+01   1.14e-01     1.11e-04   750.451s
 909000 +6.67462398e+07 +6.67462580e+07  1.82e+01   1.14e-01     1.11e-04   751.179s
 910000 +6.67462405e+07 +6.67462580e+07  1.75e+01   1.14e-01     1.11e-04   751.908s
 911000 +6.67462412e+07 +6.67462580e+07  1.68e+01   1.14e-01     1.11e-04   752.637s
 912000 +6.67462419e+07 +6.67462581e+07  1.62e+01   1.14e-01     1.11e-04   753.366s
 913000 +6.67462426e+07 +6.67462581e+07  1.55e+01   1.13e-01     1.10e-04   754.094s
 914000 +6.67462432e+07 +6.67462580e+07  1.48e+01   1.13e-01     1.10e-04   754.823s
 915000 +6.67462439e+07 +6.67462580e+07  1.41e+01   1.13e-01     1.10e-04   755.552s
 915400 +6.67462442e+07 +6.67462580e+07  1.39e+01   1.13e-01     1.10e-04   755.844s
LP Solver status:                Optimal
Primal objective:                +6.67462442e+07
Dual objective:                  +6.67462580e+07
Duality gap (abs/rel):           +1.39e+01 / +1.04e-07
Primal infeasibility (abs/rel):  +1.13e-01 / +9.99e-05
Dual infeasibility (abs/rel):    +1.10e-04 / +9.74e-09
Distributed PDLP finished
Status: Optimal   Objective: 6.67462442e+07  Iterations: 915400  Time: 768.138s

### exit_code=0
### finished=2026-07-23T19:14:50.873053
### gpu_peak_mb=15386.4
### gpu_peak2_mb=11226.4
### per_gpu_peak_mb=[15386.375, 11226.375, 11130.375, 11130.375, 11002.375, 11002.375, 11002.375, 11002.375]
