### solver=cuopt-distributed
### instance=/home/scratch.cmaes_sw/hans_lps/neos.mps
### n_gpus=8
### CUDA_VISIBLE_DEVICES=0,1,2,3,4,5,6,7
### started=2026-08-09T19:16:21.355034
### argv=/home/scratch.vmostovoi_gpu/mostovoi_cuopt/cpp/build/cuopt_cli --method 1 --mps-reader experimental-fast --time-limit 3600 --iteration-limit 1000000000 --relative-primal-tolerance 1e-4 --relative-dual-tolerance 1e-4 --relative-gap-tolerance 1e-4 --log-to-console true --num-gpus 8 /home/scratch.cmaes_sw/hans_lps/neos.mps
### --- solver output ---
Setting parameter iteration_limit to 1000000000
Setting parameter log_to_console to true
Setting parameter method to 1
Setting parameter num_gpus to 8
Setting parameter relative_dual_tolerance to 1.000000e-04
Setting parameter relative_gap_tolerance to 1.000000e-04
Setting parameter relative_primal_tolerance to 1.000000e-04
Setting parameter time_limit to 3.600000e+03
Reading file neos.mps
Using experimental fast MPS parser for '/home/scratch.cmaes_sw/hans_lps/neos.mps'
Read file neos.mps in 0.46 seconds
cuOpt version: 26.10.0, git hash: f3ebc673, host arch: x86_64, device archs: 100a-real
CPU: INTEL(R) XEON(R) PLATINUM 8570, threads (physical/logical): 112/224, RAM (available/total): 1969.74 / 2015.54 GiB
CUDA 13.3, device: NVIDIA B200 (ID 0), VRAM: 178.34 GiB
CUDA device UUID: 60b1e1cb-ecc0-0b03-f242-03b708f69ef9
CUDA 13.3, device: NVIDIA B200 (ID 1), VRAM: 178.34 GiB
CUDA device UUID: 0aa5b660-20d3-b569-c712-8704c8049681
CUDA 13.3, device: NVIDIA B200 (ID 2), VRAM: 178.34 GiB
CUDA device UUID: ed2455df-4e5f-44a6-c58e-ce3537049d32
CUDA 13.3, device: NVIDIA B200 (ID 3), VRAM: 178.34 GiB
CUDA device UUID: de85800a-4950-7a4c-1834-7a30fcf4bbe1
CUDA 13.3, device: NVIDIA B200 (ID 4), VRAM: 178.34 GiB
CUDA device UUID: 392681e6-30ed-fa8b-27a9-eaf56b595c32
CUDA 13.3, device: NVIDIA B200 (ID 5), VRAM: 178.34 GiB
CUDA device UUID: 31e6ca9e-2ac3-affe-a481-429c89c88f05
CUDA 13.3, device: NVIDIA B200 (ID 6), VRAM: 178.34 GiB
CUDA device UUID: a9047ee9-473a-2050-e125-75f8a005a35d
CUDA 13.3, device: NVIDIA B200 (ID 7), VRAM: 178.34 GiB
CUDA device UUID: 86ff0bbe-6d2a-ed72-a882-9abe402ba79e
Solving a problem with 479119 constraints, 36786 variables (0 integers), and 1047675 nonzeros
Using PSLP presolver
PSLP Presolved problem: 422860 constraints, 36236 variables, 913785 non-zeros
PSLP presolve time: 0.10s
Solving with distributed PDLP on 8 GPUs.
NCCL version 2.30.7+cuda13.3
      0 +1.35194112e+05 +1.35194112e+05  0.00e+00   7.54e+04     2.17e+04   5.397s
   1000 +1.35094380e+08 +2.07405966e+08  7.23e+07   1.53e+03     3.20e+02   5.775s
   2000 +1.57811477e+08 +2.13630936e+08  5.58e+07   8.72e+02     1.83e+02   5.967s
   3000 +1.71633707e+08 +2.97573145e+08  1.26e+08   6.10e+02     5.42e+02   6.158s
   4000 +1.83128704e+08 +3.90565125e+08  2.07e+08   4.55e+02     9.94e+02   6.346s
   5000 +1.91858273e+08 +4.85657192e+08  2.94e+08   3.40e+02     1.40e+03   6.534s
   6000 +2.00272662e+08 +5.26249275e+08  3.26e+08   2.32e+02     1.62e+03   6.724s
   7000 +2.07580518e+08 +5.49091633e+08  3.42e+08   1.54e+02     1.75e+03   6.911s
   8000 +2.12779135e+08 +5.22536972e+08  3.10e+08   1.03e+02     1.63e+03   7.100s
   9000 +2.16200059e+08 +4.74732812e+08  2.59e+08   7.22e+01     1.38e+03   7.287s
  10000 +2.22905867e+08 +4.44263412e+08  2.21e+08   4.95e+01     1.20e+03   7.476s
  11000 +2.27947846e+08 +3.99453459e+08  1.72e+08   4.57e+01     9.58e+02   7.654s
  12000 +2.30660323e+08 +3.48435060e+08  1.18e+08   4.83e+01     7.09e+02   7.831s
  13000 +2.31437577e+08 +2.99299379e+08  6.79e+07   4.59e+01     4.70e+02   8.010s
  14000 +2.30617261e+08 +2.60575615e+08  3.00e+07   4.16e+01     2.41e+02   8.187s
  15000 +2.30130040e+08 +2.23268797e+08  6.86e+06   4.09e+01     1.31e+02   8.366s
  16000 +2.28602131e+08 +1.98502181e+08  3.01e+07   3.57e+01     6.21e+02   8.545s
  17000 +2.26481333e+08 +1.86095018e+08  4.04e+07   3.28e+01     6.85e+02   8.726s
  18000 +2.24637090e+08 +1.80995963e+08  4.36e+07   3.14e+01     6.36e+02   8.920s
  19000 +2.23656960e+08 +1.80021890e+08  4.36e+07   3.08e+01     5.22e+02   9.119s
  20000 +2.22638247e+08 +1.80779983e+08  4.19e+07   2.81e+01     3.99e+02   9.318s
  21000 +2.21851071e+08 +1.82919112e+08  3.89e+07   2.72e+01     3.45e+02   9.515s
  22000 +2.21088490e+08 +1.87261985e+08  3.38e+07   2.71e+01     3.12e+02   9.710s
  23000 +2.20793069e+08 +1.90478209e+08  3.03e+07   2.64e+01     2.50e+02   9.910s
  24000 +2.20497038e+08 +1.92011414e+08  2.85e+07   2.63e+01     2.04e+02   10.106s
  25000 +2.20082641e+08 +1.94507064e+08  2.56e+07   2.90e+01     1.66e+02   10.299s
  26000 +2.19661096e+08 +1.97933363e+08  2.17e+07   3.24e+01     1.39e+02   10.496s
  27000 +2.19302281e+08 +2.02228870e+08  1.71e+07   3.54e+01     1.11e+02   10.696s
  28000 +2.19076542e+08 +2.07206241e+08  1.19e+07   3.72e+01     8.83e+01   10.893s
  29000 +2.18997547e+08 +2.12481428e+08  6.52e+06   3.78e+01     6.62e+01   11.098s
  30000 +2.19091555e+08 +2.17584067e+08  1.51e+06   3.73e+01     3.99e+01   11.303s
  31000 +2.19328970e+08 +2.22099230e+08  2.77e+06   3.55e+01     1.43e+01   11.515s
  32000 +2.20026501e+08 +2.25808670e+08  5.78e+06   3.01e+01     7.13e+01   11.717s
  33000 +2.20849370e+08 +2.26839025e+08  5.99e+06   2.36e+01     9.02e+01   11.922s
  34000 +2.21450057e+08 +2.26076642e+08  4.63e+06   1.99e+01     5.12e+01   12.132s
  35000 +2.21791690e+08 +2.24264932e+08  2.47e+06   1.85e+01     9.13e+00   12.350s
  36000 +2.21917493e+08 +2.25366352e+08  3.45e+06   1.76e+01     4.47e+01   12.570s
  37000 +2.22093344e+08 +2.27843951e+08  5.75e+06   1.66e+01     8.22e+01   12.776s
  38000 +2.22356480e+08 +2.29974067e+08  7.62e+06   1.55e+01     1.01e+02   12.986s
  39000 +2.22847265e+08 +2.31421072e+08  8.57e+06   1.33e+01     9.30e+01   13.186s
  40000 +2.23320881e+08 +2.30792572e+08  7.47e+06   1.15e+01     7.53e+01   13.385s
  41000 +2.23688199e+08 +2.29039926e+08  5.35e+06   1.03e+01     5.87e+01   13.582s
  42000 +2.23755237e+08 +2.27701542e+08  3.95e+06   9.97e+00     2.83e+01   13.780s
  43000 +2.24068175e+08 +2.27012036e+08  2.94e+06   8.14e+00     2.57e+01   13.972s
  44000 +2.24208977e+08 +2.26272754e+08  2.06e+06   7.48e+00     2.97e+01   14.160s
  45000 +2.24223756e+08 +2.27634747e+08  3.41e+06   7.20e+00     1.09e+02   14.349s
  46000 +2.24335590e+08 +2.28946177e+08  4.61e+06   6.77e+00     8.65e+01   14.546s
  47000 +2.24510978e+08 +2.30117957e+08  5.61e+06   5.12e+00     9.29e+01   14.750s
  48000 +2.24643594e+08 +2.30036737e+08  5.39e+06   4.67e+00     8.44e+01   14.954s
  49000 +2.24761961e+08 +2.29802826e+08  5.04e+06   3.80e+00     7.67e+01   15.161s
  50000 +2.24928983e+08 +2.30282639e+08  5.35e+06   2.92e+00     6.39e+01   15.370s
  51000 +2.25058781e+08 +2.29952696e+08  4.89e+06   2.19e+00     4.67e+01   15.575s
  52000 +2.25147376e+08 +2.29213899e+08  4.07e+06   1.87e+00     3.63e+01   15.771s
  53000 +2.25201975e+08 +2.28325920e+08  3.12e+06   1.65e+00     2.72e+01   15.971s
  54000 +2.25222520e+08 +2.27562276e+08  2.34e+06   1.59e+00     2.24e+01   16.168s
  55000 +2.25221891e+08 +2.27041002e+08  1.82e+06   1.52e+00     2.79e+01   16.372s
  56000 +2.25205437e+08 +2.26789219e+08  1.58e+06   1.53e+00     2.39e+01   16.575s
  57000 +2.25231358e+08 +2.28239718e+08  3.01e+06   1.40e+00     5.60e+01   16.777s
  58000 +2.25266312e+08 +2.29306822e+08  4.04e+06   1.33e+00     4.73e+01   16.979s
  59000 +2.25295797e+08 +2.29974473e+08  4.68e+06   9.80e-01     8.15e+01   17.179s
  60000 +2.25337264e+08 +2.30071997e+08  4.73e+06   8.67e-01     4.92e+01   17.381s
  61000 +2.25364110e+08 +2.29476493e+08  4.11e+06   7.44e-01     5.39e+01   17.578s
  62000 +2.25381667e+08 +2.29217347e+08  3.84e+06   6.52e-01     5.39e+01   17.765s
  63000 +2.25396091e+08 +2.30500687e+08  5.10e+06   5.27e-01     1.12e+02   17.942s
  64000 +2.25418239e+08 +2.31332901e+08  5.91e+06   3.93e-01     1.25e+02   18.119s
  65000 +2.25437016e+08 +2.30406124e+08  4.97e+06   3.05e-01     1.29e+02   18.296s
  66000 +2.25433018e+08 +2.28831721e+08  3.40e+06   2.34e-01     1.11e+02   18.474s
  67000 +2.25423064e+08 +2.27654697e+08  2.23e+06   2.41e-01     4.24e+01   18.652s
  68000 +2.25425349e+08 +2.27289901e+08  1.86e+06   2.22e-01     4.11e+01   18.830s
  69000 +2.25427416e+08 +2.27176919e+08  1.75e+06   2.16e-01     3.88e+01   19.008s
  70000 +2.25430487e+08 +2.27066709e+08  1.64e+06   2.12e-01     1.65e+01   19.185s
  71000 +2.25432922e+08 +2.26740364e+08  1.31e+06   2.10e-01     1.34e+01   19.362s
  72000 +2.25433630e+08 +2.26455834e+08  1.02e+06   2.08e-01     1.53e+01   19.540s
  73000 +2.25435363e+08 +2.26734694e+08  1.30e+06   6.39e-02     7.18e+01   19.719s
  74000 +2.25439110e+08 +2.27121095e+08  1.68e+06   2.57e-02     6.47e+01   19.896s
  75000 +2.25442482e+08 +2.26832541e+08  1.39e+06   1.37e-02     4.39e+01   20.073s
  76000 +2.25443406e+08 +2.26631640e+08  1.19e+06   3.07e-03     4.39e+01   20.250s
  77000 +2.25444432e+08 +2.26573680e+08  1.13e+06   2.99e-03     3.11e+01   20.427s
  78000 +2.25452105e+08 +2.26458046e+08  1.01e+06   2.08e-02     2.12e+01   20.606s
  79000 +2.25465630e+08 +2.26316560e+08  8.51e+05   4.06e-02     9.84e+00   20.783s
  80000 +2.25468133e+08 +2.26103880e+08  6.36e+05   3.72e-02     7.57e+00   20.962s
  81000 +2.25461590e+08 +2.26005468e+08  5.44e+05   3.00e-02     5.88e+00   21.139s
  82000 +2.25454795e+08 +2.25990038e+08  5.35e+05   2.41e-02     4.34e+00   21.316s
  83000 +2.25455295e+08 +2.25963162e+08  5.08e+05   2.20e-02     7.40e+00   21.493s
  84000 +2.25453101e+08 +2.25879153e+08  4.26e+05   1.99e-02     4.17e+00   21.670s
  85000 +2.25448381e+08 +2.25832127e+08  3.84e+05   1.62e-02     3.83e+00   21.847s
  86000 +2.25448425e+08 +2.25823468e+08  3.75e+05   2.59e-02     4.32e+00   22.026s
  87000 +2.25451349e+08 +2.25796265e+08  3.45e+05   1.47e-02     3.51e+00   22.203s
  88000 +2.25448284e+08 +2.25769484e+08  3.21e+05   8.25e-03     3.19e+00   22.380s
  89000 +2.25444749e+08 +2.25755884e+08  3.11e+05   6.62e-03     3.17e+00   22.557s
  90000 +2.25444055e+08 +2.25746681e+08  3.03e+05   9.92e-03     3.12e+00   22.734s
  91000 +2.25443499e+08 +2.25741842e+08  2.98e+05   1.61e-02     3.09e+00   22.911s
  92000 +2.25446153e+08 +2.25728581e+08  2.82e+05   2.94e-02     2.98e+00   23.088s
  93000 +2.25449505e+08 +2.25696773e+08  2.47e+05   2.58e-02     2.86e+00   23.265s
  94000 +2.25448513e+08 +2.25666668e+08  2.18e+05   1.87e-02     2.82e+00   23.443s
  95000 +2.25444952e+08 +2.25650018e+08  2.05e+05   1.77e-02     2.75e+00   23.620s
  96000 +2.25443426e+08 +2.25650178e+08  2.07e+05   1.63e-02     3.09e+00   23.797s
  97000 +2.25442590e+08 +2.25651858e+08  2.09e+05   2.06e-02     2.76e+00   23.974s
  98000 +2.25441342e+08 +2.25655242e+08  2.14e+05   2.00e-02     2.68e+00   24.151s
  99000 +2.25442364e+08 +2.25661081e+08  2.19e+05   1.56e-02     2.72e+00   24.328s
 100000 +2.25576633e+08 +2.25643326e+08  6.67e+04   5.02e-01     2.31e+00   24.507s
 100600 +2.25648575e+08 +2.25620741e+08  2.78e+04   4.30e-01     2.11e+00   24.614s
LP Solver status:                Optimal
Primal objective:                +2.25648575e+08
Dual objective:                  +2.25620741e+08
Duality gap (abs/rel):           +2.78e+04 / +6.17e-05
Primal infeasibility (abs/rel):  +4.30e-01 / +5.34e-06
Dual infeasibility (abs/rel):    +2.11e+00 / +9.68e-05
PDLP finished
Status: Optimal   Objective: 2.25648575e+08  Iterations: 100600  Time: 24.633s

### exit_code=0
### finished=2026-08-09T19:16:54.702751
### gpu_peak_mb=5306.4
### gpu_peak2_mb=5210.4
### per_gpu_peak_mb=[5306.375, 5210.375, 5210.375, 5210.375, 5210.375, 5210.375, 5210.375, 5210.375]
