### solver=cuopt-distributed
### instance=/home/scratch.cmaes_sw/hans_lps/neos-5052403-cygnet.mps
### n_gpus=8
### CUDA_VISIBLE_DEVICES=0,1,2,3,4,5,6,7
### started=2026-08-09T19:16:47.930851
### argv=/home/scratch.vmostovoi_gpu/mostovoi_cuopt/cpp/build/cuopt_cli --method 1 --mps-reader experimental-fast --time-limit 3600 --iteration-limit 1000000000 --relative-primal-tolerance 1e-4 --relative-dual-tolerance 1e-4 --relative-gap-tolerance 1e-4 --log-to-console true --num-gpus 8 /home/scratch.cmaes_sw/hans_lps/neos-5052403-cygnet.mps
### --- solver output ---
Setting parameter iteration_limit to 1000000000
Setting parameter log_to_console to true
Setting parameter method to 1
Setting parameter num_gpus to 8
Setting parameter relative_dual_tolerance to 1.000000e-04
Setting parameter relative_gap_tolerance to 1.000000e-04
Setting parameter relative_primal_tolerance to 1.000000e-04
Setting parameter time_limit to 3.600000e+03
Reading file neos-5052403-cygnet.mps
Using experimental fast MPS parser for '/home/scratch.cmaes_sw/hans_lps/neos-5052403-cygnet.mps'
Read file neos-5052403-cygnet.mps in 0.47 seconds
cuOpt version: 26.10.0, git hash: f3ebc673, host arch: x86_64, device archs: 100a-real
CPU: INTEL(R) XEON(R) PLATINUM 8570, threads (physical/logical): 112/224, RAM (available/total): 1570.23 / 2015.54 GiB
CUDA 13.3, device: NVIDIA B200 (ID 0), VRAM: 178.34 GiB
CUDA device UUID: 681a378c-9967-0edf-3943-b009e5595378
CUDA 13.3, device: NVIDIA B200 (ID 1), VRAM: 178.34 GiB
CUDA device UUID: f362e9ae-1176-2fdc-bc5f-44f36e3f008b
CUDA 13.3, device: NVIDIA B200 (ID 2), VRAM: 178.34 GiB
CUDA device UUID: 12fd6dd7-3383-bd42-35f5-31ce1246a7b2
CUDA 13.3, device: NVIDIA B200 (ID 3), VRAM: 178.34 GiB
CUDA device UUID: bf38f101-598c-c6a6-4396-7a12a540e9b0
CUDA 13.3, device: NVIDIA B200 (ID 4), VRAM: 178.34 GiB
CUDA device UUID: 18e03214-c1f8-c0cc-2376-566dd06569da
CUDA 13.3, device: NVIDIA B200 (ID 5), VRAM: 178.34 GiB
CUDA device UUID: a614b617-6398-7625-f7e1-08fd2ec48ca6
CUDA 13.3, device: NVIDIA B200 (ID 6), VRAM: 178.34 GiB
CUDA device UUID: 30d73ef0-1aa5-e1c9-bd4a-2c000df06cde
CUDA 13.3, device: NVIDIA B200 (ID 7), VRAM: 178.34 GiB
CUDA device UUID: 303952f7-5df8-2cb3-91d7-e18ea6249e44
Solving a problem with 38268 constraints, 32868 variables (0 integers), and 4898304 nonzeros
Using PSLP presolver
PSLP Presolved problem: 19134 constraints, 27593 variables, 2448853 non-zeros
PSLP presolve time: 0.24s
Solving with distributed PDLP on 8 GPUs.
NCCL version 2.30.7+cuda13.3
      0 +0.00000000e+00 +0.00000000e+00  0.00e+00   1.38e+02     1.66e+02   3.519s
   1000 +1.79416841e+02 +1.80253405e+02  8.37e-01   2.01e-01     2.79e-01   3.864s
   2000 +1.79196785e+02 +1.79545656e+02  3.49e-01   1.54e-01     7.82e-02   4.048s
   3000 +1.79295441e+02 +1.79418137e+02  1.23e-01   9.03e-02     2.63e-02   4.231s
   4000 +1.79346183e+02 +1.79424927e+02  7.87e-02   6.09e-02     2.76e-02   4.414s
   5000 +1.79374870e+02 +1.79456155e+02  8.13e-02   4.96e-02     1.96e-02   4.597s
   6000 +1.79397722e+02 +1.79464904e+02  6.72e-02   4.21e-02     1.73e-02   4.780s
   7000 +1.79438631e+02 +1.79489574e+02  5.09e-02   2.69e-02     1.95e-02   4.964s
   7500 +1.79468168e+02 +1.79501338e+02  3.32e-02   1.45e-02     1.51e-02   5.055s
LP Solver status:                Optimal
Primal objective:                +1.79468168e+02
Dual objective:                  +1.79501338e+02
Duality gap (abs/rel):           +3.32e-02 / +9.21e-05
Primal infeasibility (abs/rel):  +1.45e-02 / +4.68e-05
Dual infeasibility (abs/rel):    +1.51e-02 / +9.01e-05
PDLP finished
Status: Optimal   Objective: 1.79468168e+02  Iterations: 7500  Time: 5.063s

### exit_code=0
### finished=2026-08-09T19:17:01.852190
### gpu_peak_mb=5274.4
### gpu_peak2_mb=5210.4
### per_gpu_peak_mb=[5274.375, 5210.375, 5210.375, 5210.375, 5210.375, 5210.375, 5210.375, 5210.375]
