### solver=cuopt-distributed
### instance=/home/scratch.cmaes_sw/hans_lps/netlarge2.mps
### n_gpus=8
### CUDA_VISIBLE_DEVICES=0,1,2,3,4,5,6,7
### started=2026-08-09T19:17:14.811398
### argv=/home/scratch.vmostovoi_gpu/mostovoi_cuopt/cpp/build/cuopt_cli --method 1 --mps-reader experimental-fast --time-limit 3600 --iteration-limit 1000000000 --relative-primal-tolerance 1e-4 --relative-dual-tolerance 1e-4 --relative-gap-tolerance 1e-4 --log-to-console true --num-gpus 8 /home/scratch.cmaes_sw/hans_lps/netlarge2.mps
### --- solver output ---
Setting parameter iteration_limit to 1000000000
Setting parameter log_to_console to true
Setting parameter method to 1
Setting parameter num_gpus to 8
Setting parameter relative_dual_tolerance to 1.000000e-04
Setting parameter relative_gap_tolerance to 1.000000e-04
Setting parameter relative_primal_tolerance to 1.000000e-04
Setting parameter time_limit to 3.600000e+03
Reading file netlarge2.mps
Using experimental fast MPS parser for '/home/scratch.cmaes_sw/hans_lps/netlarge2.mps'
Read file netlarge2.mps in 0.50 seconds
cuOpt version: 26.10.0, git hash: f3ebc673, host arch: x86_64, device archs: 100a-real
CPU: INTEL(R) XEON(R) PLATINUM 8570, threads (physical/logical): 112/224, RAM (available/total): 1570.22 / 2015.54 GiB
CUDA 13.3, device: NVIDIA B200 (ID 0), VRAM: 178.34 GiB
CUDA device UUID: 681a378c-9967-0edf-3943-b009e5595378
CUDA 13.3, device: NVIDIA B200 (ID 1), VRAM: 178.34 GiB
CUDA device UUID: f362e9ae-1176-2fdc-bc5f-44f36e3f008b
CUDA 13.3, device: NVIDIA B200 (ID 2), VRAM: 178.34 GiB
CUDA device UUID: 12fd6dd7-3383-bd42-35f5-31ce1246a7b2
CUDA 13.3, device: NVIDIA B200 (ID 3), VRAM: 178.34 GiB
CUDA device UUID: bf38f101-598c-c6a6-4396-7a12a540e9b0
CUDA 13.3, device: NVIDIA B200 (ID 4), VRAM: 178.34 GiB
CUDA device UUID: 18e03214-c1f8-c0cc-2376-566dd06569da
CUDA 13.3, device: NVIDIA B200 (ID 5), VRAM: 178.34 GiB
CUDA device UUID: a614b617-6398-7625-f7e1-08fd2ec48ca6
CUDA 13.3, device: NVIDIA B200 (ID 6), VRAM: 178.34 GiB
CUDA device UUID: 30d73ef0-1aa5-e1c9-bd4a-2c000df06cde
CUDA 13.3, device: NVIDIA B200 (ID 7), VRAM: 178.34 GiB
CUDA device UUID: 303952f7-5df8-2cb3-91d7-e18ea6249e44
Solving a problem with 40000 constraints, 1160000 variables (0 integers), and 2320000 nonzeros
Using PSLP presolver
PSLP Presolved problem: 39893 constraints, 1158027 variables, 2316054 non-zeros
PSLP presolve time: 0.27s
Solving with distributed PDLP on 8 GPUs.
NCCL version 2.30.7+cuda13.3
      0 +9.90800200e+06 +9.90800200e+06  0.00e+00   8.46e+03     6.28e+06   6.891s
   1000 +5.74606017e+08 +5.74732779e+08  1.27e+05   2.03e+01     1.79e+02   7.262s
   2000 +5.74490489e+08 +5.74494566e+08  4.08e+03   3.49e+00     1.83e+01   7.449s
   3000 +5.74482612e+08 +5.74485736e+08  3.12e+03   1.78e+00     6.39e+00   7.636s
   3900 +5.74484322e+08 +5.74484259e+08  6.32e+01   7.94e-01     3.15e+00   7.803s
LP Solver status:                Optimal
Primal objective:                +5.74484322e+08
Dual objective:                  +5.74484259e+08
Duality gap (abs/rel):           +6.32e+01 / +5.50e-08
Primal infeasibility (abs/rel):  +7.94e-01 / +9.39e-05
Dual infeasibility (abs/rel):    +3.15e+00 / +5.02e-07
PDLP finished
Status: Optimal   Objective: 5.74484322e+08  Iterations: 3900  Time: 7.866s

### exit_code=0
### finished=2026-08-09T19:17:31.318078
### gpu_peak_mb=5370.4
### gpu_peak2_mb=5274.4
### per_gpu_peak_mb=[5370.375, 5274.375, 5274.375, 5274.375, 5274.375, 5274.375, 5274.375, 5274.375]
