### solver=cuopt-distributed
### instance=/home/scratch.vmostovoi_gpu/datasets/open_energy_benchmark/pypsa-eur-elec-100-3h.mps
### n_gpus=8
### CUDA_VISIBLE_DEVICES=0,1,2,3,4,5,6,7
### started=2026-07-28T00:14:24.751701
### argv=/home/scratch.vmostovoi_gpu/mostovoi_cuopt/cpp/build/cuopt_cli --use-distributed-pdlp true --method 1 --mps-reader experimental-fast --time-limit 3600 --iteration-limit 1000000000 --relative-primal-tolerance 1e-4 --relative-dual-tolerance 1e-4 --relative-gap-tolerance 1e-4 --log-to-console true /home/scratch.vmostovoi_gpu/datasets/open_energy_benchmark/pypsa-eur-elec-100-3h.mps
### --- solver output ---
Setting parameter iteration_limit to 1000000000
Setting parameter log_to_console to true
Setting parameter method to 1
Setting parameter relative_dual_tolerance to 1.000000e-04
Setting parameter relative_gap_tolerance to 1.000000e-04
Setting parameter relative_primal_tolerance to 1.000000e-04
Setting parameter time_limit to 3.600000e+03
Setting parameter use_distributed_pdlp to true
Reading file pypsa-eur-elec-100-3h.mps
Using experimental fast MPS parser for '/home/scratch.vmostovoi_gpu/datasets/open_energy_benchmark/pypsa-eur-elec-100-3h.mps'
Read file pypsa-eur-elec-100-3h.mps in 2.54 seconds
cuOpt version: 26.8.0, git hash: 7116ead1, host arch: x86_64, device archs: 100a-real
CPU: INTEL(R) XEON(R) PLATINUM 8570, threads (physical/logical): 112/224, RAM: 1636.28 GiB
CUDA 13.3, device: NVIDIA B200 (ID 0), VRAM: 178.34 GiB
CUDA device UUID: 8317f78c-f99d-83bd-c482-32dac10ef30c
CUDA 13.3, device: NVIDIA B200 (ID 1), VRAM: 178.34 GiB
CUDA device UUID: 8fc7a7b6-bcef-c33d-4892-d0fede2d5f0f
CUDA 13.3, device: NVIDIA B200 (ID 2), VRAM: 178.34 GiB
CUDA device UUID: b37834f6-e251-1183-1917-a2e8b43b9fc4
CUDA 13.3, device: NVIDIA B200 (ID 3), VRAM: 178.34 GiB
CUDA device UUID: 13fa1039-be1e-010e-413e-36eec85e98f8
CUDA 13.3, device: NVIDIA B200 (ID 4), VRAM: 178.34 GiB
CUDA device UUID: d878248b-2c48-d6bc-373f-f4fa503999bf
CUDA 13.3, device: NVIDIA B200 (ID 5), VRAM: 178.34 GiB
CUDA device UUID: 73ea9b4f-1089-1e83-fbe5-1e20e9021147
CUDA 13.3, device: NVIDIA B200 (ID 6), VRAM: 178.34 GiB
CUDA device UUID: 12f455bd-4fb9-9ac5-d065-962815ef9675
CUDA 13.3, device: NVIDIA B200 (ID 7), VRAM: 178.34 GiB
CUDA device UUID: d34404df-593a-d600-db7e-7b4b3bbeec38
Solving a problem with 14064375 constraints, 6720092 variables (0 integers), and 27072974 nonzeros
Using PSLP presolver
PSLP Presolved problem: 4818598 constraints, 6016126 variables, 16580817 non-zeros
PSLP presolve time: 4.84s
Solving with distributed PDLP on 8 GPUs.
NCCL version 2.30.7+cuda13.3
      0 -4.88098763e+10 -4.88098763e+10  0.00e+00   3.37e+06     3.50e+06   10.310s
   1000 +3.80113326e+10 +3.83790120e+10  3.68e+08   1.92e+04     3.61e+02   10.675s
   2000 +3.76621032e+10 +3.79815123e+10  3.19e+08   1.71e+04     9.28e+01   10.899s
   3000 +3.74536045e+10 +3.78041689e+10  3.51e+08   1.91e+04     5.21e+01   11.123s
   4000 +3.73087339e+10 +3.77073536e+10  3.99e+08   1.21e+04     2.91e+01   11.347s
   5000 +3.72213189e+10 +3.76486792e+10  4.27e+08   9.57e+03     2.36e+01   11.569s
   6000 +3.71703595e+10 +3.75881187e+10  4.18e+08   1.24e+04     1.58e+01   11.793s
   7000 +3.70835980e+10 +3.74876927e+10  4.04e+08   1.96e+04     1.62e+01   12.016s
   8000 +3.69976121e+10 +3.74060852e+10  4.08e+08   2.02e+04     1.69e+01   12.239s
   9000 +3.69260076e+10 +3.73457191e+10  4.20e+08   1.84e+04     1.60e+01   12.462s
  10000 +3.68482581e+10 +3.72658408e+10  4.18e+08   3.13e+04     1.01e+01   12.686s
  11000 +3.67935666e+10 +3.71926420e+10  3.99e+08   3.83e+04     1.17e+01   12.906s
  12000 +3.67592701e+10 +3.71252759e+10  3.66e+08   4.20e+04     1.31e+01   13.126s
  13000 +3.67362294e+10 +3.70595457e+10  3.23e+08   4.34e+04     1.42e+01   13.346s
  14000 +3.66791347e+10 +3.70052659e+10  3.26e+08   4.39e+04     1.48e+01   13.566s
  15000 +3.66358676e+10 +3.69397759e+10  3.04e+08   4.72e+04     9.70e+00   13.788s
  16000 +3.65727832e+10 +3.68806338e+10  3.08e+08   5.04e+04     1.05e+01   14.008s
  17000 +3.64981001e+10 +3.68333715e+10  3.35e+08   4.99e+04     1.08e+01   14.228s
  18000 +3.64219896e+10 +3.67804520e+10  3.58e+08   4.87e+04     1.04e+01   14.448s
  19000 +3.63275712e+10 +3.67271106e+10  4.00e+08   4.75e+04     9.96e+00   14.668s
  20000 +3.62388365e+10 +3.66814017e+10  4.43e+08   4.55e+04     9.24e+00   14.888s
  21000 +3.61363511e+10 +3.66280167e+10  4.92e+08   4.08e+04     7.98e+00   15.108s
  22000 +3.60386648e+10 +3.65776684e+10  5.39e+08   3.72e+04     6.68e+00   15.328s
  23000 +3.59477959e+10 +3.65019487e+10  5.54e+08   3.70e+04     3.30e+00   15.550s
  24000 +3.58738806e+10 +3.64290972e+10  5.55e+08   4.15e+04     3.34e+00   15.770s
  25000 +3.57922566e+10 +3.63533024e+10  5.61e+08   4.30e+04     3.28e+00   15.990s
  26000 +3.57274876e+10 +3.62915050e+10  5.64e+08   4.30e+04     3.21e+00   16.210s
  27000 +3.56797167e+10 +3.62427690e+10  5.63e+08   4.23e+04     3.12e+00   16.430s
  28000 +3.56341715e+10 +3.61954749e+10  5.61e+08   4.10e+04     3.02e+00   16.650s
  29000 +3.55997178e+10 +3.61539559e+10  5.54e+08   4.01e+04     2.91e+00   16.870s
  30000 +3.55711655e+10 +3.61147653e+10  5.44e+08   3.85e+04     2.82e+00   17.090s
  31000 +3.55377600e+10 +3.60724820e+10  5.35e+08   3.77e+04     2.71e+00   17.310s
  32000 +3.55127059e+10 +3.60365025e+10  5.24e+08   3.67e+04     2.61e+00   17.530s
  33000 +3.54861810e+10 +3.60008821e+10  5.15e+08   3.54e+04     2.51e+00   17.750s
  34000 +3.54654907e+10 +3.59692375e+10  5.04e+08   3.41e+04     2.41e+00   17.970s
  35000 +3.54419323e+10 +3.59378338e+10  4.96e+08   3.34e+04     2.33e+00   18.190s
  36000 +3.54178364e+10 +3.58870607e+10  4.69e+08   3.70e+04     1.51e+00   18.412s
  37000 +3.54061271e+10 +3.58259234e+10  4.20e+08   4.50e+04     1.56e+00   18.632s
  38000 +3.53900048e+10 +3.57718498e+10  3.82e+08   4.94e+04     1.61e+00   18.852s
  39000 +3.53830505e+10 +3.57317775e+10  3.49e+08   5.12e+04     1.63e+00   19.072s
  40000 +3.53789980e+10 +3.57005804e+10  3.22e+08   5.27e+04     1.64e+00   19.292s
  41000 +3.53725630e+10 +3.56732457e+10  3.01e+08   5.40e+04     1.65e+00   19.512s
  42000 +3.53700591e+10 +3.56477988e+10  2.78e+08   5.44e+04     1.68e+00   19.732s
  43000 +3.53628050e+10 +3.56228804e+10  2.60e+08   5.53e+04     1.70e+00   19.952s
  44000 +3.53586733e+10 +3.55931073e+10  2.34e+08   5.57e+04     1.72e+00   20.172s
  45000 +3.53533592e+10 +3.55646893e+10  2.11e+08   5.50e+04     1.71e+00   20.392s
  46000 +3.53467605e+10 +3.55406042e+10  1.94e+08   5.42e+04     1.70e+00   20.614s
  47000 +3.53321309e+10 +3.55070710e+10  1.75e+08   5.39e+04     1.66e+00   20.834s
  48000 +3.53122410e+10 +3.54678953e+10  1.56e+08   5.29e+04     1.62e+00   21.054s
  49000 +3.52961321e+10 +3.54304053e+10  1.34e+08   5.15e+04     1.56e+00   21.274s
  50000 +3.52754921e+10 +3.54071147e+10  1.32e+08   4.95e+04     1.49e+00   21.494s
  51000 +3.52573814e+10 +3.53932626e+10  1.36e+08   4.80e+04     1.44e+00   21.713s
  52000 +3.52389850e+10 +3.53828523e+10  1.44e+08   4.71e+04     1.41e+00   21.934s
  53000 +3.52304285e+10 +3.53713208e+10  1.41e+08   4.61e+04     1.37e+00   22.153s
  54000 +3.52228078e+10 +3.53533352e+10  1.31e+08   4.55e+04     1.33e+00   22.373s
  55000 +3.52136087e+10 +3.53360729e+10  1.22e+08   4.47e+04     1.29e+00   22.593s
  56000 +3.51936343e+10 +3.53176746e+10  1.24e+08   4.48e+04     7.89e-01   22.817s
  57000 +3.51921465e+10 +3.52894793e+10  9.73e+07   4.89e+04     8.17e-01   23.040s
  58000 +3.51912337e+10 +3.52535832e+10  6.23e+07   5.19e+04     8.46e-01   23.260s
  59000 +3.51902450e+10 +3.52215238e+10  3.13e+07   5.29e+04     8.63e-01   23.480s
  60000 +3.51876909e+10 +3.51971804e+10  9.49e+06   5.39e+04     8.86e-01   23.700s
  61000 +3.51894459e+10 +3.51791592e+10  1.03e+07   5.44e+04     9.03e-01   23.921s
  62000 +3.51828640e+10 +3.51651618e+10  1.77e+07   5.44e+04     9.20e-01   24.143s
  63000 +3.51784932e+10 +3.51526511e+10  2.58e+07   5.46e+04     9.20e-01   24.363s
  64000 +3.51683120e+10 +3.51406821e+10  2.76e+07   5.48e+04     9.26e-01   24.583s
  65000 +3.51669224e+10 +3.51294117e+10  3.75e+07   5.46e+04     9.16e-01   24.803s
  66000 +3.51599329e+10 +3.51203062e+10  3.96e+07   5.45e+04     9.17e-01   25.026s
  67000 +3.51536868e+10 +3.51116187e+10  4.21e+07   5.40e+04     9.05e-01   25.246s
  68000 +3.51464495e+10 +3.51034424e+10  4.30e+07   5.36e+04     8.97e-01   25.466s
  69000 +3.51381367e+10 +3.50958098e+10  4.23e+07   5.33e+04     8.83e-01   25.686s
  70000 +3.51299101e+10 +3.50885069e+10  4.14e+07   5.26e+04     8.68e-01   25.906s
  71000 +3.51193317e+10 +3.50828758e+10  3.65e+07   5.22e+04     8.51e-01   26.126s
  72000 +3.51153601e+10 +3.50764789e+10  3.89e+07   5.17e+04     8.38e-01   26.346s
  73000 +3.51062559e+10 +3.50709634e+10  3.53e+07   5.11e+04     8.21e-01   26.566s
  74000 +3.50999848e+10 +3.50659172e+10  3.41e+07   5.08e+04     8.09e-01   26.786s
  75000 +3.50892452e+10 +3.50621988e+10  2.70e+07   5.02e+04     7.91e-01   27.006s
  76000 +3.50772146e+10 +3.50584080e+10  1.88e+07   4.94e+04     7.76e-01   27.227s
  77000 +3.50730458e+10 +3.50538926e+10  1.92e+07   4.92e+04     7.59e-01   27.446s
  78000 +3.50616225e+10 +3.50496133e+10  1.20e+07   4.85e+04     7.49e-01   27.666s
  79000 +3.50565990e+10 +3.50456363e+10  1.10e+07   4.79e+04     7.35e-01   27.887s
  80000 +3.50469087e+10 +3.50411687e+10  5.74e+06   4.69e+04     7.21e-01   28.106s
  81000 +3.50394881e+10 +3.50375930e+10  1.90e+06   4.63e+04     7.03e-01   28.326s
  82000 +3.50349781e+10 +3.50345571e+10  4.21e+05   4.55e+04     6.85e-01   28.547s
  83000 +3.50281915e+10 +3.50318563e+10  3.66e+06   4.48e+04     6.74e-01   28.766s
  84000 +3.50240043e+10 +3.50292983e+10  5.29e+06   4.39e+04     6.63e-01   28.986s
  85000 +3.50160863e+10 +3.50269287e+10  1.08e+07   4.32e+04     6.51e-01   29.207s
  86000 +3.50108090e+10 +3.50245960e+10  1.38e+07   4.24e+04     6.39e-01   29.427s
  87000 +3.49841898e+10 +3.50205542e+10  3.64e+07   4.07e+04     5.70e-01   29.648s
  88000 +3.49748073e+10 +3.50149909e+10  4.02e+07   4.01e+04     5.66e-01   29.869s
  89000 +3.49691424e+10 +3.50108595e+10  4.17e+07   3.95e+04     5.65e-01   30.089s
  90000 +3.49599687e+10 +3.50079695e+10  4.80e+07   3.87e+04     5.64e-01   30.309s
  91000 +3.49505155e+10 +3.50058585e+10  5.53e+07   3.80e+04     5.57e-01   30.530s
  92000 +3.49424692e+10 +3.50007744e+10  5.83e+07   3.74e+04     5.51e-01   30.751s
  93000 +3.49341045e+10 +3.49911189e+10  5.70e+07   3.70e+04     5.55e-01   30.971s
  94000 +3.49288924e+10 +3.49822932e+10  5.34e+07   3.67e+04     5.47e-01   31.192s
  95000 +3.49262193e+10 +3.49733453e+10  4.71e+07   3.61e+04     5.40e-01   31.412s
  96000 +3.49180239e+10 +3.49625117e+10  4.45e+07   3.57e+04     5.34e-01   31.633s
  97000 +3.49095805e+10 +3.49544742e+10  4.49e+07   3.51e+04     5.31e-01   31.853s
  98000 +3.49062029e+10 +3.49495056e+10  4.33e+07   3.44e+04     5.25e-01   32.074s
  99000 +3.49016702e+10 +3.49449596e+10  4.33e+07   3.39e+04     5.16e-01   32.294s
 100000 +3.49022296e+10 +3.49410281e+10  3.88e+07   3.33e+04     5.08e-01   32.514s
 101000 +3.48994951e+10 +3.49393210e+10  3.98e+07   3.29e+04     5.03e-01   32.734s
 102000 +3.48992352e+10 +3.49371882e+10  3.80e+07   3.21e+04     4.97e-01   32.954s
 103000 +3.48981385e+10 +3.49345941e+10  3.65e+07   3.15e+04     4.88e-01   33.174s
 104000 +3.48951761e+10 +3.49326165e+10  3.74e+07   3.11e+04     4.79e-01   33.394s
 105000 +3.48957958e+10 +3.49309692e+10  3.52e+07   3.04e+04     4.66e-01   33.614s
 106000 +3.48965263e+10 +3.49294704e+10  3.29e+07   2.98e+04     4.58e-01   33.835s
 107000 +3.48954863e+10 +3.49273796e+10  3.19e+07   2.93e+04     4.50e-01   34.054s
 108000 +3.48938568e+10 +3.49269402e+10  3.31e+07   2.88e+04     4.45e-01   34.274s
 109000 +3.48935349e+10 +3.49251706e+10  3.16e+07   2.82e+04     4.40e-01   34.494s
 110000 +3.48939596e+10 +3.49237539e+10  2.98e+07   2.78e+04     4.33e-01   34.714s
 111000 +3.48938377e+10 +3.49232067e+10  2.94e+07   2.73e+04     4.29e-01   34.934s
 112000 +3.48953161e+10 +3.49236403e+10  2.83e+07   2.68e+04     4.25e-01   35.154s
 113000 +3.48929054e+10 +3.49235665e+10  3.07e+07   2.64e+04     4.19e-01   35.374s
 114000 +3.48936628e+10 +3.49240009e+10  3.03e+07   2.60e+04     4.15e-01   35.595s
 115000 +3.48930896e+10 +3.49256042e+10  3.25e+07   2.55e+04     4.11e-01   35.815s
 116000 +3.48942802e+10 +3.49272414e+10  3.30e+07   2.51e+04     4.07e-01   36.035s
 117000 +3.48928860e+10 +3.49265114e+10  3.36e+07   2.48e+04     4.02e-01   36.255s
 118000 +3.48931976e+10 +3.49254337e+10  3.22e+07   2.44e+04     3.94e-01   36.475s
 119000 +3.48940304e+10 +3.49242432e+10  3.02e+07   2.40e+04     3.89e-01   36.695s
 120000 +3.48953626e+10 +3.49233366e+10  2.80e+07   2.37e+04     3.83e-01   36.915s
 121000 +3.48956696e+10 +3.49226707e+10  2.70e+07   2.33e+04     3.73e-01   37.135s
 122000 +3.48959134e+10 +3.49226614e+10  2.67e+07   2.29e+04     3.66e-01   37.356s
 123000 +3.48960577e+10 +3.49231509e+10  2.71e+07   2.25e+04     3.58e-01   37.576s
 124000 +3.48964874e+10 +3.49235034e+10  2.70e+07   2.21e+04     3.51e-01   37.796s
 125000 +3.48969860e+10 +3.49240785e+10  2.71e+07   2.17e+04     3.45e-01   38.016s
 126000 +3.48975900e+10 +3.49243147e+10  2.67e+07   2.15e+04     3.38e-01   38.236s
 127000 +3.48971331e+10 +3.49245444e+10  2.74e+07   2.12e+04     3.35e-01   38.456s
 128000 +3.48976384e+10 +3.49249206e+10  2.73e+07   2.08e+04     3.31e-01   38.676s
 129000 +3.48979504e+10 +3.49260211e+10  2.81e+07   2.05e+04     3.29e-01   38.896s
 130000 +3.48977189e+10 +3.49269905e+10  2.93e+07   2.03e+04     3.23e-01   39.115s
 131000 +3.48977711e+10 +3.49281069e+10  3.03e+07   2.00e+04     3.20e-01   39.335s
 132000 +3.48975483e+10 +3.49290593e+10  3.15e+07   1.97e+04     3.18e-01   39.556s
 133000 +3.48968797e+10 +3.49300142e+10  3.31e+07   1.95e+04     3.14e-01   39.776s
 134000 +3.48972761e+10 +3.49306788e+10  3.34e+07   1.94e+04     3.12e-01   39.996s
 135000 +3.48964377e+10 +3.49310314e+10  3.46e+07   1.91e+04     3.11e-01   40.216s
 136000 +3.49014722e+10 +3.49259208e+10  2.44e+07   1.79e+04     1.64e+00   40.438s
 137000 +3.48999264e+10 +3.49200991e+10  2.02e+07   1.68e+04     1.58e+00   40.658s
 138000 +3.48987864e+10 +3.49163588e+10  1.76e+07   1.59e+04     1.52e+00   40.878s
 139000 +3.48946466e+10 +3.49126094e+10  1.80e+07   1.51e+04     1.48e+00   41.099s
 140000 +3.48932660e+10 +3.49102677e+10  1.70e+07   1.43e+04     1.44e+00   41.318s
 141000 +3.48945441e+10 +3.49084672e+10  1.39e+07   1.37e+04     1.40e+00   41.539s
 142000 +3.48954957e+10 +3.49080723e+10  1.26e+07   1.30e+04     1.35e+00   41.759s
 143000 +3.48964260e+10 +3.49093774e+10  1.30e+07   1.24e+04     1.30e+00   41.979s
 144000 +3.48978177e+10 +3.49113144e+10  1.35e+07   1.19e+04     1.25e+00   42.199s
 145000 +3.48983877e+10 +3.49131752e+10  1.48e+07   1.14e+04     1.21e+00   42.419s
 146000 +3.48994202e+10 +3.49154166e+10  1.60e+07   1.09e+04     1.17e+00   42.639s
 147000 +3.49008950e+10 +3.49171356e+10  1.62e+07   1.04e+04     1.14e+00   42.859s
 148000 +3.49021198e+10 +3.49196328e+10  1.75e+07   1.00e+04     1.10e+00   43.079s
 149000 +3.49040043e+10 +3.49214227e+10  1.74e+07   9.67e+03     1.06e+00   43.299s
 150000 +3.49046423e+10 +3.49238354e+10  1.92e+07   9.25e+03     1.03e+00   43.519s
 151000 +3.49062255e+10 +3.49261068e+10  1.99e+07   8.90e+03     9.88e-01   43.739s
 152000 +3.49086589e+10 +3.49281969e+10  1.95e+07   8.66e+03     9.60e-01   43.959s
 153000 +3.49098915e+10 +3.49299517e+10  2.01e+07   8.23e+03     9.26e-01   44.179s
 154000 +3.49128038e+10 +3.49315214e+10  1.87e+07   7.93e+03     8.89e-01   44.399s
 155000 +3.49146605e+10 +3.49331404e+10  1.85e+07   7.64e+03     8.52e-01   44.619s
 156000 +3.49170154e+10 +3.49339676e+10  1.70e+07   7.45e+03     8.23e-01   44.839s
 157000 +3.49185717e+10 +3.49352670e+10  1.67e+07   7.17e+03     7.94e-01   45.059s
 158000 +3.49202532e+10 +3.49361867e+10  1.59e+07   6.92e+03     7.69e-01   45.279s
 159000 +3.49211400e+10 +3.49369868e+10  1.58e+07   6.72e+03     7.40e-01   45.499s
 160000 +3.49231705e+10 +3.49379174e+10  1.47e+07   6.52e+03     7.24e-01   45.719s
 161000 +3.49247461e+10 +3.49388387e+10  1.41e+07   6.30e+03     7.02e-01   45.939s
 162000 +3.49264348e+10 +3.49404075e+10  1.40e+07   6.12e+03     6.81e-01   46.159s
 163000 +3.49281797e+10 +3.49413795e+10  1.32e+07   5.92e+03     6.60e-01   46.379s
 164000 +3.49286110e+10 +3.49423989e+10  1.38e+07   5.76e+03     6.36e-01   46.599s
 165000 +3.49300368e+10 +3.49424398e+10  1.24e+07   5.56e+03     6.17e-01   46.819s
 166000 +3.49306123e+10 +3.49426151e+10  1.20e+07   5.39e+03     6.02e-01   47.039s
 167000 +3.49315332e+10 +3.49430703e+10  1.15e+07   5.25e+03     5.88e-01   47.258s
 168000 +3.49315931e+10 +3.49439080e+10  1.23e+07   5.13e+03     5.70e-01   47.478s
 169000 +3.49325206e+10 +3.49451570e+10  1.26e+07   4.96e+03     5.57e-01   47.699s
 170000 +3.49325548e+10 +3.49461570e+10  1.36e+07   4.84e+03     5.46e-01   47.918s
 171000 +3.49337139e+10 +3.49470421e+10  1.33e+07   4.72e+03     5.32e-01   48.139s
 172000 +3.49344755e+10 +3.49474875e+10  1.30e+07   4.61e+03     5.14e-01   48.359s
 173000 +3.49348932e+10 +3.49481040e+10  1.32e+07   4.51e+03     5.00e-01   48.579s
 174000 +3.49350574e+10 +3.49484871e+10  1.34e+07   4.39e+03     4.92e-01   48.798s
 175000 +3.49360691e+10 +3.49488847e+10  1.28e+07   4.29e+03     4.78e-01   49.018s
 176000 +3.49368999e+10 +3.49490556e+10  1.22e+07   4.18e+03     4.67e-01   49.238s
 177000 +3.49378119e+10 +3.49492391e+10  1.14e+07   4.07e+03     4.54e-01   49.458s
 178000 +3.49378691e+10 +3.49495186e+10  1.16e+07   3.99e+03     4.47e-01   49.678s
 179000 +3.49386541e+10 +3.49497014e+10  1.10e+07   3.87e+03     4.36e-01   49.898s
 180000 +3.49394643e+10 +3.49498309e+10  1.04e+07   3.82e+03     4.25e-01   50.118s
 181000 +3.49399473e+10 +3.49499800e+10  1.00e+07   3.74e+03     4.17e-01   50.338s
 182000 +3.49400476e+10 +3.49499673e+10  9.92e+06   3.66e+03     4.10e-01   50.558s
 183000 +3.49520154e+10 +3.49483192e+10  3.70e+06   3.01e+03     1.35e+00   50.780s
 184000 +3.49532886e+10 +3.49470064e+10  6.28e+06   2.64e+03     1.07e+00   51.000s
 185000 +3.49542048e+10 +3.49462435e+10  7.96e+06   2.30e+03     9.50e-01   51.219s
 186000 +3.49548158e+10 +3.49457064e+10  9.11e+06   2.05e+03     8.71e-01   51.439s
 187000 +3.49554931e+10 +3.49449123e+10  1.06e+07   1.87e+03     8.07e-01   51.659s
 188000 +3.49559537e+10 +3.49452028e+10  1.08e+07   1.70e+03     7.44e-01   51.879s
 189000 +3.49565288e+10 +3.49454046e+10  1.11e+07   1.57e+03     6.86e-01   52.100s
 190000 +3.49566561e+10 +3.49457101e+10  1.09e+07   1.45e+03     6.45e-01   52.320s
 191000 +3.49567156e+10 +3.49463552e+10  1.04e+07   1.32e+03     6.14e-01   52.540s
 192000 +3.49566313e+10 +3.49467340e+10  9.90e+06   1.21e+03     5.87e-01   52.759s
 193000 +3.49569800e+10 +3.49472645e+10  9.72e+06   1.15e+03     5.55e-01   52.979s
 194000 +3.49569898e+10 +3.49479227e+10  9.07e+06   1.06e+03     5.46e-01   53.199s
 195000 +3.49573290e+10 +3.49484298e+10  8.90e+06   1.01e+03     5.20e-01   53.419s
 196000 +3.49573676e+10 +3.49489778e+10  8.39e+06   9.46e+02     5.01e-01   53.639s
 197000 +3.49574739e+10 +3.49495922e+10  7.88e+06   8.91e+02     4.86e-01   53.859s
 198000 +3.49577945e+10 +3.49502085e+10  7.59e+06   8.49e+02     4.73e-01   54.079s
 199000 +3.49579117e+10 +3.49503759e+10  7.54e+06   8.07e+02     4.57e-01   54.299s
 200000 +3.49580087e+10 +3.49506471e+10  7.36e+06   7.75e+02     4.51e-01   54.519s
 201000 +3.49582198e+10 +3.49510161e+10  7.20e+06   7.49e+02     4.38e-01   54.739s
 202000 +3.49583579e+10 +3.49512159e+10  7.14e+06   7.17e+02     4.30e-01   54.959s
 203000 +3.49583570e+10 +3.49516314e+10  6.73e+06   6.91e+02     4.24e-01   55.179s
 204000 +3.49583026e+10 +3.49519543e+10  6.35e+06   6.58e+02     4.19e-01   55.399s
 205000 +3.49583508e+10 +3.49522030e+10  6.15e+06   6.37e+02     4.08e-01   55.619s
 206000 +3.49584265e+10 +3.49523426e+10  6.08e+06   6.12e+02     4.04e-01   55.839s
 207000 +3.49584611e+10 +3.49523366e+10  6.12e+06   5.90e+02     4.00e-01   56.059s
 208000 +3.49584096e+10 +3.49525079e+10  5.90e+06   5.70e+02     3.96e-01   56.279s
 209000 +3.49585069e+10 +3.49527374e+10  5.77e+06   5.59e+02     3.89e-01   56.499s
 210000 +3.49584733e+10 +3.49530695e+10  5.40e+06   5.41e+02     3.87e-01   56.719s
 211000 +3.49585484e+10 +3.49532619e+10  5.29e+06   5.25e+02     3.87e-01   56.939s
 212000 +3.49585122e+10 +3.49534344e+10  5.08e+06   5.16e+02     3.79e-01   57.159s
 213000 +3.49586167e+10 +3.49538179e+10  4.80e+06   5.04e+02     3.76e-01   57.379s
 214000 +3.49590918e+10 +3.49541796e+10  4.91e+06   3.97e+02     1.06e+00   57.601s
 215000 +3.49592577e+10 +3.49546664e+10  4.59e+06   3.61e+02     1.04e+00   57.821s
 216000 +3.49592937e+10 +3.49548550e+10  4.44e+06   3.31e+02     1.02e+00   58.041s
LP Solver status:                Optimal
Primal objective:                +3.49592937e+10
Dual objective:                  +3.49548550e+10
Duality gap (abs/rel):           +4.44e+06 / +6.35e-05
Primal infeasibility (abs/rel):  +3.31e+02 / +9.82e-05
Dual infeasibility (abs/rel):    +1.02e+00 / +2.92e-07
Distributed PDLP finished
Status: Optimal   Objective: 3.49592937e+10  Iterations: 216000  Time: 59.039s

### exit_code=0
### finished=2026-07-28T00:15:35.803860
### gpu_peak_mb=6074.4
### gpu_peak2_mb=5722.4
### per_gpu_peak_mb=[6074.375, 5690.375, 5722.375, 5722.375, 5626.375, 5626.375, 5658.375, 5626.375]
