### solver=cuopt-distributed
### instance=/home/scratch.vmostovoi_gpu/datasets/big_lp/google/qap-wil-100.mps
### n_gpus=8
### CUDA_VISIBLE_DEVICES=0,1,2,3,4,5,6,7
### started=2026-07-23T16:49:43.265823
### argv=/home/scratch.vmostovoi_gpu/mostovoi_cuopt/cpp/build/cuopt_cli --use-distributed-pdlp true --method 1 --mps-reader experimental-fast --time-limit 3600 --iteration-limit 1000000000 --relative-primal-tolerance 1e-4 --relative-dual-tolerance 1e-4 --relative-gap-tolerance 1e-4 --log-to-console true /home/scratch.vmostovoi_gpu/datasets/big_lp/google/qap-wil-100.mps
### --- solver output ---
Setting parameter iteration_limit to 1000000000
Setting parameter log_to_console to true
Setting parameter method to 1
Setting parameter relative_dual_tolerance to 1.000000e-04
Setting parameter relative_gap_tolerance to 1.000000e-04
Setting parameter relative_primal_tolerance to 1.000000e-04
Setting parameter time_limit to 3.600000e+03
Setting parameter use_distributed_pdlp to true
Reading file qap-wil-100.mps
Using experimental fast MPS parser for '/home/scratch.vmostovoi_gpu/datasets/big_lp/google/qap-wil-100.mps'
Read file qap-wil-100.mps in 14.96 seconds
cuOpt version: 26.8.0, git hash: 7116ead1, host arch: x86_64, device archs: 100a-real
CPU: INTEL(R) XEON(R) PLATINUM 8570, threads (physical/logical): 112/224, RAM: 1626.16 GiB
CUDA 13.3, device: NVIDIA B200 (ID 0), VRAM: 178.34 GiB
CUDA device UUID: e7dca740-cb67-c5c1-9f70-180590865924
CUDA 13.3, device: NVIDIA B200 (ID 1), VRAM: 178.34 GiB
CUDA device UUID: 942b2637-20fa-3c36-c6a8-f1aa04d0bd1a
CUDA 13.3, device: NVIDIA B200 (ID 2), VRAM: 178.34 GiB
CUDA device UUID: c274a42e-3dad-5b13-2f97-0e73dad9860f
CUDA 13.3, device: NVIDIA B200 (ID 3), VRAM: 178.34 GiB
CUDA device UUID: 76f36abb-b870-62b0-e656-86fa3d970c41
CUDA 13.3, device: NVIDIA B200 (ID 4), VRAM: 178.34 GiB
CUDA device UUID: 7436505e-bbaf-e0ad-fb4b-6f59c231b2ec
CUDA 13.3, device: NVIDIA B200 (ID 5), VRAM: 178.34 GiB
CUDA device UUID: 8c99648d-c914-d608-25cc-190e34a0c1e6
CUDA 13.3, device: NVIDIA B200 (ID 6), VRAM: 178.34 GiB
CUDA device UUID: f98c5d53-bc59-f20d-4b6c-3039aaae2dc2
CUDA 13.3, device: NVIDIA B200 (ID 7), VRAM: 178.34 GiB
CUDA device UUID: c926fe7e-7c1d-5dc5-d0fc-cdaa30d4f70d
Solving a problem with 1980200 constraints, 49015000 variables (0 integers), and 198020000 nonzeros
Using PSLP presolver
PSLP Presolved problem: 1980200 constraints, 49015000 variables, 198020000 non-zeros
PSLP presolve time: 21.27s
Solving with distributed PDLP on 8 GPUs.
NCCL version 2.30.7+cuda13.3
      0 +0.00000000e+00 +0.00000000e+00  0.00e+00   1.41e+01     6.64e+03   46.925s
   1000 +2.21440289e+05 +2.21264628e+05  1.76e+02   1.41e-01     4.16e+02   48.061s
   2000 +2.20860236e+05 +2.20821811e+05  3.84e+01   3.21e-02     1.80e+01   49.038s
   3000 +2.20808873e+05 +2.20805387e+05  3.49e+00   1.07e-02     2.56e+00   50.019s
   4000 +2.20804861e+05 +2.20804204e+05  6.57e-01   5.07e-03     9.25e-01   51.001s
   5000 +2.20804008e+05 +2.20804112e+05  1.04e-01   2.90e-03     5.05e-01   51.983s
   6000 +2.20803535e+05 +2.20803977e+05  4.42e-01   2.05e-03     2.54e-01   52.961s
   6900 +2.20803802e+05 +2.20803951e+05  1.49e-01   1.47e-03     1.69e-01   53.841s
LP Solver status:                Optimal
Primal objective:                +2.20803802e+05
Dual objective:                  +2.20803951e+05
Duality gap (abs/rel):           +1.49e-01 / +3.37e-07
Primal infeasibility (abs/rel):  +1.47e-03 / +9.74e-05
Dual infeasibility (abs/rel):    +1.69e-01 / +2.54e-05
Distributed PDLP finished
Status: Optimal   Objective: 2.20803802e+05  Iterations: 6900  Time: 56.945s

### exit_code=0
### finished=2026-07-23T16:51:11.158560
### gpu_peak_mb=10810.4
### gpu_peak2_mb=10746.4
### per_gpu_peak_mb=[10746.375, 10810.375, 9978.375, 10106.375, 10074.375, 9978.375, 10298.375, 10106.375]
