### solver=cuopt-distributed
### instance=/home/scratch.cmaes_sw/hans_lps/rail4284.mps
### n_gpus=8
### CUDA_VISIBLE_DEVICES=0,1,2,3,4,5,6,7
### started=2026-08-09T19:21:26.845676
### argv=/home/scratch.vmostovoi_gpu/mostovoi_cuopt/cpp/build/cuopt_cli --method 1 --mps-reader experimental-fast --time-limit 3600 --iteration-limit 1000000000 --relative-primal-tolerance 1e-4 --relative-dual-tolerance 1e-4 --relative-gap-tolerance 1e-4 --log-to-console true --num-gpus 8 /home/scratch.cmaes_sw/hans_lps/rail4284.mps
### --- solver output ---
Setting parameter iteration_limit to 1000000000
Setting parameter log_to_console to true
Setting parameter method to 1
Setting parameter num_gpus to 8
Setting parameter relative_dual_tolerance to 1.000000e-04
Setting parameter relative_gap_tolerance to 1.000000e-04
Setting parameter relative_primal_tolerance to 1.000000e-04
Setting parameter time_limit to 3.600000e+03
Reading file rail4284.mps
Using experimental fast MPS parser for '/home/scratch.cmaes_sw/hans_lps/rail4284.mps'
Read file rail4284.mps in 0.48 seconds
cuOpt version: 26.10.0, git hash: f3ebc673, host arch: x86_64, device archs: 100a-real
CPU: INTEL(R) XEON(R) PLATINUM 8570, threads (physical/logical): 112/224, RAM (available/total): 1569.82 / 2015.54 GiB
CUDA 13.3, device: NVIDIA B200 (ID 0), VRAM: 178.34 GiB
CUDA device UUID: 681a378c-9967-0edf-3943-b009e5595378
CUDA 13.3, device: NVIDIA B200 (ID 1), VRAM: 178.34 GiB
CUDA device UUID: f362e9ae-1176-2fdc-bc5f-44f36e3f008b
CUDA 13.3, device: NVIDIA B200 (ID 2), VRAM: 178.34 GiB
CUDA device UUID: 12fd6dd7-3383-bd42-35f5-31ce1246a7b2
CUDA 13.3, device: NVIDIA B200 (ID 3), VRAM: 178.34 GiB
CUDA device UUID: bf38f101-598c-c6a6-4396-7a12a540e9b0
CUDA 13.3, device: NVIDIA B200 (ID 4), VRAM: 178.34 GiB
CUDA device UUID: 18e03214-c1f8-c0cc-2376-566dd06569da
CUDA 13.3, device: NVIDIA B200 (ID 5), VRAM: 178.34 GiB
CUDA device UUID: a614b617-6398-7625-f7e1-08fd2ec48ca6
CUDA 13.3, device: NVIDIA B200 (ID 6), VRAM: 178.34 GiB
CUDA device UUID: 30d73ef0-1aa5-e1c9-bd4a-2c000df06cde
CUDA 13.3, device: NVIDIA B200 (ID 7), VRAM: 178.34 GiB
CUDA device UUID: 303952f7-5df8-2cb3-91d7-e18ea6249e44
Solving a problem with 4284 constraints, 1092610 variables (0 integers), and 11279748 nonzeros
Using PSLP presolver
PSLP Presolved problem: 4176 constraints, 1090538 variables, 11174651 non-zeros
PSLP presolve time: 1.02s
Solving with distributed PDLP on 8 GPUs.
NCCL version 2.30.7+cuda13.3
      0 +2.00000000e+01 +2.00000000e+01  0.00e+00   6.46e+01     2.04e+03   5.461s
   1000 +1.05625610e+03 +1.05725648e+03  1.00e+00   9.45e-01     5.69e-01   5.829s
   2000 +1.05411069e+03 +1.05435966e+03  2.49e-01   4.69e-01     1.41e-01   6.010s
   3000 +1.05386002e+03 +1.05408423e+03  2.24e-01   2.94e-01     5.90e-02   6.190s
   4000 +1.05400775e+03 +1.05402749e+03  1.97e-02   1.67e-01     3.94e-02   6.370s
   5000 +1.05400101e+03 +1.05403817e+03  3.72e-02   1.43e-01     2.67e-02   6.549s
   6000 +1.05401631e+03 +1.05403693e+03  2.06e-02   1.29e-01     2.15e-02   6.731s
   7000 +1.05403373e+03 +1.05404392e+03  1.02e-02   1.02e-01     2.09e-02   6.911s
   8000 +1.05403232e+03 +1.05405285e+03  2.05e-02   8.12e-02     1.58e-02   7.089s
   9000 +1.05402764e+03 +1.05405563e+03  2.80e-02   6.29e-02     1.37e-02   7.271s
  10000 +1.05404212e+03 +1.05405862e+03  1.65e-02   3.76e-02     1.47e-02   7.454s
  11000 +1.05404611e+03 +1.05406204e+03  1.59e-02   2.48e-02     1.31e-02   7.628s
  12000 +1.05405078e+03 +1.05406172e+03  1.09e-02   1.56e-02     1.11e-02   7.800s
  13000 +1.05405525e+03 +1.05406129e+03  6.04e-03   1.09e-02     8.96e-03   7.972s
  14000 +1.05405578e+03 +1.05405959e+03  3.82e-03   1.02e-02     7.22e-03   8.143s
  15000 +1.05405364e+03 +1.05405864e+03  5.00e-03   1.17e-02     5.80e-03   8.316s
  16000 +1.05405482e+03 +1.05405846e+03  3.63e-03   1.14e-02     4.88e-03   8.488s
  17000 +1.05405327e+03 +1.05405835e+03  5.09e-03   1.07e-02     4.20e-03   8.659s
  18000 +1.05405247e+03 +1.05405826e+03  5.79e-03   9.43e-03     3.62e-03   8.831s
  19000 +1.05405218e+03 +1.05405722e+03  5.03e-03   7.95e-03     3.03e-03   9.002s
  20000 +1.05405321e+03 +1.05405646e+03  3.25e-03   6.72e-03     2.54e-03   9.173s
  20600 +1.05405571e+03 +1.05405623e+03  5.26e-04   6.46e-03     2.25e-03   9.276s
LP Solver status:                Optimal
Primal objective:                +1.05405571e+03
Dual objective:                  +1.05405623e+03
Duality gap (abs/rel):           +5.26e-04 / +2.49e-07
Primal infeasibility (abs/rel):  +6.46e-03 / +9.84e-05
Dual infeasibility (abs/rel):    +2.25e-03 / +1.10e-06
PDLP finished
Status: Optimal   Objective: 1.05405571e+03  Iterations: 20600  Time: 9.331s

### exit_code=0
### finished=2026-08-09T19:21:45.051040
### gpu_peak_mb=5498.4
### gpu_peak2_mb=5402.4
### per_gpu_peak_mb=[5498.375, 5370.375, 5338.375, 5370.375, 5370.375, 5370.375, 5402.375, 5370.375]
