### solver=cuopt-distributed
### instance=/home/scratch.cmaes_sw/hans_lps/rmine15.mps
### n_gpus=8
### CUDA_VISIBLE_DEVICES=0,1,2,3,4,5,6,7
### started=2026-08-09T19:21:45.065242
### argv=/home/scratch.vmostovoi_gpu/mostovoi_cuopt/cpp/build/cuopt_cli --method 1 --mps-reader experimental-fast --time-limit 3600 --iteration-limit 1000000000 --relative-primal-tolerance 1e-4 --relative-dual-tolerance 1e-4 --relative-gap-tolerance 1e-4 --log-to-console true --num-gpus 8 /home/scratch.cmaes_sw/hans_lps/rmine15.mps
### --- solver output ---
Setting parameter iteration_limit to 1000000000
Setting parameter log_to_console to true
Setting parameter method to 1
Setting parameter num_gpus to 8
Setting parameter relative_dual_tolerance to 1.000000e-04
Setting parameter relative_gap_tolerance to 1.000000e-04
Setting parameter relative_primal_tolerance to 1.000000e-04
Setting parameter time_limit to 3.600000e+03
Reading file rmine15.mps
Using experimental fast MPS parser for '/home/scratch.cmaes_sw/hans_lps/rmine15.mps'
Read file rmine15.mps in 0.82 seconds
cuOpt version: 26.10.0, git hash: f3ebc673, host arch: x86_64, device archs: 100a-real
CPU: INTEL(R) XEON(R) PLATINUM 8570, threads (physical/logical): 112/224, RAM (available/total): 1570.23 / 2015.54 GiB
CUDA 13.3, device: NVIDIA B200 (ID 0), VRAM: 178.34 GiB
CUDA device UUID: 681a378c-9967-0edf-3943-b009e5595378
CUDA 13.3, device: NVIDIA B200 (ID 1), VRAM: 178.34 GiB
CUDA device UUID: f362e9ae-1176-2fdc-bc5f-44f36e3f008b
CUDA 13.3, device: NVIDIA B200 (ID 2), VRAM: 178.34 GiB
CUDA device UUID: 12fd6dd7-3383-bd42-35f5-31ce1246a7b2
CUDA 13.3, device: NVIDIA B200 (ID 3), VRAM: 178.34 GiB
CUDA device UUID: bf38f101-598c-c6a6-4396-7a12a540e9b0
CUDA 13.3, device: NVIDIA B200 (ID 4), VRAM: 178.34 GiB
CUDA device UUID: 18e03214-c1f8-c0cc-2376-566dd06569da
CUDA 13.3, device: NVIDIA B200 (ID 5), VRAM: 178.34 GiB
CUDA device UUID: a614b617-6398-7625-f7e1-08fd2ec48ca6
CUDA 13.3, device: NVIDIA B200 (ID 6), VRAM: 178.34 GiB
CUDA device UUID: 30d73ef0-1aa5-e1c9-bd4a-2c000df06cde
CUDA 13.3, device: NVIDIA B200 (ID 7), VRAM: 178.34 GiB
CUDA device UUID: 303952f7-5df8-2cb3-91d7-e18ea6249e44
Solving a problem with 358395 constraints, 42438 variables (0 integers), and 879732 nonzeros
Using PSLP presolver
PSLP Presolved problem: 358395 constraints, 42438 variables, 879732 non-zeros
PSLP presolve time: 0.06s
Solving with distributed PDLP on 8 GPUs.
NCCL version 2.30.7+cuda13.3
      0 +0.00000000e+00 +0.00000000e+00  0.00e+00   0.00e+00     8.56e+01   3.498s
   1000 -5.04174298e+03 -5.04176607e+03  2.31e-02   9.30e+01     9.95e-02   3.858s
   2000 -5.04834979e+03 -5.04527938e+03  3.07e+00   1.46e+02     2.59e-02   4.047s
   3000 -5.04787549e+03 -5.04393037e+03  3.95e+00   1.26e+02     5.39e-02   4.236s
   4000 -5.04679322e+03 -5.04256913e+03  4.22e+00   9.66e+01     7.63e-02   4.423s
   5000 -5.04291353e+03 -5.04233839e+03  5.75e-01   2.24e+01     1.94e-01   4.611s
   6000 -5.04283458e+03 -5.04174212e+03  1.09e+00   1.65e+01     1.42e-01   4.798s
   7000 -5.04221419e+03 -5.04184938e+03  3.65e-01   4.52e+00     9.33e-02   4.986s
   8000 -5.04223776e+03 -5.04177800e+03  4.60e-01   2.71e+00     7.34e-02   5.174s
   9000 -5.04219612e+03 -5.04200694e+03  1.89e-01   3.94e+00     5.54e-02   5.362s
  10000 -5.04230497e+03 -5.04187149e+03  4.33e-01   2.69e+00     4.58e-02   5.554s
  11000 -5.04194871e+03 -5.04227856e+03  3.30e-01   3.55e+01     2.47e-02   5.735s
  12000 -5.04120232e+03 -5.04240022e+03  1.20e+00   3.86e+01     1.20e-02   5.919s
  13000 -5.04144048e+03 -5.04246373e+03  1.02e+00   2.72e+01     5.59e-03   6.099s
  14000 -5.04155929e+03 -5.04249669e+03  9.37e-01   2.24e+01     2.16e-03   6.282s
  15000 -5.04157457e+03 -5.04251946e+03  9.45e-01   1.76e+01     1.83e-03   6.464s
  16000 -5.04167785e+03 -5.04251686e+03  8.39e-01   1.65e+01     1.92e-03   6.644s
  17000 -5.04180045e+03 -5.04249975e+03  6.99e-01   1.42e+01     1.58e-03   6.826s
  18000 -5.04190339e+03 -5.04248821e+03  5.85e-01   9.63e+00     1.77e-03   7.006s
  19000 -5.04205253e+03 -5.04250948e+03  4.57e-01   8.43e+00     2.02e-03   7.186s
  20000 -5.04209074e+03 -5.04249419e+03  4.03e-01   7.23e+00     8.43e-04   7.366s
  21000 -5.04210773e+03 -5.04248582e+03  3.78e-01   6.67e+00     1.13e-03   7.546s
  22000 -5.04212293e+03 -5.04247510e+03  3.52e-01   6.23e+00     1.95e-03   7.724s
  22200 -5.04213993e+03 -5.04247351e+03  3.34e-01   5.90e+00     2.38e-03   7.760s
LP Solver status:                Optimal
Primal objective:                -5.04213993e+03
Dual objective:                  -5.04247351e+03
Duality gap (abs/rel):           +3.34e-01 / +3.31e-05
Primal infeasibility (abs/rel):  +5.90e+00 / +9.57e-05
Dual infeasibility (abs/rel):    +2.38e-03 / +2.75e-05
PDLP finished
Status: Optimal   Objective: -5.04213993e+03  Iterations: 22200  Time: 7.785s

### exit_code=0
### finished=2026-08-09T19:22:02.182533
### gpu_peak_mb=5274.4
### gpu_peak2_mb=5210.4
### per_gpu_peak_mb=[5274.375, 5210.375, 5210.375, 5210.375, 5210.375, 5210.375, 5210.375, 5210.375]
