### solver=cuopt-distributed
### instance=/home/scratch.cmaes_sw/hans_lps/s100.mps
### n_gpus=8
### CUDA_VISIBLE_DEVICES=0,1,2,3,4,5,6,7
### started=2026-08-09T19:22:02.196952
### argv=/home/scratch.vmostovoi_gpu/mostovoi_cuopt/cpp/build/cuopt_cli --method 1 --mps-reader experimental-fast --time-limit 3600 --iteration-limit 1000000000 --relative-primal-tolerance 1e-4 --relative-dual-tolerance 1e-4 --relative-gap-tolerance 1e-4 --log-to-console true --num-gpus 8 /home/scratch.cmaes_sw/hans_lps/s100.mps
### --- solver output ---
Setting parameter iteration_limit to 1000000000
Setting parameter log_to_console to true
Setting parameter method to 1
Setting parameter num_gpus to 8
Setting parameter relative_dual_tolerance to 1.000000e-04
Setting parameter relative_gap_tolerance to 1.000000e-04
Setting parameter relative_primal_tolerance to 1.000000e-04
Setting parameter time_limit to 3.600000e+03
Reading file s100.mps
Using experimental fast MPS parser for '/home/scratch.cmaes_sw/hans_lps/s100.mps'
Read file s100.mps in 0.85 seconds
cuOpt version: 26.10.0, git hash: f3ebc673, host arch: x86_64, device archs: 100a-real
CPU: INTEL(R) XEON(R) PLATINUM 8570, threads (physical/logical): 112/224, RAM (available/total): 1570.05 / 2015.54 GiB
CUDA 13.3, device: NVIDIA B200 (ID 0), VRAM: 178.34 GiB
CUDA device UUID: 681a378c-9967-0edf-3943-b009e5595378
CUDA 13.3, device: NVIDIA B200 (ID 1), VRAM: 178.34 GiB
CUDA device UUID: f362e9ae-1176-2fdc-bc5f-44f36e3f008b
CUDA 13.3, device: NVIDIA B200 (ID 2), VRAM: 178.34 GiB
CUDA device UUID: 12fd6dd7-3383-bd42-35f5-31ce1246a7b2
CUDA 13.3, device: NVIDIA B200 (ID 3), VRAM: 178.34 GiB
CUDA device UUID: bf38f101-598c-c6a6-4396-7a12a540e9b0
CUDA 13.3, device: NVIDIA B200 (ID 4), VRAM: 178.34 GiB
CUDA device UUID: 18e03214-c1f8-c0cc-2376-566dd06569da
CUDA 13.3, device: NVIDIA B200 (ID 5), VRAM: 178.34 GiB
CUDA device UUID: a614b617-6398-7625-f7e1-08fd2ec48ca6
CUDA 13.3, device: NVIDIA B200 (ID 6), VRAM: 178.34 GiB
CUDA device UUID: 30d73ef0-1aa5-e1c9-bd4a-2c000df06cde
CUDA 13.3, device: NVIDIA B200 (ID 7), VRAM: 178.34 GiB
CUDA device UUID: 303952f7-5df8-2cb3-91d7-e18ea6249e44
Solving a problem with 14733 constraints, 364417 variables (0 integers), and 1777917 nonzeros
Using PSLP presolver
PSLP Presolved problem: 14546 constraints, 364252 variables, 1413832 non-zeros
PSLP presolve time: 0.21s
Solving with distributed PDLP on 8 GPUs.
NCCL version 2.30.7+cuda13.3
      0 +0.00000000e+00 +0.00000000e+00  0.00e+00   2.00e+00     2.35e+00   4.337s
   1000 -1.74423812e-01 -1.45387288e-01  2.90e-02   3.32e-01     6.11e-02   4.706s
   2000 -1.75727821e-01 -1.72501737e-01  3.23e-03   2.70e-02     2.98e-02   4.896s
   3000 -1.76381509e-01 -1.74759821e-01  1.62e-03   2.12e-02     1.89e-02   5.085s
   4000 -1.76792777e-01 -1.74786511e-01  2.01e-03   1.93e-02     1.44e-02   5.275s
   5000 -1.76930394e-01 -1.74220280e-01  2.71e-03   1.82e-02     1.31e-02   5.459s
   6000 -1.77057176e-01 -1.73709120e-01  3.35e-03   1.75e-02     1.23e-02   5.648s
   7000 -1.77123072e-01 -1.72589994e-01  4.53e-03   1.69e-02     1.35e-02   5.832s
   8000 -1.77229378e-01 -1.71519852e-01  5.71e-03   1.63e-02     1.44e-02   6.018s
   9000 -1.77364953e-01 -1.70757937e-01  6.61e-03   1.54e-02     1.52e-02   6.204s
  10000 -1.77484412e-01 -1.69526081e-01  7.96e-03   1.48e-02     2.02e-02   6.391s
  11000 -1.76811288e-01 -1.69076442e-01  7.73e-03   1.27e-02     3.92e-02   6.571s
  12000 -1.74747875e-01 -1.69274815e-01  5.47e-03   8.95e-03     5.26e-02   6.748s
  13000 -1.72166482e-01 -1.68134138e-01  4.03e-03   5.26e-03     5.17e-02   6.925s
  14000 -1.70322896e-01 -1.68783491e-01  1.54e-03   2.61e-03     4.28e-02   7.102s
  15000 -1.69516243e-01 -1.68577693e-01  9.39e-04   1.28e-03     3.57e-02   7.279s
  16000 -1.68818466e-01 -1.68607648e-01  2.11e-04   3.12e-04     3.25e-02   7.454s
  17000 -1.68442837e-01 -1.68367365e-01  7.55e-05   2.26e-03     2.78e-02   7.631s
  18000 -1.68466818e-01 -1.68231677e-01  2.35e-04   4.36e-03     2.46e-02   7.806s
  19000 -1.68673812e-01 -1.68292389e-01  3.81e-04   3.44e-01     2.16e-02   7.981s
  20000 -1.68870664e-01 -1.68267606e-01  6.03e-04   8.73e-02     1.99e-02   8.155s
  21000 -1.69076756e-01 -1.68310984e-01  7.66e-04   2.60e-03     1.85e-02   8.330s
  22000 -1.69247092e-01 -1.68360224e-01  8.87e-04   1.73e-02     1.74e-02   8.505s
  23000 -1.69316319e-01 -1.68709815e-01  6.07e-04   2.11e-03     1.35e-02   8.681s
  24000 -1.69055735e-01 -1.68984705e-01  7.10e-05   2.61e-03     1.04e-02   8.856s
  25000 -1.68873521e-01 -1.69099191e-01  2.26e-04   2.31e-02     8.91e-03   9.030s
  26000 -1.68802860e-01 -1.69201744e-01  3.99e-04   3.47e-03     7.81e-03   9.204s
  27000 -1.68833046e-01 -1.69276513e-01  4.43e-04   7.29e-02     7.10e-03   9.379s
  28000 -1.68946458e-01 -1.69361862e-01  4.15e-04   2.89e-03     6.47e-03   9.553s
  29000 -1.69068722e-01 -1.69420278e-01  3.52e-04   3.80e-01     6.10e-03   9.728s
  30000 -1.69201878e-01 -1.69471244e-01  2.69e-04   1.20e-01     5.62e-03   9.902s
  31000 -1.69342135e-01 -1.69514922e-01  1.73e-04   6.11e-02     5.35e-03   10.079s
  32000 -1.69474023e-01 -1.69567544e-01  9.35e-05   7.30e-02     5.08e-03   10.253s
  33000 -1.69574258e-01 -1.69614063e-01  3.98e-05   1.00e-01     4.85e-03   10.428s
  34000 -1.69670327e-01 -1.69647498e-01  2.28e-05   1.59e-02     4.66e-03   10.603s
  35000 -1.69688647e-01 -1.69697550e-01  8.90e-06   3.54e-03     4.43e-03   10.778s
  36000 -1.69675573e-01 -1.69941225e-01  2.66e-04   1.49e-01     3.63e-03   10.954s
  37000 -1.69718552e-01 -1.70064667e-01  3.46e-04   5.09e-03     3.16e-03   11.129s
  38000 -1.69703831e-01 -1.70127848e-01  4.24e-04   2.67e-02     2.87e-03   11.304s
  39000 -1.69710997e-01 -1.70176875e-01  4.66e-04   6.45e-02     2.64e-03   11.479s
  40000 -1.69706416e-01 -1.70211850e-01  5.05e-04   1.07e-01     2.49e-03   11.654s
  41000 -1.69726490e-01 -1.70250412e-01  5.24e-04   5.96e-02     2.35e-03   11.828s
  42000 -1.69726053e-01 -1.70283216e-01  5.57e-04   9.00e-02     2.22e-03   12.003s
  43000 -1.69740483e-01 -1.70305661e-01  5.65e-04   6.11e-02     2.12e-03   12.177s
  44000 -1.69750788e-01 -1.70331669e-01  5.81e-04   1.64e-02     2.03e-03   12.354s
  45000 -1.69749691e-01 -1.70353970e-01  6.04e-04   8.66e-02     1.93e-03   12.530s
  46000 -1.69747178e-01 -1.70378353e-01  6.31e-04   7.14e-02     1.85e-03   12.704s
  47000 -1.69766874e-01 -1.70398732e-01  6.32e-04   4.27e-03     1.77e-03   12.878s
  48000 -1.69774242e-01 -1.70418143e-01  6.44e-04   9.45e-02     1.70e-03   13.052s
  49000 -1.69768535e-01 -1.70433631e-01  6.65e-04   1.60e-02     1.65e-03   13.226s
  50000 -1.69767662e-01 -1.70447557e-01  6.80e-04   1.11e-02     1.59e-03   13.400s
  51000 -1.69785552e-01 -1.70461854e-01  6.76e-04   5.90e-02     1.54e-03   13.574s
  52000 -1.69796586e-01 -1.70473700e-01  6.77e-04   1.26e-02     1.50e-03   13.748s
  53000 -1.69797527e-01 -1.70485366e-01  6.88e-04   6.41e-02     1.46e-03   13.923s
  54000 -1.69808676e-01 -1.70499020e-01  6.90e-04   2.78e-02     1.41e-03   14.097s
  55000 -1.69814373e-01 -1.70507839e-01  6.93e-04   4.67e-02     1.38e-03   14.272s
  56000 -1.69854158e-01 -1.70631831e-01  7.78e-04   5.93e-01     1.13e-03   14.448s
  57000 -1.70002862e-01 -1.70686057e-01  6.83e-04   1.99e-02     9.69e-04   14.625s
  58000 -1.70098583e-01 -1.70738283e-01  6.40e-04   1.66e-01     8.22e-04   14.801s
  59000 -1.70045637e-01 -1.70775308e-01  7.30e-04   1.14e-01     7.32e-04   14.978s
  60000 -1.69963456e-01 -1.70796469e-01  8.33e-04   6.55e-02     6.83e-04   15.152s
  61000 -1.69926199e-01 -1.70807124e-01  8.81e-04   4.42e-02     6.42e-04   15.328s
  62000 -1.69927659e-01 -1.70815938e-01  8.88e-04   8.15e-02     6.07e-04   15.503s
  63000 -1.69932231e-01 -1.70829099e-01  8.97e-04   1.32e-02     5.62e-04   15.677s
  64000 -1.69962962e-01 -1.70842135e-01  8.79e-04   8.16e-03     5.40e-04   15.852s
  65000 -1.69926858e-01 -1.70856490e-01  9.30e-04   1.60e-01     5.11e-04   16.026s
  66000 -1.69939311e-01 -1.70864366e-01  9.25e-04   6.58e-02     4.88e-04   16.200s
  67000 -1.69936819e-01 -1.70870238e-01  9.33e-04   1.31e-01     4.68e-04   16.375s
  68000 -1.69951009e-01 -1.70877614e-01  9.27e-04   3.63e-03     4.47e-04   16.551s
  69000 -1.69972579e-01 -1.70883928e-01  9.11e-04   8.28e-02     4.27e-04   16.727s
  70000 -1.69973790e-01 -1.70890140e-01  9.16e-04   9.78e-03     4.16e-04   16.904s
  71000 -1.69984811e-01 -1.70897112e-01  9.12e-04   1.34e-01     3.98e-04   17.080s
  72000 -1.69973924e-01 -1.70901761e-01  9.28e-04   1.72e-02     3.84e-04   17.256s
  73000 -1.69974512e-01 -1.70906791e-01  9.32e-04   2.98e-03     3.76e-04   17.432s
  74000 -1.69977378e-01 -1.70912288e-01  9.35e-04   4.98e-02     3.56e-04   17.608s
  75000 -1.69969928e-01 -1.70914588e-01  9.45e-04   4.96e-03     3.46e-04   17.783s
  76000 -1.69978866e-01 -1.70917225e-01  9.38e-04   2.86e-02     3.40e-04   17.959s
  77000 -1.69988371e-01 -1.70920930e-01  9.33e-04   6.49e-02     3.30e-04   18.134s
  78000 -1.69986119e-01 -1.70925443e-01  9.39e-04   2.01e-03     3.16e-04   18.310s
  79000 -1.70001696e-01 -1.70930217e-01  9.29e-04   3.16e-02     3.07e-04   18.486s
  80000 -1.70012517e-01 -1.70931801e-01  9.19e-04   5.50e-02     3.02e-04   18.661s
  81000 -1.70015256e-01 -1.70933204e-01  9.18e-04   2.09e-02     2.98e-04   18.836s
  82000 -1.70026984e-01 -1.70934583e-01  9.08e-04   5.30e-03     2.94e-04   19.012s
  83000 -1.70032827e-01 -1.70936180e-01  9.03e-04   1.64e-02     2.90e-04   19.188s
  84000 -1.70027937e-01 -1.70937141e-01  9.09e-04   1.05e-02     2.87e-04   19.363s
  85000 -1.70035929e-01 -1.70939918e-01  9.04e-04   2.36e-02     2.83e-04   19.539s
  86000 -1.70041318e-01 -1.70942298e-01  9.01e-04   3.63e-02     2.80e-04   19.714s
  87000 -1.70047169e-01 -1.70974183e-01  9.27e-04   3.78e-02     2.42e-04   19.891s
  88000 -1.70039784e-01 -1.70982828e-01  9.43e-04   2.25e-03     2.24e-04   20.066s
  89000 -1.70071276e-01 -1.70987426e-01  9.16e-04   2.51e-03     2.12e-04   20.242s
  90000 -1.70097567e-01 -1.70991444e-01  8.94e-04   6.92e-01     1.99e-04   20.416s
  91000 -1.70105961e-01 -1.70995628e-01  8.90e-04   8.86e-02     1.93e-04   20.591s
  92000 -1.70164925e-01 -1.70998104e-01  8.33e-04   2.29e-01     1.87e-04   20.766s
  93000 -1.70138176e-01 -1.71001101e-01  8.63e-04   1.06e-01     1.82e-04   20.940s
  94000 -1.70093523e-01 -1.71004939e-01  9.11e-04   2.01e-03     1.76e-04   21.115s
  95000 -1.70142012e-01 -1.71010022e-01  8.68e-04   1.63e-01     1.64e-04   21.289s
  96000 -1.70142561e-01 -1.71016374e-01  8.74e-04   2.03e-03     1.55e-04   21.465s
  97000 -1.70142756e-01 -1.71018175e-01  8.75e-04   5.28e-02     1.52e-04   21.640s
  98000 -1.70156886e-01 -1.71020430e-01  8.64e-04   1.54e-03     1.48e-04   21.814s
  99000 -1.70173885e-01 -1.71022462e-01  8.49e-04   3.21e-02     1.40e-04   21.989s
 100000 -1.70183450e-01 -1.71024630e-01  8.41e-04   2.07e-03     1.36e-04   22.164s
 101000 -1.70175870e-01 -1.71027045e-01  8.51e-04   1.58e-03     1.33e-04   22.338s
 102000 -1.70184361e-01 -1.71032596e-01  8.48e-04   4.37e-02     1.25e-04   22.513s
 103000 -1.70228359e-01 -1.71049994e-01  8.22e-04   1.19e-01     1.12e-04   22.690s
 104000 -1.70196337e-01 -1.71064233e-01  8.68e-04   8.86e-03     9.52e-05   22.865s
 105000 -1.70114855e-01 -1.71074520e-01  9.60e-04   6.24e-03     7.54e-05   23.040s
 106000 -1.70114052e-01 -1.71079924e-01  9.66e-04   7.78e-03     6.28e-05   23.215s
 107000 -1.70163768e-01 -1.71082289e-01  9.19e-04   1.58e-02     5.97e-05   23.390s
 108000 -1.70213820e-01 -1.71085176e-01  8.71e-04   2.53e-02     5.40e-05   23.565s
 109000 -1.70248238e-01 -1.71089717e-01  8.41e-04   2.56e-02     4.75e-05   23.740s
 110000 -1.70259966e-01 -1.71092571e-01  8.33e-04   2.84e-02     4.09e-05   23.914s
 111000 -1.70227166e-01 -1.71094618e-01  8.67e-04   1.68e-02     3.56e-05   24.089s
 112000 -1.70155964e-01 -1.71096589e-01  9.41e-04   1.19e-01     3.17e-05   24.263s
 113000 -1.70077732e-01 -1.71098478e-01  1.02e-03   4.04e-03     2.65e-05   24.438s
 114000 -1.69872920e-01 -1.71104420e-01  1.23e-03   6.58e-03     2.04e-05   24.614s
 115000 -1.69680377e-01 -1.71105341e-01  1.42e-03   1.60e+00     1.81e-05   24.788s
 116000 -1.69565108e-01 -1.71108189e-01  1.54e-03   1.95e+00     1.10e-05   24.962s
 117000 -1.69532064e-01 -1.71108482e-01  1.58e-03   4.34e-01     9.96e-06   25.136s
 118000 -1.69456197e-01 -1.71108688e-01  1.65e-03   2.22e+00     8.38e-06   25.311s
 119000 -1.69416110e-01 -1.71108915e-01  1.69e-03   2.29e+00     7.48e-06   25.486s
 120000 -1.69422968e-01 -1.71109047e-01  1.69e-03   1.17e+00     6.63e-06   25.661s
 121000 -1.69461005e-01 -1.71109191e-01  1.65e-03   2.53e+00     6.04e-06   25.835s
 122000 -1.69538067e-01 -1.71109232e-01  1.57e-03   1.72e+00     5.89e-06   26.011s
 123000 -1.69623837e-01 -1.71109208e-01  1.49e-03   1.69e+00     5.65e-06   26.186s
 124000 -1.69707644e-01 -1.71109292e-01  1.40e-03   1.24e+00     5.39e-06   26.361s
 125000 -1.69760946e-01 -1.71109397e-01  1.35e-03   9.22e-01     5.03e-06   26.535s
 126000 -1.69806736e-01 -1.71110136e-01  1.30e-03   9.47e-01     3.25e-06   26.711s
 127000 -1.69801267e-01 -1.71110234e-01  1.31e-03   6.80e-03     2.91e-06   26.886s
 128000 -1.69796757e-01 -1.71110266e-01  1.31e-03   5.94e-03     2.89e-06   27.060s
 129000 -1.69812015e-01 -1.71110237e-01  1.30e-03   1.82e-01     2.88e-06   27.234s
 130000 -1.69855285e-01 -1.71110242e-01  1.25e-03   8.81e-02     2.85e-06   27.409s
 131000 -1.69907650e-01 -1.71110230e-01  1.20e-03   5.14e-03     2.87e-06   27.583s
 132000 -1.69960198e-01 -1.71110194e-01  1.15e-03   2.84e-01     2.84e-06   27.758s
 133000 -1.70004776e-01 -1.71110207e-01  1.11e-03   2.17e-01     2.72e-06   27.932s
 134000 -1.70034277e-01 -1.71110249e-01  1.08e-03   3.12e-01     2.54e-06   28.106s
 135000 -1.70059071e-01 -1.71110230e-01  1.05e-03   5.15e-03     2.40e-06   28.281s
 136000 -1.70075223e-01 -1.71110261e-01  1.04e-03   1.88e-01     2.29e-06   28.456s
 137000 -1.70074386e-01 -1.71110262e-01  1.04e-03   4.69e-03     2.25e-06   28.632s
 138000 -1.70099518e-01 -1.71110261e-01  1.01e-03   2.36e-01     2.26e-06   28.810s
 139000 -1.70112567e-01 -1.71110261e-01  9.98e-04   1.17e-01     2.26e-06   28.987s
 140000 -1.70123772e-01 -1.71110246e-01  9.86e-04   1.30e-01     2.29e-06   29.163s
 141000 -1.70135011e-01 -1.71110244e-01  9.75e-04   1.99e-01     2.32e-06   29.339s
 142000 -1.70139163e-01 -1.71110226e-01  9.71e-04   1.19e-01     2.35e-06   29.515s
 143000 -1.70140325e-01 -1.71110213e-01  9.70e-04   1.86e-01     2.38e-06   29.692s
 144000 -1.70137738e-01 -1.71110193e-01  9.72e-04   1.25e-01     2.42e-06   29.868s
 145000 -1.70135049e-01 -1.71110185e-01  9.75e-04   1.40e-01     2.46e-06   30.044s
 146000 -1.70130923e-01 -1.71110169e-01  9.79e-04   1.33e-01     2.48e-06   30.220s
 147000 -1.70128422e-01 -1.71110207e-01  9.82e-04   2.46e-01     2.47e-06   30.396s
 148000 -1.70131587e-01 -1.71110227e-01  9.79e-04   2.52e-01     2.49e-06   30.572s
 149000 -1.70131593e-01 -1.71110257e-01  9.79e-04   8.66e-02     2.53e-06   30.748s
 150000 -1.70139797e-01 -1.71110237e-01  9.70e-04   2.24e-01     2.54e-06   30.924s
 151000 -1.70144329e-01 -1.71110230e-01  9.66e-04   1.33e-01     2.54e-06   31.100s
 152000 -1.70153458e-01 -1.71110212e-01  9.57e-04   2.09e-01     2.52e-06   31.276s
 153000 -1.70167121e-01 -1.71110207e-01  9.43e-04   6.77e-02     2.48e-06   31.453s
 154000 -1.70188699e-01 -1.71110205e-01  9.22e-04   2.40e-01     2.30e-06   31.629s
 155000 -1.70209497e-01 -1.71110177e-01  9.01e-04   3.86e-01     2.24e-06   31.803s
 156000 -1.70225558e-01 -1.71110159e-01  8.85e-04   7.88e-02     2.19e-06   31.978s
 157000 -1.70232853e-01 -1.71110134e-01  8.77e-04   2.16e-01     2.13e-06   32.153s
 158000 -1.70234590e-01 -1.71110123e-01  8.76e-04   1.80e-01     2.08e-06   32.328s
 159000 -1.70238790e-01 -1.71110119e-01  8.71e-04   1.74e-01     2.02e-06   32.502s
 160000 -1.70242955e-01 -1.71110116e-01  8.67e-04   2.75e-02     1.97e-06   32.677s
 161000 -1.70239554e-01 -1.71110112e-01  8.71e-04   4.92e-02     1.95e-06   32.851s
 162000 -1.70231650e-01 -1.71110122e-01  8.78e-04   1.03e-01     1.92e-06   33.026s
 163000 -1.70221166e-01 -1.71110128e-01  8.89e-04   1.48e-01     1.89e-06   33.201s
 164000 -1.70206897e-01 -1.71110103e-01  9.03e-04   2.12e-01     1.87e-06   33.378s
 165000 -1.70188790e-01 -1.71110099e-01  9.21e-04   1.50e-01     1.87e-06   33.554s
 166000 -1.70170625e-01 -1.71110120e-01  9.39e-04   2.18e-02     1.78e-06   33.729s
 167000 -1.70149276e-01 -1.71110103e-01  9.61e-04   2.05e-02     1.75e-06   33.905s
 168000 -1.70139020e-01 -1.71110156e-01  9.71e-04   3.58e-02     1.59e-06   34.083s
 169000 -1.70135120e-01 -1.71110165e-01  9.75e-04   1.24e-01     1.53e-06   34.259s
 170000 -1.70138271e-01 -1.71110190e-01  9.72e-04   8.08e-02     1.45e-06   34.435s
 171000 -1.70152570e-01 -1.71110198e-01  9.58e-04   2.04e-02     1.34e-06   34.612s
 172000 -1.70167700e-01 -1.71110193e-01  9.42e-04   2.82e-02     1.25e-06   34.788s
 173000 -1.70180772e-01 -1.71110207e-01  9.29e-04   1.13e-01     1.17e-06   34.964s
 174000 -1.70188687e-01 -1.71110212e-01  9.22e-04   1.89e-01     1.10e-06   35.141s
 175000 -1.70195387e-01 -1.71110236e-01  9.15e-04   4.36e-02     1.02e-06   35.317s
 176000 -1.70197745e-01 -1.71110255e-01  9.13e-04   2.69e-02     9.31e-07   35.493s
 177000 -1.70199901e-01 -1.71110280e-01  9.10e-04   2.76e-02     8.34e-07   35.668s
 178000 -1.70201912e-01 -1.71110310e-01  9.08e-04   2.83e-02     7.45e-07   35.844s
 179000 -1.70201310e-01 -1.71110337e-01  9.09e-04   3.03e-02     6.65e-07   36.019s
 180000 -1.70200642e-01 -1.71110366e-01  9.10e-04   5.88e-02     5.95e-07   36.195s
 181000 -1.70197752e-01 -1.71110395e-01  9.13e-04   8.45e-02     5.38e-07   36.371s
 182000 -1.70189838e-01 -1.71110413e-01  9.21e-04   5.27e-02     4.97e-07   36.547s
 183000 -1.70180853e-01 -1.71110442e-01  9.30e-04   4.18e-02     4.67e-07   36.722s
 184000 -1.70172154e-01 -1.71110453e-01  9.38e-04   6.56e-02     4.62e-07   36.898s
 185000 -1.70162630e-01 -1.71110475e-01  9.48e-04   3.47e-02     4.63e-07   37.073s
 186000 -1.70152056e-01 -1.71110491e-01  9.58e-04   7.76e-02     4.66e-07   37.249s
 187000 -1.70143169e-01 -1.71110498e-01  9.67e-04   5.06e-02     4.81e-07   37.424s
 188000 -1.70130588e-01 -1.71110503e-01  9.80e-04   7.64e-02     4.96e-07   37.600s
 189000 -1.70119961e-01 -1.71110500e-01  9.91e-04   6.49e-02     4.96e-07   37.776s
 190000 -1.70108369e-01 -1.71110502e-01  1.00e-03   4.33e-02     5.06e-07   37.952s
 191000 -1.70096438e-01 -1.71110499e-01  1.01e-03   7.24e-02     4.98e-07   38.128s
 192000 -1.70087864e-01 -1.71110496e-01  1.02e-03   5.53e-02     4.92e-07   38.305s
 193000 -1.70077070e-01 -1.71110486e-01  1.03e-03   8.51e-02     4.80e-07   38.480s
 194000 -1.70068749e-01 -1.71110472e-01  1.04e-03   3.71e-02     4.68e-07   38.656s
 195000 -1.70061853e-01 -1.71110475e-01  1.05e-03   9.05e-02     4.48e-07   38.832s
 196000 -1.70051423e-01 -1.71110448e-01  1.06e-03   3.53e-02     4.33e-07   39.007s
 197000 -1.70048551e-01 -1.71110433e-01  1.06e-03   7.26e-02     4.15e-07   39.181s
 198000 -1.70045490e-01 -1.71110427e-01  1.06e-03   6.55e-02     3.93e-07   39.355s
 199000 -1.70042767e-01 -1.71110433e-01  1.07e-03   9.79e-02     3.90e-07   39.529s
 200000 -1.70043111e-01 -1.71110410e-01  1.07e-03   3.19e-02     3.70e-07   39.703s
 201000 -1.70042353e-01 -1.71110416e-01  1.07e-03   5.72e-02     3.62e-07   39.879s
 202000 -1.70042283e-01 -1.71110414e-01  1.07e-03   7.73e-02     3.88e-07   40.053s
 203000 -1.70045055e-01 -1.71110412e-01  1.07e-03   8.05e-02     4.37e-07   40.227s
 204000 -1.70050292e-01 -1.71110411e-01  1.06e-03   2.42e-02     4.67e-07   40.401s
 205000 -1.70053981e-01 -1.71110425e-01  1.06e-03   3.22e-02     5.19e-07   40.576s
 206000 -1.70057664e-01 -1.71110441e-01  1.05e-03   4.17e-02     5.76e-07   40.751s
 207000 -1.70062647e-01 -1.71110454e-01  1.05e-03   5.24e-02     6.37e-07   40.926s
 208000 -1.70068720e-01 -1.71110456e-01  1.04e-03   3.62e-02     7.06e-07   41.102s
 209000 -1.70073932e-01 -1.71110461e-01  1.04e-03   3.88e-02     7.59e-07   41.278s
 210000 -1.70077493e-01 -1.71110470e-01  1.03e-03   4.62e-02     8.12e-07   41.455s
 211000 -1.70081844e-01 -1.71110477e-01  1.03e-03   5.40e-02     8.59e-07   41.630s
 212000 -1.70086349e-01 -1.71110497e-01  1.02e-03   3.61e-02     9.07e-07   41.804s
 213000 -1.70090379e-01 -1.71110498e-01  1.02e-03   4.54e-02     9.44e-07   41.979s
 214000 -1.70093543e-01 -1.71110504e-01  1.02e-03   4.21e-02     9.86e-07   42.153s
 215000 -1.70095862e-01 -1.71110518e-01  1.01e-03   3.42e-02     1.03e-06   42.327s
 216000 -1.70096851e-01 -1.71110525e-01  1.01e-03   4.44e-02     1.07e-06   42.502s
 217000 -1.70100330e-01 -1.71110533e-01  1.01e-03   3.10e-02     1.11e-06   42.678s
 218000 -1.70102960e-01 -1.71110541e-01  1.01e-03   4.34e-02     1.14e-06   42.854s
 219000 -1.70105022e-01 -1.71110534e-01  1.01e-03   2.08e-02     1.16e-06   43.030s
 220000 -1.70107112e-01 -1.71110530e-01  1.00e-03   2.18e-02     1.18e-06   43.206s
 221000 -1.70107095e-01 -1.71110528e-01  1.00e-03   3.65e-02     1.19e-06   43.381s
 222000 -1.70106636e-01 -1.71110512e-01  1.00e-03   2.10e-02     1.20e-06   43.557s
 223000 -1.70105775e-01 -1.71110507e-01  1.00e-03   9.25e-03     1.22e-06   43.734s
 224000 -1.70103771e-01 -1.71110481e-01  1.01e-03   3.31e-02     1.23e-06   43.911s
 225000 -1.70102146e-01 -1.71110492e-01  1.01e-03   2.96e-02     1.23e-06   44.087s
 226000 -1.70102046e-01 -1.71110458e-01  1.01e-03   3.17e-02     1.23e-06   44.264s
 227000 -1.70102082e-01 -1.71110454e-01  1.01e-03   3.93e-02     1.24e-06   44.440s
 228000 -1.70101734e-01 -1.71110441e-01  1.01e-03   2.49e-02     1.24e-06   44.616s
 229000 -1.70102167e-01 -1.71110442e-01  1.01e-03   3.60e-02     1.24e-06   44.792s
 230000 -1.70103788e-01 -1.71110419e-01  1.01e-03   1.30e-02     1.24e-06   44.968s
 231000 -1.70105722e-01 -1.71110424e-01  1.00e-03   1.04e-02     1.23e-06   45.145s
 232000 -1.70107908e-01 -1.71110400e-01  1.00e-03   1.33e-02     1.22e-06   45.321s
 233000 -1.70108669e-01 -1.71110398e-01  1.00e-03   2.48e-02     1.22e-06   45.497s
 234000 -1.70110535e-01 -1.71110385e-01  1.00e-03   1.99e-02     1.21e-06   45.672s
 235000 -1.70112185e-01 -1.71110371e-01  9.98e-04   1.21e-02     1.20e-06   45.849s
 236000 -1.70114117e-01 -1.71110362e-01  9.96e-04   2.18e-02     1.19e-06   46.025s
 237000 -1.70114835e-01 -1.71110347e-01  9.96e-04   1.22e-02     1.17e-06   46.200s
 238000 -1.70114419e-01 -1.71110329e-01  9.96e-04   2.63e-02     1.15e-06   46.376s
 239000 -1.70113762e-01 -1.71110324e-01  9.97e-04   3.91e-02     1.14e-06   46.552s
 240000 -1.70112887e-01 -1.71110304e-01  9.97e-04   1.62e-02     1.10e-06   46.728s
 241000 -1.70112293e-01 -1.71110282e-01  9.98e-04   7.07e-03     1.07e-06   46.904s
 242000 -1.70110681e-01 -1.71110288e-01  1.00e-03   6.92e-03     1.03e-06   47.081s
 243000 -1.70108343e-01 -1.71110286e-01  1.00e-03   6.91e-03     9.65e-07   47.257s
 244000 -1.70108228e-01 -1.71110276e-01  1.00e-03   1.30e-02     9.12e-07   47.433s
 245000 -1.70110164e-01 -1.71110265e-01  1.00e-03   6.48e-03     8.73e-07   47.610s
 246000 -1.70111316e-01 -1.71110255e-01  9.99e-04   6.50e-03     8.80e-07   47.786s
 247000 -1.70110120e-01 -1.71110260e-01  1.00e-03   2.96e-02     8.91e-07   47.964s
 248000 -1.70110900e-01 -1.71110270e-01  9.99e-04   9.51e-03     8.98e-07   48.141s
 249000 -1.70111055e-01 -1.71110255e-01  9.99e-04   5.88e-03     8.79e-07   48.317s
 250000 -1.70111018e-01 -1.71110215e-01  9.99e-04   5.79e-03     8.63e-07   48.492s
 251000 -1.70111910e-01 -1.71110168e-01  9.98e-04   5.82e-03     8.51e-07   48.667s
 252000 -1.70112150e-01 -1.71110158e-01  9.98e-04   5.85e-03     8.47e-07   48.843s
 253000 -1.70112059e-01 -1.71110152e-01  9.98e-04   9.63e-03     8.36e-07   49.018s
 254000 -1.70112185e-01 -1.71110128e-01  9.98e-04   8.05e-03     8.29e-07   49.194s
 255000 -1.70112103e-01 -1.71110099e-01  9.98e-04   6.60e-03     8.26e-07   49.369s
 256000 -1.70111591e-01 -1.71110068e-01  9.98e-04   5.42e-03     8.30e-07   49.545s
 257000 -1.70111129e-01 -1.71110069e-01  9.99e-04   5.28e-03     8.21e-07   49.720s
 258000 -1.70111039e-01 -1.71110053e-01  9.99e-04   5.08e-03     8.23e-07   49.896s
 259000 -1.70111108e-01 -1.71110044e-01  9.99e-04   5.04e-03     8.46e-07   50.072s
 260000 -1.70111897e-01 -1.71110037e-01  9.98e-04   8.07e-03     8.69e-07   50.249s
 261000 -1.70112450e-01 -1.71110004e-01  9.98e-04   1.57e-02     8.65e-07   50.424s
 262000 -1.70112006e-01 -1.71109999e-01  9.98e-04   1.45e-02     8.74e-07   50.598s
 263000 -1.70111828e-01 -1.71110017e-01  9.98e-04   5.50e-03     8.83e-07   50.773s
 264000 -1.70111325e-01 -1.71109988e-01  9.99e-04   4.97e-03     8.88e-07   50.948s
 265000 -1.70109744e-01 -1.71109966e-01  1.00e-03   4.04e-03     8.85e-07   51.122s
 266000 -1.70109087e-01 -1.71109967e-01  1.00e-03   3.84e-03     8.70e-07   51.297s
 267000 -1.70108057e-01 -1.71109979e-01  1.00e-03   3.75e-03     8.80e-07   51.471s
 268000 -1.70107236e-01 -1.71109968e-01  1.00e-03   3.57e-03     8.84e-07   51.654s
 269000 -1.70107397e-01 -1.71109957e-01  1.00e-03   3.41e-03     8.77e-07   51.843s
 270000 -1.70106446e-01 -1.71109978e-01  1.00e-03   3.30e-03     8.75e-07   52.030s
 271000 -1.70106053e-01 -1.71109986e-01  1.00e-03   3.18e-03     8.64e-07   52.219s
 272000 -1.70106392e-01 -1.71109960e-01  1.00e-03   4.68e-03     8.46e-07   52.408s
 273000 -1.70106328e-01 -1.71109973e-01  1.00e-03   4.20e-03     8.49e-07   52.601s
 274000 -1.70105836e-01 -1.71109981e-01  1.00e-03   3.09e-03     8.59e-07   52.790s
 275000 -1.70106241e-01 -1.71109974e-01  1.00e-03   3.11e-03     8.60e-07   52.981s
 276000 -1.70106639e-01 -1.71109988e-01  1.00e-03   3.05e-03     8.64e-07   53.176s
 277000 -1.70106489e-01 -1.71109998e-01  1.00e-03   3.00e-03     8.81e-07   53.368s
 278000 -1.70106243e-01 -1.71109984e-01  1.00e-03   2.92e-03     8.91e-07   53.565s
 279000 -1.70107694e-01 -1.71109971e-01  1.00e-03   2.92e-03     8.95e-07   53.761s
 280000 -1.70107819e-01 -1.71109981e-01  1.00e-03   3.23e-03     8.83e-07   53.950s
 281000 -1.70108676e-01 -1.71109966e-01  1.00e-03   2.90e-03     8.76e-07   54.138s
 282000 -1.70109751e-01 -1.71109930e-01  1.00e-03   2.88e-03     8.76e-07   54.330s
 283000 -1.70110514e-01 -1.71109951e-01  9.99e-04   2.94e-03     8.82e-07   54.522s
 284000 -1.70110187e-01 -1.71109933e-01  1.00e-03   2.86e-03     8.87e-07   54.712s
 285000 -1.70111209e-01 -1.71109912e-01  9.99e-04   2.81e-03     8.92e-07   54.901s
 286000 -1.70110883e-01 -1.71109919e-01  9.99e-04   2.75e-03     8.91e-07   55.094s
 287000 -1.70111270e-01 -1.71109920e-01  9.99e-04   2.76e-03     8.98e-07   55.285s
 288000 -1.70111998e-01 -1.71109894e-01  9.98e-04   2.72e-03     8.95e-07   55.470s
 289000 -1.70112612e-01 -1.71109891e-01  9.97e-04   2.77e-03     9.06e-07   55.658s
 290000 -1.70112412e-01 -1.71109899e-01  9.97e-04   2.70e-03     9.18e-07   55.847s
 291000 -1.70113173e-01 -1.71109890e-01  9.97e-04   3.23e-03     9.24e-07   56.035s
 292000 -1.70113194e-01 -1.71109891e-01  9.97e-04   2.70e-03     9.26e-07   56.226s
 293000 -1.70113846e-01 -1.71109877e-01  9.96e-04   2.68e-03     9.33e-07   56.412s
 294000 -1.70113124e-01 -1.71109888e-01  9.97e-04   2.59e-03     9.41e-07   56.601s
 295000 -1.70112897e-01 -1.71109866e-01  9.97e-04   2.52e-03     9.43e-07   56.790s
 296000 -1.70112258e-01 -1.71109890e-01  9.98e-04   2.40e-03     9.43e-07   56.981s
 297000 -1.70112021e-01 -1.71109871e-01  9.98e-04   2.33e-03     9.57e-07   57.172s
 298000 -1.70112507e-01 -1.71109865e-01  9.97e-04   2.65e-03     9.61e-07   57.360s
 299000 -1.70112934e-01 -1.71109870e-01  9.97e-04   2.25e-03     9.61e-07   57.551s
 300000 -1.70112947e-01 -1.71109864e-01  9.97e-04   2.23e-03     9.65e-07   57.740s
 301000 -1.70112780e-01 -1.71109851e-01  9.97e-04   2.12e-03     9.74e-07   57.930s
 302000 -1.70113509e-01 -1.71109862e-01  9.96e-04   2.25e-03     9.83e-07   58.120s
 303000 -1.70113038e-01 -1.71109845e-01  9.97e-04   2.07e-03     9.84e-07   58.308s
 304000 -1.70113308e-01 -1.71109836e-01  9.97e-04   2.04e-03     9.97e-07   58.497s
 305000 -1.70113871e-01 -1.71109830e-01  9.96e-04   2.03e-03     1.00e-06   58.688s
 306000 -1.70114993e-01 -1.71109821e-01  9.95e-04   2.08e-03     1.00e-06   58.878s
 307000 -1.70115975e-01 -1.71109811e-01  9.94e-04   2.11e-03     1.00e-06   59.065s
 308000 -1.70116759e-01 -1.71109803e-01  9.93e-04   2.16e-03     1.01e-06   59.254s
 309000 -1.70117800e-01 -1.71109806e-01  9.92e-04   2.17e-03     1.02e-06   59.441s
 310000 -1.70118145e-01 -1.71109785e-01  9.92e-04   2.18e-03     1.03e-06   59.629s
 311000 -1.70118658e-01 -1.71109782e-01  9.91e-04   2.18e-03     1.03e-06   59.816s
 312000 -1.70119482e-01 -1.71109787e-01  9.90e-04   2.18e-03     1.04e-06   60.004s
 313000 -1.70119981e-01 -1.71109770e-01  9.90e-04   2.21e-03     1.04e-06   60.192s
 314000 -1.70120333e-01 -1.71109765e-01  9.89e-04   2.26e-03     1.04e-06   60.382s
 315000 -1.70121147e-01 -1.71109760e-01  9.89e-04   2.22e-03     1.05e-06   60.573s
 316000 -1.70121499e-01 -1.71109760e-01  9.88e-04   2.44e-03     1.06e-06   60.762s
 317000 -1.70121556e-01 -1.71109744e-01  9.88e-04   2.20e-03     1.07e-06   60.950s
 318000 -1.70122431e-01 -1.71109750e-01  9.87e-04   4.40e-03     1.08e-06   61.142s
 319000 -1.70122561e-01 -1.71109735e-01  9.87e-04   3.22e-03     1.08e-06   61.334s
 320000 -1.70123184e-01 -1.71109734e-01  9.87e-04   2.57e-03     1.09e-06   61.524s
 321000 -1.70123772e-01 -1.71109723e-01  9.86e-04   2.19e-03     1.09e-06   61.714s
 322000 -1.70124067e-01 -1.71109726e-01  9.86e-04   2.47e-03     1.09e-06   61.904s
 323000 -1.70124301e-01 -1.71109700e-01  9.85e-04   3.06e-03     1.09e-06   62.091s
 324000 -1.70124748e-01 -1.71109687e-01  9.85e-04   3.44e-03     1.10e-06   62.280s
 325000 -1.70124607e-01 -1.71109691e-01  9.85e-04   2.62e-03     1.10e-06   62.468s
 326000 -1.70124150e-01 -1.71109677e-01  9.86e-04   2.05e-03     1.10e-06   62.656s
 327000 -1.70124484e-01 -1.71109649e-01  9.85e-04   2.39e-03     1.11e-06   62.846s
 328000 -1.70124405e-01 -1.71109666e-01  9.85e-04   2.82e-03     1.11e-06   63.034s
 329000 -1.70124753e-01 -1.71109635e-01  9.85e-04   5.12e-03     1.11e-06   63.223s
 330000 -1.70124817e-01 -1.71109643e-01  9.85e-04   4.59e-03     1.11e-06   63.412s
 331000 -1.70125720e-01 -1.71109636e-01  9.84e-04   4.54e-03     1.11e-06   63.602s
 332000 -1.70126007e-01 -1.71109638e-01  9.84e-04   4.47e-03     1.12e-06   63.789s
 333000 -1.70126789e-01 -1.71109625e-01  9.83e-04   3.64e-03     1.13e-06   63.977s
 334000 -1.70126911e-01 -1.71109620e-01  9.83e-04   3.32e-03     1.13e-06   64.168s
 335000 -1.70128009e-01 -1.71109603e-01  9.82e-04   3.45e-03     1.12e-06   64.357s
 336000 -1.70128353e-01 -1.71109600e-01  9.81e-04   5.39e-03     1.12e-06   64.546s
 337000 -1.70129310e-01 -1.71109588e-01  9.80e-04   7.24e-03     1.12e-06   64.735s
 338000 -1.70129620e-01 -1.71109584e-01  9.80e-04   3.45e-03     1.11e-06   64.923s
 339000 -1.70130017e-01 -1.71109591e-01  9.80e-04   5.82e-03     1.12e-06   65.114s
 340000 -1.70130794e-01 -1.71109574e-01  9.79e-04   8.62e-03     1.12e-06   65.308s
 341000 -1.70131709e-01 -1.71109565e-01  9.78e-04   7.56e-03     1.12e-06   65.497s
 342000 -1.70132057e-01 -1.71109550e-01  9.77e-04   7.01e-03     1.11e-06   65.687s
 343000 -1.70133276e-01 -1.71109541e-01  9.76e-04   6.99e-03     1.11e-06   65.875s
 344000 -1.70134067e-01 -1.71109527e-01  9.75e-04   1.47e-02     1.09e-06   66.064s
 345000 -1.70134525e-01 -1.71109531e-01  9.75e-04   1.62e-02     1.08e-06   66.253s
 346000 -1.70135677e-01 -1.71109479e-01  9.74e-04   1.16e-02     1.05e-06   66.441s
 347000 -1.70136168e-01 -1.71109453e-01  9.73e-04   1.37e-02     1.02e-06   66.631s
 348000 -1.70136357e-01 -1.71109428e-01  9.73e-04   6.87e-03     1.01e-06   66.819s
 349000 -1.70135142e-01 -1.71109430e-01  9.74e-04   1.59e-02     9.95e-07   67.007s
 350000 -1.70133950e-01 -1.71109434e-01  9.75e-04   1.95e-02     1.00e-06   67.197s
 351000 -1.70133431e-01 -1.71109432e-01  9.76e-04   2.69e-02     1.02e-06   67.384s
 352000 -1.70134187e-01 -1.71109396e-01  9.75e-04   1.67e-02     1.02e-06   67.573s
 353000 -1.70134721e-01 -1.71109411e-01  9.75e-04   2.18e-03     9.94e-07   67.763s
 354000 -1.70134709e-01 -1.71109409e-01  9.75e-04   2.14e-03     9.88e-07   67.954s
 355000 -1.70134548e-01 -1.71109391e-01  9.75e-04   2.08e-03     9.96e-07   68.142s
 356000 -1.70134205e-01 -1.71109395e-01  9.75e-04   1.61e-02     1.00e-06   68.332s
 357000 -1.70135035e-01 -1.71109373e-01  9.74e-04   3.18e-02     9.68e-07   68.521s
 358000 -1.70136002e-01 -1.71109366e-01  9.73e-04   2.13e-02     9.49e-07   68.710s
 359000 -1.70136993e-01 -1.71109352e-01  9.72e-04   1.40e-02     9.34e-07   68.899s
 360000 -1.70137705e-01 -1.71109348e-01  9.72e-04   1.09e-02     9.29e-07   69.077s
 361000 -1.70137325e-01 -1.71109331e-01  9.72e-04   3.90e-03     9.26e-07   69.252s
 362000 -1.70136908e-01 -1.71109306e-01  9.72e-04   8.87e-03     9.12e-07   69.427s
 363000 -1.70135983e-01 -1.71109315e-01  9.73e-04   1.52e-02     9.02e-07   69.602s
 364000 -1.70135179e-01 -1.71109294e-01  9.74e-04   1.74e-02     8.99e-07   69.777s
 365000 -1.70136469e-01 -1.71109278e-01  9.73e-04   1.79e-02     8.93e-07   69.952s
 366000 -1.70137482e-01 -1.71109284e-01  9.72e-04   1.19e-02     8.86e-07   70.127s
 367000 -1.70138617e-01 -1.71109277e-01  9.71e-04   8.92e-03     8.82e-07   70.302s
 368000 -1.70139248e-01 -1.71109277e-01  9.70e-04   1.51e-02     8.73e-07   70.477s
 369000 -1.70140539e-01 -1.71109255e-01  9.69e-04   1.90e-02     8.59e-07   70.652s
 370000 -1.70140979e-01 -1.71109220e-01  9.68e-04   2.38e-02     8.44e-07   70.827s
 371000 -1.70141197e-01 -1.71109230e-01  9.68e-04   1.77e-02     8.33e-07   71.001s
 372000 -1.70141652e-01 -1.71109210e-01  9.68e-04   1.55e-02     8.21e-07   71.176s
 373000 -1.70141161e-01 -1.71109213e-01  9.68e-04   1.54e-02     8.11e-07   71.351s
 374000 -1.70140673e-01 -1.71109198e-01  9.69e-04   1.52e-02     8.05e-07   71.525s
 375000 -1.70141131e-01 -1.71109180e-01  9.68e-04   1.28e-02     7.95e-07   71.700s
 376000 -1.70141414e-01 -1.71109187e-01  9.68e-04   7.38e-03     7.86e-07   71.874s
 377000 -1.70141205e-01 -1.71109159e-01  9.68e-04   9.32e-03     7.80e-07   72.048s
 378000 -1.70141258e-01 -1.71109157e-01  9.68e-04   1.66e-02     7.70e-07   72.223s
 379000 -1.70141408e-01 -1.71109139e-01  9.68e-04   1.83e-02     7.63e-07   72.398s
 380000 -1.70141092e-01 -1.71109127e-01  9.68e-04   2.23e-02     7.46e-07   72.573s
 381000 -1.70140757e-01 -1.71109139e-01  9.68e-04   2.14e-02     7.29e-07   72.748s
 382000 -1.70141199e-01 -1.71109104e-01  9.68e-04   1.87e-02     7.13e-07   72.924s
 383000 -1.70141426e-01 -1.71109087e-01  9.68e-04   1.71e-02     7.06e-07   73.099s
 384000 -1.70141326e-01 -1.71109077e-01  9.68e-04   7.85e-03     6.94e-07   73.274s
 385000 -1.70141148e-01 -1.71109072e-01  9.68e-04   1.00e-02     6.84e-07   73.450s
 386000 -1.70141533e-01 -1.71109195e-01  9.68e-04   1.93e-02     9.90e-07   73.627s
 387000 -1.70140821e-01 -1.71109370e-01  9.69e-04   1.40e-02     1.10e-06   73.802s
 388000 -1.70140288e-01 -1.71109245e-01  9.69e-04   1.28e-02     1.03e-06   73.978s
 389000 -1.70140316e-01 -1.71109196e-01  9.69e-04   1.33e-02     1.17e-06   74.153s
 390000 -1.70140376e-01 -1.71109173e-01  9.69e-04   1.46e-02     1.05e-06   74.328s
 391000 -1.70140526e-01 -1.71109094e-01  9.69e-04   1.48e-02     1.01e-06   74.503s
 392000 -1.70140822e-01 -1.71109010e-01  9.68e-04   1.57e-02     9.62e-07   74.678s
 393000 -1.70141046e-01 -1.71108962e-01  9.68e-04   1.53e-02     9.91e-07   74.853s
 394000 -1.70141418e-01 -1.71108918e-01  9.67e-04   1.57e-02     9.85e-07   75.028s
 395000 -1.70141617e-01 -1.71108869e-01  9.67e-04   1.54e-02     9.84e-07   75.203s
 396000 -1.70141670e-01 -1.71108835e-01  9.67e-04   1.60e-02     1.01e-06   75.378s
 397000 -1.70141689e-01 -1.71108813e-01  9.67e-04   1.61e-02     1.01e-06   75.553s
 398000 -1.70141570e-01 -1.71108770e-01  9.67e-04   1.43e-02     9.99e-07   75.728s
 399000 -1.70141798e-01 -1.71108672e-01  9.67e-04   1.45e-02     9.67e-07   75.904s
 400000 -1.70141900e-01 -1.71108626e-01  9.67e-04   1.35e-02     9.53e-07   76.080s
 401000 -1.70142063e-01 -1.71108598e-01  9.67e-04   1.33e-02     9.19e-07   76.256s
 402000 -1.70142070e-01 -1.71108544e-01  9.66e-04   1.31e-02     8.99e-07   76.431s
 403000 -1.70142062e-01 -1.71108745e-01  9.67e-04   1.21e-02     1.09e-06   76.606s
 404000 -1.70142123e-01 -1.71108519e-01  9.66e-04   1.25e-02     1.06e-06   76.782s
 405000 -1.70142051e-01 -1.71108383e-01  9.66e-04   1.66e-02     9.46e-07   76.957s
 406000 -1.70142001e-01 -1.71108319e-01  9.66e-04   1.86e-02     1.01e-06   77.133s
 407000 -1.70142143e-01 -1.71108212e-01  9.66e-04   1.60e-02     9.74e-07   77.308s
 408000 -1.70141947e-01 -1.71108134e-01  9.66e-04   1.38e-02     9.18e-07   77.483s
 409000 -1.70141847e-01 -1.71108276e-01  9.66e-04   1.21e-02     9.13e-07   77.658s
 410000 -1.70141970e-01 -1.71108209e-01  9.66e-04   1.29e-02     9.48e-07   77.833s
 411000 -1.70142081e-01 -1.71108127e-01  9.66e-04   1.43e-02     9.16e-07   78.008s
 412000 -1.70141972e-01 -1.71108029e-01  9.66e-04   1.54e-02     9.26e-07   78.182s
 413000 -1.70142066e-01 -1.71107918e-01  9.66e-04   1.40e-02     9.44e-07   78.357s
 414000 -1.70142007e-01 -1.71107875e-01  9.66e-04   1.51e-02     9.20e-07   78.532s
 415000 -1.70141817e-01 -1.71107964e-01  9.66e-04   1.55e-02     9.23e-07   78.707s
 416000 -1.70141774e-01 -1.71107948e-01  9.66e-04   1.49e-02     9.58e-07   78.882s
 417000 -1.70141699e-01 -1.71107839e-01  9.66e-04   1.58e-02     9.57e-07   79.057s
 418000 -1.70141570e-01 -1.71107809e-01  9.66e-04   1.61e-02     9.39e-07   79.233s
 419000 -1.70141670e-01 -1.71107701e-01  9.66e-04   1.63e-02     9.62e-07   79.408s
 420000 -1.70141705e-01 -1.71107658e-01  9.66e-04   1.45e-02     9.37e-07   79.584s
 421000 -1.70141491e-01 -1.71107675e-01  9.66e-04   1.20e-02     9.56e-07   79.759s
 422000 -1.70141405e-01 -1.71107697e-01  9.66e-04   1.23e-02     9.71e-07   79.935s
 423000 -1.70141717e-01 -1.71107636e-01  9.66e-04   1.52e-02     9.96e-07   80.111s
 424000 -1.70141505e-01 -1.71107585e-01  9.66e-04   1.66e-02     9.77e-07   80.286s
 425000 -1.70141595e-01 -1.71107498e-01  9.66e-04   1.63e-02     9.90e-07   80.462s
 426000 -1.70141715e-01 -1.71107428e-01  9.66e-04   1.39e-02     9.93e-07   80.637s
 427000 -1.70141628e-01 -1.71107423e-01  9.66e-04   1.35e-02     9.74e-07   80.812s
 428000 -1.70141662e-01 -1.71107452e-01  9.66e-04   1.39e-02     1.00e-06   80.987s
 429000 -1.70141647e-01 -1.71107459e-01  9.66e-04   1.49e-02     1.12e-06   81.162s
 430000 -1.70141622e-01 -1.71107384e-01  9.66e-04   1.60e-02     1.13e-06   81.337s
 431000 -1.70141703e-01 -1.71107388e-01  9.66e-04   1.64e-02     1.08e-06   81.512s
 432000 -1.70141862e-01 -1.71107190e-01  9.65e-04   1.47e-02     1.18e-06   81.687s
 433000 -1.70141622e-01 -1.71107134e-01  9.66e-04   1.45e-02     1.09e-06   81.862s
 434000 -1.70141795e-01 -1.71107166e-01  9.65e-04   1.57e-02     1.21e-06   82.037s
 435000 -1.70141734e-01 -1.71107096e-01  9.65e-04   1.50e-02     1.13e-06   82.212s
 436000 -1.70142122e-01 -1.71106996e-01  9.65e-04   1.53e-02     1.22e-06   82.387s
 437000 -1.70142446e-01 -1.71107119e-01  9.65e-04   1.53e-02     1.17e-06   82.562s
 438000 -1.70142507e-01 -1.71107076e-01  9.65e-04   1.35e-02     1.23e-06   82.738s
 439000 -1.70142593e-01 -1.71106916e-01  9.64e-04   1.25e-02     1.29e-06   82.914s
 440000 -1.70142375e-01 -1.71106904e-01  9.65e-04   1.30e-02     1.28e-06   83.089s
 441000 -1.70142403e-01 -1.71106835e-01  9.64e-04   1.55e-02     1.30e-06   83.265s
 442000 -1.70142387e-01 -1.71106824e-01  9.64e-04   1.53e-02     1.30e-06   83.440s
 443000 -1.70142665e-01 -1.71106851e-01  9.64e-04   1.41e-02     1.30e-06   83.616s
 444000 -1.70142938e-01 -1.71106800e-01  9.64e-04   1.47e-02     1.31e-06   83.791s
 445000 -1.70142933e-01 -1.71106769e-01  9.64e-04   1.49e-02     1.38e-06   83.967s
 446000 -1.70143234e-01 -1.71106764e-01  9.64e-04   1.28e-02     1.39e-06   84.142s
 447000 -1.70142996e-01 -1.71106647e-01  9.64e-04   1.28e-02     1.41e-06   84.317s
 448000 -1.70143075e-01 -1.71106572e-01  9.63e-04   1.35e-02     1.39e-06   84.493s
 449000 -1.70143052e-01 -1.71106619e-01  9.64e-04   1.34e-02     1.42e-06   84.668s
 450000 -1.70143055e-01 -1.71106513e-01  9.63e-04   1.14e-02     1.39e-06   84.843s
 451000 -1.70143304e-01 -1.71106469e-01  9.63e-04   1.31e-02     1.39e-06   85.018s
 452000 -1.70142841e-01 -1.71106564e-01  9.64e-04   1.58e-02     1.38e-06   85.193s
 453000 -1.70142906e-01 -1.71106503e-01  9.64e-04   1.50e-02     1.38e-06   85.368s
 454000 -1.70142514e-01 -1.71106426e-01  9.64e-04   1.43e-02     1.42e-06   85.543s
 455000 -1.70142243e-01 -1.71106372e-01  9.64e-04   1.57e-02     1.40e-06   85.717s
 456000 -1.70142486e-01 -1.71106251e-01  9.64e-04   1.59e-02     1.40e-06   85.893s
 457000 -1.70143140e-01 -1.71106196e-01  9.63e-04   1.70e-02     1.38e-06   86.068s
 458000 -1.70143272e-01 -1.71106276e-01  9.63e-04   1.66e-02     1.38e-06   86.244s
 459000 -1.70143113e-01 -1.71106249e-01  9.63e-04   1.50e-02     1.36e-06   86.420s
 460000 -1.70143288e-01 -1.71106201e-01  9.63e-04   1.50e-02     1.36e-06   86.595s
 461000 -1.70143252e-01 -1.71106283e-01  9.63e-04   1.46e-02     1.39e-06   86.770s
 462000 -1.70143152e-01 -1.71106186e-01  9.63e-04   1.43e-02     1.41e-06   86.945s
 463000 -1.70142949e-01 -1.71106093e-01  9.63e-04   1.60e-02     1.41e-06   87.120s
 464000 -1.70143086e-01 -1.71106111e-01  9.63e-04   1.53e-02     1.39e-06   87.294s
 465000 -1.70143161e-01 -1.71106036e-01  9.63e-04   1.43e-02     1.36e-06   87.469s
 466000 -1.70143060e-01 -1.71106010e-01  9.63e-04   1.63e-02     1.37e-06   87.644s
 467000 -1.70143029e-01 -1.71106002e-01  9.63e-04   1.61e-02     1.38e-06   87.819s
 468000 -1.70142972e-01 -1.71105991e-01  9.63e-04   1.63e-02     1.42e-06   87.993s
 469000 -1.70143189e-01 -1.71105944e-01  9.63e-04   1.55e-02     1.41e-06   88.168s
 470000 -1.70143341e-01 -1.71105864e-01  9.63e-04   1.46e-02     1.36e-06   88.342s
 471000 -1.70143527e-01 -1.71105821e-01  9.62e-04   1.65e-02     1.35e-06   88.517s
 472000 -1.70143660e-01 -1.71105790e-01  9.62e-04   1.65e-02     1.34e-06   88.692s
 473000 -1.70143389e-01 -1.71105715e-01  9.62e-04   1.47e-02     1.33e-06   88.866s
 474000 -1.70143543e-01 -1.71105705e-01  9.62e-04   1.30e-02     1.31e-06   89.041s
 475000 -1.70143405e-01 -1.71105613e-01  9.62e-04   1.38e-02     1.31e-06   89.215s
 476000 -1.70143676e-01 -1.71105630e-01  9.62e-04   1.39e-02     1.29e-06   89.390s
 477000 -1.70143838e-01 -1.71105672e-01  9.62e-04   1.34e-02     1.26e-06   89.565s
 478000 -1.70143889e-01 -1.71105617e-01  9.62e-04   1.32e-02     1.28e-06   89.740s
 479000 -1.70143743e-01 -1.71105541e-01  9.62e-04   1.44e-02     1.29e-06   89.915s
 480000 -1.70144038e-01 -1.71105523e-01  9.61e-04   1.63e-02     1.27e-06   90.090s
 481000 -1.70144253e-01 -1.71105467e-01  9.61e-04   1.54e-02     1.28e-06   90.265s
 482000 -1.70144176e-01 -1.71105396e-01  9.61e-04   1.49e-02     1.28e-06   90.440s
 483000 -1.70144312e-01 -1.71105366e-01  9.61e-04   1.59e-02     1.23e-06   90.616s
 484000 -1.70144313e-01 -1.71105289e-01  9.61e-04   1.63e-02     1.24e-06   90.791s
 485000 -1.70144459e-01 -1.71105241e-01  9.61e-04   1.60e-02     1.25e-06   90.966s
 486000 -1.70144536e-01 -1.71105303e-01  9.61e-04   1.64e-02     1.28e-06   91.140s
 487000 -1.70144569e-01 -1.71105307e-01  9.61e-04   1.60e-02     1.30e-06   91.315s
 488000 -1.70144529e-01 -1.71105279e-01  9.61e-04   1.70e-02     1.33e-06   91.489s
 489000 -1.70144397e-01 -1.71105225e-01  9.61e-04   1.51e-02     1.33e-06   91.664s
 490000 -1.70144529e-01 -1.71105132e-01  9.61e-04   1.52e-02     1.30e-06   91.841s
 491000 -1.70144712e-01 -1.71105136e-01  9.60e-04   1.52e-02     1.33e-06   92.014s
 492000 -1.70144853e-01 -1.71105110e-01  9.60e-04   1.46e-02     1.33e-06   92.187s
 493000 -1.70144678e-01 -1.71104981e-01  9.60e-04   1.61e-02     1.35e-06   92.360s
 494000 -1.70145132e-01 -1.71104951e-01  9.60e-04   1.67e-02     1.36e-06   92.533s
 495000 -1.70145326e-01 -1.71104995e-01  9.60e-04   1.56e-02     1.42e-06   92.706s
 496000 -1.70145276e-01 -1.71104979e-01  9.60e-04   1.38e-02     1.41e-06   92.880s
 497000 -1.70145355e-01 -1.71104910e-01  9.60e-04   1.39e-02     1.40e-06   93.054s
 498000 -1.70145129e-01 -1.71104932e-01  9.60e-04   1.49e-02     1.41e-06   93.227s
 499000 -1.70145324e-01 -1.71104898e-01  9.60e-04   1.40e-02     1.43e-06   93.402s
 500000 -1.70145529e-01 -1.71104779e-01  9.59e-04   1.35e-02     1.41e-06   93.576s
 501000 -1.70145940e-01 -1.71104745e-01  9.59e-04   1.60e-02     1.44e-06   93.750s
 502000 -1.70146024e-01 -1.71104732e-01  9.59e-04   1.54e-02     1.51e-06   93.924s
 503000 -1.70146360e-01 -1.71104609e-01  9.58e-04   1.58e-02     1.58e-06   94.098s
 504000 -1.70147214e-01 -1.71104540e-01  9.57e-04   1.70e-02     1.57e-06   94.272s
 505000 -1.70147270e-01 -1.71104563e-01  9.57e-04   1.55e-02     1.60e-06   94.446s
 506000 -1.70147416e-01 -1.71104579e-01  9.57e-04   1.40e-02     1.62e-06   94.619s
 507000 -1.70147136e-01 -1.71104572e-01  9.57e-04   1.47e-02     1.61e-06   94.793s
 508000 -1.70147460e-01 -1.71104580e-01  9.57e-04   1.33e-02     1.60e-06   94.967s
 509000 -1.70147639e-01 -1.71104533e-01  9.57e-04   1.40e-02     1.62e-06   95.141s
 510000 -1.70147765e-01 -1.71104439e-01  9.57e-04   1.35e-02     1.60e-06   95.315s
 511000 -1.70147963e-01 -1.71104384e-01  9.56e-04   1.47e-02     1.62e-06   95.490s
 512000 -1.70147862e-01 -1.71104330e-01  9.56e-04   1.55e-02     1.65e-06   95.665s
 513000 -1.70148163e-01 -1.71104273e-01  9.56e-04   1.66e-02     1.66e-06   95.840s
 514000 -1.70148389e-01 -1.71104287e-01  9.56e-04   1.71e-02     1.69e-06   96.015s
 515000 -1.70148486e-01 -1.71104236e-01  9.56e-04   1.48e-02     1.70e-06   96.189s
 516000 -1.70148164e-01 -1.71104167e-01  9.56e-04   1.20e-02     1.69e-06   96.364s
 517000 -1.70148311e-01 -1.71104158e-01  9.56e-04   1.16e-02     1.71e-06   96.540s
 518000 -1.70148352e-01 -1.71104170e-01  9.56e-04   1.33e-02     1.72e-06   96.715s
 519000 -1.70148251e-01 -1.71104099e-01  9.56e-04   1.34e-02     1.72e-06   96.891s
 520000 -1.70148480e-01 -1.71104091e-01  9.56e-04   1.36e-02     1.72e-06   97.067s
 521000 -1.70148586e-01 -1.71104115e-01  9.56e-04   1.55e-02     1.77e-06   97.243s
 522000 -1.70148703e-01 -1.71104048e-01  9.55e-04   1.40e-02     1.81e-06   97.418s
 523000 -1.70148869e-01 -1.71103938e-01  9.55e-04   1.38e-02     1.81e-06   97.594s
 524000 -1.70149283e-01 -1.71103905e-01  9.55e-04   1.35e-02     1.81e-06   97.769s
 525000 -1.70149680e-01 -1.71103938e-01  9.54e-04   1.45e-02     1.84e-06   97.944s
 526000 -1.70149799e-01 -1.71103923e-01  9.54e-04   1.63e-02     1.85e-06   98.120s
 527000 -1.70149770e-01 -1.71103866e-01  9.54e-04   1.66e-02     1.87e-06   98.295s
 528000 -1.70149717e-01 -1.71103881e-01  9.54e-04   1.51e-02     1.90e-06   98.470s
 529000 -1.70149926e-01 -1.71103909e-01  9.54e-04   1.30e-02     1.93e-06   98.645s
 530000 -1.70150467e-01 -1.71103887e-01  9.53e-04   1.22e-02     1.96e-06   98.820s
 531000 -1.70150552e-01 -1.71103735e-01  9.53e-04   1.19e-02     1.98e-06   98.995s
 532000 -1.70150633e-01 -1.71103684e-01  9.53e-04   1.42e-02     2.01e-06   99.170s
 533000 -1.70150908e-01 -1.71103730e-01  9.53e-04   1.51e-02     2.04e-06   99.345s
 534000 -1.70151563e-01 -1.71103675e-01  9.52e-04   1.51e-02     2.08e-06   99.519s
 535000 -1.70151823e-01 -1.71103672e-01  9.52e-04   1.28e-02     2.11e-06   99.694s
 536000 -1.70152042e-01 -1.71103703e-01  9.52e-04   1.35e-02     2.15e-06   99.868s
 537000 -1.70151975e-01 -1.71103676e-01  9.52e-04   1.34e-02     2.16e-06   100.043s
 538000 -1.70151944e-01 -1.71103625e-01  9.52e-04   1.53e-02     2.19e-06   100.219s
 539000 -1.70152260e-01 -1.71103607e-01  9.51e-04   1.58e-02     2.22e-06   100.394s
 540000 -1.70152576e-01 -1.71103557e-01  9.51e-04   1.43e-02     2.27e-06   100.570s
 541000 -1.70153303e-01 -1.71103493e-01  9.50e-04   1.39e-02     2.29e-06   100.745s
 542000 -1.70153825e-01 -1.71103540e-01  9.50e-04   1.17e-02     2.33e-06   100.920s
 543000 -1.70154836e-01 -1.71103471e-01  9.49e-04   1.03e-02     2.37e-06   101.095s
 544000 -1.70154974e-01 -1.71103350e-01  9.48e-04   1.23e-02     2.42e-06   101.270s
 545000 -1.70155176e-01 -1.71103397e-01  9.48e-04   1.48e-02     2.44e-06   101.445s
 546000 -1.70155707e-01 -1.71103435e-01  9.48e-04   1.43e-02     2.47e-06   101.620s
 547000 -1.70156745e-01 -1.71103368e-01  9.47e-04   1.29e-02     2.49e-06   101.794s
 548000 -1.70157197e-01 -1.71103351e-01  9.46e-04   1.30e-02     2.53e-06   101.969s
 549000 -1.70157427e-01 -1.71103391e-01  9.46e-04   1.49e-02     2.60e-06   102.143s
 550000 -1.70157489e-01 -1.71103314e-01  9.46e-04   1.61e-02     2.61e-06   102.318s
 551000 -1.70157979e-01 -1.71103277e-01  9.45e-04   1.54e-02     2.62e-06   102.493s
 552000 -1.70158760e-01 -1.71103206e-01  9.44e-04   1.44e-02     2.64e-06   102.667s
 553000 -1.70159156e-01 -1.71103100e-01  9.44e-04   1.43e-02     2.69e-06   102.841s
 554000 -1.70159406e-01 -1.71103088e-01  9.44e-04   1.42e-02     2.74e-06   103.016s
 555000 -1.70160347e-01 -1.71103168e-01  9.43e-04   1.41e-02     2.74e-06   103.190s
 556000 -1.70161021e-01 -1.71103110e-01  9.42e-04   1.38e-02     2.77e-06   103.365s
 557000 -1.70161462e-01 -1.71103054e-01  9.42e-04   1.37e-02     2.82e-06   103.539s
 558000 -1.70162028e-01 -1.71103142e-01  9.41e-04   1.39e-02     2.88e-06   103.714s
 559000 -1.70162511e-01 -1.71103155e-01  9.41e-04   1.49e-02     2.90e-06   103.889s
 560000 -1.70162947e-01 -1.71102997e-01  9.40e-04   1.48e-02     2.93e-06   104.065s
 561000 -1.70163367e-01 -1.71102932e-01  9.40e-04   1.47e-02     2.96e-06   104.240s
 562000 -1.70163721e-01 -1.71102947e-01  9.39e-04   1.46e-02     3.01e-06   104.415s
 563000 -1.70164357e-01 -1.71102915e-01  9.39e-04   1.49e-02     3.05e-06   104.590s
 564000 -1.70164982e-01 -1.71102912e-01  9.38e-04   1.84e-02     3.06e-06   104.764s
 565000 -1.70165140e-01 -1.71102880e-01  9.38e-04   1.63e-02     3.08e-06   104.940s
 566000 -1.70165362e-01 -1.71102779e-01  9.37e-04   1.21e-02     3.12e-06   105.115s
 567000 -1.70165738e-01 -1.71102779e-01  9.37e-04   1.10e-02     3.17e-06   105.290s
 568000 -1.70166651e-01 -1.71102825e-01  9.36e-04   1.32e-02     3.21e-06   105.465s
 569000 -1.70167422e-01 -1.71102728e-01  9.35e-04   1.46e-02     3.21e-06   105.639s
 570000 -1.70167660e-01 -1.71102669e-01  9.35e-04   1.60e-02     3.25e-06   105.814s
 571000 -1.70168062e-01 -1.71102724e-01  9.35e-04   1.50e-02     3.30e-06   105.989s
 572000 -1.70168419e-01 -1.71102717e-01  9.34e-04   1.58e-02     3.34e-06   106.164s
 573000 -1.70168841e-01 -1.71102584e-01  9.34e-04   1.68e-02     3.37e-06   106.338s
 574000 -1.70169295e-01 -1.71102517e-01  9.33e-04   1.53e-02     3.40e-06   106.513s
 575000 -1.70169588e-01 -1.71102514e-01  9.33e-04   1.30e-02     3.45e-06   106.687s
 576000 -1.70170245e-01 -1.71102528e-01  9.32e-04   1.56e-02     3.49e-06   106.862s
 577000 -1.70170819e-01 -1.71102515e-01  9.32e-04   1.91e-02     3.53e-06   107.037s
 578000 -1.70171276e-01 -1.71102497e-01  9.31e-04   1.95e-02     3.55e-06   107.213s
 579000 -1.70171843e-01 -1.71102458e-01  9.31e-04   1.50e-02     3.58e-06   107.388s
 580000 -1.70172594e-01 -1.71102433e-01  9.30e-04   1.27e-02     3.60e-06   107.564s
 581000 -1.70173434e-01 -1.71102392e-01  9.29e-04   1.34e-02     3.66e-06   107.739s
 582000 -1.70174063e-01 -1.71102291e-01  9.28e-04   1.51e-02     3.71e-06   107.915s
 583000 -1.70174247e-01 -1.71102248e-01  9.28e-04   1.67e-02     3.74e-06   108.091s
 584000 -1.70174754e-01 -1.71102283e-01  9.28e-04   1.69e-02     3.76e-06   108.266s
 585000 -1.70175703e-01 -1.71102324e-01  9.27e-04   1.78e-02     3.80e-06   108.442s
 586000 -1.70176236e-01 -1.71102300e-01  9.26e-04   1.61e-02     3.86e-06   108.617s
 587000 -1.70176473e-01 -1.71102185e-01  9.26e-04   1.28e-02     3.89e-06   108.792s
 588000 -1.70176751e-01 -1.71102165e-01  9.25e-04   1.15e-02     3.90e-06   108.968s
 589000 -1.70177359e-01 -1.71102193e-01  9.25e-04   1.33e-02     3.94e-06   109.143s
 590000 -1.70178007e-01 -1.71102161e-01  9.24e-04   1.71e-02     3.99e-06   109.318s
 591000 -1.70178222e-01 -1.71102086e-01  9.24e-04   1.88e-02     4.06e-06   109.493s
 592000 -1.70178901e-01 -1.71102076e-01  9.23e-04   1.71e-02     4.11e-06   109.668s
 593000 -1.70179724e-01 -1.71102077e-01  9.22e-04   1.37e-02     4.14e-06   109.843s
 594000 -1.70180724e-01 -1.71102038e-01  9.21e-04   1.04e-02     4.19e-06   110.018s
 595000 -1.70181718e-01 -1.71101960e-01  9.20e-04   1.04e-02     4.26e-06   110.193s
 596000 -1.70182325e-01 -1.71101935e-01  9.20e-04   1.19e-02     4.31e-06   110.368s
 597000 -1.70183309e-01 -1.71101963e-01  9.19e-04   1.34e-02     4.33e-06   110.543s
 598000 -1.70184222e-01 -1.71101992e-01  9.18e-04   1.48e-02     4.36e-06   110.719s
 599000 -1.70185055e-01 -1.71101987e-01  9.17e-04   1.08e-02     4.40e-06   110.894s
 600000 -1.70185674e-01 -1.71101997e-01  9.16e-04   9.86e-03     4.42e-06   111.070s
 601000 -1.70186581e-01 -1.71101982e-01  9.15e-04   7.11e-03     4.42e-06   111.246s
 602000 -1.70187469e-01 -1.71101888e-01  9.14e-04   4.65e-03     4.45e-06   111.422s
 603000 -1.70188370e-01 -1.71101750e-01  9.13e-04   7.41e-03     4.51e-06   111.597s
 604000 -1.70189117e-01 -1.71102404e-01  9.13e-04   9.72e-03     6.61e-06   111.775s
 605000 -1.70189395e-01 -1.71102275e-01  9.13e-04   9.75e-03     7.22e-06   111.950s
 606000 -1.70189474e-01 -1.71101778e-01  9.12e-04   1.02e-02     7.47e-06   112.126s
 607000 -1.70189405e-01 -1.71101496e-01  9.12e-04   1.05e-02     7.88e-06   112.301s
 608000 -1.70189354e-01 -1.71101284e-01  9.12e-04   1.08e-02     8.38e-06   112.476s
 609000 -1.70189491e-01 -1.71101027e-01  9.12e-04   1.10e-02     8.78e-06   112.652s
 610000 -1.70189502e-01 -1.71100732e-01  9.11e-04   1.08e-02     9.11e-06   112.827s
 611000 -1.70189627e-01 -1.71100465e-01  9.11e-04   1.03e-02     9.30e-06   113.002s
 612000 -1.70189626e-01 -1.71100242e-01  9.11e-04   1.10e-02     9.65e-06   113.178s
 613000 -1.70189710e-01 -1.71099960e-01  9.10e-04   1.12e-02     9.84e-06   113.353s
 614000 -1.70189787e-01 -1.71099738e-01  9.10e-04   1.13e-02     1.02e-05   113.528s
 615000 -1.70189995e-01 -1.71099568e-01  9.10e-04   1.15e-02     1.06e-05   113.703s
 616000 -1.70190230e-01 -1.71099317e-01  9.09e-04   1.13e-02     1.09e-05   113.878s
 617000 -1.70190710e-01 -1.71099048e-01  9.08e-04   1.01e-02     1.12e-05   114.052s
 618000 -1.70190816e-01 -1.71098881e-01  9.08e-04   8.93e-03     1.16e-05   114.228s
 619000 -1.70190951e-01 -1.71098788e-01  9.08e-04   9.72e-03     1.21e-05   114.403s
 620000 -1.70191269e-01 -1.71098678e-01  9.07e-04   1.01e-02     1.26e-05   114.579s
 621000 -1.70191485e-01 -1.71098365e-01  9.07e-04   1.10e-02     1.31e-05   114.755s
 622000 -1.70191861e-01 -1.71098123e-01  9.06e-04   1.20e-02     1.36e-05   114.931s
 623000 -1.70193541e-01 -1.71098068e-01  9.05e-04   1.24e-02     1.42e-05   115.107s
 624000 -1.70196676e-01 -1.71097509e-01  9.01e-04   1.05e-02     1.54e-05   115.282s
 625000 -1.70199721e-01 -1.71097057e-01  8.97e-04   1.05e-02     1.70e-05   115.458s
 626000 -1.70203122e-01 -1.71096902e-01  8.94e-04   1.14e-02     1.88e-05   115.634s
 627000 -1.70206560e-01 -1.71097307e-01  8.91e-04   1.27e-02     2.10e-05   115.809s
 628000 -1.70211019e-01 -1.71097316e-01  8.86e-04   1.12e-02     2.33e-05   115.985s
 629000 -1.70215643e-01 -1.71096536e-01  8.81e-04   1.02e-02     2.59e-05   116.160s
 630000 -1.70221598e-01 -1.71096395e-01  8.75e-04   1.24e-02     2.88e-05   116.335s
 631000 -1.70227717e-01 -1.71096762e-01  8.69e-04   1.18e-02     3.20e-05   116.510s
 632000 -1.70233176e-01 -1.71096481e-01  8.63e-04   1.15e-02     3.51e-05   116.686s
 633000 -1.70239066e-01 -1.71095977e-01  8.57e-04   1.07e-02     3.80e-05   116.861s
 634000 -1.70245763e-01 -1.71095890e-01  8.50e-04   1.07e-02     4.08e-05   117.036s
 635000 -1.70252615e-01 -1.71096075e-01  8.43e-04   8.41e-03     4.34e-05   117.211s
 636000 -1.70260042e-01 -1.71095831e-01  8.36e-04   7.86e-03     4.55e-05   117.386s
 637000 -1.70267665e-01 -1.71095971e-01  8.28e-04   7.41e-03     4.75e-05   117.561s
 638000 -1.70275624e-01 -1.71095921e-01  8.20e-04   9.58e-03     4.96e-05   117.736s
 639000 -1.70284170e-01 -1.71095470e-01  8.11e-04   8.90e-03     5.18e-05   117.911s
 640000 -1.70293239e-01 -1.71095346e-01  8.02e-04   9.18e-03     5.39e-05   118.087s
 641000 -1.70301362e-01 -1.71095618e-01  7.94e-04   8.51e-03     5.56e-05   118.262s
 642000 -1.70309040e-01 -1.71096341e-01  7.87e-04   4.71e-03     5.74e-05   118.438s
 643000 -1.70316480e-01 -1.71097047e-01  7.81e-04   6.12e-03     5.94e-05   118.613s
 644000 -1.70323143e-01 -1.71096830e-01  7.74e-04   1.45e-03     6.09e-05   118.789s
 645000 -1.70329600e-01 -1.71096148e-01  7.67e-04   4.39e-03     6.18e-05   118.964s
 646000 -1.70338285e-01 -1.71096042e-01  7.58e-04   1.32e-03     6.25e-05   119.139s
 647000 -1.70347628e-01 -1.71095729e-01  7.48e-04   1.30e-03     6.36e-05   119.315s
 648000 -1.70358029e-01 -1.71095594e-01  7.38e-04   1.67e-03     6.49e-05   119.491s
 649000 -1.70369144e-01 -1.71096749e-01  7.28e-04   1.94e-03     6.60e-05   119.666s
 650000 -1.70380446e-01 -1.71097567e-01  7.17e-04   1.97e-03     6.70e-05   119.841s
 651000 -1.70391554e-01 -1.71097517e-01  7.06e-04   6.39e-03     6.82e-05   120.016s
 652000 -1.70403371e-01 -1.71097449e-01  6.94e-04   1.48e-03     6.96e-05   120.191s
 653000 -1.70415640e-01 -1.71098204e-01  6.83e-04   1.77e-03     7.15e-05   120.366s
 654000 -1.70427891e-01 -1.71098753e-01  6.71e-04   2.04e-03     7.30e-05   120.541s
 655000 -1.70439453e-01 -1.71098737e-01  6.59e-04   1.62e-03     7.59e-05   120.716s
 656000 -1.70451623e-01 -1.71099197e-01  6.48e-04   3.66e-03     7.84e-05   120.891s
 657000 -1.70462765e-01 -1.71098998e-01  6.36e-04   3.43e-03     8.11e-05   121.066s
 658000 -1.70472543e-01 -1.71098591e-01  6.26e-04   2.52e-03     8.38e-05   121.241s
 659000 -1.70482647e-01 -1.71099768e-01  6.17e-04   1.00e-02     7.59e-05   121.416s
 660000 -1.70493039e-01 -1.71099573e-01  6.07e-04   6.18e-03     7.29e-05   121.591s
 661000 -1.70501563e-01 -1.71101080e-01  6.00e-04   1.72e-03     6.89e-05   121.766s
 662000 -1.70509892e-01 -1.71101840e-01  5.92e-04   1.27e-02     6.91e-05   121.941s
 663000 -1.70516784e-01 -1.71101493e-01  5.85e-04   2.00e-02     6.95e-05   122.116s
 664000 -1.70521142e-01 -1.71102320e-01  5.81e-04   1.93e-02     7.00e-05   122.291s
 665000 -1.70522832e-01 -1.71100560e-01  5.78e-04   1.15e-02     7.05e-05   122.467s
 666000 -1.70522103e-01 -1.71099102e-01  5.77e-04   1.79e-03     7.00e-05   122.642s
 667000 -1.70520485e-01 -1.71099178e-01  5.79e-04   1.14e-03     6.96e-05   122.817s
 668000 -1.70518258e-01 -1.71100033e-01  5.82e-04   1.68e-03     6.99e-05   122.993s
 669000 -1.70519239e-01 -1.71099689e-01  5.80e-04   1.46e-02     7.05e-05   123.168s
 670000 -1.70521978e-01 -1.71098954e-01  5.77e-04   1.48e-02     7.31e-05   123.344s
 671000 -1.70524986e-01 -1.71098620e-01  5.74e-04   1.35e-02     7.66e-05   123.519s
 672000 -1.70529513e-01 -1.71098112e-01  5.69e-04   1.07e-02     8.10e-05   123.694s
 673000 -1.70535673e-01 -1.71097199e-01  5.62e-04   9.26e-03     8.69e-05   123.868s
 674000 -1.70544737e-01 -1.71096744e-01  5.52e-04   8.12e-03     9.36e-05   124.043s
 675000 -1.70556405e-01 -1.71096465e-01  5.40e-04   7.56e-03     1.00e-04   124.217s
 676000 -1.70568156e-01 -1.71095844e-01  5.28e-04   7.45e-03     1.08e-04   124.392s
 677000 -1.70580963e-01 -1.71095653e-01  5.15e-04   6.70e-03     1.15e-04   124.567s
 678000 -1.70594880e-01 -1.71095618e-01  5.01e-04   6.44e-03     1.22e-04   124.742s
 679000 -1.70609283e-01 -1.71096587e-01  4.87e-04   4.41e-03     1.29e-04   124.916s
 680000 -1.70623048e-01 -1.71097453e-01  4.74e-04   3.38e-03     1.36e-04   125.091s
 681000 -1.70635719e-01 -1.71098758e-01  4.63e-04   1.89e-03     1.41e-04   125.266s
 682000 -1.70648256e-01 -1.71100723e-01  4.52e-04   1.34e-03     1.48e-04   125.441s
 683000 -1.70660870e-01 -1.71102867e-01  4.42e-04   1.23e-03     1.52e-04   125.616s
 684000 -1.70673115e-01 -1.71104950e-01  4.32e-04   1.03e-03     1.58e-04   125.791s
 685000 -1.70685101e-01 -1.71106703e-01  4.22e-04   9.82e-04     1.62e-04   125.966s
 686000 -1.70697937e-01 -1.71107379e-01  4.09e-04   9.20e-04     1.66e-04   126.141s
 687000 -1.70710942e-01 -1.71109074e-01  3.98e-04   8.77e-04     1.71e-04   126.316s
 688000 -1.70723665e-01 -1.71110542e-01  3.87e-04   8.54e-04     1.75e-04   126.492s
 689000 -1.70737372e-01 -1.71113367e-01  3.76e-04   8.86e-04     1.80e-04   126.667s
 690000 -1.70751568e-01 -1.71115793e-01  3.64e-04   8.81e-04     1.84e-04   126.842s
 691000 -1.70765200e-01 -1.71117734e-01  3.53e-04   8.08e-04     1.87e-04   127.017s
 692000 -1.70778784e-01 -1.71117523e-01  3.39e-04   7.73e-04     1.91e-04   127.192s
 693000 -1.70792756e-01 -1.71118392e-01  3.26e-04   2.20e-03     1.95e-04   127.367s
 694000 -1.70806863e-01 -1.71119098e-01  3.12e-04   7.64e-04     1.98e-04   127.541s
 695000 -1.70820819e-01 -1.71119717e-01  2.99e-04   1.97e-03     2.02e-04   127.716s
 696000 -1.70835900e-01 -1.71119500e-01  2.84e-04   8.13e-04     2.04e-04   127.890s
 697000 -1.70851517e-01 -1.71120583e-01  2.69e-04   5.84e-04     2.06e-04   128.065s
 698000 -1.70867010e-01 -1.71120357e-01  2.53e-04   5.33e-04     2.08e-04   128.239s
 699000 -1.70882988e-01 -1.71120254e-01  2.37e-04   3.36e-03     2.08e-04   128.414s
 700000 -1.70898833e-01 -1.71120671e-01  2.22e-04   4.46e-04     2.05e-04   128.588s
 701000 -1.70915063e-01 -1.71119780e-01  2.05e-04   3.91e-03     2.05e-04   128.762s
 702000 -1.70931556e-01 -1.71118354e-01  1.87e-04   3.43e-04     2.04e-04   128.937s
 703000 -1.70948304e-01 -1.71119348e-01  1.71e-04   2.51e-03     2.03e-04   129.112s
 704000 -1.70964687e-01 -1.71120884e-01  1.56e-04   2.78e-04     2.03e-04   129.287s
 705000 -1.70980550e-01 -1.71120460e-01  1.40e-04   8.28e-04     2.02e-04   129.463s
 705400 -1.70986729e-01 -1.71120048e-01  1.33e-04   2.73e-04     2.01e-04   129.533s
LP Solver status:                Optimal
Primal objective:                -1.70986729e-01
Dual objective:                  -1.71120048e-01
Duality gap (abs/rel):           +1.33e-04 / +9.93e-05
Primal infeasibility (abs/rel):  +2.73e-04 / +1.60e-09
Dual infeasibility (abs/rel):    +2.01e-04 / +6.00e-05
PDLP finished
Status: Optimal   Objective: -1.70986729e-01  Iterations: 705400  Time: 129.563s

### exit_code=0
### finished=2026-08-09T19:24:21.115919
### gpu_peak_mb=5306.4
### gpu_peak2_mb=5274.4
### per_gpu_peak_mb=[5306.375, 5274.375, 5242.375, 5210.375, 5242.375, 5210.375, 5242.375, 5210.375]
