### solver=cuopt-distributed
### instance=/home/scratch.cmaes_sw/hans_lps/s250r10.mps
### n_gpus=8
### CUDA_VISIBLE_DEVICES=0,1,2,3,4,5,6,7
### started=2026-08-09T19:24:21.132385
### argv=/home/scratch.vmostovoi_gpu/mostovoi_cuopt/cpp/build/cuopt_cli --method 1 --mps-reader experimental-fast --time-limit 3600 --iteration-limit 1000000000 --relative-primal-tolerance 1e-4 --relative-dual-tolerance 1e-4 --relative-gap-tolerance 1e-4 --log-to-console true --num-gpus 8 /home/scratch.cmaes_sw/hans_lps/s250r10.mps
### --- solver output ---
Setting parameter iteration_limit to 1000000000
Setting parameter log_to_console to true
Setting parameter method to 1
Setting parameter num_gpus to 8
Setting parameter relative_dual_tolerance to 1.000000e-04
Setting parameter relative_gap_tolerance to 1.000000e-04
Setting parameter relative_primal_tolerance to 1.000000e-04
Setting parameter time_limit to 3.600000e+03
Reading file s250r10.mps
Using experimental fast MPS parser for '/home/scratch.cmaes_sw/hans_lps/s250r10.mps'
Read file s250r10.mps in 0.68 seconds
cuOpt version: 26.10.0, git hash: f3ebc673, host arch: x86_64, device archs: 100a-real
CPU: INTEL(R) XEON(R) PLATINUM 8570, threads (physical/logical): 112/224, RAM (available/total): 1570.61 / 2015.54 GiB
CUDA 13.3, device: NVIDIA B200 (ID 0), VRAM: 178.34 GiB
CUDA device UUID: 681a378c-9967-0edf-3943-b009e5595378
CUDA 13.3, device: NVIDIA B200 (ID 1), VRAM: 178.34 GiB
CUDA device UUID: f362e9ae-1176-2fdc-bc5f-44f36e3f008b
CUDA 13.3, device: NVIDIA B200 (ID 2), VRAM: 178.34 GiB
CUDA device UUID: 12fd6dd7-3383-bd42-35f5-31ce1246a7b2
CUDA 13.3, device: NVIDIA B200 (ID 3), VRAM: 178.34 GiB
CUDA device UUID: bf38f101-598c-c6a6-4396-7a12a540e9b0
CUDA 13.3, device: NVIDIA B200 (ID 4), VRAM: 178.34 GiB
CUDA device UUID: 18e03214-c1f8-c0cc-2376-566dd06569da
CUDA 13.3, device: NVIDIA B200 (ID 5), VRAM: 178.34 GiB
CUDA device UUID: a614b617-6398-7625-f7e1-08fd2ec48ca6
CUDA 13.3, device: NVIDIA B200 (ID 6), VRAM: 178.34 GiB
CUDA device UUID: 30d73ef0-1aa5-e1c9-bd4a-2c000df06cde
CUDA 13.3, device: NVIDIA B200 (ID 7), VRAM: 178.34 GiB
CUDA device UUID: 303952f7-5df8-2cb3-91d7-e18ea6249e44
Solving a problem with 10962 constraints, 273142 variables (0 integers), and 1318607 nonzeros
Using PSLP presolver
PSLP Presolved problem: 8503 constraints, 270830 variables, 1208911 non-zeros
PSLP presolve time: 0.16s
Solving with distributed PDLP on 8 GPUs.
NCCL version 2.30.7+cuda13.3
      0 -3.60000000e-02 -3.60000000e-02  0.00e+00   3.00e+04     9.54e-01   4.634s
   1000 -1.80304806e-01 -1.56755191e-01  2.35e-02   9.74e-02     4.61e-02   5.005s
   2000 -1.72434853e-01 -1.56450784e-01  1.60e-02   6.84e-02     2.87e-02   5.194s
   3000 -1.85486527e-01 -1.59304252e-01  2.62e-02   8.89e-02     2.26e-02   5.382s
   4000 -1.91423701e-01 -1.61678829e-01  2.97e-02   9.75e-02     1.67e-02   5.570s
   5000 -1.85119869e-01 -1.63622295e-01  2.15e-02   7.27e-02     1.34e-02   5.758s
   6000 -1.75307528e-01 -1.65783388e-01  9.52e-03   3.18e-02     1.23e-02   5.946s
   7000 -1.69151714e-01 -1.67268499e-01  1.88e-03   9.54e-03     1.22e-02   6.134s
   8000 -1.66834113e-01 -1.65888771e-01  9.45e-04   4.84e-03     1.04e-02   6.324s
   9000 -1.67755003e-01 -1.65010709e-01  2.74e-03   1.80e-03     9.83e-03   6.510s
  10000 -1.68948819e-01 -1.66073967e-01  2.87e-03   1.49e-02     7.91e-03   6.701s
  11000 -1.69570840e-01 -1.67119908e-01  2.45e-03   1.16e-02     6.04e-03   6.880s
  12000 -1.70263681e-01 -1.67747729e-01  2.52e-03   7.55e-03     5.06e-03   7.061s
  13000 -1.71219269e-01 -1.68343781e-01  2.88e-03   6.83e-03     4.40e-03   7.243s
  14000 -1.71823423e-01 -1.68720413e-01  3.10e-03   7.14e-03     3.74e-03   7.421s
  15000 -1.76034135e-01 -1.70092264e-01  5.94e-03   4.28e-02     2.52e-03   7.605s
  16000 -1.76932481e-01 -1.70897922e-01  6.03e-03   3.98e-02     1.71e-03   7.783s
  17000 -1.77478483e-01 -1.71132914e-01  6.35e-03   4.18e-02     1.39e-03   7.964s
  18000 -1.79176099e-01 -1.71621267e-01  7.55e-03   5.48e-02     9.41e-04   8.144s
  19000 -1.80636400e-01 -1.71784860e-01  8.85e-03   5.52e-02     7.86e-04   8.323s
  20000 -1.80722620e-01 -1.71872058e-01  8.85e-03   4.83e-02     6.72e-04   8.505s
  21000 -1.80218157e-01 -1.71952979e-01  8.27e-03   4.61e-02     6.09e-04   8.685s
  22000 -1.79314524e-01 -1.72060352e-01  7.25e-03   4.46e-02     5.03e-04   8.868s
  23000 -1.78657047e-01 -1.72354712e-01  6.30e-03   4.52e-02     2.99e-04   9.049s
  24000 -1.77498026e-01 -1.72400954e-01  5.10e-03   3.93e-02     2.68e-04   9.232s
  25000 -1.76277096e-01 -1.72407732e-01  3.87e-03   3.64e-02     2.56e-04   9.412s
  26000 -1.76148271e-01 -1.72420551e-01  3.73e-03   2.84e-02     2.25e-04   9.594s
  27000 -1.75666642e-01 -1.72432012e-01  3.23e-03   2.92e-02     2.16e-04   9.774s
  28000 -1.75091639e-01 -1.72440867e-01  2.65e-03   2.80e-02     2.07e-04   9.956s
  29000 -1.75077740e-01 -1.72453971e-01  2.62e-03   3.38e-02     2.02e-04   10.136s
  30000 -1.74799761e-01 -1.72462819e-01  2.34e-03   3.47e-02     1.94e-04   10.316s
  31000 -1.74822504e-01 -1.72475104e-01  2.35e-03   4.09e-02     1.77e-04   10.497s
  32000 -1.74775896e-01 -1.72527337e-01  2.25e-03   4.81e-02     1.35e-04   10.679s
  33000 -1.74748628e-01 -1.72556880e-01  2.19e-03   6.25e-02     1.06e-04   10.861s
  34000 -1.74936500e-01 -1.72572790e-01  2.36e-03   7.09e-02     9.67e-05   11.041s
  35000 -1.75665691e-01 -1.72583114e-01  3.08e-03   8.20e-02     8.57e-05   11.221s
  36000 -1.76073318e-01 -1.72618921e-01  3.45e-03   8.95e-02     5.79e-05   11.402s
  37000 -1.75779899e-01 -1.72634268e-01  3.15e-03   6.93e-02     4.81e-05   11.584s
  38000 -1.74680812e-01 -1.72634076e-01  2.05e-03   4.93e-02     4.32e-05   11.763s
  39000 -1.74205900e-01 -1.72637231e-01  1.57e-03   3.94e-02     3.97e-05   11.944s
  40000 -1.74185352e-01 -1.72638605e-01  1.55e-03   3.83e-02     3.64e-05   12.126s
  41000 -1.73793408e-01 -1.72641683e-01  1.15e-03   3.44e-02     3.36e-05   12.306s
  42000 -1.73610626e-01 -1.72644541e-01  9.66e-04   3.13e-02     2.97e-05   12.486s
  43000 -1.73668149e-01 -1.72652800e-01  1.02e-03   3.56e-02     2.45e-05   12.666s
  44000 -1.73862156e-01 -1.72657539e-01  1.20e-03   3.55e-02     1.97e-05   12.845s
  45000 -1.73902538e-01 -1.72662174e-01  1.24e-03   3.41e-02     1.69e-05   13.025s
  46000 -1.73903101e-01 -1.72673689e-01  1.23e-03   2.94e-02     1.07e-05   13.205s
  47000 -1.73771323e-01 -1.72676887e-01  1.09e-03   2.46e-02     1.04e-05   13.384s
  48000 -1.73699213e-01 -1.72680707e-01  1.02e-03   2.04e-02     8.33e-06   13.564s
  49000 -1.73596971e-01 -1.72680263e-01  9.17e-04   1.92e-02     8.05e-06   13.743s
  50000 -1.73539057e-01 -1.72681208e-01  8.58e-04   1.79e-02     7.49e-06   13.921s
  51000 -1.73505465e-01 -1.72680401e-01  8.25e-04   1.52e-02     7.43e-06   14.100s
  52000 -1.73572945e-01 -1.72680765e-01  8.92e-04   1.41e-02     7.58e-06   14.280s
  53000 -1.73569964e-01 -1.72680735e-01  8.89e-04   1.31e-02     7.86e-06   14.458s
  54000 -1.73555888e-01 -1.72680500e-01  8.75e-04   1.20e-02     8.06e-06   14.637s
  55000 -1.73539769e-01 -1.72680312e-01  8.59e-04   1.20e-02     7.91e-06   14.815s
  56000 -1.73619534e-01 -1.72680190e-01  9.39e-04   1.29e-02     6.79e-06   14.994s
  57000 -1.73768597e-01 -1.72679768e-01  1.09e-03   1.49e-02     5.58e-06   15.172s
  58000 -1.73834218e-01 -1.72679448e-01  1.15e-03   1.64e-02     4.10e-06   15.351s
  59000 -1.73884189e-01 -1.72678925e-01  1.21e-03   1.61e-02     2.74e-06   15.529s
  60000 -1.73869001e-01 -1.72678708e-01  1.19e-03   1.62e-02     1.85e-06   15.707s
  61000 -1.73782505e-01 -1.72678664e-01  1.10e-03   1.53e-02     1.49e-06   15.886s
  62000 -1.73724174e-01 -1.72678760e-01  1.05e-03   1.39e-02     1.27e-06   16.065s
  63000 -1.73682607e-01 -1.72678520e-01  1.00e-03   1.38e-02     1.26e-06   16.243s
  64000 -1.73665954e-01 -1.72678511e-01  9.87e-04   1.37e-02     1.32e-06   16.423s
  65000 -1.73663405e-01 -1.72678875e-01  9.85e-04   1.35e-02     1.89e-06   16.603s
  66000 -1.73624274e-01 -1.72679184e-01  9.45e-04   1.37e-02     2.88e-06   16.781s
  67000 -1.73543315e-01 -1.72679255e-01  8.64e-04   1.37e-02     3.33e-06   16.959s
  68000 -1.73474096e-01 -1.72678191e-01  7.96e-04   1.37e-02     3.73e-06   17.138s
  69000 -1.73401675e-01 -1.72677615e-01  7.24e-04   1.28e-02     4.97e-06   17.316s
  70000 -1.73145132e-01 -1.72679735e-01  4.65e-04   1.04e-02     5.64e-06   17.494s
  71000 -1.72824379e-01 -1.72681705e-01  1.43e-04   7.99e-03     6.02e-06   17.673s
  71200 -1.72775333e-01 -1.72681653e-01  9.37e-05   7.64e-03     6.00e-06   17.708s
LP Solver status:                Optimal
Primal objective:                -1.72775333e-01
Dual objective:                  -1.72681653e-01
Duality gap (abs/rel):           +9.37e-05 / +6.96e-05
Primal infeasibility (abs/rel):  +7.64e-03 / +4.02e-08
Dual infeasibility (abs/rel):    +6.00e-06 / +3.07e-06
PDLP finished
Status: Optimal   Objective: -1.72775333e-01  Iterations: 71200  Time: 17.730s

### exit_code=0
### finished=2026-08-09T19:24:48.010832
### gpu_peak_mb=5306.4
### gpu_peak2_mb=5242.4
### per_gpu_peak_mb=[5306.375, 5210.375, 5210.375, 5210.375, 5210.375, 5210.375, 5242.375, 5210.375]
