### solver=cuopt-distributed
### instance=/home/scratch.cmaes_sw/hans_lps/set-cover-model.mps
### n_gpus=8
### CUDA_VISIBLE_DEVICES=0,1,2,3,4,5,6,7
### started=2026-08-09T19:39:18.157552
### argv=/home/scratch.vmostovoi_gpu/mostovoi_cuopt/cpp/build/cuopt_cli --method 1 --mps-reader experimental-fast --time-limit 3600 --iteration-limit 1000000000 --relative-primal-tolerance 1e-4 --relative-dual-tolerance 1e-4 --relative-gap-tolerance 1e-4 --log-to-console true --num-gpus 8 /home/scratch.cmaes_sw/hans_lps/set-cover-model.mps
### --- solver output ---
Setting parameter iteration_limit to 1000000000
Setting parameter log_to_console to true
Setting parameter method to 1
Setting parameter num_gpus to 8
Setting parameter relative_dual_tolerance to 1.000000e-04
Setting parameter relative_gap_tolerance to 1.000000e-04
Setting parameter relative_primal_tolerance to 1.000000e-04
Setting parameter time_limit to 3.600000e+03
Reading file set-cover-model.mps
Using experimental fast MPS parser for '/home/scratch.cmaes_sw/hans_lps/set-cover-model.mps'
Read file set-cover-model.mps in 1.34 seconds
cuOpt version: 26.10.0, git hash: f3ebc673, host arch: x86_64, device archs: 100a-real
CPU: INTEL(R) XEON(R) PLATINUM 8570, threads (physical/logical): 112/224, RAM (available/total): 1568.95 / 2015.54 GiB
CUDA 13.3, device: NVIDIA B200 (ID 0), VRAM: 178.34 GiB
CUDA device UUID: 681a378c-9967-0edf-3943-b009e5595378
CUDA 13.3, device: NVIDIA B200 (ID 1), VRAM: 178.34 GiB
CUDA device UUID: f362e9ae-1176-2fdc-bc5f-44f36e3f008b
CUDA 13.3, device: NVIDIA B200 (ID 2), VRAM: 178.34 GiB
CUDA device UUID: 12fd6dd7-3383-bd42-35f5-31ce1246a7b2
CUDA 13.3, device: NVIDIA B200 (ID 3), VRAM: 178.34 GiB
CUDA device UUID: bf38f101-598c-c6a6-4396-7a12a540e9b0
CUDA 13.3, device: NVIDIA B200 (ID 4), VRAM: 178.34 GiB
CUDA device UUID: 18e03214-c1f8-c0cc-2376-566dd06569da
CUDA 13.3, device: NVIDIA B200 (ID 5), VRAM: 178.34 GiB
CUDA device UUID: a614b617-6398-7625-f7e1-08fd2ec48ca6
CUDA 13.3, device: NVIDIA B200 (ID 6), VRAM: 178.34 GiB
CUDA device UUID: 30d73ef0-1aa5-e1c9-bd4a-2c000df06cde
CUDA 13.3, device: NVIDIA B200 (ID 7), VRAM: 178.34 GiB
CUDA device UUID: 303952f7-5df8-2cb3-91d7-e18ea6249e44
Solving a problem with 10000 constraints, 1102008 variables (0 integers), and 20442268 nonzeros
Using PSLP presolver
PSLP Presolved problem: 10000 constraints, 1102008 variables, 20442268 non-zeros
PSLP presolve time: 1.24s
Solving with distributed PDLP on 8 GPUs.
NCCL version 2.30.7+cuda13.3
      0 +0.00000000e+00 +0.00000000e+00  0.00e+00   1.00e+02     4.57e+10   6.193s
   1000 +7.60370133e+09 +7.61610944e+09  1.24e+07   2.26e-01     7.02e+06   6.571s
   2000 +7.58633700e+09 +7.58831931e+09  1.98e+06   2.77e-01     1.03e+06   6.798s
   3000 +7.58318821e+09 +7.58287614e+09  3.12e+05   2.91e-01     2.28e+05   7.025s
   4000 +7.58192029e+09 +7.58203414e+09  1.14e+05   2.10e-01     9.06e+04   7.252s
   5000 +7.58169152e+09 +7.58191733e+09  2.26e+05   1.33e-01     4.89e+04   7.477s
   6000 +7.58174522e+09 +7.58185601e+09  1.11e+05   9.99e-02     3.05e+04   7.704s
   7000 +7.58169036e+09 +7.58183957e+09  1.49e+05   7.61e-02     2.24e+04   7.929s
   8000 +7.58169163e+09 +7.58184016e+09  1.49e+05   6.06e-02     1.65e+04   8.154s
   9000 +7.58171166e+09 +7.58184025e+09  1.29e+05   4.92e-02     1.30e+04   8.380s
  10000 +7.58173781e+09 +7.58183560e+09  9.78e+04   4.10e-02     1.34e+04   8.607s
  11000 +7.58174478e+09 +7.58183703e+09  9.23e+04   3.28e-02     1.24e+04   8.830s
  12000 +7.58174791e+09 +7.58184029e+09  9.24e+04   2.63e-02     1.07e+04   9.054s
  13000 +7.58177275e+09 +7.58184227e+09  6.95e+04   2.21e-02     9.27e+03   9.277s
  14000 +7.58179110e+09 +7.58184225e+09  5.11e+04   1.97e-02     7.79e+03   9.500s
  15000 +7.58180883e+09 +7.58184103e+09  3.22e+04   1.77e-02     7.34e+03   9.727s
  16000 +7.58181018e+09 +7.58184250e+09  3.23e+04   1.61e-02     6.63e+03   9.951s
  17000 +7.58180998e+09 +7.58184307e+09  3.31e+04   1.44e-02     6.19e+03   10.175s
  18000 +7.58180555e+09 +7.58184329e+09  3.77e+04   1.33e-02     5.58e+03   10.397s
  19000 +7.58180816e+09 +7.58184313e+09  3.50e+04   1.22e-02     5.25e+03   10.621s
  20000 +7.58181112e+09 +7.58184305e+09  3.19e+04   1.11e-02     4.98e+03   10.844s
  20800 +7.58181787e+09 +7.58184314e+09  2.53e+04   1.00e-02     4.79e+03   11.022s
LP Solver status:                Optimal
Primal objective:                +7.58181787e+09
Dual objective:                  +7.58184314e+09
Duality gap (abs/rel):           +2.53e+04 / +1.67e-06
Primal infeasibility (abs/rel):  +1.00e-02 / +9.92e-05
Dual infeasibility (abs/rel):    +4.79e+03 / +1.05e-07
PDLP finished
Status: Optimal   Objective: 7.58181787e+09  Iterations: 20800  Time: 11.113s

### exit_code=0
### finished=2026-08-09T19:39:39.329660
### gpu_peak_mb=5594.4
### gpu_peak2_mb=5530.4
### per_gpu_peak_mb=[5594.375, 5530.375, 5530.375, 5466.375, 5530.375, 5530.375, 5530.375, 5498.375]
