### solver=cuopt-distributed
### instance=/home/scratch.cmaes_sw/hans_lps/stormG2_1000.mps
### n_gpus=8
### CUDA_VISIBLE_DEVICES=0,1,2,3,4,5,6,7
### started=2026-08-09T19:42:24.522552
### argv=/home/scratch.vmostovoi_gpu/mostovoi_cuopt/cpp/build/cuopt_cli --method 1 --mps-reader experimental-fast --time-limit 3600 --iteration-limit 1000000000 --relative-primal-tolerance 1e-4 --relative-dual-tolerance 1e-4 --relative-gap-tolerance 1e-4 --log-to-console true --num-gpus 8 /home/scratch.cmaes_sw/hans_lps/stormG2_1000.mps
### --- solver output ---
Setting parameter iteration_limit to 1000000000
Setting parameter log_to_console to true
Setting parameter method to 1
Setting parameter num_gpus to 8
Setting parameter relative_dual_tolerance to 1.000000e-04
Setting parameter relative_gap_tolerance to 1.000000e-04
Setting parameter relative_primal_tolerance to 1.000000e-04
Setting parameter time_limit to 3.600000e+03
Reading file stormG2_1000.mps
Using experimental fast MPS parser for '/home/scratch.cmaes_sw/hans_lps/stormG2_1000.mps'
Read file stormG2_1000.mps in 0.55 seconds
cuOpt version: 26.10.0, git hash: f3ebc673, host arch: x86_64, device archs: 100a-real
CPU: INTEL(R) XEON(R) PLATINUM 8570, threads (physical/logical): 112/224, RAM (available/total): 1569.75 / 2015.54 GiB
CUDA 13.3, device: NVIDIA B200 (ID 0), VRAM: 178.34 GiB
CUDA device UUID: 681a378c-9967-0edf-3943-b009e5595378
CUDA 13.3, device: NVIDIA B200 (ID 1), VRAM: 178.34 GiB
CUDA device UUID: f362e9ae-1176-2fdc-bc5f-44f36e3f008b
CUDA 13.3, device: NVIDIA B200 (ID 2), VRAM: 178.34 GiB
CUDA device UUID: 12fd6dd7-3383-bd42-35f5-31ce1246a7b2
CUDA 13.3, device: NVIDIA B200 (ID 3), VRAM: 178.34 GiB
CUDA device UUID: bf38f101-598c-c6a6-4396-7a12a540e9b0
CUDA 13.3, device: NVIDIA B200 (ID 4), VRAM: 178.34 GiB
CUDA device UUID: 18e03214-c1f8-c0cc-2376-566dd06569da
CUDA 13.3, device: NVIDIA B200 (ID 5), VRAM: 178.34 GiB
CUDA device UUID: a614b617-6398-7625-f7e1-08fd2ec48ca6
CUDA 13.3, device: NVIDIA B200 (ID 6), VRAM: 178.34 GiB
CUDA device UUID: 30d73ef0-1aa5-e1c9-bd4a-2c000df06cde
CUDA 13.3, device: NVIDIA B200 (ID 7), VRAM: 178.34 GiB
CUDA device UUID: 303952f7-5df8-2cb3-91d7-e18ea6249e44
Solving a problem with 528185 constraints, 1259121 variables (0 integers), and 3341696 nonzeros
Using PSLP presolver
PSLP Presolved problem: 409036 constraints, 1067119 variables, 2926373 non-zeros
PSLP presolve time: 0.78s
Solving with distributed PDLP on 8 GPUs.
NCCL version 2.30.7+cuda13.3
      0 +2.30625000e+03 +2.30625000e+03  0.00e+00   7.81e+04     1.48e+06   4.424s
   1000 +1.32672039e+07 +1.40770290e+07  8.10e+05   8.03e+01     2.25e+02   4.797s
   2000 +1.45801942e+07 +1.59185058e+07  1.34e+06   5.52e+01     6.13e+02   4.987s
   3000 +1.55793088e+07 +1.59627082e+07  3.83e+05   1.60e+01     3.17e+02   5.178s
   4000 +1.57679140e+07 +1.58994810e+07  1.32e+05   8.63e+00     1.89e+02   5.368s
   5000 +1.58160937e+07 +1.58878505e+07  7.18e+04   4.78e+00     9.22e+01   5.557s
   6000 +1.58363990e+07 +1.58804142e+07  4.40e+04   8.69e-01     6.85e+01   5.749s
   7000 +1.58412326e+07 +1.58624000e+07  2.12e+04   1.79e+00     3.14e+01   5.937s
   8000 +1.58329210e+07 +1.58538511e+07  2.09e+04   1.81e+00     2.55e+01   6.125s
   9000 +1.58268751e+07 +1.58491304e+07  2.23e+04   2.19e+00     1.63e+01   6.315s
   9500 +1.58441336e+07 +1.58454659e+07  1.33e+03   4.03e+00     1.37e+01   6.411s
LP Solver status:                Optimal
Primal objective:                +1.58441336e+07
Dual objective:                  +1.58454659e+07
Duality gap (abs/rel):           +1.33e+03 / +4.20e-05
Primal infeasibility (abs/rel):  +4.03e+00 / +5.15e-05
Dual infeasibility (abs/rel):    +1.37e+01 / +9.27e-06
PDLP finished
Status: Optimal   Objective: 1.58441336e+07  Iterations: 9500  Time: 6.501s

### exit_code=0
### finished=2026-08-09T19:42:40.254169
### gpu_peak_mb=5370.4
### gpu_peak2_mb=5274.4
### per_gpu_peak_mb=[5370.375, 5274.375, 5274.375, 5274.375, 5274.375, 5242.375, 5274.375, 5274.375]
