### solver=cuopt-distributed
### instance=/home/scratch.cmaes_sw/hans_lps/stp3d.mps
### n_gpus=8
### CUDA_VISIBLE_DEVICES=0,1,2,3,4,5,6,7
### started=2026-08-09T19:42:40.268193
### argv=/home/scratch.vmostovoi_gpu/mostovoi_cuopt/cpp/build/cuopt_cli --method 1 --mps-reader experimental-fast --time-limit 3600 --iteration-limit 1000000000 --relative-primal-tolerance 1e-4 --relative-dual-tolerance 1e-4 --relative-gap-tolerance 1e-4 --log-to-console true --num-gpus 8 /home/scratch.cmaes_sw/hans_lps/stp3d.mps
### --- solver output ---
Setting parameter iteration_limit to 1000000000
Setting parameter log_to_console to true
Setting parameter method to 1
Setting parameter num_gpus to 8
Setting parameter relative_dual_tolerance to 1.000000e-04
Setting parameter relative_gap_tolerance to 1.000000e-04
Setting parameter relative_primal_tolerance to 1.000000e-04
Setting parameter time_limit to 3.600000e+03
Reading file stp3d.mps
Using experimental fast MPS parser for '/home/scratch.cmaes_sw/hans_lps/stp3d.mps'
Read file stp3d.mps in 0.25 seconds
cuOpt version: 26.10.0, git hash: f3ebc673, host arch: x86_64, device archs: 100a-real
CPU: INTEL(R) XEON(R) PLATINUM 8570, threads (physical/logical): 112/224, RAM (available/total): 1570.07 / 2015.54 GiB
CUDA 13.3, device: NVIDIA B200 (ID 0), VRAM: 178.34 GiB
CUDA device UUID: 681a378c-9967-0edf-3943-b009e5595378
CUDA 13.3, device: NVIDIA B200 (ID 1), VRAM: 178.34 GiB
CUDA device UUID: f362e9ae-1176-2fdc-bc5f-44f36e3f008b
CUDA 13.3, device: NVIDIA B200 (ID 2), VRAM: 178.34 GiB
CUDA device UUID: 12fd6dd7-3383-bd42-35f5-31ce1246a7b2
CUDA 13.3, device: NVIDIA B200 (ID 3), VRAM: 178.34 GiB
CUDA device UUID: bf38f101-598c-c6a6-4396-7a12a540e9b0
CUDA 13.3, device: NVIDIA B200 (ID 4), VRAM: 178.34 GiB
CUDA device UUID: 18e03214-c1f8-c0cc-2376-566dd06569da
CUDA 13.3, device: NVIDIA B200 (ID 5), VRAM: 178.34 GiB
CUDA device UUID: a614b617-6398-7625-f7e1-08fd2ec48ca6
CUDA 13.3, device: NVIDIA B200 (ID 6), VRAM: 178.34 GiB
CUDA device UUID: 30d73ef0-1aa5-e1c9-bd4a-2c000df06cde
CUDA 13.3, device: NVIDIA B200 (ID 7), VRAM: 178.34 GiB
CUDA device UUID: 303952f7-5df8-2cb3-91d7-e18ea6249e44
Solving a problem with 159488 constraints, 204880 variables (0 integers), and 662128 nonzeros
Using PSLP presolver
PSLP Presolved problem: 139815 constraints, 179638 variables, 585897 non-zeros
PSLP presolve time: 0.10s
Solving with distributed PDLP on 8 GPUs.
NCCL version 2.30.7+cuda13.3
      0 +1.60205000e+01 +1.60205000e+01  0.00e+00   1.12e+01     2.58e+02   6.050s
   1000 +4.87744857e+02 +4.94924424e+02  7.18e+00   2.80e-02     9.84e-01   6.417s
   2000 +4.81741366e+02 +4.83281380e+02  1.54e+00   5.33e-02     1.25e-01   6.605s
   3000 +4.80639512e+02 +4.81999917e+02  1.36e+00   4.29e-02     2.10e-02   6.793s
   4000 +4.81432736e+02 +4.81857446e+02  4.25e-01   2.42e-02     1.03e-02   6.981s
   5000 +4.81665471e+02 +4.81891823e+02  2.26e-01   9.19e-03     8.89e-03   7.168s
   6000 +4.81680853e+02 +4.81877080e+02  1.96e-01   7.19e-03     5.13e-03   7.357s
   6800 +4.81831196e+02 +4.81885602e+02  5.44e-02   4.71e-03     3.78e-03   7.507s
LP Solver status:                Optimal
Primal objective:                +4.81831196e+02
Dual objective:                  +4.81885602e+02
Duality gap (abs/rel):           +5.44e-02 / +5.64e-05
Primal infeasibility (abs/rel):  +4.71e-03 / +9.95e-05
Dual infeasibility (abs/rel):    +3.78e-03 / +1.46e-05
PDLP finished
Status: Optimal   Objective: 4.81831196e+02  Iterations: 6800  Time: 7.522s

### exit_code=0
### finished=2026-08-09T19:42:56.360699
### gpu_peak_mb=5274.4
### gpu_peak2_mb=5210.4
### per_gpu_peak_mb=[5274.375, 5210.375, 5210.375, 5210.375, 5210.375, 5210.375, 5210.375, 5210.375]
