### solver=cuopt-distributed
### instance=/home/scratch.vmostovoi_gpu/datasets/big_lp/google/supply-chain.mps
### n_gpus=8
### CUDA_VISIBLE_DEVICES=0,1,2,3,4,5,6,7
### started=2026-07-24T03:27:13.483397
### argv=/home/scratch.vmostovoi_gpu/mostovoi_cuopt/cpp/build/cuopt_cli --use-distributed-pdlp true --method 1 --mps-reader experimental-fast --time-limit 3600 --iteration-limit 1000000000 --relative-primal-tolerance 1e-4 --relative-dual-tolerance 1e-4 --relative-gap-tolerance 1e-4 --log-to-console true /home/scratch.vmostovoi_gpu/datasets/big_lp/google/supply-chain.mps
### --- solver output ---
Setting parameter iteration_limit to 1000000000
Setting parameter log_to_console to true
Setting parameter method to 1
Setting parameter relative_dual_tolerance to 1.000000e-04
Setting parameter relative_gap_tolerance to 1.000000e-04
Setting parameter relative_primal_tolerance to 1.000000e-04
Setting parameter time_limit to 3.600000e+03
Setting parameter use_distributed_pdlp to true
Reading file supply-chain.mps
Using experimental fast MPS parser for '/home/scratch.vmostovoi_gpu/datasets/big_lp/google/supply-chain.mps'
Read file supply-chain.mps in 30.72 seconds
cuOpt version: 26.8.0, git hash: 7116ead1, host arch: x86_64, device archs: 100a-real
CPU: INTEL(R) XEON(R) PLATINUM 8570, threads (physical/logical): 112/224, RAM: 1783.23 GiB
CUDA 13.3, device: NVIDIA B200 (ID 0), VRAM: 178.34 GiB
CUDA device UUID: f36553ec-83f5-0954-de1e-14020b44a6e2
CUDA 13.3, device: NVIDIA B200 (ID 1), VRAM: 178.34 GiB
CUDA device UUID: 2eba6257-9bb3-2747-fc09-864946248a91
CUDA 13.3, device: NVIDIA B200 (ID 2), VRAM: 178.34 GiB
CUDA device UUID: 4ade4928-6fdc-11af-38d9-7cf5fda387b9
CUDA 13.3, device: NVIDIA B200 (ID 3), VRAM: 178.34 GiB
CUDA device UUID: 1894ac57-3a60-bdee-5ef9-6830f431eef1
CUDA 13.3, device: NVIDIA B200 (ID 4), VRAM: 178.34 GiB
CUDA device UUID: dabaf8f8-5fff-31ab-f66d-9fb9eead5bb2
CUDA 13.3, device: NVIDIA B200 (ID 5), VRAM: 178.34 GiB
CUDA device UUID: 392f828f-0b3e-6754-56d8-f6625df4d807
CUDA 13.3, device: NVIDIA B200 (ID 6), VRAM: 178.34 GiB
CUDA device UUID: 6cd3d5d5-ea39-07b6-4919-57b4bcc17eb6
CUDA 13.3, device: NVIDIA B200 (ID 7), VRAM: 178.34 GiB
CUDA device UUID: 9e3c10fd-3faa-ac89-1e74-35586597f53e
Solving a problem with 2210100 constraints, 201000100 variables (0 integers), and 403000100 nonzeros
Using PSLP presolver
PSLP Presolved problem: 2210077 constraints, 200997800 variables, 402995500 non-zeros
PSLP presolve time: 91.85s
Solving with distributed PDLP on 8 GPUs.
NCCL version 2.30.7+cuda13.3
      0 +0.00000000e+00 +0.00000000e+00  0.00e+00   1.41e+03     1.42e+04   140.505s
   1000 +1.07052251e+08 +1.14987842e+08  7.94e+06   8.14e+03     1.44e+02   141.839s
   2000 +1.04872600e+08 +1.09882242e+08  5.01e+06   6.11e+03     4.52e+01   142.948s
   3000 +1.04365067e+08 +1.08521360e+08  4.16e+06   5.51e+03     1.71e+01   144.058s
   4000 +1.04360745e+08 +1.08112662e+08  3.75e+06   5.05e+03     8.18e+00   145.170s
   5000 +1.04441216e+08 +1.08019062e+08  3.58e+06   4.77e+03     5.17e+00   146.280s
   6000 +1.04596492e+08 +1.07954547e+08  3.36e+06   4.52e+03     3.36e+00   147.394s
   7000 +1.04792955e+08 +1.07961786e+08  3.17e+06   4.34e+03     2.63e+00   148.506s
   8000 +1.05019416e+08 +1.07971760e+08  2.95e+06   4.09e+03     2.13e+00   149.622s
   9000 +1.05251808e+08 +1.07983557e+08  2.73e+06   3.84e+03     1.84e+00   150.735s
  10000 +1.05533653e+08 +1.08008291e+08  2.47e+06   3.51e+03     2.01e+00   151.848s
  11000 +1.05980836e+08 +1.08036330e+08  2.06e+06   3.08e+03     2.10e+00   152.946s
  12000 +1.06382420e+08 +1.08048936e+08  1.67e+06   2.63e+03     1.97e+00   154.045s
  13000 +1.06683398e+08 +1.08052845e+08  1.37e+06   2.27e+03     1.74e+00   155.144s
  14000 +1.06891476e+08 +1.08055437e+08  1.16e+06   1.99e+03     1.59e+00   156.242s
  15000 +1.07062824e+08 +1.08058713e+08  9.96e+05   1.68e+03     1.85e+00   157.341s
  16000 +1.07330089e+08 +1.08069093e+08  7.39e+05   1.33e+03     2.23e+00   158.435s
  17000 +1.07550712e+08 +1.08071091e+08  5.20e+05   1.04e+03     2.10e+00   159.528s
  18000 +1.07690831e+08 +1.08069976e+08  3.79e+05   8.44e+02     1.84e+00   160.625s
  19000 +1.07776364e+08 +1.08068526e+08  2.92e+05   7.01e+02     1.61e+00   161.725s
  20000 +1.07830467e+08 +1.08067252e+08  2.37e+05   6.00e+02     1.45e+00   162.824s
  21000 +1.07865060e+08 +1.08065858e+08  2.01e+05   5.22e+02     1.33e+00   163.921s
  22000 +1.07887101e+08 +1.08065018e+08  1.78e+05   4.63e+02     1.23e+00   165.021s
  23000 +1.07909878e+08 +1.08059997e+08  1.50e+05   3.96e+02     1.07e+00   166.119s
  24000 +1.07942278e+08 +1.08059707e+08  1.17e+05   3.16e+02     1.06e+00   167.219s
  25000 +1.07969720e+08 +1.08059374e+08  8.97e+04   2.58e+02     1.04e+00   168.317s
  26000 +1.07992299e+08 +1.08058924e+08  6.66e+04   2.18e+02     1.01e+00   169.417s
  27000 +1.08008974e+08 +1.08058531e+08  4.96e+04   1.86e+02     9.68e-01   170.517s
  28000 +1.08019657e+08 +1.08057963e+08  3.83e+04   1.60e+02     9.31e-01   171.617s
  29000 +1.08025652e+08 +1.08057385e+08  3.17e+04   1.40e+02     8.95e-01   172.716s
  30000 +1.08029003e+08 +1.08056870e+08  2.79e+04   1.23e+02     8.63e-01   173.816s
  31000 +1.08030315e+08 +1.08056430e+08  2.61e+04   1.10e+02     8.39e-01   174.915s
  32000 +1.08030196e+08 +1.08055711e+08  2.55e+04   9.97e+01     8.15e-01   176.015s
  33000 +1.08029796e+08 +1.08055283e+08  2.55e+04   9.07e+01     7.94e-01   177.114s
  34000 +1.08029346e+08 +1.08054772e+08  2.54e+04   8.41e+01     7.76e-01   178.212s
  35000 +1.08029336e+08 +1.08054508e+08  2.52e+04   7.84e+01     7.66e-01   179.312s
  36000 +1.08031829e+08 +1.08052417e+08  2.06e+04   7.11e+01     7.14e-01   180.412s
  37000 +1.08034254e+08 +1.08051232e+08  1.70e+04   6.42e+01     6.56e-01   181.509s
  38000 +1.08036017e+08 +1.08049899e+08  1.39e+04   5.80e+01     5.87e-01   182.610s
  39000 +1.08036927e+08 +1.08049255e+08  1.23e+04   5.42e+01     5.60e-01   183.710s
  40000 +1.08037297e+08 +1.08048890e+08  1.16e+04   5.04e+01     5.43e-01   184.810s
  41000 +1.08037294e+08 +1.08048494e+08  1.12e+04   4.69e+01     5.34e-01   185.909s
  42000 +1.08036874e+08 +1.08048089e+08  1.12e+04   4.51e+01     5.22e-01   187.009s
  43000 +1.08036567e+08 +1.08047380e+08  1.08e+04   4.28e+01     5.02e-01   188.109s
  44000 +1.08036326e+08 +1.08046942e+08  1.06e+04   4.01e+01     4.89e-01   189.209s
  45000 +1.08036038e+08 +1.08046662e+08  1.06e+04   3.80e+01     4.82e-01   190.307s
  46000 +1.08035788e+08 +1.08046416e+08  1.06e+04   3.64e+01     4.73e-01   191.403s
  47000 +1.08035508e+08 +1.08045987e+08  1.05e+04   3.36e+01     4.61e-01   192.499s
  48000 +1.08035240e+08 +1.08045708e+08  1.05e+04   3.26e+01     4.53e-01   193.595s
  49000 +1.08035004e+08 +1.08045489e+08  1.05e+04   3.11e+01     4.47e-01   194.692s
  50000 +1.08034723e+08 +1.08045056e+08  1.03e+04   3.03e+01     4.40e-01   195.787s
  51000 +1.08034470e+08 +1.08044805e+08  1.03e+04   2.90e+01     4.36e-01   196.882s
  52000 +1.08034318e+08 +1.08044589e+08  1.03e+04   2.77e+01     4.29e-01   197.982s
  53000 +1.08034181e+08 +1.08044265e+08  1.01e+04   2.64e+01     4.20e-01   199.083s
  54000 +1.08034105e+08 +1.08044137e+08  1.00e+04   2.57e+01     4.17e-01   200.183s
  55000 +1.08034046e+08 +1.08043904e+08  9.86e+03   2.49e+01     4.10e-01   201.284s
  56000 +1.08034434e+08 +1.08041310e+08  6.88e+03   9.74e+01     3.55e-01   202.387s
  57000 +1.08034183e+08 +1.08040220e+08  6.04e+03   9.51e+01     3.35e-01   203.486s
  58000 +1.08033956e+08 +1.08039363e+08  5.41e+03   7.68e+01     3.15e-01   204.587s
  59000 +1.08033598e+08 +1.08038756e+08  5.16e+03   7.95e+01     3.02e-01   205.687s
  60000 +1.08033789e+08 +1.08038155e+08  4.37e+03   7.90e+01     2.91e-01   206.788s
  61000 +1.08033939e+08 +1.08037795e+08  3.86e+03   7.21e+01     2.83e-01   207.888s
  62000 +1.08033967e+08 +1.08037509e+08  3.54e+03   6.97e+01     2.76e-01   208.989s
  63000 +1.08033861e+08 +1.08037152e+08  3.29e+03   6.75e+01     2.67e-01   210.089s
  64000 +1.08033545e+08 +1.08036875e+08  3.33e+03   6.22e+01     2.61e-01   211.189s
  65000 +1.08033434e+08 +1.08036676e+08  3.24e+03   5.86e+01     2.55e-01   212.290s
  66000 +1.08033192e+08 +1.08036076e+08  2.88e+03   6.32e+01     2.10e-01   213.390s
  67000 +1.08032812e+08 +1.08035849e+08  3.04e+03   5.69e+01     2.07e-01   214.491s
  68000 +1.08032534e+08 +1.08035562e+08  3.03e+03   5.52e+01     1.89e-01   215.588s
  69000 +1.08032315e+08 +1.08035196e+08  2.88e+03   6.35e+01     1.67e-01   216.687s
  70000 +1.08032158e+08 +1.08034933e+08  2.77e+03   5.60e+01     1.49e-01   217.787s
  71000 +1.08031019e+08 +1.08032529e+08  1.51e+03   7.06e+02     4.03e-02   218.889s
  72000 +1.08030492e+08 +1.08032060e+08  1.57e+03   4.32e+02     1.83e-02   219.986s
  73000 +1.08031056e+08 +1.08031684e+08  6.28e+02   7.36e+02     3.70e-03   221.087s
  74000 +1.08030360e+08 +1.08031641e+08  1.28e+03   4.89e+02     8.39e-04   222.188s
  75000 +1.08030382e+08 +1.08031639e+08  1.26e+03   3.73e+02     3.76e-04   223.288s
  76000 +1.08030385e+08 +1.08031638e+08  1.25e+03   3.62e+02     2.30e-04   224.387s
  77000 +1.08030472e+08 +1.08031638e+08  1.17e+03   3.55e+02     1.63e-04   225.486s
  78000 +1.08030505e+08 +1.08031637e+08  1.13e+03   3.52e+02     1.37e-04   226.580s
  79000 +1.08030361e+08 +1.08031637e+08  1.28e+03   1.64e+02     1.37e-04   227.673s
  80000 +1.08030357e+08 +1.08031636e+08  1.28e+03   1.51e+02     2.22e-04   228.768s
  81000 +1.08030356e+08 +1.08031637e+08  1.28e+03   1.39e+02     3.03e-04   229.862s
  82000 +1.08030413e+08 +1.08031637e+08  1.22e+03   1.28e+02     3.76e-04   230.955s
  83000 +1.08030476e+08 +1.08031637e+08  1.16e+03   1.18e+02     3.62e-04   232.048s
  84000 +1.08030452e+08 +1.08031638e+08  1.19e+03   1.07e+02     2.77e-04   233.141s
  85000 +1.08030428e+08 +1.08031638e+08  1.21e+03   9.95e+01     2.14e-04   234.238s
  86000 +1.08030410e+08 +1.08031638e+08  1.23e+03   9.51e+01     2.22e-04   235.337s
  87000 +1.08030404e+08 +1.08031638e+08  1.23e+03   9.07e+01     2.09e-04   236.438s
  88000 +1.08030397e+08 +1.08031638e+08  1.24e+03   8.61e+01     1.67e-04   237.536s
  89000 +1.08030354e+08 +1.08031638e+08  1.28e+03   8.46e+01     1.77e-04   238.635s
  90000 +1.08030294e+08 +1.08031639e+08  1.34e+03   8.12e+01     1.51e-04   239.733s
  91000 +1.08030189e+08 +1.08031639e+08  1.45e+03   8.01e+01     1.47e-04   240.831s
  92000 +1.08030152e+08 +1.08031639e+08  1.49e+03   7.79e+01     1.47e-04   241.929s
  93000 +1.08030106e+08 +1.08031639e+08  1.53e+03   7.70e+01     1.40e-04   243.028s
  94000 +1.08030063e+08 +1.08031639e+08  1.58e+03   7.49e+01     1.28e-04   244.127s
  95000 +1.08030025e+08 +1.08031639e+08  1.61e+03   7.44e+01     1.30e-04   245.227s
  96000 +1.08030012e+08 +1.08031639e+08  1.63e+03   7.26e+01     1.19e-04   246.327s
  97000 +1.08030014e+08 +1.08031639e+08  1.63e+03   7.07e+01     1.28e-04   247.427s
  98000 +1.08030048e+08 +1.08031640e+08  1.59e+03   6.81e+01     1.58e-04   248.525s
  99000 +1.08030060e+08 +1.08031640e+08  1.58e+03   6.78e+01     1.30e-04   249.623s
 100000 +1.08030071e+08 +1.08031640e+08  1.57e+03   6.58e+01     1.24e-04   250.723s
 101000 +1.08030074e+08 +1.08031640e+08  1.57e+03   6.40e+01     1.35e-04   251.821s
 102000 +1.08030095e+08 +1.08031640e+08  1.54e+03   6.31e+01     1.18e-04   252.919s
 103000 +1.08030128e+08 +1.08031640e+08  1.51e+03   6.19e+01     1.23e-04   254.016s
 104000 +1.08030190e+08 +1.08031640e+08  1.45e+03   5.98e+01     1.26e-04   255.114s
 105000 +1.08030195e+08 +1.08031640e+08  1.45e+03   5.82e+01     1.22e-04   256.211s
 106000 +1.08030252e+08 +1.08031640e+08  1.39e+03   5.71e+01     1.27e-04   257.312s
 107000 +1.08030300e+08 +1.08031640e+08  1.34e+03   5.55e+01     1.27e-04   258.412s
 108000 +1.08030387e+08 +1.08031640e+08  1.25e+03   5.47e+01     1.12e-04   259.511s
 109000 +1.08030405e+08 +1.08031640e+08  1.23e+03   5.25e+01     1.03e-04   260.610s
 110000 +1.08030431e+08 +1.08031640e+08  1.21e+03   5.13e+01     1.04e-04   261.710s
 111000 +1.08030482e+08 +1.08031640e+08  1.16e+03   5.09e+01     9.70e-05   262.810s
 112000 +1.08030541e+08 +1.08031640e+08  1.10e+03   4.92e+01     9.79e-05   263.908s
 113000 +1.08030529e+08 +1.08031640e+08  1.11e+03   4.88e+01     8.86e-05   265.001s
 114000 +1.08030514e+08 +1.08031638e+08  1.12e+03   4.37e+01     5.04e-04   266.096s
 115000 +1.08030547e+08 +1.08031639e+08  1.09e+03   4.01e+01     7.69e-04   267.190s
 116000 +1.08030612e+08 +1.08031638e+08  1.03e+03   3.64e+01     8.61e-04   268.283s
 117000 +1.08030687e+08 +1.08031638e+08  9.52e+02   3.32e+01     7.68e-04   269.376s
 118000 +1.08030770e+08 +1.08031639e+08  8.68e+02   3.09e+01     6.95e-04   270.469s
 119000 +1.08030875e+08 +1.08031639e+08  7.64e+02   2.92e+01     6.43e-04   271.562s
 120000 +1.08030966e+08 +1.08031640e+08  6.74e+02   2.79e+01     5.73e-04   272.655s
 121000 +1.08031055e+08 +1.08031640e+08  5.85e+02   2.70e+01     5.47e-04   273.748s
 122000 +1.08031144e+08 +1.08031640e+08  4.96e+02   2.62e+01     5.12e-04   274.841s
 123000 +1.08031234e+08 +1.08031640e+08  4.06e+02   2.56e+01     4.73e-04   275.934s
 124000 +1.08031314e+08 +1.08031641e+08  3.27e+02   2.46e+01     4.77e-04   277.027s
 125000 +1.08031390e+08 +1.08031640e+08  2.51e+02   2.39e+01     4.40e-04   278.120s
 126000 +1.08031437e+08 +1.08031641e+08  2.03e+02   2.33e+01     4.25e-04   279.213s
 127000 +1.08031505e+08 +1.08031640e+08  1.35e+02   2.23e+01     4.08e-04   280.306s
 128000 +1.08031563e+08 +1.08031641e+08  7.78e+01   2.19e+01     3.82e-04   281.399s
 129000 +1.08031615e+08 +1.08031640e+08  2.58e+01   2.14e+01     3.63e-04   282.492s
 130000 +1.08031618e+08 +1.08031641e+08  2.24e+01   2.07e+01     3.82e-04   283.587s
 131000 +1.08031683e+08 +1.08031641e+08  4.18e+01   1.98e+01     4.95e-04   284.680s
 132000 +1.08031766e+08 +1.08031641e+08  1.25e+02   1.92e+01     5.42e-04   285.773s
 133000 +1.08031807e+08 +1.08031641e+08  1.66e+02   1.87e+01     5.24e-04   286.866s
 134000 +1.08031849e+08 +1.08031641e+08  2.08e+02   1.84e+01     5.03e-04   287.959s
 135000 +1.08031893e+08 +1.08031641e+08  2.52e+02   1.81e+01     4.97e-04   289.052s
 136000 +1.08031944e+08 +1.08031641e+08  3.03e+02   1.78e+01     4.89e-04   290.146s
 137000 +1.08031993e+08 +1.08031641e+08  3.52e+02   1.76e+01     4.75e-04   291.239s
 138000 +1.08032035e+08 +1.08031641e+08  3.94e+02   1.74e+01     4.58e-04   292.332s
 139000 +1.08032069e+08 +1.08031641e+08  4.28e+02   1.73e+01     4.47e-04   293.425s
 140000 +1.08032111e+08 +1.08031641e+08  4.70e+02   1.72e+01     4.49e-04   294.518s
 141000 +1.08032147e+08 +1.08031641e+08  5.06e+02   1.71e+01     4.40e-04   295.611s
 142000 +1.08032180e+08 +1.08031641e+08  5.39e+02   1.70e+01     4.40e-04   296.704s
 143000 +1.08032200e+08 +1.08031641e+08  5.59e+02   1.68e+01     4.36e-04   297.797s
 144000 +1.08032212e+08 +1.08031641e+08  5.70e+02   1.67e+01     4.24e-04   298.890s
 145000 +1.08032223e+08 +1.08031641e+08  5.81e+02   1.66e+01     4.16e-04   299.982s
 146000 +1.08032229e+08 +1.08031642e+08  5.88e+02   1.66e+01     4.01e-04   301.076s
 147000 +1.08032241e+08 +1.08031642e+08  5.99e+02   1.64e+01     3.95e-04   302.169s
 148000 +1.08032248e+08 +1.08031642e+08  6.06e+02   1.64e+01     3.89e-04   303.262s
 149000 +1.08032246e+08 +1.08031642e+08  6.05e+02   1.63e+01     3.89e-04   304.355s
 150000 +1.08032239e+08 +1.08031642e+08  5.97e+02   1.61e+01     3.75e-04   305.449s
 151000 +1.08032225e+08 +1.08031642e+08  5.83e+02   1.60e+01     3.86e-04   306.542s
 152000 +1.08032209e+08 +1.08031642e+08  5.67e+02   1.60e+01     3.56e-04   307.635s
 153000 +1.08032196e+08 +1.08031642e+08  5.54e+02   1.59e+01     3.56e-04   308.728s
 154000 +1.08032182e+08 +1.08031642e+08  5.40e+02   1.58e+01     3.38e-04   309.821s
 155000 +1.08032159e+08 +1.08031642e+08  5.17e+02   1.57e+01     3.31e-04   310.914s
 156000 +1.08032138e+08 +1.08031642e+08  4.96e+02   1.58e+01     3.28e-04   312.007s
 157000 +1.08032122e+08 +1.08031642e+08  4.80e+02   1.57e+01     3.31e-04   313.101s
 158000 +1.08032125e+08 +1.08031642e+08  4.83e+02   1.55e+01     7.05e-04   314.195s
 159000 +1.08032138e+08 +1.08031642e+08  4.96e+02   1.54e+01     7.36e-04   315.288s
 160000 +1.08032134e+08 +1.08031642e+08  4.92e+02   1.54e+01     7.35e-04   316.382s
 161000 +1.08032135e+08 +1.08031642e+08  4.92e+02   1.51e+01     7.55e-04   317.475s
 162000 +1.08032120e+08 +1.08031642e+08  4.77e+02   1.51e+01     7.96e-04   318.568s
 163000 +1.08032109e+08 +1.08031643e+08  4.67e+02   1.48e+01     8.84e-04   319.661s
 164000 +1.08032089e+08 +1.08031643e+08  4.46e+02   1.48e+01     9.13e-04   320.754s
 165000 +1.08032070e+08 +1.08031643e+08  4.27e+02   1.46e+01     1.00e-03   321.847s
 166000 +1.08032051e+08 +1.08031643e+08  4.08e+02   1.45e+01     1.03e-03   322.940s
 167000 +1.08032028e+08 +1.08031643e+08  3.84e+02   1.43e+01     1.04e-03   324.034s
 168000 +1.08032011e+08 +1.08031643e+08  3.68e+02   1.40e+01     1.07e-03   325.127s
 169000 +1.08031987e+08 +1.08031643e+08  3.43e+02   1.38e+01     1.08e-03   326.220s
 170000 +1.08031968e+08 +1.08031643e+08  3.24e+02   1.37e+01     1.09e-03   327.313s
 171000 +1.08031939e+08 +1.08031644e+08  2.95e+02   1.37e+01     1.06e-03   328.407s
 172000 +1.08031907e+08 +1.08031644e+08  2.63e+02   1.36e+01     1.07e-03   329.499s
 173000 +1.08031873e+08 +1.08031644e+08  2.29e+02   1.35e+01     1.10e-03   330.593s
 174000 +1.08031836e+08 +1.08031644e+08  1.92e+02   1.34e+01     1.10e-03   331.686s
 175000 +1.08031804e+08 +1.08031644e+08  1.60e+02   1.34e+01     1.11e-03   332.778s
 176000 +1.08031776e+08 +1.08031644e+08  1.32e+02   1.33e+01     1.10e-03   333.871s
 177000 +1.08031766e+08 +1.08031644e+08  1.21e+02   1.31e+01     1.15e-03   334.965s
 178000 +1.08031745e+08 +1.08031645e+08  1.00e+02   1.31e+01     1.16e-03   336.058s
 179000 +1.08031708e+08 +1.08031645e+08  6.36e+01   1.30e+01     1.14e-03   337.151s
 180000 +1.08031686e+08 +1.08031645e+08  4.08e+01   1.28e+01     1.22e-03   338.245s
 181000 +1.08031659e+08 +1.08031645e+08  1.36e+01   1.26e+01     1.17e-03   339.338s
 182000 +1.08031630e+08 +1.08031645e+08  1.56e+01   1.26e+01     1.16e-03   340.431s
 183000 +1.08031601e+08 +1.08031645e+08  4.37e+01   1.26e+01     1.15e-03   341.524s
 184000 +1.08031569e+08 +1.08031645e+08  7.64e+01   1.24e+01     1.14e-03   342.617s
 185000 +1.08031546e+08 +1.08031645e+08  9.93e+01   1.23e+01     1.11e-03   343.711s
 186000 +1.08031507e+08 +1.08031645e+08  1.38e+02   1.23e+01     1.07e-03   344.804s
 187000 +1.08031528e+08 +1.08031645e+08  1.17e+02   1.18e+01     2.61e-03   345.899s
 188000 +1.08031562e+08 +1.08031645e+08  8.31e+01   1.14e+01     2.61e-03   346.992s
 189000 +1.08031584e+08 +1.08031645e+08  6.08e+01   1.10e+01     2.75e-03   348.085s
 190000 +1.08031582e+08 +1.08031645e+08  6.34e+01   1.08e+01     2.75e-03   349.179s
 191000 +1.08031585e+08 +1.08031646e+08  6.07e+01   1.03e+01     3.42e-03   350.272s
 192000 +1.08031589e+08 +1.08031646e+08  5.66e+01   9.65e+00     3.10e-03   351.365s
 193000 +1.08031603e+08 +1.08031646e+08  4.29e+01   8.97e+00     3.84e-03   352.458s
 194000 +1.08031595e+08 +1.08031646e+08  5.14e+01   8.55e+00     4.16e-03   353.552s
 195000 +1.08031594e+08 +1.08031646e+08  5.22e+01   8.14e+00     3.58e-03   354.645s
 196000 +1.08031583e+08 +1.08031646e+08  6.33e+01   7.93e+00     3.29e-03   355.738s
 197000 +1.08031606e+08 +1.08031643e+08  3.73e+01   7.22e+00     1.95e-02   356.833s
 198000 +1.08031659e+08 +1.08031644e+08  1.52e+01   5.53e+00     1.67e-02   357.927s
 199000 +1.08031689e+08 +1.08031645e+08  4.44e+01   4.79e+00     1.21e-02   359.020s
 200000 +1.08031705e+08 +1.08031645e+08  6.02e+01   4.32e+00     9.34e-03   360.114s
 201000 +1.08031718e+08 +1.08031646e+08  7.18e+01   3.99e+00     1.01e-02   361.207s
 202000 +1.08031722e+08 +1.08031646e+08  7.62e+01   3.73e+00     9.96e-03   362.300s
 203000 +1.08031719e+08 +1.08031646e+08  7.36e+01   3.51e+00     9.94e-03   363.393s
 204000 +1.08031713e+08 +1.08031647e+08  6.59e+01   3.21e+00     1.08e-02   364.486s
 205000 +1.08031705e+08 +1.08031646e+08  5.83e+01   2.99e+00     1.03e-02   365.579s
 206000 +1.08031693e+08 +1.08031646e+08  4.67e+01   2.39e+00     1.05e-02   366.672s
 207000 +1.08031672e+08 +1.08031635e+08  3.71e+01   2.11e+00     1.39e-02   367.768s
 208000 +1.08031687e+08 +1.08031640e+08  4.75e+01   1.62e+00     1.64e-02   368.862s
 209000 +1.08031693e+08 +1.08031640e+08  5.33e+01   1.36e+00     1.43e-02   369.955s
 210000 +1.08031692e+08 +1.08031640e+08  5.26e+01   1.03e+00     1.57e-02   371.048s
 211000 +1.08031688e+08 +1.08031640e+08  4.76e+01   7.79e-01     1.41e-02   372.142s
 212000 +1.08031680e+08 +1.08031642e+08  3.79e+01   6.93e-01     1.37e-02   373.235s
 213000 +1.08031670e+08 +1.08031641e+08  2.91e+01   6.08e-01     1.33e-02   374.328s
 214000 +1.08031657e+08 +1.08031641e+08  1.67e+01   5.01e-01     1.31e-02   375.421s
 215000 +1.08031645e+08 +1.08031641e+08  3.30e+00   4.76e-01     1.26e-02   376.514s
 216000 +1.08031631e+08 +1.08031642e+08  1.13e+01   4.79e-01     1.21e-02   377.607s
 217000 +1.08031620e+08 +1.08031643e+08  2.26e+01   4.50e-01     1.13e-02   378.701s
 218000 +1.08031611e+08 +1.08031642e+08  3.16e+01   4.19e-01     1.04e-02   379.794s
 219000 +1.08031603e+08 +1.08031642e+08  3.99e+01   4.02e-01     9.66e-03   380.887s
 220000 +1.08031596e+08 +1.08031643e+08  4.65e+01   3.84e-01     8.88e-03   381.980s
 221000 +1.08031593e+08 +1.08031643e+08  5.00e+01   3.56e-01     8.16e-03   383.074s
 222000 +1.08031591e+08 +1.08031644e+08  5.30e+01   3.47e-01     7.53e-03   384.167s
 223000 +1.08031591e+08 +1.08031643e+08  5.21e+01   3.58e-01     6.75e-03   385.261s
 224000 +1.08031593e+08 +1.08031644e+08  5.08e+01   3.38e-01     6.15e-03   386.354s
 225000 +1.08031596e+08 +1.08031643e+08  4.72e+01   3.20e-01     5.68e-03   387.447s
 226000 +1.08031598e+08 +1.08031643e+08  4.48e+01   3.19e-01     5.27e-03   388.540s
 227000 +1.08031601e+08 +1.08031643e+08  4.23e+01   3.21e-01     4.95e-03   389.633s
 228000 +1.08031605e+08 +1.08031644e+08  3.93e+01   3.12e-01     4.69e-03   390.726s
 229000 +1.08031609e+08 +1.08031643e+08  3.41e+01   2.96e-01     4.45e-03   391.819s
 230000 +1.08031611e+08 +1.08031641e+08  2.99e+01   2.64e-01     4.28e-03   392.914s
 231000 +1.08031613e+08 +1.08031642e+08  2.94e+01   2.47e-01     3.94e-03   394.007s
 232000 +1.08031613e+08 +1.08031642e+08  2.90e+01   2.39e-01     3.66e-03   395.100s
 233000 +1.08031614e+08 +1.08031643e+08  2.91e+01   2.35e-01     3.54e-03   396.193s
 234000 +1.08031615e+08 +1.08031643e+08  2.84e+01   2.29e-01     3.50e-03   397.287s
 235000 +1.08031616e+08 +1.08031643e+08  2.76e+01   2.26e-01     3.40e-03   398.380s
 236000 +1.08031617e+08 +1.08031643e+08  2.63e+01   2.20e-01     3.42e-03   399.473s
 237000 +1.08031618e+08 +1.08031643e+08  2.44e+01   2.15e-01     3.41e-03   400.566s
 238000 +1.08031620e+08 +1.08031644e+08  2.39e+01   2.12e-01     3.39e-03   401.659s
 239000 +1.08031622e+08 +1.08031644e+08  2.15e+01   2.10e-01     3.41e-03   402.752s
 240000 +1.08031625e+08 +1.08031643e+08  1.88e+01   2.09e-01     3.41e-03   403.845s
 241000 +1.08031627e+08 +1.08031645e+08  1.76e+01   2.06e-01     3.39e-03   404.938s
 242000 +1.08031629e+08 +1.08031644e+08  1.46e+01   2.02e-01     3.39e-03   406.031s
 243000 +1.08031632e+08 +1.08031644e+08  1.20e+01   1.99e-01     3.41e-03   407.124s
 244000 +1.08031634e+08 +1.08031644e+08  1.06e+01   1.98e-01     3.19e-03   408.217s
 245000 +1.08031635e+08 +1.08031644e+08  8.44e+00   1.96e-01     3.17e-03   409.310s
 246000 +1.08031637e+08 +1.08031644e+08  6.55e+00   1.94e-01     3.07e-03   410.403s
 247000 +1.08031639e+08 +1.08031644e+08  5.00e+00   1.92e-01     3.01e-03   411.496s
 248000 +1.08031641e+08 +1.08031644e+08  2.90e+00   1.90e-01     2.97e-03   412.589s
 249000 +1.08031643e+08 +1.08031644e+08  1.62e+00   1.89e-01     2.92e-03   413.682s
 250000 +1.08031644e+08 +1.08031644e+08  3.48e-01   1.88e-01     2.89e-03   414.776s
 251000 +1.08031646e+08 +1.08031644e+08  1.69e+00   1.86e-01     2.86e-03   415.869s
 252000 +1.08031647e+08 +1.08031644e+08  2.84e+00   1.85e-01     2.82e-03   416.962s
 253000 +1.08031648e+08 +1.08031644e+08  3.50e+00   1.84e-01     2.78e-03   418.055s
 254000 +1.08031649e+08 +1.08031644e+08  4.19e+00   1.83e-01     2.73e-03   419.149s
 255000 +1.08031649e+08 +1.08031644e+08  4.60e+00   1.82e-01     2.70e-03   420.242s
 256000 +1.08031649e+08 +1.08031645e+08  4.55e+00   1.80e-01     2.66e-03   421.335s
 257000 +1.08031649e+08 +1.08031645e+08  4.35e+00   1.80e-01     2.63e-03   422.428s
 258000 +1.08031649e+08 +1.08031645e+08  4.23e+00   1.78e-01     2.61e-03   423.521s
 259000 +1.08031649e+08 +1.08031645e+08  3.98e+00   1.75e-01     2.58e-03   424.615s
 260000 +1.08031648e+08 +1.08031645e+08  3.31e+00   1.73e-01     2.58e-03   425.708s
 261000 +1.08031648e+08 +1.08031645e+08  3.17e+00   1.73e-01     2.58e-03   426.801s
 262000 +1.08031647e+08 +1.08031645e+08  2.18e+00   1.73e-01     2.56e-03   427.894s
 263000 +1.08031646e+08 +1.08031645e+08  1.38e+00   1.72e-01     2.55e-03   428.987s
 264000 +1.08031646e+08 +1.08031645e+08  7.18e-01   1.70e-01     2.53e-03   430.081s
 265000 +1.08031645e+08 +1.08031645e+08  2.62e-01   1.68e-01     2.50e-03   431.174s
 266000 +1.08031645e+08 +1.08031640e+08  5.23e+00   1.56e-01     2.74e-03   432.269s
 267000 +1.08031645e+08 +1.08031641e+08  3.68e+00   1.54e-01     2.71e-03   433.362s
 268000 +1.08031645e+08 +1.08031642e+08  3.04e+00   1.51e-01     2.72e-03   434.456s
 269000 +1.08031645e+08 +1.08031642e+08  3.33e+00   1.50e-01     2.70e-03   435.548s
 270000 +1.08031645e+08 +1.08031642e+08  3.19e+00   1.48e-01     2.72e-03   436.641s
 271000 +1.08031646e+08 +1.08031642e+08  3.37e+00   1.45e-01     2.73e-03   437.734s
 272000 +1.08031646e+08 +1.08031642e+08  3.64e+00   1.43e-01     2.69e-03   438.827s
 273000 +1.08031646e+08 +1.08031642e+08  3.51e+00   1.42e-01     2.71e-03   439.920s
 273400 +1.08031646e+08 +1.08031642e+08  3.71e+00   1.42e-01     2.69e-03   440.357s
LP Solver status:                Optimal
Primal objective:                +1.08031646e+08
Dual objective:                  +1.08031642e+08
Duality gap (abs/rel):           +3.71e+00 / +1.72e-08
Primal infeasibility (abs/rel):  +1.42e-01 / +1.00e-04
Dual infeasibility (abs/rel):    +2.69e-03 / +1.90e-07
Distributed PDLP finished
Status: Optimal   Objective: 1.08031646e+08  Iterations: 273400  Time: 459.314s

### exit_code=0
### finished=2026-07-24T03:35:46.228138
### gpu_peak_mb=20346.4
### gpu_peak2_mb=14810.4
### per_gpu_peak_mb=[20346.375, 14298.375, 14298.375, 14298.375, 14266.375, 14810.375, 14522.375, 14522.375]
