### solver=cuopt-distributed
### instance=/home/scratch.cmaes_sw/hans_lps/supportcase10.mps
### n_gpus=8
### CUDA_VISIBLE_DEVICES=0,1,2,3,4,5,6,7
### started=2026-08-09T19:43:12.523004
### argv=/home/scratch.vmostovoi_gpu/mostovoi_cuopt/cpp/build/cuopt_cli --method 1 --mps-reader experimental-fast --time-limit 3600 --iteration-limit 1000000000 --relative-primal-tolerance 1e-4 --relative-dual-tolerance 1e-4 --relative-gap-tolerance 1e-4 --log-to-console true --num-gpus 8 /home/scratch.cmaes_sw/hans_lps/supportcase10.mps
### --- solver output ---
Setting parameter iteration_limit to 1000000000
Setting parameter log_to_console to true
Setting parameter method to 1
Setting parameter num_gpus to 8
Setting parameter relative_dual_tolerance to 1.000000e-04
Setting parameter relative_gap_tolerance to 1.000000e-04
Setting parameter relative_primal_tolerance to 1.000000e-04
Setting parameter time_limit to 3.600000e+03
Reading file supportcase10.mps
Using experimental fast MPS parser for '/home/scratch.cmaes_sw/hans_lps/supportcase10.mps'
Read file supportcase10.mps in 0.28 seconds
cuOpt version: 26.10.0, git hash: f3ebc673, host arch: x86_64, device archs: 100a-real
CPU: INTEL(R) XEON(R) PLATINUM 8570, threads (physical/logical): 112/224, RAM (available/total): 1570.48 / 2015.54 GiB
CUDA 13.3, device: NVIDIA B200 (ID 0), VRAM: 178.34 GiB
CUDA device UUID: 681a378c-9967-0edf-3943-b009e5595378
CUDA 13.3, device: NVIDIA B200 (ID 1), VRAM: 178.34 GiB
CUDA device UUID: f362e9ae-1176-2fdc-bc5f-44f36e3f008b
CUDA 13.3, device: NVIDIA B200 (ID 2), VRAM: 178.34 GiB
CUDA device UUID: 12fd6dd7-3383-bd42-35f5-31ce1246a7b2
CUDA 13.3, device: NVIDIA B200 (ID 3), VRAM: 178.34 GiB
CUDA device UUID: bf38f101-598c-c6a6-4396-7a12a540e9b0
CUDA 13.3, device: NVIDIA B200 (ID 4), VRAM: 178.34 GiB
CUDA device UUID: 18e03214-c1f8-c0cc-2376-566dd06569da
CUDA 13.3, device: NVIDIA B200 (ID 5), VRAM: 178.34 GiB
CUDA device UUID: a614b617-6398-7625-f7e1-08fd2ec48ca6
CUDA 13.3, device: NVIDIA B200 (ID 6), VRAM: 178.34 GiB
CUDA device UUID: 30d73ef0-1aa5-e1c9-bd4a-2c000df06cde
CUDA 13.3, device: NVIDIA B200 (ID 7), VRAM: 178.34 GiB
CUDA device UUID: 303952f7-5df8-2cb3-91d7-e18ea6249e44
Solving a problem with 165684 constraints, 14770 variables (0 integers), and 555082 nonzeros
Using PSLP presolver
PSLP Presolved problem: 109587 constraints, 8962 variables, 370057 non-zeros
PSLP presolve time: 0.08s
Solving with distributed PDLP on 8 GPUs.
NCCL version 2.30.7+cuda13.3
      0 +0.00000000e+00 +0.00000000e+00  0.00e+00   4.12e+01     8.37e+00   5.065s
   1000 +3.28629052e+00 +3.46440909e+00  1.78e-01   6.26e-02     1.27e-01   5.437s
   2000 +3.37875128e+00 +3.40841193e+00  2.97e-02   7.03e-03     5.47e-02   5.624s
   3000 +3.38292850e+00 +3.40489029e+00  2.20e-02   2.68e-03     3.09e-02   5.813s
   4000 +3.38399527e+00 +3.39042850e+00  6.43e-03   1.97e-03     1.50e-02   6.002s
   5000 +3.38378897e+00 +3.38918199e+00  5.39e-03   1.50e-03     1.07e-02   6.190s
   6000 +3.38421035e+00 +3.38638714e+00  2.18e-03   1.08e-03     6.45e-03   6.378s
   7000 +3.38401031e+00 +3.38445307e+00  4.43e-04   6.12e-04     5.91e-03   6.565s
   8000 +3.38396106e+00 +3.38512136e+00  1.16e-03   3.72e-04     4.18e-03   6.754s
   9000 +3.38386286e+00 +3.38560125e+00  1.74e-03   2.62e-04     3.32e-03   6.941s
  10000 +3.38388036e+00 +3.38515303e+00  1.27e-03   3.77e-04     2.56e-03   7.130s
  11000 +3.38389580e+00 +3.38502505e+00  1.13e-03   3.72e-04     2.12e-03   7.309s
  12000 +3.38399206e+00 +3.38466006e+00  6.68e-04   2.46e-04     1.48e-03   7.488s
  12800 +3.38399236e+00 +3.38406880e+00  7.64e-05   2.15e-04     8.03e-04   7.631s
LP Solver status:                Optimal
Primal objective:                +3.38399236e+00
Dual objective:                  +3.38406880e+00
Duality gap (abs/rel):           +7.64e-05 / +9.84e-06
Primal infeasibility (abs/rel):  +2.15e-04 / +7.83e-07
Dual infeasibility (abs/rel):    +8.03e-04 / +8.57e-05
PDLP finished
Status: Optimal   Objective: 3.38399236e+00  Iterations: 12800  Time: 7.639s

### exit_code=0
### finished=2026-08-09T19:43:28.908441
### gpu_peak_mb=5274.4
### gpu_peak2_mb=5210.4
### per_gpu_peak_mb=[5274.375, 5210.375, 5210.375, 5210.375, 5210.375, 5210.375, 5210.375, 5210.375]
