### solver=cuopt-distributed
### instance=/home/scratch.vmostovoi_gpu/datasets/generated/qap/QAP-LP/tai50a.mps
### n_gpus=8
### CUDA_VISIBLE_DEVICES=0,1,2,3,4,5,6,7
### started=2026-08-09T17:16:09.175389
### argv=/home/scratch.vmostovoi_gpu/mostovoi_cuopt/cpp/build/cuopt_cli --method 1 --mps-reader experimental-fast --time-limit 3600 --iteration-limit 1000000000 --relative-primal-tolerance 1e-4 --relative-dual-tolerance 1e-4 --relative-gap-tolerance 1e-4 --log-to-console true --num-gpus 8 /home/scratch.vmostovoi_gpu/datasets/generated/qap/QAP-LP/tai50a.mps
### --- solver output ---
Setting parameter iteration_limit to 1000000000
Setting parameter log_to_console to true
Setting parameter method to 1
Setting parameter num_gpus to 8
Setting parameter relative_dual_tolerance to 1.000000e-04
Setting parameter relative_gap_tolerance to 1.000000e-04
Setting parameter relative_primal_tolerance to 1.000000e-04
Setting parameter time_limit to 3.600000e+03
Reading file tai50a.mps
Using experimental fast MPS parser for '/home/scratch.vmostovoi_gpu/datasets/generated/qap/QAP-LP/tai50a.mps'
Read file tai50a.mps in 0.82 seconds
cuOpt version: 26.10.0, git hash: f3ebc673, host arch: x86_64, device archs: 100a-real
CPU: INTEL(R) XEON(R) PLATINUM 8570, threads (physical/logical): 112/224, RAM (available/total): 1962.06 / 2015.54 GiB
CUDA 13.3, device: NVIDIA B200 (ID 0), VRAM: 178.34 GiB
CUDA device UUID: 60b1e1cb-ecc0-0b03-f242-03b708f69ef9
CUDA 13.3, device: NVIDIA B200 (ID 1), VRAM: 178.34 GiB
CUDA device UUID: 0aa5b660-20d3-b569-c712-8704c8049681
CUDA 13.3, device: NVIDIA B200 (ID 2), VRAM: 178.34 GiB
CUDA device UUID: ed2455df-4e5f-44a6-c58e-ce3537049d32
CUDA 13.3, device: NVIDIA B200 (ID 3), VRAM: 178.34 GiB
CUDA device UUID: de85800a-4950-7a4c-1834-7a30fcf4bbe1
CUDA 13.3, device: NVIDIA B200 (ID 4), VRAM: 178.34 GiB
CUDA device UUID: 392681e6-30ed-fa8b-27a9-eaf56b595c32
CUDA 13.3, device: NVIDIA B200 (ID 5), VRAM: 178.34 GiB
CUDA device UUID: 31e6ca9e-2ac3-affe-a481-429c89c88f05
CUDA 13.3, device: NVIDIA B200 (ID 6), VRAM: 178.34 GiB
CUDA device UUID: a9047ee9-473a-2050-e125-75f8a005a35d
CUDA 13.3, device: NVIDIA B200 (ID 7), VRAM: 178.34 GiB
CUDA device UUID: 86ff0bbe-6d2a-ed72-a882-9abe402ba79e
Solving a problem with 245100 constraints, 3003750 variables (0 integers), and 12255000 nonzeros
Using PSLP presolver
PSLP Presolved problem: 245100 constraints, 3003750 variables, 12255000 non-zeros
PSLP presolve time: 1.06s
Solving with distributed PDLP on 8 GPUs.
NCCL version 2.30.7+cuda13.3
      0 +0.00000000e+00 +0.00000000e+00  0.00e+00   1.00e+01     1.13e+07   5.591s
   1000 +3.96761368e+06 +3.96785760e+06  2.44e+02   4.78e-02     2.49e+03   5.959s
   2000 +3.96515302e+06 +3.96511523e+06  3.78e+01   9.62e-03     5.29e+01   6.176s
   3000 +3.96510804e+06 +3.96510670e+06  1.35e+00   3.58e-03     1.81e+01   6.390s
   4000 +3.96511253e+06 +3.96510370e+06  8.83e+00   1.67e-03     9.33e+00   6.605s
   4800 +3.96510363e+06 +3.96510373e+06  1.03e-01   1.07e-03     6.07e+00   6.777s
LP Solver status:                Optimal
Primal objective:                +3.96510363e+06
Dual objective:                  +3.96510373e+06
Duality gap (abs/rel):           +1.03e-01 / +1.29e-08
Primal infeasibility (abs/rel):  +1.07e-03 / +9.76e-05
Dual infeasibility (abs/rel):    +6.07e+00 / +5.38e-07
PDLP finished
Status: Optimal   Objective: 3.96510363e+06  Iterations: 4800  Time: 6.909s

### exit_code=0
### finished=2026-08-09T17:16:25.418234
### gpu_peak_mb=5690.4
### gpu_peak2_mb=5530.4
### per_gpu_peak_mb=[5690.375, 5530.375, 5498.375, 5530.375, 5498.375, 5530.375, 5530.375, 5530.375]
