### solver=cuopt-distributed
### instance=/home/scratch.vmostovoi_gpu/datasets/open_energy_benchmark/times-ireland-noco2-40-1ts.mps
### n_gpus=8
### CUDA_VISIBLE_DEVICES=0,1,2,3,4,5,6,7
### started=2026-07-28T00:20:46.769100
### argv=/home/scratch.vmostovoi_gpu/mostovoi_cuopt/cpp/build/cuopt_cli --use-distributed-pdlp true --method 1 --mps-reader experimental-fast --time-limit 3600 --iteration-limit 1000000000 --relative-primal-tolerance 1e-4 --relative-dual-tolerance 1e-4 --relative-gap-tolerance 1e-4 --log-to-console true /home/scratch.vmostovoi_gpu/datasets/open_energy_benchmark/times-ireland-noco2-40-1ts.mps
### --- solver output ---
Setting parameter iteration_limit to 1000000000
Setting parameter log_to_console to true
Setting parameter method to 1
Setting parameter relative_dual_tolerance to 1.000000e-04
Setting parameter relative_gap_tolerance to 1.000000e-04
Setting parameter relative_primal_tolerance to 1.000000e-04
Setting parameter time_limit to 3.600000e+03
Setting parameter use_distributed_pdlp to true
Reading file times-ireland-noco2-40-1ts.mps
Using experimental fast MPS parser for '/home/scratch.vmostovoi_gpu/datasets/open_energy_benchmark/times-ireland-noco2-40-1ts.mps'
Read file times-ireland-noco2-40-1ts.mps in 1.01 seconds
cuOpt version: 26.8.0, git hash: 7116ead1, host arch: x86_64, device archs: 100a-real
CPU: INTEL(R) XEON(R) PLATINUM 8570, threads (physical/logical): 112/224, RAM: 1636.42 GiB
CUDA 13.3, device: NVIDIA B200 (ID 0), VRAM: 178.34 GiB
CUDA device UUID: 8317f78c-f99d-83bd-c482-32dac10ef30c
CUDA 13.3, device: NVIDIA B200 (ID 1), VRAM: 178.34 GiB
CUDA device UUID: 8fc7a7b6-bcef-c33d-4892-d0fede2d5f0f
CUDA 13.3, device: NVIDIA B200 (ID 2), VRAM: 178.34 GiB
CUDA device UUID: b37834f6-e251-1183-1917-a2e8b43b9fc4
CUDA 13.3, device: NVIDIA B200 (ID 3), VRAM: 178.34 GiB
CUDA device UUID: 13fa1039-be1e-010e-413e-36eec85e98f8
CUDA 13.3, device: NVIDIA B200 (ID 4), VRAM: 178.34 GiB
CUDA device UUID: d878248b-2c48-d6bc-373f-f4fa503999bf
CUDA 13.3, device: NVIDIA B200 (ID 5), VRAM: 178.34 GiB
CUDA device UUID: 73ea9b4f-1089-1e83-fbe5-1e20e9021147
CUDA 13.3, device: NVIDIA B200 (ID 6), VRAM: 178.34 GiB
CUDA device UUID: 12f455bd-4fb9-9ac5-d065-962815ef9675
CUDA 13.3, device: NVIDIA B200 (ID 7), VRAM: 178.34 GiB
CUDA device UUID: d34404df-593a-d600-db7e-7b4b3bbeec38
Solving a problem with 4809283 constraints, 4534121 variables (0 integers), and 21872822 nonzeros
Using PSLP presolver
PSLP Presolved problem: 2919321 constraints, 2951708 variables, 17104731 non-zeros
PSLP presolve time: 10.17s
Solving with distributed PDLP on 8 GPUs.
NCCL version 2.30.7+cuda13.3
      0 +2.95646697e+04 +2.95646697e+04  0.00e+00   3.67e+04     9.18e+04   16.010s
   1000 +8.82965874e+04 +1.81397910e+05  9.31e+04   8.18e+04     4.63e+01   16.405s
   2000 +2.20010055e+05 +3.02174053e+05  8.22e+04   2.02e+04     1.18e+02   16.619s
   3000 +3.03285283e+05 +3.37501013e+05  3.42e+04   2.94e+01     5.85e+01   16.836s
   4000 +3.20355200e+05 +3.44063784e+05  2.37e+04   1.45e+01     5.57e+01   17.055s
   5000 +3.25528439e+05 +3.47793220e+05  2.23e+04   9.94e+00     5.06e+01   17.280s
   6000 +3.28835417e+05 +3.52653293e+05  2.38e+04   1.31e+01     1.05e+02   17.509s
   7000 +3.30945389e+05 +3.62227090e+05  3.13e+04   7.22e+00     1.04e+02   17.743s
   8000 +3.31169039e+05 +3.70719295e+05  3.96e+04   7.19e+00     1.03e+02   17.976s
   9000 +3.31351643e+05 +3.80413813e+05  4.91e+04   7.12e+00     1.03e+02   18.210s
  10000 +3.37615638e+05 +5.08117413e+05  1.71e+05   1.52e+02     1.27e+03   18.455s
  11000 +3.57873083e+05 +5.91502141e+05  2.34e+05   4.29e+01     1.55e+03   18.685s
  12000 +3.67534783e+05 +5.11770691e+05  1.44e+05   3.68e+01     5.10e+02   18.915s
  13000 +3.73471346e+05 +6.21766528e+05  2.48e+05   5.98e+01     9.62e+02   19.158s
  14000 +3.85357759e+05 +6.93879195e+05  3.09e+05   4.46e+01     1.58e+03   19.389s
  15000 +4.01398505e+05 +7.61563835e+05  3.60e+05   3.92e+01     1.77e+03   19.608s
  16000 +4.20560852e+05 +8.01363679e+05  3.81e+05   2.18e+01     1.77e+03   19.820s
  17000 +4.38818527e+05 +7.81197706e+05  3.42e+05   4.87e+00     1.70e+03   20.036s
  18000 +4.52391723e+05 +7.51352289e+05  2.99e+05   4.97e-01     1.41e+03   20.252s
  19000 +4.60290571e+05 +6.63730200e+05  2.03e+05   6.03e-01     1.15e+03   20.468s
  20000 +4.74095182e+05 +6.28432238e+05  1.54e+05   9.70e-01     8.73e+02   20.682s
  21000 +4.89916112e+05 +5.90103643e+05  1.00e+05   7.46e-01     6.74e+02   20.892s
  22000 +4.97916064e+05 +5.42385242e+05  4.45e+04   9.36e-01     6.00e+02   21.106s
  23000 +5.00185453e+05 +5.10279162e+05  1.01e+04   8.40e-01     3.56e+02   21.323s
  24000 +4.98263538e+05 +4.83145420e+05  1.51e+04   7.10e-01     2.38e+02   21.541s
  25000 +4.93072279e+05 +4.60465511e+05  3.26e+04   6.56e-01     1.97e+02   21.755s
  26000 +4.85991172e+05 +4.45746248e+05  4.02e+04   5.43e-01     2.34e+02   21.985s
  27000 +4.78178695e+05 +4.36349818e+05  4.18e+04   4.19e-01     2.13e+02   22.213s
  28000 +4.70786174e+05 +4.36243880e+05  3.45e+04   3.60e-01     1.90e+02   22.443s
  29000 +4.64547986e+05 +4.38070669e+05  2.65e+04   2.55e-01     1.51e+02   22.653s
  30000 +4.63683552e+05 +4.16955865e+05  4.67e+04   1.95e-01     4.35e+02   22.865s
  31000 +4.62160724e+05 +4.01083249e+05  6.11e+04   1.79e-01     5.52e+02   23.076s
  32000 +4.60218130e+05 +3.92621417e+05  6.76e+04   1.78e-01     6.15e+02   23.286s
  33000 +4.58197147e+05 +3.89368761e+05  6.88e+04   1.79e-01     4.73e+02   23.497s
  34000 +4.56182130e+05 +3.90389928e+05  6.58e+04   1.65e-01     3.93e+02   23.708s
  35000 +4.54344952e+05 +3.95096985e+05  5.92e+04   1.25e-01     4.87e+02   23.918s
  36000 +4.52869301e+05 +4.03936845e+05  4.89e+04   5.39e+00     4.00e+02   24.128s
  37000 +4.51943247e+05 +4.14697122e+05  3.72e+04   8.56e-02     3.16e+02   24.339s
  38000 +4.51533433e+05 +4.27241027e+05  2.43e+04   2.63e+00     2.62e+02   24.549s
  39000 +4.51648928e+05 +4.38765502e+05  1.29e+04   2.00e+00     2.12e+02   24.760s
  40000 +4.51911294e+05 +4.46379221e+05  5.53e+03   1.09e+00     8.59e+01   24.972s
  41000 +4.51338895e+05 +4.48042079e+05  3.30e+03   1.83e+00     7.39e+01   25.182s
  42000 +4.50999376e+05 +4.51231626e+05  2.32e+02   2.36e+00     6.35e+01   25.392s
  43000 +4.50952241e+05 +4.54485670e+05  3.53e+03   2.37e+00     5.51e+01   25.603s
  44000 +4.51174324e+05 +4.57201783e+05  6.03e+03   2.32e+00     5.05e+01   25.813s
  45000 +4.51552062e+05 +4.59166157e+05  7.61e+03   1.55e+00     4.79e+01   26.023s
  46000 +4.51998525e+05 +4.59934527e+05  7.94e+03   1.21e+00     4.75e+01   26.236s
  47000 +4.52424135e+05 +4.60055171e+05  7.63e+03   6.40e-01     4.78e+01   26.446s
  48000 +4.52761754e+05 +4.59411571e+05  6.65e+03   3.62e-01     4.29e+01   26.656s
  49000 +4.52977818e+05 +4.58453351e+05  5.48e+03   1.36e-01     4.10e+01   26.867s
  50000 +4.53061076e+05 +4.57424790e+05  4.36e+03   1.16e-01     3.88e+01   27.077s
  51000 +4.53029155e+05 +4.56528207e+05  3.50e+03   1.92e-01     3.91e+01   27.287s
  52000 +4.52926934e+05 +4.55985008e+05  3.06e+03   1.91e-01     3.85e+01   27.498s
  53000 +4.52860371e+05 +4.55989331e+05  3.13e+03   2.78e-01     3.64e+01   27.710s
  54000 +4.52858883e+05 +4.56295851e+05  3.44e+03   2.74e-01     3.51e+01   27.920s
  55000 +4.52885704e+05 +4.56614908e+05  3.73e+03   2.51e-01     3.45e+01   28.131s
  56000 +4.52932671e+05 +4.56815480e+05  3.88e+03   2.09e-01     3.42e+01   28.341s
  57000 +4.52987728e+05 +4.56931400e+05  3.94e+03   1.47e-01     3.39e+01   28.552s
  58000 +4.53042269e+05 +4.56901710e+05  3.86e+03   1.11e-01     3.34e+01   28.762s
  59000 +4.53088563e+05 +4.56789141e+05  3.70e+03   8.72e-02     3.31e+01   28.973s
  60000 +4.53117327e+05 +4.56574388e+05  3.46e+03   8.70e-02     2.94e+01   29.184s
  61000 +4.53126223e+05 +4.56334528e+05  3.21e+03   8.73e-02     2.87e+01   29.394s
  62000 +4.53115306e+05 +4.56147245e+05  3.03e+03   8.72e-02     2.82e+01   29.605s
  63000 +4.53090805e+05 +4.56009129e+05  2.92e+03   8.72e-02     2.81e+01   29.818s
  64000 +4.53061566e+05 +4.55932453e+05  2.87e+03   8.67e-02     2.74e+01   30.028s
  65000 +4.53035438e+05 +4.55958042e+05  2.92e+03   8.97e-02     2.69e+01   30.240s
  66000 +4.53016570e+05 +4.55993180e+05  2.98e+03   1.04e-01     2.68e+01   30.450s
  67000 +4.53007100e+05 +4.56042888e+05  3.04e+03   8.64e-02     2.65e+01   30.660s
  68000 +4.53006858e+05 +4.56115674e+05  3.11e+03   1.12e-01     2.64e+01   30.870s
  69000 +4.53014422e+05 +4.56150806e+05  3.14e+03   8.66e-02     2.53e+01   31.081s
  70000 +4.53025235e+05 +4.56148447e+05  3.12e+03   1.19e-01     2.51e+01   31.293s
  71000 +4.53034720e+05 +4.56101652e+05  3.07e+03   8.70e-02     2.49e+01   31.517s
  72000 +4.53037058e+05 +4.56034999e+05  3.00e+03   8.70e-02     2.49e+01   31.755s
  73000 +4.53031963e+05 +4.55969852e+05  2.94e+03   8.71e-02     2.48e+01   31.972s
  74000 +4.53020255e+05 +4.55907493e+05  2.89e+03   8.69e-02     2.47e+01   32.186s
  75000 +4.53005943e+05 +4.55851007e+05  2.85e+03   8.68e-02     2.20e+01   32.396s
  76000 +4.52991844e+05 +4.55856448e+05  2.86e+03   9.94e-02     2.16e+01   32.602s
  77000 +4.52980388e+05 +4.55864880e+05  2.88e+03   1.11e-01     2.14e+01   32.823s
  78000 +4.52972529e+05 +4.55905368e+05  2.93e+03   8.66e-02     2.13e+01   33.054s
  79000 +4.52968964e+05 +4.55940817e+05  2.97e+03   8.94e-02     2.09e+01   33.291s
  80000 +4.52969975e+05 +4.55940371e+05  2.97e+03   8.77e-02     2.08e+01   33.522s
  81000 +4.52974393e+05 +4.55953505e+05  2.98e+03   8.67e-02     2.07e+01   33.747s
  82000 +4.52977379e+05 +4.55949425e+05  2.97e+03   8.68e-02     2.06e+01   33.982s
  83000 +4.52982546e+05 +4.55860176e+05  2.88e+03   8.68e-02     2.05e+01   34.210s
  84000 +4.52985939e+05 +4.55840330e+05  2.85e+03   8.68e-02     2.04e+01   34.431s
  85000 +4.52987949e+05 +4.55821442e+05  2.83e+03   8.69e-02     2.03e+01   34.656s
  86000 +4.52987057e+05 +4.55780714e+05  2.79e+03   8.69e-02     2.03e+01   34.885s
  87000 +4.52983120e+05 +4.55751521e+05  2.77e+03   8.69e-02     2.03e+01   35.126s
  88000 +4.52976879e+05 +4.55717399e+05  2.74e+03   8.69e-02     2.03e+01   35.357s
  89000 +4.52968863e+05 +4.55692442e+05  2.72e+03   8.68e-02     2.02e+01   35.588s
  90000 +4.52960358e+05 +4.55698855e+05  2.74e+03   8.68e-02     2.02e+01   35.821s
  91000 +4.52952250e+05 +4.55708281e+05  2.76e+03   8.67e-02     2.01e+01   36.059s
  92000 +4.52944397e+05 +4.55693690e+05  2.75e+03   7.46e-02     2.03e+01   36.299s
  93000 +4.52925073e+05 +4.55492167e+05  2.57e+03   1.07e-01     2.13e+01   36.542s
  94000 +4.52884697e+05 +4.55219651e+05  2.33e+03   1.22e-01     2.16e+01   36.772s
  95000 +4.52824971e+05 +4.55052013e+05  2.23e+03   7.21e-02     2.09e+01   37.001s
  96000 +4.52763403e+05 +4.55071139e+05  2.31e+03   6.77e-02     2.09e+01   37.230s
  97000 +4.52710597e+05 +4.55225969e+05  2.52e+03   1.21e-01     2.06e+01   37.452s
  98000 +4.52684520e+05 +4.55546994e+05  2.86e+03   6.67e-02     2.03e+01   37.669s
  99000 +4.52693252e+05 +4.55888068e+05  3.19e+03   6.73e-02     2.01e+01   37.886s
 100000 +4.52725731e+05 +4.56078074e+05  3.35e+03   1.23e-01     2.00e+01   38.101s
 101000 +4.52768809e+05 +4.56144101e+05  3.38e+03   6.71e-02     1.98e+01   38.311s
 102000 +4.52810493e+05 +4.56087896e+05  3.28e+03   6.70e-02     1.97e+01   38.522s
 103000 +4.52838937e+05 +4.55952605e+05  3.11e+03   6.69e-02     1.98e+01   38.732s
 104000 +4.52849707e+05 +4.55752361e+05  2.90e+03   6.42e-02     2.00e+01   38.942s
 105000 +4.52836646e+05 +4.55379194e+05  2.54e+03   5.19e-02     2.12e+01   39.154s
 106000 +4.52803480e+05 +4.55059656e+05  2.26e+03   5.17e-02     2.25e+01   39.365s
 107000 +4.52756115e+05 +4.54809894e+05  2.05e+03   5.17e-02     2.25e+01   39.575s
 108000 +4.52700242e+05 +4.54660316e+05  1.96e+03   5.14e-02     2.17e+01   39.786s
 109000 +4.52643230e+05 +4.54612304e+05  1.97e+03   5.11e-02     2.13e+01   39.996s
 110000 +4.52590788e+05 +4.54673752e+05  2.08e+03   5.07e-02     2.10e+01   40.206s
 111000 +4.52547821e+05 +4.54814352e+05  2.27e+03   5.17e-02     2.06e+01   40.417s
 112000 +4.52517308e+05 +4.55010385e+05  2.49e+03   5.69e-02     2.03e+01   40.627s
 113000 +4.52501575e+05 +4.55203289e+05  2.70e+03   6.76e-02     2.00e+01   40.838s
 114000 +4.52499326e+05 +4.55410221e+05  2.91e+03   7.16e-02     1.97e+01   41.048s
 115000 +4.52508972e+05 +4.55548702e+05  3.04e+03   5.98e-02     1.94e+01   41.259s
 116000 +4.52525499e+05 +4.55635372e+05  3.11e+03   5.20e-02     1.92e+01   41.469s
 117000 +4.52544193e+05 +4.55676369e+05  3.13e+03   5.03e-02     1.92e+01   41.679s
 118000 +4.52560417e+05 +4.55684269e+05  3.12e+03   5.03e-02     1.92e+01   41.889s
 119000 +4.52570601e+05 +4.55637157e+05  3.07e+03   5.04e-02     1.92e+01   42.100s
 120000 +4.52573574e+05 +4.55548971e+05  2.98e+03   5.05e-02     1.92e+01   42.310s
 121000 +4.52566075e+05 +4.55295192e+05  2.73e+03   1.44e-02     1.97e+01   42.522s
 122000 +4.52542684e+05 +4.54984328e+05  2.44e+03   1.58e-02     2.12e+01   42.733s
 123000 +4.52506876e+05 +4.54739314e+05  2.23e+03   1.38e-02     2.26e+01   42.943s
 124000 +4.52462105e+05 +4.54569089e+05  2.11e+03   1.23e-02     2.26e+01   43.153s
 125000 +4.52412108e+05 +4.54494432e+05  2.08e+03   1.18e-02     2.17e+01   43.364s
 126000 +4.52361886e+05 +4.54512803e+05  2.15e+03   1.16e-02     2.08e+01   43.575s
 127000 +4.52317035e+05 +4.54617803e+05  2.30e+03   1.15e-02     2.03e+01   43.785s
 128000 +4.52282113e+05 +4.54789496e+05  2.51e+03   2.94e-02     2.00e+01   43.995s
 129000 +4.52260181e+05 +4.54999921e+05  2.74e+03   4.03e-02     1.97e+01   44.206s
 130000 +4.52251813e+05 +4.55214720e+05  2.96e+03   6.80e-02     1.95e+01   44.416s
 131000 +4.52255366e+05 +4.55402049e+05  3.15e+03   2.99e-02     1.93e+01   44.637s
 132000 +4.52267240e+05 +4.55543732e+05  3.28e+03   1.61e-02     1.91e+01   44.858s
 133000 +4.52283480e+05 +4.55626333e+05  3.34e+03   1.14e-02     1.89e+01   45.089s
 134000 +4.52300136e+05 +4.55656053e+05  3.36e+03   1.17e-02     1.87e+01   45.323s
 135000 +4.52313886e+05 +4.55634527e+05  3.32e+03   1.15e-02     1.87e+01   45.556s
 136000 +4.52306677e+05 +4.55626334e+05  3.32e+03   1.13e-02     1.80e+01   45.793s
 137000 +4.52299102e+05 +4.55614873e+05  3.32e+03   1.14e-02     1.79e+01   46.030s
 138000 +4.52291670e+05 +4.55608145e+05  3.32e+03   1.23e-02     1.79e+01   46.278s
 139000 +4.52284683e+05 +4.55604755e+05  3.32e+03   1.14e-02     1.79e+01   46.510s
 140000 +4.52277985e+05 +4.55586726e+05  3.31e+03   2.68e-02     1.78e+01   46.744s
 141000 +4.52271996e+05 +4.55586423e+05  3.31e+03   1.14e-02     1.78e+01   46.971s
 142000 +4.52266202e+05 +4.55582872e+05  3.32e+03   1.53e-02     1.78e+01   47.187s
 143000 +4.52259812e+05 +4.55581906e+05  3.32e+03   1.13e-02     1.79e+01   47.397s
 144000 +4.52254754e+05 +4.55578776e+05  3.32e+03   1.49e-02     1.78e+01   47.607s
 145000 +4.52250150e+05 +4.55580810e+05  3.33e+03   1.14e-02     1.77e+01   47.818s
 146000 +4.52245578e+05 +4.55577644e+05  3.33e+03   1.15e-02     1.77e+01   48.028s
 147000 +4.52241921e+05 +4.55569466e+05  3.33e+03   1.24e-02     1.77e+01   48.238s
 148000 +4.52238267e+05 +4.55516488e+05  3.28e+03   1.23e-02     1.74e+01   48.449s
 149000 +4.52234580e+05 +4.55507341e+05  3.27e+03   1.23e-02     1.73e+01   48.659s
 150000 +4.52230254e+05 +4.55482425e+05  3.25e+03   1.18e-02     1.73e+01   48.869s
 151000 +4.52226120e+05 +4.55481248e+05  3.26e+03   1.56e-02     1.73e+01   49.080s
 152000 +4.52221418e+05 +4.55460578e+05  3.24e+03   1.91e-02     1.73e+01   49.290s
 153000 +4.52216157e+05 +4.55451927e+05  3.24e+03   1.59e-02     1.73e+01   49.501s
 154000 +4.52210587e+05 +4.55447344e+05  3.24e+03   1.15e-02     1.72e+01   49.711s
 155000 +4.52204213e+05 +4.55437131e+05  3.23e+03   1.83e-02     1.73e+01   49.922s
 156000 +4.52198249e+05 +4.55444748e+05  3.25e+03   1.15e-02     1.71e+01   50.132s
 157000 +4.52193487e+05 +4.55402198e+05  3.21e+03   1.19e-02     1.53e+01   50.342s
 158000 +4.52189966e+05 +4.55411156e+05  3.22e+03   1.18e-02     1.48e+01   50.552s
 159000 +4.52186503e+05 +4.55408301e+05  3.22e+03   1.17e-02     1.47e+01   50.760s
 160000 +4.52182525e+05 +4.55396007e+05  3.21e+03   1.15e-02     1.49e+01   50.976s
 161000 +4.52178038e+05 +4.55396504e+05  3.22e+03   1.16e-02     1.47e+01   51.209s
 162000 +4.52173167e+05 +4.55375966e+05  3.20e+03   1.16e-02     1.46e+01   51.443s
 163000 +4.52167967e+05 +4.55385296e+05  3.22e+03   1.94e-02     1.45e+01   51.679s
 164000 +4.52162737e+05 +4.55370701e+05  3.21e+03   1.17e-02     1.44e+01   51.920s
 165000 +4.52156777e+05 +4.55362557e+05  3.21e+03   1.18e-02     1.41e+01   52.151s
 166000 +4.52142693e+05 +4.55177609e+05  3.03e+03   2.12e-02     1.42e+01   52.376s
 167000 +4.52130885e+05 +4.55390055e+05  3.26e+03   2.16e-02     1.39e+01   52.610s
 168000 +4.52121037e+05 +4.55361426e+05  3.24e+03   6.39e-02     1.39e+01   52.849s
 169000 +4.52106788e+05 +4.55327728e+05  3.22e+03   7.39e-02     1.40e+01   53.097s
 170000 +4.52091231e+05 +4.55302477e+05  3.21e+03   5.43e-02     1.38e+01   53.323s
 171000 +4.52082549e+05 +4.55324100e+05  3.24e+03   4.43e-02     1.37e+01   53.555s
 172000 +4.52076926e+05 +4.55312847e+05  3.24e+03   2.26e-02     1.36e+01   53.786s
 173000 +4.52071385e+05 +4.55313513e+05  3.24e+03   1.25e-02     1.36e+01   54.020s
 174000 +4.52071088e+05 +4.55371044e+05  3.30e+03   2.09e-02     1.35e+01   54.251s
 175000 +4.52074989e+05 +4.55381353e+05  3.31e+03   7.76e-03     1.35e+01   54.488s
 176000 +4.52078786e+05 +4.55317334e+05  3.24e+03   5.39e-03     1.20e+01   54.711s
 177000 +4.52080345e+05 +4.55312766e+05  3.23e+03   1.65e-02     1.18e+01   54.929s
 178000 +4.52082957e+05 +4.55303474e+05  3.22e+03   5.35e-03     1.17e+01   55.147s
 179000 +4.52081480e+05 +4.55246865e+05  3.17e+03   1.44e-02     1.16e+01   55.372s
 180000 +4.52073157e+05 +4.55233180e+05  3.16e+03   1.04e-02     1.15e+01   55.603s
 181000 +4.52063819e+05 +4.55220254e+05  3.16e+03   1.29e-02     1.15e+01   55.822s
 182000 +4.52053731e+05 +4.55174034e+05  3.12e+03   5.58e-03     1.15e+01   56.058s
 183000 +4.52040809e+05 +4.55138489e+05  3.10e+03   1.19e-02     1.16e+01   56.288s
 184000 +4.52028046e+05 +4.55176707e+05  3.15e+03   2.54e-02     1.14e+01   56.519s
 185000 +4.52020737e+05 +4.55197880e+05  3.18e+03   3.21e-02     1.13e+01   56.750s
 186000 +4.52015251e+05 +4.55187586e+05  3.17e+03   3.62e-02     1.12e+01   56.981s
 187000 +4.52011683e+05 +4.55221431e+05  3.21e+03   4.11e-03     1.11e+01   57.212s
 188000 +4.52013185e+05 +4.55229425e+05  3.22e+03   6.69e-03     1.12e+01   57.420s
 189000 +4.52016110e+05 +4.55241280e+05  3.23e+03   4.41e-03     1.12e+01   57.631s
 190000 +4.52019410e+05 +4.55228380e+05  3.21e+03   8.59e-03     1.11e+01   57.841s
 191000 +4.52021742e+05 +4.55210770e+05  3.19e+03   4.19e-02     1.10e+01   58.051s
 192000 +4.52022039e+05 +4.55192215e+05  3.17e+03   4.26e-03     1.10e+01   58.262s
 193000 +4.52018914e+05 +4.55163904e+05  3.14e+03   9.01e-03     1.10e+01   58.472s
 194000 +4.52011635e+05 +4.55155735e+05  3.14e+03   5.56e-03     1.10e+01   58.683s
 195000 +4.52002905e+05 +4.55140067e+05  3.14e+03   4.64e-03     1.10e+01   58.893s
 196000 +4.51992908e+05 +4.55115275e+05  3.12e+03   4.39e-03     1.08e+01   59.103s
 197000 +4.51982903e+05 +4.55111053e+05  3.13e+03   2.89e-02     1.09e+01   59.314s
 198000 +4.51974950e+05 +4.55119260e+05  3.14e+03   7.28e-03     1.08e+01   59.524s
 199000 +4.51968850e+05 +4.55136640e+05  3.17e+03   1.87e-02     1.08e+01   59.735s
 200000 +4.51964595e+05 +4.55144453e+05  3.18e+03   3.67e-03     1.07e+01   59.946s
 201000 +4.51962860e+05 +4.55143211e+05  3.18e+03   4.10e-03     1.07e+01   60.156s
 202000 +4.51962369e+05 +4.55156089e+05  3.19e+03   3.29e-02     1.08e+01   60.366s
 203000 +4.51963683e+05 +4.55158591e+05  3.19e+03   5.97e-03     1.07e+01   60.577s
 204000 +4.51964917e+05 +4.55155212e+05  3.19e+03   1.63e-02     1.07e+01   60.787s
 205000 +4.51965877e+05 +4.55139186e+05  3.17e+03   3.71e-03     1.07e+01   60.998s
 206000 +4.51965867e+05 +4.55126135e+05  3.16e+03   4.28e-03     1.05e+01   61.208s
 207000 +4.51963321e+05 +4.55102818e+05  3.14e+03   3.63e-03     1.05e+01   61.419s
 208000 +4.51958488e+05 +4.55085628e+05  3.13e+03   4.01e-03     1.06e+01   61.629s
 209000 +4.51947024e+05 +4.54995707e+05  3.05e+03   1.84e-02     1.03e+01   61.841s
 210000 +4.51909636e+05 +4.54869334e+05  2.96e+03   5.42e-02     1.02e+01   62.052s
 211000 +4.51874555e+05 +4.54835591e+05  2.96e+03   7.12e-02     1.01e+01   62.262s
 212000 +4.51839290e+05 +4.54786362e+05  2.95e+03   1.96e-02     9.93e+00   62.472s
 213000 +4.51813787e+05 +4.54746563e+05  2.93e+03   1.99e-02     9.64e+00   62.683s
 214000 +4.51791002e+05 +4.54732656e+05  2.94e+03   2.99e-02     9.53e+00   62.893s
 215000 +4.51775274e+05 +4.54707634e+05  2.93e+03   1.79e-02     9.41e+00   63.103s
 216000 +4.51757862e+05 +4.54676350e+05  2.92e+03   1.40e-01     9.30e+00   63.314s
 217000 +4.51745652e+05 +4.54677154e+05  2.93e+03   1.69e-02     9.25e+00   63.524s
 218000 +4.51727217e+05 +4.54668277e+05  2.94e+03   1.70e-01     9.18e+00   63.734s
 219000 +4.51708513e+05 +4.54611983e+05  2.90e+03   2.95e-02     8.14e+00   63.945s
 220000 +4.51697182e+05 +4.54577916e+05  2.88e+03   7.01e-02     7.97e+00   64.155s
 221000 +4.51677962e+05 +4.54555933e+05  2.88e+03   2.76e-02     7.71e+00   64.365s
 222000 +4.51655605e+05 +4.54518897e+05  2.86e+03   4.34e-02     7.57e+00   64.576s
 223000 +4.51635945e+05 +4.54515756e+05  2.88e+03   2.33e-02     7.49e+00   64.782s
 224000 +4.51604066e+05 +4.54456351e+05  2.85e+03   2.13e-02     7.31e+00   64.992s
 225000 +4.51581467e+05 +4.54427199e+05  2.85e+03   1.97e-02     7.20e+00   65.217s
 226000 +4.51551611e+05 +4.54400507e+05  2.85e+03   1.90e-02     7.14e+00   65.447s
 227000 +4.51527908e+05 +4.54391507e+05  2.86e+03   3.16e-02     7.06e+00   65.679s
 228000 +4.51509848e+05 +4.54356690e+05  2.85e+03   2.11e-01     6.99e+00   65.915s
 229000 +4.51489328e+05 +4.54302726e+05  2.81e+03   5.98e-01     6.91e+00   66.138s
 230000 +4.51477736e+05 +4.54146776e+05  2.67e+03   6.97e-02     6.86e+00   66.376s
 231000 +4.51297932e+05 +4.53737830e+05  2.44e+03   1.17e+00     5.41e+00   66.612s
 232000 +4.51231642e+05 +4.53523943e+05  2.29e+03   1.08e+00     4.88e+00   66.851s
 233000 +4.51184708e+05 +4.53339407e+05  2.15e+03   1.42e+00     4.26e+00   67.092s
 234000 +4.51280548e+05 +4.53197172e+05  1.92e+03   9.77e-01     3.86e+00   67.319s
 235000 +4.51232844e+05 +4.53049888e+05  1.82e+03   6.85e-01     3.43e+00   67.530s
 236000 +4.51152551e+05 +4.52898484e+05  1.75e+03   7.00e-01     3.04e+00   67.741s
 237000 +4.51005681e+05 +4.52797878e+05  1.79e+03   3.56e-01     2.87e+00   67.956s
 238000 +4.50757172e+05 +4.52724018e+05  1.97e+03   4.94e-01     2.75e+00   68.168s
 239000 +4.50529934e+05 +4.52612576e+05  2.08e+03   5.99e-01     2.60e+00   68.377s
 240000 +4.50209539e+05 +4.52521252e+05  2.31e+03   3.12e-01     2.52e+00   68.592s
 241000 +4.49930201e+05 +4.52444445e+05  2.51e+03   9.33e-01     2.42e+00   68.810s
 242000 +4.49640823e+05 +4.52366875e+05  2.73e+03   3.73e-01     2.29e+00   69.024s
 243000 +4.49414253e+05 +4.52346304e+05  2.93e+03   1.49e+00     2.22e+00   69.235s
 244000 +4.49249299e+05 +4.52263487e+05  3.01e+03   3.43e-01     2.16e+00   69.445s
 245000 +4.49133152e+05 +4.52163386e+05  3.03e+03   3.28e-01     2.00e+00   69.655s
 246000 +4.49068061e+05 +4.52038172e+05  2.97e+03   2.57e-01     1.90e+00   69.866s
 247000 +4.49042505e+05 +4.51955317e+05  2.91e+03   3.63e-01     1.82e+00   70.076s
 248000 +4.48523352e+05 +4.51376110e+05  2.85e+03   2.58e+00     1.33e+00   70.288s
 249000 +4.48309701e+05 +4.50306479e+05  2.00e+03   2.81e+00     9.73e-01   70.498s
 250000 +4.47825870e+05 +4.49979347e+05  2.15e+03   3.27e+00     7.76e-01   70.705s
 251000 +4.45481907e+05 +4.48211251e+05  2.73e+03   9.71e+00     5.61e-01   70.920s
 252000 +4.43026829e+05 +4.47354650e+05  4.33e+03   1.60e+01     4.17e-01   71.149s
 253000 +4.41599376e+05 +4.46730102e+05  5.13e+03   1.94e+01     3.40e-01   71.372s
 254000 +4.40164305e+05 +4.46301183e+05  6.14e+03   1.96e+01     3.13e-01   71.607s
 255000 +4.38799726e+05 +4.45898631e+05  7.10e+03   3.22e+01     2.82e-01   71.831s
 256000 +4.37456092e+05 +4.45717713e+05  8.26e+03   5.50e+01     2.60e-01   72.049s
 257000 +4.36115769e+05 +4.45459950e+05  9.34e+03   4.60e+01     2.29e-01   72.269s
 258000 +4.35692472e+05 +4.45217508e+05  9.53e+03   2.18e+01     2.10e-01   72.495s
 259000 +4.35484528e+05 +4.45074377e+05  9.59e+03   2.15e+01     1.94e-01   72.723s
 260000 +4.36103208e+05 +4.44867937e+05  8.76e+03   1.99e+01     1.81e-01   72.949s
 261000 +4.36398142e+05 +4.44770124e+05  8.37e+03   1.93e+01     1.61e-01   73.170s
 262000 +4.36863700e+05 +4.44671076e+05  7.81e+03   1.89e+01     1.53e-01   73.405s
 263000 +4.37690139e+05 +4.44515699e+05  6.83e+03   1.86e+01     1.36e-01   73.634s
 264000 +4.37991966e+05 +4.44389116e+05  6.40e+03   1.99e+01     1.24e-01   73.856s
 265000 +4.38513080e+05 +4.44308450e+05  5.80e+03   1.74e+01     1.12e-01   74.067s
 266000 +4.38828178e+05 +4.43814418e+05  4.99e+03   1.70e+01     8.76e-02   74.279s
 267000 +4.38437702e+05 +4.43732669e+05  5.29e+03   1.78e+01     8.09e-02   74.489s
 268000 +4.38310064e+05 +4.43628390e+05  5.32e+03   1.84e+01     7.93e-02   74.699s
 269000 +4.38467534e+05 +4.43547994e+05  5.08e+03   1.86e+01     7.44e-02   74.910s
 270000 +4.38734328e+05 +4.43466632e+05  4.73e+03   2.06e+01     7.43e-02   75.120s
 271000 +4.38990131e+05 +4.43397593e+05  4.41e+03   1.67e+01     7.50e-02   75.330s
 272000 +4.39108754e+05 +4.43307377e+05  4.20e+03   1.58e+01     7.26e-02   75.541s
 273000 +4.39355189e+05 +4.43290497e+05  3.94e+03   1.50e+01     6.48e-02   75.751s
 274000 +4.39435594e+05 +4.43260190e+05  3.82e+03   1.44e+01     5.32e-02   75.962s
 275000 +4.39359974e+05 +4.43215573e+05  3.86e+03   1.43e+01     4.45e-02   76.172s
 276000 +4.39442830e+05 +4.43198361e+05  3.76e+03   1.40e+01     4.06e-02   76.383s
 277000 +4.39467116e+05 +4.43128103e+05  3.66e+03   1.60e+01     3.48e-02   76.593s
 278000 +4.39727374e+05 +4.43106873e+05  3.38e+03   1.48e+01     3.15e-02   76.803s
 279000 +4.39899897e+05 +4.43103004e+05  3.20e+03   1.25e+01     3.05e-02   77.013s
 280000 +4.40169026e+05 +4.43080854e+05  2.91e+03   1.42e+01     2.77e-02   77.223s
 281000 +4.40598312e+05 +4.43105429e+05  2.51e+03   1.30e+01     2.84e-02   77.444s
 282000 +4.40719274e+05 +4.43118064e+05  2.40e+03   1.09e+01     3.17e-02   77.665s
 283000 +4.40799821e+05 +4.43118706e+05  2.32e+03   2.63e+01     2.86e-02   77.894s
 284000 +4.40954229e+05 +4.43133751e+05  2.18e+03   1.23e+01     2.60e-02   78.121s
 285000 +4.40878754e+05 +4.43132949e+05  2.25e+03   1.04e+01     2.34e-02   78.331s
 286000 +4.40910721e+05 +4.43139957e+05  2.23e+03   1.02e+01     2.23e-02   78.541s
 287000 +4.40855045e+05 +4.43158215e+05  2.30e+03   1.01e+01     2.21e-02   78.752s
 288000 +4.40858143e+05 +4.43157107e+05  2.30e+03   1.00e+01     2.29e-02   78.962s
 289000 +4.40774768e+05 +4.43169832e+05  2.40e+03   9.98e+00     2.43e-02   79.172s
 290000 +4.40782338e+05 +4.43171479e+05  2.39e+03   9.85e+00     2.48e-02   79.382s
 291000 +4.40919458e+05 +4.43157499e+05  2.24e+03   9.62e+00     2.39e-02   79.592s
 292000 +4.40937000e+05 +4.43157251e+05  2.22e+03   9.42e+00     2.26e-02   79.803s
 293000 +4.41057564e+05 +4.43141860e+05  2.08e+03   9.13e+00     2.08e-02   80.013s
 294000 +4.41188534e+05 +4.43134708e+05  1.95e+03   8.85e+00     1.95e-02   80.223s
 295000 +4.41249365e+05 +4.43140985e+05  1.89e+03   8.68e+00     1.77e-02   80.433s
 296000 +4.41333136e+05 +4.43135688e+05  1.80e+03   8.57e+00     1.76e-02   80.644s
 297000 +4.41427432e+05 +4.43138903e+05  1.71e+03   8.44e+00     1.73e-02   80.854s
 298000 +4.41445029e+05 +4.43143730e+05  1.70e+03   8.45e+00     1.70e-02   81.064s
 299000 +4.41423162e+05 +4.43140696e+05  1.72e+03   9.44e+00     1.65e-02   81.274s
 300000 +4.41411607e+05 +4.43091739e+05  1.68e+03   8.32e+00     1.85e-02   81.486s
 301000 +4.41401378e+05 +4.43086707e+05  1.69e+03   8.20e+00     1.95e-02   81.696s
 302000 +4.41440585e+05 +4.43084347e+05  1.64e+03   8.04e+00     2.27e-02   81.907s
 303000 +4.41423341e+05 +4.43083695e+05  1.66e+03   7.78e+00     2.60e-02   82.117s
 304000 +4.41430558e+05 +4.43088206e+05  1.66e+03   7.75e+00     2.56e-02   82.328s
 305000 +4.41548470e+05 +4.43090394e+05  1.54e+03   2.22e+01     2.42e-02   82.538s
 306000 +4.41598274e+05 +4.43084085e+05  1.49e+03   2.09e+01     2.27e-02   82.748s
 307000 +4.41650257e+05 +4.43080558e+05  1.43e+03   1.73e+01     2.36e-02   82.958s
 308000 +4.41753162e+05 +4.43076626e+05  1.32e+03   1.96e+01     2.45e-02   83.169s
 309000 +4.41790621e+05 +4.43075853e+05  1.29e+03   6.53e+00     2.20e-02   83.380s
 310000 +4.41849401e+05 +4.43080411e+05  1.23e+03   6.37e+00     2.25e-02   83.605s
 311000 +4.41883128e+05 +4.43091020e+05  1.21e+03   8.97e+00     2.25e-02   83.838s
 312000 +4.41949473e+05 +4.43105657e+05  1.16e+03   6.28e+00     2.09e-02   84.063s
 313000 +4.42029942e+05 +4.43123115e+05  1.09e+03   6.16e+00     1.91e-02   84.284s
 314000 +4.42078624e+05 +4.43139840e+05  1.06e+03   6.15e+00     1.76e-02   84.494s
 315000 +4.42133117e+05 +4.43152443e+05  1.02e+03   6.14e+00     2.03e-02   84.705s
 316000 +4.42147901e+05 +4.43161457e+05  1.01e+03   6.13e+00     1.84e-02   84.915s
 317000 +4.42164474e+05 +4.43164178e+05  1.00e+03   6.13e+00     1.85e-02   85.125s
 318000 +4.42144029e+05 +4.43167863e+05  1.02e+03   6.29e+00     1.69e-02   85.336s
 319000 +4.42111641e+05 +4.43169272e+05  1.06e+03   6.26e+00     1.65e-02   85.546s
 320000 +4.42067892e+05 +4.43173859e+05  1.11e+03   6.07e+00     1.50e-02   85.756s
 321000 +4.42031239e+05 +4.43178824e+05  1.15e+03   6.61e+00     1.34e-02   85.967s
 322000 +4.42014996e+05 +4.43177708e+05  1.16e+03   5.98e+00     2.26e-02   86.179s
 323000 +4.42084762e+05 +4.43164801e+05  1.08e+03   5.79e+00     2.84e-02   86.389s
 324000 +4.42122339e+05 +4.43146115e+05  1.02e+03   5.88e+00     3.92e-02   86.600s
 325000 +4.42156732e+05 +4.43123949e+05  9.67e+02   5.87e+00     4.36e-02   86.810s
 326000 +4.42215607e+05 +4.43101231e+05  8.86e+02   5.37e+00     4.68e-02   87.021s
 327000 +4.42275740e+05 +4.43080241e+05  8.05e+02   5.17e+00     5.21e-02   87.230s
 328000 +4.42339827e+05 +4.43061895e+05  7.22e+02   6.30e+00     5.40e-02   87.451s
 329000 +4.42419987e+05 +4.43044367e+05  6.24e+02   5.05e+00     5.33e-02   87.681s
 330000 +4.42470858e+05 +4.43029862e+05  5.59e+02   4.50e+00     5.29e-02   87.910s
 331000 +4.42530601e+05 +4.43017583e+05  4.87e+02   4.26e+00     5.49e-02   88.136s
 332000 +4.42592550e+05 +4.43012415e+05  4.20e+02   4.10e+00     5.54e-02   88.364s
 333000 +4.42636189e+05 +4.43037649e+05  4.01e+02   9.05e+00     5.69e-02   88.592s
 334000 +4.42731752e+05 +4.43023894e+05  2.92e+02   3.65e+00     6.26e-02   88.818s
 335000 +4.42774257e+05 +4.42998759e+05  2.25e+02   3.52e+00     7.16e-02   89.043s
 336000 +4.42821835e+05 +4.42985968e+05  1.64e+02   3.35e+00     8.23e-02   89.273s
 337000 +4.42857706e+05 +4.42987483e+05  1.30e+02   3.18e+00     9.66e-02   89.497s
 338000 +4.42890352e+05 +4.43002826e+05  1.12e+02   4.89e+00     1.07e-01   89.716s
 339000 +4.42937088e+05 +4.43028396e+05  9.13e+01   3.64e+00     1.08e-01   89.938s
 339200 +4.42949147e+05 +4.43034474e+05  8.53e+01   2.75e+00     1.06e-01   89.983s
LP Solver status:                Optimal
Primal objective:                +4.42949147e+05
Dual objective:                  +4.43034474e+05
Duality gap (abs/rel):           +8.53e+01 / +9.63e-05
Primal infeasibility (abs/rel):  +2.75e+00 / +7.50e-05
Dual infeasibility (abs/rel):    +1.06e-01 / +1.16e-06
Distributed PDLP finished
Status: Optimal   Objective: 4.42949147e+05  Iterations: 339200  Time: 90.410s

### exit_code=0
### finished=2026-07-28T00:22:27.192966
### gpu_peak_mb=5722.4
### gpu_peak2_mb=5594.4
### per_gpu_peak_mb=[5722.375, 5466.375, 5594.375, 5498.375, 5498.375, 5530.375, 5498.375, 5498.375]
