### solver=cuopt-distributed
### instance=/home/scratch.cmaes_sw/zib03.mps
### n_gpus=8
### CUDA_VISIBLE_DEVICES=0,1,2,3,4,5,6,7
### started=2026-07-23T15:13:53.988364
### argv=/home/scratch.vmostovoi_gpu/mostovoi_cuopt/cpp/build/cuopt_cli --use-distributed-pdlp true --method 1 --mps-reader experimental-fast --time-limit 3600 --iteration-limit 1000000000 --relative-primal-tolerance 1e-4 --relative-dual-tolerance 1e-4 --relative-gap-tolerance 1e-4 --log-to-console true /home/scratch.cmaes_sw/zib03.mps
### --- solver output ---
Setting parameter iteration_limit to 1000000000
Setting parameter log_to_console to true
Setting parameter method to 1
Setting parameter relative_dual_tolerance to 1.000000e-04
Setting parameter relative_gap_tolerance to 1.000000e-04
Setting parameter relative_primal_tolerance to 1.000000e-04
Setting parameter time_limit to 3.600000e+03
Setting parameter use_distributed_pdlp to true
Reading file zib03.mps
Using experimental fast MPS parser for '/home/scratch.cmaes_sw/zib03.mps'
Read file zib03.mps in 7.22 seconds
cuOpt version: 26.8.0, git hash: 7116ead1, host arch: x86_64, device archs: 100a-real
CPU: INTEL(R) XEON(R) PLATINUM 8570, threads (physical/logical): 112/224, RAM: 1111.65 GiB
CUDA 13.3, device: NVIDIA B200 (ID 0), VRAM: 178.34 GiB
CUDA device UUID: e9674ae9-0a48-b501-ecac-05e9ac94d229
CUDA 13.3, device: NVIDIA B200 (ID 1), VRAM: 178.34 GiB
CUDA device UUID: c0885791-9d13-e6a7-85e7-0facd358f6b9
CUDA 13.3, device: NVIDIA B200 (ID 2), VRAM: 178.34 GiB
CUDA device UUID: 073aa8c5-1b92-dc62-2e8f-707d6cfc04fc
CUDA 13.3, device: NVIDIA B200 (ID 3), VRAM: 178.34 GiB
CUDA device UUID: ab98f851-eda4-fe75-8f8b-c2bf757edf18
CUDA 13.3, device: NVIDIA B200 (ID 4), VRAM: 178.34 GiB
CUDA device UUID: 5e51a045-2995-e61c-54a7-d9ea7f6232e3
CUDA 13.3, device: NVIDIA B200 (ID 5), VRAM: 178.34 GiB
CUDA device UUID: ec291222-ac26-6dfb-2a05-69566e359e7d
CUDA 13.3, device: NVIDIA B200 (ID 6), VRAM: 178.34 GiB
CUDA device UUID: 48834f9f-5e2e-4a49-15e1-3ededce56259
CUDA 13.3, device: NVIDIA B200 (ID 7), VRAM: 178.34 GiB
CUDA device UUID: 99aed5fb-4551-1de9-1315-1922b66fb6d5
Solving a problem with 19731970 constraints, 29128799 variables (0 integers), and 104422573 nonzeros
Using PSLP presolver
PSLP Presolved problem: 19731970 constraints, 29128799 variables, 104422573 non-zeros
PSLP presolve time: 11.43s
Solving with distributed PDLP on 8 GPUs.
NCCL version 2.30.7+cuda13.3
      0 +0.00000000e+00 +0.00000000e+00  0.00e+00   2.41e+01     3.71e+03   25.629s
   1000 +9.10396738e+03 +1.35643533e+04  4.46e+03   2.16e-01     1.43e+02   26.094s
   2000 +1.28944775e+04 +1.35411143e+04  6.47e+02   1.27e-02     7.04e+01   26.458s
   3000 +1.27039819e+04 +1.29548203e+04  2.51e+02   8.20e-03     2.80e+01   26.822s
   4000 +1.26665364e+04 +1.26336220e+04  3.29e+01   3.59e-02     1.27e+01   27.186s
   5000 +1.24035571e+04 +1.25002456e+04  9.67e+01   1.90e-02     7.17e+00   27.548s
   6000 +1.26750140e+04 +1.23705567e+04  3.04e+02   2.19e-01     3.64e+00   27.911s
   7000 +1.23428792e+04 +1.22938966e+04  4.90e+01   9.29e-02     1.58e+00   28.273s
   8000 +1.22858440e+04 +1.22715770e+04  1.43e+01   5.82e-02     1.00e+00   28.636s
   9000 +1.23064347e+04 +1.22379062e+04  6.85e+01   2.14e-01     3.43e-01   28.999s
  10000 +1.22723162e+04 +1.22332560e+04  3.91e+01   1.37e-01     1.85e-01   29.365s
  11000 +1.22617517e+04 +1.22295842e+04  3.22e+01   1.42e-01     9.64e-02   29.726s
  12000 +1.22476889e+04 +1.22287227e+04  1.90e+01   1.07e-01     5.53e-02   30.084s
  13000 +1.22441322e+04 +1.22285218e+04  1.56e+01   8.18e-02     3.85e-02   30.442s
  14000 +1.22407896e+04 +1.22283969e+04  1.24e+01   6.64e-02     2.87e-02   30.801s
  15000 +1.22394725e+04 +1.22283372e+04  1.11e+01   5.40e-02     2.26e-02   31.160s
  16000 +1.22365940e+04 +1.22281535e+04  8.44e+00   4.30e-02     1.83e-02   31.519s
  17000 +1.22337949e+04 +1.22281536e+04  5.64e+00   3.63e-02     1.56e-02   31.878s
  18000 +1.22333039e+04 +1.22281485e+04  5.16e+00   3.19e-02     1.28e-02   32.235s
  19000 +1.22325217e+04 +1.22281443e+04  4.38e+00   2.75e-02     1.13e-02   32.594s
  20000 +1.22319798e+04 +1.22281430e+04  3.84e+00   2.41e-02     9.64e-03   32.953s
  21000 +1.22317589e+04 +1.22281469e+04  3.61e+00   2.12e-02     8.48e-03   33.311s
  22000 +1.22313268e+04 +1.22281431e+04  3.18e+00   1.92e-02     7.69e-03   33.670s
  23000 +1.22314072e+04 +1.22281473e+04  3.26e+00   1.76e-02     6.98e-03   34.029s
  24000 +1.22309785e+04 +1.22281503e+04  2.83e+00   1.65e-02     6.30e-03   34.387s
  24600 +1.22305565e+04 +1.22281338e+04  2.42e+00   1.55e-02     7.66e-03   34.603s
LP Solver status:                Optimal
Primal objective:                +1.22305565e+04
Dual objective:                  +1.22281338e+04
Duality gap (abs/rel):           +2.42e+00 / +9.91e-05
Primal infeasibility (abs/rel):  +1.55e-02 / +6.12e-05
Dual infeasibility (abs/rel):    +7.66e-03 / +2.07e-06
Distributed PDLP finished
Status: Optimal   Objective: 1.22305565e+04  Iterations: 24600  Time: 36.752s

### exit_code=0
### finished=2026-07-23T15:14:49.264897
### gpu_peak_mb=8602.4
### gpu_peak2_mb=7482.4
### per_gpu_peak_mb=[8602.375, 7482.375, 7418.375, 7354.375, 7482.375, 7482.375, 7482.375, 7482.375]
