### solver=dpdlp
### instance=/home/scratch.vmostovoi_gpu/datasets/big_lp/google/qap-tho-150.mps
### n_gpus=8
### CUDA_VISIBLE_DEVICES=0,1,2,3,4,5,6,7
### started=2026-06-28T20:03:17.661772
### argv=/home/scratch.vmostovoi_gpu/.conda/envs/dpdlp/bin/mpirun -n 8 /home/scratch.vmostovoi_gpu/D-PDLP/build/cupdlpx-dist /home/scratch.vmostovoi_gpu/datasets/big_lp/google/qap-tho-150.mps /home/scratch.vmostovoi_gpu/scaling_bench/runs/dpdlp/qap-tho-150__N8 --iter_limit 20000 --time_limit 1e9 --eps_opt 1e-30 --eps_feas 1e-30 --eps_infeas_detect 1e-30 --verbose --no_presolve
### --- solver output ---
Rank 0: Loading MPS file '/home/scratch.vmostovoi_gpu/datasets/big_lp/google/qap-tho-150.mps'...
[Auto-Grid] Decided grid shape: 1 x 8 for 8 processes.
[Timer] Permuting LP Problem took 33.617 seconds.
---------------------------------------------------------------------------------------
                                     D-PDLP                                                
             A First-Order LP Solver Powered by Multiple GPU System                        
                              (c) Hongpei Li, 2026                                           
                          Contact: ishongpeili@gmail.com                                      
                                                                                           
   Based on cuPDLPx by Haihao Lu, MIT (2025): https://github.com/MIT-Lu-Lab/cuPDLPx  
---------------------------------------------------------------------------------------
problem: 6705300 rows, 249783750 columns, 1005795000 nonzeros
settings:
  iter_limit         : 20000
  time_limit         : 1000000000.00 sec
  eps_opt            : 1.0e-30
  eps_feas           : 1.0e-30
  eps_infeas_detect  : 1.0e-30
------------------------------ Distributed Configuration ------------------------------
   Grid Size         : 1 x 8 (Rows x Cols)
  Partition Method   : NNZ Balance
  Permute Method     : Block Random (Block-wise Random shuffle)
---------------------------------------------------------------------------------------

[Timer] Data Distribution (Bcast -> Partition) took 61.682 seconds.
---------------------------------------------------------------------------------------
   runtime     |     objective      |   absolute residuals    |   relative residuals    
  iter   time  |  pr obj    du obj  |  pr res  du res   gap   |  pr res  du res   gap   
---------------------------------------------------------------------------------------
     0 2.7e-03 |  0.0e+00   0.0e+00 | 1.7e+01 1.0e+04 0.0e+00 | 9.5e-01 1.0e+00 0.0e+00 
    10 7.8e-01 |  7.5e+04   8.6e+07 | 1.3e+01 8.2e+07 8.6e+07 | 7.0e-01 7.9e+03 1.0e+00 
    20 8.1e-01 |  3.5e+06   9.5e+07 | 2.0e+00 8.8e+07 9.1e+07 | 1.1e-01 8.6e+03 9.3e-01 
    30 8.3e-01 |  5.1e+06   3.7e+07 | 3.2e+00 3.2e+07 3.2e+07 | 1.7e-01 3.1e+03 7.6e-01 
    40 8.6e-01 |  4.3e+06   5.4e+06 | 3.4e-01 8.6e+05 1.1e+06 | 1.8e-02 8.4e+01 1.2e-01 
    50 8.9e-01 |  3.6e+06   2.3e+07 | 2.4e+00 1.8e+07 1.9e+07 | 1.3e-01 1.7e+03 7.3e-01 
    60 9.1e-01 |  4.2e+06   3.4e+07 | 3.8e-01 2.8e+07 2.9e+07 | 2.1e-02 2.8e+03 7.8e-01 
    70 9.4e-01 |  4.7e+06   1.6e+07 | 1.3e+00 1.1e+07 1.1e+07 | 7.3e-02 1.1e+03 5.5e-01 
    80 9.7e-01 |  4.3e+06   5.1e+06 | 3.0e-01 6.1e+05 8.3e+05 | 1.6e-02 6.0e+01 8.8e-02 
    90 9.9e-01 |  4.0e+06   1.6e+07 | 1.3e+00 1.1e+07 1.2e+07 | 7.1e-02 1.1e+03 6.0e-01 
   100 1.0e+00 |  4.3e+06   2.2e+07 | 1.7e-01 1.7e+07 1.7e+07 | 9.1e-03 1.6e+03 6.6e-01 
   110 1.0e+00 |  4.6e+06   1.0e+07 | 8.3e-01 5.7e+06 5.8e+06 | 4.5e-02 5.6e+02 3.9e-01 
   120 1.1e+00 |  4.3e+06   5.2e+06 | 3.3e-01 7.1e+05 9.3e+05 | 1.8e-02 6.9e+01 9.8e-02 
   130 1.1e+00 |  4.1e+06   1.4e+07 | 8.7e-01 8.9e+06 9.5e+06 | 4.7e-02 8.7e+02 5.3e-01 
   140 1.1e+00 |  4.4e+06   1.6e+07 | 1.9e-01 1.2e+07 1.2e+07 | 1.0e-02 1.1e+03 5.8e-01 
   150 1.2e+00 |  4.5e+06   7.9e+06 | 5.7e-01 3.3e+06 3.4e+06 | 3.1e-02 3.3e+02 2.7e-01 
   160 1.2e+00 |  4.3e+06   5.4e+06 | 3.5e-01 8.9e+05 1.1e+06 | 1.9e-02 8.6e+01 1.1e-01 
   170 1.2e+00 |  4.2e+06   1.2e+07 | 6.2e-01 7.5e+06 8.0e+06 | 3.4e-02 7.3e+02 4.9e-01 
   180 1.2e+00 |  4.4e+06   1.3e+07 | 2.2e-01 8.6e+06 8.9e+06 | 1.2e-02 8.4e+02 5.0e-01 
   190 1.3e+00 |  4.5e+06   6.6e+06 | 4.1e-01 2.0e+06 2.1e+06 | 2.2e-02 2.0e+02 1.9e-01 
   200 1.3e+00 |  4.3e+06   6.0e+06 | 4.1e-01 1.5e+06 1.7e+06 | 2.2e-02 1.5e+02 1.7e-01 
   210 1.3e+00 |  4.6e+06   5.7e+06 | 5.9e-01 1.2e+06 1.1e+06 | 3.2e-02 1.2e+02 1.1e-01 
   220 1.4e+00 |  4.7e+06   4.7e+06 | 9.2e-01 2.9e+05 4.4e+04 | 5.0e-02 2.9e+01 4.7e-03 
   230 1.4e+00 |  4.5e+06   4.2e+06 | 4.2e-01 3.0e+05 3.4e+05 | 2.3e-02 2.9e+01 3.9e-02 
   240 1.4e+00 |  4.4e+06   4.4e+06 | 6.6e-02 1.6e+05 2.0e+04 | 3.6e-03 1.5e+01 2.3e-03 
   250 1.4e+00 |  4.5e+06   4.7e+06 | 1.5e-01 2.7e+05 2.2e+05 | 7.9e-03 2.7e+01 2.5e-02 
   260 1.5e+00 |  4.5e+06   4.5e+06 | 3.1e-01 1.6e+05 2.2e+03 | 1.7e-02 1.6e+01 2.5e-04 
   270 1.5e+00 |  4.5e+06   4.3e+06 | 1.7e-01 1.8e+05 1.3e+05 | 9.2e-03 1.8e+01 1.5e-02 
   280 1.5e+00 |  4.4e+06   4.5e+06 | 5.2e-02 1.4e+05 3.7e+04 | 2.9e-03 1.4e+01 4.2e-03 
   290 1.5e+00 |  4.4e+06   4.6e+06 | 9.9e-02 1.9e+05 1.3e+05 | 5.4e-03 1.8e+01 1.5e-02 
   300 1.6e+00 |  4.5e+06   4.5e+06 | 1.9e-01 1.4e+05 9.1e+01 | 1.0e-02 1.4e+01 1.0e-05 
   310 1.6e+00 |  4.4e+06   4.4e+06 | 1.0e-01 1.5e+05 7.0e+04 | 5.6e-03 1.5e+01 7.9e-03 
   320 1.6e+00 |  4.4e+06   4.5e+06 | 4.5e-02 1.3e+05 4.3e+04 | 2.5e-03 1.3e+01 4.9e-03 
   330 1.7e+00 |  4.4e+06   4.5e+06 | 8.0e-02 1.6e+05 9.8e+04 | 4.4e-03 1.5e+01 1.1e-02 
   340 1.7e+00 |  4.4e+06   4.4e+06 | 1.4e-01 1.3e+05 8.4e+02 | 7.4e-03 1.2e+01 9.5e-05 
   350 1.7e+00 |  4.4e+06   4.4e+06 | 7.3e-02 1.3e+05 4.1e+04 | 4.0e-03 1.3e+01 4.6e-03 
   360 1.7e+00 |  4.4e+06   4.4e+06 | 3.9e-02 1.3e+05 4.6e+04 | 2.1e-03 1.2e+01 5.2e-03 
   370 1.8e+00 |  4.4e+06   4.5e+06 | 6.8e-02 1.4e+05 7.9e+04 | 3.7e-03 1.3e+01 8.9e-03 
   380 1.8e+00 |  4.4e+06   4.4e+06 | 1.1e-01 1.2e+05 2.4e+03 | 5.8e-03 1.2e+01 2.7e-04 
   390 1.8e+00 |  4.4e+06   4.4e+06 | 5.6e-02 1.2e+05 2.3e+04 | 3.1e-03 1.2e+01 2.7e-03 
   400 1.9e+00 |  4.4e+06   4.5e+06 | 3.4e-02 1.2e+05 5.3e+04 | 1.9e-03 1.2e+01 6.0e-03 
   410 1.9e+00 |  4.4e+06   4.4e+06 | 6.5e-02 1.2e+05 2.9e+04 | 3.6e-03 1.1e+01 3.3e-03 
   420 1.9e+00 |  4.4e+06   4.4e+06 | 6.4e-02 1.1e+05 8.1e+03 | 3.5e-03 1.1e+01 9.1e-04 
   430 1.9e+00 |  4.4e+06   4.4e+06 | 5.2e-02 1.1e+05 8.5e+03 | 2.9e-03 1.1e+01 9.7e-04 
   440 2.0e+00 |  4.4e+06   4.4e+06 | 5.1e-02 1.1e+05 2.1e+04 | 2.8e-03 1.0e+01 2.3e-03 
   450 2.0e+00 |  4.4e+06   4.4e+06 | 5.2e-02 1.0e+05 2.4e+04 | 2.9e-03 1.0e+01 2.7e-03 
   460 2.0e+00 |  4.4e+06   4.4e+06 | 5.4e-02 1.0e+05 1.8e+04 | 2.9e-03 9.9e+00 2.1e-03 
   470 2.0e+00 |  4.4e+06   4.4e+06 | 5.2e-02 1.0e+05 1.8e+04 | 2.9e-03 9.7e+00 2.0e-03 
   480 2.1e+00 |  4.4e+06   4.4e+06 | 5.1e-02 9.8e+04 2.3e+04 | 2.8e-03 9.5e+00 2.6e-03 
   490 2.1e+00 |  4.4e+06   4.4e+06 | 5.1e-02 9.6e+04 2.4e+04 | 2.8e-03 9.3e+00 2.8e-03 
   500 2.1e+00 |  4.4e+06   4.4e+06 | 5.1e-02 9.4e+04 2.1e+04 | 2.8e-03 9.1e+00 2.4e-03 
   510 2.2e+00 |  4.4e+06   4.4e+06 | 5.0e-02 9.2e+04 2.1e+04 | 2.7e-03 8.9e+00 2.4e-03 
   520 2.2e+00 |  4.4e+06   4.4e+06 | 4.9e-02 9.0e+04 2.4e+04 | 2.7e-03 8.7e+00 2.8e-03 
   530 2.2e+00 |  4.4e+06   4.4e+06 | 4.8e-02 8.8e+04 2.5e+04 | 2.6e-03 8.6e+00 2.8e-03 
   540 2.2e+00 |  4.4e+06   4.4e+06 | 4.8e-02 8.7e+04 2.3e+04 | 2.6e-03 8.4e+00 2.6e-03 
   550 2.3e+00 |  4.4e+06   4.4e+06 | 4.7e-02 8.5e+04 2.3e+04 | 2.6e-03 8.3e+00 2.6e-03 
   560 2.3e+00 |  4.4e+06   4.4e+06 | 4.6e-02 8.4e+04 2.5e+04 | 2.5e-03 8.1e+00 2.9e-03 
   570 2.3e+00 |  4.4e+06   4.4e+06 | 4.5e-02 8.2e+04 2.5e+04 | 2.5e-03 8.0e+00 2.9e-03 
   580 2.3e+00 |  4.4e+06   4.4e+06 | 4.5e-02 8.1e+04 2.4e+04 | 2.4e-03 7.9e+00 2.7e-03 
   590 2.4e+00 |  4.4e+06   4.4e+06 | 4.4e-02 8.0e+04 2.4e+04 | 2.4e-03 7.8e+00 2.7e-03 
   600 2.4e+00 |  4.4e+06   4.4e+06 | 4.3e-02 7.8e+04 2.6e+04 | 2.3e-03 7.6e+00 3.0e-03 
   610 2.4e+00 |  4.4e+06   4.4e+06 | 4.2e-02 7.7e+04 2.6e+04 | 2.3e-03 7.5e+00 3.0e-03 
   620 2.4e+00 |  4.4e+06   4.4e+06 | 4.1e-02 7.6e+04 2.5e+04 | 2.3e-03 7.4e+00 2.8e-03 
   630 2.5e+00 |  4.4e+06   4.4e+06 | 4.0e-02 7.5e+04 2.5e+04 | 2.2e-03 7.3e+00 2.8e-03 
   640 2.5e+00 |  4.4e+06   4.4e+06 | 4.0e-02 7.4e+04 2.6e+04 | 2.2e-03 7.2e+00 3.0e-03 
   650 2.5e+00 |  4.4e+06   4.4e+06 | 3.9e-02 7.3e+04 2.6e+04 | 2.1e-03 7.1e+00 3.0e-03 
   660 2.6e+00 |  4.4e+06   4.4e+06 | 3.8e-02 7.2e+04 2.5e+04 | 2.1e-03 7.0e+00 2.9e-03 
   670 2.6e+00 |  4.4e+06   4.4e+06 | 3.8e-02 7.1e+04 2.6e+04 | 2.1e-03 6.9e+00 2.9e-03 
   680 2.6e+00 |  4.4e+06   4.4e+06 | 3.7e-02 7.0e+04 2.7e+04 | 2.0e-03 6.8e+00 3.0e-03 
   690 2.6e+00 |  4.4e+06   4.4e+06 | 3.6e-02 6.9e+04 2.7e+04 | 2.0e-03 6.7e+00 3.0e-03 
   700 2.7e+00 |  4.4e+06   4.4e+06 | 3.6e-02 6.8e+04 2.6e+04 | 2.0e-03 6.6e+00 2.9e-03 
   710 2.7e+00 |  4.4e+06   4.4e+06 | 3.5e-02 6.7e+04 2.6e+04 | 1.9e-03 6.5e+00 2.9e-03 
   720 2.7e+00 |  4.4e+06   4.4e+06 | 3.5e-02 6.6e+04 2.7e+04 | 1.9e-03 6.4e+00 3.1e-03 
   730 2.7e+00 |  4.4e+06   4.4e+06 | 3.4e-02 6.5e+04 2.7e+04 | 1.9e-03 6.3e+00 3.0e-03 
   740 2.8e+00 |  4.4e+06   4.4e+06 | 3.4e-02 6.4e+04 2.6e+04 | 1.8e-03 6.2e+00 2.9e-03 
   750 2.8e+00 |  4.4e+06   4.4e+06 | 3.3e-02 6.3e+04 2.6e+04 | 1.8e-03 6.1e+00 2.9e-03 
   760 2.8e+00 |  4.4e+06   4.4e+06 | 3.3e-02 6.2e+04 2.7e+04 | 1.8e-03 6.0e+00 3.0e-03 
   770 2.9e+00 |  4.4e+06   4.4e+06 | 3.2e-02 6.1e+04 2.7e+04 | 1.8e-03 6.0e+00 3.0e-03 
   780 2.9e+00 |  4.4e+06   4.4e+06 | 3.2e-02 6.1e+04 2.6e+04 | 1.7e-03 5.9e+00 2.9e-03 
   790 2.9e+00 |  4.4e+06   4.4e+06 | 3.1e-02 6.0e+04 2.6e+04 | 1.7e-03 5.8e+00 2.9e-03 
   800 2.9e+00 |  4.4e+06   4.4e+06 | 3.1e-02 5.9e+04 2.6e+04 | 1.7e-03 5.7e+00 3.0e-03 
   810 3.0e+00 |  4.4e+06   4.4e+06 | 1.0e-01 5.6e+04 8.6e+03 | 5.7e-03 5.4e+00 9.8e-04 
   820 3.0e+00 |  4.4e+06   4.4e+06 | 1.3e-01 5.3e+04 4.3e+03 | 6.9e-03 5.1e+00 4.9e-04 
   830 3.0e+00 |  4.4e+06   4.4e+06 | 1.3e-01 5.0e+04 4.8e+03 | 7.3e-03 4.9e+00 5.5e-04 
   840 3.0e+00 |  4.4e+06   4.4e+06 | 1.3e-01 4.7e+04 9.4e+03 | 7.3e-03 4.6e+00 1.1e-03 
   850 3.1e+00 |  4.4e+06   4.4e+06 | 1.4e-01 4.5e+04 1.3e+04 | 7.5e-03 4.4e+00 1.4e-03 
   860 3.1e+00 |  4.4e+06   4.4e+06 | 1.4e-01 4.3e+04 1.2e+04 | 7.7e-03 4.2e+00 1.4e-03 
   870 3.1e+00 |  4.4e+06   4.4e+06 | 1.5e-01 4.1e+04 1.2e+04 | 7.9e-03 4.0e+00 1.3e-03 
   880 3.2e+00 |  4.4e+06   4.4e+06 | 1.5e-01 3.9e+04 1.2e+04 | 8.1e-03 3.8e+00 1.4e-03 
   890 3.2e+00 |  4.4e+06   4.4e+06 | 1.5e-01 3.7e+04 1.3e+04 | 8.1e-03 3.6e+00 1.5e-03 
   900 3.2e+00 |  4.4e+06   4.4e+06 | 1.5e-01 3.5e+04 1.2e+04 | 8.1e-03 3.4e+00 1.4e-03 
   910 3.2e+00 |  4.4e+06   4.4e+06 | 1.5e-01 3.3e+04 1.3e+04 | 8.1e-03 3.2e+00 1.4e-03 
   920 3.3e+00 |  4.4e+06   4.4e+06 | 1.5e-01 3.2e+04 1.3e+04 | 8.0e-03 3.1e+00 1.5e-03 
   930 3.3e+00 |  4.4e+06   4.4e+06 | 1.5e-01 3.0e+04 1.3e+04 | 8.0e-03 3.0e+00 1.5e-03 
   940 3.3e+00 |  4.4e+06   4.4e+06 | 1.4e-01 2.9e+04 1.2e+04 | 7.9e-03 2.8e+00 1.4e-03 
   950 3.3e+00 |  4.4e+06   4.4e+06 | 1.4e-01 2.8e+04 1.2e+04 | 7.8e-03 2.7e+00 1.4e-03 
   960 3.4e+00 |  4.4e+06   4.4e+06 | 1.4e-01 2.7e+04 1.3e+04 | 7.7e-03 2.6e+00 1.4e-03 
   970 3.4e+00 |  4.4e+06   4.4e+06 | 1.4e-01 2.6e+04 1.2e+04 | 7.6e-03 2.5e+00 1.4e-03 
   980 3.4e+00 |  4.4e+06   4.4e+06 | 1.4e-01 2.5e+04 1.2e+04 | 7.5e-03 2.4e+00 1.4e-03 
   990 3.4e+00 |  4.4e+06   4.4e+06 | 1.4e-01 2.4e+04 1.2e+04 | 7.4e-03 2.3e+00 1.3e-03 
  1000 3.5e+00 |  4.4e+06   4.4e+06 | 1.3e-01 2.3e+04 1.2e+04 | 7.2e-03 2.2e+00 1.3e-03 
  1100 3.7e+00 |  4.3e+06   4.4e+06 | 1.1e-01 1.7e+04 9.9e+03 | 6.1e-03 1.6e+00 1.1e-03 
  1200 4.0e+00 |  4.3e+06   4.4e+06 | 9.2e-02 1.3e+04 8.6e+03 | 5.0e-03 1.2e+00 9.9e-04 
  1300 4.2e+00 |  4.3e+06   4.4e+06 | 7.7e-02 1.0e+04 7.5e+03 | 4.2e-03 1.0e+00 8.6e-04 
  1400 4.5e+00 |  4.3e+06   4.4e+06 | 6.5e-02 8.8e+03 6.6e+03 | 3.5e-03 8.6e-01 7.6e-04 
  1500 4.7e+00 |  4.3e+06   4.3e+06 | 8.2e-02 4.5e+03 6.6e+01 | 4.5e-03 4.4e-01 7.6e-06 
  1600 5.0e+00 |  4.3e+06   4.3e+06 | 7.1e-02 3.2e+03 1.0e+03 | 3.9e-03 3.1e-01 1.2e-04 
  1700 5.2e+00 |  4.3e+06   4.3e+06 | 6.2e-02 2.4e+03 1.1e+03 | 3.4e-03 2.3e-01 1.3e-04 
  1800 5.4e+00 |  4.3e+06   4.3e+06 | 5.4e-02 1.9e+03 9.8e+02 | 2.9e-03 1.8e-01 1.1e-04 
  1900 5.7e+00 |  4.3e+06   4.3e+06 | 4.7e-02 1.6e+03 9.0e+02 | 2.6e-03 1.5e-01 1.0e-04 
  2000 5.9e+00 |  4.3e+06   4.3e+06 | 4.2e-02 1.3e+03 7.9e+02 | 2.3e-03 1.3e-01 9.1e-05 
  2100 6.2e+00 |  4.3e+06   4.3e+06 | 3.7e-02 1.1e+03 6.8e+02 | 2.0e-03 1.1e-01 7.8e-05 
  2200 6.4e+00 |  4.3e+06   4.3e+06 | 3.3e-02 9.9e+02 6.2e+02 | 1.8e-03 9.6e-02 7.1e-05 
  2300 6.7e+00 |  4.3e+06   4.3e+06 | 3.3e-02 6.1e+02 1.1e+02 | 1.8e-03 5.9e-02 1.2e-05 
  2400 6.9e+00 |  4.3e+06   4.3e+06 | 2.9e-02 4.7e+02 2.6e+02 | 1.6e-03 4.5e-02 3.0e-05 
  2500 7.2e+00 |  4.3e+06   4.3e+06 | 2.6e-02 3.9e+02 2.6e+02 | 1.4e-03 3.8e-02 3.0e-05 
  2600 7.4e+00 |  4.3e+06   4.3e+06 | 2.4e-02 3.3e+02 2.3e+02 | 1.3e-03 3.2e-02 2.6e-05 
  2700 7.6e+00 |  4.3e+06   4.3e+06 | 2.2e-02 2.8e+02 1.9e+02 | 1.2e-03 2.8e-02 2.2e-05 
  2800 7.9e+00 |  4.3e+06   4.3e+06 | 2.0e-02 2.5e+02 1.8e+02 | 1.1e-03 2.4e-02 2.1e-05 
  2900 8.1e+00 |  4.3e+06   4.3e+06 | 1.8e-02 2.2e+02 1.5e+02 | 9.9e-04 2.1e-02 1.8e-05 
  3000 8.4e+00 |  4.3e+06   4.3e+06 | 1.7e-02 2.0e+02 1.4e+02 | 9.1e-04 1.9e-02 1.6e-05 
  3100 8.6e+00 |  4.3e+06   4.3e+06 | 1.5e-02 1.8e+02 1.3e+02 | 8.5e-04 1.8e-02 1.5e-05 
  3200 8.9e+00 |  4.3e+06   4.3e+06 | 1.4e-02 1.6e+02 1.2e+02 | 7.9e-04 1.6e-02 1.4e-05 
  3300 9.1e+00 |  4.3e+06   4.3e+06 | 1.3e-02 1.5e+02 1.1e+02 | 7.3e-04 1.5e-02 1.2e-05 
  3400 9.4e+00 |  4.3e+06   4.3e+06 | 1.3e-02 1.4e+02 1.0e+02 | 6.9e-04 1.4e-02 1.2e-05 
  3500 9.6e+00 |  4.3e+06   4.3e+06 | 1.2e-02 1.3e+02 1.0e+02 | 6.4e-04 1.3e-02 1.2e-05 
  3600 9.9e+00 |  4.3e+06   4.3e+06 | 1.1e-02 1.2e+02 1.0e+02 | 6.0e-04 1.2e-02 1.2e-05 
  3700 1.0e+01 |  4.3e+06   4.3e+06 | 1.1e-02 9.6e+01 2.2e+01 | 5.8e-04 9.3e-03 2.5e-06 
  3800 1.0e+01 |  4.3e+06   4.3e+06 | 1.0e-02 8.1e+01 3.3e+01 | 5.5e-04 7.9e-03 3.7e-06 
  3900 1.1e+01 |  4.3e+06   4.3e+06 | 9.4e-03 7.2e+01 3.3e+01 | 5.1e-04 7.0e-03 3.8e-06 
  4000 1.1e+01 |  4.3e+06   4.3e+06 | 8.8e-03 6.6e+01 3.2e+01 | 4.8e-04 6.4e-03 3.7e-06 
  4100 1.1e+01 |  4.3e+06   4.3e+06 | 8.3e-03 6.1e+01 3.1e+01 | 4.5e-04 5.9e-03 3.6e-06 
  4200 1.1e+01 |  4.3e+06   4.3e+06 | 7.8e-03 5.6e+01 2.7e+01 | 4.3e-04 5.4e-03 3.1e-06 
  4300 1.2e+01 |  4.3e+06   4.3e+06 | 7.4e-03 5.2e+01 2.3e+01 | 4.0e-04 5.1e-03 2.7e-06 
  4400 1.2e+01 |  4.3e+06   4.3e+06 | 7.0e-03 4.9e+01 2.4e+01 | 3.8e-04 4.7e-03 2.7e-06 
  4500 1.2e+01 |  4.3e+06   4.3e+06 | 6.6e-03 4.6e+01 1.5e+01 | 3.6e-04 4.4e-03 1.8e-06 
  4600 1.2e+01 |  4.3e+06   4.3e+06 | 6.3e-03 4.3e+01 9.1e+00 | 3.4e-04 4.2e-03 1.0e-06 
  4700 1.3e+01 |  4.3e+06   4.3e+06 | 6.0e-03 4.1e+01 4.7e+00 | 3.3e-04 3.9e-03 5.4e-07 
  4800 1.3e+01 |  4.3e+06   4.3e+06 | 5.7e-03 3.8e+01 1.1e+00 | 3.1e-04 3.7e-03 1.2e-07 
  4900 1.3e+01 |  4.3e+06   4.3e+06 | 5.4e-03 3.6e+01 3.1e+00 | 3.0e-04 3.5e-03 3.6e-07 
  5000 1.3e+01 |  4.3e+06   4.3e+06 | 5.2e-03 3.4e+01 1.9e+00 | 2.8e-04 3.3e-03 2.2e-07 
  5100 1.4e+01 |  4.3e+06   4.3e+06 | 5.0e-03 3.3e+01 1.8e+00 | 2.7e-04 3.2e-03 2.1e-07 
  5200 1.4e+01 |  4.3e+06   4.3e+06 | 4.8e-03 3.1e+01 9.7e-01 | 2.6e-04 3.0e-03 1.1e-07 
  5300 1.4e+01 |  4.3e+06   4.3e+06 | 4.6e-03 3.0e+01 1.4e+00 | 2.5e-04 2.9e-03 1.7e-07 
  5400 1.4e+01 |  4.3e+06   4.3e+06 | 4.4e-03 2.8e+01 4.7e+00 | 2.4e-04 2.8e-03 5.4e-07 
  5500 1.5e+01 |  4.3e+06   4.3e+06 | 4.2e-03 2.7e+01 7.1e+00 | 2.3e-04 2.6e-03 8.1e-07 
  5600 1.5e+01 |  4.3e+06   4.3e+06 | 4.0e-03 2.6e+01 9.7e+00 | 2.2e-04 2.5e-03 1.1e-06 
  5700 1.5e+01 |  4.3e+06   4.3e+06 | 3.9e-03 2.5e+01 9.9e+00 | 2.1e-04 2.5e-03 1.1e-06 
  5800 1.5e+01 |  4.3e+06   4.3e+06 | 3.8e-03 2.4e+01 1.3e+01 | 2.0e-04 2.4e-03 1.5e-06 
  5900 1.5e+01 |  4.3e+06   4.3e+06 | 3.7e-03 2.2e+01 2.8e+00 | 2.0e-04 2.1e-03 3.3e-07 
  6000 1.6e+01 |  4.3e+06   4.3e+06 | 3.6e-03 2.0e+01 8.2e+00 | 2.0e-04 1.9e-03 9.4e-07 
  6100 1.6e+01 |  4.3e+06   4.3e+06 | 3.5e-03 1.9e+01 9.9e+00 | 1.9e-04 1.8e-03 1.1e-06 
  6200 1.6e+01 |  4.3e+06   4.3e+06 | 3.4e-03 1.7e+01 1.2e+01 | 1.9e-04 1.7e-03 1.4e-06 
  6300 1.6e+01 |  4.3e+06   4.3e+06 | 3.3e-03 1.7e+01 1.2e+01 | 1.8e-04 1.6e-03 1.3e-06 
  6400 1.7e+01 |  4.3e+06   4.3e+06 | 3.2e-03 1.6e+01 1.2e+01 | 1.7e-04 1.5e-03 1.3e-06 
  6500 1.7e+01 |  4.3e+06   4.3e+06 | 3.1e-03 1.5e+01 1.0e+01 | 1.7e-04 1.5e-03 1.2e-06 
  6600 1.7e+01 |  4.3e+06   4.3e+06 | 3.0e-03 1.4e+01 7.7e+00 | 1.6e-04 1.4e-03 8.8e-07 
  6700 1.7e+01 |  4.3e+06   4.3e+06 | 2.9e-03 1.4e+01 4.6e+00 | 1.6e-04 1.3e-03 5.3e-07 
  6800 1.8e+01 |  4.3e+06   4.3e+06 | 2.8e-03 1.3e+01 3.0e+00 | 1.5e-04 1.3e-03 3.5e-07 
  6900 1.8e+01 |  4.3e+06   4.3e+06 | 2.7e-03 1.2e+01 1.1e+00 | 1.5e-04 1.2e-03 1.2e-07 
  7000 1.8e+01 |  4.3e+06   4.3e+06 | 2.7e-03 1.2e+01 1.8e+00 | 1.5e-04 1.2e-03 2.1e-07 
  7100 1.8e+01 |  4.3e+06   4.3e+06 | 2.6e-03 1.1e+01 4.5e+00 | 1.4e-04 1.1e-03 5.2e-07 
  7200 1.9e+01 |  4.3e+06   4.3e+06 | 2.5e-03 1.1e+01 6.4e+00 | 1.4e-04 1.1e-03 7.3e-07 
  7300 1.9e+01 |  4.3e+06   4.3e+06 | 2.4e-03 1.1e+01 6.4e+00 | 1.3e-04 1.0e-03 7.3e-07 
  7400 1.9e+01 |  4.3e+06   4.3e+06 | 2.3e-03 1.0e+01 5.7e+00 | 1.3e-04 9.9e-04 6.5e-07 
  7500 1.9e+01 |  4.3e+06   4.3e+06 | 2.3e-03 9.9e+00 5.3e+00 | 1.2e-04 9.6e-04 6.0e-07 
  7600 2.0e+01 |  4.3e+06   4.3e+06 | 2.2e-03 9.6e+00 2.7e+00 | 1.2e-04 9.3e-04 3.1e-07 
  7700 2.0e+01 |  4.3e+06   4.3e+06 | 2.1e-03 9.3e+00 1.4e+00 | 1.2e-04 9.0e-04 1.6e-07 
  7800 2.0e+01 |  4.3e+06   4.3e+06 | 2.1e-03 9.0e+00 6.7e-01 | 1.1e-04 8.7e-04 7.7e-08 
  7900 2.0e+01 |  4.3e+06   4.3e+06 | 2.0e-03 8.7e+00 5.0e-02 | 1.1e-04 8.5e-04 5.8e-09 
  8000 2.1e+01 |  4.3e+06   4.3e+06 | 2.0e-03 8.5e+00 5.1e-01 | 1.1e-04 8.2e-04 5.8e-08 
  8100 2.1e+01 |  4.3e+06   4.3e+06 | 1.9e-03 8.2e+00 1.2e-01 | 1.0e-04 7.9e-04 1.3e-08 
  8200 2.1e+01 |  4.3e+06   4.3e+06 | 1.8e-03 7.9e+00 1.4e+00 | 1.0e-04 7.7e-04 1.6e-07 
  8300 2.1e+01 |  4.3e+06   4.3e+06 | 1.8e-03 7.7e+00 3.2e+00 | 9.8e-05 7.5e-04 3.7e-07 
  8400 2.2e+01 |  4.3e+06   4.3e+06 | 1.8e-03 7.5e+00 5.3e+00 | 9.6e-05 7.3e-04 6.2e-07 
  8500 2.2e+01 |  4.3e+06   4.3e+06 | 1.7e-03 7.2e+00 5.4e+00 | 9.3e-05 7.0e-04 6.2e-07 
  8600 2.2e+01 |  4.3e+06   4.3e+06 | 1.7e-03 7.0e+00 5.8e+00 | 9.1e-05 6.8e-04 6.7e-07 
  8700 2.2e+01 |  4.3e+06   4.3e+06 | 1.6e-03 6.9e+00 7.0e+00 | 8.9e-05 6.7e-04 8.0e-07 
  8800 2.3e+01 |  4.3e+06   4.3e+06 | 1.6e-03 6.7e+00 6.8e+00 | 8.6e-05 6.5e-04 7.8e-07 
  8900 2.3e+01 |  4.3e+06   4.3e+06 | 1.5e-03 6.5e+00 6.0e+00 | 8.4e-05 6.3e-04 6.9e-07 
  9000 2.3e+01 |  4.3e+06   4.3e+06 | 1.5e-03 6.3e+00 5.9e+00 | 8.2e-05 6.2e-04 6.8e-07 
  9100 2.3e+01 |  4.3e+06   4.3e+06 | 1.5e-03 6.2e+00 6.0e+00 | 8.0e-05 6.0e-04 6.9e-07 
  9200 2.4e+01 |  4.3e+06   4.3e+06 | 1.4e-03 6.0e+00 6.0e+00 | 7.9e-05 5.8e-04 6.9e-07 
  9300 2.4e+01 |  4.3e+06   4.3e+06 | 1.5e-03 5.6e+00 8.1e+00 | 7.9e-05 5.4e-04 9.3e-07 
  9400 2.4e+01 |  4.3e+06   4.3e+06 | 1.4e-03 5.3e+00 6.7e+00 | 7.8e-05 5.1e-04 7.7e-07 
  9500 2.4e+01 |  4.3e+06   4.3e+06 | 1.4e-03 5.0e+00 5.7e+00 | 7.8e-05 4.9e-04 6.6e-07 
  9600 2.5e+01 |  4.3e+06   4.3e+06 | 1.4e-03 4.8e+00 4.8e+00 | 7.6e-05 4.7e-04 5.5e-07 
  9700 2.5e+01 |  4.3e+06   4.3e+06 | 1.4e-03 4.7e+00 4.0e+00 | 7.5e-05 4.6e-04 4.6e-07 
  9800 2.5e+01 |  4.3e+06   4.3e+06 | 1.4e-03 4.5e+00 3.4e+00 | 7.4e-05 4.4e-04 3.9e-07 
  9900 2.5e+01 |  4.3e+06   4.3e+06 | 1.3e-03 4.4e+00 3.2e+00 | 7.3e-05 4.3e-04 3.6e-07 
 10000 2.6e+01 |  4.3e+06   4.3e+06 | 1.3e-03 4.3e+00 3.0e+00 | 7.1e-05 4.2e-04 3.4e-07 
 11000 2.8e+01 |  4.3e+06   4.3e+06 | 1.1e-03 3.2e+00 1.2e+00 | 5.9e-05 3.1e-04 1.3e-07 
 12000 3.0e+01 |  4.3e+06   4.3e+06 | 8.8e-04 2.6e+00 2.4e+00 | 4.8e-05 2.5e-04 2.7e-07 
 13000 3.3e+01 |  4.3e+06   4.3e+06 | 7.3e-04 2.1e+00 2.2e+00 | 4.0e-05 2.1e-04 2.5e-07 
 14000 3.5e+01 |  4.3e+06   4.3e+06 | 6.2e-04 1.8e+00 3.1e+00 | 3.4e-05 1.7e-04 3.6e-07 
 15000 3.8e+01 |  4.3e+06   4.3e+06 | 5.8e-04 1.4e+00 3.9e+00 | 3.2e-05 1.3e-04 4.5e-07 
 16000 4.0e+01 |  4.3e+06   4.3e+06 | 5.3e-04 1.1e+00 2.6e+00 | 2.9e-05 1.1e-04 3.0e-07 
 17000 4.3e+01 |  4.3e+06   4.3e+06 | 4.7e-04 9.6e-01 1.2e+00 | 2.6e-05 9.3e-05 1.4e-07 
 18000 4.5e+01 |  4.3e+06   4.3e+06 | 4.1e-04 8.2e-01 6.8e-01 | 2.3e-05 8.0e-05 7.9e-08 
 19000 4.8e+01 |  4.3e+06   4.3e+06 | 3.7e-04 7.1e-01 7.9e-01 | 2.0e-05 6.9e-05 9.1e-08 
 20000 5.0e+01 |  4.3e+06   4.3e+06 | 3.3e-04 6.3e-01 1.5e+00 | 1.8e-05 6.1e-05 1.7e-07 
---------------------------------------------------------------------------------------
Solution Summary
  Status             : ITERATION_LIMIT
  Solve time         : 49.7 sec
  Iterations         : 20000
  Primal objective   : 4344840.321
  Dual objective     : 4344838.839
  Objective gap      : 1.705e-07
  Primal infeas      : 1.784e-05
  Dual infeas        : 6.134e-05

### exit_code=0
### finished=2026-06-28T20:19:34.673672
### gpu_peak_mb=15318.9
### gpu_peak2_mb=10934.5
### per_gpu_peak_mb=[15318.9375, 10934.5, 10902.5, 10934.5, 10902.5, 10902.5, 10934.5, 10934.5]
