### solver=cuopt-base
### instance=/home/scratch.vmostovoi_gpu/datasets/PSLP_presolved/C5_bigger_sanitized_PSLP_presolved.mps
### n_gpus=1
### CUDA_VISIBLE_DEVICES=0
### started=2026-08-09T15:27:28.994526
### argv=/home/scratch.vmostovoi_gpu/mostovoi_cuopt/cpp/build/cuopt_cli --method 1 --presolve 0 --mps-reader experimental-fast --time-limit 3600 --iteration-limit 1000000000 --relative-primal-tolerance 1e-6 --relative-dual-tolerance 1e-6 --relative-gap-tolerance 1e-6 --log-to-console true /home/scratch.vmostovoi_gpu/datasets/PSLP_presolved/C5_bigger_sanitized_PSLP_presolved.mps
### --- solver output ---
Setting parameter iteration_limit to 1000000000
Setting parameter log_to_console to true
Setting parameter method to 1
Setting parameter presolve to 0
Setting parameter relative_dual_tolerance to 1.000000e-06
Setting parameter relative_gap_tolerance to 1.000000e-06
Setting parameter relative_primal_tolerance to 1.000000e-06
Setting parameter time_limit to 3.600000e+03
Reading file C5_bigger_sanitized_PSLP_presolved.mps
Using experimental fast MPS parser for '/home/scratch.vmostovoi_gpu/datasets/PSLP_presolved/C5_bigger_sanitized_PSLP_presolved.mps'
Read file C5_bigger_sanitized_PSLP_presolved.mps in 33.03 seconds
cuOpt version: 26.10.0, git hash: f3ebc673, host arch: x86_64, device archs: 100a-real
CPU: INTEL(R) XEON(R) PLATINUM 8570, threads (physical/logical): 112/224, RAM (available/total): 1950.42 / 2015.54 GiB
CUDA 13.3, device: NVIDIA B200 (ID 0), VRAM: 178.34 GiB
CUDA device UUID: 39caba6d-9872-92a0-a3e7-33667c56df0b
Solving a problem with 41815048 constraints, 299222166 variables (0 integers), and 645160824 nonzeros
Problem scaling:
Objective coefficents range:          [1e-16, 2e+03]
Constraint matrix coefficients range: [5e-07, 2e+02]
Constraint rhs / bounds range:        [1e-02, 5e+07]
Variable bounds range:                [1e-02, 2e+07]
Warning: input problem contains a large range of coefficients: consider reformulating to avoid numerical difficulties.

Objective offset 40147561288.382751 scaling_factor 1.000000
   Iter    Primal Obj.      Dual Obj.    Gap        Primal Res.  Dual Res.   Time
      0 +4.01475613e+10 +4.01475613e+10  0.00e+00   1.76e+08     7.32e+06   23.420s
   1000 -1.34962441e+11 +2.61642044e+13  2.63e+13   9.62e+06     6.94e+04   35.389s
   2000 -8.36951632e+10 +3.85021416e+12  3.93e+12   6.71e+06     1.97e+04   45.284s
   3000 -6.19348921e+10 +2.50331657e+12  2.57e+12   3.74e+06     1.11e+04   55.186s
   4000 -5.00094830e+10 +1.71812462e+12  1.77e+12   2.60e+06     7.53e+03   65.090s
   5000 -4.39182496e+10 +1.58922725e+12  1.63e+12   1.61e+06     5.48e+03   74.986s
   6000 -4.00114350e+10 +7.09606688e+11  7.50e+11   1.04e+06     2.33e+03   84.896s
   7000 -3.80693097e+10 +2.30960538e+11  2.69e+11   1.04e+06     1.47e+03   94.790s
   8000 -3.52570716e+10 +5.53318327e+10  9.06e+10   6.27e+05     7.07e+02   104.689s
   9000 -3.31587711e+10 +7.55620137e+10  1.09e+11   5.65e+05     5.82e+02   114.592s
  10000 -3.02985019e+10 +3.10032786e+10  6.13e+10   4.55e+05     4.24e+02   124.498s
  11000 -2.83145950e+10 +3.29908843e+10  6.13e+10   4.24e+05     3.87e+02   134.276s
  12000 -2.68279856e+10 +3.33727102e+10  6.02e+10   3.95e+05     3.62e+02   144.056s
  13000 -2.53550038e+10 +3.30037005e+10  5.84e+10   3.64e+05     3.36e+02   153.837s
  14000 -2.40482029e+10 +3.16633081e+10  5.57e+10   3.31e+05     3.08e+02   163.623s
  15000 -2.24767531e+10 +2.74731955e+10  4.99e+10   3.12e+05     2.63e+02   173.414s
  16000 -2.12982112e+10 +2.31531500e+10  4.45e+10   2.98e+05     2.48e+02   183.193s
  17000 -2.03961340e+10 +2.14324526e+10  4.18e+10   2.85e+05     2.35e+02   192.972s
  18000 -1.96324390e+10 +1.90524952e+10  3.87e+10   2.71e+05     2.22e+02   202.748s
  19000 -1.88138309e+10 +1.65230261e+10  3.53e+10   2.51e+05     2.07e+02   212.522s
  20000 -1.81162076e+10 +1.30946913e+10  3.12e+10   2.33e+05     1.96e+02   222.294s
  21000 -1.75104167e+10 +8.46000330e+09  2.60e+10   2.23e+05     1.79e+02   232.066s
  22000 -1.69593364e+10 +7.75377116e+08  1.77e+10   2.16e+05     1.67e+02   241.837s
  23000 -1.63313361e+10 -1.33275283e+08  1.62e+10   2.10e+05     1.21e+02   251.618s
  24000 -1.59184009e+10 -8.50976985e+09  7.41e+09   2.00e+05     9.77e+01   261.385s
  25000 -1.54845071e+10 -9.97987167e+09  5.50e+09   1.98e+05     9.36e+01   271.151s
  26000 -1.51496880e+10 -1.00860516e+10  5.06e+09   1.96e+05     8.98e+01   280.918s
  27000 -1.48465229e+10 -1.09252434e+10  3.92e+09   1.95e+05     8.79e+01   290.685s
  28000 -1.45615437e+10 -1.10120771e+10  3.55e+09   1.93e+05     8.68e+01   300.452s
  29000 -1.42678407e+10 -1.26904084e+10  1.58e+09   1.93e+05     8.41e+01   310.220s
  30000 -1.39777618e+10 -1.40110344e+10  3.33e+07   1.93e+05     8.11e+01   319.986s
  31000 -1.37103979e+10 -1.66559411e+10  2.95e+09   1.93e+05     7.66e+01   329.752s
  32000 -1.34130607e+10 -1.69367999e+10  3.52e+09   1.90e+05     7.32e+01   339.518s
  33000 -1.29836368e+10 -1.70929907e+10  4.11e+09   1.90e+05     8.15e+01   349.292s
  34000 -1.26025356e+10 -1.97103044e+10  7.11e+09   1.89e+05     7.95e+01   359.052s
  35000 -1.22748038e+10 -1.87191334e+10  6.44e+09   1.83e+05     7.79e+01   368.814s
  36000 -1.19188411e+10 -1.82576043e+10  6.34e+09   1.83e+05     7.71e+01   378.576s
  37000 -1.15978206e+10 -1.80430366e+10  6.45e+09   1.82e+05     7.66e+01   388.340s
  38000 -1.12544109e+10 -1.73254471e+10  6.07e+09   1.81e+05     7.58e+01   398.102s
  39000 -1.08376045e+10 -1.71218886e+10  6.28e+09   1.80e+05     7.54e+01   407.865s
  40000 -1.04763537e+10 -1.66157610e+10  6.14e+09   1.80e+05     7.49e+01   417.628s
  41000 -1.01370136e+10 -1.62660578e+10  6.13e+09   1.79e+05     7.41e+01   427.390s
  42000 -9.81320303e+09 -1.58020050e+10  5.99e+09   1.78e+05     7.37e+01   437.152s
  43000 -9.51318518e+09 -1.54804648e+10  5.97e+09   1.77e+05     7.28e+01   446.916s
  44000 -9.27007734e+09 -1.50753351e+10  5.81e+09   1.77e+05     7.23e+01   456.680s
  45000 -9.05405821e+09 -1.47205612e+10  5.67e+09   1.76e+05     7.20e+01   466.443s
  46000 -8.84432585e+09 -1.43664122e+10  5.52e+09   1.76e+05     7.18e+01   476.208s
  47000 -8.65489208e+09 -1.39883498e+10  5.33e+09   1.75e+05     7.15e+01   485.973s
  48000 -8.46125029e+09 -1.36319002e+10  5.17e+09   1.74e+05     7.12e+01   495.737s
  49000 -8.23776823e+09 -1.32832728e+10  5.05e+09   1.73e+05     7.09e+01   505.501s
  50000 -8.02504358e+09 -1.29292653e+10  4.90e+09   1.73e+05     7.08e+01   515.264s
  51000 -6.82060018e+09 -1.16061408e+10  4.79e+09   1.70e+05     5.31e+02   525.036s
  52000 -5.61263207e+09 -9.12881679e+09  3.52e+09   1.09e+05     4.48e+02   534.795s
  53000 -4.75249629e+09 -7.53654076e+09  2.78e+09   1.01e+05     4.31e+02   544.556s
  54000 -4.04228485e+09 -6.03321518e+09  1.99e+09   9.72e+04     4.19e+02   554.318s
  55000 -3.29051957e+09 -4.55047590e+09  1.26e+09   9.39e+04     4.05e+02   564.080s
  56000 -2.20564593e+09 -3.31562303e+09  1.11e+09   9.07e+04     3.91e+02   573.844s
  57000 -1.42192010e+09 -2.08172579e+09  6.60e+08   8.78e+04     3.80e+02   583.607s
  58000 -8.14085796e+08 -1.02077549e+09  2.07e+08   8.66e+04     3.72e+02   593.371s
  59000 -2.76685597e+08 +4.84217619e+07  3.25e+08   8.53e+04     3.66e+02   603.136s
  60000 +1.60971693e+08 +1.05548924e+09  8.95e+08   8.46e+04     3.62e+02   612.901s
  61000 +5.88588873e+08 +2.04816859e+09  1.46e+09   8.39e+04     3.58e+02   622.666s
  62000 +9.52761692e+08 +3.01931877e+09  2.07e+09   8.22e+04     3.49e+02   632.431s
  63000 +1.27543704e+09 +3.89781383e+09  2.62e+09   8.15e+04     3.45e+02   642.196s
  64000 +1.60010389e+09 +4.83978299e+09  3.24e+09   8.07e+04     3.39e+02   651.962s
  65000 +1.88368901e+09 +3.84041465e+09  1.96e+09   7.91e+04     3.28e+02   661.728s
  66000 +2.12821877e+09 +5.53808962e+09  3.41e+09   4.51e+04     2.10e+02   671.496s
  67000 +2.43114901e+09 +6.17688261e+09  3.75e+09   4.24e+04     1.96e+02   681.264s
  68000 +2.62402479e+09 +6.16752662e+09  3.54e+09   4.04e+04     1.87e+02   691.032s
  69000 +2.81599752e+09 +6.35264255e+09  3.54e+09   3.87e+04     1.80e+02   700.799s
  70000 +3.00973364e+09 +6.36439285e+09  3.35e+09   3.70e+04     1.72e+02   710.567s
  71000 +3.23277640e+09 +6.54422259e+09  3.31e+09   3.54e+04     1.66e+02   720.335s
  72000 +3.44611349e+09 +6.55256044e+09  3.11e+09   3.40e+04     1.60e+02   730.104s
  73000 +3.70865217e+09 +6.68295056e+09  2.97e+09   3.24e+04     1.54e+02   739.873s
  74000 +3.97638458e+09 +6.85798591e+09  2.88e+09   3.09e+04     1.49e+02   749.642s
  75000 +4.25056392e+09 +6.94012707e+09  2.69e+09   2.95e+04     1.44e+02   759.410s
  76000 +4.43050439e+09 +6.99653382e+09  2.57e+09   2.84e+04     1.39e+02   769.179s
  77000 +4.60109559e+09 +7.06439018e+09  2.46e+09   2.74e+04     1.35e+02   778.948s
  78000 +4.76319587e+09 +7.07583009e+09  2.31e+09   2.64e+04     1.31e+02   788.716s
  79000 +5.81099539e+09 +7.12203606e+09  1.31e+09   1.43e+04     4.55e+02   798.493s
  80000 +7.00580242e+09 +7.34542473e+09  3.40e+08   1.08e+04     3.73e+02   808.250s
  81000 +7.49653290e+09 +7.38962981e+09  1.07e+08   9.44e+03     3.47e+02   818.008s
  82000 +7.76899933e+09 +7.65977428e+09  1.09e+08   8.78e+03     3.30e+02   827.768s
  83000 +7.98268405e+09 +7.61421614e+09  3.68e+08   7.76e+03     3.15e+02   837.529s
  84000 +8.09428380e+09 +7.74724556e+09  3.47e+08   7.31e+03     3.02e+02   847.290s
  85000 +8.16973806e+09 +7.81283681e+09  3.57e+08   6.80e+03     2.87e+02   857.052s
  86000 +8.24994478e+09 +7.88103153e+09  3.69e+08   6.16e+03     2.69e+02   866.816s
  87000 +8.30474936e+09 +7.94355950e+09  3.61e+08   5.54e+03     2.41e+02   876.579s
  88000 +8.35363666e+09 +7.96526952e+09  3.88e+08   5.28e+03     2.32e+02   886.343s
  89000 +8.38447013e+09 +8.01943976e+09  3.65e+08   5.07e+03     2.25e+02   896.112s
  90000 +8.41893163e+09 +8.04366516e+09  3.75e+08   4.77e+03     2.05e+02   905.876s
  91000 +8.46673357e+09 +8.06227951e+09  4.04e+08   4.56e+03     1.93e+02   915.640s
  92000 +8.69093808e+09 +7.95775494e+09  7.33e+08   3.90e+03     5.85e+02   925.408s
  93000 +8.73770208e+09 +8.06208691e+09  6.76e+08   3.77e+03     5.40e+02   935.164s
  94000 +8.76913121e+09 +8.10309299e+09  6.66e+08   3.65e+03     5.15e+02   944.918s
  95000 +8.80578386e+09 +8.12202540e+09  6.84e+08   3.48e+03     4.96e+02   954.674s
  96000 +8.85387416e+09 +8.15420970e+09  7.00e+08   3.29e+03     4.77e+02   964.429s
  97000 +8.87540032e+09 +8.23179127e+09  6.44e+08   3.19e+03     4.60e+02   974.187s
  98000 +8.88883261e+09 +8.25348936e+09  6.35e+08   3.15e+03     4.41e+02   983.945s
  99000 +8.90694471e+09 +8.22706336e+09  6.80e+08   3.10e+03     4.31e+02   993.704s
 100000 +8.92423988e+09 +8.29142351e+09  6.33e+08   3.07e+03     4.19e+02   1003.462s
 101000 +8.93294854e+09 +8.27876308e+09  6.54e+08   3.02e+03     4.08e+02   1013.219s
 102000 +8.97008256e+09 +8.29049340e+09  6.80e+08   2.76e+03     3.96e+02   1022.976s
 103000 +9.00263748e+09 +8.33121108e+09  6.71e+08   2.54e+03     3.78e+02   1032.734s
 104000 +9.02143406e+09 +8.31692746e+09  7.05e+08   2.49e+03     3.70e+02   1042.492s
 105000 +9.03265374e+09 +8.34490905e+09  6.88e+08   2.44e+03     3.58e+02   1052.249s
 106000 +9.04325234e+09 +8.37777881e+09  6.65e+08   2.41e+03     3.47e+02   1062.008s
 107000 +9.05193605e+09 +8.36482723e+09  6.87e+08   2.38e+03     3.39e+02   1071.767s
 108000 +9.05879171e+09 +8.39572985e+09  6.63e+08   2.36e+03     3.31e+02   1081.527s
 109000 +9.06360112e+09 +8.41119606e+09  6.52e+08   2.34e+03     3.24e+02   1091.286s
 110000 +9.08460159e+09 +8.42456743e+09  6.60e+08   2.14e+03     3.16e+02   1101.046s
 111000 +9.09901178e+09 +8.37699720e+09  7.22e+08   2.06e+03     3.12e+02   1110.806s
 112000 +9.10851930e+09 +8.46604975e+09  6.42e+08   2.00e+03     3.04e+02   1120.566s
 113000 +9.11551894e+09 +8.54850391e+09  5.67e+08   1.99e+03     3.01e+02   1130.327s
 114000 +9.12334641e+09 +8.52127885e+09  6.02e+08   1.94e+03     2.94e+02   1140.087s
 115000 +9.13554706e+09 +8.50986463e+09  6.26e+08   1.84e+03     2.88e+02   1149.847s
 116000 +9.13970493e+09 +8.58009992e+09  5.60e+08   1.83e+03     2.83e+02   1159.607s
 117000 +9.14315042e+09 +8.56852554e+09  5.75e+08   1.81e+03     2.80e+02   1169.368s
 118000 +9.14717347e+09 +8.57541800e+09  5.72e+08   1.76e+03     2.76e+02   1179.129s
 119000 +9.15179723e+09 +8.64023081e+09  5.12e+08   1.77e+03     2.72e+02   1188.890s
 120000 +9.15954436e+09 +8.64107545e+09  5.18e+08   1.70e+03     2.68e+02   1198.651s
 121000 +9.17056778e+09 +8.66192614e+09  5.09e+08   1.62e+03     2.64e+02   1208.410s
 122000 +9.17320787e+09 +8.70562838e+09  4.68e+08   1.61e+03     2.61e+02   1218.171s
 123000 +9.17754305e+09 +8.72013324e+09  4.57e+08   1.59e+03     2.57e+02   1227.931s
 124000 +9.18017160e+09 +8.74332922e+09  4.37e+08   1.60e+03     2.54e+02   1237.692s
 125000 +9.18453527e+09 +8.77587736e+09  4.09e+08   1.57e+03     2.51e+02   1247.453s
 126000 +9.18695144e+09 +8.79266499e+09  3.94e+08   1.57e+03     2.49e+02   1257.214s
 127000 +9.19062936e+09 +8.83011697e+09  3.61e+08   1.55e+03     2.45e+02   1266.974s
 128000 +9.19621359e+09 +8.85140251e+09  3.45e+08   1.52e+03     2.43e+02   1276.736s
 129000 +9.19975648e+09 +8.87618696e+09  3.24e+08   1.51e+03     2.40e+02   1286.499s
 130000 +9.21892156e+09 +8.90071578e+09  3.18e+08   1.37e+03     2.36e+02   1296.261s
 131000 +9.23673176e+09 +8.92471727e+09  3.12e+08   1.31e+03     2.33e+02   1306.023s
 132000 +9.23739243e+09 +8.94598739e+09  2.91e+08   1.29e+03     2.30e+02   1315.785s
 133000 +9.24623230e+09 +8.97654278e+09  2.70e+08   1.24e+03     2.27e+02   1325.546s
 134000 +9.24935747e+09 +8.99972067e+09  2.50e+08   1.25e+03     2.25e+02   1335.307s
 135000 +9.25654028e+09 +9.02260284e+09  2.34e+08   1.19e+03     2.22e+02   1345.066s
 136000 +9.25886123e+09 +9.04112236e+09  2.18e+08   1.18e+03     2.19e+02   1354.827s
 137000 +9.26137418e+09 +9.06386790e+09  1.98e+08   1.19e+03     2.17e+02   1364.588s
 138000 +9.26370352e+09 +9.08950322e+09  1.74e+08   1.16e+03     2.14e+02   1374.348s
 139000 +9.26700409e+09 +9.10302749e+09  1.64e+08   1.15e+03     2.12e+02   1384.109s
 140000 +9.27002289e+09 +9.11827925e+09  1.52e+08   1.15e+03     2.09e+02   1393.871s
 141000 +9.27609046e+09 +9.14015043e+09  1.36e+08   1.10e+03     2.07e+02   1403.633s
 142000 +9.27778735e+09 +9.15943179e+09  1.18e+08   1.08e+03     2.05e+02   1413.395s
 143000 +9.34916070e+09 +9.10928997e+09  2.40e+08   9.22e+02     5.84e+02   1423.162s
 144000 +9.37176317e+09 +9.19539957e+09  1.76e+08   8.61e+02     5.56e+02   1432.915s
 145000 +9.41912550e+09 +9.02864322e+09  3.90e+08   6.11e+02     5.15e+03   1442.679s
 146000 +9.44766358e+09 +9.22335198e+09  2.24e+08   4.93e+02     4.03e+03   1452.433s
 147000 +9.46488182e+09 +9.28386390e+09  1.81e+08   3.89e+02     3.46e+03   1462.188s
 148000 +9.47295732e+09 +9.17861573e+09  2.94e+08   3.37e+02     2.98e+03   1471.945s
 149000 +9.48093151e+09 +9.38650049e+09  9.44e+07   2.71e+02     2.66e+03   1481.703s
 150000 +9.48627601e+09 +9.39414372e+09  9.21e+07   1.83e+02     2.38e+03   1491.462s
 151000 +9.48986524e+09 +9.28108956e+09  2.09e+08   1.45e+02     2.12e+03   1501.222s
 152000 +9.49265835e+09 +9.29466411e+09  1.98e+08   1.18e+02     1.95e+03   1510.982s
 153000 +9.49424017e+09 +9.32456923e+09  1.70e+08   1.02e+02     1.78e+03   1520.742s
 154000 +9.49535098e+09 +9.18977498e+09  3.06e+08   9.70e+01     1.64e+03   1530.503s
 155000 +9.49619319e+09 +9.41144028e+09  8.48e+07   9.31e+01     1.52e+03   1540.263s
 156000 +9.49684861e+09 +9.44290902e+09  5.39e+07   8.10e+01     1.42e+03   1550.024s
 157000 +9.49739155e+09 +9.42228807e+09  7.51e+07   7.24e+01     1.32e+03   1559.784s
 158000 +9.49785679e+09 +9.33436040e+09  1.63e+08   6.99e+01     1.23e+03   1569.545s
 159000 +9.49833773e+09 +9.37205277e+09  1.26e+08   6.98e+01     1.16e+03   1579.306s
 160000 +9.49868702e+09 +9.39085438e+09  1.08e+08   6.64e+01     1.09e+03   1589.067s
 161000 +9.49897330e+09 +9.36084660e+09  1.38e+08   6.01e+01     1.04e+03   1598.828s
 162000 +9.50419710e+09 +7.09598531e+09  2.41e+09   3.64e+01     4.82e+03   1608.595s
 163000 +9.50441204e+09 +6.94495694e+09  2.56e+09   2.39e+01     3.52e+03   1618.353s
 164000 +9.50451820e+09 +8.00225482e+09  1.50e+09   2.03e+01     3.08e+03   1628.112s
 165000 +9.50447802e+09 +8.54302493e+09  9.61e+08   1.90e+01     2.85e+03   1637.875s
 166000 +9.50451262e+09 +8.10784100e+09  1.40e+09   1.84e+01     2.77e+03   1647.640s
 167000 +9.50445082e+09 +8.28252385e+09  1.22e+09   1.81e+01     2.73e+03   1657.410s
 168000 +9.50439300e+09 +8.33351163e+09  1.17e+09   1.79e+01     2.70e+03   1667.172s
 169000 +9.50435586e+09 +8.73681714e+09  7.68e+08   1.78e+01     2.67e+03   1676.934s
 170000 +9.50433930e+09 +8.60915096e+09  8.95e+08   1.77e+01     2.66e+03   1686.697s
 171000 +9.50429594e+09 +8.62081882e+09  8.83e+08   1.76e+01     2.65e+03   1696.460s
 172000 +9.50427162e+09 +8.67410185e+09  8.30e+08   1.75e+01     2.65e+03   1706.222s
 173000 +9.50425314e+09 +8.61316043e+09  8.91e+08   1.75e+01     2.64e+03   1715.983s
 174000 +9.50424523e+09 +8.70042005e+09  8.04e+08   1.74e+01     2.63e+03   1725.747s
 175000 +9.50424412e+09 +8.75162337e+09  7.53e+08   1.74e+01     2.62e+03   1735.509s
 176000 +9.50423992e+09 +8.74680757e+09  7.57e+08   1.74e+01     2.62e+03   1745.272s
 177000 +9.50423376e+09 +8.77617078e+09  7.28e+08   1.74e+01     2.62e+03   1755.035s
 178000 +9.50422941e+09 +8.76559866e+09  7.39e+08   1.74e+01     2.62e+03   1764.796s
 179000 +9.50422522e+09 +8.74392901e+09  7.60e+08   1.73e+01     2.62e+03   1774.558s
 180000 +9.50422240e+09 +8.73961065e+09  7.65e+08   1.73e+01     2.61e+03   1784.321s
 181000 +9.50421585e+09 +8.70301994e+09  8.01e+08   1.73e+01     2.61e+03   1794.083s
 182000 +9.50420895e+09 +8.72477057e+09  7.79e+08   1.73e+01     2.61e+03   1803.846s
 183000 +9.50420800e+09 +8.74497560e+09  7.59e+08   1.73e+01     2.61e+03   1813.609s
 184000 +9.50421079e+09 +8.71951967e+09  7.85e+08   1.73e+01     2.61e+03   1823.372s
 185000 +9.50420424e+09 +8.71989488e+09  7.84e+08   1.72e+01     2.61e+03   1833.135s
 186000 +9.50419778e+09 +8.69639883e+09  8.08e+08   1.72e+01     2.61e+03   1842.898s
 187000 +9.50419583e+09 +8.69232290e+09  8.12e+08   1.72e+01     2.61e+03   1852.661s
 188000 +9.50418855e+09 +8.68045165e+09  8.24e+08   1.72e+01     2.61e+03   1862.424s
 189000 +9.50418650e+09 +8.67211446e+09  8.32e+08   1.72e+01     2.61e+03   1872.188s
 190000 +9.50418740e+09 +8.65440490e+09  8.50e+08   1.71e+01     2.60e+03   1881.952s
 191000 +9.50418496e+09 +8.64174575e+09  8.62e+08   1.71e+01     2.60e+03   1891.713s
 192000 +9.50418034e+09 +8.62068048e+09  8.83e+08   1.71e+01     2.60e+03   1901.477s
 193000 +9.50418251e+09 +8.60382728e+09  9.00e+08   1.71e+01     2.60e+03   1911.240s
 194000 +9.50418014e+09 +8.61162771e+09  8.93e+08   1.71e+01     2.60e+03   1921.003s
 195000 +9.50417582e+09 +8.59794549e+09  9.06e+08   1.71e+01     2.60e+03   1930.767s
 196000 +9.50417140e+09 +8.57231133e+09  9.32e+08   1.70e+01     2.60e+03   1940.529s
 197000 +9.50416853e+09 +8.56049809e+09  9.44e+08   1.70e+01     2.60e+03   1950.293s
 198000 +9.50416443e+09 +8.53660277e+09  9.68e+08   1.70e+01     2.60e+03   1960.056s
 199000 +9.50416216e+09 +8.52205579e+09  9.82e+08   1.70e+01     2.60e+03   1969.819s
 200000 +9.50416103e+09 +8.51804698e+09  9.86e+08   1.70e+01     2.60e+03   1979.582s
 201000 +9.50415976e+09 +8.49909745e+09  1.01e+09   1.70e+01     2.60e+03   1989.344s
 202000 +9.50415692e+09 +8.47830034e+09  1.03e+09   1.69e+01     2.60e+03   1999.107s
 203000 +9.50415358e+09 +8.46153835e+09  1.04e+09   1.69e+01     2.60e+03   2008.869s
 204000 +9.50415197e+09 +8.44539561e+09  1.06e+09   1.69e+01     2.60e+03   2018.632s
 205000 +9.50414995e+09 +8.43433686e+09  1.07e+09   1.69e+01     2.60e+03   2028.395s
 206000 +9.50414680e+09 +8.40868004e+09  1.10e+09   1.69e+01     2.60e+03   2038.157s
 207000 +9.50414399e+09 +8.39802097e+09  1.11e+09   1.68e+01     2.60e+03   2047.920s
 208000 +9.50414301e+09 +8.38793261e+09  1.12e+09   1.68e+01     2.60e+03   2057.683s
 209000 +9.50414032e+09 +8.35855279e+09  1.15e+09   1.68e+01     2.60e+03   2067.445s
 210000 +9.50413702e+09 +8.34050328e+09  1.16e+09   1.68e+01     2.60e+03   2077.210s
 211000 +9.50413567e+09 +8.33540395e+09  1.17e+09   1.67e+01     2.60e+03   2086.972s
 212000 +9.50413505e+09 +8.31989669e+09  1.18e+09   1.67e+01     2.60e+03   2096.736s
 213000 +9.50412879e+09 +8.29675806e+09  1.21e+09   1.67e+01     2.60e+03   2106.499s
 214000 +9.50412993e+09 +8.29612852e+09  1.21e+09   1.67e+01     2.60e+03   2116.263s
 215000 +9.50412773e+09 +8.26741774e+09  1.24e+09   1.67e+01     2.60e+03   2126.027s
 216000 +9.50412561e+09 +8.24657237e+09  1.26e+09   1.66e+01     2.60e+03   2135.789s
 217000 +9.50412137e+09 +8.23359827e+09  1.27e+09   1.66e+01     2.60e+03   2145.552s
 218000 +9.50411976e+09 +8.22026879e+09  1.28e+09   1.66e+01     2.60e+03   2155.316s
 219000 +9.50411924e+09 +8.20242283e+09  1.30e+09   1.66e+01     2.60e+03   2165.081s
 220000 +9.50411613e+09 +8.18195337e+09  1.32e+09   1.65e+01     2.60e+03   2174.844s
 221000 +9.50411305e+09 +8.16831307e+09  1.34e+09   1.65e+01     2.60e+03   2184.605s
 222000 +9.50411182e+09 +8.15324875e+09  1.35e+09   1.65e+01     2.60e+03   2194.366s
 223000 +9.50410962e+09 +8.13488707e+09  1.37e+09   1.65e+01     2.60e+03   2204.128s
 224000 +9.50410549e+09 +8.10734242e+09  1.40e+09   1.64e+01     2.59e+03   2213.890s
 225000 +9.50410344e+09 +8.09661351e+09  1.41e+09   1.64e+01     2.59e+03   2223.651s
 226000 +9.50410286e+09 +8.08970336e+09  1.41e+09   1.64e+01     2.59e+03   2233.413s
 227000 +9.50410009e+09 +8.06164203e+09  1.44e+09   1.63e+01     2.59e+03   2243.176s
 228000 +9.50409712e+09 +8.04637533e+09  1.46e+09   1.63e+01     2.59e+03   2252.939s
 229000 +9.50409684e+09 +8.04846944e+09  1.46e+09   1.63e+01     2.59e+03   2262.703s
 230000 +9.50409556e+09 +8.01390059e+09  1.49e+09   1.61e+01     2.59e+03   2272.467s
 231000 +9.50409155e+09 +8.00163997e+09  1.50e+09   1.61e+01     2.59e+03   2282.231s
 232000 +9.50409012e+09 +8.00141879e+09  1.50e+09   1.60e+01     2.59e+03   2291.996s
 233000 +9.50408922e+09 +7.96298232e+09  1.54e+09   1.60e+01     2.59e+03   2301.759s
 234000 +9.50408624e+09 +7.94458002e+09  1.56e+09   1.59e+01     2.59e+03   2311.523s
 235000 +9.50408409e+09 +7.94788318e+09  1.56e+09   1.59e+01     2.59e+03   2321.287s
 236000 +9.50408380e+09 +7.92032035e+09  1.58e+09   1.59e+01     2.59e+03   2331.050s
 237000 +9.50408222e+09 +7.90171511e+09  1.60e+09   1.59e+01     2.59e+03   2340.814s
 238000 +9.50407962e+09 +7.89043690e+09  1.61e+09   1.58e+01     2.59e+03   2350.578s
 239000 +9.50407800e+09 +7.86979481e+09  1.63e+09   1.57e+01     2.59e+03   2360.341s
 240000 +9.50407675e+09 +7.85935795e+09  1.64e+09   1.57e+01     2.59e+03   2370.106s
 241000 +9.50407360e+09 +7.84041470e+09  1.66e+09   1.57e+01     2.59e+03   2379.868s
 242000 +9.50407077e+09 +7.82462782e+09  1.68e+09   1.56e+01     2.59e+03   2389.630s
 243000 +9.50406924e+09 +7.81167428e+09  1.69e+09   1.56e+01     2.59e+03   2399.393s
 244000 +9.50406763e+09 +7.79842280e+09  1.71e+09   1.56e+01     2.59e+03   2409.156s
 245000 +9.50406539e+09 +7.77660052e+09  1.73e+09   1.56e+01     2.59e+03   2418.918s
 246000 +9.50406417e+09 +7.76410476e+09  1.74e+09   1.56e+01     2.59e+03   2428.682s
 247000 +9.50406364e+09 +7.74937631e+09  1.75e+09   1.56e+01     2.59e+03   2438.446s
 248000 +9.50406143e+09 +7.73072879e+09  1.77e+09   1.55e+01     2.59e+03   2448.208s
 249000 +9.50405850e+09 +7.71808378e+09  1.79e+09   1.54e+01     2.59e+03   2457.971s
 250000 +9.50405668e+09 +7.70857322e+09  1.80e+09   1.54e+01     2.58e+03   2467.735s
 251000 +9.50405510e+09 +7.68664089e+09  1.82e+09   1.53e+01     2.58e+03   2477.498s
 252000 +9.50405254e+09 +7.66985020e+09  1.83e+09   1.52e+01     2.58e+03   2487.260s
 253000 +9.50405893e+09 +7.56560022e+09  1.94e+09   1.52e+01     8.47e+03   2497.022s
 254000 +9.50405825e+09 +7.58950321e+09  1.91e+09   1.52e+01     8.48e+03   2506.775s
 255000 +9.50405828e+09 +7.52723013e+09  1.98e+09   1.52e+01     8.48e+03   2516.527s
 256000 +9.50405651e+09 +7.47178188e+09  2.03e+09   1.52e+01     8.48e+03   2526.279s
 257000 +9.50405594e+09 +7.41837993e+09  2.09e+09   1.52e+01     8.48e+03   2536.032s
 258000 +9.50405586e+09 +7.35677770e+09  2.15e+09   1.52e+01     8.48e+03   2545.784s
 259000 +9.50405546e+09 +7.29714329e+09  2.21e+09   1.51e+01     8.48e+03   2555.537s
 260000 +9.50405505e+09 +7.23809501e+09  2.27e+09   1.51e+01     8.48e+03   2565.288s
 261000 +9.50405440e+09 +7.17638059e+09  2.33e+09   1.51e+01     8.48e+03   2575.040s
 262000 +9.50405360e+09 +7.12049608e+09  2.38e+09   1.51e+01     8.48e+03   2584.790s
 263000 +9.50405300e+09 +7.05210683e+09  2.45e+09   1.51e+01     8.49e+03   2594.542s
 264000 +9.50405250e+09 +6.99344018e+09  2.51e+09   1.51e+01     8.49e+03   2604.295s
 265000 +9.50405203e+09 +6.93286986e+09  2.57e+09   1.51e+01     8.49e+03   2614.046s
 266000 +9.50405160e+09 +6.87332527e+09  2.63e+09   1.51e+01     8.49e+03   2623.798s
 267000 +9.50405094e+09 +6.81530829e+09  2.69e+09   1.50e+01     8.49e+03   2633.550s
 268000 +9.50405037e+09 +6.75568440e+09  2.75e+09   1.50e+01     8.49e+03   2643.300s
 269000 +9.50404979e+09 +6.68707800e+09  2.82e+09   1.50e+01     8.49e+03   2653.052s
 270000 +9.50404916e+09 +6.63578514e+09  2.87e+09   1.50e+01     8.49e+03   2662.805s
 271000 +9.50404862e+09 +6.57786893e+09  2.93e+09   1.50e+01     8.49e+03   2672.556s
 272000 +9.50404814e+09 +6.51681988e+09  2.99e+09   1.50e+01     8.49e+03   2682.308s
 273000 +9.50404765e+09 +6.45969432e+09  3.04e+09   1.50e+01     8.49e+03   2692.061s
 274000 +9.50404709e+09 +6.40013320e+09  3.10e+09   1.49e+01     8.49e+03   2701.814s
 275000 +9.50404650e+09 +6.34216656e+09  3.16e+09   1.49e+01     8.50e+03   2711.565s
 276000 +9.50404591e+09 +6.28316746e+09  3.22e+09   1.49e+01     8.50e+03   2721.317s
 277000 +9.50404533e+09 +6.22385541e+09  3.28e+09   1.49e+01     8.50e+03   2731.069s
 278000 +9.50404472e+09 +6.16708235e+09  3.34e+09   1.49e+01     8.50e+03   2740.820s
 279000 +9.50404433e+09 +6.10740310e+09  3.40e+09   1.48e+01     8.50e+03   2750.573s
 280000 +9.50404384e+09 +6.04777176e+09  3.46e+09   1.48e+01     8.50e+03   2760.327s
 281000 +9.50404323e+09 +5.98985572e+09  3.51e+09   1.48e+01     8.50e+03   2770.080s
 282000 +9.50404270e+09 +5.93333386e+09  3.57e+09   1.48e+01     8.50e+03   2779.833s
 283000 +9.50404207e+09 +5.87306063e+09  3.63e+09   1.48e+01     8.50e+03   2789.586s
 284000 +9.50404158e+09 +5.82191932e+09  3.68e+09   1.48e+01     8.50e+03   2799.338s
 285000 +9.50404099e+09 +5.76524014e+09  3.74e+09   1.47e+01     8.50e+03   2809.091s
 286000 +9.50404043e+09 +5.72317615e+09  3.78e+09   1.47e+01     8.50e+03   2818.844s
 287000 +9.50403993e+09 +5.66283510e+09  3.84e+09   1.47e+01     8.50e+03   2828.597s
 288000 +9.50403940e+09 +5.60630770e+09  3.90e+09   1.47e+01     8.50e+03   2838.348s
 289000 +9.50403887e+09 +5.55482402e+09  3.95e+09   1.46e+01     8.50e+03   2848.101s
 290000 +9.50403833e+09 +5.49828627e+09  4.01e+09   1.46e+01     8.50e+03   2857.854s
 291000 +9.50403778e+09 +5.44527029e+09  4.06e+09   1.46e+01     8.51e+03   2867.607s
 292000 +9.50403727e+09 +5.38723118e+09  4.12e+09   1.46e+01     8.51e+03   2877.360s
 293000 +9.50403672e+09 +5.33386459e+09  4.17e+09   1.46e+01     8.51e+03   2887.112s
 294000 +9.50403618e+09 +5.27755380e+09  4.23e+09   1.45e+01     8.51e+03   2896.863s
 295000 +9.50403567e+09 +5.22395515e+09  4.28e+09   1.45e+01     8.51e+03   2906.616s
 296000 +9.50403512e+09 +5.17064334e+09  4.33e+09   1.45e+01     8.51e+03   2916.369s
 297000 +9.50403456e+09 +5.11482543e+09  4.39e+09   1.45e+01     8.51e+03   2926.120s
 298000 +9.50403400e+09 +5.06076946e+09  4.44e+09   1.44e+01     8.51e+03   2935.872s
 299000 +9.50403346e+09 +5.01011753e+09  4.49e+09   1.44e+01     8.51e+03   2945.624s
 300000 +9.50403292e+09 +4.95515643e+09  4.55e+09   1.44e+01     8.51e+03   2955.378s
 301000 +9.50403242e+09 +4.90423092e+09  4.60e+09   1.44e+01     8.51e+03   2965.131s
 302000 +9.50403191e+09 +4.85281846e+09  4.65e+09   1.43e+01     8.51e+03   2974.884s
 303000 +9.50403139e+09 +4.80041659e+09  4.70e+09   1.43e+01     8.51e+03   2984.637s
 304000 +9.50403087e+09 +4.74522724e+09  4.76e+09   1.43e+01     8.51e+03   2994.390s
 305000 +9.50403034e+09 +4.69394331e+09  4.81e+09   1.43e+01     8.51e+03   3004.142s
 306000 +9.50402980e+09 +4.64247517e+09  4.86e+09   1.42e+01     8.51e+03   3013.895s
 307000 +9.50402926e+09 +4.59168671e+09  4.91e+09   1.42e+01     8.51e+03   3023.648s
 308000 +9.50402874e+09 +4.53877677e+09  4.97e+09   1.42e+01     8.51e+03   3033.401s
 309000 +9.50402818e+09 +4.48924399e+09  5.01e+09   1.41e+01     8.51e+03   3043.153s
 310000 +9.50402758e+09 +4.43690746e+09  5.07e+09   1.41e+01     8.51e+03   3052.907s
 311000 +9.50402697e+09 +4.38667855e+09  5.12e+09   1.41e+01     8.51e+03   3062.661s
 312000 +9.50402637e+09 +4.33696812e+09  5.17e+09   1.41e+01     8.51e+03   3072.414s
 313000 +9.50402593e+09 +4.28671780e+09  5.22e+09   1.40e+01     8.51e+03   3082.167s
 314000 +9.50402543e+09 +4.23635565e+09  5.27e+09   1.40e+01     8.51e+03   3091.919s
 315000 +9.50402498e+09 +4.18913612e+09  5.31e+09   1.40e+01     8.51e+03   3101.672s
 316000 +9.50402446e+09 +4.14321968e+09  5.36e+09   1.39e+01     8.51e+03   3111.425s
 317000 +9.50402386e+09 +4.08880337e+09  5.42e+09   1.39e+01     8.51e+03   3121.178s
 318000 +9.50402321e+09 +4.04413178e+09  5.46e+09   1.39e+01     8.51e+03   3130.931s
 319000 +9.50402274e+09 +4.00216004e+09  5.50e+09   1.38e+01     8.51e+03   3140.686s
 320000 +9.50402229e+09 +3.95174797e+09  5.55e+09   1.38e+01     8.51e+03   3150.440s
 321000 +9.50402178e+09 +3.90297812e+09  5.60e+09   1.38e+01     8.51e+03   3160.193s
 322000 +9.50402126e+09 +3.85728528e+09  5.65e+09   1.37e+01     8.51e+03   3169.946s
 323000 +9.50402074e+09 +3.81299562e+09  5.69e+09   1.37e+01     8.51e+03   3179.699s
 324000 +9.50402016e+09 +3.76000521e+09  5.74e+09   1.37e+01     8.51e+03   3189.452s
 325000 +9.50401958e+09 +3.71534322e+09  5.79e+09   1.36e+01     8.51e+03   3199.205s
 326000 +9.50401912e+09 +3.66880241e+09  5.84e+09   1.36e+01     8.51e+03   3208.958s
 327000 +9.50401863e+09 +3.62254196e+09  5.88e+09   1.36e+01     8.51e+03   3218.711s
 328000 +9.50401809e+09 +3.57320039e+09  5.93e+09   1.35e+01     8.50e+03   3228.465s
 329000 +9.50401760e+09 +3.53190023e+09  5.97e+09   1.35e+01     8.50e+03   3238.218s
 330000 +9.50401705e+09 +3.48601462e+09  6.02e+09   1.35e+01     8.50e+03   3247.973s
 331000 +9.50401650e+09 +3.44160564e+09  6.06e+09   1.34e+01     8.50e+03   3257.725s
 332000 +9.50401599e+09 +3.40029278e+09  6.10e+09   1.34e+01     8.50e+03   3267.478s
 333000 +9.50401549e+09 +3.35437558e+09  6.15e+09   1.34e+01     8.50e+03   3277.231s
 334000 +9.50401492e+09 +3.30957301e+09  6.19e+09   1.33e+01     8.50e+03   3286.985s
 335000 +9.50401443e+09 +3.26929925e+09  6.23e+09   1.33e+01     8.50e+03   3296.738s
 336000 +9.50401395e+09 +3.22550326e+09  6.28e+09   1.33e+01     8.50e+03   3306.491s
 337000 +9.50401343e+09 +3.17927647e+09  6.32e+09   1.32e+01     8.50e+03   3316.244s
 338000 +9.50401289e+09 +3.14087179e+09  6.36e+09   1.32e+01     8.50e+03   3325.998s
 339000 +9.50401239e+09 +3.09942856e+09  6.40e+09   1.31e+01     8.50e+03   3335.751s
 340000 +9.50401183e+09 +3.05714264e+09  6.45e+09   1.31e+01     8.50e+03   3345.507s
 341000 +9.50401129e+09 +3.01724660e+09  6.49e+09   1.31e+01     8.49e+03   3355.260s
 342000 +9.50401076e+09 +2.97871856e+09  6.53e+09   1.30e+01     8.49e+03   3365.014s
 343000 +9.50401024e+09 +2.93743055e+09  6.57e+09   1.30e+01     8.49e+03   3374.768s
 344000 +9.50400979e+09 +2.89641632e+09  6.61e+09   1.29e+01     8.49e+03   3384.522s
 345000 +9.50400926e+09 +2.85658778e+09  6.65e+09   1.29e+01     8.49e+03   3394.276s
 346000 +9.50400873e+09 +2.82503531e+09  6.68e+09   1.29e+01     8.49e+03   3404.030s
 347000 +9.50400819e+09 +2.78554642e+09  6.72e+09   1.28e+01     8.49e+03   3413.784s
 348000 +9.50400762e+09 +2.74585839e+09  6.76e+09   1.28e+01     8.49e+03   3423.539s
 349000 +9.50400719e+09 +2.71204961e+09  6.79e+09   1.27e+01     8.48e+03   3433.292s
 350000 +9.50400666e+09 +2.66858095e+09  6.84e+09   1.27e+01     8.48e+03   3443.047s
 351000 +9.50400613e+09 +2.63385682e+09  6.87e+09   1.27e+01     8.48e+03   3452.800s
 352000 +9.50400561e+09 +2.59322845e+09  6.91e+09   1.26e+01     8.48e+03   3462.554s
 353000 +9.50400507e+09 +2.55893325e+09  6.95e+09   1.26e+01     8.48e+03   3472.308s
 354000 +9.50400458e+09 +2.52483747e+09  6.98e+09   1.25e+01     8.48e+03   3482.062s
 355000 +9.50400405e+09 +2.48661635e+09  7.02e+09   1.25e+01     8.48e+03   3491.816s
 356000 +9.50400359e+09 +2.45375323e+09  7.05e+09   1.24e+01     8.47e+03   3501.569s
 357000 +9.50400307e+09 +2.42073088e+09  7.08e+09   1.24e+01     8.47e+03   3511.323s
 358000 +9.50400261e+09 +2.37890330e+09  7.13e+09   1.24e+01     8.47e+03   3521.077s
 359000 +9.50400200e+09 +2.34234246e+09  7.16e+09   1.23e+01     8.47e+03   3530.830s
 360000 +9.50400150e+09 +2.31963324e+09  7.18e+09   1.23e+01     8.47e+03   3540.584s
 361000 +9.50400096e+09 +2.27913798e+09  7.22e+09   1.22e+01     8.46e+03   3550.339s
 362000 +9.50400047e+09 +2.24853832e+09  7.26e+09   1.22e+01     8.46e+03   3560.091s
 363000 +9.50399996e+09 +2.20947012e+09  7.29e+09   1.21e+01     8.46e+03   3569.845s
 364000 +9.50399950e+09 +2.18185391e+09  7.32e+09   1.21e+01     8.46e+03   3579.599s
 365000 +9.50399895e+09 +2.16562000e+09  7.34e+09   1.21e+01     8.46e+03   3589.352s
 366000 +9.50399847e+09 +2.14166613e+09  7.36e+09   1.20e+01     8.45e+03   3599.106s
PDLP finished
Status: Time Limit   Objective: 9.50399838e+09  Iterations: 366200  Time: 3610.116s

### exit_code=0
### finished=2026-08-09T16:28:38.427793
### gpu_peak_mb=151290.4
### gpu_peak2_mb=0.0
### per_gpu_peak_mb=[151290.375]
