### solver=cuopt-base
### instance=/home/scratch.vmostovoi_gpu/datasets/mittleman_mps/Dual2_5000.mps
### n_gpus=1
### CUDA_VISIBLE_DEVICES=0
### started=2026-07-24T10:52:38.218239
### argv=/home/scratch.vmostovoi_gpu/mostovoi_cuopt/cpp/build/cuopt_cli --method 1 --mps-reader experimental-fast --time-limit 3600 --iteration-limit 1000000000 --relative-primal-tolerance 1e-6 --relative-dual-tolerance 1e-6 --relative-gap-tolerance 1e-6 --log-to-console true /home/scratch.vmostovoi_gpu/datasets/mittleman_mps/Dual2_5000.mps
### --- solver output ---
Setting parameter iteration_limit to 1000000000
Setting parameter log_to_console to true
Setting parameter method to 1
Setting parameter relative_dual_tolerance to 1.000000e-06
Setting parameter relative_gap_tolerance to 1.000000e-06
Setting parameter relative_primal_tolerance to 1.000000e-06
Setting parameter time_limit to 3.600000e+03
Reading file Dual2_5000.mps
Using experimental fast MPS parser for '/home/scratch.vmostovoi_gpu/datasets/mittleman_mps/Dual2_5000.mps'
Read file Dual2_5000.mps in 13.24 seconds
cuOpt version: 26.8.0, git hash: 7116ead1, host arch: x86_64, device archs: 100a-real
CPU: INTEL(R) XEON(R) PLATINUM 8570, threads (physical/logical): 112/224, RAM: 1162.34 GiB
CUDA 13.3, device: NVIDIA B200 (ID 0), VRAM: 178.34 GiB
CUDA device UUID: 5b3b2195-5d98-9774-145e-bfc9011037d7
Solving a problem with 30000600 constraints, 33050602 variables (0 integers), and 93001800 nonzeros
Problem scaling:
Objective coefficents range:          [2e+00, 2e+06]
Constraint matrix coefficients range: [1e+00, 1e+02]
Constraint rhs / bounds range:        [4e-06, 2e+01]
Variable bounds range:                [0e+00, 1e+11]
Warning: input problem contains a large range of coefficients: consider reformulating to avoid numerical difficulties.

Using PSLP presolver
PSLP Presolved problem: 30000600 constraints, 33050002 variables, 93001200 non-zeros
PSLP presolve time: 16.24s
Objective offset 0.000000 scaling_factor 1.000000
   Iter    Primal Obj.      Dual Obj.    Gap        Primal Res.  Dual Res.   Time
      0 +0.00000000e+00 +0.00000000e+00  0.00e+00   3.75e+02     1.80e+06   18.908s
   1000 -1.19209824e+04 -1.14515429e+04  4.69e+02   1.39e+01     1.07e+02   20.910s
   2000 -9.99038420e+03 -1.00384635e+04  4.81e+01   4.23e+00     1.27e+02   22.593s
   3000 -8.99468348e+03 -9.34812903e+03  3.53e+02   7.02e-01     8.00e+01   24.279s
   4000 -8.96332838e+03 -9.05024029e+03  8.69e+01   1.56e-01     6.87e+00   25.965s
   5000 -9.01906929e+03 -9.01510421e+03  3.97e+00   2.29e-03     1.17e+00   27.652s
   6000 -9.01810165e+03 -9.01898045e+03  8.79e-01   4.20e-04     1.56e-01   29.341s
   7000 -9.01824985e+03 -9.01756243e+03  6.87e-01   4.61e-07     1.45e-01   31.025s
   7500 -9.01825100e+03 -9.01823575e+03  1.52e-02   2.77e-06     3.04e-03   31.869s
LP Solver status:                Optimal
Primal objective:                -9.01825100e+03
Dual objective:                  -9.01823575e+03
Duality gap (abs/rel):           +1.52e-02 / +8.45e-07
Primal infeasibility (abs/rel):  +2.77e-06 / +7.37e-09
Dual infeasibility (abs/rel):    +3.04e-03 / +1.69e-09
PDLP finished
Status: Optimal   Objective: -9.01825100e+03  Iterations: 7500  Time: 31.899s

### exit_code=0
### finished=2026-07-24T10:53:31.389807
### gpu_peak_mb=29114.4
### gpu_peak2_mb=0.0
### per_gpu_peak_mb=[29114.375]
