### solver=cuopt-base
### instance=/home/scratch.cmaes_sw/hans_lps/ex10.mps
### n_gpus=1
### CUDA_VISIBLE_DEVICES=0
### started=2026-07-31T16:03:46.029135
### argv=/home/scratch.vmostovoi_gpu/mostovoi_cuopt/cpp/build/cuopt_cli --method 1 --mps-reader experimental-fast --time-limit 3600 --iteration-limit 1000000000 --relative-primal-tolerance 1e-6 --relative-dual-tolerance 1e-6 --relative-gap-tolerance 1e-6 --log-to-console true /home/scratch.cmaes_sw/hans_lps/ex10.mps
### --- solver output ---
Setting parameter iteration_limit to 1000000000
Setting parameter log_to_console to true
Setting parameter method to 1
Setting parameter relative_dual_tolerance to 1.000000e-06
Setting parameter relative_gap_tolerance to 1.000000e-06
Setting parameter relative_primal_tolerance to 1.000000e-06
Setting parameter time_limit to 3.600000e+03
Reading file ex10.mps
Using experimental fast MPS parser for '/home/scratch.cmaes_sw/hans_lps/ex10.mps'
Read file ex10.mps in 0.24 seconds
cuOpt version: 26.8.0, git hash: 7116ead1, host arch: x86_64, device archs: 100a-real
CPU: INTEL(R) XEON(R) PLATINUM 8570, threads (physical/logical): 112/224, RAM: 1782.45 GiB
CUDA 13.3, device: NVIDIA B200 (ID 0), VRAM: 178.34 GiB
CUDA device UUID: 1e26c45a-4f9e-e75b-c128-d0e6ab6abfe5
Solving a problem with 69608 constraints, 17680 variables (0 integers), and 1162000 nonzeros
Problem scaling:
Objective coefficents range:          [1e+00, 1e+00]
Constraint matrix coefficients range: [1e+00, 1e+00]
Constraint rhs / bounds range:        [1e+00, 1e+00]
Variable bounds range:                [0e+00, 1e+00]

Using PSLP presolver
PSLP Presolved problem: 62934 constraints, 15896 variables, 1032200 non-zeros
PSLP presolve time: 0.14s
Objective offset 0.000000 scaling_factor 1.000000
   Iter    Primal Obj.      Dual Obj.    Gap        Primal Res.  Dual Res.   Time
      0 +0.00000000e+00 +0.00000000e+00  0.00e+00   1.41e+01     1.27e+02   0.270s
    650 +9.99999968e+01 +9.99999385e+01  5.83e-05   3.64e-05     2.04e-04   0.319s
LP Solver status:                Optimal
Primal objective:                +9.99999968e+01
Dual objective:                  +9.99999385e+01
Duality gap (abs/rel):           +5.83e-05 / +2.90e-07
Primal infeasibility (abs/rel):  +3.64e-05 / +2.41e-06
Dual infeasibility (abs/rel):    +2.04e-04 / +1.60e-06
PDLP finished
Status: Optimal   Objective: 9.99999968e+01  Iterations: 650  Time: 0.320s

### exit_code=0
### finished=2026-07-31T16:03:47.458645
### gpu_peak_mb=1562.4
### gpu_peak2_mb=0.0
### per_gpu_peak_mb=[1562.375]
