### solver=cuopt-base
### instance=/home/scratch.cmaes_sw/hans_lps/i_n13.mps
### n_gpus=1
### CUDA_VISIBLE_DEVICES=0
### started=2026-07-31T16:04:30.774915
### argv=/home/scratch.vmostovoi_gpu/mostovoi_cuopt/cpp/build/cuopt_cli --method 1 --mps-reader experimental-fast --time-limit 3600 --iteration-limit 1000000000 --relative-primal-tolerance 1e-6 --relative-dual-tolerance 1e-6 --relative-gap-tolerance 1e-6 --log-to-console true /home/scratch.cmaes_sw/hans_lps/i_n13.mps
### --- solver output ---
Setting parameter iteration_limit to 1000000000
Setting parameter log_to_console to true
Setting parameter method to 1
Setting parameter relative_dual_tolerance to 1.000000e-06
Setting parameter relative_gap_tolerance to 1.000000e-06
Setting parameter relative_primal_tolerance to 1.000000e-06
Setting parameter time_limit to 3.600000e+03
Reading file i_n13.mps
Using experimental fast MPS parser for '/home/scratch.cmaes_sw/hans_lps/i_n13.mps'
Read file i_n13.mps in 0.45 seconds
cuOpt version: 26.8.0, git hash: 7116ead1, host arch: x86_64, device archs: 100a-real
CPU: INTEL(R) XEON(R) PLATINUM 8570, threads (physical/logical): 112/224, RAM: 1776.83 GiB
CUDA 13.3, device: NVIDIA B200 (ID 0), VRAM: 178.34 GiB
CUDA device UUID: 1e26c45a-4f9e-e75b-c128-d0e6ab6abfe5
Solving a problem with 8192 constraints, 741455 variables (0 integers), and 1482910 nonzeros
Problem scaling:
Objective coefficents range:          [1e+00, 4e+03]
Constraint matrix coefficients range: [1e+00, 1e+00]
Constraint rhs / bounds range:        [9e+06, 9e+06]
Variable bounds range:                [0e+00, 9e+06]
Warning: input problem contains a large range of coefficients: consider reformulating to avoid numerical difficulties.

Using PSLP presolver
PSLP Presolved problem: 8191 constraints, 739976 variables, 1479952 non-zeros
PSLP presolve time: 0.25s
Objective offset 0.000000 scaling_factor 1.000000
   Iter    Primal Obj.      Dual Obj.    Gap        Primal Res.  Dual Res.   Time
      0 +0.00000000e+00 +0.00000000e+00  0.00e+00   1.28e+07     1.79e+06   0.409s
   1000 +7.60399722e+11 +1.12422756e+12  3.64e+11   1.03e+05     1.65e+05   0.492s
   2000 +8.64221375e+11 +1.07901308e+12  2.15e+11   4.07e+04     8.78e+04   0.534s
   3000 +9.00421616e+11 +1.06359106e+12  1.63e+11   1.99e+04     6.50e+04   0.576s
   4000 +9.21356713e+11 +1.05403281e+12  1.33e+11   8.63e+03     5.59e+04   0.618s
   5000 +9.33962545e+11 +1.04937056e+12  1.15e+11   3.01e+03     5.21e+04   0.660s
   6000 +9.42557588e+11 +1.03610001e+12  9.35e+10   5.67e+03     4.67e+04   0.702s
   7000 +9.49755018e+11 +1.01081641e+12  6.11e+10   1.83e+04     3.89e+04   0.743s
   8000 +9.52930111e+11 +9.85370588e+11  3.24e+10   2.30e+04     3.24e+04   0.785s
   9000 +9.54644226e+11 +9.65505612e+11  1.09e+10   2.50e+04     2.75e+04   0.827s
  10000 +9.66062069e+11 +9.18566296e+11  4.75e+10   4.66e+04     2.05e+04   0.868s
  11000 +9.79121760e+11 +8.97672607e+11  8.14e+10   5.82e+04     1.74e+04   0.909s
  12000 +9.88965741e+11 +8.80055329e+11  1.09e+11   6.49e+04     1.50e+04   0.950s
  13000 +9.96605473e+11 +8.64393632e+11  1.32e+11   6.92e+04     1.31e+04   0.990s
  14000 +1.00263813e+12 +8.53138265e+11  1.49e+11   6.89e+04     1.16e+04   1.031s
  15000 +1.01717227e+12 +8.19493565e+11  1.98e+11   7.60e+04     9.02e+03   1.071s
  16000 +1.03523902e+12 +8.00687812e+11  2.35e+11   8.73e+04     7.39e+03   1.112s
  17000 +1.04956154e+12 +7.86154859e+11  2.63e+11   9.06e+04     6.18e+03   1.152s
  18000 +1.06092863e+12 +7.76509736e+11  2.84e+11   9.51e+04     5.29e+03   1.193s
  19000 +1.06979691e+12 +7.67598637e+11  3.02e+11   9.55e+04     4.52e+03   1.233s
  20000 +1.07628007e+12 +7.61326245e+11  3.15e+11   9.79e+04     3.89e+03   1.274s
  21000 +1.08107963e+12 +7.57422189e+11  3.24e+11   9.58e+04     3.40e+03   1.314s
  22000 +1.08450801e+12 +7.54588725e+11  3.30e+11   9.59e+04     3.00e+03   1.355s
  23000 +1.08861557e+12 +7.43271096e+11  3.45e+11   9.66e+04     2.32e+03   1.396s
  24000 +1.09346417e+12 +7.39830281e+11  3.54e+11   9.66e+04     1.94e+03   1.436s
  25000 +1.09676707e+12 +7.37923316e+11  3.59e+11   9.55e+04     1.65e+03   1.477s
  26000 +1.09889502e+12 +7.36926855e+11  3.62e+11   9.45e+04     1.42e+03   1.517s
  27000 +1.10014855e+12 +7.36250277e+11  3.64e+11   9.29e+04     1.21e+03   1.558s
  28000 +1.10032429e+12 +7.36205030e+11  3.64e+11   9.09e+04     1.04e+03   1.598s
  29000 +1.09953683e+12 +7.36930136e+11  3.63e+11   9.02e+04     9.17e+02   1.639s
  30000 +1.09836322e+12 +7.37952425e+11  3.60e+11   8.83e+04     8.19e+02   1.679s
  31000 +1.09701115e+12 +7.39743940e+11  3.57e+11   8.73e+04     7.53e+02   1.720s
  32000 +1.09553009e+12 +7.41503960e+11  3.54e+11   8.66e+04     7.01e+02   1.760s
  33000 +1.09387765e+12 +7.43175152e+11  3.51e+11   8.47e+04     6.56e+02   1.801s
  34000 +1.09180174e+12 +7.45005971e+11  3.47e+11   8.35e+04     6.33e+02   1.841s
  35000 +1.08946262e+12 +7.47087464e+11  3.42e+11   8.13e+04     6.16e+02   1.882s
  36000 +1.08794495e+12 +7.51519900e+11  3.36e+11   8.07e+04     2.86e+03   1.923s
  37000 +1.08409957e+12 +7.59519270e+11  3.25e+11   7.89e+04     3.34e+03   1.963s
  38000 +1.07682212e+12 +7.66843378e+11  3.10e+11   7.45e+04     3.81e+03   2.004s
  39000 +1.06782202e+12 +7.74675763e+11  2.93e+11   7.13e+04     4.14e+03   2.044s
  40000 +1.05789243e+12 +7.80874778e+11  2.77e+11   6.83e+04     4.42e+03   2.086s
  41000 +1.04715031e+12 +7.86756903e+11  2.60e+11   6.48e+04     4.65e+03   2.127s
  42000 +1.03642235e+12 +7.92209183e+11  2.44e+11   6.23e+04     4.85e+03   2.167s
  43000 +1.02529075e+12 +7.96602195e+11  2.29e+11   5.88e+04     5.02e+03   2.208s
  44000 +1.01532209e+12 +8.00612944e+11  2.15e+11   5.47e+04     5.09e+03   2.248s
  45000 +1.00434881e+12 +8.03175248e+11  2.01e+11   5.31e+04     5.25e+03   2.289s
  46000 +9.93134652e+11 +8.05335300e+11  1.88e+11   4.93e+04     5.32e+03   2.329s
  47000 +9.81300658e+11 +8.07325441e+11  1.74e+11   4.61e+04     5.41e+03   2.370s
  48000 +9.70531245e+11 +8.08300565e+11  1.62e+11   4.25e+04     5.41e+03   2.410s
  49000 +9.60433511e+11 +8.09977982e+11  1.50e+11   3.85e+04     5.38e+03   2.451s
  50000 +9.51412697e+11 +8.10300972e+11  1.41e+11   3.45e+04     5.30e+03   2.491s
  51000 +9.43170715e+11 +8.11275878e+11  1.32e+11   3.31e+04     5.22e+03   2.533s
  52000 +9.35308703e+11 +8.11779308e+11  1.24e+11   2.97e+04     5.12e+03   2.573s
  53000 +9.28248857e+11 +8.12081434e+11  1.16e+11   2.66e+04     5.02e+03   2.614s
  54000 +9.22153982e+11 +8.13309028e+11  1.09e+11   2.47e+04     4.87e+03   2.654s
  55000 +9.16978465e+11 +8.14118931e+11  1.03e+11   2.27e+04     4.76e+03   2.695s
  56000 +9.13055668e+11 +8.12801679e+11  1.00e+11   2.19e+04     5.34e+03   2.735s
  57000 +9.02773296e+11 +8.09218133e+11  9.36e+10   1.88e+04     6.83e+03   2.776s
  58000 +8.89899257e+11 +8.07570663e+11  8.23e+10   1.06e+04     6.78e+03   2.817s
  59000 +8.81637185e+11 +8.07637179e+11  7.40e+10   7.42e+03     6.11e+03   2.857s
  60000 +8.76847719e+11 +8.07863744e+11  6.90e+10   4.79e+03     5.64e+03   2.897s
  61000 +8.73952837e+11 +8.08669776e+11  6.53e+10   3.64e+03     5.34e+03   2.938s
  62000 +8.72042941e+11 +8.09399663e+11  6.26e+10   3.03e+03     5.12e+03   2.978s
  63000 +8.70595744e+11 +8.10206550e+11  6.04e+10   2.33e+03     4.95e+03   3.019s
  64000 +8.69414592e+11 +8.10627035e+11  5.88e+10   2.01e+03     4.85e+03   3.059s
  65000 +8.68397850e+11 +8.11334684e+11  5.71e+10   1.79e+03     4.76e+03   3.100s
  66000 +8.67480176e+11 +8.11634254e+11  5.58e+10   1.55e+03     4.68e+03   3.140s
  67000 +8.66633626e+11 +8.12332574e+11  5.43e+10   1.35e+03     4.59e+03   3.181s
  68000 +8.65889984e+11 +8.12875918e+11  5.30e+10   1.21e+03     4.52e+03   3.222s
  69000 +8.65165075e+11 +8.13440268e+11  5.17e+10   1.04e+03     4.46e+03   3.262s
  70000 +8.64485350e+11 +8.13990154e+11  5.05e+10   9.32e+02     4.39e+03   3.303s
  71000 +8.63840323e+11 +8.14530405e+11  4.93e+10   7.58e+02     4.32e+03   3.343s
  72000 +8.63261370e+11 +8.14944446e+11  4.83e+10   7.01e+02     4.27e+03   3.384s
  73000 +8.62716244e+11 +8.15654789e+11  4.71e+10   6.71e+02     4.20e+03   3.424s
  74000 +8.62227770e+11 +8.16103874e+11  4.61e+10   5.84e+02     4.14e+03   3.465s
  75000 +8.61764179e+11 +8.16479206e+11  4.53e+10   5.80e+02     4.09e+03   3.505s
  76000 +8.61335917e+11 +8.16951959e+11  4.44e+10   5.07e+02     4.04e+03   3.546s
  77000 +8.60901609e+11 +8.17362307e+11  4.35e+10   4.04e+02     3.98e+03   3.586s
  78000 +8.60470797e+11 +8.17886939e+11  4.26e+10   4.35e+02     3.92e+03   3.627s
  79000 +8.60053014e+11 +8.18312727e+11  4.17e+10   3.51e+02     3.88e+03   3.667s
  80000 +8.59653419e+11 +8.18961564e+11  4.07e+10   2.81e+02     3.81e+03   3.708s
  81000 +8.59274047e+11 +8.19419108e+11  3.99e+10   3.94e+02     3.75e+03   3.748s
  82000 +8.58900806e+11 +8.19981470e+11  3.89e+10   3.54e+02     3.68e+03   3.789s
  83000 +8.58564162e+11 +8.20339579e+11  3.82e+10   2.13e+02     3.64e+03   3.829s
  84000 +8.58258900e+11 +8.20828201e+11  3.74e+10   1.74e+02     3.59e+03   3.870s
  85000 +8.57996876e+11 +8.21230908e+11  3.68e+10   2.09e+02     3.55e+03   3.910s
  86000 +8.57744064e+11 +8.21446736e+11  3.63e+10   2.00e+02     3.51e+03   3.951s
  87000 +8.55286626e+11 +8.22698150e+11  3.26e+10   9.23e+02     3.28e+03   3.991s
  88000 +8.49687316e+11 +8.24693887e+11  2.50e+10   2.14e+03     3.05e+03   4.032s
  89000 +8.44637336e+11 +8.26619738e+11  1.80e+10   3.70e+03     2.80e+03   4.072s
  90000 +8.40394469e+11 +8.28613554e+11  1.18e+10   5.25e+03     2.55e+03   4.113s
  91000 +8.36904905e+11 +8.30625410e+11  6.28e+09   6.47e+03     2.28e+03   4.153s
  92000 +8.34045529e+11 +8.32378517e+11  1.67e+09   7.87e+03     2.06e+03   4.194s
  93000 +8.31759154e+11 +8.34237415e+11  2.48e+09   8.82e+03     1.83e+03   4.234s
  94000 +8.30171807e+11 +8.35540682e+11  5.37e+09   8.94e+03     1.65e+03   4.275s
  95000 +8.28955186e+11 +8.36740984e+11  7.79e+09   9.48e+03     1.48e+03   4.315s
  96000 +8.28101691e+11 +8.37654374e+11  9.55e+09   9.33e+03     1.36e+03   4.356s
  97000 +8.27699091e+11 +8.38446678e+11  1.07e+10   1.00e+04     1.25e+03   4.396s
  98000 +8.27352841e+11 +8.39167148e+11  1.18e+10   1.03e+04     1.16e+03   4.437s
  99000 +8.27204402e+11 +8.39802844e+11  1.26e+10   9.60e+03     1.07e+03   4.477s
 100000 +8.27313484e+11 +8.40435129e+11  1.31e+10   9.68e+03     9.92e+02   4.518s
 101000 +8.27432108e+11 +8.40976475e+11  1.35e+10   9.53e+03     9.23e+02   4.558s
 102000 +8.27751923e+11 +8.41349157e+11  1.36e+10   9.09e+03     8.74e+02   4.599s
 103000 +8.28004524e+11 +8.41680285e+11  1.37e+10   9.51e+03     8.28e+02   4.639s
 104000 +8.28355921e+11 +8.42090017e+11  1.37e+10   9.55e+03     7.81e+02   4.680s
 105000 +8.28649382e+11 +8.42437180e+11  1.38e+10   8.87e+03     7.34e+02   4.721s
 106000 +8.28950502e+11 +8.42758384e+11  1.38e+10   8.90e+03     6.96e+02   4.761s
 107000 +8.29403205e+11 +8.43071792e+11  1.37e+10   8.69e+03     6.56e+02   4.802s
 108000 +8.29759142e+11 +8.43327109e+11  1.36e+10   8.82e+03     6.23e+02   4.842s
 109000 +8.30281270e+11 +8.43588963e+11  1.33e+10   8.27e+03     5.89e+02   4.883s
 110000 +8.30871780e+11 +8.43783429e+11  1.29e+10   7.88e+03     5.68e+02   4.923s
 111000 +8.31203165e+11 +8.44892878e+11  1.37e+10   7.68e+03     4.16e+02   4.964s
 112000 +8.30836260e+11 +8.45239004e+11  1.44e+10   7.72e+03     3.60e+02   5.004s
 113000 +8.30384149e+11 +8.45620550e+11  1.52e+10   7.61e+03     3.02e+02   5.045s
 114000 +8.30133167e+11 +8.45931733e+11  1.58e+10   7.57e+03     2.54e+02   5.086s
 115000 +8.30029610e+11 +8.46191945e+11  1.62e+10   7.59e+03     2.16e+02   5.126s
 116000 +8.30019188e+11 +8.46340751e+11  1.63e+10   7.83e+03     1.89e+02   5.167s
 117000 +8.30115942e+11 +8.46496797e+11  1.64e+10   7.67e+03     1.68e+02   5.207s
 118000 +8.30271447e+11 +8.46648435e+11  1.64e+10   7.60e+03     1.44e+02   5.248s
 119000 +8.30474929e+11 +8.46737829e+11  1.63e+10   7.77e+03     1.34e+02   5.288s
 120000 +8.30718927e+11 +8.46840437e+11  1.61e+10   7.66e+03     1.18e+02   5.329s
 121000 +8.31025112e+11 +8.46884841e+11  1.59e+10   7.44e+03     1.13e+02   5.369s
 122000 +8.31349125e+11 +8.46953719e+11  1.56e+10   7.43e+03     1.04e+02   5.410s
 123000 +8.31676438e+11 +8.47038015e+11  1.54e+10   7.34e+03     9.66e+01   5.450s
 124000 +8.32019442e+11 +8.47092802e+11  1.51e+10   7.10e+03     9.15e+01   5.491s
 125000 +8.32419862e+11 +8.47107575e+11  1.47e+10   6.85e+03     8.97e+01   5.531s
 126000 +8.32744346e+11 +8.47144903e+11  1.44e+10   6.59e+03     8.49e+01   5.572s
 127000 +8.33067268e+11 +8.47187978e+11  1.41e+10   6.38e+03     7.92e+01   5.612s
 128000 +8.33256583e+11 +8.47206325e+11  1.39e+10   6.05e+03     7.41e+01   5.653s
 129000 +8.33459231e+11 +8.47238124e+11  1.38e+10   6.14e+03     7.06e+01   5.693s
 130000 +8.33621204e+11 +8.47272237e+11  1.37e+10   6.06e+03     6.68e+01   5.734s
 131000 +8.33807921e+11 +8.47303513e+11  1.35e+10   6.30e+03     6.20e+01   5.774s
 132000 +8.34030806e+11 +8.47323054e+11  1.33e+10   6.25e+03     6.28e+01   5.815s
 133000 +8.34244096e+11 +8.47355454e+11  1.31e+10   5.98e+03     5.97e+01   5.855s
 134000 +8.34461958e+11 +8.47374168e+11  1.29e+10   6.00e+03     5.85e+01   5.896s
 135000 +8.34711147e+11 +8.47405124e+11  1.27e+10   5.92e+03     5.74e+01   5.936s
 136000 +8.34985953e+11 +8.47424147e+11  1.24e+10   5.80e+03     5.71e+01   5.977s
 137000 +8.35265636e+11 +8.47445981e+11  1.22e+10   5.52e+03     5.69e+01   6.017s
 138000 +8.35515137e+11 +8.47460066e+11  1.19e+10   5.42e+03     5.52e+01   6.058s
 139000 +8.35719355e+11 +8.47474972e+11  1.18e+10   5.38e+03     5.37e+01   6.098s
 140000 +8.35917882e+11 +8.47461540e+11  1.15e+10   5.48e+03     5.25e+01   6.139s
 141000 +8.36088913e+11 +8.47479231e+11  1.14e+10   5.28e+03     5.15e+01   6.179s
 142000 +8.36284827e+11 +8.47493987e+11  1.12e+10   5.32e+03     4.97e+01   6.220s
 143000 +8.36464023e+11 +8.47510302e+11  1.10e+10   5.22e+03     4.81e+01   6.260s
 144000 +8.36636833e+11 +8.47514278e+11  1.09e+10   5.01e+03     4.59e+01   6.301s
 145000 +8.36809533e+11 +8.47525376e+11  1.07e+10   4.95e+03     4.57e+01   6.341s
 146000 +8.37009257e+11 +8.47538198e+11  1.05e+10   4.76e+03     4.53e+01   6.382s
 147000 +8.37242794e+11 +8.47572512e+11  1.03e+10   4.57e+03     4.44e+01   6.422s
 148000 +8.37481941e+11 +8.47576538e+11  1.01e+10   4.49e+03     4.52e+01   6.463s
 149000 +8.37702170e+11 +8.47555473e+11  9.85e+09   4.59e+03     4.54e+01   6.503s
 150000 +8.37889891e+11 +8.47578115e+11  9.69e+09   4.48e+03     4.37e+01   6.544s
 151000 +8.38069539e+11 +8.47581634e+11  9.51e+09   4.43e+03     4.22e+01   6.584s
 152000 +8.38243471e+11 +8.47588773e+11  9.35e+09   4.36e+03     4.12e+01   6.625s
 153000 +8.38414564e+11 +8.47588296e+11  9.17e+09   4.29e+03     4.05e+01   6.666s
 154000 +8.38574216e+11 +8.47586330e+11  9.01e+09   4.32e+03     3.95e+01   6.706s
 155000 +8.38751907e+11 +8.47607965e+11  8.86e+09   4.23e+03     3.91e+01   6.747s
 156000 +8.38912107e+11 +8.47623151e+11  8.71e+09   4.11e+03     3.78e+01   6.787s
 157000 +8.39079152e+11 +8.47617986e+11  8.54e+09   3.70e+03     3.65e+01   6.828s
 158000 +8.39216183e+11 +8.47615141e+11  8.40e+09   3.50e+03     3.51e+01   6.868s
 159000 +8.39347467e+11 +8.47618521e+11  8.27e+09   3.59e+03     3.50e+01   6.909s
 160000 +8.39476074e+11 +8.47615244e+11  8.14e+09   3.62e+03     3.51e+01   6.949s
 161000 +8.39602261e+11 +8.47629706e+11  8.03e+09   3.78e+03     3.35e+01   6.990s
 162000 +8.39704167e+11 +8.47634685e+11  7.93e+09   3.62e+03     3.22e+01   7.030s
 163000 +8.39825180e+11 +8.47637989e+11  7.81e+09   3.48e+03     3.25e+01   7.071s
 164000 +8.39951603e+11 +8.47643530e+11  7.69e+09   3.42e+03     3.27e+01   7.111s
 165000 +8.39993791e+11 +8.47795108e+11  7.80e+09   3.43e+03     1.04e+02   7.152s
 166000 +8.40103476e+11 +8.47914664e+11  7.81e+09   3.46e+03     1.23e+02   7.192s
 167000 +8.40316196e+11 +8.48039079e+11  7.72e+09   3.49e+03     1.57e+02   7.233s
 168000 +8.40674828e+11 +8.48175763e+11  7.50e+09   3.43e+03     1.93e+02   7.273s
 169000 +8.41126890e+11 +8.48269467e+11  7.14e+09   3.23e+03     2.14e+02   7.314s
 170000 +8.41639486e+11 +8.48379628e+11  6.74e+09   2.97e+03     2.38e+02   7.354s
 171000 +8.42260290e+11 +8.48441987e+11  6.18e+09   2.64e+03     2.55e+02   7.395s
 172000 +8.42906820e+11 +8.48463028e+11  5.56e+09   2.35e+03     2.65e+02   7.435s
 173000 +8.43463647e+11 +8.48511679e+11  5.05e+09   2.07e+03     2.56e+02   7.476s
 174000 +8.43936592e+11 +8.48486503e+11  4.55e+09   1.67e+03     2.42e+02   7.516s
 175000 +8.44317319e+11 +8.48467211e+11  4.15e+09   1.51e+03     2.25e+02   7.557s
 176000 +8.44619118e+11 +8.48456190e+11  3.84e+09   1.52e+03     2.13e+02   7.597s
 177000 +8.44910560e+11 +8.48427403e+11  3.52e+09   1.46e+03     2.05e+02   7.638s
 178000 +8.45182501e+11 +8.48452921e+11  3.27e+09   1.24e+03     2.00e+02   7.678s
 179000 +8.45437382e+11 +8.48415733e+11  2.98e+09   1.05e+03     1.90e+02   7.719s
 180000 +8.45687587e+11 +8.48388586e+11  2.70e+09   1.01e+03     1.84e+02   7.759s
 181000 +8.45914052e+11 +8.48390197e+11  2.48e+09   8.55e+02     1.79e+02   7.800s
 182000 +8.46108378e+11 +8.48358751e+11  2.25e+09   7.46e+02     1.69e+02   7.840s
 183000 +8.46259148e+11 +8.48322727e+11  2.06e+09   7.36e+02     1.59e+02   7.881s
 184000 +8.46391102e+11 +8.48281495e+11  1.89e+09   6.68e+02     1.50e+02   7.921s
 185000 +8.46504698e+11 +8.48291278e+11  1.79e+09   5.52e+02     1.44e+02   7.962s
 186000 +8.46603928e+11 +8.48195897e+11  1.59e+09   5.08e+02     1.27e+02   8.003s
 187000 +8.46716397e+11 +8.48198868e+11  1.48e+09   4.48e+02     1.27e+02   8.043s
 188000 +8.46843263e+11 +8.48209586e+11  1.37e+09   3.77e+02     1.30e+02   8.084s
 189000 +8.46973297e+11 +8.48216279e+11  1.24e+09   3.21e+02     1.32e+02   8.124s
 190000 +8.47098255e+11 +8.48217073e+11  1.12e+09   2.53e+02     1.30e+02   8.165s
 191000 +8.47208658e+11 +8.48196986e+11  9.88e+08   2.04e+02     1.26e+02   8.205s
 192000 +8.47313059e+11 +8.48190108e+11  8.77e+08   1.74e+02     1.25e+02   8.245s
 193000 +8.47410905e+11 +8.48190031e+11  7.79e+08   1.48e+02     1.22e+02   8.286s
 194000 +8.47499528e+11 +8.48174137e+11  6.75e+08   1.25e+02     1.17e+02   8.327s
 195000 +8.47575157e+11 +8.48168980e+11  5.94e+08   1.18e+02     1.15e+02   8.367s
 196000 +8.47650569e+11 +8.48156299e+11  5.06e+08   6.31e+01     1.12e+02   8.408s
 197000 +8.47714957e+11 +8.48141002e+11  4.26e+08   5.37e+01     1.07e+02   8.448s
 198000 +8.47772939e+11 +8.48131150e+11  3.58e+08   4.84e+01     1.04e+02   8.489s
 199000 +8.47825682e+11 +8.48112922e+11  2.87e+08   6.39e+01     1.01e+02   8.529s
 200000 +8.47924867e+11 +8.48074699e+11  1.50e+08   1.04e+02     8.94e+01   8.570s
 201000 +8.48076435e+11 +8.48055529e+11  2.09e+07   1.86e+02     8.28e+01   8.610s
 202000 +8.48217578e+11 +8.48036821e+11  1.81e+08   2.70e+02     7.92e+01   8.651s
 203000 +8.48348146e+11 +8.48007803e+11  3.40e+08   3.64e+02     7.27e+01   8.691s
 204000 +8.48447657e+11 +8.47993963e+11  4.54e+08   3.79e+02     6.91e+01   8.732s
 205000 +8.48541476e+11 +8.47972843e+11  5.69e+08   4.10e+02     6.48e+01   8.772s
 206000 +8.48631732e+11 +8.47956932e+11  6.75e+08   4.40e+02     6.10e+01   8.813s
 207000 +8.48788610e+11 +8.47922771e+11  8.66e+08   5.04e+02     5.53e+01   8.854s
 208000 +8.48992271e+11 +8.47880477e+11  1.11e+09   6.02e+02     4.77e+01   8.894s
 209000 +8.49113851e+11 +8.47856525e+11  1.26e+09   5.80e+02     4.20e+01   8.935s
 210000 +8.49221434e+11 +8.47844380e+11  1.38e+09   6.56e+02     3.83e+01   8.975s
 211000 +8.49312980e+11 +8.47833379e+11  1.48e+09   6.52e+02     3.57e+01   9.016s
 212000 +8.49389109e+11 +8.47807475e+11  1.58e+09   6.93e+02     2.99e+01   9.056s
 213000 +8.49437400e+11 +8.47796195e+11  1.64e+09   8.07e+02     2.70e+01   9.097s
 214000 +8.49466673e+11 +8.47779907e+11  1.69e+09   8.79e+02     2.35e+01   9.137s
 215000 +8.49478445e+11 +8.47775263e+11  1.70e+09   8.66e+02     2.14e+01   9.178s
 216000 +8.49475375e+11 +8.47764207e+11  1.71e+09   8.87e+02     1.91e+01   9.218s
 217000 +8.49458599e+11 +8.47755496e+11  1.70e+09   8.33e+02     1.74e+01   9.259s
 218000 +8.49436145e+11 +8.47749609e+11  1.69e+09   7.78e+02     1.59e+01   9.299s
 219000 +8.49413844e+11 +8.47745307e+11  1.67e+09   7.89e+02     1.50e+01   9.340s
 220000 +8.49385675e+11 +8.47741091e+11  1.64e+09   7.47e+02     1.41e+01   9.380s
 221000 +8.49351396e+11 +8.47741801e+11  1.61e+09   7.59e+02     1.35e+01   9.420s
 222000 +8.49320090e+11 +8.47740443e+11  1.58e+09   7.30e+02     1.29e+01   9.461s
 223000 +8.49323495e+11 +8.47728265e+11  1.60e+09   6.73e+02     1.06e+01   9.502s
 224000 +8.49330904e+11 +8.47724733e+11  1.61e+09   6.74e+02     1.01e+01   9.542s
 225000 +8.49330832e+11 +8.47720808e+11  1.61e+09   6.77e+02     9.51e+00   9.583s
 226000 +8.49326289e+11 +8.47719349e+11  1.61e+09   7.17e+02     9.25e+00   9.623s
 227000 +8.49316435e+11 +8.47715405e+11  1.60e+09   7.47e+02     8.00e+00   9.664s
 228000 +8.49301214e+11 +8.47712753e+11  1.59e+09   7.35e+02     7.38e+00   9.704s
 229000 +8.49283929e+11 +8.47710906e+11  1.57e+09   7.04e+02     6.61e+00   9.745s
 230000 +8.49269415e+11 +8.47707240e+11  1.56e+09   6.84e+02     7.91e+00   9.785s
 231000 +8.49259711e+11 +8.47703366e+11  1.56e+09   6.89e+02     8.07e+00   9.826s
 232000 +8.49245707e+11 +8.47700524e+11  1.55e+09   6.85e+02     8.15e+00   9.866s
 233000 +8.49226339e+11 +8.47696501e+11  1.53e+09   6.73e+02     8.53e+00   9.907s
 234000 +8.49203205e+11 +8.47695260e+11  1.51e+09   6.56e+02     8.78e+00   9.947s
 235000 +8.49180525e+11 +8.47695508e+11  1.49e+09   6.44e+02     8.85e+00   9.988s
 236000 +8.49152380e+11 +8.47693624e+11  1.46e+09   6.28e+02     9.26e+00   10.028s
 237000 +8.49119126e+11 +8.47692296e+11  1.43e+09   6.10e+02     9.67e+00   10.069s
 238000 +8.49087003e+11 +8.47691175e+11  1.40e+09   6.07e+02     9.91e+00   10.109s
 239000 +8.49054347e+11 +8.47691706e+11  1.36e+09   5.51e+02     9.87e+00   10.150s
 240000 +8.49019846e+11 +8.47692389e+11  1.33e+09   5.42e+02     1.02e+01   10.190s
 241000 +8.48985982e+11 +8.47690902e+11  1.30e+09   5.43e+02     1.01e+01   10.231s
 242000 +8.48963573e+11 +8.47694148e+11  1.27e+09   5.31e+02     9.86e+00   10.271s
 243000 +8.48942745e+11 +8.47693985e+11  1.25e+09   4.96e+02     9.80e+00   10.312s
 244000 +8.48917735e+11 +8.47694259e+11  1.22e+09   5.26e+02     9.68e+00   10.352s
 245000 +8.48899670e+11 +8.47696672e+11  1.20e+09   5.45e+02     9.31e+00   10.393s
 246000 +8.48878761e+11 +8.47693285e+11  1.19e+09   5.30e+02     9.40e+00   10.433s
 247000 +8.48851584e+11 +8.47693545e+11  1.16e+09   4.90e+02     9.47e+00   10.474s
 248000 +8.48819858e+11 +8.47691273e+11  1.13e+09   4.56e+02     9.76e+00   10.514s
 249000 +8.48787159e+11 +8.47690890e+11  1.10e+09   5.08e+02     1.01e+01   10.555s
 250000 +8.48755867e+11 +8.47690295e+11  1.07e+09   5.32e+02     9.92e+00   10.595s
 251000 +8.48727631e+11 +8.47690188e+11  1.04e+09   5.22e+02     9.83e+00   10.636s
 252000 +8.48693500e+11 +8.47691154e+11  1.00e+09   4.90e+02     9.87e+00   10.677s
 253000 +8.48655474e+11 +8.47691365e+11  9.64e+08   4.03e+02     9.95e+00   10.717s
 254000 +8.48617981e+11 +8.47689141e+11  9.29e+08   3.47e+02     9.84e+00   10.758s
 255000 +8.48582326e+11 +8.47688858e+11  8.93e+08   3.35e+02     1.01e+01   10.798s
 256000 +8.48551191e+11 +8.47690155e+11  8.61e+08   3.56e+02     1.01e+01   10.839s
 257000 +8.48523623e+11 +8.47691607e+11  8.32e+08   3.38e+02     9.79e+00   10.879s
 258000 +8.48493139e+11 +8.47691728e+11  8.01e+08   3.31e+02     9.53e+00   10.919s
 259000 +8.48466723e+11 +8.47695083e+11  7.72e+08   3.29e+02     9.35e+00   10.960s
 260000 +8.48446918e+11 +8.47696029e+11  7.51e+08   3.19e+02     9.27e+00   11.000s
 261000 +8.48429607e+11 +8.47696226e+11  7.33e+08   2.87e+02     8.90e+00   11.041s
 262000 +8.48421231e+11 +8.47699032e+11  7.22e+08   3.18e+02     8.70e+00   11.082s
 263000 +8.48413663e+11 +8.47698046e+11  7.16e+08   3.40e+02     8.55e+00   11.122s
 264000 +8.48400164e+11 +8.47697291e+11  7.03e+08   3.62e+02     8.50e+00   11.163s
 265000 +8.48382903e+11 +8.47693972e+11  6.89e+08   3.35e+02     8.36e+00   11.203s
 266000 +8.48360078e+11 +8.47693425e+11  6.67e+08   2.99e+02     8.42e+00   11.244s
 267000 +8.48334078e+11 +8.47692195e+11  6.42e+08   2.94e+02     8.51e+00   11.284s
 268000 +8.48310218e+11 +8.47693662e+11  6.17e+08   2.74e+02     8.36e+00   11.325s
 269000 +8.48297330e+11 +8.47690638e+11  6.07e+08   2.62e+02     1.42e+01   11.366s
 270000 +8.48284252e+11 +8.47687190e+11  5.97e+08   2.57e+02     1.46e+01   11.406s
 271000 +8.48268561e+11 +8.47682771e+11  5.86e+08   2.42e+02     1.52e+01   11.447s
 272000 +8.48250554e+11 +8.47679343e+11  5.71e+08   2.27e+02     1.59e+01   11.487s
 273000 +8.48231798e+11 +8.47678150e+11  5.54e+08   2.22e+02     1.60e+01   11.528s
 274000 +8.48212993e+11 +8.47676429e+11  5.37e+08   2.11e+02     1.62e+01   11.568s
 275000 +8.48191296e+11 +8.47674047e+11  5.17e+08   1.99e+02     1.67e+01   11.609s
 276000 +8.48168636e+11 +8.47672403e+11  4.96e+08   1.88e+02     1.69e+01   11.649s
 277000 +8.48144651e+11 +8.47671243e+11  4.73e+08   1.76e+02     1.73e+01   11.690s
 278000 +8.48119231e+11 +8.47668686e+11  4.51e+08   1.80e+02     1.77e+01   11.730s
 279000 +8.48091706e+11 +8.47667810e+11  4.24e+08   1.49e+02     1.80e+01   11.771s
 280000 +8.48063704e+11 +8.47666994e+11  3.97e+08   1.43e+02     1.82e+01   11.811s
 281000 +8.48035006e+11 +8.47664245e+11  3.71e+08   1.32e+02     1.85e+01   11.852s
 282000 +8.48006547e+11 +8.47664207e+11  3.42e+08   1.15e+02     1.86e+01   11.892s
 283000 +8.47978081e+11 +8.47664586e+11  3.13e+08   1.08e+02     1.87e+01   11.933s
 284000 +8.47949791e+11 +8.47664620e+11  2.85e+08   1.09e+02     1.87e+01   11.973s
 285000 +8.47921961e+11 +8.47664518e+11  2.57e+08   9.37e+01     1.85e+01   12.014s
 286000 +8.47896149e+11 +8.47667191e+11  2.29e+08   8.79e+01     1.78e+01   12.054s
 287000 +8.47875019e+11 +8.47672070e+11  2.03e+08   8.68e+01     1.69e+01   12.095s
 288000 +8.47858956e+11 +8.47675263e+11  1.84e+08   6.55e+01     1.64e+01   12.135s
 289000 +8.47844990e+11 +8.47676336e+11  1.69e+08   6.96e+01     1.61e+01   12.176s
 290000 +8.47832066e+11 +8.47676462e+11  1.56e+08   5.14e+01     1.58e+01   12.216s
 291000 +8.47820668e+11 +8.47680805e+11  1.40e+08   4.31e+01     1.55e+01   12.257s
 292000 +8.47811701e+11 +8.47683886e+11  1.28e+08   4.85e+01     1.49e+01   12.297s
 293000 +8.47805853e+11 +8.47685211e+11  1.21e+08   5.83e+01     1.47e+01   12.338s
 294000 +8.47799747e+11 +8.47686041e+11  1.14e+08   6.85e+01     1.44e+01   12.378s
 295000 +8.47792239e+11 +8.47686960e+11  1.05e+08   5.03e+01     1.41e+01   12.419s
 296000 +8.47784087e+11 +8.47688034e+11  9.61e+07   4.37e+01     1.74e+01   12.460s
 297000 +8.47774828e+11 +8.47688405e+11  8.64e+07   4.25e+01     1.71e+01   12.500s
 298000 +8.47765838e+11 +8.47689274e+11  7.66e+07   3.96e+01     1.70e+01   12.541s
 299000 +8.47757122e+11 +8.47689664e+11  6.75e+07   4.01e+01     1.69e+01   12.581s
 300000 +8.47748882e+11 +8.47690119e+11  5.88e+07   4.17e+01     1.69e+01   12.622s
 301000 +8.47741139e+11 +8.47690592e+11  5.05e+07   4.16e+01     1.68e+01   12.662s
 302000 +8.47734492e+11 +8.47692572e+11  4.19e+07   4.10e+01     1.67e+01   12.702s
 303000 +8.47728263e+11 +8.47692965e+11  3.53e+07   4.03e+01     1.66e+01   12.743s
 304000 +8.47721763e+11 +8.47694131e+11  2.76e+07   4.09e+01     1.65e+01   12.784s
 305000 +8.47715355e+11 +8.47694039e+11  2.13e+07   4.14e+01     1.64e+01   12.824s
 306000 +8.47709198e+11 +8.47694814e+11  1.44e+07   4.29e+01     1.64e+01   12.865s
 307000 +8.47703229e+11 +8.47695361e+11  7.87e+06   4.45e+01     1.63e+01   12.905s
 308000 +8.47697836e+11 +8.47696015e+11  1.82e+06   4.56e+01     1.62e+01   12.946s
 309000 +8.47692925e+11 +8.47697094e+11  4.17e+06   4.69e+01     1.61e+01   12.986s
 310000 +8.47688662e+11 +8.47698140e+11  9.48e+06   4.79e+01     1.60e+01   13.027s
 311000 +8.47685259e+11 +8.47699868e+11  1.46e+07   4.70e+01     1.59e+01   13.067s
 312000 +8.47682822e+11 +8.47700874e+11  1.81e+07   4.79e+01     1.58e+01   13.108s
 313000 +8.47681219e+11 +8.47702443e+11  2.12e+07   4.80e+01     1.57e+01   13.148s
 314000 +8.47680464e+11 +8.47703550e+11  2.31e+07   4.86e+01     1.57e+01   13.189s
 315000 +8.47680181e+11 +8.47704556e+11  2.44e+07   4.81e+01     1.56e+01   13.229s
 316000 +8.47680049e+11 +8.47705218e+11  2.52e+07   4.89e+01     1.56e+01   13.270s
 317000 +8.47680158e+11 +8.47705919e+11  2.58e+07   4.89e+01     1.55e+01   13.310s
 318000 +8.47680415e+11 +8.47706394e+11  2.60e+07   4.92e+01     1.55e+01   13.351s
 319000 +8.47680975e+11 +8.47707179e+11  2.62e+07   4.89e+01     1.55e+01   13.391s
 320000 +8.47681876e+11 +8.47708063e+11  2.62e+07   5.02e+01     1.55e+01   13.432s
 321000 +8.47683077e+11 +8.47709029e+11  2.60e+07   4.95e+01     1.54e+01   13.472s
 322000 +8.47684734e+11 +8.47709908e+11  2.52e+07   4.89e+01     1.54e+01   13.513s
 323000 +8.47686908e+11 +8.47710756e+11  2.38e+07   4.80e+01     1.54e+01   13.553s
 324000 +8.47689445e+11 +8.47711475e+11  2.20e+07   4.79e+01     1.54e+01   13.594s
 325000 +8.47692156e+11 +8.47711886e+11  1.97e+07   4.71e+01     1.54e+01   13.634s
 326000 +8.47694857e+11 +8.47711894e+11  1.70e+07   4.56e+01     1.54e+01   13.675s
 327000 +8.47697152e+11 +8.47712014e+11  1.49e+07   4.42e+01     1.54e+01   13.715s
 328000 +8.47699189e+11 +8.47712286e+11  1.31e+07   4.29e+01     1.54e+01   13.756s
 329000 +8.47701275e+11 +8.47712617e+11  1.13e+07   4.29e+01     1.54e+01   13.796s
 330000 +8.47703331e+11 +8.47712610e+11  9.28e+06   4.33e+01     1.54e+01   13.837s
 331000 +8.47705560e+11 +8.47712928e+11  7.37e+06   4.35e+01     1.54e+01   13.877s
 332000 +8.47708040e+11 +8.47713502e+11  5.46e+06   4.27e+01     1.54e+01   13.918s
 333000 +8.47710627e+11 +8.47713674e+11  3.05e+06   4.14e+01     1.54e+01   13.958s
 334000 +8.47713112e+11 +8.47713539e+11  4.27e+05   4.12e+01     1.54e+01   13.999s
 335000 +8.47715623e+11 +8.47713665e+11  1.96e+06   4.09e+01     1.54e+01   14.039s
 336000 +8.47717891e+11 +8.47713517e+11  4.37e+06   4.03e+01     1.54e+01   14.080s
 337000 +8.47720107e+11 +8.47713328e+11  6.78e+06   4.05e+01     1.54e+01   14.120s
 338000 +8.47722210e+11 +8.47713655e+11  8.56e+06   4.05e+01     1.54e+01   14.161s
 339000 +8.47724142e+11 +8.47713498e+11  1.06e+07   3.99e+01     1.54e+01   14.201s
 340000 +8.47725844e+11 +8.47713367e+11  1.25e+07   4.09e+01     1.54e+01   14.242s
 341000 +8.47727344e+11 +8.47713363e+11  1.40e+07   4.07e+01     1.54e+01   14.282s
 342000 +8.47728712e+11 +8.47713244e+11  1.55e+07   4.02e+01     1.54e+01   14.323s
 343000 +8.47729982e+11 +8.47713287e+11  1.67e+07   4.06e+01     1.54e+01   14.363s
 344000 +8.47731291e+11 +8.47713379e+11  1.79e+07   4.11e+01     1.54e+01   14.404s
 345000 +8.47732401e+11 +8.47713211e+11  1.92e+07   4.02e+01     1.54e+01   14.444s
 346000 +8.47733473e+11 +8.47713175e+11  2.03e+07   3.97e+01     1.54e+01   14.485s
 347000 +8.47734131e+11 +8.47713086e+11  2.10e+07   3.91e+01     1.54e+01   14.525s
 348000 +8.47734706e+11 +8.47712824e+11  2.19e+07   3.93e+01     1.54e+01   14.566s
 349000 +8.47734978e+11 +8.47712442e+11  2.25e+07   3.93e+01     1.54e+01   14.607s
 350000 +8.47735136e+11 +8.47712540e+11  2.26e+07   3.94e+01     1.54e+01   14.647s
 351000 +8.47735155e+11 +8.47712266e+11  2.29e+07   3.91e+01     1.54e+01   14.688s
 352000 +8.47735119e+11 +8.47712114e+11  2.30e+07   3.91e+01     1.54e+01   14.728s
 353000 +8.47734889e+11 +8.47712164e+11  2.27e+07   3.90e+01     1.54e+01   14.769s
 354000 +8.47734603e+11 +8.47711866e+11  2.27e+07   3.89e+01     1.54e+01   14.809s
 355000 +8.47734200e+11 +8.47711803e+11  2.24e+07   3.91e+01     1.54e+01   14.850s
 356000 +8.47733683e+11 +8.47711694e+11  2.20e+07   3.90e+01     1.54e+01   14.890s
 357000 +8.47733137e+11 +8.47711734e+11  2.14e+07   3.93e+01     1.54e+01   14.931s
 358000 +8.47732541e+11 +8.47711759e+11  2.08e+07   3.93e+01     1.54e+01   14.971s
 359000 +8.47731881e+11 +8.47711724e+11  2.02e+07   3.92e+01     1.54e+01   15.012s
 360000 +8.47731051e+11 +8.47711700e+11  1.94e+07   3.96e+01     1.54e+01   15.052s
 361000 +8.47730307e+11 +8.47711724e+11  1.86e+07   3.92e+01     1.54e+01   15.093s
 362000 +8.47729439e+11 +8.47711701e+11  1.77e+07   3.95e+01     1.54e+01   15.133s
 363000 +8.47728698e+11 +8.47711892e+11  1.68e+07   3.99e+01     1.54e+01   15.174s
 364000 +8.47728047e+11 +8.47711929e+11  1.61e+07   4.02e+01     1.54e+01   15.214s
 365000 +8.47727418e+11 +8.47712210e+11  1.52e+07   4.01e+01     1.54e+01   15.255s
 366000 +8.47726799e+11 +8.47712421e+11  1.44e+07   4.01e+01     1.53e+01   15.295s
 367000 +8.47726285e+11 +8.47712340e+11  1.39e+07   3.99e+01     1.53e+01   15.336s
 368000 +8.47725771e+11 +8.47712660e+11  1.31e+07   4.00e+01     1.53e+01   15.376s
 369000 +8.47725263e+11 +8.47712739e+11  1.25e+07   4.05e+01     1.53e+01   15.417s
 370000 +8.47724896e+11 +8.47712930e+11  1.20e+07   4.07e+01     1.53e+01   15.457s
 371000 +8.47724638e+11 +8.47713188e+11  1.15e+07   4.08e+01     1.53e+01   15.498s
 372000 +8.47724670e+11 +8.47713525e+11  1.11e+07   4.03e+01     1.53e+01   15.538s
 373000 +8.47724926e+11 +8.47713780e+11  1.11e+07   4.03e+01     1.53e+01   15.579s
 374000 +8.47725240e+11 +8.47713866e+11  1.14e+07   3.98e+01     1.53e+01   15.619s
 375000 +8.47725609e+11 +8.47713995e+11  1.16e+07   4.00e+01     1.53e+01   15.660s
 376000 +8.47726036e+11 +8.47714044e+11  1.20e+07   3.97e+01     1.53e+01   15.700s
 377000 +8.47726440e+11 +8.47714457e+11  1.20e+07   3.96e+01     1.53e+01   15.741s
 378000 +8.47726976e+11 +8.47714439e+11  1.25e+07   3.95e+01     1.53e+01   15.781s
 379000 +8.47727632e+11 +8.47714525e+11  1.31e+07   3.95e+01     1.53e+01   15.822s
 380000 +8.47728365e+11 +8.47714726e+11  1.36e+07   3.97e+01     1.53e+01   15.862s
 381000 +8.47729171e+11 +8.47714734e+11  1.44e+07   3.92e+01     1.53e+01   15.903s
 382000 +8.47729926e+11 +8.47714795e+11  1.51e+07   3.92e+01     1.53e+01   15.943s
 383000 +8.47730627e+11 +8.47714799e+11  1.58e+07   3.93e+01     1.53e+01   15.984s
 384000 +8.47731364e+11 +8.47714870e+11  1.65e+07   3.95e+01     1.53e+01   16.024s
 385000 +8.47732102e+11 +8.47714893e+11  1.72e+07   3.93e+01     1.53e+01   16.065s
 386000 +8.47732785e+11 +8.47714787e+11  1.80e+07   3.93e+01     1.53e+01   16.105s
 387000 +8.47733478e+11 +8.47714920e+11  1.86e+07   3.94e+01     1.53e+01   16.146s
 388000 +8.47734130e+11 +8.47715001e+11  1.91e+07   3.95e+01     1.53e+01   16.189s
 389000 +8.47734700e+11 +8.47715049e+11  1.97e+07   3.96e+01     1.53e+01   16.229s
 390000 +8.47735269e+11 +8.47714900e+11  2.04e+07   3.95e+01     1.53e+01   16.270s
 391000 +8.47735796e+11 +8.47714998e+11  2.08e+07   3.96e+01     1.53e+01   16.310s
 392000 +8.47736382e+11 +8.47715021e+11  2.14e+07   3.93e+01     1.53e+01   16.351s
 393000 +8.47737033e+11 +8.47715138e+11  2.19e+07   3.94e+01     1.53e+01   16.392s
 394000 +8.47737632e+11 +8.47715096e+11  2.25e+07   3.94e+01     1.53e+01   16.432s
 395000 +8.47737981e+11 +8.47714890e+11  2.31e+07   3.88e+01     1.52e+01   16.473s
 396000 +8.47738193e+11 +8.47714612e+11  2.36e+07   3.81e+01     1.51e+01   16.513s
 397000 +8.47738241e+11 +8.47715245e+11  2.30e+07   3.82e+01     1.50e+01   16.554s
 398000 +8.47738229e+11 +8.47715648e+11  2.26e+07   3.80e+01     1.50e+01   16.594s
 399000 +8.47738146e+11 +8.47715285e+11  2.29e+07   3.75e+01     1.50e+01   16.635s
 400000 +8.47738007e+11 +8.47714858e+11  2.31e+07   3.78e+01     1.50e+01   16.675s
 401000 +8.47737902e+11 +8.47714352e+11  2.35e+07   3.74e+01     1.49e+01   16.716s
 402000 +8.47737748e+11 +8.47714126e+11  2.36e+07   3.75e+01     1.49e+01   16.756s
 403000 +8.47737519e+11 +8.47714402e+11  2.31e+07   3.67e+01     1.48e+01   16.797s
 404000 +8.47737094e+11 +8.47714844e+11  2.23e+07   3.71e+01     1.48e+01   16.837s
 405000 +8.47736785e+11 +8.47714929e+11  2.19e+07   3.72e+01     1.48e+01   16.878s
 406000 +8.47736355e+11 +8.47714953e+11  2.14e+07   3.69e+01     1.48e+01   16.918s
 407000 +8.47735956e+11 +8.47714714e+11  2.12e+07   3.71e+01     1.48e+01   16.959s
 408000 +8.47735430e+11 +8.47714483e+11  2.09e+07   3.66e+01     1.46e+01   16.999s
 409000 +8.47734939e+11 +8.47714242e+11  2.07e+07   3.64e+01     1.46e+01   17.040s
 410000 +8.47734413e+11 +8.47714275e+11  2.01e+07   3.68e+01     1.46e+01   17.080s
 411000 +8.47733963e+11 +8.47714357e+11  1.96e+07   3.66e+01     1.46e+01   17.121s
 412000 +8.47733479e+11 +8.47714828e+11  1.87e+07   3.73e+01     1.46e+01   17.162s
 413000 +8.47733047e+11 +8.47714896e+11  1.82e+07   3.68e+01     1.46e+01   17.202s
 414000 +8.47732608e+11 +8.47715058e+11  1.75e+07   3.70e+01     1.46e+01   17.243s
 415000 +8.47732214e+11 +8.47714785e+11  1.74e+07   3.65e+01     1.46e+01   17.283s
 416000 +8.47731717e+11 +8.47714913e+11  1.68e+07   3.66e+01     1.46e+01   17.324s
 417000 +8.47731221e+11 +8.47714605e+11  1.66e+07   3.66e+01     1.46e+01   17.364s
 418000 +8.47730717e+11 +8.47714804e+11  1.59e+07   3.66e+01     1.45e+01   17.405s
 419000 +8.47730384e+11 +8.47715068e+11  1.53e+07   3.68e+01     1.45e+01   17.445s
 420000 +8.47730091e+11 +8.47715332e+11  1.48e+07   3.69e+01     1.44e+01   17.486s
 421000 +8.47729963e+11 +8.47715710e+11  1.43e+07   3.66e+01     1.44e+01   17.526s
 422000 +8.47729868e+11 +8.47716019e+11  1.38e+07   3.62e+01     1.44e+01   17.567s
 423000 +8.47729955e+11 +8.47715891e+11  1.41e+07   3.62e+01     1.43e+01   17.607s
 424000 +8.47729944e+11 +8.47715714e+11  1.42e+07   3.60e+01     1.43e+01   17.648s
 425000 +8.47730032e+11 +8.47715397e+11  1.46e+07   3.63e+01     1.43e+01   17.688s
 426000 +8.47730120e+11 +8.47715402e+11  1.47e+07   3.61e+01     1.43e+01   17.729s
 427000 +8.47730348e+11 +8.47715835e+11  1.45e+07   3.59e+01     1.42e+01   17.770s
 428000 +8.47730581e+11 +8.47716024e+11  1.46e+07   3.56e+01     1.42e+01   17.810s
 429000 +8.47730953e+11 +8.47716171e+11  1.48e+07   3.59e+01     1.42e+01   17.851s
 430000 +8.47731236e+11 +8.47716311e+11  1.49e+07   3.56e+01     1.42e+01   17.891s
 431000 +8.47731634e+11 +8.47716281e+11  1.54e+07   3.60e+01     1.42e+01   17.932s
 432000 +8.47731990e+11 +8.47716156e+11  1.58e+07   3.42e+01     1.39e+01   17.972s
 433000 +8.47732335e+11 +8.47716036e+11  1.63e+07   3.39e+01     1.37e+01   18.013s
 434000 +8.47732774e+11 +8.47715824e+11  1.70e+07   3.40e+01     1.37e+01   18.053s
 435000 +8.47732815e+11 +8.47717876e+11  1.49e+07   2.99e+01     1.62e+02   18.094s
 436000 +8.47732706e+11 +8.47715232e+11  1.75e+07   2.51e+01     1.37e+02   18.135s
 437000 +8.47732470e+11 +8.47709649e+11  2.28e+07   2.11e+01     1.14e+02   18.175s
 438000 +8.47732165e+11 +8.47708007e+11  2.42e+07   1.95e+01     1.01e+02   18.216s
 439000 +8.47731699e+11 +8.47708221e+11  2.35e+07   1.72e+01     9.15e+01   18.256s
 440000 +8.47731260e+11 +8.47709121e+11  2.21e+07   1.45e+01     8.11e+01   18.297s
 441000 +8.47730812e+11 +8.47707454e+11  2.34e+07   1.24e+01     7.13e+01   18.337s
 442000 +8.47730385e+11 +8.47702528e+11  2.79e+07   1.20e+01     6.43e+01   18.378s
 443000 +8.47729923e+11 +8.47704913e+11  2.50e+07   1.06e+01     5.94e+01   18.418s
 444000 +8.47729503e+11 +8.47702963e+11  2.65e+07   9.59e+00     5.31e+01   18.459s
 445000 +8.47728959e+11 +8.47702379e+11  2.66e+07   8.44e+00     4.44e+01   18.499s
 446000 +8.47728423e+11 +8.47700815e+11  2.76e+07   7.51e+00     4.20e+01   18.540s
 447000 +8.47727840e+11 +8.47699751e+11  2.81e+07   7.20e+00     4.06e+01   18.580s
 448000 +8.47727412e+11 +8.47692972e+11  3.44e+07   5.54e+00     1.75e+02   18.621s
 449000 +8.47727299e+11 +8.47671446e+11  5.59e+07   6.14e+00     6.05e+01   18.662s
 450000 +8.47727064e+11 +8.47661151e+11  6.59e+07   6.25e+00     4.10e+01   18.702s
 451000 +8.47726714e+11 +8.47649272e+11  7.74e+07   5.15e+00     4.01e+01   18.743s
 452000 +8.47726316e+11 +8.47638771e+11  8.75e+07   4.45e+00     3.75e+01   18.783s
 453000 +8.47726145e+11 +8.47608105e+11  1.18e+08   4.45e+00     4.97e+01   18.824s
 454000 +8.47725886e+11 +8.47582504e+11  1.43e+08   4.11e+00     5.48e+01   18.865s
 455000 +8.47725539e+11 +8.47552755e+11  1.73e+08   3.94e+00     6.20e+01   18.905s
 456000 +8.47725103e+11 +8.47526103e+11  1.99e+08   3.76e+00     6.96e+01   18.946s
 457000 +8.47724552e+11 +8.47501597e+11  2.23e+08   3.53e+00     7.72e+01   18.986s
 458000 +8.47723901e+11 +8.47477943e+11  2.46e+08   3.37e+00     8.35e+01   19.027s
 459000 +8.47723172e+11 +8.47456838e+11  2.66e+08   3.21e+00     8.84e+01   19.067s
 460000 +8.47722365e+11 +8.47440125e+11  2.82e+08   2.98e+00     9.21e+01   19.108s
 461000 +8.47721502e+11 +8.47425783e+11  2.96e+08   2.59e+00     9.48e+01   19.148s
 462000 +8.47720611e+11 +8.47418700e+11  3.02e+08   2.14e+00     9.64e+01   19.189s
 463000 +8.47719714e+11 +8.47417058e+11  3.03e+08   1.76e+00     9.70e+01   19.230s
 464000 +8.47718825e+11 +8.47418844e+11  3.00e+08   1.40e+00     9.64e+01   19.270s
 465000 +8.47717984e+11 +8.47421934e+11  2.96e+08   1.07e+00     9.45e+01   19.311s
 466000 +8.47717210e+11 +8.47431278e+11  2.86e+08   3.76e-01     9.14e+01   19.351s
 467000 +8.47716523e+11 +8.47444456e+11  2.72e+08   1.21e-01     8.72e+01   19.392s
 468000 +8.47715940e+11 +8.47460780e+11  2.55e+08   3.38e-01     8.21e+01   19.432s
 469000 +8.47715476e+11 +8.47475884e+11  2.40e+08   4.55e-01     7.67e+01   19.473s
 470000 +8.47715114e+11 +8.47492270e+11  2.23e+08   6.02e-01     7.12e+01   19.513s
 471000 +8.47714855e+11 +8.47508658e+11  2.06e+08   6.86e-01     6.58e+01   19.554s
 472000 +8.47714691e+11 +8.47527057e+11  1.88e+08   7.43e-01     6.09e+01   19.594s
 473000 +8.47714625e+11 +8.47539304e+11  1.75e+08   7.62e-01     5.64e+01   19.635s
 474000 +8.47714632e+11 +8.47558948e+11  1.56e+08   9.17e-01     5.22e+01   19.675s
 475000 +8.47714686e+11 +8.47575770e+11  1.39e+08   9.14e-01     4.84e+01   19.716s
 476000 +8.47714798e+11 +8.47594243e+11  1.21e+08   7.23e-01     4.50e+01   19.756s
 477000 +8.47714947e+11 +8.47601460e+11  1.13e+08   5.92e-01     4.21e+01   19.797s
 478000 +8.47715105e+11 +8.47611742e+11  1.03e+08   5.85e-01     3.95e+01   19.837s
 479000 +8.47715258e+11 +8.47620272e+11  9.50e+07   4.92e-01     3.70e+01   19.881s
 480000 +8.47715391e+11 +8.47623018e+11  9.24e+07   4.64e-01     3.52e+01   19.921s
 481000 +8.47715536e+11 +8.47633417e+11  8.21e+07   3.11e-01     3.35e+01   19.962s
 482000 +8.47715682e+11 +8.47636749e+11  7.89e+07   3.74e-01     3.20e+01   20.002s
 483000 +8.47715822e+11 +8.47640122e+11  7.57e+07   3.27e-01     3.08e+01   20.043s
 484000 +8.47715974e+11 +8.47637370e+11  7.86e+07   2.53e-01     3.02e+01   20.083s
 485000 +8.47716115e+11 +8.47646180e+11  6.99e+07   8.75e-02     2.94e+01   20.124s
 486000 +8.47716242e+11 +8.47640706e+11  7.55e+07   1.77e-01     2.87e+01   20.164s
 487000 +8.47716059e+11 +8.47643674e+11  7.24e+07   4.26e-01     2.54e+01   20.205s
 488000 +8.47714729e+11 +8.47641678e+11  7.31e+07   8.78e-01     2.38e+01   20.246s
 489000 +8.47713323e+11 +8.47640843e+11  7.25e+07   1.99e+00     2.32e+01   20.286s
 490000 +8.47711877e+11 +8.47643805e+11  6.81e+07   2.88e+00     2.25e+01   20.327s
 491000 +8.47710479e+11 +8.47645780e+11  6.47e+07   3.16e+00     2.19e+01   20.367s
 492000 +8.47709142e+11 +8.47647846e+11  6.13e+07   3.60e+00     2.12e+01   20.408s
 493000 +8.47707908e+11 +8.47649329e+11  5.86e+07   4.11e+00     2.05e+01   20.448s
 494000 +8.47706756e+11 +8.47652430e+11  5.43e+07   4.57e+00     1.97e+01   20.489s
 495000 +8.47705685e+11 +8.47655344e+11  5.03e+07   4.84e+00     1.88e+01   20.529s
 496000 +8.47704682e+11 +8.47658833e+11  4.58e+07   5.23e+00     1.77e+01   20.570s
 497000 +8.47703756e+11 +8.47662664e+11  4.11e+07   5.60e+00     1.67e+01   20.610s
 498000 +8.47702961e+11 +8.47665924e+11  3.70e+07   6.06e+00     1.57e+01   20.651s
 499000 +8.47702292e+11 +8.47669803e+11  3.25e+07   6.65e+00     1.46e+01   20.691s
 500000 +8.47701765e+11 +8.47674643e+11  2.71e+07   6.95e+00     1.35e+01   20.732s
 501000 +8.47701392e+11 +8.47678493e+11  2.29e+07   6.88e+00     1.25e+01   20.773s
 502000 +8.47701149e+11 +8.47682518e+11  1.86e+07   6.89e+00     1.14e+01   20.813s
 503000 +8.47701050e+11 +8.47686184e+11  1.49e+07   7.12e+00     1.04e+01   20.854s
 504000 +8.47701081e+11 +8.47690521e+11  1.06e+07   6.80e+00     9.55e+00   20.894s
 505000 +8.47701206e+11 +8.47694315e+11  6.89e+06   6.77e+00     8.65e+00   20.935s
 506000 +8.47701401e+11 +8.47697802e+11  3.60e+06   6.63e+00     7.88e+00   20.975s
 507000 +8.47701707e+11 +8.47701684e+11  2.28e+04   6.63e+00     7.22e+00   21.016s
 508000 +8.47702085e+11 +8.47704499e+11  2.41e+06   6.45e+00     6.61e+00   21.056s
 509000 +8.47702536e+11 +8.47708257e+11  5.72e+06   6.24e+00     6.12e+00   21.097s
 510000 +8.47703047e+11 +8.47710194e+11  7.15e+06   5.87e+00     5.57e+00   21.137s
 511000 +8.47703571e+11 +8.47712315e+11  8.74e+06   5.31e+00     5.21e+00   21.178s
 512000 +8.47704126e+11 +8.47715483e+11  1.14e+07   5.29e+00     4.96e+00   21.218s
 513000 +8.47704706e+11 +8.47716896e+11  1.22e+07   5.18e+00     4.78e+00   21.259s
 514000 +8.47705309e+11 +8.47718449e+11  1.31e+07   5.09e+00     4.74e+00   21.299s
 515000 +8.47705933e+11 +8.47721116e+11  1.52e+07   5.06e+00     4.69e+00   21.340s
 516000 +8.47706609e+11 +8.47721538e+11  1.49e+07   4.64e+00     4.65e+00   21.380s
 517000 +8.47707298e+11 +8.47723494e+11  1.62e+07   4.35e+00     4.59e+00   21.421s
 518000 +8.47708007e+11 +8.47724283e+11  1.63e+07   3.56e+00     4.57e+00   21.462s
 519000 +8.47708706e+11 +8.47724400e+11  1.57e+07   3.42e+00     4.51e+00   21.502s
 520000 +8.47709409e+11 +8.47725575e+11  1.62e+07   2.70e+00     4.52e+00   21.543s
 521000 +8.47710067e+11 +8.47725760e+11  1.57e+07   2.40e+00     4.43e+00   21.583s
 522000 +8.47710676e+11 +8.47724524e+11  1.38e+07   2.15e+00     4.42e+00   21.624s
 523000 +8.47711244e+11 +8.47724276e+11  1.30e+07   2.12e+00     4.41e+00   21.664s
 524000 +8.47711785e+11 +8.47723893e+11  1.21e+07   2.27e+00     4.27e+00   21.705s
 525000 +8.47712284e+11 +8.47724208e+11  1.19e+07   2.15e+00     4.06e+00   21.745s
 526000 +8.47712779e+11 +8.47723056e+11  1.03e+07   1.80e+00     3.89e+00   21.786s
 527000 +8.47712845e+11 +8.47726269e+11  1.34e+07   1.91e+00     4.40e+00   21.826s
 528000 +8.47712941e+11 +8.47728869e+11  1.59e+07   1.87e+00     4.51e+00   21.867s
 529000 +8.47713060e+11 +8.47730688e+11  1.76e+07   1.70e+00     4.85e+00   21.908s
 530000 +8.47713197e+11 +8.47732551e+11  1.94e+07   1.47e+00     5.26e+00   21.948s
 531000 +8.47713348e+11 +8.47734150e+11  2.08e+07   1.32e+00     5.64e+00   21.989s
 532000 +8.47713510e+11 +8.47735588e+11  2.21e+07   1.21e+00     5.99e+00   22.029s
 533000 +8.47713680e+11 +8.47736777e+11  2.31e+07   1.10e+00     6.33e+00   22.070s
 534000 +8.47713851e+11 +8.47737998e+11  2.41e+07   1.01e+00     6.52e+00   22.110s
 535000 +8.47714031e+11 +8.47739028e+11  2.50e+07   9.60e-01     6.81e+00   22.151s
 536000 +8.47714218e+11 +8.47739830e+11  2.56e+07   9.70e-01     7.06e+00   22.191s
 537000 +8.47714416e+11 +8.47740565e+11  2.61e+07   8.17e-01     7.25e+00   22.232s
 538000 +8.47714619e+11 +8.47741308e+11  2.67e+07   7.38e-01     7.41e+00   22.272s
 539000 +8.47714824e+11 +8.47741460e+11  2.66e+07   6.33e-01     7.51e+00   22.313s
 540000 +8.47715031e+11 +8.47741718e+11  2.67e+07   5.18e-01     7.57e+00   22.353s
 541000 +8.47715236e+11 +8.47741681e+11  2.64e+07   4.40e-01     7.57e+00   22.394s
 542000 +8.47715437e+11 +8.47741513e+11  2.61e+07   3.22e-01     7.53e+00   22.434s
 543000 +8.47715632e+11 +8.47741182e+11  2.56e+07   2.43e-01     7.45e+00   22.475s
 544000 +8.47715817e+11 +8.47740511e+11  2.47e+07   1.90e-01     7.22e+00   22.515s
 545000 +8.47715992e+11 +8.47740254e+11  2.43e+07   1.28e-01     7.04e+00   22.556s
 546000 +8.47716156e+11 +8.47739566e+11  2.34e+07   6.14e-02     6.86e+00   22.597s
 547000 +8.47716314e+11 +8.47738663e+11  2.23e+07   3.37e-02     6.60e+00   22.637s
 548000 +8.47716460e+11 +8.47738169e+11  2.17e+07   8.13e-02     6.36e+00   22.678s
 549000 +8.47716594e+11 +8.47736758e+11  2.02e+07   1.83e-01     6.03e+00   22.718s
 550000 +8.47716713e+11 +8.47735639e+11  1.89e+07   2.61e-01     5.73e+00   22.759s
 551000 +8.47716817e+11 +8.47734315e+11  1.75e+07   2.72e-01     5.38e+00   22.799s
 552000 +8.47716905e+11 +8.47733490e+11  1.66e+07   3.26e-01     5.03e+00   22.840s
 553000 +8.47716978e+11 +8.47731968e+11  1.50e+07   3.35e-01     4.66e+00   22.880s
 554000 +8.47717037e+11 +8.47730769e+11  1.37e+07   3.91e-01     4.32e+00   22.921s
 555000 +8.47717080e+11 +8.47729495e+11  1.24e+07   3.85e-01     3.96e+00   22.961s
 556000 +8.47717109e+11 +8.47728007e+11  1.09e+07   3.85e-01     3.60e+00   23.002s
 557000 +8.47717123e+11 +8.47727031e+11  9.91e+06   4.07e-01     3.26e+00   23.042s
 558000 +8.47717125e+11 +8.47725727e+11  8.60e+06   3.94e-01     2.95e+00   23.083s
 559000 +8.47717114e+11 +8.47724498e+11  7.38e+06   3.77e-01     2.64e+00   23.124s
 560000 +8.47717093e+11 +8.47723499e+11  6.41e+06   4.00e-01     2.33e+00   23.164s
 561000 +8.47717061e+11 +8.47722460e+11  5.40e+06   3.77e-01     2.10e+00   23.205s
 562000 +8.47717020e+11 +8.47721425e+11  4.41e+06   3.73e-01     1.84e+00   23.245s
 563000 +8.47716967e+11 +8.47720743e+11  3.78e+06   3.41e-01     1.66e+00   23.286s
 564000 +8.47716908e+11 +8.47719886e+11  2.98e+06   3.10e-01     1.51e+00   23.326s
 565000 +8.47716883e+11 +8.47719262e+11  2.38e+06   2.48e-01     1.29e+00   23.367s
 566000 +8.47717028e+11 +8.47719222e+11  2.19e+06   3.40e-01     1.22e+00   23.407s
 567000 +8.47717166e+11 +8.47719124e+11  1.96e+06   4.88e-01     1.20e+00   23.448s
 568000 +8.47717297e+11 +8.47719037e+11  1.74e+06   5.45e-01     1.18e+00   23.488s
 568200 +8.47717322e+11 +8.47719010e+11  1.69e+06   5.57e-01     1.18e+00   23.497s
LP Solver status:                Optimal
Primal objective:                +8.47717322e+11
Dual objective:                  +8.47719010e+11
Duality gap (abs/rel):           +1.69e+06 / +9.96e-07
Primal infeasibility (abs/rel):  +5.57e-01 / +4.36e-08
Dual infeasibility (abs/rel):    +1.18e+00 / +6.56e-07
PDLP finished
Status: Optimal   Objective: 8.47717322e+11  Iterations: 568200  Time: 23.505s

### exit_code=0
### finished=2026-07-31T16:04:55.660175
### gpu_peak_mb=1818.4
### gpu_peak2_mb=0.0
### per_gpu_peak_mb=[1818.375]
