### solver=cuopt-base
### instance=/home/scratch.cmaes_sw/hans_lps/irish-electricity.mps
### n_gpus=1
### CUDA_VISIBLE_DEVICES=0
### started=2026-07-31T16:04:55.674921
### argv=/home/scratch.vmostovoi_gpu/mostovoi_cuopt/cpp/build/cuopt_cli --method 1 --mps-reader experimental-fast --time-limit 3600 --iteration-limit 1000000000 --relative-primal-tolerance 1e-6 --relative-dual-tolerance 1e-6 --relative-gap-tolerance 1e-6 --log-to-console true /home/scratch.cmaes_sw/hans_lps/irish-electricity.mps
### --- solver output ---
Setting parameter iteration_limit to 1000000000
Setting parameter log_to_console to true
Setting parameter method to 1
Setting parameter relative_dual_tolerance to 1.000000e-06
Setting parameter relative_gap_tolerance to 1.000000e-06
Setting parameter relative_primal_tolerance to 1.000000e-06
Setting parameter time_limit to 3.600000e+03
Reading file irish-electricity.mps
Using experimental fast MPS parser for '/home/scratch.cmaes_sw/hans_lps/irish-electricity.mps'
Read file irish-electricity.mps in 0.36 seconds
cuOpt version: 26.8.0, git hash: 7116ead1, host arch: x86_64, device archs: 100a-real
CPU: INTEL(R) XEON(R) PLATINUM 8570, threads (physical/logical): 112/224, RAM: 1793.62 GiB
CUDA 13.3, device: NVIDIA B200 (ID 0), VRAM: 178.34 GiB
CUDA device UUID: 1e26c45a-4f9e-e75b-c128-d0e6ab6abfe5
Solving a problem with 104259 constraints, 61728 variables (0 integers), and 523257 nonzeros
Problem scaling:
Objective coefficents range:          [1e+00, 1e+00]
Constraint matrix coefficients range: [1e+00, 2e+04]
Constraint rhs / bounds range:        [3e-01, 5e+03]
Variable bounds range:                [0e+00, 1e+00]

Using PSLP presolver
PSLP Presolved problem: 71918 constraints, 41271 variables, 412742 non-zeros
PSLP presolve time: 0.12s
Objective offset 0.000000 scaling_factor 1.000000
   Iter    Primal Obj.      Dual Obj.    Gap        Primal Res.  Dual Res.   Time
      0 +0.00000000e+00 +0.00000000e+00  0.00e+00   3.90e+04     9.42e+05   0.209s
   1000 +2.48072185e+06 +2.55461001e+06  7.39e+04   8.18e+01     1.15e+02   0.270s
   2000 +2.47038800e+06 +2.47570584e+06  5.32e+03   3.85e+01     7.13e+00   0.297s
   3000 +2.47046423e+06 +2.47579313e+06  5.33e+03   1.37e+01     2.80e+00   0.324s
   4000 +2.47083232e+06 +2.47710419e+06  6.27e+03   6.78e+00     6.00e+00   0.352s
   5000 +2.47155582e+06 +2.47949000e+06  7.93e+03   4.45e+00     6.40e+00   0.378s
   6000 +2.47214710e+06 +2.48172056e+06  9.57e+03   3.06e+00     1.86e+01   0.406s
   7000 +2.47421147e+06 +2.48618394e+06  1.20e+04   2.26e+00     2.52e+01   0.432s
   8000 +2.47572152e+06 +2.49013007e+06  1.44e+04   1.61e+00     2.35e+01   0.459s
   9000 +2.47692827e+06 +2.49351674e+06  1.66e+04   1.55e+00     2.15e+01   0.486s
  10000 +2.48274811e+06 +2.49989133e+06  1.71e+04   1.08e+00     5.16e+01   0.513s
  11000 +2.48525093e+06 +2.50492282e+06  1.97e+04   9.68e-01     5.69e+01   0.541s
  12000 +2.48791795e+06 +2.50914382e+06  2.12e+04   8.17e-01     6.13e+01   0.567s
  13000 +2.48948386e+06 +2.51342033e+06  2.39e+04   7.88e-01     5.54e+01   0.593s
  14000 +2.49111878e+06 +2.51591596e+06  2.48e+04   7.10e-01     5.35e+01   0.619s
  15000 +2.49615400e+06 +2.52023290e+06  2.41e+04   5.28e-01     8.61e+01   0.645s
  16000 +2.49819231e+06 +2.52531312e+06  2.71e+04   4.35e-01     9.23e+01   0.671s
  17000 +2.50120274e+06 +2.52830091e+06  2.71e+04   4.24e-01     1.00e+02   0.697s
  18000 +2.50303117e+06 +2.53124490e+06  2.82e+04   3.94e-01     9.67e+01   0.723s
  19000 +2.50587201e+06 +2.53328997e+06  2.74e+04   4.04e-01     9.32e+01   0.749s
  20000 +2.50780379e+06 +2.53595370e+06  2.81e+04   3.88e-01     8.82e+01   0.775s
  21000 +2.50941292e+06 +2.53744859e+06  2.80e+04   3.92e-01     8.35e+01   0.801s
  22000 +2.51083660e+06 +2.53992611e+06  2.91e+04   3.80e-01     8.29e+01   0.827s
  23000 +2.51580982e+06 +2.54210648e+06  2.63e+04   2.36e-01     1.17e+02   0.854s
  24000 +2.52106395e+06 +2.54420394e+06  2.31e+04   2.26e-01     1.67e+02   0.880s
  25000 +2.52621587e+06 +2.54529049e+06  1.91e+04   2.05e-01     1.85e+02   0.906s
  26000 +2.53028754e+06 +2.54644066e+06  1.62e+04   1.85e-01     1.99e+02   0.932s
  27000 +2.53294458e+06 +2.54798276e+06  1.50e+04   1.68e-01     1.87e+02   0.958s
  28000 +2.53485274e+06 +2.54778038e+06  1.29e+04   1.69e-01     1.84e+02   0.984s
  29000 +2.53672105e+06 +2.54714755e+06  1.04e+04   1.50e-01     1.73e+02   1.010s
  30000 +2.53793313e+06 +2.54838002e+06  1.04e+04   1.70e-01     1.66e+02   1.036s
  31000 +2.53891399e+06 +2.54852936e+06  9.62e+03   1.26e-01     1.55e+02   1.062s
  32000 +2.53980992e+06 +2.54979605e+06  9.99e+03   1.29e-01     1.42e+02   1.088s
  33000 +2.54041649e+06 +2.54875277e+06  8.34e+03   1.15e-01     1.32e+02   1.114s
  34000 +2.54090640e+06 +2.54828661e+06  7.38e+03   1.03e-01     1.24e+02   1.140s
  35000 +2.54126959e+06 +2.54903525e+06  7.77e+03   9.89e-02     1.18e+02   1.166s
  36000 +2.54262344e+06 +2.54654733e+06  3.92e+03   6.05e-02     1.08e+02   1.192s
  37000 +2.54327129e+06 +2.54490808e+06  1.64e+03   5.98e-02     1.00e+02   1.218s
  38000 +2.54381663e+06 +2.54427298e+06  4.56e+02   5.93e-02     9.83e+01   1.244s
  39000 +2.54426330e+06 +2.54427615e+06  1.29e+01   6.59e-02     9.70e+01   1.270s
  40000 +2.54451821e+06 +2.54440955e+06  1.09e+02   6.19e-02     9.39e+01   1.296s
  41000 +2.54466794e+06 +2.54449847e+06  1.69e+02   5.04e-02     9.15e+01   1.322s
  42000 +2.54480896e+06 +2.54457580e+06  2.33e+02   5.49e-02     9.04e+01   1.348s
  43000 +2.54491274e+06 +2.54486033e+06  5.24e+01   4.91e-02     8.73e+01   1.374s
  44000 +2.54505082e+06 +2.54520925e+06  1.58e+02   4.38e-02     8.48e+01   1.400s
  45000 +2.54521809e+06 +2.54544756e+06  2.29e+02   4.74e-02     8.15e+01   1.426s
  46000 +2.54529575e+06 +2.54590160e+06  6.06e+02   4.39e-02     7.87e+01   1.452s
  47000 +2.54535077e+06 +2.54631053e+06  9.60e+02   4.43e-02     7.69e+01   1.478s
  48000 +2.54535330e+06 +2.54671309e+06  1.36e+03   4.49e-02     6.98e+01   1.504s
  49000 +2.54532545e+06 +2.54680685e+06  1.48e+03   4.31e-02     6.62e+01   1.530s
  50000 +2.54539872e+06 +2.54626629e+06  8.68e+02   3.91e-02     6.47e+01   1.556s
  51000 +2.54545337e+06 +2.54638432e+06  9.31e+02   3.82e-02     6.24e+01   1.582s
  52000 +2.54555080e+06 +2.54609820e+06  5.47e+02   4.38e-02     6.12e+01   1.608s
  53000 +2.54556118e+06 +2.54561105e+06  4.99e+01   4.21e-02     6.10e+01   1.634s
  54000 +2.54558611e+06 +2.54536352e+06  2.23e+02   4.37e-02     6.06e+01   1.660s
  55000 +2.54554371e+06 +2.54539768e+06  1.46e+02   4.01e-02     5.83e+01   1.686s
  56000 +2.54566659e+06 +2.54499799e+06  6.69e+02   3.50e-02     5.23e+01   1.712s
  57000 +2.54574161e+06 +2.54501551e+06  7.26e+02   3.15e-02     5.13e+01   1.738s
  58000 +2.54580738e+06 +2.54567208e+06  1.35e+02   4.22e-02     5.05e+01   1.764s
  59000 +2.54587869e+06 +2.54692697e+06  1.05e+03   6.01e-02     4.61e+01   1.790s
  60000 +2.54599394e+06 +2.54736421e+06  1.37e+03   3.99e-02     4.40e+01   1.816s
  61000 +2.54607883e+06 +2.54758887e+06  1.51e+03   4.41e-02     4.19e+01   1.842s
  62000 +2.54615115e+06 +2.54779295e+06  1.64e+03   3.55e-02     3.98e+01   1.868s
  63000 +2.54620880e+06 +2.54795615e+06  1.75e+03   3.38e-02     3.93e+01   1.894s
  64000 +2.54626553e+06 +2.54852814e+06  2.26e+03   3.05e-02     3.78e+01   1.920s
  65000 +2.54630554e+06 +2.54856179e+06  2.26e+03   2.65e-02     3.75e+01   1.946s
  66000 +2.54634797e+06 +2.54848143e+06  2.13e+03   3.17e-02     3.51e+01   1.972s
  67000 +2.54646942e+06 +2.54860724e+06  2.14e+03   2.10e-02     3.04e+01   1.999s
  68000 +2.54652893e+06 +2.54862658e+06  2.10e+03   1.93e-02     2.96e+01   2.025s
  69000 +2.54655634e+06 +2.54859239e+06  2.04e+03   2.02e-02     2.96e+01   2.051s
  70000 +2.54657665e+06 +2.54855448e+06  1.98e+03   2.00e-02     2.89e+01   2.077s
  71000 +2.54656906e+06 +2.54857061e+06  2.00e+03   2.16e-02     2.80e+01   2.103s
  72000 +2.54655423e+06 +2.54881087e+06  2.26e+03   2.12e-02     2.82e+01   2.129s
  73000 +2.54654173e+06 +2.54883071e+06  2.29e+03   2.28e-02     2.73e+01   2.155s
  74000 +2.54651300e+06 +2.54863524e+06  2.12e+03   2.49e-02     2.71e+01   2.181s
  75000 +2.54648554e+06 +2.54891608e+06  2.43e+03   2.11e-02     2.66e+01   2.207s
  76000 +2.54650176e+06 +2.54898129e+06  2.48e+03   1.97e-02     2.64e+01   2.233s
  77000 +2.54652345e+06 +2.54907888e+06  2.56e+03   1.79e-02     2.57e+01   2.259s
  78000 +2.54651730e+06 +2.54915980e+06  2.64e+03   2.13e-02     2.59e+01   2.285s
  79000 +2.54649729e+06 +2.54933901e+06  2.84e+03   2.21e-02     2.59e+01   2.311s
  80000 +2.54650904e+06 +2.54948875e+06  2.98e+03   2.10e-02     2.57e+01   2.337s
  81000 +2.54650541e+06 +2.54958033e+06  3.07e+03   2.04e-02     2.54e+01   2.363s
  82000 +2.54653614e+06 +2.54962574e+06  3.09e+03   2.30e-02     2.52e+01   2.389s
  83000 +2.54652124e+06 +2.54964999e+06  3.13e+03   1.92e-02     2.49e+01   2.415s
  84000 +2.54650494e+06 +2.54987230e+06  3.37e+03   1.99e-02     2.45e+01   2.441s
  85000 +2.54651118e+06 +2.54989451e+06  3.38e+03   2.24e-02     2.40e+01   2.467s
  86000 +2.54650660e+06 +2.54983866e+06  3.33e+03   2.31e-02     2.34e+01   2.493s
  87000 +2.54649948e+06 +2.54974992e+06  3.25e+03   2.03e-02     2.29e+01   2.519s
  88000 +2.54648378e+06 +2.54977944e+06  3.30e+03   2.28e-02     2.28e+01   2.545s
  89000 +2.54650279e+06 +2.54947970e+06  2.98e+03   2.00e-02     2.22e+01   2.571s
  90000 +2.54649424e+06 +2.54936669e+06  2.87e+03   2.22e-02     2.18e+01   2.597s
  91000 +2.54646829e+06 +2.54920245e+06  2.73e+03   1.98e-02     2.18e+01   2.623s
  92000 +2.54643067e+06 +2.54911778e+06  2.69e+03   1.99e-02     2.16e+01   2.649s
  93000 +2.54638968e+06 +2.54908377e+06  2.69e+03   2.01e-02     2.13e+01   2.675s
  94000 +2.54637187e+06 +2.54905267e+06  2.68e+03   2.01e-02     2.07e+01   2.701s
  95000 +2.54633626e+06 +2.54899364e+06  2.66e+03   1.83e-02     2.08e+01   2.727s
  96000 +2.54632855e+06 +2.54900349e+06  2.67e+03   2.00e-02     2.03e+01   2.753s
  97000 +2.54632108e+06 +2.54903268e+06  2.71e+03   1.83e-02     2.00e+01   2.779s
  98000 +2.54631693e+06 +2.54901749e+06  2.70e+03   1.89e-02     1.99e+01   2.805s
  99000 +2.54629692e+06 +2.54883400e+06  2.54e+03   1.97e-02     2.00e+01   2.831s
 100000 +2.54626057e+06 +2.54881982e+06  2.56e+03   2.21e-02     1.97e+01   2.857s
 101000 +2.54624177e+06 +2.54855778e+06  2.32e+03   1.99e-02     1.95e+01   2.883s
 102000 +2.54624116e+06 +2.54863699e+06  2.40e+03   1.94e-02     1.91e+01   2.909s
 103000 +2.54619855e+06 +2.54884545e+06  2.65e+03   1.97e-02     1.92e+01   2.935s
 104000 +2.54617180e+06 +2.54866614e+06  2.49e+03   1.71e-02     1.81e+01   2.961s
 105000 +2.54618920e+06 +2.54863970e+06  2.45e+03   1.94e-02     1.79e+01   2.987s
 106000 +2.54620807e+06 +2.54870101e+06  2.49e+03   2.32e-02     1.77e+01   3.013s
 107000 +2.54621602e+06 +2.54866319e+06  2.45e+03   2.42e-02     1.72e+01   3.039s
 108000 +2.54621124e+06 +2.54863814e+06  2.43e+03   2.62e-02     1.67e+01   3.065s
 109000 +2.54620775e+06 +2.54848258e+06  2.27e+03   2.63e-02     1.60e+01   3.091s
 110000 +2.54620392e+06 +2.54854515e+06  2.34e+03   2.25e-02     1.58e+01   3.117s
 111000 +2.54622379e+06 +2.54847512e+06  2.25e+03   2.62e-02     1.51e+01   3.143s
 112000 +2.54622219e+06 +2.54843376e+06  2.21e+03   1.97e-02     1.46e+01   3.169s
 113000 +2.54620418e+06 +2.54836453e+06  2.16e+03   2.02e-02     1.45e+01   3.195s
 114000 +2.54618987e+06 +2.54831689e+06  2.13e+03   1.99e-02     1.41e+01   3.221s
 115000 +2.54615481e+06 +2.54836052e+06  2.21e+03   1.94e-02     1.39e+01   3.247s
 116000 +2.54611912e+06 +2.54832089e+06  2.20e+03   1.80e-02     1.38e+01   3.273s
 117000 +2.54609013e+06 +2.54829619e+06  2.21e+03   1.81e-02     1.38e+01   3.299s
 118000 +2.54607544e+06 +2.54826979e+06  2.19e+03   1.79e-02     1.38e+01   3.325s
 119000 +2.54600489e+06 +2.54817558e+06  2.17e+03   1.80e-02     1.37e+01   3.351s
 120000 +2.54595082e+06 +2.54804703e+06  2.10e+03   2.87e-02     1.36e+01   3.377s
 121000 +2.54592651e+06 +2.54798498e+06  2.06e+03   1.93e-02     1.37e+01   3.403s
 122000 +2.54588545e+06 +2.54803571e+06  2.15e+03   1.85e-02     1.36e+01   3.429s
 123000 +2.54590201e+06 +2.54797348e+06  2.07e+03   2.85e-02     1.32e+01   3.456s
 124000 +2.54588383e+06 +2.54793080e+06  2.05e+03   7.91e-02     1.29e+01   3.482s
 125000 +2.54582395e+06 +2.54789196e+06  2.07e+03   4.15e-02     1.24e+01   3.508s
 126000 +2.54582929e+06 +2.54787244e+06  2.04e+03   4.60e-02     1.23e+01   3.534s
 127000 +2.54581512e+06 +2.54791767e+06  2.10e+03   3.17e-02     1.22e+01   3.560s
 128000 +2.54577439e+06 +2.54792194e+06  2.15e+03   3.67e-02     1.20e+01   3.586s
 129000 +2.54575212e+06 +2.54793536e+06  2.18e+03   4.51e-02     1.17e+01   3.612s
 130000 +2.54572992e+06 +2.54787527e+06  2.15e+03   4.20e-02     1.15e+01   3.638s
 131000 +2.54567176e+06 +2.54773620e+06  2.06e+03   4.38e-02     1.13e+01   3.664s
 132000 +2.54573213e+06 +2.54756925e+06  1.84e+03   4.37e-02     1.11e+01   3.690s
 133000 +2.54569406e+06 +2.54740634e+06  1.71e+03   4.61e-02     1.10e+01   3.716s
 134000 +2.54566699e+06 +2.54738055e+06  1.71e+03   3.92e-02     1.05e+01   3.742s
 135000 +2.54564495e+06 +2.54725625e+06  1.61e+03   4.05e-02     1.04e+01   3.768s
 136000 +2.54558294e+06 +2.54715889e+06  1.58e+03   3.51e-02     9.73e+00   3.794s
 137000 +2.54551717e+06 +2.54711678e+06  1.60e+03   3.75e-02     9.40e+00   3.820s
 138000 +2.54549494e+06 +2.54712167e+06  1.63e+03   4.13e-02     9.21e+00   3.846s
 139000 +2.54547609e+06 +2.54705981e+06  1.58e+03   3.72e-02     8.91e+00   3.872s
 140000 +2.54543911e+06 +2.54701301e+06  1.57e+03   4.08e-02     8.77e+00   3.898s
 141000 +2.54543025e+06 +2.54686024e+06  1.43e+03   4.01e-02     8.52e+00   3.924s
 142000 +2.54545123e+06 +2.54678848e+06  1.34e+03   4.44e-02     8.57e+00   3.950s
 143000 +2.54548575e+06 +2.54673646e+06  1.25e+03   4.52e-02     8.26e+00   3.976s
 144000 +2.54552982e+06 +2.54667603e+06  1.15e+03   4.24e-02     7.18e+00   4.002s
 145000 +2.54555004e+06 +2.54663013e+06  1.08e+03   3.67e-02     6.72e+00   4.028s
 146000 +2.54550361e+06 +2.54667191e+06  1.17e+03   3.60e-02     6.58e+00   4.054s
 147000 +2.54555982e+06 +2.54656376e+06  1.00e+03   6.14e-02     5.15e+00   4.080s
 148000 +2.54560513e+06 +2.54638963e+06  7.85e+02   6.03e-02     4.72e+00   4.106s
 149000 +2.54566168e+06 +2.54623304e+06  5.71e+02   5.26e-02     4.39e+00   4.132s
 150000 +2.54562875e+06 +2.54619438e+06  5.66e+02   5.26e-02     4.23e+00   4.158s
 151000 +2.54554393e+06 +2.54616685e+06  6.23e+02   5.19e-02     4.16e+00   4.184s
 152000 +2.54546846e+06 +2.54612617e+06  6.58e+02   4.36e-02     4.08e+00   4.210s
 153000 +2.54546548e+06 +2.54611893e+06  6.53e+02   4.47e-02     4.09e+00   4.236s
 154000 +2.54547363e+06 +2.54611903e+06  6.45e+02   5.98e-02     3.97e+00   4.262s
 155000 +2.54546346e+06 +2.54609053e+06  6.27e+02   5.21e-02     3.85e+00   4.288s
 156000 +2.54541702e+06 +2.54609104e+06  6.74e+02   3.83e-02     3.85e+00   4.314s
 157000 +2.54538435e+06 +2.54607825e+06  6.94e+02   4.99e-02     3.74e+00   4.340s
 158000 +2.54542045e+06 +2.54605886e+06  6.38e+02   5.04e-02     3.71e+00   4.366s
 159000 +2.54543696e+06 +2.54605464e+06  6.18e+02   5.16e-02     3.63e+00   4.392s
 160000 +2.54542144e+06 +2.54604595e+06  6.25e+02   5.01e-02     3.58e+00   4.418s
 161000 +2.54541773e+06 +2.54607759e+06  6.60e+02   4.15e-02     3.46e+00   4.444s
 162000 +2.54537637e+06 +2.54606946e+06  6.93e+02   4.69e-02     3.45e+00   4.470s
 163000 +2.54535719e+06 +2.54605003e+06  6.93e+02   4.68e-02     3.44e+00   4.496s
 164000 +2.54533860e+06 +2.54606347e+06  7.25e+02   4.53e-02     3.34e+00   4.522s
 165000 +2.54532889e+06 +2.54607924e+06  7.50e+02   4.07e-02     3.38e+00   4.548s
 166000 +2.54532582e+06 +2.54608137e+06  7.56e+02   3.84e-02     3.36e+00   4.574s
 167000 +2.54532339e+06 +2.54606319e+06  7.40e+02   4.73e-02     3.36e+00   4.600s
 168000 +2.54532322e+06 +2.54604400e+06  7.21e+02   8.63e-02     3.27e+00   4.627s
 169000 +2.54537880e+06 +2.54600668e+06  6.28e+02   7.20e-02     3.01e+00   4.653s
 170000 +2.54524253e+06 +2.54601887e+06  7.76e+02   6.09e-02     2.90e+00   4.679s
 171000 +2.54519755e+06 +2.54600721e+06  8.10e+02   5.99e-02     2.84e+00   4.705s
 172000 +2.54530948e+06 +2.54598975e+06  6.80e+02   4.90e-02     2.72e+00   4.731s
 173000 +2.54537719e+06 +2.54597795e+06  6.01e+02   5.98e-02     2.59e+00   4.757s
 174000 +2.54536866e+06 +2.54598328e+06  6.15e+02   1.12e-01     2.14e+00   4.783s
 175000 +2.54527684e+06 +2.54599132e+06  7.14e+02   7.30e-02     1.88e+00   4.809s
 176000 +2.54515965e+06 +2.54600627e+06  8.47e+02   7.22e-02     1.51e+00   4.835s
 177000 +2.54512081e+06 +2.54601983e+06  8.99e+02   6.94e-02     1.33e+00   4.861s
 178000 +2.54510096e+06 +2.54604411e+06  9.43e+02   6.11e-02     1.25e+00   4.887s
 179000 +2.54517660e+06 +2.54602002e+06  8.43e+02   5.96e-02     1.12e+00   4.913s
 180000 +2.54520364e+06 +2.54603134e+06  8.28e+02   5.17e-02     1.09e+00   4.939s
 181000 +2.54522443e+06 +2.54604228e+06  8.18e+02   5.10e-02     9.97e-01   4.965s
 182000 +2.54527875e+06 +2.54603622e+06  7.57e+02   5.25e-02     8.57e-01   4.991s
 183000 +2.54526026e+06 +2.54603153e+06  7.71e+02   4.19e-02     7.74e-01   5.017s
 184000 +2.54525478e+06 +2.54603290e+06  7.78e+02   4.27e-02     7.63e-01   5.043s
 185000 +2.54525096e+06 +2.54604359e+06  7.93e+02   3.46e-02     7.42e-01   5.069s
 186000 +2.54528361e+06 +2.54603276e+06  7.49e+02   4.23e-02     6.84e-01   5.095s
 187000 +2.54530973e+06 +2.54603065e+06  7.21e+02   4.18e-02     6.87e-01   5.121s
 188000 +2.54534836e+06 +2.54602647e+06  6.78e+02   3.92e-02     6.28e-01   5.147s
 189000 +2.54537855e+06 +2.54603150e+06  6.53e+02   2.97e-02     5.48e-01   5.173s
 190000 +2.54535992e+06 +2.54602232e+06  6.62e+02   3.52e-02     5.14e-01   5.199s
 191000 +2.54532946e+06 +2.54601536e+06  6.86e+02   2.85e-02     5.19e-01   5.225s
 192000 +2.54529982e+06 +2.54602442e+06  7.25e+02   3.50e-02     5.15e-01   5.251s
 193000 +2.54529312e+06 +2.54602200e+06  7.29e+02   2.51e-02     4.97e-01   5.277s
 194000 +2.54529360e+06 +2.54603048e+06  7.37e+02   2.10e-02     3.77e-01   5.303s
 195000 +2.54528346e+06 +2.54602841e+06  7.45e+02   1.82e-02     3.52e-01   5.329s
 196000 +2.54527126e+06 +2.54602661e+06  7.55e+02   1.77e-02     3.30e-01   5.355s
 197000 +2.54525691e+06 +2.54602632e+06  7.69e+02   1.64e-02     3.34e-01   5.381s
 198000 +2.54524834e+06 +2.54602801e+06  7.80e+02   1.54e-02     3.31e-01   5.407s
 199000 +2.54524258e+06 +2.54602868e+06  7.86e+02   1.43e-02     3.55e-01   5.433s
 200000 +2.54524801e+06 +2.54602792e+06  7.80e+02   1.29e-02     3.51e-01   5.459s
 201000 +2.54525175e+06 +2.54602725e+06  7.75e+02   1.27e-02     3.56e-01   5.485s
 202000 +2.54525517e+06 +2.54602816e+06  7.73e+02   1.19e-02     3.60e-01   5.511s
 203000 +2.54525987e+06 +2.54602906e+06  7.69e+02   1.18e-02     3.66e-01   5.537s
 204000 +2.54526088e+06 +2.54603286e+06  7.72e+02   1.45e-02     3.62e-01   5.563s
 205000 +2.54526582e+06 +2.54603889e+06  7.73e+02   1.13e-02     3.38e-01   5.589s
 206000 +2.54527260e+06 +2.54604139e+06  7.69e+02   1.34e-02     3.28e-01   5.615s
 207000 +2.54527636e+06 +2.54604505e+06  7.69e+02   1.29e-02     3.15e-01   5.641s
 208000 +2.54528323e+06 +2.54604660e+06  7.63e+02   1.25e-02     3.11e-01   5.667s
 209000 +2.54529030e+06 +2.54604672e+06  7.56e+02   1.35e-02     3.00e-01   5.693s
 210000 +2.54529480e+06 +2.54604994e+06  7.55e+02   1.30e-02     2.78e-01   5.719s
 211000 +2.54529697e+06 +2.54605147e+06  7.55e+02   1.36e-02     2.63e-01   5.745s
 212000 +2.54529559e+06 +2.54605099e+06  7.55e+02   1.59e-02     2.56e-01   5.771s
 213000 +2.54529216e+06 +2.54605058e+06  7.58e+02   1.44e-02     2.40e-01   5.797s
 214000 +2.54528626e+06 +2.54604864e+06  7.62e+02   1.42e-02     2.16e-01   5.823s
 215000 +2.54528325e+06 +2.54604468e+06  7.61e+02   1.39e-02     2.19e-01   5.849s
 216000 +2.54528116e+06 +2.54603915e+06  7.58e+02   1.20e-02     2.28e-01   5.875s
 217000 +2.54528438e+06 +2.54604004e+06  7.56e+02   1.24e-02     2.16e-01   5.901s
 218000 +2.54527979e+06 +2.54604039e+06  7.61e+02   1.26e-02     1.97e-01   5.927s
 219000 +2.54528440e+06 +2.54604431e+06  7.60e+02   1.30e-02     1.72e-01   5.953s
 220000 +2.54527782e+06 +2.54604519e+06  7.67e+02   1.27e-02     1.58e-01   5.979s
 221000 +2.54527033e+06 +2.54604577e+06  7.75e+02   1.20e-02     1.49e-01   6.005s
 222000 +2.54526874e+06 +2.54604443e+06  7.76e+02   1.14e-02     1.53e-01   6.031s
 223000 +2.54526217e+06 +2.54604380e+06  7.82e+02   1.26e-02     1.39e-01   6.057s
 224000 +2.54525539e+06 +2.54604358e+06  7.88e+02   1.15e-02     1.44e-01   6.083s
 225000 +2.54525486e+06 +2.54604577e+06  7.91e+02   1.19e-02     1.48e-01   6.109s
 226000 +2.54525324e+06 +2.54604393e+06  7.91e+02   9.74e-03     1.46e-01   6.135s
 227000 +2.54524578e+06 +2.54604500e+06  7.99e+02   1.09e-02     1.45e-01   6.162s
 228000 +2.54525353e+06 +2.54604197e+06  7.88e+02   1.14e-02     1.45e-01   6.188s
 229000 +2.54525971e+06 +2.54604253e+06  7.83e+02   1.06e-02     1.36e-01   6.214s
 230000 +2.54526332e+06 +2.54604268e+06  7.79e+02   1.05e-02     1.25e-01   6.240s
 231000 +2.54527187e+06 +2.54604143e+06  7.70e+02   9.78e-03     1.26e-01   6.266s
 232000 +2.54527515e+06 +2.54604344e+06  7.68e+02   1.01e-02     1.15e-01   6.292s
 233000 +2.54527900e+06 +2.54604716e+06  7.68e+02   8.90e-03     1.14e-01   6.318s
 234000 +2.54528306e+06 +2.54605033e+06  7.67e+02   9.52e-03     1.15e-01   6.344s
 235000 +2.54528264e+06 +2.54605063e+06  7.68e+02   8.94e-03     1.64e-01   6.370s
 236000 +2.54527953e+06 +2.54605097e+06  7.71e+02   8.60e-03     1.78e-01   6.396s
 237000 +2.54527678e+06 +2.54605059e+06  7.74e+02   8.52e-03     1.76e-01   6.422s
 238000 +2.54527599e+06 +2.54605191e+06  7.76e+02   8.28e-03     1.81e-01   6.448s
 239000 +2.54527552e+06 +2.54605396e+06  7.78e+02   8.22e-03     1.83e-01   6.474s
 240000 +2.54527535e+06 +2.54605580e+06  7.80e+02   8.10e-03     1.87e-01   6.500s
 241000 +2.54527547e+06 +2.54605667e+06  7.81e+02   7.92e-03     1.88e-01   6.526s
 242000 +2.54527558e+06 +2.54605634e+06  7.81e+02   7.62e-03     1.96e-01   6.552s
 243000 +2.54527796e+06 +2.54605557e+06  7.78e+02   7.50e-03     1.83e-01   6.578s
 244000 +2.54528079e+06 +2.54605387e+06  7.73e+02   7.69e-03     1.77e-01   6.604s
 245000 +2.54528118e+06 +2.54605293e+06  7.72e+02   7.52e-03     1.69e-01   6.630s
 246000 +2.54528231e+06 +2.54605248e+06  7.70e+02   7.38e-03     1.68e-01   6.656s
 247000 +2.54528351e+06 +2.54605259e+06  7.69e+02   7.63e-03     1.74e-01   6.682s
 248000 +2.54528532e+06 +2.54605190e+06  7.67e+02   7.45e-03     1.79e-01   6.708s
 249000 +2.54528885e+06 +2.54605100e+06  7.62e+02   7.38e-03     1.86e-01   6.734s
 250000 +2.54529104e+06 +2.54605008e+06  7.59e+02   6.92e-03     1.89e-01   6.760s
 251000 +2.54529119e+06 +2.54604905e+06  7.58e+02   6.84e-03     1.82e-01   6.786s
 252000 +2.54529251e+06 +2.54605107e+06  7.59e+02   6.68e-03     1.77e-01   6.812s
 253000 +2.54529344e+06 +2.54605000e+06  7.57e+02   6.62e-03     1.84e-01   6.838s
 254000 +2.54529649e+06 +2.54605303e+06  7.57e+02   7.08e-03     1.84e-01   6.864s
 255000 +2.54530145e+06 +2.54605491e+06  7.53e+02   7.14e-03     1.88e-01   6.890s
 256000 +2.54530281e+06 +2.54605524e+06  7.52e+02   7.15e-03     1.82e-01   6.916s
 257000 +2.54530655e+06 +2.54605629e+06  7.50e+02   6.88e-03     1.79e-01   6.942s
 258000 +2.54530766e+06 +2.54605572e+06  7.48e+02   6.80e-03     1.68e-01   6.968s
 259000 +2.54531049e+06 +2.54605689e+06  7.46e+02   6.77e-03     1.57e-01   6.994s
 260000 +2.54531172e+06 +2.54605692e+06  7.45e+02   6.79e-03     1.52e-01   7.020s
 261000 +2.54531113e+06 +2.54605549e+06  7.44e+02   7.50e-03     1.63e-01   7.046s
 262000 +2.54531040e+06 +2.54605830e+06  7.48e+02   7.13e-03     1.60e-01   7.072s
 263000 +2.54530932e+06 +2.54605993e+06  7.51e+02   7.10e-03     1.57e-01   7.098s
 264000 +2.54530755e+06 +2.54605824e+06  7.51e+02   6.92e-03     1.50e-01   7.124s
 265000 +2.54530914e+06 +2.54605742e+06  7.48e+02   6.90e-03     1.52e-01   7.150s
 266000 +2.54530946e+06 +2.54605963e+06  7.50e+02   6.78e-03     1.46e-01   7.176s
 267000 +2.54530765e+06 +2.54605711e+06  7.49e+02   6.81e-03     1.51e-01   7.202s
 268000 +2.54530797e+06 +2.54605476e+06  7.47e+02   6.86e-03     1.50e-01   7.228s
 269000 +2.54530829e+06 +2.54605749e+06  7.49e+02   7.12e-03     1.46e-01   7.254s
 270000 +2.54530668e+06 +2.54605733e+06  7.51e+02   6.86e-03     1.50e-01   7.280s
 271000 +2.54530598e+06 +2.54605895e+06  7.53e+02   6.77e-03     1.67e-01   7.306s
 272000 +2.54530462e+06 +2.54605729e+06  7.53e+02   6.93e-03     1.58e-01   7.332s
 273000 +2.54530637e+06 +2.54605910e+06  7.53e+02   6.51e-03     1.59e-01   7.359s
 274000 +2.54530611e+06 +2.54605787e+06  7.52e+02   7.43e-03     1.57e-01   7.385s
 275000 +2.54530625e+06 +2.54606028e+06  7.54e+02   6.61e-03     1.54e-01   7.411s
 276000 +2.54530658e+06 +2.54605694e+06  7.50e+02   6.89e-03     1.64e-01   7.437s
 277000 +2.54530784e+06 +2.54605966e+06  7.52e+02   6.47e-03     1.65e-01   7.463s
 278000 +2.54530562e+06 +2.54605946e+06  7.54e+02   6.80e-03     1.58e-01   7.489s
 279000 +2.54530537e+06 +2.54605604e+06  7.51e+02   6.43e-03     1.62e-01   7.515s
 280000 +2.54530791e+06 +2.54605663e+06  7.49e+02   6.81e-03     1.65e-01   7.541s
 281000 +2.54531059e+06 +2.54605898e+06  7.48e+02   6.36e-03     1.73e-01   7.567s
 282000 +2.54531069e+06 +2.54605914e+06  7.48e+02   6.49e-03     1.71e-01   7.593s
 283000 +2.54531263e+06 +2.54605519e+06  7.43e+02   6.74e-03     1.72e-01   7.619s
 284000 +2.54531535e+06 +2.54605579e+06  7.40e+02   6.60e-03     1.73e-01   7.645s
 285000 +2.54531910e+06 +2.54605639e+06  7.37e+02   6.59e-03     1.79e-01   7.671s
 286000 +2.54531942e+06 +2.54605587e+06  7.36e+02   6.73e-03     1.80e-01   7.697s
 287000 +2.54531631e+06 +2.54605235e+06  7.36e+02   6.84e-03     1.86e-01   7.723s
 288000 +2.54531887e+06 +2.54605068e+06  7.32e+02   6.45e-03     1.90e-01   7.749s
 289000 +2.54532119e+06 +2.54604856e+06  7.27e+02   6.55e-03     1.86e-01   7.775s
 290000 +2.54532089e+06 +2.54605557e+06  7.35e+02   6.75e-03     1.91e-01   7.801s
 291000 +2.54532543e+06 +2.54605566e+06  7.30e+02   7.13e-03     1.86e-01   7.827s
 292000 +2.54532780e+06 +2.54605300e+06  7.25e+02   7.29e-03     1.78e-01   7.853s
 293000 +2.54532976e+06 +2.54605401e+06  7.24e+02   7.19e-03     1.85e-01   7.879s
 294000 +2.54533132e+06 +2.54605388e+06  7.23e+02   6.89e-03     1.76e-01   7.905s
 295000 +2.54533384e+06 +2.54605365e+06  7.20e+02   6.63e-03     1.79e-01   7.931s
 296000 +2.54533554e+06 +2.54605955e+06  7.24e+02   6.97e-03     1.71e-01   7.957s
 297000 +2.54533654e+06 +2.54606298e+06  7.26e+02   6.66e-03     1.70e-01   7.983s
 298000 +2.54533464e+06 +2.54606542e+06  7.31e+02   6.44e-03     1.64e-01   8.009s
 299000 +2.54533213e+06 +2.54606682e+06  7.35e+02   6.79e-03     1.62e-01   8.035s
 300000 +2.54533108e+06 +2.54606992e+06  7.39e+02   6.52e-03     1.55e-01   8.061s
 301000 +2.54533206e+06 +2.54606901e+06  7.37e+02   6.66e-03     1.51e-01   8.087s
 302000 +2.54533115e+06 +2.54606843e+06  7.37e+02   6.63e-03     1.54e-01   8.113s
 303000 +2.54533173e+06 +2.54607425e+06  7.43e+02   6.40e-03     1.55e-01   8.139s
 304000 +2.54532532e+06 +2.54607579e+06  7.50e+02   6.11e-03     1.47e-01   8.165s
 305000 +2.54532455e+06 +2.54607414e+06  7.50e+02   6.56e-03     1.44e-01   8.191s
 306000 +2.54532568e+06 +2.54607318e+06  7.48e+02   6.18e-03     1.49e-01   8.217s
 307000 +2.54532447e+06 +2.54607212e+06  7.48e+02   6.29e-03     1.49e-01   8.243s
 308000 +2.54532342e+06 +2.54607496e+06  7.52e+02   6.51e-03     1.48e-01   8.269s
 309000 +2.54532427e+06 +2.54607430e+06  7.50e+02   6.61e-03     1.56e-01   8.295s
 310000 +2.54532173e+06 +2.54607528e+06  7.54e+02   6.20e-03     1.54e-01   8.321s
 311000 +2.54532315e+06 +2.54607269e+06  7.50e+02   6.22e-03     1.56e-01   8.347s
 312000 +2.54532583e+06 +2.54606862e+06  7.43e+02   6.04e-03     1.52e-01   8.373s
 313000 +2.54532996e+06 +2.54606802e+06  7.38e+02   6.16e-03     1.63e-01   8.399s
 314000 +2.54533267e+06 +2.54607111e+06  7.38e+02   6.27e-03     1.61e-01   8.425s
 315000 +2.54533813e+06 +2.54607398e+06  7.36e+02   5.88e-03     1.61e-01   8.451s
 316000 +2.54534193e+06 +2.54607529e+06  7.33e+02   6.16e-03     1.63e-01   8.477s
 317000 +2.54534304e+06 +2.54607191e+06  7.29e+02   6.27e-03     1.57e-01   8.503s
 318000 +2.54534759e+06 +2.54607288e+06  7.25e+02   6.08e-03     1.61e-01   8.529s
 319000 +2.54534880e+06 +2.54607406e+06  7.25e+02   6.31e-03     1.60e-01   8.555s
 320000 +2.54535005e+06 +2.54606981e+06  7.20e+02   6.06e-03     1.56e-01   8.581s
 321000 +2.54535328e+06 +2.54607151e+06  7.18e+02   6.43e-03     1.51e-01   8.607s
 322000 +2.54535443e+06 +2.54607201e+06  7.18e+02   6.22e-03     1.52e-01   8.633s
 323000 +2.54535331e+06 +2.54606999e+06  7.17e+02   5.88e-03     1.53e-01   8.659s
 324000 +2.54535407e+06 +2.54606868e+06  7.15e+02   6.05e-03     1.53e-01   8.685s
 325000 +2.54535460e+06 +2.54607136e+06  7.17e+02   6.01e-03     1.58e-01   8.711s
 326000 +2.54535559e+06 +2.54607209e+06  7.16e+02   5.78e-03     1.62e-01   8.737s
 327000 +2.54535789e+06 +2.54607148e+06  7.14e+02   5.83e-03     1.59e-01   8.763s
 328000 +2.54535765e+06 +2.54607266e+06  7.15e+02   5.99e-03     1.50e-01   8.789s
 329000 +2.54535678e+06 +2.54607293e+06  7.16e+02   6.04e-03     1.45e-01   8.815s
 330000 +2.54535659e+06 +2.54607418e+06  7.18e+02   5.97e-03     1.48e-01   8.841s
 331000 +2.54535411e+06 +2.54607881e+06  7.25e+02   5.71e-03     1.49e-01   8.867s
 332000 +2.54535288e+06 +2.54607992e+06  7.27e+02   5.71e-03     1.44e-01   8.893s
 333000 +2.54535494e+06 +2.54607422e+06  7.19e+02   5.37e-03     9.65e-01   8.920s
 334000 +2.54535513e+06 +2.54604819e+06  6.93e+02   5.26e-03     1.02e+00   8.946s
 335000 +2.54535620e+06 +2.54604169e+06  6.85e+02   5.31e-03     1.10e+00   8.972s
 336000 +2.54535609e+06 +2.54601368e+06  6.58e+02   5.29e-03     1.23e+00   8.998s
 337000 +2.54535500e+06 +2.54601388e+06  6.59e+02   5.29e-03     1.33e+00   9.024s
 338000 +2.54535684e+06 +2.54600901e+06  6.52e+02   5.31e-03     1.47e+00   9.050s
 339000 +2.54535934e+06 +2.54600111e+06  6.42e+02   5.34e-03     1.58e+00   9.076s
 340000 +2.54536346e+06 +2.54598804e+06  6.25e+02   5.30e-03     1.71e+00   9.102s
 341000 +2.54536676e+06 +2.54598526e+06  6.18e+02   5.20e-03     1.84e+00   9.128s
 342000 +2.54537176e+06 +2.54600725e+06  6.35e+02   5.26e-03     2.03e+00   9.154s
 343000 +2.54537854e+06 +2.54599919e+06  6.21e+02   5.19e-03     2.07e+00   9.180s
 344000 +2.54538300e+06 +2.54598151e+06  5.99e+02   5.26e-03     2.16e+00   9.206s
 345000 +2.54538673e+06 +2.54596117e+06  5.74e+02   5.41e-03     2.14e+00   9.232s
 346000 +2.54539259e+06 +2.54593591e+06  5.43e+02   5.20e-03     2.30e+00   9.258s
 347000 +2.54539635e+06 +2.54593178e+06  5.35e+02   5.60e-03     2.37e+00   9.284s
 348000 +2.54540272e+06 +2.54594907e+06  5.46e+02   5.21e-03     2.40e+00   9.310s
 349000 +2.54541101e+06 +2.54594147e+06  5.30e+02   5.02e-03     2.56e+00   9.336s
 350000 +2.54542304e+06 +2.54592246e+06  4.99e+02   5.38e-03     2.65e+00   9.362s
 351000 +2.54542400e+06 +2.54588881e+06  4.65e+02   5.28e-03     2.76e+00   9.388s
 352000 +2.54543140e+06 +2.54587150e+06  4.40e+02   5.23e-03     2.82e+00   9.414s
 353000 +2.54544024e+06 +2.54585636e+06  4.16e+02   5.26e-03     2.87e+00   9.440s
 354000 +2.54544747e+06 +2.54585205e+06  4.05e+02   4.96e-03     2.88e+00   9.466s
 355000 +2.54545641e+06 +2.54583429e+06  3.78e+02   4.86e-03     3.06e+00   9.492s
 356000 +2.54546134e+06 +2.54581040e+06  3.49e+02   4.70e-03     3.15e+00   9.518s
 357000 +2.54547108e+06 +2.54581175e+06  3.41e+02   4.62e-03     3.19e+00   9.544s
 358000 +2.54548063e+06 +2.54581025e+06  3.30e+02   4.71e-03     3.25e+00   9.570s
 359000 +2.54549261e+06 +2.54583112e+06  3.39e+02   4.44e-03     3.32e+00   9.596s
 360000 +2.54550378e+06 +2.54581418e+06  3.10e+02   4.57e-03     3.37e+00   9.622s
 361000 +2.54551340e+06 +2.54582023e+06  3.07e+02   4.60e-03     3.35e+00   9.648s
 362000 +2.54551766e+06 +2.54585452e+06  3.37e+02   4.51e-03     3.35e+00   9.674s
 363000 +2.54552550e+06 +2.54584320e+06  3.18e+02   4.48e-03     3.33e+00   9.700s
 364000 +2.54553552e+06 +2.54586165e+06  3.26e+02   4.46e-03     3.41e+00   9.726s
 365000 +2.54554496e+06 +2.54584316e+06  2.98e+02   4.75e-03     3.43e+00   9.752s
 366000 +2.54555294e+06 +2.54587556e+06  3.23e+02   5.55e-03     3.41e+00   9.778s
 367000 +2.54556051e+06 +2.54590344e+06  3.43e+02   4.72e-03     3.32e+00   9.804s
 368000 +2.54556836e+06 +2.54592524e+06  3.57e+02   4.71e-03     3.31e+00   9.830s
 369000 +2.54557423e+06 +2.54592234e+06  3.48e+02   4.54e-03     3.19e+00   9.856s
 370000 +2.54558029e+06 +2.54589797e+06  3.18e+02   4.82e-03     3.13e+00   9.882s
 371000 +2.54559148e+06 +2.54595136e+06  3.60e+02   4.52e-03     3.13e+00   9.908s
 372000 +2.54559569e+06 +2.54596479e+06  3.69e+02   4.43e-03     3.04e+00   9.935s
 373000 +2.54559822e+06 +2.54593453e+06  3.36e+02   4.69e-03     2.94e+00   9.961s
 374000 +2.54560061e+06 +2.54591140e+06  3.11e+02   4.87e-03     2.88e+00   9.987s
 375000 +2.54560462e+06 +2.54593212e+06  3.27e+02   4.74e-03     2.65e+00   10.013s
 376000 +2.54561011e+06 +2.54593994e+06  3.30e+02   4.65e-03     2.50e+00   10.039s
 377000 +2.54561526e+06 +2.54597096e+06  3.56e+02   4.54e-03     2.45e+00   10.065s
 378000 +2.54561729e+06 +2.54599820e+06  3.81e+02   4.64e-03     2.39e+00   10.091s
 379000 +2.54562113e+06 +2.54600091e+06  3.80e+02   4.29e-03     2.30e+00   10.117s
 380000 +2.54562465e+06 +2.54601244e+06  3.88e+02   4.36e-03     2.15e+00   10.143s
 381000 +2.54563050e+06 +2.54601904e+06  3.89e+02   4.32e-03     2.16e+00   10.169s
 382000 +2.54563351e+06 +2.54602113e+06  3.88e+02   4.38e-03     2.13e+00   10.195s
 383000 +2.54563286e+06 +2.54607994e+06  4.47e+02   4.66e-03     2.06e+00   10.221s
 384000 +2.54563485e+06 +2.54609492e+06  4.60e+02   4.45e-03     1.97e+00   10.247s
 385000 +2.54563924e+06 +2.54606954e+06  4.30e+02   4.35e-03     1.90e+00   10.273s
 386000 +2.54564008e+06 +2.54608390e+06  4.44e+02   4.45e-03     1.88e+00   10.299s
 387000 +2.54563801e+06 +2.54606892e+06  4.31e+02   4.22e-03     1.82e+00   10.325s
 388000 +2.54563702e+06 +2.54607718e+06  4.40e+02   4.29e-03     1.76e+00   10.351s
 389000 +2.54563603e+06 +2.54611508e+06  4.79e+02   4.18e-03     1.71e+00   10.377s
 390000 +2.54563505e+06 +2.54609776e+06  4.63e+02   4.25e-03     1.62e+00   10.403s
 391000 +2.54563513e+06 +2.54611605e+06  4.81e+02   4.22e-03     1.62e+00   10.429s
 392000 +2.54563612e+06 +2.54614453e+06  5.08e+02   4.13e-03     1.66e+00   10.455s
 393000 +2.54563532e+06 +2.54614508e+06  5.10e+02   4.16e-03     1.61e+00   10.481s
 394000 +2.54563497e+06 +2.54617736e+06  5.42e+02   4.21e-03     1.58e+00   10.507s
 395000 +2.54563194e+06 +2.54615444e+06  5.23e+02   4.12e-03     1.57e+00   10.533s
 396000 +2.54563057e+06 +2.54614436e+06  5.14e+02   4.10e-03     1.55e+00   10.559s
 397000 +2.54562797e+06 +2.54614587e+06  5.18e+02   4.06e-03     1.53e+00   10.585s
 398000 +2.54562479e+06 +2.54615867e+06  5.34e+02   4.05e-03     1.53e+00   10.611s
 399000 +2.54562340e+06 +2.54619465e+06  5.71e+02   4.02e-03     1.51e+00   10.637s
 400000 +2.54562103e+06 +2.54619544e+06  5.74e+02   4.08e-03     1.51e+00   10.663s
 401000 +2.54562000e+06 +2.54618200e+06  5.62e+02   3.97e-03     1.52e+00   10.689s
 402000 +2.54561942e+06 +2.54618038e+06  5.61e+02   4.08e-03     1.45e+00   10.715s
 403000 +2.54561714e+06 +2.54619300e+06  5.76e+02   4.10e-03     1.42e+00   10.741s
 404000 +2.54561535e+06 +2.54620449e+06  5.89e+02   3.96e-03     1.43e+00   10.767s
 405000 +2.54561221e+06 +2.54617892e+06  5.67e+02   3.95e-03     1.43e+00   10.793s
 406000 +2.54561032e+06 +2.54615589e+06  5.46e+02   3.97e-03     1.44e+00   10.819s
 407000 +2.54561077e+06 +2.54616678e+06  5.56e+02   4.08e-03     1.44e+00   10.845s
 408000 +2.54561249e+06 +2.54618941e+06  5.77e+02   3.91e-03     1.44e+00   10.871s
 409000 +2.54561376e+06 +2.54618905e+06  5.75e+02   3.91e-03     1.44e+00   10.897s
 410000 +2.54561677e+06 +2.54622360e+06  6.07e+02   3.99e-03     1.46e+00   10.923s
 411000 +2.54561852e+06 +2.54623002e+06  6.12e+02   4.09e-03     1.48e+00   10.949s
 412000 +2.54562026e+06 +2.54620025e+06  5.80e+02   4.05e-03     1.45e+00   10.975s
 413000 +2.54562424e+06 +2.54620226e+06  5.78e+02   3.58e-03     3.03e+00   11.001s
 414000 +2.54562537e+06 +2.54614682e+06  5.21e+02   3.51e-03     3.14e+00   11.027s
 415000 +2.54565100e+06 +2.54625186e+06  6.01e+02   3.52e-03     6.19e+00   11.053s
 416000 +2.54567986e+06 +2.54634908e+06  6.69e+02   3.38e-03     8.49e+00   11.079s
 417000 +2.54574126e+06 +2.54626587e+06  5.25e+02   3.85e-03     9.76e+00   11.105s
 418000 +2.54577155e+06 +2.54637991e+06  6.08e+02   3.62e-03     9.23e+00   11.131s
 419000 +2.54580554e+06 +2.54636500e+06  5.59e+02   3.45e-03     7.92e+00   11.157s
 420000 +2.54580735e+06 +2.54650809e+06  7.01e+02   3.32e-03     7.37e+00   11.183s
 421000 +2.54582694e+06 +2.54653230e+06  7.05e+02   3.21e-03     7.42e+00   11.210s
 422000 +2.54583929e+06 +2.54662017e+06  7.81e+02   3.14e-03     8.02e+00   11.236s
 423000 +2.54584726e+06 +2.54671976e+06  8.73e+02   3.07e-03     8.05e+00   11.262s
 424000 +2.54586388e+06 +2.54676436e+06  9.00e+02   3.01e-03     8.54e+00   11.288s
 425000 +2.54589346e+06 +2.54681185e+06  9.18e+02   3.43e-03     9.36e+00   11.314s
 426000 +2.54591178e+06 +2.54694591e+06  1.03e+03   3.32e-03     9.73e+00   11.340s
 427000 +2.54593250e+06 +2.54721473e+06  1.28e+03   2.89e-03     9.81e+00   11.366s
 428000 +2.54594894e+06 +2.54741082e+06  1.46e+03   2.75e-03     1.07e+01   11.392s
 429000 +2.54596688e+06 +2.54757009e+06  1.60e+03   3.13e-03     1.02e+01   11.418s
 430000 +2.54598379e+06 +2.54780152e+06  1.82e+03   2.84e-03     1.02e+01   11.444s
 431000 +2.54599731e+06 +2.54796398e+06  1.97e+03   2.68e-03     9.98e+00   11.470s
 432000 +2.54600353e+06 +2.54808108e+06  2.08e+03   2.54e-03     1.01e+01   11.496s
 433000 +2.54601736e+06 +2.54817477e+06  2.16e+03   2.68e-03     1.00e+01   11.522s
 434000 +2.54602448e+06 +2.54814123e+06  2.12e+03   2.56e-03     1.04e+01   11.548s
 435000 +2.54604157e+06 +2.54814860e+06  2.11e+03   2.67e-03     1.02e+01   11.574s
 436000 +2.54605400e+06 +2.54809234e+06  2.04e+03   2.47e-03     1.00e+01   11.600s
 437000 +2.54606083e+06 +2.54796854e+06  1.91e+03   2.58e-03     1.01e+01   11.626s
 438000 +2.54606965e+06 +2.54798087e+06  1.91e+03   2.65e-03     1.03e+01   11.652s
 439000 +2.54607344e+06 +2.54789991e+06  1.83e+03   2.50e-03     9.84e+00   11.678s
 440000 +2.54607732e+06 +2.54788433e+06  1.81e+03   2.55e-03     9.71e+00   11.704s
 441000 +2.54608863e+06 +2.54783044e+06  1.74e+03   2.14e-03     9.92e+00   11.730s
 442000 +2.54609656e+06 +2.54789520e+06  1.80e+03   2.14e-03     9.57e+00   11.756s
 443000 +2.54610165e+06 +2.54778973e+06  1.69e+03   3.57e-03     9.99e+00   11.782s
 444000 +2.54611071e+06 +2.54779774e+06  1.69e+03   3.01e-03     9.57e+00   11.808s
 445000 +2.54611066e+06 +2.54783051e+06  1.72e+03   2.42e-03     9.37e+00   11.834s
 446000 +2.54611298e+06 +2.54780011e+06  1.69e+03   2.48e-03     9.65e+00   11.860s
 447000 +2.54612130e+06 +2.54767259e+06  1.55e+03   2.09e-03     9.64e+00   11.886s
 448000 +2.54612919e+06 +2.54772931e+06  1.60e+03   2.14e-03     9.40e+00   11.912s
 449000 +2.54613044e+06 +2.54780969e+06  1.68e+03   2.16e-03     9.50e+00   11.938s
 450000 +2.54613777e+06 +2.54777757e+06  1.64e+03   1.86e-03     9.74e+00   11.964s
 451000 +2.54614219e+06 +2.54789744e+06  1.76e+03   2.00e-03     9.45e+00   11.990s
 452000 +2.54614493e+06 +2.54787972e+06  1.73e+03   1.82e-03     9.50e+00   12.016s
 453000 +2.54614881e+06 +2.54790826e+06  1.76e+03   1.73e-03     9.57e+00   12.042s
 454000 +2.54615085e+06 +2.54792278e+06  1.77e+03   1.92e-03     9.49e+00   12.068s
 455000 +2.54615242e+06 +2.54796449e+06  1.81e+03   1.86e-03     9.39e+00   12.094s
 456000 +2.54615196e+06 +2.54789521e+06  1.74e+03   1.79e-03     9.16e+00   12.120s
 457000 +2.54615647e+06 +2.54791697e+06  1.76e+03   1.73e-03     9.41e+00   12.146s
 458000 +2.54616111e+06 +2.54788903e+06  1.73e+03   1.46e-03     9.20e+00   12.172s
 459000 +2.54616425e+06 +2.54786102e+06  1.70e+03   1.51e-03     9.36e+00   12.198s
 460000 +2.54616847e+06 +2.54781385e+06  1.65e+03   1.38e-03     9.50e+00   12.224s
 461000 +2.54617218e+06 +2.54779433e+06  1.62e+03   1.37e-03     9.26e+00   12.250s
 462000 +2.54617626e+06 +2.54774685e+06  1.57e+03   1.36e-03     9.33e+00   12.276s
 463000 +2.54617551e+06 +2.54774136e+06  1.57e+03   1.34e-03     8.90e+00   12.302s
 464000 +2.54618002e+06 +2.54780816e+06  1.63e+03   1.43e-03     9.08e+00   12.328s
 465000 +2.54618284e+06 +2.54775911e+06  1.58e+03   1.33e-03     9.13e+00   12.354s
 466000 +2.54618593e+06 +2.54771920e+06  1.53e+03   1.22e-03     9.00e+00   12.380s
 467000 +2.54619160e+06 +2.54776201e+06  1.57e+03   1.17e-03     8.80e+00   12.406s
 468000 +2.54619553e+06 +2.54779816e+06  1.60e+03   1.13e-03     8.68e+00   12.432s
 469000 +2.54619722e+06 +2.54775259e+06  1.56e+03   1.15e-03     8.58e+00   12.458s
 470000 +2.54620054e+06 +2.54776589e+06  1.57e+03   1.04e-03     8.45e+00   12.484s
 471000 +2.54620413e+06 +2.54773051e+06  1.53e+03   9.79e-04     8.35e+00   12.510s
 472000 +2.54620829e+06 +2.54773419e+06  1.53e+03   1.17e-03     8.22e+00   12.536s
 473000 +2.54621170e+06 +2.54772039e+06  1.51e+03   9.24e-04     8.09e+00   12.562s
 474000 +2.54621495e+06 +2.54765371e+06  1.44e+03   9.67e-04     7.96e+00   12.588s
 475000 +2.54621833e+06 +2.54763236e+06  1.41e+03   9.36e-04     7.74e+00   12.615s
 476000 +2.54622095e+06 +2.54763527e+06  1.41e+03   9.13e-04     7.70e+00   12.641s
 477000 +2.54622352e+06 +2.54752532e+06  1.30e+03   8.58e-04     7.59e+00   12.667s
 478000 +2.54622658e+06 +2.54743848e+06  1.21e+03   1.04e-03     7.35e+00   12.693s
 479000 +2.54623006e+06 +2.54709654e+06  8.66e+02   2.52e-03     6.05e+00   12.719s
 480000 +2.54623638e+06 +2.54656574e+06  3.29e+02   2.97e-03     4.00e+00   12.745s
 481000 +2.54623967e+06 +2.54659315e+06  3.53e+02   1.39e-03     3.79e+00   12.771s
 482000 +2.54624346e+06 +2.54657429e+06  3.31e+02   1.40e-03     3.63e+00   12.797s
 483000 +2.54624464e+06 +2.54654809e+06  3.03e+02   1.24e-03     3.41e+00   12.823s
 484000 +2.54624584e+06 +2.54655099e+06  3.05e+02   9.59e-04     3.50e+00   12.849s
 485000 +2.54624602e+06 +2.54654567e+06  3.00e+02   8.96e-04     3.37e+00   12.875s
 486000 +2.54624602e+06 +2.54657314e+06  3.27e+02   8.60e-04     3.21e+00   12.901s
 487000 +2.54624561e+06 +2.54656471e+06  3.19e+02   7.17e-04     3.08e+00   12.927s
 488000 +2.54624636e+06 +2.54657098e+06  3.25e+02   7.16e-04     3.08e+00   12.953s
 489000 +2.54624658e+06 +2.54657130e+06  3.25e+02   8.97e-04     3.09e+00   12.979s
 490000 +2.54624796e+06 +2.54652105e+06  2.73e+02   1.16e-03     2.98e+00   13.005s
 491000 +2.54625009e+06 +2.54646652e+06  2.16e+02   7.42e-04     2.84e+00   13.031s
 492000 +2.54625140e+06 +2.54645727e+06  2.06e+02   6.72e-04     2.79e+00   13.057s
 493000 +2.54625178e+06 +2.54645324e+06  2.01e+02   7.87e-04     2.71e+00   13.083s
 494000 +2.54625195e+06 +2.54643475e+06  1.83e+02   8.92e-04     2.62e+00   13.109s
 495000 +2.54625170e+06 +2.54639244e+06  1.41e+02   1.50e-03     2.32e+00   13.135s
 496000 +2.54625030e+06 +2.54638119e+06  1.31e+02   9.09e-04     2.15e+00   13.161s
 497000 +2.54624998e+06 +2.54638058e+06  1.31e+02   7.76e-04     2.15e+00   13.187s
 498000 +2.54625091e+06 +2.54637713e+06  1.26e+02   7.79e-04     2.15e+00   13.213s
 499000 +2.54625091e+06 +2.54637894e+06  1.28e+02   5.91e-04     2.09e+00   13.239s
 500000 +2.54625010e+06 +2.54636327e+06  1.13e+02   6.48e-04     2.08e+00   13.265s
 501000 +2.54625019e+06 +2.54634494e+06  9.48e+01   8.66e-04     2.00e+00   13.292s
 502000 +2.54624974e+06 +2.54634030e+06  9.06e+01   8.48e-04     1.98e+00   13.318s
 503000 +2.54624940e+06 +2.54633226e+06  8.29e+01   6.44e-04     1.98e+00   13.344s
 504000 +2.54624989e+06 +2.54632551e+06  7.56e+01   6.10e-04     1.98e+00   13.370s
 505000 +2.54625010e+06 +2.54631909e+06  6.90e+01   5.70e-04     1.98e+00   13.396s
 506000 +2.54625031e+06 +2.54630625e+06  5.59e+01   1.16e-03     1.96e+00   13.422s
 507000 +2.54624960e+06 +2.54630534e+06  5.57e+01   1.22e-03     1.92e+00   13.448s
 508000 +2.54624883e+06 +2.54630771e+06  5.89e+01   1.33e-03     1.89e+00   13.474s
 509000 +2.54624843e+06 +2.54629372e+06  4.53e+01   1.70e-03     1.76e+00   13.500s
 510000 +2.54624726e+06 +2.54629332e+06  4.61e+01   1.65e-03     1.65e+00   13.526s
 511000 +2.54624595e+06 +2.54632147e+06  7.55e+01   1.63e-03     1.59e+00   13.552s
 512000 +2.54624345e+06 +2.54630103e+06  5.76e+01   1.95e-03     1.47e+00   13.578s
 513000 +2.54624393e+06 +2.54628734e+06  4.34e+01   1.32e-03     1.42e+00   13.604s
 514000 +2.54624238e+06 +2.54629141e+06  4.90e+01   1.45e-03     1.42e+00   13.630s
 515000 +2.54624175e+06 +2.54629849e+06  5.67e+01   1.58e-03     1.40e+00   13.656s
 516000 +2.54623861e+06 +2.54630678e+06  6.82e+01   1.49e-03     1.37e+00   13.682s
 517000 +2.54623482e+06 +2.54628516e+06  5.03e+01   1.52e-03     1.13e+00   13.708s
 518000 +2.54623340e+06 +2.54626766e+06  3.43e+01   1.25e-03     1.06e+00   13.734s
 519000 +2.54623348e+06 +2.54626870e+06  3.52e+01   1.46e-03     1.01e+00   13.760s
 520000 +2.54623156e+06 +2.54627772e+06  4.62e+01   1.23e-03     9.64e-01   13.786s
 521000 +2.54623186e+06 +2.54628189e+06  5.00e+01   1.29e-03     9.41e-01   13.812s
 522000 +2.54623084e+06 +2.54627309e+06  4.22e+01   1.21e-03     9.45e-01   13.838s
 523000 +2.54623293e+06 +2.54627124e+06  3.83e+01   1.04e-03     9.13e-01   13.864s
 524000 +2.54623217e+06 +2.54627054e+06  3.84e+01   9.78e-04     8.62e-01   13.890s
 525000 +2.54623279e+06 +2.54628633e+06  5.35e+01   9.23e-04     8.55e-01   13.916s
 526000 +2.54623255e+06 +2.54627900e+06  4.65e+01   1.32e-03     7.41e-01   13.942s
 527000 +2.54623109e+06 +2.54628193e+06  5.08e+01   1.16e-03     7.29e-01   13.968s
 528000 +2.54623033e+06 +2.54628182e+06  5.15e+01   8.64e-04     7.23e-01   13.994s
 529000 +2.54623230e+06 +2.54628612e+06  5.38e+01   1.85e-03     6.85e-01   14.020s
 530000 +2.54623503e+06 +2.54628904e+06  5.40e+01   1.25e-03     6.70e-01   14.046s
 531000 +2.54623687e+06 +2.54628119e+06  4.43e+01   1.80e-03     5.74e-01   14.072s
 532000 +2.54623717e+06 +2.54628142e+06  4.43e+01   1.32e-03     5.70e-01   14.098s
 533000 +2.54623831e+06 +2.54628072e+06  4.24e+01   1.98e-03     5.29e-01   14.125s
 534000 +2.54623887e+06 +2.54627256e+06  3.37e+01   1.96e-03     4.67e-01   14.151s
 535000 +2.54624091e+06 +2.54627050e+06  2.96e+01   1.41e-03     4.58e-01   14.177s
 536000 +2.54624323e+06 +2.54627082e+06  2.76e+01   1.18e-03     4.56e-01   14.203s
 537000 +2.54624531e+06 +2.54626969e+06  2.44e+01   1.24e-03     4.50e-01   14.229s
 538000 +2.54624556e+06 +2.54627014e+06  2.46e+01   1.20e-03     4.44e-01   14.255s
 539000 +2.54624614e+06 +2.54627119e+06  2.51e+01   1.31e-03     4.41e-01   14.281s
 540000 +2.54624730e+06 +2.54627138e+06  2.41e+01   1.29e-03     4.31e-01   14.307s
 541000 +2.54624844e+06 +2.54627092e+06  2.25e+01   1.39e-03     4.15e-01   14.333s
 542000 +2.54624895e+06 +2.54626817e+06  1.92e+01   1.46e-03     3.96e-01   14.359s
 543000 +2.54624826e+06 +2.54626545e+06  1.72e+01   1.65e-03     3.78e-01   14.385s
 544000 +2.54624834e+06 +2.54626812e+06  1.98e+01   1.65e-03     3.65e-01   14.411s
 545000 +2.54624851e+06 +2.54626926e+06  2.08e+01   1.73e-03     3.49e-01   14.437s
 546000 +2.54624839e+06 +2.54626974e+06  2.14e+01   2.07e-03     3.31e-01   14.463s
 547000 +2.54624739e+06 +2.54626871e+06  2.13e+01   1.96e-03     3.18e-01   14.489s
 548000 +2.54624782e+06 +2.54627335e+06  2.55e+01   2.33e-03     3.04e-01   14.515s
 549000 +2.54624942e+06 +2.54627459e+06  2.52e+01   1.54e-03     2.99e-01   14.541s
 550000 +2.54625060e+06 +2.54627558e+06  2.50e+01   1.72e-03     2.91e-01   14.567s
 551000 +2.54625070e+06 +2.54627476e+06  2.41e+01   1.86e-03     2.92e-01   14.593s
 552000 +2.54624886e+06 +2.54627391e+06  2.51e+01   1.55e-03     2.95e-01   14.619s
 553000 +2.54624819e+06 +2.54627644e+06  2.82e+01   1.94e-03     2.95e-01   14.645s
 554000 +2.54624951e+06 +2.54627580e+06  2.63e+01   1.78e-03     2.86e-01   14.671s
 555000 +2.54624775e+06 +2.54627397e+06  2.62e+01   1.99e-03     2.73e-01   14.697s
 556000 +2.54624691e+06 +2.54627234e+06  2.54e+01   1.64e-03     2.58e-01   14.723s
 557000 +2.54624528e+06 +2.54627034e+06  2.51e+01   2.19e-03     2.48e-01   14.749s
 558000 +2.54624665e+06 +2.54626781e+06  2.12e+01   4.35e-03     2.46e-01   14.775s
 559000 +2.54624564e+06 +2.54626729e+06  2.17e+01   2.48e-03     2.37e-01   14.801s
 560000 +2.54624432e+06 +2.54626725e+06  2.29e+01   2.19e-03     2.30e-01   14.827s
 561000 +2.54624352e+06 +2.54626862e+06  2.51e+01   2.28e-03     2.20e-01   14.853s
 562000 +2.54624566e+06 +2.54626927e+06  2.36e+01   2.15e-03     2.16e-01   14.879s
 563000 +2.54624704e+06 +2.54626931e+06  2.23e+01   2.18e-03     2.15e-01   14.905s
 564000 +2.54624717e+06 +2.54626857e+06  2.14e+01   2.40e-03     2.09e-01   14.932s
 565000 +2.54624798e+06 +2.54626940e+06  2.14e+01   2.74e-03     2.04e-01   14.958s
 566000 +2.54624937e+06 +2.54626943e+06  2.01e+01   2.73e-03     2.01e-01   14.984s
 567000 +2.54624944e+06 +2.54626898e+06  1.95e+01   2.94e-03     1.98e-01   15.010s
 568000 +2.54624962e+06 +2.54626858e+06  1.90e+01   3.35e-03     1.92e-01   15.036s
 569000 +2.54625047e+06 +2.54626832e+06  1.79e+01   3.37e-03     1.87e-01   15.062s
 570000 +2.54625107e+06 +2.54626777e+06  1.67e+01   3.90e-03     1.84e-01   15.088s
 571000 +2.54624961e+06 +2.54626698e+06  1.74e+01   3.46e-03     1.81e-01   15.114s
 572000 +2.54624942e+06 +2.54626622e+06  1.68e+01   3.64e-03     1.79e-01   15.140s
 573000 +2.54624954e+06 +2.54626611e+06  1.66e+01   3.59e-03     1.74e-01   15.166s
 574000 +2.54625119e+06 +2.54626590e+06  1.47e+01   3.47e-03     1.72e-01   15.192s
 575000 +2.54625272e+06 +2.54626589e+06  1.32e+01   3.26e-03     1.71e-01   15.218s
 576000 +2.54625202e+06 +2.54626515e+06  1.31e+01   3.04e-03     1.67e-01   15.244s
 577000 +2.54625114e+06 +2.54626531e+06  1.42e+01   2.70e-03     1.66e-01   15.270s
 578000 +2.54625020e+06 +2.54626519e+06  1.50e+01   2.65e-03     1.65e-01   15.296s
 579000 +2.54625014e+06 +2.54626532e+06  1.52e+01   2.79e-03     1.67e-01   15.322s
 580000 +2.54624961e+06 +2.54626550e+06  1.59e+01   2.22e-03     1.67e-01   15.348s
 581000 +2.54624965e+06 +2.54626422e+06  1.46e+01   2.42e-03     1.63e-01   15.374s
 582000 +2.54625025e+06 +2.54626350e+06  1.32e+01   2.16e-03     1.65e-01   15.400s
 583000 +2.54625311e+06 +2.54626240e+06  9.28e+00   2.32e-03     1.64e-01   15.426s
 584000 +2.54625423e+06 +2.54626008e+06  5.85e+00   2.64e-03     1.59e-01   15.452s
 585000 +2.54625121e+06 +2.54625942e+06  8.21e+00   2.36e-03     1.58e-01   15.478s
 586000 +2.54624989e+06 +2.54625847e+06  8.58e+00   1.98e-03     1.52e-01   15.504s
 587000 +2.54625035e+06 +2.54625813e+06  7.78e+00   2.90e-03     1.44e-01   15.530s
 587600 +2.54624978e+06 +2.54625470e+06  4.92e+00   2.24e-03     1.34e-01   15.546s
LP Solver status:                Optimal
Primal objective:                +2.54624978e+06
Dual objective:                  +2.54625470e+06
Duality gap (abs/rel):           +4.92e+00 / +9.65e-07
Primal infeasibility (abs/rel):  +2.24e-03 / +5.54e-08
Dual infeasibility (abs/rel):    +1.34e-01 / +1.42e-07
PDLP finished
Status: Optimal   Objective: 2.54624978e+06  Iterations: 587600  Time: 15.547s

### exit_code=0
### finished=2026-07-31T16:05:12.478853
### gpu_peak_mb=1530.4
### gpu_peak2_mb=0.0
### per_gpu_peak_mb=[1530.375]
