### solver=cuopt-base
### instance=/home/scratch.cmaes_sw/hans_lps/long15.mps
### n_gpus=1
### CUDA_VISIBLE_DEVICES=0
### started=2026-07-31T16:05:16.855868
### argv=/home/scratch.vmostovoi_gpu/mostovoi_cuopt/cpp/build/cuopt_cli --method 1 --mps-reader experimental-fast --time-limit 3600 --iteration-limit 1000000000 --relative-primal-tolerance 1e-6 --relative-dual-tolerance 1e-6 --relative-gap-tolerance 1e-6 --log-to-console true /home/scratch.cmaes_sw/hans_lps/long15.mps
### --- solver output ---
Setting parameter iteration_limit to 1000000000
Setting parameter log_to_console to true
Setting parameter method to 1
Setting parameter relative_dual_tolerance to 1.000000e-06
Setting parameter relative_gap_tolerance to 1.000000e-06
Setting parameter relative_primal_tolerance to 1.000000e-06
Setting parameter time_limit to 3.600000e+03
Reading file long15.mps
Using experimental fast MPS parser for '/home/scratch.cmaes_sw/hans_lps/long15.mps'
Read file long15.mps in 0.45 seconds
cuOpt version: 26.8.0, git hash: 7116ead1, host arch: x86_64, device archs: 100a-real
CPU: INTEL(R) XEON(R) PLATINUM 8570, threads (physical/logical): 112/224, RAM: 1793.54 GiB
CUDA 13.3, device: NVIDIA B200 (ID 0), VRAM: 178.34 GiB
CUDA device UUID: 1e26c45a-4f9e-e75b-c128-d0e6ab6abfe5
Solving a problem with 32769 constraints, 753687 variables (0 integers), and 1507374 nonzeros
Problem scaling:
Objective coefficents range:          [1e+00, 8e+03]
Constraint matrix coefficients range: [1e+00, 1e+00]
Constraint rhs / bounds range:        [1e+00, 1e+06]
Variable bounds range:                [0e+00, 7e+07]
Warning: input problem contains a large range of coefficients: consider reformulating to avoid numerical difficulties.

Using PSLP presolver
PSLP Presolved problem: 32769 constraints, 753687 variables, 1507374 non-zeros
PSLP presolve time: 0.29s
Objective offset 0.000000 scaling_factor 1.000000
   Iter    Primal Obj.      Dual Obj.    Gap        Primal Res.  Dual Res.   Time
      0 +0.00000000e+00 +0.00000000e+00  0.00e+00   1.67e+06     2.28e+06   0.399s
   1000 +6.33340860e+10 +6.33367506e+10  2.66e+06   7.04e+02     3.12e+01   0.492s
   2000 +6.33352904e+10 +6.33349736e+10  3.17e+05   1.76e+02     5.55e+00   0.547s
   3000 +6.33350222e+10 +6.33350089e+10  1.33e+04   9.20e+01     4.73e+00   0.598s
   4000 +6.33349089e+10 +6.33350334e+10  1.24e+05   5.54e+01     2.82e+00   0.648s
   5000 +6.33350038e+10 +6.33350425e+10  3.87e+04   1.62e+01     2.26e+00   0.699s
   6000 +6.33350284e+10 +6.33350426e+10  1.43e+04   9.70e+00     1.41e+00   0.750s
   7000 +6.33350353e+10 +6.33350390e+10  3.63e+03   4.17e+00     1.33e+00   0.801s
   8000 +6.33350336e+10 +6.33350432e+10  9.64e+03   2.99e+00     1.01e+00   0.852s
   8400 +6.33350353e+10 +6.33350439e+10  8.68e+03   1.62e+00     9.53e-01   0.873s
LP Solver status:                Optimal
Primal objective:                +6.33350353e+10
Dual objective:                  +6.33350439e+10
Duality gap (abs/rel):           +8.68e+03 / +6.85e-08
Primal infeasibility (abs/rel):  +1.62e+00 / +9.69e-07
Dual infeasibility (abs/rel):    +9.53e-01 / +4.17e-07
PDLP finished
Status: Optimal   Objective: 6.33350353e+10  Iterations: 8400  Time: 0.874s

### exit_code=0
### finished=2026-07-31T16:05:19.135680
### gpu_peak_mb=1850.4
### gpu_peak2_mb=0.0
### per_gpu_peak_mb=[1850.375]
