### solver=cuopt-base
### instance=/home/scratch.vmostovoi_gpu/datasets/big_lp/google/mediterranean-shipping.mps
### n_gpus=1
### CUDA_VISIBLE_DEVICES=0
### started=2026-07-24T07:01:21.575154
### argv=/home/scratch.vmostovoi_gpu/mostovoi_cuopt/cpp/build/cuopt_cli --method 1 --mps-reader experimental-fast --time-limit 3600 --iteration-limit 1000000000 --relative-primal-tolerance 1e-6 --relative-dual-tolerance 1e-6 --relative-gap-tolerance 1e-6 --log-to-console true /home/scratch.vmostovoi_gpu/datasets/big_lp/google/mediterranean-shipping.mps
### --- solver output ---
Setting parameter iteration_limit to 1000000000
Setting parameter log_to_console to true
Setting parameter method to 1
Setting parameter relative_dual_tolerance to 1.000000e-06
Setting parameter relative_gap_tolerance to 1.000000e-06
Setting parameter relative_primal_tolerance to 1.000000e-06
Setting parameter time_limit to 3.600000e+03
Reading file mediterranean-shipping.mps
Using experimental fast MPS parser for '/home/scratch.vmostovoi_gpu/datasets/big_lp/google/mediterranean-shipping.mps'
Read file mediterranean-shipping.mps in 26.54 seconds
cuOpt version: 26.8.0, git hash: 7116ead1, host arch: x86_64, device archs: 100a-real
CPU: INTEL(R) XEON(R) PLATINUM 8570, threads (physical/logical): 112/224, RAM: 1165.64 GiB
CUDA 13.3, device: NVIDIA B200 (ID 0), VRAM: 178.34 GiB
CUDA device UUID: 5b3b2195-5d98-9774-145e-bfc9011037d7
Solving a problem with 7490593 constraints, 208479461 variables (0 integers), and 628927462 nonzeros
Problem scaling:
Objective coefficents range:          [1e+00, 1e+00]
Constraint matrix coefficients range: [5e-04, 6e+03]
Constraint rhs / bounds range:        [0e+00, 1e+00]
Variable bounds range:                [0e+00, 1e+03]
Warning: input problem contains a large range of coefficients: consider reformulating to avoid numerical difficulties.

Using PSLP presolver
PSLP Presolved problem: 7104076 constraints, 208289075 variables, 628364803 non-zeros
PSLP presolve time: 93.84s
Objective offset 0.000000 scaling_factor 1.000000
   Iter    Primal Obj.      Dual Obj.    Gap        Primal Res.  Dual Res.   Time
      0 +0.00000000e+00 +0.00000000e+00  0.00e+00   0.00e+00     3.36e+03   108.637s
   1000 -2.22173848e+02 +0.00000000e+00  2.22e+02   5.40e-01     4.55e+01   117.898s
   2000 -1.16424880e+03 -3.98675743e+02  7.66e+02   2.09e+00     2.36e+01   125.650s
   3000 -1.32111433e+03 -1.11456759e+03  2.07e+02   2.51e+00     2.10e+00   133.410s
   4000 -1.30777083e+03 -1.14419302e+03  1.64e+02   2.02e+00     1.15e+00   141.178s
   5000 -1.27283242e+03 -1.12653340e+03  1.46e+02   1.66e+00     9.63e-01   148.944s
   6000 -1.24932780e+03 -1.10869690e+03  1.41e+02   1.43e+00     1.44e+00   156.727s
   7000 -1.17857834e+03 -1.08851196e+03  9.01e+01   8.65e-01     2.95e+00   164.510s
   8000 -1.12733831e+03 -1.08196272e+03  4.54e+01   5.12e-01     2.61e+00   172.301s
   9000 -1.11036659e+03 -1.07834452e+03  3.20e+01   3.62e-01     1.60e+00   180.097s
  10000 -1.09462779e+03 -1.07526181e+03  1.94e+01   2.58e-01     1.47e+00   187.892s
  11000 -1.08812397e+03 -1.07206590e+03  1.61e+01   1.91e-01     1.04e+00   195.597s
  12000 -1.08579616e+03 -1.07107510e+03  1.47e+01   1.70e-01     7.79e-01   203.302s
  13000 -1.08418796e+03 -1.07000154e+03  1.42e+01   1.51e-01     7.10e-01   211.008s
  14000 -1.08311493e+03 -1.06894522e+03  1.42e+01   1.35e-01     6.62e-01   218.715s
  15000 -1.08072210e+03 -1.06867193e+03  1.21e+01   1.18e-01     7.39e-01   226.421s
  16000 -1.07838029e+03 -1.06713814e+03  1.12e+01   9.70e-02     9.88e-01   234.121s
  17000 -1.07597169e+03 -1.06615583e+03  9.82e+00   7.81e-02     8.89e-01   241.825s
  18000 -1.07472769e+03 -1.06551070e+03  9.22e+00   6.73e-02     7.41e-01   249.529s
  19000 -1.07402627e+03 -1.06415390e+03  9.87e+00   6.28e-02     8.49e-01   257.235s
  20000 -1.07353296e+03 -1.06277059e+03  1.08e+01   6.38e-02     6.80e-01   264.941s
  21000 -1.07222100e+03 -1.06209993e+03  1.01e+01   4.75e-02     6.35e-01   272.646s
  22000 -1.07071566e+03 -1.06183968e+03  8.88e+00   4.22e-02     6.55e-01   280.353s
  23000 -1.06954084e+03 -1.06162710e+03  7.91e+00   3.66e-02     5.88e-01   288.064s
  24000 -1.06852721e+03 -1.06151331e+03  7.01e+00   3.79e-02     5.50e-01   295.762s
  25000 -1.06777415e+03 -1.06247028e+03  5.30e+00   3.65e-02     4.89e-01   303.463s
  26000 -1.06737833e+03 -1.06281964e+03  4.56e+00   2.73e-02     4.63e-01   311.166s
  27000 -1.06721629e+03 -1.06297951e+03  4.24e+00   2.44e-02     4.48e-01   318.869s
  28000 -1.06709658e+03 -1.06318714e+03  3.91e+00   2.14e-02     4.52e-01   326.574s
  29000 -1.06708017e+03 -1.06359200e+03  3.49e+00   2.17e-02     4.19e-01   334.280s
  30000 -1.06709691e+03 -1.06437642e+03  2.72e+00   2.11e-02     3.88e-01   341.984s
  31000 -1.06717374e+03 -1.06450315e+03  2.67e+00   2.02e-02     3.93e-01   349.689s
  32000 -1.06720915e+03 -1.06480626e+03  2.40e+00   2.08e-02     3.64e-01   357.396s
  33000 -1.06725721e+03 -1.06517200e+03  2.09e+00   1.86e-02     3.44e-01   365.102s
  34000 -1.06734021e+03 -1.06530109e+03  2.04e+00   1.69e-02     3.06e-01   372.808s
  35000 -1.06741970e+03 -1.06537206e+03  2.05e+00   1.63e-02     2.90e-01   380.513s
  36000 -1.06734688e+03 -1.06632790e+03  1.02e+00   1.74e-02     2.91e-01   388.215s
  37000 -1.06747490e+03 -1.06652041e+03  9.54e-01   1.79e-02     2.70e-01   395.899s
  38000 -1.06751848e+03 -1.06668287e+03  8.36e-01   1.71e-02     2.52e-01   403.584s
  39000 -1.06757483e+03 -1.06680084e+03  7.74e-01   1.65e-02     2.38e-01   411.270s
  40000 -1.06761990e+03 -1.06687583e+03  7.44e-01   1.68e-02     2.25e-01   418.956s
  41000 -1.06762380e+03 -1.06694536e+03  6.78e-01   1.65e-02     2.14e-01   426.641s
  42000 -1.06765265e+03 -1.06700706e+03  6.46e-01   1.61e-02     2.02e-01   434.327s
  43000 -1.06767616e+03 -1.06708569e+03  5.90e-01   1.58e-02     1.86e-01   442.013s
  44000 -1.06765971e+03 -1.06715843e+03  5.01e-01   1.54e-02     1.72e-01   449.700s
  45000 -1.06769321e+03 -1.06721281e+03  4.80e-01   1.50e-02     1.56e-01   457.387s
  46000 -1.06772041e+03 -1.06726147e+03  4.59e-01   1.54e-02     1.43e-01   465.075s
  47000 -1.06774386e+03 -1.06732420e+03  4.20e-01   1.49e-02     1.30e-01   472.762s
  48000 -1.06774988e+03 -1.06735915e+03  3.91e-01   1.46e-02     1.19e-01   480.451s
  49000 -1.06776343e+03 -1.06737419e+03  3.89e-01   1.45e-02     1.10e-01   488.138s
  50000 -1.06778674e+03 -1.06739207e+03  3.95e-01   1.44e-02     1.03e-01   495.826s
  51000 -1.06782060e+03 -1.06742174e+03  3.99e-01   1.18e-02     9.68e-02   503.514s
  52000 -1.06785058e+03 -1.06746760e+03  3.83e-01   1.03e-02     9.04e-02   511.202s
  53000 -1.06785548e+03 -1.06748952e+03  3.66e-01   9.25e-03     8.55e-02   518.889s
  54000 -1.06785247e+03 -1.06750011e+03  3.52e-01   7.56e-03     8.58e-02   526.577s
  55000 -1.06778708e+03 -1.06750243e+03  2.85e-01   6.25e-03     9.08e-02   534.264s
  56000 -1.06772937e+03 -1.06760088e+03  1.28e-01   1.01e-02     8.70e-02   541.958s
  57000 -1.06767908e+03 -1.06763964e+03  3.94e-02   1.19e-02     8.01e-02   549.642s
  58000 -1.06768258e+03 -1.06767100e+03  1.16e-02   1.10e-02     7.45e-02   557.326s
  59000 -1.06778652e+03 -1.06766486e+03  1.22e-01   9.74e-03     6.77e-02   565.010s
  60000 -1.06774690e+03 -1.06766577e+03  8.11e-02   9.31e-03     6.21e-02   572.695s
  61000 -1.06773213e+03 -1.06767611e+03  5.60e-02   9.58e-03     5.93e-02   580.378s
  62000 -1.06772108e+03 -1.06768260e+03  3.85e-02   1.00e-02     5.53e-02   588.063s
  63000 -1.06773375e+03 -1.06768501e+03  4.87e-02   1.03e-02     5.11e-02   595.748s
  64000 -1.06769717e+03 -1.06769546e+03  1.71e-03   1.04e-02     4.74e-02   603.432s
  65000 -1.06769914e+03 -1.06770448e+03  5.34e-03   1.08e-02     4.42e-02   611.117s
  66000 -1.06766819e+03 -1.06770980e+03  4.16e-02   1.07e-02     4.10e-02   618.802s
  67000 -1.06765907e+03 -1.06771297e+03  5.39e-02   9.23e-03     3.95e-02   626.487s
  68000 -1.06764889e+03 -1.06771614e+03  6.73e-02   8.09e-03     3.64e-02   634.174s
  69000 -1.06766536e+03 -1.06772033e+03  5.50e-02   6.82e-03     3.45e-02   641.859s
  70000 -1.06765523e+03 -1.06773301e+03  7.78e-02   7.12e-03     3.01e-02   649.546s
  71000 -1.06769286e+03 -1.06774900e+03  5.61e-02   7.17e-03     2.69e-02   657.232s
  72000 -1.06771498e+03 -1.06776210e+03  4.71e-02   6.81e-03     2.27e-02   664.918s
  73000 -1.06771304e+03 -1.06777409e+03  6.10e-02   6.00e-03     2.08e-02   672.606s
  74000 -1.06769311e+03 -1.06778769e+03  9.46e-02   6.17e-03     1.96e-02   680.292s
  75000 -1.06770024e+03 -1.06779845e+03  9.82e-02   6.14e-03     1.93e-02   687.979s
  76000 -1.06770870e+03 -1.06780017e+03  9.15e-02   5.23e-03     1.85e-02   695.666s
  77000 -1.06770156e+03 -1.06779833e+03  9.68e-02   4.18e-03     1.78e-02   703.353s
  78000 -1.06770280e+03 -1.06778636e+03  8.36e-02   3.57e-03     1.68e-02   711.038s
  79000 -1.06770647e+03 -1.06778048e+03  7.40e-02   3.13e-03     1.71e-02   718.726s
  80000 -1.06769759e+03 -1.06778066e+03  8.31e-02   3.26e-03     1.67e-02   726.413s
  81000 -1.06769216e+03 -1.06778211e+03  9.00e-02   3.29e-03     1.65e-02   734.099s
  82000 -1.06771236e+03 -1.06778500e+03  7.26e-02   3.19e-03     1.58e-02   741.786s
  83000 -1.06771715e+03 -1.06778575e+03  6.86e-02   3.21e-03     1.51e-02   749.474s
  84000 -1.06771688e+03 -1.06778518e+03  6.83e-02   3.54e-03     1.44e-02   757.160s
  85000 -1.06771679e+03 -1.06778724e+03  7.05e-02   3.70e-03     1.37e-02   764.848s
  86000 -1.06772110e+03 -1.06778869e+03  6.76e-02   3.47e-03     1.28e-02   772.534s
  87000 -1.06773266e+03 -1.06780216e+03  6.95e-02   5.14e-03     1.03e-02   780.227s
  88000 -1.06774314e+03 -1.06780957e+03  6.64e-02   5.22e-03     8.67e-03   787.909s
  89000 -1.06775198e+03 -1.06781886e+03  6.69e-02   5.17e-03     7.55e-03   795.592s
  90000 -1.06776112e+03 -1.06782531e+03  6.42e-02   4.91e-03     6.43e-03   803.276s
  91000 -1.06776694e+03 -1.06782814e+03  6.12e-02   4.66e-03     5.26e-03   810.961s
  92000 -1.06776638e+03 -1.06783036e+03  6.40e-02   4.35e-03     4.51e-03   818.646s
  93000 -1.06775007e+03 -1.06783120e+03  8.11e-02   4.01e-03     4.02e-03   826.330s
  94000 -1.06773776e+03 -1.06783111e+03  9.34e-02   3.68e-03     3.78e-03   834.014s
  95000 -1.06773105e+03 -1.06783158e+03  1.01e-01   3.39e-03     3.62e-03   841.698s
  96000 -1.06772557e+03 -1.06783223e+03  1.07e-01   3.21e-03     3.31e-03   849.383s
  97000 -1.06771885e+03 -1.06783340e+03  1.15e-01   3.04e-03     3.06e-03   857.068s
  98000 -1.06771646e+03 -1.06783420e+03  1.18e-01   2.89e-03     2.85e-03   864.753s
  99000 -1.06771650e+03 -1.06783526e+03  1.19e-01   2.77e-03     2.71e-03   872.438s
 100000 -1.06771615e+03 -1.06783596e+03  1.20e-01   2.63e-03     2.66e-03   880.122s
 101000 -1.06771982e+03 -1.06783570e+03  1.16e-01   2.53e-03     2.59e-03   887.807s
 102000 -1.06772396e+03 -1.06783527e+03  1.11e-01   2.51e-03     2.44e-03   895.490s
 103000 -1.06772358e+03 -1.06783515e+03  1.12e-01   2.46e-03     2.34e-03   903.174s
 104000 -1.06771950e+03 -1.06783570e+03  1.16e-01   2.40e-03     2.27e-03   910.857s
 105000 -1.06771567e+03 -1.06783583e+03  1.20e-01   2.32e-03     2.22e-03   918.542s
 106000 -1.06771531e+03 -1.06783609e+03  1.21e-01   2.26e-03     2.15e-03   926.226s
 107000 -1.06771558e+03 -1.06783593e+03  1.20e-01   2.18e-03     2.08e-03   933.909s
 108000 -1.06771391e+03 -1.06783553e+03  1.22e-01   2.14e-03     2.04e-03   941.593s
 109000 -1.06771283e+03 -1.06783511e+03  1.22e-01   2.09e-03     2.01e-03   949.277s
 110000 -1.06771310e+03 -1.06783499e+03  1.22e-01   2.09e-03     2.00e-03   956.962s
 111000 -1.06771489e+03 -1.06783531e+03  1.20e-01   2.08e-03     1.94e-03   964.645s
 112000 -1.06771669e+03 -1.06783602e+03  1.19e-01   2.05e-03     1.98e-03   972.329s
 113000 -1.06771998e+03 -1.06783652e+03  1.17e-01   2.04e-03     1.93e-03   980.013s
 114000 -1.06772234e+03 -1.06783657e+03  1.14e-01   2.04e-03     1.92e-03   987.697s
 115000 -1.06772259e+03 -1.06783659e+03  1.14e-01   2.03e-03     1.88e-03   995.382s
 116000 -1.06772295e+03 -1.06783661e+03  1.14e-01   2.03e-03     1.84e-03   1003.066s
 117000 -1.06772329e+03 -1.06783668e+03  1.13e-01   2.04e-03     1.84e-03   1010.749s
 118000 -1.06772384e+03 -1.06783675e+03  1.13e-01   2.05e-03     1.83e-03   1018.433s
 119000 -1.06772329e+03 -1.06783705e+03  1.14e-01   2.06e-03     1.77e-03   1026.117s
 120000 -1.06772335e+03 -1.06783712e+03  1.14e-01   2.07e-03     1.72e-03   1033.801s
 121000 -1.06772399e+03 -1.06783713e+03  1.13e-01   2.07e-03     1.67e-03   1041.485s
 122000 -1.06772439e+03 -1.06783709e+03  1.13e-01   2.09e-03     1.63e-03   1049.170s
 123000 -1.06772542e+03 -1.06783703e+03  1.12e-01   2.09e-03     1.59e-03   1056.853s
 124000 -1.06772651e+03 -1.06783702e+03  1.11e-01   2.11e-03     1.58e-03   1064.538s
 125000 -1.06772953e+03 -1.06783703e+03  1.08e-01   2.10e-03     1.58e-03   1072.222s
 126000 -1.06773232e+03 -1.06783694e+03  1.05e-01   2.08e-03     1.56e-03   1079.906s
 127000 -1.06773538e+03 -1.06783693e+03  1.02e-01   2.04e-03     1.56e-03   1087.591s
 128000 -1.06773814e+03 -1.06783685e+03  9.87e-02   1.99e-03     1.57e-03   1095.275s
 129000 -1.06774008e+03 -1.06783697e+03  9.69e-02   1.96e-03     1.58e-03   1102.959s
 130000 -1.06774136e+03 -1.06783722e+03  9.59e-02   1.91e-03     1.62e-03   1110.643s
 131000 -1.06774245e+03 -1.06783750e+03  9.51e-02   1.87e-03     1.67e-03   1118.328s
 132000 -1.06774285e+03 -1.06783804e+03  9.52e-02   1.83e-03     1.74e-03   1126.013s
 133000 -1.06774074e+03 -1.06783849e+03  9.77e-02   1.77e-03     1.80e-03   1133.697s
 134000 -1.06773885e+03 -1.06783885e+03  1.00e-01   1.72e-03     1.83e-03   1141.381s
 135000 -1.06773645e+03 -1.06784021e+03  1.04e-01   1.72e-03     1.79e-03   1149.073s
 136000 -1.06773383e+03 -1.06784060e+03  1.07e-01   1.67e-03     1.81e-03   1156.757s
 137000 -1.06773446e+03 -1.06784059e+03  1.06e-01   1.65e-03     1.78e-03   1164.441s
 138000 -1.06773575e+03 -1.06784036e+03  1.05e-01   1.64e-03     1.77e-03   1172.127s
 139000 -1.06773616e+03 -1.06784021e+03  1.04e-01   1.66e-03     1.71e-03   1179.812s
 140000 -1.06773691e+03 -1.06784016e+03  1.03e-01   1.65e-03     1.66e-03   1187.498s
 141000 -1.06773899e+03 -1.06784012e+03  1.01e-01   1.65e-03     1.62e-03   1195.183s
 142000 -1.06774173e+03 -1.06784013e+03  9.84e-02   1.64e-03     1.56e-03   1202.868s
 143000 -1.06774509e+03 -1.06784014e+03  9.50e-02   1.61e-03     1.54e-03   1210.554s
 144000 -1.06774863e+03 -1.06784022e+03  9.16e-02   1.61e-03     1.47e-03   1218.239s
 145000 -1.06775325e+03 -1.06784047e+03  8.72e-02   1.65e-03     1.39e-03   1225.925s
 146000 -1.06775581e+03 -1.06784028e+03  8.45e-02   1.61e-03     1.34e-03   1233.610s
 147000 -1.06775870e+03 -1.06784034e+03  8.16e-02   1.62e-03     1.28e-03   1241.295s
 148000 -1.06776129e+03 -1.06784066e+03  7.94e-02   1.65e-03     1.25e-03   1248.980s
 149000 -1.06776282e+03 -1.06784089e+03  7.81e-02   1.66e-03     1.22e-03   1256.665s
 150000 -1.06776292e+03 -1.06784117e+03  7.83e-02   1.64e-03     1.18e-03   1264.351s
 151000 -1.06776224e+03 -1.06784149e+03  7.93e-02   1.65e-03     1.11e-03   1272.037s
 152000 -1.06776083e+03 -1.06784166e+03  8.08e-02   1.59e-03     1.06e-03   1279.722s
 153000 -1.06775959e+03 -1.06784172e+03  8.21e-02   1.56e-03     1.03e-03   1287.409s
 154000 -1.06775832e+03 -1.06784169e+03  8.34e-02   1.53e-03     9.99e-04   1295.094s
 155000 -1.06775722e+03 -1.06784163e+03  8.44e-02   1.50e-03     9.77e-04   1302.779s
 156000 -1.06775579e+03 -1.06784165e+03  8.59e-02   1.48e-03     9.35e-04   1310.465s
 157000 -1.06775420e+03 -1.06784162e+03  8.74e-02   1.45e-03     9.21e-04   1318.150s
 158000 -1.06775267e+03 -1.06784166e+03  8.90e-02   1.43e-03     9.16e-04   1325.836s
 159000 -1.06775219e+03 -1.06784171e+03  8.95e-02   1.41e-03     9.16e-04   1333.521s
 160000 -1.06775182e+03 -1.06784176e+03  8.99e-02   1.39e-03     9.10e-04   1341.208s
 161000 -1.06775195e+03 -1.06784179e+03  8.98e-02   1.39e-03     9.10e-04   1348.893s
 162000 -1.06775215e+03 -1.06784193e+03  8.98e-02   1.41e-03     8.99e-04   1356.578s
 163000 -1.06775264e+03 -1.06784201e+03  8.94e-02   1.42e-03     8.98e-04   1364.263s
 164000 -1.06775264e+03 -1.06784211e+03  8.95e-02   1.43e-03     8.85e-04   1371.948s
 165000 -1.06775297e+03 -1.06784216e+03  8.92e-02   1.42e-03     8.64e-04   1379.633s
 166000 -1.06775321e+03 -1.06784218e+03  8.90e-02   1.41e-03     8.58e-04   1387.318s
 167000 -1.06775400e+03 -1.06784215e+03  8.81e-02   1.40e-03     8.52e-04   1395.004s
 168000 -1.06775450e+03 -1.06784204e+03  8.75e-02   1.39e-03     8.39e-04   1402.690s
 169000 -1.06775475e+03 -1.06784207e+03  8.73e-02   1.39e-03     8.20e-04   1410.375s
 170000 -1.06775541e+03 -1.06784212e+03  8.67e-02   1.38e-03     8.11e-04   1418.061s
 171000 -1.06775571e+03 -1.06784214e+03  8.64e-02   1.36e-03     8.07e-04   1425.746s
 172000 -1.06775586e+03 -1.06784221e+03  8.63e-02   1.36e-03     7.93e-04   1433.432s
 173000 -1.06775616e+03 -1.06784231e+03  8.62e-02   1.35e-03     7.80e-04   1441.118s
 174000 -1.06775607e+03 -1.06784236e+03  8.63e-02   1.34e-03     7.76e-04   1448.804s
 175000 -1.06775557e+03 -1.06784232e+03  8.68e-02   1.33e-03     7.68e-04   1456.490s
 176000 -1.06775497e+03 -1.06784230e+03  8.73e-02   1.33e-03     7.57e-04   1464.175s
 177000 -1.06775452e+03 -1.06784229e+03  8.78e-02   1.33e-03     7.47e-04   1471.859s
 178000 -1.06775415e+03 -1.06784230e+03  8.82e-02   1.32e-03     7.46e-04   1479.544s
 179000 -1.06775350e+03 -1.06784220e+03  8.87e-02   1.33e-03     7.43e-04   1487.229s
 180000 -1.06775357e+03 -1.06784221e+03  8.86e-02   1.33e-03     7.45e-04   1494.915s
 181000 -1.06775284e+03 -1.06784225e+03  8.94e-02   1.33e-03     7.37e-04   1502.601s
 182000 -1.06775268e+03 -1.06784227e+03  8.96e-02   1.33e-03     7.37e-04   1510.287s
 183000 -1.06775320e+03 -1.06784226e+03  8.91e-02   1.32e-03     7.42e-04   1517.973s
 184000 -1.06775322e+03 -1.06784237e+03  8.91e-02   1.32e-03     7.40e-04   1525.658s
 185000 -1.06775263e+03 -1.06784243e+03  8.98e-02   1.32e-03     7.34e-04   1533.342s
 186000 -1.06775239e+03 -1.06784248e+03  9.01e-02   1.31e-03     7.22e-04   1541.027s
 187000 -1.06775328e+03 -1.06784248e+03  8.92e-02   1.31e-03     7.19e-04   1548.712s
 188000 -1.06775416e+03 -1.06784245e+03  8.83e-02   1.31e-03     7.13e-04   1556.397s
 189000 -1.06775447e+03 -1.06784234e+03  8.79e-02   1.32e-03     6.99e-04   1564.081s
 190000 -1.06775457e+03 -1.06784232e+03  8.77e-02   1.32e-03     6.92e-04   1571.766s
 191000 -1.06775435e+03 -1.06784232e+03  8.80e-02   1.33e-03     6.86e-04   1579.450s
 192000 -1.06775430e+03 -1.06784242e+03  8.81e-02   1.34e-03     6.84e-04   1587.135s
 193000 -1.06775464e+03 -1.06784249e+03  8.79e-02   1.34e-03     6.79e-04   1594.820s
 194000 -1.06775471e+03 -1.06784253e+03  8.78e-02   1.35e-03     6.53e-04   1602.504s
 195000 -1.06775422e+03 -1.06784247e+03  8.83e-02   1.33e-03     6.43e-04   1610.188s
 196000 -1.06775356e+03 -1.06784246e+03  8.89e-02   1.32e-03     6.42e-04   1617.873s
 197000 -1.06775371e+03 -1.06784239e+03  8.87e-02   1.30e-03     6.45e-04   1625.558s
 198000 -1.06775383e+03 -1.06784232e+03  8.85e-02   1.30e-03     6.42e-04   1633.243s
 199000 -1.06775327e+03 -1.06784229e+03  8.90e-02   1.29e-03     6.37e-04   1640.928s
 200000 -1.06775285e+03 -1.06784235e+03  8.95e-02   1.28e-03     6.38e-04   1648.614s
 201000 -1.06775321e+03 -1.06784240e+03  8.92e-02   1.28e-03     6.24e-04   1656.299s
 202000 -1.06775356e+03 -1.06784239e+03  8.88e-02   1.28e-03     6.25e-04   1663.985s
 203000 -1.06775354e+03 -1.06784239e+03  8.88e-02   1.28e-03     6.19e-04   1671.670s
 204000 -1.06775370e+03 -1.06784243e+03  8.87e-02   1.28e-03     6.17e-04   1679.354s
 205000 -1.06775430e+03 -1.06784247e+03  8.82e-02   1.29e-03     6.24e-04   1687.039s
 206000 -1.06775460e+03 -1.06784248e+03  8.79e-02   1.29e-03     6.27e-04   1694.723s
 207000 -1.06775474e+03 -1.06784246e+03  8.77e-02   1.29e-03     6.17e-04   1702.405s
 208000 -1.06775516e+03 -1.06784247e+03  8.73e-02   1.28e-03     6.09e-04   1710.090s
 209000 -1.06775563e+03 -1.06784245e+03  8.68e-02   1.28e-03     6.01e-04   1717.774s
 210000 -1.06775587e+03 -1.06784241e+03  8.65e-02   1.28e-03     5.95e-04   1725.458s
 211000 -1.06775567e+03 -1.06784289e+03  8.72e-02   1.28e-03     5.54e-04   1733.148s
 212000 -1.06775509e+03 -1.06784291e+03  8.78e-02   1.29e-03     5.46e-04   1740.831s
 213000 -1.06775518e+03 -1.06784291e+03  8.77e-02   1.29e-03     5.43e-04   1748.515s
 214000 -1.06775563e+03 -1.06784291e+03  8.73e-02   1.29e-03     5.40e-04   1756.200s
 215000 -1.06775642e+03 -1.06784292e+03  8.65e-02   1.28e-03     5.36e-04   1763.884s
 216000 -1.06775682e+03 -1.06784291e+03  8.61e-02   1.28e-03     5.32e-04   1771.567s
 217000 -1.06775717e+03 -1.06784289e+03  8.57e-02   1.27e-03     5.26e-04   1779.250s
 218000 -1.06775727e+03 -1.06784287e+03  8.56e-02   1.26e-03     5.22e-04   1786.934s
 219000 -1.06775725e+03 -1.06784285e+03  8.56e-02   1.25e-03     5.18e-04   1794.618s
 220000 -1.06775717e+03 -1.06784285e+03  8.57e-02   1.25e-03     5.11e-04   1802.302s
 221000 -1.06775696e+03 -1.06784287e+03  8.59e-02   1.25e-03     5.09e-04   1809.984s
 222000 -1.06775679e+03 -1.06784288e+03  8.61e-02   1.24e-03     5.06e-04   1817.669s
 223000 -1.06775660e+03 -1.06784290e+03  8.63e-02   1.24e-03     5.00e-04   1825.354s
 224000 -1.06775639e+03 -1.06784290e+03  8.65e-02   1.24e-03     4.92e-04   1833.038s
 225000 -1.06775630e+03 -1.06784288e+03  8.66e-02   1.24e-03     4.88e-04   1840.722s
 226000 -1.06775607e+03 -1.06784285e+03  8.68e-02   1.24e-03     4.88e-04   1848.406s
 227000 -1.06775596e+03 -1.06784282e+03  8.69e-02   1.24e-03     4.84e-04   1856.089s
 228000 -1.06775597e+03 -1.06784280e+03  8.68e-02   1.24e-03     4.83e-04   1863.772s
 229000 -1.06775595e+03 -1.06784279e+03  8.68e-02   1.24e-03     4.78e-04   1871.457s
 230000 -1.06775602e+03 -1.06784279e+03  8.68e-02   1.24e-03     4.73e-04   1879.142s
 231000 -1.06775606e+03 -1.06784280e+03  8.67e-02   1.24e-03     4.74e-04   1886.826s
 232000 -1.06775625e+03 -1.06784279e+03  8.65e-02   1.24e-03     4.74e-04   1894.510s
 233000 -1.06775642e+03 -1.06784277e+03  8.63e-02   1.24e-03     4.76e-04   1902.194s
 234000 -1.06775660e+03 -1.06784277e+03  8.62e-02   1.24e-03     4.72e-04   1909.878s
 235000 -1.06775694e+03 -1.06784277e+03  8.58e-02   1.24e-03     4.67e-04   1917.562s
 236000 -1.06775716e+03 -1.06784275e+03  8.56e-02   1.24e-03     4.61e-04   1925.245s
 237000 -1.06775727e+03 -1.06784274e+03  8.55e-02   1.25e-03     4.52e-04   1932.930s
 238000 -1.06775725e+03 -1.06784273e+03  8.55e-02   1.25e-03     4.48e-04   1940.614s
 239000 -1.06775735e+03 -1.06784272e+03  8.54e-02   1.25e-03     4.50e-04   1948.298s
 240000 -1.06775732e+03 -1.06784272e+03  8.54e-02   1.25e-03     4.44e-04   1955.982s
 241000 -1.06775718e+03 -1.06784272e+03  8.55e-02   1.25e-03     4.40e-04   1963.665s
 242000 -1.06775721e+03 -1.06784273e+03  8.55e-02   1.25e-03     4.36e-04   1971.350s
 243000 -1.06775714e+03 -1.06784273e+03  8.56e-02   1.24e-03     4.32e-04   1979.034s
 244000 -1.06775714e+03 -1.06784272e+03  8.56e-02   1.24e-03     4.29e-04   1986.717s
 245000 -1.06775718e+03 -1.06784270e+03  8.55e-02   1.24e-03     4.32e-04   1994.401s
 246000 -1.06775713e+03 -1.06784267e+03  8.55e-02   1.24e-03     4.28e-04   2002.086s
 247000 -1.06775725e+03 -1.06784266e+03  8.54e-02   1.24e-03     4.26e-04   2009.771s
 248000 -1.06775750e+03 -1.06784265e+03  8.52e-02   1.24e-03     4.26e-04   2017.456s
 249000 -1.06775762e+03 -1.06784265e+03  8.50e-02   1.24e-03     4.28e-04   2025.141s
 250000 -1.06775782e+03 -1.06784262e+03  8.48e-02   1.23e-03     4.28e-04   2032.826s
 251000 -1.06775799e+03 -1.06784263e+03  8.46e-02   1.23e-03     4.27e-04   2040.512s
 252000 -1.06775820e+03 -1.06784263e+03  8.44e-02   1.23e-03     4.26e-04   2048.196s
 253000 -1.06775835e+03 -1.06784261e+03  8.43e-02   1.23e-03     4.24e-04   2055.881s
 254000 -1.06775866e+03 -1.06784260e+03  8.39e-02   1.23e-03     4.22e-04   2063.567s
 255000 -1.06775885e+03 -1.06784259e+03  8.37e-02   1.23e-03     4.23e-04   2071.253s
 256000 -1.06775891e+03 -1.06784257e+03  8.37e-02   1.23e-03     4.23e-04   2078.937s
 257000 -1.06775898e+03 -1.06784257e+03  8.36e-02   1.23e-03     4.24e-04   2086.623s
 258000 -1.06775896e+03 -1.06784257e+03  8.36e-02   1.23e-03     4.23e-04   2094.309s
 259000 -1.06775915e+03 -1.06784253e+03  8.34e-02   1.23e-03     4.23e-04   2101.996s
 260000 -1.06775914e+03 -1.06784253e+03  8.34e-02   1.23e-03     4.21e-04   2109.682s
 261000 -1.06775916e+03 -1.06784253e+03  8.34e-02   1.22e-03     4.21e-04   2117.367s
 262000 -1.06775926e+03 -1.06784252e+03  8.33e-02   1.23e-03     4.21e-04   2125.053s
 263000 -1.06775947e+03 -1.06784250e+03  8.30e-02   1.22e-03     4.24e-04   2132.738s
 264000 -1.06775938e+03 -1.06784250e+03  8.31e-02   1.22e-03     4.23e-04   2140.422s
 265000 -1.06775943e+03 -1.06784252e+03  8.31e-02   1.22e-03     4.24e-04   2148.107s
 266000 -1.06775958e+03 -1.06784251e+03  8.29e-02   1.22e-03     4.22e-04   2155.792s
 267000 -1.06775967e+03 -1.06784248e+03  8.28e-02   1.22e-03     4.24e-04   2163.477s
 268000 -1.06775962e+03 -1.06784246e+03  8.28e-02   1.22e-03     4.24e-04   2171.161s
 269000 -1.06775957e+03 -1.06784246e+03  8.29e-02   1.22e-03     4.23e-04   2178.845s
 270000 -1.06775985e+03 -1.06784247e+03  8.26e-02   1.22e-03     4.24e-04   2186.530s
 271000 -1.06776012e+03 -1.06784247e+03  8.23e-02   1.22e-03     4.23e-04   2194.213s
 272000 -1.06776025e+03 -1.06784243e+03  8.22e-02   1.22e-03     4.20e-04   2201.898s
 273000 -1.06776031e+03 -1.06784243e+03  8.21e-02   1.22e-03     4.17e-04   2209.581s
 274000 -1.06776046e+03 -1.06784242e+03  8.20e-02   1.22e-03     4.19e-04   2217.265s
 275000 -1.06776047e+03 -1.06784243e+03  8.20e-02   1.22e-03     4.20e-04   2224.949s
 276000 -1.06776050e+03 -1.06784243e+03  8.19e-02   1.22e-03     4.21e-04   2232.633s
 277000 -1.06776063e+03 -1.06784240e+03  8.18e-02   1.22e-03     4.21e-04   2240.317s
 278000 -1.06776075e+03 -1.06784240e+03  8.16e-02   1.22e-03     4.26e-04   2248.000s
 279000 -1.06776082e+03 -1.06784244e+03  8.16e-02   1.22e-03     4.25e-04   2255.683s
 280000 -1.06776086e+03 -1.06784241e+03  8.16e-02   1.22e-03     4.23e-04   2263.368s
 281000 -1.06776081e+03 -1.06784238e+03  8.16e-02   1.22e-03     4.22e-04   2271.052s
 282000 -1.06776067e+03 -1.06784238e+03  8.17e-02   1.22e-03     4.23e-04   2278.736s
 283000 -1.06776045e+03 -1.06784239e+03  8.19e-02   1.22e-03     4.23e-04   2286.421s
 284000 -1.06776066e+03 -1.06784242e+03  8.18e-02   1.22e-03     4.20e-04   2294.105s
 285000 -1.06776092e+03 -1.06784243e+03  8.15e-02   1.22e-03     4.20e-04   2301.789s
 286000 -1.06776082e+03 -1.06784236e+03  8.15e-02   1.22e-03     4.21e-04   2309.472s
 287000 -1.06776072e+03 -1.06784236e+03  8.16e-02   1.22e-03     4.20e-04   2317.156s
 288000 -1.06776099e+03 -1.06784245e+03  8.15e-02   1.22e-03     4.26e-04   2324.840s
 289000 -1.06776120e+03 -1.06784245e+03  8.13e-02   1.22e-03     4.25e-04   2332.524s
 290000 -1.06776142e+03 -1.06784239e+03  8.10e-02   1.22e-03     4.19e-04   2340.209s
 291000 -1.06776135e+03 -1.06784241e+03  8.11e-02   1.22e-03     4.23e-04   2347.893s
 292000 -1.06776130e+03 -1.06784245e+03  8.12e-02   1.22e-03     4.22e-04   2355.578s
 293000 -1.06776159e+03 -1.06784249e+03  8.09e-02   1.22e-03     4.17e-04   2363.263s
 294000 -1.06776194e+03 -1.06784245e+03  8.05e-02   1.21e-03     4.13e-04   2370.948s
 295000 -1.06776172e+03 -1.06784237e+03  8.06e-02   1.22e-03     4.14e-04   2378.633s
 296000 -1.06776151e+03 -1.06784237e+03  8.09e-02   1.22e-03     4.10e-04   2386.319s
 297000 -1.06776158e+03 -1.06784245e+03  8.09e-02   1.21e-03     4.09e-04   2394.004s
 298000 -1.06776199e+03 -1.06784247e+03  8.05e-02   1.21e-03     4.04e-04   2401.689s
 299000 -1.06776177e+03 -1.06784242e+03  8.07e-02   1.21e-03     4.00e-04   2409.374s
 300000 -1.06776134e+03 -1.06784239e+03  8.10e-02   1.21e-03     3.98e-04   2417.060s
 301000 -1.06776110e+03 -1.06784241e+03  8.13e-02   1.21e-03     3.99e-04   2424.744s
 302000 -1.06776153e+03 -1.06784248e+03  8.10e-02   1.21e-03     3.98e-04   2432.430s
 303000 -1.06776207e+03 -1.06784252e+03  8.05e-02   1.21e-03     3.98e-04   2440.115s
 304000 -1.06776245e+03 -1.06784246e+03  8.00e-02   1.21e-03     3.97e-04   2447.800s
 305000 -1.06776222e+03 -1.06784243e+03  8.02e-02   1.21e-03     3.93e-04   2455.485s
 306000 -1.06776201e+03 -1.06784249e+03  8.05e-02   1.21e-03     3.92e-04   2463.171s
 307000 -1.06776215e+03 -1.06784251e+03  8.04e-02   1.21e-03     3.91e-04   2470.855s
 308000 -1.06776252e+03 -1.06784249e+03  8.00e-02   1.21e-03     3.92e-04   2478.540s
 309000 -1.06776291e+03 -1.06784246e+03  7.96e-02   1.21e-03     3.88e-04   2486.224s
 310000 -1.06776291e+03 -1.06784244e+03  7.95e-02   1.21e-03     3.86e-04   2493.910s
 311000 -1.06776299e+03 -1.06784244e+03  7.95e-02   1.21e-03     3.84e-04   2501.595s
 312000 -1.06776295e+03 -1.06784246e+03  7.95e-02   1.21e-03     3.83e-04   2509.281s
 313000 -1.06776301e+03 -1.06784244e+03  7.94e-02   1.21e-03     3.82e-04   2516.966s
 314000 -1.06776276e+03 -1.06784238e+03  7.96e-02   1.21e-03     3.82e-04   2524.651s
 315000 -1.06776239e+03 -1.06784239e+03  8.00e-02   1.21e-03     3.80e-04   2532.337s
 316000 -1.06776230e+03 -1.06784242e+03  8.01e-02   1.21e-03     3.81e-04   2540.022s
 317000 -1.06776250e+03 -1.06784244e+03  7.99e-02   1.21e-03     3.81e-04   2547.707s
 318000 -1.06776261e+03 -1.06784241e+03  7.98e-02   1.21e-03     3.81e-04   2555.393s
 319000 -1.06776238e+03 -1.06784239e+03  8.00e-02   1.21e-03     3.80e-04   2563.079s
 320000 -1.06776221e+03 -1.06784242e+03  8.02e-02   1.21e-03     3.80e-04   2570.765s
 321000 -1.06776212e+03 -1.06784246e+03  8.03e-02   1.21e-03     3.82e-04   2578.451s
 322000 -1.06776237e+03 -1.06784244e+03  8.01e-02   1.21e-03     3.81e-04   2586.136s
 323000 -1.06776240e+03 -1.06784240e+03  8.00e-02   1.21e-03     3.81e-04   2593.822s
 324000 -1.06776247e+03 -1.06784239e+03  7.99e-02   1.21e-03     3.79e-04   2601.506s
 325000 -1.06776261e+03 -1.06784240e+03  7.98e-02   1.21e-03     3.81e-04   2609.192s
 326000 -1.06776308e+03 -1.06784243e+03  7.94e-02   1.21e-03     3.79e-04   2616.877s
 327000 -1.06776341e+03 -1.06784241e+03  7.90e-02   1.21e-03     3.78e-04   2624.562s
 328000 -1.06776330e+03 -1.06784236e+03  7.91e-02   1.21e-03     3.79e-04   2632.248s
 329000 -1.06776293e+03 -1.06784269e+03  7.98e-02   1.20e-03     4.61e-04   2639.941s
 330000 -1.06776276e+03 -1.06784263e+03  7.99e-02   1.20e-03     4.61e-04   2647.627s
 331000 -1.06776267e+03 -1.06784252e+03  7.98e-02   1.20e-03     4.60e-04   2655.312s
 332000 -1.06776260e+03 -1.06784251e+03  7.99e-02   1.20e-03     4.60e-04   2662.996s
 333000 -1.06776275e+03 -1.06784252e+03  7.98e-02   1.20e-03     4.63e-04   2670.681s
 334000 -1.06776327e+03 -1.06784250e+03  7.92e-02   1.19e-03     4.69e-04   2678.364s
 335000 -1.06776371e+03 -1.06784245e+03  7.87e-02   1.19e-03     4.76e-04   2686.049s
 336000 -1.06776398e+03 -1.06784240e+03  7.84e-02   1.19e-03     4.82e-04   2693.734s
 337000 -1.06776432e+03 -1.06784234e+03  7.80e-02   1.18e-03     4.89e-04   2701.418s
 338000 -1.06776467e+03 -1.06784228e+03  7.76e-02   1.18e-03     4.99e-04   2709.101s
 339000 -1.06776511e+03 -1.06784221e+03  7.71e-02   1.18e-03     5.06e-04   2716.784s
 340000 -1.06776563e+03 -1.06784215e+03  7.65e-02   1.17e-03     5.16e-04   2724.467s
 341000 -1.06776622e+03 -1.06784209e+03  7.59e-02   1.17e-03     5.24e-04   2732.152s
 342000 -1.06776695e+03 -1.06784205e+03  7.51e-02   1.16e-03     5.29e-04   2739.835s
 343000 -1.06776741e+03 -1.06784201e+03  7.46e-02   1.16e-03     5.29e-04   2747.519s
 344000 -1.06776796e+03 -1.06784201e+03  7.41e-02   1.16e-03     5.34e-04   2755.202s
 345000 -1.06776827e+03 -1.06784195e+03  7.37e-02   1.15e-03     5.41e-04   2762.886s
 346000 -1.06776864e+03 -1.06784187e+03  7.32e-02   1.15e-03     5.48e-04   2770.570s
 347000 -1.06776879e+03 -1.06784182e+03  7.30e-02   1.14e-03     5.55e-04   2778.255s
 348000 -1.06776898e+03 -1.06784180e+03  7.28e-02   1.14e-03     5.61e-04   2785.938s
 349000 -1.06776941e+03 -1.06784179e+03  7.24e-02   1.13e-03     5.71e-04   2793.622s
 350000 -1.06776998e+03 -1.06784175e+03  7.18e-02   1.12e-03     5.78e-04   2801.306s
 351000 -1.06777031e+03 -1.06784168e+03  7.14e-02   1.12e-03     5.88e-04   2808.989s
 352000 -1.06777057e+03 -1.06784165e+03  7.11e-02   1.11e-03     5.94e-04   2816.674s
 353000 -1.06777082e+03 -1.06784164e+03  7.08e-02   1.11e-03     6.02e-04   2824.356s
 354000 -1.06777149e+03 -1.06784161e+03  7.01e-02   1.10e-03     6.10e-04   2832.041s
 355000 -1.06777207e+03 -1.06784154e+03  6.95e-02   1.09e-03     6.18e-04   2839.724s
 356000 -1.06777238e+03 -1.06784150e+03  6.91e-02   1.09e-03     6.27e-04   2847.409s
 357000 -1.06777278e+03 -1.06784148e+03  6.87e-02   1.08e-03     6.35e-04   2855.094s
 358000 -1.06777349e+03 -1.06784147e+03  6.80e-02   1.08e-03     6.41e-04   2862.779s
 359000 -1.06777417e+03 -1.06784143e+03  6.73e-02   1.07e-03     6.50e-04   2870.464s
 360000 -1.06777461e+03 -1.06784140e+03  6.68e-02   1.06e-03     6.59e-04   2878.150s
 361000 -1.06777499e+03 -1.06784136e+03  6.64e-02   1.06e-03     6.63e-04   2885.836s
 362000 -1.06777557e+03 -1.06784133e+03  6.58e-02   1.05e-03     6.71e-04   2893.522s
 363000 -1.06777600e+03 -1.06784132e+03  6.53e-02   1.04e-03     6.79e-04   2901.209s
 364000 -1.06777641e+03 -1.06784130e+03  6.49e-02   1.04e-03     6.85e-04   2908.895s
 365000 -1.06777685e+03 -1.06784125e+03  6.44e-02   1.03e-03     6.92e-04   2916.582s
 366000 -1.06777745e+03 -1.06784123e+03  6.38e-02   1.02e-03     6.95e-04   2924.268s
 367000 -1.06777788e+03 -1.06784122e+03  6.33e-02   1.01e-03     7.02e-04   2931.954s
 368000 -1.06777828e+03 -1.06784121e+03  6.29e-02   1.00e-03     7.09e-04   2939.640s
 369000 -1.06777879e+03 -1.06784119e+03  6.24e-02   9.93e-04     7.06e-04   2947.326s
 370000 -1.06777947e+03 -1.06784116e+03  6.17e-02   9.87e-04     7.11e-04   2955.013s
 371000 -1.06777980e+03 -1.06784120e+03  6.14e-02   9.80e-04     7.09e-04   2962.700s
 372000 -1.06778025e+03 -1.06784119e+03  6.09e-02   9.78e-04     7.09e-04   2970.385s
 373000 -1.06778105e+03 -1.06784121e+03  6.02e-02   9.70e-04     7.09e-04   2978.070s
 374000 -1.06778155e+03 -1.06784118e+03  5.96e-02   9.62e-04     7.11e-04   2985.754s
 375000 -1.06778201e+03 -1.06784117e+03  5.92e-02   9.57e-04     7.12e-04   2993.438s
 376000 -1.06778276e+03 -1.06784120e+03  5.84e-02   9.50e-04     7.11e-04   3001.121s
 377000 -1.06778312e+03 -1.06784118e+03  5.81e-02   9.40e-04     7.07e-04   3008.805s
 378000 -1.06778409e+03 -1.06784118e+03  5.71e-02   9.36e-04     7.09e-04   3016.489s
 379000 -1.06778420e+03 -1.06784123e+03  5.70e-02   9.31e-04     7.03e-04   3024.173s
 380000 -1.06778467e+03 -1.06784120e+03  5.65e-02   9.22e-04     7.00e-04   3031.856s
 381000 -1.06778567e+03 -1.06784130e+03  5.56e-02   9.22e-04     6.84e-04   3039.540s
 382000 -1.06778581e+03 -1.06784135e+03  5.55e-02   9.12e-04     6.76e-04   3047.224s
 383000 -1.06778599e+03 -1.06784135e+03  5.54e-02   9.13e-04     6.66e-04   3054.908s
 384000 -1.06778671e+03 -1.06784138e+03  5.47e-02   9.04e-04     6.56e-04   3062.592s
 385000 -1.06778712e+03 -1.06784139e+03  5.43e-02   9.01e-04     6.54e-04   3070.276s
 386000 -1.06778710e+03 -1.06784145e+03  5.44e-02   8.97e-04     6.22e-04   3077.961s
 387000 -1.06778748e+03 -1.06784151e+03  5.40e-02   8.94e-04     6.02e-04   3085.645s
 388000 -1.06778824e+03 -1.06784169e+03  5.34e-02   8.97e-04     5.87e-04   3093.329s
 389000 -1.06778844e+03 -1.06784173e+03  5.33e-02   8.86e-04     5.74e-04   3101.013s
 390000 -1.06778848e+03 -1.06784165e+03  5.32e-02   8.83e-04     5.57e-04   3108.698s
 391000 -1.06778877e+03 -1.06784169e+03  5.29e-02   8.82e-04     5.45e-04   3116.381s
 392000 -1.06778883e+03 -1.06784184e+03  5.30e-02   8.82e-04     5.28e-04   3124.065s
 393000 -1.06778882e+03 -1.06784185e+03  5.30e-02   8.76e-04     5.13e-04   3131.749s
 394000 -1.06778987e+03 -1.06784195e+03  5.21e-02   8.74e-04     4.82e-04   3139.433s
 395000 -1.06778988e+03 -1.06784209e+03  5.22e-02   8.77e-04     4.54e-04   3147.117s
 396000 -1.06778955e+03 -1.06784213e+03  5.26e-02   8.71e-04     4.40e-04   3154.802s
 397000 -1.06778998e+03 -1.06784222e+03  5.22e-02   8.73e-04     4.11e-04   3162.487s
 398000 -1.06778982e+03 -1.06784222e+03  5.24e-02   8.66e-04     4.05e-04   3170.172s
 399000 -1.06778966e+03 -1.06784222e+03  5.26e-02   8.66e-04     3.97e-04   3177.856s
 400000 -1.06778950e+03 -1.06784217e+03  5.27e-02   8.62e-04     3.97e-04   3185.542s
 401000 -1.06778958e+03 -1.06784216e+03  5.26e-02   8.59e-04     3.98e-04   3193.227s
 402000 -1.06778959e+03 -1.06784221e+03  5.26e-02   8.55e-04     3.94e-04   3200.913s
 403000 -1.06778941e+03 -1.06784226e+03  5.28e-02   8.53e-04     3.87e-04   3208.599s
 404000 -1.06778919e+03 -1.06784229e+03  5.31e-02   8.49e-04     3.83e-04   3216.284s
 405000 -1.06778927e+03 -1.06784231e+03  5.30e-02   8.45e-04     3.81e-04   3223.970s
 406000 -1.06778886e+03 -1.06784223e+03  5.34e-02   8.42e-04     3.80e-04   3231.655s
 407000 -1.06778860e+03 -1.06784222e+03  5.36e-02   8.43e-04     3.76e-04   3239.341s
 408000 -1.06778848e+03 -1.06784226e+03  5.38e-02   8.43e-04     3.77e-04   3247.027s
 409000 -1.06778873e+03 -1.06784228e+03  5.35e-02   8.44e-04     3.75e-04   3254.712s
 410000 -1.06778895e+03 -1.06784228e+03  5.33e-02   8.45e-04     3.70e-04   3262.398s
 411000 -1.06778883e+03 -1.06784228e+03  5.35e-02   8.47e-04     3.68e-04   3270.083s
 412000 -1.06778875e+03 -1.06784229e+03  5.35e-02   8.47e-04     3.65e-04   3277.769s
 413000 -1.06778883e+03 -1.06784227e+03  5.34e-02   8.46e-04     3.62e-04   3285.454s
 414000 -1.06778887e+03 -1.06784228e+03  5.34e-02   8.47e-04     3.58e-04   3293.139s
 415000 -1.06778898e+03 -1.06784229e+03  5.33e-02   8.48e-04     3.54e-04   3300.823s
 416000 -1.06778919e+03 -1.06784229e+03  5.31e-02   8.48e-04     3.52e-04   3308.508s
 417000 -1.06778940e+03 -1.06784231e+03  5.29e-02   8.49e-04     3.52e-04   3316.191s
 418000 -1.06778979e+03 -1.06784235e+03  5.26e-02   8.49e-04     3.50e-04   3323.875s
 419000 -1.06778988e+03 -1.06784237e+03  5.25e-02   8.48e-04     3.45e-04   3331.560s
 420000 -1.06778996e+03 -1.06784237e+03  5.24e-02   8.46e-04     3.42e-04   3339.245s
 421000 -1.06779010e+03 -1.06784234e+03  5.22e-02   8.47e-04     3.43e-04   3346.929s
 422000 -1.06779002e+03 -1.06784233e+03  5.23e-02   8.47e-04     3.41e-04   3354.613s
 423000 -1.06778978e+03 -1.06784232e+03  5.25e-02   8.48e-04     3.40e-04   3362.296s
 424000 -1.06778969e+03 -1.06784235e+03  5.27e-02   8.49e-04     3.34e-04   3369.981s
 425000 -1.06778966e+03 -1.06784239e+03  5.27e-02   8.48e-04     3.33e-04   3377.666s
 426000 -1.06778965e+03 -1.06784239e+03  5.27e-02   8.49e-04     3.31e-04   3385.351s
 427000 -1.06778940e+03 -1.06784239e+03  5.30e-02   8.47e-04     3.29e-04   3393.034s
 428000 -1.06778918e+03 -1.06784240e+03  5.32e-02   8.46e-04     3.25e-04   3400.719s
 429000 -1.06778903e+03 -1.06784240e+03  5.34e-02   8.43e-04     3.21e-04   3408.403s
 430000 -1.06778889e+03 -1.06784239e+03  5.35e-02   8.43e-04     3.21e-04   3416.088s
 431000 -1.06778888e+03 -1.06784239e+03  5.35e-02   8.43e-04     3.19e-04   3423.772s
 432000 -1.06778894e+03 -1.06784240e+03  5.35e-02   8.42e-04     3.15e-04   3431.456s
 433000 -1.06778901e+03 -1.06784241e+03  5.34e-02   8.41e-04     3.10e-04   3439.141s
 434000 -1.06778917e+03 -1.06784243e+03  5.33e-02   8.41e-04     3.07e-04   3446.826s
 435000 -1.06778929e+03 -1.06784246e+03  5.32e-02   8.40e-04     3.02e-04   3454.510s
 436000 -1.06778937e+03 -1.06784244e+03  5.31e-02   8.41e-04     3.00e-04   3462.195s
 437000 -1.06778945e+03 -1.06784241e+03  5.30e-02   8.41e-04     2.98e-04   3469.880s
 438000 -1.06778948e+03 -1.06784242e+03  5.29e-02   8.44e-04     2.92e-04   3477.566s
 439000 -1.06778952e+03 -1.06784243e+03  5.29e-02   8.45e-04     2.91e-04   3485.251s
 440000 -1.06778967e+03 -1.06784244e+03  5.28e-02   8.47e-04     2.89e-04   3492.938s
 441000 -1.06778983e+03 -1.06784245e+03  5.26e-02   8.48e-04     2.89e-04   3500.624s
 442000 -1.06778992e+03 -1.06784246e+03  5.25e-02   8.48e-04     2.83e-04   3508.310s
 443000 -1.06778998e+03 -1.06784244e+03  5.25e-02   8.46e-04     2.81e-04   3515.996s
 444000 -1.06778998e+03 -1.06784244e+03  5.25e-02   8.45e-04     2.80e-04   3523.683s
 445000 -1.06778999e+03 -1.06784244e+03  5.25e-02   8.44e-04     2.73e-04   3531.369s
 446000 -1.06778998e+03 -1.06784242e+03  5.24e-02   8.42e-04     2.70e-04   3539.055s
 447000 -1.06778995e+03 -1.06784242e+03  5.25e-02   8.42e-04     2.68e-04   3546.740s
 448000 -1.06778983e+03 -1.06784243e+03  5.26e-02   8.40e-04     2.67e-04   3554.425s
 449000 -1.06778975e+03 -1.06784245e+03  5.27e-02   8.39e-04     2.66e-04   3562.110s
 450000 -1.06778971e+03 -1.06784246e+03  5.27e-02   8.38e-04     2.65e-04   3569.796s
 451000 -1.06778966e+03 -1.06784247e+03  5.28e-02   8.38e-04     2.63e-04   3577.481s
 452000 -1.06778957e+03 -1.06784246e+03  5.29e-02   8.38e-04     2.61e-04   3585.166s
 453000 -1.06778952e+03 -1.06784245e+03  5.29e-02   8.38e-04     2.60e-04   3592.851s
 454000 -1.06778945e+03 -1.06784245e+03  5.30e-02   8.39e-04     2.61e-04   3600.536s
PDLP finished
Status: Time Limit   Objective: -1.06778945e+03  Iterations: 454000  Time: 3600.646s

### exit_code=0
### finished=2026-07-24T08:02:17.190632
### gpu_peak_mb=121690.4
### gpu_peak2_mb=0.0
### per_gpu_peak_mb=[121690.375]
