### solver=cuopt-base
### instance=/home/scratch.bbozkaya_gpu/datasets/PSR6/model_de_50_scenarios.mps.gz
### n_gpus=1
### CUDA_VISIBLE_DEVICES=0
### started=2026-07-29T18:49:03.949903
### argv=/home/scratch.vmostovoi_gpu/mostovoi_cuopt/cpp/build/cuopt_cli --method 1 --mps-reader experimental-fast --time-limit 3600 --iteration-limit 1000000000 --relative-primal-tolerance 1e-6 --relative-dual-tolerance 1e-6 --relative-gap-tolerance 1e-6 --log-to-console true /home/scratch.bbozkaya_gpu/datasets/PSR6/model_de_50_scenarios.mps.gz
### --- solver output ---
Setting parameter iteration_limit to 1000000000
Setting parameter log_to_console to true
Setting parameter method to 1
Setting parameter relative_dual_tolerance to 1.000000e-06
Setting parameter relative_gap_tolerance to 1.000000e-06
Setting parameter relative_primal_tolerance to 1.000000e-06
Setting parameter time_limit to 3.600000e+03
Reading file model_de_50_scenarios.mps.gz
Using experimental fast MPS parser for '/home/scratch.bbozkaya_gpu/datasets/PSR6/model_de_50_scenarios.mps.gz'
Read file model_de_50_scenarios.mps.gz in 53.29 seconds
cuOpt version: 26.8.0, git hash: 7116ead1, host arch: x86_64, device archs: 100a-real
CPU: INTEL(R) XEON(R) PLATINUM 8570, threads (physical/logical): 112/224, RAM: 1356.85 GiB
CUDA 13.3, device: NVIDIA B200 (ID 0), VRAM: 178.34 GiB
CUDA device UUID: 4e23b3b5-b22d-4a1e-633f-f6fa987c6996
Solving a problem with 70147846 constraints, 90191170 variables (0 integers), and 233107412 nonzeros
Problem scaling:
Objective coefficents range:          [4e-04, 5e+01]
Constraint matrix coefficients range: [1e-03, 1e+00]
Constraint rhs / bounds range:        [1e-02, 3e+05]
Variable bounds range:                [1e-02, 4e+05]
Warning: input problem contains a large range of coefficients: consider reformulating to avoid numerical difficulties.

Using PSLP presolver
PSLP Presolved problem: 69271424 constraints, 79695922 variables, 220859742 non-zeros
PSLP presolve time: 106.16s
Objective offset 30459.045860 scaling_factor 1.000000
   Iter    Primal Obj.      Dual Obj.    Gap        Primal Res.  Dual Res.   Time
      0 +3.04590459e+04 +3.04590459e+04  0.00e+00   3.05e+06     2.47e+03   122.577s
   1000 +4.72725986e+03 -5.09088766e+06  5.10e+06   1.18e+05     5.69e-01   127.374s
   2000 +1.47085986e+05 +1.57803475e+06  1.43e+06   4.24e+04     5.57e-01   131.411s
   3000 +2.38958169e+05 +3.90460567e+06  3.67e+06   1.97e+04     4.13e-01   135.455s
   4000 +3.24666310e+05 +6.99495076e+06  6.67e+06   1.38e+04     2.02e-01   139.507s
   5000 +3.47412934e+05 +8.16839701e+06  7.82e+06   1.14e+04     1.80e-01   143.556s
   6000 +3.66349759e+05 +7.86325552e+06  7.50e+06   9.72e+03     1.75e-01   147.611s
   7000 +3.80797131e+05 +7.42647363e+06  7.05e+06   9.17e+03     1.58e-01   151.664s
   8000 +3.96741776e+05 +6.83368371e+06  6.44e+06   8.21e+03     1.35e-01   155.717s
   9000 +4.11079286e+05 +6.35728907e+06  5.95e+06   7.25e+03     1.12e-01   159.773s
  10000 +4.24581304e+05 +6.01358722e+06  5.59e+06   6.60e+03     8.68e-02   163.836s
  11000 +4.31537951e+05 +5.67692485e+06  5.25e+06   6.41e+03     8.12e-02   167.852s
  12000 +4.37897321e+05 +5.34977347e+06  4.91e+06   6.14e+03     7.62e-02   171.868s
  13000 +4.43726984e+05 +5.03302677e+06  4.59e+06   5.83e+03     7.06e-02   175.886s
  14000 +4.48490392e+05 +4.71665112e+06  4.27e+06   5.55e+03     6.55e-02   179.904s
  15000 +4.54893672e+05 +4.46356459e+06  4.01e+06   5.56e+03     5.35e-02   183.926s
  16000 +4.57643087e+05 +4.24673372e+06  3.79e+06   5.87e+03     5.09e-02   187.945s
  17000 +4.59959051e+05 +4.03333999e+06  3.57e+06   6.07e+03     4.81e-02   191.964s
  18000 +4.61906326e+05 +3.82633694e+06  3.36e+06   6.13e+03     4.53e-02   195.983s
  19000 +4.63793836e+05 +3.61530529e+06  3.15e+06   6.08e+03     4.23e-02   200.004s
  20000 +4.65425244e+05 +3.39560957e+06  2.93e+06   5.97e+03     3.90e-02   204.024s
  21000 +4.67097043e+05 +3.16467580e+06  2.70e+06   5.83e+03     3.57e-02   208.045s
  22000 +4.68675074e+05 +2.92886903e+06  2.46e+06   5.68e+03     3.26e-02   212.067s
  23000 +4.71275411e+05 +2.69604733e+06  2.22e+06   5.51e+03     2.75e-02   216.091s
  24000 +4.72594577e+05 +2.50102044e+06  2.03e+06   5.69e+03     2.57e-02   220.113s
  25000 +4.73847414e+05 +2.30705297e+06  1.83e+06   5.82e+03     2.39e-02   224.135s
  26000 +4.75018607e+05 +2.13085557e+06  1.66e+06   5.86e+03     2.22e-02   228.158s
  27000 +4.76103674e+05 +1.97019579e+06  1.49e+06   5.83e+03     2.06e-02   232.183s
  28000 +4.76877070e+05 +1.83343564e+06  1.36e+06   5.72e+03     1.91e-02   236.207s
  29000 +4.77330320e+05 +1.70965258e+06  1.23e+06   5.58e+03     1.77e-02   240.230s
  30000 +4.77337093e+05 +1.60676489e+06  1.13e+06   5.40e+03     1.65e-02   244.254s
  31000 +4.77083983e+05 +1.52900768e+06  1.05e+06   5.21e+03     1.53e-02   248.279s
  32000 +4.76347877e+05 +1.46452250e+06  9.88e+05   5.03e+03     1.44e-02   252.303s
  33000 +4.75696762e+05 +1.40974199e+06  9.34e+05   4.87e+03     1.36e-02   256.329s
  34000 +4.74919244e+05 +1.36337981e+06  8.88e+05   4.72e+03     1.30e-02   260.353s
  35000 +4.73918485e+05 +1.31924015e+06  8.45e+05   4.58e+03     1.25e-02   264.379s
  36000 +4.72613889e+05 +1.23346342e+06  7.61e+05   4.83e+03     1.94e-02   268.407s
  37000 +4.70844809e+05 +1.18458617e+06  7.14e+05   4.67e+03     1.93e-02   272.430s
  38000 +4.68549066e+05 +1.15900078e+06  6.90e+05   4.53e+03     1.91e-02   276.455s
  39000 +4.66267848e+05 +1.13987634e+06  6.74e+05   4.34e+03     1.88e-02   280.479s
  40000 +4.63255101e+05 +1.11952319e+06  6.56e+05   4.13e+03     1.83e-02   284.503s
  41000 +4.59574793e+05 +1.09817757e+06  6.39e+05   3.91e+03     1.74e-02   288.528s
  42000 +4.55573777e+05 +1.07545245e+06  6.20e+05   3.71e+03     1.65e-02   292.553s
  43000 +4.51714921e+05 +1.05298509e+06  6.01e+05   3.53e+03     1.54e-02   296.577s
  44000 +4.47574750e+05 +1.03052788e+06  5.83e+05   3.37e+03     1.45e-02   300.601s
  45000 +4.43194311e+05 +1.00756724e+06  5.64e+05   3.20e+03     1.37e-02   304.626s
  46000 +4.39062600e+05 +9.84664127e+05  5.46e+05   3.04e+03     1.30e-02   308.651s
  47000 +4.34920843e+05 +9.62947542e+05  5.28e+05   2.89e+03     1.21e-02   312.677s
  48000 +4.30835508e+05 +9.42376428e+05  5.12e+05   2.75e+03     1.15e-02   316.702s
  49000 +4.26335504e+05 +9.23099125e+05  4.97e+05   2.59e+03     1.09e-02   320.727s
  50000 +4.22263578e+05 +9.04981314e+05  4.83e+05   2.44e+03     1.03e-02   324.752s
  51000 +4.18797110e+05 +8.88689308e+05  4.70e+05   2.31e+03     9.76e-03   328.777s
  52000 +4.15496570e+05 +8.73416439e+05  4.58e+05   2.20e+03     9.26e-03   332.803s
  53000 +4.12225635e+05 +8.60102153e+05  4.48e+05   2.08e+03     8.85e-03   336.829s
  54000 +4.09681957e+05 +8.47877149e+05  4.38e+05   1.98e+03     8.38e-03   340.855s
  55000 +4.07130447e+05 +8.36386396e+05  4.29e+05   1.89e+03     8.08e-03   344.880s
  56000 +3.99014370e+05 +8.18996643e+05  4.20e+05   1.62e+03     8.77e-03   348.910s
  57000 +3.96594539e+05 +8.03355664e+05  4.07e+05   1.52e+03     7.87e-03   352.933s
  58000 +3.93982078e+05 +7.87532988e+05  3.94e+05   1.42e+03     7.82e-03   356.956s
  59000 +3.91712282e+05 +7.73398772e+05  3.82e+05   1.34e+03     7.14e-03   360.980s
  60000 +3.90498075e+05 +7.60217088e+05  3.70e+05   1.28e+03     6.86e-03   365.004s
  61000 +3.89482648e+05 +7.47823886e+05  3.58e+05   1.23e+03     6.68e-03   369.028s
  62000 +3.88462349e+05 +7.36318852e+05  3.48e+05   1.18e+03     6.59e-03   373.052s
  63000 +3.87592147e+05 +7.25173143e+05  3.38e+05   1.14e+03     6.38e-03   377.075s
  64000 +3.86712259e+05 +7.14699214e+05  3.28e+05   1.10e+03     6.20e-03   381.097s
  65000 +3.85854502e+05 +7.05347297e+05  3.19e+05   1.06e+03     6.12e-03   385.119s
  66000 +3.85012231e+05 +6.96635221e+05  3.12e+05   1.03e+03     6.01e-03   389.141s
  67000 +3.84189453e+05 +6.88662780e+05  3.04e+05   9.91e+02     5.89e-03   393.162s
  68000 +3.83355985e+05 +6.81390674e+05  2.98e+05   9.57e+02     5.81e-03   397.184s
  69000 +3.82563990e+05 +6.74857951e+05  2.92e+05   9.25e+02     5.69e-03   401.205s
  70000 +3.81794854e+05 +6.69162369e+05  2.87e+05   8.93e+02     5.58e-03   405.225s
  71000 +3.81051107e+05 +6.64545596e+05  2.83e+05   8.63e+02     5.46e-03   409.246s
  72000 +3.80342111e+05 +6.60481474e+05  2.80e+05   8.33e+02     5.40e-03   413.266s
  73000 +3.79639886e+05 +6.56849074e+05  2.77e+05   8.04e+02     5.29e-03   417.287s
  74000 +3.78953537e+05 +6.54021059e+05  2.75e+05   7.78e+02     5.18e-03   421.307s
  75000 +3.78257602e+05 +6.51613356e+05  2.73e+05   7.54e+02     5.10e-03   425.327s
  76000 +3.77596671e+05 +6.49494685e+05  2.72e+05   7.31e+02     5.03e-03   429.347s
  77000 +3.76967035e+05 +6.47786103e+05  2.71e+05   7.10e+02     4.97e-03   433.367s
  78000 +3.76350497e+05 +6.46334325e+05  2.70e+05   6.90e+02     4.89e-03   437.387s
  79000 +3.75766914e+05 +6.44964972e+05  2.69e+05   6.73e+02     4.82e-03   441.407s
  80000 +3.75209378e+05 +6.43929733e+05  2.69e+05   6.59e+02     4.75e-03   445.428s
  81000 +3.74670668e+05 +6.43141602e+05  2.68e+05   6.46e+02     4.70e-03   449.447s
  82000 +3.74150128e+05 +6.42567020e+05  2.68e+05   6.34e+02     4.63e-03   453.467s
  83000 +3.73660211e+05 +6.42239388e+05  2.69e+05   6.24e+02     4.56e-03   457.487s
  84000 +3.73160383e+05 +6.41793553e+05  2.69e+05   6.14e+02     4.52e-03   461.507s
  85000 +3.72635652e+05 +6.41571530e+05  2.69e+05   6.04e+02     4.45e-03   465.526s
  86000 +3.72142853e+05 +6.41505018e+05  2.69e+05   5.94e+02     4.39e-03   469.547s
  87000 +3.70724183e+05 +6.40102889e+05  2.69e+05   5.56e+02     4.01e-03   473.569s
  88000 +3.70226988e+05 +6.37469078e+05  2.67e+05   5.65e+02     3.76e-03   477.583s
  89000 +3.69741787e+05 +6.35181283e+05  2.65e+05   5.76e+02     3.74e-03   481.597s
  90000 +3.69256089e+05 +6.33330604e+05  2.64e+05   5.88e+02     3.72e-03   485.611s
  91000 +3.68761317e+05 +6.31901465e+05  2.63e+05   6.00e+02     3.71e-03   489.626s
  92000 +3.68237687e+05 +6.30716013e+05  2.62e+05   6.11e+02     3.71e-03   493.640s
  93000 +3.67712961e+05 +6.29814275e+05  2.62e+05   6.21e+02     3.68e-03   497.655s
  94000 +3.67182937e+05 +6.29124734e+05  2.62e+05   6.31e+02     3.71e-03   501.670s
  95000 +3.66674418e+05 +6.28621639e+05  2.62e+05   6.40e+02     3.62e-03   505.684s
  96000 +3.66191354e+05 +6.28377329e+05  2.62e+05   6.49e+02     3.62e-03   509.699s
  97000 +3.65727039e+05 +6.28277180e+05  2.63e+05   6.57e+02     3.57e-03   513.714s
  98000 +3.65260850e+05 +6.28247754e+05  2.63e+05   6.63e+02     3.54e-03   517.729s
  99000 +3.64813709e+05 +6.28361195e+05  2.64e+05   6.67e+02     3.50e-03   521.744s
 100000 +3.64375579e+05 +6.28455000e+05  2.64e+05   6.71e+02     3.46e-03   525.759s
 101000 +3.63952940e+05 +6.28722455e+05  2.65e+05   6.73e+02     3.45e-03   529.773s
 102000 +3.63550530e+05 +6.29092226e+05  2.66e+05   6.76e+02     3.40e-03   533.788s
 103000 +3.63143333e+05 +6.29517661e+05  2.66e+05   6.77e+02     3.37e-03   537.803s
 104000 +3.62754304e+05 +6.29876179e+05  2.67e+05   6.76e+02     3.34e-03   541.817s
 105000 +3.62358624e+05 +6.30192348e+05  2.68e+05   6.75e+02     3.30e-03   545.832s
 106000 +3.62004865e+05 +6.30382860e+05  2.68e+05   6.75e+02     3.27e-03   549.846s
 107000 +3.61648080e+05 +6.30633791e+05  2.69e+05   6.73e+02     3.23e-03   553.861s
 108000 +3.61299105e+05 +6.30838339e+05  2.70e+05   6.71e+02     3.20e-03   557.876s
 109000 +3.60973112e+05 +6.31133985e+05  2.70e+05   6.68e+02     3.16e-03   561.892s
 110000 +3.60643461e+05 +6.31261427e+05  2.71e+05   6.64e+02     3.13e-03   565.907s
 111000 +3.60303295e+05 +6.31228077e+05  2.71e+05   6.59e+02     3.10e-03   569.921s
 112000 +3.59965799e+05 +6.31142237e+05  2.71e+05   6.54e+02     3.06e-03   573.936s
 113000 +3.59623577e+05 +6.31005598e+05  2.71e+05   6.49e+02     3.03e-03   577.951s
 114000 +3.59290459e+05 +6.30616147e+05  2.71e+05   6.44e+02     2.98e-03   581.966s
 115000 +3.58975691e+05 +6.30104397e+05  2.71e+05   6.39e+02     2.95e-03   585.981s
 116000 +3.58690318e+05 +6.29540968e+05  2.71e+05   6.34e+02     2.92e-03   589.996s
 117000 +3.58394824e+05 +6.29158195e+05  2.71e+05   6.29e+02     2.88e-03   594.011s
 118000 +3.58096964e+05 +6.28630218e+05  2.71e+05   6.23e+02     2.85e-03   598.026s
 119000 +3.57799632e+05 +6.28038384e+05  2.70e+05   6.17e+02     2.82e-03   602.041s
 120000 +3.57511531e+05 +6.27355669e+05  2.70e+05   6.11e+02     2.79e-03   606.056s
 121000 +3.57204792e+05 +6.26688754e+05  2.69e+05   6.05e+02     2.78e-03   610.072s
 122000 +3.56909304e+05 +6.26013780e+05  2.69e+05   5.99e+02     2.73e-03   614.087s
 123000 +3.56632854e+05 +6.25195982e+05  2.69e+05   5.94e+02     2.70e-03   618.102s
 124000 +3.56338112e+05 +6.24323223e+05  2.68e+05   5.89e+02     2.68e-03   622.117s
 125000 +3.56070484e+05 +6.23565470e+05  2.67e+05   5.84e+02     2.66e-03   626.133s
 126000 +3.55815972e+05 +6.22737271e+05  2.67e+05   5.79e+02     2.63e-03   630.148s
 127000 +3.55547367e+05 +6.21837065e+05  2.66e+05   5.75e+02     2.60e-03   634.163s
 128000 +3.55294964e+05 +6.20857990e+05  2.66e+05   5.71e+02     2.58e-03   638.178s
 129000 +3.55051091e+05 +6.19864442e+05  2.65e+05   5.67e+02     2.56e-03   642.193s
 130000 +3.54796636e+05 +6.18786246e+05  2.64e+05   5.64e+02     2.54e-03   646.208s
 131000 +3.54569476e+05 +6.17679019e+05  2.63e+05   5.61e+02     2.52e-03   650.223s
 132000 +3.54340547e+05 +6.16562348e+05  2.62e+05   5.58e+02     2.51e-03   654.238s
 133000 +3.54126558e+05 +6.15341999e+05  2.61e+05   5.55e+02     2.48e-03   658.253s
 134000 +3.53894754e+05 +6.14023961e+05  2.60e+05   5.52e+02     2.46e-03   662.268s
 135000 +3.53665011e+05 +6.12719397e+05  2.59e+05   5.50e+02     2.44e-03   666.283s
 136000 +3.52851940e+05 +6.10902321e+05  2.58e+05   5.42e+02     2.17e-03   670.300s
 137000 +3.52574478e+05 +6.09657183e+05  2.57e+05   5.60e+02     2.13e-03   674.312s
 138000 +3.52304776e+05 +6.08096400e+05  2.56e+05   5.78e+02     2.12e-03   678.324s
 139000 +3.52035267e+05 +6.06249037e+05  2.54e+05   5.96e+02     2.10e-03   682.337s
 140000 +3.51755999e+05 +6.04237943e+05  2.52e+05   6.12e+02     2.09e-03   686.349s
 141000 +3.51471348e+05 +6.02067145e+05  2.51e+05   6.26e+02     2.07e-03   690.360s
 142000 +3.51192303e+05 +5.99908072e+05  2.49e+05   6.36e+02     2.05e-03   694.373s
 143000 +3.50908847e+05 +5.97950888e+05  2.47e+05   6.41e+02     2.04e-03   698.384s
 144000 +3.50649723e+05 +5.96076329e+05  2.45e+05   6.47e+02     2.02e-03   702.397s
 145000 +3.50385091e+05 +5.94180271e+05  2.44e+05   6.51e+02     2.01e-03   706.409s
 146000 +3.50134522e+05 +5.92418983e+05  2.42e+05   6.53e+02     1.99e-03   710.421s
 147000 +3.49879830e+05 +5.90758215e+05  2.41e+05   6.54e+02     1.98e-03   714.434s
 148000 +3.49638887e+05 +5.89047439e+05  2.39e+05   6.56e+02     1.97e-03   718.445s
 149000 +3.49373305e+05 +5.87384902e+05  2.38e+05   6.56e+02     1.95e-03   722.458s
 150000 +3.49116440e+05 +5.85836562e+05  2.37e+05   6.56e+02     1.94e-03   726.470s
 151000 +3.48878402e+05 +5.84346476e+05  2.35e+05   6.57e+02     1.92e-03   730.483s
 152000 +3.48619758e+05 +5.82888192e+05  2.34e+05   6.57e+02     1.91e-03   734.495s
 153000 +3.48376667e+05 +5.81607316e+05  2.33e+05   6.56e+02     1.90e-03   738.508s
 154000 +3.48117129e+05 +5.80246031e+05  2.32e+05   6.55e+02     1.89e-03   742.520s
 155000 +3.47853075e+05 +5.78912785e+05  2.31e+05   6.55e+02     1.87e-03   746.533s
 156000 +3.47603006e+05 +5.77654230e+05  2.30e+05   6.54e+02     1.86e-03   750.545s
 157000 +3.47365488e+05 +5.76392684e+05  2.29e+05   6.54e+02     1.85e-03   754.558s
 158000 +3.47124826e+05 +5.75130971e+05  2.28e+05   6.54e+02     1.84e-03   758.571s
 159000 +3.46894732e+05 +5.73886093e+05  2.27e+05   6.54e+02     1.83e-03   762.584s
 160000 +3.46672220e+05 +5.72667926e+05  2.26e+05   6.54e+02     1.82e-03   766.597s
 161000 +3.46436285e+05 +5.71479087e+05  2.25e+05   6.54e+02     1.81e-03   770.611s
 162000 +3.46204012e+05 +5.70297134e+05  2.24e+05   6.54e+02     1.80e-03   774.624s
 163000 +3.45994490e+05 +5.69151744e+05  2.23e+05   6.54e+02     1.80e-03   778.637s
 164000 +3.45776329e+05 +5.68051341e+05  2.22e+05   6.53e+02     1.79e-03   782.650s
 165000 +3.45552315e+05 +5.66995877e+05  2.21e+05   6.53e+02     1.78e-03   786.663s
 166000 +3.45336516e+05 +5.66002750e+05  2.21e+05   6.52e+02     1.77e-03   790.677s
 167000 +3.45114085e+05 +5.65037622e+05  2.20e+05   6.52e+02     1.76e-03   794.690s
 168000 +3.44895972e+05 +5.64090473e+05  2.19e+05   6.51e+02     1.76e-03   798.703s
 169000 +3.44684115e+05 +5.63136312e+05  2.18e+05   6.49e+02     1.75e-03   802.717s
 170000 +3.44436567e+05 +5.62241321e+05  2.18e+05   6.49e+02     1.76e-03   806.731s
 171000 +3.44204453e+05 +5.61381522e+05  2.17e+05   6.48e+02     1.75e-03   810.744s
 172000 +3.43972133e+05 +5.60588710e+05  2.17e+05   6.47e+02     1.73e-03   814.758s
 173000 +3.43748822e+05 +5.59790526e+05  2.16e+05   6.47e+02     1.72e-03   818.772s
 174000 +3.43532972e+05 +5.58929199e+05  2.15e+05   6.46e+02     1.72e-03   822.786s
 175000 +3.43298697e+05 +5.58099389e+05  2.15e+05   6.45e+02     1.71e-03   826.800s
 176000 +3.43059631e+05 +5.57279813e+05  2.14e+05   6.44e+02     1.74e-03   830.814s
 177000 +3.42818464e+05 +5.56364585e+05  2.14e+05   6.43e+02     1.69e-03   834.828s
 178000 +3.42592693e+05 +5.55499797e+05  2.13e+05   6.42e+02     1.69e-03   838.843s
 179000 +3.42377641e+05 +5.54631682e+05  2.12e+05   6.41e+02     1.68e-03   842.857s
 180000 +3.42159446e+05 +5.53798996e+05  2.12e+05   6.40e+02     1.68e-03   846.872s
 181000 +3.41942984e+05 +5.52952109e+05  2.11e+05   6.40e+02     1.66e-03   850.886s
 182000 +3.41735171e+05 +5.52108763e+05  2.10e+05   6.39e+02     1.66e-03   854.901s
 183000 +3.41516889e+05 +5.51318545e+05  2.10e+05   6.38e+02     1.65e-03   858.916s
 184000 +3.41312185e+05 +5.50486928e+05  2.09e+05   6.37e+02     1.64e-03   862.931s
 185000 +3.41102099e+05 +5.49656941e+05  2.09e+05   6.36e+02     1.63e-03   866.946s
 186000 +3.40904278e+05 +5.48771342e+05  2.08e+05   6.36e+02     1.63e-03   870.961s
 187000 +3.40712149e+05 +5.47875371e+05  2.07e+05   6.36e+02     1.62e-03   874.976s
 188000 +3.40508113e+05 +5.46969134e+05  2.06e+05   6.35e+02     1.62e-03   878.992s
 189000 +3.40305661e+05 +5.45964825e+05  2.06e+05   6.34e+02     1.61e-03   883.007s
 190000 +3.40104491e+05 +5.44986246e+05  2.05e+05   6.34e+02     1.60e-03   887.023s
 191000 +3.39920132e+05 +5.43965146e+05  2.04e+05   6.33e+02     1.59e-03   891.038s
 192000 +3.39735094e+05 +5.42981156e+05  2.03e+05   6.32e+02     1.58e-03   895.054s
 193000 +3.39548943e+05 +5.42122181e+05  2.03e+05   6.31e+02     1.57e-03   899.070s
 194000 +3.39369208e+05 +5.41270075e+05  2.02e+05   6.29e+02     1.57e-03   903.086s
 195000 +3.39194910e+05 +5.40455974e+05  2.01e+05   6.29e+02     1.56e-03   907.102s
 196000 +3.39012851e+05 +5.39618571e+05  2.01e+05   6.28e+02     1.55e-03   911.118s
 197000 +3.38839709e+05 +5.38787634e+05  2.00e+05   6.27e+02     1.54e-03   915.134s
 198000 +3.38690180e+05 +5.37967587e+05  1.99e+05   6.25e+02     1.58e-03   919.150s
 199000 +3.38533894e+05 +5.37161476e+05  1.99e+05   6.23e+02     1.53e-03   923.165s
 200000 +3.38350295e+05 +5.36320624e+05  1.98e+05   6.21e+02     1.52e-03   927.182s
 201000 +3.38163276e+05 +5.35526001e+05  1.97e+05   6.19e+02     1.51e-03   931.199s
 202000 +3.37984869e+05 +5.34799745e+05  1.97e+05   6.18e+02     1.50e-03   935.215s
 203000 +3.37800947e+05 +5.34105761e+05  1.96e+05   6.17e+02     1.50e-03   939.232s
 204000 +3.37620240e+05 +5.33408534e+05  1.96e+05   6.15e+02     1.49e-03   943.248s
 205000 +3.37452976e+05 +5.32733251e+05  1.95e+05   6.14e+02     1.48e-03   947.265s
 206000 +3.37278942e+05 +5.32028268e+05  1.95e+05   6.12e+02     1.48e-03   951.282s
 207000 +3.37105409e+05 +5.31354504e+05  1.94e+05   6.10e+02     1.47e-03   955.299s
 208000 +3.36947713e+05 +5.30658491e+05  1.94e+05   6.09e+02     1.46e-03   959.316s
 209000 +3.36793351e+05 +5.30034342e+05  1.93e+05   6.08e+02     1.46e-03   963.333s
 210000 +3.36629533e+05 +5.29350825e+05  1.93e+05   6.07e+02     1.45e-03   967.351s
 211000 +3.36470809e+05 +5.28623290e+05  1.92e+05   6.06e+02     1.45e-03   971.368s
 212000 +3.35930975e+05 +5.27641715e+05  1.92e+05   5.88e+02     1.34e-03   975.387s
 213000 +3.35680025e+05 +5.26885316e+05  1.91e+05   5.99e+02     1.31e-03   979.400s
 214000 +3.35430930e+05 +5.26133646e+05  1.91e+05   6.11e+02     1.31e-03   983.413s
 215000 +3.35179012e+05 +5.25347077e+05  1.90e+05   6.22e+02     1.30e-03   987.427s
 216000 +3.34932308e+05 +5.24543978e+05  1.90e+05   6.32e+02     1.30e-03   991.440s
 217000 +3.34679228e+05 +5.23764071e+05  1.89e+05   6.40e+02     1.30e-03   995.453s
 218000 +3.34440639e+05 +5.22999202e+05  1.89e+05   6.47e+02     1.30e-03   999.467s
 219000 +3.34220095e+05 +5.22243626e+05  1.88e+05   6.53e+02     1.32e-03   1003.480s
 220000 +3.34001767e+05 +5.21462799e+05  1.87e+05   6.60e+02     1.29e-03   1007.495s
 221000 +3.33795101e+05 +5.20716947e+05  1.87e+05   6.65e+02     1.29e-03   1011.509s
 222000 +3.33554456e+05 +5.19927261e+05  1.86e+05   6.71e+02     1.29e-03   1015.523s
 223000 +3.33305768e+05 +5.19193706e+05  1.86e+05   6.77e+02     1.28e-03   1019.537s
 224000 +3.33058233e+05 +5.18331679e+05  1.85e+05   6.84e+02     1.27e-03   1023.551s
 225000 +3.32820049e+05 +5.17291172e+05  1.84e+05   6.91e+02     1.27e-03   1027.565s
 226000 +3.32574556e+05 +5.16387068e+05  1.84e+05   6.96e+02     1.27e-03   1031.579s
 227000 +3.32327834e+05 +5.15478998e+05  1.83e+05   7.02e+02     1.26e-03   1035.593s
 228000 +3.32089963e+05 +5.14587188e+05  1.82e+05   7.06e+02     1.26e-03   1039.607s
 229000 +3.31845040e+05 +5.13731364e+05  1.82e+05   7.10e+02     1.25e-03   1043.621s
 230000 +3.31602703e+05 +5.12862187e+05  1.81e+05   7.15e+02     1.24e-03   1047.636s
 231000 +3.31369104e+05 +5.12056366e+05  1.81e+05   7.17e+02     1.24e-03   1051.650s
 232000 +3.31128781e+05 +5.11324012e+05  1.80e+05   7.21e+02     1.24e-03   1055.665s
 233000 +3.30890980e+05 +5.10532646e+05  1.80e+05   7.24e+02     1.23e-03   1059.680s
 234000 +3.30660872e+05 +5.09761841e+05  1.79e+05   7.28e+02     1.23e-03   1063.696s
 235000 +3.30437482e+05 +5.08816659e+05  1.78e+05   7.33e+02     1.22e-03   1067.711s
 236000 +3.30211995e+05 +5.07790766e+05  1.78e+05   7.38e+02     1.22e-03   1071.726s
 237000 +3.30008350e+05 +5.06794501e+05  1.77e+05   7.43e+02     1.21e-03   1075.740s
 238000 +3.29789590e+05 +5.05754815e+05  1.76e+05   7.48e+02     1.21e-03   1079.756s
 239000 +3.29573811e+05 +5.04546411e+05  1.75e+05   7.53e+02     1.20e-03   1083.770s
 240000 +3.29367390e+05 +5.03346753e+05  1.74e+05   7.56e+02     1.19e-03   1087.785s
 241000 +3.29150944e+05 +5.02195492e+05  1.73e+05   7.60e+02     1.19e-03   1091.800s
 242000 +3.28929226e+05 +5.01013413e+05  1.72e+05   7.63e+02     1.18e-03   1095.814s
 243000 +3.28715865e+05 +4.99817715e+05  1.71e+05   7.66e+02     1.17e-03   1099.829s
 244000 +3.28516819e+05 +4.98653603e+05  1.70e+05   7.68e+02     1.17e-03   1103.843s
 245000 +3.28318830e+05 +4.97507600e+05  1.69e+05   7.70e+02     1.16e-03   1107.857s
 246000 +3.28127092e+05 +4.96234509e+05  1.68e+05   7.72e+02     1.16e-03   1111.872s
 247000 +3.27937029e+05 +4.95049697e+05  1.67e+05   7.74e+02     1.16e-03   1115.887s
 248000 +3.27746626e+05 +4.93911982e+05  1.66e+05   7.75e+02     1.14e-03   1119.902s
 249000 +3.27558112e+05 +4.92766819e+05  1.65e+05   7.77e+02     1.13e-03   1123.918s
 250000 +3.27374289e+05 +4.91606901e+05  1.64e+05   7.78e+02     1.13e-03   1127.933s
 251000 +3.27207994e+05 +4.90552657e+05  1.63e+05   7.80e+02     1.12e-03   1131.948s
 252000 +3.27033753e+05 +4.89489800e+05  1.62e+05   7.81e+02     1.12e-03   1135.963s
 253000 +3.26880550e+05 +4.88437986e+05  1.62e+05   7.81e+02     1.11e-03   1139.977s
 254000 +3.26684923e+05 +4.87398490e+05  1.61e+05   7.81e+02     1.10e-03   1143.991s
 255000 +3.26511905e+05 +4.86418234e+05  1.60e+05   7.81e+02     1.09e-03   1148.005s
 256000 +3.26342594e+05 +4.85452140e+05  1.59e+05   7.81e+02     1.09e-03   1152.020s
 257000 +3.26188034e+05 +4.84372687e+05  1.58e+05   7.82e+02     1.08e-03   1156.035s
 258000 +3.26027724e+05 +4.83286089e+05  1.57e+05   7.82e+02     1.07e-03   1160.050s
 259000 +3.25871809e+05 +4.82246321e+05  1.56e+05   7.81e+02     1.07e-03   1164.064s
 260000 +3.25714373e+05 +4.81249635e+05  1.56e+05   7.81e+02     1.06e-03   1168.079s
 261000 +3.25559341e+05 +4.80241997e+05  1.55e+05   7.80e+02     1.05e-03   1172.094s
 262000 +3.25417998e+05 +4.79325380e+05  1.54e+05   7.78e+02     1.05e-03   1176.109s
 263000 +3.25270241e+05 +4.78448750e+05  1.53e+05   7.77e+02     1.05e-03   1180.123s
 264000 +3.25124130e+05 +4.77592248e+05  1.52e+05   7.75e+02     1.04e-03   1184.138s
 265000 +3.24997516e+05 +4.76759759e+05  1.52e+05   7.73e+02     1.04e-03   1188.153s
 266000 +3.24851746e+05 +4.75986333e+05  1.51e+05   7.71e+02     1.03e-03   1192.167s
 267000 +3.24724096e+05 +4.75143137e+05  1.50e+05   7.70e+02     1.02e-03   1196.182s
 268000 +3.24586093e+05 +4.74340859e+05  1.50e+05   7.68e+02     1.01e-03   1200.197s
 269000 +3.24449201e+05 +4.73553787e+05  1.49e+05   7.67e+02     1.01e-03   1204.212s
 270000 +3.24308561e+05 +4.72760921e+05  1.48e+05   7.65e+02     1.00e-03   1208.226s
 271000 +3.24175039e+05 +4.71946181e+05  1.48e+05   7.64e+02     1.01e-03   1212.241s
 272000 +3.24043944e+05 +4.71081947e+05  1.47e+05   7.64e+02     9.98e-04   1216.256s
 273000 +3.23908581e+05 +4.70176455e+05  1.46e+05   7.63e+02     9.93e-04   1220.271s
 274000 +3.23781158e+05 +4.69291826e+05  1.46e+05   7.63e+02     9.83e-04   1224.286s
 275000 +3.23650052e+05 +4.68386876e+05  1.45e+05   7.62e+02     9.75e-04   1228.301s
 276000 +3.23521276e+05 +4.67469139e+05  1.44e+05   7.61e+02     9.69e-04   1232.317s
 277000 +3.23386588e+05 +4.66617327e+05  1.43e+05   7.59e+02     9.64e-04   1236.332s
 278000 +3.23292410e+05 +4.65779956e+05  1.42e+05   7.57e+02     9.71e-04   1240.346s
 279000 +3.23184428e+05 +4.64939780e+05  1.42e+05   7.56e+02     9.55e-04   1244.361s
 280000 +3.23065499e+05 +4.64030604e+05  1.41e+05   7.55e+02     9.48e-04   1248.376s
 281000 +3.22955319e+05 +4.63144112e+05  1.40e+05   7.55e+02     9.43e-04   1252.392s
 282000 +3.22860527e+05 +4.62262044e+05  1.39e+05   7.54e+02     9.39e-04   1256.406s
 283000 +3.22751196e+05 +4.61377223e+05  1.39e+05   7.53e+02     9.35e-04   1260.421s
 284000 +3.22651866e+05 +4.60552870e+05  1.38e+05   7.53e+02     9.30e-04   1264.437s
 285000 +3.22614559e+05 +4.59685385e+05  1.37e+05   7.51e+02     9.28e-04   1268.452s
 286000 +3.22524231e+05 +4.58782774e+05  1.36e+05   7.50e+02     9.34e-04   1272.467s
 287000 +3.22506613e+05 +4.57895326e+05  1.35e+05   7.47e+02     9.58e-04   1276.482s
 288000 +3.22392338e+05 +4.57027098e+05  1.35e+05   7.45e+02     9.26e-04   1280.497s
 289000 +3.22289810e+05 +4.56166428e+05  1.34e+05   7.44e+02     9.10e-04   1284.512s
 290000 +3.22201774e+05 +4.55322246e+05  1.33e+05   7.42e+02     9.00e-04   1288.528s
 291000 +3.22107555e+05 +4.54554308e+05  1.32e+05   7.41e+02     8.98e-04   1292.543s
 292000 +3.21994035e+05 +4.53812752e+05  1.32e+05   7.39e+02     8.95e-04   1296.559s
 293000 +3.21901748e+05 +4.53071585e+05  1.31e+05   7.38e+02     8.88e-04   1300.574s
 294000 +3.21810830e+05 +4.52333592e+05  1.31e+05   7.36e+02     8.85e-04   1304.589s
 295000 +3.21718266e+05 +4.51620458e+05  1.30e+05   7.34e+02     8.80e-04   1308.604s
 296000 +3.21628531e+05 +4.50870491e+05  1.29e+05   7.33e+02     8.75e-04   1312.619s
 297000 +3.21555124e+05 +4.50204443e+05  1.29e+05   7.32e+02     8.95e-04   1316.634s
 298000 +3.21465218e+05 +4.49507809e+05  1.28e+05   7.31e+02     8.80e-04   1320.650s
 299000 +3.21380393e+05 +4.48799464e+05  1.27e+05   7.30e+02     8.66e-04   1324.665s
 300000 +3.21287718e+05 +4.48009826e+05  1.27e+05   7.29e+02     8.80e-04   1328.680s
 301000 +3.21198682e+05 +4.47262672e+05  1.26e+05   7.28e+02     8.55e-04   1332.695s
 302000 +3.21139025e+05 +4.46540839e+05  1.25e+05   7.26e+02     8.52e-04   1336.711s
 303000 +3.21066579e+05 +4.45794281e+05  1.25e+05   7.25e+02     8.53e-04   1340.726s
 304000 +3.20980846e+05 +4.45053353e+05  1.24e+05   7.24e+02     8.41e-04   1344.741s
 305000 +3.20899997e+05 +4.44323466e+05  1.23e+05   7.23e+02     8.37e-04   1348.757s
 306000 +3.20812392e+05 +4.43615983e+05  1.23e+05   7.21e+02     8.33e-04   1352.772s
 307000 +3.20746556e+05 +4.42920418e+05  1.22e+05   7.20e+02     8.29e-04   1356.787s
 308000 +3.20668523e+05 +4.42217128e+05  1.22e+05   7.19e+02     8.25e-04   1360.801s
 309000 +3.20600409e+05 +4.41504406e+05  1.21e+05   7.17e+02     8.24e-04   1364.817s
 310000 +3.20522178e+05 +4.40753832e+05  1.20e+05   7.16e+02     8.29e-04   1368.832s
 311000 +3.20459906e+05 +4.39987215e+05  1.20e+05   7.15e+02     8.17e-04   1372.847s
 312000 +3.20378946e+05 +4.39255140e+05  1.19e+05   7.14e+02     8.12e-04   1376.862s
 313000 +3.20306151e+05 +4.38541870e+05  1.18e+05   7.13e+02     8.15e-04   1380.877s
 314000 +3.20233038e+05 +4.37829923e+05  1.18e+05   7.12e+02     8.21e-04   1384.892s
 315000 +3.20163604e+05 +4.37131710e+05  1.17e+05   7.10e+02     8.11e-04   1388.907s
 316000 +3.20091421e+05 +4.36429312e+05  1.16e+05   7.08e+02     7.97e-04   1392.921s
 317000 +3.20024383e+05 +4.35642465e+05  1.16e+05   7.08e+02     7.96e-04   1396.937s
 318000 +3.19956475e+05 +4.34870169e+05  1.15e+05   7.07e+02     8.00e-04   1400.951s
 319000 +3.19879644e+05 +4.34110252e+05  1.14e+05   7.05e+02     7.88e-04   1404.966s
 320000 +3.19821088e+05 +4.33249060e+05  1.13e+05   7.05e+02     7.79e-04   1408.981s
 321000 +3.19759886e+05 +4.32397659e+05  1.13e+05   7.04e+02     7.83e-04   1412.995s
 322000 +3.19693998e+05 +4.31545630e+05  1.12e+05   7.03e+02     7.73e-04   1417.010s
 323000 +3.19641509e+05 +4.30704913e+05  1.11e+05   7.02e+02     7.89e-04   1421.025s
 324000 +3.19590031e+05 +4.29831657e+05  1.10e+05   7.01e+02     7.63e-04   1425.039s
 325000 +3.19521837e+05 +4.29050449e+05  1.10e+05   7.00e+02     7.57e-04   1429.053s
 326000 +3.19460946e+05 +4.28257202e+05  1.09e+05   6.99e+02     7.51e-04   1433.067s
 327000 +3.19411466e+05 +4.27501271e+05  1.08e+05   6.98e+02     7.50e-04   1437.081s
 328000 +3.19379395e+05 +4.26767241e+05  1.07e+05   6.96e+02     7.44e-04   1441.095s
 329000 +3.19334668e+05 +4.26045516e+05  1.07e+05   6.94e+02     7.38e-04   1445.110s
 330000 +3.19290560e+05 +4.25217513e+05  1.06e+05   6.93e+02     7.48e-04   1449.124s
 331000 +3.19520242e+05 +4.24458081e+05  1.05e+05   6.63e+02     7.60e-04   1453.141s
 332000 +3.19468777e+05 +4.23609964e+05  1.04e+05   6.75e+02     6.68e-04   1457.151s
 333000 +3.19338459e+05 +4.22744147e+05  1.03e+05   6.87e+02     6.63e-04   1461.161s
 334000 +3.19208143e+05 +4.21872505e+05  1.03e+05   6.99e+02     6.59e-04   1465.172s
 335000 +3.19084938e+05 +4.20927000e+05  1.02e+05   7.10e+02     6.56e-04   1469.182s
 336000 +3.18962437e+05 +4.20010695e+05  1.01e+05   7.20e+02     6.52e-04   1473.192s
 337000 +3.18845756e+05 +4.19069413e+05  1.00e+05   7.29e+02     6.49e-04   1477.203s
 338000 +3.18734180e+05 +4.18171734e+05  9.94e+04   7.38e+02     6.45e-04   1481.213s
 339000 +3.18618261e+05 +4.17197127e+05  9.86e+04   7.46e+02     6.42e-04   1485.223s
 340000 +3.18503354e+05 +4.16208361e+05  9.77e+04   7.54e+02     6.38e-04   1489.234s
 341000 +3.18393880e+05 +4.15261053e+05  9.69e+04   7.60e+02     6.34e-04   1493.244s
 342000 +3.18281312e+05 +4.14311141e+05  9.60e+04   7.66e+02     6.30e-04   1497.254s
 343000 +3.18169528e+05 +4.13436439e+05  9.53e+04   7.72e+02     6.27e-04   1501.264s
 344000 +3.18067088e+05 +4.12552550e+05  9.45e+04   7.79e+02     6.23e-04   1505.274s
 345000 +3.17965377e+05 +4.11585101e+05  9.36e+04   7.85e+02     6.19e-04   1509.284s
 346000 +3.17860093e+05 +4.10561147e+05  9.27e+04   7.91e+02     6.15e-04   1513.294s
 347000 +3.17766725e+05 +4.09547738e+05  9.18e+04   7.96e+02     6.11e-04   1517.303s
 348000 +3.17673934e+05 +4.08550380e+05  9.09e+04   8.01e+02     6.08e-04   1521.313s
 349000 +3.17585771e+05 +4.07556786e+05  9.00e+04   8.05e+02     6.02e-04   1525.323s
 350000 +3.17495861e+05 +4.06568999e+05  8.91e+04   8.08e+02     5.97e-04   1529.334s
 351000 +3.17409361e+05 +4.05599493e+05  8.82e+04   8.12e+02     5.93e-04   1533.343s
 352000 +3.17330481e+05 +4.04647686e+05  8.73e+04   8.15e+02     5.87e-04   1537.353s
 353000 +3.17245995e+05 +4.03624668e+05  8.64e+04   8.18e+02     5.83e-04   1541.363s
 354000 +3.17171253e+05 +4.02619146e+05  8.54e+04   8.21e+02     5.77e-04   1545.373s
 355000 +3.17100906e+05 +4.01639320e+05  8.45e+04   8.24e+02     5.72e-04   1549.383s
 356000 +3.17055894e+05 +4.00644129e+05  8.36e+04   8.26e+02     5.83e-04   1553.393s
 357000 +3.16995839e+05 +3.99721383e+05  8.27e+04   8.27e+02     5.64e-04   1557.403s
 358000 +3.16921980e+05 +3.98785804e+05  8.19e+04   8.28e+02     5.59e-04   1561.414s
 359000 +3.16851803e+05 +3.97882191e+05  8.10e+04   8.28e+02     5.54e-04   1565.423s
 360000 +3.16788212e+05 +3.96964823e+05  8.02e+04   8.28e+02     5.49e-04   1569.434s
 361000 +3.16733857e+05 +3.95975795e+05  7.92e+04   8.29e+02     5.44e-04   1573.444s
 362000 +3.16683847e+05 +3.95032571e+05  7.83e+04   8.28e+02     5.42e-04   1577.454s
 363000 +3.16637742e+05 +3.94094502e+05  7.75e+04   8.26e+02     5.35e-04   1581.463s
 364000 +3.16586223e+05 +3.93217216e+05  7.66e+04   8.25e+02     5.30e-04   1585.474s
 365000 +3.16542399e+05 +3.92340391e+05  7.58e+04   8.24e+02     5.26e-04   1589.483s
 366000 +3.16506770e+05 +3.91500504e+05  7.50e+04   8.22e+02     5.21e-04   1593.494s
 367000 +3.16476124e+05 +3.90641429e+05  7.42e+04   8.20e+02     5.23e-04   1597.504s
 368000 +3.16490705e+05 +3.89801151e+05  7.33e+04   8.18e+02     5.15e-04   1601.514s
 369000 +3.16494181e+05 +3.88984153e+05  7.25e+04   8.15e+02     5.32e-04   1605.524s
 370000 +3.16443714e+05 +3.88193550e+05  7.17e+04   8.13e+02     5.07e-04   1609.534s
 371000 +3.16426507e+05 +3.87440389e+05  7.10e+04   8.09e+02     5.00e-04   1613.544s
 372000 +3.16400929e+05 +3.86713209e+05  7.03e+04   8.07e+02     4.95e-04   1617.554s
 373000 +3.16369918e+05 +3.85986161e+05  6.96e+04   8.05e+02     4.92e-04   1621.563s
 374000 +3.16343290e+05 +3.85274196e+05  6.89e+04   8.03e+02     4.87e-04   1625.574s
 375000 +3.16321669e+05 +3.84550447e+05  6.82e+04   8.01e+02     4.86e-04   1629.583s
 376000 +3.16304342e+05 +3.83863537e+05  6.76e+04   7.98e+02     4.84e-04   1633.593s
 377000 +3.16291630e+05 +3.83140218e+05  6.68e+04   7.95e+02     4.77e-04   1637.602s
 378000 +3.16294901e+05 +3.82407899e+05  6.61e+04   7.92e+02     4.76e-04   1641.612s
 379000 +3.16303179e+05 +3.81660260e+05  6.54e+04   7.88e+02     4.83e-04   1645.621s
 380000 +3.16299347e+05 +3.80963642e+05  6.47e+04   7.85e+02     4.75e-04   1649.632s
 381000 +3.16293241e+05 +3.80255689e+05  6.40e+04   7.81e+02     4.67e-04   1653.642s
 382000 +3.16286720e+05 +3.79583467e+05  6.33e+04   7.78e+02     4.62e-04   1657.652s
 383000 +3.16286716e+05 +3.78909563e+05  6.26e+04   7.73e+02     4.60e-04   1661.662s
 384000 +3.16275693e+05 +3.78268797e+05  6.20e+04   7.69e+02     4.57e-04   1665.672s
 385000 +3.16271158e+05 +3.77655834e+05  6.14e+04   7.66e+02     4.53e-04   1669.681s
 386000 +3.16268178e+05 +3.77049667e+05  6.08e+04   7.62e+02     4.51e-04   1673.692s
 387000 +3.16276009e+05 +3.76430843e+05  6.02e+04   7.58e+02     4.54e-04   1677.702s
 388000 +3.16272269e+05 +3.75796621e+05  5.95e+04   7.54e+02     4.46e-04   1681.712s
 389000 +3.16276023e+05 +3.75198809e+05  5.89e+04   7.50e+02     4.45e-04   1685.722s
 390000 +3.16282047e+05 +3.74597934e+05  5.83e+04   7.46e+02     4.45e-04   1689.733s
 391000 +3.16286089e+05 +3.74024216e+05  5.77e+04   7.42e+02     4.49e-04   1693.743s
 392000 +3.16282364e+05 +3.73508032e+05  5.72e+04   7.38e+02     4.38e-04   1697.754s
 393000 +3.16284386e+05 +3.72966801e+05  5.67e+04   7.35e+02     4.46e-04   1701.763s
 394000 +3.16275523e+05 +3.72412882e+05  5.61e+04   7.31e+02     4.34e-04   1705.774s
 395000 +3.16275391e+05 +3.71873232e+05  5.56e+04   7.28e+02     4.30e-04   1709.784s
 396000 +3.16277126e+05 +3.71354409e+05  5.51e+04   7.24e+02     4.27e-04   1713.794s
 397000 +3.16272706e+05 +3.70844085e+05  5.46e+04   7.21e+02     4.26e-04   1717.804s
 398000 +3.16257729e+05 +3.70355746e+05  5.41e+04   7.19e+02     4.21e-04   1721.814s
 399000 +3.16261547e+05 +3.69854477e+05  5.36e+04   7.15e+02     4.20e-04   1725.824s
 400000 +3.16280830e+05 +3.69318060e+05  5.30e+04   7.12e+02     4.20e-04   1729.835s
 401000 +3.16278195e+05 +3.68807152e+05  5.25e+04   7.09e+02     4.24e-04   1733.845s
 402000 +3.16274424e+05 +3.68336131e+05  5.21e+04   7.06e+02     4.14e-04   1737.855s
 403000 +3.16274731e+05 +3.67870015e+05  5.16e+04   7.03e+02     4.09e-04   1741.866s
 404000 +3.16284756e+05 +3.67410369e+05  5.11e+04   7.00e+02     4.06e-04   1745.876s
 405000 +3.16285411e+05 +3.66950784e+05  5.07e+04   6.97e+02     4.04e-04   1749.886s
 406000 +3.16279375e+05 +3.66486786e+05  5.02e+04   6.95e+02     4.01e-04   1753.897s
 407000 +3.16280807e+05 +3.65992559e+05  4.97e+04   6.92e+02     3.97e-04   1757.906s
 408000 +3.16274873e+05 +3.65544779e+05  4.93e+04   6.90e+02     3.94e-04   1761.917s
 409000 +3.16287747e+05 +3.65097945e+05  4.88e+04   6.87e+02     3.93e-04   1765.926s
 410000 +3.16303461e+05 +3.64665708e+05  4.84e+04   6.84e+02     3.90e-04   1769.937s
 411000 +3.16328125e+05 +3.64239288e+05  4.79e+04   6.81e+02     3.88e-04   1773.947s
 412000 +3.16330590e+05 +3.63816200e+05  4.75e+04   6.78e+02     3.87e-04   1777.956s
 413000 +3.16338135e+05 +3.63393168e+05  4.71e+04   6.75e+02     3.82e-04   1781.966s
 414000 +3.16343225e+05 +3.62998937e+05  4.67e+04   6.72e+02     3.78e-04   1785.976s
 415000 +3.16347411e+05 +3.62594561e+05  4.62e+04   6.69e+02     3.79e-04   1789.986s
 416000 +3.16344123e+05 +3.62189147e+05  4.58e+04   6.66e+02     3.77e-04   1793.997s
 417000 +3.16361790e+05 +3.61780066e+05  4.54e+04   6.63e+02     3.72e-04   1798.007s
 418000 +3.16352978e+05 +3.61347399e+05  4.50e+04   6.61e+02     3.71e-04   1802.017s
 419000 +3.16347071e+05 +3.60960759e+05  4.46e+04   6.58e+02     3.70e-04   1806.027s
 420000 +3.16368668e+05 +3.60557301e+05  4.42e+04   6.55e+02     3.83e-04   1810.038s
 421000 +3.16392489e+05 +3.60134155e+05  4.37e+04   6.52e+02     3.67e-04   1814.047s
 422000 +3.16407391e+05 +3.59720716e+05  4.33e+04   6.50e+02     3.68e-04   1818.058s
 423000 +3.16413616e+05 +3.59307713e+05  4.29e+04   6.48e+02     3.54e-04   1822.068s
 424000 +3.16410134e+05 +3.58909121e+05  4.25e+04   6.45e+02     3.49e-04   1826.078s
 425000 +3.16410837e+05 +3.58536306e+05  4.21e+04   6.43e+02     3.46e-04   1830.089s
 426000 +3.16420027e+05 +3.58160555e+05  4.17e+04   6.41e+02     3.45e-04   1834.099s
 427000 +3.16433371e+05 +3.57791892e+05  4.14e+04   6.38e+02     3.44e-04   1838.109s
 428000 +3.16453524e+05 +3.57440818e+05  4.10e+04   6.35e+02     3.39e-04   1842.119s
 429000 +3.16463540e+05 +3.57091261e+05  4.06e+04   6.33e+02     3.35e-04   1846.130s
 430000 +3.16497439e+05 +3.56742947e+05  4.02e+04   6.30e+02     3.33e-04   1850.140s
 431000 +3.16549188e+05 +3.56411654e+05  3.99e+04   6.26e+02     3.34e-04   1854.150s
 432000 +3.16542306e+05 +3.56091044e+05  3.95e+04   6.23e+02     3.28e-04   1858.160s
 433000 +3.16558942e+05 +3.55799043e+05  3.92e+04   6.19e+02     3.24e-04   1862.170s
 434000 +3.16566040e+05 +3.55521808e+05  3.90e+04   6.16e+02     3.21e-04   1866.181s
 435000 +3.16574010e+05 +3.55241461e+05  3.87e+04   6.13e+02     3.19e-04   1870.191s
 436000 +3.16586358e+05 +3.54913889e+05  3.83e+04   6.10e+02     3.15e-04   1874.201s
 437000 +3.16603408e+05 +3.54574714e+05  3.80e+04   6.08e+02     3.13e-04   1878.212s
 438000 +3.16620265e+05 +3.54252799e+05  3.76e+04   6.06e+02     3.10e-04   1882.222s
 439000 +3.16633489e+05 +3.53924636e+05  3.73e+04   6.04e+02     3.08e-04   1886.233s
 440000 +3.16655341e+05 +3.53611734e+05  3.70e+04   6.02e+02     3.06e-04   1890.242s
 441000 +3.16684273e+05 +3.53282023e+05  3.66e+04   5.99e+02     3.06e-04   1894.253s
 442000 +3.16709738e+05 +3.52974295e+05  3.63e+04   5.97e+02     3.01e-04   1898.262s
 443000 +3.16728186e+05 +3.52707128e+05  3.60e+04   5.94e+02     3.00e-04   1902.272s
 444000 +3.16743132e+05 +3.52441920e+05  3.57e+04   5.92e+02     2.99e-04   1906.282s
 445000 +3.16764587e+05 +3.52167044e+05  3.54e+04   5.89e+02     2.94e-04   1910.293s
 446000 +3.16783797e+05 +3.51930956e+05  3.51e+04   5.86e+02     2.90e-04   1914.302s
 447000 +3.16818806e+05 +3.51715946e+05  3.49e+04   5.83e+02     2.90e-04   1918.312s
 448000 +3.16841424e+05 +3.51534916e+05  3.47e+04   5.80e+02     2.86e-04   1922.321s
 449000 +3.16873610e+05 +3.51391813e+05  3.45e+04   5.77e+02     2.94e-04   1926.330s
 450000 +3.16909514e+05 +3.51263695e+05  3.44e+04   5.74e+02     2.94e-04   1930.339s
 451000 +3.16942364e+05 +3.51166360e+05  3.42e+04   5.71e+02     2.82e-04   1934.349s
 452000 +3.16976388e+05 +3.51095506e+05  3.41e+04   5.67e+02     2.82e-04   1938.358s
 453000 +3.16993537e+05 +3.50978116e+05  3.40e+04   5.64e+02     2.78e-04   1942.367s
 454000 +3.17017818e+05 +3.50859741e+05  3.38e+04   5.61e+02     2.75e-04   1946.377s
 455000 +3.17040879e+05 +3.50733422e+05  3.37e+04   5.58e+02     2.80e-04   1950.386s
 456000 +3.17065964e+05 +3.50594421e+05  3.35e+04   5.56e+02     2.72e-04   1954.395s
 457000 +3.17084425e+05 +3.50448036e+05  3.34e+04   5.54e+02     2.71e-04   1958.404s
 458000 +3.17109117e+05 +3.50306546e+05  3.32e+04   5.51e+02     2.71e-04   1962.413s
 459000 +3.17160713e+05 +3.50162478e+05  3.30e+04   5.47e+02     2.71e-04   1966.421s
 460000 +3.17175099e+05 +3.50034411e+05  3.29e+04   5.45e+02     2.66e-04   1970.430s
 461000 +3.17203656e+05 +3.49922617e+05  3.27e+04   5.43e+02     2.67e-04   1974.439s
 462000 +3.17241413e+05 +3.49813080e+05  3.26e+04   5.40e+02     2.65e-04   1978.448s
 463000 +3.17272892e+05 +3.49715497e+05  3.24e+04   5.37e+02     2.61e-04   1982.457s
 464000 +3.17307849e+05 +3.49642854e+05  3.23e+04   5.34e+02     2.76e-04   1986.466s
 465000 +3.17337633e+05 +3.49553199e+05  3.22e+04   5.32e+02     2.62e-04   1990.475s
 466000 +3.17365811e+05 +3.49453136e+05  3.21e+04   5.30e+02     2.61e-04   1994.483s
 467000 +3.17380395e+05 +3.49336060e+05  3.20e+04   5.29e+02     2.59e-04   1998.493s
 468000 +3.17402495e+05 +3.49229315e+05  3.18e+04   5.27e+02     2.57e-04   2002.502s
 469000 +3.17420700e+05 +3.49126655e+05  3.17e+04   5.25e+02     2.53e-04   2006.510s
 470000 +3.17440530e+05 +3.49003585e+05  3.16e+04   5.24e+02     2.52e-04   2010.520s
 471000 +3.17459544e+05 +3.48866693e+05  3.14e+04   5.22e+02     2.52e-04   2014.529s
 472000 +3.17478038e+05 +3.48734794e+05  3.13e+04   5.21e+02     2.49e-04   2018.539s
 473000 +3.17499334e+05 +3.48590127e+05  3.11e+04   5.19e+02     2.50e-04   2022.547s
 474000 +3.17531206e+05 +3.48447581e+05  3.09e+04   5.18e+02     2.50e-04   2026.557s
 475000 +3.17555276e+05 +3.48290293e+05  3.07e+04   5.17e+02     2.53e-04   2030.566s
 476000 +3.17567903e+05 +3.48130575e+05  3.06e+04   5.16e+02     2.46e-04   2034.575s
 477000 +3.17598691e+05 +3.47977212e+05  3.04e+04   5.15e+02     2.43e-04   2038.585s
 478000 +3.17616141e+05 +3.47824822e+05  3.02e+04   5.13e+02     2.39e-04   2042.594s
 479000 +3.17643259e+05 +3.47681603e+05  3.00e+04   5.12e+02     2.35e-04   2046.603s
 480000 +3.17665379e+05 +3.47539286e+05  2.99e+04   5.10e+02     2.42e-04   2050.613s
 481000 +3.17689320e+05 +3.47396872e+05  2.97e+04   5.09e+02     2.34e-04   2054.622s
 482000 +3.17707865e+05 +3.47249937e+05  2.95e+04   5.07e+02     2.32e-04   2058.632s
 483000 +3.17729522e+05 +3.47095481e+05  2.94e+04   5.06e+02     2.32e-04   2062.642s
 484000 +3.17744017e+05 +3.46932226e+05  2.92e+04   5.05e+02     2.28e-04   2066.651s
 485000 +3.17764215e+05 +3.46780869e+05  2.90e+04   5.04e+02     2.25e-04   2070.661s
 486000 +3.17788820e+05 +3.46647523e+05  2.89e+04   5.02e+02     2.26e-04   2074.671s
 487000 +3.17814899e+05 +3.46516785e+05  2.87e+04   5.01e+02     2.27e-04   2078.681s
 488000 +3.17841999e+05 +3.46390987e+05  2.85e+04   5.00e+02     2.27e-04   2082.691s
 489000 +3.17866670e+05 +3.46279495e+05  2.84e+04   4.98e+02     2.28e-04   2086.701s
 490000 +3.17889677e+05 +3.46177130e+05  2.83e+04   4.97e+02     2.28e-04   2090.712s
 491000 +3.17902568e+05 +3.46068243e+05  2.82e+04   4.96e+02     2.20e-04   2094.721s
 492000 +3.17940350e+05 +3.45955477e+05  2.80e+04   4.94e+02     2.22e-04   2098.732s
 493000 +3.17962156e+05 +3.45852186e+05  2.79e+04   4.93e+02     2.25e-04   2102.742s
 494000 +3.17995779e+05 +3.45747528e+05  2.78e+04   4.91e+02     2.26e-04   2106.753s
 495000 +3.18033391e+05 +3.45644639e+05  2.76e+04   4.90e+02     2.20e-04   2110.762s
 496000 +3.18056279e+05 +3.45546157e+05  2.75e+04   4.88e+02     2.16e-04   2114.773s
 497000 +3.18074967e+05 +3.45442346e+05  2.74e+04   4.87e+02     2.18e-04   2118.783s
 498000 +3.18097007e+05 +3.45346219e+05  2.72e+04   4.86e+02     2.14e-04   2122.794s
 499000 +3.18117876e+05 +3.45246019e+05  2.71e+04   4.85e+02     2.12e-04   2126.804s
 500000 +3.18136786e+05 +3.45139182e+05  2.70e+04   4.84e+02     2.08e-04   2130.815s
 501000 +3.18150959e+05 +3.45035654e+05  2.69e+04   4.82e+02     2.08e-04   2134.824s
 502000 +3.18168811e+05 +3.44927274e+05  2.68e+04   4.81e+02     2.07e-04   2138.835s
 503000 +3.18184030e+05 +3.44831963e+05  2.66e+04   4.80e+02     2.06e-04   2142.845s
 504000 +3.18203302e+05 +3.44744713e+05  2.65e+04   4.79e+02     2.05e-04   2146.856s
 505000 +3.18217191e+05 +3.44646755e+05  2.64e+04   4.78e+02     2.04e-04   2150.866s
 506000 +3.18234118e+05 +3.44552947e+05  2.63e+04   4.77e+02     2.04e-04   2154.876s
 507000 +3.18257363e+05 +3.44457522e+05  2.62e+04   4.76e+02     2.04e-04   2158.887s
 508000 +3.18275258e+05 +3.44363843e+05  2.61e+04   4.75e+02     2.02e-04   2162.897s
 509000 +3.18291807e+05 +3.44264154e+05  2.60e+04   4.74e+02     2.00e-04   2166.907s
 510000 +3.18307815e+05 +3.44174756e+05  2.59e+04   4.73e+02     2.00e-04   2170.918s
 511000 +3.18327475e+05 +3.44090130e+05  2.58e+04   4.72e+02     1.99e-04   2174.928s
 512000 +3.18348275e+05 +3.43999727e+05  2.57e+04   4.71e+02     2.04e-04   2178.938s
 513000 +3.18388459e+05 +3.43907144e+05  2.55e+04   4.69e+02     2.05e-04   2182.949s
 514000 +3.18407871e+05 +3.43829311e+05  2.54e+04   4.68e+02     2.02e-04   2186.959s
 515000 +3.18434492e+05 +3.43747336e+05  2.53e+04   4.67e+02     2.39e-04   2190.969s
 516000 +3.18513889e+05 +3.43676772e+05  2.52e+04   4.65e+02     2.10e-04   2194.980s
 517000 +3.19652519e+05 +3.43379579e+05  2.37e+04   4.41e+02     2.58e-04   2198.992s
 518000 +3.19661131e+05 +3.43033662e+05  2.34e+04   4.41e+02     2.09e-04   2202.999s
 519000 +3.19674905e+05 +3.42686438e+05  2.30e+04   4.41e+02     2.05e-04   2207.007s
 520000 +3.19688085e+05 +3.42340268e+05  2.27e+04   4.40e+02     2.00e-04   2211.015s
 521000 +3.19700924e+05 +3.42010782e+05  2.23e+04   4.39e+02     1.97e-04   2215.023s
 522000 +3.19718524e+05 +3.41687518e+05  2.20e+04   4.39e+02     1.99e-04   2219.031s
 523000 +3.19748500e+05 +3.41365520e+05  2.16e+04   4.38e+02     2.00e-04   2223.039s
 524000 +3.19765948e+05 +3.41041943e+05  2.13e+04   4.38e+02     2.02e-04   2227.046s
 525000 +3.19797913e+05 +3.40734581e+05  2.09e+04   4.37e+02     1.95e-04   2231.054s
 526000 +3.19845355e+05 +3.40434099e+05  2.06e+04   4.36e+02     2.06e-04   2235.062s
 527000 +3.19853078e+05 +3.40136921e+05  2.03e+04   4.36e+02     1.92e-04   2239.070s
 528000 +3.19864359e+05 +3.39846087e+05  2.00e+04   4.35e+02     1.90e-04   2243.078s
 529000 +3.19888889e+05 +3.39566676e+05  1.97e+04   4.35e+02     1.96e-04   2247.086s
 530000 +3.19903011e+05 +3.39293215e+05  1.94e+04   4.34e+02     1.90e-04   2251.095s
 531000 +3.19912023e+05 +3.39024843e+05  1.91e+04   4.33e+02     1.87e-04   2255.102s
 532000 +3.19932028e+05 +3.38764749e+05  1.88e+04   4.33e+02     2.04e-04   2259.110s
 533000 +3.19948650e+05 +3.38518866e+05  1.86e+04   4.31e+02     1.91e-04   2263.118s
 534000 +3.19971533e+05 +3.38289646e+05  1.83e+04   4.30e+02     1.87e-04   2267.125s
 535000 +3.19985378e+05 +3.38068894e+05  1.81e+04   4.30e+02     1.84e-04   2271.133s
 536000 +3.20004173e+05 +3.37855791e+05  1.79e+04   4.29e+02     1.83e-04   2275.141s
 537000 +3.20033492e+05 +3.37649246e+05  1.76e+04   4.28e+02     1.82e-04   2279.149s
 538000 +3.20047259e+05 +3.37454292e+05  1.74e+04   4.27e+02     1.81e-04   2283.157s
 539000 +3.20065656e+05 +3.37265962e+05  1.72e+04   4.26e+02     1.90e-04   2287.164s
 540000 +3.20080755e+05 +3.37082864e+05  1.70e+04   4.25e+02     1.84e-04   2291.172s
 541000 +3.20105566e+05 +3.36900560e+05  1.68e+04   4.24e+02     1.84e-04   2295.180s
 542000 +3.20114853e+05 +3.36717999e+05  1.66e+04   4.23e+02     1.88e-04   2299.187s
 543000 +3.20131426e+05 +3.36545164e+05  1.64e+04   4.23e+02     1.78e-04   2303.195s
 544000 +3.20150600e+05 +3.36374234e+05  1.62e+04   4.22e+02     1.79e-04   2307.202s
 545000 +3.20169910e+05 +3.36215441e+05  1.60e+04   4.21e+02     1.76e-04   2311.211s
 546000 +3.20184045e+05 +3.36048508e+05  1.59e+04   4.20e+02     1.75e-04   2315.219s
 547000 +3.20192945e+05 +3.35900998e+05  1.57e+04   4.19e+02     1.78e-04   2319.226s
 548000 +3.20213025e+05 +3.35749853e+05  1.55e+04   4.18e+02     1.76e-04   2323.234s
 549000 +3.20234850e+05 +3.35618532e+05  1.54e+04   4.17e+02     1.75e-04   2327.242s
 550000 +3.20253601e+05 +3.35479856e+05  1.52e+04   4.16e+02     1.74e-04   2331.251s
 551000 +3.20273111e+05 +3.35356397e+05  1.51e+04   4.15e+02     1.72e-04   2335.258s
 552000 +3.20292289e+05 +3.35243225e+05  1.50e+04   4.14e+02     1.78e-04   2339.266s
 553000 +3.20323346e+05 +3.35122381e+05  1.48e+04   4.13e+02     1.71e-04   2343.274s
 554000 +3.20338729e+05 +3.35014584e+05  1.47e+04   4.12e+02     1.69e-04   2347.282s
 555000 +3.20359181e+05 +3.34902969e+05  1.45e+04   4.11e+02     1.68e-04   2351.289s
 556000 +3.20384432e+05 +3.34794875e+05  1.44e+04   4.10e+02     1.68e-04   2355.297s
 557000 +3.20406385e+05 +3.34698146e+05  1.43e+04   4.09e+02     1.69e-04   2359.305s
 558000 +3.20424747e+05 +3.34604032e+05  1.42e+04   4.08e+02     1.65e-04   2363.313s
 559000 +3.20439826e+05 +3.34521099e+05  1.41e+04   4.07e+02     1.67e-04   2367.321s
 560000 +3.20466823e+05 +3.34439171e+05  1.40e+04   4.06e+02     1.67e-04   2371.330s
 561000 +3.20486021e+05 +3.34353481e+05  1.39e+04   4.05e+02     1.69e-04   2375.337s
 562000 +3.20510496e+05 +3.34275337e+05  1.38e+04   4.04e+02     1.65e-04   2379.345s
 563000 +3.20534609e+05 +3.34202342e+05  1.37e+04   4.03e+02     1.68e-04   2383.353s
 564000 +3.20569675e+05 +3.34133580e+05  1.36e+04   4.02e+02     1.73e-04   2387.361s
 565000 +3.20648131e+05 +3.34069006e+05  1.34e+04   4.00e+02     2.80e-04   2391.369s
 566000 +3.20663093e+05 +3.34013345e+05  1.34e+04   3.99e+02     1.92e-04   2395.378s
 567000 +3.20665594e+05 +3.33961565e+05  1.33e+04   3.98e+02     1.68e-04   2399.385s
 568000 +3.20696027e+05 +3.33918252e+05  1.32e+04   3.97e+02     1.78e-04   2403.393s
 569000 +3.20719299e+05 +3.33879771e+05  1.32e+04   3.96e+02     1.74e-04   2407.401s
 570000 +3.20729005e+05 +3.33842565e+05  1.31e+04   3.95e+02     1.63e-04   2411.409s
 571000 +3.20751909e+05 +3.33811703e+05  1.31e+04   3.94e+02     1.63e-04   2415.417s
 572000 +3.20785914e+05 +3.33781514e+05  1.30e+04   3.93e+02     1.60e-04   2419.425s
 573000 +3.20798701e+05 +3.33752575e+05  1.30e+04   3.92e+02     1.57e-04   2423.433s
 574000 +3.20820855e+05 +3.33734336e+05  1.29e+04   3.91e+02     1.54e-04   2427.441s
 575000 +3.20830902e+05 +3.33715508e+05  1.29e+04   3.90e+02     1.54e-04   2431.449s
 576000 +3.20846603e+05 +3.33698203e+05  1.29e+04   3.90e+02     1.53e-04   2435.457s
 577000 +3.20863558e+05 +3.33680279e+05  1.28e+04   3.89e+02     1.52e-04   2439.464s
 578000 +3.20880330e+05 +3.33655776e+05  1.28e+04   3.88e+02     1.51e-04   2443.472s
 579000 +3.20898511e+05 +3.33636782e+05  1.27e+04   3.88e+02     1.52e-04   2447.480s
 580000 +3.20913669e+05 +3.33620091e+05  1.27e+04   3.87e+02     1.64e-04   2451.489s
 581000 +3.20927181e+05 +3.33600259e+05  1.27e+04   3.86e+02     1.52e-04   2455.497s
 582000 +3.20945158e+05 +3.33581942e+05  1.26e+04   3.85e+02     1.50e-04   2459.504s
 583000 +3.20962261e+05 +3.33578028e+05  1.26e+04   3.85e+02     1.49e-04   2463.512s
 584000 +3.20978989e+05 +3.33577178e+05  1.26e+04   3.84e+02     1.49e-04   2467.520s
 585000 +3.20993362e+05 +3.33577910e+05  1.26e+04   3.83e+02     1.48e-04   2471.528s
 586000 +3.21013328e+05 +3.33575324e+05  1.26e+04   3.83e+02     1.48e-04   2475.536s
 587000 +3.21028149e+05 +3.33577067e+05  1.25e+04   3.82e+02     1.47e-04   2479.543s
 588000 +3.21043167e+05 +3.33572685e+05  1.25e+04   3.81e+02     1.48e-04   2483.552s
 589000 +3.21059487e+05 +3.33560267e+05  1.25e+04   3.81e+02     1.46e-04   2487.559s
 590000 +3.21073127e+05 +3.33545326e+05  1.25e+04   3.80e+02     1.45e-04   2491.567s
 591000 +3.21090810e+05 +3.33534030e+05  1.24e+04   3.79e+02     1.45e-04   2495.576s
 592000 +3.21105317e+05 +3.33510874e+05  1.24e+04   3.79e+02     1.44e-04   2499.584s
 593000 +3.21122769e+05 +3.33492664e+05  1.24e+04   3.78e+02     1.43e-04   2503.593s
 594000 +3.21134907e+05 +3.33472163e+05  1.23e+04   3.77e+02     1.42e-04   2507.601s
 595000 +3.21149617e+05 +3.33457191e+05  1.23e+04   3.77e+02     1.42e-04   2511.609s
 596000 +3.21167025e+05 +3.33435564e+05  1.23e+04   3.76e+02     1.42e-04   2515.618s
 597000 +3.21190192e+05 +3.33421033e+05  1.22e+04   3.75e+02     1.42e-04   2519.626s
 598000 +3.21200668e+05 +3.33414807e+05  1.22e+04   3.75e+02     1.42e-04   2523.634s
 599000 +3.21216038e+05 +3.33404115e+05  1.22e+04   3.74e+02     1.41e-04   2527.642s
 600000 +3.21236277e+05 +3.33397455e+05  1.22e+04   3.74e+02     1.39e-04   2531.651s
 601000 +3.21249571e+05 +3.33381826e+05  1.21e+04   3.73e+02     1.41e-04   2535.659s
 602000 +3.21275405e+05 +3.33364651e+05  1.21e+04   3.72e+02     1.41e-04   2539.667s
 603000 +3.21294109e+05 +3.33345547e+05  1.21e+04   3.71e+02     1.46e-04   2543.676s
 604000 +3.21305448e+05 +3.33332482e+05  1.20e+04   3.71e+02     1.44e-04   2547.684s
 605000 +3.21334807e+05 +3.33318689e+05  1.20e+04   3.70e+02     1.45e-04   2551.692s
 606000 +3.21351971e+05 +3.33305333e+05  1.20e+04   3.69e+02     1.45e-04   2555.700s
 607000 +3.21359048e+05 +3.33291893e+05  1.19e+04   3.69e+02     1.42e-04   2559.708s
 608000 +3.21374668e+05 +3.33276923e+05  1.19e+04   3.68e+02     1.37e-04   2563.716s
 609000 +3.21391195e+05 +3.33259323e+05  1.19e+04   3.67e+02     1.36e-04   2567.725s
 610000 +3.21410519e+05 +3.33246670e+05  1.18e+04   3.67e+02     1.36e-04   2571.733s
 611000 +3.21417201e+05 +3.33232749e+05  1.18e+04   3.66e+02     1.33e-04   2575.741s
 612000 +3.21433996e+05 +3.33218706e+05  1.18e+04   3.66e+02     1.34e-04   2579.749s
 613000 +3.21447041e+05 +3.33202380e+05  1.18e+04   3.65e+02     1.33e-04   2583.757s
 614000 +3.21462868e+05 +3.33184924e+05  1.17e+04   3.64e+02     1.33e-04   2587.765s
 615000 +3.21476224e+05 +3.33166202e+05  1.17e+04   3.64e+02     1.33e-04   2591.774s
 616000 +3.21492197e+05 +3.33145986e+05  1.17e+04   3.63e+02     1.32e-04   2595.781s
 617000 +3.21503790e+05 +3.33127567e+05  1.16e+04   3.62e+02     1.31e-04   2599.789s
 618000 +3.21518323e+05 +3.33111720e+05  1.16e+04   3.62e+02     1.31e-04   2603.797s
 619000 +3.21530095e+05 +3.33097806e+05  1.16e+04   3.61e+02     1.31e-04   2607.805s
 620000 +3.21541144e+05 +3.33085491e+05  1.15e+04   3.61e+02     1.31e-04   2611.814s
 621000 +3.21556116e+05 +3.33075808e+05  1.15e+04   3.60e+02     1.37e-04   2615.822s
 622000 +3.21570964e+05 +3.33071249e+05  1.15e+04   3.59e+02     1.37e-04   2619.830s
 623000 +3.21581247e+05 +3.33067326e+05  1.15e+04   3.59e+02     1.33e-04   2623.838s
 624000 +3.21592149e+05 +3.33060091e+05  1.15e+04   3.59e+02     1.30e-04   2627.846s
 625000 +3.21607427e+05 +3.33054581e+05  1.14e+04   3.58e+02     1.32e-04   2631.854s
 626000 +3.21623800e+05 +3.33048781e+05  1.14e+04   3.57e+02     1.30e-04   2635.861s
 627000 +3.21633962e+05 +3.33042643e+05  1.14e+04   3.57e+02     1.30e-04   2639.869s
 628000 +3.21650787e+05 +3.33037241e+05  1.14e+04   3.56e+02     1.29e-04   2643.877s
 629000 +3.21674548e+05 +3.33032809e+05  1.14e+04   3.55e+02     1.28e-04   2647.884s
 630000 +3.21691637e+05 +3.33022041e+05  1.13e+04   3.55e+02     1.27e-04   2651.893s
 631000 +3.21715197e+05 +3.33005164e+05  1.13e+04   3.54e+02     1.31e-04   2655.900s
 632000 +3.21730492e+05 +3.32986831e+05  1.13e+04   3.54e+02     1.26e-04   2659.908s
 633000 +3.21740398e+05 +3.32969271e+05  1.12e+04   3.53e+02     1.28e-04   2663.915s
 634000 +3.21752890e+05 +3.32953263e+05  1.12e+04   3.53e+02     1.26e-04   2667.922s
 635000 +3.21768407e+05 +3.32933783e+05  1.12e+04   3.52e+02     1.26e-04   2671.930s
 636000 +3.21785208e+05 +3.32914307e+05  1.11e+04   3.52e+02     1.30e-04   2675.938s
 637000 +3.21797495e+05 +3.32895206e+05  1.11e+04   3.51e+02     1.26e-04   2679.945s
 638000 +3.21811320e+05 +3.32875109e+05  1.11e+04   3.50e+02     1.27e-04   2683.953s
 639000 +3.21830558e+05 +3.32854258e+05  1.10e+04   3.50e+02     1.30e-04   2687.960s
 640000 +3.21856412e+05 +3.32837860e+05  1.10e+04   3.49e+02     1.26e-04   2691.969s
 641000 +3.21875675e+05 +3.32816707e+05  1.09e+04   3.48e+02     1.30e-04   2695.976s
 642000 +3.21892515e+05 +3.32796132e+05  1.09e+04   3.48e+02     1.30e-04   2699.984s
 643000 +3.21911549e+05 +3.32776305e+05  1.09e+04   3.47e+02     1.32e-04   2703.991s
 644000 +3.21925275e+05 +3.32757645e+05  1.08e+04   3.46e+02     1.27e-04   2707.999s
 645000 +3.21948932e+05 +3.32740937e+05  1.08e+04   3.46e+02     1.29e-04   2712.006s
 646000 +3.21968595e+05 +3.32725485e+05  1.08e+04   3.45e+02     1.35e-04   2716.014s
 647000 +3.21985596e+05 +3.32707997e+05  1.07e+04   3.45e+02     1.43e-04   2720.021s
 648000 +3.22017418e+05 +3.32692042e+05  1.07e+04   3.44e+02     1.34e-04   2724.028s
 649000 +3.22035705e+05 +3.32676854e+05  1.06e+04   3.43e+02     1.29e-04   2728.036s
 650000 +3.22080958e+05 +3.32662408e+05  1.06e+04   3.41e+02     1.43e-04   2732.043s
 651000 +3.22115267e+05 +3.32648997e+05  1.05e+04   3.40e+02     1.40e-04   2736.051s
 652000 +3.22125641e+05 +3.32634260e+05  1.05e+04   3.40e+02     1.31e-04   2740.059s
 653000 +3.22147970e+05 +3.32621622e+05  1.05e+04   3.39e+02     1.31e-04   2744.066s
 654000 +3.22164729e+05 +3.32608064e+05  1.04e+04   3.39e+02     1.24e-04   2748.074s
 655000 +3.22179713e+05 +3.32597069e+05  1.04e+04   3.38e+02     1.27e-04   2752.081s
 656000 +3.22197645e+05 +3.32587792e+05  1.04e+04   3.38e+02     1.26e-04   2756.090s
 657000 +3.22210067e+05 +3.32579356e+05  1.04e+04   3.37e+02     1.26e-04   2760.098s
 658000 +3.22223631e+05 +3.32567896e+05  1.03e+04   3.37e+02     1.26e-04   2764.105s
 659000 +3.22245708e+05 +3.32559964e+05  1.03e+04   3.36e+02     1.70e-04   2768.113s
 660000 +3.22259278e+05 +3.32553009e+05  1.03e+04   3.36e+02     1.39e-04   2772.121s
 661000 +3.22278504e+05 +3.32549523e+05  1.03e+04   3.35e+02     1.33e-04   2776.129s
 662000 +3.22295190e+05 +3.32547929e+05  1.03e+04   3.35e+02     1.29e-04   2780.137s
 663000 +3.22311016e+05 +3.32545276e+05  1.02e+04   3.34e+02     1.28e-04   2784.144s
 664000 +3.22913672e+05 +3.32419640e+05  9.51e+03   3.25e+02     4.22e-04   2788.155s
 665000 +3.22950615e+05 +3.32305891e+05  9.36e+03   3.23e+02     3.71e-04   2792.161s
 666000 +3.22993147e+05 +3.32203460e+05  9.21e+03   3.22e+02     3.80e-04   2796.168s
 667000 +3.23046693e+05 +3.32112650e+05  9.07e+03   3.19e+02     4.21e-04   2800.175s
 668000 +3.23091199e+05 +3.32037474e+05  8.95e+03   3.18e+02     3.81e-04   2804.181s
 669000 +3.23135500e+05 +3.31968587e+05  8.83e+03   3.16e+02     3.71e-04   2808.188s
 670000 +3.23168066e+05 +3.31903168e+05  8.74e+03   3.15e+02     3.61e-04   2812.195s
 671000 +3.23207753e+05 +3.31833584e+05  8.63e+03   3.14e+02     3.68e-04   2816.202s
 672000 +3.23280726e+05 +3.31771694e+05  8.49e+03   3.12e+02     3.89e-04   2820.208s
 673000 +3.23306279e+05 +3.31712867e+05  8.41e+03   3.11e+02     3.58e-04   2824.215s
 674000 +3.23348588e+05 +3.31656364e+05  8.31e+03   3.09e+02     3.53e-04   2828.222s
 675000 +3.23386669e+05 +3.31603237e+05  8.22e+03   3.08e+02     3.51e-04   2832.229s
 676000 +3.23433401e+05 +3.31558727e+05  8.13e+03   3.06e+02     3.58e-04   2836.235s
 677000 +3.23466969e+05 +3.31512221e+05  8.05e+03   3.05e+02     4.17e-04   2840.244s
 678000 +3.23504200e+05 +3.31473849e+05  7.97e+03   3.04e+02     4.09e-04   2844.253s
 679000 +3.23580098e+05 +3.31434574e+05  7.85e+03   3.02e+02     9.13e-04   2848.260s
 680000 +3.23628057e+05 +3.31402495e+05  7.77e+03   3.00e+02     4.19e-04   2852.267s
 681000 +3.23687771e+05 +3.31372366e+05  7.68e+03   2.99e+02     3.92e-04   2856.275s
 682000 +3.23744896e+05 +3.31342371e+05  7.60e+03   2.97e+02     3.59e-04   2860.282s
 683000 +3.23776589e+05 +3.31314173e+05  7.54e+03   2.96e+02     3.51e-04   2864.289s
 684000 +3.23829670e+05 +3.31290028e+05  7.46e+03   2.95e+02     3.60e-04   2868.296s
 685000 +3.23881101e+05 +3.31268769e+05  7.39e+03   2.93e+02     4.51e-04   2872.303s
 686000 +3.23947114e+05 +3.31246667e+05  7.30e+03   2.92e+02     3.54e-04   2876.310s
 687000 +3.23986997e+05 +3.31225538e+05  7.24e+03   2.90e+02     4.02e-04   2880.317s
 688000 +3.24028208e+05 +3.31203337e+05  7.18e+03   2.89e+02     3.64e-04   2884.324s
 689000 +3.24056246e+05 +3.31188964e+05  7.13e+03   2.88e+02     3.38e-04   2888.332s
 690000 +3.24092416e+05 +3.31173033e+05  7.08e+03   2.87e+02     3.25e-04   2892.340s
 691000 +3.24119255e+05 +3.31146080e+05  7.03e+03   2.86e+02     3.34e-04   2896.347s
 692000 +3.24159398e+05 +3.31124840e+05  6.97e+03   2.85e+02     3.37e-04   2900.355s
 693000 +3.24190503e+05 +3.31090952e+05  6.90e+03   2.84e+02     3.23e-04   2904.362s
 694000 +3.24215873e+05 +3.31059898e+05  6.84e+03   2.83e+02     3.25e-04   2908.370s
 695000 +3.24248724e+05 +3.31031756e+05  6.78e+03   2.82e+02     4.95e-04   2912.378s
 696000 +3.24286426e+05 +3.31000000e+05  6.71e+03   2.81e+02     3.23e-04   2916.386s
 697000 +3.24311366e+05 +3.30976161e+05  6.66e+03   2.80e+02     3.12e-04   2920.394s
 698000 +3.24331700e+05 +3.30957325e+05  6.63e+03   2.79e+02     3.16e-04   2924.402s
 699000 +3.24354693e+05 +3.30946104e+05  6.59e+03   2.79e+02     3.13e-04   2928.410s
 700000 +3.24377233e+05 +3.30943543e+05  6.57e+03   2.78e+02     3.10e-04   2932.419s
 701000 +3.24413714e+05 +3.30949170e+05  6.54e+03   2.77e+02     3.27e-04   2936.427s
 702000 +3.24457168e+05 +3.30954748e+05  6.50e+03   2.76e+02     3.49e-04   2940.435s
 703000 +3.24488227e+05 +3.30963344e+05  6.48e+03   2.75e+02     3.26e-04   2944.443s
 704000 +3.24506928e+05 +3.30964576e+05  6.46e+03   2.75e+02     3.04e-04   2948.452s
 705000 +3.24531060e+05 +3.30974861e+05  6.44e+03   2.74e+02     3.03e-04   2952.460s
 706000 +3.24556877e+05 +3.30982593e+05  6.43e+03   2.73e+02     3.05e-04   2956.469s
 707000 +3.24588879e+05 +3.30981349e+05  6.39e+03   2.72e+02     3.12e-04   2960.477s
 708000 +3.24627582e+05 +3.30974170e+05  6.35e+03   2.71e+02     3.63e-04   2964.485s
 709000 +3.24663322e+05 +3.30971940e+05  6.31e+03   2.71e+02     3.66e-04   2968.494s
 710000 +3.24683826e+05 +3.30980004e+05  6.30e+03   2.70e+02     3.25e-04   2972.503s
 711000 +3.24708326e+05 +3.31002049e+05  6.29e+03   2.69e+02     3.41e-04   2976.512s
 712000 +3.24731029e+05 +3.31027733e+05  6.30e+03   2.69e+02     3.20e-04   2980.521s
 713000 +3.24754543e+05 +3.31055963e+05  6.30e+03   2.68e+02     3.08e-04   2984.529s
 714000 +3.24779143e+05 +3.31079406e+05  6.30e+03   2.67e+02     2.95e-04   2988.538s
 715000 +3.24801538e+05 +3.31104867e+05  6.30e+03   2.67e+02     2.95e-04   2992.547s
 716000 +3.24821417e+05 +3.31131948e+05  6.31e+03   2.66e+02     2.91e-04   2996.556s
 717000 +3.24844211e+05 +3.31157773e+05  6.31e+03   2.66e+02     2.89e-04   3000.564s
 718000 +3.24862149e+05 +3.31173788e+05  6.31e+03   2.65e+02     2.99e-04   3004.573s
 719000 +3.24881465e+05 +3.31191184e+05  6.31e+03   2.65e+02     2.88e-04   3008.582s
 720000 +3.24907589e+05 +3.31211640e+05  6.30e+03   2.64e+02     2.93e-04   3012.592s
 721000 +3.24929726e+05 +3.31232451e+05  6.30e+03   2.63e+02     2.85e-04   3016.600s
 722000 +3.24951245e+05 +3.31252020e+05  6.30e+03   2.63e+02     2.86e-04   3020.609s
 723000 +3.24972257e+05 +3.31277465e+05  6.31e+03   2.62e+02     2.86e-04   3024.618s
 724000 +3.24991311e+05 +3.31306130e+05  6.31e+03   2.62e+02     2.82e-04   3028.627s
 725000 +3.25013728e+05 +3.31333496e+05  6.32e+03   2.61e+02     2.89e-04   3032.636s
 726000 +3.25046468e+05 +3.31359627e+05  6.31e+03   2.60e+02     3.03e-04   3036.645s
 727000 +3.25062336e+05 +3.31385443e+05  6.32e+03   2.60e+02     2.92e-04   3040.654s
 728000 +3.25083689e+05 +3.31415998e+05  6.33e+03   2.59e+02     2.90e-04   3044.663s
 729000 +3.25109866e+05 +3.31445693e+05  6.34e+03   2.59e+02     3.01e-04   3048.672s
 730000 +3.25127940e+05 +3.31473814e+05  6.35e+03   2.58e+02     2.98e-04   3052.681s
 731000 +3.25150281e+05 +3.31505196e+05  6.35e+03   2.58e+02     2.94e-04   3056.690s
 732000 +3.25174881e+05 +3.31533170e+05  6.36e+03   2.57e+02     2.96e-04   3060.699s
 733000 +3.25199344e+05 +3.31556581e+05  6.36e+03   2.56e+02     2.97e-04   3064.709s
 734000 +3.25218579e+05 +3.31575557e+05  6.36e+03   2.56e+02     2.97e-04   3068.718s
 735000 +3.25236021e+05 +3.31597684e+05  6.36e+03   2.55e+02     2.89e-04   3072.726s
 736000 +3.25256906e+05 +3.31617881e+05  6.36e+03   2.55e+02     2.83e-04   3076.736s
 737000 +3.25274394e+05 +3.31641014e+05  6.37e+03   2.54e+02     2.78e-04   3080.744s
 738000 +3.25293849e+05 +3.31674466e+05  6.38e+03   2.54e+02     2.76e-04   3084.753s
 739000 +3.25312799e+05 +3.31702770e+05  6.39e+03   2.53e+02     2.76e-04   3088.762s
 740000 +3.25327968e+05 +3.31731426e+05  6.40e+03   2.53e+02     2.72e-04   3092.771s
 741000 +3.25345933e+05 +3.31765834e+05  6.42e+03   2.52e+02     2.76e-04   3096.781s
 742000 +3.25364623e+05 +3.31807968e+05  6.44e+03   2.52e+02     2.71e-04   3100.790s
 743000 +3.25381281e+05 +3.31848126e+05  6.47e+03   2.52e+02     2.71e-04   3104.799s
 744000 +3.25395449e+05 +3.31886968e+05  6.49e+03   2.51e+02     2.72e-04   3108.807s
 745000 +3.25415067e+05 +3.31933779e+05  6.52e+03   2.51e+02     2.73e-04   3112.817s
 746000 +3.25433044e+05 +3.31977251e+05  6.54e+03   2.50e+02     2.72e-04   3116.825s
 747000 +3.25452130e+05 +3.32012616e+05  6.56e+03   2.50e+02     2.76e-04   3120.835s
 748000 +3.25468733e+05 +3.32047998e+05  6.58e+03   2.49e+02     2.95e-04   3124.843s
 749000 +3.25485278e+05 +3.32079062e+05  6.59e+03   2.49e+02     2.92e-04   3128.853s
 750000 +3.25500472e+05 +3.32114576e+05  6.61e+03   2.48e+02     2.85e-04   3132.862s
 751000 +3.25526759e+05 +3.32149444e+05  6.62e+03   2.48e+02     2.87e-04   3136.871s
 752000 +3.25547548e+05 +3.32182114e+05  6.63e+03   2.47e+02     3.44e-04   3140.880s
 753000 +3.25564863e+05 +3.32210667e+05  6.65e+03   2.47e+02     2.88e-04   3144.890s
 754000 +3.25579175e+05 +3.32237624e+05  6.66e+03   2.46e+02     2.94e-04   3148.900s
 755000 +3.25596778e+05 +3.32260078e+05  6.66e+03   2.46e+02     3.03e-04   3152.909s
 756000 +3.25611163e+05 +3.32285085e+05  6.67e+03   2.46e+02     3.02e-04   3156.918s
 757000 +3.25636922e+05 +3.32313642e+05  6.68e+03   2.45e+02     2.79e-04   3160.927s
 758000 +3.25655553e+05 +3.32336828e+05  6.68e+03   2.45e+02     3.04e-04   3164.937s
 759000 +3.25679793e+05 +3.32357572e+05  6.68e+03   2.44e+02     3.49e-04   3168.946s
 760000 +3.25700051e+05 +3.32375766e+05  6.68e+03   2.43e+02     2.94e-04   3172.956s
 761000 +3.25720960e+05 +3.32402895e+05  6.68e+03   2.43e+02     2.75e-04   3176.964s
 762000 +3.25740704e+05 +3.32434730e+05  6.69e+03   2.43e+02     3.08e-04   3180.974s
 763000 +3.25782175e+05 +3.32468152e+05  6.69e+03   2.41e+02     2.87e-04   3184.984s
 764000 +3.25808270e+05 +3.32495386e+05  6.69e+03   2.41e+02     2.79e-04   3188.993s
 765000 +3.25833379e+05 +3.32522687e+05  6.69e+03   2.40e+02     2.98e-04   3193.002s
 766000 +3.25852754e+05 +3.32551433e+05  6.70e+03   2.40e+02     2.86e-04   3197.012s
 767000 +3.25871063e+05 +3.32575226e+05  6.70e+03   2.39e+02     2.68e-04   3201.022s
 768000 +3.25886035e+05 +3.32599862e+05  6.71e+03   2.39e+02     2.78e-04   3205.032s
 769000 +3.25903817e+05 +3.32630630e+05  6.73e+03   2.38e+02     2.84e-04   3209.042s
 770000 +3.25919434e+05 +3.32660303e+05  6.74e+03   2.38e+02     2.65e-04   3213.053s
 771000 +3.25935850e+05 +3.32699013e+05  6.76e+03   2.38e+02     2.62e-04   3217.063s
 772000 +3.25953557e+05 +3.32735155e+05  6.78e+03   2.37e+02     2.70e-04   3221.073s
 773000 +3.25971238e+05 +3.32766519e+05  6.80e+03   2.37e+02     2.64e-04   3225.083s
 774000 +3.25985543e+05 +3.32795640e+05  6.81e+03   2.36e+02     2.64e-04   3229.093s
 775000 +3.26006969e+05 +3.32829279e+05  6.82e+03   2.36e+02     2.76e-04   3233.103s
 776000 +3.26032953e+05 +3.32865794e+05  6.83e+03   2.35e+02     3.06e-04   3237.113s
 777000 +3.26048448e+05 +3.32900020e+05  6.85e+03   2.35e+02     3.28e-04   3241.123s
 778000 +3.26067990e+05 +3.32934885e+05  6.87e+03   2.34e+02     2.87e-04   3245.134s
 779000 +3.26082777e+05 +3.32971967e+05  6.89e+03   2.34e+02     3.05e-04   3249.144s
 780000 +3.26099073e+05 +3.33004538e+05  6.91e+03   2.34e+02     3.11e-04   3253.155s
 781000 +3.26115873e+05 +3.33035349e+05  6.92e+03   2.33e+02     3.02e-04   3257.165s
 782000 +3.26130735e+05 +3.33064181e+05  6.93e+03   2.33e+02     2.89e-04   3261.175s
 783000 +3.26144694e+05 +3.33089781e+05  6.95e+03   2.33e+02     3.07e-04   3265.185s
 784000 +3.26161251e+05 +3.33114414e+05  6.95e+03   2.32e+02     2.99e-04   3269.196s
 785000 +3.26183016e+05 +3.33137540e+05  6.95e+03   2.32e+02     2.96e-04   3273.206s
 786000 +3.26245645e+05 +3.33161785e+05  6.92e+03   2.30e+02     6.96e-04   3277.217s
 787000 +3.27160558e+05 +3.33281044e+05  6.12e+03   2.18e+02     1.04e-02   3281.230s
 788000 +3.27549963e+05 +3.33401624e+05  5.85e+03   2.09e+02     8.54e-03   3285.239s
 789000 +3.27814326e+05 +3.33515771e+05  5.70e+03   2.04e+02     9.60e-03   3289.248s
 790000 +3.28039887e+05 +3.33607362e+05  5.57e+03   2.00e+02     7.53e-03   3293.257s
 791000 +3.28270016e+05 +3.33764494e+05  5.49e+03   1.95e+02     6.88e-03   3297.266s
 792000 +3.28487077e+05 +3.33895412e+05  5.41e+03   1.90e+02     6.89e-03   3301.276s
 793000 +3.28676192e+05 +3.33906277e+05  5.23e+03   1.86e+02     6.39e-03   3305.285s
 794000 +3.28903504e+05 +3.33951392e+05  5.05e+03   1.82e+02     8.96e-03   3309.294s
 795000 +3.29100946e+05 +3.34069689e+05  4.97e+03   1.78e+02     8.70e-03   3313.303s
 796000 +3.29285450e+05 +3.34193114e+05  4.91e+03   1.75e+02     7.15e-03   3317.312s
 797000 +3.29453523e+05 +3.34258497e+05  4.80e+03   1.72e+02     6.28e-03   3321.321s
 798000 +3.29623024e+05 +3.34323872e+05  4.70e+03   1.69e+02     6.37e-03   3325.329s
 799000 +3.29780882e+05 +3.34348994e+05  4.57e+03   1.66e+02     5.69e-03   3329.339s
 800000 +3.29923789e+05 +3.34275453e+05  4.35e+03   1.63e+02     5.57e-03   3333.347s
 801000 +3.30070959e+05 +3.34292253e+05  4.22e+03   1.61e+02     5.56e-03   3337.356s
 802000 +3.30212961e+05 +3.34521508e+05  4.31e+03   1.58e+02     6.24e-03   3341.365s
 803000 +3.30357632e+05 +3.34661815e+05  4.30e+03   1.55e+02     5.78e-03   3345.374s
 804000 +3.30480292e+05 +3.34733635e+05  4.25e+03   1.53e+02     5.58e-03   3349.383s
 805000 +3.30603862e+05 +3.34792986e+05  4.19e+03   1.51e+02     5.59e-03   3353.392s
 806000 +3.30729678e+05 +3.34853078e+05  4.12e+03   1.49e+02     6.22e-03   3357.401s
 807000 +3.30825174e+05 +3.34872964e+05  4.05e+03   1.48e+02     5.37e-03   3361.409s
 808000 +3.30945210e+05 +3.34860767e+05  3.92e+03   1.46e+02     6.51e-03   3365.418s
 809000 +3.31059513e+05 +3.34821420e+05  3.76e+03   1.44e+02     6.23e-03   3369.427s
 810000 +3.31151410e+05 +3.34747241e+05  3.60e+03   1.43e+02     5.04e-03   3373.436s
 811000 +3.31270138e+05 +3.34704372e+05  3.43e+03   1.41e+02     4.86e-03   3377.445s
 812000 +3.31389181e+05 +3.34625693e+05  3.24e+03   1.39e+02     6.08e-03   3381.454s
 813000 +3.31498088e+05 +3.34542144e+05  3.04e+03   1.37e+02     6.52e-03   3385.462s
 814000 +3.31624263e+05 +3.34494099e+05  2.87e+03   1.35e+02     5.48e-03   3389.471s
 815000 +3.31708337e+05 +3.34411443e+05  2.70e+03   1.34e+02     5.55e-03   3393.480s
 816000 +3.31805331e+05 +3.34301951e+05  2.50e+03   1.33e+02     5.59e-03   3397.489s
 817000 +3.31899908e+05 +3.34175628e+05  2.28e+03   1.31e+02     5.02e-03   3401.499s
 818000 +3.31981838e+05 +3.34129607e+05  2.15e+03   1.30e+02     5.69e-03   3405.508s
 819000 +3.32058515e+05 +3.34131681e+05  2.07e+03   1.29e+02     5.44e-03   3409.517s
 820000 +3.32150763e+05 +3.34160097e+05  2.01e+03   1.28e+02     5.11e-03   3413.526s
 821000 +3.32234126e+05 +3.34175014e+05  1.94e+03   1.27e+02     4.83e-03   3417.536s
 822000 +3.32324669e+05 +3.34255380e+05  1.93e+03   1.25e+02     5.58e-03   3421.544s
 823000 +3.32398188e+05 +3.34230664e+05  1.83e+03   1.24e+02     5.27e-03   3425.554s
 824000 +3.32485968e+05 +3.34250723e+05  1.76e+03   1.23e+02     4.98e-03   3429.563s
 825000 +3.32582222e+05 +3.34255288e+05  1.67e+03   1.22e+02     5.23e-03   3433.573s
 826000 +3.32663349e+05 +3.34287582e+05  1.62e+03   1.21e+02     5.43e-03   3437.583s
 827000 +3.32751438e+05 +3.34323959e+05  1.57e+03   1.20e+02     5.29e-03   3441.593s
 828000 +3.32820931e+05 +3.34336647e+05  1.52e+03   1.19e+02     5.09e-03   3445.603s
 829000 +3.32894954e+05 +3.34277509e+05  1.38e+03   1.18e+02     4.90e-03   3449.613s
 830000 +3.32956770e+05 +3.34184929e+05  1.23e+03   1.17e+02     4.61e-03   3453.623s
 831000 +3.33027737e+05 +3.34122396e+05  1.09e+03   1.16e+02     4.47e-03   3457.633s
 832000 +3.33101303e+05 +3.34038967e+05  9.38e+02   1.15e+02     4.81e-03   3461.642s
 833000 +3.33178209e+05 +3.33993542e+05  8.15e+02   1.14e+02     5.01e-03   3465.652s
 834000 +3.33243109e+05 +3.33896786e+05  6.54e+02   1.13e+02     5.01e-03   3469.661s
 835000 +3.33315977e+05 +3.33839653e+05  5.24e+02   1.12e+02     5.28e-03   3473.671s
 836000 +3.33372364e+05 +3.33754298e+05  3.82e+02   1.12e+02     4.71e-03   3477.681s
 837000 +3.33438250e+05 +3.33574149e+05  1.36e+02   1.11e+02     5.66e-03   3481.691s
 838000 +3.33516042e+05 +3.33437124e+05  7.89e+01   1.10e+02     5.33e-03   3485.701s
 839000 +3.33575627e+05 +3.33367439e+05  2.08e+02   1.09e+02     4.96e-03   3489.711s
 840000 +3.33659870e+05 +3.33363999e+05  2.96e+02   1.08e+02     4.78e-03   3493.721s
 841000 +3.33724774e+05 +3.33281823e+05  4.43e+02   1.07e+02     5.45e-03   3497.731s
 842000 +3.33795647e+05 +3.33129273e+05  6.66e+02   1.06e+02     5.38e-03   3501.741s
 843000 +3.33852583e+05 +3.33024321e+05  8.28e+02   1.06e+02     5.22e-03   3505.751s
 844000 +3.33905053e+05 +3.32987346e+05  9.18e+02   1.05e+02     4.71e-03   3509.761s
 845000 +3.33968525e+05 +3.32977279e+05  9.91e+02   1.05e+02     4.71e-03   3513.771s
 846000 +3.34033651e+05 +3.32932838e+05  1.10e+03   1.04e+02     4.61e-03   3517.782s
 847000 +3.34077953e+05 +3.32930339e+05  1.15e+03   1.03e+02     4.76e-03   3521.792s
 848000 +3.34156253e+05 +3.32915516e+05  1.24e+03   1.02e+02     5.46e-03   3525.806s
 849000 +3.34213468e+05 +3.32927696e+05  1.29e+03   1.02e+02     5.13e-03   3529.816s
 850000 +3.34275299e+05 +3.32918872e+05  1.36e+03   1.01e+02     5.06e-03   3533.827s
 851000 +3.34339149e+05 +3.32968592e+05  1.37e+03   1.00e+02     4.89e-03   3537.838s
 852000 +3.34388260e+05 +3.33052013e+05  1.34e+03   9.99e+01     4.81e-03   3541.848s
 853000 +3.34447558e+05 +3.33123785e+05  1.32e+03   9.92e+01     4.92e-03   3545.858s
 854000 +3.34499644e+05 +3.33197634e+05  1.30e+03   9.87e+01     5.02e-03   3549.868s
 855000 +3.34565584e+05 +3.33271467e+05  1.29e+03   9.78e+01     5.49e-03   3553.879s
 856000 +3.34619804e+05 +3.33270887e+05  1.35e+03   9.72e+01     5.21e-03   3557.890s
 857000 +3.34680884e+05 +3.33259082e+05  1.42e+03   9.66e+01     4.97e-03   3561.900s
 858000 +3.34731387e+05 +3.33223238e+05  1.51e+03   9.60e+01     5.72e-03   3565.911s
 859000 +3.34799662e+05 +3.33182282e+05  1.62e+03   9.52e+01     5.63e-03   3569.921s
 860000 +3.34864045e+05 +3.33244796e+05  1.62e+03   9.45e+01     6.25e-03   3573.931s
 861000 +3.34918369e+05 +3.33272963e+05  1.65e+03   9.40e+01     5.98e-03   3577.942s
 862000 +3.34966658e+05 +3.33315677e+05  1.65e+03   9.35e+01     5.58e-03   3581.952s
 863000 +3.35021046e+05 +3.33381037e+05  1.64e+03   9.30e+01     5.08e-03   3585.962s
 864000 +3.35066947e+05 +3.33390742e+05  1.68e+03   9.25e+01     4.65e-03   3589.972s
 865000 +3.35126123e+05 +3.33441013e+05  1.69e+03   9.19e+01     4.75e-03   3593.982s
 866000 +3.35161123e+05 +3.33490712e+05  1.67e+03   9.15e+01     4.92e-03   3597.993s
PDLP finished
Status: Time Limit   Objective: 3.35188881e+05  Iterations: 866600  Time: 3600.468s

### exit_code=0
### finished=2026-07-29T19:50:18.821394
### gpu_peak_mb=67450.4
### gpu_peak2_mb=0.0
### per_gpu_peak_mb=[67450.375]
