### solver=cuopt-base
### instance=/home/scratch.bbozkaya_gpu/datasets/PSR6/model_de_100_scenarios.mps.gz
### n_gpus=1
### CUDA_VISIBLE_DEVICES=0
### started=2026-07-29T19:23:32.590892
### argv=/home/scratch.vmostovoi_gpu/mostovoi_cuopt/cpp/build/cuopt_cli --method 1 --mps-reader experimental-fast --time-limit 3600 --iteration-limit 1000000000 --relative-primal-tolerance 1e-6 --relative-dual-tolerance 1e-6 --relative-gap-tolerance 1e-6 --log-to-console true /home/scratch.bbozkaya_gpu/datasets/PSR6/model_de_100_scenarios.mps.gz
### --- solver output ---
Setting parameter iteration_limit to 1000000000
Setting parameter log_to_console to true
Setting parameter method to 1
Setting parameter relative_dual_tolerance to 1.000000e-06
Setting parameter relative_gap_tolerance to 1.000000e-06
Setting parameter relative_primal_tolerance to 1.000000e-06
Setting parameter time_limit to 3.600000e+03
Reading file model_de_100_scenarios.mps.gz
Using experimental fast MPS parser for '/home/scratch.bbozkaya_gpu/datasets/PSR6/model_de_100_scenarios.mps.gz'
Read file model_de_100_scenarios.mps.gz in 103.65 seconds
cuOpt version: 26.8.0, git hash: 7116ead1, host arch: x86_64, device archs: 100a-real
CPU: INTEL(R) XEON(R) PLATINUM 8570, threads (physical/logical): 112/224, RAM: 1074.04 GiB
CUDA 13.3, device: NVIDIA B200 (ID 0), VRAM: 178.34 GiB
CUDA device UUID: c8dfd4d5-03ba-9666-1a61-4255c0c9cde4
Solving a problem with 140286462 constraints, 180370381 variables (0 integers), and 466184405 nonzeros
Problem scaling:
Objective coefficents range:          [2e-04, 2e+01]
Constraint matrix coefficients range: [1e-03, 1e+00]
Constraint rhs / bounds range:        [1e-02, 3e+05]
Variable bounds range:                [1e-02, 4e+05]
Warning: input problem contains a large range of coefficients: consider reformulating to avoid numerical difficulties.

Using PSLP presolver
Maximum time limit of 60.00 seconds reached.
PSLP Presolved problem: 138533937 constraints, 159382350 variables, 441691849 non-zeros
PSLP presolve time: 132.12s
Objective offset 30445.881506 scaling_factor 1.000000
   Iter    Primal Obj.      Dual Obj.    Gap        Primal Res.  Dual Res.   Time
      0 +3.04458815e+04 +3.04458815e+04  0.00e+00   4.31e+06     1.27e+03   141.181s
   1000 +4.59871308e+03 -5.17584423e+06  5.18e+06   1.67e+05     2.83e-01   150.769s
   2000 +1.45488823e+05 +1.44464284e+06  1.30e+06   5.97e+04     3.79e-01   158.844s
   3000 +2.37449730e+05 +3.69030906e+06  3.45e+06   2.77e+04     2.93e-01   166.934s
   4000 +3.24276843e+05 +6.70570019e+06  6.38e+06   1.94e+04     1.41e-01   175.050s
   5000 +3.46632943e+05 +7.83615053e+06  7.49e+06   1.60e+04     1.25e-01   183.170s
   6000 +3.65115595e+05 +7.50410358e+06  7.14e+06   1.35e+04     1.21e-01   191.302s
   7000 +3.78737672e+05 +7.06964219e+06  6.69e+06   1.27e+04     1.09e-01   199.429s
   8000 +3.95064888e+05 +6.50146223e+06  6.11e+06   1.13e+04     9.36e-02   207.556s
   9000 +4.08580860e+05 +6.03499461e+06  5.63e+06   9.98e+03     7.79e-02   215.686s
  10000 +4.21921247e+05 +5.68520609e+06  5.26e+06   9.18e+03     5.99e-02   223.827s
  11000 +4.28747841e+05 +5.34461276e+06  4.92e+06   8.92e+03     5.58e-02   231.873s
  12000 +4.34936952e+05 +5.02084467e+06  4.59e+06   8.55e+03     5.24e-02   239.919s
  13000 +4.40739910e+05 +4.71158027e+06  4.27e+06   8.11e+03     4.85e-02   247.965s
  14000 +4.45475829e+05 +4.40311469e+06  3.96e+06   7.71e+03     4.50e-02   256.013s
  15000 +4.51668740e+05 +4.15195821e+06  3.70e+06   7.72e+03     3.65e-02   264.069s
  16000 +4.54518992e+05 +3.93723613e+06  3.48e+06   8.13e+03     3.48e-02   272.117s
  17000 +4.57022605e+05 +3.72950497e+06  3.27e+06   8.39e+03     3.29e-02   280.168s
  18000 +4.59053745e+05 +3.52890520e+06  3.07e+06   8.45e+03     3.09e-02   288.218s
  19000 +4.60886023e+05 +3.32665901e+06  2.87e+06   8.36e+03     2.89e-02   296.269s
  20000 +4.62445523e+05 +3.11958802e+06  2.66e+06   8.17e+03     2.66e-02   304.321s
  21000 +4.63800223e+05 +2.90642619e+06  2.44e+06   7.93e+03     2.43e-02   312.373s
  22000 +4.65123137e+05 +2.69350082e+06  2.23e+06   7.68e+03     2.21e-02   320.425s
  23000 +4.67543095e+05 +2.47619750e+06  2.01e+06   7.42e+03     1.86e-02   328.487s
  24000 +4.68670275e+05 +2.29275029e+06  1.82e+06   7.62e+03     1.73e-02   336.540s
  25000 +4.69761006e+05 +2.11548242e+06  1.65e+06   7.75e+03     1.60e-02   344.594s
  26000 +4.70758687e+05 +1.95620028e+06  1.49e+06   7.76e+03     1.48e-02   352.648s
  27000 +4.71554667e+05 +1.81351651e+06  1.34e+06   7.69e+03     1.38e-02   360.704s
  28000 +4.72008665e+05 +1.69141259e+06  1.22e+06   7.51e+03     1.28e-02   368.761s
  29000 +4.72133892e+05 +1.58491949e+06  1.11e+06   7.30e+03     1.19e-02   376.819s
  30000 +4.72014008e+05 +1.50112566e+06  1.03e+06   7.05e+03     1.12e-02   384.878s
  31000 +4.71553084e+05 +1.43788746e+06  9.66e+05   6.82e+03     1.04e-02   392.937s
  32000 +4.70671361e+05 +1.38666087e+06  9.16e+05   6.61e+03     9.88e-03   400.996s
  33000 +4.69732809e+05 +1.34354093e+06  8.74e+05   6.40e+03     9.46e-03   409.057s
  34000 +4.68646787e+05 +1.30535600e+06  8.37e+05   6.20e+03     8.97e-03   417.117s
  35000 +4.67455229e+05 +1.26865088e+06  8.01e+05   6.02e+03     8.59e-03   425.179s
  36000 +4.65640705e+05 +1.20239796e+06  7.37e+05   6.35e+03     1.33e-02   433.247s
  37000 +4.63589588e+05 +1.16482576e+06  7.01e+05   6.17e+03     1.33e-02   441.304s
  38000 +4.60944702e+05 +1.14325702e+06  6.82e+05   5.94e+03     1.31e-02   449.360s
  39000 +4.57644507e+05 +1.12178360e+06  6.64e+05   5.66e+03     1.29e-02   457.416s
  40000 +4.54143086e+05 +1.10069634e+06  6.47e+05   5.37e+03     1.23e-02   465.471s
  41000 +4.50350034e+05 +1.08198736e+06  6.32e+05   5.09e+03     1.16e-02   473.527s
  42000 +4.46444378e+05 +1.06135573e+06  6.15e+05   4.83e+03     1.10e-02   481.583s
  43000 +4.42651731e+05 +1.04003565e+06  5.97e+05   4.58e+03     1.03e-02   489.640s
  44000 +4.38411750e+05 +1.01879738e+06  5.80e+05   4.34e+03     9.81e-03   497.698s
  45000 +4.34348246e+05 +9.97309211e+05  5.63e+05   4.11e+03     9.36e-03   505.755s
  46000 +4.30433346e+05 +9.76389143e+05  5.46e+05   3.89e+03     8.65e-03   513.813s
  47000 +4.26544838e+05 +9.55912399e+05  5.29e+05   3.69e+03     8.17e-03   521.871s
  48000 +4.22606769e+05 +9.36247718e+05  5.14e+05   3.48e+03     7.78e-03   529.930s
  49000 +4.18889996e+05 +9.17684518e+05  4.99e+05   3.29e+03     7.38e-03   537.988s
  50000 +4.15506640e+05 +9.00739117e+05  4.85e+05   3.12e+03     7.09e-03   546.049s
  51000 +4.12694132e+05 +8.85490771e+05  4.73e+05   2.97e+03     6.64e-03   554.109s
  52000 +4.09952520e+05 +8.71269978e+05  4.61e+05   2.83e+03     6.32e-03   562.170s
  53000 +4.07293605e+05 +8.57982589e+05  4.51e+05   2.69e+03     6.05e-03   570.235s
  54000 +4.04977245e+05 +8.45868761e+05  4.41e+05   2.56e+03     5.77e-03   578.299s
  55000 +4.02848001e+05 +8.34979878e+05  4.32e+05   2.44e+03     5.48e-03   586.364s
  56000 +3.95450253e+05 +8.18469548e+05  4.23e+05   2.10e+03     5.81e-03   594.431s
  57000 +3.93013721e+05 +8.03919015e+05  4.11e+05   1.96e+03     5.27e-03   602.489s
  58000 +3.91035030e+05 +7.89239555e+05  3.98e+05   1.85e+03     5.03e-03   610.548s
  59000 +3.88981074e+05 +7.75657862e+05  3.87e+05   1.73e+03     4.83e-03   618.608s
  60000 +3.87598639e+05 +7.63368592e+05  3.76e+05   1.65e+03     4.57e-03   626.669s
  61000 +3.86568579e+05 +7.51925125e+05  3.65e+05   1.59e+03     4.44e-03   634.729s
  62000 +3.85569845e+05 +7.41301823e+05  3.56e+05   1.52e+03     4.34e-03   642.791s
  63000 +3.84715640e+05 +7.31433204e+05  3.47e+05   1.47e+03     4.23e-03   650.853s
  64000 +3.83852112e+05 +7.22045406e+05  3.38e+05   1.42e+03     4.14e-03   658.914s
  65000 +3.83003597e+05 +7.13644932e+05  3.31e+05   1.37e+03     4.06e-03   666.977s
  66000 +3.82214925e+05 +7.05933941e+05  3.24e+05   1.32e+03     3.99e-03   675.039s
  67000 +3.81440339e+05 +6.99059357e+05  3.18e+05   1.27e+03     3.91e-03   683.102s
  68000 +3.80658983e+05 +6.92925881e+05  3.12e+05   1.23e+03     3.85e-03   691.166s
  69000 +3.79898661e+05 +6.87395538e+05  3.07e+05   1.19e+03     3.79e-03   699.230s
  70000 +3.79187455e+05 +6.82547554e+05  3.03e+05   1.15e+03     3.73e-03   707.294s
  71000 +3.78507308e+05 +6.78368570e+05  3.00e+05   1.12e+03     3.66e-03   715.359s
  72000 +3.77841550e+05 +6.74909271e+05  2.97e+05   1.08e+03     3.60e-03   723.423s
  73000 +3.77202146e+05 +6.71849380e+05  2.95e+05   1.05e+03     3.53e-03   731.486s
  74000 +3.76572730e+05 +6.69192005e+05  2.93e+05   1.02e+03     3.48e-03   739.551s
  75000 +3.75959554e+05 +6.67070068e+05  2.91e+05   9.94e+02     3.43e-03   747.615s
  76000 +3.75378326e+05 +6.65206617e+05  2.90e+05   9.69e+02     3.38e-03   755.680s
  77000 +3.74815933e+05 +6.63638659e+05  2.89e+05   9.46e+02     3.36e-03   763.744s
  78000 +3.74262496e+05 +6.62354689e+05  2.88e+05   9.26e+02     3.30e-03   771.809s
  79000 +3.73709143e+05 +6.61441298e+05  2.88e+05   9.06e+02     3.26e-03   779.874s
  80000 +3.73189587e+05 +6.60791196e+05  2.88e+05   8.89e+02     3.22e-03   787.939s
  81000 +3.72690841e+05 +6.60216641e+05  2.88e+05   8.74e+02     3.20e-03   796.006s
  82000 +3.72214166e+05 +6.59826455e+05  2.88e+05   8.62e+02     3.15e-03   804.073s
  83000 +3.71751384e+05 +6.59640515e+05  2.88e+05   8.50e+02     3.10e-03   812.140s
  84000 +3.71300220e+05 +6.59378144e+05  2.88e+05   8.41e+02     3.08e-03   820.208s
  85000 +3.70840333e+05 +6.59082394e+05  2.88e+05   8.31e+02     3.03e-03   828.278s
  86000 +3.70396848e+05 +6.58748489e+05  2.88e+05   8.23e+02     3.00e-03   836.346s
  87000 +3.69209171e+05 +6.57296729e+05  2.88e+05   7.85e+02     2.72e-03   844.418s
  88000 +3.68735282e+05 +6.54930821e+05  2.86e+05   8.02e+02     2.59e-03   852.476s
  89000 +3.68279601e+05 +6.52856785e+05  2.85e+05   8.22e+02     2.57e-03   860.532s
  90000 +3.67820895e+05 +6.50969246e+05  2.83e+05   8.40e+02     2.55e-03   868.587s
  91000 +3.67348997e+05 +6.49387149e+05  2.82e+05   8.58e+02     2.54e-03   876.643s
  92000 +3.66882862e+05 +6.48110014e+05  2.81e+05   8.75e+02     2.53e-03   884.698s
  93000 +3.66418238e+05 +6.47061144e+05  2.81e+05   8.92e+02     2.51e-03   892.753s
  94000 +3.65952564e+05 +6.46205235e+05  2.80e+05   9.06e+02     2.50e-03   900.808s
  95000 +3.65483066e+05 +6.45454666e+05  2.80e+05   9.20e+02     2.48e-03   908.863s
  96000 +3.65029116e+05 +6.44824836e+05  2.80e+05   9.32e+02     2.47e-03   916.920s
  97000 +3.64552428e+05 +6.44356463e+05  2.80e+05   9.43e+02     2.45e-03   924.976s
  98000 +3.64095541e+05 +6.44005210e+05  2.80e+05   9.52e+02     2.45e-03   933.031s
  99000 +3.63668250e+05 +6.43726623e+05  2.80e+05   9.58e+02     2.41e-03   941.086s
 100000 +3.63220576e+05 +6.43466939e+05  2.80e+05   9.64e+02     2.40e-03   949.142s
 101000 +3.62790861e+05 +6.43151798e+05  2.80e+05   9.67e+02     2.37e-03   957.197s
 102000 +3.62366079e+05 +6.42891259e+05  2.81e+05   9.69e+02     2.35e-03   965.253s
 103000 +3.61954425e+05 +6.42625019e+05  2.81e+05   9.70e+02     2.33e-03   973.309s
 104000 +3.61556774e+05 +6.42375392e+05  2.81e+05   9.69e+02     2.31e-03   981.365s
 105000 +3.61171043e+05 +6.42064129e+05  2.81e+05   9.68e+02     2.29e-03   989.420s
 106000 +3.60792316e+05 +6.41674306e+05  2.81e+05   9.65e+02     2.27e-03   997.476s
 107000 +3.60414052e+05 +6.41216736e+05  2.81e+05   9.63e+02     2.25e-03   1005.532s
 108000 +3.60052489e+05 +6.40684652e+05  2.81e+05   9.60e+02     2.22e-03   1013.587s
 109000 +3.59693183e+05 +6.40179562e+05  2.80e+05   9.55e+02     2.20e-03   1021.642s
 110000 +3.59343864e+05 +6.39503520e+05  2.80e+05   9.50e+02     2.19e-03   1029.698s
 111000 +3.59007130e+05 +6.38755572e+05  2.80e+05   9.45e+02     2.15e-03   1037.753s
 112000 +3.58673293e+05 +6.37806489e+05  2.79e+05   9.40e+02     2.13e-03   1045.808s
 113000 +3.58340593e+05 +6.36775838e+05  2.78e+05   9.35e+02     2.11e-03   1053.863s
 114000 +3.58015538e+05 +6.35756546e+05  2.78e+05   9.29e+02     2.10e-03   1061.918s
 115000 +3.57687821e+05 +6.34744585e+05  2.77e+05   9.23e+02     2.07e-03   1069.974s
 116000 +3.57380321e+05 +6.33701043e+05  2.76e+05   9.16e+02     2.05e-03   1078.029s
 117000 +3.57071643e+05 +6.32653224e+05  2.76e+05   9.10e+02     2.02e-03   1086.085s
 118000 +3.56771283e+05 +6.31525179e+05  2.75e+05   9.03e+02     2.00e-03   1094.140s
 119000 +3.56459454e+05 +6.30404960e+05  2.74e+05   8.97e+02     1.98e-03   1102.197s
 120000 +3.56150289e+05 +6.29257166e+05  2.73e+05   8.90e+02     1.99e-03   1110.254s
 121000 +3.55839895e+05 +6.28111132e+05  2.72e+05   8.83e+02     1.97e-03   1118.310s
 122000 +3.55551178e+05 +6.26970997e+05  2.71e+05   8.77e+02     1.94e-03   1126.367s
 123000 +3.55267207e+05 +6.25828960e+05  2.71e+05   8.71e+02     1.91e-03   1134.423s
 124000 +3.54979030e+05 +6.24653994e+05  2.70e+05   8.66e+02     1.89e-03   1142.480s
 125000 +3.54713114e+05 +6.23445933e+05  2.69e+05   8.61e+02     1.88e-03   1150.536s
 126000 +3.54438825e+05 +6.22234347e+05  2.68e+05   8.56e+02     1.86e-03   1158.592s
 127000 +3.54177464e+05 +6.20967517e+05  2.67e+05   8.52e+02     1.85e-03   1166.649s
 128000 +3.53918598e+05 +6.19693335e+05  2.66e+05   8.47e+02     1.84e-03   1174.705s
 129000 +3.53660126e+05 +6.18431070e+05  2.65e+05   8.43e+02     1.82e-03   1182.763s
 130000 +3.53408351e+05 +6.17211232e+05  2.64e+05   8.38e+02     1.80e-03   1190.820s
 131000 +3.53167089e+05 +6.15923413e+05  2.63e+05   8.34e+02     1.79e-03   1198.877s
 132000 +3.52935697e+05 +6.14670562e+05  2.62e+05   8.31e+02     1.77e-03   1206.934s
 133000 +3.52694865e+05 +6.13380880e+05  2.61e+05   8.27e+02     1.76e-03   1214.991s
 134000 +3.52459587e+05 +6.11973490e+05  2.60e+05   8.24e+02     1.75e-03   1223.048s
 135000 +3.52226307e+05 +6.10590677e+05  2.58e+05   8.21e+02     1.74e-03   1231.105s
 136000 +3.51345504e+05 +6.08683838e+05  2.57e+05   8.10e+02     1.53e-03   1239.166s
 137000 +3.51059547e+05 +6.07336297e+05  2.56e+05   8.37e+02     1.50e-03   1247.217s
 138000 +3.50786427e+05 +6.05909770e+05  2.55e+05   8.62e+02     1.49e-03   1255.268s
 139000 +3.50510962e+05 +6.04273318e+05  2.54e+05   8.85e+02     1.49e-03   1263.321s
 140000 +3.50224287e+05 +6.02549038e+05  2.52e+05   9.06e+02     1.48e-03   1271.375s
 141000 +3.49938082e+05 +6.00728681e+05  2.51e+05   9.24e+02     1.47e-03   1279.426s
 142000 +3.49653522e+05 +5.98908441e+05  2.49e+05   9.39e+02     1.46e-03   1287.478s
 143000 +3.49377836e+05 +5.97046620e+05  2.48e+05   9.50e+02     1.45e-03   1295.531s
 144000 +3.49105202e+05 +5.95144706e+05  2.46e+05   9.57e+02     1.44e-03   1303.583s
 145000 +3.48831757e+05 +5.93459872e+05  2.45e+05   9.64e+02     1.43e-03   1311.635s
 146000 +3.48562012e+05 +5.91868947e+05  2.43e+05   9.70e+02     1.42e-03   1319.688s
 147000 +3.48292219e+05 +5.90253186e+05  2.42e+05   9.75e+02     1.41e-03   1327.740s
 148000 +3.48014462e+05 +5.88633622e+05  2.41e+05   9.79e+02     1.40e-03   1335.793s
 149000 +3.47748658e+05 +5.87032280e+05  2.39e+05   9.81e+02     1.39e-03   1343.846s
 150000 +3.47478762e+05 +5.85480259e+05  2.38e+05   9.83e+02     1.38e-03   1351.899s
 151000 +3.47219301e+05 +5.84013773e+05  2.37e+05   9.85e+02     1.38e-03   1359.953s
 152000 +3.46963806e+05 +5.82598026e+05  2.36e+05   9.87e+02     1.37e-03   1368.006s
 153000 +3.46699246e+05 +5.81205447e+05  2.35e+05   9.88e+02     1.36e-03   1376.059s
 154000 +3.46430947e+05 +5.79808895e+05  2.33e+05   9.89e+02     1.35e-03   1384.121s
 155000 +3.46164687e+05 +5.78491692e+05  2.32e+05   9.89e+02     1.34e-03   1392.187s
 156000 +3.45894521e+05 +5.77171774e+05  2.31e+05   9.89e+02     1.33e-03   1400.253s
 157000 +3.45630968e+05 +5.75933211e+05  2.30e+05   9.90e+02     1.33e-03   1408.320s
 158000 +3.45370659e+05 +5.74703014e+05  2.29e+05   9.90e+02     1.32e-03   1416.389s
 159000 +3.45115134e+05 +5.73475211e+05  2.28e+05   9.90e+02     1.31e-03   1424.458s
 160000 +3.44863432e+05 +5.72325576e+05  2.27e+05   9.90e+02     1.30e-03   1432.529s
 161000 +3.44622171e+05 +5.71216148e+05  2.27e+05   9.90e+02     1.30e-03   1440.600s
 162000 +3.44384405e+05 +5.70107409e+05  2.26e+05   9.90e+02     1.29e-03   1448.672s
 163000 +3.44136933e+05 +5.68978932e+05  2.25e+05   9.90e+02     1.29e-03   1456.743s
 164000 +3.43895871e+05 +5.67839055e+05  2.24e+05   9.90e+02     1.28e-03   1464.817s
 165000 +3.43657075e+05 +5.66730839e+05  2.23e+05   9.90e+02     1.27e-03   1472.889s
 166000 +3.43416378e+05 +5.65651856e+05  2.22e+05   9.90e+02     1.27e-03   1480.961s
 167000 +3.43172902e+05 +5.64564053e+05  2.21e+05   9.89e+02     1.26e-03   1489.032s
 168000 +3.42941412e+05 +5.63418399e+05  2.20e+05   9.88e+02     1.25e-03   1497.105s
 169000 +3.42714075e+05 +5.62303047e+05  2.20e+05   9.87e+02     1.25e-03   1505.179s
 170000 +3.42486487e+05 +5.61203730e+05  2.19e+05   9.87e+02     1.24e-03   1513.255s
 171000 +3.42263623e+05 +5.60105166e+05  2.18e+05   9.86e+02     1.23e-03   1521.329s
 172000 +3.42032674e+05 +5.59080629e+05  2.17e+05   9.85e+02     1.23e-03   1529.403s
 173000 +3.41803839e+05 +5.58110192e+05  2.16e+05   9.85e+02     1.22e-03   1537.477s
 174000 +3.41563745e+05 +5.57161120e+05  2.16e+05   9.84e+02     1.22e-03   1545.550s
 175000 +3.41329605e+05 +5.56180743e+05  2.15e+05   9.83e+02     1.22e-03   1552.482s
 176000 +3.41110383e+05 +5.55197752e+05  2.14e+05   9.82e+02     1.21e-03   1560.533s
 177000 +3.40879662e+05 +5.54245286e+05  2.13e+05   9.80e+02     1.20e-03   1568.585s
 178000 +3.40667884e+05 +5.53263005e+05  2.13e+05   9.79e+02     1.19e-03   1576.635s
 179000 +3.40449659e+05 +5.52263464e+05  2.12e+05   9.76e+02     1.19e-03   1584.684s
 180000 +3.40228853e+05 +5.51266642e+05  2.11e+05   9.75e+02     1.18e-03   1592.735s
 181000 +3.40001159e+05 +5.50264491e+05  2.10e+05   9.73e+02     1.18e-03   1600.786s
 182000 +3.39782070e+05 +5.49295912e+05  2.10e+05   9.71e+02     1.17e-03   1608.842s
 183000 +3.39563825e+05 +5.48353082e+05  2.09e+05   9.70e+02     1.16e-03   1616.900s
 184000 +3.39355680e+05 +5.47387139e+05  2.08e+05   9.68e+02     1.17e-03   1624.964s
 185000 +3.39140302e+05 +5.46411241e+05  2.07e+05   9.67e+02     1.15e-03   1633.030s
 186000 +3.38924350e+05 +5.45434639e+05  2.07e+05   9.65e+02     1.15e-03   1641.097s
 187000 +3.38723385e+05 +5.44441969e+05  2.06e+05   9.65e+02     1.14e-03   1649.162s
 188000 +3.38516993e+05 +5.43419497e+05  2.05e+05   9.63e+02     1.14e-03   1657.227s
 189000 +3.38315240e+05 +5.42439251e+05  2.04e+05   9.62e+02     1.14e-03   1665.296s
 190000 +3.38118514e+05 +5.41484416e+05  2.03e+05   9.60e+02     1.14e-03   1673.363s
 191000 +3.37914832e+05 +5.40553341e+05  2.03e+05   9.58e+02     1.12e-03   1681.434s
 192000 +3.37734654e+05 +5.39663467e+05  2.02e+05   9.57e+02     1.12e-03   1689.504s
 193000 +3.37541636e+05 +5.38759734e+05  2.01e+05   9.54e+02     1.11e-03   1697.576s
 194000 +3.37352873e+05 +5.37851833e+05  2.00e+05   9.52e+02     1.10e-03   1705.649s
 195000 +3.37144710e+05 +5.36988575e+05  2.00e+05   9.50e+02     1.10e-03   1713.721s
 196000 +3.36968882e+05 +5.36107997e+05  1.99e+05   9.47e+02     1.09e-03   1721.794s
 197000 +3.36789369e+05 +5.35265286e+05  1.98e+05   9.44e+02     1.09e-03   1729.865s
 198000 +3.36608530e+05 +5.34405490e+05  1.98e+05   9.42e+02     1.08e-03   1737.938s
 199000 +3.36440807e+05 +5.33595074e+05  1.97e+05   9.39e+02     1.08e-03   1746.013s
 200000 +3.36259048e+05 +5.32807908e+05  1.97e+05   9.36e+02     1.07e-03   1754.088s
 201000 +3.36084890e+05 +5.32049983e+05  1.96e+05   9.34e+02     1.06e-03   1762.164s
 202000 +3.35900741e+05 +5.31289198e+05  1.95e+05   9.31e+02     1.06e-03   1770.238s
 203000 +3.35730128e+05 +5.30600039e+05  1.95e+05   9.29e+02     1.06e-03   1778.312s
 204000 +3.35546546e+05 +5.29943773e+05  1.94e+05   9.27e+02     1.05e-03   1786.385s
 205000 +3.35372687e+05 +5.29275716e+05  1.94e+05   9.24e+02     1.05e-03   1794.460s
 206000 +3.35200070e+05 +5.28584317e+05  1.93e+05   9.21e+02     1.04e-03   1802.534s
 207000 +3.35036537e+05 +5.27838101e+05  1.93e+05   9.19e+02     1.03e-03   1810.608s
 208000 +3.34861940e+05 +5.27147856e+05  1.92e+05   9.16e+02     1.03e-03   1818.684s
 209000 +3.34703754e+05 +5.26474453e+05  1.92e+05   9.14e+02     1.02e-03   1826.762s
 210000 +3.34546006e+05 +5.25756825e+05  1.91e+05   9.13e+02     1.02e-03   1834.839s
 211000 +3.34391588e+05 +5.25048265e+05  1.91e+05   9.11e+02     1.01e-03   1842.916s
 212000 +3.33827932e+05 +5.24177450e+05  1.90e+05   8.79e+02     9.40e-04   1850.997s
 213000 +3.33566152e+05 +5.23460632e+05  1.90e+05   8.92e+02     9.13e-04   1859.061s
 214000 +3.33322239e+05 +5.22698717e+05  1.89e+05   9.07e+02     9.10e-04   1867.125s
 215000 +3.33072807e+05 +5.21906119e+05  1.89e+05   9.20e+02     9.08e-04   1875.190s
 216000 +3.32835793e+05 +5.21113023e+05  1.88e+05   9.33e+02     9.17e-04   1883.250s
 217000 +3.32582262e+05 +5.20321632e+05  1.88e+05   9.45e+02     9.04e-04   1891.309s
 218000 +3.32333096e+05 +5.19520609e+05  1.87e+05   9.56e+02     9.01e-04   1899.366s
 219000 +3.32079004e+05 +5.18686922e+05  1.87e+05   9.66e+02     8.99e-04   1907.420s
 220000 +3.31832890e+05 +5.17856589e+05  1.86e+05   9.76e+02     8.97e-04   1915.475s
 221000 +3.31587832e+05 +5.17002423e+05  1.85e+05   9.84e+02     8.95e-04   1923.526s
 222000 +3.31343828e+05 +5.16163415e+05  1.85e+05   9.92e+02     8.92e-04   1931.575s
 223000 +3.31098705e+05 +5.15190550e+05  1.84e+05   1.00e+03     8.88e-04   1939.625s
 224000 +3.30858559e+05 +5.14304295e+05  1.83e+05   1.01e+03     8.85e-04   1947.673s
 225000 +3.30622087e+05 +5.13443873e+05  1.83e+05   1.02e+03     8.83e-04   1955.722s
 226000 +3.30389678e+05 +5.12538936e+05  1.82e+05   1.02e+03     8.81e-04   1963.770s
 227000 +3.30172743e+05 +5.11662426e+05  1.81e+05   1.03e+03     8.79e-04   1971.816s
 228000 +3.29925943e+05 +5.10836372e+05  1.81e+05   1.03e+03     8.75e-04   1979.862s
 229000 +3.29718741e+05 +5.10089945e+05  1.80e+05   1.04e+03     8.79e-04   1987.911s
 230000 +3.29487224e+05 +5.09332504e+05  1.80e+05   1.04e+03     8.70e-04   1995.966s
 231000 +3.29250443e+05 +5.08539616e+05  1.79e+05   1.05e+03     8.65e-04   2004.021s
 232000 +3.29021071e+05 +5.07642345e+05  1.79e+05   1.05e+03     8.61e-04   2012.079s
 233000 +3.28795377e+05 +5.06765799e+05  1.78e+05   1.06e+03     8.58e-04   2020.136s
 234000 +3.28570505e+05 +5.05896571e+05  1.77e+05   1.06e+03     8.55e-04   2028.197s
 235000 +3.28344192e+05 +5.05034155e+05  1.77e+05   1.07e+03     8.51e-04   2036.257s
 236000 +3.28120478e+05 +5.04059215e+05  1.76e+05   1.08e+03     8.51e-04   2044.318s
 237000 +3.27903127e+05 +5.03046068e+05  1.75e+05   1.08e+03     8.45e-04   2052.380s
 238000 +3.27684390e+05 +5.02009600e+05  1.74e+05   1.08e+03     8.40e-04   2060.441s
 239000 +3.27468028e+05 +5.00994622e+05  1.74e+05   1.09e+03     8.36e-04   2068.502s
 240000 +3.27258893e+05 +4.99965681e+05  1.73e+05   1.09e+03     8.33e-04   2076.566s
 241000 +3.27043453e+05 +4.98953835e+05  1.72e+05   1.10e+03     8.27e-04   2084.630s
 242000 +3.26832194e+05 +4.97920841e+05  1.71e+05   1.10e+03     8.23e-04   2092.691s
 243000 +3.26618124e+05 +4.96903727e+05  1.70e+05   1.10e+03     8.20e-04   2100.756s
 244000 +3.26415672e+05 +4.95866985e+05  1.69e+05   1.11e+03     8.14e-04   2108.820s
 245000 +3.26217485e+05 +4.94835603e+05  1.69e+05   1.11e+03     8.10e-04   2116.885s
 246000 +3.26018516e+05 +4.93795470e+05  1.68e+05   1.11e+03     8.06e-04   2124.947s
 247000 +3.25832756e+05 +4.92825478e+05  1.67e+05   1.12e+03     8.06e-04   2133.011s
 248000 +3.25638123e+05 +4.91845423e+05  1.66e+05   1.12e+03     7.99e-04   2141.076s
 249000 +3.25459778e+05 +4.90896726e+05  1.65e+05   1.12e+03     7.95e-04   2149.142s
 250000 +3.25273872e+05 +4.89982155e+05  1.65e+05   1.12e+03     7.93e-04   2157.207s
 251000 +3.25090890e+05 +4.89028422e+05  1.64e+05   1.12e+03     7.86e-04   2165.271s
 252000 +3.24909809e+05 +4.88093641e+05  1.63e+05   1.12e+03     7.83e-04   2173.337s
 253000 +3.24731171e+05 +4.87144767e+05  1.62e+05   1.12e+03     7.79e-04   2181.402s
 254000 +3.24570598e+05 +4.86189988e+05  1.62e+05   1.12e+03     7.75e-04   2189.469s
 255000 +3.24394515e+05 +4.85244845e+05  1.61e+05   1.12e+03     7.74e-04   2197.534s
 256000 +3.24219344e+05 +4.84323723e+05  1.60e+05   1.12e+03     7.67e-04   2205.601s
 257000 +3.24053288e+05 +4.83439604e+05  1.59e+05   1.12e+03     7.63e-04   2213.668s
 258000 +3.23886310e+05 +4.82585657e+05  1.59e+05   1.12e+03     7.59e-04   2221.734s
 259000 +3.23725970e+05 +4.81795766e+05  1.58e+05   1.12e+03     7.56e-04   2229.802s
 260000 +3.23573410e+05 +4.81035121e+05  1.57e+05   1.12e+03     7.68e-04   2237.870s
 261000 +3.23403955e+05 +4.80264734e+05  1.57e+05   1.12e+03     7.49e-04   2245.938s
 262000 +3.23249359e+05 +4.79492799e+05  1.56e+05   1.11e+03     7.46e-04   2254.008s
 263000 +3.23112552e+05 +4.78690739e+05  1.56e+05   1.11e+03     7.46e-04   2262.077s
 264000 +3.22953984e+05 +4.77924464e+05  1.55e+05   1.11e+03     7.41e-04   2270.145s
 265000 +3.22827739e+05 +4.77174180e+05  1.54e+05   1.11e+03     7.41e-04   2278.215s
 266000 +3.22669804e+05 +4.76422811e+05  1.54e+05   1.11e+03     7.33e-04   2286.287s
 267000 +3.22507150e+05 +4.75651545e+05  1.53e+05   1.10e+03     7.27e-04   2294.351s
 268000 +3.22362195e+05 +4.74895985e+05  1.53e+05   1.10e+03     7.24e-04   2302.415s
 269000 +3.22214028e+05 +4.74146221e+05  1.52e+05   1.10e+03     7.21e-04   2310.477s
 270000 +3.22083558e+05 +4.73415894e+05  1.51e+05   1.10e+03     7.18e-04   2318.538s
 271000 +3.21945130e+05 +4.72646431e+05  1.51e+05   1.10e+03     7.14e-04   2326.595s
 272000 +3.21806839e+05 +4.71877999e+05  1.50e+05   1.10e+03     7.11e-04   2334.653s
 273000 +3.21676907e+05 +4.71059437e+05  1.49e+05   1.10e+03     7.08e-04   2342.712s
 274000 +3.21539900e+05 +4.70119955e+05  1.49e+05   1.10e+03     7.03e-04   2350.770s
 275000 +3.21412127e+05 +4.69150442e+05  1.48e+05   1.10e+03     6.99e-04   2358.828s
 276000 +3.21271105e+05 +4.68172653e+05  1.47e+05   1.10e+03     6.95e-04   2366.885s
 277000 +3.21136999e+05 +4.67201272e+05  1.46e+05   1.10e+03     6.91e-04   2374.942s
 278000 +3.21008052e+05 +4.66170402e+05  1.45e+05   1.10e+03     6.87e-04   2382.998s
 279000 +3.20888019e+05 +4.65209637e+05  1.44e+05   1.10e+03     6.84e-04   2391.056s
 280000 +3.20777440e+05 +4.64298353e+05  1.44e+05   1.10e+03     6.80e-04   2399.112s
 281000 +3.20667087e+05 +4.63422871e+05  1.43e+05   1.10e+03     6.78e-04   2407.168s
 282000 +3.20540580e+05 +4.62520652e+05  1.42e+05   1.10e+03     6.75e-04   2415.225s
 283000 +3.20423792e+05 +4.61598848e+05  1.41e+05   1.10e+03     6.70e-04   2423.281s
 284000 +3.20309694e+05 +4.60726480e+05  1.40e+05   1.10e+03     6.68e-04   2431.336s
 285000 +3.20205797e+05 +4.59849173e+05  1.40e+05   1.10e+03     6.63e-04   2439.391s
 286000 +3.20110647e+05 +4.58974250e+05  1.39e+05   1.09e+03     6.63e-04   2447.448s
 287000 +3.20019351e+05 +4.58078079e+05  1.38e+05   1.09e+03     6.60e-04   2455.504s
 288000 +3.19918741e+05 +4.57198688e+05  1.37e+05   1.09e+03     6.53e-04   2463.560s
 289000 +3.19824562e+05 +4.56355105e+05  1.37e+05   1.09e+03     6.51e-04   2471.617s
 290000 +3.19730839e+05 +4.55530642e+05  1.36e+05   1.09e+03     6.50e-04   2479.672s
 291000 +3.19672192e+05 +4.54731550e+05  1.35e+05   1.08e+03     7.14e-04   2487.728s
 292000 +3.19603203e+05 +4.53937359e+05  1.34e+05   1.08e+03     6.46e-04   2495.784s
 293000 +3.19504582e+05 +4.53144325e+05  1.34e+05   1.08e+03     6.38e-04   2503.839s
 294000 +3.19405899e+05 +4.52365341e+05  1.33e+05   1.08e+03     6.36e-04   2511.896s
 295000 +3.19313522e+05 +4.51580959e+05  1.32e+05   1.08e+03     6.32e-04   2519.952s
 296000 +3.19216493e+05 +4.50765013e+05  1.32e+05   1.07e+03     6.30e-04   2528.008s
 297000 +3.19133093e+05 +4.49964120e+05  1.31e+05   1.07e+03     6.25e-04   2536.063s
 298000 +3.19044697e+05 +4.49172118e+05  1.30e+05   1.07e+03     6.25e-04   2544.119s
 299000 +3.18953329e+05 +4.48380707e+05  1.29e+05   1.07e+03     6.17e-04   2552.174s
 300000 +3.18877311e+05 +4.47620402e+05  1.29e+05   1.07e+03     6.15e-04   2560.233s
 301000 +3.18797487e+05 +4.46871494e+05  1.28e+05   1.06e+03     6.11e-04   2568.288s
 302000 +3.18712434e+05 +4.46131955e+05  1.27e+05   1.06e+03     6.08e-04   2576.343s
 303000 +3.18629059e+05 +4.45404805e+05  1.27e+05   1.06e+03     6.04e-04   2584.400s
 304000 +3.18549280e+05 +4.44680374e+05  1.26e+05   1.06e+03     6.01e-04   2592.458s
 305000 +3.18471316e+05 +4.43950917e+05  1.25e+05   1.05e+03     6.02e-04   2600.514s
 306000 +3.18393287e+05 +4.43232912e+05  1.25e+05   1.05e+03     5.96e-04   2608.571s
 307000 +3.18308502e+05 +4.42527879e+05  1.24e+05   1.05e+03     5.94e-04   2616.629s
 308000 +3.18246067e+05 +4.41859977e+05  1.24e+05   1.05e+03     5.94e-04   2624.686s
 309000 +3.18176686e+05 +4.41195199e+05  1.23e+05   1.04e+03     5.90e-04   2632.743s
 310000 +3.18122850e+05 +4.40492717e+05  1.22e+05   1.04e+03     5.91e-04   2640.800s
 311000 +3.18045744e+05 +4.39717437e+05  1.22e+05   1.04e+03     5.83e-04   2648.856s
 312000 +3.17978446e+05 +4.38940367e+05  1.21e+05   1.04e+03     5.86e-04   2656.913s
 313000 +3.17925461e+05 +4.38159016e+05  1.20e+05   1.03e+03     5.78e-04   2664.971s
 314000 +3.17858028e+05 +4.37314155e+05  1.19e+05   1.03e+03     5.75e-04   2673.028s
 315000 +3.17799971e+05 +4.36471579e+05  1.19e+05   1.03e+03     5.71e-04   2681.085s
 316000 +3.17740246e+05 +4.35632307e+05  1.18e+05   1.03e+03     5.68e-04   2689.141s
 317000 +3.17673038e+05 +4.34771521e+05  1.17e+05   1.03e+03     5.65e-04   2697.198s
 318000 +3.17602624e+05 +4.33921714e+05  1.16e+05   1.03e+03     5.61e-04   2705.255s
 319000 +3.17529653e+05 +4.33100558e+05  1.16e+05   1.02e+03     5.56e-04   2713.313s
 320000 +3.17468166e+05 +4.32297016e+05  1.15e+05   1.02e+03     5.57e-04   2721.370s
 321000 +3.17408457e+05 +4.31546920e+05  1.14e+05   1.02e+03     5.51e-04   2729.427s
 322000 +3.17348796e+05 +4.30812534e+05  1.13e+05   1.02e+03     5.46e-04   2737.484s
 323000 +3.17289844e+05 +4.30061603e+05  1.13e+05   1.01e+03     5.44e-04   2745.540s
 324000 +3.17232547e+05 +4.29327995e+05  1.12e+05   1.01e+03     5.42e-04   2753.596s
 325000 +3.17172704e+05 +4.28619236e+05  1.11e+05   1.01e+03     5.37e-04   2761.653s
 326000 +3.17118953e+05 +4.27887687e+05  1.11e+05   1.01e+03     5.38e-04   2769.709s
 327000 +3.17090338e+05 +4.27187239e+05  1.10e+05   1.00e+03     5.33e-04   2777.767s
 328000 +3.17034502e+05 +4.26545865e+05  1.10e+05   1.00e+03     5.31e-04   2785.825s
 329000 +3.16979495e+05 +4.25911653e+05  1.09e+05   9.98e+02     5.27e-04   2793.880s
 330000 +3.16936366e+05 +4.25267479e+05  1.08e+05   9.95e+02     5.25e-04   2801.938s
331000 +3.17214845e+05 +4.24578775e+05  1.07e+05   9.50e+02     5.44e-04   2792.818s
 332000 +3.17177184e+05 +4.23761586e+05  1.07e+05   9.65e+02     4.80e-04   2800.843s
 333000 +3.17047099e+05 +4.22927226e+05  1.06e+05   9.81e+02     4.76e-04   2808.868s
 334000 +3.16915996e+05 +4.22097433e+05  1.05e+05   9.95e+02     4.74e-04   2816.893s
 335000 +3.16798497e+05 +4.21240213e+05  1.04e+05   1.01e+03     4.73e-04   2824.919s
 336000 +3.16692600e+05 +4.20350954e+05  1.04e+05   1.02e+03     4.73e-04   2832.944s
 337000 +3.16574190e+05 +4.19489953e+05  1.03e+05   1.03e+03     4.70e-04   2840.970s
 338000 +3.16460890e+05 +4.18634342e+05  1.02e+05   1.04e+03     4.67e-04   2848.997s
 339000 +3.16348456e+05 +4.17782206e+05  1.01e+05   1.05e+03     4.63e-04   2857.024s
 340000 +3.16261146e+05 +4.16905849e+05  1.01e+05   1.06e+03     4.69e-04   2865.052s
 341000 +3.16178588e+05 +4.16014018e+05  9.98e+04   1.07e+03     4.63e-04   2873.079s
 342000 +3.16077057e+05 +4.15126238e+05  9.90e+04   1.07e+03     4.56e-04   2881.105s
 343000 +3.16005051e+05 +4.14206382e+05  9.82e+04   1.08e+03     4.57e-04   2889.132s
 344000 +3.15902177e+05 +4.13271861e+05  9.74e+04   1.09e+03     4.51e-04   2897.158s
 345000 +3.15794971e+05 +4.12365554e+05  9.66e+04   1.10e+03     4.48e-04   2905.182s
 346000 +3.15697221e+05 +4.11499127e+05  9.58e+04   1.10e+03     4.45e-04   2913.202s
 347000 +3.15600440e+05 +4.10652709e+05  9.51e+04   1.11e+03     4.43e-04   2921.220s
 348000 +3.15505994e+05 +4.09779179e+05  9.43e+04   1.11e+03     4.40e-04   2929.234s
 349000 +3.15417926e+05 +4.08924874e+05  9.35e+04   1.11e+03     4.37e-04   2937.246s
 350000 +3.15327506e+05 +4.08080139e+05  9.28e+04   1.12e+03     4.35e-04   2945.255s
 351000 +3.15236038e+05 +4.07243117e+05  9.20e+04   1.12e+03     4.31e-04   2953.263s
 352000 +3.15158673e+05 +4.06448336e+05  9.13e+04   1.13e+03     4.29e-04   2961.270s
 353000 +3.15074255e+05 +4.05642493e+05  9.06e+04   1.13e+03     4.26e-04   2969.276s
 354000 +3.14993713e+05 +4.04843450e+05  8.98e+04   1.13e+03     4.24e-04   2977.282s
 355000 +3.14918129e+05 +4.04037258e+05  8.91e+04   1.13e+03     4.20e-04   2985.288s
 356000 +3.14843937e+05 +4.03190956e+05  8.83e+04   1.13e+03     4.17e-04   2993.291s
 3570000 +3.14766849e+05 +4.02358328e+05  8.76e+04   1.14e+03     4.14e-04   3003.258s
 358000 +3.14690020e+05 +4.01524828e+05  8.68e+04   1.14e+03     4.12e-04   3011.260s
 359000 +3.14622863e+05 +4.00717255e+05  8.61e+04   1.14e+03     4.09e-04   3019.264s
 360000 +3.14578895e+05 +3.99902141e+05  8.53e+04   1.13e+03     4.06e-04   3027.268s
 361000 +3.14512627e+05 +3.99117020e+05  8.46e+04   1.13e+03     4.04e-04   3035.272s
 362000 +3.14452270e+05 +3.98309380e+05  8.39e+04   1.13e+03     4.01e-04   3043.276s
 363000 +3.14418449e+05 +3.97486328e+05  8.31e+04   1.13e+03     3.97e-04   3051.280s
 364000 +3.14353237e+05 +3.96716609e+05  8.24e+04   1.13e+03     3.95e-04   3059.286s
 365000 +3.14291895e+05 +3.95935033e+05  8.16e+04   1.13e+03     3.91e-04   3067.292s
 366000 +3.14237166e+05 +3.95198452e+05  8.10e+04   1.13e+03     3.89e-04   3075.297s
 367000 +3.14187603e+05 +3.94488665e+05  8.03e+04   1.13e+03     3.86e-04   3083.303s
 368000 +3.14135699e+05 +3.93813645e+05  7.97e+04   1.13e+03     3.83e-04   3091.309s
 369000 +3.14089685e+05 +3.93146676e+05  7.91e+04   1.12e+03     3.81e-04   3099.316s
 370000 +3.14067312e+05 +3.92471186e+05  7.84e+04   1.12e+03     3.80e-04   3107.321s
 371000 +3.14041823e+05 +3.91805792e+05  7.78e+04   1.12e+03     3.77e-04   3115.327s
 372000 +3.14003157e+05 +3.91135965e+05  7.71e+04   1.12e+03     3.73e-04   3123.332s
 373000 +3.13969195e+05 +3.90461062e+05  7.65e+04   1.11e+03     3.71e-04   3131.338s
 374000 +3.13930012e+05 +3.89775814e+05  7.58e+04   1.11e+03     3.69e-04   3139.344s
 375000 +3.13903384e+05 +3.89098872e+05  7.52e+04   1.11e+03     3.68e-04   3147.351s
 376000 +3.13891024e+05 +3.88421965e+05  7.45e+04   1.10e+03     3.66e-04   3155.359s
 377000 +3.13871911e+05 +3.87772951e+05  7.39e+04   1.10e+03     3.65e-04   3163.365s
 378000 +3.13852373e+05 +3.87150419e+05  7.33e+04   1.10e+03     3.60e-04   3171.371s
 379000 +3.13838645e+05 +3.86544726e+05  7.27e+04   1.09e+03     3.58e-04   3179.377s
 380000 +3.13824452e+05 +3.85935272e+05  7.21e+04   1.09e+03     3.58e-04   3187.382s
 381000 +3.13815733e+05 +3.85316036e+05  7.15e+04   1.08e+03     3.56e-04   3195.388s
 382000 +3.13802029e+05 +3.84659832e+05  7.09e+04   1.08e+03     3.52e-04   3203.394s
 383000 +3.13784196e+05 +3.84027490e+05  7.02e+04   1.08e+03     3.50e-04   3211.400s
 384000 +3.13768644e+05 +3.83402409e+05  6.96e+04   1.07e+03     3.48e-04   3219.406s
 385000 +3.13751579e+05 +3.82794184e+05  6.90e+04   1.07e+03     3.46e-04   3227.411s
 386000 +3.13757867e+05 +3.82183696e+05  6.84e+04   1.06e+03     3.45e-04   3235.418s
 387000 +3.13747574e+05 +3.81579017e+05  6.78e+04   1.06e+03     3.44e-04   3243.423s
 388000 +3.13729947e+05 +3.81008821e+05  6.73e+04   1.06e+03     3.39e-04   3251.429s
 389000 +3.13709135e+05 +3.80443929e+05  6.67e+04   1.05e+03     3.38e-04   3259.435s
 390000 +3.13687767e+05 +3.79862431e+05  6.62e+04   1.05e+03     3.35e-04   3267.442s
 391000 +3.13670099e+05 +3.79280105e+05  6.56e+04   1.05e+03     3.33e-04   3275.448s
 392000 +3.13654792e+05 +3.78731211e+05  6.51e+04   1.04e+03     3.32e-04   3283.455s
 393000 +3.13685258e+05 +3.78171144e+05  6.45e+04   1.04e+03     3.30e-04   3291.462s
 394000 +3.13672168e+05 +3.77597119e+05  6.39e+04   1.03e+03     3.29e-04   3299.470s
 395000 +3.13660803e+05 +3.77046512e+05  6.34e+04   1.03e+03     3.26e-04   3307.477s
 396000 +3.13650056e+05 +3.76514199e+05  6.29e+04   1.02e+03     3.24e-04   3315.483s
 397000 +3.13638728e+05 +3.75989752e+05  6.24e+04   1.02e+03     3.23e-04   3323.490s
 398000 +3.13633333e+05 +3.75479125e+05  6.18e+04   1.02e+03     3.23e-04   3331.498s
 399000 +3.13618429e+05 +3.74962272e+05  6.13e+04   1.01e+03     3.21e-04   3339.505s
 400000 +3.13609016e+05 +3.74441923e+05  6.08e+04   1.01e+03     3.17e-04   3347.515s
 401000 +3.13601334e+05 +3.73939780e+05  6.03e+04   1.00e+03     3.19e-04   3355.521s
402000 +3.13592342e+05 +3.73443550e+05  5.99e+04   9.99e+02     3.14e-04   3361.186s
 403000 +3.13582001e+05 +3.72966780e+05  5.94e+04   9.95e+02     3.12e-04   3369.187s
 404000 +3.13575143e+05 +3.72493793e+05  5.89e+04   9.91e+02     3.09e-04   3377.187s
 405000 +3.13567447e+05 +3.72036166e+05  5.85e+04   9.88e+02     3.10e-04   3385.187s
 406000 +3.13559019e+05 +3.71592321e+05  5.80e+04   9.84e+02     3.07e-04   3393.187s
 407000 +3.13558011e+05 +3.71148190e+05  5.76e+04   9.80e+02     3.09e-04   3401.187s
 408000 +3.13569748e+05 +3.70721008e+05  5.72e+04   9.76e+02     3.07e-04   3409.188s
 409000 +3.13583211e+05 +3.70268661e+05  5.67e+04   9.72e+02     3.02e-04   3417.189s
 410000 +3.13579436e+05 +3.69827101e+05  5.62e+04   9.68e+02     2.98e-04   3425.190s
 411000 +3.13582963e+05 +3.69395125e+05  5.58e+04   9.63e+02     2.96e-04   3433.191s
 412000 +3.13594741e+05 +3.68930510e+05  5.53e+04   9.59e+02     2.95e-04   3441.191s
 413000 +3.13603652e+05 +3.68462168e+05  5.49e+04   9.55e+02     2.92e-04   3449.191s
 414000 +3.13601464e+05 +3.68009509e+05  5.44e+04   9.51e+02     2.90e-04   3457.191s
 415000 +3.13603346e+05 +3.67556801e+05  5.40e+04   9.47e+02     2.91e-04   3465.191s
 416000 +3.13595928e+05 +3.67110117e+05  5.35e+04   9.44e+02     2.87e-04   3473.192s
 417000 +3.13613042e+05 +3.66649169e+05  5.30e+04   9.40e+02     2.87e-04   3481.191s
 418000 +3.13599954e+05 +3.66216789e+05  5.26e+04   9.37e+02     2.82e-04   3489.191s
 419000 +3.13605072e+05 +3.65786443e+05  5.22e+04   9.33e+02     2.80e-04   3497.191s
 420000 +3.13619418e+05 +3.65374952e+05  5.18e+04   9.29e+02     2.90e-04   3505.191s
 421000 +3.13623659e+05 +3.64986774e+05  5.14e+04   9.26e+02     2.78e-04   3513.192s
 422000 +3.13627831e+05 +3.64604182e+05  5.10e+04   9.22e+02     2.73e-04   3521.195s
 423000 +3.13640638e+05 +3.64228317e+05  5.06e+04   9.18e+02     2.71e-04   3529.196s
 424000 +3.13648246e+05 +3.63862766e+05  5.02e+04   9.15e+02     2.69e-04   3537.199s
 425000 +3.13660873e+05 +3.63511065e+05  4.99e+04   9.11e+02     2.68e-04   3545.204s
 426000 +3.13674113e+05 +3.63152783e+05  4.95e+04   9.07e+02     2.69e-04   3553.210s
 427000 +3.13679608e+05 +3.62799511e+05  4.91e+04   9.04e+02     2.68e-04   3561.212s
 428000 +3.13689331e+05 +3.62480510e+05  4.88e+04   9.00e+02     2.62e-04   3569.212s
 429000 +3.13708434e+05 +3.62142377e+05  4.84e+04   8.95e+02     2.61e-04   3577.210s
 430000 +3.13722620e+05 +3.61795228e+05  4.81e+04   8.92e+02     2.59e-04   3585.207s
 431000 +3.13728362e+05 +3.61402123e+05  4.77e+04   8.89e+02     2.56e-04   3593.204s
 432000 +3.13728870e+05 +3.60942600e+05  4.72e+04   8.86e+02     2.53e-04   3601.199s
PDLP finished
Status: Time Limit   Objective: 3.13728870e+05  Iterations: 432000  Time: 3601.317s

### exit_code=0
### finished=2026-07-29T19:40:42.758525
### gpu_peak_mb=133402.4
### gpu_peak2_mb=0.0
### per_gpu_peak_mb=[133402.375]
