### solver=cuopt-base
### instance=/home/scratch.cmaes_sw/large-scale-LP-test-problems/large-problem-instances/multicommodity-flow-instance_5000_50_500.mps
### n_gpus=1
### CUDA_VISIBLE_DEVICES=0
### started=2026-07-24T14:33:05.480801
### argv=/home/scratch.vmostovoi_gpu/mostovoi_cuopt/cpp/build/cuopt_cli --method 1 --mps-reader experimental-fast --time-limit 3600 --iteration-limit 1000000000 --relative-primal-tolerance 1e-6 --relative-dual-tolerance 1e-6 --relative-gap-tolerance 1e-6 --log-to-console true /home/scratch.cmaes_sw/large-scale-LP-test-problems/large-problem-instances/multicommodity-flow-instance_5000_50_500.mps
### --- solver output ---
Setting parameter iteration_limit to 1000000000
Setting parameter log_to_console to true
Setting parameter method to 1
Setting parameter relative_dual_tolerance to 1.000000e-06
Setting parameter relative_gap_tolerance to 1.000000e-06
Setting parameter relative_primal_tolerance to 1.000000e-06
Setting parameter time_limit to 3.600000e+03
Reading file multicommodity-flow-instance_5000_50_500.mps
Using experimental fast MPS parser for '/home/scratch.cmaes_sw/large-scale-LP-test-problems/large-problem-instances/multicommodity-flow-instance_5000_50_500.mps'
Read file multicommodity-flow-instance_5000_50_500.mps in 21.59 seconds
cuOpt version: 26.8.0, git hash: 7116ead1, host arch: x86_64, device archs: 100a-real
CPU: INTEL(R) XEON(R) PLATINUM 8570, threads (physical/logical): 112/224, RAM: 1848.20 GiB
CUDA 13.3, device: NVIDIA B200 (ID 0), VRAM: 178.34 GiB
CUDA device UUID: 4faedc2b-8c90-244a-868b-e28d99055052
Solving a problem with 2775050 constraints, 126250050 variables (0 integers), and 253750050 nonzeros
Problem scaling:
Objective coefficents range:          [1e+00, 1e+00]
Constraint matrix coefficients range: [9e-08, 2e+03]
Constraint rhs / bounds range:        [1e+00, 1e+00]
Variable bounds range:                [0e+00, 0e+00]
Warning: input problem contains a large range of coefficients: consider reformulating to avoid numerical difficulties.

Using PSLP presolver
PSLP Presolved problem: 2775003 constraints, 126247700 variables, 253745350 non-zeros
PSLP presolve time: 68.63s
Objective offset 0.000000 scaling_factor 1.000000
   Iter    Primal Obj.      Dual Obj.    Gap        Primal Res.  Dual Res.   Time
      0 +0.00000000e+00 +0.00000000e+00  0.00e+00   1.58e+03     1.12e+04   70.225s
   1000 +1.42570554e+08 +1.54446323e+08  1.19e+07   4.70e+03     1.25e+02   75.780s
   2000 +1.43544178e+08 +1.49778559e+08  6.23e+06   2.86e+03     4.72e+01   80.497s
   3000 +1.44696206e+08 +1.48103858e+08  3.41e+06   1.96e+03     2.24e+01   85.217s
   4000 +1.45360323e+08 +1.47284603e+08  1.92e+06   1.56e+03     1.12e+01   89.940s
   5000 +1.45581952e+08 +1.46992492e+08  1.41e+06   1.12e+03     6.80e+00   94.662s
   6000 +1.45749617e+08 +1.46752497e+08  1.00e+06   1.39e+03     3.76e+00   99.393s
   7000 +1.45817328e+08 +1.46647796e+08  8.30e+05   9.25e+02     2.02e+00   104.119s
   8000 +1.45853423e+08 +1.46610703e+08  7.57e+05   7.62e+02     1.42e+00   108.847s
   9000 +1.45892361e+08 +1.46591189e+08  6.99e+05   6.72e+02     1.01e+00   113.577s
  10000 +1.45922993e+08 +1.46552311e+08  6.29e+05   6.91e+02     4.82e-01   118.312s
  11000 +1.45943068e+08 +1.46544836e+08  6.02e+05   6.41e+02     3.16e-01   122.995s
  12000 +1.45965840e+08 +1.46541705e+08  5.76e+05   5.89e+02     2.42e-01   127.679s
  13000 +1.45986565e+08 +1.46539678e+08  5.53e+05   5.62e+02     1.88e-01   132.363s
  14000 +1.46005047e+08 +1.46538376e+08  5.33e+05   5.38e+02     1.47e-01   137.049s
  15000 +1.46020652e+08 +1.46534724e+08  5.14e+05   5.11e+02     8.74e-02   141.738s
  16000 +1.46036024e+08 +1.46534373e+08  4.98e+05   5.00e+02     7.48e-02   146.425s
  17000 +1.46051087e+08 +1.46534145e+08  4.83e+05   4.91e+02     5.93e-02   151.112s
  18000 +1.46065138e+08 +1.46534145e+08  4.69e+05   4.82e+02     5.10e-02   155.799s
  19000 +1.46078599e+08 +1.46534151e+08  4.56e+05   4.72e+02     4.39e-02   160.487s
  20000 +1.46090828e+08 +1.46534185e+08  4.43e+05   4.63e+02     3.88e-02   165.174s
  21000 +1.46103090e+08 +1.46534319e+08  4.31e+05   4.52e+02     3.65e-02   169.862s
  22000 +1.46115142e+08 +1.46534264e+08  4.19e+05   4.45e+02     2.97e-02   174.550s
  23000 +1.46124629e+08 +1.46534048e+08  4.09e+05   4.28e+02     2.85e-02   179.244s
  24000 +1.46137820e+08 +1.46534522e+08  3.97e+05   4.11e+02     4.33e-02   183.932s
  25000 +1.46155978e+08 +1.46534920e+08  3.79e+05   3.95e+02     5.31e-02   188.622s
  26000 +1.46176943e+08 +1.46535309e+08  3.58e+05   3.81e+02     5.41e-02   193.311s
  27000 +1.46198010e+08 +1.46535627e+08  3.38e+05   3.66e+02     5.62e-02   198.001s
  28000 +1.46217122e+08 +1.46535931e+08  3.19e+05   3.53e+02     5.29e-02   202.690s
  29000 +1.46234642e+08 +1.46536164e+08  3.02e+05   3.39e+02     5.21e-02   207.378s
  30000 +1.46251008e+08 +1.46536411e+08  2.85e+05   3.26e+02     4.95e-02   212.068s
  31000 +1.46265537e+08 +1.46536608e+08  2.71e+05   3.14e+02     4.82e-02   216.757s
  32000 +1.46278902e+08 +1.46536795e+08  2.58e+05   3.02e+02     4.65e-02   221.446s
  33000 +1.46291558e+08 +1.46536934e+08  2.45e+05   2.90e+02     4.53e-02   226.136s
  34000 +1.46302462e+08 +1.46537051e+08  2.35e+05   2.81e+02     4.44e-02   230.825s
  35000 +1.46313386e+08 +1.46537140e+08  2.24e+05   2.71e+02     4.16e-02   235.515s
  36000 +1.46323157e+08 +1.46537542e+08  2.14e+05   2.41e+02     8.95e-02   240.209s
  37000 +1.46341430e+08 +1.46538017e+08  1.97e+05   2.09e+02     1.49e-01   244.898s
  38000 +1.46367887e+08 +1.46538341e+08  1.70e+05   1.84e+02     1.93e-01   249.588s
  39000 +1.46397036e+08 +1.46538570e+08  1.42e+05   1.62e+02     2.10e-01   254.278s
  40000 +1.46424075e+08 +1.46538710e+08  1.15e+05   1.43e+02     2.09e-01   258.968s
  41000 +1.46447110e+08 +1.46538877e+08  9.18e+04   1.28e+02     1.96e-01   263.658s
  42000 +1.46465105e+08 +1.46538802e+08  7.37e+04   1.15e+02     1.81e-01   268.346s
  43000 +1.46478699e+08 +1.46538783e+08  6.01e+04   1.03e+02     1.59e-01   273.034s
  44000 +1.46488415e+08 +1.46538813e+08  5.04e+04   9.29e+01     1.42e-01   277.722s
  45000 +1.46495692e+08 +1.46538816e+08  4.31e+04   8.53e+01     1.27e-01   282.410s
  46000 +1.46501505e+08 +1.46538797e+08  3.73e+04   7.76e+01     1.16e-01   287.097s
  47000 +1.46505457e+08 +1.46538809e+08  3.34e+04   7.26e+01     1.06e-01   291.783s
  48000 +1.46508548e+08 +1.46538775e+08  3.02e+04   6.76e+01     9.74e-02   296.470s
  49000 +1.46510760e+08 +1.46538777e+08  2.80e+04   6.29e+01     8.99e-02   301.156s
  50000 +1.46512576e+08 +1.46538785e+08  2.62e+04   5.96e+01     8.37e-02   305.842s
  51000 +1.46514087e+08 +1.46538816e+08  2.47e+04   5.57e+01     7.76e-02   310.528s
  52000 +1.46515782e+08 +1.46538744e+08  2.30e+04   5.03e+01     5.65e-02   315.219s
  53000 +1.46519067e+08 +1.46538720e+08  1.97e+04   4.17e+01     5.62e-02   319.905s
  54000 +1.46521157e+08 +1.46538719e+08  1.76e+04   3.75e+01     5.63e-02   324.591s
  55000 +1.46523559e+08 +1.46538713e+08  1.52e+04   3.39e+01     5.80e-02   329.278s
  56000 +1.46526041e+08 +1.46538696e+08  1.27e+04   3.07e+01     5.86e-02   333.965s
  57000 +1.46528524e+08 +1.46538680e+08  1.02e+04   2.75e+01     5.99e-02   338.651s
  58000 +1.46530926e+08 +1.46538691e+08  7.77e+03   2.56e+01     5.77e-02   343.337s
  59000 +1.46532990e+08 +1.46538697e+08  5.71e+03   2.39e+01     5.50e-02   348.023s
  60000 +1.46534798e+08 +1.46538706e+08  3.91e+03   2.24e+01     5.23e-02   352.708s
  61000 +1.46536298e+08 +1.46538713e+08  2.42e+03   2.11e+01     4.94e-02   357.393s
  62000 +1.46537416e+08 +1.46538721e+08  1.30e+03   1.98e+01     4.66e-02   362.079s
  63000 +1.46538231e+08 +1.46538726e+08  4.95e+02   1.89e+01     4.35e-02   366.764s
  64000 +1.46538801e+08 +1.46538728e+08  7.30e+01   1.77e+01     4.12e-02   371.450s
  65000 +1.46539203e+08 +1.46538728e+08  4.75e+02   1.61e+01     3.85e-02   376.135s
  66000 +1.46539405e+08 +1.46538711e+08  6.93e+02   1.54e+01     3.63e-02   380.821s
  67000 +1.46539510e+08 +1.46538727e+08  7.83e+02   1.51e+01     3.47e-02   385.507s
  68000 +1.46539503e+08 +1.46538711e+08  7.91e+02   1.42e+01     3.29e-02   390.192s
  69000 +1.46539389e+08 +1.46538714e+08  6.76e+02   1.38e+01     3.17e-02   394.877s
  70000 +1.46539236e+08 +1.46538722e+08  5.14e+02   1.29e+01     3.10e-02   399.562s
  71000 +1.46539002e+08 +1.46538716e+08  2.86e+02   1.27e+01     3.03e-02   404.247s
  72000 +1.46538795e+08 +1.46538728e+08  6.62e+01   1.21e+01     2.88e-02   408.933s
  73000 +1.46538593e+08 +1.46538720e+08  1.27e+02   1.13e+01     2.81e-02   413.618s
  74000 +1.46538402e+08 +1.46538719e+08  3.17e+02   1.05e+01     2.77e-02   418.304s
  75000 +1.46538224e+08 +1.46538715e+08  4.91e+02   1.03e+01     2.65e-02   422.990s
  76000 +1.46538109e+08 +1.46538717e+08  6.08e+02   1.00e+01     2.62e-02   427.675s
  77000 +1.46538008e+08 +1.46538712e+08  7.04e+02   9.63e+00     2.58e-02   432.360s
  78000 +1.46537967e+08 +1.46538713e+08  7.46e+02   9.14e+00     2.52e-02   437.044s
  79000 +1.46537948e+08 +1.46538710e+08  7.62e+02   8.83e+00     2.49e-02   441.730s
  80000 +1.46537952e+08 +1.46538704e+08  7.52e+02   8.57e+00     2.41e-02   446.416s
  81000 +1.46537971e+08 +1.46538685e+08  7.15e+02   8.63e+00     2.35e-02   451.101s
  82000 +1.46538398e+08 +1.46538651e+08  2.53e+02   7.17e+00     2.01e-02   455.790s
  83000 +1.46538649e+08 +1.46538651e+08  1.94e+00   6.72e+00     1.97e-02   460.475s
  84000 +1.46538855e+08 +1.46538656e+08  1.98e+02   6.57e+00     1.94e-02   465.161s
  85000 +1.46539049e+08 +1.46538656e+08  3.92e+02   6.29e+00     1.86e-02   469.846s
  86000 +1.46539201e+08 +1.46538662e+08  5.39e+02   6.13e+00     1.80e-02   474.531s
  87000 +1.46539328e+08 +1.46538660e+08  6.68e+02   5.83e+00     1.78e-02   479.217s
  88000 +1.46539433e+08 +1.46538660e+08  7.73e+02   5.62e+00     1.76e-02   483.901s
  89000 +1.46539516e+08 +1.46538658e+08  8.58e+02   5.33e+00     1.73e-02   488.586s
  90000 +1.46539572e+08 +1.46538656e+08  9.16e+02   5.18e+00     1.70e-02   493.272s
  91000 +1.46539603e+08 +1.46538656e+08  9.47e+02   4.77e+00     1.67e-02   497.957s
  92000 +1.46539686e+08 +1.46538655e+08  1.03e+03   5.73e+00     1.60e-02   502.646s
  93000 +1.46539848e+08 +1.46538661e+08  1.19e+03   5.09e+00     1.52e-02   507.331s
  94000 +1.46539933e+08 +1.46538646e+08  1.29e+03   7.63e+00     1.37e-02   512.016s
  95000 +1.46539953e+08 +1.46538656e+08  1.30e+03   6.54e+00     1.24e-02   516.702s
  96000 +1.46540080e+08 +1.46538636e+08  1.44e+03   2.01e+01     1.04e-02   521.393s
  97000 +1.46540240e+08 +1.46538650e+08  1.59e+03   1.60e+01     8.11e-03   526.078s
  98000 +1.46540402e+08 +1.46538635e+08  1.77e+03   1.63e+01     6.68e-03   530.765s
  99000 +1.46540611e+08 +1.46538627e+08  1.98e+03   1.40e+01     5.86e-03   535.451s
 100000 +1.46540792e+08 +1.46538625e+08  2.17e+03   1.26e+01     5.50e-03   540.137s
 101000 +1.46540950e+08 +1.46538622e+08  2.33e+03   1.49e+01     4.98e-03   544.823s
 102000 +1.46541082e+08 +1.46538619e+08  2.46e+03   1.26e+01     4.58e-03   549.509s
 103000 +1.46541212e+08 +1.46538617e+08  2.59e+03   1.15e+01     4.29e-03   554.194s
 104000 +1.46541422e+08 +1.46538597e+08  2.82e+03   6.99e+01     2.65e-03   558.884s
 105000 +1.46541955e+08 +1.46538593e+08  3.36e+03   3.24e+01     1.67e-03   563.571s
 106000 +1.46542187e+08 +1.46538595e+08  3.59e+03   2.38e+01     1.34e-03   568.257s
 107000 +1.46542250e+08 +1.46538592e+08  3.66e+03   2.14e+01     8.32e-04   572.944s
 108000 +1.46542279e+08 +1.46538592e+08  3.69e+03   1.74e+01     7.67e-04   577.630s
 109000 +1.46542314e+08 +1.46538591e+08  3.72e+03   1.53e+01     6.53e-04   582.317s
 110000 +1.46542348e+08 +1.46538590e+08  3.76e+03   2.58e+01     3.11e-04   587.009s
 111000 +1.46542403e+08 +1.46538589e+08  3.81e+03   2.36e+01     2.15e-04   591.695s
 112000 +1.46542402e+08 +1.46538589e+08  3.81e+03   1.54e+01     1.73e-04   596.381s
 113000 +1.46542486e+08 +1.46538589e+08  3.90e+03   2.52e+01     6.85e-05   601.071s
 114000 +1.46542580e+08 +1.46538589e+08  3.99e+03   1.71e+01     5.03e-05   605.757s
 115000 +1.46542610e+08 +1.46538588e+08  4.02e+03   1.35e+01     8.68e-06   610.450s
 116000 +1.46542566e+08 +1.46538529e+08  4.04e+03   1.12e+01     5.69e-02   615.146s
 117000 +1.46542499e+08 +1.46538556e+08  3.94e+03   6.05e+00     4.82e-02   619.830s
 118000 +1.46542560e+08 +1.46538575e+08  3.98e+03   4.49e+00     4.75e-02   624.514s
 119000 +1.46542296e+08 +1.46538591e+08  3.71e+03   3.96e+00     4.21e-02   629.198s
 120000 +1.46541936e+08 +1.46538616e+08  3.32e+03   3.24e+00     3.74e-02   633.883s
 121000 +1.46541563e+08 +1.46538614e+08  2.95e+03   2.80e+00     3.60e-02   638.567s
 122000 +1.46541178e+08 +1.46538620e+08  2.56e+03   2.48e+00     3.64e-02   643.251s
 123000 +1.46540746e+08 +1.46538613e+08  2.13e+03   2.13e+00     3.71e-02   647.933s
 124000 +1.46540264e+08 +1.46538610e+08  1.65e+03   1.99e+00     3.71e-02   652.616s
 125000 +1.46539794e+08 +1.46538608e+08  1.19e+03   1.78e+00     3.58e-02   657.300s
 126000 +1.46539384e+08 +1.46538607e+08  7.77e+02   1.64e+00     3.36e-02   661.984s
 127000 +1.46539037e+08 +1.46538608e+08  4.28e+02   1.26e+00     3.24e-02   666.672s
 128000 +1.46538680e+08 +1.46538603e+08  7.66e+01   1.12e+00     3.17e-02   671.356s
 129000 +1.46538336e+08 +1.46538599e+08  2.63e+02   1.09e+00     3.02e-02   676.041s
 130000 +1.46538042e+08 +1.46538597e+08  5.55e+02   1.06e+00     2.80e-02   680.726s
 131000 +1.46537811e+08 +1.46538595e+08  7.84e+02   1.04e+00     2.58e-02   685.412s
 132000 +1.46537638e+08 +1.46538592e+08  9.54e+02   1.04e+00     2.34e-02   690.097s
 133000 +1.46537513e+08 +1.46538593e+08  1.08e+03   1.03e+00     2.10e-02   694.781s
 134000 +1.46537434e+08 +1.46538591e+08  1.16e+03   9.97e-01     1.88e-02   699.466s
 135000 +1.46537398e+08 +1.46538589e+08  1.19e+03   9.83e-01     1.69e-02   704.149s
 136000 +1.46537416e+08 +1.46538588e+08  1.17e+03   8.95e-01     1.55e-02   708.833s
 137000 +1.46537459e+08 +1.46538588e+08  1.13e+03   9.15e-01     1.41e-02   713.518s
 138000 +1.46537532e+08 +1.46538590e+08  1.06e+03   8.23e-01     1.32e-02   718.202s
 139000 +1.46537622e+08 +1.46538588e+08  9.67e+02   8.25e-01     1.25e-02   722.886s
 140000 +1.46537721e+08 +1.46538591e+08  8.69e+02   8.25e-01     1.19e-02   727.570s
 141000 +1.46537832e+08 +1.46538588e+08  7.56e+02   7.68e-01     1.14e-02   732.255s
 142000 +1.46537941e+08 +1.46538590e+08  6.49e+02   7.12e-01     1.09e-02   736.939s
 143000 +1.46538042e+08 +1.46538588e+08  5.46e+02   7.23e-01     1.03e-02   741.623s
 144000 +1.46538132e+08 +1.46538590e+08  4.58e+02   6.38e-01     1.00e-02   746.308s
 145000 +1.46538204e+08 +1.46538588e+08  3.85e+02   6.70e-01     9.53e-03   750.992s
 146000 +1.46538263e+08 +1.46538587e+08  3.24e+02   6.03e-01     9.21e-03   755.676s
 147000 +1.46538306e+08 +1.46538588e+08  2.82e+02   5.97e-01     8.96e-03   760.361s
 148000 +1.46538336e+08 +1.46538588e+08  2.52e+02   5.74e-01     8.79e-03   765.046s
 149000 +1.46538354e+08 +1.46538589e+08  2.35e+02   5.62e-01     8.70e-03   769.731s
 150000 +1.46538361e+08 +1.46538591e+08  2.29e+02   5.39e-01     8.59e-03   774.416s
 151000 +1.46538358e+08 +1.46538589e+08  2.31e+02   5.39e-01     8.49e-03   779.100s
 152000 +1.46538350e+08 +1.46538589e+08  2.39e+02   5.05e-01     8.43e-03   783.786s
 153000 +1.46538337e+08 +1.46538588e+08  2.51e+02   5.17e-01     8.34e-03   788.471s
 154000 +1.46538300e+08 +1.46538590e+08  2.90e+02   4.50e-01     7.73e-03   793.160s
 155000 +1.46538268e+08 +1.46538589e+08  3.22e+02   4.50e-01     7.50e-03   797.845s
 156000 +1.46538241e+08 +1.46538590e+08  3.49e+02   4.45e-01     7.17e-03   802.529s
 157000 +1.46538222e+08 +1.46538589e+08  3.67e+02   4.29e-01     6.87e-03   807.214s
 158000 +1.46538210e+08 +1.46538589e+08  3.80e+02   4.40e-01     6.59e-03   811.899s
 159000 +1.46538205e+08 +1.46538589e+08  3.84e+02   4.37e-01     6.33e-03   816.583s
 160000 +1.46538205e+08 +1.46538588e+08  3.83e+02   4.41e-01     6.13e-03   821.268s
 161000 +1.46538211e+08 +1.46538588e+08  3.77e+02   4.26e-01     5.99e-03   825.952s
 162000 +1.46538221e+08 +1.46538588e+08  3.67e+02   4.27e-01     5.88e-03   830.637s
 163000 +1.46538235e+08 +1.46538588e+08  3.53e+02   4.23e-01     5.75e-03   835.321s
 164000 +1.46538253e+08 +1.46538588e+08  3.35e+02   4.22e-01     5.64e-03   840.004s
 165000 +1.46538272e+08 +1.46538587e+08  3.16e+02   4.26e-01     5.47e-03   844.689s
 166000 +1.46538292e+08 +1.46538588e+08  2.96e+02   4.16e-01     5.39e-03   849.372s
 167000 +1.46538313e+08 +1.46538588e+08  2.74e+02   4.17e-01     5.30e-03   854.055s
 168000 +1.46538336e+08 +1.46538588e+08  2.52e+02   4.17e-01     5.25e-03   858.739s
 169000 +1.46538359e+08 +1.46538587e+08  2.28e+02   4.19e-01     5.14e-03   863.423s
 170000 +1.46538383e+08 +1.46538588e+08  2.05e+02   4.08e-01     5.04e-03   868.108s
 171000 +1.46538404e+08 +1.46538588e+08  1.84e+02   4.03e-01     4.90e-03   872.792s
 172000 +1.46538424e+08 +1.46538588e+08  1.64e+02   3.97e-01     4.79e-03   877.477s
 173000 +1.46538442e+08 +1.46538588e+08  1.46e+02   3.94e-01     4.66e-03   882.162s
 174000 +1.46538460e+08 +1.46538589e+08  1.29e+02   3.93e-01     4.60e-03   886.848s
 175000 +1.46538476e+08 +1.46538589e+08  1.12e+02   3.92e-01     4.50e-03   891.533s
 176000 +1.46538489e+08 +1.46538588e+08  9.90e+01   3.58e-01     4.46e-03   896.218s
 177000 +1.46538500e+08 +1.46538588e+08  8.82e+01   3.64e-01     4.41e-03   900.902s
 178000 +1.46538508e+08 +1.46538589e+08  8.01e+01   3.49e-01     4.34e-03   905.587s
 179000 +1.46538509e+08 +1.46538591e+08  8.20e+01   3.39e-01     4.02e-03   910.274s
 180000 +1.46538508e+08 +1.46538591e+08  8.30e+01   3.51e-01     3.87e-03   914.959s
 181000 +1.46538507e+08 +1.46538591e+08  8.44e+01   3.49e-01     3.80e-03   919.643s
 182000 +1.46538505e+08 +1.46538591e+08  8.60e+01   3.47e-01     3.71e-03   924.328s
 183000 +1.46538502e+08 +1.46538591e+08  8.87e+01   3.48e-01     3.60e-03   929.013s
 184000 +1.46538499e+08 +1.46538591e+08  9.14e+01   3.44e-01     3.52e-03   933.697s
 185000 +1.46538498e+08 +1.46538591e+08  9.25e+01   3.44e-01     3.47e-03   938.382s
 186000 +1.46538498e+08 +1.46538591e+08  9.24e+01   3.38e-01     3.39e-03   943.067s
 187000 +1.46538499e+08 +1.46538591e+08  9.20e+01   3.37e-01     3.35e-03   947.751s
 188000 +1.46538500e+08 +1.46538591e+08  9.00e+01   3.46e-01     3.29e-03   952.436s
 189000 +1.46538502e+08 +1.46538590e+08  8.87e+01   3.41e-01     3.22e-03   957.120s
 190000 +1.46538502e+08 +1.46538590e+08  8.84e+01   3.50e-01     3.17e-03   961.804s
 191000 +1.46538502e+08 +1.46538590e+08  8.83e+01   3.41e-01     3.12e-03   966.489s
 192000 +1.46538501e+08 +1.46538592e+08  9.10e+01   4.28e-01     2.93e-03   971.177s
 193000 +1.46538487e+08 +1.46538592e+08  1.05e+02   3.75e-01     2.86e-03   975.862s
 194000 +1.46538470e+08 +1.46538592e+08  1.22e+02   4.15e-01     2.76e-03   980.546s
 195000 +1.46538451e+08 +1.46538592e+08  1.41e+02   4.44e-01     2.67e-03   985.230s
 196000 +1.46538431e+08 +1.46538592e+08  1.61e+02   4.17e-01     2.61e-03   989.914s
 197000 +1.46538410e+08 +1.46538591e+08  1.81e+02   4.28e-01     2.47e-03   994.599s
 198000 +1.46538391e+08 +1.46538591e+08  2.00e+02   4.91e-01     2.36e-03   999.284s
 199000 +1.46538379e+08 +1.46538591e+08  2.12e+02   4.49e-01     2.28e-03   1003.968s
 200000 +1.46538370e+08 +1.46538591e+08  2.21e+02   4.83e-01     2.14e-03   1008.654s
 201000 +1.46538362e+08 +1.46538591e+08  2.29e+02   4.72e-01     2.09e-03   1013.340s
 202000 +1.46538353e+08 +1.46538591e+08  2.38e+02   4.30e-01     2.00e-03   1018.025s
 203000 +1.46538346e+08 +1.46538591e+08  2.45e+02   4.14e-01     1.95e-03   1022.710s
 204000 +1.46538340e+08 +1.46538591e+08  2.51e+02   3.93e-01     1.92e-03   1027.394s
 205000 +1.46538334e+08 +1.46538590e+08  2.56e+02   4.20e-01     1.87e-03   1032.079s
 206000 +1.46538310e+08 +1.46538591e+08  2.81e+02   1.32e+00     1.75e-03   1036.768s
 207000 +1.46538257e+08 +1.46538591e+08  3.34e+02   9.28e-01     1.68e-03   1041.453s
 208000 +1.46538196e+08 +1.46538591e+08  3.95e+02   9.71e-01     1.59e-03   1046.138s
 209000 +1.46538139e+08 +1.46538591e+08  4.52e+02   1.05e+00     1.53e-03   1050.822s
 210000 +1.46538084e+08 +1.46538591e+08  5.07e+02   9.92e-01     1.45e-03   1055.508s
 211000 +1.46538023e+08 +1.46538590e+08  5.67e+02   1.00e+00     1.37e-03   1060.192s
 212000 +1.46537965e+08 +1.46538590e+08  6.26e+02   9.68e-01     1.32e-03   1064.878s
 213000 +1.46537915e+08 +1.46538591e+08  6.75e+02   9.13e-01     1.27e-03   1069.562s
 214000 +1.46537873e+08 +1.46538590e+08  7.18e+02   1.00e+00     1.05e-03   1074.247s
 215000 +1.46537833e+08 +1.46538590e+08  7.58e+02   8.56e-01     1.01e-03   1078.933s
 216000 +1.46537794e+08 +1.46538590e+08  7.96e+02   8.44e-01     9.76e-04   1083.618s
 217000 +1.46537761e+08 +1.46538590e+08  8.29e+02   8.34e-01     9.47e-04   1088.303s
 218000 +1.46537732e+08 +1.46538590e+08  8.58e+02   7.73e-01     9.16e-04   1092.988s
 219000 +1.46537707e+08 +1.46538590e+08  8.83e+02   7.37e-01     8.90e-04   1097.674s
 220000 +1.46537684e+08 +1.46538590e+08  9.06e+02   7.43e-01     8.68e-04   1102.361s
 221000 +1.46537666e+08 +1.46538590e+08  9.24e+02   7.89e-01     8.43e-04   1107.047s
 222000 +1.46537650e+08 +1.46538590e+08  9.40e+02   7.21e-01     8.10e-04   1111.733s
 223000 +1.46537634e+08 +1.46538590e+08  9.56e+02   7.53e-01     7.94e-04   1116.419s
 224000 +1.46537629e+08 +1.46538590e+08  9.61e+02   7.51e-01     7.71e-04   1121.106s
 225000 +1.46537626e+08 +1.46538590e+08  9.64e+02   7.23e-01     7.51e-04   1125.791s
 226000 +1.46537593e+08 +1.46538590e+08  9.98e+02   1.01e+00     6.66e-04   1130.482s
 227000 +1.46537548e+08 +1.46538590e+08  1.04e+03   7.97e-01     6.52e-04   1135.168s
 228000 +1.46537502e+08 +1.46538590e+08  1.09e+03   1.41e+00     6.14e-04   1139.854s
 229000 +1.46537474e+08 +1.46538590e+08  1.12e+03   1.17e+00     5.98e-04   1144.539s
 230000 +1.46537453e+08 +1.46538590e+08  1.14e+03   1.67e+00     5.55e-04   1149.225s
 231000 +1.46537402e+08 +1.46538590e+08  1.19e+03   3.96e+00     4.56e-04   1153.915s
 232000 +1.46537404e+08 +1.46538591e+08  1.19e+03   2.97e+00     4.32e-04   1158.601s
 233000 +1.46537386e+08 +1.46538591e+08  1.20e+03   3.89e+00     3.03e-04   1163.286s
 234000 +1.46537337e+08 +1.46538591e+08  1.25e+03   5.89e+00     1.36e-04   1167.978s
 235000 +1.46537295e+08 +1.46538591e+08  1.30e+03   5.48e+00     1.04e-04   1172.663s
 236000 +1.46537286e+08 +1.46538591e+08  1.31e+03   6.96e+00     8.12e-05   1177.350s
 237000 +1.46537272e+08 +1.46538591e+08  1.32e+03   5.73e+00     6.96e-05   1182.036s
 238000 +1.46537252e+08 +1.46538591e+08  1.34e+03   4.72e+00     3.88e-05   1186.726s
 239000 +1.46537233e+08 +1.46538591e+08  1.36e+03   4.94e+00     3.58e-05   1191.412s
 240000 +1.46537203e+08 +1.46538591e+08  1.39e+03   4.66e+00     3.27e-05   1196.099s
 241000 +1.46537159e+08 +1.46538591e+08  1.43e+03   6.59e+00     2.65e-05   1200.785s
 242000 +1.46537125e+08 +1.46538591e+08  1.47e+03   5.73e+00     2.01e-05   1205.470s
 243000 +1.46537088e+08 +1.46538591e+08  1.50e+03   5.53e+00     1.68e-05   1210.156s
 244000 +1.46537050e+08 +1.46538590e+08  1.54e+03   5.27e+00     1.36e-05   1214.842s
 245000 +1.46537003e+08 +1.46538591e+08  1.59e+03   7.51e+00     7.45e-06   1219.533s
 246000 +1.46536983e+08 +1.46538591e+08  1.61e+03   4.97e+00     5.36e-06   1224.219s
 247000 +1.46536979e+08 +1.46538591e+08  1.61e+03   4.45e+00     4.88e-06   1228.906s
 248000 +1.46536976e+08 +1.46538591e+08  1.61e+03   4.17e+00     5.01e-06   1233.597s
 249000 +1.46536974e+08 +1.46538591e+08  1.62e+03   4.14e+00     5.02e-06   1238.283s
 250000 +1.46536971e+08 +1.46538591e+08  1.62e+03   4.12e+00     4.67e-06   1242.970s
 251000 +1.46536969e+08 +1.46538591e+08  1.62e+03   4.11e+00     4.17e-06   1247.656s
 252000 +1.46536967e+08 +1.46538591e+08  1.62e+03   4.09e+00     4.61e-06   1252.342s
 253000 +1.46536965e+08 +1.46538591e+08  1.63e+03   4.07e+00     5.02e-06   1257.028s
 254000 +1.46536963e+08 +1.46538591e+08  1.63e+03   4.03e+00     5.64e-06   1261.714s
 255000 +1.46536963e+08 +1.46538591e+08  1.63e+03   3.99e+00     5.98e-06   1266.399s
 256000 +1.46536963e+08 +1.46538591e+08  1.63e+03   3.95e+00     6.54e-06   1271.084s
 257000 +1.46536965e+08 +1.46538591e+08  1.63e+03   3.88e+00     7.27e-06   1275.769s
 258000 +1.46536968e+08 +1.46538591e+08  1.62e+03   3.84e+00     7.97e-06   1280.456s
 259000 +1.46536971e+08 +1.46538591e+08  1.62e+03   3.73e+00     8.73e-06   1285.142s
 260000 +1.46536974e+08 +1.46538591e+08  1.62e+03   3.67e+00     9.37e-06   1289.827s
 261000 +1.46536977e+08 +1.46538591e+08  1.61e+03   3.61e+00     9.94e-06   1294.514s
 262000 +1.46536980e+08 +1.46538591e+08  1.61e+03   3.52e+00     1.02e-05   1299.199s
 263000 +1.46536984e+08 +1.46538591e+08  1.61e+03   3.43e+00     9.87e-06   1303.886s
 264000 +1.46536984e+08 +1.46538591e+08  1.61e+03   3.48e+00     9.48e-06   1308.572s
 265000 +1.46536983e+08 +1.46538591e+08  1.61e+03   3.32e+00     9.63e-06   1313.258s
 266000 +1.46536982e+08 +1.46538591e+08  1.61e+03   3.24e+00     9.85e-06   1317.943s
 267000 +1.46536982e+08 +1.46538591e+08  1.61e+03   3.14e+00     9.89e-06   1322.629s
 268000 +1.46536983e+08 +1.46538591e+08  1.61e+03   3.10e+00     9.55e-06   1327.314s
 269000 +1.46536983e+08 +1.46538591e+08  1.61e+03   3.01e+00     8.86e-06   1332.000s
 270000 +1.46536983e+08 +1.46538591e+08  1.61e+03   2.91e+00     8.72e-06   1336.687s
 271000 +1.46536983e+08 +1.46538591e+08  1.61e+03   2.83e+00     8.39e-06   1341.372s
 272000 +1.46536985e+08 +1.46538591e+08  1.61e+03   2.85e+00     8.08e-06   1346.059s
 273000 +1.46536985e+08 +1.46538591e+08  1.61e+03   2.75e+00     7.83e-06   1350.746s
 274000 +1.46536987e+08 +1.46538591e+08  1.60e+03   2.77e+00     6.72e-06   1355.433s
 275000 +1.46536988e+08 +1.46538591e+08  1.60e+03   2.61e+00     8.06e-06   1360.125s
 276000 +1.46536989e+08 +1.46538591e+08  1.60e+03   2.60e+00     1.02e-05   1364.811s
 277000 +1.46536990e+08 +1.46538591e+08  1.60e+03   2.58e+00     1.32e-05   1369.497s
 278000 +1.46536992e+08 +1.46538591e+08  1.60e+03   2.56e+00     1.55e-05   1374.183s
 279000 +1.46536992e+08 +1.46538591e+08  1.60e+03   2.52e+00     1.78e-05   1378.869s
 280000 +1.46536990e+08 +1.46538591e+08  1.60e+03   2.49e+00     2.11e-05   1383.555s
 281000 +1.46536985e+08 +1.46538591e+08  1.61e+03   2.42e+00     2.48e-05   1388.240s
 282000 +1.46536979e+08 +1.46538591e+08  1.61e+03   2.37e+00     2.74e-05   1392.926s
 283000 +1.46536975e+08 +1.46538591e+08  1.62e+03   2.34e+00     2.95e-05   1397.611s
 284000 +1.46536972e+08 +1.46538591e+08  1.62e+03   2.26e+00     3.20e-05   1402.297s
 285000 +1.46536967e+08 +1.46538591e+08  1.62e+03   2.20e+00     3.45e-05   1406.983s
 286000 +1.46536968e+08 +1.46538591e+08  1.62e+03   2.12e+00     3.67e-05   1411.668s
 287000 +1.46536965e+08 +1.46538591e+08  1.63e+03   2.22e+00     2.67e-05   1416.354s
 288000 +1.46536961e+08 +1.46538591e+08  1.63e+03   2.26e+00     2.62e-05   1421.040s
 289000 +1.46536956e+08 +1.46538591e+08  1.63e+03   2.15e+00     2.65e-05   1425.726s
 290000 +1.46536952e+08 +1.46538591e+08  1.64e+03   2.12e+00     2.64e-05   1430.412s
 291000 +1.46536950e+08 +1.46538591e+08  1.64e+03   2.09e+00     2.62e-05   1435.098s
 292000 +1.46536948e+08 +1.46538591e+08  1.64e+03   2.08e+00     2.54e-05   1439.783s
 293000 +1.46536946e+08 +1.46538591e+08  1.64e+03   2.04e+00     2.53e-05   1444.469s
 294000 +1.46536945e+08 +1.46538591e+08  1.65e+03   1.94e+00     2.34e-05   1449.156s
 295000 +1.46536943e+08 +1.46538591e+08  1.65e+03   1.92e+00     2.31e-05   1453.841s
 296000 +1.46536943e+08 +1.46538591e+08  1.65e+03   1.84e+00     2.32e-05   1458.526s
 297000 +1.46536943e+08 +1.46538591e+08  1.65e+03   1.81e+00     2.31e-05   1463.213s
 298000 +1.46536945e+08 +1.46538591e+08  1.65e+03   1.76e+00     2.21e-05   1467.900s
 299000 +1.46536951e+08 +1.46538591e+08  1.64e+03   1.69e+00     2.22e-05   1472.586s
 300000 +1.46536957e+08 +1.46538591e+08  1.63e+03   1.68e+00     2.18e-05   1477.271s
 301000 +1.46536963e+08 +1.46538591e+08  1.63e+03   1.62e+00     2.16e-05   1481.958s
 302000 +1.46536971e+08 +1.46538591e+08  1.62e+03   1.52e+00     2.15e-05   1486.643s
 303000 +1.46536979e+08 +1.46538591e+08  1.61e+03   1.45e+00     2.16e-05   1491.329s
 304000 +1.46536986e+08 +1.46538591e+08  1.60e+03   1.47e+00     1.82e-05   1496.014s
 305000 +1.46536987e+08 +1.46538591e+08  1.60e+03   1.28e+00     1.73e-05   1500.704s
 306000 +1.46536989e+08 +1.46538591e+08  1.60e+03   1.27e+00     1.97e-05   1505.390s
 307000 +1.46536991e+08 +1.46538591e+08  1.60e+03   1.25e+00     2.22e-05   1510.075s
 308000 +1.46536994e+08 +1.46538591e+08  1.60e+03   1.23e+00     2.61e-05   1514.761s
 309000 +1.46536999e+08 +1.46538591e+08  1.59e+03   1.21e+00     3.05e-05   1519.446s
 310000 +1.46537005e+08 +1.46538591e+08  1.59e+03   1.18e+00     3.70e-05   1524.131s
 311000 +1.46537013e+08 +1.46538591e+08  1.58e+03   1.15e+00     4.36e-05   1528.817s
 312000 +1.46537023e+08 +1.46538591e+08  1.57e+03   1.11e+00     5.00e-05   1533.503s
 313000 +1.46537034e+08 +1.46538591e+08  1.56e+03   1.07e+00     5.59e-05   1538.188s
 314000 +1.46537045e+08 +1.46538591e+08  1.55e+03   1.05e+00     6.10e-05   1542.873s
 315000 +1.46537057e+08 +1.46538591e+08  1.53e+03   1.01e+00     6.55e-05   1547.558s
 316000 +1.46537070e+08 +1.46538591e+08  1.52e+03   9.81e-01     6.94e-05   1552.244s
 317000 +1.46537086e+08 +1.46538591e+08  1.51e+03   9.50e-01     7.28e-05   1556.930s
 318000 +1.46537102e+08 +1.46538591e+08  1.49e+03   9.22e-01     7.55e-05   1561.616s
 319000 +1.46537120e+08 +1.46538591e+08  1.47e+03   8.98e-01     7.75e-05   1566.301s
 320000 +1.46537140e+08 +1.46538591e+08  1.45e+03   8.77e-01     7.90e-05   1570.987s
 321000 +1.46537163e+08 +1.46538591e+08  1.43e+03   8.76e-01     7.95e-05   1575.673s
 322000 +1.46537186e+08 +1.46538591e+08  1.40e+03   8.53e-01     7.99e-05   1580.359s
 323000 +1.46537210e+08 +1.46538591e+08  1.38e+03   8.33e-01     7.99e-05   1585.044s
 324000 +1.46537230e+08 +1.46538591e+08  1.36e+03   9.07e-01     5.87e-05   1589.730s
 325000 +1.46537244e+08 +1.46538591e+08  1.35e+03   8.99e-01     5.34e-05   1594.416s
 326000 +1.46537258e+08 +1.46538591e+08  1.33e+03   8.12e-01     4.83e-05   1599.101s
 327000 +1.46537272e+08 +1.46538591e+08  1.32e+03   8.27e-01     4.70e-05   1603.786s
 328000 +1.46537288e+08 +1.46538591e+08  1.30e+03   8.12e-01     4.73e-05   1608.471s
 329000 +1.46537303e+08 +1.46538591e+08  1.29e+03   7.50e-01     4.71e-05   1613.156s
 330000 +1.46537316e+08 +1.46538591e+08  1.28e+03   7.93e-01     4.25e-05   1617.841s
 331000 +1.46537326e+08 +1.46538591e+08  1.26e+03   8.14e-01     4.11e-05   1622.526s
 332000 +1.46537335e+08 +1.46538591e+08  1.26e+03   7.63e-01     4.04e-05   1627.212s
 333000 +1.46537345e+08 +1.46538591e+08  1.25e+03   7.41e-01     4.00e-05   1631.898s
 334000 +1.46537355e+08 +1.46538591e+08  1.24e+03   7.41e-01     3.97e-05   1636.583s
 335000 +1.46537366e+08 +1.46538591e+08  1.23e+03   7.23e-01     3.93e-05   1641.269s
 336000 +1.46537375e+08 +1.46538591e+08  1.22e+03   7.30e-01     3.94e-05   1645.954s
 337000 +1.46537385e+08 +1.46538591e+08  1.21e+03   7.03e-01     3.90e-05   1650.639s
 338000 +1.46537395e+08 +1.46538591e+08  1.20e+03   7.00e-01     3.90e-05   1655.324s
 339000 +1.46537403e+08 +1.46538591e+08  1.19e+03   6.44e-01     3.57e-05   1660.014s
 340000 +1.46537407e+08 +1.46538591e+08  1.18e+03   6.41e-01     3.66e-05   1664.700s
 341000 +1.46537410e+08 +1.46538591e+08  1.18e+03   6.40e-01     3.75e-05   1669.385s
 342000 +1.46537415e+08 +1.46538591e+08  1.18e+03   6.37e-01     3.93e-05   1674.071s
 343000 +1.46537420e+08 +1.46538591e+08  1.17e+03   6.34e-01     4.13e-05   1678.756s
 344000 +1.46537425e+08 +1.46538591e+08  1.17e+03   6.31e-01     4.36e-05   1683.442s
 345000 +1.46537432e+08 +1.46538591e+08  1.16e+03   6.28e-01     4.60e-05   1688.127s
 346000 +1.46537439e+08 +1.46538591e+08  1.15e+03   6.31e-01     4.51e-05   1692.813s
 347000 +1.46537448e+08 +1.46538591e+08  1.14e+03   6.22e-01     4.72e-05   1697.498s
 348000 +1.46537457e+08 +1.46538591e+08  1.13e+03   6.19e-01     4.91e-05   1702.184s
 349000 +1.46537468e+08 +1.46538591e+08  1.12e+03   6.11e-01     5.02e-05   1706.870s
 350000 +1.46537480e+08 +1.46538591e+08  1.11e+03   6.04e-01     5.20e-05   1711.556s
 351000 +1.46537492e+08 +1.46538591e+08  1.10e+03   5.98e-01     5.18e-05   1716.242s
 352000 +1.46537506e+08 +1.46538591e+08  1.08e+03   5.92e-01     5.31e-05   1720.927s
 353000 +1.46537520e+08 +1.46538591e+08  1.07e+03   5.86e-01     5.25e-05   1725.614s
 354000 +1.46537535e+08 +1.46538591e+08  1.06e+03   5.91e-01     5.30e-05   1730.299s
 355000 +1.46537549e+08 +1.46538591e+08  1.04e+03   5.82e-01     5.28e-05   1734.984s
 356000 +1.46537563e+08 +1.46538591e+08  1.03e+03   5.78e-01     5.36e-05   1739.669s
 357000 +1.46537578e+08 +1.46538591e+08  1.01e+03   5.69e-01     5.42e-05   1744.355s
 358000 +1.46537593e+08 +1.46538591e+08  9.98e+02   5.62e-01     5.49e-05   1749.040s
 359000 +1.46537609e+08 +1.46538591e+08  9.81e+02   5.67e-01     5.48e-05   1753.725s
 360000 +1.46537624e+08 +1.46538591e+08  9.66e+02   5.69e-01     5.38e-05   1758.410s
 361000 +1.46537638e+08 +1.46538591e+08  9.53e+02   5.66e-01     5.36e-05   1763.096s
 362000 +1.46537649e+08 +1.46538591e+08  9.42e+02   5.72e-01     5.29e-05   1767.782s
 363000 +1.46537660e+08 +1.46538591e+08  9.31e+02   5.70e-01     5.21e-05   1772.467s
 364000 +1.46537670e+08 +1.46538591e+08  9.21e+02   5.64e-01     5.18e-05   1777.153s
 365000 +1.46537680e+08 +1.46538591e+08  9.11e+02   5.65e-01     5.15e-05   1781.839s
 366000 +1.46537690e+08 +1.46538591e+08  9.01e+02   5.71e-01     5.13e-05   1786.525s
 367000 +1.46537699e+08 +1.46538591e+08  8.91e+02   5.63e-01     5.14e-05   1791.210s
 368000 +1.46537710e+08 +1.46538591e+08  8.81e+02   5.60e-01     5.15e-05   1795.895s
 369000 +1.46537720e+08 +1.46538591e+08  8.71e+02   5.59e-01     5.26e-05   1800.580s
 370000 +1.46537730e+08 +1.46538591e+08  8.61e+02   5.68e-01     5.31e-05   1805.265s
 371000 +1.46537738e+08 +1.46538591e+08  8.52e+02   5.76e-01     5.31e-05   1809.950s
 372000 +1.46537746e+08 +1.46538591e+08  8.45e+02   5.61e-01     5.39e-05   1814.636s
 373000 +1.46537754e+08 +1.46538591e+08  8.37e+02   5.72e-01     5.46e-05   1819.321s
 374000 +1.46537762e+08 +1.46538591e+08  8.29e+02   5.94e-01     5.30e-05   1824.007s
 375000 +1.46537764e+08 +1.46538591e+08  8.26e+02   5.24e-01     5.62e-05   1828.697s
 376000 +1.46537767e+08 +1.46538591e+08  8.23e+02   5.23e-01     6.03e-05   1833.383s
 377000 +1.46537771e+08 +1.46538591e+08  8.20e+02   5.21e-01     6.44e-05   1838.069s
 378000 +1.46537775e+08 +1.46538591e+08  8.16e+02   5.19e-01     6.86e-05   1842.756s
 379000 +1.46537779e+08 +1.46538591e+08  8.11e+02   5.16e-01     7.31e-05   1847.442s
 380000 +1.46537784e+08 +1.46538591e+08  8.06e+02   5.13e-01     7.77e-05   1852.128s
 381000 +1.46537790e+08 +1.46538591e+08  8.01e+02   5.10e-01     8.19e-05   1856.813s
 382000 +1.46537795e+08 +1.46538591e+08  7.95e+02   5.06e-01     8.64e-05   1861.499s
 383000 +1.46537802e+08 +1.46538591e+08  7.89e+02   5.02e-01     9.12e-05   1866.184s
 384000 +1.46537808e+08 +1.46538591e+08  7.82e+02   4.98e-01     9.55e-05   1870.870s
 385000 +1.46537816e+08 +1.46538591e+08  7.75e+02   4.94e-01     1.00e-04   1875.556s
 386000 +1.46537823e+08 +1.46538591e+08  7.67e+02   4.91e-01     1.04e-04   1880.241s
 387000 +1.46537832e+08 +1.46538591e+08  7.59e+02   4.94e-01     1.06e-04   1884.926s
 388000 +1.46537840e+08 +1.46538591e+08  7.51e+02   4.90e-01     1.10e-04   1889.612s
 389000 +1.46537849e+08 +1.46538591e+08  7.42e+02   4.83e-01     1.14e-04   1894.298s
 390000 +1.46537858e+08 +1.46538591e+08  7.33e+02   4.85e-01     1.17e-04   1898.984s
 391000 +1.46537867e+08 +1.46538591e+08  7.23e+02   4.73e-01     1.20e-04   1903.669s
 392000 +1.46537876e+08 +1.46538591e+08  7.14e+02   4.67e-01     1.23e-04   1908.355s
 393000 +1.46537886e+08 +1.46538591e+08  7.05e+02   4.66e-01     1.26e-04   1913.039s
 394000 +1.46537896e+08 +1.46538591e+08  6.94e+02   4.62e-01     1.29e-04   1917.724s
 395000 +1.46537907e+08 +1.46538591e+08  6.83e+02   4.77e-01     1.31e-04   1922.409s
 396000 +1.46537919e+08 +1.46538591e+08  6.72e+02   4.57e-01     1.32e-04   1927.095s
 397000 +1.46537931e+08 +1.46538591e+08  6.60e+02   4.57e-01     1.34e-04   1931.780s
 398000 +1.46537943e+08 +1.46538591e+08  6.47e+02   4.46e-01     1.37e-04   1936.465s
 399000 +1.46537956e+08 +1.46538591e+08  6.35e+02   4.41e-01     1.41e-04   1941.151s
 400000 +1.46537969e+08 +1.46538591e+08  6.22e+02   4.69e-01     1.40e-04   1945.837s
 401000 +1.46537982e+08 +1.46538591e+08  6.08e+02   4.95e-01     1.41e-04   1950.523s
 402000 +1.46537996e+08 +1.46538591e+08  5.95e+02   4.67e-01     1.45e-04   1955.207s
 403000 +1.46538010e+08 +1.46538591e+08  5.81e+02   4.46e-01     1.46e-04   1959.893s
 404000 +1.46538024e+08 +1.46538591e+08  5.66e+02   4.55e-01     1.46e-04   1964.578s
 405000 +1.46538038e+08 +1.46538591e+08  5.53e+02   4.47e-01     1.47e-04   1969.262s
 406000 +1.46538051e+08 +1.46538591e+08  5.40e+02   4.50e-01     1.48e-04   1973.946s
 407000 +1.46538063e+08 +1.46538591e+08  5.27e+02   4.47e-01     1.50e-04   1978.631s
 408000 +1.46538076e+08 +1.46538591e+08  5.15e+02   4.43e-01     1.51e-04   1983.316s
 409000 +1.46538088e+08 +1.46538591e+08  5.03e+02   4.40e-01     1.52e-04   1988.001s
 410000 +1.46538099e+08 +1.46538591e+08  4.91e+02   4.40e-01     1.54e-04   1992.686s
 411000 +1.46538111e+08 +1.46538591e+08  4.80e+02   4.34e-01     1.55e-04   1997.370s
 412000 +1.46538121e+08 +1.46538591e+08  4.69e+02   4.30e-01     1.56e-04   2002.055s
 413000 +1.46538132e+08 +1.46538591e+08  4.59e+02   4.44e-01     1.55e-04   2006.739s
 414000 +1.46538142e+08 +1.46538591e+08  4.48e+02   4.31e-01     1.55e-04   2011.424s
 415000 +1.46538153e+08 +1.46538591e+08  4.38e+02   4.22e-01     1.54e-04   2016.109s
 416000 +1.46538163e+08 +1.46538591e+08  4.27e+02   4.19e-01     1.54e-04   2020.794s
 417000 +1.46538174e+08 +1.46538591e+08  4.17e+02   4.25e-01     1.37e-04   2025.478s
 418000 +1.46538184e+08 +1.46538591e+08  4.07e+02   4.36e-01     1.35e-04   2030.163s
 419000 +1.46538194e+08 +1.46538591e+08  3.96e+02   4.12e-01     1.35e-04   2034.847s
 420000 +1.46538205e+08 +1.46538591e+08  3.86e+02   4.17e-01     1.34e-04   2039.532s
 421000 +1.46538214e+08 +1.46538591e+08  3.76e+02   4.00e-01     1.34e-04   2044.217s
 422000 +1.46538224e+08 +1.46538591e+08  3.67e+02   4.23e-01     1.31e-04   2048.902s
 423000 +1.46538233e+08 +1.46538591e+08  3.57e+02   4.00e-01     1.30e-04   2053.587s
 424000 +1.46538243e+08 +1.46538591e+08  3.48e+02   3.85e-01     1.30e-04   2058.272s
 425000 +1.46538252e+08 +1.46538591e+08  3.38e+02   3.86e-01     1.29e-04   2062.957s
 426000 +1.46538262e+08 +1.46538591e+08  3.29e+02   3.88e-01     1.27e-04   2067.641s
 427000 +1.46538271e+08 +1.46538591e+08  3.20e+02   3.88e-01     1.25e-04   2072.327s
 428000 +1.46538280e+08 +1.46538591e+08  3.10e+02   3.76e-01     1.23e-04   2077.013s
 429000 +1.46538288e+08 +1.46538590e+08  3.02e+02   3.78e-01     1.16e-04   2081.705s
 430000 +1.46538293e+08 +1.46538590e+08  2.97e+02   3.70e-01     1.02e-04   2086.391s
 431000 +1.46538298e+08 +1.46538590e+08  2.93e+02   3.64e-01     9.98e-05   2091.077s
 432000 +1.46538302e+08 +1.46538590e+08  2.88e+02   3.64e-01     1.01e-04   2095.762s
 433000 +1.46538307e+08 +1.46538590e+08  2.84e+02   3.63e-01     1.02e-04   2100.448s
 434000 +1.46538312e+08 +1.46538590e+08  2.79e+02   3.68e-01     1.04e-04   2105.134s
 435000 +1.46538316e+08 +1.46538590e+08  2.74e+02   3.64e-01     1.05e-04   2109.819s
 436000 +1.46538321e+08 +1.46538590e+08  2.70e+02   3.61e-01     1.06e-04   2114.504s
 437000 +1.46538326e+08 +1.46538590e+08  2.65e+02   3.63e-01     1.07e-04   2119.190s
 438000 +1.46538330e+08 +1.46538590e+08  2.60e+02   3.60e-01     1.09e-04   2123.875s
 439000 +1.46538336e+08 +1.46538590e+08  2.55e+02   3.57e-01     1.11e-04   2128.560s
 440000 +1.46538341e+08 +1.46538590e+08  2.50e+02   3.55e-01     1.12e-04   2133.247s
 441000 +1.46538347e+08 +1.46538590e+08  2.44e+02   3.52e-01     1.14e-04   2137.932s
 442000 +1.46538352e+08 +1.46538590e+08  2.38e+02   3.53e-01     1.15e-04   2142.618s
 443000 +1.46538358e+08 +1.46538590e+08  2.32e+02   3.54e-01     1.16e-04   2147.304s
 444000 +1.46538364e+08 +1.46538590e+08  2.26e+02   3.52e-01     1.17e-04   2151.989s
 445000 +1.46538371e+08 +1.46538590e+08  2.20e+02   3.47e-01     1.17e-04   2156.676s
 446000 +1.46538378e+08 +1.46538590e+08  2.13e+02   3.45e-01     1.18e-04   2161.361s
 447000 +1.46538385e+08 +1.46538590e+08  2.05e+02   3.40e-01     1.19e-04   2166.047s
 448000 +1.46538392e+08 +1.46538591e+08  1.98e+02   3.41e-01     1.19e-04   2170.733s
 449000 +1.46538399e+08 +1.46538590e+08  1.91e+02   3.39e-01     1.20e-04   2175.418s
 450000 +1.46538406e+08 +1.46538590e+08  1.84e+02   3.38e-01     1.17e-04   2180.104s
 451000 +1.46538413e+08 +1.46538590e+08  1.77e+02   3.37e-01     1.12e-04   2184.789s
 452000 +1.46538420e+08 +1.46538590e+08  1.70e+02   3.35e-01     1.11e-04   2189.474s
 453000 +1.46538427e+08 +1.46538590e+08  1.63e+02   3.34e-01     1.10e-04   2194.160s
 454000 +1.46538435e+08 +1.46538590e+08  1.56e+02   3.32e-01     1.09e-04   2198.845s
 455000 +1.46538442e+08 +1.46538590e+08  1.48e+02   3.31e-01     1.08e-04   2203.530s
 456000 +1.46538450e+08 +1.46538590e+08  1.41e+02   3.30e-01     1.08e-04   2208.215s
 457000 +1.46538458e+08 +1.46538590e+08  1.33e+02   3.30e-01     1.08e-04   2212.899s
 458000 +1.46538465e+08 +1.46538590e+08  1.25e+02   3.28e-01     1.09e-04   2217.584s
 459000 +1.46538473e+08 +1.46538590e+08  1.18e+02   3.27e-01     1.09e-04   2222.269s
 460000 +1.46538480e+08 +1.46538590e+08  1.10e+02   3.28e-01     1.08e-04   2226.955s
 461000 +1.46538487e+08 +1.46538590e+08  1.03e+02   3.27e-01     1.08e-04   2231.640s
 462000 +1.46538494e+08 +1.46538590e+08  9.65e+01   3.32e-01     1.08e-04   2236.326s
 463000 +1.46538500e+08 +1.46538590e+08  9.02e+01   3.26e-01     1.05e-04   2241.017s
 464000 +1.46538506e+08 +1.46538590e+08  8.47e+01   3.25e-01     1.06e-04   2245.703s
 465000 +1.46538511e+08 +1.46538590e+08  7.92e+01   3.24e-01     1.07e-04   2250.388s
 466000 +1.46538517e+08 +1.46538590e+08  7.36e+01   3.24e-01     1.08e-04   2255.074s
 467000 +1.46538522e+08 +1.46538590e+08  6.80e+01   3.24e-01     1.09e-04   2259.760s
 468000 +1.46538528e+08 +1.46538590e+08  6.23e+01   3.23e-01     1.10e-04   2264.446s
 469000 +1.46538534e+08 +1.46538590e+08  5.69e+01   3.23e-01     1.05e-04   2269.132s
 470000 +1.46538539e+08 +1.46538590e+08  5.17e+01   3.23e-01     1.05e-04   2273.818s
 471000 +1.46538544e+08 +1.46538590e+08  4.64e+01   3.22e-01     1.05e-04   2278.504s
 472000 +1.46538549e+08 +1.46538590e+08  4.14e+01   3.23e-01     1.03e-04   2283.188s
 473000 +1.46538554e+08 +1.46538590e+08  3.64e+01   3.22e-01     1.01e-04   2287.874s
 474000 +1.46538559e+08 +1.46538590e+08  3.15e+01   3.22e-01     9.85e-05   2292.559s
 475000 +1.46538564e+08 +1.46538590e+08  2.66e+01   3.22e-01     9.74e-05   2297.245s
 476000 +1.46538569e+08 +1.46538590e+08  2.18e+01   3.22e-01     9.67e-05   2301.930s
 477000 +1.46538574e+08 +1.46538590e+08  1.70e+01   3.22e-01     9.53e-05   2306.615s
 478000 +1.46538578e+08 +1.46538590e+08  1.21e+01   3.22e-01     9.44e-05   2311.301s
 479000 +1.46538583e+08 +1.46538590e+08  7.79e+00   3.22e-01     9.37e-05   2315.986s
 480000 +1.46538587e+08 +1.46538590e+08  3.62e+00   3.22e-01     9.29e-05   2320.672s
 481000 +1.46538591e+08 +1.46538590e+08  4.85e-01   3.22e-01     9.23e-05   2325.358s
 482000 +1.46538595e+08 +1.46538590e+08  4.50e+00   3.22e-01     9.18e-05   2330.042s
 483000 +1.46538599e+08 +1.46538590e+08  8.46e+00   3.22e-01     9.12e-05   2334.727s
 484000 +1.46538603e+08 +1.46538590e+08  1.24e+01   3.22e-01     9.07e-05   2339.413s
 485000 +1.46538607e+08 +1.46538590e+08  1.61e+01   3.23e-01     8.99e-05   2344.098s
 486000 +1.46538610e+08 +1.46538590e+08  1.97e+01   3.22e-01     8.94e-05   2348.783s
 487000 +1.46538614e+08 +1.46538590e+08  2.33e+01   3.22e-01     8.89e-05   2353.468s
 488000 +1.46538617e+08 +1.46538590e+08  2.67e+01   3.23e-01     8.81e-05   2358.153s
 489000 +1.46538620e+08 +1.46538590e+08  2.99e+01   3.23e-01     8.75e-05   2362.838s
 490000 +1.46538623e+08 +1.46538590e+08  3.30e+01   3.22e-01     8.70e-05   2367.522s
 491000 +1.46538627e+08 +1.46538590e+08  3.61e+01   3.22e-01     8.66e-05   2372.207s
 492000 +1.46538629e+08 +1.46538590e+08  3.90e+01   3.22e-01     8.60e-05   2376.892s
 493000 +1.46538632e+08 +1.46538590e+08  4.19e+01   3.22e-01     8.56e-05   2381.576s
 494000 +1.46538635e+08 +1.46538590e+08  4.47e+01   3.21e-01     8.50e-05   2386.262s
 495000 +1.46538638e+08 +1.46538590e+08  4.74e+01   3.22e-01     8.46e-05   2390.947s
 496000 +1.46538641e+08 +1.46538590e+08  5.01e+01   3.21e-01     8.35e-05   2395.633s
 497000 +1.46538643e+08 +1.46538590e+08  5.25e+01   3.21e-01     8.30e-05   2400.319s
 498000 +1.46538645e+08 +1.46538590e+08  5.48e+01   3.20e-01     8.25e-05   2405.006s
 499000 +1.46538647e+08 +1.46538590e+08  5.70e+01   3.21e-01     8.19e-05   2409.691s
 500000 +1.46538650e+08 +1.46538590e+08  5.92e+01   3.20e-01     8.13e-05   2414.378s
 501000 +1.46538652e+08 +1.46538590e+08  6.12e+01   3.20e-01     8.08e-05   2419.063s
 502000 +1.46538654e+08 +1.46538590e+08  6.32e+01   3.21e-01     7.93e-05   2423.748s
 503000 +1.46538655e+08 +1.46538590e+08  6.49e+01   3.21e-01     7.87e-05   2428.433s
 504000 +1.46538657e+08 +1.46538590e+08  6.65e+01   3.20e-01     7.81e-05   2433.118s
 505000 +1.46538659e+08 +1.46538591e+08  6.86e+01   3.19e-01     7.63e-05   2437.808s
 506000 +1.46538662e+08 +1.46538591e+08  7.10e+01   3.19e-01     7.60e-05   2442.494s
 507000 +1.46538664e+08 +1.46538591e+08  7.34e+01   3.19e-01     7.57e-05   2447.180s
 508000 +1.46538666e+08 +1.46538591e+08  7.57e+01   3.19e-01     7.53e-05   2451.866s
 509000 +1.46538668e+08 +1.46538591e+08  7.80e+01   3.19e-01     7.49e-05   2456.552s
 510000 +1.46538671e+08 +1.46538591e+08  8.01e+01   3.19e-01     7.44e-05   2461.239s
 511000 +1.46538673e+08 +1.46538591e+08  8.23e+01   3.19e-01     7.40e-05   2465.925s
 512000 +1.46538675e+08 +1.46538591e+08  8.43e+01   3.19e-01     7.35e-05   2470.612s
 513000 +1.46538677e+08 +1.46538591e+08  8.63e+01   3.19e-01     7.30e-05   2475.298s
 514000 +1.46538679e+08 +1.46538591e+08  8.83e+01   3.19e-01     7.26e-05   2479.983s
 515000 +1.46538681e+08 +1.46538591e+08  9.01e+01   3.19e-01     7.19e-05   2484.670s
 516000 +1.46538682e+08 +1.46538591e+08  9.18e+01   3.19e-01     7.14e-05   2489.356s
 517000 +1.46538684e+08 +1.46538591e+08  9.36e+01   3.21e-01     7.04e-05   2494.042s
 518000 +1.46538686e+08 +1.46538591e+08  9.51e+01   3.21e-01     6.89e-05   2498.729s
 519000 +1.46538687e+08 +1.46538591e+08  9.68e+01   3.20e-01     6.84e-05   2503.415s
 520000 +1.46538689e+08 +1.46538591e+08  9.85e+01   3.20e-01     6.72e-05   2508.102s
 521000 +1.46538691e+08 +1.46538591e+08  1.00e+02   3.20e-01     6.61e-05   2512.788s
 522000 +1.46538692e+08 +1.46538591e+08  1.02e+02   3.19e-01     6.55e-05   2517.475s
 523000 +1.46538694e+08 +1.46538591e+08  1.03e+02   3.20e-01     6.49e-05   2522.161s
 524000 +1.46538695e+08 +1.46538591e+08  1.04e+02   3.20e-01     6.34e-05   2526.847s
 525000 +1.46538696e+08 +1.46538591e+08  1.06e+02   3.20e-01     6.26e-05   2531.534s
 526000 +1.46538698e+08 +1.46538591e+08  1.07e+02   3.20e-01     6.19e-05   2536.221s
 527000 +1.46538699e+08 +1.46538591e+08  1.08e+02   3.20e-01     6.15e-05   2540.907s
 528000 +1.46538700e+08 +1.46538591e+08  1.09e+02   3.20e-01     6.07e-05   2545.592s
 529000 +1.46538701e+08 +1.46538591e+08  1.10e+02   3.20e-01     6.02e-05   2550.279s
 530000 +1.46538702e+08 +1.46538591e+08  1.11e+02   3.19e-01     5.96e-05   2554.967s
 531000 +1.46538703e+08 +1.46538591e+08  1.12e+02   3.19e-01     5.91e-05   2559.652s
 532000 +1.46538703e+08 +1.46538591e+08  1.13e+02   3.19e-01     5.74e-05   2564.337s
 533000 +1.46538704e+08 +1.46538591e+08  1.13e+02   3.19e-01     5.70e-05   2569.023s
 534000 +1.46538704e+08 +1.46538591e+08  1.13e+02   3.19e-01     5.66e-05   2573.711s
 535000 +1.46538704e+08 +1.46538591e+08  1.14e+02   3.19e-01     5.64e-05   2578.397s
 536000 +1.46538704e+08 +1.46538591e+08  1.14e+02   3.19e-01     5.60e-05   2583.083s
 537000 +1.46538704e+08 +1.46538591e+08  1.14e+02   3.19e-01     5.53e-05   2587.770s
 538000 +1.46538704e+08 +1.46538591e+08  1.14e+02   3.19e-01     5.49e-05   2592.457s
 539000 +1.46538704e+08 +1.46538591e+08  1.14e+02   3.19e-01     5.45e-05   2597.142s
 540000 +1.46538704e+08 +1.46538591e+08  1.14e+02   3.19e-01     5.40e-05   2601.827s
 541000 +1.46538704e+08 +1.46538591e+08  1.14e+02   3.19e-01     5.29e-05   2606.513s
 542000 +1.46538704e+08 +1.46538591e+08  1.14e+02   3.19e-01     5.24e-05   2611.198s
 543000 +1.46538704e+08 +1.46538591e+08  1.13e+02   3.19e-01     5.19e-05   2615.884s
 544000 +1.46538704e+08 +1.46538591e+08  1.13e+02   3.19e-01     5.15e-05   2620.569s
 545000 +1.46538703e+08 +1.46538591e+08  1.13e+02   3.19e-01     5.11e-05   2625.255s
 546000 +1.46538703e+08 +1.46538591e+08  1.12e+02   3.19e-01     5.07e-05   2629.941s
 547000 +1.46538702e+08 +1.46538591e+08  1.12e+02   3.19e-01     5.03e-05   2634.627s
 548000 +1.46538702e+08 +1.46538591e+08  1.11e+02   3.19e-01     4.97e-05   2639.313s
 549000 +1.46538701e+08 +1.46538591e+08  1.11e+02   3.19e-01     4.93e-05   2643.999s
 550000 +1.46538701e+08 +1.46538591e+08  1.10e+02   3.19e-01     4.82e-05   2648.686s
 551000 +1.46538700e+08 +1.46538591e+08  1.09e+02   3.19e-01     4.79e-05   2653.371s
 552000 +1.46538699e+08 +1.46538591e+08  1.09e+02   3.19e-01     4.76e-05   2658.055s
 553000 +1.46538698e+08 +1.46538591e+08  1.08e+02   3.19e-01     4.75e-05   2662.741s
 554000 +1.46538697e+08 +1.46538591e+08  1.07e+02   3.19e-01     4.73e-05   2667.426s
 555000 +1.46538696e+08 +1.46538591e+08  1.06e+02   3.19e-01     4.71e-05   2672.112s
 556000 +1.46538695e+08 +1.46538591e+08  1.04e+02   3.19e-01     4.69e-05   2676.797s
 557000 +1.46538694e+08 +1.46538591e+08  1.03e+02   3.19e-01     4.63e-05   2681.483s
 558000 +1.46538692e+08 +1.46538591e+08  1.02e+02   3.18e-01     4.63e-05   2686.169s
 559000 +1.46538691e+08 +1.46538591e+08  1.00e+02   3.19e-01     4.60e-05   2690.855s
 560000 +1.46538690e+08 +1.46538591e+08  9.90e+01   3.18e-01     4.45e-05   2695.541s
 561000 +1.46538688e+08 +1.46538591e+08  9.75e+01   3.18e-01     4.45e-05   2700.227s
 562000 +1.46538687e+08 +1.46538591e+08  9.60e+01   3.18e-01     4.46e-05   2704.912s
 563000 +1.46538685e+08 +1.46538591e+08  9.44e+01   3.18e-01     4.44e-05   2709.598s
 564000 +1.46538683e+08 +1.46538591e+08  9.27e+01   3.19e-01     4.41e-05   2714.284s
 565000 +1.46538682e+08 +1.46538591e+08  9.11e+01   3.18e-01     4.41e-05   2718.971s
 566000 +1.46538680e+08 +1.46538591e+08  8.94e+01   3.17e-01     4.41e-05   2723.657s
 567000 +1.46538678e+08 +1.46538591e+08  8.77e+01   3.18e-01     4.33e-05   2728.344s
 568000 +1.46538677e+08 +1.46538591e+08  8.60e+01   3.17e-01     4.31e-05   2733.029s
 569000 +1.46538675e+08 +1.46538591e+08  8.45e+01   3.17e-01     4.29e-05   2737.715s
 570000 +1.46538673e+08 +1.46538591e+08  8.29e+01   3.17e-01     4.27e-05   2742.401s
 571000 +1.46538672e+08 +1.46538591e+08  8.14e+01   3.17e-01     4.26e-05   2747.087s
 572000 +1.46538670e+08 +1.46538591e+08  7.99e+01   3.17e-01     4.26e-05   2751.773s
 573000 +1.46538669e+08 +1.46538591e+08  7.85e+01   3.17e-01     4.23e-05   2756.457s
 574000 +1.46538668e+08 +1.46538591e+08  7.71e+01   3.17e-01     4.18e-05   2761.143s
 575000 +1.46538666e+08 +1.46538591e+08  7.57e+01   3.16e-01     4.19e-05   2765.828s
 576000 +1.46538665e+08 +1.46538591e+08  7.44e+01   3.16e-01     4.18e-05   2770.513s
 577000 +1.46538664e+08 +1.46538591e+08  7.32e+01   3.16e-01     4.17e-05   2775.199s
 578000 +1.46538663e+08 +1.46538591e+08  7.20e+01   3.16e-01     4.17e-05   2779.884s
 579000 +1.46538661e+08 +1.46538591e+08  7.08e+01   3.16e-01     4.18e-05   2784.570s
 580000 +1.46538660e+08 +1.46538591e+08  6.97e+01   3.17e-01     4.05e-05   2789.257s
 581000 +1.46538659e+08 +1.46538591e+08  6.85e+01   3.16e-01     4.03e-05   2793.942s
 582000 +1.46538658e+08 +1.46538591e+08  6.74e+01   3.16e-01     4.03e-05   2798.626s
 583000 +1.46538657e+08 +1.46538591e+08  6.65e+01   3.18e-01     3.92e-05   2803.312s
 584000 +1.46538657e+08 +1.46538590e+08  6.62e+01   3.15e-01     4.74e-05   2808.001s
 585000 +1.46538656e+08 +1.46538590e+08  6.59e+01   3.14e-01     4.74e-05   2812.687s
 586000 +1.46538656e+08 +1.46538590e+08  6.56e+01   3.14e-01     4.75e-05   2817.371s
 587000 +1.46538656e+08 +1.46538590e+08  6.53e+01   3.14e-01     4.77e-05   2822.057s
 588000 +1.46538655e+08 +1.46538590e+08  6.50e+01   3.14e-01     4.78e-05   2826.742s
 589000 +1.46538655e+08 +1.46538590e+08  6.49e+01   3.14e-01     4.72e-05   2831.428s
 590000 +1.46538655e+08 +1.46538590e+08  6.47e+01   3.14e-01     4.69e-05   2836.115s
 591000 +1.46538655e+08 +1.46538590e+08  6.45e+01   3.14e-01     4.67e-05   2840.801s
 592000 +1.46538655e+08 +1.46538590e+08  6.44e+01   3.14e-01     4.67e-05   2845.486s
 593000 +1.46538655e+08 +1.46538590e+08  6.41e+01   3.14e-01     4.70e-05   2850.172s
 594000 +1.46538654e+08 +1.46538590e+08  6.39e+01   3.14e-01     4.72e-05   2854.857s
 595000 +1.46538654e+08 +1.46538590e+08  6.37e+01   3.14e-01     4.47e-05   2859.543s
 596000 +1.46538654e+08 +1.46538590e+08  6.34e+01   3.14e-01     4.53e-05   2864.228s
 597000 +1.46538653e+08 +1.46538590e+08  6.31e+01   3.14e-01     4.59e-05   2868.914s
 598000 +1.46538653e+08 +1.46538590e+08  6.28e+01   3.14e-01     4.57e-05   2873.599s
 599000 +1.46538653e+08 +1.46538590e+08  6.25e+01   3.14e-01     4.64e-05   2878.283s
 600000 +1.46538653e+08 +1.46538590e+08  6.21e+01   3.14e-01     4.72e-05   2882.968s
 601000 +1.46538652e+08 +1.46538590e+08  6.18e+01   3.13e-01     4.81e-05   2887.654s
 602000 +1.46538652e+08 +1.46538590e+08  6.14e+01   3.13e-01     4.87e-05   2892.339s
 603000 +1.46538651e+08 +1.46538590e+08  6.10e+01   3.13e-01     4.94e-05   2897.025s
 604000 +1.46538651e+08 +1.46538590e+08  6.05e+01   3.13e-01     5.02e-05   2901.710s
 605000 +1.46538650e+08 +1.46538590e+08  6.01e+01   3.13e-01     5.09e-05   2906.395s
 606000 +1.46538650e+08 +1.46538590e+08  5.96e+01   3.13e-01     5.15e-05   2911.079s
 607000 +1.46538649e+08 +1.46538590e+08  5.91e+01   3.13e-01     5.21e-05   2915.763s
 608000 +1.46538649e+08 +1.46538590e+08  5.86e+01   3.13e-01     5.26e-05   2920.447s
 609000 +1.46538648e+08 +1.46538590e+08  5.80e+01   3.13e-01     5.30e-05   2925.132s
 610000 +1.46538648e+08 +1.46538590e+08  5.75e+01   3.13e-01     5.34e-05   2929.817s
 611000 +1.46538647e+08 +1.46538590e+08  5.69e+01   3.12e-01     5.37e-05   2934.502s
 612000 +1.46538647e+08 +1.46538590e+08  5.63e+01   3.12e-01     5.40e-05   2939.186s
 613000 +1.46538646e+08 +1.46538590e+08  5.57e+01   3.12e-01     5.43e-05   2943.871s
 614000 +1.46538645e+08 +1.46538590e+08  5.50e+01   3.12e-01     5.42e-05   2948.555s
 615000 +1.46538645e+08 +1.46538590e+08  5.44e+01   3.12e-01     5.45e-05   2953.240s
 616000 +1.46538644e+08 +1.46538590e+08  5.38e+01   3.12e-01     5.48e-05   2957.925s
 617000 +1.46538644e+08 +1.46538590e+08  5.31e+01   3.12e-01     5.50e-05   2962.608s
 618000 +1.46538643e+08 +1.46538590e+08  5.24e+01   3.12e-01     5.53e-05   2967.292s
 619000 +1.46538642e+08 +1.46538590e+08  5.17e+01   3.12e-01     5.56e-05   2971.977s
 620000 +1.46538641e+08 +1.46538590e+08  5.10e+01   3.12e-01     5.59e-05   2976.662s
 621000 +1.46538641e+08 +1.46538590e+08  5.03e+01   3.12e-01     5.61e-05   2981.346s
 622000 +1.46538640e+08 +1.46538590e+08  4.97e+01   3.12e-01     5.60e-05   2986.030s
 623000 +1.46538640e+08 +1.46538590e+08  4.93e+01   3.10e-01     5.60e-05   2990.715s
 624000 +1.46538639e+08 +1.46538590e+08  4.84e+01   3.11e-01     5.62e-05   2995.400s
 625000 +1.46538638e+08 +1.46538590e+08  4.80e+01   3.10e-01     5.66e-05   3000.085s
 626000 +1.46538638e+08 +1.46538590e+08  4.72e+01   3.10e-01     5.40e-05   3004.770s
 627000 +1.46538637e+08 +1.46538590e+08  4.66e+01   3.10e-01     5.38e-05   3009.455s
 628000 +1.46538636e+08 +1.46538590e+08  4.59e+01   3.09e-01     5.36e-05   3014.141s
 629000 +1.46538636e+08 +1.46538590e+08  4.51e+01   3.10e-01     5.34e-05   3018.826s
 630000 +1.46538635e+08 +1.46538590e+08  4.46e+01   3.09e-01     5.15e-05   3023.512s
 631000 +1.46538634e+08 +1.46538590e+08  4.37e+01   3.10e-01     5.11e-05   3028.196s
 632000 +1.46538634e+08 +1.46538590e+08  4.33e+01   3.08e-01     5.01e-05   3032.880s
 633000 +1.46538633e+08 +1.46538590e+08  4.24e+01   3.09e-01     5.00e-05   3037.565s
 634000 +1.46538632e+08 +1.46538590e+08  4.17e+01   3.09e-01     5.00e-05   3042.250s
 635000 +1.46538631e+08 +1.46538590e+08  4.10e+01   3.08e-01     5.01e-05   3046.935s
 636000 +1.46538631e+08 +1.46538590e+08  4.02e+01   3.08e-01     5.01e-05   3051.621s
 637000 +1.46538630e+08 +1.46538590e+08  3.95e+01   3.08e-01     5.00e-05   3056.307s
 638000 +1.46538629e+08 +1.46538590e+08  3.86e+01   3.08e-01     4.98e-05   3060.991s
 639000 +1.46538628e+08 +1.46538590e+08  3.78e+01   3.08e-01     4.97e-05   3065.677s
 640000 +1.46538627e+08 +1.46538590e+08  3.69e+01   3.08e-01     4.96e-05   3070.362s
 641000 +1.46538627e+08 +1.46538590e+08  3.62e+01   3.08e-01     4.97e-05   3075.047s
 642000 +1.46538626e+08 +1.46538590e+08  3.52e+01   3.08e-01     4.97e-05   3079.733s
 643000 +1.46538625e+08 +1.46538590e+08  3.45e+01   3.07e-01     4.97e-05   3084.418s
 644000 +1.46538624e+08 +1.46538590e+08  3.36e+01   3.08e-01     4.96e-05   3089.103s
 645000 +1.46538623e+08 +1.46538590e+08  3.27e+01   3.07e-01     4.95e-05   3093.789s
 646000 +1.46538622e+08 +1.46538590e+08  3.19e+01   3.07e-01     4.95e-05   3098.474s
 647000 +1.46538621e+08 +1.46538590e+08  3.10e+01   3.07e-01     4.94e-05   3103.160s
 648000 +1.46538621e+08 +1.46538590e+08  3.03e+01   3.06e-01     4.93e-05   3107.846s
 649000 +1.46538620e+08 +1.46538590e+08  2.93e+01   3.07e-01     4.92e-05   3112.531s
 650000 +1.46538619e+08 +1.46538590e+08  2.87e+01   3.06e-01     4.93e-05   3117.216s
 651000 +1.46538618e+08 +1.46538590e+08  2.77e+01   3.07e-01     4.93e-05   3121.901s
 652000 +1.46538617e+08 +1.46538590e+08  2.70e+01   3.06e-01     4.94e-05   3126.586s
 653000 +1.46538617e+08 +1.46538590e+08  2.63e+01   3.06e-01     4.94e-05   3131.270s
 654000 +1.46538616e+08 +1.46538590e+08  2.54e+01   3.06e-01     4.94e-05   3135.956s
 655000 +1.46538615e+08 +1.46538590e+08  2.49e+01   3.06e-01     4.87e-05   3140.641s
 656000 +1.46538614e+08 +1.46538590e+08  2.40e+01   3.07e-01     4.85e-05   3145.326s
 657000 +1.46538614e+08 +1.46538590e+08  2.34e+01   3.06e-01     4.83e-05   3150.011s
 658000 +1.46538613e+08 +1.46538590e+08  2.26e+01   3.06e-01     4.83e-05   3154.696s
 659000 +1.46538612e+08 +1.46538590e+08  2.20e+01   3.06e-01     4.82e-05   3159.382s
 660000 +1.46538612e+08 +1.46538590e+08  2.14e+01   3.06e-01     4.78e-05   3164.068s
 661000 +1.46538611e+08 +1.46538590e+08  2.07e+01   3.06e-01     4.77e-05   3168.754s
 662000 +1.46538611e+08 +1.46538590e+08  2.01e+01   3.06e-01     4.75e-05   3173.440s
 663000 +1.46538610e+08 +1.46538590e+08  1.94e+01   3.06e-01     4.76e-05   3178.126s
 664000 +1.46538609e+08 +1.46538590e+08  1.88e+01   3.06e-01     4.73e-05   3182.812s
 665000 +1.46538609e+08 +1.46538590e+08  1.81e+01   3.06e-01     4.72e-05   3187.499s
 666000 +1.46538608e+08 +1.46538590e+08  1.75e+01   3.06e-01     4.72e-05   3192.185s
 667000 +1.46538607e+08 +1.46538590e+08  1.69e+01   3.05e-01     4.74e-05   3196.872s
 668000 +1.46538607e+08 +1.46538590e+08  1.63e+01   3.05e-01     4.73e-05   3201.558s
 669000 +1.46538606e+08 +1.46538590e+08  1.56e+01   3.05e-01     4.72e-05   3206.244s
 670000 +1.46538605e+08 +1.46538590e+08  1.50e+01   3.05e-01     4.71e-05   3210.930s
 671000 +1.46538605e+08 +1.46538590e+08  1.44e+01   3.05e-01     4.72e-05   3215.616s
 672000 +1.46538604e+08 +1.46538590e+08  1.38e+01   3.05e-01     4.72e-05   3220.302s
 673000 +1.46538604e+08 +1.46538590e+08  1.32e+01   3.05e-01     4.71e-05   3224.988s
 674000 +1.46538603e+08 +1.46538590e+08  1.25e+01   3.05e-01     4.71e-05   3229.673s
 675000 +1.46538602e+08 +1.46538590e+08  1.20e+01   3.05e-01     4.71e-05   3234.359s
 676000 +1.46538602e+08 +1.46538590e+08  1.14e+01   3.05e-01     4.72e-05   3239.045s
 677000 +1.46538601e+08 +1.46538590e+08  1.08e+01   3.05e-01     4.69e-05   3243.731s
 678000 +1.46538601e+08 +1.46538590e+08  1.02e+01   3.05e-01     4.68e-05   3248.418s
 679000 +1.46538600e+08 +1.46538590e+08  9.67e+00   3.05e-01     4.66e-05   3253.105s
 680000 +1.46538600e+08 +1.46538590e+08  9.26e+00   3.04e-01     4.63e-05   3257.791s
 681000 +1.46538599e+08 +1.46538590e+08  8.51e+00   3.05e-01     4.61e-05   3262.478s
 682000 +1.46538599e+08 +1.46538590e+08  8.19e+00   3.04e-01     4.57e-05   3267.164s
 683000 +1.46538598e+08 +1.46538590e+08  7.55e+00   3.05e-01     4.52e-05   3271.850s
 684000 +1.46538598e+08 +1.46538590e+08  7.12e+00   3.04e-01     4.51e-05   3276.537s
 685000 +1.46538597e+08 +1.46538590e+08  6.71e+00   3.04e-01     4.49e-05   3281.222s
 686000 +1.46538597e+08 +1.46538590e+08  6.23e+00   3.04e-01     4.46e-05   3285.908s
 687000 +1.46538596e+08 +1.46538590e+08  5.99e+00   3.04e-01     4.45e-05   3290.594s
 688000 +1.46538596e+08 +1.46538590e+08  5.55e+00   3.04e-01     4.44e-05   3295.279s
 689000 +1.46538596e+08 +1.46538590e+08  5.29e+00   3.04e-01     4.42e-05   3299.965s
 690000 +1.46538595e+08 +1.46538590e+08  5.00e+00   3.04e-01     4.40e-05   3304.651s
 691000 +1.46538595e+08 +1.46538590e+08  4.77e+00   3.04e-01     4.38e-05   3309.337s
 692000 +1.46538595e+08 +1.46538590e+08  4.56e+00   3.04e-01     4.37e-05   3314.022s
 693000 +1.46538595e+08 +1.46538590e+08  4.39e+00   3.04e-01     4.36e-05   3318.707s
 694000 +1.46538595e+08 +1.46538590e+08  4.21e+00   3.04e-01     4.34e-05   3323.393s
 695000 +1.46538595e+08 +1.46538590e+08  4.12e+00   3.04e-01     4.32e-05   3328.079s
 696000 +1.46538594e+08 +1.46538590e+08  4.02e+00   3.04e-01     4.29e-05   3332.765s
 697000 +1.46538594e+08 +1.46538590e+08  3.90e+00   3.04e-01     4.26e-05   3337.449s
 698000 +1.46538594e+08 +1.46538590e+08  3.91e+00   3.03e-01     4.25e-05   3342.134s
 699000 +1.46538594e+08 +1.46538590e+08  3.77e+00   3.04e-01     4.23e-05   3346.821s
 700000 +1.46538594e+08 +1.46538590e+08  3.84e+00   3.03e-01     4.23e-05   3351.507s
 701000 +1.46538594e+08 +1.46538590e+08  3.75e+00   3.04e-01     4.21e-05   3356.194s
 702000 +1.46538594e+08 +1.46538590e+08  3.76e+00   3.03e-01     4.22e-05   3360.880s
 703000 +1.46538594e+08 +1.46538590e+08  3.79e+00   3.03e-01     4.20e-05   3365.565s
 704000 +1.46538594e+08 +1.46538590e+08  3.70e+00   3.04e-01     4.17e-05   3370.251s
 705000 +1.46538594e+08 +1.46538590e+08  3.80e+00   3.03e-01     4.16e-05   3374.937s
 706000 +1.46538594e+08 +1.46538590e+08  3.69e+00   3.03e-01     4.15e-05   3379.623s
 707000 +1.46538594e+08 +1.46538590e+08  3.73e+00   3.03e-01     4.15e-05   3384.309s
 708000 +1.46538594e+08 +1.46538590e+08  3.68e+00   3.03e-01     4.12e-05   3388.994s
 709000 +1.46538594e+08 +1.46538590e+08  3.66e+00   3.03e-01     4.11e-05   3393.680s
 710000 +1.46538594e+08 +1.46538590e+08  3.65e+00   3.03e-01     4.10e-05   3398.366s
 711000 +1.46538594e+08 +1.46538590e+08  3.52e+00   3.03e-01     4.10e-05   3403.052s
 712000 +1.46538594e+08 +1.46538590e+08  3.44e+00   3.03e-01     4.08e-05   3407.739s
 713000 +1.46538594e+08 +1.46538590e+08  3.32e+00   3.03e-01     4.05e-05   3412.424s
 714000 +1.46538594e+08 +1.46538590e+08  3.27e+00   3.03e-01     4.04e-05   3417.111s
 715000 +1.46538594e+08 +1.46538590e+08  3.12e+00   3.03e-01     4.04e-05   3421.796s
 716000 +1.46538594e+08 +1.46538590e+08  3.11e+00   3.03e-01     4.03e-05   3426.482s
 717000 +1.46538593e+08 +1.46538590e+08  2.95e+00   3.03e-01     4.01e-05   3431.168s
 718000 +1.46538593e+08 +1.46538590e+08  2.95e+00   3.03e-01     4.01e-05   3435.854s
 719000 +1.46538593e+08 +1.46538590e+08  2.88e+00   3.03e-01     4.01e-05   3440.540s
 720000 +1.46538593e+08 +1.46538590e+08  2.80e+00   3.03e-01     4.01e-05   3445.225s
 721000 +1.46538593e+08 +1.46538590e+08  2.85e+00   3.02e-01     4.00e-05   3449.911s
 722000 +1.46538593e+08 +1.46538590e+08  2.73e+00   3.03e-01     4.00e-05   3454.596s
 723000 +1.46538593e+08 +1.46538590e+08  2.83e+00   3.02e-01     4.00e-05   3459.282s
 724000 +1.46538593e+08 +1.46538590e+08  2.74e+00   3.02e-01     4.00e-05   3463.968s
 725000 +1.46538593e+08 +1.46538590e+08  2.84e+00   3.02e-01     4.01e-05   3468.654s
 726000 +1.46538593e+08 +1.46538590e+08  2.81e+00   3.02e-01     4.00e-05   3473.339s
 727000 +1.46538593e+08 +1.46538590e+08  2.85e+00   3.02e-01     3.99e-05   3478.023s
 728000 +1.46538593e+08 +1.46538590e+08  2.88e+00   3.02e-01     3.99e-05   3482.708s
 729000 +1.46538593e+08 +1.46538590e+08  2.95e+00   3.02e-01     3.99e-05   3487.392s
 730000 +1.46538593e+08 +1.46538590e+08  2.97e+00   3.02e-01     3.98e-05   3492.078s
 731000 +1.46538594e+08 +1.46538590e+08  3.11e+00   3.01e-01     3.97e-05   3496.763s
 732000 +1.46538594e+08 +1.46538590e+08  3.11e+00   3.02e-01     3.97e-05   3501.448s
 733000 +1.46538594e+08 +1.46538590e+08  3.26e+00   3.01e-01     3.97e-05   3506.134s
 734000 +1.46538594e+08 +1.46538590e+08  3.32e+00   3.02e-01     3.98e-05   3510.819s
 735000 +1.46538594e+08 +1.46538590e+08  3.45e+00   3.01e-01     3.97e-05   3515.504s
 736000 +1.46538594e+08 +1.46538590e+08  3.54e+00   3.02e-01     3.97e-05   3520.189s
 737000 +1.46538594e+08 +1.46538590e+08  3.70e+00   3.01e-01     3.98e-05   3524.876s
 738000 +1.46538594e+08 +1.46538590e+08  3.76e+00   3.01e-01     3.98e-05   3529.561s
 739000 +1.46538594e+08 +1.46538590e+08  4.00e+00   3.01e-01     3.99e-05   3534.246s
 740000 +1.46538594e+08 +1.46538590e+08  4.00e+00   3.01e-01     3.99e-05   3538.931s
 741000 +1.46538595e+08 +1.46538590e+08  4.26e+00   3.01e-01     3.99e-05   3543.617s
 742000 +1.46538595e+08 +1.46538590e+08  4.32e+00   3.01e-01     4.00e-05   3548.302s
 743000 +1.46538595e+08 +1.46538590e+08  4.49e+00   3.01e-01     4.01e-05   3552.988s
 744000 +1.46538595e+08 +1.46538590e+08  4.68e+00   3.01e-01     4.01e-05   3557.673s
 745000 +1.46538595e+08 +1.46538590e+08  4.74e+00   3.01e-01     4.00e-05   3562.359s
 746000 +1.46538595e+08 +1.46538590e+08  5.03e+00   3.01e-01     4.00e-05   3567.043s
 747000 +1.46538596e+08 +1.46538590e+08  5.06e+00   3.01e-01     4.00e-05   3571.728s
 748000 +1.46538596e+08 +1.46538590e+08  5.32e+00   3.01e-01     4.00e-05   3576.413s
 749000 +1.46538596e+08 +1.46538590e+08  5.40e+00   3.01e-01     3.99e-05   3581.099s
 750000 +1.46538596e+08 +1.46538590e+08  5.60e+00   3.01e-01     3.98e-05   3585.785s
 751000 +1.46538596e+08 +1.46538590e+08  5.76e+00   3.01e-01     3.99e-05   3590.471s
 752000 +1.46538596e+08 +1.46538590e+08  5.93e+00   3.01e-01     3.98e-05   3595.157s
 753000 +1.46538597e+08 +1.46538590e+08  6.06e+00   3.01e-01     3.97e-05   3599.843s
PDLP finished
Status: Time Limit   Objective: 1.46538597e+08  Iterations: 753200  Time: 3600.847s

### exit_code=0
### finished=2026-07-24T15:33:48.333913
### gpu_peak_mb=65082.4
### gpu_peak2_mb=0.0
### per_gpu_peak_mb=[65082.375]
8  Iterations: 755200  Time: 3600.497s

### exit_code=0
### finished=2026-07-24T14:59:20.142422
### gpu_peak_mb=65082.4
### gpu_peak2_mb=0.0
### per_gpu_peak_mb=[65082.375]
