### solver=cuopt-base
### instance=/home/scratch.cmaes_sw/hans_lps/neos-5251015.mps
### n_gpus=1
### CUDA_VISIBLE_DEVICES=0
### started=2026-07-31T16:05:35.968650
### argv=/home/scratch.vmostovoi_gpu/mostovoi_cuopt/cpp/build/cuopt_cli --method 1 --mps-reader experimental-fast --time-limit 3600 --iteration-limit 1000000000 --relative-primal-tolerance 1e-6 --relative-dual-tolerance 1e-6 --relative-gap-tolerance 1e-6 --log-to-console true /home/scratch.cmaes_sw/hans_lps/neos-5251015.mps
### --- solver output ---
Setting parameter iteration_limit to 1000000000
Setting parameter log_to_console to true
Setting parameter method to 1
Setting parameter relative_dual_tolerance to 1.000000e-06
Setting parameter relative_gap_tolerance to 1.000000e-06
Setting parameter relative_primal_tolerance to 1.000000e-06
Setting parameter time_limit to 3.600000e+03
Reading file neos-5251015.mps
Using experimental fast MPS parser for '/home/scratch.cmaes_sw/hans_lps/neos-5251015.mps'
Read file neos-5251015.mps in 0.44 seconds
cuOpt version: 26.8.0, git hash: 7116ead1, host arch: x86_64, device archs: 100a-real
CPU: INTEL(R) XEON(R) PLATINUM 8570, threads (physical/logical): 112/224, RAM: 1791.71 GiB
CUDA 13.3, device: NVIDIA B200 (ID 0), VRAM: 178.34 GiB
CUDA device UUID: 1e26c45a-4f9e-e75b-c128-d0e6ab6abfe5
Solving a problem with 486531 constraints, 136971 variables (0 integers), and 1955388 nonzeros
Problem scaling:
Objective coefficents range:          [1e+00, 1e+00]
Constraint matrix coefficients range: [6e-01, 4e+02]
Constraint rhs / bounds range:        [1e-01, 4e+02]
Variable bounds range:                [0e+00, 1e+00]

Using PSLP presolver
PSLP Presolved problem: 385693 constraints, 110769 variables, 1652282 non-zeros
PSLP presolve time: 0.25s
Objective offset 0.105800 scaling_factor 1.000000
   Iter    Primal Obj.      Dual Obj.    Gap        Primal Res.  Dual Res.   Time
      0 +1.05800000e-01 +1.05800000e-01  0.00e+00   8.91e+01     0.00e+00   0.514s
   1000 +1.05800000e-01 +1.05883061e-01  8.31e-05   1.02e-03     3.40e-04   0.589s
   1100 +1.05800000e-01 +1.05804000e-01  4.00e-06   1.95e-03     6.23e-05   0.593s
LP Solver status:                Optimal
Primal objective:                +1.05800000e-01
Dual objective:                  +1.05804000e-01
Duality gap (abs/rel):           +4.00e-06 / +3.30e-06
Primal infeasibility (abs/rel):  +1.95e-03 / +1.17e-08
Dual infeasibility (abs/rel):    +6.23e-05 / +6.23e-05
PDLP finished
Status: Optimal   Objective: 1.05800000e-01  Iterations: 1100  Time: 0.594s

### exit_code=0
### finished=2026-07-31T16:05:37.894439
### gpu_peak_mb=1722.4
### gpu_peak2_mb=0.0
### per_gpu_peak_mb=[1722.375]
