### solver=cuopt-base
### instance=/home/scratch.cmaes_sw/hans_lps/neos.mps
### n_gpus=1
### CUDA_VISIBLE_DEVICES=0
### started=2026-07-31T16:05:19.149714
### argv=/home/scratch.vmostovoi_gpu/mostovoi_cuopt/cpp/build/cuopt_cli --method 1 --mps-reader experimental-fast --time-limit 3600 --iteration-limit 1000000000 --relative-primal-tolerance 1e-6 --relative-dual-tolerance 1e-6 --relative-gap-tolerance 1e-6 --log-to-console true /home/scratch.cmaes_sw/hans_lps/neos.mps
### --- solver output ---
Setting parameter iteration_limit to 1000000000
Setting parameter log_to_console to true
Setting parameter method to 1
Setting parameter relative_dual_tolerance to 1.000000e-06
Setting parameter relative_gap_tolerance to 1.000000e-06
Setting parameter relative_primal_tolerance to 1.000000e-06
Setting parameter time_limit to 3.600000e+03
Reading file neos.mps
Using experimental fast MPS parser for '/home/scratch.cmaes_sw/hans_lps/neos.mps'
Read file neos.mps in 0.37 seconds
cuOpt version: 26.8.0, git hash: 7116ead1, host arch: x86_64, device archs: 100a-real
CPU: INTEL(R) XEON(R) PLATINUM 8570, threads (physical/logical): 112/224, RAM: 1793.35 GiB
CUDA 13.3, device: NVIDIA B200 (ID 0), VRAM: 178.34 GiB
CUDA device UUID: 1e26c45a-4f9e-e75b-c128-d0e6ab6abfe5
Solving a problem with 479119 constraints, 36786 variables (0 integers), and 1047675 nonzeros
Problem scaling:
Objective coefficents range:          [1e-03, 2e+04]
Constraint matrix coefficients range: [5e-01, 1e+00]
Constraint rhs / bounds range:        [0e+00, 2e+03]
Variable bounds range:                [0e+00, 0e+00]
Warning: input problem contains a large range of coefficients: consider reformulating to avoid numerical difficulties.

Using PSLP presolver
PSLP Presolved problem: 422860 constraints, 36236 variables, 913785 non-zeros
PSLP presolve time: 0.19s
Objective offset 135194.112000 scaling_factor 1.000000
   Iter    Primal Obj.      Dual Obj.    Gap        Primal Res.  Dual Res.   Time
      0 +1.35194112e+05 +1.35194112e+05  0.00e+00   7.54e+04     2.17e+04   0.511s
   1000 +1.35094494e+08 +2.07406457e+08  7.23e+07   1.53e+03     3.20e+02   0.581s
   2000 +1.57811551e+08 +2.13631271e+08  5.58e+07   8.72e+02     1.83e+02   0.617s
   3000 +1.71633731e+08 +2.97572701e+08  1.26e+08   6.10e+02     5.42e+02   0.652s
   4000 +1.83128713e+08 +3.90563911e+08  2.07e+08   4.55e+02     9.94e+02   0.687s
   5000 +1.91858248e+08 +4.85655243e+08  2.94e+08   3.40e+02     1.40e+03   0.723s
   6000 +2.00272641e+08 +5.26247126e+08  3.26e+08   2.32e+02     1.62e+03   0.758s
   7000 +2.07580494e+08 +5.49089489e+08  3.42e+08   1.54e+02     1.75e+03   0.793s
   8000 +2.12779095e+08 +5.22535133e+08  3.10e+08   1.03e+02     1.63e+03   0.828s
   9000 +2.16200014e+08 +4.74731360e+08  2.59e+08   7.22e+01     1.38e+03   0.863s
  10000 +2.22905820e+08 +4.44262176e+08  2.21e+08   4.95e+01     1.20e+03   0.899s
  11000 +2.27947759e+08 +3.99452482e+08  1.72e+08   4.57e+01     9.58e+02   0.933s
  12000 +2.30660244e+08 +3.48434406e+08  1.18e+08   4.83e+01     7.09e+02   0.967s
  13000 +2.31437485e+08 +2.99299005e+08  6.79e+07   4.59e+01     4.70e+02   1.002s
  14000 +2.30617202e+08 +2.60575444e+08  3.00e+07   4.16e+01     2.41e+02   1.036s
  15000 +2.30129966e+08 +2.23268831e+08  6.86e+06   4.09e+01     1.31e+02   1.071s
  16000 +2.28602079e+08 +1.98502328e+08  3.01e+07   3.57e+01     6.21e+02   1.105s
  17000 +2.26481255e+08 +1.86095261e+08  4.04e+07   3.28e+01     6.85e+02   1.139s
  18000 +2.24637021e+08 +1.80996273e+08  4.36e+07   3.14e+01     6.36e+02   1.173s
  19000 +2.23656894e+08 +1.80022257e+08  4.36e+07   3.08e+01     5.22e+02   1.208s
  20000 +2.22638212e+08 +1.80780416e+08  4.19e+07   2.81e+01     3.99e+02   1.242s
  21000 +2.21851039e+08 +1.82919556e+08  3.89e+07   2.72e+01     3.45e+02   1.276s
  22000 +2.21088468e+08 +1.87262448e+08  3.38e+07   2.71e+01     3.12e+02   1.310s
  23000 +2.20793045e+08 +1.90478666e+08  3.03e+07   2.64e+01     2.50e+02   1.345s
  24000 +2.20497027e+08 +1.92011893e+08  2.85e+07   2.63e+01     2.04e+02   1.379s
  25000 +2.20082643e+08 +1.94507544e+08  2.56e+07   2.90e+01     1.66e+02   1.414s
  26000 +2.19661101e+08 +1.97933804e+08  2.17e+07   3.24e+01     1.39e+02   1.448s
  27000 +2.19302299e+08 +2.02229298e+08  1.71e+07   3.54e+01     1.11e+02   1.482s
  28000 +2.19076563e+08 +2.07206602e+08  1.19e+07   3.72e+01     8.83e+01   1.516s
  29000 +2.18997565e+08 +2.12481714e+08  6.52e+06   3.78e+01     6.62e+01   1.551s
  30000 +2.19091580e+08 +2.17584292e+08  1.51e+06   3.73e+01     3.99e+01   1.585s
  31000 +2.19328989e+08 +2.22099380e+08  2.77e+06   3.55e+01     1.43e+01   1.619s
  32000 +2.20026515e+08 +2.25808724e+08  5.78e+06   3.01e+01     7.13e+01   1.654s
  33000 +2.20849385e+08 +2.26838998e+08  5.99e+06   2.36e+01     9.02e+01   1.688s
  34000 +2.21450073e+08 +2.26076611e+08  4.63e+06   1.99e+01     5.12e+01   1.722s
  35000 +2.21791717e+08 +2.24264889e+08  2.47e+06   1.85e+01     9.12e+00   1.756s
  36000 +2.21917498e+08 +2.25366314e+08  3.45e+06   1.76e+01     4.47e+01   1.791s
  37000 +2.22093344e+08 +2.27843950e+08  5.75e+06   1.66e+01     8.22e+01   1.825s
  38000 +2.22356485e+08 +2.29974081e+08  7.62e+06   1.55e+01     1.01e+02   1.860s
  39000 +2.22847267e+08 +2.31421131e+08  8.57e+06   1.33e+01     9.30e+01   1.894s
  40000 +2.23320883e+08 +2.30792601e+08  7.47e+06   1.15e+01     7.53e+01   1.928s
  41000 +2.23688202e+08 +2.29039952e+08  5.35e+06   1.03e+01     5.87e+01   1.962s
  42000 +2.23755247e+08 +2.27701569e+08  3.95e+06   9.97e+00     2.83e+01   1.997s
  43000 +2.24068187e+08 +2.27012066e+08  2.94e+06   8.14e+00     2.57e+01   2.031s
  44000 +2.24208984e+08 +2.26272749e+08  2.06e+06   7.48e+00     2.97e+01   2.065s
  45000 +2.24223752e+08 +2.27634756e+08  3.41e+06   7.20e+00     1.09e+02   2.100s
  46000 +2.24335585e+08 +2.28946209e+08  4.61e+06   6.77e+00     8.65e+01   2.134s
  47000 +2.24510987e+08 +2.30118037e+08  5.61e+06   5.13e+00     9.29e+01   2.168s
  48000 +2.24643596e+08 +2.30036786e+08  5.39e+06   4.67e+00     8.44e+01   2.203s
  49000 +2.24761972e+08 +2.29803067e+08  5.04e+06   3.80e+00     7.68e+01   2.237s
  50000 +2.24928992e+08 +2.30282743e+08  5.35e+06   2.92e+00     6.39e+01   2.271s
  51000 +2.25058792e+08 +2.29952751e+08  4.89e+06   2.19e+00     4.67e+01   2.305s
  52000 +2.25147383e+08 +2.29213911e+08  4.07e+06   1.87e+00     3.62e+01   2.340s
  53000 +2.25201980e+08 +2.28325915e+08  3.12e+06   1.65e+00     2.72e+01   2.374s
  54000 +2.25222526e+08 +2.27562271e+08  2.34e+06   1.59e+00     2.24e+01   2.408s
  55000 +2.25221891e+08 +2.27041023e+08  1.82e+06   1.52e+00     2.79e+01   2.443s
  56000 +2.25205438e+08 +2.26789254e+08  1.58e+06   1.53e+00     2.39e+01   2.477s
  57000 +2.25231358e+08 +2.28239717e+08  3.01e+06   1.40e+00     5.60e+01   2.511s
  58000 +2.25266312e+08 +2.29306788e+08  4.04e+06   1.33e+00     4.73e+01   2.546s
  59000 +2.25295797e+08 +2.29974452e+08  4.68e+06   9.80e-01     8.15e+01   2.582s
  60000 +2.25337264e+08 +2.30071981e+08  4.73e+06   8.67e-01     4.92e+01   2.616s
  61000 +2.25364111e+08 +2.29476471e+08  4.11e+06   7.44e-01     5.39e+01   2.651s
  62000 +2.25381669e+08 +2.29217407e+08  3.84e+06   6.52e-01     5.39e+01   2.685s
  63000 +2.25396092e+08 +2.30500742e+08  5.10e+06   5.27e-01     1.12e+02   2.719s
  64000 +2.25418240e+08 +2.31332890e+08  5.91e+06   3.93e-01     1.25e+02   2.754s
  65000 +2.25437017e+08 +2.30406034e+08  4.97e+06   3.05e-01     1.29e+02   2.788s
  66000 +2.25433018e+08 +2.28831643e+08  3.40e+06   2.34e-01     1.11e+02   2.822s
  67000 +2.25423064e+08 +2.27654643e+08  2.23e+06   2.41e-01     4.24e+01   2.856s
  68000 +2.25425349e+08 +2.27289815e+08  1.86e+06   2.22e-01     4.11e+01   2.891s
  69000 +2.25427415e+08 +2.27176859e+08  1.75e+06   2.16e-01     3.88e+01   2.925s
  70000 +2.25430486e+08 +2.27066677e+08  1.64e+06   2.12e-01     1.65e+01   2.960s
  71000 +2.25432922e+08 +2.26740346e+08  1.31e+06   2.10e-01     1.34e+01   2.994s
  72000 +2.25433630e+08 +2.26455832e+08  1.02e+06   2.08e-01     1.53e+01   3.028s
  73000 +2.25435362e+08 +2.26734688e+08  1.30e+06   6.39e-02     7.17e+01   3.063s
  74000 +2.25439110e+08 +2.27121129e+08  1.68e+06   2.57e-02     6.47e+01   3.097s
  75000 +2.25442482e+08 +2.26832577e+08  1.39e+06   1.37e-02     4.39e+01   3.131s
  76000 +2.25443406e+08 +2.26631673e+08  1.19e+06   3.06e-03     4.39e+01   3.166s
  77000 +2.25444432e+08 +2.26573714e+08  1.13e+06   2.99e-03     3.11e+01   3.200s
  78000 +2.25452105e+08 +2.26458059e+08  1.01e+06   2.08e-02     2.12e+01   3.234s
  79000 +2.25465629e+08 +2.26316569e+08  8.51e+05   4.06e-02     9.84e+00   3.269s
  80000 +2.25468133e+08 +2.26103889e+08  6.36e+05   3.72e-02     7.57e+00   3.303s
  81000 +2.25461589e+08 +2.26005470e+08  5.44e+05   3.00e-02     5.88e+00   3.337s
  82000 +2.25454795e+08 +2.25990034e+08  5.35e+05   2.41e-02     4.34e+00   3.372s
  83000 +2.25455294e+08 +2.25963162e+08  5.08e+05   2.20e-02     7.39e+00   3.406s
  84000 +2.25453099e+08 +2.25879160e+08  4.26e+05   1.90e-02     4.18e+00   3.440s
  85000 +2.25448381e+08 +2.25832148e+08  3.84e+05   1.65e-02     3.82e+00   3.475s
  86000 +2.25448427e+08 +2.25823486e+08  3.75e+05   2.59e-02     4.32e+00   3.509s
  87000 +2.25451350e+08 +2.25796279e+08  3.45e+05   1.47e-02     3.51e+00   3.543s
  88000 +2.25448287e+08 +2.25769492e+08  3.21e+05   8.27e-03     3.19e+00   3.578s
  89000 +2.25444751e+08 +2.25755887e+08  3.11e+05   6.57e-03     3.17e+00   3.612s
  90000 +2.25444056e+08 +2.25746679e+08  3.03e+05   9.92e-03     3.12e+00   3.646s
  91000 +2.25443499e+08 +2.25741841e+08  2.98e+05   1.61e-02     3.09e+00   3.681s
  92000 +2.25446153e+08 +2.25728574e+08  2.82e+05   2.94e-02     2.98e+00   3.715s
  93000 +2.25449506e+08 +2.25696767e+08  2.47e+05   2.58e-02     2.86e+00   3.749s
  94000 +2.25448513e+08 +2.25666635e+08  2.18e+05   1.85e-02     2.82e+00   3.784s
  95000 +2.25444952e+08 +2.25650050e+08  2.05e+05   1.75e-02     2.75e+00   3.818s
  96000 +2.25443426e+08 +2.25650164e+08  2.07e+05   1.63e-02     3.09e+00   3.852s
  97000 +2.25442588e+08 +2.25651853e+08  2.09e+05   2.07e-02     2.76e+00   3.886s
  98000 +2.25441340e+08 +2.25655251e+08  2.14e+05   1.97e-02     2.68e+00   3.921s
  99000 +2.25442365e+08 +2.25661067e+08  2.19e+05   1.60e-02     2.72e+00   3.955s
 100000 +2.25576638e+08 +2.25643325e+08  6.67e+04   5.17e-01     2.31e+00   3.989s
 101000 +2.25692424e+08 +2.25600088e+08  9.23e+04   4.41e-01     2.05e+00   4.024s
 102000 +2.25730609e+08 +2.25548807e+08  1.82e+05   4.81e-01     2.06e+00   4.058s
 103000 +2.25758620e+08 +2.25495440e+08  2.63e+05   5.16e-01     1.85e+00   4.092s
 104000 +2.25750356e+08 +2.25444676e+08  3.06e+05   3.82e-01     1.56e+00   4.127s
 105000 +2.25722144e+08 +2.25402839e+08  3.19e+05   5.37e-01     1.28e+00   4.161s
 106000 +2.25684139e+08 +2.25369282e+08  3.15e+05   4.52e-01     1.29e+00   4.195s
 107000 +2.25702608e+08 +2.25353403e+08  3.49e+05   7.74e-01     1.21e+00   4.230s
 108000 +2.25683479e+08 +2.25332950e+08  3.51e+05   6.32e-01     1.12e+00   4.266s
 109000 +2.25606361e+08 +2.25318561e+08  2.88e+05   5.63e-01     1.00e+00   4.300s
 110000 +2.25555842e+08 +2.25307671e+08  2.48e+05   4.86e-01     9.24e-01   4.334s
 111000 +2.25545163e+08 +2.25297135e+08  2.48e+05   4.65e-01     8.20e-01   4.369s
 112000 +2.25524549e+08 +2.25285089e+08  2.39e+05   3.71e-01     6.96e-01   4.403s
 113000 +2.25489966e+08 +2.25279323e+08  2.11e+05   3.61e-01     6.68e-01   4.437s
 114000 +2.25453383e+08 +2.25278610e+08  1.75e+05   3.41e-01     6.69e-01   4.472s
 115000 +2.25438510e+08 +2.25281288e+08  1.57e+05   3.21e-01     6.63e-01   4.506s
 116000 +2.25437299e+08 +2.25285876e+08  1.51e+05   2.80e-01     6.33e-01   4.540s
 117000 +2.25405908e+08 +2.25289536e+08  1.16e+05   3.54e+00     5.41e-01   4.575s
 118000 +2.25391697e+08 +2.25292094e+08  9.96e+04   2.21e+00     4.72e-01   4.609s
 119000 +2.25351630e+08 +2.25293176e+08  5.85e+04   2.66e+00     4.26e-01   4.643s
 120000 +2.25218104e+08 +2.25296983e+08  7.89e+04   2.55e+00     3.66e-01   4.678s
 121000 +2.25186013e+08 +2.25302376e+08  1.16e+05   2.43e+00     3.32e-01   4.712s
 122000 +2.25206110e+08 +2.25308987e+08  1.03e+05   2.53e+00     2.92e-01   4.746s
 123000 +2.25220634e+08 +2.25315327e+08  9.47e+04   2.54e+00     2.43e-01   4.780s
 124000 +2.25194570e+08 +2.25318945e+08  1.24e+05   1.51e+01     3.68e-01   4.815s
 125000 +2.24849894e+08 +2.25323485e+08  4.74e+05   1.86e+01     4.34e-01   4.849s
 126000 +2.24205869e+08 +2.25330831e+08  1.12e+06   2.18e+01     4.11e-01   4.883s
 127000 +2.23556830e+08 +2.25341389e+08  1.78e+06   2.84e+01     3.73e-01   4.918s
 128000 +2.23238769e+08 +2.25354419e+08  2.12e+06   3.24e+01     2.67e-01   4.952s
 129000 +2.23069584e+08 +2.25368049e+08  2.30e+06   3.39e+01     2.10e-01   4.986s
 130000 +2.23145561e+08 +2.25381180e+08  2.24e+06   3.27e+01     9.90e-02   5.021s
 131000 +2.23419689e+08 +2.25391699e+08  1.97e+06   3.01e+01     7.16e-02   5.055s
 132000 +2.23516073e+08 +2.25399991e+08  1.88e+06   2.70e+01     6.63e-02   5.089s
 133000 +2.23608900e+08 +2.25406223e+08  1.80e+06   2.43e+01     5.89e-02   5.123s
 134000 +2.23827151e+08 +2.25411044e+08  1.58e+06   2.10e+01     5.05e-02   5.158s
 135000 +2.24033157e+08 +2.25414253e+08  1.38e+06   1.87e+01     4.62e-02   5.192s
 136000 +2.24306113e+08 +2.25415862e+08  1.11e+06   1.59e+01     4.91e-02   5.226s
 137000 +2.24401595e+08 +2.25416429e+08  1.01e+06   1.38e+01     4.41e-02   5.260s
 138000 +2.24428570e+08 +2.25419819e+08  9.91e+05   1.25e+01     5.14e-02   5.295s
 139000 +2.24475115e+08 +2.25423753e+08  9.49e+05   1.19e+01     4.10e-02   5.329s
 140000 +2.24537996e+08 +2.25427207e+08  8.89e+05   1.12e+01     4.81e-02   5.364s
 141000 +2.24606782e+08 +2.25429912e+08  8.23e+05   1.05e+01     4.87e-02   5.398s
 142000 +2.24698876e+08 +2.25432199e+08  7.33e+05   9.25e+00     5.94e-02   5.432s
 143000 +2.24753807e+08 +2.25434200e+08  6.80e+05   8.11e+00     6.14e-02   5.467s
 144000 +2.24797596e+08 +2.25437810e+08  6.40e+05   7.53e+00     7.07e-02   5.501s
 145000 +2.24857247e+08 +2.25440721e+08  5.83e+05   6.77e+00     8.81e-02   5.535s
 146000 +2.24941552e+08 +2.25443227e+08  5.02e+05   5.66e+00     9.70e-02   5.569s
 147000 +2.25036746e+08 +2.25444950e+08  4.08e+05   4.50e+00     1.08e-01   5.604s
 148000 +2.25124682e+08 +2.25445706e+08  3.21e+05   3.47e+00     1.12e-01   5.638s
 149000 +2.25203967e+08 +2.25445557e+08  2.42e+05   2.62e+00     1.07e-01   5.672s
 150000 +2.25283239e+08 +2.25444555e+08  1.61e+05   2.03e+00     1.04e-01   5.707s
 151000 +2.25354688e+08 +2.25442978e+08  8.83e+04   1.72e+00     9.18e-02   5.741s
 152000 +2.25418334e+08 +2.25440874e+08  2.25e+04   1.41e+00     7.99e-02   5.775s
 153000 +2.25455341e+08 +2.25438403e+08  1.69e+04   1.31e+00     6.58e-02   5.809s
 154000 +2.25481881e+08 +2.25435790e+08  4.61e+04   1.22e+00     5.01e-02   5.844s
 155000 +2.25489929e+08 +2.25433171e+08  5.68e+04   1.23e+00     3.93e-02   5.878s
 156000 +2.25476847e+08 +2.25430905e+08  4.59e+04   1.23e+00     2.90e-02   5.912s
 157000 +2.25465364e+08 +2.25428940e+08  3.64e+04   1.30e+00     1.90e-02   5.947s
 158000 +2.25437835e+08 +2.25427565e+08  1.03e+04   1.26e+00     1.01e-02   5.981s
 159000 +2.25399955e+08 +2.25426735e+08  2.68e+04   1.43e+00     6.25e-03   6.015s
 160000 +2.25361620e+08 +2.25426485e+08  6.49e+04   1.49e+00     7.37e-03   6.049s
 161000 +2.25361655e+08 +2.25426396e+08  6.47e+04   1.42e+00     4.77e-03   6.084s
 162000 +2.25369451e+08 +2.25426237e+08  5.68e+04   1.41e+00     3.52e-03   6.118s
 163000 +2.25370047e+08 +2.25426090e+08  5.60e+04   1.36e+00     2.68e-03   6.152s
 164000 +2.25373930e+08 +2.25425934e+08  5.20e+04   1.35e+00     2.50e-03   6.187s
 165000 +2.25373497e+08 +2.25425772e+08  5.23e+04   1.34e+00     1.57e-03   6.221s
 166000 +2.25373194e+08 +2.25425618e+08  5.24e+04   1.34e+00     8.99e-04   6.255s
 167000 +2.25370621e+08 +2.25425483e+08  5.49e+04   1.34e+00     1.03e-03   6.289s
 168000 +2.25368855e+08 +2.25425382e+08  5.65e+04   1.35e+00     1.60e-03   6.324s
 169000 +2.25366682e+08 +2.25425314e+08  5.86e+04   1.35e+00     2.21e-03   6.358s
 170000 +2.25366030e+08 +2.25425401e+08  5.94e+04   1.19e+00     2.36e-03   6.392s
 171000 +2.25365543e+08 +2.25425503e+08  6.00e+04   1.08e+00     1.16e-02   6.427s
 172000 +2.25365304e+08 +2.25426031e+08  6.07e+04   1.02e+00     2.04e-02   6.461s
 173000 +2.25364566e+08 +2.25426441e+08  6.19e+04   9.48e-01     2.29e-02   6.495s
 174000 +2.25363630e+08 +2.25426856e+08  6.32e+04   9.00e-01     2.34e-02   6.530s
 175000 +2.25363781e+08 +2.25427251e+08  6.35e+04   8.58e-01     1.98e-02   6.564s
 176000 +2.25364709e+08 +2.25427807e+08  6.31e+04   8.06e-01     1.82e-02   6.598s
 177000 +2.25365134e+08 +2.25430578e+08  6.54e+04   7.87e-01     3.62e-02   6.633s
 178000 +2.25365612e+08 +2.25433667e+08  6.81e+04   7.75e-01     5.07e-02   6.667s
 179000 +2.25367533e+08 +2.25438861e+08  7.13e+04   7.32e-01     1.05e-01   6.701s
 180000 +2.25369688e+08 +2.25487074e+08  1.17e+05   6.79e-01     7.87e-01   6.736s
 181000 +2.25372218e+08 +2.25551108e+08  1.79e+05   6.17e-01     1.79e+00   6.770s
 182000 +2.25374878e+08 +2.25615174e+08  2.40e+05   5.47e-01     2.35e+00   6.805s
 183000 +2.25380851e+08 +2.25670248e+08  2.89e+05   4.66e-01     2.68e+00   6.839s
 184000 +2.25389961e+08 +2.25712778e+08  3.23e+05   3.69e-01     2.82e+00   6.873s
 185000 +2.25400458e+08 +2.25734619e+08  3.34e+05   2.61e-01     2.90e+00   6.907s
 186000 +2.25411256e+08 +2.25734075e+08  3.23e+05   1.56e-01     2.95e+00   6.942s
 187000 +2.25420562e+08 +2.25716237e+08  2.96e+05   8.26e-02     2.64e+00   6.976s
 188000 +2.25426965e+08 +2.25685745e+08  2.59e+05   2.19e-02     2.59e+00   7.010s
 189000 +2.25431733e+08 +2.25650381e+08  2.19e+05   2.34e-02     2.03e+00   7.045s
 190000 +2.25434733e+08 +2.25611957e+08  1.77e+05   2.49e-02     1.75e+00   7.079s
 191000 +2.25436635e+08 +2.25573266e+08  1.37e+05   2.40e-02     1.21e+00   7.113s
 192000 +2.25436910e+08 +2.25535758e+08  9.88e+04   2.20e-02     9.14e-01   7.147s
 193000 +2.25435478e+08 +2.25502892e+08  6.74e+04   2.04e-02     5.58e-01   7.182s
 194000 +2.25437790e+08 +2.25486192e+08  4.84e+04   1.18e-01     4.55e-01   7.216s
 195000 +2.25445961e+08 +2.25484372e+08  3.84e+04   1.14e-01     4.48e-01   7.250s
 196000 +2.25454109e+08 +2.25480979e+08  2.69e+04   1.46e-01     4.01e-01   7.285s
 197000 +2.25462212e+08 +2.25475980e+08  1.38e+04   8.94e-02     3.20e-01   7.319s
 198000 +2.25469060e+08 +2.25469712e+08  6.52e+02   7.76e-02     2.63e-01   7.353s
 199000 +2.25473757e+08 +2.25462360e+08  1.14e+04   5.98e-02     2.06e-01   7.388s
 200000 +2.25476835e+08 +2.25453948e+08  2.29e+04   5.73e-02     1.45e-01   7.422s
 201000 +2.25476369e+08 +2.25445955e+08  3.04e+04   5.65e-02     8.42e-02   7.456s
 202000 +2.25473609e+08 +2.25438938e+08  3.47e+04   5.28e-02     4.87e-02   7.490s
 203000 +2.25468652e+08 +2.25433202e+08  3.54e+04   8.39e-02     4.20e-02   7.525s
 204000 +2.25462947e+08 +2.25429239e+08  3.37e+04   6.41e-02     4.68e-02   7.559s
 205000 +2.25456498e+08 +2.25426523e+08  3.00e+04   7.80e-02     7.73e-02   7.593s
 206000 +2.25451105e+08 +2.25424757e+08  2.63e+04   7.63e-02     9.22e-02   7.628s
 207000 +2.25448121e+08 +2.25423183e+08  2.49e+04   6.49e-02     6.47e-02   7.662s
 208000 +2.25444699e+08 +2.25422455e+08  2.22e+04   8.26e-02     5.26e-02   7.696s
 209000 +2.25442096e+08 +2.25422339e+08  1.98e+04   6.01e-02     6.87e-02   7.730s
 210000 +2.25437256e+08 +2.25422461e+08  1.48e+04   5.53e-02     5.52e-02   7.765s
 211000 +2.25435600e+08 +2.25421213e+08  1.44e+04   2.11e-02     3.26e-02   7.799s
 212000 +2.25435208e+08 +2.25418568e+08  1.66e+04   1.16e-02     7.73e-02   7.834s
 213000 +2.25434253e+08 +2.25416146e+08  1.81e+04   9.39e-03     9.16e-02   7.868s
 214000 +2.25433178e+08 +2.25414236e+08  1.89e+04   9.16e-03     1.12e-01   7.902s
 215000 +2.25431821e+08 +2.25412732e+08  1.91e+04   4.45e-03     1.22e-01   7.938s
 216000 +2.25430144e+08 +2.25411719e+08  1.84e+04   3.36e-03     1.20e-01   7.973s
 217000 +2.25428341e+08 +2.25411510e+08  1.68e+04   3.47e-03     1.20e-01   8.007s
 218000 +2.25426693e+08 +2.25412091e+08  1.46e+04   2.86e-03     1.16e-01   8.041s
 219000 +2.25425183e+08 +2.25413260e+08  1.19e+04   6.27e-03     1.10e-01   8.076s
 220000 +2.25424109e+08 +2.25414789e+08  9.32e+03   1.56e-02     9.32e-02   8.110s
 221000 +2.25423358e+08 +2.25416648e+08  6.71e+03   2.30e-02     7.49e-02   8.144s
 222000 +2.25422922e+08 +2.25418593e+08  4.33e+03   2.73e-02     6.01e-02   8.178s
 223000 +2.25422724e+08 +2.25420410e+08  2.31e+03   2.94e-02     4.70e-02   8.213s
 224000 +2.25422793e+08 +2.25422151e+08  6.42e+02   2.87e-02     4.26e-02   8.247s
 225000 +2.25423239e+08 +2.25423604e+08  3.64e+02   2.65e-02     2.80e-02   8.281s
 226000 +2.25423536e+08 +2.25424724e+08  1.19e+03   2.28e-02     2.08e-02   8.315s
 227000 +2.25423765e+08 +2.25425402e+08  1.64e+03   3.31e-02     1.33e-02   8.350s
 228000 +2.25423364e+08 +2.25425495e+08  2.13e+03   6.36e-02     7.78e-03   8.384s
 229000 +2.25422907e+08 +2.25425616e+08  2.71e+03   4.35e-02     5.42e-03   8.419s
 230000 +2.25421846e+08 +2.25425710e+08  3.86e+03   4.81e-02     5.05e-03   8.453s
 231000 +2.25421146e+08 +2.25425758e+08  4.61e+03   7.83e-02     2.77e-03   8.488s
 232000 +2.25421709e+08 +2.25425823e+08  4.11e+03   5.53e-02     2.12e-03   8.522s
 233000 +2.25422607e+08 +2.25425871e+08  3.26e+03   5.06e-02     1.52e-03   8.556s
 234000 +2.25423442e+08 +2.25425893e+08  2.45e+03   5.55e-02     1.97e-03   8.591s
 235000 +2.25424067e+08 +2.25425900e+08  1.83e+03   2.65e-02     2.22e-03   8.625s
 236000 +2.25424878e+08 +2.25425897e+08  1.02e+03   1.69e-02     2.16e-03   8.659s
 236600 +2.25425508e+08 +2.25425891e+08  3.83e+02   1.39e-02     2.02e-03   8.680s
LP Solver status:                Optimal
Primal objective:                +2.25425508e+08
Dual objective:                  +2.25425891e+08
Duality gap (abs/rel):           +3.83e+02 / +8.49e-07
Primal infeasibility (abs/rel):  +1.39e-02 / +1.73e-07
Dual infeasibility (abs/rel):    +2.02e-03 / +9.29e-08
PDLP finished
Status: Optimal   Objective: 2.25425508e+08  Iterations: 236600  Time: 8.681s

### exit_code=0
### finished=2026-07-31T16:05:29.170043
### gpu_peak_mb=1658.4
### gpu_peak2_mb=0.0
### per_gpu_peak_mb=[1658.375]
