### solver=cuopt-base
### instance=/home/scratch.cmaes_sw/hans_lps/neos-5052403-cygnet.mps
### n_gpus=1
### CUDA_VISIBLE_DEVICES=0
### started=2026-07-31T16:05:32.951429
### argv=/home/scratch.vmostovoi_gpu/mostovoi_cuopt/cpp/build/cuopt_cli --method 1 --mps-reader experimental-fast --time-limit 3600 --iteration-limit 1000000000 --relative-primal-tolerance 1e-6 --relative-dual-tolerance 1e-6 --relative-gap-tolerance 1e-6 --log-to-console true /home/scratch.cmaes_sw/hans_lps/neos-5052403-cygnet.mps
### --- solver output ---
Setting parameter iteration_limit to 1000000000
Setting parameter log_to_console to true
Setting parameter method to 1
Setting parameter relative_dual_tolerance to 1.000000e-06
Setting parameter relative_gap_tolerance to 1.000000e-06
Setting parameter relative_primal_tolerance to 1.000000e-06
Setting parameter time_limit to 3.600000e+03
Reading file neos-5052403-cygnet.mps
Using experimental fast MPS parser for '/home/scratch.cmaes_sw/hans_lps/neos-5052403-cygnet.mps'
Read file neos-5052403-cygnet.mps in 0.43 seconds
cuOpt version: 26.8.0, git hash: 7116ead1, host arch: x86_64, device archs: 100a-real
CPU: INTEL(R) XEON(R) PLATINUM 8570, threads (physical/logical): 112/224, RAM: 1792.41 GiB
CUDA 13.3, device: NVIDIA B200 (ID 0), VRAM: 178.34 GiB
CUDA device UUID: 1e26c45a-4f9e-e75b-c128-d0e6ab6abfe5
Solving a problem with 38268 constraints, 32868 variables (0 integers), and 4898304 nonzeros
Problem scaling:
Objective coefficents range:          [1e+00, 1e+00]
Constraint matrix coefficients range: [1e+00, 1e+00]
Constraint rhs / bounds range:        [1e+00, 2e+00]
Variable bounds range:                [0e+00, 1e+00]

Using PSLP presolver
PSLP Presolved problem: 19134 constraints, 27593 variables, 2448853 non-zeros
PSLP presolve time: 0.42s
Objective offset 0.000000 scaling_factor 1.000000
   Iter    Primal Obj.      Dual Obj.    Gap        Primal Res.  Dual Res.   Time
      0 +0.00000000e+00 +0.00000000e+00  0.00e+00   1.38e+02     1.66e+02   0.498s
   1000 +1.79416841e+02 +1.80253405e+02  8.37e-01   2.01e-01     2.79e-01   0.568s
   2000 +1.79196785e+02 +1.79545656e+02  3.49e-01   1.54e-01     7.82e-02   0.601s
   3000 +1.79295441e+02 +1.79418137e+02  1.23e-01   9.03e-02     2.63e-02   0.635s
   4000 +1.79346183e+02 +1.79424927e+02  7.87e-02   6.09e-02     2.76e-02   0.668s
   5000 +1.79374870e+02 +1.79456155e+02  8.13e-02   4.96e-02     1.96e-02   0.701s
   6000 +1.79397722e+02 +1.79464904e+02  6.72e-02   4.21e-02     1.73e-02   0.734s
   7000 +1.79438631e+02 +1.79489574e+02  5.09e-02   2.69e-02     1.95e-02   0.767s
   8000 +1.79476304e+02 +1.79502709e+02  2.64e-02   1.10e-02     1.36e-02   0.801s
   9000 +1.79484971e+02 +1.79502163e+02  1.72e-02   6.99e-03     1.03e-02   0.834s
  10000 +1.79501434e+02 +1.79501282e+02  1.51e-04   1.36e-03     7.44e-03   0.867s
  11000 +1.79501333e+02 +1.79501165e+02  1.68e-04   8.11e-04     6.58e-03   0.899s
  12000 +1.79500707e+02 +1.79500517e+02  1.90e-04   2.76e-04     6.13e-03   0.931s
  13000 +1.79500700e+02 +1.79500528e+02  1.73e-04   1.76e-04     5.83e-03   0.964s
  14000 +1.79500528e+02 +1.79500382e+02  1.45e-04   2.76e-04     5.39e-03   0.996s
  15000 +1.79500476e+02 +1.79500557e+02  8.14e-05   3.98e-04     4.86e-03   1.028s
  16000 +1.79500482e+02 +1.79500479e+02  3.59e-06   3.90e-04     4.45e-03   1.061s
  17000 +1.79500471e+02 +1.79500304e+02  1.67e-04   3.40e-04     4.22e-03   1.093s
  18000 +1.79500373e+02 +1.79499923e+02  4.50e-04   2.38e-04     4.16e-03   1.125s
  19000 +1.79500403e+02 +1.79500227e+02  1.76e-04   1.68e-04     4.07e-03   1.157s
  20000 +1.79500878e+02 +1.79500117e+02  7.61e-04   1.28e-03     2.61e-03   1.190s
  21000 +1.79501114e+02 +1.79500318e+02  7.96e-04   1.64e-03     1.48e-03   1.222s
  22000 +1.79500912e+02 +1.79500442e+02  4.70e-04   1.35e-03     8.49e-04   1.255s
  23000 +1.79500507e+02 +1.79500321e+02  1.87e-04   7.86e-04     7.99e-04   1.287s
  24000 +1.79500352e+02 +1.79500302e+02  5.00e-05   4.25e-04     7.35e-04   1.319s
  25000 +1.79500510e+02 +1.79500254e+02  2.56e-04   3.00e-04     7.70e-04   1.352s
  26000 +1.79500640e+02 +1.79500264e+02  3.77e-04   4.56e-04     5.52e-04   1.384s
  27000 +1.79500620e+02 +1.79500276e+02  3.44e-04   4.17e-04     5.02e-04   1.416s
  28000 +1.79500504e+02 +1.79500321e+02  1.83e-04   2.96e-04     4.88e-04   1.449s
  29000 +1.79500408e+02 +1.79500368e+02  3.99e-05   2.72e-04     2.48e-04   1.481s
LP Solver status:                Optimal
Primal objective:                +1.79500408e+02
Dual objective:                  +1.79500368e+02
Duality gap (abs/rel):           +3.99e-05 / +1.11e-07
Primal infeasibility (abs/rel):  +2.72e-04 / +8.77e-07
Dual infeasibility (abs/rel):    +2.48e-04 / +1.48e-06
PDLP finished
Status: Optimal   Objective: 1.79500408e+02  Iterations: 29000  Time: 1.482s

### exit_code=0
### finished=2026-07-31T16:05:35.957215
### gpu_peak_mb=1754.4
### gpu_peak2_mb=0.0
### per_gpu_peak_mb=[1754.375]
