### solver=cuopt-base
### instance=/home/scratch.cmaes_sw/hans_lps/pds-100.mps
### n_gpus=1
### CUDA_VISIBLE_DEVICES=0
### started=2026-07-31T16:38:54.330458
### argv=/home/scratch.vmostovoi_gpu/mostovoi_cuopt/cpp/build/cuopt_cli --method 1 --mps-reader experimental-fast --time-limit 3600 --iteration-limit 1000000000 --relative-primal-tolerance 1e-6 --relative-dual-tolerance 1e-6 --relative-gap-tolerance 1e-6 --log-to-console true /home/scratch.cmaes_sw/hans_lps/pds-100.mps
### --- solver output ---
Setting parameter iteration_limit to 1000000000
Setting parameter log_to_console to true
Setting parameter method to 1
Setting parameter relative_dual_tolerance to 1.000000e-06
Setting parameter relative_gap_tolerance to 1.000000e-06
Setting parameter relative_primal_tolerance to 1.000000e-06
Setting parameter time_limit to 3.600000e+03
Reading file pds-100.mps
Using experimental fast MPS parser for '/home/scratch.cmaes_sw/hans_lps/pds-100.mps'
Read file pds-100.mps in 0.09 seconds
cuOpt version: 26.8.0, git hash: 7116ead1, host arch: x86_64, device archs: 100a-real
CPU: INTEL(R) XEON(R) PLATINUM 8570, threads (physical/logical): 112/224, RAM: 1835.42 GiB
CUDA 13.3, device: NVIDIA B200 (ID 0), VRAM: 178.34 GiB
CUDA device UUID: c21815d8-6b00-1d34-4b8e-3c4cd6996afa
Solving a problem with 156243 constraints, 505360 variables (0 integers), and 1086785 nonzeros
Problem scaling:
Objective coefficents range:          [3e+01, 1e+05]
Constraint matrix coefficients range: [1e+00, 1e+00]
Constraint rhs / bounds range:        [3e+01, 9e+04]
Variable bounds range:                [0e+00, 9e+04]

Using PSLP presolver
PSLP Presolved problem: 140263 constraints, 478729 variables, 1021214 non-zeros
PSLP presolve time: 0.31s
Objective offset 0.000000 scaling_factor 1.000000
   Iter    Primal Obj.      Dual Obj.    Gap        Primal Res.  Dual Res.   Time
      0 +0.00000000e+00 +0.00000000e+00  0.00e+00   1.67e+05     9.56e+05   0.440s
   1000 +8.82663499e+09 +1.12438752e+10  2.42e+09   3.19e+02     3.09e+04   0.516s
   2000 +1.08655804e+10 +1.11108336e+10  2.45e+08   1.60e+01     7.14e+03   0.554s
   3000 +1.09409797e+10 +1.09181325e+10  2.28e+07   1.71e+00     7.79e+02   0.595s
   4000 +1.09334749e+10 +1.09283233e+10  5.15e+06   3.37e-01     5.34e+02   0.632s
   5000 +1.09322656e+10 +1.09316754e+10  5.90e+05   5.14e+00     2.72e+02   0.670s
   6000 +1.09322017e+10 +1.09314070e+10  7.95e+05   3.26e+00     1.75e+02   0.708s
   7000 +1.09307985e+10 +1.09310461e+10  2.48e+05   1.58e+00     1.41e+02   0.745s
   8000 +1.09636891e+10 +1.09289177e+10  3.48e+07   2.19e+01     3.10e+01   0.783s
   9000 +1.09472547e+10 +1.09283395e+10  1.89e+07   2.02e+01     8.43e+00   0.821s
  10000 +1.09400041e+10 +1.09282724e+10  1.17e+07   9.49e+00     3.28e+00   0.858s
  11000 +1.09308370e+10 +1.09282306e+10  2.61e+06   4.61e+00     8.64e-01   0.895s
  12000 +1.09283903e+10 +1.09282314e+10  1.59e+05   2.65e+00     4.36e-01   0.932s
  13000 +1.09280707e+10 +1.09282299e+10  1.59e+05   1.83e+00     1.37e-01   0.969s
  14000 +1.09282797e+10 +1.09282297e+10  5.00e+04   1.37e+00     2.62e-01   1.005s
  15000 +1.09280187e+10 +1.09282299e+10  2.11e+05   9.53e-01     2.01e-01   1.042s
  16000 +1.09280371e+10 +1.09282295e+10  1.92e+05   3.95e-01     1.31e-01   1.078s
  17000 +1.09283129e+10 +1.09282298e+10  8.32e+04   5.71e-02     1.95e-01   1.116s
  17600 +1.09282471e+10 +1.09282300e+10  1.71e+04   7.05e-02     8.43e-02   1.137s
LP Solver status:                Optimal
Primal objective:                +1.09282471e+10
Dual objective:                  +1.09282300e+10
Duality gap (abs/rel):           +1.71e+04 / +7.81e-07
Primal infeasibility (abs/rel):  +7.05e-02 / +3.78e-07
Dual infeasibility (abs/rel):    +8.43e-02 / +8.81e-08
PDLP finished
Status: Optimal   Objective: 1.09282471e+10  Iterations: 17600  Time: 1.139s

### exit_code=0
### finished=2026-07-31T16:38:56.317898
### gpu_peak_mb=1754.4
### gpu_peak2_mb=0.0
### per_gpu_peak_mb=[1754.375]
