### solver=cuopt-base
### instance=/home/scratch.cmaes_sw/hans_lps/physiciansched3-3.mps
### n_gpus=1
### CUDA_VISIBLE_DEVICES=0
### started=2026-07-31T16:38:56.329425
### argv=/home/scratch.vmostovoi_gpu/mostovoi_cuopt/cpp/build/cuopt_cli --method 1 --mps-reader experimental-fast --time-limit 3600 --iteration-limit 1000000000 --relative-primal-tolerance 1e-6 --relative-dual-tolerance 1e-6 --relative-gap-tolerance 1e-6 --log-to-console true /home/scratch.cmaes_sw/hans_lps/physiciansched3-3.mps
### --- solver output ---
Setting parameter iteration_limit to 1000000000
Setting parameter log_to_console to true
Setting parameter method to 1
Setting parameter relative_dual_tolerance to 1.000000e-06
Setting parameter relative_gap_tolerance to 1.000000e-06
Setting parameter relative_primal_tolerance to 1.000000e-06
Setting parameter time_limit to 3.600000e+03
Reading file physiciansched3-3.mps
Using experimental fast MPS parser for '/home/scratch.cmaes_sw/hans_lps/physiciansched3-3.mps'
Read file physiciansched3-3.mps in 0.08 seconds
cuOpt version: 26.8.0, git hash: 7116ead1, host arch: x86_64, device archs: 100a-real
CPU: INTEL(R) XEON(R) PLATINUM 8570, threads (physical/logical): 112/224, RAM: 1835.12 GiB
CUDA 13.3, device: NVIDIA B200 (ID 0), VRAM: 178.34 GiB
CUDA device UUID: c21815d8-6b00-1d34-4b8e-3c4cd6996afa
Solving a problem with 266227 constraints, 79555 variables (0 integers), and 1062479 nonzeros
Problem scaling:
Objective coefficents range:          [1e+00, 1e+00]
Constraint matrix coefficients range: [3e-01, 1e+03]
Constraint rhs / bounds range:        [1e+00, 6e+03]
Variable bounds range:                [1e+00, 1e+00]

Using PSLP presolver
PSLP Presolved problem: 85735 constraints, 24168 variables, 470152 non-zeros
PSLP presolve time: 0.22s
Objective offset 35542.000000 scaling_factor 1.000000
   Iter    Primal Obj.      Dual Obj.    Gap        Primal Res.  Dual Res.   Time
      0 +3.55420000e+04 +3.55420000e+04  0.00e+00   1.21e+04     4.98e+04   0.319s
   1000 +1.28385620e+06 +1.66715322e+06  3.83e+05   3.13e+02     1.90e+03   0.381s
   2000 +1.33026747e+06 +1.46020064e+06  1.30e+05   2.71e+01     6.94e+02   0.409s
   3000 +1.53091619e+06 +1.70632035e+06  1.75e+05   1.16e+01     1.86e+03   0.436s
   4000 +1.64125975e+06 +2.03921098e+06  3.98e+05   7.61e+00     3.25e+03   0.463s
   5000 +1.83924332e+06 +2.35030994e+06  5.11e+05   5.33e+00     4.66e+03   0.490s
   6000 +1.99082755e+06 +2.45182478e+06  4.61e+05   3.38e+00     3.47e+03   0.517s
   7000 +2.04784543e+06 +2.65266079e+06  6.05e+05   3.08e+00     2.70e+03   0.544s
   8000 +2.09071194e+06 +2.78266957e+06  6.92e+05   2.96e+00     2.66e+03   0.571s
   9000 +2.13779099e+06 +2.80544402e+06  6.68e+05   2.75e+00     2.38e+03   0.599s
  10000 +2.23996939e+06 +2.92099888e+06  6.81e+05   1.99e+00     2.82e+03   0.627s
  11000 +2.30816623e+06 +2.99379340e+06  6.86e+05   1.71e+00     2.61e+03   0.653s
  12000 +2.34837888e+06 +3.09856161e+06  7.50e+05   1.33e+00     2.21e+03   0.679s
  13000 +2.36533003e+06 +3.23441088e+06  8.69e+05   1.17e+00     2.79e+03   0.705s
  14000 +2.39084735e+06 +3.39387969e+06  1.00e+06   9.54e-01     2.55e+03   0.731s
  15000 +2.41711177e+06 +3.52261799e+06  1.11e+06   8.83e-01     2.27e+03   0.757s
  16000 +2.42723068e+06 +3.63339949e+06  1.21e+06   7.21e-01     2.47e+03   0.783s
  17000 +2.43868854e+06 +3.69592994e+06  1.26e+06   5.82e-01     2.18e+03   0.809s
  18000 +2.44584663e+06 +3.71639388e+06  1.27e+06   4.67e-01     1.93e+03   0.835s
  19000 +2.45603656e+06 +3.81104352e+06  1.36e+06   4.35e-01     1.92e+03   0.862s
  20000 +2.46056799e+06 +3.88959982e+06  1.43e+06   3.92e-01     2.08e+03   0.888s
  21000 +2.46521371e+06 +3.92645278e+06  1.46e+06   3.04e-01     2.03e+03   0.914s
  22000 +2.47014293e+06 +3.95078705e+06  1.48e+06   2.75e-01     2.00e+03   0.940s
  23000 +2.47395587e+06 +3.93856318e+06  1.46e+06   2.80e-01     2.07e+03   0.966s
  24000 +2.47657575e+06 +3.94573302e+06  1.47e+06   2.05e-01     1.95e+03   0.992s
  25000 +2.47904102e+06 +3.98011573e+06  1.50e+06   2.60e-01     1.39e+03   1.018s
  26000 +2.48166083e+06 +3.97970506e+06  1.50e+06   1.76e-01     1.50e+03   1.044s
  27000 +2.48353381e+06 +3.95461758e+06  1.47e+06   1.68e-01     1.45e+03   1.070s
  28000 +2.48460697e+06 +3.92525868e+06  1.44e+06   1.67e-01     1.88e+03   1.096s
  29000 +2.48544412e+06 +3.84654878e+06  1.36e+06   1.71e-01     2.70e+03   1.123s
  30000 +2.48793646e+06 +3.78845030e+06  1.30e+06   1.69e-01     3.61e+03   1.149s
  31000 +2.49186776e+06 +3.73245666e+06  1.24e+06   2.22e-01     3.32e+03   1.175s
  32000 +2.49329416e+06 +3.63350604e+06  1.14e+06   1.83e-01     2.23e+03   1.201s
  33000 +2.49751692e+06 +3.41723501e+06  9.20e+05   2.01e-01     2.26e+03   1.227s
  34000 +2.50021455e+06 +3.17276515e+06  6.73e+05   2.06e-01     2.31e+03   1.253s
  35000 +2.50188590e+06 +2.97392471e+06  4.72e+05   2.30e-01     2.60e+03   1.279s
  36000 +2.50075958e+06 +2.95022257e+06  4.49e+05   1.73e-01     2.55e+03   1.305s
  37000 +2.50047563e+06 +3.02967562e+06  5.29e+05   2.63e-01     1.64e+03   1.331s
  38000 +2.50006647e+06 +3.00852029e+06  5.08e+05   1.03e-01     1.19e+03   1.357s
  39000 +2.49737688e+06 +2.97046768e+06  4.73e+05   7.78e-02     9.18e+02   1.383s
  40000 +2.49562966e+06 +2.94860578e+06  4.53e+05   2.15e-01     8.33e+02   1.409s
  41000 +2.49467080e+06 +2.92698502e+06  4.32e+05   9.34e-02     7.59e+02   1.435s
  42000 +2.49245102e+06 +2.89755126e+06  4.05e+05   2.17e-01     8.51e+02   1.461s
  43000 +2.49001223e+06 +2.87283919e+06  3.83e+05   8.52e-02     8.22e+02   1.487s
  44000 +2.48721954e+06 +2.83976683e+06  3.53e+05   1.55e-01     7.37e+02   1.514s
  45000 +2.48428149e+06 +2.82050385e+06  3.36e+05   9.88e-02     6.33e+02   1.540s
  46000 +2.48486064e+06 +2.76322106e+06  2.78e+05   1.41e-01     6.06e+02   1.566s
  47000 +2.48499662e+06 +2.70898117e+06  2.24e+05   9.60e-02     5.89e+02   1.592s
  48000 +2.48687341e+06 +2.67412126e+06  1.87e+05   1.22e-01     8.05e+02   1.618s
  49000 +2.48754794e+06 +2.65137964e+06  1.64e+05   1.72e-01     7.69e+02   1.644s
  50000 +2.48768844e+06 +2.65095310e+06  1.63e+05   9.74e-02     6.68e+02   1.670s
  51000 +2.48699499e+06 +2.64271251e+06  1.56e+05   7.63e-02     3.79e+02   1.696s
  52000 +2.48756100e+06 +2.62835459e+06  1.41e+05   8.37e-02     3.69e+02   1.722s
  53000 +2.48836246e+06 +2.61402685e+06  1.26e+05   9.03e-02     3.72e+02   1.748s
  54000 +2.48899368e+06 +2.60507989e+06  1.16e+05   9.92e-02     3.29e+02   1.774s
  55000 +2.48921840e+06 +2.59205824e+06  1.03e+05   1.19e-01     2.88e+02   1.800s
  56000 +2.48870840e+06 +2.57653726e+06  8.78e+04   1.16e-01     3.05e+02   1.826s
  57000 +2.48672077e+06 +2.56202261e+06  7.53e+04   6.91e-01     3.28e+02   1.852s
  58000 +2.48518454e+06 +2.55452862e+06  6.93e+04   2.56e-01     3.48e+02   1.879s
  59000 +2.48419964e+06 +2.54251119e+06  5.83e+04   2.37e-01     2.60e+02   1.905s
  60000 +2.48155309e+06 +2.52700712e+06  4.55e+04   1.40e-01     2.74e+02   1.931s
  61000 +2.48107284e+06 +2.50974653e+06  2.87e+04   3.79e-01     2.17e+02   1.957s
  62000 +2.47976488e+06 +2.48890198e+06  9.14e+03   2.63e-01     2.52e+02   1.983s
  63000 +2.47881828e+06 +2.47933454e+06  5.16e+02   1.35e-01     2.20e+02   2.009s
  64000 +2.47766675e+06 +2.47305604e+06  4.61e+03   1.52e-01     2.76e+02   2.035s
  65000 +2.47675161e+06 +2.46030768e+06  1.64e+04   1.20e-01     2.74e+02   2.061s
  66000 +2.47559478e+06 +2.45085938e+06  2.47e+04   9.56e-02     3.04e+02   2.087s
  67000 +2.47441385e+06 +2.44708866e+06  2.73e+04   1.03e-01     2.96e+02   2.113s
  68000 +2.47320510e+06 +2.44428810e+06  2.89e+04   7.64e-02     2.39e+02   2.139s
  69000 +2.47268897e+06 +2.44126584e+06  3.14e+04   8.10e-02     2.11e+02   2.165s
  70000 +2.47226565e+06 +2.43450883e+06  3.78e+04   1.09e-01     2.26e+02   2.191s
  71000 +2.47192156e+06 +2.41492522e+06  5.70e+04   9.05e-02     3.31e+02   2.218s
  72000 +2.47143353e+06 +2.40317267e+06  6.83e+04   9.20e-02     3.94e+02   2.244s
  73000 +2.46926493e+06 +2.40083732e+06  6.84e+04   1.19e-01     3.59e+02   2.270s
  74000 +2.46637822e+06 +2.39418600e+06  7.22e+04   1.56e-01     3.51e+02   2.296s
  75000 +2.46498772e+06 +2.39324255e+06  7.17e+04   2.23e-01     2.92e+02   2.322s
  76000 +2.46581103e+06 +2.39454658e+06  7.13e+04   1.52e-01     2.95e+02   2.348s
  77000 +2.46514583e+06 +2.40037742e+06  6.48e+04   1.30e-01     2.38e+02   2.374s
  78000 +2.46532272e+06 +2.40679900e+06  5.85e+04   8.65e-02     1.98e+02   2.400s
  79000 +2.46507290e+06 +2.40702997e+06  5.80e+04   8.69e-02     1.88e+02   2.426s
  80000 +2.46418517e+06 +2.40760783e+06  5.66e+04   7.34e-02     1.94e+02   2.452s
  81000 +2.46400562e+06 +2.40654085e+06  5.75e+04   1.19e-01     2.09e+02   2.478s
  82000 +2.46352371e+06 +2.40570060e+06  5.78e+04   9.91e-02     1.91e+02   2.504s
  83000 +2.46338296e+06 +2.40606167e+06  5.73e+04   1.03e-01     1.78e+02   2.530s
  84000 +2.46310535e+06 +2.40711589e+06  5.60e+04   7.05e-02     1.64e+02   2.556s
  85000 +2.46275168e+06 +2.40854173e+06  5.42e+04   1.24e-01     1.55e+02   2.582s
  86000 +2.46231949e+06 +2.40737215e+06  5.49e+04   5.13e-02     1.83e+02   2.609s
  87000 +2.46214148e+06 +2.40544499e+06  5.67e+04   3.83e-02     1.96e+02   2.635s
  88000 +2.46215814e+06 +2.40365514e+06  5.85e+04   5.00e-02     2.00e+02   2.661s
  89000 +2.46206187e+06 +2.40195188e+06  6.01e+04   4.39e-02     1.99e+02   2.687s
  90000 +2.46183024e+06 +2.40039556e+06  6.14e+04   6.77e-02     1.98e+02   2.713s
  91000 +2.46168085e+06 +2.39983225e+06  6.18e+04   5.58e-02     1.93e+02   2.739s
  92000 +2.46152047e+06 +2.39927649e+06  6.22e+04   3.94e-02     2.13e+02   2.765s
  93000 +2.46136326e+06 +2.39975445e+06  6.16e+04   4.19e-02     2.10e+02   2.791s
  94000 +2.46106109e+06 +2.40032683e+06  6.07e+04   4.46e-02     2.10e+02   2.817s
  95000 +2.46094235e+06 +2.40049494e+06  6.04e+04   4.26e-02     2.07e+02   2.843s
  96000 +2.46084580e+06 +2.40097188e+06  5.99e+04   4.49e-02     1.97e+02   2.869s
  97000 +2.46069216e+06 +2.40147267e+06  5.92e+04   4.63e-02     2.03e+02   2.895s
  98000 +2.46061243e+06 +2.40208890e+06  5.85e+04   6.25e-02     1.86e+02   2.921s
  99000 +2.46029300e+06 +2.40102365e+06  5.93e+04   4.70e-02     1.93e+02   2.948s
 100000 +2.45978857e+06 +2.40122884e+06  5.86e+04   4.64e-02     1.95e+02   2.974s
 101000 +2.45930846e+06 +2.40037112e+06  5.89e+04   3.61e-02     1.83e+02   3.000s
 102000 +2.45867240e+06 +2.40004758e+06  5.86e+04   3.69e-02     1.83e+02   3.026s
 103000 +2.45831622e+06 +2.39971564e+06  5.86e+04   3.49e-02     1.86e+02   3.052s
 104000 +2.45805337e+06 +2.40016767e+06  5.79e+04   4.48e-02     1.85e+02   3.078s
 105000 +2.45795003e+06 +2.40004802e+06  5.79e+04   1.01e-01     1.73e+02   3.104s
 106000 +2.45793876e+06 +2.40215689e+06  5.58e+04   5.82e-02     1.44e+02   3.130s
 107000 +2.45788501e+06 +2.40299828e+06  5.49e+04   5.97e-02     1.26e+02   3.156s
 108000 +2.45777867e+06 +2.40514112e+06  5.26e+04   8.38e-02     1.22e+02   3.182s
 109000 +2.45774917e+06 +2.40563107e+06  5.21e+04   4.96e-02     1.25e+02   3.208s
 110000 +2.45756846e+06 +2.40586525e+06  5.17e+04   8.54e-02     1.25e+02   3.234s
 111000 +2.45737457e+06 +2.40486260e+06  5.25e+04   6.89e-02     1.28e+02   3.260s
 112000 +2.45722004e+06 +2.40441938e+06  5.28e+04   1.04e-01     1.30e+02   3.286s
 113000 +2.45695097e+06 +2.40424695e+06  5.27e+04   6.69e-02     1.35e+02   3.312s
 114000 +2.45670475e+06 +2.40360474e+06  5.31e+04   6.22e-02     1.36e+02   3.338s
 115000 +2.45651087e+06 +2.40364804e+06  5.29e+04   9.18e-02     1.40e+02   3.365s
 116000 +2.45642831e+06 +2.40412942e+06  5.23e+04   8.19e-02     1.39e+02   3.391s
 117000 +2.45607721e+06 +2.40505669e+06  5.10e+04   1.18e-01     1.91e+02   3.417s
 118000 +2.45510110e+06 +2.40671183e+06  4.84e+04   9.74e-02     1.94e+02   3.443s
 119000 +2.45442818e+06 +2.40825654e+06  4.62e+04   3.98e-02     1.55e+02   3.469s
 120000 +2.45422076e+06 +2.40908388e+06  4.51e+04   2.76e-02     1.20e+02   3.495s
 121000 +2.45408153e+06 +2.40864665e+06  4.54e+04   2.53e-02     1.14e+02   3.521s
 122000 +2.45394088e+06 +2.40795168e+06  4.60e+04   2.07e-02     1.17e+02   3.547s
 123000 +2.45381998e+06 +2.40714650e+06  4.67e+04   1.69e-02     9.04e+01   3.573s
 124000 +2.45358190e+06 +2.40644433e+06  4.71e+04   3.95e-02     7.76e+01   3.599s
 125000 +2.45343000e+06 +2.40503670e+06  4.84e+04   6.71e-02     7.35e+01   3.625s
 126000 +2.45213243e+06 +2.40588359e+06  4.62e+04   5.21e-01     7.82e+01   3.652s
 127000 +2.45087658e+06 +2.40496856e+06  4.59e+04   2.10e-01     7.27e+01   3.678s
 128000 +2.44996309e+06 +2.40598006e+06  4.40e+04   5.68e-01     6.67e+01   3.704s
 129000 +2.44920952e+06 +2.40604003e+06  4.32e+04   2.65e-01     6.31e+01   3.730s
 130000 +2.44805663e+06 +2.40615989e+06  4.19e+04   1.14e+00     6.38e+01   3.756s
 131000 +2.44428885e+06 +2.40892263e+06  3.54e+04   1.61e+01     4.59e+01   3.782s
 132000 +2.44034059e+06 +2.41516860e+06  2.52e+04   1.59e+01     4.32e+01   3.808s
 133000 +2.44099742e+06 +2.42031449e+06  2.07e+04   9.38e+00     3.55e+01   3.834s
 134000 +2.43327650e+06 +2.43849175e+06  5.22e+03   8.40e+01     1.28e+01   3.861s
 135000 +2.44283385e+06 +2.43936776e+06  3.47e+03   2.04e+02     7.69e+00   3.887s
 136000 +2.45290723e+06 +2.43927687e+06  1.36e+04   1.83e+01     6.09e+00   3.913s
 137000 +2.47206721e+06 +2.43820404e+06  3.39e+04   6.56e+01     4.50e+00   3.939s
 138000 +2.49324830e+06 +2.43894143e+06  5.43e+04   1.39e+02     4.46e+00   3.966s
 139000 +2.50299197e+06 +2.43749676e+06  6.55e+04   4.13e+01     2.80e+00   3.992s
 140000 +2.51198298e+06 +2.43691357e+06  7.51e+04   3.46e+01     2.99e+00   4.018s
 141000 +2.51549466e+06 +2.43563857e+06  7.99e+04   3.21e+01     2.85e+00   4.044s
 142000 +2.51718322e+06 +2.43460358e+06  8.26e+04   3.53e+01     1.76e+00   4.070s
 143000 +2.50803386e+06 +2.43300552e+06  7.50e+04   2.99e+01     2.05e+00   4.096s
 144000 +2.49817917e+06 +2.43218834e+06  6.60e+04   2.67e+01     1.63e+00   4.122s
 145000 +2.48293596e+06 +2.43187273e+06  5.11e+04   1.86e+01     1.40e+00   4.148s
 146000 +2.47219004e+06 +2.43186265e+06  4.03e+04   1.45e+01     1.16e+00   4.174s
 147000 +2.45849704e+06 +2.43217562e+06  2.63e+04   1.25e+01     1.28e+00   4.200s
 148000 +2.45122921e+06 +2.43254769e+06  1.87e+04   9.86e+00     2.76e+00   4.227s
 149000 +2.44866962e+06 +2.43195040e+06  1.67e+04   4.14e+00     3.39e+00   4.253s
 150000 +2.44643130e+06 +2.43150940e+06  1.49e+04   4.02e+00     2.40e+00   4.279s
 151000 +2.44222476e+06 +2.43172679e+06  1.05e+04   5.99e+00     1.74e+00   4.305s
 152000 +2.43982267e+06 +2.43190545e+06  7.92e+03   3.17e+00     1.47e+00   4.331s
 153000 +2.43740564e+06 +2.43219912e+06  5.21e+03   2.62e+00     1.65e+00   4.357s
 154000 +2.43435001e+06 +2.43256765e+06  1.78e+03   4.52e+00     2.37e+00   4.383s
 155000 +2.43544490e+06 +2.43322212e+06  2.22e+03   5.17e+00     1.83e+00   4.409s
 156000 +2.43017354e+06 +2.43360619e+06  3.43e+03   3.35e+00     1.73e+00   4.435s
 157000 +2.43256791e+06 +2.43392529e+06  1.36e+03   3.70e+00     1.86e+00   4.461s
 158000 +2.43362020e+06 +2.43434679e+06  7.27e+02   3.94e+00     1.44e+00   4.487s
 159000 +2.43266864e+06 +2.43464460e+06  1.98e+03   2.09e+00     1.38e+00   4.514s
 160000 +2.43415303e+06 +2.43469319e+06  5.40e+02   1.40e+00     1.77e+00   4.540s
 161000 +2.43484065e+06 +2.43468039e+06  1.60e+02   6.50e+00     2.08e+00   4.566s
 162000 +2.43443988e+06 +2.43453917e+06  9.93e+01   4.82e+00     2.06e+00   4.592s
 163000 +2.43352610e+06 +2.43465211e+06  1.13e+03   2.41e+00     1.45e+00   4.618s
 164000 +2.43423301e+06 +2.43476372e+06  5.31e+02   1.19e+00     1.55e+00   4.644s
 165000 +2.43405277e+06 +2.43478195e+06  7.29e+02   1.44e+00     1.82e+00   4.670s
 166000 +2.43527681e+06 +2.43475044e+06  5.26e+02   1.33e+00     1.47e+00   4.696s
 167000 +2.43426379e+06 +2.43480432e+06  5.41e+02   1.57e+00     1.93e+00   4.723s
 168000 +2.43520381e+06 +2.43489253e+06  3.11e+02   1.53e+00     1.27e+00   4.750s
 169000 +2.43521522e+06 +2.43496451e+06  2.51e+02   6.67e-01     8.96e-01   4.776s
 170000 +2.43646505e+06 +2.43502810e+06  1.44e+03   7.30e-01     7.04e-01   4.802s
 171000 +2.43660788e+06 +2.43527983e+06  1.33e+03   7.83e-01     4.20e+00   4.829s
 172000 +2.43714947e+06 +2.43567940e+06  1.47e+03   7.42e-01     2.78e+00   4.855s
 173000 +2.43729874e+06 +2.43592925e+06  1.37e+03   6.68e-01     3.33e+00   4.881s
 174000 +2.43733564e+06 +2.43614623e+06  1.19e+03   6.50e-01     2.75e+00   4.907s
 175000 +2.43747100e+06 +2.43631052e+06  1.16e+03   6.62e-01     3.21e+00   4.933s
 176000 +2.43783550e+06 +2.43644485e+06  1.39e+03   6.44e-01     4.00e+00   4.959s
 177000 +2.43752817e+06 +2.43650277e+06  1.03e+03   5.74e-01     3.85e+00   4.985s
 178000 +2.43757288e+06 +2.43648455e+06  1.09e+03   5.62e-01     5.24e+00   5.011s
 179000 +2.43642588e+06 +2.43651034e+06  8.45e+01   5.48e-01     4.92e+00   5.038s
 180000 +2.43396644e+06 +2.43615414e+06  2.19e+03   1.46e+00     6.70e+00   5.064s
 181000 +2.43327831e+06 +2.43546166e+06  2.18e+03   5.52e-01     6.28e+00   5.090s
 182000 +2.43325658e+06 +2.43510528e+06  1.85e+03   4.84e-01     6.41e+00   5.116s
 183000 +2.43316285e+06 +2.43476037e+06  1.60e+03   4.28e-01     5.57e+00   5.142s
 184000 +2.43368050e+06 +2.43437941e+06  6.99e+02   3.43e-01     6.21e+00   5.168s
 185000 +2.43387222e+06 +2.43406215e+06  1.90e+02   2.99e-01     5.82e+00   5.194s
 186000 +2.43425871e+06 +2.43347076e+06  7.88e+02   2.69e-01     7.80e+00   5.221s
 187000 +2.43391369e+06 +2.43260302e+06  1.31e+03   3.26e-01     6.94e+00   5.247s
 188000 +2.43268345e+06 +2.43185909e+06  8.24e+02   2.90e-01     7.75e+00   5.273s
 189000 +2.43141093e+06 +2.43193306e+06  5.22e+02   2.69e-01     7.93e+00   5.299s
 190000 +2.43081642e+06 +2.43241012e+06  1.59e+03   2.21e-01     7.41e+00   5.325s
 191000 +2.43033498e+06 +2.43279715e+06  2.46e+03   2.65e-01     4.54e+00   5.351s
 192000 +2.43031618e+06 +2.43298163e+06  2.67e+03   2.28e-01     4.44e+00   5.377s
 193000 +2.43051666e+06 +2.43335391e+06  2.84e+03   2.02e-01     5.37e+00   5.403s
 194000 +2.43045729e+06 +2.43333492e+06  2.88e+03   1.74e-01     5.71e+00   5.429s
 195000 +2.43051839e+06 +2.43315478e+06  2.64e+03   1.74e-01     4.14e+00   5.455s
 196000 +2.43099627e+06 +2.43291808e+06  1.92e+03   1.69e-01     2.85e+00   5.481s
 197000 +2.43116543e+06 +2.43266451e+06  1.50e+03   1.43e-01     4.21e+00   5.508s
 198000 +2.43184394e+06 +2.43256614e+06  7.22e+02   1.73e-01     4.29e+00   5.534s
 199000 +2.43294256e+06 +2.43271359e+06  2.29e+02   1.76e-01     4.15e+00   5.560s
 200000 +2.43443405e+06 +2.43282569e+06  1.61e+03   1.16e-01     5.00e+00   5.586s
 201000 +2.43594919e+06 +2.43280941e+06  3.14e+03   1.16e-01     4.76e+00   5.612s
 202000 +2.43680746e+06 +2.43303806e+06  3.77e+03   1.12e-01     3.22e+00   5.638s
 203000 +2.43607834e+06 +2.43305546e+06  3.02e+03   9.25e-02     4.16e+00   5.664s
 204000 +2.43572825e+06 +2.43290455e+06  2.82e+03   5.79e-02     3.78e+00   5.690s
 205000 +2.43519567e+06 +2.43293065e+06  2.27e+03   5.91e-02     3.33e+00   5.717s
 206000 +2.43505817e+06 +2.43303590e+06  2.02e+03   5.06e-02     3.17e+00   5.743s
 207000 +2.43510496e+06 +2.43308851e+06  2.02e+03   4.37e-02     2.98e+00   5.769s
 208000 +2.43497071e+06 +2.43310788e+06  1.86e+03   4.07e-02     2.62e+00   5.795s
 209000 +2.43469467e+06 +2.43318018e+06  1.51e+03   4.19e-02     2.44e+00   5.821s
 210000 +2.43443064e+06 +2.43329149e+06  1.14e+03   3.89e-02     2.62e+00   5.847s
 211000 +2.43420708e+06 +2.43343570e+06  7.71e+02   3.77e-02     2.52e+00   5.873s
 212000 +2.43401608e+06 +2.43362200e+06  3.94e+02   4.87e-02     2.73e+00   5.899s
 213000 +2.43389230e+06 +2.43379106e+06  1.01e+02   4.09e-02     2.70e+00   5.925s
 214000 +2.43367617e+06 +2.43394095e+06  2.65e+02   3.86e-02     2.62e+00   5.951s
 215000 +2.43345902e+06 +2.43410537e+06  6.46e+02   4.58e-02     2.85e+00   5.977s
 216000 +2.43331177e+06 +2.43427133e+06  9.60e+02   4.46e-02     2.56e+00   6.003s
 217000 +2.43314687e+06 +2.43442930e+06  1.28e+03   4.07e-02     2.25e+00   6.030s
 218000 +2.43307339e+06 +2.43459726e+06  1.52e+03   4.52e-02     2.22e+00   6.056s
 219000 +2.43295525e+06 +2.43479236e+06  1.84e+03   4.99e-02     2.32e+00   6.082s
 220000 +2.43299262e+06 +2.43498530e+06  1.99e+03   4.93e-02     2.16e+00   6.108s
 221000 +2.43315186e+06 +2.43520193e+06  2.05e+03   6.27e-02     1.90e+00   6.134s
 222000 +2.43329102e+06 +2.43543067e+06  2.14e+03   7.07e-02     1.81e+00   6.160s
 223000 +2.43344236e+06 +2.43564517e+06  2.20e+03   7.26e-02     1.82e+00   6.186s
 224000 +2.43352451e+06 +2.43587142e+06  2.35e+03   8.73e-02     1.65e+00   6.212s
 225000 +2.43365620e+06 +2.43613354e+06  2.48e+03   9.78e-02     1.51e+00   6.238s
 226000 +2.43387953e+06 +2.43639907e+06  2.52e+03   1.00e-01     1.46e+00   6.264s
 227000 +2.43407068e+06 +2.43662375e+06  2.55e+03   1.07e-01     1.42e+00   6.290s
 228000 +2.43429465e+06 +2.43685461e+06  2.56e+03   1.13e-01     1.39e+00   6.316s
 229000 +2.43445562e+06 +2.43707892e+06  2.62e+03   1.21e-01     1.36e+00   6.342s
 230000 +2.43464626e+06 +2.43725503e+06  2.61e+03   1.20e-01     1.41e+00   6.368s
 231000 +2.43492016e+06 +2.43741727e+06  2.50e+03   1.27e-01     1.43e+00   6.395s
 232000 +2.43514596e+06 +2.43756847e+06  2.42e+03   1.25e-01     1.55e+00   6.421s
 233000 +2.43535093e+06 +2.43767680e+06  2.33e+03   1.18e-01     1.59e+00   6.447s
 234000 +2.43555331e+06 +2.43775355e+06  2.20e+03   1.25e-01     1.59e+00   6.473s
 235000 +2.43580360e+06 +2.43782280e+06  2.02e+03   1.17e-01     1.56e+00   6.499s
 236000 +2.43597554e+06 +2.43784020e+06  1.86e+03   1.00e-01     1.53e+00   6.525s
 237000 +2.43610254e+06 +2.43781121e+06  1.71e+03   9.88e-02     1.52e+00   6.551s
 238000 +2.43622754e+06 +2.43777441e+06  1.55e+03   9.04e-02     1.47e+00   6.577s
 239000 +2.43634388e+06 +2.43768307e+06  1.34e+03   7.02e-02     1.39e+00   6.603s
 240000 +2.43646278e+06 +2.43754520e+06  1.08e+03   5.91e-02     1.37e+00   6.629s
 241000 +2.43655350e+06 +2.43738664e+06  8.33e+02   5.16e-02     1.38e+00   6.655s
 242000 +2.43655911e+06 +2.43719037e+06  6.31e+02   3.91e-02     1.35e+00   6.681s
 243000 +2.43652594e+06 +2.43697561e+06  4.50e+02   3.53e-02     1.16e+00   6.707s
 244000 +2.43649854e+06 +2.43673277e+06  2.34e+02   3.81e-02     1.09e+00   6.734s
 245000 +2.43650930e+06 +2.43649734e+06  1.20e+01   3.80e-02     1.02e+00   6.760s
 246000 +2.43633746e+06 +2.43617375e+06  1.64e+02   8.56e-02     2.45e+00   6.786s
 247000 +2.43611873e+06 +2.43589275e+06  2.26e+02   4.59e-02     2.29e+00   6.812s
 248000 +2.43601080e+06 +2.43589188e+06  1.19e+02   1.61e-01     1.54e+00   6.838s
 249000 +2.43605717e+06 +2.43613350e+06  7.63e+01   1.52e-01     1.78e+00   6.864s
 250000 +2.43610461e+06 +2.43616112e+06  5.65e+01   6.36e-02     1.68e+00   6.890s
 251000 +2.43624053e+06 +2.43601678e+06  2.24e+02   5.88e-02     1.62e+00   6.916s
 252000 +2.43636704e+06 +2.43590918e+06  4.58e+02   1.22e-01     1.94e+00   6.942s
 253000 +2.43660928e+06 +2.43592867e+06  6.81e+02   1.37e-01     1.60e+00   6.969s
 254000 +2.43687062e+06 +2.43592269e+06  9.48e+02   1.16e-01     1.32e+00   6.995s
 255000 +2.43703560e+06 +2.43585960e+06  1.18e+03   1.22e-01     1.76e+00   7.021s
 256000 +2.43719202e+06 +2.43578004e+06  1.41e+03   1.54e-01     1.51e+00   7.047s
 257000 +2.43729646e+06 +2.43573424e+06  1.56e+03   2.11e-01     1.45e+00   7.073s
 258000 +2.43734098e+06 +2.43569141e+06  1.65e+03   1.70e-01     1.51e+00   7.099s
 259000 +2.43731738e+06 +2.43574582e+06  1.57e+03   4.18e-01     1.33e+00   7.125s
 260000 +2.43730895e+06 +2.43564661e+06  1.66e+03   3.98e-01     1.25e+00   7.151s
 261000 +2.43728813e+06 +2.43575601e+06  1.53e+03   6.50e-01     1.03e+00   7.177s
 262000 +2.43719610e+06 +2.43573178e+06  1.46e+03   5.69e-01     9.77e-01   7.203s
 263000 +2.43707793e+06 +2.43583433e+06  1.24e+03   4.32e-01     1.03e+00   7.229s
 264000 +2.43702348e+06 +2.43585365e+06  1.17e+03   2.83e-01     9.43e-01   7.255s
 265000 +2.43696845e+06 +2.43596599e+06  1.00e+03   2.47e-01     8.73e-01   7.282s
 266000 +2.43689409e+06 +2.43596282e+06  9.31e+02   2.04e-01     8.63e-01   7.308s
 267000 +2.43688090e+06 +2.43605820e+06  8.23e+02   2.26e-01     7.42e-01   7.334s
 268000 +2.43693183e+06 +2.43604663e+06  8.85e+02   2.62e-01     6.49e-01   7.360s
 269000 +2.43695536e+06 +2.43606403e+06  8.91e+02   2.90e-01     6.63e-01   7.386s
 270000 +2.43699175e+06 +2.43604134e+06  9.50e+02   2.40e-01     5.38e-01   7.412s
 271000 +2.43703173e+06 +2.43606940e+06  9.62e+02   2.00e-01     5.14e-01   7.438s
 272000 +2.43707157e+06 +2.43605516e+06  1.02e+03   1.98e-01     4.58e-01   7.464s
 273000 +2.43709908e+06 +2.43605580e+06  1.04e+03   2.05e-01     4.12e-01   7.490s
 274000 +2.43712570e+06 +2.43604738e+06  1.08e+03   2.08e-01     3.66e-01   7.516s
 275000 +2.43713885e+06 +2.43604004e+06  1.10e+03   2.07e-01     3.35e-01   7.543s
 276000 +2.43714936e+06 +2.43602345e+06  1.13e+03   2.05e-01     3.12e-01   7.569s
 277000 +2.43715532e+06 +2.43600739e+06  1.15e+03   1.98e-01     2.88e-01   7.595s
 278000 +2.43715500e+06 +2.43598217e+06  1.17e+03   1.92e-01     2.72e-01   7.621s
 279000 +2.43715002e+06 +2.43595452e+06  1.20e+03   1.84e-01     2.56e-01   7.647s
 280000 +2.43714253e+06 +2.43592030e+06  1.22e+03   1.79e-01     2.39e-01   7.673s
 281000 +2.43713592e+06 +2.43588319e+06  1.25e+03   1.72e-01     2.31e-01   7.699s
 282000 +2.43712916e+06 +2.43584237e+06  1.29e+03   1.69e-01     2.30e-01   7.725s
 283000 +2.43711857e+06 +2.43579962e+06  1.32e+03   1.63e-01     2.38e-01   7.751s
 284000 +2.43710680e+06 +2.43575405e+06  1.35e+03   1.61e-01     2.57e-01   7.777s
 285000 +2.43710130e+06 +2.43570741e+06  1.39e+03   1.56e-01     2.74e-01   7.803s
 286000 +2.43695777e+06 +2.43568166e+06  1.28e+03   1.43e-01     9.45e-01   7.830s
 287000 +2.43678139e+06 +2.43575169e+06  1.03e+03   1.67e-01     7.27e-01   7.856s
 288000 +2.43673847e+06 +2.43573262e+06  1.01e+03   1.25e-01     6.32e-01   7.882s
 289000 +2.43684990e+06 +2.43576916e+06  1.08e+03   1.26e-01     1.32e+00   7.908s
 290000 +2.43672948e+06 +2.43580826e+06  9.21e+02   1.24e-01     3.18e+00   7.934s
 291000 +2.43663810e+06 +2.43592592e+06  7.12e+02   1.24e-01     2.69e+00   7.960s
 292000 +2.43655473e+06 +2.43604655e+06  5.08e+02   9.37e-02     3.39e+00   7.986s
 293000 +2.43653364e+06 +2.43619996e+06  3.34e+02   9.18e-02     2.41e+00   8.013s
 294000 +2.43651390e+06 +2.43635125e+06  1.63e+02   6.90e-02     2.18e+00   8.039s
 295000 +2.43620189e+06 +2.43649627e+06  2.94e+02   6.18e-02     4.80e+00   8.065s
 296000 +2.43605107e+06 +2.43668797e+06  6.37e+02   5.01e-02     3.53e+00   8.091s
 297000 +2.43601041e+06 +2.43698917e+06  9.79e+02   4.69e-02     4.85e+00   8.117s
 298000 +2.43600588e+06 +2.43726264e+06  1.26e+03   4.17e-02     2.95e+00   8.143s
 299000 +2.43602291e+06 +2.43748543e+06  1.46e+03   3.82e-02     2.84e+00   8.169s
 300000 +2.43602015e+06 +2.43764719e+06  1.63e+03   3.74e-02     3.42e+00   8.196s
 301000 +2.43600660e+06 +2.43773529e+06  1.73e+03   3.51e-02     3.29e+00   8.222s
 302000 +2.43602615e+06 +2.43778319e+06  1.76e+03   3.43e-02     3.35e+00   8.248s
 303000 +2.43604271e+06 +2.43782057e+06  1.78e+03   3.31e-02     3.77e+00   8.274s
 304000 +2.43605856e+06 +2.43776566e+06  1.71e+03   3.48e-02     5.48e+00   8.300s
 305000 +2.43607330e+06 +2.43780109e+06  1.73e+03   3.21e-02     5.59e+00   8.326s
 306000 +2.43610926e+06 +2.43780943e+06  1.70e+03   2.95e-02     5.65e+00   8.352s
 307000 +2.43624641e+06 +2.43767258e+06  1.43e+03   2.63e-02     5.18e+00   8.378s
 308000 +2.43612494e+06 +2.43761628e+06  1.49e+03   3.31e-02     5.16e+00   8.404s
 309000 +2.43618105e+06 +2.43765464e+06  1.47e+03   2.99e-02     6.34e+00   8.431s
 310000 +2.43623379e+06 +2.43748171e+06  1.25e+03   3.76e-02     6.15e+00   8.457s
 311000 +2.43613363e+06 +2.43755071e+06  1.42e+03   2.09e-02     5.81e+00   8.483s
 312000 +2.43618633e+06 +2.43756188e+06  1.38e+03   2.47e-02     5.01e+00   8.509s
 313000 +2.43623432e+06 +2.43751787e+06  1.28e+03   2.91e-02     5.35e+00   8.535s
 314000 +2.43620446e+06 +2.43741519e+06  1.21e+03   3.17e-02     5.77e+00   8.561s
 315000 +2.43618481e+06 +2.43720989e+06  1.03e+03   2.06e-02     3.86e+00   8.587s
 316000 +2.43624293e+06 +2.43697011e+06  7.27e+02   2.11e-02     5.33e+00   8.613s
 317000 +2.43611416e+06 +2.43644637e+06  3.32e+02   1.93e-02     4.90e+00   8.639s
 318000 +2.43591625e+06 +2.43607069e+06  1.54e+02   2.69e-02     6.32e+00   8.665s
 319000 +2.43571591e+06 +2.43581424e+06  9.83e+01   2.10e-02     6.57e+00   8.692s
 320000 +2.43553042e+06 +2.43549514e+06  3.53e+01   2.18e-02     6.40e+00   8.718s
 321000 +2.43551861e+06 +2.43546771e+06  5.09e+01   2.62e-02     5.60e+00   8.744s
 322000 +2.43555470e+06 +2.43536439e+06  1.90e+02   2.62e-02     6.63e+00   8.770s
 323000 +2.43548312e+06 +2.43511775e+06  3.65e+02   1.65e-02     4.80e+00   8.796s
 324000 +2.43549033e+06 +2.43491703e+06  5.73e+02   1.91e-02     4.14e+00   8.822s
 325000 +2.43552950e+06 +2.43519636e+06  3.33e+02   2.16e-02     5.39e+00   8.848s
 326000 +2.43549031e+06 +2.43508428e+06  4.06e+02   2.80e-02     4.64e+00   8.874s
 327000 +2.43542482e+06 +2.43501161e+06  4.13e+02   2.38e-02     4.46e+00   8.900s
 328000 +2.43524447e+06 +2.43541942e+06  1.75e+02   2.40e-02     4.43e+00   8.926s
 329000 +2.43520009e+06 +2.43572163e+06  5.22e+02   2.77e-02     2.88e+00   8.952s
 330000 +2.43536776e+06 +2.43593428e+06  5.67e+02   2.47e-02     4.07e+00   8.979s
 331000 +2.43538046e+06 +2.43602695e+06  6.46e+02   2.09e-02     2.87e+00   9.005s
 332000 +2.43533305e+06 +2.43597979e+06  6.47e+02   2.30e-02     3.09e+00   9.031s
 333000 +2.43527018e+06 +2.43613693e+06  8.67e+02   3.33e-02     3.01e+00   9.057s
 334000 +2.43524498e+06 +2.43649541e+06  1.25e+03   2.24e-02     2.70e+00   9.083s
 335000 +2.43540021e+06 +2.43658501e+06  1.18e+03   2.26e-02     2.68e+00   9.109s
 336000 +2.43547046e+06 +2.43645000e+06  9.80e+02   2.48e-02     2.81e+00   9.135s
 337000 +2.43537702e+06 +2.43633921e+06  9.62e+02   1.87e-02     2.18e+00   9.161s
 338000 +2.43537147e+06 +2.43635534e+06  9.84e+02   2.21e-02     2.43e+00   9.187s
 339000 +2.43546267e+06 +2.43634491e+06  8.82e+02   1.46e-02     2.73e+00   9.213s
 340000 +2.43547909e+06 +2.43614028e+06  6.61e+02   1.74e-02     2.64e+00   9.239s
 341000 +2.43553519e+06 +2.43586632e+06  3.31e+02   1.75e-02     2.55e+00   9.269s
 342000 +2.43549255e+06 +2.43573321e+06  2.41e+02   1.66e-02     2.27e+00   9.295s
 343000 +2.43545000e+06 +2.43563497e+06  1.85e+02   1.68e-02     2.40e+00   9.321s
 344000 +2.43551131e+06 +2.43561139e+06  1.00e+02   1.44e-02     1.67e+00   9.347s
 345000 +2.43553386e+06 +2.43555007e+06  1.62e+01   1.37e-02     1.68e+00   9.373s
 346000 +2.43552922e+06 +2.43547518e+06  5.40e+01   1.12e-02     2.06e+00   9.399s
 347000 +2.43551764e+06 +2.43540439e+06  1.13e+02   9.97e-03     1.39e+00   9.426s
 348000 +2.43549385e+06 +2.43535045e+06  1.43e+02   1.17e-02     1.11e+00   9.452s
 349000 +2.43548453e+06 +2.43531594e+06  1.69e+02   9.63e-03     1.20e+00   9.478s
 350000 +2.43549162e+06 +2.43527648e+06  2.15e+02   9.54e-03     1.13e+00   9.504s
 351000 +2.43548162e+06 +2.43522832e+06  2.53e+02   1.01e-02     1.07e+00   9.530s
 352000 +2.43545855e+06 +2.43518519e+06  2.73e+02   9.75e-03     9.93e-01   9.556s
 353000 +2.43544293e+06 +2.43518013e+06  2.63e+02   9.60e-03     1.11e+00   9.582s
 354000 +2.43543670e+06 +2.43518080e+06  2.56e+02   9.82e-03     1.00e+00   9.608s
 355000 +2.43543303e+06 +2.43516779e+06  2.65e+02   9.43e-03     1.03e+00   9.634s
 356000 +2.43542854e+06 +2.43517265e+06  2.56e+02   9.35e-03     9.43e-01   9.660s
 357000 +2.43541953e+06 +2.43518701e+06  2.33e+02   9.45e-03     1.08e+00   9.686s
 358000 +2.43542299e+06 +2.43520230e+06  2.21e+02   9.35e-03     9.38e-01   9.713s
 359000 +2.43541665e+06 +2.43522629e+06  1.90e+02   8.74e-03     9.91e-01   9.739s
 360000 +2.43542502e+06 +2.43526290e+06  1.62e+02   8.26e-03     9.92e-01   9.765s
 361000 +2.43544094e+06 +2.43528371e+06  1.57e+02   7.84e-03     9.79e-01   9.791s
 362000 +2.43544378e+06 +2.43529957e+06  1.44e+02   7.58e-03     9.63e-01   9.817s
 363000 +2.43545266e+06 +2.43531996e+06  1.33e+02   7.50e-03     9.42e-01   9.843s
 364000 +2.43547126e+06 +2.43534825e+06  1.23e+02   6.61e-03     1.01e+00   9.869s
 365000 +2.43550545e+06 +2.43534895e+06  1.57e+02   5.69e-03     9.95e-01   9.895s
 366000 +2.43552468e+06 +2.43534382e+06  1.81e+02   5.80e-03     9.37e-01   9.922s
 367000 +2.43553331e+06 +2.43533684e+06  1.96e+02   5.34e-03     9.24e-01   9.948s
 368000 +2.43554321e+06 +2.43533536e+06  2.08e+02   5.14e-03     9.26e-01   9.974s
 369000 +2.43555425e+06 +2.43533489e+06  2.19e+02   4.87e-03     9.18e-01   10.000s
 370000 +2.43556343e+06 +2.43533653e+06  2.27e+02   4.49e-03     9.16e-01   10.026s
 371000 +2.43557603e+06 +2.43533880e+06  2.37e+02   4.22e-03     9.16e-01   10.054s
 372000 +2.43559097e+06 +2.43534390e+06  2.47e+02   3.90e-03     9.16e-01   10.081s
 373000 +2.43560579e+06 +2.43534630e+06  2.59e+02   3.57e-03     9.13e-01   10.108s
 374000 +2.43561946e+06 +2.43534943e+06  2.70e+02   3.24e-03     9.12e-01   10.134s
 375000 +2.43563290e+06 +2.43535455e+06  2.78e+02   2.94e-03     9.11e-01   10.160s
 376000 +2.43564649e+06 +2.43535930e+06  2.87e+02   2.61e-03     9.08e-01   10.186s
 377000 +2.43566015e+06 +2.43536261e+06  2.98e+02   2.32e-03     9.06e-01   10.212s
 378000 +2.43567301e+06 +2.43536627e+06  3.07e+02   2.06e-03     9.06e-01   10.238s
 379000 +2.43568480e+06 +2.43536853e+06  3.16e+02   1.76e-03     9.03e-01   10.264s
 380000 +2.43569523e+06 +2.43537015e+06  3.25e+02   1.54e-03     8.98e-01   10.290s
 381000 +2.43570390e+06 +2.43537214e+06  3.32e+02   1.37e-03     8.94e-01   10.316s
 382000 +2.43571246e+06 +2.43537371e+06  3.39e+02   1.18e-03     8.95e-01   10.342s
 383000 +2.43572047e+06 +2.43537406e+06  3.46e+02   1.05e-03     8.90e-01   10.369s
 384000 +2.43572596e+06 +2.43537381e+06  3.52e+02   9.53e-04     8.87e-01   10.395s
 385000 +2.43573005e+06 +2.43537397e+06  3.56e+02   9.98e-04     8.85e-01   10.421s
 386000 +2.43573347e+06 +2.43537360e+06  3.60e+02   9.72e-04     8.86e-01   10.447s
 387000 +2.43573542e+06 +2.43537364e+06  3.62e+02   9.20e-04     8.91e-01   10.473s
 388000 +2.43573553e+06 +2.43537381e+06  3.62e+02   1.21e-03     8.83e-01   10.499s
 389000 +2.43573558e+06 +2.43537424e+06  3.61e+02   1.38e-03     8.91e-01   10.525s
 390000 +2.43573525e+06 +2.43537533e+06  3.60e+02   1.33e-03     8.96e-01   10.551s
 391000 +2.43573330e+06 +2.43537716e+06  3.56e+02   1.51e-03     8.90e-01   10.577s
 392000 +2.43573271e+06 +2.43537913e+06  3.54e+02   1.63e-03     9.15e-01   10.603s
 393000 +2.43573143e+06 +2.43538252e+06  3.49e+02   1.79e-03     9.02e-01   10.630s
 394000 +2.43572955e+06 +2.43538534e+06  3.44e+02   2.00e-03     9.39e-01   10.656s
 395000 +2.43573157e+06 +2.43533467e+06  3.97e+02   4.58e-02     7.54e-01   10.682s
 396000 +2.43572537e+06 +2.43534681e+06  3.79e+02   5.12e-02     7.66e-01   10.708s
 397000 +2.43573104e+06 +2.43535667e+06  3.74e+02   5.49e-02     7.10e-01   10.734s
 398000 +2.43573229e+06 +2.43537160e+06  3.61e+02   5.78e-02     7.05e-01   10.760s
 399000 +2.43573052e+06 +2.43538807e+06  3.42e+02   5.87e-02     6.87e-01   10.786s
 400000 +2.43573930e+06 +2.43540810e+06  3.31e+02   5.92e-02     6.81e-01   10.812s
 401000 +2.43573721e+06 +2.43542397e+06  3.13e+02   5.74e-02     6.70e-01   10.838s
 402000 +2.43574659e+06 +2.43544307e+06  3.04e+02   5.50e-02     6.35e-01   10.864s
 403000 +2.43575102e+06 +2.43546138e+06  2.90e+02   5.16e-02     6.08e-01   10.890s
 404000 +2.43575378e+06 +2.43547454e+06  2.79e+02   4.74e-02     5.88e-01   10.917s
 405000 +2.43576539e+06 +2.43549045e+06  2.75e+02   4.22e-02     5.75e-01   10.943s
 406000 +2.43577004e+06 +2.43547297e+06  2.97e+02   2.34e-02     5.23e-01   10.969s
 407000 +2.43581488e+06 +2.43547133e+06  3.44e+02   7.93e-03     5.15e-01   10.995s
 408000 +2.43586526e+06 +2.43547156e+06  3.94e+02   9.48e-03     5.14e-01   11.021s
 409000 +2.43591139e+06 +2.43547243e+06  4.39e+02   1.08e-02     5.11e-01   11.047s
 410000 +2.43595451e+06 +2.43547319e+06  4.81e+02   1.26e-02     5.07e-01   11.073s
 411000 +2.43599569e+06 +2.43547404e+06  5.22e+02   1.45e-02     5.01e-01   11.100s
 412000 +2.43603201e+06 +2.43547513e+06  5.57e+02   1.62e-02     4.97e-01   11.126s
 413000 +2.43606658e+06 +2.43547628e+06  5.90e+02   1.79e-02     4.90e-01   11.152s
 414000 +2.43609778e+06 +2.43547751e+06  6.20e+02   1.95e-02     4.84e-01   11.178s
 415000 +2.43612472e+06 +2.43547915e+06  6.46e+02   2.11e-02     4.76e-01   11.204s
 416000 +2.43614895e+06 +2.43548118e+06  6.68e+02   2.26e-02     4.70e-01   11.230s
 417000 +2.43616948e+06 +2.43548361e+06  6.86e+02   2.41e-02     4.62e-01   11.256s
 418000 +2.43618693e+06 +2.43548640e+06  7.01e+02   2.53e-02     4.54e-01   11.282s
 419000 +2.43620092e+06 +2.43548924e+06  7.12e+02   2.67e-02     4.47e-01   11.308s
 420000 +2.43621209e+06 +2.43549292e+06  7.19e+02   2.82e-02     4.39e-01   11.334s
 421000 +2.43622256e+06 +2.43549624e+06  7.26e+02   3.90e-02     4.52e-01   11.360s
 422000 +2.43622843e+06 +2.43549996e+06  7.28e+02   3.75e-02     4.28e-01   11.387s
 423000 +2.43619458e+06 +2.43550208e+06  6.93e+02   1.09e-01     4.74e-01   11.413s
 424000 +2.43614253e+06 +2.43549913e+06  6.43e+02   1.29e-01     4.55e-01   11.439s
 425000 +2.43609422e+06 +2.43554404e+06  5.50e+02   1.45e-01     4.15e-01   11.465s
 426000 +2.43618469e+06 +2.43555396e+06  6.31e+02   1.94e-01     4.43e-01   11.491s
 427000 +2.43648326e+06 +2.43556618e+06  9.17e+02   1.04e-01     4.23e-01   11.517s
 428000 +2.43694924e+06 +2.43558410e+06  1.37e+03   7.62e-01     3.88e-01   11.543s
 429000 +2.43716308e+06 +2.43565012e+06  1.51e+03   6.92e-01     1.55e-01   11.570s
 430000 +2.43703128e+06 +2.43565005e+06  1.38e+03   7.16e-02     6.81e-02   11.596s
 431000 +2.43697324e+06 +2.43565004e+06  1.32e+03   8.41e-02     4.01e-02   11.622s
 432000 +2.43696614e+06 +2.43566461e+06  1.30e+03   4.13e-02     2.04e-01   11.648s
 433000 +2.43694895e+06 +2.43565817e+06  1.29e+03   4.20e-02     1.65e-01   11.674s
 434000 +2.43694885e+06 +2.43567338e+06  1.28e+03   4.81e-02     1.35e-01   11.700s
 435000 +2.43694650e+06 +2.43567195e+06  1.27e+03   5.50e-02     1.26e-01   11.727s
 436000 +2.43695329e+06 +2.43569651e+06  1.26e+03   6.59e-02     1.77e-01   11.753s
 437000 +2.43695242e+06 +2.43570286e+06  1.25e+03   7.07e-02     1.84e-01   11.779s
 438000 +2.43692761e+06 +2.43573351e+06  1.19e+03   7.26e-02     4.39e-01   11.805s
 439000 +2.43690597e+06 +2.43573826e+06  1.17e+03   6.59e-02     4.61e-01   11.831s
 440000 +2.43688110e+06 +2.43576452e+06  1.12e+03   4.74e-02     2.88e-01   11.857s
 441000 +2.43687065e+06 +2.43576901e+06  1.10e+03   3.72e-02     3.27e-01   11.883s
 442000 +2.43686277e+06 +2.43577099e+06  1.09e+03   3.38e-02     2.83e-01   11.909s
 443000 +2.43684431e+06 +2.43575594e+06  1.09e+03   3.23e-02     3.96e-01   11.935s
 444000 +2.43682490e+06 +2.43575041e+06  1.07e+03   3.37e-02     3.99e-01   11.961s
 445000 +2.43680080e+06 +2.43573526e+06  1.07e+03   3.41e-02     2.59e-01   11.987s
 446000 +2.43666231e+06 +2.43568503e+06  9.77e+02   3.87e-02     5.79e-01   12.013s
 447000 +2.43641394e+06 +2.43570042e+06  7.14e+02   4.78e-02     6.15e-01   12.040s
 448000 +2.43628833e+06 +2.43571309e+06  5.75e+02   4.52e-02     4.32e-01   12.066s
 449000 +2.43635034e+06 +2.43572337e+06  6.27e+02   3.26e-02     4.34e-01   12.092s
 450000 +2.43635992e+06 +2.43569804e+06  6.62e+02   3.16e-02     7.18e-01   12.118s
 451000 +2.43626480e+06 +2.43566255e+06  6.02e+02   3.04e-02     4.54e-01   12.144s
 452000 +2.43616376e+06 +2.43564009e+06  5.24e+02   3.07e-02     5.63e-01   12.170s
 453000 +2.43602747e+06 +2.43563846e+06  3.89e+02   3.32e-02     6.49e-01   12.196s
 454000 +2.43592730e+06 +2.43563660e+06  2.91e+02   3.01e-02     3.79e-01   12.222s
 455000 +2.43592040e+06 +2.43560381e+06  3.17e+02   2.82e-02     5.23e-01   12.248s
 456000 +2.43588638e+06 +2.43557934e+06  3.07e+02   2.83e-02     6.22e-01   12.274s
 457000 +2.43580076e+06 +2.43556505e+06  2.36e+02   2.98e-02     3.87e-01   12.300s
 458000 +2.43578033e+06 +2.43552829e+06  2.52e+02   2.96e-02     5.48e-01   12.326s
 459000 +2.43570496e+06 +2.43550134e+06  2.04e+02   2.88e-02     5.23e-01   12.353s
 460000 +2.43557798e+06 +2.43547593e+06  1.02e+02   2.84e-02     4.09e-01   12.379s
 461000 +2.43554703e+06 +2.43546317e+06  8.39e+01   2.67e-02     5.01e-01   12.405s
 462000 +2.43556858e+06 +2.43544494e+06  1.24e+02   2.69e-02     4.29e-01   12.431s
 463000 +2.43556940e+06 +2.43542900e+06  1.40e+02   2.74e-02     3.07e-01   12.457s
 464000 +2.43555627e+06 +2.43539586e+06  1.60e+02   2.70e-02     4.02e-01   12.483s
 465000 +2.43551972e+06 +2.43536838e+06  1.51e+02   2.62e-02     4.07e-01   12.509s
 466000 +2.43542957e+06 +2.43537331e+06  5.63e+01   2.60e-02     3.63e-01   12.535s
 467000 +2.43546050e+06 +2.43537702e+06  8.35e+01   2.37e-02     3.74e-01   12.561s
 468000 +2.43561517e+06 +2.43537006e+06  2.45e+02   2.44e-02     4.29e-01   12.587s
 469000 +2.43569044e+06 +2.43534754e+06  3.43e+02   2.59e-02     3.26e-01   12.613s
 470000 +2.43570696e+06 +2.43532817e+06  3.79e+02   2.18e-02     3.90e-01   12.640s
 471000 +2.43575096e+06 +2.43531885e+06  4.32e+02   2.13e-02     3.99e-01   12.666s
 472000 +2.43581191e+06 +2.43531981e+06  4.92e+02   2.13e-02     3.99e-01   12.692s
 473000 +2.43591658e+06 +2.43531727e+06  5.99e+02   2.05e-02     4.21e-01   12.718s
 474000 +2.43603817e+06 +2.43529803e+06  7.40e+02   1.88e-02     4.24e-01   12.744s
 475000 +2.43610286e+06 +2.43528060e+06  8.22e+02   1.80e-02     4.30e-01   12.770s
 476000 +2.43610764e+06 +2.43527936e+06  8.28e+02   2.14e-02     4.31e-01   12.796s
 477000 +2.43613469e+06 +2.43527883e+06  8.56e+02   2.04e-02     4.41e-01   12.822s
 478000 +2.43618218e+06 +2.43528196e+06  9.00e+02   2.50e-02     4.16e-01   12.848s
 479000 +2.43618612e+06 +2.43527591e+06  9.10e+02   1.94e-02     4.50e-01   12.874s
 480000 +2.43620632e+06 +2.43528118e+06  9.25e+02   1.91e-02     4.25e-01   12.900s
 481000 +2.43621180e+06 +2.43527714e+06  9.35e+02   1.64e-02     4.21e-01   12.926s
 482000 +2.43613136e+06 +2.43527720e+06  8.54e+02   1.95e-02     4.32e-01   12.953s
 483000 +2.43606661e+06 +2.43528725e+06  7.79e+02   1.90e-02     4.80e-01   12.979s
 484000 +2.43605430e+06 +2.43529530e+06  7.59e+02   1.87e-02     4.63e-01   13.005s
 485000 +2.43600404e+06 +2.43529712e+06  7.07e+02   1.45e-02     4.38e-01   13.031s
 486000 +2.43592113e+06 +2.43529361e+06  6.28e+02   1.24e-02     4.88e-01   13.057s
 487000 +2.43586439e+06 +2.43529534e+06  5.69e+02   1.16e-02     4.95e-01   13.083s
 488000 +2.43577057e+06 +2.43529715e+06  4.73e+02   1.12e-02     4.44e-01   13.109s
 489000 +2.43568292e+06 +2.43530545e+06  3.77e+02   1.21e-02     4.59e-01   13.135s
 490000 +2.43566221e+06 +2.43531050e+06  3.52e+02   8.24e-03     4.23e-01   13.161s
 491000 +2.43561792e+06 +2.43530645e+06  3.11e+02   8.24e-03     4.70e-01   13.187s
 492000 +2.43554274e+06 +2.43530713e+06  2.36e+02   1.04e-02     4.32e-01   13.213s
 493000 +2.43548383e+06 +2.43531263e+06  1.71e+02   8.28e-03     3.81e-01   13.240s
 494000 +2.43546451e+06 +2.43532379e+06  1.41e+02   8.19e-03     4.29e-01   13.266s
 495000 +2.43545366e+06 +2.43532872e+06  1.25e+02   1.08e-02     3.75e-01   13.292s
 496000 +2.43544918e+06 +2.43533354e+06  1.16e+02   9.41e-03     3.33e-01   13.318s
 497000 +2.43548393e+06 +2.43534319e+06  1.41e+02   1.08e-02     3.77e-01   13.344s
 498000 +2.43546660e+06 +2.43534433e+06  1.22e+02   1.08e-02     3.17e-01   13.370s
 499000 +2.43546476e+06 +2.43536003e+06  1.05e+02   8.16e-03     3.55e-01   13.396s
 500000 +2.43554519e+06 +2.43537649e+06  1.69e+02   1.07e-02     3.33e-01   13.422s
 501000 +2.43558746e+06 +2.43538334e+06  2.04e+02   7.83e-03     2.76e-01   13.448s
 502000 +2.43562330e+06 +2.43538708e+06  2.36e+02   5.94e-03     3.34e-01   13.474s
 503000 +2.43567091e+06 +2.43539701e+06  2.74e+02   8.63e-03     2.70e-01   13.500s
 504000 +2.43569332e+06 +2.43541203e+06  2.81e+02   1.18e-02     3.00e-01   13.527s
 505000 +2.43573803e+06 +2.43542001e+06  3.18e+02   9.88e-03     2.77e-01   13.553s
 506000 +2.43579057e+06 +2.43543296e+06  3.58e+02   7.89e-03     2.30e-01   13.579s
 507000 +2.43583719e+06 +2.43543995e+06  3.97e+02   7.27e-03     2.88e-01   13.605s
 508000 +2.43584332e+06 +2.43544291e+06  4.00e+02   9.45e-03     2.16e-01   13.631s
 509000 +2.43583615e+06 +2.43545773e+06  3.78e+02   1.22e-02     2.14e-01   13.657s
 510000 +2.43585750e+06 +2.43547387e+06  3.84e+02   1.13e-02     2.44e-01   13.683s
 511000 +2.43585455e+06 +2.43548323e+06  3.71e+02   1.10e-02     1.94e-01   13.709s
 512000 +2.43584390e+06 +2.43549459e+06  3.49e+02   9.42e-03     2.22e-01   13.735s
 513000 +2.43582317e+06 +2.43550519e+06  3.18e+02   9.28e-03     2.14e-01   13.761s
 514000 +2.43578901e+06 +2.43551827e+06  2.71e+02   6.31e-03     2.22e-01   13.787s
 515000 +2.43576770e+06 +2.43552549e+06  2.42e+02   6.83e-03     2.10e-01   13.814s
 516000 +2.43573806e+06 +2.43552938e+06  2.09e+02   4.13e-03     1.97e-01   13.840s
 517000 +2.43570579e+06 +2.43553034e+06  1.75e+02   3.85e-03     1.89e-01   13.866s
 518000 +2.43567323e+06 +2.43553202e+06  1.41e+02   3.82e-03     1.96e-01   13.892s
 519000 +2.43563694e+06 +2.43553443e+06  1.03e+02   3.79e-03     1.91e-01   13.918s
 520000 +2.43560562e+06 +2.43553718e+06  6.84e+01   3.88e-03     1.84e-01   13.944s
 521000 +2.43557828e+06 +2.43553922e+06  3.91e+01   4.06e-03     1.81e-01   13.970s
 522000 +2.43554852e+06 +2.43554082e+06  7.70e+00   4.28e-03     1.78e-01   13.997s
 523000 +2.43551830e+06 +2.43554304e+06  2.47e+01   4.49e-03     1.72e-01   14.023s
 524000 +2.43549066e+06 +2.43554633e+06  5.57e+01   4.71e-03     1.64e-01   14.049s
 525000 +2.43546607e+06 +2.43554981e+06  8.37e+01   4.98e-03     1.56e-01   14.075s
 526000 +2.43544321e+06 +2.43555380e+06  1.11e+02   5.21e-03     1.50e-01   14.101s
 527000 +2.43542076e+06 +2.43555884e+06  1.38e+02   5.39e-03     1.44e-01   14.127s
 528000 +2.43539992e+06 +2.43556489e+06  1.65e+02   5.57e-03     1.35e-01   14.153s
 529000 +2.43538232e+06 +2.43557205e+06  1.90e+02   5.74e-03     1.28e-01   14.179s
 530000 +2.43536735e+06 +2.43557995e+06  2.13e+02   5.88e-03     1.20e-01   14.205s
 531000 +2.43535376e+06 +2.43558833e+06  2.35e+02   6.00e-03     1.14e-01   14.231s
 532000 +2.43534204e+06 +2.43559747e+06  2.55e+02   6.09e-03     1.07e-01   14.257s
 533000 +2.43533243e+06 +2.43560726e+06  2.75e+02   6.16e-03     9.88e-02   14.284s
 534000 +2.43532560e+06 +2.43561718e+06  2.92e+02   6.20e-03     9.22e-02   14.310s
 535000 +2.43532098e+06 +2.43562692e+06  3.06e+02   6.22e-03     8.47e-02   14.336s
 536000 +2.43531726e+06 +2.43563655e+06  3.19e+02   6.22e-03     7.84e-02   14.362s
 537000 +2.43531534e+06 +2.43564599e+06  3.31e+02   6.18e-03     7.21e-02   14.388s
 538000 +2.43531575e+06 +2.43565501e+06  3.39e+02   6.13e-03     6.41e-02   14.414s
 539000 +2.43531796e+06 +2.43566350e+06  3.46e+02   6.05e-03     5.85e-02   14.440s
 540000 +2.43532206e+06 +2.43567132e+06  3.49e+02   5.96e-03     5.31e-02   14.466s
 541000 +2.43532696e+06 +2.43567850e+06  3.52e+02   5.78e-03     6.89e-02   14.492s
 542000 +2.43533381e+06 +2.43568615e+06  3.52e+02   5.73e-03     5.48e-02   14.518s
 543000 +2.43534407e+06 +2.43569225e+06  3.48e+02   5.48e-03     4.91e-02   14.544s
 544000 +2.43535295e+06 +2.43569786e+06  3.45e+02   5.34e-03     4.08e-02   14.571s
 545000 +2.43536337e+06 +2.43570323e+06  3.40e+02   5.18e-03     4.05e-02   14.597s
 546000 +2.43537625e+06 +2.43570850e+06  3.32e+02   4.90e-03     4.36e-02   14.623s
 547000 +2.43539120e+06 +2.43571251e+06  3.21e+02   4.67e-03     4.77e-02   14.649s
 548000 +2.43540599e+06 +2.43571627e+06  3.10e+02   4.51e-03     5.16e-02   14.675s
 549000 +2.43542054e+06 +2.43571987e+06  2.99e+02   4.17e-03     5.52e-02   14.701s
 550000 +2.43543648e+06 +2.43572292e+06  2.86e+02   3.91e-03     5.18e-02   14.727s
 551000 +2.43545319e+06 +2.43572544e+06  2.72e+02   3.72e-03     5.05e-02   14.753s
 552000 +2.43547050e+06 +2.43572792e+06  2.57e+02   3.41e-03     4.61e-02   14.779s
 553000 +2.43548654e+06 +2.43572950e+06  2.43e+02   3.22e-03     4.55e-02   14.805s
 554000 +2.43550232e+06 +2.43573043e+06  2.28e+02   2.94e-03     4.55e-02   14.831s
 555000 +2.43551834e+06 +2.43573190e+06  2.14e+02   2.77e-03     4.42e-02   14.858s
 556000 +2.43553369e+06 +2.43573205e+06  1.98e+02   2.62e-03     4.76e-02   14.884s
 557000 +2.43554945e+06 +2.43573167e+06  1.82e+02   2.54e-03     4.77e-02   14.910s
 558000 +2.43556310e+06 +2.43573100e+06  1.68e+02   2.39e-03     4.66e-02   14.936s
 559000 +2.43557519e+06 +2.43573000e+06  1.55e+02   2.34e-03     4.14e-02   14.962s
 560000 +2.43558866e+06 +2.43572791e+06  1.39e+02   2.30e-03     4.17e-02   14.988s
 561000 +2.43560036e+06 +2.43572623e+06  1.26e+02   2.21e-03     3.57e-02   15.014s
 562000 +2.43561137e+06 +2.43572324e+06  1.12e+02   2.15e-03     3.34e-02   15.040s
 563000 +2.43562087e+06 +2.43572024e+06  9.94e+01   2.19e-03     3.05e-02   15.066s
 564000 +2.43562837e+06 +2.43571717e+06  8.88e+01   2.29e-03     2.76e-02   15.092s
 565000 +2.43563764e+06 +2.43571394e+06  7.63e+01   2.14e-03     2.72e-02   15.118s
 566000 +2.43564443e+06 +2.43571007e+06  6.56e+01   2.14e-03     2.54e-02   15.144s
 567000 +2.43564953e+06 +2.43570653e+06  5.70e+01   2.21e-03     2.46e-02   15.170s
 568000 +2.43565408e+06 +2.43570298e+06  4.89e+01   2.13e-03     2.19e-02   15.197s
 569000 +2.43565723e+06 +2.43569957e+06  4.23e+01   2.12e-03     2.04e-02   15.223s
 570000 +2.43566000e+06 +2.43569624e+06  3.62e+01   2.22e-03     1.84e-02   15.249s
 571000 +2.43566082e+06 +2.43569304e+06  3.22e+01   2.26e-03     1.67e-02   15.275s
 572000 +2.43566114e+06 +2.43569005e+06  2.89e+01   2.21e-03     1.54e-02   15.301s
 573000 +2.43565934e+06 +2.43568723e+06  2.79e+01   2.07e-03     1.39e-02   15.327s
 574000 +2.43565710e+06 +2.43568507e+06  2.80e+01   2.07e-03     1.71e-02   15.353s
 575000 +2.43565583e+06 +2.43568254e+06  2.67e+01   2.16e-03     1.85e-02   15.379s
 576000 +2.43565095e+06 +2.43568036e+06  2.94e+01   2.10e-03     1.84e-02   15.405s
 577000 +2.43564854e+06 +2.43568077e+06  3.22e+01   2.04e-03     1.96e-02   15.432s
 578000 +2.43564618e+06 +2.43568121e+06  3.50e+01   2.05e-03     1.73e-02   15.458s
 579000 +2.43564403e+06 +2.43568159e+06  3.76e+01   2.07e-03     1.66e-02   15.484s
 580000 +2.43564199e+06 +2.43568199e+06  4.00e+01   2.09e-03     1.54e-02   15.510s
 581000 +2.43564009e+06 +2.43568240e+06  4.23e+01   2.10e-03     1.48e-02   15.536s
 582000 +2.43563828e+06 +2.43568283e+06  4.46e+01   2.10e-03     1.39e-02   15.562s
 583000 +2.43563663e+06 +2.43568328e+06  4.66e+01   2.11e-03     1.30e-02   15.588s
 584000 +2.43563519e+06 +2.43568380e+06  4.86e+01   2.11e-03     1.21e-02   15.614s
 585000 +2.43563400e+06 +2.43568436e+06  5.04e+01   2.11e-03     1.13e-02   15.640s
 586000 +2.43563294e+06 +2.43568495e+06  5.20e+01   2.10e-03     1.05e-02   15.666s
 587000 +2.43563204e+06 +2.43568561e+06  5.36e+01   2.10e-03     9.72e-03   15.693s
 588000 +2.43563139e+06 +2.43568635e+06  5.50e+01   2.08e-03     9.14e-03   15.719s
 589000 +2.43563090e+06 +2.43568713e+06  5.62e+01   2.07e-03     8.49e-03   15.745s
 590000 +2.43563064e+06 +2.43568796e+06  5.73e+01   2.05e-03     8.13e-03   15.771s
 591000 +2.43563055e+06 +2.43568884e+06  5.83e+01   2.03e-03     7.92e-03   15.797s
 592000 +2.43563062e+06 +2.43568974e+06  5.91e+01   2.01e-03     7.82e-03   15.823s
 593000 +2.43563090e+06 +2.43569067e+06  5.98e+01   1.99e-03     7.91e-03   15.849s
 594000 +2.43563136e+06 +2.43569161e+06  6.03e+01   1.96e-03     8.16e-03   15.875s
 595000 +2.43563198e+06 +2.43569253e+06  6.06e+01   1.93e-03     8.53e-03   15.901s
 596000 +2.43563276e+06 +2.43569343e+06  6.07e+01   1.90e-03     9.01e-03   15.927s
 597000 +2.43563368e+06 +2.43569431e+06  6.06e+01   1.87e-03     9.55e-03   15.953s
 598000 +2.43563479e+06 +2.43569514e+06  6.03e+01   1.83e-03     1.02e-02   15.979s
 599000 +2.43563604e+06 +2.43569592e+06  5.99e+01   1.80e-03     1.08e-02   16.005s
 600000 +2.43563741e+06 +2.43569666e+06  5.92e+01   1.76e-03     1.15e-02   16.032s
 601000 +2.43563893e+06 +2.43569733e+06  5.84e+01   1.72e-03     1.21e-02   16.058s
 602000 +2.43564055e+06 +2.43569796e+06  5.74e+01   1.67e-03     1.28e-02   16.084s
 603000 +2.43564231e+06 +2.43569853e+06  5.62e+01   1.63e-03     1.34e-02   16.110s
 604000 +2.43564417e+06 +2.43569905e+06  5.49e+01   1.58e-03     1.40e-02   16.136s
 605000 +2.43564610e+06 +2.43569953e+06  5.34e+01   1.54e-03     1.47e-02   16.162s
 606000 +2.43564811e+06 +2.43569997e+06  5.19e+01   1.49e-03     1.52e-02   16.188s
 607000 +2.43565018e+06 +2.43570037e+06  5.02e+01   1.44e-03     1.57e-02   16.214s
 608000 +2.43565233e+06 +2.43570074e+06  4.84e+01   1.39e-03     1.62e-02   16.240s
 609000 +2.43565448e+06 +2.43570106e+06  4.66e+01   1.33e-03     1.67e-02   16.266s
 610000 +2.43565666e+06 +2.43570136e+06  4.47e+01   1.28e-03     1.71e-02   16.292s
 611000 +2.43565884e+06 +2.43570162e+06  4.28e+01   1.23e-03     1.74e-02   16.318s
 612000 +2.43566099e+06 +2.43570184e+06  4.09e+01   1.18e-03     1.78e-02   16.345s
 613000 +2.43566315e+06 +2.43570203e+06  3.89e+01   1.12e-03     1.80e-02   16.371s
 614000 +2.43566525e+06 +2.43570217e+06  3.69e+01   1.07e-03     1.83e-02   16.397s
 615000 +2.43566730e+06 +2.43570227e+06  3.50e+01   1.02e-03     1.85e-02   16.423s
 616000 +2.43566930e+06 +2.43570233e+06  3.30e+01   9.64e-04     1.86e-02   16.449s
 617000 +2.43567123e+06 +2.43570235e+06  3.11e+01   9.13e-04     1.88e-02   16.475s
 618000 +2.43567309e+06 +2.43570231e+06  2.92e+01   8.62e-04     1.89e-02   16.501s
 619000 +2.43567486e+06 +2.43570225e+06  2.74e+01   8.11e-04     1.89e-02   16.527s
 620000 +2.43567654e+06 +2.43570214e+06  2.56e+01   7.62e-04     1.89e-02   16.553s
 621000 +2.43567815e+06 +2.43570201e+06  2.39e+01   7.11e-04     1.89e-02   16.579s
 622000 +2.43567966e+06 +2.43570185e+06  2.22e+01   6.66e-04     1.89e-02   16.605s
 623000 +2.43568108e+06 +2.43570167e+06  2.06e+01   6.19e-04     1.88e-02   16.631s
 624000 +2.43568239e+06 +2.43570148e+06  1.91e+01   5.71e-04     1.87e-02   16.658s
 625000 +2.43568360e+06 +2.43570129e+06  1.77e+01   5.29e-04     1.86e-02   16.684s
 626000 +2.43568473e+06 +2.43570109e+06  1.64e+01   4.84e-04     1.84e-02   16.710s
 627000 +2.43568575e+06 +2.43570090e+06  1.52e+01   4.45e-04     1.83e-02   16.736s
 628000 +2.43568665e+06 +2.43570072e+06  1.41e+01   4.07e-04     1.81e-02   16.762s
 629000 +2.43568746e+06 +2.43570055e+06  1.31e+01   3.72e-04     1.79e-02   16.788s
 630000 +2.43568818e+06 +2.43570040e+06  1.22e+01   3.41e-04     1.77e-02   16.814s
 631000 +2.43568879e+06 +2.43570026e+06  1.15e+01   3.12e-04     1.75e-02   16.840s
 632000 +2.43568930e+06 +2.43570014e+06  1.08e+01   2.88e-04     1.73e-02   16.866s
 633000 +2.43568973e+06 +2.43570003e+06  1.03e+01   2.68e-04     1.70e-02   16.892s
 634000 +2.43569007e+06 +2.43569994e+06  9.87e+00   2.55e-04     1.68e-02   16.918s
 635000 +2.43569034e+06 +2.43569986e+06  9.52e+00   2.46e-04     1.65e-02   16.944s
 636000 +2.43569054e+06 +2.43569979e+06  9.25e+00   2.46e-04     1.62e-02   16.971s
 637000 +2.43569067e+06 +2.43569973e+06  9.07e+00   2.52e-04     1.59e-02   16.997s
 638000 +2.43569074e+06 +2.43569969e+06  8.95e+00   2.57e-04     1.56e-02   17.023s
 639000 +2.43569077e+06 +2.43569967e+06  8.89e+00   2.68e-04     1.53e-02   17.049s
 640000 +2.43569077e+06 +2.43569965e+06  8.88e+00   2.81e-04     1.49e-02   17.075s
 641000 +2.43569074e+06 +2.43569966e+06  8.91e+00   2.95e-04     1.46e-02   17.101s
 642000 +2.43569069e+06 +2.43569968e+06  8.99e+00   3.06e-04     1.42e-02   17.127s
 643000 +2.43569061e+06 +2.43569972e+06  9.10e+00   3.20e-04     1.38e-02   17.153s
 644000 +2.43569053e+06 +2.43569978e+06  9.25e+00   3.32e-04     1.35e-02   17.179s
 645000 +2.43569045e+06 +2.43569986e+06  9.40e+00   3.45e-04     1.31e-02   17.205s
 646000 +2.43569037e+06 +2.43569995e+06  9.58e+00   3.53e-04     1.27e-02   17.231s
 647000 +2.43569029e+06 +2.43570007e+06  9.78e+00   3.61e-04     1.23e-02   17.257s
 648000 +2.43569022e+06 +2.43570020e+06  9.98e+00   3.70e-04     1.19e-02   17.284s
 649000 +2.43569017e+06 +2.43570035e+06  1.02e+01   3.74e-04     1.15e-02   17.310s
 650000 +2.43569014e+06 +2.43570051e+06  1.04e+01   3.78e-04     1.11e-02   17.336s
 651000 +2.43569012e+06 +2.43570067e+06  1.05e+01   3.78e-04     1.07e-02   17.362s
 652000 +2.43569012e+06 +2.43570083e+06  1.07e+01   3.80e-04     1.03e-02   17.388s
 653000 +2.43569016e+06 +2.43570099e+06  1.08e+01   3.78e-04     9.90e-03   17.414s
 654000 +2.43569022e+06 +2.43570114e+06  1.09e+01   3.73e-04     9.50e-03   17.440s
 655000 +2.43569031e+06 +2.43570127e+06  1.10e+01   3.68e-04     9.11e-03   17.466s
 656000 +2.43569042e+06 +2.43570139e+06  1.10e+01   3.61e-04     8.73e-03   17.492s
 657000 +2.43569056e+06 +2.43570149e+06  1.09e+01   3.53e-04     8.35e-03   17.518s
 658000 +2.43569074e+06 +2.43570157e+06  1.08e+01   3.42e-04     8.00e-03   17.544s
 659000 +2.43569095e+06 +2.43570163e+06  1.07e+01   3.32e-04     7.64e-03   17.570s
 660000 +2.43569119e+06 +2.43570166e+06  1.05e+01   3.20e-04     7.28e-03   17.597s
 661000 +2.43569144e+06 +2.43570168e+06  1.02e+01   3.07e-04     6.96e-03   17.623s
 662000 +2.43569172e+06 +2.43570168e+06  9.95e+00   2.93e-04     6.64e-03   17.649s
 663000 +2.43569203e+06 +2.43570165e+06  9.62e+00   2.79e-04     6.32e-03   17.675s
 664000 +2.43569235e+06 +2.43570161e+06  9.26e+00   2.67e-04     6.03e-03   17.701s
 665000 +2.43569267e+06 +2.43570155e+06  8.88e+00   2.53e-04     5.73e-03   17.727s
 666000 +2.43569299e+06 +2.43570147e+06  8.48e+00   2.41e-04     5.45e-03   17.753s
 667000 +2.43569367e+06 +2.43570145e+06  7.78e+00   2.43e-04     5.31e-03   17.779s
 668000 +2.43569458e+06 +2.43570146e+06  6.88e+00   2.56e-04     5.30e-03   17.805s
 669000 +2.43569551e+06 +2.43570147e+06  5.96e+00   2.70e-04     5.27e-03   17.832s
 670000 +2.43569645e+06 +2.43570147e+06  5.02e+00   2.83e-04     5.23e-03   17.858s
 670200 +2.43569664e+06 +2.43570147e+06  4.83e+00   2.86e-04     5.22e-03   17.863s
LP Solver status:                Optimal
Primal objective:                +2.43569664e+06
Dual objective:                  +2.43570147e+06
Duality gap (abs/rel):           +4.83e+00 / +9.91e-07
Primal infeasibility (abs/rel):  +2.86e-04 / +1.07e-08
Dual infeasibility (abs/rel):    +5.22e-03 / +1.05e-07
PDLP finished
Status: Optimal   Objective: 2.43569664e+06  Iterations: 670200  Time: 17.864s

### exit_code=0
### finished=2026-07-31T16:39:15.015973
### gpu_peak_mb=1530.4
### gpu_peak2_mb=0.0
### per_gpu_peak_mb=[1530.375]
