### solver=cuopt-base
### instance=/home/scratch.vmostovoi_gpu/datasets/open_energy_benchmark/pypsa-eur-elec-100-3h.mps
### n_gpus=1
### CUDA_VISIBLE_DEVICES=0
### started=2026-07-29T20:35:52.293459
### argv=/home/scratch.vmostovoi_gpu/mostovoi_cuopt/cpp/build/cuopt_cli --method 1 --mps-reader experimental-fast --time-limit 3600 --iteration-limit 1000000000 --relative-primal-tolerance 1e-6 --relative-dual-tolerance 1e-6 --relative-gap-tolerance 1e-6 --log-to-console true /home/scratch.vmostovoi_gpu/datasets/open_energy_benchmark/pypsa-eur-elec-100-3h.mps
### --- solver output ---
Setting parameter iteration_limit to 1000000000
Setting parameter log_to_console to true
Setting parameter method to 1
Setting parameter relative_dual_tolerance to 1.000000e-06
Setting parameter relative_gap_tolerance to 1.000000e-06
Setting parameter relative_primal_tolerance to 1.000000e-06
Setting parameter time_limit to 3.600000e+03
Reading file pypsa-eur-elec-100-3h.mps
Using experimental fast MPS parser for '/home/scratch.vmostovoi_gpu/datasets/open_energy_benchmark/pypsa-eur-elec-100-3h.mps'
Read file pypsa-eur-elec-100-3h.mps in 2.69 seconds
cuOpt version: 26.8.0, git hash: 7116ead1, host arch: x86_64, device archs: 100a-real
CPU: INTEL(R) XEON(R) PLATINUM 8570, threads (physical/logical): 112/224, RAM: 864.40 GiB
CUDA 13.3, device: NVIDIA B200 (ID 0), VRAM: 178.34 GiB
CUDA device UUID: 36b67263-ffb8-5909-6fc4-357e32f8fed0
Solving a problem with 14064375 constraints, 6720092 variables (0 integers), and 27072974 nonzeros
Problem scaling:
Objective coefficents range:          [3e-02, 3e+05]
Constraint matrix coefficients range: [1e-02, 3e+02]
Constraint rhs / bounds range:        [8e-02, 4e+07]
Variable bounds range:                [9e-02, 5e+10]
Warning: input problem contains a large range of coefficients: consider reformulating to avoid numerical difficulties.

Using PSLP presolver
PSLP Presolved problem: 4818598 constraints, 6016126 variables, 16580817 non-zeros
PSLP presolve time: 6.75s
Objective offset -48809876271.522034 scaling_factor 1.000000
   Iter    Primal Obj.      Dual Obj.    Gap        Primal Res.  Dual Res.   Time
      0 -4.88098763e+10 -4.88098763e+10  0.00e+00   3.37e+06     3.50e+06   7.282s
   1000 +3.80113377e+10 +3.83790171e+10  3.68e+08   1.92e+04     3.61e+02   7.699s
   2000 +3.76621000e+10 +3.79815134e+10  3.19e+08   1.71e+04     9.28e+01   8.031s
   3000 +3.74536106e+10 +3.78041705e+10  3.51e+08   1.91e+04     5.21e+01   8.364s
   4000 +3.73087293e+10 +3.77073540e+10  3.99e+08   1.21e+04     2.91e+01   8.697s
   5000 +3.72213189e+10 +3.76486803e+10  4.27e+08   9.57e+03     2.36e+01   9.030s
   6000 +3.71703588e+10 +3.75881192e+10  4.18e+08   1.24e+04     1.58e+01   9.363s
   7000 +3.70835998e+10 +3.74876929e+10  4.04e+08   1.96e+04     1.62e+01   9.696s
   8000 +3.69976211e+10 +3.74060869e+10  4.08e+08   2.02e+04     1.69e+01   10.028s
   9000 +3.69260261e+10 +3.73457183e+10  4.20e+08   1.84e+04     1.60e+01   10.361s
  10000 +3.68482658e+10 +3.72658399e+10  4.18e+08   3.13e+04     1.01e+01   10.694s
  11000 +3.67935522e+10 +3.71926410e+10  3.99e+08   3.83e+04     1.17e+01   11.022s
  12000 +3.67592617e+10 +3.71252740e+10  3.66e+08   4.20e+04     1.31e+01   11.352s
  13000 +3.67362620e+10 +3.70595457e+10  3.23e+08   4.34e+04     1.42e+01   11.681s
  14000 +3.66791373e+10 +3.70052646e+10  3.26e+08   4.39e+04     1.48e+01   12.010s
  15000 +3.66358575e+10 +3.69397754e+10  3.04e+08   4.72e+04     9.70e+00   12.339s
  16000 +3.65727748e+10 +3.68806331e+10  3.08e+08   5.04e+04     1.05e+01   12.669s
  17000 +3.64980808e+10 +3.68333714e+10  3.35e+08   4.99e+04     1.08e+01   12.997s
  18000 +3.64220027e+10 +3.67804515e+10  3.58e+08   4.87e+04     1.04e+01   13.327s
  19000 +3.63275685e+10 +3.67271111e+10  4.00e+08   4.75e+04     9.97e+00   13.656s
  20000 +3.62387284e+10 +3.66814025e+10  4.43e+08   4.54e+04     9.24e+00   13.985s
  21000 +3.61363379e+10 +3.66280177e+10  4.92e+08   4.08e+04     7.98e+00   14.314s
  22000 +3.60386730e+10 +3.65776724e+10  5.39e+08   3.72e+04     6.68e+00   14.643s
  23000 +3.59477988e+10 +3.65019489e+10  5.54e+08   3.70e+04     3.30e+00   14.973s
  24000 +3.58738640e+10 +3.64290971e+10  5.55e+08   4.15e+04     3.34e+00   15.302s
  25000 +3.57922706e+10 +3.63533006e+10  5.61e+08   4.30e+04     3.28e+00   15.631s
  26000 +3.57274753e+10 +3.62915038e+10  5.64e+08   4.30e+04     3.21e+00   15.961s
  27000 +3.56797116e+10 +3.62427671e+10  5.63e+08   4.23e+04     3.12e+00   16.290s
  28000 +3.56341584e+10 +3.61954746e+10  5.61e+08   4.10e+04     3.02e+00   16.619s
  29000 +3.55997210e+10 +3.61539556e+10  5.54e+08   4.01e+04     2.91e+00   16.948s
  30000 +3.55711484e+10 +3.61147620e+10  5.44e+08   3.85e+04     2.82e+00   17.277s
  31000 +3.55377822e+10 +3.60724808e+10  5.35e+08   3.77e+04     2.71e+00   17.607s
  32000 +3.55126965e+10 +3.60364999e+10  5.24e+08   3.67e+04     2.61e+00   17.936s
  33000 +3.54861803e+10 +3.60008795e+10  5.15e+08   3.53e+04     2.51e+00   18.265s
  34000 +3.54654846e+10 +3.59692313e+10  5.04e+08   3.41e+04     2.41e+00   18.594s
  35000 +3.54419066e+10 +3.59378334e+10  4.96e+08   3.34e+04     2.33e+00   18.923s
  36000 +3.54178407e+10 +3.58870622e+10  4.69e+08   3.70e+04     1.51e+00   19.253s
  37000 +3.54061214e+10 +3.58259241e+10  4.20e+08   4.50e+04     1.56e+00   19.583s
  38000 +3.53899760e+10 +3.57718495e+10  3.82e+08   4.94e+04     1.61e+00   19.912s
  39000 +3.53830765e+10 +3.57317777e+10  3.49e+08   5.12e+04     1.63e+00   20.242s
  40000 +3.53790472e+10 +3.57005799e+10  3.22e+08   5.27e+04     1.64e+00   20.572s
  41000 +3.53725396e+10 +3.56732503e+10  3.01e+08   5.40e+04     1.65e+00   20.901s
  42000 +3.53700985e+10 +3.56478038e+10  2.78e+08   5.44e+04     1.67e+00   21.230s
  43000 +3.53628073e+10 +3.56228827e+10  2.60e+08   5.53e+04     1.70e+00   21.559s
  44000 +3.53586377e+10 +3.55931094e+10  2.34e+08   5.57e+04     1.72e+00   21.888s
  45000 +3.53533704e+10 +3.55646893e+10  2.11e+08   5.50e+04     1.71e+00   22.217s
  46000 +3.53467970e+10 +3.55406124e+10  1.94e+08   5.42e+04     1.70e+00   22.546s
  47000 +3.53321316e+10 +3.55070798e+10  1.75e+08   5.39e+04     1.66e+00   22.875s
  48000 +3.53123016e+10 +3.54679028e+10  1.56e+08   5.29e+04     1.62e+00   23.204s
  49000 +3.52962295e+10 +3.54304067e+10  1.34e+08   5.15e+04     1.56e+00   23.534s
  50000 +3.52754962e+10 +3.54071152e+10  1.32e+08   4.95e+04     1.49e+00   23.863s
  51000 +3.52573553e+10 +3.53932660e+10  1.36e+08   4.80e+04     1.44e+00   24.192s
  52000 +3.52389924e+10 +3.53828549e+10  1.44e+08   4.71e+04     1.41e+00   24.522s
  53000 +3.52304427e+10 +3.53713269e+10  1.41e+08   4.61e+04     1.37e+00   24.851s
  54000 +3.52228482e+10 +3.53533423e+10  1.30e+08   4.55e+04     1.33e+00   25.181s
  55000 +3.52135949e+10 +3.53360782e+10  1.22e+08   4.47e+04     1.29e+00   25.511s
  56000 +3.51936415e+10 +3.53176740e+10  1.24e+08   4.48e+04     7.89e-01   25.841s
  57000 +3.51921573e+10 +3.52894792e+10  9.73e+07   4.89e+04     8.18e-01   26.170s
  58000 +3.51912666e+10 +3.52535839e+10  6.23e+07   5.19e+04     8.46e-01   26.499s
  59000 +3.51901873e+10 +3.52215235e+10  3.13e+07   5.29e+04     8.63e-01   26.828s
  60000 +3.51877066e+10 +3.51971799e+10  9.47e+06   5.39e+04     8.86e-01   27.157s
  61000 +3.51894613e+10 +3.51791592e+10  1.03e+07   5.44e+04     9.03e-01   27.486s
  62000 +3.51827919e+10 +3.51651625e+10  1.76e+07   5.44e+04     9.21e-01   27.815s
  63000 +3.51785621e+10 +3.51526516e+10  2.59e+07   5.46e+04     9.20e-01   28.144s
  64000 +3.51683190e+10 +3.51406825e+10  2.76e+07   5.48e+04     9.25e-01   28.474s
  65000 +3.51669901e+10 +3.51294118e+10  3.76e+07   5.46e+04     9.16e-01   28.804s
  66000 +3.51599610e+10 +3.51203073e+10  3.97e+07   5.46e+04     9.18e-01   29.133s
  67000 +3.51537471e+10 +3.51116180e+10  4.21e+07   5.40e+04     9.05e-01   29.462s
  68000 +3.51463620e+10 +3.51034414e+10  4.29e+07   5.36e+04     8.97e-01   29.791s
  69000 +3.51380543e+10 +3.50958097e+10  4.22e+07   5.33e+04     8.83e-01   30.121s
  70000 +3.51299294e+10 +3.50885051e+10  4.14e+07   5.26e+04     8.68e-01   30.451s
  71000 +3.51192801e+10 +3.50828746e+10  3.64e+07   5.22e+04     8.51e-01   30.780s
  72000 +3.51153070e+10 +3.50764789e+10  3.88e+07   5.17e+04     8.38e-01   31.109s
  73000 +3.51063523e+10 +3.50709629e+10  3.54e+07   5.11e+04     8.21e-01   31.439s
  74000 +3.50999891e+10 +3.50659168e+10  3.41e+07   5.08e+04     8.09e-01   31.768s
  75000 +3.50891767e+10 +3.50621980e+10  2.70e+07   5.02e+04     7.92e-01   32.097s
  76000 +3.50772265e+10 +3.50584075e+10  1.88e+07   4.94e+04     7.77e-01   32.427s
  77000 +3.50730611e+10 +3.50538892e+10  1.92e+07   4.92e+04     7.59e-01   32.757s
  78000 +3.50616182e+10 +3.50496127e+10  1.20e+07   4.85e+04     7.50e-01   33.087s
  79000 +3.50566276e+10 +3.50456369e+10  1.10e+07   4.79e+04     7.35e-01   33.416s
  80000 +3.50468691e+10 +3.50411694e+10  5.70e+06   4.69e+04     7.21e-01   33.745s
  81000 +3.50393763e+10 +3.50375926e+10  1.78e+06   4.63e+04     7.03e-01   34.075s
  82000 +3.50349941e+10 +3.50345542e+10  4.40e+05   4.55e+04     6.85e-01   34.404s
  83000 +3.50282112e+10 +3.50318562e+10  3.64e+06   4.48e+04     6.73e-01   34.734s
  84000 +3.50240348e+10 +3.50292981e+10  5.26e+06   4.39e+04     6.63e-01   35.063s
  85000 +3.50159589e+10 +3.50269297e+10  1.10e+07   4.32e+04     6.52e-01   35.393s
  86000 +3.50108008e+10 +3.50245947e+10  1.38e+07   4.24e+04     6.39e-01   35.722s
  87000 +3.49841976e+10 +3.50205549e+10  3.64e+07   4.07e+04     5.70e-01   36.052s
  88000 +3.49748032e+10 +3.50149909e+10  4.02e+07   4.01e+04     5.66e-01   36.382s
  89000 +3.49691206e+10 +3.50108597e+10  4.17e+07   3.95e+04     5.65e-01   36.712s
  90000 +3.49599440e+10 +3.50079699e+10  4.80e+07   3.88e+04     5.64e-01   37.041s
  91000 +3.49504816e+10 +3.50058581e+10  5.54e+07   3.80e+04     5.57e-01   37.370s
  92000 +3.49424958e+10 +3.50007850e+10  5.83e+07   3.74e+04     5.51e-01   37.700s
  93000 +3.49340888e+10 +3.49911218e+10  5.70e+07   3.70e+04     5.55e-01   38.029s
  94000 +3.49289219e+10 +3.49822968e+10  5.34e+07   3.67e+04     5.47e-01   38.359s
  95000 +3.49262875e+10 +3.49733476e+10  4.71e+07   3.61e+04     5.40e-01   38.688s
  96000 +3.49179769e+10 +3.49625098e+10  4.45e+07   3.57e+04     5.34e-01   39.018s
  97000 +3.49096482e+10 +3.49544731e+10  4.48e+07   3.51e+04     5.31e-01   39.347s
  98000 +3.49061849e+10 +3.49495058e+10  4.33e+07   3.44e+04     5.25e-01   39.677s
  99000 +3.49017116e+10 +3.49449590e+10  4.32e+07   3.39e+04     5.16e-01   40.007s
 100000 +3.49021720e+10 +3.49410276e+10  3.89e+07   3.33e+04     5.08e-01   40.336s
 101000 +3.48995617e+10 +3.49393207e+10  3.98e+07   3.29e+04     5.04e-01   40.665s
 102000 +3.48992243e+10 +3.49371884e+10  3.80e+07   3.21e+04     4.97e-01   40.995s
 103000 +3.48981832e+10 +3.49345900e+10  3.64e+07   3.15e+04     4.88e-01   41.325s
 104000 +3.48951670e+10 +3.49326117e+10  3.74e+07   3.11e+04     4.79e-01   41.655s
 105000 +3.48958742e+10 +3.49309673e+10  3.51e+07   3.04e+04     4.66e-01   41.984s
 106000 +3.48966223e+10 +3.49294666e+10  3.28e+07   2.98e+04     4.58e-01   42.313s
 107000 +3.48954447e+10 +3.49273784e+10  3.19e+07   2.93e+04     4.50e-01   42.643s
 108000 +3.48937950e+10 +3.49269412e+10  3.31e+07   2.87e+04     4.45e-01   42.973s
 109000 +3.48935331e+10 +3.49251691e+10  3.16e+07   2.82e+04     4.40e-01   43.304s
 110000 +3.48939900e+10 +3.49237527e+10  2.98e+07   2.78e+04     4.33e-01   43.633s
 111000 +3.48938379e+10 +3.49232048e+10  2.94e+07   2.73e+04     4.29e-01   43.962s
 112000 +3.48952014e+10 +3.49236371e+10  2.84e+07   2.68e+04     4.25e-01   44.292s
 113000 +3.48929095e+10 +3.49235644e+10  3.07e+07   2.64e+04     4.19e-01   44.621s
 114000 +3.48936164e+10 +3.49239982e+10  3.04e+07   2.60e+04     4.15e-01   44.950s
 115000 +3.48930005e+10 +3.49256033e+10  3.26e+07   2.55e+04     4.11e-01   45.280s
 116000 +3.48944081e+10 +3.49272384e+10  3.28e+07   2.51e+04     4.07e-01   45.610s
 117000 +3.48927900e+10 +3.49265109e+10  3.37e+07   2.48e+04     4.02e-01   45.939s
 118000 +3.48931721e+10 +3.49254345e+10  3.23e+07   2.44e+04     3.94e-01   46.270s
 119000 +3.48940442e+10 +3.49242477e+10  3.02e+07   2.41e+04     3.89e-01   46.599s
 120000 +3.48953717e+10 +3.49233355e+10  2.80e+07   2.37e+04     3.82e-01   46.930s
 121000 +3.48955909e+10 +3.49226706e+10  2.71e+07   2.33e+04     3.73e-01   47.260s
 122000 +3.48958672e+10 +3.49226600e+10  2.68e+07   2.29e+04     3.66e-01   47.589s
 123000 +3.48960729e+10 +3.49231513e+10  2.71e+07   2.25e+04     3.58e-01   47.919s
 124000 +3.48965550e+10 +3.49235039e+10  2.69e+07   2.21e+04     3.50e-01   48.249s
 125000 +3.48969212e+10 +3.49240772e+10  2.72e+07   2.17e+04     3.45e-01   48.579s
 126000 +3.48975267e+10 +3.49243138e+10  2.68e+07   2.15e+04     3.38e-01   48.909s
 127000 +3.48970528e+10 +3.49245427e+10  2.75e+07   2.12e+04     3.35e-01   49.239s
 128000 +3.48976334e+10 +3.49249214e+10  2.73e+07   2.08e+04     3.31e-01   49.569s
 129000 +3.48979766e+10 +3.49260211e+10  2.80e+07   2.05e+04     3.29e-01   49.899s
 130000 +3.48977377e+10 +3.49269922e+10  2.93e+07   2.03e+04     3.23e-01   50.229s
 131000 +3.48977400e+10 +3.49281064e+10  3.04e+07   2.00e+04     3.20e-01   50.559s
 132000 +3.48976266e+10 +3.49290600e+10  3.14e+07   1.97e+04     3.18e-01   50.890s
 133000 +3.48968806e+10 +3.49300148e+10  3.31e+07   1.95e+04     3.14e-01   51.220s
 134000 +3.48972633e+10 +3.49306772e+10  3.34e+07   1.94e+04     3.12e-01   51.550s
 135000 +3.48964415e+10 +3.49310312e+10  3.46e+07   1.91e+04     3.11e-01   51.880s
 136000 +3.49014651e+10 +3.49259199e+10  2.45e+07   1.79e+04     1.64e+00   52.210s
 137000 +3.48999370e+10 +3.49200971e+10  2.02e+07   1.68e+04     1.58e+00   52.542s
 138000 +3.48987954e+10 +3.49163570e+10  1.76e+07   1.59e+04     1.52e+00   52.874s
 139000 +3.48946636e+10 +3.49126082e+10  1.79e+07   1.51e+04     1.48e+00   53.203s
 140000 +3.48932417e+10 +3.49102699e+10  1.70e+07   1.43e+04     1.44e+00   53.534s
 141000 +3.48945278e+10 +3.49084688e+10  1.39e+07   1.37e+04     1.40e+00   53.864s
 142000 +3.48954686e+10 +3.49080722e+10  1.26e+07   1.30e+04     1.35e+00   54.193s
 143000 +3.48963951e+10 +3.49093761e+10  1.30e+07   1.24e+04     1.30e+00   54.523s
 144000 +3.48977986e+10 +3.49113126e+10  1.35e+07   1.19e+04     1.25e+00   54.853s
 145000 +3.48983703e+10 +3.49131731e+10  1.48e+07   1.14e+04     1.21e+00   55.183s
 146000 +3.48994087e+10 +3.49154168e+10  1.60e+07   1.09e+04     1.17e+00   55.512s
 147000 +3.49008794e+10 +3.49171345e+10  1.63e+07   1.04e+04     1.14e+00   55.841s
 148000 +3.49021205e+10 +3.49196341e+10  1.75e+07   1.00e+04     1.10e+00   56.171s
 149000 +3.49040027e+10 +3.49214235e+10  1.74e+07   9.67e+03     1.06e+00   56.501s
 150000 +3.49046478e+10 +3.49238327e+10  1.92e+07   9.25e+03     1.03e+00   56.831s
 151000 +3.49062251e+10 +3.49261035e+10  1.99e+07   8.90e+03     9.88e-01   57.161s
 152000 +3.49086364e+10 +3.49281970e+10  1.96e+07   8.67e+03     9.59e-01   57.490s
 153000 +3.49098846e+10 +3.49299494e+10  2.01e+07   8.23e+03     9.27e-01   57.820s
 154000 +3.49128025e+10 +3.49315187e+10  1.87e+07   7.93e+03     8.90e-01   58.150s
 155000 +3.49146363e+10 +3.49331427e+10  1.85e+07   7.65e+03     8.52e-01   58.480s
 156000 +3.49170104e+10 +3.49339658e+10  1.70e+07   7.45e+03     8.23e-01   58.810s
 157000 +3.49185686e+10 +3.49352657e+10  1.67e+07   7.17e+03     7.95e-01   59.140s
 158000 +3.49202432e+10 +3.49361878e+10  1.59e+07   6.92e+03     7.69e-01   59.470s
 159000 +3.49211286e+10 +3.49369868e+10  1.59e+07   6.72e+03     7.40e-01   59.801s
 160000 +3.49231626e+10 +3.49379181e+10  1.48e+07   6.51e+03     7.24e-01   60.131s
 161000 +3.49247556e+10 +3.49388364e+10  1.41e+07   6.30e+03     7.02e-01   60.461s
 162000 +3.49264387e+10 +3.49404052e+10  1.40e+07   6.12e+03     6.81e-01   60.790s
 163000 +3.49281635e+10 +3.49413796e+10  1.32e+07   5.92e+03     6.61e-01   61.120s
 164000 +3.49286043e+10 +3.49423999e+10  1.38e+07   5.76e+03     6.36e-01   61.450s
 165000 +3.49300380e+10 +3.49424416e+10  1.24e+07   5.56e+03     6.17e-01   61.779s
 166000 +3.49306066e+10 +3.49426150e+10  1.20e+07   5.39e+03     6.02e-01   62.110s
 167000 +3.49315287e+10 +3.49430693e+10  1.15e+07   5.25e+03     5.88e-01   62.439s
 168000 +3.49315935e+10 +3.49439078e+10  1.23e+07   5.13e+03     5.71e-01   62.769s
 169000 +3.49325254e+10 +3.49451556e+10  1.26e+07   4.96e+03     5.57e-01   63.099s
 170000 +3.49325492e+10 +3.49461592e+10  1.36e+07   4.84e+03     5.46e-01   63.428s
 171000 +3.49337042e+10 +3.49470443e+10  1.33e+07   4.72e+03     5.33e-01   63.759s
 172000 +3.49344679e+10 +3.49474872e+10  1.30e+07   4.61e+03     5.14e-01   64.089s
 173000 +3.49348948e+10 +3.49481035e+10  1.32e+07   4.51e+03     5.01e-01   64.419s
 174000 +3.49350610e+10 +3.49484860e+10  1.34e+07   4.39e+03     4.92e-01   64.749s
 175000 +3.49360704e+10 +3.49488800e+10  1.28e+07   4.28e+03     4.77e-01   65.078s
 176000 +3.49368978e+10 +3.49490515e+10  1.22e+07   4.18e+03     4.67e-01   65.408s
 177000 +3.49378145e+10 +3.49492360e+10  1.14e+07   4.07e+03     4.54e-01   65.738s
 178000 +3.49378691e+10 +3.49495176e+10  1.16e+07   3.99e+03     4.48e-01   66.068s
 179000 +3.49386489e+10 +3.49497015e+10  1.11e+07   3.87e+03     4.36e-01   66.399s
 180000 +3.49394593e+10 +3.49498310e+10  1.04e+07   3.82e+03     4.25e-01   66.729s
 181000 +3.49399514e+10 +3.49499817e+10  1.00e+07   3.74e+03     4.18e-01   67.059s
 182000 +3.49400527e+10 +3.49499668e+10  9.91e+06   3.66e+03     4.10e-01   67.390s
 183000 +3.49520189e+10 +3.49483193e+10  3.70e+06   3.01e+03     1.35e+00   67.720s
 184000 +3.49532883e+10 +3.49470061e+10  6.28e+06   2.64e+03     1.07e+00   68.049s
 185000 +3.49542015e+10 +3.49462431e+10  7.96e+06   2.31e+03     9.49e-01   68.380s
 186000 +3.49548166e+10 +3.49457056e+10  9.11e+06   2.05e+03     8.70e-01   68.709s
 187000 +3.49554975e+10 +3.49449130e+10  1.06e+07   1.87e+03     8.07e-01   69.039s
 188000 +3.49559529e+10 +3.49452030e+10  1.07e+07   1.70e+03     7.44e-01   69.369s
 189000 +3.49565264e+10 +3.49454043e+10  1.11e+07   1.57e+03     6.87e-01   69.698s
 190000 +3.49566558e+10 +3.49457110e+10  1.09e+07   1.45e+03     6.46e-01   70.028s
 191000 +3.49567145e+10 +3.49463552e+10  1.04e+07   1.32e+03     6.14e-01   70.358s
 192000 +3.49566310e+10 +3.49467331e+10  9.90e+06   1.21e+03     5.88e-01   70.689s
 193000 +3.49569809e+10 +3.49472644e+10  9.72e+06   1.15e+03     5.55e-01   71.018s
 194000 +3.49569880e+10 +3.49479223e+10  9.07e+06   1.06e+03     5.46e-01   71.349s
 195000 +3.49573298e+10 +3.49484302e+10  8.90e+06   1.01e+03     5.20e-01   71.679s
 196000 +3.49573650e+10 +3.49489791e+10  8.39e+06   9.46e+02     5.01e-01   72.008s
 197000 +3.49574719e+10 +3.49495911e+10  7.88e+06   8.91e+02     4.86e-01   72.340s
 198000 +3.49577940e+10 +3.49502081e+10  7.59e+06   8.49e+02     4.73e-01   72.670s
 199000 +3.49579111e+10 +3.49503763e+10  7.53e+06   8.07e+02     4.58e-01   73.000s
 200000 +3.49580083e+10 +3.49506470e+10  7.36e+06   7.75e+02     4.51e-01   73.331s
 201000 +3.49582207e+10 +3.49510157e+10  7.20e+06   7.49e+02     4.39e-01   73.660s
 202000 +3.49583575e+10 +3.49512177e+10  7.14e+06   7.17e+02     4.30e-01   73.990s
 203000 +3.49583578e+10 +3.49516311e+10  6.73e+06   6.91e+02     4.24e-01   74.320s
 204000 +3.49583022e+10 +3.49519540e+10  6.35e+06   6.58e+02     4.19e-01   74.650s
 205000 +3.49583513e+10 +3.49522030e+10  6.15e+06   6.37e+02     4.08e-01   74.980s
 206000 +3.49584241e+10 +3.49523440e+10  6.08e+06   6.12e+02     4.04e-01   75.310s
 207000 +3.49584582e+10 +3.49523366e+10  6.12e+06   5.90e+02     4.00e-01   75.640s
 208000 +3.49584103e+10 +3.49525089e+10  5.90e+06   5.70e+02     3.96e-01   75.971s
 209000 +3.49585088e+10 +3.49527372e+10  5.77e+06   5.59e+02     3.89e-01   76.301s
 210000 +3.49584729e+10 +3.49530698e+10  5.40e+06   5.42e+02     3.86e-01   76.632s
 211000 +3.49585430e+10 +3.49532612e+10  5.28e+06   5.26e+02     3.87e-01   76.962s
 212000 +3.49585122e+10 +3.49534343e+10  5.08e+06   5.16e+02     3.79e-01   77.293s
 213000 +3.49586174e+10 +3.49538179e+10  4.80e+06   5.04e+02     3.76e-01   77.624s
 214000 +3.49590427e+10 +3.49541139e+10  4.93e+06   4.04e+02     1.06e+00   77.954s
 215000 +3.49592136e+10 +3.49546251e+10  4.59e+06   3.66e+02     1.04e+00   78.284s
 216000 +3.49593156e+10 +3.49549133e+10  4.40e+06   3.35e+02     1.03e+00   78.614s
 217000 +3.49593052e+10 +3.49549830e+10  4.32e+06   3.09e+02     1.01e+00   78.944s
 218000 +3.49594411e+10 +3.49553441e+10  4.10e+06   2.94e+02     9.92e-01   79.274s
 219000 +3.49593985e+10 +3.49556442e+10  3.75e+06   2.82e+02     9.80e-01   79.604s
 220000 +3.49593829e+10 +3.49556694e+10  3.71e+06   2.72e+02     9.71e-01   79.934s
 221000 +3.49593954e+10 +3.49559130e+10  3.48e+06   2.63e+02     9.65e-01   80.264s
 222000 +3.49593855e+10 +3.49562108e+10  3.17e+06   2.59e+02     9.56e-01   80.594s
 223000 +3.49594224e+10 +3.49565446e+10  2.88e+06   2.53e+02     9.51e-01   80.923s
 224000 +3.49594197e+10 +3.49566029e+10  2.82e+06   2.50e+02     9.44e-01   81.253s
 225000 +3.49594567e+10 +3.49567063e+10  2.75e+06   2.23e+02     5.89e+00   81.584s
 226000 +3.49595260e+10 +3.49569566e+10  2.57e+06   2.10e+02     5.52e+00   81.914s
 227000 +3.49596262e+10 +3.49568266e+10  2.80e+06   1.89e+02     5.31e+00   82.245s
 228000 +3.49596707e+10 +3.49570423e+10  2.63e+06   1.84e+02     4.91e+00   82.575s
 229000 +3.49597251e+10 +3.49573405e+10  2.38e+06   1.79e+02     4.70e+00   82.906s
 230000 +3.49597636e+10 +3.49574666e+10  2.30e+06   1.72e+02     4.55e+00   83.235s
 231000 +3.49597996e+10 +3.49573922e+10  2.41e+06   1.69e+02     4.44e+00   83.566s
 232000 +3.49598839e+10 +3.49575717e+10  2.31e+06   1.65e+02     4.73e+00   83.896s
 233000 +3.49599145e+10 +3.49578349e+10  2.08e+06   1.62e+02     4.14e+00   84.227s
 234000 +3.49599552e+10 +3.49578971e+10  2.06e+06   1.59e+02     4.25e+00   84.556s
 235000 +3.49599806e+10 +3.49580705e+10  1.91e+06   1.56e+02     3.96e+00   84.886s
 236000 +3.49599919e+10 +3.49580376e+10  1.95e+06   1.54e+02     3.93e+00   85.216s
 237000 +3.49600192e+10 +3.49582380e+10  1.78e+06   1.52e+02     3.83e+00   85.545s
 238000 +3.49600517e+10 +3.49582389e+10  1.81e+06   1.50e+02     3.75e+00   85.875s
 239000 +3.49600633e+10 +3.49584570e+10  1.61e+06   1.49e+02     3.65e+00   86.205s
 240000 +3.49600696e+10 +3.49582862e+10  1.78e+06   1.48e+02     3.59e+00   86.536s
 241000 +3.49603248e+10 +3.49580923e+10  2.23e+06   1.29e+02     7.20e+01   86.868s
 242000 +3.49608039e+10 +3.49592340e+10  1.57e+06   1.02e+02     1.82e+02   87.198s
 243000 +3.49613143e+10 +3.49645603e+10  3.25e+06   8.89e+01     1.35e+02   87.527s
 244000 +3.49613982e+10 +3.49619739e+10  5.76e+05   8.71e+01     4.50e+01   87.857s
 245000 +3.49614574e+10 +3.49604831e+10  9.74e+05   7.63e+01     7.58e+01   88.187s
 246000 +3.49616579e+10 +3.49637882e+10  2.13e+06   6.66e+01     9.82e+01   88.518s
 247000 +3.49619797e+10 +3.49630860e+10  1.11e+06   5.51e+01     1.19e+02   88.848s
 248000 +3.49622759e+10 +3.49650026e+10  2.73e+06   4.75e+01     1.04e+02   89.178s
 249000 +3.49624668e+10 +3.49626021e+10  1.35e+05   4.31e+01     7.69e+01   89.508s
 250000 +3.49625376e+10 +3.49617844e+10  7.53e+05   4.09e+01     5.34e+01   89.838s
 251000 +3.49625162e+10 +3.49616537e+10  8.62e+05   4.00e+01     3.41e+01   90.169s
 252000 +3.49625827e+10 +3.49619095e+10  6.73e+05   3.51e+01     5.50e+01   90.500s
 253000 +3.49626617e+10 +3.49631167e+10  4.55e+05   3.43e+01     6.77e+01   90.829s
 254000 +3.49627720e+10 +3.49643252e+10  1.55e+06   2.59e+01     9.71e+01   91.158s
 255000 +3.49629888e+10 +3.49641445e+10  1.16e+06   1.86e+01     1.29e+02   91.488s
 256000 +3.49632112e+10 +3.49629533e+10  2.58e+05   1.22e+01     1.30e+02   91.817s
 257000 +3.49633820e+10 +3.49631293e+10  2.53e+05   8.93e+00     1.10e+02   92.149s
 258000 +3.49634691e+10 +3.49637455e+10  2.76e+05   7.35e+00     8.29e+01   92.478s
 259000 +3.49634914e+10 +3.49634459e+10  4.55e+04   7.15e+00     5.87e+01   92.808s
 260000 +3.49634661e+10 +3.49641717e+10  7.06e+05   6.85e+00     4.17e+01   93.139s
 261000 +3.49634422e+10 +3.49635519e+10  1.10e+05   6.91e+00     3.17e+01   93.468s
 262000 +3.49634913e+10 +3.49635281e+10  3.68e+04   4.46e+00     2.83e+01   93.798s
 263000 +3.49635331e+10 +3.49628570e+10  6.76e+05   3.98e+00     2.27e+01   94.127s
 264000 +3.49635533e+10 +3.49616802e+10  1.87e+06   3.99e+00     1.64e+01   94.456s
 265000 +3.49635582e+10 +3.49613928e+10  2.17e+06   4.09e+00     1.06e+01   94.785s
 266000 +3.49635486e+10 +3.49611954e+10  2.35e+06   3.77e+00     5.34e+00   95.114s
 267000 +3.49635341e+10 +3.49612309e+10  2.30e+06   3.47e+00     2.76e+00   95.443s
 268000 +3.49635199e+10 +3.49611946e+10  2.33e+06   3.04e+00     2.16e+00   95.773s
 269000 +3.49635055e+10 +3.49614964e+10  2.01e+06   2.74e+00     2.09e+00   96.103s
 270000 +3.49634966e+10 +3.49613869e+10  2.11e+06   2.59e+00     2.21e+00   96.432s
 271000 +3.49634935e+10 +3.49613799e+10  2.11e+06   2.42e+00     2.55e+00   96.761s
 272000 +3.49634914e+10 +3.49610953e+10  2.40e+06   2.37e+00     2.44e+00   97.090s
 273000 +3.49634892e+10 +3.49616378e+10  1.85e+06   2.23e+00     2.37e+00   97.419s
 274000 +3.49634893e+10 +3.49610251e+10  2.46e+06   2.11e+00     2.17e+00   97.748s
 275000 +3.49634873e+10 +3.49615613e+10  1.93e+06   1.99e+00     1.92e+00   98.077s
 276000 +3.49634859e+10 +3.49607982e+10  2.69e+06   1.94e+00     1.79e+00   98.406s
 277000 +3.49634814e+10 +3.49611044e+10  2.38e+06   1.83e+00     1.74e+00   98.735s
 278000 +3.49634800e+10 +3.49614561e+10  2.02e+06   1.78e+00     1.71e+00   99.065s
 279000 +3.49634777e+10 +3.49612839e+10  2.19e+06   1.70e+00     1.76e+00   99.394s
 280000 +3.49634766e+10 +3.49614478e+10  2.03e+06   1.70e+00     1.75e+00   99.724s
 281000 +3.49634755e+10 +3.49611274e+10  2.35e+06   1.66e+00     1.94e+00   100.053s
 282000 +3.49634767e+10 +3.49609128e+10  2.56e+06   1.60e+00     1.91e+00   100.382s
 283000 +3.49634765e+10 +3.49613982e+10  2.08e+06   1.61e+00     1.68e+00   100.711s
 284000 +3.49634764e+10 +3.49611003e+10  2.38e+06   1.62e+00     1.66e+00   101.040s
 285000 +3.49634741e+10 +3.49608617e+10  2.61e+06   1.87e+00     1.58e+00   101.369s
 286000 +3.49634730e+10 +3.49612416e+10  2.23e+06   1.61e+00     1.55e+00   101.698s
 287000 +3.49634716e+10 +3.49605267e+10  2.94e+06   1.59e+00     1.56e+00   102.028s
 288000 +3.49634690e+10 +3.49610462e+10  2.42e+06   1.49e+00     1.56e+00   102.357s
 289000 +3.49634677e+10 +3.49608046e+10  2.66e+06   1.64e+00     1.59e+00   102.686s
 290000 +3.49634674e+10 +3.49607870e+10  2.68e+06   1.53e+00     1.60e+00   103.016s
 291000 +3.49634676e+10 +3.49611152e+10  2.35e+06   1.55e+00     1.53e+00   103.345s
 292000 +3.49634664e+10 +3.49608044e+10  2.66e+06   1.49e+00     1.45e+00   103.675s
 293000 +3.49634658e+10 +3.49605746e+10  2.89e+06   1.49e+00     1.44e+00   104.004s
 294000 +3.49634648e+10 +3.49604069e+10  3.06e+06   1.43e+00     1.34e+00   104.333s
 295000 +3.49634642e+10 +3.49600683e+10  3.40e+06   1.41e+00     1.34e+00   104.662s
 296000 +3.49634631e+10 +3.49602101e+10  3.25e+06   4.06e+00     1.52e+00   104.992s
 297000 +3.49634709e+10 +3.49602904e+10  3.18e+06   3.90e+00     1.50e+00   105.321s
 298000 +3.49634749e+10 +3.49604507e+10  3.02e+06   3.77e+00     1.28e+00   105.651s
 299000 +3.49634763e+10 +3.49604662e+10  3.01e+06   3.97e+00     1.13e+00   105.981s
 300000 +3.49634782e+10 +3.49605524e+10  2.93e+06   3.61e+00     1.04e+00   106.310s
 301000 +3.49634775e+10 +3.49603243e+10  3.15e+06   3.43e+00     1.10e+00   106.639s
 302000 +3.49634743e+10 +3.49604738e+10  3.00e+06   3.46e+00     1.08e+00   106.968s
 303000 +3.49634715e+10 +3.49605205e+10  2.95e+06   3.85e+00     1.10e+00   107.297s
 304000 +3.49634708e+10 +3.49604209e+10  3.05e+06   3.52e+00     1.15e+00   107.626s
 305000 +3.49634694e+10 +3.49607098e+10  2.76e+06   4.04e+00     1.22e+00   107.955s
 306000 +3.49634627e+10 +3.49606393e+10  2.82e+06   3.58e+00     1.20e+00   108.285s
 307000 +3.49634618e+10 +3.49606007e+10  2.86e+06   3.58e+00     1.14e+00   108.614s
 308000 +3.49634579e+10 +3.49606637e+10  2.79e+06   3.63e+00     1.15e+00   108.943s
 309000 +3.49634570e+10 +3.49608306e+10  2.63e+06   3.63e+00     1.05e+00   109.272s
 310000 +3.49634590e+10 +3.49606423e+10  2.82e+06   3.51e+00     9.11e-01   109.602s
 311000 +3.49634592e+10 +3.49606689e+10  2.79e+06   3.55e+00     7.99e-01   109.931s
 312000 +3.49634657e+10 +3.49606618e+10  2.80e+06   3.61e+00     7.60e-01   110.260s
 313000 +3.49634691e+10 +3.49606095e+10  2.86e+06   3.46e+00     6.78e-01   110.590s
 314000 +3.49634678e+10 +3.49606731e+10  2.79e+06   3.48e+00     6.39e-01   110.919s
 315000 +3.49634654e+10 +3.49605961e+10  2.87e+06   3.22e+00     7.18e-01   111.248s
 316000 +3.49634604e+10 +3.49606963e+10  2.76e+06   3.34e+00     7.00e-01   111.578s
 317000 +3.49634566e+10 +3.49604816e+10  2.97e+06   3.70e+00     5.98e-01   111.907s
 318000 +3.49634566e+10 +3.49604891e+10  2.97e+06   3.85e+00     5.59e-01   112.236s
 319000 +3.49634570e+10 +3.49604686e+10  2.99e+06   3.81e+00     5.57e-01   112.566s
 320000 +3.49634571e+10 +3.49603501e+10  3.11e+06   3.51e+00     5.63e-01   112.895s
 321000 +3.49634533e+10 +3.49602993e+10  3.15e+06   3.23e+00     5.66e-01   113.225s
 322000 +3.49634504e+10 +3.49603587e+10  3.09e+06   3.12e+00     5.54e-01   113.554s
 323000 +3.49634512e+10 +3.49604475e+10  3.00e+06   2.97e+00     5.05e-01   113.884s
 324000 +3.49634521e+10 +3.49604065e+10  3.05e+06   3.00e+00     5.04e-01   114.213s
 325000 +3.49634528e+10 +3.49603921e+10  3.06e+06   2.96e+00     4.97e-01   114.543s
 326000 +3.49634512e+10 +3.49605643e+10  2.89e+06   3.03e+00     4.70e-01   114.872s
 327000 +3.49634493e+10 +3.49607193e+10  2.73e+06   2.91e+00     4.80e-01   115.202s
 328000 +3.49634515e+10 +3.49606581e+10  2.79e+06   2.96e+00     4.54e-01   115.531s
 329000 +3.49634505e+10 +3.49605665e+10  2.88e+06   2.82e+00     4.58e-01   115.860s
 330000 +3.49634502e+10 +3.49606972e+10  2.75e+06   2.78e+00     4.72e-01   116.190s
 331000 +3.49634497e+10 +3.49608498e+10  2.60e+06   2.71e+00     4.65e-01   116.519s
 332000 +3.49634478e+10 +3.49607324e+10  2.72e+06   2.77e+00     4.29e-01   116.848s
 333000 +3.49634477e+10 +3.49607436e+10  2.70e+06   2.70e+00     4.46e-01   117.177s
 334000 +3.49634467e+10 +3.49607906e+10  2.66e+06   2.71e+00     4.56e-01   117.507s
 335000 +3.49634457e+10 +3.49608612e+10  2.58e+06   2.59e+00     4.31e-01   117.837s
 336000 +3.49634477e+10 +3.49608392e+10  2.61e+06   2.49e+00     4.08e-01   118.166s
 337000 +3.49634462e+10 +3.49608167e+10  2.63e+06   2.46e+00     4.01e-01   118.495s
 338000 +3.49634467e+10 +3.49608083e+10  2.64e+06   2.47e+00     3.86e-01   118.824s
 339000 +3.49634469e+10 +3.49609544e+10  2.49e+06   2.50e+00     3.85e-01   119.153s
 340000 +3.49634456e+10 +3.49608415e+10  2.60e+06   2.41e+00     3.66e-01   119.482s
 341000 +3.49634457e+10 +3.49607721e+10  2.67e+06   2.38e+00     3.64e-01   119.811s
 342000 +3.49634457e+10 +3.49608487e+10  2.60e+06   2.35e+00     3.60e-01   120.141s
 343000 +3.49634452e+10 +3.49606954e+10  2.75e+06   2.31e+00     3.52e-01   120.470s
 344000 +3.49634450e+10 +3.49608079e+10  2.64e+06   2.29e+00     3.51e-01   120.800s
 345000 +3.49634416e+10 +3.49609417e+10  2.50e+06   1.54e+01     3.81e-01   121.130s
 346000 +3.49634611e+10 +3.49610011e+10  2.46e+06   1.46e+01     3.45e-01   121.459s
 347000 +3.49634762e+10 +3.49608695e+10  2.61e+06   1.49e+01     2.79e-01   121.788s
 348000 +3.49634791e+10 +3.49608340e+10  2.65e+06   1.46e+01     2.58e-01   122.117s
 349000 +3.49634820e+10 +3.49608360e+10  2.65e+06   1.52e+01     2.22e-01   122.446s
 350000 +3.49634786e+10 +3.49607929e+10  2.69e+06   1.44e+01     2.30e-01   122.775s
 351000 +3.49634841e+10 +3.49607755e+10  2.71e+06   1.36e+01     2.01e-01   123.104s
 352000 +3.49634933e+10 +3.49607804e+10  2.71e+06   1.31e+01     1.73e-01   123.434s
 353000 +3.49634884e+10 +3.49607444e+10  2.74e+06   1.19e+01     1.63e-01   123.763s
 354000 +3.49634775e+10 +3.49608385e+10  2.64e+06   1.13e+01     1.61e-01   124.092s
 355000 +3.49634831e+10 +3.49607740e+10  2.71e+06   1.14e+01     1.77e-01   124.422s
 356000 +3.49634905e+10 +3.49607599e+10  2.73e+06   1.09e+01     1.50e-01   124.751s
 357000 +3.49634844e+10 +3.49607586e+10  2.73e+06   1.03e+01     1.43e-01   125.080s
 358000 +3.49634904e+10 +3.49607294e+10  2.76e+06   1.04e+01     1.70e-01   125.410s
 359000 +3.49634915e+10 +3.49608537e+10  2.64e+06   1.02e+01     1.48e-01   125.739s
 360000 +3.49634914e+10 +3.49608467e+10  2.64e+06   9.76e+00     1.37e-01   126.069s
 361000 +3.49634874e+10 +3.49607904e+10  2.70e+06   1.02e+01     1.38e-01   126.398s
 362000 +3.49634824e+10 +3.49608657e+10  2.62e+06   1.05e+01     1.28e-01   126.728s
 363000 +3.49634824e+10 +3.49608994e+10  2.58e+06   1.04e+01     1.27e-01   127.057s
 364000 +3.49634861e+10 +3.49608729e+10  2.61e+06   9.94e+00     1.20e-01   127.386s
 365000 +3.49634843e+10 +3.49608939e+10  2.59e+06   9.27e+00     1.13e-01   127.716s
 366000 +3.49634802e+10 +3.49608749e+10  2.61e+06   9.60e+00     1.09e-01   128.045s
 367000 +3.49634828e+10 +3.49608351e+10  2.65e+06   2.43e+01     9.20e-02   128.375s
 368000 +3.49635152e+10 +3.49609400e+10  2.58e+06   3.17e+01     1.02e-01   128.704s
 369000 +3.49635408e+10 +3.49610520e+10  2.49e+06   3.66e+01     1.07e-01   129.033s
 370000 +3.49635632e+10 +3.49611543e+10  2.41e+06   3.56e+01     9.73e-02   129.363s
 371000 +3.49635795e+10 +3.49612473e+10  2.33e+06   3.50e+01     8.84e-02   129.692s
 372000 +3.49635803e+10 +3.49613524e+10  2.23e+06   3.15e+01     7.39e-02   130.021s
 373000 +3.49635721e+10 +3.49613924e+10  2.18e+06   2.96e+01     6.91e-02   130.350s
 374000 +3.49635685e+10 +3.49614289e+10  2.14e+06   2.94e+01     6.51e-02   130.680s
 375000 +3.49635786e+10 +3.49614905e+10  2.09e+06   2.89e+01     6.49e-02   131.009s
 376000 +3.49635725e+10 +3.49615291e+10  2.04e+06   3.05e+01     5.92e-02   131.338s
 377000 +3.49635733e+10 +3.49615658e+10  2.01e+06   3.04e+01     5.86e-02   131.668s
 378000 +3.49635693e+10 +3.49616105e+10  1.96e+06   3.01e+01     5.56e-02   131.997s
 379000 +3.49635626e+10 +3.49615947e+10  1.97e+06   2.92e+01     5.51e-02   132.326s
 380000 +3.49635639e+10 +3.49615413e+10  2.02e+06   2.89e+01     5.27e-02   132.656s
 381000 +3.49635458e+10 +3.49615702e+10  1.98e+06   2.88e+01     4.86e-02   132.985s
 382000 +3.49635529e+10 +3.49616213e+10  1.93e+06   2.72e+01     5.01e-02   133.314s
 383000 +3.49635595e+10 +3.49616718e+10  1.89e+06   2.77e+01     4.88e-02   133.643s
 384000 +3.49635500e+10 +3.49617293e+10  1.82e+06   2.56e+01     4.89e-02   133.973s
 385000 +3.49635449e+10 +3.49617634e+10  1.78e+06   2.37e+01     4.75e-02   134.303s
 386000 +3.49635405e+10 +3.49617519e+10  1.79e+06   2.35e+01     4.85e-02   134.632s
 387000 +3.49635381e+10 +3.49617354e+10  1.80e+06   2.34e+01     4.69e-02   134.962s
 388000 +3.49635435e+10 +3.49617883e+10  1.76e+06   2.35e+01     4.29e-02   135.291s
 389000 +3.49635484e+10 +3.49617850e+10  1.76e+06   2.18e+01     4.12e-02   135.620s
 390000 +3.49635331e+10 +3.49617947e+10  1.74e+06   2.26e+01     4.06e-02   135.949s
 391000 +3.49635278e+10 +3.49617544e+10  1.77e+06   2.29e+01     3.99e-02   136.279s
 392000 +3.49635252e+10 +3.49616861e+10  1.84e+06   2.30e+01     4.07e-02   136.609s
 393000 +3.49635196e+10 +3.49616970e+10  1.82e+06   2.32e+01     3.93e-02   136.938s
 394000 +3.49635329e+10 +3.49617502e+10  1.78e+06   2.31e+01     3.94e-02   137.268s
 395000 +3.49635186e+10 +3.49617756e+10  1.74e+06   2.31e+01     3.87e-02   137.597s
 396000 +3.49635197e+10 +3.49617654e+10  1.75e+06   2.34e+01     3.94e-02   137.926s
 397000 +3.49635103e+10 +3.49617503e+10  1.76e+06   2.28e+01     4.02e-02   138.256s
 398000 +3.49635213e+10 +3.49617603e+10  1.76e+06   2.16e+01     4.00e-02   138.585s
 399000 +3.49635074e+10 +3.49618037e+10  1.70e+06   2.05e+01     3.95e-02   138.914s
 400000 +3.49635161e+10 +3.49618077e+10  1.71e+06   2.01e+01     3.72e-02   139.244s
 401000 +3.49635116e+10 +3.49618164e+10  1.70e+06   1.95e+01     3.82e-02   139.573s
 402000 +3.49635044e+10 +3.49618276e+10  1.68e+06   1.97e+01     3.78e-02   139.902s
 403000 +3.49635011e+10 +3.49618552e+10  1.65e+06   1.99e+01     3.76e-02   140.231s
 404000 +3.49635024e+10 +3.49618936e+10  1.61e+06   2.08e+01     3.69e-02   140.560s
 405000 +3.49634956e+10 +3.49619140e+10  1.58e+06   2.10e+01     3.52e-02   140.889s
 406000 +3.49634916e+10 +3.49619647e+10  1.53e+06   2.01e+01     3.51e-02   141.219s
 407000 +3.49634958e+10 +3.49619883e+10  1.51e+06   1.94e+01     3.48e-02   141.548s
 408000 +3.49634908e+10 +3.49620000e+10  1.49e+06   1.81e+01     3.53e-02   141.878s
 409000 +3.49634913e+10 +3.49620227e+10  1.47e+06   1.81e+01     3.44e-02   142.207s
 410000 +3.49634868e+10 +3.49619944e+10  1.49e+06   1.81e+01     3.35e-02   142.536s
 411000 +3.49634875e+10 +3.49619780e+10  1.51e+06   1.83e+01     3.43e-02   142.865s
 412000 +3.49634883e+10 +3.49619727e+10  1.52e+06   1.88e+01     3.57e-02   143.195s
 413000 +3.49634849e+10 +3.49620027e+10  1.48e+06   1.84e+01     3.64e-02   143.525s
 414000 +3.49634680e+10 +3.49620228e+10  1.45e+06   1.88e+01     3.45e-02   143.854s
 415000 +3.49634664e+10 +3.49620412e+10  1.43e+06   1.82e+01     3.26e-02   144.183s
 416000 +3.49634754e+10 +3.49620124e+10  1.46e+06   1.85e+01     3.28e-02   144.512s
 417000 +3.49634690e+10 +3.49620447e+10  1.42e+06   1.84e+01     3.37e-02   144.842s
 418000 +3.49634804e+10 +3.49621259e+10  1.35e+06   1.82e+01     3.18e-02   145.171s
 419000 +3.49634861e+10 +3.49621677e+10  1.32e+06   1.87e+01     3.17e-02   145.500s
 420000 +3.49634789e+10 +3.49621544e+10  1.32e+06   1.84e+01     3.19e-02   145.829s
 421000 +3.49634772e+10 +3.49622091e+10  1.27e+06   1.80e+01     3.16e-02   146.160s
 422000 +3.49634757e+10 +3.49622701e+10  1.21e+06   1.82e+01     3.14e-02   146.489s
 423000 +3.49634739e+10 +3.49622941e+10  1.18e+06   1.88e+01     3.25e-02   146.818s
 424000 +3.49634733e+10 +3.49623376e+10  1.14e+06   1.86e+01     3.10e-02   147.147s
 425000 +3.49634739e+10 +3.49623872e+10  1.09e+06   1.86e+01     3.02e-02   147.476s
 426000 +3.49634702e+10 +3.49624396e+10  1.03e+06   1.91e+01     2.97e-02   147.805s
 427000 +3.49634701e+10 +3.49625195e+10  9.51e+05   1.84e+01     3.07e-02   148.134s
 428000 +3.49634696e+10 +3.49626016e+10  8.68e+05   1.76e+01     3.15e-02   148.463s
 429000 +3.49634640e+10 +3.49626467e+10  8.17e+05   1.81e+01     3.22e-02   148.792s
 430000 +3.49634599e+10 +3.49626864e+10  7.74e+05   1.75e+01     3.11e-02   149.122s
 431000 +3.49634629e+10 +3.49627231e+10  7.40e+05   1.71e+01     3.05e-02   149.451s
 432000 +3.49634572e+10 +3.49627490e+10  7.08e+05   1.68e+01     3.09e-02   149.780s
 433000 +3.49634604e+10 +3.49627522e+10  7.08e+05   1.60e+01     3.00e-02   150.109s
 434000 +3.49634552e+10 +3.49627367e+10  7.18e+05   1.64e+01     3.02e-02   150.439s
 435000 +3.49634550e+10 +3.49627053e+10  7.50e+05   1.66e+01     3.06e-02   150.768s
 436000 +3.49634562e+10 +3.49626534e+10  8.03e+05   1.64e+01     2.90e-02   151.098s
 437000 +3.49634589e+10 +3.49626083e+10  8.51e+05   1.73e+01     2.85e-02   151.427s
 438000 +3.49634537e+10 +3.49625946e+10  8.59e+05   1.70e+01     2.79e-02   151.756s
 439000 +3.49634524e+10 +3.49625661e+10  8.86e+05   1.69e+01     2.77e-02   152.086s
 440000 +3.49634456e+10 +3.49625419e+10  9.04e+05   1.67e+01     2.84e-02   152.415s
 441000 +3.49634377e+10 +3.49624926e+10  9.45e+05   1.65e+01     2.72e-02   152.744s
 442000 +3.49634405e+10 +3.49624627e+10  9.78e+05   1.64e+01     2.67e-02   153.073s
 443000 +3.49634373e+10 +3.49624260e+10  1.01e+06   1.66e+01     2.71e-02   153.402s
 444000 +3.49634445e+10 +3.49623721e+10  1.07e+06   1.61e+01     2.78e-02   153.731s
 445000 +3.49634442e+10 +3.49623670e+10  1.08e+06   1.69e+01     2.66e-02   154.061s
 446000 +3.49634391e+10 +3.49623615e+10  1.08e+06   1.66e+01     2.81e-02   154.390s
 447000 +3.49634384e+10 +3.49623192e+10  1.12e+06   1.64e+01     2.77e-02   154.719s
 448000 +3.49634453e+10 +3.49623656e+10  1.08e+06   1.67e+01     2.69e-02   155.048s
 449000 +3.49634525e+10 +3.49623951e+10  1.06e+06   1.67e+01     2.81e-02   155.378s
 450000 +3.49634425e+10 +3.49624042e+10  1.04e+06   1.65e+01     2.82e-02   155.708s
 451000 +3.49634363e+10 +3.49624503e+10  9.86e+05   1.62e+01     2.69e-02   156.037s
 452000 +3.49634406e+10 +3.49625448e+10  8.96e+05   1.52e+01     2.59e-02   156.366s
 453000 +3.49634417e+10 +3.49625472e+10  8.95e+05   1.56e+01     2.59e-02   156.695s
 454000 +3.49634343e+10 +3.49625468e+10  8.87e+05   1.54e+01     2.61e-02   157.025s
 455000 +3.49634376e+10 +3.49625875e+10  8.50e+05   1.55e+01     2.64e-02   157.354s
 456000 +3.49634325e+10 +3.49626068e+10  8.26e+05   1.55e+01     2.53e-02   157.683s
 457000 +3.49634370e+10 +3.49626516e+10  7.85e+05   1.50e+01     2.61e-02   158.013s
 458000 +3.49634416e+10 +3.49626964e+10  7.45e+05   1.53e+01     2.57e-02   158.343s
 459000 +3.49634458e+10 +3.49627245e+10  7.21e+05   1.48e+01     2.55e-02   158.672s
 460000 +3.49634446e+10 +3.49626846e+10  7.60e+05   1.52e+01     2.59e-02   159.001s
 461000 +3.49634451e+10 +3.49626731e+10  7.72e+05   1.51e+01     2.46e-02   159.330s
 462000 +3.49634440e+10 +3.49626635e+10  7.81e+05   1.47e+01     2.44e-02   159.660s
 463000 +3.49634397e+10 +3.49626544e+10  7.85e+05   1.43e+01     2.53e-02   159.990s
 464000 +3.49634389e+10 +3.49626526e+10  7.86e+05   1.39e+01     2.46e-02   160.319s
 465000 +3.49634359e+10 +3.49626847e+10  7.51e+05   1.42e+01     2.37e-02   160.649s
 466000 +3.49634304e+10 +3.49627245e+10  7.06e+05   1.41e+01     2.48e-02   160.979s
 467000 +3.49634309e+10 +3.49627106e+10  7.20e+05   1.40e+01     2.52e-02   161.308s
 468000 +3.49634344e+10 +3.49627102e+10  7.24e+05   1.40e+01     2.53e-02   161.637s
 469000 +3.49634376e+10 +3.49627128e+10  7.25e+05   1.37e+01     2.34e-02   161.967s
 470000 +3.49634346e+10 +3.49627024e+10  7.32e+05   1.40e+01     2.32e-02   162.296s
 471000 +3.49634374e+10 +3.49627095e+10  7.28e+05   1.35e+01     2.46e-02   162.625s
 472000 +3.49634398e+10 +3.49627187e+10  7.21e+05   1.33e+01     2.39e-02   162.955s
 473000 +3.49634376e+10 +3.49627087e+10  7.29e+05   1.32e+01     2.35e-02   163.284s
 474000 +3.49634315e+10 +3.49626895e+10  7.42e+05   1.30e+01     2.25e-02   163.613s
 475000 +3.49634288e+10 +3.49627268e+10  7.02e+05   1.24e+01     2.20e-02   163.942s
 476000 +3.49634259e+10 +3.49627740e+10  6.52e+05   1.25e+01     2.31e-02   164.271s
 477000 +3.49634279e+10 +3.49627628e+10  6.65e+05   1.21e+01     2.26e-02   164.600s
 478000 +3.49634233e+10 +3.49627615e+10  6.62e+05   4.02e+01     1.62e-02   164.930s
 479000 +3.49634109e+10 +3.49627602e+10  6.51e+05   4.56e+01     1.55e-02   165.259s
 480000 +3.49634048e+10 +3.49627481e+10  6.57e+05   4.94e+01     1.50e-02   165.589s
 481000 +3.49634029e+10 +3.49627518e+10  6.51e+05   5.48e+01     1.48e-02   165.918s
 482000 +3.49634245e+10 +3.49627592e+10  6.65e+05   5.95e+01     1.45e-02   166.248s
 483000 +3.49634356e+10 +3.49627681e+10  6.68e+05   6.11e+01     1.41e-02   166.577s
 484000 +3.49634424e+10 +3.49628002e+10  6.42e+05   6.48e+01     1.41e-02   166.907s
 485000 +3.49634362e+10 +3.49628295e+10  6.07e+05   6.66e+01     1.43e-02   167.236s
 486000 +3.49634379e+10 +3.49628547e+10  5.83e+05   6.86e+01     1.35e-02   167.566s
 487000 +3.49634093e+10 +3.49628820e+10  5.27e+05   7.02e+01     1.40e-02   167.895s
 488000 +3.49633927e+10 +3.49628965e+10  4.96e+05   6.87e+01     1.38e-02   168.224s
 489000 +3.49633708e+10 +3.49629242e+10  4.47e+05   6.98e+01     1.35e-02   168.553s
 490000 +3.49633663e+10 +3.49629508e+10  4.16e+05   7.06e+01     1.37e-02   168.883s
 491000 +3.49633708e+10 +3.49629792e+10  3.92e+05   7.05e+01     1.38e-02   169.212s
 492000 +3.49633607e+10 +3.49630224e+10  3.38e+05   7.21e+01     1.35e-02   169.542s
 493000 +3.49633818e+10 +3.49630902e+10  2.92e+05   7.09e+01     1.34e-02   169.872s
 494000 +3.49633827e+10 +3.49631384e+10  2.44e+05   6.96e+01     1.36e-02   170.201s
 495000 +3.49633836e+10 +3.49631956e+10  1.88e+05   6.92e+01     1.33e-02   170.531s
 496000 +3.49633602e+10 +3.49632485e+10  1.12e+05   6.93e+01     1.34e-02   170.860s
 497000 +3.49633576e+10 +3.49632338e+10  1.24e+05   6.67e+01     1.32e-02   171.190s
 498000 +3.49633736e+10 +3.49632044e+10  1.69e+05   6.76e+01     1.26e-02   171.520s
 499000 +3.49633627e+10 +3.49631373e+10  2.25e+05   6.97e+01     1.28e-02   171.849s
 500000 +3.49633564e+10 +3.49631216e+10  2.35e+05   6.82e+01     1.27e-02   172.179s
 501000 +3.49633791e+10 +3.49631127e+10  2.66e+05   6.79e+01     1.21e-02   172.508s
 502000 +3.49633925e+10 +3.49631011e+10  2.91e+05   7.01e+01     1.22e-02   172.837s
 503000 +3.49633767e+10 +3.49630945e+10  2.82e+05   6.90e+01     1.18e-02   173.167s
 504000 +3.49633653e+10 +3.49630628e+10  3.03e+05   6.72e+01     1.19e-02   173.496s
 505000 +3.49633687e+10 +3.49630567e+10  3.12e+05   6.40e+01     1.19e-02   173.826s
 506000 +3.49633686e+10 +3.49630687e+10  3.00e+05   6.32e+01     1.15e-02   174.155s
 507000 +3.49633752e+10 +3.49631161e+10  2.59e+05   6.25e+01     1.16e-02   174.485s
 508000 +3.49633684e+10 +3.49631641e+10  2.04e+05   6.23e+01     1.13e-02   174.814s
 509000 +3.49633684e+10 +3.49632040e+10  1.64e+05   6.15e+01     1.14e-02   175.143s
 510000 +3.49633620e+10 +3.49631945e+10  1.67e+05   5.94e+01     1.16e-02   175.473s
 511000 +3.49633584e+10 +3.49631768e+10  1.82e+05   5.79e+01     1.14e-02   175.802s
 512000 +3.49633716e+10 +3.49631677e+10  2.04e+05   5.61e+01     1.11e-02   176.132s
 513000 +3.49633632e+10 +3.49631229e+10  2.40e+05   5.52e+01     1.11e-02   176.462s
 514000 +3.49633625e+10 +3.49630998e+10  2.63e+05   5.55e+01     1.05e-02   176.791s
 515000 +3.49633587e+10 +3.49630817e+10  2.77e+05   5.53e+01     1.05e-02   177.121s
 516000 +3.49633632e+10 +3.49630979e+10  2.65e+05   5.65e+01     1.01e-02   177.451s
 517000 +3.49633505e+10 +3.49631210e+10  2.30e+05   5.34e+01     1.04e-02   177.780s
 518000 +3.49633696e+10 +3.49631311e+10  2.39e+05   5.13e+01     1.03e-02   178.110s
 519000 +3.49633880e+10 +3.49631183e+10  2.70e+05   5.04e+01     1.01e-02   178.439s
 520000 +3.49633796e+10 +3.49631119e+10  2.68e+05   4.94e+01     9.93e-03   178.769s
 521000 +3.49633948e+10 +3.49631315e+10  2.63e+05   4.78e+01     1.01e-02   179.099s
 522000 +3.49634024e+10 +3.49631292e+10  2.73e+05   4.75e+01     9.88e-03   179.428s
 523000 +3.49633967e+10 +3.49631289e+10  2.68e+05   4.66e+01     9.71e-03   179.758s
 524000 +3.49633897e+10 +3.49631472e+10  2.42e+05   4.57e+01     9.68e-03   180.088s
 525000 +3.49633873e+10 +3.49631808e+10  2.06e+05   4.47e+01     9.38e-03   180.417s
 526000 +3.49633814e+10 +3.49632247e+10  1.57e+05   4.52e+01     9.20e-03   180.746s
 527000 +3.49633919e+10 +3.49632574e+10  1.34e+05   4.39e+01     9.28e-03   181.076s
 528000 +3.49634115e+10 +3.49632851e+10  1.26e+05   4.46e+01     9.01e-03   181.405s
 529000 +3.49634021e+10 +3.49632992e+10  1.03e+05   4.24e+01     8.83e-03   181.735s
 530000 +3.49633857e+10 +3.49632904e+10  9.53e+04   4.16e+01     8.67e-03   182.065s
 531000 +3.49633955e+10 +3.49632872e+10  1.08e+05   4.11e+01     9.07e-03   182.394s
 532000 +3.49634083e+10 +3.49632833e+10  1.25e+05   4.14e+01     9.46e-03   182.725s
 533000 +3.49634111e+10 +3.49632764e+10  1.35e+05   4.27e+01     8.93e-03   183.054s
 534000 +3.49634168e+10 +3.49632549e+10  1.62e+05   4.19e+01     8.50e-03   183.384s
 535000 +3.49634068e+10 +3.49632367e+10  1.70e+05   3.99e+01     9.17e-03   183.713s
 536000 +3.49634078e+10 +3.49632121e+10  1.96e+05   3.81e+01     9.34e-03   184.042s
 537000 +3.49633887e+10 +3.49631936e+10  1.95e+05   3.78e+01     8.77e-03   184.371s
 538000 +3.49633891e+10 +3.49631939e+10  1.95e+05   3.56e+01     8.39e-03   184.701s
 539000 +3.49634104e+10 +3.49632122e+10  1.98e+05   3.60e+01     9.13e-03   185.030s
 540000 +3.49634095e+10 +3.49632206e+10  1.89e+05   3.66e+01     9.02e-03   185.360s
 541000 +3.49634159e+10 +3.49632235e+10  1.92e+05   5.08e+01     6.90e-03   185.689s
 542000 +3.49634238e+10 +3.49632278e+10  1.96e+05   5.67e+01     5.81e-03   186.019s
 543000 +3.49634142e+10 +3.49632289e+10  1.85e+05   6.30e+01     5.66e-03   186.348s
 544000 +3.49633888e+10 +3.49632304e+10  1.58e+05   6.41e+01     5.64e-03   186.677s
 545000 +3.49633615e+10 +3.49632356e+10  1.26e+05   6.36e+01     5.56e-03   187.006s
 546000 +3.49633720e+10 +3.49632407e+10  1.31e+05   6.77e+01     5.51e-03   187.335s
 547000 +3.49633829e+10 +3.49632429e+10  1.40e+05   7.09e+01     5.30e-03   187.664s
 548000 +3.49633800e+10 +3.49632385e+10  1.42e+05   7.40e+01     5.34e-03   187.993s
 549000 +3.49633765e+10 +3.49632306e+10  1.46e+05   7.85e+01     5.26e-03   188.322s
 550000 +3.49633678e+10 +3.49632202e+10  1.48e+05   8.25e+01     5.16e-03   188.651s
 551000 +3.49633704e+10 +3.49632100e+10  1.60e+05   8.57e+01     5.11e-03   188.980s
 552000 +3.49633775e+10 +3.49632008e+10  1.77e+05   8.68e+01     5.08e-03   189.310s
 553000 +3.49633639e+10 +3.49631921e+10  1.72e+05   8.92e+01     4.97e-03   189.639s
 554000 +3.49633645e+10 +3.49631939e+10  1.71e+05   9.13e+01     5.05e-03   189.968s
 555000 +3.49633542e+10 +3.49631964e+10  1.58e+05   8.66e+01     5.02e-03   190.298s
 556000 +3.49633924e+10 +3.49631916e+10  2.01e+05   8.02e+01     4.96e-03   190.628s
 557000 +3.49633931e+10 +3.49631787e+10  2.14e+05   7.71e+01     4.97e-03   190.957s
 558000 +3.49633947e+10 +3.49631814e+10  2.13e+05   8.06e+01     5.00e-03   191.286s
 559000 +3.49633903e+10 +3.49631997e+10  1.91e+05   8.48e+01     4.97e-03   191.615s
 560000 +3.49634117e+10 +3.49632228e+10  1.89e+05   8.09e+01     4.89e-03   191.944s
 561000 +3.49633989e+10 +3.49632251e+10  1.74e+05   7.62e+01     4.80e-03   192.274s
 562000 +3.49633815e+10 +3.49632058e+10  1.76e+05   7.43e+01     4.92e-03   192.603s
 563000 +3.49633702e+10 +3.49631841e+10  1.86e+05   7.86e+01     4.84e-03   192.932s
 564000 +3.49633785e+10 +3.49631762e+10  2.02e+05   7.65e+01     4.77e-03   193.262s
 565000 +3.49633846e+10 +3.49631840e+10  2.01e+05   7.77e+01     4.71e-03   193.591s
 566000 +3.49633917e+10 +3.49632012e+10  1.91e+05   7.66e+01     4.62e-03   193.920s
 567000 +3.49633914e+10 +3.49631995e+10  1.92e+05   7.18e+01     4.63e-03   194.249s
 568000 +3.49633986e+10 +3.49631923e+10  2.06e+05   6.81e+01     4.64e-03   194.578s
 569000 +3.49634274e+10 +3.49631792e+10  2.48e+05   6.69e+01     4.65e-03   194.908s
 570000 +3.49633792e+10 +3.49631699e+10  2.09e+05   6.62e+01     4.50e-03   195.237s
 571000 +3.49633937e+10 +3.49631740e+10  2.20e+05   6.51e+01     4.61e-03   195.567s
 572000 +3.49634040e+10 +3.49631771e+10  2.27e+05   6.23e+01     4.61e-03   195.896s
 573000 +3.49633866e+10 +3.49631780e+10  2.09e+05   6.57e+01     4.65e-03   196.226s
 574000 +3.49633657e+10 +3.49631730e+10  1.93e+05   7.04e+01     4.68e-03   196.555s
 575000 +3.49633755e+10 +3.49631667e+10  2.09e+05   7.30e+01     4.91e-03   196.884s
 576000 +3.49633345e+10 +3.49631679e+10  1.67e+05   7.78e+01     4.77e-03   197.214s
 577000 +3.49633146e+10 +3.49631801e+10  1.34e+05   7.81e+01     5.02e-03   197.543s
 578000 +3.49633202e+10 +3.49631984e+10  1.22e+05   7.87e+01     4.91e-03   197.873s
 579000 +3.49633329e+10 +3.49632219e+10  1.11e+05   7.77e+01     4.62e-03   198.202s
 580000 +3.49633666e+10 +3.49632390e+10  1.28e+05   7.35e+01     4.65e-03   198.531s
 581000 +3.49634006e+10 +3.49632486e+10  1.52e+05   7.12e+01     4.38e-03   198.861s
 582000 +3.49634134e+10 +3.49632567e+10  1.57e+05   6.71e+01     4.31e-03   199.190s
 583000 +3.49634321e+10 +3.49632754e+10  1.57e+05   6.39e+01     4.07e-03   199.520s
 584000 +3.49634201e+10 +3.49632882e+10  1.32e+05   6.10e+01     3.94e-03   199.849s
 585000 +3.49633982e+10 +3.49632823e+10  1.16e+05   1.38e+02     2.66e-03   200.179s
 586000 +3.49633583e+10 +3.49632761e+10  8.21e+04   1.66e+02     2.61e-03   200.508s
 587000 +3.49633255e+10 +3.49632721e+10  5.34e+04   1.78e+02     2.53e-03   200.837s
 588000 +3.49632686e+10 +3.49632732e+10  4.58e+03   1.99e+02     2.60e-03   201.167s
 589000 +3.49632344e+10 +3.49632783e+10  4.38e+04   2.16e+02     2.57e-03   201.496s
 590000 +3.49632433e+10 +3.49632874e+10  4.41e+04   1.96e+02     2.57e-03   201.825s
 591000 +3.49632722e+10 +3.49632950e+10  2.28e+04   1.83e+02     2.49e-03   202.155s
 592000 +3.49633151e+10 +3.49632998e+10  1.53e+04   1.76e+02     2.38e-03   202.484s
 593000 +3.49633333e+10 +3.49633055e+10  2.78e+04   1.73e+02     2.33e-03   202.813s
 594000 +3.49632185e+10 +3.49633054e+10  8.69e+04   1.79e+02     2.26e-03   203.143s
 595000 +3.49633496e+10 +3.49633126e+10  3.71e+04   1.80e+02     2.23e-03   203.472s
 596000 +3.49633264e+10 +3.49633097e+10  1.68e+04   1.71e+02     2.28e-03   203.801s
 597000 +3.49633692e+10 +3.49633094e+10  5.99e+04   1.66e+02     2.16e-03   204.130s
 598000 +3.49633468e+10 +3.49633147e+10  3.21e+04   1.74e+02     2.20e-03   204.460s
 599000 +3.49633785e+10 +3.49633146e+10  6.40e+04   1.87e+02     2.13e-03   204.790s
 600000 +3.49634126e+10 +3.49633198e+10  9.28e+04   1.95e+02     2.05e-03   205.119s
 601000 +3.49634632e+10 +3.49633179e+10  1.45e+05   2.13e+02     1.99e-03   205.449s
 602000 +3.49634701e+10 +3.49633159e+10  1.54e+05   2.15e+02     1.98e-03   205.778s
 603000 +3.49634150e+10 +3.49633149e+10  1.00e+05   2.02e+02     1.99e-03   206.107s
 604000 +3.49633639e+10 +3.49633112e+10  5.27e+04   2.02e+02     2.11e-03   206.436s
 605000 +3.49633632e+10 +3.49633100e+10  5.32e+04   2.01e+02     2.10e-03   206.766s
 606000 +3.49633488e+10 +3.49633112e+10  3.76e+04   1.97e+02     2.06e-03   207.096s
 607000 +3.49633448e+10 +3.49633179e+10  2.68e+04   1.90e+02     2.16e-03   207.425s
 608000 +3.49632970e+10 +3.49633256e+10  2.86e+04   1.81e+02     2.05e-03   207.754s
 609000 +3.49633046e+10 +3.49633247e+10  2.01e+04   1.76e+02     2.05e-03   208.084s
 610000 +3.49632599e+10 +3.49633307e+10  7.08e+04   1.66e+02     1.95e-03   208.413s
 611000 +3.49634037e+10 +3.49633315e+10  7.22e+04   1.64e+02     1.91e-03   208.743s
 612000 +3.49633957e+10 +3.49633370e+10  5.87e+04   1.52e+02     1.82e-03   209.072s
 613000 +3.49634082e+10 +3.49633385e+10  6.98e+04   1.48e+02     1.77e-03   209.402s
 614000 +3.49633799e+10 +3.49633348e+10  4.50e+04   1.39e+02     1.77e-03   209.731s
 615000 +3.49633908e+10 +3.49633311e+10  5.97e+04   1.32e+02     1.68e-03   210.060s
 616000 +3.49633730e+10 +3.49633312e+10  4.18e+04   1.28e+02     1.70e-03   210.389s
 617000 +3.49633936e+10 +3.49633354e+10  5.83e+04   1.28e+02     1.60e-03   210.718s
 618000 +3.49633202e+10 +3.49633383e+10  1.81e+04   1.27e+02     1.59e-03   211.048s
 619000 +3.49633761e+10 +3.49633382e+10  3.79e+04   1.21e+02     1.54e-03   211.377s
 620000 +3.49633665e+10 +3.49633384e+10  2.81e+04   1.16e+02     1.55e-03   211.706s
 621000 +3.49633565e+10 +3.49633419e+10  1.46e+04   1.13e+02     1.49e-03   212.035s
 622000 +3.49634233e+10 +3.49633422e+10  8.11e+04   1.12e+02     1.47e-03   212.364s
 623000 +3.49633930e+10 +3.49633402e+10  5.28e+04   1.12e+02     1.43e-03   212.693s
 624000 +3.49634632e+10 +3.49633392e+10  1.24e+05   1.12e+02     1.41e-03   213.022s
 625000 +3.49634430e+10 +3.49633386e+10  1.04e+05   1.10e+02     1.37e-03   213.351s
 626000 +3.49634436e+10 +3.49633401e+10  1.03e+05   1.10e+02     1.36e-03   213.680s
 627000 +3.49633973e+10 +3.49633378e+10  5.95e+04   1.11e+02     1.34e-03   214.009s
 628000 +3.49633810e+10 +3.49633394e+10  4.16e+04   1.13e+02     1.31e-03   214.339s
 629000 +3.49633689e+10 +3.49633413e+10  2.76e+04   1.13e+02     1.32e-03   214.668s
 630000 +3.49633623e+10 +3.49633427e+10  1.96e+04   1.09e+02     1.29e-03   214.998s
 631000 +3.49633860e+10 +3.49633408e+10  4.52e+04   1.06e+02     1.27e-03   215.327s
 632000 +3.49633538e+10 +3.49633423e+10  1.16e+04   1.07e+02     1.26e-03   215.656s
 633000 +3.49634089e+10 +3.49633422e+10  6.67e+04   1.06e+02     1.26e-03   215.985s
 634000 +3.49634173e+10 +3.49633430e+10  7.42e+04   1.02e+02     1.26e-03   216.314s
 635000 +3.49634266e+10 +3.49633433e+10  8.33e+04   1.02e+02     1.23e-03   216.643s
 636000 +3.49634436e+10 +3.49633436e+10  1.00e+05   1.02e+02     1.28e-03   216.972s
 637000 +3.49634241e+10 +3.49633426e+10  8.15e+04   1.31e+02     8.31e-04   217.302s
 638000 +3.49634113e+10 +3.49633406e+10  7.07e+04   1.46e+02     6.66e-04   217.632s
 639000 +3.49633514e+10 +3.49633399e+10  1.15e+04   1.55e+02     6.72e-04   217.961s
 640000 +3.49633455e+10 +3.49633410e+10  4.47e+03   1.61e+02     6.51e-04   218.291s
 641000 +3.49632814e+10 +3.49633427e+10  6.13e+04   1.77e+02     6.44e-04   218.620s
 642000 +3.49632444e+10 +3.49633439e+10  9.95e+04   1.84e+02     6.25e-04   218.949s
 643000 +3.49632382e+10 +3.49633461e+10  1.08e+05   1.89e+02     6.44e-04   219.279s
 644000 +3.49632186e+10 +3.49633487e+10  1.30e+05   1.86e+02     6.37e-04   219.608s
 645000 +3.49632230e+10 +3.49633511e+10  1.28e+05   1.86e+02     6.56e-04   219.937s
 646000 +3.49632550e+10 +3.49633527e+10  9.76e+04   1.86e+02     6.30e-04   220.266s
 647000 +3.49632187e+10 +3.49633545e+10  1.36e+05   1.89e+02     6.42e-04   220.596s
 648000 +3.49632484e+10 +3.49633568e+10  1.08e+05   1.82e+02     6.61e-04   220.925s
 649000 +3.49632585e+10 +3.49633599e+10  1.01e+05   1.76e+02     6.67e-04   221.254s
 650000 +3.49632828e+10 +3.49633621e+10  7.94e+04   1.72e+02     6.81e-04   221.584s
 651000 +3.49632150e+10 +3.49633637e+10  1.49e+05   1.75e+02     5.88e-04   221.913s
 652000 +3.49632451e+10 +3.49633655e+10  1.20e+05   1.80e+02     5.89e-04   222.242s
 653000 +3.49632913e+10 +3.49633680e+10  7.66e+04   1.74e+02     5.91e-04   222.572s
 654000 +3.49633388e+10 +3.49633686e+10  2.98e+04   1.78e+02     5.78e-04   222.901s
 655000 +3.49633187e+10 +3.49633689e+10  5.02e+04   1.78e+02     5.99e-04   223.230s
 656000 +3.49633682e+10 +3.49633705e+10  2.28e+03   1.79e+02     5.66e-04   223.559s
 657000 +3.49633543e+10 +3.49633705e+10  1.62e+04   1.74e+02     5.72e-04   223.888s
 658000 +3.49633238e+10 +3.49633710e+10  4.72e+04   1.72e+02     5.50e-04   224.218s
 659000 +3.49633155e+10 +3.49633725e+10  5.71e+04   1.73e+02     6.13e-04   224.547s
 660000 +3.49633187e+10 +3.49633723e+10  5.36e+04   1.69e+02     5.31e-04   224.877s
 661000 +3.49633512e+10 +3.49633725e+10  2.13e+04   1.70e+02     5.43e-04   225.207s
 662000 +3.49633559e+10 +3.49633733e+10  1.73e+04   1.69e+02     5.09e-04   225.536s
 663000 +3.49633552e+10 +3.49633752e+10  2.00e+04   1.63e+02     5.76e-04   225.865s
 664000 +3.49634072e+10 +3.49633775e+10  2.97e+04   1.53e+02     4.81e-04   226.195s
 665000 +3.49633537e+10 +3.49633796e+10  2.59e+04   1.47e+02     4.89e-04   226.524s
 666000 +3.49633823e+10 +3.49633806e+10  1.69e+03   1.46e+02     4.70e-04   226.854s
 667000 +3.49633738e+10 +3.49633811e+10  7.30e+03   1.45e+02     4.54e-04   227.184s
 668000 +3.49633397e+10 +3.49633814e+10  4.17e+04   1.46e+02     4.47e-04   227.513s
 669000 +3.49633191e+10 +3.49633816e+10  6.25e+04   1.44e+02     4.43e-04   227.842s
 670000 +3.49632765e+10 +3.49633818e+10  1.05e+05   1.45e+02     4.37e-04   228.171s
 671000 +3.49632644e+10 +3.49633812e+10  1.17e+05   1.52e+02     4.34e-04   228.501s
 672000 +3.49632657e+10 +3.49633810e+10  1.15e+05   1.49e+02     4.49e-04   228.830s
 673000 +3.49633308e+10 +3.49633801e+10  4.93e+04   1.45e+02     4.33e-04   229.160s
 674000 +3.49633554e+10 +3.49633788e+10  2.34e+04   1.44e+02     3.94e-04   229.489s
 675000 +3.49633325e+10 +3.49633793e+10  4.69e+04   1.41e+02     4.10e-04   229.818s
 676000 +3.49633694e+10 +3.49633801e+10  1.07e+04   1.29e+02     3.80e-04   230.148s
 677000 +3.49633320e+10 +3.49633800e+10  4.80e+04   1.17e+02     3.73e-04   230.477s
 678000 +3.49633913e+10 +3.49633795e+10  1.17e+04   1.15e+02     3.84e-04   230.806s
 679000 +3.49633959e+10 +3.49633791e+10  1.67e+04   1.12e+02     3.73e-04   231.135s
 680000 +3.49634169e+10 +3.49633788e+10  3.81e+04   1.09e+02     3.74e-04   231.465s
 681000 +3.49634322e+10 +3.49633784e+10  5.38e+04   1.10e+02     3.57e-04   231.794s
 682000 +3.49634143e+10 +3.49633780e+10  3.63e+04   1.11e+02     2.32e-04   232.124s
 683000 +3.49633748e+10 +3.49633779e+10  3.14e+03   1.08e+02     1.73e-04   232.453s
 684000 +3.49634070e+10 +3.49633783e+10  2.87e+04   1.10e+02     1.60e-04   232.782s
 685000 +3.49634143e+10 +3.49633785e+10  3.58e+04   1.13e+02     1.52e-04   233.111s
 686000 +3.49633933e+10 +3.49633789e+10  1.44e+04   1.16e+02     1.54e-04   233.440s
 687000 +3.49633853e+10 +3.49633793e+10  5.96e+03   1.28e+02     1.59e-04   233.769s
 688000 +3.49633851e+10 +3.49633797e+10  5.39e+03   1.19e+02     1.51e-04   234.098s
 689000 +3.49633626e+10 +3.49633799e+10  1.73e+04   1.05e+02     1.82e-04   234.427s
 690000 +3.49633828e+10 +3.49633803e+10  2.44e+03   9.85e+01     1.41e-04   234.756s
 691000 +3.49633616e+10 +3.49633807e+10  1.91e+04   1.02e+02     1.49e-04   235.085s
 692000 +3.49633603e+10 +3.49633810e+10  2.08e+04   1.12e+02     1.41e-04   235.414s
 693000 +3.49633471e+10 +3.49633813e+10  3.43e+04   1.16e+02     1.36e-04   235.743s
 694000 +3.49633562e+10 +3.49633817e+10  2.55e+04   1.17e+02     1.30e-04   236.072s
 695000 +3.49634040e+10 +3.49633821e+10  2.19e+04   1.23e+02     1.53e-04   236.401s
 696000 +3.49634298e+10 +3.49633824e+10  4.74e+04   1.25e+02     1.38e-04   236.730s
 697000 +3.49634489e+10 +3.49633824e+10  6.65e+04   1.26e+02     1.30e-04   237.060s
 698000 +3.49634414e+10 +3.49633824e+10  5.90e+04   1.16e+02     1.31e-04   237.389s
 699000 +3.49634424e+10 +3.49633823e+10  6.01e+04   9.60e+01     1.23e-04   237.719s
 700000 +3.49634347e+10 +3.49633823e+10  5.24e+04   8.73e+01     1.07e-04   238.048s
 701000 +3.49634147e+10 +3.49633823e+10  3.24e+04   8.78e+01     1.12e-04   238.377s
 702000 +3.49634186e+10 +3.49633823e+10  3.62e+04   8.58e+01     1.15e-04   238.706s
 703000 +3.49634400e+10 +3.49633825e+10  5.76e+04   8.76e+01     9.01e-05   239.036s
 704000 +3.49634416e+10 +3.49633825e+10  5.92e+04   8.99e+01     7.87e-05   239.365s
 705000 +3.49634173e+10 +3.49633825e+10  3.48e+04   9.47e+01     6.90e-05   239.695s
 706000 +3.49634049e+10 +3.49633826e+10  2.23e+04   1.02e+02     6.99e-05   240.024s
 707000 +3.49634008e+10 +3.49633828e+10  1.80e+04   1.08e+02     6.93e-05   240.353s
 708000 +3.49633979e+10 +3.49633829e+10  1.50e+04   1.11e+02     6.69e-05   240.682s
 709000 +3.49634196e+10 +3.49633830e+10  3.66e+04   1.16e+02     6.50e-05   241.011s
 710000 +3.49633974e+10 +3.49633830e+10  1.44e+04   1.20e+02     6.20e-05   241.340s
 711000 +3.49634156e+10 +3.49633831e+10  3.25e+04   1.19e+02     6.08e-05   241.669s
 712000 +3.49634201e+10 +3.49633832e+10  3.68e+04   1.17e+02     6.00e-05   241.999s
 713000 +3.49634001e+10 +3.49633834e+10  1.67e+04   1.11e+02     5.99e-05   242.328s
 714000 +3.49634442e+10 +3.49633836e+10  6.06e+04   1.04e+02     5.83e-05   242.657s
 715000 +3.49634459e+10 +3.49633836e+10  6.23e+04   9.53e+01     5.53e-05   242.987s
 716000 +3.49634643e+10 +3.49633836e+10  8.07e+04   8.79e+01     5.43e-05   243.316s
 717000 +3.49634622e+10 +3.49633837e+10  7.86e+04   8.57e+01     5.66e-05   243.645s
 718000 +3.49634596e+10 +3.49633836e+10  7.60e+04   8.07e+01     5.48e-05   243.974s
 719000 +3.49634463e+10 +3.49633836e+10  6.27e+04   7.83e+01     5.43e-05   244.303s
 720000 +3.49634418e+10 +3.49633836e+10  5.82e+04   7.74e+01     6.04e-05   244.633s
 721000 +3.49634446e+10 +3.49633836e+10  6.10e+04   7.63e+01     5.41e-05   244.962s
 722000 +3.49634489e+10 +3.49633835e+10  6.54e+04   7.93e+01     4.99e-05   245.291s
 723000 +3.49634394e+10 +3.49633833e+10  5.61e+04   8.06e+01     5.16e-05   245.620s
 724000 +3.49633949e+10 +3.49633833e+10  1.16e+04   8.70e+01     4.54e-05   245.950s
 725000 +3.49634068e+10 +3.49633834e+10  2.34e+04   9.22e+01     4.01e-05   246.279s
 726000 +3.49634305e+10 +3.49633834e+10  4.71e+04   9.22e+01     3.64e-05   246.608s
 727000 +3.49634360e+10 +3.49633833e+10  5.27e+04   9.31e+01     3.78e-05   246.937s
 728000 +3.49634127e+10 +3.49633834e+10  2.93e+04   9.49e+01     3.54e-05   247.266s
 729000 +3.49634286e+10 +3.49633834e+10  4.52e+04   9.53e+01     3.51e-05   247.595s
 730000 +3.49634317e+10 +3.49633834e+10  4.83e+04   9.46e+01     3.45e-05   247.924s
 731000 +3.49634264e+10 +3.49633834e+10  4.30e+04   9.25e+01     3.44e-05   248.254s
 732000 +3.49634214e+10 +3.49633834e+10  3.81e+04   9.22e+01     3.36e-05   248.583s
 733000 +3.49634476e+10 +3.49633833e+10  6.43e+04   9.32e+01     3.24e-05   248.912s
 734000 +3.49634229e+10 +3.49633833e+10  3.96e+04   9.05e+01     3.36e-05   249.241s
 735000 +3.49634279e+10 +3.49633832e+10  4.47e+04   8.89e+01     3.58e-05   249.570s
 736000 +3.49634381e+10 +3.49633832e+10  5.48e+04   8.57e+01     3.11e-05   249.899s
 737000 +3.49634287e+10 +3.49633832e+10  4.55e+04   8.28e+01     3.38e-05   250.228s
 738000 +3.49634458e+10 +3.49633832e+10  6.26e+04   8.03e+01     3.00e-05   250.557s
 739000 +3.49634080e+10 +3.49633832e+10  2.48e+04   7.98e+01     3.17e-05   250.886s
 740000 +3.49634199e+10 +3.49633832e+10  3.67e+04   7.89e+01     3.12e-05   251.215s
 741000 +3.49634415e+10 +3.49633832e+10  5.83e+04   7.77e+01     3.11e-05   251.544s
 742000 +3.49634393e+10 +3.49633832e+10  5.61e+04   7.54e+01     3.04e-05   251.873s
 743000 +3.49634600e+10 +3.49633832e+10  7.68e+04   7.52e+01     2.94e-05   252.203s
 744000 +3.49634584e+10 +3.49633832e+10  7.52e+04   7.39e+01     2.92e-05   252.532s
 745000 +3.49634614e+10 +3.49633832e+10  7.83e+04   7.32e+01     2.89e-05   252.861s
 746000 +3.49634518e+10 +3.49633832e+10  6.86e+04   7.34e+01     2.83e-05   253.190s
 747000 +3.49634419e+10 +3.49633832e+10  5.86e+04   7.39e+01     2.92e-05   253.519s
 748000 +3.49634587e+10 +3.49633833e+10  7.55e+04   7.16e+01     2.85e-05   253.848s
 749000 +3.49634635e+10 +3.49633832e+10  8.03e+04   7.22e+01     2.73e-05   254.177s
 750000 +3.49634471e+10 +3.49633832e+10  6.39e+04   7.29e+01     2.78e-05   254.506s
 751000 +3.49634331e+10 +3.49633833e+10  4.98e+04   7.42e+01     2.87e-05   254.835s
 752000 +3.49634392e+10 +3.49633833e+10  5.59e+04   7.56e+01     2.69e-05   255.164s
 753000 +3.49634465e+10 +3.49633834e+10  6.31e+04   7.62e+01     2.80e-05   255.493s
 754000 +3.49634256e+10 +3.49633834e+10  4.22e+04   7.72e+01     2.70e-05   255.822s
 755000 +3.49634189e+10 +3.49633834e+10  3.55e+04   7.89e+01     2.63e-05   256.151s
 756000 +3.49634217e+10 +3.49633835e+10  3.82e+04   8.04e+01     2.76e-05   256.480s
 757000 +3.49633974e+10 +3.49633835e+10  1.39e+04   8.10e+01     2.60e-05   256.809s
 758000 +3.49634143e+10 +3.49633835e+10  3.09e+04   8.11e+01     2.71e-05   257.138s
 759000 +3.49634313e+10 +3.49633835e+10  4.78e+04   8.12e+01     2.56e-05   257.467s
 760000 +3.49634223e+10 +3.49633835e+10  3.88e+04   8.14e+01     2.51e-05   257.797s
 761000 +3.49634150e+10 +3.49633835e+10  3.15e+04   8.03e+01     2.55e-05   258.126s
 762000 +3.49634311e+10 +3.49633835e+10  4.76e+04   7.90e+01     2.48e-05   258.454s
 763000 +3.49634332e+10 +3.49633835e+10  4.97e+04   7.86e+01     2.46e-05   258.784s
 764000 +3.49634333e+10 +3.49633835e+10  4.98e+04   7.70e+01     2.55e-05   259.112s
 765000 +3.49634317e+10 +3.49633835e+10  4.82e+04   7.56e+01     2.37e-05   259.442s
 766000 +3.49634487e+10 +3.49633835e+10  6.52e+04   7.51e+01     2.42e-05   259.771s
 767000 +3.49634576e+10 +3.49633834e+10  7.42e+04   7.47e+01     2.50e-05   260.100s
 768000 +3.49634764e+10 +3.49633834e+10  9.29e+04   7.39e+01     2.41e-05   260.429s
 769000 +3.49634821e+10 +3.49633834e+10  9.87e+04   7.40e+01     2.42e-05   260.759s
 770000 +3.49634721e+10 +3.49633833e+10  8.87e+04   7.29e+01     2.43e-05   261.088s
 771000 +3.49634782e+10 +3.49633833e+10  9.49e+04   7.20e+01     2.37e-05   261.417s
 772000 +3.49634726e+10 +3.49633833e+10  8.94e+04   7.20e+01     2.62e-05   261.746s
 773000 +3.49634703e+10 +3.49633832e+10  8.71e+04   7.21e+01     2.27e-05   262.076s
 774000 +3.49634829e+10 +3.49633833e+10  9.96e+04   7.11e+01     2.36e-05   262.405s
 775000 +3.49634726e+10 +3.49633832e+10  8.94e+04   7.07e+01     2.51e-05   262.733s
 776000 +3.49634674e+10 +3.49633832e+10  8.43e+04   7.18e+01     1.91e-05   263.063s
 777000 +3.49634666e+10 +3.49633832e+10  8.34e+04   7.37e+01     1.73e-05   263.392s
 778000 +3.49634641e+10 +3.49633832e+10  8.09e+04   7.34e+01     1.68e-05   263.722s
 779000 +3.49634505e+10 +3.49633832e+10  6.73e+04   7.32e+01     1.65e-05   264.050s
 780000 +3.49634431e+10 +3.49633832e+10  5.99e+04   7.36e+01     1.67e-05   264.380s
 781000 +3.49634596e+10 +3.49633832e+10  7.64e+04   7.26e+01     1.66e-05   264.709s
 782000 +3.49634567e+10 +3.49633833e+10  7.34e+04   7.29e+01     1.59e-05   265.038s
 783000 +3.49634551e+10 +3.49633833e+10  7.19e+04   7.33e+01     1.59e-05   265.367s
 784000 +3.49634485e+10 +3.49633833e+10  6.52e+04   7.32e+01     1.57e-05   265.696s
 785000 +3.49634468e+10 +3.49633833e+10  6.35e+04   7.38e+01     1.62e-05   266.025s
 786000 +3.49634579e+10 +3.49633833e+10  7.46e+04   7.45e+01     1.55e-05   266.354s
 787000 +3.49634481e+10 +3.49633833e+10  6.47e+04   7.47e+01     1.51e-05   266.683s
 788000 +3.49634470e+10 +3.49633833e+10  6.37e+04   7.40e+01     1.51e-05   267.012s
 789000 +3.49634581e+10 +3.49633834e+10  7.47e+04   7.42e+01     1.50e-05   267.341s
 790000 +3.49634620e+10 +3.49633834e+10  7.86e+04   7.35e+01     1.48e-05   267.670s
 791000 +3.49634429e+10 +3.49633834e+10  5.95e+04   7.35e+01     1.48e-05   267.999s
 792000 +3.49634572e+10 +3.49633834e+10  7.38e+04   7.32e+01     1.50e-05   268.328s
 793000 +3.49634561e+10 +3.49633834e+10  7.28e+04   7.26e+01     1.47e-05   268.657s
 794000 +3.49634592e+10 +3.49633834e+10  7.58e+04   7.15e+01     1.47e-05   268.986s
 795000 +3.49634640e+10 +3.49633834e+10  8.06e+04   7.13e+01     1.49e-05   269.315s
 796000 +3.49634637e+10 +3.49633834e+10  8.03e+04   6.88e+01     1.50e-05   269.644s
 797000 +3.49634637e+10 +3.49633834e+10  8.03e+04   6.96e+01     1.50e-05   269.973s
 798000 +3.49634671e+10 +3.49633834e+10  8.37e+04   6.79e+01     1.49e-05   270.302s
 799000 +3.49634668e+10 +3.49633834e+10  8.33e+04   6.89e+01     1.52e-05   270.632s
 800000 +3.49634605e+10 +3.49633834e+10  7.70e+04   6.85e+01     1.52e-05   270.961s
 801000 +3.49634787e+10 +3.49633834e+10  9.53e+04   6.87e+01     1.47e-05   271.290s
 802000 +3.49634869e+10 +3.49633834e+10  1.04e+05   6.89e+01     1.49e-05   271.619s
 803000 +3.49634925e+10 +3.49633834e+10  1.09e+05   6.90e+01     1.47e-05   271.949s
 804000 +3.49634929e+10 +3.49633834e+10  1.10e+05   6.87e+01     1.49e-05   272.278s
 805000 +3.49634939e+10 +3.49633833e+10  1.11e+05   6.95e+01     1.52e-05   272.608s
 806000 +3.49634867e+10 +3.49633833e+10  1.03e+05   6.94e+01     1.58e-05   272.937s
 807000 +3.49634982e+10 +3.49633834e+10  1.15e+05   6.91e+01     1.45e-05   273.266s
 808000 +3.49635085e+10 +3.49633833e+10  1.25e+05   6.91e+01     1.48e-05   273.596s
 809000 +3.49634802e+10 +3.49633833e+10  9.69e+04   6.86e+01     1.47e-05   273.925s
 810000 +3.49634862e+10 +3.49633833e+10  1.03e+05   6.86e+01     1.44e-05   274.254s
 811000 +3.49634900e+10 +3.49633833e+10  1.07e+05   6.89e+01     1.44e-05   274.584s
 812000 +3.49634752e+10 +3.49633833e+10  9.19e+04   6.84e+01     1.44e-05   274.913s
 813000 +3.49634689e+10 +3.49633833e+10  8.56e+04   6.81e+01     1.44e-05   275.242s
 814000 +3.49634829e+10 +3.49633833e+10  9.95e+04   6.73e+01     1.43e-05   275.571s
 815000 +3.49634728e+10 +3.49633833e+10  8.95e+04   6.68e+01     1.48e-05   275.900s
 816000 +3.49634730e+10 +3.49633834e+10  8.97e+04   6.70e+01     1.53e-05   276.229s
 817000 +3.49634565e+10 +3.49633834e+10  7.32e+04   7.29e+01     1.36e-05   276.559s
 818000 +3.49634904e+10 +3.49633834e+10  1.07e+05   9.34e+01     1.19e-05   276.887s
 819000 +3.49635300e+10 +3.49633834e+10  1.47e+05   1.23e+02     1.17e-05   277.217s
 820000 +3.49635552e+10 +3.49633833e+10  1.72e+05   1.48e+02     1.17e-05   277.546s
 821000 +3.49635840e+10 +3.49633833e+10  2.01e+05   1.70e+02     1.16e-05   277.875s
 822000 +3.49636271e+10 +3.49633833e+10  2.44e+05   1.87e+02     1.17e-05   278.204s
 823000 +3.49636046e+10 +3.49633832e+10  2.21e+05   2.01e+02     1.17e-05   278.533s
 824000 +3.49635641e+10 +3.49633832e+10  1.81e+05   2.13e+02     1.17e-05   278.862s
 825000 +3.49635033e+10 +3.49633832e+10  1.20e+05   2.23e+02     1.16e-05   279.191s
 826000 +3.49634819e+10 +3.49633832e+10  9.88e+04   2.35e+02     1.17e-05   279.520s
 827000 +3.49634582e+10 +3.49633831e+10  7.51e+04   2.45e+02     1.22e-05   279.849s
 828000 +3.49634070e+10 +3.49633832e+10  2.39e+04   2.56e+02     1.17e-05   280.179s
 829000 +3.49633813e+10 +3.49633832e+10  1.84e+03   2.62e+02     1.20e-05   280.508s
 830000 +3.49633699e+10 +3.49633832e+10  1.33e+04   2.66e+02     1.22e-05   280.837s
 831000 +3.49633388e+10 +3.49633832e+10  4.45e+04   2.70e+02     1.21e-05   281.166s
 832000 +3.49633038e+10 +3.49633833e+10  7.95e+04   2.75e+02     1.22e-05   281.495s
 833000 +3.49633139e+10 +3.49633833e+10  6.94e+04   2.76e+02     1.26e-05   281.824s
 834000 +3.49632875e+10 +3.49633834e+10  9.59e+04   2.76e+02     1.26e-05   282.153s
 835000 +3.49632892e+10 +3.49633834e+10  9.42e+04   2.76e+02     1.23e-05   282.482s
 836000 +3.49632671e+10 +3.49633834e+10  1.16e+05   2.74e+02     1.23e-05   282.811s
 837000 +3.49632417e+10 +3.49633835e+10  1.42e+05   2.71e+02     1.21e-05   283.140s
 838000 +3.49632417e+10 +3.49633835e+10  1.42e+05   2.66e+02     1.19e-05   283.469s
 839000 +3.49632429e+10 +3.49633835e+10  1.41e+05   2.59e+02     1.16e-05   283.798s
 840000 +3.49632817e+10 +3.49633836e+10  1.02e+05   2.53e+02     1.14e-05   284.127s
 841000 +3.49632961e+10 +3.49633836e+10  8.75e+04   2.42e+02     1.08e-05   284.456s
 842000 +3.49634224e+10 +3.49633836e+10  3.88e+04   1.98e+02     1.05e-05   284.785s
 843000 +3.49633938e+10 +3.49633835e+10  1.02e+04   1.83e+02     9.15e-06   285.115s
 844000 +3.49633926e+10 +3.49633835e+10  9.10e+03   1.71e+02     8.78e-06   285.444s
 845000 +3.49634227e+10 +3.49633834e+10  3.93e+04   1.60e+02     8.18e-06   285.773s
 846000 +3.49634194e+10 +3.49633834e+10  3.59e+04   1.54e+02     8.09e-06   286.102s
 847000 +3.49634759e+10 +3.49633834e+10  9.25e+04   1.40e+02     1.19e-05   286.432s
 848000 +3.49635161e+10 +3.49633833e+10  1.33e+05   1.23e+02     9.86e-06   286.761s
 849000 +3.49635113e+10 +3.49633833e+10  1.28e+05   1.18e+02     7.75e-06   287.090s
 850000 +3.49634982e+10 +3.49633833e+10  1.15e+05   1.15e+02     6.51e-06   287.419s
 851000 +3.49634822e+10 +3.49633833e+10  9.89e+04   1.13e+02     5.75e-06   287.748s
 852000 +3.49634701e+10 +3.49633832e+10  8.68e+04   1.11e+02     5.35e-06   288.077s
 853000 +3.49634586e+10 +3.49633832e+10  7.54e+04   8.97e+01     5.32e-06   288.406s
 854000 +3.49634694e+10 +3.49633831e+10  8.63e+04   8.13e+01     1.06e-05   288.736s
 855000 +3.49634679e+10 +3.49633831e+10  8.48e+04   7.94e+01     1.04e-05   289.065s
 856000 +3.49634665e+10 +3.49633831e+10  8.34e+04   7.66e+01     1.37e-05   289.394s
 857000 +3.49634652e+10 +3.49633831e+10  8.21e+04   7.43e+01     1.06e-05   289.723s
 858000 +3.49634684e+10 +3.49633831e+10  8.53e+04   7.32e+01     9.88e-06   290.052s
 859000 +3.49634688e+10 +3.49633831e+10  8.58e+04   7.20e+01     1.02e-05   290.381s
 860000 +3.49634666e+10 +3.49633831e+10  8.35e+04   7.05e+01     9.48e-06   290.710s
 861000 +3.49634689e+10 +3.49633830e+10  8.59e+04   6.87e+01     1.00e-05   291.039s
 862000 +3.49634666e+10 +3.49633830e+10  8.36e+04   6.75e+01     9.59e-06   291.368s
 863000 +3.49634621e+10 +3.49633830e+10  7.91e+04   6.65e+01     9.20e-06   291.697s
 864000 +3.49634665e+10 +3.49633830e+10  8.35e+04   6.59e+01     8.72e-06   292.026s
 865000 +3.49634623e+10 +3.49633830e+10  7.93e+04   6.54e+01     8.74e-06   292.355s
 866000 +3.49634609e+10 +3.49633831e+10  7.78e+04   6.47e+01     8.67e-06   292.684s
 867000 +3.49634614e+10 +3.49633831e+10  7.83e+04   6.39e+01     8.27e-06   293.013s
 868000 +3.49634579e+10 +3.49633831e+10  7.47e+04   6.34e+01     8.32e-06   293.342s
 869000 +3.49634605e+10 +3.49633831e+10  7.74e+04   6.23e+01     8.37e-06   293.671s
 870000 +3.49634601e+10 +3.49633832e+10  7.69e+04   6.18e+01     7.83e-06   294.000s
 871000 +3.49634579e+10 +3.49633832e+10  7.47e+04   6.16e+01     7.86e-06   294.329s
 872000 +3.49634518e+10 +3.49633832e+10  6.86e+04   6.15e+01     7.94e-06   294.659s
 873000 +3.49634538e+10 +3.49633832e+10  7.05e+04   6.12e+01     7.68e-06   294.988s
 874000 +3.49634569e+10 +3.49633833e+10  7.36e+04   6.09e+01     7.69e-06   295.317s
 875000 +3.49634564e+10 +3.49633833e+10  7.32e+04   6.06e+01     7.55e-06   295.646s
 876000 +3.49634599e+10 +3.49633833e+10  7.66e+04   6.02e+01     7.39e-06   295.975s
 877000 +3.49634566e+10 +3.49633833e+10  7.33e+04   5.98e+01     7.27e-06   296.304s
 878000 +3.49634555e+10 +3.49633833e+10  7.22e+04   5.96e+01     7.19e-06   296.633s
 879000 +3.49634588e+10 +3.49633833e+10  7.55e+04   5.95e+01     7.39e-06   296.962s
 880000 +3.49634591e+10 +3.49633833e+10  7.58e+04   5.93e+01     7.18e-06   297.291s
 881000 +3.49634596e+10 +3.49633833e+10  7.63e+04   5.91e+01     7.12e-06   297.619s
 882000 +3.49634642e+10 +3.49633833e+10  8.09e+04   5.89e+01     7.12e-06   297.949s
 883000 +3.49634613e+10 +3.49633833e+10  7.80e+04   5.87e+01     6.93e-06   298.278s
 884000 +3.49634596e+10 +3.49633833e+10  7.63e+04   5.86e+01     7.17e-06   298.607s
 885000 +3.49634572e+10 +3.49633833e+10  7.38e+04   5.84e+01     6.96e-06   298.936s
 886000 +3.49634530e+10 +3.49633833e+10  6.97e+04   5.82e+01     6.76e-06   299.265s
 887000 +3.49634529e+10 +3.49633833e+10  6.95e+04   5.82e+01     6.87e-06   299.594s
 888000 +3.49634539e+10 +3.49633834e+10  7.05e+04   5.83e+01     6.70e-06   299.923s
 889000 +3.49634547e+10 +3.49633834e+10  7.14e+04   5.81e+01     6.83e-06   300.252s
 890000 +3.49634569e+10 +3.49633834e+10  7.35e+04   5.82e+01     6.62e-06   300.581s
 891000 +3.49634566e+10 +3.49633834e+10  7.32e+04   5.85e+01     6.73e-06   300.910s
 892000 +3.49634563e+10 +3.49633834e+10  7.29e+04   5.85e+01     6.66e-06   301.239s
 893000 +3.49634570e+10 +3.49633834e+10  7.36e+04   5.85e+01     6.55e-06   301.568s
 894000 +3.49634577e+10 +3.49633834e+10  7.43e+04   5.85e+01     6.60e-06   301.897s
 895000 +3.49634580e+10 +3.49633834e+10  7.46e+04   5.84e+01     6.54e-06   302.226s
 896000 +3.49634605e+10 +3.49633834e+10  7.71e+04   5.83e+01     2.10e-05   302.556s
 897000 +3.49634602e+10 +3.49633834e+10  7.68e+04   5.82e+01     2.10e-05   302.885s
 898000 +3.49634604e+10 +3.49633834e+10  7.70e+04   5.81e+01     2.09e-05   303.214s
 899000 +3.49634604e+10 +3.49633834e+10  7.70e+04   5.81e+01     2.08e-05   303.543s
 900000 +3.49634599e+10 +3.49633834e+10  7.65e+04   5.80e+01     2.07e-05   303.872s
 901000 +3.49634595e+10 +3.49633834e+10  7.61e+04   5.80e+01     2.06e-05   304.201s
 902000 +3.49634598e+10 +3.49633834e+10  7.64e+04   5.80e+01     2.06e-05   304.530s
 903000 +3.49634601e+10 +3.49633834e+10  7.67e+04   5.79e+01     2.06e-05   304.859s
 904000 +3.49634597e+10 +3.49633833e+10  7.63e+04   5.78e+01     2.06e-05   305.188s
 905000 +3.49634594e+10 +3.49633833e+10  7.60e+04   5.78e+01     2.05e-05   305.517s
 906000 +3.49634594e+10 +3.49633833e+10  7.60e+04   5.77e+01     2.06e-05   305.846s
 907000 +3.49634597e+10 +3.49633833e+10  7.63e+04   5.76e+01     2.07e-05   306.175s
 908000 +3.49634595e+10 +3.49633833e+10  7.62e+04   5.75e+01     2.04e-05   306.504s
 909000 +3.49634588e+10 +3.49633833e+10  7.54e+04   5.75e+01     2.05e-05   306.833s
 910000 +3.49634572e+10 +3.49633833e+10  7.39e+04   5.73e+01     2.03e-05   307.162s
 911000 +3.49634582e+10 +3.49633833e+10  7.49e+04   5.73e+01     2.04e-05   307.491s
 912000 +3.49634579e+10 +3.49633833e+10  7.45e+04   5.72e+01     2.04e-05   307.821s
 913000 +3.49634580e+10 +3.49633833e+10  7.47e+04   5.71e+01     2.03e-05   308.149s
 914000 +3.49634583e+10 +3.49633833e+10  7.49e+04   5.70e+01     2.02e-05   308.478s
 915000 +3.49634578e+10 +3.49633833e+10  7.44e+04   5.70e+01     2.02e-05   308.808s
 916000 +3.49634562e+10 +3.49633833e+10  7.29e+04   5.69e+01     2.02e-05   309.137s
 917000 +3.49634556e+10 +3.49633833e+10  7.22e+04   5.69e+01     2.02e-05   309.466s
 918000 +3.49634548e+10 +3.49633833e+10  7.15e+04   5.69e+01     2.02e-05   309.795s
 919000 +3.49634540e+10 +3.49633833e+10  7.07e+04   5.69e+01     2.01e-05   310.124s
 920000 +3.49634547e+10 +3.49633834e+10  7.14e+04   5.68e+01     2.01e-05   310.453s
 921000 +3.49634560e+10 +3.49633834e+10  7.26e+04   5.68e+01     2.01e-05   310.782s
 922000 +3.49634552e+10 +3.49633834e+10  7.19e+04   5.67e+01     2.01e-05   311.111s
 923000 +3.49634554e+10 +3.49633834e+10  7.20e+04   5.66e+01     2.01e-05   311.440s
 924000 +3.49634564e+10 +3.49633834e+10  7.30e+04   5.66e+01     2.02e-05   311.769s
 925000 +3.49634563e+10 +3.49633834e+10  7.29e+04   5.66e+01     2.01e-05   312.098s
 926000 +3.49634574e+10 +3.49633834e+10  7.40e+04   5.66e+01     2.01e-05   312.427s
 927000 +3.49634557e+10 +3.49633834e+10  7.23e+04   5.64e+01     2.08e-05   312.756s
 928000 +3.49634544e+10 +3.49633834e+10  7.10e+04   5.63e+01     2.04e-05   313.085s
 929000 +3.49634548e+10 +3.49633834e+10  7.14e+04   5.62e+01     2.00e-05   313.414s
 930000 +3.49634541e+10 +3.49633834e+10  7.07e+04   5.62e+01     2.00e-05   313.743s
 931000 +3.49634551e+10 +3.49633834e+10  7.17e+04   5.62e+01     2.01e-05   314.072s
 932000 +3.49634552e+10 +3.49633834e+10  7.18e+04   5.61e+01     2.00e-05   314.401s
 933000 +3.49634558e+10 +3.49633834e+10  7.25e+04   5.64e+01     1.98e-05   314.730s
 934000 +3.49634552e+10 +3.49633833e+10  7.19e+04   5.60e+01     1.96e-05   315.059s
 935000 +3.49634559e+10 +3.49633833e+10  7.26e+04   5.54e+01     1.95e-05   315.388s
 936000 +3.49634539e+10 +3.49633833e+10  7.06e+04   5.48e+01     1.93e-05   315.717s
 937000 +3.49634527e+10 +3.49633833e+10  6.95e+04   5.44e+01     1.93e-05   316.046s
 938000 +3.49634520e+10 +3.49633833e+10  6.87e+04   5.43e+01     1.89e-05   316.375s
 939000 +3.49634529e+10 +3.49633833e+10  6.96e+04   5.42e+01     1.88e-05   316.704s
 940000 +3.49634529e+10 +3.49633833e+10  6.96e+04   5.41e+01     1.88e-05   317.033s
 941000 +3.49634509e+10 +3.49633833e+10  6.75e+04   5.38e+01     1.89e-05   317.362s
 942000 +3.49634490e+10 +3.49633834e+10  6.56e+04   5.38e+01     1.87e-05   317.691s
 943000 +3.49634482e+10 +3.49633834e+10  6.48e+04   5.41e+01     1.94e-05   318.020s
 944000 +3.49634454e+10 +3.49633834e+10  6.20e+04   5.43e+01     1.91e-05   318.349s
 945000 +3.49634455e+10 +3.49633834e+10  6.21e+04   5.45e+01     1.84e-05   318.679s
 946000 +3.49634472e+10 +3.49633834e+10  6.38e+04   5.43e+01     1.91e-05   319.008s
 947000 +3.49634495e+10 +3.49633834e+10  6.61e+04   5.41e+01     1.89e-05   319.337s
 948000 +3.49634502e+10 +3.49633834e+10  6.68e+04   5.39e+01     1.86e-05   319.666s
 949000 +3.49634477e+10 +3.49633834e+10  6.43e+04   5.41e+01     1.99e-05   319.995s
 950000 +3.49634510e+10 +3.49633834e+10  6.76e+04   5.41e+01     1.90e-05   320.324s
 951000 +3.49634516e+10 +3.49633834e+10  6.82e+04   5.42e+01     1.92e-05   320.653s
 952000 +3.49634493e+10 +3.49633834e+10  6.59e+04   5.44e+01     1.95e-05   320.982s
 953000 +3.49634483e+10 +3.49633834e+10  6.49e+04   5.45e+01     1.90e-05   321.311s
 954000 +3.49634468e+10 +3.49633834e+10  6.34e+04   5.44e+01     1.90e-05   321.640s
 955000 +3.49634482e+10 +3.49633834e+10  6.48e+04   5.44e+01     1.92e-05   321.969s
 956000 +3.49634476e+10 +3.49633834e+10  6.42e+04   5.44e+01     1.88e-05   322.298s
 957000 +3.49634515e+10 +3.49633834e+10  6.81e+04   5.42e+01     1.90e-05   322.627s
 958000 +3.49634511e+10 +3.49633834e+10  6.78e+04   5.40e+01     1.91e-05   322.956s
 959000 +3.49634495e+10 +3.49633834e+10  6.61e+04   5.38e+01     1.83e-05   323.285s
 960000 +3.49634469e+10 +3.49633834e+10  6.35e+04   5.38e+01     1.90e-05   323.615s
 961000 +3.49634480e+10 +3.49633834e+10  6.46e+04   5.37e+01     1.88e-05   323.944s
 962000 +3.49634483e+10 +3.49633834e+10  6.50e+04   5.37e+01     1.82e-05   324.273s
 963000 +3.49634495e+10 +3.49633834e+10  6.61e+04   5.38e+01     1.88e-05   324.602s
 964000 +3.49634486e+10 +3.49633834e+10  6.52e+04   5.39e+01     1.84e-05   324.931s
 965000 +3.49634465e+10 +3.49633834e+10  6.31e+04   5.38e+01     1.31e-04   325.260s
 966000 +3.49634448e+10 +3.49633834e+10  6.14e+04   5.32e+01     1.37e-04   325.589s
 967000 +3.49634451e+10 +3.49633835e+10  6.16e+04   5.30e+01     1.32e-04   325.919s
 968000 +3.49634430e+10 +3.49633835e+10  5.95e+04   5.26e+01     1.34e-04   326.248s
 969000 +3.49634408e+10 +3.49633834e+10  5.74e+04   5.25e+01     1.32e-04   326.577s
 970000 +3.49634408e+10 +3.49633834e+10  5.74e+04   5.24e+01     1.30e-04   326.906s
 971000 +3.49634417e+10 +3.49633834e+10  5.82e+04   5.24e+01     1.30e-04   327.235s
 972000 +3.49634407e+10 +3.49633835e+10  5.72e+04   5.23e+01     1.29e-04   327.564s
 973000 +3.49634400e+10 +3.49633835e+10  5.65e+04   5.22e+01     1.31e-04   327.893s
 974000 +3.49634394e+10 +3.49633835e+10  5.59e+04   5.18e+01     1.34e-04   328.222s
 975000 +3.49634386e+10 +3.49633836e+10  5.49e+04   5.15e+01     1.40e-04   328.551s
 976000 +3.49634382e+10 +3.49633838e+10  5.44e+04   5.13e+01     1.37e-04   328.880s
 977000 +3.49634387e+10 +3.49633840e+10  5.47e+04   5.12e+01     1.30e-04   329.209s
 978000 +3.49634387e+10 +3.49633841e+10  5.46e+04   5.11e+01     1.27e-04   329.538s
 979000 +3.49634391e+10 +3.49633842e+10  5.49e+04   5.11e+01     1.27e-04   329.867s
 980000 +3.49634389e+10 +3.49633841e+10  5.48e+04   5.10e+01     1.27e-04   330.196s
 981000 +3.49634385e+10 +3.49633841e+10  5.44e+04   5.10e+01     1.26e-04   330.525s
 982000 +3.49634378e+10 +3.49633840e+10  5.38e+04   5.10e+01     1.29e-04   330.854s
 983000 +3.49634352e+10 +3.49633840e+10  5.12e+04   4.29e+01     1.26e-04   331.183s
 984000 +3.49634350e+10 +3.49633841e+10  5.09e+04   4.54e+01     1.29e-04   331.512s
 985000 +3.49634344e+10 +3.49633842e+10  5.01e+04   4.38e+01     1.26e-04   331.841s
 986000 +3.49634338e+10 +3.49633843e+10  4.95e+04   4.40e+01     1.26e-04   332.170s
 987000 +3.49634356e+10 +3.49633843e+10  5.13e+04   4.38e+01     1.25e-04   332.499s
 988000 +3.49634345e+10 +3.49633842e+10  5.02e+04   4.29e+01     1.23e-04   332.828s
 989000 +3.49634349e+10 +3.49633842e+10  5.07e+04   4.33e+01     1.24e-04   333.158s
 990000 +3.49634338e+10 +3.49633842e+10  4.97e+04   4.22e+01     1.23e-04   333.486s
 991000 +3.49634352e+10 +3.49633841e+10  5.11e+04   4.28e+01     1.22e-04   333.816s
 992000 +3.49634342e+10 +3.49633840e+10  5.02e+04   4.20e+01     1.23e-04   334.145s
 993000 +3.49634339e+10 +3.49633840e+10  4.99e+04   4.16e+01     1.24e-04   334.474s
 994000 +3.49634346e+10 +3.49633840e+10  5.06e+04   4.19e+01     1.23e-04   334.803s
 995000 +3.49634314e+10 +3.49633840e+10  4.74e+04   4.14e+01     1.24e-04   335.132s
 996000 +3.49634327e+10 +3.49633840e+10  4.87e+04   4.11e+01     1.25e-04   335.461s
 997000 +3.49634322e+10 +3.49633840e+10  4.81e+04   4.08e+01     1.23e-04   335.790s
 998000 +3.49634312e+10 +3.49633840e+10  4.72e+04   4.06e+01     1.20e-04   336.119s
 999000 +3.49634323e+10 +3.49633841e+10  4.82e+04   4.05e+01     1.19e-04   336.448s
1000000 +3.49634309e+10 +3.49633841e+10  4.68e+04   4.03e+01     1.20e-04   336.777s
1001000 +3.49634282e+10 +3.49633842e+10  4.40e+04   4.03e+01     1.18e-04   337.106s
1002000 +3.49634265e+10 +3.49633842e+10  4.23e+04   4.03e+01     1.16e-04   337.435s
1003000 +3.49634282e+10 +3.49633841e+10  4.41e+04   4.02e+01     1.16e-04   337.764s
1004000 +3.49634265e+10 +3.49633840e+10  4.25e+04   4.01e+01     1.18e-04   338.093s
1005000 +3.49634287e+10 +3.49633840e+10  4.47e+04   3.99e+01     1.16e-04   338.422s
1006000 +3.49634280e+10 +3.49633839e+10  4.41e+04   3.97e+01     1.19e-04   338.751s
1007000 +3.49634279e+10 +3.49633838e+10  4.41e+04   3.97e+01     1.18e-04   339.080s
1008000 +3.49634282e+10 +3.49633838e+10  4.44e+04   3.96e+01     1.18e-04   339.409s
1009000 +3.49634286e+10 +3.49633837e+10  4.49e+04   3.95e+01     1.18e-04   339.738s
1010000 +3.49634290e+10 +3.49633838e+10  4.52e+04   3.94e+01     1.18e-04   340.067s
1011000 +3.49634281e+10 +3.49633837e+10  4.44e+04   3.89e+01     4.65e-04   340.397s
1012000 +3.49634255e+10 +3.49633839e+10  4.16e+04   3.70e+01     4.68e-04   340.726s
1013000 +3.49634248e+10 +3.49633844e+10  4.04e+04   3.66e+01     4.58e-04   341.055s
1014000 +3.49634254e+10 +3.49633849e+10  4.05e+04   3.61e+01     4.77e-04   341.384s
1015000 +3.49634246e+10 +3.49633853e+10  3.93e+04   3.57e+01     4.90e-04   341.713s
1016000 +3.49634240e+10 +3.49633846e+10  3.95e+04   3.50e+01     4.76e-04   342.042s
1017000 +3.49634205e+10 +3.49633829e+10  3.76e+04   3.44e+01     4.91e-04   342.371s
1018000 +3.49634195e+10 +3.49633814e+10  3.80e+04   3.39e+01     4.59e-04   342.700s
1019000 +3.49634194e+10 +3.49633813e+10  3.81e+04   3.34e+01     4.45e-04   343.029s
1020000 +3.49634191e+10 +3.49633822e+10  3.69e+04   3.30e+01     4.53e-04   343.358s
1021000 +3.49634177e+10 +3.49633827e+10  3.50e+04   3.27e+01     4.53e-04   343.687s
1022000 +3.49634177e+10 +3.49633828e+10  3.49e+04   3.22e+01     4.47e-04   344.016s
1023000 +3.49634175e+10 +3.49633829e+10  3.47e+04   3.19e+01     4.40e-04   344.345s
1024000 +3.49634175e+10 +3.49633837e+10  3.38e+04   3.14e+01     4.34e-04   344.674s
1025000 +3.49634153e+10 +3.49633847e+10  3.06e+04   3.08e+01     4.24e-04   345.003s
1026000 +3.49634168e+10 +3.49633851e+10  3.17e+04   3.05e+01     4.06e-04   345.332s
1027000 +3.49634173e+10 +3.49633852e+10  3.21e+04   3.04e+01     3.97e-04   345.661s
1028000 +3.49634178e+10 +3.49633858e+10  3.20e+04   3.02e+01     3.93e-04   345.990s
1029000 +3.49634184e+10 +3.49633862e+10  3.22e+04   3.02e+01     3.93e-04   346.319s
1030000 +3.49634179e+10 +3.49633864e+10  3.14e+04   3.01e+01     4.18e-04   346.648s
1031000 +3.49634175e+10 +3.49633865e+10  3.10e+04   2.97e+01     4.01e-04   346.978s
1032000 +3.49634160e+10 +3.49633863e+10  2.97e+04   2.96e+01     4.07e-04   347.307s
1033000 +3.49634162e+10 +3.49633859e+10  3.03e+04   2.93e+01     3.90e-04   347.636s
1034000 +3.49634179e+10 +3.49633854e+10  3.25e+04   2.93e+01     3.98e-04   347.965s
1035000 +3.49634201e+10 +3.49633844e+10  3.57e+04   2.91e+01     4.15e-04   348.294s
1036000 +3.49634224e+10 +3.49633831e+10  3.93e+04   2.86e+01     4.27e-04   348.623s
1037000 +3.49634227e+10 +3.49633820e+10  4.07e+04   2.82e+01     4.08e-04   348.952s
1038000 +3.49634225e+10 +3.49633813e+10  4.12e+04   2.81e+01     3.99e-04   349.281s
1039000 +3.49634199e+10 +3.49633813e+10  3.85e+04   2.80e+01     3.86e-04   349.610s
1040000 +3.49634187e+10 +3.49633814e+10  3.73e+04   2.78e+01     3.85e-04   349.939s
1041000 +3.49634156e+10 +3.49633813e+10  3.43e+04   2.77e+01     3.86e-04   350.268s
1042000 +3.49634170e+10 +3.49633814e+10  3.56e+04   2.77e+01     3.81e-04   350.597s
1043000 +3.49634161e+10 +3.49633819e+10  3.42e+04   2.76e+01     3.88e-04   350.926s
1044000 +3.49634151e+10 +3.49633836e+10  3.15e+04   2.74e+01     1.59e-03   351.256s
1045000 +3.49634159e+10 +3.49633863e+10  2.97e+04   2.70e+01     1.62e-03   351.585s
1046000 +3.49634166e+10 +3.49633883e+10  2.82e+04   2.68e+01     1.54e-03   351.914s
1047000 +3.49634168e+10 +3.49633912e+10  2.55e+04   2.66e+01     1.51e-03   352.243s
1048000 +3.49634162e+10 +3.49633938e+10  2.23e+04   2.73e+01     1.85e-03   352.572s
1049000 +3.49634140e+10 +3.49633974e+10  1.66e+04   2.16e+01     2.27e-03   352.902s
1050000 +3.49634130e+10 +3.49634036e+10  9.48e+03   1.86e+01     1.69e-03   353.231s
1051000 +3.49634131e+10 +3.49634102e+10  2.92e+03   1.82e+01     1.41e-03   353.560s
1052000 +3.49634134e+10 +3.49634157e+10  2.27e+03   1.81e+01     1.35e-03   353.889s
1053000 +3.49634122e+10 +3.49634180e+10  5.75e+03   1.77e+01     1.40e-03   354.218s
1054000 +3.49634126e+10 +3.49634154e+10  2.77e+03   1.72e+01     1.40e-03   354.547s
1055000 +3.49634107e+10 +3.49634137e+10  3.03e+03   1.67e+01     1.34e-03   354.876s
1056000 +3.49634104e+10 +3.49634137e+10  3.29e+03   1.66e+01     1.32e-03   355.205s
1057000 +3.49634085e+10 +3.49634142e+10  5.74e+03   1.61e+01     4.26e-03   355.534s
1058000 +3.49634086e+10 +3.49634139e+10  5.33e+03   1.49e+01     4.21e-03   355.864s
1059000 +3.49634082e+10 +3.49634167e+10  8.52e+03   1.43e+01     4.20e-03   356.193s
1060000 +3.49634076e+10 +3.49634225e+10  1.49e+04   1.39e+01     3.95e-03   356.522s
1061000 +3.49634080e+10 +3.49634265e+10  1.85e+04   1.36e+01     3.93e-03   356.851s
1062000 +3.49634084e+10 +3.49634336e+10  2.52e+04   1.35e+01     3.99e-03   357.180s
1063000 +3.49634090e+10 +3.49634399e+10  3.09e+04   1.32e+01     4.30e-03   357.509s
1064000 +3.49634101e+10 +3.49634413e+10  3.13e+04   1.30e+01     3.84e-03   357.838s
1065000 +3.49634097e+10 +3.49634404e+10  3.07e+04   1.28e+01     3.74e-03   358.167s
1066000 +3.49634103e+10 +3.49634344e+10  2.41e+04   1.27e+01     3.54e-03   358.496s
1067000 +3.49634109e+10 +3.49634316e+10  2.07e+04   1.24e+01     9.84e-03   358.826s
1068000 +3.49634111e+10 +3.49634325e+10  2.14e+04   1.21e+01     1.37e-02   359.155s
1069000 +3.49634099e+10 +3.49634391e+10  2.92e+04   1.17e+01     1.78e-02   359.484s
1070000 +3.49634100e+10 +3.49634431e+10  3.31e+04   1.14e+01     1.91e-02   359.814s
1071000 +3.49634096e+10 +3.49634419e+10  3.22e+04   1.11e+01     1.82e-02   360.143s
1072000 +3.49634088e+10 +3.49634435e+10  3.47e+04   1.08e+01     1.76e-02   360.472s
1073000 +3.49634086e+10 +3.49634482e+10  3.96e+04   1.05e+01     1.70e-02   360.801s
1074000 +3.49634092e+10 +3.49634542e+10  4.50e+04   9.69e+00     1.63e-02   361.130s
1075000 +3.49634094e+10 +3.49634502e+10  4.08e+04   7.67e+00     1.50e-02   361.460s
1076000 +3.49634091e+10 +3.49634302e+10  2.12e+04   7.50e+00     1.40e-02   361.789s
1077000 +3.49634078e+10 +3.49634155e+10  7.62e+03   7.22e+00     1.28e-02   362.118s
1078000 +3.49634078e+10 +3.49634002e+10  7.67e+03   7.06e+00     1.21e-02   362.447s
1079000 +3.49634082e+10 +3.49634006e+10  7.58e+03   5.44e+00     1.17e-02   362.776s
1080000 +3.49634071e+10 +3.49634066e+10  4.87e+02   4.20e+00     1.56e-02   363.106s
1081000 +3.49634065e+10 +3.49634006e+10  5.95e+03   3.75e+00     1.59e-02   363.435s
1082000 +3.49634062e+10 +3.49633971e+10  9.13e+03   3.62e+00     1.51e-02   363.764s
1083000 +3.49634058e+10 +3.49633950e+10  1.08e+04   3.46e+00     1.27e-02   364.093s
1084000 +3.49634063e+10 +3.49634022e+10  4.08e+03   3.37e+00     1.30e-02   364.422s
LP Solver status:                Optimal
Primal objective:                +3.49634063e+10
Dual objective:                  +3.49634022e+10
Duality gap (abs/rel):           +4.08e+03 / +5.84e-08
Primal infeasibility (abs/rel):  +3.37e+00 / +9.99e-07
Dual infeasibility (abs/rel):    +1.30e-02 / +3.72e-09
PDLP finished
Status: Optimal   Objective: 3.49634063e+10  Iterations: 1084000  Time: 364.427s

### exit_code=0
### finished=2026-07-29T20:42:02.743903
### gpu_peak_mb=6650.4
### gpu_peak2_mb=0.0
### per_gpu_peak_mb=[6650.375]
