### solver=cuopt-base
### instance=/home/scratch.vmostovoi_gpu/datasets/PSLP_presolved/qap-tho-150_PSLP_presolved.mps
### n_gpus=1
### CUDA_VISIBLE_DEVICES=0
### started=2026-08-09T14:30:15.546319
### argv=/home/scratch.vmostovoi_gpu/mostovoi_cuopt/cpp/build/cuopt_cli --method 1 --presolve 0 --mps-reader experimental-fast --time-limit 3600 --iteration-limit 1000000000 --relative-primal-tolerance 1e-6 --relative-dual-tolerance 1e-6 --relative-gap-tolerance 1e-6 --log-to-console true /home/scratch.vmostovoi_gpu/datasets/PSLP_presolved/qap-tho-150_PSLP_presolved.mps
### --- solver output ---
Setting parameter iteration_limit to 1000000000
Setting parameter log_to_console to true
Setting parameter method to 1
Setting parameter presolve to 0
Setting parameter relative_dual_tolerance to 1.000000e-06
Setting parameter relative_gap_tolerance to 1.000000e-06
Setting parameter relative_primal_tolerance to 1.000000e-06
Setting parameter time_limit to 3.600000e+03
Reading file qap-tho-150_PSLP_presolved.mps
Using experimental fast MPS parser for '/home/scratch.vmostovoi_gpu/datasets/PSLP_presolved/qap-tho-150_PSLP_presolved.mps'
Read file qap-tho-150_PSLP_presolved.mps in 15.58 seconds
cuOpt version: 26.10.0, git hash: f3ebc673, host arch: x86_64, device archs: 100a-real
CPU: INTEL(R) XEON(R) PLATINUM 8570, threads (physical/logical): 112/224, RAM (available/total): 1923.53 / 2015.54 GiB
CUDA 13.3, device: NVIDIA B200 (ID 0), VRAM: 178.34 GiB
CUDA device UUID: 5b3b2195-5d98-9774-145e-bfc9011037d7
Solving a problem with 6705300 constraints, 249783750 variables (0 integers), and 1005795000 nonzeros
Problem scaling:
Objective coefficents range:          [1e+00, 1e+00]
Constraint matrix coefficients range: [9e-05, 1e+00]
Constraint rhs / bounds range:        [1e+00, 1e+00]
Variable bounds range:                [0e+00, 1e+04]

Objective offset 0.000000 scaling_factor 1.000000
   Iter    Primal Obj.      Dual Obj.    Gap        Primal Res.  Dual Res.   Time
      0 +0.00000000e+00 +0.00000000e+00  0.00e+00   1.73e+01     1.03e+04   13.465s
   1000 +4.35211124e+06 +4.36380425e+06  1.17e+04   1.33e-01     2.28e+04   31.113s
   2000 +4.34512672e+06 +4.34591390e+06  7.87e+02   4.18e-02     1.31e+03   46.360s
   3000 +4.34482676e+06 +4.34496409e+06  1.37e+02   1.67e-02     1.99e+02   61.600s
   4000 +4.34483439e+06 +4.34486657e+06  3.22e+01   8.81e-03     6.57e+01   76.865s
   5000 +4.34485396e+06 +4.34485584e+06  1.88e+00   5.20e-03     3.44e+01   92.136s
   6000 +4.34483816e+06 +4.34484634e+06  8.18e+00   3.64e-03     2.00e+01   107.426s
   7000 +4.34484531e+06 +4.34484352e+06  1.79e+00   2.66e-03     1.19e+01   122.691s
   8000 +4.34484181e+06 +4.34484232e+06  5.06e-01   1.95e-03     8.47e+00   137.971s
   9000 +4.34484738e+06 +4.34484147e+06  5.91e+00   1.51e-03     6.33e+00   153.257s
  10000 +4.34484304e+06 +4.34484005e+06  2.99e+00   1.31e-03     4.28e+00   168.531s
  11000 +4.34484089e+06 +4.34483973e+06  1.16e+00   1.08e-03     3.23e+00   183.677s
  12000 +4.34483716e+06 +4.34483953e+06  2.37e+00   8.84e-04     2.58e+00   198.832s
  13000 +4.34483726e+06 +4.34483941e+06  2.15e+00   7.34e-04     2.12e+00   213.986s
  14000 +4.34483616e+06 +4.34483929e+06  3.13e+00   6.24e-04     1.78e+00   229.140s
  15000 +4.34483515e+06 +4.34483903e+06  3.88e+00   5.80e-04     1.38e+00   244.292s
  16000 +4.34483631e+06 +4.34483895e+06  2.65e+00   5.29e-04     1.15e+00   259.425s
  17000 +4.34483768e+06 +4.34483891e+06  1.23e+00   4.70e-04     9.55e-01   274.573s
  18000 +4.34483820e+06 +4.34483888e+06  6.83e-01   4.15e-04     8.24e-01   289.717s
  19000 +4.34483965e+06 +4.34483886e+06  7.91e-01   3.65e-04     7.07e-01   304.867s
  20000 +4.34484032e+06 +4.34483884e+06  1.48e+00   3.27e-04     6.31e-01   320.017s
  21000 +4.34484048e+06 +4.34483883e+06  1.65e+00   2.95e-04     5.70e-01   335.168s
  22000 +4.34484164e+06 +4.34483881e+06  2.82e+00   2.69e-04     5.22e-01   350.327s
  23000 +4.34484176e+06 +4.34483878e+06  2.98e+00   2.53e-04     4.35e-01   365.485s
  24000 +4.34484167e+06 +4.34483876e+06  2.91e+00   2.43e-04     3.87e-01   380.619s
  25000 +4.34484170e+06 +4.34483875e+06  2.94e+00   2.30e-04     3.51e-01   395.753s
  26000 +4.34484183e+06 +4.34483875e+06  3.08e+00   2.16e-04     3.15e-01   410.897s
  27000 +4.34484129e+06 +4.34483874e+06  2.55e+00   2.00e-04     2.85e-01   426.036s
  28000 +4.34484105e+06 +4.34483874e+06  2.32e+00   1.86e-04     2.59e-01   441.182s
  29000 +4.34484136e+06 +4.34483873e+06  2.63e+00   1.73e-04     2.38e-01   456.328s
  30000 +4.34484088e+06 +4.34483873e+06  2.15e+00   1.60e-04     2.20e-01   471.478s
  31000 +4.34484071e+06 +4.34483873e+06  1.98e+00   1.49e-04     2.03e-01   486.623s
  32000 +4.34484026e+06 +4.34483873e+06  1.54e+00   1.40e-04     1.91e-01   501.771s
  33000 +4.34484028e+06 +4.34483872e+06  1.56e+00   1.31e-04     1.78e-01   516.919s
  34000 +4.34484011e+06 +4.34483872e+06  1.39e+00   1.24e-04     1.68e-01   532.068s
  35000 +4.34484003e+06 +4.34483872e+06  1.31e+00   1.18e-04     1.59e-01   547.219s
  36000 +4.34483987e+06 +4.34483871e+06  1.16e+00   1.14e-04     1.45e-01   562.374s
  37000 +4.34483963e+06 +4.34483871e+06  9.24e-01   1.12e-04     1.36e-01   577.499s
  38000 +4.34483950e+06 +4.34483871e+06  7.91e-01   1.09e-04     1.28e-01   592.634s
  39000 +4.34483952e+06 +4.34483871e+06  8.13e-01   1.05e-04     1.22e-01   607.770s
  40000 +4.34483944e+06 +4.34483871e+06  7.36e-01   1.01e-04     1.16e-01   622.909s
  41000 +4.34483928e+06 +4.34483871e+06  5.75e-01   9.73e-05     1.11e-01   638.055s
  42000 +4.34483908e+06 +4.34483871e+06  3.79e-01   9.33e-05     1.04e-01   653.189s
  43000 +4.34483891e+06 +4.34483870e+06  2.07e-01   8.95e-05     9.97e-02   668.328s
  44000 +4.34483886e+06 +4.34483870e+06  1.59e-01   8.58e-05     9.36e-02   683.476s
  45000 +4.34483891e+06 +4.34483870e+06  2.04e-01   8.22e-05     8.92e-02   698.623s
  46000 +4.34483892e+06 +4.34483870e+06  2.15e-01   7.89e-05     8.52e-02   713.767s
  47000 +4.34483880e+06 +4.34483870e+06  9.45e-02   7.60e-05     8.14e-02   728.909s
  48000 +4.34483884e+06 +4.34483870e+06  1.39e-01   7.32e-05     7.77e-02   744.059s
  49000 +4.34483894e+06 +4.34483870e+06  2.37e-01   7.07e-05     7.44e-02   759.209s
  50000 +4.34483897e+06 +4.34483870e+06  2.74e-01   6.84e-05     7.14e-02   774.360s
  51000 +4.34483901e+06 +4.34483870e+06  3.14e-01   6.62e-05     6.93e-02   789.509s
  52000 +4.34483898e+06 +4.34483870e+06  2.77e-01   6.42e-05     6.65e-02   804.656s
  53000 +4.34483895e+06 +4.34483870e+06  2.46e-01   6.22e-05     6.42e-02   819.800s
  54000 +4.34483904e+06 +4.34483870e+06  3.39e-01   6.04e-05     6.17e-02   834.940s
  55000 +4.34483895e+06 +4.34483870e+06  2.48e-01   5.87e-05     5.90e-02   850.089s
  56000 +4.34483891e+06 +4.34483870e+06  2.08e-01   5.73e-05     5.60e-02   865.236s
  57000 +4.34483883e+06 +4.34483870e+06  1.36e-01   5.61e-05     5.41e-02   880.366s
  58000 +4.34483875e+06 +4.34483870e+06  4.91e-02   5.49e-05     5.31e-02   895.504s
  59000 +4.34483872e+06 +4.34483870e+06  2.07e-02   5.37e-05     5.17e-02   910.636s
  60000 +4.34483872e+06 +4.34483870e+06  2.52e-02   5.25e-05     5.05e-02   925.779s
  61000 +4.34483878e+06 +4.34483870e+06  8.73e-02   5.12e-05     4.92e-02   940.918s
  62000 +4.34483881e+06 +4.34483870e+06  1.17e-01   5.00e-05     4.85e-02   956.062s
  63000 +4.34483886e+06 +4.34483870e+06  1.67e-01   4.88e-05     4.74e-02   971.200s
  64000 +4.34483888e+06 +4.34483870e+06  1.84e-01   4.77e-05     4.60e-02   986.340s
  65000 +4.34483891e+06 +4.34483870e+06  2.14e-01   4.65e-05     4.49e-02   1001.485s
  66000 +4.34483890e+06 +4.34483870e+06  2.01e-01   4.54e-05     4.37e-02   1016.630s
  67000 +4.34483893e+06 +4.34483870e+06  2.38e-01   4.43e-05     4.25e-02   1031.777s
  68000 +4.34483898e+06 +4.34483870e+06  2.86e-01   4.32e-05     4.14e-02   1046.916s
  69000 +4.34483892e+06 +4.34483870e+06  2.21e-01   4.23e-05     4.04e-02   1062.061s
  70000 +4.34483890e+06 +4.34483870e+06  2.02e-01   4.14e-05     3.96e-02   1077.205s
  71000 +4.34483889e+06 +4.34483870e+06  1.99e-01   4.06e-05     3.86e-02   1092.342s
  72000 +4.34483886e+06 +4.34483870e+06  1.66e-01   3.98e-05     3.76e-02   1107.489s
  73000 +4.34483886e+06 +4.34483870e+06  1.66e-01   3.91e-05     3.68e-02   1122.630s
  74000 +4.34483880e+06 +4.34483870e+06  1.06e-01   3.84e-05     3.58e-02   1137.775s
  75000 +4.34483879e+06 +4.34483870e+06  9.66e-02   3.77e-05     3.50e-02   1152.923s
  76000 +4.34483882e+06 +4.34483870e+06  1.28e-01   3.71e-05     3.42e-02   1168.065s
  77000 +4.34483882e+06 +4.34483870e+06  1.28e-01   3.65e-05     3.32e-02   1183.207s
  78000 +4.34483879e+06 +4.34483870e+06  9.72e-02   3.59e-05     3.22e-02   1198.350s
  79000 +4.34483875e+06 +4.34483870e+06  5.74e-02   3.53e-05     3.14e-02   1213.492s
  80000 +4.34483873e+06 +4.34483870e+06  3.86e-02   3.47e-05     3.10e-02   1228.642s
  81000 +4.34483871e+06 +4.34483870e+06  1.40e-02   3.42e-05     3.03e-02   1243.792s
  82000 +4.34483870e+06 +4.34483870e+06  8.83e-03   3.37e-05     2.98e-02   1258.937s
  83000 +4.34483869e+06 +4.34483870e+06  1.28e-03   3.32e-05     2.94e-02   1274.081s
  84000 +4.34483871e+06 +4.34483870e+06  1.89e-02   3.28e-05     2.85e-02   1289.230s
  85000 +4.34483868e+06 +4.34483870e+06  1.54e-02   3.23e-05     2.83e-02   1304.372s
  86000 +4.34483866e+06 +4.34483870e+06  3.20e-02   3.19e-05     2.80e-02   1319.522s
  87000 +4.34483861e+06 +4.34483869e+06  8.04e-02   3.15e-05     2.91e-02   1334.677s
  88000 +4.34483860e+06 +4.34483869e+06  9.80e-02   3.12e-05     2.87e-02   1349.804s
  89000 +4.34483858e+06 +4.34483869e+06  1.14e-01   3.09e-05     2.85e-02   1364.933s
  90000 +4.34483856e+06 +4.34483869e+06  1.35e-01   3.06e-05     2.84e-02   1380.057s
  91000 +4.34483854e+06 +4.34483869e+06  1.50e-01   3.03e-05     2.83e-02   1395.192s
  92000 +4.34483853e+06 +4.34483869e+06  1.64e-01   3.00e-05     2.81e-02   1410.326s
  93000 +4.34483853e+06 +4.34483869e+06  1.63e-01   2.97e-05     2.80e-02   1425.457s
  94000 +4.34483853e+06 +4.34483869e+06  1.64e-01   2.93e-05     2.77e-02   1440.598s
  95000 +4.34483854e+06 +4.34483869e+06  1.56e-01   2.90e-05     2.76e-02   1455.739s
  96000 +4.34483856e+06 +4.34483869e+06  1.35e-01   2.87e-05     2.74e-02   1470.871s
  97000 +4.34483856e+06 +4.34483869e+06  1.31e-01   2.83e-05     2.72e-02   1486.008s
  98000 +4.34483859e+06 +4.34483869e+06  1.04e-01   2.70e-05     2.73e-02   1501.142s
  99000 +4.34483859e+06 +4.34483869e+06  1.09e-01   2.61e-05     2.74e-02   1516.276s
 100000 +4.34483861e+06 +4.34483869e+06  8.39e-02   2.53e-05     2.70e-02   1531.414s
 101000 +4.34483863e+06 +4.34483869e+06  6.20e-02   2.45e-05     2.66e-02   1546.550s
 102000 +4.34483863e+06 +4.34483869e+06  6.21e-02   2.39e-05     2.61e-02   1561.686s
 103000 +4.34483868e+06 +4.34483869e+06  1.97e-02   2.33e-05     2.55e-02   1576.826s
 104000 +4.34483867e+06 +4.34483869e+06  2.11e-02   2.28e-05     2.51e-02   1591.967s
 105000 +4.34483866e+06 +4.34483869e+06  3.52e-02   2.23e-05     2.45e-02   1607.103s
 106000 +4.34483866e+06 +4.34483869e+06  3.72e-02   2.18e-05     2.41e-02   1622.247s
 107000 +4.34483869e+06 +4.34483870e+06  5.92e-03   2.13e-05     2.37e-02   1637.391s
 108000 +4.34483868e+06 +4.34483870e+06  1.28e-02   2.09e-05     2.33e-02   1652.532s
 109000 +4.34483868e+06 +4.34483870e+06  1.59e-02   2.05e-05     2.30e-02   1667.672s
 110000 +4.34483867e+06 +4.34483870e+06  2.50e-02   2.01e-05     2.26e-02   1682.814s
 111000 +4.34483868e+06 +4.34483870e+06  1.39e-02   1.97e-05     2.22e-02   1697.952s
 112000 +4.34483870e+06 +4.34483869e+06  2.82e-04   1.93e-05     2.18e-02   1713.103s
 113000 +4.34483869e+06 +4.34483869e+06  8.73e-03   1.89e-05     2.15e-02   1728.244s
 114000 +4.34483870e+06 +4.34483870e+06  7.49e-03   1.86e-05     2.12e-02   1743.393s
 115000 +4.34483868e+06 +4.34483869e+06  1.84e-02   1.83e-05     2.08e-02   1758.529s
 116000 +4.34483867e+06 +4.34483870e+06  2.76e-02   1.80e-05     2.04e-02   1773.671s
 117000 +4.34483868e+06 +4.34483869e+06  1.79e-02   1.77e-05     2.02e-02   1788.817s
 118000 +4.34483868e+06 +4.34483870e+06  1.74e-02   1.74e-05     1.99e-02   1803.958s
 119000 +4.34483869e+06 +4.34483870e+06  8.53e-03   1.71e-05     1.95e-02   1819.098s
 120000 +4.34483867e+06 +4.34483869e+06  2.15e-02   1.69e-05     1.92e-02   1834.244s
 121000 +4.34483870e+06 +4.34483869e+06  8.99e-03   1.66e-05     1.91e-02   1849.386s
 122000 +4.34483870e+06 +4.34483869e+06  3.31e-03   1.63e-05     1.89e-02   1864.528s
 123000 +4.34483868e+06 +4.34483870e+06  1.56e-02   1.61e-05     1.83e-02   1879.670s
 124000 +4.34483866e+06 +4.34483870e+06  3.38e-02   1.57e-05     1.84e-02   1894.824s
 125000 +4.34483865e+06 +4.34483869e+06  4.20e-02   1.54e-05     1.81e-02   1909.969s
 126000 +4.34483864e+06 +4.34483869e+06  5.18e-02   1.50e-05     1.79e-02   1925.113s
 127000 +4.34483862e+06 +4.34483869e+06  7.10e-02   1.48e-05     1.77e-02   1940.254s
 128000 +4.34483866e+06 +4.34483869e+06  3.69e-02   1.45e-05     1.75e-02   1955.404s
 129000 +4.34483870e+06 +4.34483870e+06  2.96e-03   1.42e-05     1.75e-02   1970.540s
 130000 +4.34483872e+06 +4.34483870e+06  2.77e-02   1.40e-05     1.72e-02   1985.680s
 131000 +4.34483872e+06 +4.34483870e+06  2.59e-02   1.38e-05     1.71e-02   2000.824s
 132000 +4.34483873e+06 +4.34483870e+06  3.84e-02   1.36e-05     1.68e-02   2015.960s
 133000 +4.34483874e+06 +4.34483869e+06  4.69e-02   1.34e-05     1.66e-02   2031.094s
 134000 +4.34483873e+06 +4.34483869e+06  4.02e-02   1.32e-05     1.65e-02   2046.232s
 135000 +4.34483874e+06 +4.34483869e+06  4.56e-02   1.30e-05     1.60e-02   2061.369s
 136000 +4.34483873e+06 +4.34483869e+06  3.26e-02   1.27e-05     1.66e-02   2076.515s
 137000 +4.34483872e+06 +4.34483869e+06  2.41e-02   1.24e-05     1.63e-02   2091.644s
 138000 +4.34483871e+06 +4.34483869e+06  1.73e-02   1.22e-05     1.63e-02   2106.769s
 139000 +4.34483871e+06 +4.34483869e+06  1.29e-02   1.20e-05     1.62e-02   2121.898s
 140000 +4.34483870e+06 +4.34483869e+06  7.02e-03   1.18e-05     1.60e-02   2137.027s
 141000 +4.34483870e+06 +4.34483869e+06  8.05e-04   1.16e-05     1.60e-02   2152.143s
 142000 +4.34483869e+06 +4.34483869e+06  3.10e-03   1.14e-05     1.59e-02   2167.266s
 143000 +4.34483868e+06 +4.34483869e+06  1.38e-02   1.12e-05     1.58e-02   2182.392s
 144000 +4.34483868e+06 +4.34483869e+06  1.95e-02   1.11e-05     1.58e-02   2197.511s
 145000 +4.34483868e+06 +4.34483869e+06  1.92e-02   1.09e-05     1.57e-02   2212.642s
 146000 +4.34483868e+06 +4.34483869e+06  1.86e-02   1.07e-05     1.56e-02   2227.767s
 147000 +4.34483868e+06 +4.34483869e+06  1.83e-02   1.06e-05     1.55e-02   2242.893s
 148000 +4.34483867e+06 +4.34483869e+06  2.05e-02   1.04e-05     1.54e-02   2258.020s
 149000 +4.34483867e+06 +4.34483869e+06  2.42e-02   1.02e-05     1.53e-02   2273.155s
 150000 +4.34483867e+06 +4.34483869e+06  2.63e-02   1.01e-05     1.52e-02   2288.291s
 151000 +4.34483867e+06 +4.34483869e+06  2.78e-02   9.93e-06     1.51e-02   2303.423s
 152000 +4.34483867e+06 +4.34483869e+06  2.87e-02   9.77e-06     1.50e-02   2318.554s
 153000 +4.34483866e+06 +4.34483869e+06  3.11e-02   9.62e-06     1.49e-02   2333.690s
 154000 +4.34483866e+06 +4.34483869e+06  3.15e-02   9.47e-06     1.48e-02   2348.825s
 155000 +4.34483866e+06 +4.34483869e+06  3.86e-02   9.32e-06     1.47e-02   2363.950s
 156000 +4.34483865e+06 +4.34483869e+06  4.00e-02   9.18e-06     1.45e-02   2379.080s
 157000 +4.34483865e+06 +4.34483869e+06  4.32e-02   9.05e-06     1.44e-02   2394.214s
 158000 +4.34483865e+06 +4.34483869e+06  4.29e-02   8.92e-06     1.43e-02   2409.344s
 159000 +4.34483865e+06 +4.34483869e+06  4.15e-02   8.78e-06     1.41e-02   2424.471s
 160000 +4.34483866e+06 +4.34483869e+06  3.25e-02   8.65e-06     1.40e-02   2439.605s
 161000 +4.34483866e+06 +4.34483869e+06  3.16e-02   8.53e-06     1.38e-02   2454.739s
 162000 +4.34483867e+06 +4.34483869e+06  2.95e-02   8.41e-06     1.36e-02   2469.871s
 163000 +4.34483867e+06 +4.34483869e+06  2.35e-02   8.29e-06     1.35e-02   2485.011s
 164000 +4.34483868e+06 +4.34483869e+06  1.92e-02   8.16e-06     1.32e-02   2500.141s
 165000 +4.34483868e+06 +4.34483869e+06  1.86e-02   8.05e-06     1.30e-02   2515.276s
 166000 +4.34483867e+06 +4.34483869e+06  2.09e-02   7.93e-06     1.29e-02   2530.408s
 167000 +4.34483868e+06 +4.34483869e+06  1.80e-02   7.82e-06     1.28e-02   2545.542s
 168000 +4.34483868e+06 +4.34483869e+06  1.59e-02   7.71e-06     1.27e-02   2560.678s
 169000 +4.34483868e+06 +4.34483869e+06  1.62e-02   7.60e-06     1.25e-02   2575.814s
 170000 +4.34483868e+06 +4.34483869e+06  1.08e-02   7.49e-06     1.22e-02   2590.952s
 171000 +4.34483868e+06 +4.34483869e+06  1.31e-02   7.39e-06     1.21e-02   2606.088s
 172000 +4.34483868e+06 +4.34483869e+06  1.40e-02   7.30e-06     1.20e-02   2621.227s
 173000 +4.34483868e+06 +4.34483869e+06  1.61e-02   7.21e-06     1.19e-02   2636.369s
 174000 +4.34483868e+06 +4.34483869e+06  1.80e-02   7.13e-06     1.18e-02   2651.511s
 175000 +4.34483867e+06 +4.34483869e+06  2.12e-02   7.05e-06     1.17e-02   2666.647s
 176000 +4.34483868e+06 +4.34483869e+06  1.65e-02   6.97e-06     1.16e-02   2681.782s
 177000 +4.34483867e+06 +4.34483869e+06  2.56e-02   6.89e-06     1.15e-02   2696.920s
 178000 +4.34483866e+06 +4.34483869e+06  3.14e-02   6.81e-06     1.14e-02   2712.066s
 179000 +4.34483865e+06 +4.34483869e+06  4.25e-02   6.74e-06     1.12e-02   2727.207s
 180000 +4.34483866e+06 +4.34483869e+06  3.82e-02   6.66e-06     1.12e-02   2742.351s
 181000 +4.34483866e+06 +4.34483869e+06  3.27e-02   6.59e-06     1.11e-02   2757.491s
 182000 +4.34483866e+06 +4.34483869e+06  3.11e-02   6.51e-06     1.09e-02   2772.627s
 183000 +4.34483867e+06 +4.34483869e+06  2.83e-02   6.44e-06     1.08e-02   2787.772s
 184000 +4.34483867e+06 +4.34483869e+06  2.28e-02   6.37e-06     1.07e-02   2802.910s
 185000 +4.34483867e+06 +4.34483869e+06  2.22e-02   6.30e-06     1.06e-02   2818.055s
 186000 +4.34483868e+06 +4.34483869e+06  1.44e-02   6.23e-06     1.04e-02   2833.197s
 186600 +4.34483868e+06 +4.34483869e+06  1.82e-02   6.20e-06     1.03e-02   2842.282s
LP Solver status:                Optimal
Primal objective:                +4.34483868e+06
Dual objective:                  +4.34483869e+06
Duality gap (abs/rel):           +1.82e-02 / +2.10e-09
Primal infeasibility (abs/rel):  +6.20e-06 / +3.38e-07
Dual infeasibility (abs/rel):    +1.03e-02 / +1.01e-06
PDLP finished
Status: Optimal   Objective: 4.34483868e+06  Iterations: 186600  Time: 2849.602s

### exit_code=0
### finished=2026-08-09T15:18:24.338321
### gpu_peak_mb=145050.4
### gpu_peak2_mb=0.0
### per_gpu_peak_mb=[145050.375]
