### solver=cuopt-base
### instance=/home/scratch.cmaes_sw/hans_lps/scpm1.mps
### n_gpus=1
### CUDA_VISIBLE_DEVICES=0
### started=2026-07-31T16:55:26.609001
### argv=/home/scratch.vmostovoi_gpu/mostovoi_cuopt/cpp/build/cuopt_cli --method 1 --mps-reader experimental-fast --time-limit 3600 --iteration-limit 1000000000 --relative-primal-tolerance 1e-6 --relative-dual-tolerance 1e-6 --relative-gap-tolerance 1e-6 --log-to-console true /home/scratch.cmaes_sw/hans_lps/scpm1.mps
### --- solver output ---
Setting parameter iteration_limit to 1000000000
Setting parameter log_to_console to true
Setting parameter method to 1
Setting parameter relative_dual_tolerance to 1.000000e-06
Setting parameter relative_gap_tolerance to 1.000000e-06
Setting parameter relative_primal_tolerance to 1.000000e-06
Setting parameter time_limit to 3.600000e+03
Reading file scpm1.mps
Using experimental fast MPS parser for '/home/scratch.cmaes_sw/hans_lps/scpm1.mps'
Read file scpm1.mps in 0.10 seconds
cuOpt version: 26.8.0, git hash: 7116ead1, host arch: x86_64, device archs: 100a-real
CPU: INTEL(R) XEON(R) PLATINUM 8570, threads (physical/logical): 112/224, RAM: 1725.95 GiB
CUDA 13.3, device: NVIDIA B200 (ID 0), VRAM: 178.34 GiB
CUDA device UUID: 9cf5855e-0d9f-8a57-2857-ca9eac5a3446
Solving a problem with 5000 constraints, 500000 variables (0 integers), and 6250000 nonzeros
Problem scaling:
Objective coefficents range:          [1e+00, 1e+02]
Constraint matrix coefficients range: [1e+00, 1e+00]
Constraint rhs / bounds range:        [0e+00, 1e+00]
Variable bounds range:                [0e+00, 1e+00]

Using PSLP presolver
PSLP Presolved problem: 5000 constraints, 500000 variables, 6250000 non-zeros
PSLP presolve time: 0.52s
Objective offset 0.000000 scaling_factor 1.000000
   Iter    Primal Obj.      Dual Obj.    Gap        Primal Res.  Dual Res.   Time
      0 +0.00000000e+00 +0.00000000e+00  0.00e+00   7.07e+01     4.11e+04   0.583s
   1000 +4.16779807e+02 +4.26119944e+02  9.34e+00   5.20e-01     2.58e+00   0.713s
   2000 +4.13836833e+02 +4.14442198e+02  6.05e-01   1.58e-01     2.80e-01   0.802s
   3000 +4.13760874e+02 +4.13807221e+02  4.63e-02   6.78e-02     8.44e-02   0.890s
   4000 +4.13766760e+02 +4.13774259e+02  7.50e-03   3.97e-02     3.98e-02   0.979s
   5000 +4.13777452e+02 +4.13777533e+02  8.13e-05   1.92e-02     2.40e-02   1.068s
   6000 +4.13778957e+02 +4.13778131e+02  8.26e-04   1.27e-02     1.59e-02   1.156s
   7000 +4.13780447e+02 +4.13779396e+02  1.05e-03   1.02e-02     1.17e-02   1.245s
   8000 +4.13780469e+02 +4.13779798e+02  6.71e-04   7.08e-03     9.47e-03   1.333s
   9000 +4.13781051e+02 +4.13780697e+02  3.54e-04   5.30e-03     7.69e-03   1.422s
  10000 +4.13781137e+02 +4.13782038e+02  9.01e-04   4.67e-03     6.76e-03   1.510s
  11000 +4.13781394e+02 +4.13783144e+02  1.75e-03   3.92e-03     5.50e-03   1.598s
  12000 +4.13781662e+02 +4.13782458e+02  7.97e-04   3.28e-03     4.46e-03   1.685s
  13000 +4.13781782e+02 +4.13782403e+02  6.20e-04   2.72e-03     3.51e-03   1.772s
  14000 +4.13781586e+02 +4.13782344e+02  7.58e-04   2.27e-03     2.97e-03   1.859s
  15000 +4.13781837e+02 +4.13782224e+02  3.88e-04   1.93e-03     2.94e-03   1.947s
  16000 +4.13781884e+02 +4.13782034e+02  1.50e-04   1.63e-03     2.92e-03   2.034s
  17000 +4.13781882e+02 +4.13781793e+02  8.89e-05   1.25e-03     2.84e-03   2.121s
  18000 +4.13781870e+02 +4.13781820e+02  4.96e-05   9.51e-04     2.57e-03   2.208s
  19000 +4.13781891e+02 +4.13782157e+02  2.66e-04   7.82e-04     2.20e-03   2.296s
  20000 +4.13781953e+02 +4.13782392e+02  4.39e-04   6.42e-04     1.91e-03   2.383s
  21000 +4.13781962e+02 +4.13782283e+02  3.21e-04   5.99e-04     1.61e-03   2.470s
  22000 +4.13782031e+02 +4.13782077e+02  4.55e-05   5.81e-04     1.36e-03   2.557s
  23000 +4.13781927e+02 +4.13781795e+02  1.32e-04   5.62e-04     1.23e-03   2.645s
  24000 +4.13781954e+02 +4.13781739e+02  2.15e-04   6.00e-04     1.14e-03   2.732s
  25000 +4.13782000e+02 +4.13781763e+02  2.37e-04   6.37e-04     1.01e-03   2.820s
  26000 +4.13782008e+02 +4.13781857e+02  1.51e-04   6.23e-04     9.15e-04   2.907s
  27000 +4.13782031e+02 +4.13781874e+02  1.56e-04   5.65e-04     8.65e-04   2.994s
  28000 +4.13782040e+02 +4.13781857e+02  1.83e-04   4.91e-04     8.42e-04   3.081s
  29000 +4.13782017e+02 +4.13781863e+02  1.55e-04   4.14e-04     8.22e-04   3.169s
  30000 +4.13782034e+02 +4.13781873e+02  1.61e-04   3.69e-04     7.67e-04   3.256s
  31000 +4.13782015e+02 +4.13781939e+02  7.62e-05   3.38e-04     6.97e-04   3.343s
  32000 +4.13782036e+02 +4.13781993e+02  4.35e-05   3.07e-04     6.47e-04   3.431s
  33000 +4.13782066e+02 +4.13782036e+02  3.10e-05   2.92e-04     6.06e-04   3.518s
  34000 +4.13782097e+02 +4.13782036e+02  6.07e-05   2.81e-04     5.66e-04   3.605s
  35000 +4.13782098e+02 +4.13782078e+02  1.94e-05   2.76e-04     5.12e-04   3.692s
  36000 +4.13782168e+02 +4.13782026e+02  1.42e-04   3.12e-04     4.53e-04   3.780s
  37000 +4.13782218e+02 +4.13782031e+02  1.87e-04   3.59e-04     4.01e-04   3.867s
  38000 +4.13782233e+02 +4.13782028e+02  2.06e-04   3.80e-04     3.53e-04   3.954s
  39000 +4.13782251e+02 +4.13782035e+02  2.16e-04   3.87e-04     2.97e-04   4.042s
  40000 +4.13782250e+02 +4.13782036e+02  2.14e-04   3.82e-04     2.49e-04   4.129s
  41000 +4.13782224e+02 +4.13782055e+02  1.69e-04   3.75e-04     2.09e-04   4.216s
  42000 +4.13782204e+02 +4.13782067e+02  1.37e-04   3.59e-04     1.84e-04   4.304s
  43000 +4.13782188e+02 +4.13782065e+02  1.23e-04   3.38e-04     1.70e-04   4.391s
  44000 +4.13782179e+02 +4.13782065e+02  1.14e-04   3.12e-04     1.65e-04   4.478s
  45000 +4.13782173e+02 +4.13782073e+02  9.95e-05   2.85e-04     1.65e-04   4.565s
  46000 +4.13782160e+02 +4.13782076e+02  8.37e-05   2.60e-04     1.63e-04   4.653s
  47000 +4.13782150e+02 +4.13782079e+02  7.05e-05   2.40e-04     1.54e-04   4.740s
  48000 +4.13782124e+02 +4.13782073e+02  5.09e-05   2.23e-04     1.47e-04   4.827s
  49000 +4.13782119e+02 +4.13782077e+02  4.26e-05   2.10e-04     1.43e-04   4.914s
  50000 +4.13782096e+02 +4.13782068e+02  2.79e-05   2.01e-04     1.37e-04   5.002s
  51000 +4.13782092e+02 +4.13782074e+02  1.73e-05   1.96e-04     1.29e-04   5.089s
  52000 +4.13782094e+02 +4.13782073e+02  2.07e-05   1.90e-04     1.20e-04   5.176s
  53000 +4.13782094e+02 +4.13782079e+02  1.56e-05   1.86e-04     1.08e-04   5.263s
  54000 +4.13782087e+02 +4.13782086e+02  1.41e-06   1.78e-04     9.86e-05   5.351s
  55000 +4.13782098e+02 +4.13782078e+02  2.00e-05   1.69e-04     9.39e-05   5.440s
LP Solver status:                Optimal
Primal objective:                +4.13782098e+02
Dual objective:                  +4.13782078e+02
Duality gap (abs/rel):           +2.00e-05 / +2.42e-08
Primal infeasibility (abs/rel):  +1.69e-04 / +2.36e-06
Dual infeasibility (abs/rel):    +9.39e-05 / +2.28e-09
PDLP finished
Status: Optimal   Objective: 4.13782098e+02  Iterations: 55000  Time: 5.531s

### exit_code=0
### finished=2026-07-31T16:55:33.309868
### gpu_peak_mb=2106.4
### gpu_peak2_mb=0.0
### per_gpu_peak_mb=[2106.375]
