### solver=cuopt-base
### instance=/home/scratch.cmaes_sw/hans_lps/set-cover-model.mps
### n_gpus=1
### CUDA_VISIBLE_DEVICES=0
### started=2026-07-31T16:55:33.316449
### argv=/home/scratch.vmostovoi_gpu/mostovoi_cuopt/cpp/build/cuopt_cli --method 1 --mps-reader experimental-fast --time-limit 3600 --iteration-limit 1000000000 --relative-primal-tolerance 1e-6 --relative-dual-tolerance 1e-6 --relative-gap-tolerance 1e-6 --log-to-console true /home/scratch.cmaes_sw/hans_lps/set-cover-model.mps
### --- solver output ---
Setting parameter iteration_limit to 1000000000
Setting parameter log_to_console to true
Setting parameter method to 1
Setting parameter relative_dual_tolerance to 1.000000e-06
Setting parameter relative_gap_tolerance to 1.000000e-06
Setting parameter relative_primal_tolerance to 1.000000e-06
Setting parameter time_limit to 3.600000e+03
Reading file set-cover-model.mps
Using experimental fast MPS parser for '/home/scratch.cmaes_sw/hans_lps/set-cover-model.mps'
Read file set-cover-model.mps in 0.29 seconds
cuOpt version: 26.8.0, git hash: 7116ead1, host arch: x86_64, device archs: 100a-real
CPU: INTEL(R) XEON(R) PLATINUM 8570, threads (physical/logical): 112/224, RAM: 1723.82 GiB
CUDA 13.3, device: NVIDIA B200 (ID 0), VRAM: 178.34 GiB
CUDA device UUID: 9cf5855e-0d9f-8a57-2857-ca9eac5a3446
Solving a problem with 10000 constraints, 1102008 variables (0 integers), and 20442268 nonzeros
Problem scaling:
Objective coefficents range:          [3e+05, 8e+07]
Constraint matrix coefficients range: [1e+00, 1e+00]
Constraint rhs / bounds range:        [0e+00, 1e+00]
Variable bounds range:                [0e+00, 1e+00]

Using PSLP presolver
PSLP Presolved problem: 10000 constraints, 1102008 variables, 20442268 non-zeros
PSLP presolve time: 2.01s
Objective offset 0.000000 scaling_factor 1.000000
   Iter    Primal Obj.      Dual Obj.    Gap        Primal Res.  Dual Res.   Time
      0 +0.00000000e+00 +0.00000000e+00  0.00e+00   1.00e+02     4.57e+10   2.069s
   1000 +7.60370133e+09 +7.61610944e+09  1.24e+07   2.26e-01     7.02e+06   2.341s
   2000 +7.58633700e+09 +7.58831931e+09  1.98e+06   2.77e-01     1.03e+06   2.555s
   3000 +7.58318821e+09 +7.58287614e+09  3.12e+05   2.91e-01     2.28e+05   2.769s
   4000 +7.58192029e+09 +7.58203414e+09  1.14e+05   2.10e-01     9.06e+04   2.982s
   5000 +7.58169152e+09 +7.58191733e+09  2.26e+05   1.33e-01     4.89e+04   3.196s
   6000 +7.58174522e+09 +7.58185601e+09  1.11e+05   9.99e-02     3.05e+04   3.410s
   7000 +7.58169036e+09 +7.58183957e+09  1.49e+05   7.61e-02     2.24e+04   3.623s
   8000 +7.58169163e+09 +7.58184016e+09  1.49e+05   6.06e-02     1.65e+04   3.836s
   9000 +7.58171166e+09 +7.58184025e+09  1.29e+05   4.92e-02     1.30e+04   4.050s
  10000 +7.58173781e+09 +7.58183560e+09  9.78e+04   4.10e-02     1.34e+04   4.264s
  11000 +7.58174478e+09 +7.58183703e+09  9.23e+04   3.28e-02     1.24e+04   4.475s
  12000 +7.58174791e+09 +7.58184029e+09  9.24e+04   2.63e-02     1.07e+04   4.686s
  13000 +7.58177275e+09 +7.58184227e+09  6.95e+04   2.21e-02     9.27e+03   4.898s
  14000 +7.58179110e+09 +7.58184225e+09  5.11e+04   1.97e-02     7.79e+03   5.109s
  15000 +7.58180883e+09 +7.58184103e+09  3.22e+04   1.77e-02     7.34e+03   5.321s
  16000 +7.58181018e+09 +7.58184250e+09  3.23e+04   1.61e-02     6.63e+03   5.532s
  17000 +7.58180998e+09 +7.58184307e+09  3.31e+04   1.44e-02     6.19e+03   5.744s
  18000 +7.58180555e+09 +7.58184329e+09  3.77e+04   1.33e-02     5.58e+03   5.955s
  19000 +7.58180816e+09 +7.58184313e+09  3.50e+04   1.22e-02     5.25e+03   6.166s
  20000 +7.58181112e+09 +7.58184305e+09  3.19e+04   1.11e-02     4.98e+03   6.378s
  21000 +7.58182028e+09 +7.58184322e+09  2.29e+04   9.73e-03     4.71e+03   6.589s
  22000 +7.58182219e+09 +7.58184321e+09  2.10e+04   8.81e-03     4.39e+03   6.801s
  23000 +7.58182547e+09 +7.58184222e+09  1.68e+04   7.83e-03     4.42e+03   7.012s
  24000 +7.58183147e+09 +7.58184225e+09  1.08e+04   6.87e-03     4.57e+03   7.224s
  25000 +7.58183319e+09 +7.58184239e+09  9.20e+03   6.11e-03     4.45e+03   7.435s
  26000 +7.58183247e+09 +7.58184296e+09  1.05e+04   5.54e-03     4.25e+03   7.647s
  27000 +7.58182957e+09 +7.58184309e+09  1.35e+04   5.11e-03     3.96e+03   7.858s
  28000 +7.58183069e+09 +7.58184324e+09  1.26e+04   4.81e-03     3.58e+03   8.070s
  29000 +7.58183090e+09 +7.58184324e+09  1.23e+04   4.55e-03     3.26e+03   8.281s
  30000 +7.58183182e+09 +7.58184344e+09  1.16e+04   4.35e-03     3.00e+03   8.492s
  31000 +7.58183497e+09 +7.58184355e+09  8.58e+03   4.14e-03     2.79e+03   8.704s
  32000 +7.58183379e+09 +7.58184335e+09  9.56e+03   4.00e-03     2.61e+03   8.915s
  33000 +7.58183432e+09 +7.58184311e+09  8.78e+03   3.79e-03     2.51e+03   9.127s
  34000 +7.58183551e+09 +7.58184316e+09  7.65e+03   3.58e-03     2.43e+03   9.338s
  35000 +7.58183506e+09 +7.58184328e+09  8.22e+03   3.40e-03     2.35e+03   9.549s
  36000 +7.58183703e+09 +7.58184316e+09  6.13e+03   3.22e-03     2.51e+03   9.761s
  37000 +7.58183757e+09 +7.58184320e+09  5.63e+03   3.07e-03     2.53e+03   9.973s
  38000 +7.58183792e+09 +7.58184328e+09  5.36e+03   2.94e-03     2.56e+03   10.184s
  39000 +7.58183783e+09 +7.58184344e+09  5.61e+03   2.81e-03     2.55e+03   10.395s
  40000 +7.58183778e+09 +7.58184354e+09  5.76e+03   2.63e-03     2.57e+03   10.607s
  41000 +7.58183777e+09 +7.58184362e+09  5.85e+03   2.36e-03     2.76e+03   10.818s
  42000 +7.58184181e+09 +7.58184362e+09  1.82e+03   2.00e-03     2.66e+03   11.030s
  43000 +7.58184057e+09 +7.58184371e+09  3.14e+03   1.85e-03     2.48e+03   11.241s
  44000 +7.58184057e+09 +7.58184378e+09  3.21e+03   1.65e-03     2.35e+03   11.452s
  45000 +7.58184115e+09 +7.58184379e+09  2.64e+03   1.51e-03     2.21e+03   11.664s
  46000 +7.58184175e+09 +7.58184356e+09  1.81e+03   1.32e-03     2.11e+03   11.875s
  47000 +7.58184151e+09 +7.58184387e+09  2.37e+03   1.20e-03     2.00e+03   12.087s
  48000 +7.58184180e+09 +7.58184380e+09  2.00e+03   1.12e-03     1.90e+03   12.298s
  49000 +7.58184191e+09 +7.58184372e+09  1.81e+03   1.06e-03     1.83e+03   12.509s
  50000 +7.58184260e+09 +7.58184370e+09  1.10e+03   1.00e-03     1.75e+03   12.721s
  51000 +7.58184351e+09 +7.58184366e+09  1.60e+02   9.22e-04     1.70e+03   12.932s
  52000 +7.58184185e+09 +7.58184369e+09  1.83e+03   8.67e-04     1.65e+03   13.144s
  53000 +7.58184312e+09 +7.58184374e+09  6.25e+02   8.10e-04     1.60e+03   13.355s
  54000 +7.58184307e+09 +7.58184365e+09  5.86e+02   7.50e-04     1.54e+03   13.566s
  55000 +7.58184308e+09 +7.58184374e+09  6.63e+02   6.95e-04     1.49e+03   13.778s
  56000 +7.58184332e+09 +7.58184364e+09  3.24e+02   6.16e-04     1.44e+03   13.990s
  57000 +7.58184374e+09 +7.58184367e+09  6.16e+01   5.67e-04     1.39e+03   14.201s
  58000 +7.58184401e+09 +7.58184372e+09  2.92e+02   5.32e-04     1.36e+03   14.412s
  59000 +7.58184411e+09 +7.58184377e+09  3.46e+02   5.14e-04     1.32e+03   14.624s
  60000 +7.58184414e+09 +7.58184379e+09  3.52e+02   5.02e-04     1.29e+03   14.835s
  61000 +7.58184439e+09 +7.58184380e+09  5.82e+02   4.94e-04     1.25e+03   15.047s
  62000 +7.58184444e+09 +7.58184379e+09  6.51e+02   4.93e-04     1.21e+03   15.258s
  63000 +7.58184455e+09 +7.58184380e+09  7.46e+02   4.91e-04     1.16e+03   15.469s
  64000 +7.58184471e+09 +7.58184381e+09  9.04e+02   4.91e-04     1.11e+03   15.681s
  65000 +7.58184460e+09 +7.58184383e+09  7.69e+02   4.89e-04     1.07e+03   15.892s
  66000 +7.58184446e+09 +7.58184377e+09  6.87e+02   4.83e-04     1.02e+03   16.104s
  67000 +7.58184428e+09 +7.58184380e+09  4.85e+02   4.71e-04     9.73e+02   16.315s
  68000 +7.58184418e+09 +7.58184380e+09  3.75e+02   4.59e-04     9.32e+02   16.527s
  69000 +7.58184417e+09 +7.58184381e+09  3.65e+02   4.42e-04     8.99e+02   16.738s
  70000 +7.58184398e+09 +7.58184378e+09  2.02e+02   4.14e-04     8.75e+02   16.950s
  71000 +7.58184388e+09 +7.58184378e+09  9.71e+01   3.93e-04     8.46e+02   17.161s
  72000 +7.58184391e+09 +7.58184379e+09  1.22e+02   3.74e-04     8.23e+02   17.372s
  73000 +7.58184398e+09 +7.58184379e+09  1.96e+02   3.50e-04     8.07e+02   17.584s
  74000 +7.58184396e+09 +7.58184379e+09  1.77e+02   3.36e-04     7.85e+02   17.795s
  75000 +7.58184384e+09 +7.58184377e+09  6.85e+01   3.22e-04     7.64e+02   18.007s
  76000 +7.58184381e+09 +7.58184379e+09  2.41e+01   3.12e-04     7.46e+02   18.218s
  77000 +7.58184383e+09 +7.58184378e+09  4.90e+01   3.03e-04     7.21e+02   18.429s
  78000 +7.58184396e+09 +7.58184378e+09  1.78e+02   2.96e-04     7.06e+02   18.641s
  79000 +7.58184375e+09 +7.58184375e+09  1.46e+00   2.88e-04     6.94e+02   18.852s
  80000 +7.58184378e+09 +7.58184375e+09  3.41e+01   2.82e-04     6.79e+02   19.064s
  81000 +7.58184369e+09 +7.58184373e+09  3.48e+01   2.79e-04     6.66e+02   19.275s
  82000 +7.58184388e+09 +7.58184373e+09  1.55e+02   2.73e-04     6.52e+02   19.487s
  83000 +7.58184397e+09 +7.58184374e+09  2.35e+02   2.64e-04     6.39e+02   19.698s
  84000 +7.58184381e+09 +7.58184374e+09  6.91e+01   2.56e-04     6.26e+02   19.909s
  85000 +7.58184380e+09 +7.58184374e+09  5.96e+01   2.49e-04     6.15e+02   20.121s
  86000 +7.58184375e+09 +7.58184371e+09  3.73e+01   2.37e-04     6.07e+02   20.332s
  87000 +7.58184388e+09 +7.58184367e+09  2.17e+02   2.52e-04     5.85e+02   20.544s
  88000 +7.58184378e+09 +7.58184366e+09  1.11e+02   2.65e-04     5.75e+02   20.756s
  89000 +7.58184379e+09 +7.58184367e+09  1.17e+02   2.76e-04     5.60e+02   20.967s
  90000 +7.58184373e+09 +7.58184367e+09  5.89e+01   2.80e-04     5.49e+02   21.178s
  91000 +7.58184371e+09 +7.58184368e+09  2.71e+01   2.80e-04     5.42e+02   21.390s
  92000 +7.58184363e+09 +7.58184368e+09  4.63e+01   2.78e-04     5.35e+02   21.601s
  93000 +7.58184359e+09 +7.58184368e+09  8.53e+01   2.75e-04     5.29e+02   21.813s
  94000 +7.58184358e+09 +7.58184368e+09  9.98e+01   2.73e-04     5.23e+02   22.024s
  95000 +7.58184341e+09 +7.58184364e+09  2.31e+02   2.86e-04     4.68e+02   22.235s
  96000 +7.58184371e+09 +7.58184364e+09  7.26e+01   2.77e-04     4.58e+02   22.447s
  97000 +7.58184324e+09 +7.58184364e+09  4.02e+02   2.75e-04     4.49e+02   22.658s
  98000 +7.58184369e+09 +7.58184363e+09  6.41e+01   2.65e-04     4.43e+02   22.870s
  99000 +7.58184376e+09 +7.58184363e+09  1.29e+02   2.59e-04     4.36e+02   23.081s
 100000 +7.58184359e+09 +7.58184363e+09  3.81e+01   2.55e-04     4.29e+02   23.293s
 101000 +7.58184343e+09 +7.58184363e+09  1.92e+02   2.55e-04     4.22e+02   23.504s
 102000 +7.58184336e+09 +7.58184362e+09  2.56e+02   2.57e-04     4.14e+02   23.715s
 103000 +7.58184334e+09 +7.58184362e+09  2.74e+02   2.53e-04     4.07e+02   23.927s
 104000 +7.58184319e+09 +7.58184361e+09  4.20e+02   2.54e-04     4.00e+02   24.138s
 105000 +7.58184325e+09 +7.58184359e+09  3.40e+02   2.54e-04     3.93e+02   24.350s
 106000 +7.58184313e+09 +7.58184359e+09  4.55e+02   2.56e-04     3.87e+02   24.561s
 107000 +7.58184325e+09 +7.58184359e+09  3.40e+02   2.59e-04     3.79e+02   24.773s
 108000 +7.58184314e+09 +7.58184359e+09  4.47e+02   2.62e-04     3.72e+02   24.984s
 109000 +7.58184326e+09 +7.58184358e+09  3.26e+02   2.57e-04     3.66e+02   25.195s
 110000 +7.58184327e+09 +7.58184358e+09  3.17e+02   2.54e-04     3.60e+02   25.407s
 111000 +7.58184324e+09 +7.58184359e+09  3.44e+02   2.53e-04     3.53e+02   25.618s
 112000 +7.58184336e+09 +7.58184359e+09  2.31e+02   2.51e-04     3.45e+02   25.830s
 113000 +7.58184323e+09 +7.58184359e+09  3.54e+02   2.55e-04     3.36e+02   26.041s
 114000 +7.58184338e+09 +7.58184358e+09  1.97e+02   2.55e-04     3.29e+02   26.253s
 115000 +7.58184351e+09 +7.58184357e+09  5.97e+01   2.53e-04     3.23e+02   26.464s
 116000 +7.58184342e+09 +7.58184357e+09  1.56e+02   2.53e-04     3.17e+02   26.676s
 117000 +7.58184343e+09 +7.58184358e+09  1.47e+02   2.48e-04     3.12e+02   26.887s
 118000 +7.58184349e+09 +7.58184357e+09  8.38e+01   2.44e-04     3.08e+02   27.098s
 119000 +7.58184344e+09 +7.58184357e+09  1.38e+02   2.39e-04     3.05e+02   27.310s
 120000 +7.58184348e+09 +7.58184356e+09  7.87e+01   2.36e-04     3.02e+02   27.521s
 121000 +7.58184339e+09 +7.58184355e+09  1.60e+02   2.31e-04     3.00e+02   27.733s
 122000 +7.58184346e+09 +7.58184355e+09  9.04e+01   2.23e-04     2.97e+02   27.944s
 123000 +7.58184327e+09 +7.58184355e+09  2.88e+02   2.20e-04     2.94e+02   28.155s
 124000 +7.58184324e+09 +7.58184356e+09  3.19e+02   2.17e-04     2.91e+02   28.367s
 125000 +7.58184318e+09 +7.58184356e+09  3.75e+02   2.15e-04     2.89e+02   28.578s
 126000 +7.58184321e+09 +7.58184356e+09  3.43e+02   2.13e-04     2.87e+02   28.790s
 127000 +7.58184311e+09 +7.58184355e+09  4.38e+02   2.09e-04     2.84e+02   29.001s
 128000 +7.58184317e+09 +7.58184354e+09  3.65e+02   2.05e-04     2.80e+02   29.212s
 129000 +7.58184331e+09 +7.58184354e+09  2.26e+02   2.01e-04     2.78e+02   29.424s
 129200 +7.58184336e+09 +7.58184353e+09  1.70e+02   2.00e-04     2.77e+02   29.466s
LP Solver status:                Optimal
Primal objective:                +7.58184336e+09
Dual objective:                  +7.58184353e+09
Duality gap (abs/rel):           +1.70e+02 / +1.12e-08
Primal infeasibility (abs/rel):  +2.00e-04 / +1.98e-06
Dual infeasibility (abs/rel):    +2.77e+02 / +6.07e-09
PDLP finished
Status: Optimal   Objective: 7.58184336e+09  Iterations: 129200  Time: 29.468s

### exit_code=0
### finished=2026-07-31T16:56:04.604727
### gpu_peak_mb=3514.4
### gpu_peak2_mb=0.0
### per_gpu_peak_mb=[3514.375]
