### solver=cuopt-base
### instance=/home/scratch.cmaes_sw/hans_lps/square41.mps
### n_gpus=1
### CUDA_VISIBLE_DEVICES=0
### started=2026-07-31T16:56:28.518785
### argv=/home/scratch.vmostovoi_gpu/mostovoi_cuopt/cpp/build/cuopt_cli --method 1 --mps-reader experimental-fast --time-limit 3600 --iteration-limit 1000000000 --relative-primal-tolerance 1e-6 --relative-dual-tolerance 1e-6 --relative-gap-tolerance 1e-6 --log-to-console true /home/scratch.cmaes_sw/hans_lps/square41.mps
### --- solver output ---
Setting parameter iteration_limit to 1000000000
Setting parameter log_to_console to true
Setting parameter method to 1
Setting parameter relative_dual_tolerance to 1.000000e-06
Setting parameter relative_gap_tolerance to 1.000000e-06
Setting parameter relative_primal_tolerance to 1.000000e-06
Setting parameter time_limit to 3.600000e+03
Reading file square41.mps
Using experimental fast MPS parser for '/home/scratch.cmaes_sw/hans_lps/square41.mps'
Read file square41.mps in 0.17 seconds
cuOpt version: 26.8.0, git hash: 7116ead1, host arch: x86_64, device archs: 100a-real
CPU: INTEL(R) XEON(R) PLATINUM 8570, threads (physical/logical): 112/224, RAM: 1725.46 GiB
CUDA 13.3, device: NVIDIA B200 (ID 0), VRAM: 178.34 GiB
CUDA device UUID: 9cf5855e-0d9f-8a57-2857-ca9eac5a3446
Solving a problem with 40160 constraints, 62234 variables (0 integers), and 13566426 nonzeros
Problem scaling:
Objective coefficents range:          [1e+00, 1e+00]
Constraint matrix coefficients range: [1e+00, 1e+00]
Constraint rhs / bounds range:        [1e+00, 1e+00]
Variable bounds range:                [0e+00, 1e+00]

Using PSLP presolver
PSLP Presolved problem: 1754 constraints, 23828 variables, 4336554 non-zeros
PSLP presolve time: 0.82s
Objective offset 0.000000 scaling_factor 1.000000
   Iter    Primal Obj.      Dual Obj.    Gap        Primal Res.  Dual Res.   Time
      0 +0.00000000e+00 +0.00000000e+00  0.00e+00   4.14e+01     1.54e+02   0.914s
   1000 +5.51365912e+00 +6.38737050e+00  8.74e-01   6.69e-01     1.31e+00   1.004s
   2000 +5.03410110e+00 +6.61098063e+00  1.58e+00   6.14e-01     1.03e+00   1.057s
   3000 +4.84788134e+00 +6.50124413e+00  1.65e+00   6.53e-01     4.42e-01   1.109s
   4000 +4.88632616e+00 +6.56417450e+00  1.68e+00   6.56e-01     2.89e-01   1.162s
   5000 +5.19961644e+00 +7.09735891e+00  1.90e+00   5.75e-01     7.46e-01   1.214s
   6000 +5.65615490e+00 +7.55422495e+00  1.90e+00   4.59e-01     1.31e+00   1.267s
   7000 +6.66763411e+00 +8.43157447e+00  1.76e+00   2.96e-01     2.12e+00   1.320s
   8000 +7.81501646e+00 +8.27347301e+00  4.58e-01   1.72e-01     1.92e+00   1.372s
   9000 +7.83548169e+00 +8.18950220e+00  3.54e-01   1.44e-01     1.58e+00   1.424s
  10000 +7.96103471e+00 +8.19682609e+00  2.36e-01   1.25e-01     1.53e+00   1.477s
  11000 +8.11983329e+00 +8.18951250e+00  6.97e-02   1.19e-01     1.42e+00   1.528s
  12000 +7.99101996e+00 +8.19732224e+00  2.06e-01   1.11e-01     1.33e+00   1.580s
  13000 +7.84682581e+00 +8.24287616e+00  3.96e-01   1.04e-01     1.25e+00   1.631s
  14000 +7.83009674e+00 +8.35027178e+00  5.20e-01   1.07e-01     1.16e+00   1.683s
  15000 +7.87646150e+00 +8.39879995e+00  5.22e-01   1.14e-01     1.05e+00   1.734s
  16000 +7.90396228e+00 +8.42545446e+00  5.21e-01   1.21e-01     9.16e-01   1.786s
  17000 +7.86913319e+00 +8.41573889e+00  5.47e-01   1.20e-01     8.03e-01   1.837s
  18000 +7.78168317e+00 +8.38899014e+00  6.07e-01   1.10e-01     6.65e-01   1.889s
  19000 +7.77488171e+00 +8.46050006e+00  6.86e-01   1.02e-01     5.95e-01   1.940s
  20000 +7.87853708e+00 +8.50031082e+00  6.22e-01   9.38e-02     5.15e-01   1.992s
  21000 +7.93559577e+00 +8.50775066e+00  5.72e-01   9.35e-02     4.74e-01   2.043s
  22000 +7.94906048e+00 +8.53242751e+00  5.83e-01   9.45e-02     4.41e-01   2.094s
  23000 +7.97691109e+00 +8.52491095e+00  5.48e-01   9.62e-02     3.70e-01   2.146s
  24000 +8.00389526e+00 +8.50575026e+00  5.02e-01   9.55e-02     2.15e-01   2.198s
  25000 +8.02334741e+00 +8.51294248e+00  4.90e-01   9.39e-02     1.75e-01   2.249s
  26000 +8.02560815e+00 +8.53392467e+00  5.08e-01   9.02e-02     1.67e-01   2.300s
  27000 +8.02923730e+00 +8.57390939e+00  5.45e-01   8.73e-02     1.66e-01   2.352s
  28000 +8.07461990e+00 +8.61410647e+00  5.39e-01   8.54e-02     1.60e-01   2.403s
  29000 +8.10148248e+00 +8.61432152e+00  5.13e-01   8.24e-02     1.63e-01   2.455s
  30000 +8.09071767e+00 +8.62733613e+00  5.37e-01   7.73e-02     1.92e-01   2.506s
  31000 +8.08924100e+00 +8.64331891e+00  5.54e-01   7.16e-02     2.11e-01   2.558s
  32000 +8.13163848e+00 +8.68951391e+00  5.58e-01   6.64e-02     2.17e-01   2.609s
  33000 +8.23728093e+00 +8.69869903e+00  4.61e-01   6.13e-02     1.96e-01   2.660s
  34000 +8.29247863e+00 +8.71810285e+00  4.26e-01   5.66e-02     1.91e-01   2.712s
  35000 +8.29046100e+00 +8.73098887e+00  4.41e-01   5.34e-02     1.80e-01   2.763s
  36000 +8.29529590e+00 +8.75379672e+00  4.59e-01   5.10e-02     2.18e-01   2.815s
  37000 +8.32669419e+00 +8.80640818e+00  4.80e-01   4.84e-02     2.65e-01   2.866s
  38000 +8.38241344e+00 +8.83150859e+00  4.49e-01   4.53e-02     3.11e-01   2.918s
  39000 +8.42803140e+00 +8.84200147e+00  4.14e-01   4.04e-02     3.46e-01   2.969s
  40000 +8.48261285e+00 +8.91280056e+00  4.30e-01   3.43e-02     3.84e-01   3.021s
  41000 +8.55008595e+00 +8.89833463e+00  3.48e-01   2.88e-02     3.90e-01   3.072s
  42000 +8.62407351e+00 +8.91919872e+00  2.95e-01   2.54e-02     3.85e-01   3.123s
  43000 +8.68512693e+00 +8.90597034e+00  2.21e-01   2.19e-02     3.78e-01   3.175s
  44000 +8.72494284e+00 +8.88137684e+00  1.56e-01   2.01e-02     3.51e-01   3.226s
  45000 +8.74220331e+00 +8.86249249e+00  1.20e-01   1.89e-02     3.24e-01   3.278s
  46000 +8.74824317e+00 +8.85729805e+00  1.09e-01   1.82e-02     2.97e-01   3.329s
  47000 +8.73603808e+00 +8.85052592e+00  1.14e-01   1.69e-02     2.72e-01   3.380s
  48000 +8.73126139e+00 +8.88660194e+00  1.55e-01   1.59e-02     2.68e-01   3.432s
  49000 +8.73608108e+00 +8.89968770e+00  1.64e-01   1.48e-02     2.65e-01   3.483s
  50000 +8.74580693e+00 +8.92228970e+00  1.76e-01   1.41e-02     2.79e-01   3.535s
  51000 +8.73985389e+00 +8.90075371e+00  1.61e-01   1.34e-02     2.49e-01   3.586s
  52000 +8.72647753e+00 +8.88791543e+00  1.61e-01   1.25e-02     2.00e-01   3.637s
  53000 +8.72872479e+00 +8.88585494e+00  1.57e-01   1.22e-02     1.78e-01   3.689s
  54000 +8.75123627e+00 +8.89707688e+00  1.46e-01   1.14e-02     1.74e-01   3.741s
  55000 +8.78520053e+00 +8.89785248e+00  1.13e-01   1.08e-02     1.73e-01   3.792s
  56000 +8.80788214e+00 +8.88465752e+00  7.68e-02   1.07e-02     1.60e-01   3.843s
  57000 +8.81826611e+00 +8.87362013e+00  5.54e-02   1.07e-02     1.53e-01   3.895s
  58000 +8.82227924e+00 +8.87213298e+00  4.99e-02   1.07e-02     1.44e-01   3.946s
  59000 +8.82568529e+00 +8.87231095e+00  4.66e-02   1.08e-02     1.37e-01   3.998s
  60000 +8.82980035e+00 +8.86970338e+00  3.99e-02   8.94e-03     1.30e-01   4.049s
  61000 +8.83650317e+00 +8.86877279e+00  3.23e-02   8.71e-03     1.22e-01   4.101s
  62000 +8.83888778e+00 +8.86566447e+00  2.68e-02   8.39e-03     1.10e-01   4.152s
  63000 +8.84106183e+00 +8.86922723e+00  2.82e-02   7.94e-03     1.06e-01   4.204s
  64000 +8.84439567e+00 +8.86982467e+00  2.54e-02   7.42e-03     1.09e-01   4.255s
  65000 +8.84764284e+00 +8.87062774e+00  2.30e-02   6.86e-03     1.12e-01   4.306s
  66000 +8.85095217e+00 +8.87073269e+00  1.98e-02   6.26e-03     1.19e-01   4.358s
  67000 +8.85344982e+00 +8.86909091e+00  1.56e-02   5.85e-03     1.21e-01   4.409s
  68000 +8.85467423e+00 +8.86748763e+00  1.28e-02   5.54e-03     1.30e-01   4.461s
  69000 +8.85366302e+00 +8.86553536e+00  1.19e-02   5.26e-03     1.37e-01   4.512s
  70000 +8.85363290e+00 +8.86668484e+00  1.31e-02   4.97e-03     1.39e-01   4.563s
  71000 +8.85170565e+00 +8.86590352e+00  1.42e-02   4.79e-03     1.34e-01   4.615s
  72000 +8.84721101e+00 +8.86269840e+00  1.55e-02   4.55e-03     1.30e-01   4.666s
  73000 +8.84170436e+00 +8.86569413e+00  2.40e-02   4.37e-03     1.26e-01   4.718s
  74000 +8.84522139e+00 +8.87214303e+00  2.69e-02   4.06e-03     1.20e-01   4.769s
  75000 +8.84686657e+00 +8.86733832e+00  2.05e-02   3.85e-03     1.16e-01   4.821s
  76000 +8.84327728e+00 +8.86635614e+00  2.31e-02   3.68e-03     1.11e-01   4.872s
  77000 +8.84184729e+00 +8.87019279e+00  2.83e-02   3.58e-03     1.09e-01   4.923s
  78000 +8.84475815e+00 +8.86771321e+00  2.30e-02   3.45e-03     1.09e-01   4.975s
  79000 +8.84460096e+00 +8.86465626e+00  2.01e-02   3.28e-03     1.08e-01   5.026s
  80000 +8.84429838e+00 +8.86653534e+00  2.22e-02   3.16e-03     1.02e-01   5.078s
  81000 +8.84369756e+00 +8.86640880e+00  2.27e-02   3.00e-03     9.88e-02   5.129s
  82000 +8.84304472e+00 +8.86521883e+00  2.22e-02   2.90e-03     9.57e-02   5.181s
  83000 +8.84268985e+00 +8.86702587e+00  2.43e-02   2.78e-03     9.66e-02   5.232s
  84000 +8.84342350e+00 +8.86808863e+00  2.47e-02   2.71e-03     9.61e-02   5.283s
  85000 +8.84261138e+00 +8.86830675e+00  2.57e-02   2.68e-03     9.13e-02   5.335s
  86000 +8.84007583e+00 +8.86603394e+00  2.60e-02   2.69e-03     9.05e-02   5.386s
  87000 +8.83787351e+00 +8.86937043e+00  3.15e-02   2.72e-03     8.67e-02   5.438s
  88000 +8.83948688e+00 +8.87129932e+00  3.18e-02   2.73e-03     8.60e-02   5.489s
  89000 +8.84105898e+00 +8.87123255e+00  3.02e-02   2.69e-03     8.43e-02   5.540s
  90000 +8.84239525e+00 +8.87158855e+00  2.92e-02   2.66e-03     8.36e-02   5.592s
  91000 +8.84163305e+00 +8.86789705e+00  2.63e-02   2.62e-03     8.25e-02   5.643s
  92000 +8.84038290e+00 +8.86915987e+00  2.88e-02   2.53e-03     8.19e-02   5.695s
  93000 +8.84085758e+00 +8.87121792e+00  3.04e-02   2.30e-03     8.07e-02   5.746s
  94000 +8.84301093e+00 +8.87181537e+00  2.88e-02   1.67e-03     8.07e-02   5.798s
  95000 +8.84518060e+00 +8.87218834e+00  2.70e-02   1.50e-03     8.10e-02   5.849s
  96000 +8.84684922e+00 +8.86959917e+00  2.27e-02   1.67e-03     7.99e-02   5.901s
  97000 +8.84736016e+00 +8.86452801e+00  1.72e-02   1.84e-03     7.73e-02   5.952s
  98000 +8.84807318e+00 +8.86198748e+00  1.39e-02   1.93e-03     7.61e-02   6.003s
  99000 +8.84791267e+00 +8.86019449e+00  1.23e-02   1.94e-03     7.48e-02   6.055s
 100000 +8.84832022e+00 +8.86009734e+00  1.18e-02   1.97e-03     7.38e-02   6.106s
 101000 +8.84988746e+00 +8.85951900e+00  9.63e-03   2.08e-03     7.11e-02   6.158s
 102000 +8.85043910e+00 +8.85893614e+00  8.50e-03   2.26e-03     6.89e-02   6.209s
 103000 +8.85133026e+00 +8.85793261e+00  6.60e-03   2.47e-03     6.58e-02   6.260s
 104000 +8.85234948e+00 +8.85697810e+00  4.63e-03   2.49e-03     6.25e-02   6.312s
 105000 +8.85396752e+00 +8.85595679e+00  1.99e-03   2.54e-03     6.10e-02   6.363s
 106000 +8.85348918e+00 +8.85621843e+00  2.73e-03   2.67e-03     5.99e-02   6.415s
 107000 +8.85337820e+00 +8.85541326e+00  2.04e-03   2.76e-03     5.78e-02   6.466s
 108000 +8.85567851e+00 +8.85599245e+00  3.14e-04   2.80e-03     5.58e-02   6.517s
 109000 +8.85872345e+00 +8.85471652e+00  4.01e-03   2.86e-03     5.37e-02   6.569s
 110000 +8.85903812e+00 +8.85362517e+00  5.41e-03   2.88e-03     5.12e-02   6.622s
 111000 +8.85893274e+00 +8.85260829e+00  6.32e-03   2.89e-03     4.85e-02   6.674s
 112000 +8.85810864e+00 +8.85236617e+00  5.74e-03   2.91e-03     4.56e-02   6.725s
 113000 +8.85761923e+00 +8.85286701e+00  4.75e-03   2.90e-03     4.26e-02   6.777s
 114000 +8.85655853e+00 +8.85267663e+00  3.88e-03   2.87e-03     3.98e-02   6.828s
 115000 +8.85529604e+00 +8.85307102e+00  2.23e-03   2.81e-03     3.77e-02   6.879s
 116000 +8.85499878e+00 +8.85227173e+00  2.73e-03   2.74e-03     3.47e-02   6.931s
 117000 +8.85420224e+00 +8.85107354e+00  3.13e-03   2.66e-03     3.30e-02   6.982s
 118000 +8.85244101e+00 +8.85117612e+00  1.26e-03   2.57e-03     3.18e-02   7.034s
 119000 +8.85290702e+00 +8.85275611e+00  1.51e-04   2.48e-03     3.10e-02   7.085s
 120000 +8.85316961e+00 +8.85140777e+00  1.76e-03   2.37e-03     2.98e-02   7.136s
 121000 +8.85172225e+00 +8.85063185e+00  1.09e-03   2.25e-03     2.95e-02   7.188s
 122000 +8.85234912e+00 +8.85105863e+00  1.29e-03   2.16e-03     2.90e-02   7.239s
 123000 +8.85377768e+00 +8.85094410e+00  2.83e-03   2.06e-03     2.96e-02   7.291s
 124000 +8.85378257e+00 +8.85086676e+00  2.92e-03   1.98e-03     2.74e-02   7.342s
 125000 +8.85452028e+00 +8.85148970e+00  3.03e-03   1.90e-03     2.67e-02   7.393s
 126000 +8.85454657e+00 +8.85041434e+00  4.13e-03   1.83e-03     2.68e-02   7.445s
 127000 +8.85288401e+00 +8.85019396e+00  2.69e-03   1.78e-03     2.63e-02   7.496s
 128000 +8.85199390e+00 +8.84983152e+00  2.16e-03   1.73e-03     2.59e-02   7.548s
 129000 +8.85062745e+00 +8.84899662e+00  1.63e-03   1.70e-03     2.52e-02   7.599s
 130000 +8.84957613e+00 +8.84893430e+00  6.42e-04   1.66e-03     2.48e-02   7.651s
 131000 +8.84984124e+00 +8.84935167e+00  4.90e-04   1.63e-03     2.43e-02   7.702s
 132000 +8.84945349e+00 +8.84857179e+00  8.82e-04   1.63e-03     2.32e-02   7.753s
 133000 +8.84815682e+00 +8.84886042e+00  7.04e-04   1.63e-03     2.28e-02   7.805s
 134000 +8.84778302e+00 +8.84910452e+00  1.32e-03   1.62e-03     2.27e-02   7.856s
 135000 +8.84735405e+00 +8.84894898e+00  1.59e-03   1.61e-03     2.12e-02   7.908s
 136000 +8.84630755e+00 +8.84843338e+00  2.13e-03   1.60e-03     2.00e-02   7.959s
 137000 +8.84557949e+00 +8.84781844e+00  2.24e-03   1.59e-03     1.96e-02   8.011s
 138000 +8.84608907e+00 +8.84827317e+00  2.18e-03   1.48e-03     2.05e-02   8.062s
 139000 +8.84646686e+00 +8.84703850e+00  5.72e-04   1.27e-03     2.22e-02   8.113s
 140000 +8.84660932e+00 +8.84783987e+00  1.23e-03   1.02e-03     2.33e-02   8.165s
 141000 +8.84679801e+00 +8.84704905e+00  2.51e-04   8.14e-04     2.20e-02   8.216s
 142000 +8.84623432e+00 +8.84699575e+00  7.61e-04   7.17e-04     2.13e-02   8.268s
 143000 +8.84468224e+00 +8.84748194e+00  2.80e-03   6.95e-04     2.01e-02   8.319s
 144000 +8.84451285e+00 +8.84859076e+00  4.08e-03   6.27e-04     1.95e-02   8.370s
 145000 +8.84393471e+00 +8.84822776e+00  4.29e-03   5.56e-04     1.95e-02   8.422s
 146000 +8.84308770e+00 +8.84813544e+00  5.05e-03   4.67e-04     1.96e-02   8.473s
 147000 +8.84271566e+00 +8.84839745e+00  5.68e-03   4.44e-04     1.95e-02   8.525s
 148000 +8.84248635e+00 +8.84850951e+00  6.02e-03   5.14e-04     1.89e-02   8.576s
 149000 +8.84245580e+00 +8.84831732e+00  5.86e-03   5.55e-04     1.81e-02   8.628s
 150000 +8.84261025e+00 +8.84809009e+00  5.48e-03   5.61e-04     1.77e-02   8.679s
 151000 +8.84288472e+00 +8.84803410e+00  5.15e-03   5.56e-04     1.76e-02   8.730s
 152000 +8.84287253e+00 +8.84810572e+00  5.23e-03   5.64e-04     1.73e-02   8.782s
 153000 +8.84296123e+00 +8.84833046e+00  5.37e-03   5.78e-04     1.71e-02   8.833s
 154000 +8.84294384e+00 +8.84838187e+00  5.44e-03   5.95e-04     1.69e-02   8.885s
 155000 +8.84274024e+00 +8.84847736e+00  5.74e-03   6.04e-04     1.68e-02   8.936s
 156000 +8.84257150e+00 +8.84851444e+00  5.94e-03   6.04e-04     1.66e-02   8.988s
 157000 +8.84234143e+00 +8.84856389e+00  6.22e-03   5.99e-04     1.65e-02   9.039s
 158000 +8.84217359e+00 +8.84865509e+00  6.48e-03   5.90e-04     1.62e-02   9.090s
 159000 +8.84221881e+00 +8.84868827e+00  6.47e-03   5.79e-04     1.61e-02   9.142s
 160000 +8.84224162e+00 +8.84861796e+00  6.38e-03   5.64e-04     1.61e-02   9.193s
 161000 +8.84205709e+00 +8.84855103e+00  6.49e-03   5.45e-04     1.60e-02   9.245s
 162000 +8.84214429e+00 +8.84854785e+00  6.40e-03   5.23e-04     1.58e-02   9.296s
 163000 +8.84225167e+00 +8.84835682e+00  6.11e-03   5.00e-04     1.57e-02   9.347s
 164000 +8.84216181e+00 +8.84842750e+00  6.27e-03   4.76e-04     1.57e-02   9.399s
 165000 +8.84214161e+00 +8.84846292e+00  6.32e-03   4.48e-04     1.57e-02   9.450s
 166000 +8.84209860e+00 +8.84842799e+00  6.33e-03   4.21e-04     1.59e-02   9.502s
 167000 +8.84188982e+00 +8.84829725e+00  6.41e-03   3.90e-04     1.59e-02   9.553s
 168000 +8.84184782e+00 +8.84833237e+00  6.48e-03   3.59e-04     1.59e-02   9.605s
 169000 +8.84187221e+00 +8.84830883e+00  6.44e-03   3.29e-04     1.61e-02   9.656s
 170000 +8.84174901e+00 +8.84831520e+00  6.57e-03   2.98e-04     1.61e-02   9.707s
 171000 +8.84176047e+00 +8.84839160e+00  6.63e-03   2.72e-04     1.61e-02   9.759s
 172000 +8.84172302e+00 +8.84829991e+00  6.58e-03   2.51e-04     1.60e-02   9.810s
 173000 +8.84163304e+00 +8.84828200e+00  6.65e-03   2.32e-04     1.60e-02   9.862s
 174000 +8.84154932e+00 +8.84828864e+00  6.74e-03   2.17e-04     1.59e-02   9.913s
 175000 +8.84140404e+00 +8.84844757e+00  7.04e-03   2.06e-04     1.59e-02   9.964s
 176000 +8.84134919e+00 +8.84851287e+00  7.16e-03   1.95e-04     1.59e-02   10.016s
 177000 +8.84129451e+00 +8.84848145e+00  7.19e-03   1.86e-04     1.58e-02   10.067s
 178000 +8.84126989e+00 +8.84853032e+00  7.26e-03   1.71e-04     1.57e-02   10.119s
 179000 +8.84132699e+00 +8.84855299e+00  7.23e-03   1.56e-04     1.57e-02   10.170s
 180000 +8.84140156e+00 +8.84862647e+00  7.22e-03   1.37e-04     1.57e-02   10.222s
 181000 +8.84149713e+00 +8.84868661e+00  7.19e-03   1.20e-04     1.58e-02   10.273s
 182000 +8.84149839e+00 +8.84861662e+00  7.12e-03   1.03e-04     1.57e-02   10.324s
 183000 +8.84138298e+00 +8.84860530e+00  7.22e-03   8.91e-05     1.57e-02   10.376s
 184000 +8.84131385e+00 +8.84864364e+00  7.33e-03   7.72e-05     1.58e-02   10.427s
 185000 +8.84125201e+00 +8.84859871e+00  7.35e-03   7.04e-05     1.58e-02   10.479s
 186000 +8.84109450e+00 +8.84856657e+00  7.47e-03   6.98e-05     1.59e-02   10.530s
 187000 +8.84111943e+00 +8.84860384e+00  7.48e-03   7.27e-05     1.59e-02   10.582s
 188000 +8.84120615e+00 +8.84858709e+00  7.38e-03   8.14e-05     1.59e-02   10.633s
 189000 +8.84126204e+00 +8.84859406e+00  7.33e-03   9.14e-05     1.59e-02   10.684s
 190000 +8.84133625e+00 +8.84853616e+00  7.20e-03   1.02e-04     1.60e-02   10.736s
 191000 +8.84129723e+00 +8.84851209e+00  7.21e-03   1.13e-04     1.60e-02   10.787s
 192000 +8.84124332e+00 +8.84855081e+00  7.31e-03   1.25e-04     1.59e-02   10.839s
 193000 +8.84125582e+00 +8.84852185e+00  7.27e-03   1.36e-04     1.59e-02   10.890s
 194000 +8.84114014e+00 +8.84847416e+00  7.33e-03   1.45e-04     1.59e-02   10.941s
 195000 +8.84095140e+00 +8.84849230e+00  7.54e-03   1.53e-04     1.59e-02   10.993s
 196000 +8.84092595e+00 +8.84854236e+00  7.62e-03   1.58e-04     1.59e-02   11.044s
 197000 +8.84095671e+00 +8.84850378e+00  7.55e-03   1.60e-04     1.59e-02   11.096s
 198000 +8.84087934e+00 +8.84842889e+00  7.55e-03   1.59e-04     1.53e-02   11.147s
 199000 +8.84019811e+00 +8.84782121e+00  7.62e-03   2.38e-04     1.52e-02   11.198s
 200000 +8.83771117e+00 +8.84766431e+00  9.95e-03   1.25e-03     1.50e-02   11.250s
 201000 +8.83256017e+00 +8.84759656e+00  1.50e-02   1.89e-03     1.49e-02   11.302s
 202000 +8.82880199e+00 +8.84756944e+00  1.88e-02   2.67e-03     1.48e-02   11.353s
 203000 +8.82644456e+00 +8.84751143e+00  2.11e-02   3.26e-03     1.47e-02   11.405s
 204000 +8.82582325e+00 +8.84748623e+00  2.17e-02   3.67e-03     1.46e-02   11.456s
 205000 +8.82692476e+00 +8.84741905e+00  2.05e-02   4.09e-03     1.46e-02   11.507s
 206000 +8.83020590e+00 +8.84735410e+00  1.71e-02   4.63e-03     1.49e-02   11.559s
 207000 +8.83190718e+00 +8.84693055e+00  1.50e-02   5.04e-03     1.47e-02   11.610s
 208000 +8.83346938e+00 +8.84674292e+00  1.33e-02   5.44e-03     1.45e-02   11.661s
 209000 +8.83535284e+00 +8.84652659e+00  1.12e-02   5.65e-03     1.45e-02   11.713s
 210000 +8.83849807e+00 +8.84619868e+00  7.70e-03   5.74e-03     1.41e-02   11.764s
 211000 +8.83183647e+00 +8.84463207e+00  1.28e-02   6.21e-03     1.19e-02   11.816s
 212000 +8.82295171e+00 +8.84299015e+00  2.00e-02   6.46e-03     1.07e-02   11.867s
 213000 +8.82752493e+00 +8.84235890e+00  1.48e-02   6.07e-03     8.81e-03   11.919s
 214000 +8.82896331e+00 +8.84069654e+00  1.17e-02   8.93e-03     7.33e-03   11.970s
 215000 +8.83109308e+00 +8.84060756e+00  9.51e-03   1.05e-02     7.14e-03   12.022s
 216000 +8.83121703e+00 +8.84018766e+00  8.97e-03   1.15e-02     6.40e-03   12.073s
 217000 +8.82751834e+00 +8.84018882e+00  1.27e-02   1.26e-02     5.94e-03   12.124s
 218000 +8.82646044e+00 +8.83993579e+00  1.35e-02   1.33e-02     5.34e-03   12.176s
 219000 +8.82743906e+00 +8.83961408e+00  1.22e-02   1.36e-02     4.80e-03   12.227s
 220000 +8.82585040e+00 +8.83951232e+00  1.37e-02   1.38e-02     4.51e-03   12.279s
 221000 +8.82667082e+00 +8.83940640e+00  1.27e-02   1.40e-02     4.20e-03   12.330s
 222000 +8.83244198e+00 +8.83928739e+00  6.85e-03   1.41e-02     4.05e-03   12.382s
 223000 +8.83731421e+00 +8.83909139e+00  1.78e-03   1.38e-02     3.87e-03   12.433s
 224000 +8.84276682e+00 +8.83904019e+00  3.73e-03   1.36e-02     3.78e-03   12.484s
 225000 +8.84958507e+00 +8.83890254e+00  1.07e-02   1.32e-02     3.62e-03   12.536s
 226000 +8.85651651e+00 +8.83877974e+00  1.77e-02   1.27e-02     3.45e-03   12.587s
 227000 +8.86168102e+00 +8.83872225e+00  2.30e-02   1.23e-02     3.29e-03   12.639s
 228000 +8.86537563e+00 +8.83858889e+00  2.68e-02   1.19e-02     2.98e-03   12.690s
 229000 +8.86686343e+00 +8.83852958e+00  2.83e-02   1.14e-02     2.69e-03   12.741s
 230000 +8.86473651e+00 +8.83848471e+00  2.63e-02   1.09e-02     2.36e-03   12.793s
 231000 +8.86043640e+00 +8.83851429e+00  2.19e-02   1.06e-02     2.00e-03   12.844s
 232000 +8.85666384e+00 +8.83852413e+00  1.81e-02   1.03e-02     1.56e-03   12.896s
 233000 +8.85443474e+00 +8.83863610e+00  1.58e-02   1.01e-02     1.28e-03   12.947s
 234000 +8.85448026e+00 +8.83867295e+00  1.58e-02   9.87e-03     1.04e-03   12.999s
 235000 +8.85768398e+00 +8.83867267e+00  1.90e-02   9.56e-03     7.44e-04   13.050s
 236000 +8.86348465e+00 +8.83867546e+00  2.48e-02   9.19e-03     5.26e-04   13.101s
 237000 +8.86336188e+00 +8.83868043e+00  2.47e-02   8.89e-03     4.04e-04   13.153s
 238000 +8.86233654e+00 +8.83868610e+00  2.37e-02   8.54e-03     4.28e-04   13.204s
 239000 +8.86265604e+00 +8.83853352e+00  2.41e-02   8.13e-03     6.69e-04   13.255s
 240000 +8.85592075e+00 +8.83858198e+00  1.73e-02   7.68e-03     7.57e-04   13.307s
 241000 +8.85132852e+00 +8.83855749e+00  1.28e-02   7.31e-03     9.25e-04   13.358s
 242000 +8.85094731e+00 +8.83850941e+00  1.24e-02   6.90e-03     1.09e-03   13.410s
 243000 +8.84687048e+00 +8.83851662e+00  8.35e-03   6.47e-03     1.10e-03   13.461s
 244000 +8.84055979e+00 +8.83859034e+00  1.97e-03   6.13e-03     1.10e-03   13.513s
 245000 +8.84108413e+00 +8.83855789e+00  2.53e-03   5.82e-03     1.12e-03   13.564s
 246000 +8.84213869e+00 +8.83857984e+00  3.56e-03   5.50e-03     9.76e-04   13.615s
 247000 +8.83967089e+00 +8.83860500e+00  1.07e-03   5.27e-03     9.13e-04   13.667s
 248000 +8.84271296e+00 +8.83854785e+00  4.17e-03   5.07e-03     8.45e-04   13.718s
 249000 +8.84670591e+00 +8.83850707e+00  8.20e-03   4.83e-03     8.12e-04   13.770s
 250000 +8.84633504e+00 +8.83841270e+00  7.92e-03   4.76e-03     1.10e-03   13.821s
 251000 +8.84596275e+00 +8.83820331e+00  7.76e-03   4.61e-03     1.54e-03   13.873s
 252000 +8.84624495e+00 +8.83795121e+00  8.29e-03   4.45e-03     1.90e-03   13.924s
 253000 +8.84635380e+00 +8.83776187e+00  8.59e-03   4.29e-03     2.13e-03   13.976s
 254000 +8.84568912e+00 +8.83768526e+00  8.00e-03   4.17e-03     2.23e-03   14.027s
 255000 +8.84464888e+00 +8.83764430e+00  7.00e-03   4.08e-03     2.22e-03   14.078s
 256000 +8.84351148e+00 +8.83764868e+00  5.86e-03   4.01e-03     2.18e-03   14.130s
 257000 +8.84214065e+00 +8.83766772e+00  4.47e-03   3.92e-03     2.18e-03   14.181s
 258000 +8.84098224e+00 +8.83779984e+00  3.18e-03   3.85e-03     2.16e-03   14.233s
 259000 +8.84053895e+00 +8.83793703e+00  2.60e-03   3.77e-03     2.14e-03   14.284s
 260000 +8.84063168e+00 +8.83803032e+00  2.60e-03   3.71e-03     2.12e-03   14.336s
 261000 +8.84093975e+00 +8.83805776e+00  2.88e-03   3.63e-03     2.14e-03   14.387s
 262000 +8.84179997e+00 +8.83817073e+00  3.63e-03   3.57e-03     2.07e-03   14.438s
 263000 +8.84277092e+00 +8.83824970e+00  4.52e-03   3.53e-03     1.98e-03   14.490s
 264000 +8.84346643e+00 +8.83830375e+00  5.16e-03   3.49e-03     2.20e-03   14.541s
 265000 +8.84292851e+00 +8.83824969e+00  4.68e-03   3.42e-03     2.37e-03   14.593s
 266000 +8.84165676e+00 +8.83834249e+00  3.31e-03   3.35e-03     2.57e-03   14.644s
 267000 +8.84129064e+00 +8.83827128e+00  3.02e-03   3.25e-03     2.86e-03   14.695s
 268000 +8.84037079e+00 +8.83811328e+00  2.26e-03   3.16e-03     2.98e-03   14.747s
 269000 +8.83801551e+00 +8.83814542e+00  1.30e-04   3.10e-03     2.92e-03   14.798s
 270000 +8.83672077e+00 +8.83817553e+00  1.45e-03   3.05e-03     2.90e-03   14.850s
 271000 +8.83739935e+00 +8.83824223e+00  8.43e-04   3.00e-03     2.77e-03   14.901s
 272000 +8.83811730e+00 +8.83824020e+00  1.23e-04   2.95e-03     2.61e-03   14.953s
 273000 +8.83830547e+00 +8.83824516e+00  6.03e-05   2.91e-03     2.41e-03   15.004s
 274000 +8.83920430e+00 +8.83823621e+00  9.68e-04   2.91e-03     2.22e-03   15.055s
 275000 +8.84063024e+00 +8.83839188e+00  2.24e-03   2.90e-03     2.13e-03   15.107s
 276000 +8.84134856e+00 +8.83837278e+00  2.98e-03   2.90e-03     1.93e-03   15.158s
 277000 +8.84167476e+00 +8.83841385e+00  3.26e-03   2.90e-03     1.70e-03   15.209s
 278000 +8.84157461e+00 +8.83847175e+00  3.10e-03   2.90e-03     1.57e-03   15.261s
 279000 +8.84069818e+00 +8.83857148e+00  2.13e-03   2.90e-03     1.43e-03   15.312s
 280000 +8.84037177e+00 +8.83864662e+00  1.73e-03   2.90e-03     1.31e-03   15.364s
 281000 +8.84038481e+00 +8.83868020e+00  1.70e-03   2.90e-03     1.09e-03   15.415s
 282000 +8.83913252e+00 +8.83867471e+00  4.58e-04   2.92e-03     9.59e-04   15.467s
 283000 +8.83802852e+00 +8.83881552e+00  7.87e-04   2.91e-03     8.50e-04   15.518s
 284000 +8.83842351e+00 +8.83896969e+00  5.46e-04   2.93e-03     6.72e-04   15.569s
 285000 +8.83902563e+00 +8.83906637e+00  4.07e-05   2.93e-03     5.38e-04   15.621s
 286000 +8.83883975e+00 +8.83907181e+00  2.32e-04   2.93e-03     4.36e-04   15.672s
 287000 +8.83880114e+00 +8.83919492e+00  3.94e-04   2.92e-03     4.15e-04   15.724s
 288000 +8.83977485e+00 +8.83926434e+00  5.11e-04   2.89e-03     4.58e-04   15.775s
 289000 +8.84012213e+00 +8.83923927e+00  8.83e-04   2.85e-03     5.52e-04   15.826s
 290000 +8.84016822e+00 +8.83918352e+00  9.85e-04   2.83e-03     7.12e-04   15.878s
 291000 +8.84003013e+00 +8.83909090e+00  9.39e-04   2.82e-03     1.08e-03   15.930s
 292000 +8.83979042e+00 +8.83915523e+00  6.35e-04   2.81e-03     1.15e-03   15.981s
 293000 +8.83951219e+00 +8.83925404e+00  2.58e-04   2.79e-03     1.31e-03   16.032s
 294000 +8.83972699e+00 +8.83931313e+00  4.14e-04   2.74e-03     1.60e-03   16.084s
 295000 +8.84007492e+00 +8.83935756e+00  7.17e-04   2.69e-03     1.64e-03   16.135s
 296000 +8.83977439e+00 +8.83896227e+00  8.12e-04   2.66e-03     1.83e-03   16.187s
 297000 +8.83906057e+00 +8.83874479e+00  3.16e-04   2.61e-03     2.14e-03   16.238s
 298000 +8.83875422e+00 +8.83859144e+00  1.63e-04   2.57e-03     2.57e-03   16.290s
 299000 +8.83854939e+00 +8.83842735e+00  1.22e-04   2.51e-03     2.97e-03   16.341s
 300000 +8.83845844e+00 +8.83825293e+00  2.06e-04   2.44e-03     3.26e-03   16.393s
 301000 +8.83884135e+00 +8.83794793e+00  8.93e-04   2.37e-03     3.69e-03   16.444s
 302000 +8.83923501e+00 +8.83777133e+00  1.46e-03   2.29e-03     3.99e-03   16.495s
 303000 +8.83949731e+00 +8.83762006e+00  1.88e-03   2.21e-03     4.23e-03   16.547s
 304000 +8.83948978e+00 +8.83744273e+00  2.05e-03   2.13e-03     4.44e-03   16.598s
 305000 +8.83941171e+00 +8.83721099e+00  2.20e-03   2.05e-03     4.79e-03   16.650s
 306000 +8.83939824e+00 +8.83711851e+00  2.28e-03   1.97e-03     4.94e-03   16.701s
 307000 +8.83923899e+00 +8.83697725e+00  2.26e-03   1.89e-03     5.02e-03   16.752s
 308000 +8.83910378e+00 +8.83698287e+00  2.12e-03   1.81e-03     5.07e-03   16.804s
 309000 +8.83896382e+00 +8.83692924e+00  2.03e-03   1.74e-03     5.12e-03   16.855s
 310000 +8.83883432e+00 +8.83688082e+00  1.95e-03   1.68e-03     5.06e-03   16.907s
 311000 +8.83866597e+00 +8.83689627e+00  1.77e-03   1.63e-03     5.13e-03   16.958s
 312000 +8.83842730e+00 +8.83697716e+00  1.45e-03   1.57e-03     5.16e-03   17.010s
 313000 +8.83877570e+00 +8.83711608e+00  1.66e-03   1.47e-03     4.91e-03   17.061s
 314000 +8.83874872e+00 +8.83714021e+00  1.61e-03   1.37e-03     4.79e-03   17.112s
 315000 +8.83805028e+00 +8.83704608e+00  1.00e-03   1.28e-03     4.88e-03   17.164s
 316000 +8.83847604e+00 +8.83733360e+00  1.14e-03   1.19e-03     5.20e-03   17.215s
 317000 +8.83979591e+00 +8.83725133e+00  2.54e-03   1.11e-03     5.29e-03   17.267s
 318000 +8.84010998e+00 +8.83711057e+00  3.00e-03   1.03e-03     5.58e-03   17.318s
 319000 +8.84003298e+00 +8.83715582e+00  2.88e-03   9.89e-04     5.67e-03   17.369s
 320000 +8.83989219e+00 +8.83694811e+00  2.94e-03   9.33e-04     5.58e-03   17.421s
 321000 +8.83889806e+00 +8.83701015e+00  1.89e-03   8.79e-04     5.39e-03   17.472s
 322000 +8.83844204e+00 +8.83694695e+00  1.50e-03   8.06e-04     5.32e-03   17.524s
 323000 +8.83869389e+00 +8.83697102e+00  1.72e-03   7.33e-04     5.08e-03   17.575s
 324000 +8.83899455e+00 +8.83698952e+00  2.01e-03   6.97e-04     5.09e-03   17.626s
 325000 +8.83934362e+00 +8.83714457e+00  2.20e-03   6.64e-04     4.95e-03   17.678s
 326000 +8.83952576e+00 +8.83718410e+00  2.34e-03   6.48e-04     5.08e-03   17.729s
 327000 +8.83936230e+00 +8.83729667e+00  2.07e-03   6.38e-04     5.08e-03   17.781s
 328000 +8.83925550e+00 +8.83736469e+00  1.89e-03   6.10e-04     4.98e-03   17.832s
 329000 +8.83850920e+00 +8.83739324e+00  1.12e-03   5.91e-04     4.55e-03   17.884s
 330000 +8.83784193e+00 +8.83755446e+00  2.87e-04   5.75e-04     4.44e-03   17.935s
 331000 +8.83812719e+00 +8.83782164e+00  3.06e-04   5.70e-04     4.27e-03   17.987s
 332000 +8.83893408e+00 +8.83784140e+00  1.09e-03   5.76e-04     4.06e-03   18.038s
 333000 +8.83929319e+00 +8.83796250e+00  1.33e-03   5.98e-04     3.96e-03   18.089s
 334000 +8.84011050e+00 +8.83816073e+00  1.95e-03   6.04e-04     3.75e-03   18.141s
 335000 +8.84037183e+00 +8.83816814e+00  2.20e-03   6.14e-04     3.52e-03   18.192s
 336000 +8.83999221e+00 +8.83827839e+00  1.71e-03   6.19e-04     3.33e-03   18.244s
 337000 +8.83967828e+00 +8.83834563e+00  1.33e-03   6.26e-04     3.30e-03   18.295s
 338000 +8.83903835e+00 +8.83854892e+00  4.89e-04   6.47e-04     2.94e-03   18.346s
 339000 +8.83879249e+00 +8.83863618e+00  1.56e-04   6.57e-04     2.73e-03   18.398s
 340000 +8.83877921e+00 +8.83873070e+00  4.85e-05   6.60e-04     2.62e-03   18.449s
 341000 +8.83903033e+00 +8.83885585e+00  1.74e-04   6.64e-04     2.23e-03   18.501s
 342000 +8.83936147e+00 +8.83906394e+00  2.98e-04   6.72e-04     2.16e-03   18.552s
 343000 +8.84010217e+00 +8.83910055e+00  1.00e-03   6.73e-04     1.73e-03   18.603s
 344000 +8.84019294e+00 +8.83902110e+00  1.17e-03   6.71e-04     1.71e-03   18.655s
 345000 +8.83994249e+00 +8.83901349e+00  9.29e-04   6.72e-04     1.47e-03   18.706s
 346000 +8.84002831e+00 +8.83908348e+00  9.45e-04   6.73e-04     1.40e-03   18.758s
 347000 +8.84041780e+00 +8.83920953e+00  1.21e-03   6.67e-04     1.21e-03   18.809s
 348000 +8.84106896e+00 +8.83912897e+00  1.94e-03   6.62e-04     1.17e-03   18.861s
 349000 +8.84099034e+00 +8.83910000e+00  1.89e-03   6.63e-04     1.04e-03   18.912s
 350000 +8.84037519e+00 +8.83908824e+00  1.29e-03   6.53e-04     8.64e-04   18.963s
 351000 +8.83978180e+00 +8.83916507e+00  6.17e-04   6.41e-04     8.60e-04   19.015s
 352000 +8.83946256e+00 +8.83918545e+00  2.77e-04   6.22e-04     9.20e-04   19.066s
 353000 +8.83918254e+00 +8.83916200e+00  2.05e-05   6.13e-04     8.83e-04   19.118s
 354000 +8.83911376e+00 +8.83916619e+00  5.24e-05   6.06e-04     8.16e-04   19.169s
 355000 +8.83922471e+00 +8.83915271e+00  7.20e-05   6.01e-04     7.71e-04   19.221s
 356000 +8.83930379e+00 +8.83913695e+00  1.67e-04   5.99e-04     7.26e-04   19.272s
 357000 +8.83938699e+00 +8.83911910e+00  2.68e-04   5.96e-04     6.98e-04   19.324s
 358000 +8.83939369e+00 +8.83910475e+00  2.89e-04   5.94e-04     6.69e-04   19.375s
 359000 +8.83934906e+00 +8.83910296e+00  2.46e-04   5.90e-04     6.26e-04   19.427s
 360000 +8.83928727e+00 +8.83910307e+00  1.84e-04   5.86e-04     5.83e-04   19.478s
 361000 +8.83922452e+00 +8.83911417e+00  1.10e-04   5.83e-04     5.41e-04   19.529s
 362000 +8.83914672e+00 +8.83913391e+00  1.28e-05   5.81e-04     5.06e-04   19.581s
 363000 +8.83911992e+00 +8.83916928e+00  4.94e-05   5.79e-04     4.81e-04   19.632s
 364000 +8.83917680e+00 +8.83920452e+00  2.77e-05   5.78e-04     4.67e-04   19.684s
 365000 +8.83925208e+00 +8.83923454e+00  1.75e-05   5.76e-04     4.63e-04   19.735s
 366000 +8.83933019e+00 +8.83926042e+00  6.98e-05   5.75e-04     4.63e-04   19.787s
 367000 +8.83936962e+00 +8.83928648e+00  8.31e-05   5.74e-04     4.60e-04   19.838s
 368000 +8.83938426e+00 +8.83931437e+00  6.99e-05   5.72e-04     4.56e-04   19.889s
 369000 +8.83939939e+00 +8.83934054e+00  5.89e-05   5.71e-04     4.48e-04   19.941s
 370000 +8.83943262e+00 +8.83936709e+00  6.55e-05   5.69e-04     4.31e-04   19.992s
 371000 +8.83947195e+00 +8.83939091e+00  8.10e-05   5.67e-04     4.13e-04   20.044s
 372000 +8.83951629e+00 +8.83941693e+00  9.94e-05   5.65e-04     3.93e-04   20.095s
 373000 +8.83956028e+00 +8.83944200e+00  1.18e-04   5.63e-04     3.72e-04   20.146s
 374000 +8.83961277e+00 +8.83947174e+00  1.41e-04   5.61e-04     3.53e-04   20.198s
 375000 +8.83969335e+00 +8.83949750e+00  1.96e-04   5.60e-04     3.38e-04   20.249s
 376000 +8.83976519e+00 +8.83952116e+00  2.44e-04   5.58e-04     3.25e-04   20.301s
 377000 +8.83982520e+00 +8.83954015e+00  2.85e-04   5.55e-04     3.17e-04   20.352s
 378000 +8.83986900e+00 +8.83955888e+00  3.10e-04   5.53e-04     3.07e-04   20.403s
 379000 +8.83988680e+00 +8.83957202e+00  3.15e-04   5.50e-04     3.01e-04   20.455s
 380000 +8.83989294e+00 +8.83958080e+00  3.12e-04   5.47e-04     2.90e-04   20.506s
 381000 +8.83987107e+00 +8.83959152e+00  2.80e-04   5.45e-04     2.78e-04   20.558s
 382000 +8.83984798e+00 +8.83960853e+00  2.39e-04   5.42e-04     2.88e-04   20.609s
 383000 +8.83983022e+00 +8.83961206e+00  2.18e-04   5.39e-04     2.69e-04   20.660s
 384000 +8.83981109e+00 +8.83961631e+00  1.95e-04   5.38e-04     2.73e-04   20.712s
 385000 +8.83981134e+00 +8.83962822e+00  1.83e-04   5.36e-04     2.75e-04   20.763s
 386000 +8.83982187e+00 +8.83963665e+00  1.85e-04   5.34e-04     2.72e-04   20.815s
 387000 +8.83982706e+00 +8.83963417e+00  1.93e-04   5.32e-04     2.81e-04   20.866s
 388000 +8.83979403e+00 +8.83962921e+00  1.65e-04   5.31e-04     2.68e-04   20.918s
 389000 +8.83975083e+00 +8.83962376e+00  1.27e-04   5.30e-04     2.83e-04   20.969s
 390000 +8.83973353e+00 +8.83963737e+00  9.62e-05   5.29e-04     2.70e-04   21.020s
 391000 +8.83972067e+00 +8.83962172e+00  9.89e-05   5.29e-04     2.73e-04   21.072s
 392000 +8.83971921e+00 +8.83961854e+00  1.01e-04   5.28e-04     2.56e-04   21.123s
 393000 +8.83968480e+00 +8.83960157e+00  8.32e-05   5.28e-04     2.44e-04   21.175s
 394000 +8.83965590e+00 +8.83959770e+00  5.82e-05   5.28e-04     2.32e-04   21.226s
 395000 +8.83963758e+00 +8.83959918e+00  3.84e-05   5.28e-04     2.08e-04   21.277s
 396000 +8.83965310e+00 +8.83958321e+00  6.99e-05   5.28e-04     1.98e-04   21.329s
 397000 +8.83964618e+00 +8.83957064e+00  7.55e-05   5.29e-04     1.71e-04   21.380s
 398000 +8.83961523e+00 +8.83956225e+00  5.30e-05   5.29e-04     1.60e-04   21.432s
 399000 +8.83961367e+00 +8.83956040e+00  5.33e-05   5.29e-04     1.44e-04   21.483s
 400000 +8.83960333e+00 +8.83955538e+00  4.79e-05   5.29e-04     1.63e-04   21.535s
 401000 +8.83961427e+00 +8.83954287e+00  7.14e-05   5.29e-04     1.75e-04   21.586s
 402000 +8.83961649e+00 +8.83954863e+00  6.79e-05   5.29e-04     1.89e-04   21.638s
 403000 +8.83961684e+00 +8.83953835e+00  7.85e-05   5.28e-04     2.50e-04   21.689s
 404000 +8.83960309e+00 +8.83954861e+00  5.45e-05   5.28e-04     2.51e-04   21.740s
 405000 +8.83960787e+00 +8.83956175e+00  4.61e-05   5.28e-04     2.87e-04   21.792s
 406000 +8.83963034e+00 +8.83956087e+00  6.95e-05   5.28e-04     3.12e-04   21.843s
 407000 +8.83964832e+00 +8.83956417e+00  8.41e-05   5.27e-04     4.23e-04   21.895s
 408000 +8.83966627e+00 +8.83953924e+00  1.27e-04   5.27e-04     4.87e-04   21.946s
 409000 +8.83967403e+00 +8.83956980e+00  1.04e-04   5.26e-04     5.40e-04   21.997s
 410000 +8.83967256e+00 +8.83952073e+00  1.52e-04   5.25e-04     6.18e-04   22.049s
 411000 +8.83969762e+00 +8.83951596e+00  1.82e-04   5.22e-04     7.21e-04   22.100s
 412000 +8.83967790e+00 +8.83929425e+00  3.84e-04   5.17e-04     8.68e-04   22.152s
 413000 +8.83958563e+00 +8.83921771e+00  3.68e-04   5.07e-04     1.47e-03   22.203s
 414000 +8.83951351e+00 +8.83913686e+00  3.77e-04   4.95e-04     1.87e-03   22.254s
 415000 +8.83956088e+00 +8.83942470e+00  1.36e-04   4.78e-04     1.69e-03   22.306s
 416000 +8.83972324e+00 +8.83938350e+00  3.40e-04   4.65e-04     1.91e-03   22.357s
 417000 +8.83972596e+00 +8.83927750e+00  4.48e-04   4.49e-04     2.18e-03   22.409s
 418000 +8.83973728e+00 +8.83914495e+00  5.92e-04   4.29e-04     2.49e-03   22.460s
 419000 +8.83976955e+00 +8.83923137e+00  5.38e-04   4.13e-04     2.72e-03   22.511s
 420000 +8.83993671e+00 +8.83908185e+00  8.55e-04   3.94e-04     2.68e-03   22.563s
 421000 +8.83988755e+00 +8.83873307e+00  1.15e-03   3.80e-04     2.81e-03   22.614s
 422000 +8.83970316e+00 +8.83865571e+00  1.05e-03   3.65e-04     2.85e-03   22.666s
 423000 +8.83965181e+00 +8.83852471e+00  1.13e-03   3.49e-04     2.91e-03   22.717s
 424000 +8.83966191e+00 +8.83844836e+00  1.21e-03   3.30e-04     2.85e-03   22.769s
 425000 +8.83968143e+00 +8.83813307e+00  1.55e-03   3.12e-04     2.86e-03   22.820s
 426000 +8.83963187e+00 +8.83814229e+00  1.49e-03   2.97e-04     2.87e-03   22.871s
 427000 +8.83970469e+00 +8.83815422e+00  1.55e-03   2.82e-04     2.84e-03   22.923s
 428000 +8.83974782e+00 +8.83812186e+00  1.63e-03   2.70e-04     2.78e-03   22.974s
 429000 +8.83969249e+00 +8.83803864e+00  1.65e-03   2.54e-04     2.83e-03   23.026s
 430000 +8.83962812e+00 +8.83797843e+00  1.65e-03   2.42e-04     2.87e-03   23.077s
 431000 +8.83960425e+00 +8.83799073e+00  1.61e-03   2.29e-04     2.88e-03   23.128s
 432000 +8.83967691e+00 +8.83783541e+00  1.84e-03   2.16e-04     2.79e-03   23.180s
 433000 +8.83961199e+00 +8.83771503e+00  1.90e-03   2.05e-04     2.74e-03   23.231s
 434000 +8.83945487e+00 +8.83770145e+00  1.75e-03   1.86e-04     2.78e-03   23.283s
 435000 +8.83934322e+00 +8.83773625e+00  1.61e-03   1.72e-04     2.83e-03   23.334s
 436000 +8.83927246e+00 +8.83781437e+00  1.46e-03   1.57e-04     2.88e-03   23.386s
 437000 +8.83922519e+00 +8.83778546e+00  1.44e-03   1.45e-04     2.76e-03   23.437s
 438000 +8.83924698e+00 +8.83788359e+00  1.36e-03   1.34e-04     2.88e-03   23.488s
 439000 +8.83939556e+00 +8.83789855e+00  1.50e-03   1.21e-04     2.78e-03   23.540s
 440000 +8.83954313e+00 +8.83787517e+00  1.67e-03   1.15e-04     2.83e-03   23.591s
 441000 +8.83966057e+00 +8.83796363e+00  1.70e-03   1.08e-04     2.70e-03   23.643s
 442000 +8.83967153e+00 +8.83798459e+00  1.69e-03   1.03e-04     2.70e-03   23.694s
 443000 +8.83968324e+00 +8.83810812e+00  1.58e-03   9.83e-05     2.63e-03   23.745s
 444000 +8.83970896e+00 +8.83807820e+00  1.63e-03   9.09e-05     2.62e-03   23.797s
 445000 +8.83969948e+00 +8.83809927e+00  1.60e-03   8.47e-05     2.49e-03   23.848s
 446000 +8.83964998e+00 +8.83811683e+00  1.53e-03   7.65e-05     2.45e-03   23.900s
 447000 +8.83959956e+00 +8.83829845e+00  1.30e-03   7.42e-05     2.43e-03   23.951s
 448000 +8.83961126e+00 +8.83846154e+00  1.15e-03   6.86e-05     2.40e-03   24.003s
 449000 +8.83960169e+00 +8.83848921e+00  1.11e-03   6.61e-05     2.44e-03   24.054s
 450000 +8.83964489e+00 +8.83864309e+00  1.00e-03   6.17e-05     2.29e-03   24.105s
 451000 +8.83969506e+00 +8.83862681e+00  1.07e-03   6.12e-05     2.19e-03   24.157s
 452000 +8.83973427e+00 +8.83866320e+00  1.07e-03   6.27e-05     2.01e-03   24.208s
 453000 +8.83975920e+00 +8.83870227e+00  1.06e-03   6.08e-05     1.85e-03   24.259s
 454000 +8.83972610e+00 +8.83873544e+00  9.91e-04   6.15e-05     1.78e-03   24.311s
 455000 +8.83973065e+00 +8.83877850e+00  9.52e-04   5.87e-05     1.71e-03   24.362s
 456000 +8.83974625e+00 +8.83889612e+00  8.50e-04   6.02e-05     1.55e-03   24.414s
 457000 +8.83976692e+00 +8.83895933e+00  8.08e-04   5.89e-05     1.47e-03   24.465s
 458000 +8.83976231e+00 +8.83899359e+00  7.69e-04   5.38e-05     1.39e-03   24.516s
 459000 +8.83975620e+00 +8.83903981e+00  7.16e-04   5.12e-05     1.40e-03   24.568s
 460000 +8.83976951e+00 +8.83907631e+00  6.93e-04   5.11e-05     1.41e-03   24.619s
 461000 +8.83976849e+00 +8.83908057e+00  6.88e-04   5.13e-05     1.43e-03   24.671s
 462000 +8.83975405e+00 +8.83907573e+00  6.78e-04   5.16e-05     1.43e-03   24.722s
 463000 +8.83972688e+00 +8.83907926e+00  6.48e-04   5.22e-05     1.42e-03   24.774s
 464000 +8.83969378e+00 +8.83908620e+00  6.08e-04   5.34e-05     1.40e-03   24.825s
 465000 +8.83965983e+00 +8.83908919e+00  5.71e-04   5.50e-05     1.36e-03   24.876s
 466000 +8.83962758e+00 +8.83910009e+00  5.27e-04   5.67e-05     1.31e-03   24.928s
 467000 +8.83960878e+00 +8.83911817e+00  4.91e-04   5.82e-05     1.27e-03   24.979s
 468000 +8.83960046e+00 +8.83913988e+00  4.61e-04   5.94e-05     1.23e-03   25.031s
 469000 +8.83959734e+00 +8.83914953e+00  4.48e-04   6.04e-05     1.19e-03   25.082s
 470000 +8.83959153e+00 +8.83916164e+00  4.30e-04   6.12e-05     1.15e-03   25.134s
 471000 +8.83958173e+00 +8.83917679e+00  4.05e-04   6.18e-05     1.12e-03   25.185s
 472000 +8.83957162e+00 +8.83919706e+00  3.75e-04   6.23e-05     1.10e-03   25.236s
 473000 +8.83956122e+00 +8.83921970e+00  3.42e-04   6.27e-05     1.06e-03   25.288s
 474000 +8.83954746e+00 +8.83924081e+00  3.07e-04   6.29e-05     1.04e-03   25.339s
 475000 +8.83953131e+00 +8.83926763e+00  2.64e-04   6.28e-05     1.01e-03   25.391s
 476000 +8.83951796e+00 +8.83929688e+00  2.21e-04   6.24e-05     9.85e-04   25.442s
 477000 +8.83951000e+00 +8.83932193e+00  1.88e-04   6.18e-05     9.66e-04   25.493s
 478000 +8.83950481e+00 +8.83934754e+00  1.57e-04   6.10e-05     9.50e-04   25.545s
 479000 +8.83950195e+00 +8.83937093e+00  1.31e-04   5.99e-05     9.35e-04   25.596s
 480000 +8.83950454e+00 +8.83939704e+00  1.08e-04   5.86e-05     9.20e-04   25.648s
 481000 +8.83951235e+00 +8.83941847e+00  9.39e-05   5.70e-05     9.10e-04   25.699s
 482000 +8.83952391e+00 +8.83943860e+00  8.53e-05   5.53e-05     9.01e-04   25.751s
 483000 +8.83953817e+00 +8.83945807e+00  8.01e-05   5.33e-05     8.93e-04   25.802s
 484000 +8.83955308e+00 +8.83947662e+00  7.65e-05   5.12e-05     8.86e-04   25.853s
 485000 +8.83956638e+00 +8.83949437e+00  7.20e-05   4.90e-05     8.80e-04   25.905s
 486000 +8.83957575e+00 +8.83951082e+00  6.49e-05   4.67e-05     8.74e-04   25.956s
 487000 +8.83958261e+00 +8.83952762e+00  5.50e-05   4.42e-05     8.68e-04   26.008s
 488000 +8.83958891e+00 +8.83954491e+00  4.40e-05   4.17e-05     8.62e-04   26.059s
 489000 +8.83959463e+00 +8.83955778e+00  3.68e-05   3.91e-05     8.57e-04   26.111s
 490000 +8.83959802e+00 +8.83956804e+00  3.00e-05   3.65e-05     8.53e-04   26.162s
 491000 +8.83959896e+00 +8.83957542e+00  2.35e-05   3.38e-05     8.50e-04   26.213s
 492000 +8.83960040e+00 +8.83958274e+00  1.77e-05   3.11e-05     8.50e-04   26.265s
 493000 +8.83960201e+00 +8.83958614e+00  1.59e-05   2.84e-05     8.52e-04   26.316s
 494000 +8.83960348e+00 +8.83958648e+00  1.70e-05   2.58e-05     8.53e-04   26.368s
 495000 +8.83960495e+00 +8.83958703e+00  1.79e-05   2.32e-05     8.55e-04   26.419s
 496000 +8.83960792e+00 +8.83958807e+00  1.98e-05   2.07e-05     8.56e-04   26.470s
 497000 +8.83961283e+00 +8.83958690e+00  2.59e-05   1.82e-05     8.59e-04   26.522s
 498000 +8.83961790e+00 +8.83958423e+00  3.37e-05   1.59e-05     8.61e-04   26.573s
 499000 +8.83962139e+00 +8.83957856e+00  4.28e-05   1.37e-05     8.63e-04   26.625s
 500000 +8.83962209e+00 +8.83957310e+00  4.90e-05   1.18e-05     8.65e-04   26.676s
 501000 +8.83962029e+00 +8.83956523e+00  5.51e-05   1.01e-05     8.67e-04   26.727s
 502000 +8.83961668e+00 +8.83955632e+00  6.04e-05   8.65e-06     8.68e-04   26.779s
 503000 +8.83961188e+00 +8.83954753e+00  6.43e-05   7.63e-06     8.68e-04   26.830s
 504000 +8.83960775e+00 +8.83953891e+00  6.88e-05   6.98e-06     8.66e-04   26.882s
 505000 +8.83960437e+00 +8.83952869e+00  7.57e-05   6.65e-06     8.64e-04   26.933s
 506000 +8.83960150e+00 +8.83951618e+00  8.53e-05   6.52e-06     8.62e-04   26.984s
 507000 +8.83959892e+00 +8.83950375e+00  9.52e-05   6.50e-06     8.62e-04   27.036s
 508000 +8.83959796e+00 +8.83949249e+00  1.05e-04   6.46e-06     8.62e-04   27.087s
 509000 +8.83959834e+00 +8.83948003e+00  1.18e-04   6.36e-06     8.64e-04   27.139s
 510000 +8.83959890e+00 +8.83946835e+00  1.31e-04   6.19e-06     8.64e-04   27.190s
 511000 +8.83959911e+00 +8.83945661e+00  1.43e-04   5.94e-06     8.67e-04   27.241s
 512000 +8.83959974e+00 +8.83944738e+00  1.52e-04   5.62e-06     8.70e-04   27.293s
 513000 +8.83960068e+00 +8.83943801e+00  1.63e-04   5.23e-06     8.74e-04   27.344s
 514000 +8.83960138e+00 +8.83942810e+00  1.73e-04   4.77e-06     8.78e-04   27.396s
 515000 +8.83960053e+00 +8.83941919e+00  1.81e-04   4.26e-06     8.83e-04   27.447s
 516000 +8.83959912e+00 +8.83941154e+00  1.88e-04   3.76e-06     8.88e-04   27.498s
 517000 +8.83959885e+00 +8.83940477e+00  1.94e-04   3.36e-06     8.91e-04   27.550s
 518000 +8.83959695e+00 +8.83940308e+00  1.94e-04   3.67e-06     8.92e-04   27.602s
 519000 +8.83959483e+00 +8.83940235e+00  1.92e-04   4.67e-06     8.91e-04   27.653s
 520000 +8.83959288e+00 +8.83940171e+00  1.91e-04   5.91e-06     8.90e-04   27.704s
 521000 +8.83959207e+00 +8.83940138e+00  1.91e-04   7.17e-06     8.88e-04   27.756s
 522000 +8.83959247e+00 +8.83940122e+00  1.91e-04   8.36e-06     8.86e-04   27.807s
 523000 +8.83959394e+00 +8.83940110e+00  1.93e-04   9.46e-06     8.84e-04   27.859s
 524000 +8.83959613e+00 +8.83940122e+00  1.95e-04   1.05e-05     8.82e-04   27.910s
 525000 +8.83959913e+00 +8.83940169e+00  1.97e-04   1.14e-05     8.80e-04   27.961s
 526000 +8.83960251e+00 +8.83940235e+00  2.00e-04   1.22e-05     8.79e-04   28.013s
 527000 +8.83960555e+00 +8.83940306e+00  2.02e-04   1.29e-05     8.77e-04   28.064s
 528000 +8.83960755e+00 +8.83940388e+00  2.04e-04   1.35e-05     8.76e-04   28.116s
 529000 +8.83960845e+00 +8.83940492e+00  2.04e-04   1.40e-05     8.75e-04   28.167s
 530000 +8.83960837e+00 +8.83940609e+00  2.02e-04   1.44e-05     8.74e-04   28.219s
 531000 +8.83960745e+00 +8.83940725e+00  2.00e-04   1.46e-05     8.73e-04   28.270s
 532000 +8.83960584e+00 +8.83940841e+00  1.97e-04   1.47e-05     8.72e-04   28.321s
 533000 +8.83960403e+00 +8.83940964e+00  1.94e-04   1.47e-05     8.71e-04   28.373s
 534000 +8.83960259e+00 +8.83941092e+00  1.92e-04   1.45e-05     8.71e-04   28.424s
 535000 +8.83960184e+00 +8.83941212e+00  1.90e-04   1.43e-05     8.70e-04   28.476s
 536000 +8.83960178e+00 +8.83941323e+00  1.89e-04   1.39e-05     8.70e-04   28.527s
 537000 +8.83960239e+00 +8.83941430e+00  1.88e-04   1.34e-05     8.70e-04   28.578s
 538000 +8.83960356e+00 +8.83941532e+00  1.88e-04   1.28e-05     8.70e-04   28.630s
 539000 +8.83960511e+00 +8.83941625e+00  1.89e-04   1.21e-05     8.69e-04   28.681s
 540000 +8.83960667e+00 +8.83941711e+00  1.90e-04   1.13e-05     8.69e-04   28.733s
 541000 +8.83960807e+00 +8.83941796e+00  1.90e-04   1.05e-05     8.69e-04   28.784s
 542000 +8.83960911e+00 +8.83941877e+00  1.90e-04   9.69e-06     8.69e-04   28.836s
 543000 +8.83960970e+00 +8.83941950e+00  1.90e-04   8.83e-06     8.69e-04   28.887s
 544000 +8.83960978e+00 +8.83942012e+00  1.90e-04   7.95e-06     8.69e-04   28.938s
 545000 +8.83960951e+00 +8.83942065e+00  1.89e-04   7.07e-06     8.69e-04   28.990s
 546000 +8.83960912e+00 +8.83942107e+00  1.88e-04   6.21e-06     8.69e-04   29.041s
 547000 +8.83960875e+00 +8.83942131e+00  1.87e-04   5.39e-06     8.68e-04   29.093s
 548000 +8.83960843e+00 +8.83942138e+00  1.87e-04   4.61e-06     8.68e-04   29.144s
 549000 +8.83960828e+00 +8.83942135e+00  1.87e-04   3.89e-06     8.68e-04   29.195s
 550000 +8.83960841e+00 +8.83942125e+00  1.87e-04   3.24e-06     8.68e-04   29.247s
 551000 +8.83960886e+00 +8.83942107e+00  1.88e-04   2.66e-06     8.68e-04   29.298s
 552000 +8.83960946e+00 +8.83942084e+00  1.89e-04   2.16e-06     8.68e-04   29.350s
 553000 +8.83961015e+00 +8.83942062e+00  1.90e-04   1.76e-06     8.68e-04   29.401s
 554000 +8.83961089e+00 +8.83942043e+00  1.90e-04   1.45e-06     8.69e-04   29.453s
 555000 +8.83961161e+00 +8.83942020e+00  1.91e-04   1.23e-06     8.69e-04   29.504s
 556000 +8.83961218e+00 +8.83941992e+00  1.92e-04   1.07e-06     8.69e-04   29.555s
 557000 +8.83961250e+00 +8.83941960e+00  1.93e-04   9.54e-07     8.69e-04   29.607s
 558000 +8.83961275e+00 +8.83942046e+00  1.92e-04   4.07e-06     8.67e-04   29.658s
 559000 +8.83962083e+00 +8.83943306e+00  1.88e-04   2.07e-05     8.45e-04   29.710s
 560000 +8.83964445e+00 +8.83944189e+00  2.03e-04   2.89e-05     8.19e-04   29.761s
 561000 +8.83963230e+00 +8.83943202e+00  2.00e-04   3.24e-05     8.14e-04   29.812s
 562000 +8.83961805e+00 +8.83941729e+00  2.01e-04   3.58e-05     8.06e-04   29.864s
 563000 +8.83959881e+00 +8.83940897e+00  1.90e-04   3.84e-05     7.79e-04   29.915s
 564000 +8.83957138e+00 +8.83938971e+00  1.82e-04   4.04e-05     7.69e-04   29.967s
 565000 +8.83951707e+00 +8.83937482e+00  1.42e-04   4.14e-05     7.42e-04   30.018s
 566000 +8.83950604e+00 +8.83938840e+00  1.18e-04   4.16e-05     7.16e-04   30.069s
 567000 +8.83959319e+00 +8.83940515e+00  1.88e-04   4.14e-05     7.02e-04   30.121s
 568000 +8.83971744e+00 +8.83940746e+00  3.10e-04   4.36e-05     6.79e-04   30.172s
 569000 +8.83978853e+00 +8.83938684e+00  4.02e-04   4.78e-05     6.50e-04   30.224s
 570000 +8.83975959e+00 +8.83937252e+00  3.87e-04   4.99e-05     6.26e-04   30.275s
 571000 +8.83967372e+00 +8.83937935e+00  2.94e-04   5.10e-05     6.21e-04   30.327s
 572000 +8.83960883e+00 +8.83939923e+00  2.10e-04   5.28e-05     6.08e-04   30.378s
 573000 +8.83959698e+00 +8.83940962e+00  1.87e-04   5.47e-05     5.85e-04   30.429s
 574000 +8.83958137e+00 +8.83940548e+00  1.76e-04   5.60e-05     5.64e-04   30.481s
 575000 +8.83956198e+00 +8.83941344e+00  1.49e-04   5.65e-05     5.44e-04   30.532s
 576000 +8.83955139e+00 +8.83942338e+00  1.28e-04   5.75e-05     5.23e-04   30.584s
 577000 +8.83955941e+00 +8.83942722e+00  1.32e-04   5.93e-05     5.17e-04   30.635s
 578000 +8.83956689e+00 +8.83943932e+00  1.28e-04   6.17e-05     4.92e-04   30.686s
 579000 +8.83957520e+00 +8.83946000e+00  1.15e-04   6.39e-05     4.65e-04   30.738s
 580000 +8.83959446e+00 +8.83946263e+00  1.32e-04   6.49e-05     4.46e-04   30.789s
 581000 +8.83958225e+00 +8.83945806e+00  1.24e-04   6.55e-05     4.34e-04   30.841s
 582000 +8.83957253e+00 +8.83946006e+00  1.12e-04   6.62e-05     4.25e-04   30.892s
 583000 +8.83956556e+00 +8.83947087e+00  9.47e-05   6.64e-05     4.11e-04   30.944s
 584000 +8.83954816e+00 +8.83947770e+00  7.05e-05   6.60e-05     4.03e-04   30.995s
 585000 +8.83953357e+00 +8.83949212e+00  4.15e-05   6.58e-05     3.74e-04   31.046s
 586000 +8.83956077e+00 +8.83952011e+00  4.07e-05   6.61e-05     3.47e-04   31.098s
 587000 +8.83963520e+00 +8.83954103e+00  9.42e-05   6.61e-05     3.39e-04   31.149s
 588000 +8.83969634e+00 +8.83955433e+00  1.42e-04   6.65e-05     3.19e-04   31.201s
 589000 +8.83970646e+00 +8.83954988e+00  1.57e-04   6.65e-05     3.00e-04   31.252s
 590000 +8.83965997e+00 +8.83955235e+00  1.08e-04   6.59e-05     2.94e-04   31.304s
 591000 +8.83960120e+00 +8.83956801e+00  3.32e-05   6.52e-05     2.85e-04   31.355s
 592000 +8.83958043e+00 +8.83958402e+00  3.59e-06   6.44e-05     2.67e-04   31.406s
 592600 +8.83958708e+00 +8.83958462e+00  2.46e-06   6.37e-05     2.53e-04   31.437s
LP Solver status:                Optimal
Primal objective:                +8.83958708e+00
Dual objective:                  +8.83958462e+00
Duality gap (abs/rel):           +2.46e-06 / +1.32e-07
Primal infeasibility (abs/rel):  +6.37e-05 / +1.50e-06
Dual infeasibility (abs/rel):    +2.53e-04 / +1.63e-06
PDLP finished
Status: Optimal   Objective: 8.83958708e+00  Iterations: 592600  Time: 31.439s

### exit_code=0
### finished=2026-07-31T16:57:01.153852
### gpu_peak_mb=2234.4
### gpu_peak2_mb=0.0
### per_gpu_peak_mb=[2234.375]
