### solver=cuopt-base
### instance=/home/scratch.vmostovoi_gpu/datasets/big_lp/google/supply-chain.mps
### n_gpus=1
### CUDA_VISIBLE_DEVICES=0
### started=2026-07-24T09:36:11.606322
### argv=/home/scratch.vmostovoi_gpu/mostovoi_cuopt/cpp/build/cuopt_cli --method 1 --mps-reader experimental-fast --time-limit 3600 --iteration-limit 1000000000 --relative-primal-tolerance 1e-6 --relative-dual-tolerance 1e-6 --relative-gap-tolerance 1e-6 --log-to-console true /home/scratch.vmostovoi_gpu/datasets/big_lp/google/supply-chain.mps
### --- solver output ---
Setting parameter iteration_limit to 1000000000
Setting parameter log_to_console to true
Setting parameter method to 1
Setting parameter relative_dual_tolerance to 1.000000e-06
Setting parameter relative_gap_tolerance to 1.000000e-06
Setting parameter relative_primal_tolerance to 1.000000e-06
Setting parameter time_limit to 3.600000e+03
Reading file supply-chain.mps
Using experimental fast MPS parser for '/home/scratch.vmostovoi_gpu/datasets/big_lp/google/supply-chain.mps'
Read file supply-chain.mps in 34.38 seconds
cuOpt version: 26.8.0, git hash: 7116ead1, host arch: x86_64, device archs: 100a-real
CPU: INTEL(R) XEON(R) PLATINUM 8570, threads (physical/logical): 112/224, RAM: 1346.77 GiB
CUDA 13.3, device: NVIDIA B200 (ID 0), VRAM: 178.34 GiB
CUDA device UUID: 5b3b2195-5d98-9774-145e-bfc9011037d7
Solving a problem with 2210100 constraints, 201000100 variables (0 integers), and 403000100 nonzeros
Problem scaling:
Objective coefficents range:          [1e+00, 1e+00]
Constraint matrix coefficients range: [2e-07, 1e+03]
Constraint rhs / bounds range:        [1e+00, 1e+00]
Variable bounds range:                [0e+00, 0e+00]
Warning: input problem contains a large range of coefficients: consider reformulating to avoid numerical difficulties.

Using PSLP presolver
PSLP Presolved problem: 2210077 constraints, 200997800 variables, 402995500 non-zeros
PSLP presolve time: 115.22s
Objective offset 0.000000 scaling_factor 1.000000
   Iter    Primal Obj.      Dual Obj.    Gap        Primal Res.  Dual Res.   Time
      0 +0.00000000e+00 +0.00000000e+00  0.00e+00   1.41e+03     1.42e+04   117.644s
   1000 +1.07052251e+08 +1.14987842e+08  7.94e+06   8.14e+03     1.44e+02   127.647s
   2000 +1.04872600e+08 +1.09882242e+08  5.01e+06   6.11e+03     4.52e+01   136.266s
   3000 +1.04365067e+08 +1.08521360e+08  4.16e+06   5.51e+03     1.71e+01   144.886s
   4000 +1.04360745e+08 +1.08112662e+08  3.75e+06   5.05e+03     8.18e+00   153.506s
   5000 +1.04441216e+08 +1.08019062e+08  3.58e+06   4.77e+03     5.17e+00   162.119s
   6000 +1.04596492e+08 +1.07954547e+08  3.36e+06   4.52e+03     3.36e+00   170.739s
   7000 +1.04792955e+08 +1.07961786e+08  3.17e+06   4.34e+03     2.63e+00   179.353s
   8000 +1.05019416e+08 +1.07971760e+08  2.95e+06   4.09e+03     2.13e+00   187.966s
   9000 +1.05251808e+08 +1.07983557e+08  2.73e+06   3.84e+03     1.84e+00   196.578s
  10000 +1.05533653e+08 +1.08008291e+08  2.47e+06   3.51e+03     2.01e+00   205.198s
  11000 +1.05980836e+08 +1.08036330e+08  2.06e+06   3.08e+03     2.10e+00   213.732s
  12000 +1.06382420e+08 +1.08048936e+08  1.67e+06   2.63e+03     1.97e+00   222.267s
  13000 +1.06683398e+08 +1.08052845e+08  1.37e+06   2.27e+03     1.74e+00   230.802s
  14000 +1.06891476e+08 +1.08055437e+08  1.16e+06   1.99e+03     1.59e+00   239.337s
  15000 +1.07062824e+08 +1.08058713e+08  9.96e+05   1.68e+03     1.85e+00   247.879s
  16000 +1.07330089e+08 +1.08069093e+08  7.39e+05   1.33e+03     2.23e+00   256.414s
  17000 +1.07550712e+08 +1.08071091e+08  5.20e+05   1.04e+03     2.10e+00   264.949s
  18000 +1.07690831e+08 +1.08069976e+08  3.79e+05   8.44e+02     1.84e+00   273.484s
  19000 +1.07776364e+08 +1.08068526e+08  2.92e+05   7.01e+02     1.61e+00   282.019s
  20000 +1.07830467e+08 +1.08067252e+08  2.37e+05   6.00e+02     1.45e+00   290.555s
  21000 +1.07865060e+08 +1.08065858e+08  2.01e+05   5.22e+02     1.33e+00   299.090s
  22000 +1.07887101e+08 +1.08065018e+08  1.78e+05   4.63e+02     1.23e+00   307.625s
  23000 +1.07909878e+08 +1.08059997e+08  1.50e+05   3.96e+02     1.07e+00   316.167s
  24000 +1.07942278e+08 +1.08059707e+08  1.17e+05   3.16e+02     1.06e+00   324.702s
  25000 +1.07969720e+08 +1.08059374e+08  8.97e+04   2.58e+02     1.04e+00   333.237s
  26000 +1.07992299e+08 +1.08058924e+08  6.66e+04   2.18e+02     1.01e+00   341.773s
  27000 +1.08008974e+08 +1.08058531e+08  4.96e+04   1.86e+02     9.68e-01   350.308s
  28000 +1.08019657e+08 +1.08057963e+08  3.83e+04   1.60e+02     9.31e-01   358.844s
  29000 +1.08025652e+08 +1.08057385e+08  3.17e+04   1.40e+02     8.95e-01   367.379s
  30000 +1.08029003e+08 +1.08056870e+08  2.79e+04   1.23e+02     8.63e-01   375.914s
  31000 +1.08030315e+08 +1.08056430e+08  2.61e+04   1.10e+02     8.39e-01   384.450s
  32000 +1.08030196e+08 +1.08055711e+08  2.55e+04   9.97e+01     8.15e-01   392.985s
  33000 +1.08029796e+08 +1.08055283e+08  2.55e+04   9.07e+01     7.94e-01   401.520s
  34000 +1.08029346e+08 +1.08054772e+08  2.54e+04   8.41e+01     7.76e-01   410.055s
  35000 +1.08029336e+08 +1.08054508e+08  2.52e+04   7.84e+01     7.66e-01   418.590s
  36000 +1.08031829e+08 +1.08052417e+08  2.06e+04   7.11e+01     7.14e-01   427.133s
  37000 +1.08034254e+08 +1.08051232e+08  1.70e+04   6.42e+01     6.56e-01   435.668s
  38000 +1.08036017e+08 +1.08049899e+08  1.39e+04   5.80e+01     5.87e-01   444.203s
  39000 +1.08036927e+08 +1.08049255e+08  1.23e+04   5.42e+01     5.60e-01   452.738s
  40000 +1.08037297e+08 +1.08048890e+08  1.16e+04   5.04e+01     5.43e-01   461.274s
  41000 +1.08037294e+08 +1.08048494e+08  1.12e+04   4.69e+01     5.34e-01   469.808s
  42000 +1.08036874e+08 +1.08048089e+08  1.12e+04   4.51e+01     5.22e-01   478.343s
  43000 +1.08036567e+08 +1.08047380e+08  1.08e+04   4.28e+01     5.02e-01   486.879s
  44000 +1.08036326e+08 +1.08046942e+08  1.06e+04   4.01e+01     4.89e-01   495.415s
  45000 +1.08036038e+08 +1.08046662e+08  1.06e+04   3.80e+01     4.82e-01   503.950s
  46000 +1.08035788e+08 +1.08046416e+08  1.06e+04   3.64e+01     4.73e-01   512.485s
  47000 +1.08035508e+08 +1.08045987e+08  1.05e+04   3.36e+01     4.61e-01   521.020s
  48000 +1.08035240e+08 +1.08045708e+08  1.05e+04   3.26e+01     4.53e-01   529.555s
  49000 +1.08035004e+08 +1.08045489e+08  1.05e+04   3.11e+01     4.47e-01   538.090s
  50000 +1.08034723e+08 +1.08045056e+08  1.03e+04   3.03e+01     4.40e-01   546.625s
  51000 +1.08034470e+08 +1.08044805e+08  1.03e+04   2.90e+01     4.36e-01   555.160s
  52000 +1.08034318e+08 +1.08044589e+08  1.03e+04   2.77e+01     4.29e-01   563.695s
  53000 +1.08034181e+08 +1.08044265e+08  1.01e+04   2.64e+01     4.20e-01   572.231s
  54000 +1.08034105e+08 +1.08044137e+08  1.00e+04   2.57e+01     4.17e-01   580.766s
  55000 +1.08034046e+08 +1.08043904e+08  9.86e+03   2.49e+01     4.10e-01   589.301s
  56000 +1.08034434e+08 +1.08041310e+08  6.88e+03   9.74e+01     3.55e-01   597.843s
  57000 +1.08034183e+08 +1.08040220e+08  6.04e+03   9.51e+01     3.35e-01   606.379s
  58000 +1.08033956e+08 +1.08039363e+08  5.41e+03   7.68e+01     3.15e-01   614.914s
  59000 +1.08033598e+08 +1.08038756e+08  5.16e+03   7.95e+01     3.02e-01   623.450s
  60000 +1.08033789e+08 +1.08038155e+08  4.37e+03   7.90e+01     2.91e-01   631.986s
  61000 +1.08033939e+08 +1.08037795e+08  3.86e+03   7.21e+01     2.83e-01   640.522s
  62000 +1.08033967e+08 +1.08037509e+08  3.54e+03   6.97e+01     2.76e-01   649.057s
  63000 +1.08033861e+08 +1.08037152e+08  3.29e+03   6.75e+01     2.67e-01   657.593s
  64000 +1.08033545e+08 +1.08036875e+08  3.33e+03   6.22e+01     2.61e-01   666.128s
  65000 +1.08033434e+08 +1.08036676e+08  3.24e+03   5.86e+01     2.55e-01   674.664s
  66000 +1.08033192e+08 +1.08036076e+08  2.88e+03   6.32e+01     2.10e-01   683.200s
  67000 +1.08032812e+08 +1.08035849e+08  3.04e+03   5.69e+01     2.07e-01   691.735s
  68000 +1.08032534e+08 +1.08035562e+08  3.03e+03   5.52e+01     1.89e-01   700.271s
  69000 +1.08032315e+08 +1.08035196e+08  2.88e+03   6.35e+01     1.67e-01   708.806s
  70000 +1.08032158e+08 +1.08034933e+08  2.77e+03   5.60e+01     1.49e-01   717.341s
  71000 +1.08031019e+08 +1.08032529e+08  1.51e+03   7.06e+02     4.03e-02   725.885s
  72000 +1.08030492e+08 +1.08032060e+08  1.57e+03   4.32e+02     1.83e-02   734.422s
  73000 +1.08031056e+08 +1.08031684e+08  6.28e+02   7.36e+02     3.70e-03   742.966s
  74000 +1.08030360e+08 +1.08031641e+08  1.28e+03   4.89e+02     8.39e-04   751.511s
  75000 +1.08030382e+08 +1.08031639e+08  1.26e+03   3.73e+02     3.76e-04   760.048s
  76000 +1.08030385e+08 +1.08031638e+08  1.25e+03   3.62e+02     2.30e-04   768.585s
  77000 +1.08030472e+08 +1.08031638e+08  1.17e+03   3.55e+02     1.63e-04   777.124s
  78000 +1.08030505e+08 +1.08031637e+08  1.13e+03   3.52e+02     1.37e-04   785.661s
  79000 +1.08030361e+08 +1.08031637e+08  1.28e+03   1.64e+02     1.37e-04   794.199s
  80000 +1.08030357e+08 +1.08031636e+08  1.28e+03   1.51e+02     2.22e-04   802.744s
  81000 +1.08030356e+08 +1.08031637e+08  1.28e+03   1.39e+02     3.03e-04   811.281s
  82000 +1.08030413e+08 +1.08031637e+08  1.22e+03   1.28e+02     3.76e-04   819.819s
  83000 +1.08030476e+08 +1.08031637e+08  1.16e+03   1.18e+02     3.62e-04   828.356s
  84000 +1.08030452e+08 +1.08031638e+08  1.19e+03   1.07e+02     2.77e-04   836.894s
  85000 +1.08030428e+08 +1.08031638e+08  1.21e+03   9.95e+01     2.14e-04   845.431s
  86000 +1.08030410e+08 +1.08031638e+08  1.23e+03   9.51e+01     2.22e-04   853.969s
  87000 +1.08030404e+08 +1.08031638e+08  1.23e+03   9.07e+01     2.09e-04   862.507s
  88000 +1.08030397e+08 +1.08031638e+08  1.24e+03   8.61e+01     1.67e-04   871.044s
  89000 +1.08030354e+08 +1.08031638e+08  1.28e+03   8.46e+01     1.77e-04   879.581s
  90000 +1.08030294e+08 +1.08031639e+08  1.34e+03   8.12e+01     1.51e-04   888.118s
  91000 +1.08030189e+08 +1.08031639e+08  1.45e+03   8.01e+01     1.47e-04   896.656s
  92000 +1.08030152e+08 +1.08031639e+08  1.49e+03   7.79e+01     1.47e-04   905.193s
  93000 +1.08030106e+08 +1.08031639e+08  1.53e+03   7.70e+01     1.40e-04   913.731s
  94000 +1.08030063e+08 +1.08031639e+08  1.58e+03   7.49e+01     1.28e-04   922.268s
  95000 +1.08030025e+08 +1.08031639e+08  1.61e+03   7.44e+01     1.30e-04   930.806s
  96000 +1.08030012e+08 +1.08031639e+08  1.63e+03   7.26e+01     1.19e-04   939.342s
  97000 +1.08030014e+08 +1.08031639e+08  1.63e+03   7.07e+01     1.28e-04   947.879s
  98000 +1.08030048e+08 +1.08031640e+08  1.59e+03   6.81e+01     1.58e-04   956.417s
  99000 +1.08030060e+08 +1.08031640e+08  1.58e+03   6.78e+01     1.30e-04   964.954s
 100000 +1.08030071e+08 +1.08031640e+08  1.57e+03   6.58e+01     1.24e-04   973.491s
 101000 +1.08030074e+08 +1.08031640e+08  1.57e+03   6.40e+01     1.35e-04   982.029s
 102000 +1.08030095e+08 +1.08031640e+08  1.54e+03   6.31e+01     1.18e-04   990.565s
 103000 +1.08030128e+08 +1.08031640e+08  1.51e+03   6.19e+01     1.23e-04   999.103s
 104000 +1.08030190e+08 +1.08031640e+08  1.45e+03   5.98e+01     1.26e-04   1007.640s
 105000 +1.08030195e+08 +1.08031640e+08  1.45e+03   5.82e+01     1.22e-04   1016.177s
 106000 +1.08030252e+08 +1.08031640e+08  1.39e+03   5.71e+01     1.27e-04   1024.714s
 107000 +1.08030300e+08 +1.08031640e+08  1.34e+03   5.55e+01     1.27e-04   1033.251s
 108000 +1.08030387e+08 +1.08031640e+08  1.25e+03   5.47e+01     1.12e-04   1041.788s
 109000 +1.08030405e+08 +1.08031640e+08  1.23e+03   5.25e+01     1.03e-04   1050.325s
 110000 +1.08030431e+08 +1.08031640e+08  1.21e+03   5.13e+01     1.04e-04   1058.862s
 111000 +1.08030482e+08 +1.08031640e+08  1.16e+03   5.09e+01     9.70e-05   1067.399s
 112000 +1.08030541e+08 +1.08031640e+08  1.10e+03   4.92e+01     9.79e-05   1075.937s
 113000 +1.08030529e+08 +1.08031640e+08  1.11e+03   4.88e+01     8.86e-05   1084.473s
 114000 +1.08030514e+08 +1.08031638e+08  1.12e+03   4.37e+01     5.04e-04   1093.018s
 115000 +1.08030547e+08 +1.08031639e+08  1.09e+03   4.01e+01     7.69e-04   1101.554s
 116000 +1.08030612e+08 +1.08031638e+08  1.03e+03   3.64e+01     8.61e-04   1110.092s
 117000 +1.08030687e+08 +1.08031638e+08  9.52e+02   3.32e+01     7.68e-04   1118.629s
 118000 +1.08030770e+08 +1.08031639e+08  8.68e+02   3.09e+01     6.95e-04   1127.166s
 119000 +1.08030875e+08 +1.08031639e+08  7.64e+02   2.92e+01     6.43e-04   1135.703s
 120000 +1.08030966e+08 +1.08031640e+08  6.74e+02   2.79e+01     5.73e-04   1144.240s
 121000 +1.08031055e+08 +1.08031640e+08  5.85e+02   2.70e+01     5.47e-04   1152.777s
 122000 +1.08031144e+08 +1.08031640e+08  4.96e+02   2.62e+01     5.12e-04   1161.314s
 123000 +1.08031234e+08 +1.08031640e+08  4.06e+02   2.56e+01     4.73e-04   1169.851s
 124000 +1.08031314e+08 +1.08031641e+08  3.27e+02   2.46e+01     4.77e-04   1178.388s
 125000 +1.08031390e+08 +1.08031640e+08  2.51e+02   2.39e+01     4.40e-04   1186.924s
 126000 +1.08031437e+08 +1.08031641e+08  2.03e+02   2.33e+01     4.25e-04   1195.461s
 127000 +1.08031505e+08 +1.08031640e+08  1.35e+02   2.23e+01     4.08e-04   1203.998s
 128000 +1.08031563e+08 +1.08031641e+08  7.78e+01   2.19e+01     3.82e-04   1212.535s
 129000 +1.08031615e+08 +1.08031640e+08  2.58e+01   2.14e+01     3.63e-04   1221.072s
 130000 +1.08031618e+08 +1.08031641e+08  2.24e+01   2.07e+01     3.82e-04   1229.617s
 131000 +1.08031683e+08 +1.08031641e+08  4.18e+01   1.98e+01     4.95e-04   1238.153s
 132000 +1.08031766e+08 +1.08031641e+08  1.25e+02   1.92e+01     5.42e-04   1246.690s
 133000 +1.08031807e+08 +1.08031641e+08  1.66e+02   1.87e+01     5.24e-04   1255.227s
 134000 +1.08031849e+08 +1.08031641e+08  2.08e+02   1.84e+01     5.03e-04   1263.764s
 135000 +1.08031893e+08 +1.08031641e+08  2.52e+02   1.81e+01     4.97e-04   1272.301s
 136000 +1.08031944e+08 +1.08031641e+08  3.03e+02   1.78e+01     4.89e-04   1280.837s
 137000 +1.08031993e+08 +1.08031641e+08  3.52e+02   1.76e+01     4.75e-04   1289.373s
 138000 +1.08032035e+08 +1.08031641e+08  3.94e+02   1.74e+01     4.58e-04   1297.910s
 139000 +1.08032069e+08 +1.08031641e+08  4.28e+02   1.73e+01     4.47e-04   1306.446s
 140000 +1.08032111e+08 +1.08031641e+08  4.70e+02   1.72e+01     4.49e-04   1314.983s
 141000 +1.08032147e+08 +1.08031641e+08  5.06e+02   1.71e+01     4.40e-04   1323.520s
 142000 +1.08032180e+08 +1.08031641e+08  5.39e+02   1.70e+01     4.40e-04   1332.057s
 143000 +1.08032200e+08 +1.08031641e+08  5.59e+02   1.68e+01     4.36e-04   1340.593s
 144000 +1.08032212e+08 +1.08031641e+08  5.70e+02   1.67e+01     4.24e-04   1349.130s
 145000 +1.08032223e+08 +1.08031641e+08  5.81e+02   1.66e+01     4.16e-04   1357.667s
 146000 +1.08032229e+08 +1.08031642e+08  5.88e+02   1.66e+01     4.01e-04   1366.204s
 147000 +1.08032241e+08 +1.08031642e+08  5.99e+02   1.64e+01     3.95e-04   1374.741s
 148000 +1.08032248e+08 +1.08031642e+08  6.06e+02   1.64e+01     3.89e-04   1383.278s
 149000 +1.08032246e+08 +1.08031642e+08  6.05e+02   1.63e+01     3.89e-04   1391.815s
 150000 +1.08032239e+08 +1.08031642e+08  5.97e+02   1.61e+01     3.75e-04   1400.352s
 151000 +1.08032225e+08 +1.08031642e+08  5.83e+02   1.60e+01     3.86e-04   1408.889s
 152000 +1.08032209e+08 +1.08031642e+08  5.67e+02   1.60e+01     3.56e-04   1417.425s
 153000 +1.08032196e+08 +1.08031642e+08  5.54e+02   1.59e+01     3.56e-04   1425.963s
 154000 +1.08032182e+08 +1.08031642e+08  5.40e+02   1.58e+01     3.38e-04   1434.500s
 155000 +1.08032159e+08 +1.08031642e+08  5.17e+02   1.57e+01     3.31e-04   1443.036s
 156000 +1.08032138e+08 +1.08031642e+08  4.96e+02   1.58e+01     3.28e-04   1451.573s
 157000 +1.08032122e+08 +1.08031642e+08  4.80e+02   1.57e+01     3.31e-04   1460.110s
 158000 +1.08032125e+08 +1.08031642e+08  4.83e+02   1.55e+01     7.05e-04   1468.654s
 159000 +1.08032138e+08 +1.08031642e+08  4.96e+02   1.54e+01     7.36e-04   1477.191s
 160000 +1.08032134e+08 +1.08031642e+08  4.92e+02   1.54e+01     7.35e-04   1485.728s
 161000 +1.08032135e+08 +1.08031642e+08  4.92e+02   1.51e+01     7.55e-04   1494.264s
 162000 +1.08032120e+08 +1.08031642e+08  4.77e+02   1.51e+01     7.96e-04   1502.800s
 163000 +1.08032109e+08 +1.08031643e+08  4.67e+02   1.48e+01     8.84e-04   1511.337s
 164000 +1.08032089e+08 +1.08031643e+08  4.46e+02   1.48e+01     9.13e-04   1519.874s
 165000 +1.08032070e+08 +1.08031643e+08  4.27e+02   1.46e+01     1.00e-03   1528.410s
 166000 +1.08032051e+08 +1.08031643e+08  4.08e+02   1.45e+01     1.03e-03   1536.947s
 167000 +1.08032028e+08 +1.08031643e+08  3.84e+02   1.43e+01     1.04e-03   1545.484s
 168000 +1.08032011e+08 +1.08031643e+08  3.68e+02   1.40e+01     1.07e-03   1554.021s
 169000 +1.08031987e+08 +1.08031643e+08  3.43e+02   1.38e+01     1.08e-03   1562.557s
 170000 +1.08031968e+08 +1.08031643e+08  3.24e+02   1.37e+01     1.09e-03   1571.095s
 171000 +1.08031939e+08 +1.08031644e+08  2.95e+02   1.37e+01     1.06e-03   1579.631s
 172000 +1.08031907e+08 +1.08031644e+08  2.63e+02   1.36e+01     1.07e-03   1588.168s
 173000 +1.08031873e+08 +1.08031644e+08  2.29e+02   1.35e+01     1.10e-03   1596.705s
 174000 +1.08031836e+08 +1.08031644e+08  1.92e+02   1.34e+01     1.10e-03   1605.241s
 175000 +1.08031804e+08 +1.08031644e+08  1.60e+02   1.34e+01     1.11e-03   1613.778s
 176000 +1.08031776e+08 +1.08031644e+08  1.32e+02   1.33e+01     1.10e-03   1622.315s
 177000 +1.08031766e+08 +1.08031644e+08  1.21e+02   1.31e+01     1.15e-03   1630.851s
 178000 +1.08031745e+08 +1.08031645e+08  1.00e+02   1.31e+01     1.16e-03   1639.388s
 179000 +1.08031708e+08 +1.08031645e+08  6.36e+01   1.30e+01     1.14e-03   1647.924s
 180000 +1.08031686e+08 +1.08031645e+08  4.08e+01   1.28e+01     1.22e-03   1656.461s
 181000 +1.08031659e+08 +1.08031645e+08  1.36e+01   1.26e+01     1.17e-03   1664.997s
 182000 +1.08031630e+08 +1.08031645e+08  1.56e+01   1.26e+01     1.16e-03   1673.534s
 183000 +1.08031601e+08 +1.08031645e+08  4.37e+01   1.26e+01     1.15e-03   1682.071s
 184000 +1.08031569e+08 +1.08031645e+08  7.64e+01   1.24e+01     1.14e-03   1690.608s
 185000 +1.08031546e+08 +1.08031645e+08  9.93e+01   1.23e+01     1.11e-03   1699.144s
 186000 +1.08031507e+08 +1.08031645e+08  1.38e+02   1.23e+01     1.07e-03   1707.681s
 187000 +1.08031528e+08 +1.08031645e+08  1.17e+02   1.18e+01     2.61e-03   1716.225s
 188000 +1.08031562e+08 +1.08031645e+08  8.31e+01   1.14e+01     2.61e-03   1724.762s
 189000 +1.08031584e+08 +1.08031645e+08  6.08e+01   1.10e+01     2.75e-03   1733.298s
 190000 +1.08031582e+08 +1.08031645e+08  6.34e+01   1.08e+01     2.75e-03   1741.835s
 191000 +1.08031585e+08 +1.08031646e+08  6.07e+01   1.03e+01     3.42e-03   1750.372s
 192000 +1.08031589e+08 +1.08031646e+08  5.66e+01   9.65e+00     3.10e-03   1758.909s
 193000 +1.08031603e+08 +1.08031646e+08  4.29e+01   8.97e+00     3.84e-03   1767.445s
 194000 +1.08031595e+08 +1.08031646e+08  5.14e+01   8.55e+00     4.16e-03   1775.981s
 195000 +1.08031594e+08 +1.08031646e+08  5.22e+01   8.14e+00     3.58e-03   1784.517s
 196000 +1.08031583e+08 +1.08031646e+08  6.33e+01   7.93e+00     3.29e-03   1793.054s
 197000 +1.08031606e+08 +1.08031643e+08  3.73e+01   7.22e+00     1.95e-02   1801.598s
 198000 +1.08031659e+08 +1.08031644e+08  1.52e+01   5.53e+00     1.67e-02   1810.134s
 199000 +1.08031689e+08 +1.08031645e+08  4.44e+01   4.79e+00     1.21e-02   1818.670s
 200000 +1.08031705e+08 +1.08031645e+08  6.02e+01   4.32e+00     9.34e-03   1827.207s
 201000 +1.08031718e+08 +1.08031646e+08  7.18e+01   3.99e+00     1.01e-02   1835.744s
 202000 +1.08031722e+08 +1.08031646e+08  7.62e+01   3.73e+00     9.96e-03   1844.280s
 203000 +1.08031719e+08 +1.08031646e+08  7.36e+01   3.51e+00     9.94e-03   1852.817s
 204000 +1.08031713e+08 +1.08031647e+08  6.59e+01   3.21e+00     1.08e-02   1861.353s
 205000 +1.08031705e+08 +1.08031646e+08  5.83e+01   2.99e+00     1.03e-02   1869.890s
 206000 +1.08031693e+08 +1.08031646e+08  4.67e+01   2.39e+00     1.05e-02   1878.426s
 207000 +1.08031672e+08 +1.08031635e+08  3.71e+01   2.11e+00     1.39e-02   1886.970s
 208000 +1.08031687e+08 +1.08031640e+08  4.75e+01   1.62e+00     1.64e-02   1895.506s
 209000 +1.08031693e+08 +1.08031640e+08  5.33e+01   1.36e+00     1.43e-02   1904.042s
 210000 +1.08031692e+08 +1.08031640e+08  5.26e+01   1.03e+00     1.57e-02   1912.579s
 211000 +1.08031688e+08 +1.08031640e+08  4.76e+01   7.79e-01     1.41e-02   1921.116s
 212000 +1.08031680e+08 +1.08031642e+08  3.79e+01   6.93e-01     1.37e-02   1929.652s
 213000 +1.08031670e+08 +1.08031641e+08  2.91e+01   6.08e-01     1.33e-02   1938.188s
 214000 +1.08031657e+08 +1.08031641e+08  1.67e+01   5.01e-01     1.31e-02   1946.724s
 215000 +1.08031645e+08 +1.08031641e+08  3.30e+00   4.76e-01     1.26e-02   1955.261s
 216000 +1.08031631e+08 +1.08031642e+08  1.13e+01   4.79e-01     1.21e-02   1963.797s
 217000 +1.08031620e+08 +1.08031643e+08  2.26e+01   4.50e-01     1.13e-02   1972.333s
 218000 +1.08031611e+08 +1.08031642e+08  3.16e+01   4.19e-01     1.04e-02   1980.870s
 219000 +1.08031603e+08 +1.08031642e+08  3.99e+01   4.02e-01     9.66e-03   1989.406s
 220000 +1.08031596e+08 +1.08031643e+08  4.65e+01   3.84e-01     8.88e-03   1997.943s
 221000 +1.08031593e+08 +1.08031643e+08  5.00e+01   3.56e-01     8.16e-03   2006.479s
 222000 +1.08031591e+08 +1.08031644e+08  5.30e+01   3.47e-01     7.53e-03   2015.015s
 223000 +1.08031591e+08 +1.08031643e+08  5.21e+01   3.58e-01     6.75e-03   2023.552s
 224000 +1.08031593e+08 +1.08031644e+08  5.08e+01   3.38e-01     6.15e-03   2032.089s
 225000 +1.08031596e+08 +1.08031643e+08  4.72e+01   3.20e-01     5.68e-03   2040.625s
 226000 +1.08031598e+08 +1.08031643e+08  4.48e+01   3.19e-01     5.27e-03   2049.161s
 227000 +1.08031601e+08 +1.08031643e+08  4.23e+01   3.21e-01     4.95e-03   2057.698s
 228000 +1.08031605e+08 +1.08031644e+08  3.93e+01   3.12e-01     4.69e-03   2066.234s
 229000 +1.08031609e+08 +1.08031643e+08  3.41e+01   2.96e-01     4.45e-03   2074.771s
 230000 +1.08031611e+08 +1.08031641e+08  2.99e+01   2.64e-01     4.28e-03   2083.314s
 231000 +1.08031613e+08 +1.08031642e+08  2.94e+01   2.47e-01     3.94e-03   2091.851s
 232000 +1.08031613e+08 +1.08031642e+08  2.90e+01   2.39e-01     3.66e-03   2100.388s
 233000 +1.08031614e+08 +1.08031643e+08  2.91e+01   2.35e-01     3.54e-03   2108.924s
 234000 +1.08031615e+08 +1.08031643e+08  2.84e+01   2.29e-01     3.50e-03   2117.461s
 235000 +1.08031616e+08 +1.08031643e+08  2.76e+01   2.26e-01     3.40e-03   2125.997s
 236000 +1.08031617e+08 +1.08031643e+08  2.63e+01   2.20e-01     3.42e-03   2134.534s
 237000 +1.08031618e+08 +1.08031643e+08  2.44e+01   2.15e-01     3.41e-03   2143.070s
 238000 +1.08031620e+08 +1.08031644e+08  2.39e+01   2.12e-01     3.39e-03   2151.607s
 239000 +1.08031622e+08 +1.08031644e+08  2.15e+01   2.10e-01     3.41e-03   2160.143s
 240000 +1.08031625e+08 +1.08031643e+08  1.88e+01   2.09e-01     3.41e-03   2168.681s
 241000 +1.08031627e+08 +1.08031645e+08  1.76e+01   2.06e-01     3.39e-03   2177.217s
 242000 +1.08031629e+08 +1.08031644e+08  1.46e+01   2.02e-01     3.39e-03   2185.753s
 243000 +1.08031632e+08 +1.08031644e+08  1.20e+01   1.99e-01     3.41e-03   2194.290s
 244000 +1.08031634e+08 +1.08031644e+08  1.06e+01   1.98e-01     3.19e-03   2202.826s
 245000 +1.08031635e+08 +1.08031644e+08  8.44e+00   1.96e-01     3.17e-03   2211.362s
 246000 +1.08031637e+08 +1.08031644e+08  6.55e+00   1.94e-01     3.07e-03   2219.899s
 247000 +1.08031639e+08 +1.08031644e+08  5.00e+00   1.92e-01     3.01e-03   2228.435s
 248000 +1.08031641e+08 +1.08031644e+08  2.90e+00   1.90e-01     2.97e-03   2236.972s
 249000 +1.08031643e+08 +1.08031644e+08  1.62e+00   1.89e-01     2.92e-03   2245.508s
 250000 +1.08031644e+08 +1.08031644e+08  3.48e-01   1.88e-01     2.89e-03   2254.045s
 251000 +1.08031646e+08 +1.08031644e+08  1.69e+00   1.86e-01     2.86e-03   2262.582s
 252000 +1.08031647e+08 +1.08031644e+08  2.84e+00   1.85e-01     2.82e-03   2271.118s
 253000 +1.08031648e+08 +1.08031644e+08  3.50e+00   1.84e-01     2.78e-03   2279.655s
 254000 +1.08031649e+08 +1.08031644e+08  4.19e+00   1.83e-01     2.73e-03   2288.191s
 255000 +1.08031649e+08 +1.08031644e+08  4.60e+00   1.82e-01     2.70e-03   2296.727s
 256000 +1.08031649e+08 +1.08031645e+08  4.55e+00   1.80e-01     2.66e-03   2305.264s
 257000 +1.08031649e+08 +1.08031645e+08  4.35e+00   1.80e-01     2.63e-03   2313.801s
 258000 +1.08031649e+08 +1.08031645e+08  4.23e+00   1.78e-01     2.61e-03   2322.338s
 259000 +1.08031649e+08 +1.08031645e+08  3.98e+00   1.75e-01     2.58e-03   2330.874s
 260000 +1.08031648e+08 +1.08031645e+08  3.31e+00   1.73e-01     2.58e-03   2339.411s
 261000 +1.08031648e+08 +1.08031645e+08  3.17e+00   1.73e-01     2.58e-03   2347.947s
 262000 +1.08031647e+08 +1.08031645e+08  2.18e+00   1.73e-01     2.56e-03   2356.484s
 263000 +1.08031646e+08 +1.08031645e+08  1.38e+00   1.72e-01     2.55e-03   2365.020s
 264000 +1.08031646e+08 +1.08031645e+08  7.18e-01   1.70e-01     2.53e-03   2373.557s
 265000 +1.08031645e+08 +1.08031645e+08  2.62e-01   1.68e-01     2.50e-03   2382.093s
 266000 +1.08031645e+08 +1.08031640e+08  5.23e+00   1.56e-01     2.74e-03   2390.637s
 267000 +1.08031645e+08 +1.08031641e+08  3.68e+00   1.54e-01     2.71e-03   2399.174s
 268000 +1.08031645e+08 +1.08031642e+08  3.04e+00   1.51e-01     2.72e-03   2407.711s
 269000 +1.08031645e+08 +1.08031642e+08  3.33e+00   1.50e-01     2.70e-03   2416.247s
 270000 +1.08031645e+08 +1.08031642e+08  3.19e+00   1.48e-01     2.72e-03   2424.784s
 271000 +1.08031646e+08 +1.08031642e+08  3.37e+00   1.45e-01     2.73e-03   2433.321s
 272000 +1.08031646e+08 +1.08031642e+08  3.64e+00   1.43e-01     2.69e-03   2441.857s
 273000 +1.08031646e+08 +1.08031642e+08  3.51e+00   1.42e-01     2.71e-03   2450.394s
 274000 +1.08031646e+08 +1.08031642e+08  4.00e+00   1.41e-01     2.71e-03   2458.930s
 275000 +1.08031646e+08 +1.08031642e+08  4.13e+00   1.39e-01     2.69e-03   2467.466s
 276000 +1.08031647e+08 +1.08031643e+08  4.20e+00   1.38e-01     2.70e-03   2476.003s
 277000 +1.08031647e+08 +1.08031643e+08  4.21e+00   1.37e-01     2.69e-03   2484.539s
 278000 +1.08031647e+08 +1.08031643e+08  4.49e+00   1.36e-01     2.69e-03   2493.076s
 279000 +1.08031647e+08 +1.08031643e+08  4.70e+00   1.35e-01     2.68e-03   2501.613s
 280000 +1.08031648e+08 +1.08031643e+08  4.63e+00   1.34e-01     2.68e-03   2510.150s
 281000 +1.08031648e+08 +1.08031643e+08  5.13e+00   1.33e-01     2.69e-03   2518.687s
 282000 +1.08031648e+08 +1.08031643e+08  5.53e+00   1.31e-01     2.72e-03   2527.223s
 283000 +1.08031648e+08 +1.08031643e+08  5.46e+00   1.30e-01     2.68e-03   2535.760s
 284000 +1.08031649e+08 +1.08031643e+08  5.63e+00   1.30e-01     2.66e-03   2544.297s
 285000 +1.08031649e+08 +1.08031643e+08  6.11e+00   1.28e-01     2.65e-03   2552.833s
 286000 +1.08031649e+08 +1.08031643e+08  5.92e+00   1.28e-01     2.64e-03   2561.370s
 287000 +1.08031649e+08 +1.08031643e+08  5.96e+00   1.27e-01     2.63e-03   2569.907s
 288000 +1.08031650e+08 +1.08031643e+08  6.16e+00   1.26e-01     2.62e-03   2578.444s
 289000 +1.08031650e+08 +1.08031644e+08  6.32e+00   1.25e-01     2.62e-03   2586.980s
 290000 +1.08031650e+08 +1.08031643e+08  6.77e+00   1.24e-01     2.62e-03   2595.517s
 291000 +1.08031650e+08 +1.08031644e+08  6.59e+00   1.23e-01     2.60e-03   2604.054s
 292000 +1.08031650e+08 +1.08031644e+08  6.54e+00   1.22e-01     2.60e-03   2612.591s
 293000 +1.08031650e+08 +1.08031643e+08  6.81e+00   1.21e-01     2.60e-03   2621.128s
 294000 +1.08031650e+08 +1.08031643e+08  6.80e+00   1.21e-01     2.59e-03   2629.665s
 295000 +1.08031650e+08 +1.08031643e+08  7.12e+00   1.20e-01     2.58e-03   2638.202s
 296000 +1.08031650e+08 +1.08031644e+08  6.49e+00   1.19e-01     2.58e-03   2646.738s
 297000 +1.08031650e+08 +1.08031644e+08  6.26e+00   1.18e-01     2.58e-03   2655.275s
 298000 +1.08031650e+08 +1.08031644e+08  6.04e+00   1.17e-01     2.57e-03   2663.812s
 299000 +1.08031650e+08 +1.08031644e+08  5.82e+00   1.16e-01     2.56e-03   2672.349s
 300000 +1.08031650e+08 +1.08031644e+08  5.61e+00   1.16e-01     2.55e-03   2680.886s
 301000 +1.08031650e+08 +1.08031644e+08  5.93e+00   1.15e-01     2.55e-03   2689.423s
 302000 +1.08031650e+08 +1.08031644e+08  6.06e+00   1.14e-01     2.55e-03   2697.960s
 303000 +1.08031650e+08 +1.08031644e+08  5.21e+00   1.14e-01     2.56e-03   2706.497s
 304000 +1.08031650e+08 +1.08031644e+08  5.72e+00   1.13e-01     2.54e-03   2715.033s
 305000 +1.08031649e+08 +1.08031644e+08  5.08e+00   1.12e-01     2.53e-03   2723.569s
 306000 +1.08031649e+08 +1.08031644e+08  5.24e+00   1.11e-01     2.52e-03   2732.106s
 307000 +1.08031649e+08 +1.08031645e+08  4.66e+00   1.11e-01     2.52e-03   2740.643s
 308000 +1.08031649e+08 +1.08031644e+08  5.30e+00   1.10e-01     2.52e-03   2749.180s
 309000 +1.08031649e+08 +1.08031644e+08  4.71e+00   1.09e-01     2.52e-03   2757.717s
 310000 +1.08031649e+08 +1.08031644e+08  5.47e+00   1.09e-01     2.51e-03   2766.254s
 311000 +1.08031649e+08 +1.08031645e+08  4.33e+00   1.08e-01     2.50e-03   2774.790s
 312000 +1.08031649e+08 +1.08031644e+08  4.63e+00   1.07e-01     2.51e-03   2783.327s
 313000 +1.08031649e+08 +1.08031644e+08  4.82e+00   1.07e-01     2.50e-03   2791.864s
 314000 +1.08031649e+08 +1.08031644e+08  5.27e+00   1.06e-01     2.50e-03   2800.400s
 315000 +1.08031649e+08 +1.08031645e+08  4.65e+00   1.05e-01     2.50e-03   2808.937s
 316000 +1.08031649e+08 +1.08031644e+08  4.96e+00   1.05e-01     2.48e-03   2817.473s
 317000 +1.08031649e+08 +1.08031644e+08  5.16e+00   1.04e-01     2.48e-03   2826.010s
 318000 +1.08031649e+08 +1.08031645e+08  4.70e+00   1.04e-01     2.49e-03   2834.547s
 319000 +1.08031649e+08 +1.08031645e+08  4.46e+00   1.03e-01     2.47e-03   2843.084s
 320000 +1.08031649e+08 +1.08031645e+08  4.67e+00   1.02e-01     2.47e-03   2851.622s
 321000 +1.08031649e+08 +1.08031645e+08  4.84e+00   1.02e-01     2.46e-03   2860.159s
 322000 +1.08031649e+08 +1.08031645e+08  4.45e+00   1.01e-01     2.46e-03   2868.696s
 323000 +1.08031649e+08 +1.08031645e+08  4.74e+00   1.01e-01     2.45e-03   2877.232s
 324000 +1.08031650e+08 +1.08031645e+08  4.71e+00   1.00e-01     2.46e-03   2885.769s
 325000 +1.08031650e+08 +1.08031645e+08  4.63e+00   9.96e-02     2.45e-03   2894.305s
 326000 +1.08031650e+08 +1.08031645e+08  4.94e+00   9.92e-02     2.45e-03   2902.842s
 327000 +1.08031650e+08 +1.08031645e+08  4.54e+00   9.86e-02     2.45e-03   2911.378s
 328000 +1.08031650e+08 +1.08031645e+08  4.59e+00   9.79e-02     2.47e-03   2919.915s
 329000 +1.08031650e+08 +1.08031645e+08  5.01e+00   9.74e-02     2.47e-03   2928.451s
 330000 +1.08031650e+08 +1.08031645e+08  4.75e+00   9.69e-02     2.46e-03   2936.988s
 331000 +1.08031650e+08 +1.08031645e+08  4.87e+00   9.66e-02     2.45e-03   2945.525s
 332000 +1.08031650e+08 +1.08031645e+08  5.39e+00   9.58e-02     2.44e-03   2954.061s
 333000 +1.08031650e+08 +1.08031645e+08  5.41e+00   9.53e-02     2.43e-03   2962.598s
 334000 +1.08031650e+08 +1.08031645e+08  5.37e+00   9.49e-02     2.43e-03   2971.134s
 335000 +1.08031650e+08 +1.08031645e+08  5.11e+00   9.44e-02     2.42e-03   2979.671s
 336000 +1.08031650e+08 +1.08031645e+08  4.59e+00   9.39e-02     2.42e-03   2988.207s
 337000 +1.08031650e+08 +1.08031646e+08  4.40e+00   9.36e-02     2.42e-03   2996.744s
 338000 +1.08031650e+08 +1.08031645e+08  5.09e+00   9.31e-02     2.42e-03   3005.281s
 339000 +1.08031650e+08 +1.08031645e+08  4.72e+00   9.25e-02     2.41e-03   3013.817s
 340000 +1.08031650e+08 +1.08031645e+08  4.40e+00   9.21e-02     2.42e-03   3022.355s
 341000 +1.08031650e+08 +1.08031645e+08  4.62e+00   9.15e-02     2.42e-03   3030.892s
 342000 +1.08031650e+08 +1.08031645e+08  4.30e+00   9.12e-02     2.41e-03   3039.428s
 343000 +1.08031650e+08 +1.08031646e+08  3.95e+00   9.08e-02     2.41e-03   3047.965s
 344000 +1.08031650e+08 +1.08031645e+08  4.29e+00   9.02e-02     2.40e-03   3056.502s
 345000 +1.08031650e+08 +1.08031646e+08  3.88e+00   8.95e-02     2.40e-03   3065.039s
 346000 +1.08031650e+08 +1.08031645e+08  4.20e+00   8.93e-02     2.40e-03   3073.576s
 347000 +1.08031650e+08 +1.08031646e+08  3.86e+00   8.89e-02     2.41e-03   3082.113s
 348000 +1.08031649e+08 +1.08031623e+08  2.63e+01   7.41e-02     4.09e-03   3090.656s
 349000 +1.08031649e+08 +1.08031633e+08  1.64e+01   7.21e-02     4.06e-03   3099.193s
 350000 +1.08031649e+08 +1.08031635e+08  1.48e+01   7.09e-02     4.08e-03   3107.730s
 351000 +1.08031649e+08 +1.08031635e+08  1.42e+01   6.98e-02     4.09e-03   3116.267s
 352000 +1.08031649e+08 +1.08031636e+08  1.36e+01   6.88e-02     4.11e-03   3124.803s
 353000 +1.08031649e+08 +1.08031637e+08  1.25e+01   6.77e-02     4.10e-03   3133.340s
 354000 +1.08031650e+08 +1.08031637e+08  1.22e+01   6.68e-02     4.12e-03   3141.877s
 355000 +1.08031650e+08 +1.08031637e+08  1.26e+01   6.58e-02     4.14e-03   3150.414s
 356000 +1.08031650e+08 +1.08031637e+08  1.26e+01   6.49e-02     4.17e-03   3158.950s
 357000 +1.08031650e+08 +1.08031638e+08  1.16e+01   6.40e-02     4.12e-03   3167.487s
 358000 +1.08031650e+08 +1.08031638e+08  1.19e+01   6.31e-02     4.16e-03   3176.024s
 359000 +1.08031650e+08 +1.08031638e+08  1.16e+01   6.22e-02     4.14e-03   3184.561s
 360000 +1.08031650e+08 +1.08031637e+08  1.24e+01   6.14e-02     4.15e-03   3193.098s
 361000 +1.08031650e+08 +1.08031638e+08  1.14e+01   6.06e-02     4.15e-03   3201.635s
 362000 +1.08031650e+08 +1.08031639e+08  1.12e+01   5.98e-02     4.17e-03   3210.171s
 363000 +1.08031650e+08 +1.08031639e+08  1.13e+01   5.91e-02     4.21e-03   3218.708s
 364000 +1.08031650e+08 +1.08031639e+08  1.13e+01   5.83e-02     4.20e-03   3227.245s
 365000 +1.08031650e+08 +1.08031639e+08  1.10e+01   5.76e-02     4.22e-03   3235.781s
 366000 +1.08031650e+08 +1.08031639e+08  1.09e+01   5.68e-02     4.20e-03   3244.318s
 367000 +1.08031650e+08 +1.08031639e+08  1.11e+01   5.61e-02     4.23e-03   3252.855s
 368000 +1.08031650e+08 +1.08031640e+08  1.02e+01   5.54e-02     4.23e-03   3261.391s
 369000 +1.08031650e+08 +1.08031640e+08  1.01e+01   5.48e-02     4.23e-03   3269.928s
 370000 +1.08031650e+08 +1.08031640e+08  1.06e+01   5.41e-02     4.25e-03   3278.465s
 371000 +1.08031650e+08 +1.08031640e+08  1.03e+01   5.34e-02     4.24e-03   3287.002s
 372000 +1.08031650e+08 +1.08031641e+08  9.78e+00   5.28e-02     4.22e-03   3295.539s
 373000 +1.08031650e+08 +1.08031640e+08  9.87e+00   5.21e-02     4.22e-03   3304.076s
 374000 +1.08031650e+08 +1.08031641e+08  9.50e+00   5.16e-02     4.21e-03   3312.612s
 375000 +1.08031650e+08 +1.08031640e+08  1.04e+01   5.09e-02     4.23e-03   3321.149s
 376000 +1.08031650e+08 +1.08031640e+08  1.01e+01   5.04e-02     4.20e-03   3329.685s
 377000 +1.08031650e+08 +1.08031641e+08  9.45e+00   4.99e-02     4.19e-03   3338.223s
 378000 +1.08031650e+08 +1.08031641e+08  9.20e+00   4.93e-02     4.20e-03   3346.760s
 379000 +1.08031650e+08 +1.08031641e+08  9.67e+00   4.87e-02     4.20e-03   3355.296s
 380000 +1.08031650e+08 +1.08031641e+08  9.61e+00   4.82e-02     4.20e-03   3363.833s
 381000 +1.08031650e+08 +1.08031641e+08  9.65e+00   4.77e-02     4.19e-03   3372.370s
 382000 +1.08031650e+08 +1.08031640e+08  1.04e+01   4.73e-02     4.16e-03   3380.907s
 383000 +1.08031650e+08 +1.08031641e+08  9.41e+00   4.67e-02     4.21e-03   3389.444s
 384000 +1.08031650e+08 +1.08031642e+08  8.49e+00   4.62e-02     4.24e-03   3397.981s
 385000 +1.08031650e+08 +1.08031641e+08  9.46e+00   4.57e-02     4.19e-03   3406.517s
 386000 +1.08031650e+08 +1.08031642e+08  8.58e+00   4.52e-02     4.16e-03   3415.054s
 387000 +1.08031650e+08 +1.08031641e+08  9.38e+00   4.48e-02     4.21e-03   3423.591s
 388000 +1.08031650e+08 +1.08031642e+08  7.95e+00   4.43e-02     4.17e-03   3432.127s
 389000 +1.08031650e+08 +1.08031642e+08  8.11e+00   4.39e-02     4.17e-03   3440.664s
 390000 +1.08031650e+08 +1.08031643e+08  7.39e+00   4.35e-02     4.16e-03   3449.201s
 391000 +1.08031650e+08 +1.08031642e+08  8.00e+00   4.30e-02     4.17e-03   3457.738s
 392000 +1.08031650e+08 +1.08031642e+08  8.05e+00   4.26e-02     4.17e-03   3466.275s
 393000 +1.08031650e+08 +1.08031642e+08  8.17e+00   4.22e-02     4.17e-03   3474.812s
 394000 +1.08031650e+08 +1.08031642e+08  8.20e+00   4.17e-02     4.11e-03   3483.349s
 395000 +1.08031650e+08 +1.08031644e+08  6.89e+00   4.14e-02     4.14e-03   3491.885s
 396000 +1.08031650e+08 +1.08031643e+08  7.66e+00   4.10e-02     4.12e-03   3500.422s
 397000 +1.08031650e+08 +1.08031642e+08  8.73e+00   4.06e-02     4.13e-03   3508.958s
 398000 +1.08031650e+08 +1.08031643e+08  7.69e+00   4.02e-02     4.13e-03   3517.495s
 399000 +1.08031650e+08 +1.08031644e+08  6.82e+00   3.99e-02     4.14e-03   3526.032s
 400000 +1.08031650e+08 +1.08031642e+08  8.00e+00   3.95e-02     4.16e-03   3534.569s
 401000 +1.08031650e+08 +1.08031643e+08  7.52e+00   3.92e-02     4.12e-03   3543.106s
 402000 +1.08031650e+08 +1.08031642e+08  7.99e+00   3.88e-02     4.17e-03   3551.642s
 403000 +1.08031650e+08 +1.08031643e+08  7.17e+00   3.84e-02     4.12e-03   3560.178s
 404000 +1.08031650e+08 +1.08031643e+08  7.88e+00   3.81e-02     4.16e-03   3568.715s
 405000 +1.08031650e+08 +1.08031643e+08  7.92e+00   3.77e-02     4.14e-03   3577.252s
 406000 +1.08031651e+08 +1.08031643e+08  7.46e+00   3.73e-02     4.16e-03   3585.788s
 407000 +1.08031651e+08 +1.08031643e+08  7.76e+00   3.71e-02     4.15e-03   3594.325s
PDLP finished
Status: Time Limit   Objective: 1.08031651e+08  Iterations: 407800  Time: 3601.300s

### exit_code=0
### finished=2026-07-24T10:37:21.401659
### gpu_peak_mb=102010.4
### gpu_peak2_mb=0.0
### per_gpu_peak_mb=[102010.375]
