### solver=cuopt-base
### instance=/home/scratch.cmaes_sw/hans_lps/thk_63.mps
### n_gpus=1
### CUDA_VISIBLE_DEVICES=0
### started=2026-07-31T17:31:59.747553
### argv=/home/scratch.vmostovoi_gpu/mostovoi_cuopt/cpp/build/cuopt_cli --method 1 --mps-reader experimental-fast --time-limit 3600 --iteration-limit 1000000000 --relative-primal-tolerance 1e-6 --relative-dual-tolerance 1e-6 --relative-gap-tolerance 1e-6 --log-to-console true /home/scratch.cmaes_sw/hans_lps/thk_63.mps
### --- solver output ---
Setting parameter iteration_limit to 1000000000
Setting parameter log_to_console to true
Setting parameter method to 1
Setting parameter relative_dual_tolerance to 1.000000e-06
Setting parameter relative_gap_tolerance to 1.000000e-06
Setting parameter relative_primal_tolerance to 1.000000e-06
Setting parameter time_limit to 3.600000e+03
Reading file thk_63.mps
Using experimental fast MPS parser for '/home/scratch.cmaes_sw/hans_lps/thk_63.mps'
Read file thk_63.mps in 0.64 seconds
cuOpt version: 26.8.0, git hash: 7116ead1, host arch: x86_64, device archs: 100a-real
CPU: INTEL(R) XEON(R) PLATINUM 8570, threads (physical/logical): 112/224, RAM: 1760.51 GiB
CUDA 13.3, device: NVIDIA B200 (ID 0), VRAM: 178.34 GiB
CUDA device UUID: 1e26c45a-4f9e-e75b-c128-d0e6ab6abfe5
Solving a problem with 5694387 constraints, 7701112 variables (0 integers), and 21592414 nonzeros
Problem scaling:
Objective coefficents range:          [1e+00, 1e+00]
Constraint matrix coefficients range: [1e+00, 1e+00]
Constraint rhs / bounds range:        [1e+00, 1e+00]
Variable bounds range:                [0e+00, 1e+00]

Using PSLP presolver
PSLP Presolved problem: 5223051 constraints, 7139839 variables, 20262195 non-zeros
PSLP presolve time: 4.47s
Objective offset 1.000000 scaling_factor 1.000000
   Iter    Primal Obj.      Dual Obj.    Gap        Primal Res.  Dual Res.   Time
      0 +1.00000000e+00 +1.00000000e+00  0.00e+00   9.54e+00     1.67e+03   6.167s
   1000 +1.28312490e+03 +2.02864962e+03  7.46e+02   9.39e-02     3.87e+01   6.626s
   2000 +1.93962238e+03 +2.42854272e+03  4.89e+02   1.90e-02     5.86e+01   6.986s
   3000 +2.06974150e+03 +2.04616916e+03  2.36e+01   1.43e-02     1.68e+01   7.346s
   4000 +1.95880920e+03 +1.98262551e+03  2.38e+01   3.44e-03     9.61e+00   7.705s
   5000 +1.92559714e+03 +1.97141033e+03  4.58e+01   1.13e-03     7.51e+00   8.064s
   6000 +1.94221259e+03 +1.94154924e+03  6.63e-01   2.16e-02     4.67e+00   8.423s
   7000 +1.89816243e+03 +1.90186830e+03  3.71e+00   1.05e-02     2.05e+00   8.782s
   8000 +1.91617572e+03 +1.88069511e+03  3.55e+01   4.25e-02     7.99e-01   9.141s
   9000 +1.89028116e+03 +1.87327153e+03  1.70e+01   2.35e-02     2.50e-01   9.500s
  10000 +1.88473057e+03 +1.87104927e+03  1.37e+01   1.97e-02     4.71e-02   9.859s
  11000 +1.88108345e+03 +1.87099140e+03  1.01e+01   1.02e-02     1.96e-02   10.213s
  12000 +1.87862524e+03 +1.87097546e+03  7.65e+00   7.46e-03     7.46e-03   10.568s
  13000 +1.87777469e+03 +1.87097823e+03  6.80e+00   3.67e-03     1.04e-02   10.922s
  14000 +1.87135783e+03 +1.87099916e+03  3.59e-01   2.12e-04     4.12e-03   11.277s
  15000 +1.87091028e+03 +1.87099968e+03  8.94e-02   6.51e-05     1.77e-03   11.632s
  15800 +1.87099744e+03 +1.87100003e+03  2.59e-03   6.49e-06     1.52e-04   11.915s
LP Solver status:                Optimal
Primal objective:                +1.87099744e+03
Dual objective:                  +1.87100003e+03
Duality gap (abs/rel):           +2.59e-03 / +6.91e-07
Primal infeasibility (abs/rel):  +6.49e-06 / +8.56e-08
Dual infeasibility (abs/rel):    +1.52e-04 / +9.09e-08
PDLP finished
Status: Optimal   Objective: 1.87099744e+03  Iterations: 15800  Time: 11.919s

### exit_code=0
### finished=2026-07-31T17:32:14.328091
### gpu_peak_mb=7130.4
### gpu_peak2_mb=0.0
### per_gpu_peak_mb=[7130.375]
