### solver=cuopt-base
### instance=/home/scratch.vmostovoi_gpu/datasets/open_energy_benchmark/times-ireland-noco2-40-1ts.mps
### n_gpus=1
### CUDA_VISIBLE_DEVICES=0
### started=2026-07-29T20:50:22.860077
### argv=/home/scratch.vmostovoi_gpu/mostovoi_cuopt/cpp/build/cuopt_cli --method 1 --mps-reader experimental-fast --time-limit 3600 --iteration-limit 1000000000 --relative-primal-tolerance 1e-6 --relative-dual-tolerance 1e-6 --relative-gap-tolerance 1e-6 --log-to-console true /home/scratch.vmostovoi_gpu/datasets/open_energy_benchmark/times-ireland-noco2-40-1ts.mps
### --- solver output ---
Setting parameter iteration_limit to 1000000000
Setting parameter log_to_console to true
Setting parameter method to 1
Setting parameter relative_dual_tolerance to 1.000000e-06
Setting parameter relative_gap_tolerance to 1.000000e-06
Setting parameter relative_primal_tolerance to 1.000000e-06
Setting parameter time_limit to 3.600000e+03
Reading file times-ireland-noco2-40-1ts.mps
Using experimental fast MPS parser for '/home/scratch.vmostovoi_gpu/datasets/open_energy_benchmark/times-ireland-noco2-40-1ts.mps'
Read file times-ireland-noco2-40-1ts.mps in 1.05 seconds
cuOpt version: 26.8.0, git hash: 7116ead1, host arch: x86_64, device archs: 100a-real
CPU: INTEL(R) XEON(R) PLATINUM 8570, threads (physical/logical): 112/224, RAM: 822.33 GiB
CUDA 13.3, device: NVIDIA B200 (ID 0), VRAM: 178.34 GiB
CUDA device UUID: 36b67263-ffb8-5909-6fc4-357e32f8fed0
Solving a problem with 4809283 constraints, 4534121 variables (0 integers), and 21872822 nonzeros
Problem scaling:
Objective coefficents range:          [1e+00, 1e+00]
Constraint matrix coefficients range: [2e-08, 9e+03]
Constraint rhs / bounds range:        [8e-10, 2e+04]
Variable bounds range:                [1e-03, 5e+03]
Warning: input problem contains a large range of coefficients: consider reformulating to avoid numerical difficulties.

Using PSLP presolver
PSLP Presolved problem: 2919321 constraints, 2951708 variables, 17104731 non-zeros
PSLP presolve time: 11.30s
Objective offset 29564.669746 scaling_factor 1.000000
   Iter    Primal Obj.      Dual Obj.    Gap        Primal Res.  Dual Res.   Time
      0 +2.95646697e+04 +2.95646697e+04  0.00e+00   3.67e+04     9.18e+04   11.989s
   1000 +8.82967651e+04 +1.81397472e+05  9.31e+04   8.18e+04     4.63e+01   12.289s
   2000 +2.20008053e+05 +3.02175761e+05  8.22e+04   2.02e+04     1.18e+02   12.524s
   3000 +3.03285223e+05 +3.37501449e+05  3.42e+04   2.94e+01     5.85e+01   12.759s
   4000 +3.20355226e+05 +3.44063815e+05  2.37e+04   1.45e+01     5.57e+01   12.995s
   5000 +3.25528256e+05 +3.47794063e+05  2.23e+04   9.94e+00     5.06e+01   13.229s
   6000 +3.28835332e+05 +3.52653291e+05  2.38e+04   1.31e+01     1.05e+02   13.464s
   7000 +3.30945397e+05 +3.62226750e+05  3.13e+04   7.22e+00     1.04e+02   13.699s
   8000 +3.31168994e+05 +3.70719660e+05  3.96e+04   7.19e+00     1.03e+02   13.934s
   9000 +3.31351628e+05 +3.80413979e+05  4.91e+04   7.12e+00     1.03e+02   14.168s
  10000 +3.37615602e+05 +5.08116094e+05  1.71e+05   1.52e+02     1.27e+03   14.403s
  11000 +3.57872995e+05 +5.91500154e+05  2.34e+05   4.29e+01     1.55e+03   14.635s
  12000 +3.67534538e+05 +5.11770581e+05  1.44e+05   3.68e+01     5.10e+02   14.867s
  13000 +3.73471223e+05 +6.21762835e+05  2.48e+05   5.98e+01     9.62e+02   15.100s
  14000 +3.85357563e+05 +6.93876704e+05  3.09e+05   4.46e+01     1.58e+03   15.332s
  15000 +4.01398310e+05 +7.61562679e+05  3.60e+05   3.92e+01     1.77e+03   15.564s
  16000 +4.20560639e+05 +8.01361834e+05  3.81e+05   2.18e+01     1.77e+03   15.797s
  17000 +4.38818315e+05 +7.81195327e+05  3.42e+05   4.87e+00     1.70e+03   16.029s
  18000 +4.52391669e+05 +7.51346405e+05  2.99e+05   4.97e-01     1.41e+03   16.261s
  19000 +4.60290337e+05 +6.63728516e+05  2.03e+05   6.03e-01     1.15e+03   16.493s
  20000 +4.74095057e+05 +6.28432097e+05  1.54e+05   9.70e-01     8.73e+02   16.726s
  21000 +4.89915956e+05 +5.90103712e+05  1.00e+05   7.46e-01     6.74e+02   16.958s
  22000 +4.97915947e+05 +5.42384688e+05  4.45e+04   9.36e-01     6.00e+02   17.190s
  23000 +5.00185348e+05 +5.10277693e+05  1.01e+04   8.40e-01     3.56e+02   17.422s
  24000 +4.98263283e+05 +4.83141735e+05  1.51e+04   7.10e-01     2.38e+02   17.655s
  25000 +4.93071872e+05 +4.60464238e+05  3.26e+04   6.56e-01     1.97e+02   17.887s
  26000 +4.85991112e+05 +4.45744637e+05  4.02e+04   5.43e-01     2.35e+02   18.119s
  27000 +4.78178600e+05 +4.36349618e+05  4.18e+04   4.18e-01     2.13e+02   18.351s
  28000 +4.70786011e+05 +4.36243370e+05  3.45e+04   3.60e-01     1.90e+02   18.583s
  29000 +4.64547893e+05 +4.38070428e+05  2.65e+04   2.55e-01     1.51e+02   18.815s
  30000 +4.63683440e+05 +4.16955388e+05  4.67e+04   1.95e-01     4.35e+02   19.047s
  31000 +4.62160625e+05 +4.01083712e+05  6.11e+04   1.79e-01     5.52e+02   19.280s
  32000 +4.60218040e+05 +3.92621979e+05  6.76e+04   1.78e-01     6.15e+02   19.512s
  33000 +4.58197053e+05 +3.89369232e+05  6.88e+04   1.80e-01     4.73e+02   19.744s
  34000 +4.56182054e+05 +3.90390871e+05  6.58e+04   1.65e-01     3.93e+02   19.976s
  35000 +4.54344879e+05 +3.95096038e+05  5.92e+04   1.25e-01     4.87e+02   20.208s
  36000 +4.52869255e+05 +4.03938395e+05  4.89e+04   5.36e+00     4.20e+02   20.440s
  37000 +4.51943221e+05 +4.14696359e+05  3.72e+04   8.57e-02     3.35e+02   20.672s
  38000 +4.51533421e+05 +4.27242156e+05  2.43e+04   2.62e+00     2.80e+02   20.904s
  39000 +4.51648952e+05 +4.38765600e+05  1.29e+04   2.01e+00     2.31e+02   21.136s
  40000 +4.51911308e+05 +4.46379586e+05  5.53e+03   1.09e+00     8.59e+01   21.369s
  41000 +4.51338928e+05 +4.48042033e+05  3.30e+03   1.83e+00     7.39e+01   21.601s
  42000 +4.50999422e+05 +4.51231942e+05  2.33e+02   2.36e+00     6.35e+01   21.833s
  43000 +4.50952290e+05 +4.54485821e+05  3.53e+03   2.37e+00     5.51e+01   22.065s
  44000 +4.51174368e+05 +4.57195913e+05  6.02e+03   2.32e+00     5.05e+01   22.297s
  45000 +4.51552092e+05 +4.59165718e+05  7.61e+03   1.55e+00     4.79e+01   22.529s
  46000 +4.51998547e+05 +4.59933452e+05  7.93e+03   1.21e+00     4.75e+01   22.761s
  47000 +4.52424194e+05 +4.60051710e+05  7.63e+03   6.41e-01     4.78e+01   22.993s
  48000 +4.52761764e+05 +4.59410408e+05  6.65e+03   3.62e-01     4.29e+01   23.225s
  49000 +4.52977825e+05 +4.58454599e+05  5.48e+03   1.37e-01     4.10e+01   23.457s
  50000 +4.53061061e+05 +4.57423381e+05  4.36e+03   1.16e-01     3.88e+01   23.689s
  51000 +4.53029153e+05 +4.56528013e+05  3.50e+03   1.93e-01     3.91e+01   23.921s
  52000 +4.52972832e+05 +4.56179673e+05  3.21e+03   1.87e-01     3.70e+01   24.153s
  53000 +4.52971237e+05 +4.56374137e+05  3.40e+03   1.82e-01     3.57e+01   24.386s
  54000 +4.52989161e+05 +4.56531705e+05  3.54e+03   1.50e-01     3.50e+01   24.618s
  55000 +4.53016815e+05 +4.56645547e+05  3.63e+03   1.34e-01     3.46e+01   24.850s
  56000 +4.53050284e+05 +4.56681678e+05  3.63e+03   1.11e-01     3.43e+01   25.082s
  57000 +4.53082494e+05 +4.56682929e+05  3.60e+03   9.29e-02     3.41e+01   25.314s
  58000 +4.53108104e+05 +4.56571725e+05  3.46e+03   8.67e-02     3.36e+01   25.546s
  59000 +4.53121819e+05 +4.56405339e+05  3.28e+03   8.69e-02     3.34e+01   25.778s
  60000 +4.53123539e+05 +4.56307993e+05  3.18e+03   8.71e-02     2.96e+01   26.010s
  61000 +4.53113371e+05 +4.56126939e+05  3.01e+03   8.71e-02     2.90e+01   26.242s
  62000 +4.53095213e+05 +4.56018835e+05  2.92e+03   8.70e-02     2.85e+01   26.474s
  63000 +4.53073320e+05 +4.55976129e+05  2.90e+03   9.73e-02     2.82e+01   26.706s
  64000 +4.53054072e+05 +4.55975430e+05  2.92e+03   9.19e-02     2.76e+01   26.938s
  65000 +4.53041535e+05 +4.56018589e+05  2.98e+03   8.65e-02     2.70e+01   27.170s
  66000 +4.53035012e+05 +4.56030780e+05  3.00e+03   8.67e-02     2.68e+01   27.402s
  67000 +4.53033020e+05 +4.56054562e+05  3.02e+03   8.73e-02     2.66e+01   27.634s
  68000 +4.53034254e+05 +4.56070879e+05  3.04e+03   9.07e-02     2.64e+01   27.865s
  69000 +4.53037373e+05 +4.56069388e+05  3.03e+03   8.68e-02     2.54e+01   28.097s
  70000 +4.53040104e+05 +4.56038503e+05  3.00e+03   9.02e-02     2.53e+01   28.329s
  71000 +4.53039489e+05 +4.55964016e+05  2.92e+03   8.70e-02     2.51e+01   28.561s
  72000 +4.53033611e+05 +4.55941186e+05  2.91e+03   8.78e-02     2.51e+01   28.793s
  73000 +4.53024264e+05 +4.55913686e+05  2.89e+03   8.69e-02     2.48e+01   29.025s
  74000 +4.53012715e+05 +4.55887418e+05  2.87e+03   8.68e-02     2.47e+01   29.257s
  75000 +4.53001951e+05 +4.55914198e+05  2.91e+03   8.95e-02     2.17e+01   29.489s
  76000 +4.52994813e+05 +4.55884027e+05  2.89e+03   9.03e-02     2.17e+01   29.720s
  77000 +4.52990105e+05 +4.55893082e+05  2.90e+03   9.08e-02     2.15e+01   29.952s
  78000 +4.52987266e+05 +4.55916921e+05  2.93e+03   8.67e-02     2.14e+01   30.184s
  79000 +4.52986140e+05 +4.55936661e+05  2.95e+03   8.67e-02     2.12e+01   30.416s
  80000 +4.52985409e+05 +4.55918541e+05  2.93e+03   8.68e-02     2.09e+01   30.648s
  81000 +4.52985810e+05 +4.55877417e+05  2.89e+03   8.68e-02     2.03e+01   30.880s
  82000 +4.52987509e+05 +4.55813985e+05  2.83e+03   8.67e-02     2.06e+01   31.112s
  83000 +4.52988687e+05 +4.55804396e+05  2.82e+03   8.68e-02     2.05e+01   31.344s
  84000 +4.52988572e+05 +4.55792127e+05  2.80e+03   8.68e-02     2.05e+01   31.576s
  85000 +4.52987093e+05 +4.55760822e+05  2.77e+03   8.68e-02     2.04e+01   31.808s
  86000 +4.52983264e+05 +4.55740859e+05  2.76e+03   8.68e-02     2.04e+01   32.040s
  87000 +4.52977747e+05 +4.55725901e+05  2.75e+03   8.68e-02     2.03e+01   32.272s
  88000 +4.52970853e+05 +4.55715035e+05  2.74e+03   8.68e-02     2.04e+01   32.503s
  89000 +4.52963563e+05 +4.55711348e+05  2.75e+03   8.67e-02     2.03e+01   32.735s
  90000 +4.52956937e+05 +4.55716641e+05  2.76e+03   8.67e-02     2.02e+01   32.967s
  91000 +4.52951175e+05 +4.55734418e+05  2.78e+03   8.74e-02     2.01e+01   33.199s
  92000 +4.52940358e+05 +4.55553338e+05  2.61e+03   7.48e-02     2.07e+01   33.431s
  93000 +4.52909304e+05 +4.55378127e+05  2.47e+03   7.00e-02     2.17e+01   33.663s
  94000 +4.52858747e+05 +4.55129114e+05  2.27e+03   2.10e-01     2.13e+01   33.894s
  95000 +4.52794998e+05 +4.55041157e+05  2.25e+03   6.99e-02     2.09e+01   34.126s
  96000 +4.52734887e+05 +4.55143371e+05  2.41e+03   6.81e-02     2.09e+01   34.358s
  97000 +4.52696805e+05 +4.55414992e+05  2.72e+03   3.69e-01     2.04e+01   34.590s
  98000 +4.52689959e+05 +4.55753314e+05  3.06e+03   6.71e-02     2.02e+01   34.822s
  99000 +4.52713823e+05 +4.56022666e+05  3.31e+03   6.63e-02     2.02e+01   35.054s
 100000 +4.52754832e+05 +4.56152798e+05  3.40e+03   1.65e-01     1.99e+01   35.285s
 101000 +4.52797908e+05 +4.56171653e+05  3.37e+03   6.75e-02     1.97e+01   35.517s
 102000 +4.52834269e+05 +4.56060303e+05  3.23e+03   6.73e-02     1.98e+01   35.749s
 103000 +4.52854824e+05 +4.55876643e+05  3.02e+03   6.70e-02     1.98e+01   35.981s
 104000 +4.52851336e+05 +4.55498537e+05  2.65e+03   5.23e-02     2.05e+01   36.213s
 105000 +4.52827795e+05 +4.55174194e+05  2.35e+03   5.17e-02     2.20e+01   36.445s
 106000 +4.52787210e+05 +4.54883967e+05  2.10e+03   5.17e-02     2.34e+01   36.677s
 107000 +4.52734696e+05 +4.54668848e+05  1.93e+03   5.17e-02     2.27e+01   36.909s
 108000 +4.52676790e+05 +4.54568413e+05  1.89e+03   5.13e-02     2.18e+01   37.140s
 109000 +4.52619956e+05 +4.54568121e+05  1.95e+03   5.09e-02     2.14e+01   37.372s
 110000 +4.52570456e+05 +4.54672452e+05  2.10e+03   5.04e-02     2.11e+01   37.604s
 111000 +4.52532082e+05 +4.54853475e+05  2.32e+03   5.62e-02     2.07e+01   37.836s
 112000 +4.52507800e+05 +4.55087041e+05  2.58e+03   6.42e-02     2.03e+01   38.068s
 113000 +4.52497923e+05 +4.55282652e+05  2.78e+03   7.43e-02     2.00e+01   38.300s
 114000 +4.52501389e+05 +4.55451665e+05  2.95e+03   9.08e-02     1.96e+01   38.532s
 115000 +4.52514443e+05 +4.55618965e+05  3.10e+03   7.47e-02     1.94e+01   38.763s
 116000 +4.52532987e+05 +4.55690483e+05  3.16e+03   5.82e-02     1.93e+01   38.995s
 117000 +4.52551629e+05 +4.55701641e+05  3.15e+03   5.09e-02     1.92e+01   39.227s
 118000 +4.52566584e+05 +4.55661620e+05  3.10e+03   5.03e-02     1.93e+01   39.459s
 119000 +4.52574544e+05 +4.55601649e+05  3.03e+03   5.04e-02     1.93e+01   39.691s
 120000 +4.52573177e+05 +4.55402992e+05  2.83e+03   3.15e-01     1.95e+01   39.922s
 121000 +4.52554214e+05 +4.55074410e+05  2.52e+03   1.65e-02     2.09e+01   40.155s
 122000 +4.52521841e+05 +4.54799650e+05  2.28e+03   1.44e-02     2.25e+01   40.387s
 123000 +4.52479855e+05 +4.54602767e+05  2.12e+03   1.26e-02     2.29e+01   40.618s
 124000 +4.52431437e+05 +4.54502564e+05  2.07e+03   1.18e-02     2.20e+01   40.850s
 125000 +4.52381451e+05 +4.54493342e+05  2.11e+03   1.16e-02     2.11e+01   41.082s
 126000 +4.52335285e+05 +4.54580277e+05  2.24e+03   1.14e-02     2.05e+01   41.314s
 127000 +4.52297931e+05 +4.54739429e+05  2.44e+03   2.49e-02     2.02e+01   41.546s
 128000 +4.52272956e+05 +4.54944163e+05  2.67e+03   4.57e-02     1.98e+01   41.778s
 129000 +4.52261415e+05 +4.55163262e+05  2.90e+03   4.75e-02     1.96e+01   42.009s
 130000 +4.52262109e+05 +4.55361575e+05  3.10e+03   4.20e-02     1.94e+01   42.241s
 131000 +4.52271984e+05 +4.55518096e+05  3.25e+03   1.27e-02     1.92e+01   42.473s
 132000 +4.52287060e+05 +4.55616277e+05  3.33e+03   4.20e-02     1.90e+01   42.705s
 133000 +4.52303567e+05 +4.55660662e+05  3.36e+03   1.91e-02     1.89e+01   42.937s
 134000 +4.52318014e+05 +4.55651440e+05  3.33e+03   1.13e-02     1.89e+01   43.169s
 135000 +4.52328105e+05 +4.55596850e+05  3.27e+03   1.13e-02     1.89e+01   43.400s
 136000 +4.52323373e+05 +4.55556385e+05  3.23e+03   1.14e-02     1.81e+01   43.633s
 137000 +4.52310631e+05 +4.55547762e+05  3.24e+03   1.13e-02     1.81e+01   43.865s
 138000 +4.52297469e+05 +4.55538615e+05  3.24e+03   1.14e-02     1.80e+01   44.096s
 139000 +4.52284895e+05 +4.55536367e+05  3.25e+03   1.13e-02     1.80e+01   44.328s
 140000 +4.52274085e+05 +4.55547587e+05  3.27e+03   1.14e-02     1.80e+01   44.560s
 141000 +4.52265244e+05 +4.55560300e+05  3.30e+03   2.95e-02     1.79e+01   44.792s
 142000 +4.52259104e+05 +4.55561743e+05  3.30e+03   1.14e-02     1.79e+01   45.024s
 143000 +4.52255066e+05 +4.55575493e+05  3.32e+03   2.93e-02     1.79e+01   45.256s
 144000 +4.52251526e+05 +4.55592038e+05  3.34e+03   1.14e-02     1.79e+01   45.487s
 145000 +4.52249693e+05 +4.55589145e+05  3.34e+03   1.45e-02     1.78e+01   45.719s
 146000 +4.52248293e+05 +4.55593413e+05  3.35e+03   1.14e-02     1.78e+01   45.951s
 147000 +4.52246421e+05 +4.55589530e+05  3.34e+03   1.14e-02     1.77e+01   46.183s
 148000 +4.52244271e+05 +4.55579967e+05  3.34e+03   1.16e-02     1.77e+01   46.415s
 149000 +4.52241893e+05 +4.55564381e+05  3.32e+03   1.46e-02     1.77e+01   46.647s
 150000 +4.52238297e+05 +4.55518751e+05  3.28e+03   1.22e-02     1.74e+01   46.878s
 151000 +4.52234130e+05 +4.55482678e+05  3.25e+03   1.15e-02     1.74e+01   47.110s
 152000 +4.52228639e+05 +4.55474484e+05  3.25e+03   1.18e-02     1.74e+01   47.342s
 153000 +4.52222686e+05 +4.55446987e+05  3.22e+03   1.37e-02     1.73e+01   47.574s
 154000 +4.52216983e+05 +4.55464363e+05  3.25e+03   1.18e-02     1.73e+01   47.806s
 155000 +4.52210757e+05 +4.55434485e+05  3.22e+03   1.15e-02     1.73e+01   48.038s
 156000 +4.52204618e+05 +4.55444860e+05  3.24e+03   1.56e-02     1.73e+01   48.269s
 157000 +4.52199273e+05 +4.55438738e+05  3.24e+03   1.14e-02     1.73e+01   48.501s
 158000 +4.52193954e+05 +4.55446184e+05  3.25e+03   1.15e-02     1.72e+01   48.733s
 159000 +4.52190703e+05 +4.55417065e+05  3.23e+03   1.20e-02     1.53e+01   48.965s
 160000 +4.52188835e+05 +4.55422973e+05  3.23e+03   1.16e-02     1.49e+01   49.197s
 161000 +4.52186575e+05 +4.55406570e+05  3.22e+03   9.36e-02     1.48e+01   49.429s
 162000 +4.52172638e+05 +4.55248428e+05  3.08e+03   2.41e-02     1.49e+01   49.660s
 163000 +4.52164040e+05 +4.55350001e+05  3.19e+03   1.66e-02     1.45e+01   49.892s
 164000 +4.52152533e+05 +4.55318119e+05  3.17e+03   7.35e-02     1.45e+01   50.124s
 165000 +4.52135967e+05 +4.55321156e+05  3.19e+03   8.31e-02     1.45e+01   50.356s
 166000 +4.52118681e+05 +4.55315903e+05  3.20e+03   2.50e-02     1.43e+01   50.588s
 167000 +4.52107651e+05 +4.55343483e+05  3.24e+03   2.21e-02     1.40e+01   50.819s
 168000 +4.52099536e+05 +4.55324166e+05  3.22e+03   1.50e-02     1.39e+01   51.051s
 169000 +4.52093168e+05 +4.55353252e+05  3.26e+03   3.55e-02     1.38e+01   51.283s
 170000 +4.52093461e+05 +4.55402237e+05  3.31e+03   3.08e-02     1.38e+01   51.515s
 171000 +4.52098270e+05 +4.55413025e+05  3.31e+03   7.32e-03     1.38e+01   51.747s
 172000 +4.52101489e+05 +4.55370994e+05  3.27e+03   1.39e-02     1.39e+01   51.978s
 173000 +4.52104188e+05 +4.55392381e+05  3.29e+03   5.84e-03     1.37e+01   52.210s
 174000 +4.52108004e+05 +4.55382527e+05  3.27e+03   6.53e-03     1.36e+01   52.442s
 175000 +4.52106608e+05 +4.55325859e+05  3.22e+03   5.70e-03     1.36e+01   52.674s
 176000 +4.52099432e+05 +4.55291403e+05  3.19e+03   1.96e-02     1.36e+01   52.906s
 177000 +4.52091796e+05 +4.55290750e+05  3.20e+03   8.96e-03     1.36e+01   53.137s
 178000 +4.52081892e+05 +4.55263418e+05  3.18e+03   5.72e-03     1.35e+01   53.369s
 179000 +4.52069930e+05 +4.55208600e+05  3.14e+03   1.42e-02     1.19e+01   53.601s
 180000 +4.52059979e+05 +4.55250974e+05  3.19e+03   1.55e-02     1.18e+01   53.833s
 181000 +4.52051789e+05 +4.55236898e+05  3.19e+03   1.34e-02     1.18e+01   54.065s
 182000 +4.52045345e+05 +4.55225368e+05  3.18e+03   6.47e-03     1.17e+01   54.297s
 183000 +4.52041282e+05 +4.55244923e+05  3.20e+03   2.61e-02     1.15e+01   54.528s
 184000 +4.52039729e+05 +4.55269562e+05  3.23e+03   4.43e-03     1.15e+01   54.760s
 185000 +4.52039669e+05 +4.55286633e+05  3.25e+03   2.43e-02     1.15e+01   54.992s
 186000 +4.52040536e+05 +4.55257964e+05  3.22e+03   4.08e-03     1.16e+01   55.224s
 187000 +4.52040948e+05 +4.55237580e+05  3.20e+03   4.03e-03     1.14e+01   55.456s
 188000 +4.52041207e+05 +4.55231824e+05  3.19e+03   4.42e-03     1.13e+01   55.687s
 189000 +4.52038752e+05 +4.55214439e+05  3.18e+03   4.82e-02     1.12e+01   55.919s
 190000 +4.52035484e+05 +4.55193472e+05  3.16e+03   4.18e-03     1.12e+01   56.151s
 191000 +4.52030148e+05 +4.55179999e+05  3.15e+03   2.17e-02     1.12e+01   56.383s
 192000 +4.52023472e+05 +4.55167330e+05  3.14e+03   3.99e-03     1.12e+01   56.615s
 193000 +4.52016843e+05 +4.55162702e+05  3.15e+03   3.96e-03     1.12e+01   56.846s
 194000 +4.52009181e+05 +4.55167399e+05  3.16e+03   3.95e-03     1.11e+01   57.078s
 195000 +4.52002692e+05 +4.55156554e+05  3.15e+03   2.05e-02     1.10e+01   57.310s
 196000 +4.51997428e+05 +4.55167314e+05  3.17e+03   2.82e-02     1.10e+01   57.542s
 197000 +4.51993113e+05 +4.55184773e+05  3.19e+03   2.54e-02     1.10e+01   57.773s
 198000 +4.51991119e+05 +4.55192163e+05  3.20e+03   2.93e-02     1.10e+01   58.005s
 199000 +4.51989867e+05 +4.55204312e+05  3.21e+03   3.85e-03     1.11e+01   58.237s
 200000 +4.51990081e+05 +4.55179056e+05  3.19e+03   1.15e-02     1.08e+01   58.469s
 201000 +4.51990469e+05 +4.55177012e+05  3.19e+03   3.61e-03     1.08e+01   58.701s
 202000 +4.51990084e+05 +4.55164218e+05  3.17e+03   7.22e-03     1.07e+01   58.932s
 203000 +4.51989060e+05 +4.55145513e+05  3.16e+03   7.55e-03     1.08e+01   59.164s
 204000 +4.51985536e+05 +4.55133036e+05  3.15e+03   1.78e-02     1.07e+01   59.396s
 205000 +4.51980804e+05 +4.55117703e+05  3.14e+03   3.47e-03     1.08e+01   59.628s
 206000 +4.51974025e+05 +4.55112484e+05  3.14e+03   8.74e-03     1.09e+01   59.860s
 207000 +4.51966650e+05 +4.55100660e+05  3.13e+03   1.47e-02     1.08e+01   60.091s
 208000 +4.51959757e+05 +4.55101814e+05  3.14e+03   3.68e-03     1.07e+01   60.323s
 209000 +4.51953935e+05 +4.55106339e+05  3.15e+03   2.21e-02     1.07e+01   60.555s
 210000 +4.51950286e+05 +4.55112551e+05  3.16e+03   3.57e-03     1.06e+01   60.787s
 211000 +4.51947762e+05 +4.55123962e+05  3.18e+03   3.56e-03     1.06e+01   61.019s
 212000 +4.51942910e+05 +4.55018136e+05  3.08e+03   2.97e-02     1.03e+01   61.251s
 213000 +4.51929552e+05 +4.54899694e+05  2.97e+03   1.85e-02     1.02e+01   61.484s
 214000 +4.51914282e+05 +4.54859351e+05  2.95e+03   6.59e-02     1.01e+01   61.716s
 215000 +4.51894020e+05 +4.54825346e+05  2.93e+03   2.85e-02     9.93e+00   61.948s
 216000 +4.51878089e+05 +4.54783564e+05  2.91e+03   2.42e-02     9.65e+00   62.180s
 217000 +4.51856197e+05 +4.54742296e+05  2.89e+03   5.46e-02     9.49e+00   62.411s
 218000 +4.51839529e+05 +4.54719844e+05  2.88e+03   1.87e-02     9.39e+00   62.643s
 219000 +4.51814298e+05 +4.54689763e+05  2.88e+03   1.66e-02     9.30e+00   62.875s
 220000 +4.51792241e+05 +4.54676381e+05  2.88e+03   2.32e-02     9.26e+00   63.107s
 221000 +4.51762877e+05 +4.54657387e+05  2.89e+03   1.66e-02     9.18e+00   63.338s
 222000 +4.51732386e+05 +4.54619208e+05  2.89e+03   4.95e-02     8.17e+00   63.570s
 223000 +4.51710871e+05 +4.54579498e+05  2.87e+03   2.14e-02     7.98e+00   63.802s
 224000 +4.51684422e+05 +4.54562565e+05  2.88e+03   3.06e-02     7.71e+00   64.034s
 225000 +4.51657795e+05 +4.54525209e+05  2.87e+03   2.92e-02     7.57e+00   64.266s
 226000 +4.51636601e+05 +4.54519551e+05  2.88e+03   2.45e-02     7.50e+00   64.497s
 227000 +4.51606981e+05 +4.54458139e+05  2.85e+03   2.57e-02     7.32e+00   64.731s
 228000 +4.51587025e+05 +4.54435393e+05  2.85e+03   2.04e-02     7.20e+00   64.963s
 229000 +4.51562723e+05 +4.54416107e+05  2.85e+03   1.92e-02     7.14e+00   65.194s
 230000 +4.51543289e+05 +4.54398642e+05  2.86e+03   2.06e-02     7.06e+00   65.426s
 231000 +4.51528214e+05 +4.54365581e+05  2.84e+03   9.91e-02     6.99e+00   65.658s
 232000 +4.51509295e+05 +4.54301980e+05  2.79e+03   6.95e-01     6.93e+00   65.890s
 233000 +4.51497609e+05 +4.54155584e+05  2.66e+03   2.06e-01     6.86e+00   66.121s
 234000 +4.51313234e+05 +4.53735316e+05  2.42e+03   1.04e+00     5.41e+00   66.354s
 235000 +4.51244183e+05 +4.53526880e+05  2.28e+03   1.27e+00     4.88e+00   66.585s
 236000 +4.51189388e+05 +4.53336717e+05  2.15e+03   1.44e+00     4.27e+00   66.817s
 237000 +4.51280808e+05 +4.53192618e+05  1.91e+03   7.63e-01     3.86e+00   67.049s
 238000 +4.51227604e+05 +4.53041816e+05  1.81e+03   6.83e-01     3.43e+00   67.281s
 239000 +4.51143664e+05 +4.52893242e+05  1.75e+03   6.91e-01     3.05e+00   67.513s
 240000 +4.50995907e+05 +4.52809218e+05  1.81e+03   3.50e-01     2.88e+00   67.744s
 241000 +4.50747412e+05 +4.52716722e+05  1.97e+03   6.15e-01     2.75e+00   67.976s
 242000 +4.50521433e+05 +4.52599876e+05  2.08e+03   6.02e-01     2.59e+00   68.208s
 243000 +4.50203614e+05 +4.52527539e+05  2.32e+03   3.45e-01     2.51e+00   68.440s
 244000 +4.49928842e+05 +4.52450694e+05  2.52e+03   6.81e-01     2.42e+00   68.671s
 245000 +4.49639304e+05 +4.52374549e+05  2.74e+03   3.93e-01     2.30e+00   68.903s
 246000 +4.49410026e+05 +4.52344241e+05  2.93e+03   1.55e+00     2.22e+00   69.135s
 247000 +4.49241970e+05 +4.52264273e+05  3.02e+03   3.29e-01     2.16e+00   69.367s
 248000 +4.49124375e+05 +4.52165373e+05  3.04e+03   3.25e-01     2.00e+00   69.598s
 249000 +4.49054327e+05 +4.52049264e+05  2.99e+03   4.03e-01     1.90e+00   69.830s
 250000 +4.49029013e+05 +4.51950479e+05  2.92e+03   3.74e-01     1.82e+00   70.062s
 251000 +4.48980112e+05 +4.51936517e+05  2.96e+03   3.23e-01     1.77e+00   70.294s
 252000 +4.48965648e+05 +4.51889936e+05  2.92e+03   2.37e-01     1.72e+00   70.525s
 253000 +4.48921997e+05 +4.51813389e+05  2.89e+03   2.93e-01     1.67e+00   70.757s
 254000 +4.48733373e+05 +4.51445065e+05  2.71e+03   1.15e+00     1.39e+00   70.989s
 255000 +4.48286770e+05 +4.50600480e+05  2.31e+03   2.39e+00     1.00e+00   71.221s
 256000 +4.47427703e+05 +4.49920847e+05  2.49e+03   7.45e+00     7.71e-01   71.453s
 257000 +4.46673899e+05 +4.49559768e+05  2.89e+03   2.79e+00     6.60e-01   71.685s
 258000 +4.45885888e+05 +4.49259251e+05  3.37e+03   3.79e+00     6.04e-01   71.917s
 259000 +4.45184118e+05 +4.48885801e+05  3.70e+03   3.92e+00     5.54e-01   72.148s
 260000 +4.44834302e+05 +4.48618078e+05  3.78e+03   5.01e+00     5.05e-01   72.380s
 261000 +4.44346646e+05 +4.48089058e+05  3.74e+03   4.83e+00     4.59e-01   72.612s
 262000 +4.43890021e+05 +4.48013334e+05  4.12e+03   5.77e+00     4.18e-01   72.843s
 263000 +4.43635077e+05 +4.47643034e+05  4.01e+03   6.37e+00     3.81e-01   73.075s
 264000 +4.43460293e+05 +4.47474852e+05  4.01e+03   6.56e+00     3.58e-01   73.307s
 265000 +4.43286758e+05 +4.47171700e+05  3.88e+03   1.00e+01     3.37e-01   73.539s
 266000 +4.43115868e+05 +4.47093333e+05  3.98e+03   5.79e+00     3.22e-01   73.771s
 267000 +4.43007108e+05 +4.46817747e+05  3.81e+03   1.08e+01     2.97e-01   74.002s
 268000 +4.42859205e+05 +4.45818436e+05  2.96e+03   6.22e+00     2.52e-01   74.235s
 269000 +4.41913977e+05 +4.45499842e+05  3.59e+03   8.42e+00     2.36e-01   74.466s
 270000 +4.40782495e+05 +4.45384171e+05  4.60e+03   1.11e+01     2.24e-01   74.698s
 271000 +4.39782487e+05 +4.45254399e+05  5.47e+03   1.53e+01     2.12e-01   74.930s
 272000 +4.39151156e+05 +4.45187720e+05  6.04e+03   1.44e+01     2.01e-01   75.162s
 273000 +4.38385581e+05 +4.44992438e+05  6.61e+03   1.69e+01     1.85e-01   75.394s
 274000 +4.38203911e+05 +4.44847611e+05  6.64e+03   2.30e+01     1.71e-01   75.626s
 275000 +4.38149073e+05 +4.44683692e+05  6.53e+03   1.52e+01     1.61e-01   75.858s
 276000 +4.38363460e+05 +4.44486766e+05  6.12e+03   1.49e+01     1.50e-01   76.089s
 277000 +4.38378364e+05 +4.44360846e+05  5.98e+03   1.48e+01     1.41e-01   76.321s
 278000 +4.38613132e+05 +4.44223751e+05  5.61e+03   1.61e+01     1.24e-01   76.553s
 279000 +4.38646488e+05 +4.44153121e+05  5.51e+03   1.42e+01     1.13e-01   76.785s
 280000 +4.38843019e+05 +4.43990195e+05  5.15e+03   2.45e+01     1.02e-01   77.017s
 281000 +4.38927968e+05 +4.43963072e+05  5.04e+03   3.40e+01     9.31e-02   77.249s
 282000 +4.39108894e+05 +4.43907674e+05  4.80e+03   2.82e+01     7.99e-02   77.480s
 283000 +4.39331908e+05 +4.43784836e+05  4.45e+03   1.42e+01     7.34e-02   77.712s
 284000 +4.39379322e+05 +4.43798509e+05  4.42e+03   1.41e+01     6.98e-02   77.944s
 285000 +4.39443699e+05 +4.43690153e+05  4.25e+03   1.35e+01     6.76e-02   78.176s
 286000 +4.39791924e+05 +4.43637400e+05  3.85e+03   1.26e+01     6.74e-02   78.408s
 287000 +4.40178638e+05 +4.43665779e+05  3.49e+03   1.15e+01     6.44e-02   78.640s
 288000 +4.40413025e+05 +4.43563159e+05  3.15e+03   1.42e+01     6.92e-02   78.872s
 289000 +4.40748750e+05 +4.43400550e+05  2.65e+03   1.01e+01     4.53e-02   79.104s
 290000 +4.40752465e+05 +4.43376882e+05  2.62e+03   1.01e+01     4.23e-02   79.336s
 291000 +4.40801239e+05 +4.43340683e+05  2.54e+03   9.99e+00     4.01e-02   79.568s
 292000 +4.40846873e+05 +4.43305694e+05  2.46e+03   9.88e+00     3.70e-02   79.800s
 293000 +4.40854113e+05 +4.43264974e+05  2.41e+03   9.82e+00     3.35e-02   80.032s
 294000 +4.40856903e+05 +4.43243072e+05  2.39e+03   9.77e+00     3.12e-02   80.264s
 295000 +4.40806955e+05 +4.43224311e+05  2.42e+03   9.84e+00     2.92e-02   80.496s
 296000 +4.40778085e+05 +4.43188313e+05  2.41e+03   9.87e+00     2.61e-02   80.727s
 297000 +4.40761281e+05 +4.43171333e+05  2.41e+03   9.93e+00     2.49e-02   80.959s
 298000 +4.40775827e+05 +4.43166250e+05  2.39e+03   9.89e+00     2.30e-02   81.191s
 299000 +4.40826100e+05 +4.43148518e+05  2.32e+03   9.81e+00     2.09e-02   81.423s
 300000 +4.40887421e+05 +4.43161273e+05  2.27e+03   9.48e+00     2.03e-02   81.655s
 301000 +4.40996837e+05 +4.43163148e+05  2.17e+03   1.16e+01     1.96e-02   81.887s
 302000 +4.41063050e+05 +4.43163303e+05  2.10e+03   8.90e+00     1.88e-02   82.119s
 303000 +4.41236003e+05 +4.43166383e+05  1.93e+03   1.13e+01     2.11e-02   82.351s
 304000 +4.41311698e+05 +4.43157608e+05  1.85e+03   2.26e+01     1.89e-02   82.583s
 305000 +4.41393285e+05 +4.43159103e+05  1.77e+03   8.20e+00     1.96e-02   82.814s
 306000 +4.41421804e+05 +4.43163721e+05  1.74e+03   1.42e+01     1.98e-02   83.046s
 307000 +4.41476473e+05 +4.43160452e+05  1.68e+03   1.55e+01     1.84e-02   83.278s
 308000 +4.41484240e+05 +4.43169720e+05  1.69e+03   1.07e+01     1.86e-02   83.510s
 309000 +4.41511422e+05 +4.43175933e+05  1.66e+03   9.01e+00     2.00e-02   83.742s
 310000 +4.41563814e+05 +4.43176600e+05  1.61e+03   7.75e+00     2.14e-02   83.974s
 311000 +4.41589555e+05 +4.43186476e+05  1.60e+03   7.38e+00     1.85e-02   84.206s
 312000 +4.41611544e+05 +4.43190779e+05  1.58e+03   7.34e+00     1.70e-02   84.438s
 313000 +4.41749680e+05 +4.43192067e+05  1.44e+03   7.20e+00     1.82e-02   84.670s
 314000 +4.41740033e+05 +4.43191550e+05  1.45e+03   7.11e+00     1.73e-02   84.901s
 315000 +4.41785077e+05 +4.43182516e+05  1.40e+03   6.96e+00     1.75e-02   85.133s
 316000 +4.41858967e+05 +4.43153683e+05  1.29e+03   6.74e+00     1.79e-02   85.366s
 317000 +4.41899735e+05 +4.43140434e+05  1.24e+03   6.85e+00     1.91e-02   85.598s
 318000 +4.41928085e+05 +4.43128872e+05  1.20e+03   7.15e+00     1.95e-02   85.829s
 319000 +4.41944023e+05 +4.43123513e+05  1.18e+03   6.43e+00     2.01e-02   86.061s
 320000 +4.41940565e+05 +4.43123381e+05  1.18e+03   6.38e+00     2.03e-02   86.293s
 321000 +4.41953309e+05 +4.43128798e+05  1.18e+03   6.72e+00     1.94e-02   86.525s
 322000 +4.41970220e+05 +4.43138920e+05  1.17e+03   7.40e+00     1.90e-02   86.757s
 323000 +4.41992786e+05 +4.43151802e+05  1.16e+03   6.99e+00     1.84e-02   86.989s
 324000 +4.42017196e+05 +4.43165604e+05  1.15e+03   6.92e+00     1.76e-02   87.221s
 325000 +4.42041395e+05 +4.43176874e+05  1.14e+03   9.08e+00     1.56e-02   87.453s
 326000 +4.42063227e+05 +4.43188243e+05  1.13e+03   6.26e+00     1.38e-02   87.685s
 327000 +4.42081834e+05 +4.43193859e+05  1.11e+03   6.03e+00     1.45e-02   87.916s
 328000 +4.42104609e+05 +4.43196373e+05  1.09e+03   6.81e+00     1.38e-02   88.148s
 329000 +4.42100343e+05 +4.43198555e+05  1.10e+03   5.97e+00     1.50e-02   88.380s
 330000 +4.42102758e+05 +4.43201445e+05  1.10e+03   5.92e+00     1.42e-02   88.612s
 331000 +4.42098254e+05 +4.43202445e+05  1.10e+03   5.90e+00     1.37e-02   88.844s
 332000 +4.42151665e+05 +4.43194488e+05  1.04e+03   5.70e+00     1.49e-02   89.076s
 333000 +4.42196663e+05 +4.43184436e+05  9.88e+02   7.61e+00     1.65e-02   89.308s
 334000 +4.42212017e+05 +4.43175452e+05  9.63e+02   5.60e+00     1.83e-02   89.540s
 335000 +4.42252960e+05 +4.43167845e+05  9.15e+02   5.46e+00     2.01e-02   89.771s
 336000 +4.42293065e+05 +4.43160615e+05  8.68e+02   5.17e+00     2.10e-02   90.003s
 337000 +4.42361671e+05 +4.43155059e+05  7.93e+02   5.18e+00     2.09e-02   90.235s
 338000 +4.42476629e+05 +4.43150664e+05  6.74e+02   4.63e+00     2.16e-02   90.467s
 339000 +4.42495149e+05 +4.43149371e+05  6.54e+02   4.40e+00     2.63e-02   90.699s
 340000 +4.42548113e+05 +4.43147551e+05  5.99e+02   4.22e+00     2.29e-02   90.931s
 341000 +4.42619510e+05 +4.43183210e+05  5.64e+02   4.03e+00     2.16e-02   91.163s
 342000 +4.42660548e+05 +4.43181864e+05  5.21e+02   3.91e+00     2.61e-02   91.395s
 343000 +4.42727518e+05 +4.43182250e+05  4.55e+02   3.82e+00     2.74e-02   91.627s
 344000 +4.42746765e+05 +4.43176122e+05  4.29e+02   4.52e+00     2.85e-02   91.859s
 345000 +4.42767329e+05 +4.43169446e+05  4.02e+02   3.68e+00     3.05e-02   92.090s
 346000 +4.42799402e+05 +4.43164427e+05  3.65e+02   4.29e+00     3.23e-02   92.322s
 347000 +4.42808895e+05 +4.43161925e+05  3.53e+02   4.40e+00     3.46e-02   92.554s
 348000 +4.42847479e+05 +4.43163366e+05  3.16e+02   3.36e+00     3.70e-02   92.786s
 349000 +4.42875953e+05 +4.43159699e+05  2.84e+02   3.08e+00     3.57e-02   93.018s
 350000 +4.42900636e+05 +4.43162576e+05  2.62e+02   2.97e+00     3.43e-02   93.250s
 351000 +4.42918724e+05 +4.43177082e+05  2.58e+02   3.16e+00     3.39e-02   93.482s
 352000 +4.42927131e+05 +4.43186500e+05  2.59e+02   2.84e+00     2.91e-02   93.714s
 353000 +4.42942322e+05 +4.43194374e+05  2.52e+02   2.83e+00     2.67e-02   93.946s
 354000 +4.42941696e+05 +4.43212035e+05  2.70e+02   3.78e+00     2.55e-02   94.177s
 355000 +4.42935932e+05 +4.43226912e+05  2.91e+02   5.58e+00     2.46e-02   94.409s
 356000 +4.42929444e+05 +4.43239188e+05  3.10e+02   3.02e+00     2.49e-02   94.641s
 357000 +4.42936584e+05 +4.43251054e+05  3.14e+02   2.75e+00     2.31e-02   94.873s
 358000 +4.42956912e+05 +4.43260886e+05  3.04e+02   4.98e+00     2.40e-02   95.105s
 359000 +4.42966893e+05 +4.43268057e+05  3.01e+02   2.95e+00     2.25e-02   95.337s
 360000 +4.42946883e+05 +4.43274915e+05  3.28e+02   3.13e+00     2.27e-02   95.569s
 361000 +4.42960564e+05 +4.43282804e+05  3.22e+02   2.59e+00     2.54e-02   95.800s
 362000 +4.42998348e+05 +4.43290503e+05  2.92e+02   2.41e+00     2.69e-02   96.032s
 363000 +4.43028164e+05 +4.43299898e+05  2.72e+02   2.39e+00     2.96e-02   96.264s
 364000 +4.43061800e+05 +4.43309682e+05  2.48e+02   2.19e+00     3.14e-02   96.496s
 365000 +4.43068547e+05 +4.43318494e+05  2.50e+02   2.07e+00     3.19e-02   96.728s
 366000 +4.43100545e+05 +4.43326572e+05  2.26e+02   1.95e+00     3.35e-02   96.960s
 367000 +4.43131676e+05 +4.43331049e+05  1.99e+02   1.84e+00     3.21e-02   97.192s
 368000 +4.43199028e+05 +4.43330066e+05  1.31e+02   1.67e+00     3.72e-02   97.424s
 369000 +4.43221901e+05 +4.43320970e+05  9.91e+01   1.59e+00     4.72e-02   97.656s
 370000 +4.43250530e+05 +4.43312248e+05  6.17e+01   1.55e+00     5.46e-02   97.888s
 371000 +4.43274059e+05 +4.43303874e+05  2.98e+01   1.42e+00     5.77e-02   98.120s
 372000 +4.43325096e+05 +4.43296827e+05  2.83e+01   1.29e+00     6.09e-02   98.352s
 373000 +4.43353049e+05 +4.43291226e+05  6.18e+01   1.20e+00     6.23e-02   98.583s
 374000 +4.43368943e+05 +4.43286341e+05  8.26e+01   1.55e+00     6.44e-02   98.815s
 375000 +4.43404327e+05 +4.43282371e+05  1.22e+02   9.76e-01     6.70e-02   99.047s
 376000 +4.43431134e+05 +4.43279357e+05  1.52e+02   1.26e+00     7.00e-02   99.279s
 377000 +4.43432192e+05 +4.43278645e+05  1.54e+02   8.51e-01     7.08e-02   99.511s
 378000 +4.43441091e+05 +4.43283076e+05  1.58e+02   1.54e+00     6.62e-02   99.743s
 379000 +4.43443203e+05 +4.43290101e+05  1.53e+02   8.03e-01     5.68e-02   99.975s
 380000 +4.43434256e+05 +4.43296048e+05  1.38e+02   8.02e-01     4.54e-02   100.206s
 381000 +4.43450774e+05 +4.43298939e+05  1.52e+02   7.88e-01     3.73e-02   100.438s
 382000 +4.43450546e+05 +4.43298332e+05  1.52e+02   8.00e-01     3.37e-02   100.670s
 383000 +4.43431323e+05 +4.43295674e+05  1.36e+02   8.04e-01     3.28e-02   100.902s
 384000 +4.43417327e+05 +4.43292307e+05  1.25e+02   7.94e-01     3.69e-02   101.134s
 385000 +4.43414598e+05 +4.43289708e+05  1.25e+02   7.86e-01     3.94e-02   101.366s
 386000 +4.43408179e+05 +4.43289691e+05  1.18e+02   7.76e-01     3.72e-02   101.598s
 387000 +4.43404514e+05 +4.43290426e+05  1.14e+02   7.97e-01     3.39e-02   101.830s
 388000 +4.43401881e+05 +4.43290385e+05  1.11e+02   7.90e-01     3.14e-02   102.062s
 389000 +4.43394130e+05 +4.43289113e+05  1.05e+02   9.14e-01     3.41e-02   102.294s
 390000 +4.43390415e+05 +4.43288417e+05  1.02e+02   7.49e-01     3.02e-02   102.525s
 391000 +4.43393428e+05 +4.43287310e+05  1.06e+02   7.66e-01     2.60e-02   102.757s
 392000 +4.43402920e+05 +4.43283277e+05  1.20e+02   7.32e-01     2.64e-02   102.989s
 393000 +4.43410379e+05 +4.43278274e+05  1.32e+02   7.23e-01     2.53e-02   103.221s
 394000 +4.43416175e+05 +4.43270181e+05  1.46e+02   7.14e-01     2.76e-02   103.453s
 395000 +4.43408267e+05 +4.43258322e+05  1.50e+02   7.11e-01     3.01e-02   103.685s
 396000 +4.43399272e+05 +4.43253527e+05  1.46e+02   7.54e-01     3.28e-02   103.916s
 397000 +4.43395098e+05 +4.43244477e+05  1.51e+02   6.68e-01     6.64e-02   104.149s
 398000 +4.43392452e+05 +4.43229733e+05  1.63e+02   6.57e-01     7.16e-02   104.381s
 399000 +4.43384608e+05 +4.43220847e+05  1.64e+02   6.49e-01     7.78e-02   104.612s
 400000 +4.43376891e+05 +4.43214645e+05  1.62e+02   6.33e-01     8.39e-02   104.844s
 401000 +4.43365148e+05 +4.43202907e+05  1.62e+02   6.25e-01     8.51e-02   105.076s
 402000 +4.43357307e+05 +4.43190757e+05  1.67e+02   6.16e-01     8.41e-02   105.308s
 403000 +4.43355203e+05 +4.43179355e+05  1.76e+02   6.37e-01     8.30e-02   105.540s
 404000 +4.43355469e+05 +4.43166059e+05  1.89e+02   5.95e-01     8.59e-02   105.772s
 405000 +4.43350152e+05 +4.43153381e+05  1.97e+02   5.84e-01     8.64e-02   106.004s
 406000 +4.43355621e+05 +4.43142059e+05  2.14e+02   5.75e-01     8.15e-02   106.236s
 407000 +4.43356498e+05 +4.43130351e+05  2.26e+02   5.74e-01     8.18e-02   106.467s
 408000 +4.43355562e+05 +4.43120745e+05  2.35e+02   5.56e-01     8.52e-02   106.699s
 409000 +4.43358255e+05 +4.43109316e+05  2.49e+02   5.47e-01     8.45e-02   106.931s
 410000 +4.43353814e+05 +4.43097781e+05  2.56e+02   5.36e-01     8.06e-02   107.163s
 411000 +4.43354858e+05 +4.43085025e+05  2.70e+02   5.26e-01     7.96e-02   107.395s
 412000 +4.43357413e+05 +4.43072098e+05  2.85e+02   5.15e-01     7.86e-02   107.627s
 413000 +4.43359392e+05 +4.43060635e+05  2.99e+02   5.04e-01     7.81e-02   107.859s
 414000 +4.43359478e+05 +4.43050322e+05  3.09e+02   4.93e-01     8.13e-02   108.090s
 415000 +4.43362032e+05 +4.43042300e+05  3.20e+02   4.82e-01     8.08e-02   108.322s
 416000 +4.43362996e+05 +4.43034392e+05  3.29e+02   4.72e-01     7.98e-02   108.554s
 417000 +4.43368303e+05 +4.43027352e+05  3.41e+02   4.60e-01     7.83e-02   108.786s
 418000 +4.43370598e+05 +4.43020883e+05  3.50e+02   4.58e-01     7.91e-02   109.018s
 419000 +4.43374321e+05 +4.43014598e+05  3.60e+02   4.38e-01     7.97e-02   109.250s
 420000 +4.43378565e+05 +4.43009108e+05  3.69e+02   4.27e-01     7.99e-02   109.481s
 421000 +4.43379793e+05 +4.43004360e+05  3.75e+02   4.21e-01     7.98e-02   109.713s
 422000 +4.43378726e+05 +4.43000555e+05  3.78e+02   4.10e-01     8.08e-02   109.945s
 423000 +4.43376494e+05 +4.42998018e+05  3.78e+02   3.89e-01     8.28e-02   110.177s
 424000 +4.43367652e+05 +4.42995194e+05  3.72e+02   3.73e-01     8.43e-02   110.409s
 425000 +4.43371862e+05 +4.42994835e+05  3.77e+02   3.61e-01     8.37e-02   110.641s
 426000 +4.43378012e+05 +4.42994151e+05  3.84e+02   3.56e-01     8.30e-02   110.873s
 427000 +4.43378511e+05 +4.42995384e+05  3.83e+02   3.52e-01     8.34e-02   111.104s
 428000 +4.43374344e+05 +4.42996548e+05  3.78e+02   3.34e-01     8.41e-02   111.336s
 429000 +4.43363753e+05 +4.42992896e+05  3.71e+02   3.20e-01     8.36e-02   111.568s
 430000 +4.43362814e+05 +4.42985098e+05  3.78e+02   3.09e-01     8.58e-02   111.800s
 431000 +4.43362059e+05 +4.42977226e+05  3.85e+02   3.01e-01     8.55e-02   112.032s
 432000 +4.43364733e+05 +4.42969678e+05  3.95e+02   2.94e-01     8.58e-02   112.264s
 433000 +4.43366263e+05 +4.42963013e+05  4.03e+02   2.87e-01     8.69e-02   112.496s
 434000 +4.43365667e+05 +4.42957121e+05  4.09e+02   2.81e-01     8.66e-02   112.727s
 435000 +4.43367412e+05 +4.42951313e+05  4.16e+02   2.76e-01     8.83e-02   112.959s
 436000 +4.43369337e+05 +4.42945309e+05  4.24e+02   2.69e-01     8.90e-02   113.191s
 437000 +4.43370390e+05 +4.42939148e+05  4.31e+02   2.65e-01     8.89e-02   113.423s
 438000 +4.43372489e+05 +4.42932821e+05  4.40e+02   2.60e-01     8.92e-02   113.655s
 439000 +4.43374237e+05 +4.42925960e+05  4.48e+02   2.55e-01     8.90e-02   113.887s
 440000 +4.43372460e+05 +4.42918898e+05  4.54e+02   2.53e-01     8.91e-02   114.118s
 441000 +4.43370107e+05 +4.42912367e+05  4.58e+02   2.93e-01     9.00e-02   114.350s
 442000 +4.43367692e+05 +4.42905955e+05  4.62e+02   5.04e-01     9.07e-02   114.582s
 443000 +4.43376078e+05 +4.42900143e+05  4.76e+02   3.87e-01     9.06e-02   114.814s
 444000 +4.43362996e+05 +4.42894758e+05  4.68e+02   2.24e-01     9.11e-02   115.045s
 445000 +4.43369863e+05 +4.42890834e+05  4.79e+02   2.20e-01     9.23e-02   115.277s
 446000 +4.43372849e+05 +4.42887129e+05  4.86e+02   2.16e-01     9.34e-02   115.509s
 447000 +4.43371512e+05 +4.42884736e+05  4.87e+02   2.13e-01     9.25e-02   115.741s
 448000 +4.43372106e+05 +4.42882185e+05  4.90e+02   2.11e-01     9.06e-02   115.973s
 449000 +4.43372309e+05 +4.42880576e+05  4.92e+02   2.08e-01     8.90e-02   116.204s
 450000 +4.43371139e+05 +4.42878224e+05  4.93e+02   2.06e-01     8.81e-02   116.436s
 451000 +4.43369298e+05 +4.42876058e+05  4.93e+02   2.23e-01     8.82e-02   116.668s
 452000 +4.43368500e+05 +4.42873507e+05  4.95e+02   2.61e-01     8.71e-02   116.899s
 453000 +4.43367823e+05 +4.42871498e+05  4.96e+02   2.01e-01     8.64e-02   117.131s
 454000 +4.43367830e+05 +4.42870419e+05  4.97e+02   1.99e-01     8.60e-02   117.363s
 455000 +4.43369017e+05 +4.42869877e+05  4.99e+02   1.98e-01     8.63e-02   117.595s
 456000 +4.43371146e+05 +4.42870477e+05  5.01e+02   1.96e-01     8.66e-02   117.826s
 457000 +4.43371326e+05 +4.42871697e+05  5.00e+02   1.93e-01     8.61e-02   118.058s
 458000 +4.43373405e+05 +4.42872585e+05  5.01e+02   1.93e-01     8.56e-02   118.290s
 459000 +4.43375494e+05 +4.42874377e+05  5.01e+02   2.29e-01     8.52e-02   118.522s
 460000 +4.43376259e+05 +4.42876885e+05  4.99e+02   2.78e-01     8.49e-02   118.754s
 461000 +4.43376513e+05 +4.42879645e+05  4.97e+02   2.34e-01     8.46e-02   118.985s
 462000 +4.43375918e+05 +4.42883175e+05  4.93e+02   1.88e-01     8.36e-02   119.217s
 463000 +4.43375195e+05 +4.42887426e+05  4.88e+02   1.88e-01     8.26e-02   119.449s
 464000 +4.43374968e+05 +4.42892529e+05  4.82e+02   1.88e-01     8.18e-02   119.681s
 465000 +4.43373337e+05 +4.42898321e+05  4.75e+02   1.87e-01     8.07e-02   119.912s
 466000 +4.43369964e+05 +4.42906166e+05  4.64e+02   1.86e-01     7.92e-02   120.144s
 467000 +4.43368414e+05 +4.42913156e+05  4.55e+02   1.80e-01     7.74e-02   120.376s
 468000 +4.43366873e+05 +4.42920174e+05  4.47e+02   1.82e-01     7.52e-02   120.608s
 469000 +4.43362063e+05 +4.42928898e+05  4.33e+02   1.63e-01     7.41e-02   120.839s
 470000 +4.43361146e+05 +4.42938304e+05  4.23e+02   1.62e-01     7.17e-02   121.071s
 471000 +4.43359339e+05 +4.42948599e+05  4.11e+02   1.96e-01     7.03e-02   121.303s
 472000 +4.43356983e+05 +4.42959003e+05  3.98e+02   1.59e-01     6.84e-02   121.535s
 473000 +4.43356955e+05 +4.42970161e+05  3.87e+02   1.58e-01     6.71e-02   121.767s
 474000 +4.43355249e+05 +4.42982026e+05  3.73e+02   1.58e-01     6.52e-02   121.998s
 475000 +4.43352533e+05 +4.42993479e+05  3.59e+02   1.60e-01     6.37e-02   122.230s
 476000 +4.43351488e+05 +4.43005398e+05  3.46e+02   1.61e-01     6.18e-02   122.462s
 477000 +4.43349595e+05 +4.43017403e+05  3.32e+02   1.63e-01     5.90e-02   122.693s
 478000 +4.43346963e+05 +4.43029997e+05  3.17e+02   1.65e-01     5.69e-02   122.925s
 479000 +4.43339878e+05 +4.43044165e+05  2.96e+02   1.60e-01     5.50e-02   123.157s
 480000 +4.43339498e+05 +4.43060041e+05  2.79e+02   1.61e-01     5.46e-02   123.389s
 481000 +4.43338659e+05 +4.43075396e+05  2.63e+02   2.52e-01     5.31e-02   123.620s
 482000 +4.43339584e+05 +4.43088719e+05  2.51e+02   1.75e-01     5.25e-02   123.852s
 483000 +4.43340526e+05 +4.43099125e+05  2.41e+02   1.63e-01     5.20e-02   124.084s
 484000 +4.43341974e+05 +4.43107913e+05  2.34e+02   1.62e-01     5.10e-02   124.316s
 485000 +4.43342637e+05 +4.43114798e+05  2.28e+02   1.62e-01     4.98e-02   124.547s
 486000 +4.43344122e+05 +4.43119984e+05  2.24e+02   1.61e-01     4.84e-02   124.779s
 487000 +4.43344060e+05 +4.43124723e+05  2.19e+02   1.61e-01     4.74e-02   125.011s
 488000 +4.43343353e+05 +4.43129319e+05  2.14e+02   1.67e-01     4.61e-02   125.243s
 489000 +4.43343316e+05 +4.43134718e+05  2.09e+02   1.69e-01     4.55e-02   125.474s
 490000 +4.43343007e+05 +4.43140711e+05  2.02e+02   1.57e-01     4.47e-02   125.706s
 491000 +4.43343355e+05 +4.43147392e+05  1.96e+02   3.15e-01     4.36e-02   125.938s
 492000 +4.43334538e+05 +4.43149103e+05  1.85e+02   1.48e-01     4.25e-02   126.170s
 493000 +4.43329443e+05 +4.43150959e+05  1.78e+02   2.01e-01     4.18e-02   126.402s
 494000 +4.43326108e+05 +4.43152988e+05  1.73e+02   1.36e-01     4.17e-02   126.634s
 495000 +4.43323306e+05 +4.43156047e+05  1.67e+02   1.36e-01     4.13e-02   126.865s
 496000 +4.43319840e+05 +4.43159584e+05  1.60e+02   1.37e-01     4.09e-02   127.097s
 497000 +4.43317145e+05 +4.43163676e+05  1.53e+02   1.38e-01     4.05e-02   127.329s
 498000 +4.43314236e+05 +4.43168201e+05  1.46e+02   1.42e-01     3.99e-02   127.561s
 499000 +4.43311464e+05 +4.43173246e+05  1.38e+02   1.44e-01     3.87e-02   127.793s
 500000 +4.43309046e+05 +4.43178463e+05  1.31e+02   1.48e-01     3.80e-02   128.024s
 501000 +4.43306545e+05 +4.43183721e+05  1.23e+02   1.52e-01     3.73e-02   128.256s
 502000 +4.43304397e+05 +4.43189281e+05  1.15e+02   1.57e-01     3.65e-02   128.488s
 503000 +4.43302702e+05 +4.43194943e+05  1.08e+02   1.61e-01     3.58e-02   128.720s
 504000 +4.43302150e+05 +4.43200421e+05  1.02e+02   1.65e-01     3.50e-02   128.951s
 505000 +4.43300838e+05 +4.43205852e+05  9.50e+01   1.69e-01     3.42e-02   129.183s
 506000 +4.43300249e+05 +4.43211100e+05  8.91e+01   1.73e-01     3.35e-02   129.415s
 507000 +4.43299835e+05 +4.43216091e+05  8.37e+01   1.79e-01     3.26e-02   129.647s
 508000 +4.43300188e+05 +4.43220760e+05  7.94e+01   1.80e-01     3.18e-02   129.878s
 509000 +4.43299851e+05 +4.43225105e+05  7.47e+01   1.84e-01     3.09e-02   130.110s
 510000 +4.43299216e+05 +4.43229275e+05  6.99e+01   1.87e-01     2.99e-02   130.342s
 511000 +4.43298884e+05 +4.43233157e+05  6.57e+01   1.90e-01     2.91e-02   130.574s
 512000 +4.43298609e+05 +4.43236985e+05  6.16e+01   1.92e-01     2.80e-02   130.805s
 513000 +4.43298341e+05 +4.43240667e+05  5.77e+01   1.94e-01     2.71e-02   131.039s
 514000 +4.43298137e+05 +4.43244410e+05  5.37e+01   1.92e-01     2.62e-02   131.271s
 515000 +4.43297351e+05 +4.43248202e+05  4.91e+01   2.02e-01     2.53e-02   131.503s
 516000 +4.43296896e+05 +4.43252254e+05  4.46e+01   1.95e-01     2.46e-02   131.735s
 517000 +4.43296106e+05 +4.43256549e+05  3.96e+01   1.98e-01     2.39e-02   131.967s
 518000 +4.43292004e+05 +4.43260746e+05  3.13e+01   2.02e-01     2.32e-02   132.198s
 519000 +4.43291050e+05 +4.43264898e+05  2.62e+01   2.02e-01     2.27e-02   132.430s
 520000 +4.43290130e+05 +4.43269187e+05  2.09e+01   2.04e-01     2.22e-02   132.662s
 521000 +4.43289521e+05 +4.43273414e+05  1.61e+01   2.05e-01     2.17e-02   132.894s
 522000 +4.43288632e+05 +4.43277754e+05  1.09e+01   2.04e-01     2.14e-02   133.126s
 523000 +4.43288425e+05 +4.43281952e+05  6.47e+00   2.04e-01     2.11e-02   133.357s
 524000 +4.43287780e+05 +4.43286189e+05  1.59e+00   2.04e-01     2.09e-02   133.589s
 525000 +4.43287643e+05 +4.43290450e+05  2.81e+00   2.04e-01     2.07e-02   133.821s
 526000 +4.43287577e+05 +4.43294593e+05  7.02e+00   2.03e-01     2.05e-02   134.053s
 527000 +4.43287362e+05 +4.43298668e+05  1.13e+01   2.02e-01     2.04e-02   134.284s
 528000 +4.43287545e+05 +4.43302680e+05  1.51e+01   2.01e-01     2.04e-02   134.518s
 529000 +4.43287852e+05 +4.43306613e+05  1.88e+01   1.99e-01     2.04e-02   134.750s
 530000 +4.43288226e+05 +4.43310508e+05  2.23e+01   1.97e-01     2.04e-02   134.981s
 531000 +4.43288690e+05 +4.43314328e+05  2.56e+01   1.95e-01     2.03e-02   135.213s
 532000 +4.43288864e+05 +4.43317980e+05  2.91e+01   1.92e-01     2.03e-02   135.445s
 533000 +4.43288667e+05 +4.43321649e+05  3.30e+01   1.89e-01     2.02e-02   135.676s
 534000 +4.43288173e+05 +4.43325370e+05  3.72e+01   1.87e-01     2.02e-02   135.908s
 535000 +4.43288268e+05 +4.43329093e+05  4.08e+01   1.83e-01     2.01e-02   136.140s
 536000 +4.43288611e+05 +4.43332756e+05  4.41e+01   1.80e-01     2.01e-02   136.372s
 537000 +4.43289052e+05 +4.43336244e+05  4.72e+01   1.77e-01     2.00e-02   136.603s
 538000 +4.43289437e+05 +4.43339787e+05  5.03e+01   1.73e-01     1.99e-02   136.835s
 539000 +4.43290165e+05 +4.43343289e+05  5.31e+01   1.70e-01     1.99e-02   137.067s
 540000 +4.43291071e+05 +4.43346727e+05  5.57e+01   1.65e-01     1.98e-02   137.299s
 541000 +4.43291787e+05 +4.43350008e+05  5.82e+01   1.62e-01     1.97e-02   137.533s
 542000 +4.43292430e+05 +4.43351332e+05  5.89e+01   1.58e-01     1.95e-02   137.765s
 543000 +4.43293239e+05 +4.43355314e+05  6.21e+01   1.54e-01     1.94e-02   137.997s
 544000 +4.43294405e+05 +4.43357678e+05  6.33e+01   1.50e-01     1.94e-02   138.229s
 545000 +4.43295484e+05 +4.43360060e+05  6.46e+01   1.46e-01     1.93e-02   138.460s
 546000 +4.43296650e+05 +4.43362772e+05  6.61e+01   1.42e-01     1.93e-02   138.692s
 547000 +4.43297795e+05 +4.43365016e+05  6.72e+01   1.38e-01     1.92e-02   138.924s
 548000 +4.43299255e+05 +4.43367192e+05  6.79e+01   1.34e-01     1.93e-02   139.156s
 549000 +4.43300551e+05 +4.43369062e+05  6.85e+01   1.30e-01     1.93e-02   139.387s
 550000 +4.43301675e+05 +4.43370570e+05  6.89e+01   1.25e-01     1.94e-02   139.619s
 551000 +4.43302803e+05 +4.43371908e+05  6.91e+01   1.21e-01     1.95e-02   139.851s
 552000 +4.43303950e+05 +4.43373106e+05  6.92e+01   1.17e-01     1.96e-02   140.083s
 553000 +4.43305123e+05 +4.43373970e+05  6.88e+01   1.12e-01     1.97e-02   140.314s
 554000 +4.43306187e+05 +4.43374664e+05  6.85e+01   1.08e-01     1.99e-02   140.546s
 555000 +4.43306936e+05 +4.43375204e+05  6.83e+01   1.04e-01     2.00e-02   140.778s
 556000 +4.43307808e+05 +4.43375556e+05  6.77e+01   1.00e-01     2.01e-02   141.010s
 557000 +4.43308915e+05 +4.43375770e+05  6.69e+01   9.65e-02     2.02e-02   141.241s
 558000 +4.43309975e+05 +4.43375790e+05  6.58e+01   9.27e-02     2.02e-02   141.475s
 559000 +4.43311015e+05 +4.43375649e+05  6.46e+01   8.95e-02     2.03e-02   141.707s
 560000 +4.43311806e+05 +4.43375336e+05  6.35e+01   8.65e-02     2.04e-02   141.938s
 561000 +4.43312692e+05 +4.43374905e+05  6.22e+01   8.33e-02     2.03e-02   142.170s
 562000 +4.43313440e+05 +4.43374247e+05  6.08e+01   8.07e-02     2.04e-02   142.402s
 563000 +4.43314380e+05 +4.43373460e+05  5.91e+01   7.84e-02     2.04e-02   142.634s
 564000 +4.43316294e+05 +4.43372564e+05  5.63e+01   8.37e-02     2.04e-02   142.865s
 565000 +4.43316309e+05 +4.43371481e+05  5.52e+01   7.77e-02     2.04e-02   143.097s
 566000 +4.43317928e+05 +4.43370369e+05  5.24e+01   9.69e-02     2.03e-02   143.329s
 567000 +4.43319142e+05 +4.43369115e+05  5.00e+01   7.63e-02     2.02e-02   143.561s
 568000 +4.43319496e+05 +4.43367701e+05  4.82e+01   7.16e-02     2.01e-02   143.792s
 569000 +4.43320542e+05 +4.43366134e+05  4.56e+01   6.95e-02     1.99e-02   144.024s
 570000 +4.43321861e+05 +4.43364382e+05  4.25e+01   6.89e-02     1.97e-02   144.256s
 571000 +4.43322310e+05 +4.43362521e+05  4.02e+01   6.89e-02     1.94e-02   144.488s
 572000 +4.43322616e+05 +4.43360573e+05  3.80e+01   6.88e-02     1.92e-02   144.719s
 573000 +4.43323583e+05 +4.43358617e+05  3.50e+01   6.80e-02     1.89e-02   144.951s
 574000 +4.43324212e+05 +4.43356554e+05  3.23e+01   6.82e-02     1.86e-02   145.183s
 575000 +4.43324389e+05 +4.43354392e+05  3.00e+01   6.83e-02     1.83e-02   145.415s
 576000 +4.43324961e+05 +4.43352244e+05  2.73e+01   6.81e-02     1.79e-02   145.646s
 577000 +4.43325526e+05 +4.43350086e+05  2.46e+01   6.83e-02     1.75e-02   145.878s
 578000 +4.43325786e+05 +4.43347923e+05  2.21e+01   6.85e-02     1.71e-02   146.110s
 579000 +4.43326130e+05 +4.43345718e+05  1.96e+01   6.87e-02     1.66e-02   146.342s
 580000 +4.43326605e+05 +4.43343647e+05  1.70e+01   6.91e-02     1.61e-02   146.573s
 581000 +4.43326822e+05 +4.43341507e+05  1.47e+01   6.98e-02     1.56e-02   146.805s
 582000 +4.43326588e+05 +4.43339481e+05  1.29e+01   6.92e-02     1.50e-02   147.037s
 583000 +4.43326707e+05 +4.43337403e+05  1.07e+01   6.94e-02     1.45e-02   147.268s
 584000 +4.43327062e+05 +4.43335311e+05  8.25e+00   6.95e-02     1.39e-02   147.500s
 585000 +4.43326790e+05 +4.43333314e+05  6.52e+00   6.95e-02     1.32e-02   147.732s
 586000 +4.43326838e+05 +4.43331344e+05  4.51e+00   7.06e-02     1.26e-02   147.964s
 587000 +4.43327163e+05 +4.43329405e+05  2.24e+00   6.95e-02     1.18e-02   148.196s
 588000 +4.43327096e+05 +4.43327426e+05  3.30e-01   6.94e-02     1.11e-02   148.427s
 589000 +4.43326975e+05 +4.43325504e+05  1.47e+00   6.96e-02     1.05e-02   148.659s
 590000 +4.43327096e+05 +4.43323661e+05  3.43e+00   6.91e-02     9.77e-03   148.891s
 591000 +4.43326987e+05 +4.43321923e+05  5.06e+00   6.89e-02     9.11e-03   149.123s
 592000 +4.43326558e+05 +4.43320115e+05  6.44e+00   6.99e-02     8.52e-03   149.354s
 593000 +4.43326164e+05 +4.43318324e+05  7.84e+00   6.85e-02     8.00e-03   149.586s
 594000 +4.43325794e+05 +4.43316662e+05  9.13e+00   6.83e-02     7.51e-03   149.818s
 595000 +4.43325340e+05 +4.43315093e+05  1.02e+01   6.90e-02     7.09e-03   150.050s
 596000 +4.43325051e+05 +4.43313673e+05  1.14e+01   6.93e-02     6.88e-03   150.281s
 597000 +4.43324756e+05 +4.43312356e+05  1.24e+01   6.77e-02     6.67e-03   150.513s
 598000 +4.43324255e+05 +4.43311146e+05  1.31e+01   6.76e-02     6.53e-03   150.745s
 599000 +4.43323763e+05 +4.43310102e+05  1.37e+01   6.75e-02     6.57e-03   150.977s
 600000 +4.43323319e+05 +4.43309208e+05  1.41e+01   6.74e-02     6.60e-03   151.208s
 601000 +4.43322779e+05 +4.43308497e+05  1.43e+01   6.74e-02     6.70e-03   151.440s
 602000 +4.43322279e+05 +4.43307836e+05  1.44e+01   6.76e-02     6.88e-03   151.672s
 603000 +4.43322063e+05 +4.43307034e+05  1.50e+01   6.74e-02     7.00e-03   151.904s
 604000 +4.43321950e+05 +4.43307140e+05  1.48e+01   6.74e-02     7.06e-03   152.136s
 605000 +4.43321824e+05 +4.43307252e+05  1.46e+01   6.74e-02     7.14e-03   152.368s
 606000 +4.43321679e+05 +4.43307374e+05  1.43e+01   6.74e-02     7.23e-03   152.599s
 607000 +4.43321576e+05 +4.43307493e+05  1.41e+01   6.74e-02     7.30e-03   152.831s
 608000 +4.43321528e+05 +4.43307592e+05  1.39e+01   6.74e-02     7.36e-03   153.063s
 609000 +4.43321515e+05 +4.43307669e+05  1.38e+01   6.74e-02     7.42e-03   153.295s
 610000 +4.43321491e+05 +4.43307734e+05  1.38e+01   6.74e-02     7.47e-03   153.527s
 611000 +4.43321467e+05 +4.43307791e+05  1.37e+01   6.74e-02     7.51e-03   153.758s
 612000 +4.43321431e+05 +4.43307840e+05  1.36e+01   6.74e-02     7.55e-03   153.990s
 613000 +4.43321374e+05 +4.43307884e+05  1.35e+01   6.74e-02     7.57e-03   154.222s
 614000 +4.43321304e+05 +4.43307920e+05  1.34e+01   6.74e-02     7.59e-03   154.454s
 615000 +4.43321244e+05 +4.43307950e+05  1.33e+01   6.74e-02     7.60e-03   154.686s
 616000 +4.43321193e+05 +4.43307977e+05  1.32e+01   6.74e-02     7.61e-03   154.917s
 617000 +4.43321148e+05 +4.43308003e+05  1.31e+01   6.74e-02     7.61e-03   155.149s
 618000 +4.43321118e+05 +4.43308030e+05  1.31e+01   6.74e-02     7.61e-03   155.381s
 619000 +4.43321090e+05 +4.43308057e+05  1.30e+01   6.74e-02     7.60e-03   155.613s
 620000 +4.43321059e+05 +4.43308088e+05  1.30e+01   6.74e-02     7.59e-03   155.845s
 621000 +4.43321027e+05 +4.43308123e+05  1.29e+01   6.74e-02     7.57e-03   156.077s
 622000 +4.43321002e+05 +4.43308157e+05  1.28e+01   6.74e-02     7.55e-03   156.308s
 623000 +4.43320976e+05 +4.43308196e+05  1.28e+01   6.74e-02     7.52e-03   156.540s
 624000 +4.43320948e+05 +4.43308235e+05  1.27e+01   6.74e-02     7.48e-03   156.772s
 625000 +4.43320917e+05 +4.43308277e+05  1.26e+01   6.74e-02     7.44e-03   157.004s
 626000 +4.43320875e+05 +4.43308321e+05  1.26e+01   6.73e-02     7.39e-03   157.236s
 627000 +4.43320843e+05 +4.43308354e+05  1.25e+01   6.73e-02     7.34e-03   157.467s
 628000 +4.43320824e+05 +4.43308384e+05  1.24e+01   6.73e-02     7.28e-03   157.699s
 629000 +4.43320811e+05 +4.43308410e+05  1.24e+01   6.73e-02     7.22e-03   157.931s
 630000 +4.43320800e+05 +4.43308430e+05  1.24e+01   6.73e-02     7.16e-03   158.163s
 631000 +4.43320790e+05 +4.43308447e+05  1.23e+01   6.73e-02     7.09e-03   158.395s
 632000 +4.43320776e+05 +4.43308458e+05  1.23e+01   6.73e-02     7.02e-03   158.627s
 633000 +4.43320765e+05 +4.43308449e+05  1.23e+01   6.73e-02     6.95e-03   158.858s
 634000 +4.43320760e+05 +4.43308435e+05  1.23e+01   6.73e-02     6.87e-03   159.090s
 635000 +4.43320754e+05 +4.43308425e+05  1.23e+01   6.73e-02     6.80e-03   159.322s
 636000 +4.43320741e+05 +4.43308408e+05  1.23e+01   6.73e-02     6.73e-03   159.555s
 637000 +4.43320724e+05 +4.43308386e+05  1.23e+01   6.73e-02     6.66e-03   159.787s
 638000 +4.43320704e+05 +4.43308362e+05  1.23e+01   6.73e-02     6.58e-03   160.019s
 639000 +4.43320690e+05 +4.43308340e+05  1.24e+01   6.73e-02     6.51e-03   160.251s
 640000 +4.43320678e+05 +4.43308317e+05  1.24e+01   6.73e-02     6.44e-03   160.483s
 641000 +4.43320662e+05 +4.43308295e+05  1.24e+01   6.73e-02     6.38e-03   160.714s
 642000 +4.43320643e+05 +4.43308275e+05  1.24e+01   6.73e-02     6.32e-03   160.946s
 643000 +4.43320622e+05 +4.43308264e+05  1.24e+01   6.73e-02     6.27e-03   161.178s
 644000 +4.43320607e+05 +4.43308259e+05  1.23e+01   6.73e-02     6.21e-03   161.410s
 645000 +4.43320595e+05 +4.43308248e+05  1.23e+01   6.73e-02     6.16e-03   161.642s
 646000 +4.43320593e+05 +4.43308241e+05  1.24e+01   6.73e-02     6.12e-03   161.874s
 647000 +4.43320596e+05 +4.43308239e+05  1.24e+01   6.73e-02     6.08e-03   162.105s
 648000 +4.43320597e+05 +4.43308237e+05  1.24e+01   6.73e-02     6.05e-03   162.337s
 649000 +4.43320579e+05 +4.43308224e+05  1.24e+01   6.73e-02     6.04e-03   162.569s
 650000 +4.43320515e+05 +4.43308251e+05  1.23e+01   6.73e-02     6.02e-03   162.801s
 651000 +4.43320475e+05 +4.43308282e+05  1.22e+01   6.74e-02     5.97e-03   163.034s
 652000 +4.43320535e+05 +4.43308296e+05  1.22e+01   6.73e-02     5.97e-03   163.266s
 653000 +4.43320646e+05 +4.43308295e+05  1.24e+01   6.73e-02     5.97e-03   163.498s
 654000 +4.43320725e+05 +4.43308261e+05  1.25e+01   6.73e-02     5.96e-03   163.730s
 655000 +4.43320770e+05 +4.43308212e+05  1.26e+01   6.73e-02     5.93e-03   163.962s
 656000 +4.43314152e+05 +4.43308875e+05  5.28e+00   5.75e-02     6.32e-03   164.193s
 657000 +4.43313986e+05 +4.43309358e+05  4.63e+00   2.00e-01     6.71e-03   164.425s
 658000 +4.43314138e+05 +4.43309798e+05  4.34e+00   9.12e-02     6.37e-03   164.657s
 659000 +4.43314799e+05 +4.43310647e+05  4.15e+00   8.18e-02     6.44e-03   164.889s
 660000 +4.43313821e+05 +4.43311976e+05  1.84e+00   5.33e-02     6.33e-03   165.121s
 661000 +4.43312683e+05 +4.43312294e+05  3.89e-01   5.27e-02     6.41e-03   165.352s
 662000 +4.43314926e+05 +4.43313247e+05  1.68e+00   5.17e-02     6.48e-03   165.584s
 663000 +4.43314259e+05 +4.43313686e+05  5.73e-01   5.09e-02     6.44e-03   165.816s
 664000 +4.43313827e+05 +4.43314232e+05  4.05e-01   8.36e-02     6.31e-03   166.048s
 665000 +4.43313112e+05 +4.43314480e+05  1.37e+00   4.88e-02     6.28e-03   166.279s
 666000 +4.43313540e+05 +4.43314638e+05  1.10e+00   4.79e-02     6.36e-03   166.511s
 667000 +4.43314208e+05 +4.43314757e+05  5.49e-01   1.04e-01     6.36e-03   166.743s
 668000 +4.43314021e+05 +4.43315022e+05  1.00e+00   4.68e-02     6.40e-03   166.975s
 669000 +4.43313769e+05 +4.43315379e+05  1.61e+00   6.82e-02     6.39e-03   167.206s
 670000 +4.43312791e+05 +4.43315543e+05  2.75e+00   4.48e-02     6.51e-03   167.438s
 671000 +4.43313083e+05 +4.43315776e+05  2.69e+00   4.76e-02     6.50e-03   167.670s
 672000 +4.43313308e+05 +4.43316096e+05  2.79e+00   4.52e-02     6.51e-03   167.902s
 673000 +4.43313336e+05 +4.43316562e+05  3.23e+00   4.29e-02     6.62e-03   168.133s
 674000 +4.43312821e+05 +4.43317046e+05  4.23e+00   4.23e-02     6.65e-03   168.365s
 675000 +4.43312464e+05 +4.43317565e+05  5.10e+00   4.16e-02     6.76e-03   168.597s
 676000 +4.43313112e+05 +4.43318144e+05  5.03e+00   4.11e-02     6.63e-03   168.829s
 677000 +4.43312662e+05 +4.43318783e+05  6.12e+00   4.04e-02     6.71e-03   169.060s
 678000 +4.43312448e+05 +4.43319481e+05  7.03e+00   3.94e-02     6.71e-03   169.292s
 679000 +4.43308857e+05 +4.43319157e+05  1.03e+01   3.40e-02     6.72e-03   169.524s
 680000 +4.43308818e+05 +4.43320124e+05  1.13e+01   3.36e-02     6.74e-03   169.756s
 681000 +4.43308903e+05 +4.43321006e+05  1.21e+01   3.27e-02     6.82e-03   169.988s
 682000 +4.43308837e+05 +4.43321813e+05  1.30e+01   3.18e-02     6.90e-03   170.220s
 683000 +4.43308793e+05 +4.43322525e+05  1.37e+01   3.09e-02     6.99e-03   170.452s
 684000 +4.43308965e+05 +4.43323181e+05  1.42e+01   3.00e-02     7.08e-03   170.683s
 685000 +4.43309003e+05 +4.43323762e+05  1.48e+01   2.92e-02     7.18e-03   170.915s
 686000 +4.43309013e+05 +4.43324256e+05  1.52e+01   2.84e-02     7.26e-03   171.147s
 687000 +4.43309004e+05 +4.43324674e+05  1.57e+01   2.76e-02     7.33e-03   171.379s
 688000 +4.43309041e+05 +4.43325017e+05  1.60e+01   2.69e-02     7.40e-03   171.611s
 689000 +4.43309036e+05 +4.43325299e+05  1.63e+01   2.62e-02     7.46e-03   171.842s
 690000 +4.43309029e+05 +4.43325526e+05  1.65e+01   2.55e-02     7.53e-03   172.074s
 691000 +4.43309048e+05 +4.43325726e+05  1.67e+01   2.49e-02     7.58e-03   172.306s
 692000 +4.43309061e+05 +4.43325888e+05  1.68e+01   2.41e-02     7.64e-03   172.538s
 693000 +4.43309065e+05 +4.43326032e+05  1.70e+01   2.33e-02     7.69e-03   172.770s
 694000 +4.43309076e+05 +4.43326166e+05  1.71e+01   2.26e-02     7.76e-03   173.002s
 695000 +4.43309043e+05 +4.43326310e+05  1.73e+01   2.18e-02     7.83e-03   173.233s
 696000 +4.43309034e+05 +4.43326454e+05  1.74e+01   2.10e-02     7.89e-03   173.465s
 697000 +4.43309019e+05 +4.43326598e+05  1.76e+01   2.02e-02     7.94e-03   173.697s
 698000 +4.43308974e+05 +4.43326770e+05  1.78e+01   1.93e-02     8.00e-03   173.929s
 699000 +4.43308946e+05 +4.43326965e+05  1.80e+01   1.85e-02     8.06e-03   174.160s
 700000 +4.43308941e+05 +4.43327174e+05  1.82e+01   1.77e-02     8.12e-03   174.392s
 701000 +4.43308933e+05 +4.43327385e+05  1.85e+01   1.69e-02     8.16e-03   174.624s
 702000 +4.43308927e+05 +4.43327592e+05  1.87e+01   1.61e-02     8.20e-03   174.856s
 703000 +4.43308931e+05 +4.43327813e+05  1.89e+01   1.53e-02     8.24e-03   175.088s
 704000 +4.43308953e+05 +4.43328031e+05  1.91e+01   1.45e-02     8.27e-03   175.319s
 705000 +4.43308968e+05 +4.43328207e+05  1.92e+01   1.38e-02     8.29e-03   175.551s
 706000 +4.43308989e+05 +4.43328347e+05  1.94e+01   1.30e-02     8.31e-03   175.783s
 707000 +4.43309028e+05 +4.43328476e+05  1.94e+01   1.24e-02     8.33e-03   176.015s
 708000 +4.43309036e+05 +4.43328570e+05  1.95e+01   1.16e-02     8.35e-03   176.246s
 709000 +4.43309053e+05 +4.43328609e+05  1.96e+01   1.09e-02     8.36e-03   176.478s
 710000 +4.43309069e+05 +4.43328592e+05  1.95e+01   1.03e-02     8.37e-03   176.710s
 711000 +4.43309084e+05 +4.43328549e+05  1.95e+01   1.01e-02     8.37e-03   176.942s
 712000 +4.43309109e+05 +4.43328466e+05  1.94e+01   9.33e-03     8.37e-03   177.174s
 713000 +4.43309134e+05 +4.43328327e+05  1.92e+01   8.76e-03     8.37e-03   177.406s
 714000 +4.43309151e+05 +4.43328152e+05  1.90e+01   8.35e-03     8.36e-03   177.638s
 715000 +4.43309164e+05 +4.43327958e+05  1.88e+01   7.99e-03     8.35e-03   177.869s
 716000 +4.43309187e+05 +4.43327746e+05  1.86e+01   7.70e-03     8.33e-03   178.101s
 717000 +4.43309231e+05 +4.43327511e+05  1.83e+01   7.46e-03     8.32e-03   178.333s
 718000 +4.43309224e+05 +4.43327257e+05  1.80e+01   7.68e-03     8.29e-03   178.565s
 719000 +4.43309226e+05 +4.43327005e+05  1.78e+01   7.65e-03     8.26e-03   178.797s
 720000 +4.43309257e+05 +4.43326755e+05  1.75e+01   7.24e-03     8.23e-03   179.029s
 721000 +4.43309229e+05 +4.43326495e+05  1.73e+01   7.35e-03     8.19e-03   179.261s
 722000 +4.43309238e+05 +4.43326234e+05  1.70e+01   7.55e-03     8.15e-03   179.492s
 723000 +4.43309247e+05 +4.43325977e+05  1.67e+01   7.82e-03     8.10e-03   179.724s
 724000 +4.43309223e+05 +4.43325718e+05  1.65e+01   8.16e-03     8.05e-03   179.956s
 725000 +4.43309229e+05 +4.43325456e+05  1.62e+01   8.57e-03     7.99e-03   180.188s
 726000 +4.43309242e+05 +4.43325179e+05  1.59e+01   8.92e-03     7.96e-03   180.419s
 727000 +4.43309244e+05 +4.43324900e+05  1.57e+01   9.10e-03     7.92e-03   180.651s
 728000 +4.43309242e+05 +4.43324611e+05  1.54e+01   9.67e-03     7.87e-03   180.883s
 729000 +4.43309235e+05 +4.43324293e+05  1.51e+01   9.98e-03     7.80e-03   181.115s
 730000 +4.43309290e+05 +4.43323964e+05  1.47e+01   1.05e-02     7.77e-03   181.347s
 731000 +4.43309283e+05 +4.43323600e+05  1.43e+01   1.09e-02     7.68e-03   181.579s
 732000 +4.43309323e+05 +4.43323236e+05  1.39e+01   1.14e-02     7.60e-03   181.810s
 733000 +4.43309335e+05 +4.43322812e+05  1.35e+01   1.18e-02     7.51e-03   182.042s
 734000 +4.43309358e+05 +4.43322411e+05  1.31e+01   1.22e-02     7.44e-03   182.274s
 735000 +4.43309376e+05 +4.43321958e+05  1.26e+01   1.27e-02     7.36e-03   182.506s
 736000 +4.43309410e+05 +4.43321499e+05  1.21e+01   1.29e-02     7.29e-03   182.738s
 737000 +4.43309431e+05 +4.43321034e+05  1.16e+01   1.33e-02     7.20e-03   182.969s
 738000 +4.43309427e+05 +4.43320545e+05  1.11e+01   1.36e-02     7.12e-03   183.201s
 739000 +4.43309457e+05 +4.43320069e+05  1.06e+01   1.40e-02     7.03e-03   183.433s
 740000 +4.43309468e+05 +4.43319566e+05  1.01e+01   1.42e-02     6.93e-03   183.665s
 741000 +4.43309453e+05 +4.43319080e+05  9.63e+00   1.46e-02     6.86e-03   183.896s
 742000 +4.43309480e+05 +4.43318588e+05  9.11e+00   1.46e-02     6.81e-03   184.128s
 743000 +4.43309452e+05 +4.43318111e+05  8.66e+00   1.48e-02     6.82e-03   184.360s
 744000 +4.43309481e+05 +4.43317627e+05  8.15e+00   1.49e-02     6.83e-03   184.592s
 745000 +4.43309642e+05 +4.43317159e+05  7.52e+00   1.50e-02     6.78e-03   184.824s
 746000 +4.43309692e+05 +4.43316716e+05  7.02e+00   1.51e-02     6.78e-03   185.055s
 747000 +4.43309691e+05 +4.43316255e+05  6.56e+00   1.52e-02     6.82e-03   185.287s
 748000 +4.43309636e+05 +4.43315815e+05  6.18e+00   1.52e-02     6.77e-03   185.519s
 749000 +4.43309526e+05 +4.43315578e+05  6.05e+00   1.57e-02     6.23e-03   185.751s
 750000 +4.43309422e+05 +4.43315436e+05  6.01e+00   1.63e-02     6.21e-03   185.983s
 751000 +4.43309398e+05 +4.43315291e+05  5.89e+00   1.70e-02     6.21e-03   186.215s
 752000 +4.43309418e+05 +4.43315132e+05  5.71e+00   1.77e-02     6.19e-03   186.447s
 753000 +4.43309449e+05 +4.43314963e+05  5.51e+00   1.84e-02     6.17e-03   186.678s
 754000 +4.43309463e+05 +4.43314782e+05  5.32e+00   1.91e-02     6.14e-03   186.910s
 755000 +4.43309458e+05 +4.43314592e+05  5.13e+00   1.97e-02     6.09e-03   187.142s
 756000 +4.43309438e+05 +4.43314395e+05  4.96e+00   2.04e-02     6.04e-03   187.374s
 757000 +4.43309417e+05 +4.43314193e+05  4.78e+00   2.10e-02     5.98e-03   187.606s
 758000 +4.43309411e+05 +4.43313987e+05  4.58e+00   2.16e-02     5.91e-03   187.838s
 759000 +4.43309419e+05 +4.43313772e+05  4.35e+00   2.22e-02     5.84e-03   188.069s
 760000 +4.43309428e+05 +4.43313554e+05  4.13e+00   2.27e-02     5.77e-03   188.301s
 761000 +4.43309436e+05 +4.43313333e+05  3.90e+00   2.33e-02     5.70e-03   188.533s
 762000 +4.43309454e+05 +4.43313104e+05  3.65e+00   2.38e-02     5.63e-03   188.765s
 763000 +4.43309474e+05 +4.43312869e+05  3.39e+00   2.43e-02     5.57e-03   188.997s
 764000 +4.43309491e+05 +4.43312631e+05  3.14e+00   2.47e-02     5.51e-03   189.228s
 765000 +4.43309494e+05 +4.43312392e+05  2.90e+00   2.52e-02     5.46e-03   189.460s
 766000 +4.43309492e+05 +4.43312149e+05  2.66e+00   2.56e-02     5.41e-03   189.692s
 767000 +4.43309489e+05 +4.43311903e+05  2.41e+00   2.59e-02     5.36e-03   189.924s
 768000 +4.43309485e+05 +4.43311657e+05  2.17e+00   2.63e-02     5.33e-03   190.155s
 769000 +4.43309479e+05 +4.43311406e+05  1.93e+00   2.66e-02     5.29e-03   190.387s
 769800 +4.43309473e+05 +4.43309542e+05  6.87e-02   2.69e-02     5.13e-03   190.573s
LP Solver status:                Optimal
Primal objective:                +4.43309473e+05
Dual objective:                  +4.43309542e+05
Duality gap (abs/rel):           +6.87e-02 / +7.75e-08
Primal infeasibility (abs/rel):  +2.69e-02 / +7.34e-07
Dual infeasibility (abs/rel):    +5.13e-03 / +5.59e-08
PDLP finished
Status: Optimal   Objective: 4.43309473e+05  Iterations: 769800  Time: 190.576s

### exit_code=0
### finished=2026-07-29T20:53:36.810532
### gpu_peak_mb=4762.4
### gpu_peak2_mb=0.0
### per_gpu_peak_mb=[4762.375]
