### solver=cuopt-base
### instance=/home/scratch.cmaes_sw/zib03.mps
### n_gpus=1
### CUDA_VISIBLE_DEVICES=0
### started=2026-07-23T20:57:55.143354
### argv=/home/scratch.vmostovoi_gpu/mostovoi_cuopt/cpp/build/cuopt_cli --method 1 --mps-reader experimental-fast --time-limit 3600 --iteration-limit 1000000000 --relative-primal-tolerance 1e-6 --relative-dual-tolerance 1e-6 --relative-gap-tolerance 1e-6 --log-to-console true /home/scratch.cmaes_sw/zib03.mps
### --- solver output ---
Setting parameter iteration_limit to 1000000000
Setting parameter log_to_console to true
Setting parameter method to 1
Setting parameter relative_dual_tolerance to 1.000000e-06
Setting parameter relative_gap_tolerance to 1.000000e-06
Setting parameter relative_primal_tolerance to 1.000000e-06
Setting parameter time_limit to 3.600000e+03
Reading file zib03.mps
Using experimental fast MPS parser for '/home/scratch.cmaes_sw/zib03.mps'
Read file zib03.mps in 7.52 seconds
cuOpt version: 26.8.0, git hash: 7116ead1, host arch: x86_64, device archs: 100a-real
CPU: INTEL(R) XEON(R) PLATINUM 8570, threads (physical/logical): 112/224, RAM: 1704.46 GiB
CUDA 13.3, device: NVIDIA B200 (ID 0), VRAM: 178.34 GiB
CUDA device UUID: ce7561ee-5e85-cb9e-50c1-948db9fb2044
Solving a problem with 19731970 constraints, 29128799 variables (0 integers), and 104422573 nonzeros
Problem scaling:
Objective coefficents range:          [1e+00, 2e+00]
Constraint matrix coefficients range: [1e+00, 1e+00]
Constraint rhs / bounds range:        [1e+00, 1e+00]
Variable bounds range:                [0e+00, 1e+00]

Using PSLP presolver
PSLP Presolved problem: 19731970 constraints, 29128799 variables, 104422573 non-zeros
PSLP presolve time: 16.23s
Objective offset 0.000000 scaling_factor 1.000000
   Iter    Primal Obj.      Dual Obj.    Gap        Primal Res.  Dual Res.   Time
      0 +0.00000000e+00 +0.00000000e+00  0.00e+00   2.41e+01     3.71e+03   23.450s
   1000 +9.10396738e+03 +1.35643533e+04  4.46e+03   2.16e-01     1.43e+02   25.451s
   2000 +1.28944775e+04 +1.35411143e+04  6.47e+02   1.27e-02     7.04e+01   27.141s
   3000 +1.27039819e+04 +1.29548203e+04  2.51e+02   8.20e-03     2.80e+01   28.828s
   4000 +1.26665364e+04 +1.26336220e+04  3.29e+01   3.59e-02     1.27e+01   30.511s
   5000 +1.24035571e+04 +1.25002456e+04  9.67e+01   1.90e-02     7.17e+00   32.191s
   6000 +1.26750140e+04 +1.23705567e+04  3.04e+02   2.19e-01     3.64e+00   33.872s
   7000 +1.23428792e+04 +1.22938966e+04  4.90e+01   9.29e-02     1.58e+00   35.544s
   8000 +1.22858440e+04 +1.22715770e+04  1.43e+01   5.82e-02     1.00e+00   37.220s
   9000 +1.23064347e+04 +1.22379062e+04  6.85e+01   2.14e-01     3.43e-01   38.892s
  10000 +1.22723162e+04 +1.22332560e+04  3.91e+01   1.37e-01     1.85e-01   40.564s
  11000 +1.22617517e+04 +1.22295842e+04  3.22e+01   1.42e-01     9.64e-02   42.219s
  12000 +1.22476889e+04 +1.22287227e+04  1.90e+01   1.07e-01     5.53e-02   43.873s
  13000 +1.22441322e+04 +1.22285218e+04  1.56e+01   8.18e-02     3.85e-02   45.526s
  14000 +1.22407896e+04 +1.22283969e+04  1.24e+01   6.64e-02     2.87e-02   47.180s
  15000 +1.22394725e+04 +1.22283372e+04  1.11e+01   5.40e-02     2.26e-02   48.837s
  16000 +1.22365940e+04 +1.22281535e+04  8.44e+00   4.30e-02     1.83e-02   50.492s
  17000 +1.22337949e+04 +1.22281536e+04  5.64e+00   3.63e-02     1.56e-02   52.146s
  18000 +1.22333039e+04 +1.22281485e+04  5.16e+00   3.19e-02     1.28e-02   53.800s
  19000 +1.22325217e+04 +1.22281443e+04  4.38e+00   2.75e-02     1.13e-02   55.457s
  20000 +1.22319798e+04 +1.22281430e+04  3.84e+00   2.41e-02     9.64e-03   57.112s
  21000 +1.22317589e+04 +1.22281469e+04  3.61e+00   2.12e-02     8.48e-03   58.770s
  22000 +1.22313268e+04 +1.22281431e+04  3.18e+00   1.92e-02     7.69e-03   60.426s
  23000 +1.22314072e+04 +1.22281473e+04  3.26e+00   1.76e-02     6.98e-03   62.082s
  24000 +1.22309785e+04 +1.22281503e+04  2.83e+00   1.65e-02     6.30e-03   63.738s
  25000 +1.22302674e+04 +1.22281347e+04  2.13e+00   1.46e-02     7.93e-03   65.398s
  26000 +1.22296640e+04 +1.22281346e+04  1.53e+00   1.27e-02     7.80e-03   67.056s
  27000 +1.22293086e+04 +1.22281391e+04  1.17e+00   1.06e-02     7.51e-03   68.712s
  28000 +1.22293514e+04 +1.22281453e+04  1.21e+00   9.12e-03     7.09e-03   70.371s
  29000 +1.22291976e+04 +1.22281512e+04  1.05e+00   7.99e-03     6.42e-03   72.027s
  30000 +1.22290776e+04 +1.22281517e+04  9.26e-01   7.27e-03     5.87e-03   73.685s
  31000 +1.22289513e+04 +1.22281522e+04  7.99e-01   6.74e-03     5.33e-03   75.349s
  32000 +1.22288356e+04 +1.22281534e+04  6.82e-01   6.26e-03     4.75e-03   77.010s
  33000 +1.22288724e+04 +1.22281534e+04  7.19e-01   5.76e-03     4.42e-03   78.666s
  34000 +1.22288427e+04 +1.22281513e+04  6.91e-01   5.08e-03     4.19e-03   80.323s
  35000 +1.22286846e+04 +1.22281521e+04  5.32e-01   4.73e-03     3.91e-03   81.982s
  36000 +1.22285070e+04 +1.22281544e+04  3.53e-01   4.58e-03     3.66e-03   83.639s
  37000 +1.22284436e+04 +1.22281519e+04  2.92e-01   4.08e-03     3.39e-03   85.295s
  38000 +1.22284356e+04 +1.22281514e+04  2.84e-01   3.68e-03     3.17e-03   86.951s
  39000 +1.22284101e+04 +1.22281489e+04  2.61e-01   3.20e-03     3.26e-03   88.610s
  40000 +1.22283987e+04 +1.22281508e+04  2.48e-01   2.81e-03     3.23e-03   90.266s
  41000 +1.22283463e+04 +1.22281512e+04  1.95e-01   2.53e-03     3.10e-03   91.921s
  42000 +1.22282709e+04 +1.22281514e+04  1.20e-01   2.40e-03     2.92e-03   93.577s
  43000 +1.22282254e+04 +1.22281509e+04  7.45e-02   2.32e-03     2.72e-03   95.237s
  44000 +1.22282085e+04 +1.22281510e+04  5.76e-02   2.26e-03     2.53e-03   96.896s
  45000 +1.22281834e+04 +1.22281505e+04  3.28e-02   2.15e-03     2.34e-03   98.552s
  46000 +1.22281892e+04 +1.22281507e+04  3.85e-02   1.97e-03     2.16e-03   100.207s
  47000 +1.22281649e+04 +1.22281506e+04  1.43e-02   1.81e-03     2.01e-03   101.863s
  48000 +1.22281646e+04 +1.22281506e+04  1.40e-02   1.71e-03     1.91e-03   103.518s
  49000 +1.22281599e+04 +1.22281506e+04  9.32e-03   1.60e-03     1.83e-03   105.177s
  50000 +1.22281649e+04 +1.22281506e+04  1.43e-02   1.50e-03     1.75e-03   106.837s
  51000 +1.22281908e+04 +1.22281499e+04  4.09e-02   1.38e-03     1.69e-03   108.495s
  52000 +1.22281850e+04 +1.22281505e+04  3.45e-02   1.33e-03     1.63e-03   110.153s
  53000 +1.22281732e+04 +1.22281505e+04  2.27e-02   1.29e-03     1.56e-03   111.809s
  54000 +1.22281868e+04 +1.22281499e+04  3.69e-02   1.26e-03     1.49e-03   113.465s
  55000 +1.22281798e+04 +1.22281501e+04  2.97e-02   1.20e-03     1.42e-03   115.124s
  56000 +1.22281871e+04 +1.22281495e+04  3.76e-02   1.11e-03     1.35e-03   116.782s
  57000 +1.22281808e+04 +1.22281489e+04  3.20e-02   1.03e-03     1.29e-03   118.443s
  58000 +1.22281802e+04 +1.22281487e+04  3.15e-02   9.39e-04     1.23e-03   120.101s
  59000 +1.22281863e+04 +1.22281490e+04  3.73e-02   8.47e-04     1.18e-03   121.758s
  60000 +1.22281737e+04 +1.22281483e+04  2.54e-02   7.65e-04     1.12e-03   123.416s
  61000 +1.22281690e+04 +1.22281486e+04  2.03e-02   7.10e-04     1.07e-03   125.070s
  62000 +1.22281645e+04 +1.22281487e+04  1.58e-02   6.99e-04     1.03e-03   126.726s
  63000 +1.22281608e+04 +1.22281482e+04  1.26e-02   6.88e-04     9.91e-04   128.381s
  64000 +1.22281600e+04 +1.22281482e+04  1.18e-02   6.44e-04     9.62e-04   130.036s
  65000 +1.22281595e+04 +1.22281481e+04  1.14e-02   5.96e-04     9.36e-04   131.695s
  66000 +1.22281564e+04 +1.22281483e+04  8.14e-03   5.74e-04     9.13e-04   133.350s
  67000 +1.22281568e+04 +1.22281484e+04  8.40e-03   5.62e-04     8.85e-04   135.004s
  68000 +1.22281584e+04 +1.22281484e+04  9.95e-03   5.86e-04     8.39e-04   136.660s
  69000 +1.22281565e+04 +1.22281484e+04  8.10e-03   6.06e-04     7.90e-04   138.317s
  70000 +1.22281562e+04 +1.22281486e+04  7.65e-03   6.24e-04     7.48e-04   139.972s
  71000 +1.22281554e+04 +1.22281487e+04  6.65e-03   6.29e-04     7.13e-04   141.631s
  72000 +1.22281561e+04 +1.22281487e+04  7.36e-03   6.25e-04     6.83e-04   143.286s
  73000 +1.22281568e+04 +1.22281487e+04  8.16e-03   6.34e-04     6.53e-04   144.941s
  74000 +1.22281550e+04 +1.22281487e+04  6.27e-03   6.37e-04     6.24e-04   146.597s
  75000 +1.22281523e+04 +1.22281487e+04  3.61e-03   6.30e-04     5.97e-04   148.255s
  76000 +1.22281511e+04 +1.22281487e+04  2.40e-03   6.16e-04     5.73e-04   149.909s
  77000 +1.22281572e+04 +1.22281488e+04  8.48e-03   5.94e-04     5.53e-04   151.567s
  78000 +1.22281594e+04 +1.22281486e+04  1.08e-02   5.69e-04     5.34e-04   153.222s
  79000 +1.22281563e+04 +1.22281484e+04  7.88e-03   5.68e-04     5.14e-04   154.877s
  80000 +1.22281638e+04 +1.22281486e+04  1.52e-02   5.24e-04     4.99e-04   156.532s
  81000 +1.22281632e+04 +1.22281488e+04  1.44e-02   5.04e-04     4.83e-04   158.190s
  82000 +1.22281612e+04 +1.22281486e+04  1.25e-02   4.83e-04     4.71e-04   159.845s
  83000 +1.22281640e+04 +1.22281489e+04  1.51e-02   4.54e-04     4.63e-04   161.501s
  84000 +1.22281622e+04 +1.22281489e+04  1.33e-02   4.39e-04     4.52e-04   163.159s
  85000 +1.22281637e+04 +1.22281488e+04  1.49e-02   4.35e-04     4.42e-04   164.815s
  86000 +1.22281632e+04 +1.22281488e+04  1.45e-02   4.22e-04     4.33e-04   166.473s
  87000 +1.22281629e+04 +1.22281488e+04  1.41e-02   3.96e-04     4.26e-04   168.130s
  88000 +1.22281629e+04 +1.22281489e+04  1.40e-02   3.65e-04     4.19e-04   169.786s
  89000 +1.22281605e+04 +1.22281488e+04  1.17e-02   3.57e-04     4.09e-04   171.444s
  90000 +1.22281541e+04 +1.22281488e+04  5.34e-03   3.59e-04     3.99e-04   173.102s
  91000 +1.22281482e+04 +1.22281487e+04  5.48e-04   3.61e-04     3.89e-04   174.758s
  92000 +1.22281447e+04 +1.22281487e+04  3.98e-03   3.57e-04     3.79e-04   176.414s
  93000 +1.22281396e+04 +1.22281487e+04  9.13e-03   3.54e-04     3.70e-04   178.074s
  93600 +1.22281405e+04 +1.22281487e+04  8.24e-03   3.52e-04     3.64e-04   179.070s
LP Solver status:                Optimal
Primal objective:                +1.22281405e+04
Dual objective:                  +1.22281487e+04
Duality gap (abs/rel):           +8.24e-03 / +3.37e-07
Primal infeasibility (abs/rel):  +3.52e-04 / +1.38e-06
Dual infeasibility (abs/rel):    +3.64e-04 / +9.81e-08
PDLP finished
Status: Optimal   Objective: 1.22281405e+04  Iterations: 93600  Time: 179.087s

### exit_code=0
### finished=2026-07-23T21:01:08.010262
### gpu_peak_mb=25306.4
### gpu_peak2_mb=0.0
### per_gpu_peak_mb=[25306.375]
