### solver=cuopt-base
### instance=/home/scratch.vmostovoi_gpu/datasets/big_lp/google/heat-source-hard.mps
### n_gpus=1
### CUDA_VISIBLE_DEVICES=0
### started=2026-06-28T19:28:11.705501
### argv=/home/scratch.vmostovoi_gpu/mostovoi_cuopt/cpp/build/cuopt_cli --use-distributed-pdlp false --mps-reader fast --method 1 --presolve 0 --iteration-limit 20000 --time-limit 1e9 --absolute-primal-tolerance 1e-30 --relative-primal-tolerance 1e-30 --absolute-dual-tolerance 1e-30 --relative-dual-tolerance 1e-30 --absolute-gap-tolerance 1e-30 --relative-gap-tolerance 1e-30 --log-to-console true /home/scratch.vmostovoi_gpu/datasets/big_lp/google/heat-source-hard.mps
### --- solver output ---
Setting parameter absolute_dual_tolerance to 1.000000e-30
Setting parameter absolute_gap_tolerance to 1.000000e-30
Setting parameter absolute_primal_tolerance to 1.000000e-30
Setting parameter iteration_limit to 20000
Setting parameter log_to_console to true
Setting parameter method to 1
Setting parameter presolve to 0
Setting parameter relative_dual_tolerance to 1.000000e-30
Setting parameter relative_gap_tolerance to 1.000000e-30
Setting parameter relative_primal_tolerance to 1.000000e-30
Setting parameter time_limit to 1.000000e+09
Setting parameter use_distributed_pdlp to false
Reading file heat-source-hard.mps
Using experimental fast MPS parser for '/home/scratch.vmostovoi_gpu/datasets/big_lp/google/heat-source-hard.mps'
Read file heat-source-hard.mps in 5.37 seconds
cuOpt version: 26.8.0, git hash: 5e62e9ba, host arch: x86_64, device archs: 100a-real
CPU: INTEL(R) XEON(R) PLATINUM 8570, threads (physical/logical): 112/224, RAM: 1403.13 GiB
CUDA 13.3, device: NVIDIA B200 (ID 0), VRAM: 178.34 GiB
CUDA device UUID: 032cc9ce-c7f1-23bb-e695-6946f1192583

Solving a problem with 15625000 constraints, 31628008 variables (0 integers), and 125000000 nonzeros
Problem scaling:
Objective coefficents range:          [1e+00, 1e+00]
Constraint matrix coefficients range: [1e+00, 4e+05]
Constraint rhs / bounds range:        [0e+00, 0e+00]
Variable bounds range:                [1e-03, 5e-01]

Objective offset 0.000000 scaling_factor 1.000000
   Iter    Primal Obj.      Dual Obj.    Gap        Primal Res.  Dual Res.   Time
      0 +0.00000000e+00 +0.00000000e+00  0.00e+00   0.00e+00     3.95e+03   10.716s
   1000 +3.18482012e+06 +9.07641805e+13  9.08e+13   1.01e+05     5.28e+11   12.891s
   2000 +7.57846980e+06 +2.93290592e+14  2.93e+14   8.26e+04     1.17e+12   14.753s
   3000 +1.33228778e+07 +6.75902853e+14  6.76e+14   7.05e+04     2.29e+12   16.616s
   4000 +2.16920841e+07 +1.08070112e+15  1.08e+15   5.95e+04     3.28e+12   18.478s
   5000 +3.02437407e+07 +1.47815128e+15  1.48e+15   5.09e+04     4.19e+12   20.339s
   6000 +3.95323572e+07 +1.72491593e+15  1.72e+15   4.31e+04     4.65e+12   22.202s
   7000 +4.78736419e+07 +1.92976322e+15  1.93e+15   3.78e+04     5.12e+12   24.062s
   8000 +5.62325659e+07 +2.00012319e+15  2.00e+15   3.25e+04     5.29e+12   25.923s
   9000 +6.35349046e+07 +1.98027390e+15  1.98e+15   2.82e+04     5.20e+12   27.784s
  10000 +7.25284588e+07 +1.94725916e+15  1.95e+15   2.74e+04     5.12e+12   29.646s
  11000 +8.08762648e+07 +1.85256463e+15  1.85e+15   3.02e+04     4.82e+12   31.490s
  12000 +8.69154212e+07 +1.69699460e+15  1.70e+15   3.33e+04     4.38e+12   33.335s
  13000 +9.12513087e+07 +1.49802043e+15  1.50e+15   3.50e+04     3.89e+12   35.179s
  14000 +9.29723642e+07 +1.27717082e+15  1.28e+15   3.47e+04     3.46e+12   37.023s
  15000 +9.56086812e+07 +1.10591529e+15  1.11e+15   3.58e+04     3.19e+12   38.869s
  16000 +9.87160069e+07 +9.54987540e+14  9.55e+14   3.76e+04     3.01e+12   40.714s
  17000 +9.95566380e+07 +7.99804062e+14  8.00e+14   3.84e+04     2.80e+12   42.558s
  18000 +9.80983932e+07 +6.54618406e+14  6.55e+14   3.84e+04     2.59e+12   44.402s
  19000 +9.51519711e+07 +5.27435324e+14  5.27e+14   3.75e+04     2.37e+12   46.247s
  20000 +9.15895625e+07 +4.20219808e+14  4.20e+14   3.59e+04     2.15e+12   48.091s
PDLP finished
Status: Iteration Limit   Objective: 9.15895625e+07  Iterations: 20000  Time: 50.301s

### exit_code=0
### finished=2026-06-28T19:29:13.432465
### gpu_peak_mb=23866.4
### gpu_peak2_mb=0.0
### per_gpu_peak_mb=[23866.375]
