### solver=cuopt-base
### instance=/home/scratch.vmostovoi_gpu/gurobi_things/gurobi_presolved/qap-tho-150_gurobi_presolved.mps
### n_gpus=1
### CUDA_VISIBLE_DEVICES=0
### started=2026-07-24T05:07:05.934998
### argv=/home/scratch.vmostovoi_gpu/mostovoi_cuopt/cpp/build/cuopt_cli --method 1 --presolve 0 --mps-reader experimental-fast --time-limit 3600 --iteration-limit 1000000000 --relative-primal-tolerance 1e-4 --relative-dual-tolerance 1e-4 --relative-gap-tolerance 1e-4 --log-to-console true /home/scratch.vmostovoi_gpu/gurobi_things/gurobi_presolved/qap-tho-150_gurobi_presolved.mps
### --- solver output ---
Setting parameter iteration_limit to 1000000000
Setting parameter log_to_console to true
Setting parameter method to 1
Setting parameter presolve to 0
Setting parameter relative_dual_tolerance to 1.000000e-04
Setting parameter relative_gap_tolerance to 1.000000e-04
Setting parameter relative_primal_tolerance to 1.000000e-04
Setting parameter time_limit to 3.600000e+03
Reading file qap-tho-150_gurobi_presolved.mps
Using experimental fast MPS parser for '/home/scratch.vmostovoi_gpu/gurobi_things/gurobi_presolved/qap-tho-150_gurobi_presolved.mps'
Read file qap-tho-150_gurobi_presolved.mps in 44.85 seconds
cuOpt version: 26.8.0, git hash: 7116ead1, host arch: x86_64, device archs: 100a-real
CPU: INTEL(R) XEON(R) PLATINUM 8570, threads (physical/logical): 112/224, RAM: 1686.30 GiB
CUDA 13.3, device: NVIDIA B200 (ID 0), VRAM: 178.34 GiB
CUDA device UUID: f36553ec-83f5-0954-de1e-14020b44a6e2
Solving a problem with 6705050 constraints, 249783750 variables (0 integers), and 1005757500 nonzeros
Problem scaling:
Objective coefficents range:          [1e+00, 1e+00]
Constraint matrix coefficients range: [9e-05, 1e+00]
Constraint rhs / bounds range:        [1e+00, 1e+00]
Variable bounds range:                [0e+00, 1e+04]

Objective offset 0.000000 scaling_factor 1.000000
   Iter    Primal Obj.      Dual Obj.    Gap        Primal Res.  Dual Res.   Time
      0 +0.00000000e+00 +0.00000000e+00  0.00e+00   1.73e+01     1.03e+04   13.102s
   1000 +4.35169176e+06 +4.36392168e+06  1.22e+04   1.30e-01     2.31e+04   29.111s
   2000 +4.34463882e+06 +4.34580817e+06  1.17e+03   4.23e-02     1.35e+03   42.939s
   3000 +4.34435793e+06 +4.34483253e+06  4.75e+02   1.84e-02     2.04e+02   56.769s
   4000 +4.34439096e+06 +4.34473935e+06  3.48e+02   1.13e-02     7.04e+01   70.600s
   5000 +4.34440428e+06 +4.34473802e+06  3.34e+02   8.65e-03     4.07e+01   84.420s
   6000 +4.34442739e+06 +4.34473567e+06  3.08e+02   7.58e-03     2.72e+01   98.252s
   7000 +4.34444100e+06 +4.34474501e+06  3.04e+02   6.84e-03     2.64e+01   112.072s
   8000 +4.34445799e+06 +4.34475378e+06  2.96e+02   6.30e-03     2.44e+01   125.892s
   9000 +4.34447580e+06 +4.34476121e+06  2.85e+02   5.93e-03     2.27e+01   139.713s
  10000 +4.34448960e+06 +4.34477710e+06  2.87e+02   5.65e-03     3.91e+01   153.544s
  11000 +4.34451785e+06 +4.34479524e+06  2.77e+02   5.20e-03     5.98e+01   167.241s
  12000 +4.34456058e+06 +4.34480844e+06  2.48e+02   4.55e-03     6.98e+01   180.937s
  13000 +4.34460065e+06 +4.34481680e+06  2.16e+02   3.94e-03     7.07e+01   194.634s
  14000 +4.34462536e+06 +4.34482280e+06  1.97e+02   3.53e-03     6.74e+01   208.331s
  15000 +4.34464606e+06 +4.34483078e+06  1.85e+02   3.14e-03     9.79e+01   222.039s
  16000 +4.34468794e+06 +4.34483999e+06  1.52e+02   2.62e-03     1.44e+02   235.736s
  17000 +4.34472756e+06 +4.34484494e+06  1.17e+02   2.10e-03     1.59e+02   249.433s
  18000 +4.34475191e+06 +4.34484976e+06  9.79e+01   1.78e-03     1.51e+02   263.130s
  19000 +4.34476878e+06 +4.34485204e+06  8.33e+01   1.48e-03     1.42e+02   276.827s
  20000 +4.34478071e+06 +4.34485259e+06  7.19e+01   1.23e-03     1.34e+02   290.524s
  21000 +4.34478970e+06 +4.34485250e+06  6.28e+01   1.03e-03     1.24e+02   304.221s
  22000 +4.34479851e+06 +4.34485232e+06  5.38e+01   8.73e-04     1.13e+02   317.918s
  23000 +4.34480817e+06 +4.34484941e+06  4.12e+01   6.84e-04     9.43e+01   331.625s
  24000 +4.34481848e+06 +4.34484925e+06  3.08e+01   5.32e-04     9.23e+01   345.322s
  25000 +4.34482828e+06 +4.34484904e+06  2.08e+01   4.27e-04     8.85e+01   359.019s
  26000 +4.34483437e+06 +4.34484882e+06  1.44e+01   3.69e-04     8.20e+01   372.716s
  27000 +4.34483778e+06 +4.34484876e+06  1.10e+01   3.37e-04     7.61e+01   386.413s
  28000 +4.34484019e+06 +4.34484857e+06  8.38e+00   3.18e-04     7.01e+01   400.110s
  29000 +4.34484179e+06 +4.34484854e+06  6.75e+00   3.04e-04     6.48e+01   413.807s
  30000 +4.34484255e+06 +4.34484822e+06  5.67e+00   2.88e-04     6.07e+01   427.503s
  31000 +4.34484236e+06 +4.34484811e+06  5.75e+00   2.70e-04     5.74e+01   441.201s
  32000 +4.34484160e+06 +4.34484782e+06  6.21e+00   2.52e-04     5.44e+01   454.898s
  33000 +4.34484151e+06 +4.34484772e+06  6.21e+00   2.35e-04     5.18e+01   468.594s
  34000 +4.34484070e+06 +4.34484738e+06  6.68e+00   2.15e-04     4.95e+01   482.291s
  35000 +4.34484048e+06 +4.34484717e+06  6.69e+00   1.97e-04     4.72e+01   495.988s
  36000 +4.34484161e+06 +4.34484529e+06  3.68e+00   2.08e-04     3.86e+01   509.696s
  37000 +4.34484252e+06 +4.34484498e+06  2.47e+00   1.91e-04     3.43e+01   523.392s
  38000 +4.34484368e+06 +4.34484462e+06  9.45e-01   1.74e-04     3.12e+01   537.089s
  39000 +4.34484379e+06 +4.34484429e+06  5.02e-01   1.63e-04     2.87e+01   550.786s
  40000 +4.34484407e+06 +4.34484403e+06  3.32e-02   1.58e-04     2.62e+01   564.483s
  41000 +4.34484434e+06 +4.34484380e+06  5.40e-01   1.52e-04     2.44e+01   578.179s
  42000 +4.34484440e+06 +4.34484360e+06  8.07e-01   1.48e-04     2.26e+01   591.876s
  43000 +4.34484436e+06 +4.34484338e+06  9.79e-01   1.43e-04     2.10e+01   605.573s
  44000 +4.34484411e+06 +4.34484319e+06  9.25e-01   1.38e-04     1.95e+01   619.270s
  45000 +4.34484401e+06 +4.34484298e+06  1.03e+00   1.33e-04     1.82e+01   632.967s
  46000 +4.34484364e+06 +4.34484281e+06  8.28e-01   1.27e-04     1.67e+01   646.663s
  47000 +4.34484309e+06 +4.34484264e+06  4.53e-01   1.20e-04     1.58e+01   660.360s
  48000 +4.34484296e+06 +4.34484248e+06  4.85e-01   1.12e-04     1.51e+01   674.057s
  49000 +4.34484260e+06 +4.34484237e+06  2.30e-01   1.06e-04     1.44e+01   687.754s
  50000 +4.34484202e+06 +4.34484225e+06  2.29e-01   1.00e-04     1.38e+01   701.450s
  51000 +4.34484167e+06 +4.34484208e+06  4.07e-01   9.43e-05     1.32e+01   715.147s
  52000 +4.34484137e+06 +4.34484199e+06  6.19e-01   8.94e-05     1.27e+01   728.844s
  53000 +4.34484127e+06 +4.34484188e+06  6.05e-01   8.53e-05     1.22e+01   742.541s
  54000 +4.34484100e+06 +4.34484177e+06  7.66e-01   8.15e-05     1.18e+01   756.238s
  55000 +4.34484110e+06 +4.34484171e+06  6.07e-01   7.84e-05     1.13e+01   769.934s
  56000 +4.34484176e+06 +4.34484071e+06  1.04e+00   2.64e-04     8.58e+00   783.642s
  57000 +4.34484185e+06 +4.34484041e+06  1.44e+00   2.82e-04     6.97e+00   797.339s
  58000 +4.34484206e+06 +4.34484020e+06  1.86e+00   2.70e-04     5.84e+00   811.036s
  59000 +4.34484180e+06 +4.34484003e+06  1.77e+00   2.49e-04     5.02e+00   824.733s
  60000 +4.34484220e+06 +4.34483988e+06  2.32e+00   2.26e-04     4.44e+00   838.430s
  61000 +4.34484190e+06 +4.34483977e+06  2.13e+00   2.07e-04     3.95e+00   852.126s
  62000 +4.34484177e+06 +4.34483969e+06  2.08e+00   1.91e-04     3.57e+00   865.823s
  63000 +4.34484120e+06 +4.34483961e+06  1.59e+00   1.76e-04     3.28e+00   879.520s
  64000 +4.34484095e+06 +4.34483954e+06  1.41e+00   1.64e-04     3.02e+00   893.217s
  65000 +4.34484102e+06 +4.34483949e+06  1.53e+00   1.54e-04     2.80e+00   906.915s
  66000 +4.34484108e+06 +4.34483943e+06  1.65e+00   1.45e-04     2.60e+00   920.612s
  67000 +4.34484118e+06 +4.34483938e+06  1.80e+00   1.37e-04     2.43e+00   934.309s
  68000 +4.34484086e+06 +4.34483935e+06  1.51e+00   1.30e-04     2.28e+00   948.006s
  69000 +4.34484066e+06 +4.34483932e+06  1.34e+00   1.23e-04     2.16e+00   961.705s
  70000 +4.34484072e+06 +4.34483929e+06  1.44e+00   1.18e-04     2.04e+00   975.403s
  71000 +4.34484049e+06 +4.34483926e+06  1.23e+00   1.13e-04     1.93e+00   989.100s
  72000 +4.34484056e+06 +4.34483923e+06  1.33e+00   1.08e-04     1.84e+00   1002.799s
  73000 +4.34484049e+06 +4.34483921e+06  1.28e+00   1.03e-04     1.75e+00   1016.497s
  74000 +4.34484047e+06 +4.34483918e+06  1.28e+00   9.89e-05     1.65e+00   1030.195s
  75000 +4.34484024e+06 +4.34483916e+06  1.07e+00   9.51e-05     1.59e+00   1043.894s
  76000 +4.34484015e+06 +4.34483915e+06  1.00e+00   9.13e-05     1.52e+00   1057.592s
  77000 +4.34484066e+06 +4.34483898e+06  1.68e+00   2.01e-04     1.31e+00   1071.302s
  77800 +4.34484117e+06 +4.34483891e+06  2.25e+00   2.43e-04     1.02e+00   1082.262s
LP Solver status:                Optimal
Primal objective:                +4.34484117e+06
Dual objective:                  +4.34483891e+06
Duality gap (abs/rel):           +2.25e+00 / +2.59e-07
Primal infeasibility (abs/rel):  +2.43e-04 / +1.32e-05
Dual infeasibility (abs/rel):    +1.02e+00 / +9.94e-05
PDLP finished
Status: Optimal   Objective: 4.34484117e+06  Iterations: 77800  Time: 1088.993s

### exit_code=0
### finished=2026-07-24T05:26:24.069049
### gpu_peak_mb=145050.4
### gpu_peak2_mb=0.0
### per_gpu_peak_mb=[145050.375]
