### solver=dpdlp
### instance=/home/scratch.vmostovoi_gpu/datasets/big_lp/google/world-shipping.mps
### n_gpus=1
### CUDA_VISIBLE_DEVICES=0
### started=2026-06-28T20:17:20.478363
### argv=/home/scratch.vmostovoi_gpu/.conda/envs/dpdlp/bin/mpirun -n 1 /home/scratch.vmostovoi_gpu/D-PDLP/build/cupdlpx-dist /home/scratch.vmostovoi_gpu/datasets/big_lp/google/world-shipping.mps /home/scratch.vmostovoi_gpu/scaling_bench/runs/dpdlp/world-shipping__N1 --iter_limit 20000 --time_limit 1e9 --eps_opt 1e-30 --eps_feas 1e-30 --eps_infeas_detect 1e-30 --verbose --no_presolve
### --- solver output ---
Rank 0: Loading MPS file '/home/scratch.vmostovoi_gpu/datasets/big_lp/google/world-shipping.mps'...
[Auto-Grid] Decided grid shape: 1 x 1 for 1 processes.
[Timer] Permuting LP Problem took 18.510 seconds.
---------------------------------------------------------------------------------------
                                     D-PDLP                                                
             A First-Order LP Solver Powered by Multiple GPU System                        
                              (c) Hongpei Li, 2026                                           
                          Contact: ishongpeili@gmail.com                                      
                                                                                           
   Based on cuPDLPx by Haihao Lu, MIT (2025): https://github.com/MIT-Lu-Lab/cuPDLPx  
---------------------------------------------------------------------------------------
problem: 15304282 rows, 228867510 columns, 688658522 nonzeros
settings:
  iter_limit         : 20000
  time_limit         : 1000000000.00 sec
  eps_opt            : 1.0e-30
  eps_feas           : 1.0e-30
  eps_infeas_detect  : 1.0e-30
------------------------------ Distributed Configuration ------------------------------
   Grid Size         : 1 x 1 (Rows x Cols)
  Partition Method   : NNZ Balance
  Permute Method     : Block Random (Block-wise Random shuffle)
---------------------------------------------------------------------------------------

[Timer] Data Distribution (Bcast -> Partition) took 36.751 seconds.
---------------------------------------------------------------------------------------
   runtime     |     objective      |   absolute residuals    |   relative residuals    
  iter   time  |  pr obj    du obj  |  pr res  du res   gap   |  pr res  du res   gap   
---------------------------------------------------------------------------------------
     0 1.2e-02 |  0.0e+00   0.0e+00 | 0.0e+00 1.5e+03 0.0e+00 | 0.0e+00 1.0e+00 0.0e+00 
    10 1.3e-01 | -4.7e+04  -4.6e+03 | 3.4e+02 2.5e+03 4.3e+04 | 9.9e+01 1.7e+00 8.2e-01 
    20 2.5e-01 | -3.6e+04  -1.8e+03 | 3.6e+02 2.1e+03 3.4e+04 | 1.1e+02 1.5e+00 9.0e-01 
    30 3.7e-01 | -4.0e+04  -9.2e+02 | 4.3e+02 1.9e+03 3.9e+04 | 1.2e+02 1.3e+00 9.6e-01 
    40 5.0e-01 | -4.6e+04  -5.3e+02 | 4.9e+02 1.8e+03 4.6e+04 | 1.4e+02 1.2e+00 9.8e-01 
    50 6.2e-01 | -5.1e+04  -3.3e+02 | 5.4e+02 1.7e+03 5.1e+04 | 1.6e+02 1.1e+00 9.9e-01 
    60 7.4e-01 | -5.7e+04  -2.1e+02 | 5.6e+02 1.6e+03 5.7e+04 | 1.6e+02 1.1e+00 9.9e-01 
    70 8.6e-01 | -6.3e+04  -1.5e+02 | 5.5e+02 1.5e+03 6.3e+04 | 1.6e+02 1.1e+00 1.0e+00 
    80 9.8e-01 | -6.8e+04  -1.1e+02 | 5.2e+02 1.5e+03 6.8e+04 | 1.5e+02 1.0e+00 1.0e+00 
    90 1.1e+00 | -7.3e+04  -8.6e+01 | 5.1e+02 1.5e+03 7.3e+04 | 1.5e+02 1.0e+00 1.0e+00 
   100 1.2e+00 | -7.8e+04  -7.0e+01 | 5.0e+02 1.5e+03 7.8e+04 | 1.5e+02 1.0e+00 1.0e+00 
   110 1.3e+00 | -8.3e+04  -6.0e+01 | 5.0e+02 1.5e+03 8.3e+04 | 1.4e+02 1.0e+00 1.0e+00 
   120 1.5e+00 | -8.7e+04  -5.4e+01 | 4.9e+02 1.5e+03 8.7e+04 | 1.4e+02 1.1e+00 1.0e+00 
   130 1.6e+00 | -9.2e+04  -5.0e+01 | 4.7e+02 1.6e+03 9.2e+04 | 1.4e+02 1.1e+00 1.0e+00 
   140 1.7e+00 | -9.6e+04  -5.0e+01 | 4.6e+02 1.6e+03 9.6e+04 | 1.3e+02 1.1e+00 1.0e+00 
   150 1.8e+00 | -1.0e+05  -8.2e+01 | 4.5e+02 1.5e+03 1.0e+05 | 1.3e+02 1.0e+00 1.0e+00 
   160 1.9e+00 | -1.0e+05  -5.9e+02 | 4.4e+02 1.5e+03 1.0e+05 | 1.3e+02 1.0e+00 9.9e-01 
   170 2.1e+00 | -1.1e+05  -1.1e+03 | 4.3e+02 1.5e+03 1.1e+05 | 1.3e+02 1.0e+00 9.8e-01 
   180 2.2e+00 | -1.1e+05  -3.7e+03 | 4.3e+02 1.4e+03 1.1e+05 | 1.2e+02 9.6e-01 9.3e-01 
   190 2.3e+00 | -1.1e+05  -7.6e+03 | 4.2e+02 1.3e+03 1.1e+05 | 1.2e+02 9.0e-01 8.7e-01 
   200 2.5e+00 | -1.2e+05  -1.3e+04 | 4.2e+02 1.2e+03 1.0e+05 | 1.2e+02 8.3e-01 8.0e-01 
   210 2.6e+00 | -1.2e+05  -2.2e+04 | 4.3e+02 1.2e+03 9.9e+04 | 1.2e+02 8.0e-01 7.0e-01 
   220 2.7e+00 | -1.2e+05  -2.7e+04 | 4.4e+02 1.1e+03 9.7e+04 | 1.3e+02 7.6e-01 6.4e-01 
   230 2.8e+00 | -1.3e+05  -3.4e+04 | 4.6e+02 1.0e+03 9.4e+04 | 1.3e+02 7.1e-01 5.8e-01 
   240 2.9e+00 | -1.3e+05  -4.1e+04 | 4.8e+02 9.8e+02 9.1e+04 | 1.4e+02 6.6e-01 5.3e-01 
   250 3.1e+00 | -1.3e+05  -4.7e+04 | 5.0e+02 9.1e+02 8.7e+04 | 1.5e+02 6.2e-01 4.8e-01 
   260 3.2e+00 | -1.4e+05  -5.3e+04 | 5.2e+02 8.6e+02 8.4e+04 | 1.5e+02 5.8e-01 4.4e-01 
   270 3.3e+00 | -1.4e+05  -5.7e+04 | 5.3e+02 8.0e+02 8.1e+04 | 1.5e+02 5.4e-01 4.2e-01 
   280 3.4e+00 | -1.4e+05  -6.1e+04 | 5.3e+02 7.5e+02 8.0e+04 | 1.5e+02 5.1e-01 3.9e-01 
   290 3.5e+00 | -1.4e+05  -6.4e+04 | 5.3e+02 7.0e+02 7.9e+04 | 1.5e+02 4.7e-01 3.8e-01 
   300 3.7e+00 | -1.4e+05  -6.7e+04 | 5.3e+02 6.5e+02 7.7e+04 | 1.5e+02 4.4e-01 3.6e-01 
   310 3.8e+00 | -1.5e+05  -7.1e+04 | 5.2e+02 6.0e+02 7.6e+04 | 1.5e+02 4.1e-01 3.5e-01 
   320 3.9e+00 | -1.5e+05  -7.3e+04 | 5.2e+02 5.6e+02 7.5e+04 | 1.5e+02 3.8e-01 3.4e-01 
   330 4.0e+00 | -1.5e+05  -7.6e+04 | 5.1e+02 5.2e+02 7.4e+04 | 1.5e+02 3.6e-01 3.3e-01 
   340 4.2e+00 | -1.5e+05  -7.7e+04 | 5.1e+02 4.9e+02 7.4e+04 | 1.5e+02 3.4e-01 3.2e-01 
   350 4.3e+00 | -1.5e+05  -7.9e+04 | 5.1e+02 4.7e+02 7.3e+04 | 1.5e+02 3.2e-01 3.2e-01 
   360 4.4e+00 | -1.5e+05  -8.1e+04 | 5.0e+02 4.5e+02 7.3e+04 | 1.5e+02 3.0e-01 3.1e-01 
   370 4.5e+00 | -1.5e+05  -8.2e+04 | 5.0e+02 4.3e+02 7.3e+04 | 1.4e+02 2.9e-01 3.1e-01 
   380 4.6e+00 | -1.6e+05  -8.3e+04 | 4.9e+02 4.2e+02 7.3e+04 | 1.4e+02 2.8e-01 3.1e-01 
   390 4.8e+00 | -1.6e+05  -8.4e+04 | 4.9e+02 4.0e+02 7.3e+04 | 1.4e+02 2.8e-01 3.0e-01 
   400 4.9e+00 | -1.6e+05  -8.6e+04 | 4.9e+02 3.9e+02 7.3e+04 | 1.4e+02 2.7e-01 3.0e-01 
   410 5.0e+00 | -1.6e+05  -9.0e+04 | 5.0e+02 3.8e+02 6.8e+04 | 1.4e+02 2.6e-01 2.7e-01 
   420 5.2e+00 | -1.6e+05  -9.2e+04 | 5.1e+02 3.7e+02 6.7e+04 | 1.5e+02 2.5e-01 2.7e-01 
   430 5.3e+00 | -1.6e+05  -9.4e+04 | 5.2e+02 3.6e+02 6.6e+04 | 1.5e+02 2.5e-01 2.6e-01 
   440 5.4e+00 | -1.6e+05  -9.6e+04 | 5.3e+02 3.5e+02 6.5e+04 | 1.5e+02 2.4e-01 2.5e-01 
   450 5.5e+00 | -1.6e+05  -9.7e+04 | 5.3e+02 3.4e+02 6.4e+04 | 1.5e+02 2.3e-01 2.5e-01 
   460 5.6e+00 | -1.6e+05  -9.9e+04 | 5.3e+02 3.2e+02 6.4e+04 | 1.5e+02 2.2e-01 2.4e-01 
   470 5.8e+00 | -1.6e+05  -1.0e+05 | 5.3e+02 3.1e+02 6.3e+04 | 1.5e+02 2.1e-01 2.4e-01 
   480 5.9e+00 | -1.6e+05  -1.0e+05 | 5.3e+02 3.0e+02 6.2e+04 | 1.5e+02 2.0e-01 2.4e-01 
   490 6.0e+00 | -1.6e+05  -1.0e+05 | 5.3e+02 2.9e+02 6.2e+04 | 1.5e+02 1.9e-01 2.3e-01 
   500 6.1e+00 | -1.6e+05  -1.0e+05 | 5.3e+02 2.8e+02 6.1e+04 | 1.5e+02 1.9e-01 2.3e-01 
   510 6.2e+00 | -1.7e+05  -1.0e+05 | 5.3e+02 2.7e+02 6.0e+04 | 1.5e+02 1.8e-01 2.2e-01 
   520 6.4e+00 | -1.7e+05  -1.1e+05 | 5.3e+02 2.6e+02 6.0e+04 | 1.5e+02 1.7e-01 2.2e-01 
   530 6.5e+00 | -1.7e+05  -1.1e+05 | 5.2e+02 2.5e+02 5.9e+04 | 1.5e+02 1.7e-01 2.2e-01 
   540 6.6e+00 | -1.7e+05  -1.1e+05 | 5.2e+02 2.4e+02 5.9e+04 | 1.5e+02 1.6e-01 2.2e-01 
   550 6.7e+00 | -1.7e+05  -1.1e+05 | 5.1e+02 2.4e+02 5.8e+04 | 1.5e+02 1.6e-01 2.1e-01 
   560 6.8e+00 | -1.7e+05  -1.1e+05 | 5.0e+02 2.3e+02 5.8e+04 | 1.5e+02 1.6e-01 2.1e-01 
   570 7.0e+00 | -1.7e+05  -1.1e+05 | 4.9e+02 2.3e+02 5.8e+04 | 1.4e+02 1.5e-01 2.1e-01 
   580 7.1e+00 | -1.7e+05  -1.1e+05 | 4.8e+02 2.2e+02 5.7e+04 | 1.4e+02 1.5e-01 2.1e-01 
   590 7.2e+00 | -1.7e+05  -1.1e+05 | 4.7e+02 2.2e+02 5.7e+04 | 1.4e+02 1.5e-01 2.1e-01 
   600 7.3e+00 | -1.7e+05  -1.1e+05 | 4.6e+02 2.1e+02 5.7e+04 | 1.3e+02 1.4e-01 2.0e-01 
   610 7.5e+00 | -1.7e+05  -1.1e+05 | 4.6e+02 2.1e+02 5.7e+04 | 1.3e+02 1.4e-01 2.1e-01 
   620 7.6e+00 | -1.7e+05  -1.1e+05 | 4.5e+02 2.1e+02 5.7e+04 | 1.3e+02 1.4e-01 2.1e-01 
   630 7.7e+00 | -1.7e+05  -1.1e+05 | 4.4e+02 2.0e+02 5.7e+04 | 1.3e+02 1.4e-01 2.0e-01 
   640 7.8e+00 | -1.7e+05  -1.1e+05 | 4.3e+02 2.0e+02 5.7e+04 | 1.3e+02 1.4e-01 2.0e-01 
   650 7.9e+00 | -1.7e+05  -1.1e+05 | 4.3e+02 2.0e+02 5.7e+04 | 1.2e+02 1.4e-01 2.0e-01 
   660 8.1e+00 | -1.7e+05  -1.1e+05 | 4.2e+02 2.0e+02 5.7e+04 | 1.2e+02 1.4e-01 2.0e-01 
   670 8.2e+00 | -1.7e+05  -1.1e+05 | 4.2e+02 2.0e+02 5.7e+04 | 1.2e+02 1.3e-01 2.0e-01 
   680 8.3e+00 | -1.7e+05  -1.1e+05 | 4.1e+02 1.9e+02 5.5e+04 | 1.2e+02 1.3e-01 2.0e-01 
   690 8.4e+00 | -1.7e+05  -1.1e+05 | 4.1e+02 1.9e+02 5.5e+04 | 1.2e+02 1.3e-01 1.9e-01 
   700 8.5e+00 | -1.7e+05  -1.1e+05 | 4.0e+02 1.9e+02 5.5e+04 | 1.2e+02 1.3e-01 1.9e-01 
   710 8.7e+00 | -1.7e+05  -1.1e+05 | 4.0e+02 1.9e+02 5.5e+04 | 1.2e+02 1.3e-01 1.9e-01 
   720 8.8e+00 | -1.7e+05  -1.1e+05 | 4.0e+02 1.8e+02 5.4e+04 | 1.1e+02 1.2e-01 1.9e-01 
   730 8.9e+00 | -1.7e+05  -1.1e+05 | 3.9e+02 1.8e+02 5.4e+04 | 1.1e+02 1.2e-01 1.9e-01 
   740 9.0e+00 | -1.7e+05  -1.1e+05 | 3.9e+02 1.8e+02 5.4e+04 | 1.1e+02 1.2e-01 1.9e-01 
   750 9.2e+00 | -1.7e+05  -1.1e+05 | 3.8e+02 1.7e+02 5.3e+04 | 1.1e+02 1.2e-01 1.9e-01 
   760 9.3e+00 | -1.7e+05  -1.2e+05 | 3.8e+02 1.7e+02 5.3e+04 | 1.1e+02 1.2e-01 1.9e-01 
   770 9.4e+00 | -1.7e+05  -1.2e+05 | 3.8e+02 1.7e+02 5.3e+04 | 1.1e+02 1.1e-01 1.9e-01 
   780 9.5e+00 | -1.7e+05  -1.2e+05 | 3.8e+02 1.6e+02 5.3e+04 | 1.1e+02 1.1e-01 1.9e-01 
   790 9.6e+00 | -1.7e+05  -1.2e+05 | 3.7e+02 1.6e+02 5.1e+04 | 1.1e+02 1.1e-01 1.8e-01 
   800 9.8e+00 | -1.7e+05  -1.2e+05 | 3.7e+02 1.6e+02 5.2e+04 | 1.1e+02 1.1e-01 1.8e-01 
   810 9.9e+00 | -1.7e+05  -1.2e+05 | 3.7e+02 1.6e+02 4.8e+04 | 1.1e+02 1.1e-01 1.7e-01 
   820 1.0e+01 | -1.7e+05  -1.2e+05 | 3.7e+02 1.5e+02 4.8e+04 | 1.1e+02 1.0e-01 1.7e-01 
   830 1.0e+01 | -1.7e+05  -1.2e+05 | 3.7e+02 1.5e+02 4.7e+04 | 1.1e+02 1.0e-01 1.6e-01 
   840 1.0e+01 | -1.7e+05  -1.2e+05 | 3.7e+02 1.5e+02 4.6e+04 | 1.1e+02 1.0e-01 1.6e-01 
   850 1.0e+01 | -1.7e+05  -1.2e+05 | 3.7e+02 1.4e+02 4.5e+04 | 1.1e+02 9.8e-02 1.6e-01 
   860 1.0e+01 | -1.7e+05  -1.2e+05 | 3.6e+02 1.4e+02 4.5e+04 | 1.1e+02 9.6e-02 1.6e-01 
   870 1.1e+01 | -1.7e+05  -1.2e+05 | 3.6e+02 1.4e+02 4.4e+04 | 1.0e+02 9.4e-02 1.5e-01 
   880 1.1e+01 | -1.7e+05  -1.2e+05 | 3.6e+02 1.3e+02 4.4e+04 | 1.0e+02 9.2e-02 1.5e-01 
   890 1.1e+01 | -1.7e+05  -1.2e+05 | 3.6e+02 1.3e+02 4.4e+04 | 1.0e+02 9.0e-02 1.5e-01 
   900 1.1e+01 | -1.7e+05  -1.2e+05 | 3.5e+02 1.3e+02 4.3e+04 | 1.0e+02 8.8e-02 1.5e-01 
   910 1.1e+01 | -1.7e+05  -1.2e+05 | 3.5e+02 1.3e+02 4.3e+04 | 1.0e+02 8.7e-02 1.5e-01 
   920 1.1e+01 | -1.7e+05  -1.2e+05 | 3.5e+02 1.3e+02 4.3e+04 | 1.0e+02 8.5e-02 1.5e-01 
   930 1.1e+01 | -1.7e+05  -1.2e+05 | 3.5e+02 1.2e+02 4.3e+04 | 1.0e+02 8.4e-02 1.5e-01 
   940 1.1e+01 | -1.7e+05  -1.2e+05 | 3.5e+02 1.2e+02 4.2e+04 | 1.0e+02 8.3e-02 1.5e-01 
   950 1.2e+01 | -1.7e+05  -1.2e+05 | 3.4e+02 1.2e+02 4.2e+04 | 1.0e+02 8.2e-02 1.5e-01 
   960 1.2e+01 | -1.7e+05  -1.2e+05 | 3.4e+02 1.2e+02 4.2e+04 | 9.9e+01 8.0e-02 1.4e-01 
   970 1.2e+01 | -1.7e+05  -1.2e+05 | 3.4e+02 1.2e+02 4.2e+04 | 9.9e+01 7.9e-02 1.4e-01 
   980 1.2e+01 | -1.7e+05  -1.2e+05 | 3.4e+02 1.2e+02 4.2e+04 | 9.8e+01 7.8e-02 1.4e-01 
   990 1.2e+01 | -1.7e+05  -1.2e+05 | 3.4e+02 1.1e+02 4.2e+04 | 9.7e+01 7.8e-02 1.4e-01 
  1000 1.2e+01 | -1.7e+05  -1.2e+05 | 3.3e+02 1.1e+02 4.1e+04 | 9.7e+01 7.7e-02 1.4e-01 
  1100 1.3e+01 | -1.6e+05  -1.2e+05 | 3.2e+02 1.0e+02 4.1e+04 | 9.1e+01 6.9e-02 1.4e-01 
  1200 1.4e+01 | -1.6e+05  -1.2e+05 | 3.0e+02 9.3e+01 4.0e+04 | 8.6e+01 6.3e-02 1.4e-01 
  1300 1.6e+01 | -1.6e+05  -1.2e+05 | 2.8e+02 8.7e+01 3.9e+04 | 8.2e+01 5.9e-02 1.4e-01 
  1400 1.7e+01 | -1.6e+05  -1.2e+05 | 2.7e+02 8.2e+01 3.8e+04 | 7.7e+01 5.6e-02 1.3e-01 
  1500 1.8e+01 | -1.6e+05  -1.2e+05 | 2.6e+02 7.9e+01 3.6e+04 | 7.4e+01 5.4e-02 1.3e-01 
  1600 1.9e+01 | -1.6e+05  -1.2e+05 | 2.4e+02 8.1e+01 3.6e+04 | 7.0e+01 5.5e-02 1.3e-01 
  1700 2.0e+01 | -1.5e+05  -1.2e+05 | 2.3e+02 8.4e+01 3.5e+04 | 6.6e+01 5.7e-02 1.3e-01 
  1800 2.1e+01 | -1.5e+05  -1.2e+05 | 2.1e+02 8.6e+01 3.5e+04 | 6.2e+01 5.8e-02 1.3e-01 
  1900 2.2e+01 | -1.5e+05  -1.2e+05 | 2.0e+02 8.6e+01 3.4e+04 | 5.9e+01 5.8e-02 1.3e-01 
  2000 2.3e+01 | -1.5e+05  -1.2e+05 | 1.9e+02 8.6e+01 3.3e+04 | 5.6e+01 5.8e-02 1.2e-01 
  2100 2.4e+01 | -1.5e+05  -1.1e+05 | 1.8e+02 8.5e+01 3.2e+04 | 5.3e+01 5.8e-02 1.2e-01 
  2200 2.5e+01 | -1.5e+05  -1.1e+05 | 1.7e+02 8.4e+01 3.1e+04 | 5.0e+01 5.7e-02 1.2e-01 
  2300 2.7e+01 | -1.4e+05  -1.1e+05 | 1.7e+02 8.8e+01 3.0e+04 | 4.8e+01 6.0e-02 1.2e-01 
  2400 2.8e+01 | -1.4e+05  -1.1e+05 | 1.6e+02 9.2e+01 3.0e+04 | 4.6e+01 6.3e-02 1.2e-01 
  2500 2.9e+01 | -1.4e+05  -1.1e+05 | 1.5e+02 9.5e+01 2.9e+04 | 4.3e+01 6.5e-02 1.2e-01 
  2600 3.0e+01 | -1.4e+05  -1.1e+05 | 1.4e+02 9.8e+01 2.9e+04 | 4.1e+01 6.6e-02 1.1e-01 
  2700 3.1e+01 | -1.4e+05  -1.1e+05 | 1.3e+02 9.9e+01 2.8e+04 | 3.9e+01 6.7e-02 1.1e-01 
  2800 3.2e+01 | -1.4e+05  -1.1e+05 | 1.3e+02 9.9e+01 2.7e+04 | 3.7e+01 6.8e-02 1.1e-01 
  2900 3.3e+01 | -1.3e+05  -1.1e+05 | 1.2e+02 9.9e+01 2.6e+04 | 3.5e+01 6.7e-02 1.1e-01 
  3000 3.4e+01 | -1.3e+05  -1.1e+05 | 1.1e+02 9.7e+01 2.5e+04 | 3.3e+01 6.6e-02 1.0e-01 
  3100 3.5e+01 | -1.3e+05  -1.1e+05 | 1.1e+02 9.4e+01 2.5e+04 | 3.1e+01 6.4e-02 1.0e-01 
  3200 3.6e+01 | -1.3e+05  -1.1e+05 | 1.0e+02 9.2e+01 2.4e+04 | 3.0e+01 6.3e-02 9.9e-02 
  3300 3.8e+01 | -1.3e+05  -1.1e+05 | 9.9e+01 9.0e+01 2.3e+04 | 2.9e+01 6.1e-02 9.7e-02 
  3400 3.9e+01 | -1.3e+05  -1.1e+05 | 9.5e+01 8.7e+01 2.3e+04 | 2.7e+01 5.9e-02 9.4e-02 
  3500 4.0e+01 | -1.3e+05  -1.1e+05 | 9.1e+01 8.4e+01 2.2e+04 | 2.6e+01 5.7e-02 9.2e-02 
  3600 4.1e+01 | -1.3e+05  -1.1e+05 | 8.7e+01 8.1e+01 2.1e+04 | 2.5e+01 5.5e-02 9.0e-02 
  3700 4.2e+01 | -1.3e+05  -1.1e+05 | 8.5e+01 8.1e+01 2.1e+04 | 2.5e+01 5.5e-02 8.7e-02 
  3800 4.3e+01 | -1.3e+05  -1.1e+05 | 8.2e+01 8.0e+01 2.0e+04 | 2.4e+01 5.5e-02 8.5e-02 
  3900 4.4e+01 | -1.3e+05  -1.1e+05 | 7.8e+01 8.0e+01 2.0e+04 | 2.3e+01 5.5e-02 8.4e-02 
  4000 4.5e+01 | -1.3e+05  -1.1e+05 | 7.5e+01 8.0e+01 1.9e+04 | 2.2e+01 5.4e-02 8.2e-02 
  4100 4.6e+01 | -1.3e+05  -1.1e+05 | 7.1e+01 8.0e+01 1.9e+04 | 2.1e+01 5.4e-02 8.0e-02 
  4200 4.8e+01 | -1.3e+05  -1.1e+05 | 6.8e+01 7.9e+01 1.8e+04 | 2.0e+01 5.4e-02 7.7e-02 
  4300 4.9e+01 | -1.2e+05  -1.1e+05 | 6.5e+01 7.8e+01 1.7e+04 | 1.9e+01 5.3e-02 7.5e-02 
  4400 5.0e+01 | -1.2e+05  -1.1e+05 | 6.2e+01 7.7e+01 1.7e+04 | 1.8e+01 5.2e-02 7.3e-02 
  4500 5.1e+01 | -1.2e+05  -1.1e+05 | 6.0e+01 7.6e+01 1.6e+04 | 1.7e+01 5.2e-02 7.1e-02 
  4600 5.2e+01 | -1.2e+05  -1.1e+05 | 5.7e+01 7.6e+01 1.6e+04 | 1.7e+01 5.2e-02 6.9e-02 
  4700 5.3e+01 | -1.2e+05  -1.1e+05 | 5.5e+01 7.5e+01 1.5e+04 | 1.6e+01 5.1e-02 6.7e-02 
  4800 5.4e+01 | -1.2e+05  -1.1e+05 | 5.3e+01 7.4e+01 1.5e+04 | 1.5e+01 5.0e-02 6.5e-02 
  4900 5.5e+01 | -1.2e+05  -1.1e+05 | 5.1e+01 7.2e+01 1.4e+04 | 1.5e+01 4.9e-02 6.3e-02 
  5000 5.6e+01 | -1.2e+05  -1.1e+05 | 4.9e+01 7.1e+01 1.4e+04 | 1.4e+01 4.8e-02 6.2e-02 
  5100 5.7e+01 | -1.2e+05  -1.1e+05 | 4.8e+01 7.0e+01 1.4e+04 | 1.4e+01 4.8e-02 6.0e-02 
  5200 5.9e+01 | -1.2e+05  -1.1e+05 | 4.6e+01 6.9e+01 1.3e+04 | 1.3e+01 4.7e-02 5.9e-02 
  5300 6.0e+01 | -1.2e+05  -1.1e+05 | 4.5e+01 6.7e+01 1.3e+04 | 1.3e+01 4.6e-02 5.7e-02 
  5400 6.1e+01 | -1.2e+05  -1.1e+05 | 4.3e+01 6.6e+01 1.3e+04 | 1.2e+01 4.5e-02 5.6e-02 
  5500 6.2e+01 | -1.2e+05  -1.1e+05 | 4.2e+01 6.5e+01 1.2e+04 | 1.2e+01 4.4e-02 5.4e-02 
  5600 6.3e+01 | -1.2e+05  -1.1e+05 | 4.0e+01 6.4e+01 1.2e+04 | 1.2e+01 4.3e-02 5.3e-02 
  5700 6.4e+01 | -1.2e+05  -1.1e+05 | 3.9e+01 6.3e+01 1.2e+04 | 1.1e+01 4.3e-02 5.2e-02 
  5800 6.5e+01 | -1.2e+05  -1.1e+05 | 3.8e+01 6.2e+01 1.2e+04 | 1.1e+01 4.2e-02 5.1e-02 
  5900 6.6e+01 | -1.2e+05  -1.1e+05 | 3.7e+01 6.1e+01 1.1e+04 | 1.1e+01 4.1e-02 4.9e-02 
  6000 6.7e+01 | -1.2e+05  -1.1e+05 | 3.6e+01 6.0e+01 1.1e+04 | 1.0e+01 4.1e-02 4.7e-02 
  6100 6.9e+01 | -1.2e+05  -1.1e+05 | 3.5e+01 5.9e+01 1.0e+04 | 1.0e+01 4.1e-02 4.6e-02 
  6200 7.0e+01 | -1.2e+05  -1.1e+05 | 3.4e+01 5.9e+01 1.0e+04 | 9.8e+00 4.0e-02 4.5e-02 
  6300 7.1e+01 | -1.2e+05  -1.1e+05 | 3.3e+01 5.8e+01 9.8e+03 | 9.5e+00 4.0e-02 4.3e-02 
  6400 7.2e+01 | -1.2e+05  -1.1e+05 | 3.2e+01 5.7e+01 9.5e+03 | 9.2e+00 3.9e-02 4.2e-02 
  6500 7.3e+01 | -1.2e+05  -1.1e+05 | 3.1e+01 5.6e+01 9.3e+03 | 9.0e+00 3.8e-02 4.1e-02 
  6600 7.4e+01 | -1.2e+05  -1.1e+05 | 3.0e+01 5.6e+01 9.0e+03 | 8.7e+00 3.8e-02 4.0e-02 
  6700 7.5e+01 | -1.2e+05  -1.1e+05 | 2.9e+01 5.5e+01 8.7e+03 | 8.5e+00 3.7e-02 3.9e-02 
  6800 7.6e+01 | -1.2e+05  -1.1e+05 | 2.8e+01 5.4e+01 8.5e+03 | 8.2e+00 3.7e-02 3.8e-02 
  6900 7.7e+01 | -1.2e+05  -1.1e+05 | 2.8e+01 5.3e+01 8.4e+03 | 8.0e+00 3.6e-02 3.7e-02 
  7000 7.8e+01 | -1.2e+05  -1.1e+05 | 2.7e+01 5.2e+01 8.2e+03 | 7.8e+00 3.6e-02 3.6e-02 
  7100 8.0e+01 | -1.2e+05  -1.1e+05 | 2.6e+01 5.2e+01 8.0e+03 | 7.6e+00 3.5e-02 3.6e-02 
  7200 8.1e+01 | -1.2e+05  -1.1e+05 | 2.5e+01 5.1e+01 7.9e+03 | 7.4e+00 3.5e-02 3.5e-02 
  7300 8.2e+01 | -1.2e+05  -1.1e+05 | 2.5e+01 5.0e+01 7.7e+03 | 7.2e+00 3.4e-02 3.4e-02 
  7400 8.3e+01 | -1.2e+05  -1.1e+05 | 2.4e+01 4.9e+01 7.6e+03 | 7.0e+00 3.3e-02 3.4e-02 
  7500 8.4e+01 | -1.2e+05  -1.1e+05 | 2.3e+01 4.8e+01 7.5e+03 | 6.8e+00 3.3e-02 3.3e-02 
  7600 8.5e+01 | -1.2e+05  -1.1e+05 | 2.3e+01 4.8e+01 7.4e+03 | 6.6e+00 3.2e-02 3.3e-02 
  7700 8.6e+01 | -1.2e+05  -1.1e+05 | 2.2e+01 4.7e+01 7.3e+03 | 6.4e+00 3.2e-02 3.2e-02 
  7800 8.7e+01 | -1.2e+05  -1.1e+05 | 2.2e+01 4.6e+01 7.2e+03 | 6.3e+00 3.2e-02 3.2e-02 
  7900 8.8e+01 | -1.2e+05  -1.1e+05 | 2.1e+01 4.6e+01 7.1e+03 | 6.1e+00 3.1e-02 3.2e-02 
  8000 8.9e+01 | -1.2e+05  -1.1e+05 | 2.1e+01 4.5e+01 7.0e+03 | 6.0e+00 3.1e-02 3.1e-02 
  8100 9.1e+01 | -1.2e+05  -1.1e+05 | 2.0e+01 4.4e+01 7.0e+03 | 5.8e+00 3.0e-02 3.1e-02 
  8200 9.2e+01 | -1.2e+05  -1.1e+05 | 2.0e+01 4.4e+01 6.9e+03 | 5.7e+00 3.0e-02 3.0e-02 
  8300 9.3e+01 | -1.2e+05  -1.1e+05 | 1.9e+01 4.3e+01 6.8e+03 | 5.6e+00 2.9e-02 3.0e-02 
  8400 9.4e+01 | -1.2e+05  -1.1e+05 | 1.9e+01 4.3e+01 6.7e+03 | 5.5e+00 2.9e-02 3.0e-02 
  8500 9.5e+01 | -1.2e+05  -1.1e+05 | 1.8e+01 4.2e+01 6.7e+03 | 5.3e+00 2.9e-02 2.9e-02 
  8600 9.6e+01 | -1.2e+05  -1.1e+05 | 1.8e+01 4.2e+01 6.6e+03 | 5.2e+00 2.8e-02 2.9e-02 
  8700 9.7e+01 | -1.2e+05  -1.1e+05 | 1.8e+01 4.1e+01 6.5e+03 | 5.1e+00 2.8e-02 2.9e-02 
  8800 9.8e+01 | -1.2e+05  -1.1e+05 | 1.7e+01 4.0e+01 6.5e+03 | 5.0e+00 2.8e-02 2.9e-02 
  8900 9.9e+01 | -1.2e+05  -1.1e+05 | 1.7e+01 4.0e+01 6.4e+03 | 4.9e+00 2.7e-02 2.8e-02 
  9000 1.0e+02 | -1.2e+05  -1.1e+05 | 1.6e+01 4.0e+01 6.4e+03 | 4.8e+00 2.7e-02 2.8e-02 
  9100 1.0e+02 | -1.2e+05  -1.1e+05 | 1.6e+01 3.9e+01 6.4e+03 | 4.7e+00 2.7e-02 2.8e-02 
  9200 1.0e+02 | -1.2e+05  -1.1e+05 | 1.6e+01 3.9e+01 6.3e+03 | 4.6e+00 2.7e-02 2.8e-02 
  9300 1.0e+02 | -1.2e+05  -1.1e+05 | 1.6e+01 3.8e+01 6.1e+03 | 4.5e+00 2.6e-02 2.7e-02 
  9400 1.0e+02 | -1.2e+05  -1.1e+05 | 1.5e+01 3.8e+01 5.9e+03 | 4.5e+00 2.6e-02 2.6e-02 
  9500 1.1e+02 | -1.2e+05  -1.1e+05 | 1.5e+01 3.7e+01 5.7e+03 | 4.4e+00 2.5e-02 2.5e-02 
  9600 1.1e+02 | -1.2e+05  -1.1e+05 | 1.5e+01 3.6e+01 5.6e+03 | 4.4e+00 2.5e-02 2.5e-02 
  9700 1.1e+02 | -1.2e+05  -1.1e+05 | 1.5e+01 3.6e+01 5.5e+03 | 4.3e+00 2.4e-02 2.4e-02 
  9800 1.1e+02 | -1.2e+05  -1.1e+05 | 1.5e+01 3.5e+01 5.3e+03 | 4.3e+00 2.4e-02 2.4e-02 
  9900 1.1e+02 | -1.2e+05  -1.1e+05 | 1.5e+01 3.5e+01 5.2e+03 | 4.3e+00 2.4e-02 2.3e-02 
 10000 1.1e+02 | -1.2e+05  -1.1e+05 | 1.5e+01 3.4e+01 5.1e+03 | 4.2e+00 2.3e-02 2.3e-02 
 11000 1.2e+02 | -1.2e+05  -1.1e+05 | 1.2e+01 2.9e+01 4.5e+03 | 3.6e+00 2.0e-02 2.0e-02 
 12000 1.3e+02 | -1.2e+05  -1.1e+05 | 1.1e+01 2.6e+01 3.7e+03 | 3.1e+00 1.8e-02 1.6e-02 
 13000 1.4e+02 | -1.2e+05  -1.1e+05 | 9.8e+00 2.4e+01 3.6e+03 | 2.8e+00 1.6e-02 1.6e-02 
 14000 1.6e+02 | -1.2e+05  -1.1e+05 | 9.1e+00 2.2e+01 3.4e+03 | 2.6e+00 1.5e-02 1.5e-02 
 15000 1.7e+02 | -1.2e+05  -1.1e+05 | 1.1e+01 1.9e+01 2.4e+03 | 3.3e+00 1.3e-02 1.0e-02 
 16000 1.8e+02 | -1.2e+05  -1.1e+05 | 1.2e+01 1.6e+01 1.9e+03 | 3.4e+00 1.1e-02 8.1e-03 
 17000 1.9e+02 | -1.2e+05  -1.2e+05 | 1.1e+01 1.3e+01 1.7e+03 | 3.2e+00 9.1e-03 7.5e-03 
 18000 2.0e+02 | -1.2e+05  -1.2e+05 | 1.0e+01 1.1e+01 1.7e+03 | 3.0e+00 7.8e-03 7.1e-03 
 19000 2.1e+02 | -1.2e+05  -1.2e+05 | 1.0e+01 9.8e+00 1.5e+03 | 2.9e+00 6.6e-03 6.6e-03 
 20000 2.2e+02 | -1.2e+05  -1.2e+05 | 9.4e+00 8.4e+00 1.4e+03 | 2.7e+00 5.7e-03 5.8e-03 
---------------------------------------------------------------------------------------
Solution Summary
  Status             : ITERATION_LIMIT
  Solve time         : 219 sec
  Iterations         : 20000
  Primal objective   : -117551.2461
  Dual objective     : -116185.9202
  Objective gap      : 5.841e-03
  Primal infeas      : 2.712e+00
  Dual infeas        : 5.704e-03

### exit_code=0
### finished=2026-06-28T20:31:21.159251
### gpu_peak_mb=49036.4
### gpu_peak2_mb=0.0
### per_gpu_peak_mb=[49036.375]
