### solver=cuopt-base
### instance=/home/scratch.vmostovoi_gpu/datasets/big_lp/C5_baseline_sanitized.mps
### n_gpus=1
### CUDA_VISIBLE_DEVICES=0
### started=2026-06-19T20:43:27.621514
### argv=/home/scratch.vmostovoi_gpu/mostovoi_cuopt/cpp/build/cuopt_cli --use-distributed-pdlp false --mps-reader fast --method 1 --presolve 0 --pdlp-disable-graph false --iteration-limit 5000 --time-limit 1e9 --absolute-primal-tolerance 1e-30 --relative-primal-tolerance 1e-30 --absolute-dual-tolerance 1e-30 --relative-dual-tolerance 1e-30 --absolute-gap-tolerance 1e-30 --relative-gap-tolerance 1e-30 --log-to-console true /home/scratch.vmostovoi_gpu/datasets/big_lp/C5_baseline_sanitized.mps
### --- solver output ---
Setting parameter absolute_dual_tolerance to 1.000000e-30
Setting parameter absolute_gap_tolerance to 1.000000e-30
Setting parameter absolute_primal_tolerance to 1.000000e-30
Setting parameter iteration_limit to 5000
Setting parameter log_to_console to true
Setting parameter method to 1
Setting parameter pdlp_disable_graph to false
Setting parameter presolve to 0
Setting parameter relative_dual_tolerance to 1.000000e-30
Setting parameter relative_gap_tolerance to 1.000000e-30
Setting parameter relative_primal_tolerance to 1.000000e-30
Setting parameter time_limit to 1.000000e+09
Setting parameter use_distributed_pdlp to false
Reading file C5_baseline_sanitized.mps
Using experimental fast MPS parser for '/home/scratch.vmostovoi_gpu/datasets/big_lp/C5_baseline_sanitized.mps'
Read file C5_baseline_sanitized.mps in 20.76 seconds
cuOpt version: 26.8.0, git hash: 5e62e9ba, host arch: x86_64, device archs: 100a-real
CPU: INTEL(R) XEON(R) PLATINUM 8570, threads (physical/logical): 112/224, RAM: 1924.81 GiB
CUDA 13.3, device: NVIDIA B200 (ID 0), VRAM: 178.34 GiB
CUDA device UUID: bc954a02-44c5-9c8e-1c8c-bedd7499c834

Solving a problem with 20649941 constraints, 133005495 variables (0 integers), and 279633807 nonzeros
Problem scaling:
Objective coefficents range:          [1e-02, 8e+03]
Constraint matrix coefficients range: [5e-07, 4e+05]
Constraint rhs / bounds range:        [1e-02, 7e+07]
Variable bounds range:                [0e+00, 6e+07]
Warning: input problem contains a large range of coefficients: consider reformulating to avoid numerical difficulties.

Objective offset 0.000000 scaling_factor 1.000000
   Iter    Primal Obj.      Dual Obj.    Gap        Primal Res.  Dual Res.   Time
      0 +0.00000000e+00 +0.00000000e+00  0.00e+00   2.78e+08     3.20e+06   18.271s
   1000 -8.70485502e+09 +1.99681685e+12  2.01e+12   8.44e+06     7.88e+03   24.099s
   2000 +1.17356208e+10 -2.20285696e+10  3.38e+10   5.91e+06     2.88e+03   28.999s
   3000 +1.60688617e+10 -1.80517509e+11  1.97e+11   3.54e+06     2.54e+03   33.899s
   4000 +1.91523634e+10 -7.34409569e+10  9.26e+10   2.31e+06     1.53e+03   38.799s
   5000 +2.18677056e+10 +9.18695140e+07  2.18e+10   1.57e+06     1.07e+03   43.693s
PDLP finished
Status: Iteration Limit   Objective: 2.18677056e+10  Iterations: 5000  Time: 46.205s

### exit_code=0
### finished=2026-06-19T20:44:45.683771
### gpu_peak_mb=68255.1
### gpu_peak2_mb=0.0
### per_gpu_peak_mb=[68255.0625]
