### solver=cuopt-base
### instance=/home/scratch.vmostovoi_gpu/datasets/big_lp/google/heat-source-easy.mps
### n_gpus=1
### CUDA_VISIBLE_DEVICES=0
### started=2026-06-19T20:48:47.071874
### argv=/home/scratch.vmostovoi_gpu/mostovoi_cuopt/cpp/build/cuopt_cli --use-distributed-pdlp false --mps-reader fast --method 1 --presolve 0 --pdlp-disable-graph false --iteration-limit 5000 --time-limit 1e9 --absolute-primal-tolerance 1e-30 --relative-primal-tolerance 1e-30 --absolute-dual-tolerance 1e-30 --relative-dual-tolerance 1e-30 --absolute-gap-tolerance 1e-30 --relative-gap-tolerance 1e-30 --log-to-console true /home/scratch.vmostovoi_gpu/datasets/big_lp/google/heat-source-easy.mps
### --- solver output ---
Setting parameter absolute_dual_tolerance to 1.000000e-30
Setting parameter absolute_gap_tolerance to 1.000000e-30
Setting parameter absolute_primal_tolerance to 1.000000e-30
Setting parameter iteration_limit to 5000
Setting parameter log_to_console to true
Setting parameter method to 1
Setting parameter pdlp_disable_graph to false
Setting parameter presolve to 0
Setting parameter relative_dual_tolerance to 1.000000e-30
Setting parameter relative_gap_tolerance to 1.000000e-30
Setting parameter relative_primal_tolerance to 1.000000e-30
Setting parameter time_limit to 1.000000e+09
Setting parameter use_distributed_pdlp to false
Reading file heat-source-easy.mps
Using experimental fast MPS parser for '/home/scratch.vmostovoi_gpu/datasets/big_lp/google/heat-source-easy.mps'
Read file heat-source-easy.mps in 7.15 seconds
cuOpt version: 26.8.0, git hash: 5e62e9ba, host arch: x86_64, device archs: 100a-real
CPU: INTEL(R) XEON(R) PLATINUM 8570, threads (physical/logical): 112/224, RAM: 1937.51 GiB
CUDA 13.3, device: NVIDIA B200 (ID 0), VRAM: 178.34 GiB
CUDA device UUID: bc954a02-44c5-9c8e-1c8c-bedd7499c834

Solving a problem with 15625000 constraints, 31628008 variables (0 integers), and 125000000 nonzeros
Problem scaling:
Objective coefficents range:          [1e+00, 1e+00]
Constraint matrix coefficients range: [1e+00, 4e+05]
Constraint rhs / bounds range:        [0e+00, 0e+00]
Variable bounds range:                [2e-06, 1e+00]

Objective offset 0.000000 scaling_factor 1.000000
   Iter    Primal Obj.      Dual Obj.    Gap        Primal Res.  Dual Res.   Time
      0 +0.00000000e+00 +0.00000000e+00  0.00e+00   0.00e+00     3.95e+03   10.478s
   1000 +8.63801593e+06 +3.07707767e+14  3.08e+14   1.82e+05     1.07e+12   12.654s
   2000 +1.89640127e+07 +5.39132441e+14  5.39e+14   1.11e+05     1.58e+12   14.516s
   3000 +3.24231385e+07 +5.53071485e+14  5.53e+14   7.70e+04     1.59e+12   16.379s
   4000 +4.82070890e+07 +4.27959009e+14  4.28e+14   1.10e+05     1.28e+12   18.241s
   5000 +6.61804888e+07 +2.60862251e+14  2.61e+14   1.76e+05     8.24e+11   20.102s
PDLP finished
Status: Iteration Limit   Objective: 6.61804888e+07  Iterations: 5000  Time: 20.866s

### exit_code=0
### finished=2026-06-19T20:49:19.808897
### gpu_peak_mb=23871.1
### gpu_peak2_mb=0.0
### per_gpu_peak_mb=[23871.0625]
