### solver=cuopt-base
### instance=/home/scratch.vmostovoi_gpu/datasets/big_lp/psr_100.mps
### n_gpus=1
### CUDA_VISIBLE_DEVICES=0
### started=2026-06-19T20:35:53.824461
### argv=/home/scratch.vmostovoi_gpu/mostovoi_cuopt/cpp/build/cuopt_cli --use-distributed-pdlp false --mps-reader fast --method 1 --presolve 0 --pdlp-disable-graph false --iteration-limit 5000 --time-limit 1e9 --absolute-primal-tolerance 1e-30 --relative-primal-tolerance 1e-30 --absolute-dual-tolerance 1e-30 --relative-dual-tolerance 1e-30 --absolute-gap-tolerance 1e-30 --relative-gap-tolerance 1e-30 --log-to-console true /home/scratch.vmostovoi_gpu/datasets/big_lp/psr_100.mps
### --- solver output ---
Setting parameter absolute_dual_tolerance to 1.000000e-30
Setting parameter absolute_gap_tolerance to 1.000000e-30
Setting parameter absolute_primal_tolerance to 1.000000e-30
Setting parameter iteration_limit to 5000
Setting parameter log_to_console to true
Setting parameter method to 1
Setting parameter pdlp_disable_graph to false
Setting parameter presolve to 0
Setting parameter relative_dual_tolerance to 1.000000e-30
Setting parameter relative_gap_tolerance to 1.000000e-30
Setting parameter relative_primal_tolerance to 1.000000e-30
Setting parameter time_limit to 1.000000e+09
Setting parameter use_distributed_pdlp to false
Reading file psr_100.mps
Using experimental fast MPS parser for '/home/scratch.vmostovoi_gpu/datasets/big_lp/psr_100.mps'
Read file psr_100.mps in 76.82 seconds
cuOpt version: 26.8.0, git hash: 5e62e9ba, host arch: x86_64, device archs: 100a-real
CPU: INTEL(R) XEON(R) PLATINUM 8570, threads (physical/logical): 112/224, RAM: 1883.02 GiB
CUDA 13.3, device: NVIDIA B200 (ID 0), VRAM: 178.34 GiB
CUDA device UUID: bc954a02-44c5-9c8e-1c8c-bedd7499c834

Solving a problem with 234509018 constraints, 303096179 variables (0 integers), and 857252872 nonzeros
Problem scaling:
Objective coefficents range:          [5e-04, 3e+06]
Constraint matrix coefficients range: [1e-03, 7e+01]
Constraint rhs / bounds range:        [1e-05, 7e+07]
Variable bounds range:                [0e+00, 1e+08]
Warning: input problem contains a large range of coefficients: consider reformulating to avoid numerical difficulties.

Objective offset 0.000000 scaling_factor 1.000000
   Iter    Primal Obj.      Dual Obj.    Gap        Primal Res.  Dual Res.   Time
      0 +0.00000000e+00 +0.00000000e+00  0.00e+00   1.09e+09     1.76e+07   28.356s
   1000 +6.22375359e+11 +9.79783826e+14  9.79e+14   3.36e+07     1.46e+05   47.124s
   2000 +7.18543466e+11 +5.63211005e+14  5.62e+14   2.43e+07     1.13e+05   63.110s
   3000 +8.05123980e+11 +3.09601920e+14  3.09e+14   2.08e+07     6.96e+04   79.113s
   4000 +8.87792455e+11 +1.49213754e+14  1.48e+14   1.68e+07     5.82e+04   95.116s
   5000 +9.60898377e+11 +6.01780183e+13  5.92e+13   1.42e+07     4.33e+04   111.105s
Error in solve_lp: std::bad_alloc: out_of_memory: CUDA error (failed to allocate 1876072144 bytes) at: /tmp/conda-bld-output/bld/rattler-build_librmm/work/cpp/src/mr/cuda_async_view_memory_resource.cpp:43: cudaErrorMemoryAllocation out of memory

### exit_code=0
### finished=2026-06-19T20:39:45.304543
### gpu_peak_mb=183327.1
### gpu_peak2_mb=0.0
### per_gpu_peak_mb=[183327.0625]
