### solver=cuopt-distributed
### instance=/home/scratch.cmaes_sw/hans_lps/rail02.original.mps
### n_gpus=8
### CUDA_VISIBLE_DEVICES=0,1,2,3,4,5,6,7
### started=2026-08-09T19:20:58.367604
### argv=/home/scratch.vmostovoi_gpu/mostovoi_cuopt/cpp/build/cuopt_cli --method 1 --mps-reader experimental-fast --time-limit 3600 --iteration-limit 1000000000 --relative-primal-tolerance 1e-4 --relative-dual-tolerance 1e-4 --relative-gap-tolerance 1e-4 --log-to-console true --num-gpus 8 /home/scratch.cmaes_sw/hans_lps/rail02.original.mps
### --- solver output ---
Setting parameter iteration_limit to 1000000000
Setting parameter log_to_console to true
Setting parameter method to 1
Setting parameter num_gpus to 8
Setting parameter relative_dual_tolerance to 1.000000e-04
Setting parameter relative_gap_tolerance to 1.000000e-04
Setting parameter relative_primal_tolerance to 1.000000e-04
Setting parameter time_limit to 3.600000e+03
Reading file rail02.original.mps
Using experimental fast MPS parser for '/home/scratch.cmaes_sw/hans_lps/rail02.original.mps'
Read file rail02.original.mps in 0.47 seconds
cuOpt version: 26.10.0, git hash: f3ebc673, host arch: x86_64, device archs: 100a-real
CPU: INTEL(R) XEON(R) PLATINUM 8570, threads (physical/logical): 112/224, RAM (available/total): 1570.38 / 2015.54 GiB
CUDA 13.3, device: NVIDIA B200 (ID 0), VRAM: 178.34 GiB
CUDA device UUID: 681a378c-9967-0edf-3943-b009e5595378
CUDA 13.3, device: NVIDIA B200 (ID 1), VRAM: 178.34 GiB
CUDA device UUID: f362e9ae-1176-2fdc-bc5f-44f36e3f008b
CUDA 13.3, device: NVIDIA B200 (ID 2), VRAM: 178.34 GiB
CUDA device UUID: 12fd6dd7-3383-bd42-35f5-31ce1246a7b2
CUDA 13.3, device: NVIDIA B200 (ID 3), VRAM: 178.34 GiB
CUDA device UUID: bf38f101-598c-c6a6-4396-7a12a540e9b0
CUDA 13.3, device: NVIDIA B200 (ID 4), VRAM: 178.34 GiB
CUDA device UUID: 18e03214-c1f8-c0cc-2376-566dd06569da
CUDA 13.3, device: NVIDIA B200 (ID 5), VRAM: 178.34 GiB
CUDA device UUID: a614b617-6398-7625-f7e1-08fd2ec48ca6
CUDA 13.3, device: NVIDIA B200 (ID 6), VRAM: 178.34 GiB
CUDA device UUID: 30d73ef0-1aa5-e1c9-bd4a-2c000df06cde
CUDA 13.3, device: NVIDIA B200 (ID 7), VRAM: 178.34 GiB
CUDA device UUID: 303952f7-5df8-2cb3-91d7-e18ea6249e44
Solving a problem with 95791 constraints, 270869 variables (0 integers), and 756228 nonzeros
Using PSLP presolver
PSLP Presolved problem: 58378 constraints, 197691 variables, 609114 non-zeros
PSLP presolve time: 0.09s
Solving with distributed PDLP on 8 GPUs.
NCCL version 2.30.7+cuda13.3
      0 +0.00000000e+00 +0.00000000e+00  0.00e+00   6.40e+00     2.14e+02   5.660s
   1000 -3.44272839e+02 -3.13265345e+02  3.10e+01   1.84e-01     1.07e+00   6.030s
   2000 -3.23158893e+02 -2.70638357e+02  5.25e+01   1.40e-01     2.05e+00   6.217s
   3000 -2.98312817e+02 -2.19694238e+02  7.86e+01   1.10e-01     4.21e+00   6.404s
   4000 -2.53467368e+02 -2.04853174e+02  4.86e+01   5.48e-02     6.21e+00   6.595s
   5000 -2.20098284e+02 -1.95023089e+02  2.51e+01   2.42e-02     4.52e+00   6.784s
   6000 -2.11128062e+02 -1.97839933e+02  1.33e+01   1.59e-02     2.60e+00   6.976s
   7000 -2.06536626e+02 -1.99407368e+02  7.13e+00   1.22e-02     1.78e+00   7.163s
   8000 -2.05898711e+02 -1.98532949e+02  7.37e+00   9.57e-03     1.34e+00   7.349s
   9000 -2.06291346e+02 -1.98411626e+02  7.88e+00   8.18e-03     1.20e+00   7.536s
  10000 -2.06375040e+02 -1.99372552e+02  7.00e+00   7.36e-03     9.94e-01   7.726s
  11000 -2.06490590e+02 -1.99542097e+02  6.95e+00   6.05e-03     9.17e-01   7.914s
  12000 -2.06462170e+02 -1.99935721e+02  6.53e+00   5.17e-03     7.85e-01   8.117s
  13000 -2.06441119e+02 -2.00338662e+02  6.10e+00   4.83e-03     6.80e-01   8.315s
  14000 -2.06486400e+02 -2.00708576e+02  5.78e+00   4.27e-03     5.87e-01   8.518s
  15000 -2.06496549e+02 -2.01713223e+02  4.78e+00   4.12e-03     5.00e-01   8.714s
  16000 -2.06383735e+02 -2.01939429e+02  4.44e+00   3.61e-03     4.61e-01   8.903s
  17000 -2.06294669e+02 -2.02286656e+02  4.01e+00   3.19e-03     4.23e-01   9.093s
  18000 -2.06076387e+02 -2.02689310e+02  3.39e+00   2.87e-03     3.88e-01   9.289s
  19000 -2.06021861e+02 -2.02860740e+02  3.16e+00   2.55e-03     3.47e-01   9.487s
  20000 -2.06081576e+02 -2.03170043e+02  2.91e+00   1.99e-03     3.25e-01   9.676s
  21000 -2.06132921e+02 -2.03294333e+02  2.84e+00   1.63e-03     2.93e-01   9.863s
  22000 -2.06041268e+02 -2.03491880e+02  2.55e+00   1.67e-03     2.73e-01   10.051s
  23000 -2.06116958e+02 -2.04127771e+02  1.99e+00   3.91e-03     2.24e-01   10.241s
  24000 -2.06394272e+02 -2.04733307e+02  1.66e+00   3.88e-03     1.73e-01   10.427s
  25000 -2.06354579e+02 -2.04998855e+02  1.36e+00   3.11e-03     1.46e-01   10.613s
  26000 -2.06412982e+02 -2.05133809e+02  1.28e+00   2.43e-03     1.30e-01   10.802s
  27000 -2.06422602e+02 -2.05203980e+02  1.22e+00   2.32e-03     1.22e-01   10.989s
  28000 -2.06481133e+02 -2.05266884e+02  1.21e+00   2.72e-03     1.16e-01   11.179s
  29000 -2.06488912e+02 -2.05364330e+02  1.12e+00   2.67e-03     1.07e-01   11.367s
  30000 -2.06518578e+02 -2.05457412e+02  1.06e+00   2.63e-03     1.02e-01   11.554s
  31000 -2.06558663e+02 -2.05506864e+02  1.05e+00   2.49e-03     9.63e-02   11.741s
  32000 -2.06562858e+02 -2.05565425e+02  9.97e-01   2.41e-03     9.28e-02   11.929s
  33000 -2.06594928e+02 -2.05606041e+02  9.89e-01   2.28e-03     8.91e-02   12.118s
  34000 -2.06625149e+02 -2.05666186e+02  9.59e-01   2.15e-03     8.43e-02   12.310s
  35000 -2.06615122e+02 -2.05693658e+02  9.21e-01   2.08e-03     8.24e-02   12.513s
  36000 -2.06729453e+02 -2.05955067e+02  7.74e-01   3.44e-03     6.93e-02   12.724s
  37000 -2.06719887e+02 -2.06105551e+02  6.14e-01   3.56e-03     5.59e-02   12.934s
  38000 -2.06677682e+02 -2.06180298e+02  4.97e-01   3.38e-03     4.86e-02   13.149s
  39000 -2.06696997e+02 -2.06229859e+02  4.67e-01   3.60e-03     4.32e-02   13.370s
  40000 -2.06685939e+02 -2.06261909e+02  4.24e-01   3.15e-03     4.00e-02   13.583s
  41000 -2.06686385e+02 -2.06308142e+02  3.78e-01   3.14e-03     3.56e-02   13.776s
  42000 -2.06702155e+02 -2.06344609e+02  3.58e-01   2.95e-03     3.15e-02   13.964s
  43000 -2.06710594e+02 -2.06360575e+02  3.50e-01   2.57e-03     2.89e-02   14.156s
  44000 -2.06668483e+02 -2.06379169e+02  2.89e-01   2.03e-03     2.72e-02   14.356s
  45000 -2.06679140e+02 -2.06388183e+02  2.91e-01   1.72e-03     2.60e-02   14.543s
  46000 -2.06666431e+02 -2.06397900e+02  2.69e-01   1.81e-03     2.54e-02   14.727s
  47000 -2.06695159e+02 -2.06405927e+02  2.89e-01   1.84e-03     2.34e-02   14.911s
  48000 -2.06724663e+02 -2.06466192e+02  2.58e-01   2.96e-03     1.94e-02   15.100s
  49000 -2.06750362e+02 -2.06489210e+02  2.61e-01   3.01e-03     1.76e-02   15.288s
  50000 -2.06780592e+02 -2.06511766e+02  2.69e-01   3.31e-03     1.62e-02   15.475s
  51000 -2.06760586e+02 -2.06518938e+02  2.42e-01   3.25e-03     1.54e-02   15.662s
  52000 -2.06750550e+02 -2.06548576e+02  2.02e-01   3.61e-03     1.20e-02   15.851s
  53000 -2.06783045e+02 -2.06573323e+02  2.10e-01   3.64e-03     8.24e-03   16.037s
  54000 -2.06745178e+02 -2.06582653e+02  1.63e-01   3.46e-03     7.48e-03   16.225s
  55000 -2.06721757e+02 -2.06589496e+02  1.32e-01   2.85e-03     6.82e-03   16.414s
  56000 -2.06735863e+02 -2.06595434e+02  1.40e-01   2.38e-03     6.42e-03   16.603s
  57000 -2.06701892e+02 -2.06598315e+02  1.04e-01   1.95e-03     6.24e-03   16.790s
  58000 -2.06688717e+02 -2.06600382e+02  8.83e-02   1.77e-03     5.59e-03   16.978s
  59000 -2.06689636e+02 -2.06602075e+02  8.76e-02   1.67e-03     5.23e-03   17.168s
  60000 -2.06685185e+02 -2.06602928e+02  8.23e-02   1.71e-03     4.93e-03   17.363s
  61000 -2.06670044e+02 -2.06603293e+02  6.68e-02   1.66e-03     4.71e-03   17.550s
  62000 -2.06682763e+02 -2.06605627e+02  7.71e-02   1.78e-03     4.41e-03   17.737s
  63000 -2.06675366e+02 -2.06608549e+02  6.68e-02   1.62e-03     4.24e-03   17.921s
  64000 -2.06685055e+02 -2.06609201e+02  7.59e-02   1.59e-03     4.14e-03   18.109s
  65000 -2.06688372e+02 -2.06607642e+02  8.07e-02   1.53e-03     4.01e-03   18.305s
  66000 -2.06688753e+02 -2.06621040e+02  6.77e-02   1.62e-03     3.33e-03   18.501s
  67000 -2.06680474e+02 -2.06623636e+02  5.68e-02   1.68e-03     2.75e-03   18.685s
  68000 -2.06676674e+02 -2.06625660e+02  5.10e-02   1.65e-03     2.58e-03   18.871s
  69000 -2.06675004e+02 -2.06626961e+02  4.80e-02   1.60e-03     2.49e-03   19.057s
  69800 -2.06666498e+02 -2.06627313e+02  3.92e-02   1.54e-03     2.39e-03   19.206s
LP Solver status:                Optimal
Primal objective:                -2.06666498e+02
Dual objective:                  -2.06627313e+02
Duality gap (abs/rel):           +3.92e-02 / +9.46e-05
Primal infeasibility (abs/rel):  +1.54e-03 / +2.96e-05
Dual infeasibility (abs/rel):    +2.39e-03 / +1.11e-05
PDLP finished
Status: Optimal   Objective: -2.06666498e+02  Iterations: 69800  Time: 19.225s

### exit_code=0
### finished=2026-08-09T19:21:26.830745
### gpu_peak_mb=5274.4
### gpu_peak2_mb=5210.4
### per_gpu_peak_mb=[5274.375, 5210.375, 5210.375, 5210.375, 5210.375, 5210.375, 5210.375, 5210.375]
