### solver=dpdlp
### instance=/home/scratch.vmostovoi_gpu/datasets/big_lp/google/mediterranean-shipping.mps
### n_gpus=2
### CUDA_VISIBLE_DEVICES=0,1
### started=2026-06-28T19:55:37.719774
### argv=/home/scratch.vmostovoi_gpu/.conda/envs/dpdlp/bin/mpirun -n 2 /home/scratch.vmostovoi_gpu/D-PDLP/build/cupdlpx-dist /home/scratch.vmostovoi_gpu/datasets/big_lp/google/mediterranean-shipping.mps /home/scratch.vmostovoi_gpu/scaling_bench/runs/dpdlp/mediterranean-shipping__N2 --iter_limit 20000 --time_limit 1e9 --eps_opt 1e-30 --eps_feas 1e-30 --eps_infeas_detect 1e-30 --verbose --no_presolve
### --- solver output ---
Rank 0: Loading MPS file '/home/scratch.vmostovoi_gpu/datasets/big_lp/google/mediterranean-shipping.mps'...
[Auto-Grid] Decided grid shape: 1 x 2 for 2 processes.
[Timer] Permuting LP Problem took 18.996 seconds.
---------------------------------------------------------------------------------------
                                     D-PDLP                                                
             A First-Order LP Solver Powered by Multiple GPU System                        
                              (c) Hongpei Li, 2026                                           
                          Contact: ishongpeili@gmail.com                                      
                                                                                           
   Based on cuPDLPx by Haihao Lu, MIT (2025): https://github.com/MIT-Lu-Lab/cuPDLPx  
---------------------------------------------------------------------------------------
problem: 7490593 rows, 208479461 columns, 628927462 nonzeros
settings:
  iter_limit         : 20000
  time_limit         : 1000000000.00 sec
  eps_opt            : 1.0e-30
  eps_feas           : 1.0e-30
  eps_infeas_detect  : 1.0e-30
------------------------------ Distributed Configuration ------------------------------
   Grid Size         : 1 x 2 (Rows x Cols)
  Partition Method   : NNZ Balance
  Permute Method     : Block Random (Block-wise Random shuffle)
---------------------------------------------------------------------------------------

[Timer] Data Distribution (Bcast -> Partition) took 38.384 seconds.
---------------------------------------------------------------------------------------
   runtime     |     objective      |   absolute residuals    |   relative residuals    
  iter   time  |  pr obj    du obj  |  pr res  du res   gap   |  pr res  du res   gap   
---------------------------------------------------------------------------------------
     0 5.4e-03 |  0.0e+00   0.0e+00 | 0.0e+00 2.4e+03 0.0e+00 | 0.0e+00 1.0e+00 0.0e+00 
    10 6.2e-02 | -5.3e+00   0.0e+00 | 3.1e-01 5.1e+01 5.3e+00 | 1.1e-01 2.1e-02 8.4e-01 
    20 1.2e-01 | -8.3e+00   0.0e+00 | 3.8e-01 1.0e+02 8.3e+00 | 1.4e-01 4.2e-02 8.9e-01 
    30 1.7e-01 | -8.7e+00   0.0e+00 | 3.4e-01 1.0e+02 8.7e+00 | 1.2e-01 4.4e-02 9.0e-01 
    40 2.3e-01 | -8.1e+00   0.0e+00 | 2.5e-01 9.7e+01 8.1e+00 | 9.1e-02 4.1e-02 8.9e-01 
    50 2.8e-01 | -7.6e+00   0.0e+00 | 1.8e-01 8.5e+01 7.6e+00 | 6.5e-02 3.5e-02 8.8e-01 
    60 3.4e-01 | -7.7e+00   0.0e+00 | 1.4e-01 7.7e+01 7.7e+00 | 5.2e-02 3.2e-02 8.9e-01 
    70 3.9e-01 | -8.5e+00   0.0e+00 | 1.3e-01 7.3e+01 8.5e+00 | 4.7e-02 3.1e-02 8.9e-01 
    80 4.5e-01 | -9.4e+00   0.0e+00 | 1.2e-01 7.1e+01 9.4e+00 | 4.4e-02 3.0e-02 9.0e-01 
    90 5.0e-01 | -1.0e+01   0.0e+00 | 1.1e-01 7.2e+01 1.0e+01 | 4.1e-02 3.0e-02 9.1e-01 
   100 5.6e-01 | -1.1e+01   0.0e+00 | 1.1e-01 7.3e+01 1.1e+01 | 3.8e-02 3.0e-02 9.2e-01 
   110 6.1e-01 | -1.1e+01   0.0e+00 | 9.3e-02 7.2e+01 1.1e+01 | 3.4e-02 3.0e-02 9.2e-01 
   120 6.7e-01 | -1.2e+01   0.0e+00 | 8.6e-02 7.1e+01 1.2e+01 | 3.2e-02 3.0e-02 9.2e-01 
   130 7.2e-01 | -1.2e+01   0.0e+00 | 8.4e-02 7.0e+01 1.2e+01 | 3.1e-02 2.9e-02 9.3e-01 
   140 7.8e-01 | -1.3e+01   0.0e+00 | 8.5e-02 7.1e+01 1.3e+01 | 3.1e-02 3.0e-02 9.3e-01 
   150 8.3e-01 | -1.4e+01   0.0e+00 | 8.8e-02 7.1e+01 1.4e+01 | 3.2e-02 3.0e-02 9.3e-01 
   160 8.9e-01 | -1.5e+01   0.0e+00 | 9.1e-02 7.0e+01 1.5e+01 | 3.3e-02 2.9e-02 9.4e-01 
   170 9.4e-01 | -1.5e+01   0.0e+00 | 9.1e-02 6.9e+01 1.5e+01 | 3.3e-02 2.9e-02 9.4e-01 
   180 1.0e+00 | -1.6e+01   0.0e+00 | 9.1e-02 6.8e+01 1.6e+01 | 3.3e-02 2.8e-02 9.4e-01 
   190 1.1e+00 | -1.7e+01   0.0e+00 | 8.9e-02 6.7e+01 1.7e+01 | 3.3e-02 2.8e-02 9.4e-01 
   200 1.1e+00 | -1.7e+01   0.0e+00 | 8.7e-02 6.6e+01 1.7e+01 | 3.2e-02 2.8e-02 9.4e-01 
   210 1.2e+00 | -1.9e+01   0.0e+00 | 9.2e-02 6.7e+01 1.9e+01 | 3.4e-02 2.8e-02 9.5e-01 
   220 1.2e+00 | -2.1e+01   0.0e+00 | 9.9e-02 6.6e+01 2.1e+01 | 3.6e-02 2.8e-02 9.5e-01 
   230 1.3e+00 | -2.2e+01   0.0e+00 | 1.0e-01 6.5e+01 2.2e+01 | 3.8e-02 2.7e-02 9.6e-01 
   240 1.3e+00 | -2.4e+01   0.0e+00 | 1.1e-01 6.5e+01 2.4e+01 | 4.0e-02 2.7e-02 9.6e-01 
   250 1.4e+00 | -2.6e+01   0.0e+00 | 1.1e-01 6.5e+01 2.6e+01 | 4.1e-02 2.7e-02 9.6e-01 
   260 1.5e+00 | -2.8e+01   0.0e+00 | 1.2e-01 6.4e+01 2.8e+01 | 4.3e-02 2.7e-02 9.7e-01 
   270 1.5e+00 | -3.0e+01   0.0e+00 | 1.2e-01 6.4e+01 3.0e+01 | 4.4e-02 2.7e-02 9.7e-01 
   280 1.6e+00 | -3.2e+01   0.0e+00 | 1.3e-01 6.4e+01 3.2e+01 | 4.6e-02 2.7e-02 9.7e-01 
   290 1.6e+00 | -3.4e+01   0.0e+00 | 1.3e-01 6.3e+01 3.4e+01 | 4.8e-02 2.6e-02 9.7e-01 
   300 1.7e+00 | -3.6e+01   0.0e+00 | 1.4e-01 6.3e+01 3.6e+01 | 5.0e-02 2.6e-02 9.7e-01 
   310 1.7e+00 | -3.7e+01   0.0e+00 | 1.4e-01 6.3e+01 3.7e+01 | 5.2e-02 2.6e-02 9.7e-01 
   320 1.8e+00 | -3.9e+01   0.0e+00 | 1.5e-01 6.2e+01 3.9e+01 | 5.4e-02 2.6e-02 9.8e-01 
   330 1.8e+00 | -4.1e+01   0.0e+00 | 1.5e-01 6.2e+01 4.1e+01 | 5.6e-02 2.6e-02 9.8e-01 
   340 1.9e+00 | -4.3e+01   0.0e+00 | 1.6e-01 6.1e+01 4.3e+01 | 5.7e-02 2.6e-02 9.8e-01 
   350 2.0e+00 | -4.5e+01   0.0e+00 | 1.6e-01 6.1e+01 4.5e+01 | 5.9e-02 2.5e-02 9.8e-01 
   360 2.0e+00 | -4.7e+01   0.0e+00 | 1.6e-01 6.0e+01 4.7e+01 | 6.0e-02 2.5e-02 9.8e-01 
   370 2.1e+00 | -4.8e+01   0.0e+00 | 1.7e-01 6.0e+01 4.8e+01 | 6.2e-02 2.5e-02 9.8e-01 
   380 2.1e+00 | -5.0e+01   0.0e+00 | 1.7e-01 6.0e+01 5.0e+01 | 6.3e-02 2.5e-02 9.8e-01 
   390 2.2e+00 | -5.2e+01   0.0e+00 | 1.8e-01 5.9e+01 5.2e+01 | 6.5e-02 2.5e-02 9.8e-01 
   400 2.2e+00 | -5.4e+01   0.0e+00 | 1.8e-01 5.8e+01 5.4e+01 | 6.6e-02 2.4e-02 9.8e-01 
   410 2.3e+00 | -5.9e+01   0.0e+00 | 2.0e-01 5.8e+01 5.9e+01 | 7.2e-02 2.4e-02 9.8e-01 
   420 2.4e+00 | -6.5e+01   0.0e+00 | 2.1e-01 5.8e+01 6.5e+01 | 7.9e-02 2.4e-02 9.8e-01 
   430 2.4e+00 | -7.1e+01   0.0e+00 | 2.3e-01 5.8e+01 7.1e+01 | 8.5e-02 2.4e-02 9.9e-01 
   440 2.5e+00 | -7.7e+01   0.0e+00 | 2.5e-01 5.8e+01 7.7e+01 | 9.1e-02 2.4e-02 9.9e-01 
   450 2.5e+00 | -8.2e+01   0.0e+00 | 2.6e-01 5.8e+01 8.2e+01 | 9.7e-02 2.4e-02 9.9e-01 
   460 2.6e+00 | -8.8e+01   0.0e+00 | 2.8e-01 5.8e+01 8.8e+01 | 1.0e-01 2.4e-02 9.9e-01 
   470 2.6e+00 | -9.4e+01   0.0e+00 | 3.0e-01 5.7e+01 9.4e+01 | 1.1e-01 2.4e-02 9.9e-01 
   480 2.7e+00 | -1.0e+02   0.0e+00 | 3.1e-01 5.7e+01 1.0e+02 | 1.1e-01 2.4e-02 9.9e-01 
   490 2.7e+00 | -1.1e+02   0.0e+00 | 3.3e-01 5.7e+01 1.1e+02 | 1.2e-01 2.4e-02 9.9e-01 
   500 2.8e+00 | -1.1e+02   0.0e+00 | 3.4e-01 5.7e+01 1.1e+02 | 1.2e-01 2.4e-02 9.9e-01 
   510 2.9e+00 | -1.2e+02   0.0e+00 | 3.6e-01 5.6e+01 1.2e+02 | 1.3e-01 2.4e-02 9.9e-01 
   520 2.9e+00 | -1.2e+02   0.0e+00 | 3.7e-01 5.6e+01 1.2e+02 | 1.4e-01 2.3e-02 9.9e-01 
   530 3.0e+00 | -1.3e+02   0.0e+00 | 3.8e-01 5.6e+01 1.3e+02 | 1.4e-01 2.3e-02 9.9e-01 
   540 3.0e+00 | -1.3e+02   0.0e+00 | 4.0e-01 5.6e+01 1.3e+02 | 1.4e-01 2.3e-02 9.9e-01 
   550 3.1e+00 | -1.4e+02   0.0e+00 | 4.1e-01 5.5e+01 1.4e+02 | 1.5e-01 2.3e-02 9.9e-01 
   560 3.1e+00 | -1.4e+02   0.0e+00 | 4.2e-01 5.5e+01 1.4e+02 | 1.5e-01 2.3e-02 9.9e-01 
   570 3.2e+00 | -1.5e+02   0.0e+00 | 4.3e-01 5.5e+01 1.5e+02 | 1.6e-01 2.3e-02 9.9e-01 
   580 3.2e+00 | -1.6e+02   0.0e+00 | 4.5e-01 5.4e+01 1.6e+02 | 1.6e-01 2.3e-02 9.9e-01 
   590 3.3e+00 | -1.6e+02   0.0e+00 | 4.6e-01 5.4e+01 1.6e+02 | 1.7e-01 2.3e-02 9.9e-01 
   600 3.4e+00 | -1.7e+02   0.0e+00 | 4.7e-01 5.4e+01 1.7e+02 | 1.7e-01 2.2e-02 9.9e-01 
   610 3.4e+00 | -1.7e+02   0.0e+00 | 4.8e-01 5.3e+01 1.7e+02 | 1.8e-01 2.2e-02 9.9e-01 
   620 3.5e+00 | -1.8e+02   0.0e+00 | 4.9e-01 5.3e+01 1.8e+02 | 1.8e-01 2.2e-02 9.9e-01 
   630 3.5e+00 | -1.8e+02   0.0e+00 | 5.0e-01 5.3e+01 1.8e+02 | 1.8e-01 2.2e-02 9.9e-01 
   640 3.6e+00 | -1.9e+02   0.0e+00 | 5.1e-01 5.2e+01 1.9e+02 | 1.9e-01 2.2e-02 9.9e-01 
   650 3.6e+00 | -1.9e+02   0.0e+00 | 5.2e-01 5.2e+01 1.9e+02 | 1.9e-01 2.2e-02 9.9e-01 
   660 3.7e+00 | -2.0e+02   0.0e+00 | 5.3e-01 5.2e+01 2.0e+02 | 1.9e-01 2.2e-02 9.9e-01 
   670 3.7e+00 | -2.0e+02   0.0e+00 | 5.4e-01 5.1e+01 2.0e+02 | 2.0e-01 2.1e-02 1.0e+00 
   680 3.8e+00 | -2.1e+02   0.0e+00 | 5.5e-01 5.1e+01 2.1e+02 | 2.0e-01 2.1e-02 1.0e+00 
   690 3.9e+00 | -2.1e+02   0.0e+00 | 5.6e-01 5.1e+01 2.1e+02 | 2.0e-01 2.1e-02 1.0e+00 
   700 3.9e+00 | -2.2e+02   0.0e+00 | 5.6e-01 5.0e+01 2.2e+02 | 2.1e-01 2.1e-02 1.0e+00 
   710 4.0e+00 | -2.2e+02   0.0e+00 | 5.7e-01 5.0e+01 2.2e+02 | 2.1e-01 2.1e-02 1.0e+00 
   720 4.0e+00 | -2.2e+02   0.0e+00 | 5.8e-01 5.0e+01 2.2e+02 | 2.1e-01 2.1e-02 1.0e+00 
   730 4.1e+00 | -2.3e+02   0.0e+00 | 5.9e-01 4.9e+01 2.3e+02 | 2.1e-01 2.1e-02 1.0e+00 
   740 4.1e+00 | -2.3e+02   0.0e+00 | 5.9e-01 4.9e+01 2.3e+02 | 2.2e-01 2.1e-02 1.0e+00 
   750 4.2e+00 | -2.4e+02   0.0e+00 | 6.0e-01 4.9e+01 2.4e+02 | 2.2e-01 2.0e-02 1.0e+00 
   760 4.2e+00 | -2.4e+02   0.0e+00 | 6.1e-01 4.8e+01 2.4e+02 | 2.2e-01 2.0e-02 1.0e+00 
   770 4.3e+00 | -2.5e+02   0.0e+00 | 6.1e-01 4.8e+01 2.5e+02 | 2.2e-01 2.0e-02 1.0e+00 
   780 4.3e+00 | -2.5e+02   0.0e+00 | 6.2e-01 4.8e+01 2.5e+02 | 2.3e-01 2.0e-02 1.0e+00 
   790 4.4e+00 | -2.5e+02   0.0e+00 | 6.3e-01 4.8e+01 2.5e+02 | 2.3e-01 2.0e-02 1.0e+00 
   800 4.5e+00 | -2.6e+02   0.0e+00 | 6.3e-01 4.7e+01 2.6e+02 | 2.3e-01 2.0e-02 1.0e+00 
   810 4.5e+00 | -2.7e+02   0.0e+00 | 6.7e-01 4.7e+01 2.7e+02 | 2.4e-01 2.0e-02 1.0e+00 
   820 4.6e+00 | -2.8e+02   0.0e+00 | 7.1e-01 4.7e+01 2.8e+02 | 2.6e-01 2.0e-02 1.0e+00 
   830 4.6e+00 | -2.9e+02   0.0e+00 | 7.5e-01 4.7e+01 2.9e+02 | 2.7e-01 2.0e-02 1.0e+00 
   840 4.7e+00 | -3.1e+02   0.0e+00 | 7.8e-01 4.7e+01 3.1e+02 | 2.9e-01 2.0e-02 1.0e+00 
   850 4.7e+00 | -3.2e+02   0.0e+00 | 8.1e-01 4.7e+01 3.2e+02 | 3.0e-01 2.0e-02 1.0e+00 
   860 4.8e+00 | -3.3e+02   0.0e+00 | 8.5e-01 4.7e+01 3.3e+02 | 3.1e-01 2.0e-02 1.0e+00 
   870 4.9e+00 | -3.5e+02   0.0e+00 | 8.8e-01 4.7e+01 3.5e+02 | 3.2e-01 2.0e-02 1.0e+00 
   880 4.9e+00 | -3.6e+02   0.0e+00 | 9.1e-01 4.7e+01 3.6e+02 | 3.3e-01 2.0e-02 1.0e+00 
   890 5.0e+00 | -3.7e+02   0.0e+00 | 9.4e-01 4.7e+01 3.7e+02 | 3.4e-01 1.9e-02 1.0e+00 
   900 5.0e+00 | -3.8e+02   0.0e+00 | 9.7e-01 4.7e+01 3.8e+02 | 3.6e-01 1.9e-02 1.0e+00 
   910 5.1e+00 | -4.0e+02   0.0e+00 | 1.0e+00 4.6e+01 4.0e+02 | 3.7e-01 1.9e-02 1.0e+00 
   920 5.1e+00 | -4.1e+02   0.0e+00 | 1.0e+00 4.6e+01 4.1e+02 | 3.8e-01 1.9e-02 1.0e+00 
   930 5.2e+00 | -4.2e+02   0.0e+00 | 1.1e+00 4.6e+01 4.2e+02 | 3.9e-01 1.9e-02 1.0e+00 
   940 5.2e+00 | -4.3e+02   0.0e+00 | 1.1e+00 4.6e+01 4.3e+02 | 4.0e-01 1.9e-02 1.0e+00 
   950 5.3e+00 | -4.5e+02   0.0e+00 | 1.1e+00 4.6e+01 4.5e+02 | 4.1e-01 1.9e-02 1.0e+00 
   960 5.4e+00 | -4.6e+02   0.0e+00 | 1.1e+00 4.6e+01 4.6e+02 | 4.1e-01 1.9e-02 1.0e+00 
   970 5.4e+00 | -4.7e+02   0.0e+00 | 1.2e+00 4.6e+01 4.7e+02 | 4.2e-01 1.9e-02 1.0e+00 
   980 5.5e+00 | -4.8e+02   0.0e+00 | 1.2e+00 4.6e+01 4.8e+02 | 4.3e-01 1.9e-02 1.0e+00 
   990 5.5e+00 | -4.9e+02   0.0e+00 | 1.2e+00 4.6e+01 4.9e+02 | 4.4e-01 1.9e-02 1.0e+00 
  1000 5.6e+00 | -5.1e+02   0.0e+00 | 1.2e+00 4.6e+01 5.1e+02 | 4.5e-01 1.9e-02 1.0e+00 
  1100 6.1e+00 | -6.2e+02   0.0e+00 | 1.4e+00 4.4e+01 6.2e+02 | 5.3e-01 1.9e-02 1.0e+00 
  1200 6.6e+00 | -7.3e+02   0.0e+00 | 1.6e+00 4.4e+01 7.3e+02 | 5.9e-01 1.8e-02 1.0e+00 
  1300 7.1e+00 | -8.3e+02   0.0e+00 | 1.7e+00 4.3e+01 8.3e+02 | 6.4e-01 1.8e-02 1.0e+00 
  1400 7.6e+00 | -9.3e+02   0.0e+00 | 1.9e+00 4.2e+01 9.3e+02 | 6.8e-01 1.8e-02 1.0e+00 
  1500 8.1e+00 | -1.2e+03  -4.5e+02 | 3.3e+00 2.3e+01 7.2e+02 | 1.2e+00 9.6e-03 4.5e-01 
  1600 8.6e+00 | -1.3e+03  -6.6e+02 | 3.2e+00 1.5e+01 6.0e+02 | 1.2e+00 6.4e-03 3.1e-01 
  1700 9.1e+00 | -1.3e+03  -8.4e+02 | 3.2e+00 1.2e+01 4.5e+02 | 1.2e+00 4.9e-03 2.1e-01 
  1800 9.6e+00 | -1.3e+03  -9.0e+02 | 3.1e+00 8.6e+00 4.1e+02 | 1.1e+00 3.6e-03 1.8e-01 
  1900 1.0e+01 | -1.3e+03  -9.7e+02 | 2.9e+00 6.9e+00 3.6e+02 | 1.1e+00 2.9e-03 1.6e-01 
  2000 1.1e+01 | -1.3e+03  -9.8e+02 | 2.8e+00 5.8e+00 3.6e+02 | 1.0e+00 2.4e-03 1.5e-01 
  2100 1.1e+01 | -1.3e+03  -1.0e+03 | 2.8e+00 5.2e+00 3.3e+02 | 1.0e+00 2.2e-03 1.4e-01 
  2200 1.2e+01 | -1.3e+03  -1.0e+03 | 2.7e+00 4.4e+00 2.9e+02 | 9.8e-01 1.8e-03 1.2e-01 
  2300 1.2e+01 | -1.3e+03  -1.2e+03 | 2.9e+00 3.0e+00 1.8e+02 | 1.1e+00 1.2e-03 7.1e-02 
  2400 1.3e+01 | -1.3e+03  -1.2e+03 | 2.9e+00 2.6e+00 1.8e+02 | 1.1e+00 1.1e-03 7.1e-02 
  2500 1.3e+01 | -1.4e+03  -1.2e+03 | 2.9e+00 2.3e+00 1.8e+02 | 1.1e+00 9.7e-04 7.1e-02 
  2600 1.4e+01 | -1.4e+03  -1.2e+03 | 2.8e+00 2.0e+00 1.8e+02 | 1.0e+00 8.4e-04 7.0e-02 
  2700 1.4e+01 | -1.4e+03  -1.2e+03 | 2.8e+00 1.8e+00 1.7e+02 | 1.0e+00 7.4e-04 6.8e-02 
  2800 1.5e+01 | -1.4e+03  -1.2e+03 | 2.7e+00 1.5e+00 1.7e+02 | 9.9e-01 6.5e-04 6.8e-02 
  2900 1.5e+01 | -1.4e+03  -1.2e+03 | 2.6e+00 1.4e+00 1.7e+02 | 9.7e-01 5.8e-04 6.7e-02 
  3000 1.6e+01 | -1.4e+03  -1.2e+03 | 2.6e+00 1.3e+00 1.7e+02 | 9.5e-01 5.2e-04 6.8e-02 
  3100 1.6e+01 | -1.3e+03  -1.2e+03 | 2.5e+00 1.2e+00 1.7e+02 | 9.3e-01 4.8e-04 6.7e-02 
  3200 1.7e+01 | -1.3e+03  -1.2e+03 | 2.5e+00 1.1e+00 1.7e+02 | 9.2e-01 4.6e-04 6.7e-02 
  3300 1.7e+01 | -1.3e+03  -1.2e+03 | 2.5e+00 9.8e-01 1.7e+02 | 9.0e-01 4.1e-04 6.6e-02 
  3400 1.8e+01 | -1.3e+03  -1.2e+03 | 2.4e+00 9.2e-01 1.7e+02 | 8.8e-01 3.9e-04 6.6e-02 
  3500 1.8e+01 | -1.3e+03  -1.2e+03 | 2.4e+00 8.7e-01 1.6e+02 | 8.7e-01 3.7e-04 6.6e-02 
  3600 1.9e+01 | -1.3e+03  -1.2e+03 | 2.3e+00 8.2e-01 1.6e+02 | 8.5e-01 3.4e-04 6.6e-02 
  3700 1.9e+01 | -1.3e+03  -1.2e+03 | 2.3e+00 9.5e-01 1.6e+02 | 8.3e-01 4.0e-04 6.4e-02 
  3800 2.0e+01 | -1.3e+03  -1.2e+03 | 2.2e+00 1.1e+00 1.6e+02 | 8.1e-01 4.7e-04 6.5e-02 
  3900 2.0e+01 | -1.3e+03  -1.2e+03 | 2.1e+00 1.3e+00 1.6e+02 | 7.9e-01 5.4e-04 6.5e-02 
  4000 2.1e+01 | -1.3e+03  -1.2e+03 | 2.1e+00 1.4e+00 1.6e+02 | 7.6e-01 6.0e-04 6.5e-02 
  4100 2.1e+01 | -1.3e+03  -1.2e+03 | 2.0e+00 1.6e+00 1.6e+02 | 7.4e-01 6.5e-04 6.6e-02 
  4200 2.2e+01 | -1.3e+03  -1.2e+03 | 2.0e+00 1.6e+00 1.6e+02 | 7.2e-01 6.8e-04 6.6e-02 
  4300 2.2e+01 | -1.3e+03  -1.2e+03 | 1.9e+00 1.6e+00 1.6e+02 | 7.0e-01 6.8e-04 6.5e-02 
  4400 2.3e+01 | -1.3e+03  -1.1e+03 | 1.9e+00 1.6e+00 1.6e+02 | 6.8e-01 6.9e-04 6.5e-02 
  4500 2.3e+01 | -1.3e+03  -1.1e+03 | 1.8e+00 1.6e+00 1.6e+02 | 6.7e-01 6.9e-04 6.5e-02 
  4600 2.4e+01 | -1.3e+03  -1.1e+03 | 1.8e+00 1.6e+00 1.6e+02 | 6.5e-01 6.8e-04 6.5e-02 
  4700 2.4e+01 | -1.3e+03  -1.1e+03 | 1.7e+00 1.6e+00 1.6e+02 | 6.4e-01 6.8e-04 6.5e-02 
  4800 2.5e+01 | -1.3e+03  -1.1e+03 | 1.7e+00 1.6e+00 1.6e+02 | 6.3e-01 6.8e-04 6.5e-02 
  4900 2.5e+01 | -1.3e+03  -1.1e+03 | 1.7e+00 1.6e+00 1.6e+02 | 6.2e-01 6.7e-04 6.4e-02 
  5000 2.6e+01 | -1.3e+03  -1.1e+03 | 1.7e+00 1.6e+00 1.5e+02 | 6.1e-01 6.5e-04 6.4e-02 
  5100 2.6e+01 | -1.3e+03  -1.1e+03 | 1.6e+00 1.5e+00 1.5e+02 | 6.0e-01 6.3e-04 6.4e-02 
  5200 2.7e+01 | -1.3e+03  -1.1e+03 | 1.6e+00 1.4e+00 1.5e+02 | 5.9e-01 6.0e-04 6.3e-02 
  5300 2.7e+01 | -1.3e+03  -1.1e+03 | 1.6e+00 1.4e+00 1.5e+02 | 5.8e-01 5.8e-04 6.3e-02 
  5400 2.8e+01 | -1.3e+03  -1.1e+03 | 1.6e+00 1.3e+00 1.5e+02 | 5.7e-01 5.6e-04 6.3e-02 
  5500 2.8e+01 | -1.3e+03  -1.1e+03 | 1.5e+00 1.3e+00 1.5e+02 | 5.6e-01 5.4e-04 6.2e-02 
  5600 2.9e+01 | -1.3e+03  -1.1e+03 | 1.5e+00 1.3e+00 1.5e+02 | 5.5e-01 5.3e-04 6.2e-02 
  5700 2.9e+01 | -1.3e+03  -1.1e+03 | 1.5e+00 1.2e+00 1.5e+02 | 5.4e-01 5.1e-04 6.2e-02 
  5800 3.0e+01 | -1.3e+03  -1.1e+03 | 1.5e+00 1.2e+00 1.5e+02 | 5.3e-01 5.1e-04 6.2e-02 
  5900 3.0e+01 | -1.3e+03  -1.1e+03 | 1.4e+00 2.1e+00 1.5e+02 | 5.2e-01 8.6e-04 6.3e-02 
  6000 3.1e+01 | -1.2e+03  -1.1e+03 | 1.4e+00 2.7e+00 1.5e+02 | 5.0e-01 1.1e-03 6.2e-02 
  6100 3.1e+01 | -1.2e+03  -1.1e+03 | 1.3e+00 3.5e+00 1.4e+02 | 4.7e-01 1.5e-03 6.0e-02 
  6200 3.2e+01 | -1.2e+03  -1.1e+03 | 1.2e+00 4.2e+00 1.3e+02 | 4.3e-01 1.8e-03 5.5e-02 
  6300 3.2e+01 | -1.2e+03  -1.1e+03 | 1.1e+00 4.8e+00 1.2e+02 | 4.0e-01 2.0e-03 5.0e-02 
  6400 3.3e+01 | -1.2e+03  -1.1e+03 | 9.8e-01 5.2e+00 1.1e+02 | 3.6e-01 2.2e-03 4.6e-02 
  6500 3.3e+01 | -1.2e+03  -1.1e+03 | 9.0e-01 5.6e+00 9.6e+01 | 3.3e-01 2.3e-03 4.2e-02 
  6600 3.4e+01 | -1.2e+03  -1.1e+03 | 8.3e-01 5.9e+00 8.6e+01 | 3.0e-01 2.5e-03 3.8e-02 
  6700 3.4e+01 | -1.2e+03  -1.1e+03 | 7.6e-01 6.2e+00 7.7e+01 | 2.8e-01 2.6e-03 3.4e-02 
  6800 3.5e+01 | -1.2e+03  -1.1e+03 | 7.0e-01 6.4e+00 6.9e+01 | 2.6e-01 2.7e-03 3.0e-02 
  6900 3.5e+01 | -1.1e+03  -1.1e+03 | 6.6e-01 6.6e+00 6.2e+01 | 2.4e-01 2.7e-03 2.8e-02 
  7000 3.6e+01 | -1.1e+03  -1.1e+03 | 6.1e-01 6.5e+00 5.5e+01 | 2.2e-01 2.7e-03 2.5e-02 
  7100 3.6e+01 | -1.1e+03  -1.1e+03 | 5.6e-01 6.5e+00 5.0e+01 | 2.0e-01 2.7e-03 2.2e-02 
  7200 3.7e+01 | -1.1e+03  -1.1e+03 | 5.2e-01 6.4e+00 4.5e+01 | 1.9e-01 2.7e-03 2.0e-02 
  7300 3.7e+01 | -1.1e+03  -1.1e+03 | 4.8e-01 6.2e+00 4.1e+01 | 1.8e-01 2.6e-03 1.8e-02 
  7400 3.8e+01 | -1.1e+03  -1.1e+03 | 4.5e-01 6.1e+00 3.7e+01 | 1.6e-01 2.5e-03 1.7e-02 
  7500 3.8e+01 | -1.1e+03  -1.1e+03 | 4.2e-01 5.9e+00 3.4e+01 | 1.5e-01 2.5e-03 1.5e-02 
  7600 3.9e+01 | -1.1e+03  -1.1e+03 | 3.9e-01 5.7e+00 3.1e+01 | 1.4e-01 2.4e-03 1.4e-02 
  7700 3.9e+01 | -1.1e+03  -1.1e+03 | 3.7e-01 5.4e+00 2.8e+01 | 1.4e-01 2.3e-03 1.3e-02 
  7800 4.0e+01 | -1.1e+03  -1.1e+03 | 3.6e-01 5.1e+00 2.6e+01 | 1.3e-01 2.1e-03 1.2e-02 
  7900 4.0e+01 | -1.1e+03  -1.1e+03 | 3.4e-01 4.8e+00 2.5e+01 | 1.3e-01 2.0e-03 1.1e-02 
  8000 4.1e+01 | -1.1e+03  -1.1e+03 | 3.3e-01 4.5e+00 2.4e+01 | 1.2e-01 1.9e-03 1.1e-02 
  8100 4.1e+01 | -1.1e+03  -1.1e+03 | 3.2e-01 4.2e+00 2.3e+01 | 1.2e-01 1.8e-03 1.1e-02 
  8200 4.2e+01 | -1.1e+03  -1.1e+03 | 3.1e-01 3.9e+00 2.2e+01 | 1.1e-01 1.6e-03 1.0e-02 
  8300 4.2e+01 | -1.1e+03  -1.1e+03 | 3.0e-01 3.6e+00 2.2e+01 | 1.1e-01 1.5e-03 9.9e-03 
  8400 4.3e+01 | -1.1e+03  -1.1e+03 | 2.9e-01 3.4e+00 2.1e+01 | 1.1e-01 1.4e-03 9.7e-03 
  8500 4.3e+01 | -1.1e+03  -1.1e+03 | 2.8e-01 3.1e+00 2.1e+01 | 1.0e-01 1.3e-03 9.5e-03 
  8600 4.4e+01 | -1.1e+03  -1.1e+03 | 2.8e-01 2.9e+00 2.0e+01 | 1.0e-01 1.2e-03 9.4e-03 
  8700 4.4e+01 | -1.1e+03  -1.1e+03 | 2.7e-01 2.8e+00 2.1e+01 | 1.0e-01 1.2e-03 9.4e-03 
  8800 4.5e+01 | -1.1e+03  -1.1e+03 | 2.7e-01 2.6e+00 2.0e+01 | 9.7e-02 1.1e-03 9.4e-03 
  8900 4.5e+01 | -1.1e+03  -1.1e+03 | 2.5e-01 2.5e+00 2.0e+01 | 9.3e-02 1.0e-03 9.4e-03 
  9000 4.6e+01 | -1.1e+03  -1.1e+03 | 2.5e-01 2.3e+00 2.0e+01 | 9.0e-02 9.8e-04 9.4e-03 
  9100 4.6e+01 | -1.1e+03  -1.1e+03 | 2.4e-01 2.2e+00 2.1e+01 | 8.7e-02 9.3e-04 9.5e-03 
  9200 4.7e+01 | -1.1e+03  -1.1e+03 | 2.3e-01 2.1e+00 2.1e+01 | 8.4e-02 8.9e-04 9.6e-03 
  9300 4.7e+01 | -1.1e+03  -1.1e+03 | 2.2e-01 2.1e+00 1.8e+01 | 8.0e-02 8.6e-04 8.4e-03 
  9400 4.8e+01 | -1.1e+03  -1.1e+03 | 2.1e-01 2.0e+00 1.6e+01 | 7.7e-02 8.5e-04 7.5e-03 
  9500 4.8e+01 | -1.1e+03  -1.1e+03 | 2.0e-01 2.0e+00 1.5e+01 | 7.5e-02 8.2e-04 7.0e-03 
  9600 4.9e+01 | -1.1e+03  -1.1e+03 | 2.0e-01 1.9e+00 1.4e+01 | 7.3e-02 7.9e-04 6.6e-03 
  9700 4.9e+01 | -1.1e+03  -1.1e+03 | 2.0e-01 1.8e+00 1.4e+01 | 7.1e-02 7.5e-04 6.3e-03 
  9800 5.0e+01 | -1.1e+03  -1.1e+03 | 1.9e-01 1.7e+00 1.3e+01 | 7.0e-02 7.2e-04 6.1e-03 
  9900 5.0e+01 | -1.1e+03  -1.1e+03 | 1.9e-01 1.7e+00 1.3e+01 | 6.9e-02 6.9e-04 5.9e-03 
 10000 5.1e+01 | -1.1e+03  -1.1e+03 | 1.8e-01 1.6e+00 1.3e+01 | 6.7e-02 6.6e-04 5.9e-03 
 11000 5.6e+01 | -1.1e+03  -1.1e+03 | 1.6e-01 1.3e+00 1.4e+01 | 5.9e-02 5.5e-04 6.6e-03 
 12000 6.1e+01 | -1.1e+03  -1.1e+03 | 1.4e-01 1.1e+00 1.3e+01 | 5.1e-02 4.7e-04 6.2e-03 
 13000 6.6e+01 | -1.1e+03  -1.1e+03 | 1.3e-01 9.5e-01 1.3e+01 | 4.6e-02 4.0e-04 6.2e-03 
 14000 7.1e+01 | -1.1e+03  -1.1e+03 | 1.1e-01 9.2e-01 1.2e+01 | 4.0e-02 3.9e-04 5.4e-03 
 15000 7.6e+01 | -1.1e+03  -1.1e+03 | 8.9e-02 8.3e-01 8.6e+00 | 3.3e-02 3.5e-04 4.0e-03 
 16000 8.1e+01 | -1.1e+03  -1.1e+03 | 7.6e-02 7.8e-01 8.3e+00 | 2.8e-02 3.3e-04 3.9e-03 
 17000 8.6e+01 | -1.1e+03  -1.1e+03 | 6.6e-02 8.0e-01 8.3e+00 | 2.4e-02 3.3e-04 3.9e-03 
 18000 9.1e+01 | -1.1e+03  -1.1e+03 | 5.8e-02 8.0e-01 7.8e+00 | 2.1e-02 3.3e-04 3.6e-03 
 19000 9.6e+01 | -1.1e+03  -1.1e+03 | 5.7e-02 8.0e-01 8.7e+00 | 2.1e-02 3.3e-04 4.1e-03 
 20000 1.0e+02 | -1.1e+03  -1.1e+03 | 4.9e-02 6.7e-01 8.9e+00 | 1.8e-02 2.8e-04 4.2e-03 
---------------------------------------------------------------------------------------
Solution Summary
  Status             : ITERATION_LIMIT
  Solve time         : 99.9 sec
  Iterations         : 20000
  Primal objective   : -1071.553919
  Dual objective     : -1062.642209
  Objective gap      : 4.174e-03
  Primal infeas      : 1.786e-02
  Dual infeas        : 2.791e-04

### exit_code=0
### finished=2026-06-28T20:05:24.126764
### gpu_peak_mb=24844.5
### gpu_peak2_mb=24222.4
### per_gpu_peak_mb=[24844.5, 24222.4375]
