### solver=dpdlp
### instance=/home/scratch.vmostovoi_gpu/datasets/big_lp/google/qap-tho-150.mps
### n_gpus=1
### CUDA_VISIBLE_DEVICES=0
### started=2026-06-28T20:02:33.672944
### argv=/home/scratch.vmostovoi_gpu/.conda/envs/dpdlp/bin/mpirun -n 1 /home/scratch.vmostovoi_gpu/D-PDLP/build/cupdlpx-dist /home/scratch.vmostovoi_gpu/datasets/big_lp/google/qap-tho-150.mps /home/scratch.vmostovoi_gpu/scaling_bench/runs/dpdlp/qap-tho-150__N1 --iter_limit 20000 --time_limit 1e9 --eps_opt 1e-30 --eps_feas 1e-30 --eps_infeas_detect 1e-30 --verbose --no_presolve
### --- solver output ---
Rank 0: Loading MPS file '/home/scratch.vmostovoi_gpu/datasets/big_lp/google/qap-tho-150.mps'...
[Auto-Grid] Decided grid shape: 1 x 1 for 1 processes.
[Timer] Permuting LP Problem took 33.263 seconds.
---------------------------------------------------------------------------------------
                                     D-PDLP                                                
             A First-Order LP Solver Powered by Multiple GPU System                        
                              (c) Hongpei Li, 2026                                           
                          Contact: ishongpeili@gmail.com                                      
                                                                                           
   Based on cuPDLPx by Haihao Lu, MIT (2025): https://github.com/MIT-Lu-Lab/cuPDLPx  
---------------------------------------------------------------------------------------
problem: 6705300 rows, 249783750 columns, 1005795000 nonzeros
settings:
  iter_limit         : 20000
  time_limit         : 1000000000.00 sec
  eps_opt            : 1.0e-30
  eps_feas           : 1.0e-30
  eps_infeas_detect  : 1.0e-30
------------------------------ Distributed Configuration ------------------------------
   Grid Size         : 1 x 1 (Rows x Cols)
  Partition Method   : NNZ Balance
  Permute Method     : Block Random (Block-wise Random shuffle)
---------------------------------------------------------------------------------------

[Timer] Data Distribution (Bcast -> Partition) took 54.055 seconds.
---------------------------------------------------------------------------------------
   runtime     |     objective      |   absolute residuals    |   relative residuals    
  iter   time  |  pr obj    du obj  |  pr res  du res   gap   |  pr res  du res   gap   
---------------------------------------------------------------------------------------
     0 2.1e-02 |  0.0e+00   0.0e+00 | 1.7e+01 1.0e+04 0.0e+00 | 9.5e-01 1.0e+00 0.0e+00 
    10 2.5e-01 |  7.5e+04   8.6e+07 | 1.3e+01 8.2e+07 8.6e+07 | 7.0e-01 7.9e+03 1.0e+00 
    20 4.7e-01 |  3.5e+06   9.5e+07 | 2.0e+00 8.8e+07 9.1e+07 | 1.1e-01 8.6e+03 9.3e-01 
    30 7.0e-01 |  5.1e+06   3.7e+07 | 3.2e+00 3.2e+07 3.2e+07 | 1.7e-01 3.1e+03 7.6e-01 
    40 9.2e-01 |  4.3e+06   5.4e+06 | 3.4e-01 8.6e+05 1.1e+06 | 1.8e-02 8.4e+01 1.2e-01 
    50 1.1e+00 |  3.6e+06   2.3e+07 | 2.4e+00 1.8e+07 1.9e+07 | 1.3e-01 1.7e+03 7.3e-01 
    60 1.4e+00 |  4.2e+06   3.4e+07 | 3.8e-01 2.8e+07 2.9e+07 | 2.1e-02 2.8e+03 7.8e-01 
    70 1.6e+00 |  4.7e+06   1.6e+07 | 1.3e+00 1.1e+07 1.1e+07 | 7.3e-02 1.1e+03 5.5e-01 
    80 1.8e+00 |  4.3e+06   5.1e+06 | 3.0e-01 6.1e+05 8.3e+05 | 1.6e-02 6.0e+01 8.8e-02 
    90 2.0e+00 |  4.0e+06   1.6e+07 | 1.3e+00 1.1e+07 1.2e+07 | 7.1e-02 1.1e+03 6.0e-01 
   100 2.3e+00 |  4.3e+06   2.2e+07 | 1.7e-01 1.7e+07 1.7e+07 | 9.1e-03 1.6e+03 6.6e-01 
   110 2.5e+00 |  4.6e+06   1.0e+07 | 8.3e-01 5.7e+06 5.8e+06 | 4.5e-02 5.6e+02 3.9e-01 
   120 2.7e+00 |  4.3e+06   5.2e+06 | 3.3e-01 7.1e+05 9.3e+05 | 1.8e-02 6.9e+01 9.8e-02 
   130 2.9e+00 |  4.1e+06   1.4e+07 | 8.7e-01 8.9e+06 9.5e+06 | 4.7e-02 8.7e+02 5.3e-01 
   140 3.2e+00 |  4.4e+06   1.6e+07 | 1.9e-01 1.2e+07 1.2e+07 | 1.0e-02 1.1e+03 5.8e-01 
   150 3.4e+00 |  4.5e+06   7.9e+06 | 5.7e-01 3.3e+06 3.4e+06 | 3.1e-02 3.3e+02 2.7e-01 
   160 3.6e+00 |  4.3e+06   5.4e+06 | 3.5e-01 8.9e+05 1.1e+06 | 1.9e-02 8.6e+01 1.1e-01 
   170 3.8e+00 |  4.2e+06   1.2e+07 | 6.2e-01 7.5e+06 8.0e+06 | 3.4e-02 7.3e+02 4.9e-01 
   180 4.1e+00 |  4.4e+06   1.3e+07 | 2.2e-01 8.6e+06 8.9e+06 | 1.2e-02 8.4e+02 5.0e-01 
   190 4.3e+00 |  4.5e+06   6.6e+06 | 4.1e-01 2.0e+06 2.1e+06 | 2.2e-02 2.0e+02 1.9e-01 
   200 4.6e+00 |  4.3e+06   6.0e+06 | 4.1e-01 1.5e+06 1.7e+06 | 2.2e-02 1.5e+02 1.7e-01 
   210 4.8e+00 |  4.6e+06   5.7e+06 | 5.9e-01 1.2e+06 1.1e+06 | 3.2e-02 1.2e+02 1.1e-01 
   220 5.0e+00 |  4.7e+06   4.7e+06 | 9.2e-01 2.9e+05 4.4e+04 | 5.0e-02 2.9e+01 4.7e-03 
   230 5.2e+00 |  4.5e+06   4.2e+06 | 4.2e-01 3.0e+05 3.4e+05 | 2.3e-02 2.9e+01 3.9e-02 
   240 5.5e+00 |  4.4e+06   4.4e+06 | 6.6e-02 1.6e+05 2.0e+04 | 3.6e-03 1.5e+01 2.3e-03 
   250 5.7e+00 |  4.5e+06   4.7e+06 | 1.5e-01 2.7e+05 2.2e+05 | 7.9e-03 2.7e+01 2.5e-02 
   260 5.9e+00 |  4.5e+06   4.5e+06 | 3.1e-01 1.6e+05 2.2e+03 | 1.7e-02 1.6e+01 2.5e-04 
   270 6.1e+00 |  4.5e+06   4.3e+06 | 1.7e-01 1.8e+05 1.3e+05 | 9.2e-03 1.8e+01 1.5e-02 
   280 6.4e+00 |  4.4e+06   4.5e+06 | 5.2e-02 1.4e+05 3.7e+04 | 2.9e-03 1.4e+01 4.2e-03 
   290 6.6e+00 |  4.4e+06   4.6e+06 | 9.9e-02 1.9e+05 1.3e+05 | 5.4e-03 1.8e+01 1.5e-02 
   300 6.8e+00 |  4.5e+06   4.5e+06 | 1.9e-01 1.4e+05 9.1e+01 | 1.0e-02 1.4e+01 1.0e-05 
   310 7.0e+00 |  4.4e+06   4.4e+06 | 1.0e-01 1.5e+05 7.0e+04 | 5.6e-03 1.5e+01 7.9e-03 
   320 7.3e+00 |  4.4e+06   4.5e+06 | 4.5e-02 1.3e+05 4.3e+04 | 2.5e-03 1.3e+01 4.9e-03 
   330 7.5e+00 |  4.4e+06   4.5e+06 | 8.0e-02 1.6e+05 9.8e+04 | 4.4e-03 1.5e+01 1.1e-02 
   340 7.7e+00 |  4.4e+06   4.4e+06 | 1.4e-01 1.3e+05 8.4e+02 | 7.4e-03 1.2e+01 9.5e-05 
   350 7.9e+00 |  4.4e+06   4.4e+06 | 7.3e-02 1.3e+05 4.1e+04 | 4.0e-03 1.3e+01 4.6e-03 
   360 8.2e+00 |  4.4e+06   4.4e+06 | 3.9e-02 1.3e+05 4.6e+04 | 2.1e-03 1.2e+01 5.2e-03 
   370 8.4e+00 |  4.4e+06   4.5e+06 | 6.8e-02 1.4e+05 7.9e+04 | 3.7e-03 1.3e+01 8.9e-03 
   380 8.6e+00 |  4.4e+06   4.4e+06 | 1.1e-01 1.2e+05 2.4e+03 | 5.8e-03 1.2e+01 2.7e-04 
   390 8.8e+00 |  4.4e+06   4.4e+06 | 5.6e-02 1.2e+05 2.3e+04 | 3.1e-03 1.2e+01 2.7e-03 
   400 9.1e+00 |  4.4e+06   4.5e+06 | 3.4e-02 1.2e+05 5.3e+04 | 1.9e-03 1.2e+01 6.0e-03 
   410 9.3e+00 |  4.4e+06   4.4e+06 | 6.5e-02 1.2e+05 2.9e+04 | 3.6e-03 1.1e+01 3.3e-03 
   420 9.6e+00 |  4.4e+06   4.4e+06 | 6.4e-02 1.1e+05 8.1e+03 | 3.5e-03 1.1e+01 9.1e-04 
   430 9.8e+00 |  4.4e+06   4.4e+06 | 5.2e-02 1.1e+05 8.5e+03 | 2.9e-03 1.1e+01 9.7e-04 
   440 1.0e+01 |  4.4e+06   4.4e+06 | 5.1e-02 1.1e+05 2.1e+04 | 2.8e-03 1.0e+01 2.3e-03 
   450 1.0e+01 |  4.4e+06   4.4e+06 | 5.2e-02 1.0e+05 2.4e+04 | 2.9e-03 1.0e+01 2.7e-03 
   460 1.0e+01 |  4.4e+06   4.4e+06 | 5.4e-02 1.0e+05 1.8e+04 | 2.9e-03 9.9e+00 2.1e-03 
   470 1.1e+01 |  4.4e+06   4.4e+06 | 5.2e-02 1.0e+05 1.8e+04 | 2.9e-03 9.7e+00 2.0e-03 
   480 1.1e+01 |  4.4e+06   4.4e+06 | 5.1e-02 9.8e+04 2.3e+04 | 2.8e-03 9.5e+00 2.6e-03 
   490 1.1e+01 |  4.4e+06   4.4e+06 | 5.1e-02 9.6e+04 2.4e+04 | 2.8e-03 9.3e+00 2.8e-03 
   500 1.1e+01 |  4.4e+06   4.4e+06 | 5.1e-02 9.4e+04 2.1e+04 | 2.8e-03 9.1e+00 2.4e-03 
   510 1.2e+01 |  4.4e+06   4.4e+06 | 5.0e-02 9.2e+04 2.1e+04 | 2.7e-03 8.9e+00 2.4e-03 
   520 1.2e+01 |  4.4e+06   4.4e+06 | 4.9e-02 9.0e+04 2.4e+04 | 2.7e-03 8.7e+00 2.8e-03 
   530 1.2e+01 |  4.4e+06   4.4e+06 | 4.8e-02 8.8e+04 2.5e+04 | 2.6e-03 8.6e+00 2.8e-03 
   540 1.2e+01 |  4.4e+06   4.4e+06 | 4.8e-02 8.7e+04 2.3e+04 | 2.6e-03 8.4e+00 2.6e-03 
   550 1.2e+01 |  4.4e+06   4.4e+06 | 4.7e-02 8.5e+04 2.3e+04 | 2.6e-03 8.3e+00 2.6e-03 
   560 1.3e+01 |  4.4e+06   4.4e+06 | 4.6e-02 8.4e+04 2.5e+04 | 2.5e-03 8.1e+00 2.9e-03 
   570 1.3e+01 |  4.4e+06   4.4e+06 | 4.5e-02 8.2e+04 2.5e+04 | 2.5e-03 8.0e+00 2.9e-03 
   580 1.3e+01 |  4.4e+06   4.4e+06 | 4.5e-02 8.1e+04 2.4e+04 | 2.4e-03 7.9e+00 2.7e-03 
   590 1.3e+01 |  4.4e+06   4.4e+06 | 4.4e-02 8.0e+04 2.4e+04 | 2.4e-03 7.8e+00 2.7e-03 
   600 1.4e+01 |  4.4e+06   4.4e+06 | 4.3e-02 7.8e+04 2.6e+04 | 2.3e-03 7.6e+00 3.0e-03 
   610 1.4e+01 |  4.4e+06   4.4e+06 | 4.2e-02 7.7e+04 2.6e+04 | 2.3e-03 7.5e+00 3.0e-03 
   620 1.4e+01 |  4.4e+06   4.4e+06 | 4.1e-02 7.6e+04 2.5e+04 | 2.3e-03 7.4e+00 2.8e-03 
   630 1.4e+01 |  4.4e+06   4.4e+06 | 4.0e-02 7.5e+04 2.5e+04 | 2.2e-03 7.3e+00 2.8e-03 
   640 1.5e+01 |  4.4e+06   4.4e+06 | 4.0e-02 7.4e+04 2.6e+04 | 2.2e-03 7.2e+00 3.0e-03 
   650 1.5e+01 |  4.4e+06   4.4e+06 | 3.9e-02 7.3e+04 2.6e+04 | 2.1e-03 7.1e+00 3.0e-03 
   660 1.5e+01 |  4.4e+06   4.4e+06 | 3.8e-02 7.2e+04 2.5e+04 | 2.1e-03 7.0e+00 2.9e-03 
   670 1.5e+01 |  4.4e+06   4.4e+06 | 3.8e-02 7.1e+04 2.6e+04 | 2.1e-03 6.9e+00 2.9e-03 
   680 1.5e+01 |  4.4e+06   4.4e+06 | 3.7e-02 7.0e+04 2.7e+04 | 2.0e-03 6.8e+00 3.0e-03 
   690 1.6e+01 |  4.4e+06   4.4e+06 | 3.6e-02 6.9e+04 2.7e+04 | 2.0e-03 6.7e+00 3.0e-03 
   700 1.6e+01 |  4.4e+06   4.4e+06 | 3.6e-02 6.8e+04 2.6e+04 | 2.0e-03 6.6e+00 2.9e-03 
   710 1.6e+01 |  4.4e+06   4.4e+06 | 3.5e-02 6.7e+04 2.6e+04 | 1.9e-03 6.5e+00 2.9e-03 
   720 1.6e+01 |  4.4e+06   4.4e+06 | 3.5e-02 6.6e+04 2.7e+04 | 1.9e-03 6.4e+00 3.1e-03 
   730 1.7e+01 |  4.4e+06   4.4e+06 | 3.4e-02 6.5e+04 2.7e+04 | 1.9e-03 6.3e+00 3.0e-03 
   740 1.7e+01 |  4.4e+06   4.4e+06 | 3.4e-02 6.4e+04 2.6e+04 | 1.8e-03 6.2e+00 2.9e-03 
   750 1.7e+01 |  4.4e+06   4.4e+06 | 3.3e-02 6.3e+04 2.6e+04 | 1.8e-03 6.1e+00 2.9e-03 
   760 1.7e+01 |  4.4e+06   4.4e+06 | 3.3e-02 6.2e+04 2.7e+04 | 1.8e-03 6.0e+00 3.0e-03 
   770 1.7e+01 |  4.4e+06   4.4e+06 | 3.2e-02 6.1e+04 2.7e+04 | 1.8e-03 6.0e+00 3.0e-03 
   780 1.8e+01 |  4.4e+06   4.4e+06 | 3.2e-02 6.1e+04 2.6e+04 | 1.7e-03 5.9e+00 2.9e-03 
   790 1.8e+01 |  4.4e+06   4.4e+06 | 3.1e-02 6.0e+04 2.6e+04 | 1.7e-03 5.8e+00 2.9e-03 
   800 1.8e+01 |  4.4e+06   4.4e+06 | 3.1e-02 5.9e+04 2.6e+04 | 1.7e-03 5.7e+00 3.0e-03 
   810 1.8e+01 |  4.4e+06   4.4e+06 | 1.0e-01 5.6e+04 8.6e+03 | 5.7e-03 5.4e+00 9.8e-04 
   820 1.9e+01 |  4.4e+06   4.4e+06 | 1.3e-01 5.3e+04 4.3e+03 | 6.9e-03 5.1e+00 4.9e-04 
   830 1.9e+01 |  4.4e+06   4.4e+06 | 1.3e-01 5.0e+04 4.8e+03 | 7.3e-03 4.9e+00 5.5e-04 
   840 1.9e+01 |  4.4e+06   4.4e+06 | 1.3e-01 4.7e+04 9.4e+03 | 7.3e-03 4.6e+00 1.1e-03 
   850 1.9e+01 |  4.4e+06   4.4e+06 | 1.4e-01 4.5e+04 1.3e+04 | 7.5e-03 4.4e+00 1.4e-03 
   860 1.9e+01 |  4.4e+06   4.4e+06 | 1.4e-01 4.3e+04 1.2e+04 | 7.7e-03 4.2e+00 1.4e-03 
   870 2.0e+01 |  4.4e+06   4.4e+06 | 1.5e-01 4.1e+04 1.2e+04 | 7.9e-03 4.0e+00 1.3e-03 
   880 2.0e+01 |  4.4e+06   4.4e+06 | 1.5e-01 3.9e+04 1.2e+04 | 8.1e-03 3.8e+00 1.4e-03 
   890 2.0e+01 |  4.4e+06   4.4e+06 | 1.5e-01 3.7e+04 1.3e+04 | 8.1e-03 3.6e+00 1.5e-03 
   900 2.0e+01 |  4.4e+06   4.4e+06 | 1.5e-01 3.5e+04 1.2e+04 | 8.1e-03 3.4e+00 1.4e-03 
   910 2.1e+01 |  4.4e+06   4.4e+06 | 1.5e-01 3.3e+04 1.3e+04 | 8.1e-03 3.2e+00 1.4e-03 
   920 2.1e+01 |  4.4e+06   4.4e+06 | 1.5e-01 3.2e+04 1.3e+04 | 8.0e-03 3.1e+00 1.5e-03 
   930 2.1e+01 |  4.4e+06   4.4e+06 | 1.5e-01 3.0e+04 1.3e+04 | 8.0e-03 3.0e+00 1.5e-03 
   940 2.1e+01 |  4.4e+06   4.4e+06 | 1.4e-01 2.9e+04 1.2e+04 | 7.9e-03 2.8e+00 1.4e-03 
   950 2.2e+01 |  4.4e+06   4.4e+06 | 1.4e-01 2.8e+04 1.2e+04 | 7.8e-03 2.7e+00 1.4e-03 
   960 2.2e+01 |  4.4e+06   4.4e+06 | 1.4e-01 2.7e+04 1.3e+04 | 7.7e-03 2.6e+00 1.4e-03 
   970 2.2e+01 |  4.4e+06   4.4e+06 | 1.4e-01 2.6e+04 1.2e+04 | 7.6e-03 2.5e+00 1.4e-03 
   980 2.2e+01 |  4.4e+06   4.4e+06 | 1.4e-01 2.5e+04 1.2e+04 | 7.5e-03 2.4e+00 1.4e-03 
   990 2.2e+01 |  4.4e+06   4.4e+06 | 1.4e-01 2.4e+04 1.2e+04 | 7.4e-03 2.3e+00 1.3e-03 
  1000 2.3e+01 |  4.4e+06   4.4e+06 | 1.3e-01 2.3e+04 1.2e+04 | 7.2e-03 2.2e+00 1.3e-03 
  1100 2.5e+01 |  4.3e+06   4.4e+06 | 1.1e-01 1.7e+04 9.9e+03 | 6.1e-03 1.6e+00 1.1e-03 
  1200 2.7e+01 |  4.3e+06   4.4e+06 | 9.2e-02 1.3e+04 8.6e+03 | 5.0e-03 1.2e+00 9.9e-04 
  1300 2.9e+01 |  4.3e+06   4.4e+06 | 7.7e-02 1.0e+04 7.5e+03 | 4.2e-03 1.0e+00 8.6e-04 
  1400 3.1e+01 |  4.3e+06   4.4e+06 | 6.5e-02 8.8e+03 6.6e+03 | 3.5e-03 8.6e-01 7.6e-04 
  1500 3.3e+01 |  4.3e+06   4.3e+06 | 8.2e-02 4.5e+03 6.6e+01 | 4.5e-03 4.4e-01 7.6e-06 
  1600 3.5e+01 |  4.3e+06   4.3e+06 | 7.1e-02 3.2e+03 1.0e+03 | 3.9e-03 3.1e-01 1.2e-04 
  1700 3.7e+01 |  4.3e+06   4.3e+06 | 6.2e-02 2.4e+03 1.1e+03 | 3.4e-03 2.3e-01 1.3e-04 
  1800 3.9e+01 |  4.3e+06   4.3e+06 | 5.4e-02 1.9e+03 9.8e+02 | 2.9e-03 1.8e-01 1.1e-04 
  1900 4.1e+01 |  4.3e+06   4.3e+06 | 4.7e-02 1.6e+03 9.0e+02 | 2.6e-03 1.5e-01 1.0e-04 
  2000 4.3e+01 |  4.3e+06   4.3e+06 | 4.2e-02 1.3e+03 7.9e+02 | 2.3e-03 1.3e-01 9.1e-05 
  2100 4.5e+01 |  4.3e+06   4.3e+06 | 3.7e-02 1.1e+03 6.8e+02 | 2.0e-03 1.1e-01 7.8e-05 
  2200 4.7e+01 |  4.3e+06   4.3e+06 | 3.3e-02 9.9e+02 6.2e+02 | 1.8e-03 9.6e-02 7.1e-05 
  2300 4.9e+01 |  4.3e+06   4.3e+06 | 3.3e-02 6.1e+02 1.1e+02 | 1.8e-03 5.9e-02 1.2e-05 
  2400 5.2e+01 |  4.3e+06   4.3e+06 | 2.9e-02 4.7e+02 2.6e+02 | 1.6e-03 4.5e-02 3.0e-05 
  2500 5.4e+01 |  4.3e+06   4.3e+06 | 2.6e-02 3.9e+02 2.6e+02 | 1.4e-03 3.8e-02 3.0e-05 
  2600 5.6e+01 |  4.3e+06   4.3e+06 | 2.4e-02 3.3e+02 2.3e+02 | 1.3e-03 3.2e-02 2.6e-05 
  2700 5.8e+01 |  4.3e+06   4.3e+06 | 2.2e-02 2.8e+02 1.9e+02 | 1.2e-03 2.8e-02 2.2e-05 
  2800 6.0e+01 |  4.3e+06   4.3e+06 | 2.0e-02 2.5e+02 1.8e+02 | 1.1e-03 2.4e-02 2.1e-05 
  2900 6.2e+01 |  4.3e+06   4.3e+06 | 1.8e-02 2.2e+02 1.5e+02 | 9.9e-04 2.1e-02 1.8e-05 
  3000 6.4e+01 |  4.3e+06   4.3e+06 | 1.7e-02 2.0e+02 1.4e+02 | 9.1e-04 1.9e-02 1.6e-05 
  3100 6.6e+01 |  4.3e+06   4.3e+06 | 1.5e-02 1.8e+02 1.3e+02 | 8.5e-04 1.8e-02 1.5e-05 
  3200 6.8e+01 |  4.3e+06   4.3e+06 | 1.4e-02 1.6e+02 1.2e+02 | 7.9e-04 1.6e-02 1.4e-05 
  3300 7.0e+01 |  4.3e+06   4.3e+06 | 1.3e-02 1.5e+02 1.1e+02 | 7.3e-04 1.5e-02 1.2e-05 
  3400 7.2e+01 |  4.3e+06   4.3e+06 | 1.3e-02 1.4e+02 1.0e+02 | 6.9e-04 1.4e-02 1.2e-05 
  3500 7.4e+01 |  4.3e+06   4.3e+06 | 1.2e-02 1.3e+02 1.0e+02 | 6.4e-04 1.3e-02 1.2e-05 
  3600 7.6e+01 |  4.3e+06   4.3e+06 | 1.1e-02 1.2e+02 1.0e+02 | 6.0e-04 1.2e-02 1.2e-05 
  3700 7.8e+01 |  4.3e+06   4.3e+06 | 1.1e-02 9.6e+01 2.2e+01 | 5.8e-04 9.3e-03 2.5e-06 
  3800 8.0e+01 |  4.3e+06   4.3e+06 | 1.0e-02 8.1e+01 3.3e+01 | 5.5e-04 7.9e-03 3.7e-06 
  3900 8.2e+01 |  4.3e+06   4.3e+06 | 9.4e-03 7.2e+01 3.3e+01 | 5.1e-04 7.0e-03 3.8e-06 
  4000 8.4e+01 |  4.3e+06   4.3e+06 | 8.8e-03 6.6e+01 3.2e+01 | 4.8e-04 6.4e-03 3.7e-06 
  4100 8.7e+01 |  4.3e+06   4.3e+06 | 8.3e-03 6.1e+01 3.1e+01 | 4.5e-04 5.9e-03 3.6e-06 
  4200 8.9e+01 |  4.3e+06   4.3e+06 | 7.8e-03 5.6e+01 2.7e+01 | 4.3e-04 5.4e-03 3.1e-06 
  4300 9.1e+01 |  4.3e+06   4.3e+06 | 7.4e-03 5.2e+01 2.3e+01 | 4.0e-04 5.1e-03 2.7e-06 
  4400 9.3e+01 |  4.3e+06   4.3e+06 | 7.0e-03 4.9e+01 2.4e+01 | 3.8e-04 4.7e-03 2.7e-06 
  4500 9.5e+01 |  4.3e+06   4.3e+06 | 6.6e-03 4.6e+01 1.5e+01 | 3.6e-04 4.4e-03 1.8e-06 
  4600 9.7e+01 |  4.3e+06   4.3e+06 | 6.3e-03 4.3e+01 9.1e+00 | 3.4e-04 4.2e-03 1.0e-06 
  4700 9.9e+01 |  4.3e+06   4.3e+06 | 6.0e-03 4.1e+01 4.7e+00 | 3.3e-04 3.9e-03 5.4e-07 
  4800 1.0e+02 |  4.3e+06   4.3e+06 | 5.7e-03 3.8e+01 1.1e+00 | 3.1e-04 3.7e-03 1.2e-07 
  4900 1.0e+02 |  4.3e+06   4.3e+06 | 5.4e-03 3.6e+01 3.1e+00 | 3.0e-04 3.5e-03 3.6e-07 
  5000 1.1e+02 |  4.3e+06   4.3e+06 | 5.2e-03 3.4e+01 1.9e+00 | 2.8e-04 3.3e-03 2.2e-07 
  5100 1.1e+02 |  4.3e+06   4.3e+06 | 5.0e-03 3.3e+01 1.8e+00 | 2.7e-04 3.2e-03 2.1e-07 
  5200 1.1e+02 |  4.3e+06   4.3e+06 | 4.8e-03 3.1e+01 9.7e-01 | 2.6e-04 3.0e-03 1.1e-07 
  5300 1.1e+02 |  4.3e+06   4.3e+06 | 4.6e-03 3.0e+01 1.4e+00 | 2.5e-04 2.9e-03 1.7e-07 
  5400 1.1e+02 |  4.3e+06   4.3e+06 | 4.4e-03 2.8e+01 4.7e+00 | 2.4e-04 2.8e-03 5.4e-07 
  5500 1.2e+02 |  4.3e+06   4.3e+06 | 4.2e-03 2.7e+01 7.1e+00 | 2.3e-04 2.6e-03 8.1e-07 
  5600 1.2e+02 |  4.3e+06   4.3e+06 | 4.0e-03 2.6e+01 9.7e+00 | 2.2e-04 2.5e-03 1.1e-06 
  5700 1.2e+02 |  4.3e+06   4.3e+06 | 3.9e-03 2.5e+01 9.9e+00 | 2.1e-04 2.5e-03 1.1e-06 
  5800 1.2e+02 |  4.3e+06   4.3e+06 | 3.8e-03 2.4e+01 1.3e+01 | 2.0e-04 2.4e-03 1.5e-06 
  5900 1.2e+02 |  4.3e+06   4.3e+06 | 3.7e-03 2.2e+01 2.8e+00 | 2.0e-04 2.1e-03 3.3e-07 
  6000 1.3e+02 |  4.3e+06   4.3e+06 | 3.6e-03 2.0e+01 8.2e+00 | 2.0e-04 1.9e-03 9.4e-07 
  6100 1.3e+02 |  4.3e+06   4.3e+06 | 3.5e-03 1.9e+01 9.9e+00 | 1.9e-04 1.8e-03 1.1e-06 
  6200 1.3e+02 |  4.3e+06   4.3e+06 | 3.4e-03 1.7e+01 1.2e+01 | 1.9e-04 1.7e-03 1.4e-06 
  6300 1.3e+02 |  4.3e+06   4.3e+06 | 3.3e-03 1.7e+01 1.2e+01 | 1.8e-04 1.6e-03 1.3e-06 
  6400 1.3e+02 |  4.3e+06   4.3e+06 | 3.2e-03 1.6e+01 1.2e+01 | 1.7e-04 1.5e-03 1.3e-06 
  6500 1.4e+02 |  4.3e+06   4.3e+06 | 3.1e-03 1.5e+01 1.0e+01 | 1.7e-04 1.5e-03 1.2e-06 
  6600 1.4e+02 |  4.3e+06   4.3e+06 | 3.0e-03 1.4e+01 7.7e+00 | 1.6e-04 1.4e-03 8.8e-07 
  6700 1.4e+02 |  4.3e+06   4.3e+06 | 2.9e-03 1.4e+01 4.6e+00 | 1.6e-04 1.3e-03 5.3e-07 
  6800 1.4e+02 |  4.3e+06   4.3e+06 | 2.8e-03 1.3e+01 3.0e+00 | 1.5e-04 1.3e-03 3.5e-07 
  6900 1.4e+02 |  4.3e+06   4.3e+06 | 2.7e-03 1.2e+01 1.1e+00 | 1.5e-04 1.2e-03 1.2e-07 
  7000 1.5e+02 |  4.3e+06   4.3e+06 | 2.7e-03 1.2e+01 1.8e+00 | 1.5e-04 1.2e-03 2.1e-07 
  7100 1.5e+02 |  4.3e+06   4.3e+06 | 2.6e-03 1.1e+01 4.5e+00 | 1.4e-04 1.1e-03 5.2e-07 
  7200 1.5e+02 |  4.3e+06   4.3e+06 | 2.5e-03 1.1e+01 6.4e+00 | 1.4e-04 1.1e-03 7.3e-07 
  7300 1.5e+02 |  4.3e+06   4.3e+06 | 2.4e-03 1.1e+01 6.4e+00 | 1.3e-04 1.0e-03 7.3e-07 
  7400 1.5e+02 |  4.3e+06   4.3e+06 | 2.3e-03 1.0e+01 5.7e+00 | 1.3e-04 9.9e-04 6.5e-07 
  7500 1.6e+02 |  4.3e+06   4.3e+06 | 2.3e-03 9.9e+00 5.3e+00 | 1.2e-04 9.6e-04 6.0e-07 
  7600 1.6e+02 |  4.3e+06   4.3e+06 | 2.2e-03 9.6e+00 2.7e+00 | 1.2e-04 9.3e-04 3.1e-07 
  7700 1.6e+02 |  4.3e+06   4.3e+06 | 2.1e-03 9.3e+00 1.4e+00 | 1.2e-04 9.0e-04 1.6e-07 
  7800 1.6e+02 |  4.3e+06   4.3e+06 | 2.1e-03 9.0e+00 6.7e-01 | 1.1e-04 8.7e-04 7.7e-08 
  7900 1.6e+02 |  4.3e+06   4.3e+06 | 2.0e-03 8.7e+00 5.0e-02 | 1.1e-04 8.5e-04 5.8e-09 
  8000 1.7e+02 |  4.3e+06   4.3e+06 | 2.0e-03 8.5e+00 5.1e-01 | 1.1e-04 8.2e-04 5.8e-08 
  8100 1.7e+02 |  4.3e+06   4.3e+06 | 1.9e-03 8.2e+00 1.2e-01 | 1.0e-04 7.9e-04 1.3e-08 
  8200 1.7e+02 |  4.3e+06   4.3e+06 | 1.8e-03 7.9e+00 1.4e+00 | 1.0e-04 7.7e-04 1.6e-07 
  8300 1.7e+02 |  4.3e+06   4.3e+06 | 1.8e-03 7.7e+00 3.2e+00 | 9.8e-05 7.5e-04 3.7e-07 
  8400 1.8e+02 |  4.3e+06   4.3e+06 | 1.8e-03 7.5e+00 5.3e+00 | 9.6e-05 7.3e-04 6.2e-07 
  8500 1.8e+02 |  4.3e+06   4.3e+06 | 1.7e-03 7.2e+00 5.4e+00 | 9.3e-05 7.0e-04 6.2e-07 
  8600 1.8e+02 |  4.3e+06   4.3e+06 | 1.7e-03 7.0e+00 5.8e+00 | 9.1e-05 6.8e-04 6.7e-07 
  8700 1.8e+02 |  4.3e+06   4.3e+06 | 1.6e-03 6.9e+00 7.0e+00 | 8.9e-05 6.7e-04 8.0e-07 
  8800 1.8e+02 |  4.3e+06   4.3e+06 | 1.6e-03 6.7e+00 6.8e+00 | 8.6e-05 6.5e-04 7.8e-07 
  8900 1.9e+02 |  4.3e+06   4.3e+06 | 1.5e-03 6.5e+00 6.0e+00 | 8.4e-05 6.3e-04 6.9e-07 
  9000 1.9e+02 |  4.3e+06   4.3e+06 | 1.5e-03 6.3e+00 5.9e+00 | 8.2e-05 6.2e-04 6.8e-07 
  9100 1.9e+02 |  4.3e+06   4.3e+06 | 1.5e-03 6.2e+00 6.0e+00 | 8.0e-05 6.0e-04 6.9e-07 
  9200 1.9e+02 |  4.3e+06   4.3e+06 | 1.4e-03 6.0e+00 6.0e+00 | 7.9e-05 5.8e-04 6.9e-07 
  9300 1.9e+02 |  4.3e+06   4.3e+06 | 1.5e-03 5.6e+00 8.1e+00 | 7.9e-05 5.4e-04 9.3e-07 
  9400 2.0e+02 |  4.3e+06   4.3e+06 | 1.4e-03 5.3e+00 6.7e+00 | 7.8e-05 5.1e-04 7.7e-07 
  9500 2.0e+02 |  4.3e+06   4.3e+06 | 1.4e-03 5.0e+00 5.7e+00 | 7.8e-05 4.9e-04 6.6e-07 
  9600 2.0e+02 |  4.3e+06   4.3e+06 | 1.4e-03 4.8e+00 4.8e+00 | 7.6e-05 4.7e-04 5.5e-07 
  9700 2.0e+02 |  4.3e+06   4.3e+06 | 1.4e-03 4.7e+00 4.0e+00 | 7.5e-05 4.6e-04 4.6e-07 
  9800 2.0e+02 |  4.3e+06   4.3e+06 | 1.4e-03 4.5e+00 3.4e+00 | 7.4e-05 4.4e-04 3.9e-07 
  9900 2.1e+02 |  4.3e+06   4.3e+06 | 1.3e-03 4.4e+00 3.2e+00 | 7.3e-05 4.3e-04 3.6e-07 
 10000 2.1e+02 |  4.3e+06   4.3e+06 | 1.3e-03 4.3e+00 3.0e+00 | 7.1e-05 4.2e-04 3.4e-07 
 11000 2.3e+02 |  4.3e+06   4.3e+06 | 1.1e-03 3.2e+00 1.2e+00 | 5.9e-05 3.1e-04 1.3e-07 
 12000 2.5e+02 |  4.3e+06   4.3e+06 | 8.8e-04 2.6e+00 2.4e+00 | 4.8e-05 2.5e-04 2.7e-07 
 13000 2.7e+02 |  4.3e+06   4.3e+06 | 7.3e-04 2.1e+00 2.2e+00 | 4.0e-05 2.1e-04 2.5e-07 
 14000 2.9e+02 |  4.3e+06   4.3e+06 | 6.2e-04 1.8e+00 3.1e+00 | 3.4e-05 1.7e-04 3.6e-07 
 15000 3.1e+02 |  4.3e+06   4.3e+06 | 5.8e-04 1.4e+00 3.9e+00 | 3.2e-05 1.3e-04 4.5e-07 
 16000 3.3e+02 |  4.3e+06   4.3e+06 | 5.3e-04 1.1e+00 2.6e+00 | 2.9e-05 1.1e-04 3.0e-07 
 17000 3.5e+02 |  4.3e+06   4.3e+06 | 4.7e-04 9.6e-01 1.2e+00 | 2.6e-05 9.3e-05 1.4e-07 
 18000 3.7e+02 |  4.3e+06   4.3e+06 | 4.1e-04 8.2e-01 6.8e-01 | 2.3e-05 8.0e-05 7.9e-08 
 19000 3.9e+02 |  4.3e+06   4.3e+06 | 3.7e-04 7.1e-01 7.9e-01 | 2.0e-05 6.9e-05 9.1e-08 
 20000 4.1e+02 |  4.3e+06   4.3e+06 | 3.3e-04 6.3e-01 1.5e+00 | 1.8e-05 6.1e-05 1.7e-07 
---------------------------------------------------------------------------------------
Solution Summary
  Status             : ITERATION_LIMIT
  Solve time         : 409 sec
  Iterations         : 20000
  Primal objective   : 4344840.321
  Dual objective     : 4344838.839
  Objective gap      : 1.705e-07
  Primal infeas      : 1.784e-05
  Dual infeas        : 6.134e-05

### exit_code=0
### finished=2026-06-28T20:26:42.842619
### gpu_peak_mb=57850.4
### gpu_peak2_mb=0.0
### per_gpu_peak_mb=[57850.375]
